66.249.64.215 - - [05/May/2018:20:06:20 -0400] "GET /robots.txt HTTP/1.1" 200 4504 "-" "Mozilla/5.0 (compatible; Googlebot/2.1; +http://www.google.com/bot.html)"
66.249.64.219 - - [05/May/2018:20:06:20 -0400] "GET /themes/garland/style.css?nhfa6e HTTP/1.1" 200 8764 "http://pinter.ccsl.carleton.ca/2014/sponsors" "Mozilla/5.0 (compatible; Googlebot/2.1; +http://www.google.com/bot.html)"
66.249.64.219 - - [05/May/2018:20:06:21 -0400] "GET /modules/system/system.base.css?nhfa6e HTTP/1.1" 200 2307 "http://pinter.ccsl.carleton.ca/2014/sponsors" "Mozilla/5.0 (compatible; Googlebot/2.1; +http://www.google.com/bot.html)"
66.249.64.219 - - [05/May/2018:20:06:21 -0400] "GET /modules/user/user.css?nhfa6e HTTP/1.1" 200 1062 "http://pinter.ccsl.carleton.ca/2014/sponsors" "Mozilla/5.0 (compatible; Googlebot/2.1; +http://www.google.com/bot.html)"
66.249.64.219 - - [05/May/2018:20:06:22 -0400] "GET /modules/field/theme/field.css?nhfa6e HTTP/1.1" 200 599 "http://pinter.ccsl.carleton.ca/2014/sponsors" "Mozilla/5.0 (compatible; Googlebot/2.1; +http://www.google.com/bot.html)"
66.249.64.217 - - [05/May/2018:20:06:22 -0400] "GET /modules/system/system.theme.css?nhfa6e HTTP/1.1" 200 4979 "http://pinter.ccsl.carleton.ca/2014/sponsors" "Mozilla/5.0 (compatible; Googlebot/2.1; +http://www.google.com/bot.html)"
66.249.64.219 - - [05/May/2018:20:06:23 -0400] "GET /modules/system/system.menus.css?nhfa6e HTTP/1.1" 200 1025 "http://pinter.ccsl.carleton.ca/2014/sponsors" "Mozilla/5.0 (compatible; Googlebot/2.1; +http://www.google.com/bot.html)"
66.249.64.219 - - [05/May/2018:20:06:23 -0400] "GET /modules/node/node.css?nhfa6e HTTP/1.1" 200 472 "http://pinter.ccsl.carleton.ca/2014/sponsors" "Mozilla/5.0 (compatible; Googlebot/2.1; +http://www.google.com/bot.html)"
66.249.64.217 - - [05/May/2018:20:06:24 -0400] "GET /modules/comment/comment.css?nhfa6e HTTP/1.1" 200 505 "http://pinter.ccsl.carleton.ca/2014/sponsors" "Mozilla/5.0 (compatible; Googlebot/2.1; +http://www.google.com/bot.html)"
66.249.64.217 - - [05/May/2018:20:06:24 -0400] "GET /modules/system/system.messages.css?nhfa6e HTTP/1.1" 200 746 "http://pinter.ccsl.carleton.ca/2014/sponsors" "Mozilla/5.0 (compatible; Googlebot/2.1; +http://www.google.com/bot.html)"
66.249.64.217 - - [05/May/2018:20:06:25 -0400] "GET /themes/garland/print.css?nhfa6e HTTP/1.1" 200 771 "http://pinter.ccsl.carleton.ca/2014/sponsors" "Mozilla/5.0 (compatible; Googlebot/2.1; +http://www.google.com/bot.html)"
207.46.13.136 - - [05/May/2018:20:07:41 -0400] "GET /papers/2013/nspw2013-peisert.pdf HTTP/1.1" 200 712499 "-" "Mozilla/5.0 (compatible; bingbot/2.0; +http://www.bing.com/bingbot.htm)"
66.249.64.15 - - [05/May/2018:20:08:21 -0400] "GET /2000/cfp.html HTTP/1.1" 200 6173 "-" "Mozilla/5.0 (compatible; Googlebot/2.1; +http://www.google.com/bot.html)"
69.162.124.227 - - [05/May/2018:20:10:07 -0400] "HEAD / HTTP/1.1" 200 3874 "http://nspw.org/" "Mozilla/5.0+(compatible; UptimeRobot/2.0; http://www.uptimerobot.com/)"
199.59.150.181 - - [05/May/2018:20:12:55 -0400] "GET /robots.txt HTTP/1.1" 200 5699 "-" "Twitterbot/1.0"
77.75.79.32 - - [05/May/2018:20:14:01 -0400] "GET /robots.txt HTTP/1.1" 200 4601 "-" "Mozilla/5.0 (compatible; SeznamBot/3.2; +http://napoveda.seznam.cz/en/seznambot-intro/)"
77.75.79.32 - - [05/May/2018:20:14:11 -0400] "GET /papers/2013/nspw2013-crane.pdf HTTP/1.1" 200 1891518 "-" "Mozilla/5.0 (compatible; SeznamBot/3.2; +http://napoveda.seznam.cz/en/seznambot-intro/)"
77.75.79.32 - - [05/May/2018:20:14:25 -0400] "GET /2006/NSPWtrans.gif HTTP/1.1" 200 12434 "-" "Mozilla/5.0 (compatible; SeznamBot/3.2; +http://napoveda.seznam.cz/en/seznambot-intro/)"
77.75.79.32 - - [05/May/2018:20:14:35 -0400] "GET /2009/queens.jpg HTTP/1.1" 200 10532 "-" "Mozilla/5.0 (compatible; SeznamBot/3.2; +http://napoveda.seznam.cz/en/seznambot-intro/)"
77.75.79.32 - - [05/May/2018:20:14:46 -0400] "GET /2016/organizers HTTP/1.1" 200 7269 "-" "Mozilla/5.0 (compatible; SeznamBot/3.2; +http://napoveda.seznam.cz/en/seznambot-intro/)"
77.75.79.32 - - [05/May/2018:20:14:56 -0400] "GET /2001/past.html HTTP/1.1" 200 5401 "-" "Mozilla/5.0 (compatible; SeznamBot/3.2; +http://napoveda.seznam.cz/en/seznambot-intro/)"
69.162.124.227 - - [05/May/2018:20:15:07 -0400] "HEAD / HTTP/1.1" 200 3874 "http://nspw.org/" "Mozilla/5.0+(compatible; UptimeRobot/2.0; http://www.uptimerobot.com/)"
66.249.64.215 - - [05/May/2018:20:17:28 -0400] "GET /papers/2009/nspw2009-verendel.pdf HTTP/1.1" 200 159425 "-" "Mozilla/5.0 (compatible; Googlebot/2.1; +http://www.google.com/bot.html)"
77.88.47.40 - - [05/May/2018:20:19:13 -0400] "GET /2006/invite/papers.html HTTP/1.1" 200 4353 "-" "Mozilla/5.0 (compatible; YandexBot/3.0; +http://yandex.com/bots)"
69.162.124.227 - - [05/May/2018:20:20:08 -0400] "HEAD / HTTP/1.1" 200 3874 "http://nspw.org/" "Mozilla/5.0+(compatible; UptimeRobot/2.0; http://www.uptimerobot.com/)"
220.181.108.182 - - [05/May/2018:20:20:42 -0400] "GET / HTTP/1.1" 200 11573 "-" "Mozilla/5.0 (compatible; Baiduspider/2.0; +http://www.baidu.com/search/spider.html)"
66.102.7.59 - - [05/May/2018:20:25:04 -0400] "GET /papers/2011/nspw2011-pieters.pdf HTTP/1.1" 200 2771026 "http://www.google.com/search" "Mozilla/5.0 (X11; Linux x86_64) AppleWebKit/537.36 (KHTML, like Gecko; Google Web Preview) Chrome/41.0.2272.118 Safari/537.36"
69.162.124.227 - - [05/May/2018:20:25:07 -0400] "HEAD / HTTP/1.1" 200 3874 "http://nspw.org/" "Mozilla/5.0+(compatible; UptimeRobot/2.0; http://www.uptimerobot.com/)"
157.55.39.195 - - [05/May/2018:20:27:15 -0400] "GET /papers/2005/nspw2005-bishop-panel.pdf HTTP/1.1" 200 355380 "-" "Mozilla/5.0 (iPhone; CPU iPhone OS 7_0 like Mac OS X) AppleWebKit/537.51.1 (KHTML, like Gecko) Version/7.0 Mobile/11A465 Safari/9537.53 (compatible; bingbot/2.0; +http://www.bing.com/bingbot.htm)"
207.46.13.136 - - [05/May/2018:20:27:42 -0400] "GET /papers/2002/nspw2002-capkun.pdf HTTP/1.1" 200 622994 "-" "Mozilla/5.0 (iPhone; CPU iPhone OS 7_0 like Mac OS X) AppleWebKit/537.51.1 (KHTML, like Gecko) Version/7.0 Mobile/11A465 Safari/9537.53 (compatible; bingbot/2.0; +http://www.bing.com/bingbot.htm)"
66.249.64.215 - - [05/May/2018:20:29:14 -0400] "GET /misc/drupal.js?p7r9uw HTTP/1.1" 200 10766 "https://www.nspw.org/" "Mozilla/5.0 (compatible; Googlebot/2.1; +http://www.google.com/bot.html)"
201.20.103.138 - - [05/May/2018:20:29:49 -0400] "GET /wp-login.php HTTP/1.1" 404 7839 "-" "Mozilla/5.0 (Windows NT 6.1; WOW64; rv:40.0) Gecko/20100101 Firefox/40.1"
201.20.103.138 - - [05/May/2018:20:29:50 -0400] "GET / HTTP/1.1" 200 8218 "-" "Mozilla/5.0 (Windows NT 6.1; WOW64; rv:40.0) Gecko/20100101 Firefox/40.1"
69.162.124.227 - - [05/May/2018:20:30:07 -0400] "HEAD / HTTP/1.1" 200 3874 "http://nspw.org/" "Mozilla/5.0+(compatible; UptimeRobot/2.0; http://www.uptimerobot.com/)"
207.46.13.136 - - [05/May/2018:20:30:24 -0400] "GET /papers/2006/nspw2006-gutmann.pdf HTTP/1.1" 200 103915 "-" "Mozilla/5.0 (iPhone; CPU iPhone OS 7_0 like Mac OS X) AppleWebKit/537.51.1 (KHTML, like Gecko) Version/7.0 Mobile/11A465 Safari/9537.53 (compatible; bingbot/2.0; +http://www.bing.com/bingbot.htm)"
223.237.251.39 - - [05/May/2018:20:31:01 -0400] "GET /wp-login.php HTTP/1.1" 404 7985 "-" "Mozilla/5.0 (Windows NT 6.1; WOW64; rv:40.0) Gecko/20100101 Firefox/40.1"
223.237.251.39 - - [05/May/2018:20:31:02 -0400] "GET / HTTP/1.1" 200 8206 "-" "Mozilla/5.0 (Windows NT 6.1; WOW64; rv:40.0) Gecko/20100101 Firefox/40.1"
66.249.64.219 - - [05/May/2018:20:34:35 -0400] "GET /2018/dates HTTP/1.1" 200 6268 "-" "Mozilla/5.0 (compatible; Googlebot/2.1; +http://www.google.com/bot.html)"
69.162.124.227 - - [05/May/2018:20:35:07 -0400] "HEAD / HTTP/1.1" 200 3874 "http://nspw.org/" "Mozilla/5.0+(compatible; UptimeRobot/2.0; http://www.uptimerobot.com/)"
77.88.47.40 - - [05/May/2018:20:35:02 -0400] "GET /papers/2004/nspw2004-greenwald.pdf HTTP/1.1" 200 275249 "-" "Mozilla/5.0 (compatible; YandexBot/3.0; +http://yandex.com/bots)"
210.212.36.187 - - [05/May/2018:20:36:12 -0400] "GET /wp-login.php HTTP/1.1" 404 7985 "-" "Mozilla/5.0 (Windows NT 6.1; WOW64; rv:40.0) Gecko/20100101 Firefox/40.1"
210.212.36.187 - - [05/May/2018:20:36:13 -0400] "GET / HTTP/1.1" 200 8206 "-" "Mozilla/5.0 (Windows NT 6.1; WOW64; rv:40.0) Gecko/20100101 Firefox/40.1"
216.244.66.200 - - [05/May/2018:20:37:00 -0400] "GET /robots.txt HTTP/1.1" 200 5796 "-" "Mozilla/5.0 (compatible; DotBot/1.1; http://www.opensiteexplorer.org/dotbot, help@moz.com)"
69.162.124.227 - - [05/May/2018:20:40:07 -0400] "HEAD / HTTP/1.1" 200 3874 "http://nspw.org/" "Mozilla/5.0+(compatible; UptimeRobot/2.0; http://www.uptimerobot.com/)"
170.51.44.105 - - [05/May/2018:20:42:28 -0400] "GET /wp-login.php HTTP/1.1" 404 7839 "-" "Mozilla/5.0 (Windows NT 6.1; WOW64; rv:40.0) Gecko/20100101 Firefox/40.1"
170.51.44.105 - - [05/May/2018:20:42:29 -0400] "GET / HTTP/1.1" 200 8218 "-" "Mozilla/5.0 (Windows NT 6.1; WOW64; rv:40.0) Gecko/20100101 Firefox/40.1"
77.88.47.40 - - [05/May/2018:20:42:40 -0400] "GET /papers/1999/?C=S;O=A HTTP/1.1" 200 4390 "-" "Mozilla/5.0 (compatible; YandexBot/3.0; +http://yandex.com/bots)"
69.162.124.227 - - [05/May/2018:20:45:07 -0400] "HEAD / HTTP/1.1" 200 3874 "http://nspw.org/" "Mozilla/5.0+(compatible; UptimeRobot/2.0; http://www.uptimerobot.com/)"
77.88.47.40 - - [05/May/2018:20:48:48 -0400] "GET /2017 HTTP/1.1" 200 7081 "-" "Mozilla/5.0 (compatible; YandexBot/3.0; +http://yandex.com/bots)"
69.162.124.227 - - [05/May/2018:20:50:07 -0400] "HEAD / HTTP/1.1" 200 3874 "http://nspw.org/" "Mozilla/5.0+(compatible; UptimeRobot/2.0; http://www.uptimerobot.com/)"
216.244.66.247 - - [05/May/2018:20:50:56 -0400] "GET /robots.txt HTTP/1.1" 200 5796 "-" "Mozilla/5.0 (compatible; DotBot/1.1; http://www.opensiteexplorer.org/dotbot, help@moz.com)"
66.249.64.219 - - [05/May/2018:20:51:44 -0400] "GET /papers/2001/nspw2001-blakley.pdf HTTP/1.1" 304 3605 "-" "Mozilla/5.0 (compatible; Googlebot/2.1; +http://www.google.com/bot.html)"
77.88.47.40 - - [05/May/2018:20:53:59 -0400] "GET /papers/2001/?C=D;O=D HTTP/1.1" 200 4409 "-" "Mozilla/5.0 (compatible; YandexBot/3.0; +http://yandex.com/bots)"
69.162.124.227 - - [05/May/2018:20:55:07 -0400] "HEAD / HTTP/1.1" 200 3874 "http://nspw.org/" "Mozilla/5.0+(compatible; UptimeRobot/2.0; http://www.uptimerobot.com/)"
14.215.176.11 - - [05/May/2018:20:55:18 -0400] "GET / HTTP/1.1" 200 6638 "-" "Mozilla/5.0 (Windows NT 6.1; WOW64; rv:43.0) Gecko/20100101 Firefox/43.0"
14.215.176.11 - - [05/May/2018:20:55:18 -0400] "GET /modules/system/system.base.css?p7r9uw HTTP/1.1" 200 2307 "https://www.nspw.org/" "Mozilla/5.0 (Windows NT 6.1; WOW64; rv:43.0) Gecko/20100101 Firefox/43.0"
14.215.176.11 - - [05/May/2018:20:55:19 -0400] "GET /modules/system/system.menus.css?p7r9uw HTTP/1.1" 200 1025 "https://www.nspw.org/" "Mozilla/5.0 (Windows NT 6.1; WOW64; rv:43.0) Gecko/20100101 Firefox/43.0"
14.215.176.8 - - [05/May/2018:20:55:19 -0400] "GET /modules/system/system.theme.css?p7r9uw HTTP/1.1" 200 1723 "https://www.nspw.org/" "Mozilla/5.0 (Windows NT 6.1; WOW64; rv:43.0) Gecko/20100101 Firefox/43.0"
14.215.176.8 - - [05/May/2018:20:55:19 -0400] "GET /modules/system/system.messages.css?p7r9uw HTTP/1.1" 200 884 "https://www.nspw.org/" "Mozilla/5.0 (Windows NT 6.1; WOW64; rv:43.0) Gecko/20100101 Firefox/43.0"
14.215.176.11 - - [05/May/2018:20:55:19 -0400] "GET /modules/comment/comment.css?p7r9uw HTTP/1.1" 200 505 "https://www.nspw.org/" "Mozilla/5.0 (Windows NT 6.1; WOW64; rv:43.0) Gecko/20100101 Firefox/43.0"
14.215.176.17 - - [05/May/2018:20:55:19 -0400] "GET /modules/node/node.css?p7r9uw HTTP/1.1" 200 610 "https://www.nspw.org/" "Mozilla/5.0 (Windows NT 6.1; WOW64; rv:43.0) Gecko/20100101 Firefox/43.0"
14.215.176.18 - - [05/May/2018:20:55:19 -0400] "GET /modules/user/user.css?p7r9uw HTTP/1.1" 200 1200 "https://www.nspw.org/" "Mozilla/5.0 (Windows NT 6.1; WOW64; rv:43.0) Gecko/20100101 Firefox/43.0"
14.215.176.19 - - [05/May/2018:20:55:19 -0400] "GET /modules/field/theme/field.css?p7r9uw HTTP/1.1" 200 737 "https://www.nspw.org/" "Mozilla/5.0 (Windows NT 6.1; WOW64; rv:43.0) Gecko/20100101 Firefox/43.0"
14.215.176.8 - - [05/May/2018:20:55:19 -0400] "GET /themes/garland/print.css?p7r9uw HTTP/1.1" 200 771 "https://www.nspw.org/" "Mozilla/5.0 (Windows NT 6.1; WOW64; rv:43.0) Gecko/20100101 Firefox/43.0"
14.215.176.8 - - [05/May/2018:20:55:19 -0400] "GET /themes/garland/style.css?p7r9uw HTTP/1.1" 200 5370 "https://www.nspw.org/" "Mozilla/5.0 (Windows NT 6.1; WOW64; rv:43.0) Gecko/20100101 Firefox/43.0"
14.215.176.11 - - [05/May/2018:20:55:19 -0400] "GET /misc/jquery.js?v=1.4.4 HTTP/1.1" 200 27601 "https://www.nspw.org/" "Mozilla/5.0 (Windows NT 6.1; WOW64; rv:43.0) Gecko/20100101 Firefox/43.0"
14.215.176.19 - - [05/May/2018:20:55:19 -0400] "GET /misc/jquery.once.js?v=1.2 HTTP/1.1" 200 1445 "https://www.nspw.org/" "Mozilla/5.0 (Windows NT 6.1; WOW64; rv:43.0) Gecko/20100101 Firefox/43.0"
14.215.176.17 - - [05/May/2018:20:55:19 -0400] "GET /misc/drupal.js?p7r9uw HTTP/1.1" 200 7372 "https://www.nspw.org/" "Mozilla/5.0 (Windows NT 6.1; WOW64; rv:43.0) Gecko/20100101 Firefox/43.0"
141.168.182.143 - - [05/May/2018:20:59:19 -0400] "GET /wp-login.php HTTP/1.1" 404 7839 "-" "Mozilla/5.0 (Windows NT 6.1; WOW64; rv:40.0) Gecko/20100101 Firefox/40.1"
141.168.182.143 - - [05/May/2018:20:59:19 -0400] "GET / HTTP/1.1" 200 8218 "-" "Mozilla/5.0 (Windows NT 6.1; WOW64; rv:40.0) Gecko/20100101 Firefox/40.1"
69.162.124.227 - - [05/May/2018:21:00:07 -0400] "HEAD / HTTP/1.1" 200 3874 "http://nspw.org/" "Mozilla/5.0+(compatible; UptimeRobot/2.0; http://www.uptimerobot.com/)"
77.88.47.40 - - [05/May/2018:21:02:54 -0400] "GET /node/38 HTTP/1.1" 200 6554 "-" "Mozilla/5.0 (compatible; YandexBot/3.0; +http://yandex.com/bots)"
77.88.47.40 - - [05/May/2018:21:02:57 -0400] "GET /2008/past.shtml HTTP/1.1" 200 2284 "-" "Mozilla/5.0 (compatible; YandexBot/3.0; +http://yandex.com/bots)"
108.207.53.169 - - [05/May/2018:21:03:01 -0400] "GET /2009/proceedings/2009/nspw2009-herley.pdf HTTP/1.1" 200 189014 "https://scholar.google.com/scholar?hl=en&as_sdt=0%2C10&q=Wells+fargo+fake+accounts&btnG=" "Mozilla/5.0 (Macintosh; Intel Mac OS X 10_13_2) AppleWebKit/604.4.7 (KHTML, like Gecko) Version/11.0.2 Safari/604.4.7"
108.207.53.169 - - [05/May/2018:21:03:02 -0400] "GET /favicon.ico HTTP/1.1" 404 3914 "https://www.nspw.org/2009/proceedings/2009/nspw2009-herley.pdf" "Mozilla/5.0 (Macintosh; Intel Mac OS X 10_13_2) AppleWebKit/604.4.7 (KHTML, like Gecko) Version/11.0.2 Safari/604.4.7"
199.16.157.180 - - [05/May/2018:21:03:21 -0400] "GET /robots.txt HTTP/1.1" 200 5699 "-" "Twitterbot/1.0"
77.88.47.40 - - [05/May/2018:21:03:38 -0400] "GET /2002/program.content HTTP/1.1" 200 14685 "-" "Mozilla/5.0 (compatible; YandexBot/3.0; +http://yandex.com/bots)"
69.162.124.227 - - [05/May/2018:21:05:07 -0400] "HEAD / HTTP/1.1" 200 3874 "http://nspw.org/" "Mozilla/5.0+(compatible; UptimeRobot/2.0; http://www.uptimerobot.com/)"
77.88.47.40 - - [05/May/2018:21:08:31 -0400] "GET /2009/proceedings/2001/?C=D;O=D HTTP/1.1" 200 4415 "-" "Mozilla/5.0 (compatible; YandexBot/3.0; +http://yandex.com/bots)"
69.162.124.227 - - [05/May/2018:21:10:07 -0400] "HEAD / HTTP/1.1" 200 3874 "http://nspw.org/" "Mozilla/5.0+(compatible; UptimeRobot/2.0; http://www.uptimerobot.com/)"
34.229.216.231 - - [05/May/2018:21:12:46 -0400] "GET /2018 HTTP/1.1" 200 6942 "-" "Mozilla/5.0 (Macintosh; Intel Mac OS X 10.11; rv:49.0) Gecko/20100101 Firefox/49.0 (FlipboardProxy/1.2; +http://flipboard.com/browserproxy)"
52.90.56.19 - - [05/May/2018:21:12:46 -0400] "GET /2018 HTTP/1.1" 200 12432 "http://www.netaro.info/~zetaka/projects/ConfShare/update_history.rss" "Mozilla/5.0 (compatible; FlipboardProxy/1.2; +http://flipboard.com/browserproxy)"
82.35.81.229 - - [05/May/2018:21:13:10 -0400] "GET /papers/2013/nspw2013-somayaji.pdf HTTP/1.1" 200 373404 "-" "Mozilla/5.0 (iPad; CPU OS 11_3 like Mac OS X) AppleWebKit/605.1.15 (KHTML, like Gecko) Version/11.0 Mobile/15E148 Safari/604.1"
82.35.81.229 - - [05/May/2018:21:13:11 -0400] "GET /apple-touch-icon-152x152-precomposed.png HTTP/1.1" 404 3943 "-" "MobileSafari/604.1 CFNetwork/897.15 Darwin/17.5.0"
82.35.81.229 - - [05/May/2018:21:13:11 -0400] "GET /apple-touch-icon-152x152.png HTTP/1.1" 404 717 "-" "MobileSafari/604.1 CFNetwork/897.15 Darwin/17.5.0"
82.35.81.229 - - [05/May/2018:21:13:12 -0400] "GET /apple-touch-icon-precomposed.png HTTP/1.1" 404 721 "-" "MobileSafari/604.1 CFNetwork/897.15 Darwin/17.5.0"
82.35.81.229 - - [05/May/2018:21:13:12 -0400] "GET /apple-touch-icon.png HTTP/1.1" 404 709 "-" "MobileSafari/604.1 CFNetwork/897.15 Darwin/17.5.0"
82.35.81.229 - - [05/May/2018:21:13:12 -0400] "GET /favicon.ico HTTP/1.1" 404 700 "-" "MobileSafari/604.1 CFNetwork/897.15 Darwin/17.5.0"
82.35.81.229 - - [05/May/2018:21:13:12 -0400] "GET /apple-touch-icon-152x152-precomposed.png HTTP/1.1" 404 729 "-" "MobileSafari/604.1 CFNetwork/897.15 Darwin/17.5.0"
82.35.81.229 - - [05/May/2018:21:13:13 -0400] "GET /apple-touch-icon-152x152.png HTTP/1.1" 404 717 "-" "MobileSafari/604.1 CFNetwork/897.15 Darwin/17.5.0"
82.35.81.229 - - [05/May/2018:21:13:13 -0400] "GET /apple-touch-icon-precomposed.png HTTP/1.1" 404 721 "-" "MobileSafari/604.1 CFNetwork/897.15 Darwin/17.5.0"
82.35.81.229 - - [05/May/2018:21:13:13 -0400] "GET /apple-touch-icon.png HTTP/1.1" 404 709 "-" "MobileSafari/604.1 CFNetwork/897.15 Darwin/17.5.0"
82.35.81.229 - - [05/May/2018:21:13:13 -0400] "GET /favicon.ico HTTP/1.1" 404 700 "-" "MobileSafari/604.1 CFNetwork/897.15 Darwin/17.5.0"
172.58.141.30 - - [05/May/2018:21:12:55 -0400] "GET /papers/2007/nspw2007-mannan.pdf HTTP/1.1" 200 502385 "-" "Mozilla/5.0 (iPhone; CPU iPhone OS 11_2_5 like Mac OS X) AppleWebKit/604.5.6 (KHTML, like Gecko) Version/11.0 Mobile/15D60 Safari/604.1"
172.58.141.30 - - [05/May/2018:21:13:20 -0400] "GET /apple-touch-icon-120x120-precomposed.png HTTP/1.1" 404 3943 "-" "MobileSafari/604.1 CFNetwork/894 Darwin/17.4.0"
172.58.141.30 - - [05/May/2018:21:13:20 -0400] "GET /apple-touch-icon-120x120.png HTTP/1.1" 404 717 "-" "MobileSafari/604.1 CFNetwork/894 Darwin/17.4.0"
172.58.141.30 - - [05/May/2018:21:13:21 -0400] "GET /apple-touch-icon-precomposed.png HTTP/1.1" 404 721 "-" "MobileSafari/604.1 CFNetwork/894 Darwin/17.4.0"
172.58.141.30 - - [05/May/2018:21:13:21 -0400] "GET /apple-touch-icon.png HTTP/1.1" 404 709 "-" "MobileSafari/604.1 CFNetwork/894 Darwin/17.4.0"
172.58.141.30 - - [05/May/2018:21:13:21 -0400] "GET /favicon.ico HTTP/1.1" 404 700 "-" "MobileSafari/604.1 CFNetwork/894 Darwin/17.4.0"
172.58.141.30 - - [05/May/2018:21:13:21 -0400] "GET /apple-touch-icon-120x120-precomposed.png HTTP/1.1" 404 729 "-" "MobileSafari/604.1 CFNetwork/894 Darwin/17.4.0"
172.58.141.30 - - [05/May/2018:21:13:21 -0400] "GET /apple-touch-icon-120x120.png HTTP/1.1" 404 717 "-" "MobileSafari/604.1 CFNetwork/894 Darwin/17.4.0"
172.58.141.30 - - [05/May/2018:21:13:21 -0400] "GET /apple-touch-icon-precomposed.png HTTP/1.1" 404 721 "-" "MobileSafari/604.1 CFNetwork/894 Darwin/17.4.0"
172.58.141.30 - - [05/May/2018:21:13:21 -0400] "GET /apple-touch-icon.png HTTP/1.1" 404 709 "-" "MobileSafari/604.1 CFNetwork/894 Darwin/17.4.0"
172.58.141.30 - - [05/May/2018:21:13:21 -0400] "GET /favicon.ico HTTP/1.1" 404 700 "-" "MobileSafari/604.1 CFNetwork/894 Darwin/17.4.0"
69.162.124.227 - - [05/May/2018:21:15:07 -0400] "HEAD / HTTP/1.1" 200 3874 "http://nspw.org/" "Mozilla/5.0+(compatible; UptimeRobot/2.0; http://www.uptimerobot.com/)"
81.184.103.251 - - [05/May/2018:21:16:09 -0400] "GET /wp-login.php HTTP/1.1" 404 7907 "-" "Mozilla/5.0 (Windows NT 6.1; WOW64; rv:40.0) Gecko/20100101 Firefox/40.1"
81.184.103.251 - - [05/May/2018:21:16:10 -0400] "GET / HTTP/1.1" 200 8218 "-" "Mozilla/5.0 (Windows NT 6.1; WOW64; rv:40.0) Gecko/20100101 Firefox/40.1"
90.86.202.163 - - [05/May/2018:21:16:20 -0400] "GET / HTTP/1.1" 200 6443 "-" "Mozilla/5.0 (X11; Linux x86_64) AppleWebKit/537.36 (KHTML, like Gecko) Chrome/60.0.3112.113 Safari/537.36"
77.88.47.40 - - [05/May/2018:21:18:04 -0400] "GET /papers/1999/nspw1999-henning.pdf HTTP/1.1" 200 666959 "-" "Mozilla/5.0 (compatible; YandexBot/3.0; +http://yandex.com/bots)"
77.88.47.40 - - [05/May/2018:21:19:04 -0400] "GET /proceedings/1996 HTTP/1.1" 200 6159 "-" "Mozilla/5.0 (compatible; YandexBot/3.0; +http://yandex.com/bots)"
77.88.47.40 - - [05/May/2018:21:20:05 -0400] "GET /2005/papers.shtml HTTP/1.1" 200 5651 "-" "Mozilla/5.0 (compatible; YandexBot/3.0; +http://yandex.com/bots)"
69.162.124.227 - - [05/May/2018:21:20:07 -0400] "HEAD / HTTP/1.1" 200 3874 "http://nspw.org/" "Mozilla/5.0+(compatible; UptimeRobot/2.0; http://www.uptimerobot.com/)"
77.88.47.40 - - [05/May/2018:21:21:19 -0400] "GET /papers/1994/nspw1994-nelson.pdf HTTP/1.1" 200 580112 "-" "Mozilla/5.0 (compatible; YandexBot/3.0; +http://yandex.com/bots)"
66.249.64.16 - - [05/May/2018:21:24:08 -0400] "GET /2003/oc.shtml HTTP/1.1" 200 5608 "-" "Mozilla/5.0 (compatible; Googlebot/2.1; +http://www.google.com/bot.html)"
69.162.124.227 - - [05/May/2018:21:25:07 -0400] "HEAD / HTTP/1.1" 200 3874 "http://nspw.org/" "Mozilla/5.0+(compatible; UptimeRobot/2.0; http://www.uptimerobot.com/)"
90.86.202.163 - - [05/May/2018:21:25:52 -0400] "GET / HTTP/1.1" 200 6444 "-" "Mozilla/5.0 (X11; Linux x86_64) AppleWebKit/537.36 (KHTML, like Gecko) Chrome/60.0.3112.113 Safari/537.36"
66.249.64.217 - - [05/May/2018:21:26:01 -0400] "GET /papers/2008/nspw2008-beautement.pdf HTTP/1.1" 304 3605 "-" "Mozilla/5.0 (compatible; Googlebot/2.1; +http://www.google.com/bot.html)"
207.46.13.82 - - [05/May/2018:21:26:51 -0400] "GET /papers/2007/nspw2007-chow.pdf HTTP/1.1" 200 420515 "-" "Mozilla/5.0 (iPhone; CPU iPhone OS 7_0 like Mac OS X) AppleWebKit/537.51.1 (KHTML, like Gecko) Version/7.0 Mobile/11A465 Safari/9537.53 (compatible; bingbot/2.0; +http://www.bing.com/bingbot.htm)"
69.162.124.227 - - [05/May/2018:21:30:06 -0400] "HEAD / HTTP/1.1" 200 3874 "http://nspw.org/" "Mozilla/5.0+(compatible; UptimeRobot/2.0; http://www.uptimerobot.com/)"
105.158.84.17 - - [05/May/2018:21:31:03 -0400] "GET /wp-login.php HTTP/1.1" 404 7839 "-" "Mozilla/5.0 (Windows NT 6.1; WOW64; rv:40.0) Gecko/20100101 Firefox/40.1"
105.158.84.17 - - [05/May/2018:21:31:04 -0400] "GET / HTTP/1.1" 200 8218 "-" "Mozilla/5.0 (Windows NT 6.1; WOW64; rv:40.0) Gecko/20100101 Firefox/40.1"
77.88.47.40 - - [05/May/2018:21:32:10 -0400] "GET /papers/2001/nspw2001-raskin.pdf HTTP/1.1" 200 512667 "-" "Mozilla/5.0 (compatible; YandexBot/3.0; +http://yandex.com/bots)"
69.162.124.227 - - [05/May/2018:21:35:06 -0400] "HEAD / HTTP/1.1" 200 3874 "http://nspw.org/" "Mozilla/5.0+(compatible; UptimeRobot/2.0; http://www.uptimerobot.com/)"
73.171.35.154 - - [05/May/2018:21:36:22 -0400] "GET /2018 HTTP/1.1" 200 6918 "https://www.google.com/" "Mozilla/5.0 (Macintosh; Intel Mac OS X 10_13_4) AppleWebKit/537.36 (KHTML, like Gecko) Chrome/65.0.3325.181 Safari/537.36"
73.171.35.154 - - [05/May/2018:21:36:22 -0400] "GET /modules/system/system.base.css?p7r9uw HTTP/1.1" 200 2307 "-" "Mozilla/5.0 (Macintosh; Intel Mac OS X 10_13_4) AppleWebKit/537.36 (KHTML, like Gecko) Chrome/65.0.3325.181 Safari/537.36"
73.171.35.154 - - [05/May/2018:21:36:22 -0400] "GET /modules/system/system.menus.css?p7r9uw HTTP/1.1" 200 1182 "-" "Mozilla/5.0 (Macintosh; Intel Mac OS X 10_13_4) AppleWebKit/537.36 (KHTML, like Gecko) Chrome/65.0.3325.181 Safari/537.36"
73.171.35.154 - - [05/May/2018:21:36:22 -0400] "GET /modules/system/system.messages.css?p7r9uw HTTP/1.1" 200 746 "-" "Mozilla/5.0 (Macintosh; Intel Mac OS X 10_13_4) AppleWebKit/537.36 (KHTML, like Gecko) Chrome/65.0.3325.181 Safari/537.36"
73.171.35.154 - - [05/May/2018:21:36:22 -0400] "GET /themes/garland/style.css?p7r9uw HTTP/1.1" 200 5370 "-" "Mozilla/5.0 (Macintosh; Intel Mac OS X 10_13_4) AppleWebKit/537.36 (KHTML, like Gecko) Chrome/65.0.3325.181 Safari/537.36"
73.171.35.154 - - [05/May/2018:21:36:22 -0400] "GET /modules/user/user.css?p7r9uw HTTP/1.1" 200 1062 "-" "Mozilla/5.0 (Macintosh; Intel Mac OS X 10_13_4) AppleWebKit/537.36 (KHTML, like Gecko) Chrome/65.0.3325.181 Safari/537.36"
73.171.35.154 - - [05/May/2018:21:36:22 -0400] "GET /modules/comment/comment.css?p7r9uw HTTP/1.1" 200 662 "-" "Mozilla/5.0 (Macintosh; Intel Mac OS X 10_13_4) AppleWebKit/537.36 (KHTML, like Gecko) Chrome/65.0.3325.181 Safari/537.36"
73.171.35.154 - - [05/May/2018:21:36:22 -0400] "GET /modules/field/theme/field.css?p7r9uw HTTP/1.1" 200 756 "-" "Mozilla/5.0 (Macintosh; Intel Mac OS X 10_13_4) AppleWebKit/537.36 (KHTML, like Gecko) Chrome/65.0.3325.181 Safari/537.36"
73.171.35.154 - - [05/May/2018:21:36:22 -0400] "GET /modules/system/system.theme.css?p7r9uw HTTP/1.1" 200 1742 "-" "Mozilla/5.0 (Macintosh; Intel Mac OS X 10_13_4) AppleWebKit/537.36 (KHTML, like Gecko) Chrome/65.0.3325.181 Safari/537.36"
73.171.35.154 - - [05/May/2018:21:36:22 -0400] "GET /modules/node/node.css?p7r9uw HTTP/1.1" 200 629 "-" "Mozilla/5.0 (Macintosh; Intel Mac OS X 10_13_4) AppleWebKit/537.36 (KHTML, like Gecko) Chrome/65.0.3325.181 Safari/537.36"
73.171.35.154 - - [05/May/2018:21:36:22 -0400] "GET /themes/garland/print.css?p7r9uw HTTP/1.1" 200 771 "-" "Mozilla/5.0 (Macintosh; Intel Mac OS X 10_13_4) AppleWebKit/537.36 (KHTML, like Gecko) Chrome/65.0.3325.181 Safari/537.36"
73.171.35.154 - - [05/May/2018:21:36:22 -0400] "GET /misc/drupal.js?p7r9uw HTTP/1.1" 200 7372 "https://www.nspw.org/2018" "Mozilla/5.0 (Macintosh; Intel Mac OS X 10_13_4) AppleWebKit/537.36 (KHTML, like Gecko) Chrome/65.0.3325.181 Safari/537.36"
73.171.35.154 - - [05/May/2018:21:36:22 -0400] "GET /misc/jquery.once.js?v=1.2 HTTP/1.1" 200 1445 "https://www.nspw.org/2018" "Mozilla/5.0 (Macintosh; Intel Mac OS X 10_13_4) AppleWebKit/537.36 (KHTML, like Gecko) Chrome/65.0.3325.181 Safari/537.36"
73.171.35.154 - - [05/May/2018:21:36:22 -0400] "GET /misc/jquery.js?v=1.4.4 HTTP/1.1" 200 27601 "https://www.nspw.org/2018" "Mozilla/5.0 (Macintosh; Intel Mac OS X 10_13_4) AppleWebKit/537.36 (KHTML, like Gecko) Chrome/65.0.3325.181 Safari/537.36"
73.171.35.154 - - [05/May/2018:21:36:23 -0400] "GET /sites/default/files/nspw-logo-smaller.jpg HTTP/1.1" 200 2534 "https://www.nspw.org/2018" "Mozilla/5.0 (Macintosh; Intel Mac OS X 10_13_4) AppleWebKit/537.36 (KHTML, like Gecko) Chrome/65.0.3325.181 Safari/537.36"
73.171.35.154 - - [05/May/2018:21:36:23 -0400] "GET /themes/garland/images/bg-content.png HTTP/1.1" 200 798 "https://www.nspw.org/themes/garland/style.css?p7r9uw" "Mozilla/5.0 (Macintosh; Intel Mac OS X 10_13_4) AppleWebKit/537.36 (KHTML, like Gecko) Chrome/65.0.3325.181 Safari/537.36"
73.171.35.154 - - [05/May/2018:21:36:23 -0400] "GET /themes/garland/images/bg-content-right.png HTTP/1.1" 200 3162 "https://www.nspw.org/themes/garland/style.css?p7r9uw" "Mozilla/5.0 (Macintosh; Intel Mac OS X 10_13_4) AppleWebKit/537.36 (KHTML, like Gecko) Chrome/65.0.3325.181 Safari/537.36"
73.171.35.154 - - [05/May/2018:21:36:23 -0400] "GET /themes/garland/images/menu-leaf.gif HTTP/1.1" 200 486 "https://www.nspw.org/themes/garland/style.css?p7r9uw" "Mozilla/5.0 (Macintosh; Intel Mac OS X 10_13_4) AppleWebKit/537.36 (KHTML, like Gecko) Chrome/65.0.3325.181 Safari/537.36"
73.171.35.154 - - [05/May/2018:21:36:23 -0400] "GET /themes/garland/images/bg-content-left.png HTTP/1.1" 200 3232 "https://www.nspw.org/themes/garland/style.css?p7r9uw" "Mozilla/5.0 (Macintosh; Intel Mac OS X 10_13_4) AppleWebKit/537.36 (KHTML, like Gecko) Chrome/65.0.3325.181 Safari/537.36"
73.171.35.154 - - [05/May/2018:21:36:23 -0400] "GET /themes/garland/images/menu-collapsed.gif HTTP/1.1" 200 488 "https://www.nspw.org/themes/garland/style.css?p7r9uw" "Mozilla/5.0 (Macintosh; Intel Mac OS X 10_13_4) AppleWebKit/537.36 (KHTML, like Gecko) Chrome/65.0.3325.181 Safari/537.36"
73.171.35.154 - - [05/May/2018:21:36:23 -0400] "GET /themes/garland/images/body.png HTTP/1.1" 200 993 "https://www.nspw.org/themes/garland/style.css?p7r9uw" "Mozilla/5.0 (Macintosh; Intel Mac OS X 10_13_4) AppleWebKit/537.36 (KHTML, like Gecko) Chrome/65.0.3325.181 Safari/537.36"
73.171.35.154 - - [05/May/2018:21:36:23 -0400] "GET /themes/garland/images/bg-navigation-item.png HTTP/1.1" 200 812 "https://www.nspw.org/themes/garland/style.css?p7r9uw" "Mozilla/5.0 (Macintosh; Intel Mac OS X 10_13_4) AppleWebKit/537.36 (KHTML, like Gecko) Chrome/65.0.3325.181 Safari/537.36"
73.171.35.154 - - [05/May/2018:21:36:23 -0400] "GET /themes/garland/images/menu-expanded.gif HTTP/1.1" 200 495 "https://www.nspw.org/themes/garland/style.css?p7r9uw" "Mozilla/5.0 (Macintosh; Intel Mac OS X 10_13_4) AppleWebKit/537.36 (KHTML, like Gecko) Chrome/65.0.3325.181 Safari/537.36"
73.171.35.154 - - [05/May/2018:21:36:23 -0400] "GET /themes/garland/images/bg-navigation-item-hover.png HTTP/1.1" 200 754 "https://www.nspw.org/themes/garland/style.css?p7r9uw" "Mozilla/5.0 (Macintosh; Intel Mac OS X 10_13_4) AppleWebKit/537.36 (KHTML, like Gecko) Chrome/65.0.3325.181 Safari/537.36"
73.171.35.154 - - [05/May/2018:21:36:23 -0400] "GET /favicon.ico HTTP/1.1" 404 700 "https://www.nspw.org/2018" "Mozilla/5.0 (Macintosh; Intel Mac OS X 10_13_4) AppleWebKit/537.36 (KHTML, like Gecko) Chrome/65.0.3325.181 Safari/537.36"
73.171.35.154 - - [05/May/2018:21:36:38 -0400] "GET /2018/cfp HTTP/1.1" 200 4915 "https://www.nspw.org/2018" "Mozilla/5.0 (Macintosh; Intel Mac OS X 10_13_4) AppleWebKit/537.36 (KHTML, like Gecko) Chrome/65.0.3325.181 Safari/537.36"
73.171.35.154 - - [05/May/2018:21:36:47 -0400] "GET /2018/dates HTTP/1.1" 200 3032 "https://www.nspw.org/2018/cfp" "Mozilla/5.0 (Macintosh; Intel Mac OS X 10_13_4) AppleWebKit/537.36 (KHTML, like Gecko) Chrome/65.0.3325.181 Safari/537.36"
108.59.8.80 - - [05/May/2018:21:36:58 -0400] "GET /robots.txt HTTP/1.1" 200 5926 "-" "Mozilla/5.0 (compatible; MJ12bot/v1.4.8; http://mj12bot.com/)"
73.171.35.154 - - [05/May/2018:21:37:12 -0400] "GET /2018/organizers HTTP/1.1" 200 3721 "https://www.nspw.org/2018/cfp" "Mozilla/5.0 (Macintosh; Intel Mac OS X 10_13_4) AppleWebKit/537.36 (KHTML, like Gecko) Chrome/65.0.3325.181 Safari/537.36"
108.59.8.80 - - [05/May/2018:21:37:32 -0400] "GET / HTTP/1.1" 200 11520 "-" "Mozilla/5.0 (compatible; MJ12bot/v1.4.8; http://mj12bot.com/)"
49.180.151.119 - - [05/May/2018:21:38:34 -0400] "GET /papers/2007/nspw2007-vidyaraman.pdf HTTP/1.1" 200 259144 "-" "Mozilla/5.0 (iPhone; CPU iPhone OS 11_3 like Mac OS X) AppleWebKit/605.1.15 (KHTML, like Gecko) Version/11.0 Mobile/15E148 Safari/604.1"
49.180.151.119 - - [05/May/2018:21:38:36 -0400] "GET /apple-touch-icon-120x120-precomposed.png HTTP/1.1" 404 3943 "-" "MobileSafari/604.1 CFNetwork/897.15 Darwin/17.5.0"
49.180.151.119 - - [05/May/2018:21:38:36 -0400] "GET /apple-touch-icon-120x120.png HTTP/1.1" 404 717 "-" "MobileSafari/604.1 CFNetwork/897.15 Darwin/17.5.0"
49.180.151.119 - - [05/May/2018:21:38:37 -0400] "GET /apple-touch-icon-precomposed.png HTTP/1.1" 404 721 "-" "MobileSafari/604.1 CFNetwork/897.15 Darwin/17.5.0"
49.180.151.119 - - [05/May/2018:21:38:37 -0400] "GET /apple-touch-icon.png HTTP/1.1" 404 709 "-" "MobileSafari/604.1 CFNetwork/897.15 Darwin/17.5.0"
49.180.151.119 - - [05/May/2018:21:38:37 -0400] "GET /favicon.ico HTTP/1.1" 404 700 "-" "MobileSafari/604.1 CFNetwork/897.15 Darwin/17.5.0"
49.180.151.119 - - [05/May/2018:21:38:37 -0400] "GET /apple-touch-icon-120x120-precomposed.png HTTP/1.1" 404 729 "-" "MobileSafari/604.1 CFNetwork/897.15 Darwin/17.5.0"
49.180.151.119 - - [05/May/2018:21:38:38 -0400] "GET /apple-touch-icon-120x120.png HTTP/1.1" 404 717 "-" "MobileSafari/604.1 CFNetwork/897.15 Darwin/17.5.0"
49.180.151.119 - - [05/May/2018:21:38:38 -0400] "GET /apple-touch-icon-precomposed.png HTTP/1.1" 404 721 "-" "MobileSafari/604.1 CFNetwork/897.15 Darwin/17.5.0"
49.180.151.119 - - [05/May/2018:21:38:38 -0400] "GET /apple-touch-icon.png HTTP/1.1" 404 709 "-" "MobileSafari/604.1 CFNetwork/897.15 Darwin/17.5.0"
49.180.151.119 - - [05/May/2018:21:38:38 -0400] "GET /favicon.ico HTTP/1.1" 404 700 "-" "MobileSafari/604.1 CFNetwork/897.15 Darwin/17.5.0"
42.236.99.218 - - [05/May/2018:21:38:56 -0400] "GET / HTTP/1.1" 200 6508 "https://www.nspw.org/" "Mozilla/5.0 (Windows NT 6.1; WOW64) AppleWebKit/537.36 (KHTML, like Gecko) Chrome/50.0.2661.102 Safari/537.36; 360Spider"
42.236.99.2 - - [05/May/2018:21:39:01 -0400] "GET / HTTP/1.1" 200 6510 "https://www.nspw.org/" "Mozilla/5.0 (Windows NT 6.1; WOW64) AppleWebKit/537.36 (KHTML, like Gecko) Chrome/50.0.2661.102 Safari/537.36; 360Spider"
69.162.124.227 - - [05/May/2018:21:40:06 -0400] "HEAD / HTTP/1.1" 200 3874 "http://nspw.org/" "Mozilla/5.0+(compatible; UptimeRobot/2.0; http://www.uptimerobot.com/)"
66.249.64.215 - - [05/May/2018:21:40:39 -0400] "GET / HTTP/1.1" 200 6606 "-" "Mozilla/5.0 (compatible; Googlebot/2.1; +http://www.google.com/bot.html)"
189.26.73.236 - - [05/May/2018:21:41:00 -0400] "GET /wp-login.php HTTP/1.1" 404 7839 "-" "Mozilla/5.0 (Windows NT 6.1; WOW64; rv:40.0) Gecko/20100101 Firefox/40.1"
189.26.73.236 - - [05/May/2018:21:41:01 -0400] "GET / HTTP/1.1" 200 8218 "-" "Mozilla/5.0 (Windows NT 6.1; WOW64; rv:40.0) Gecko/20100101 Firefox/40.1"
212.83.171.240 - - [05/May/2018:21:43:00 -0400] "GET /1999/cfp.ps HTTP/1.0" 200 65337 "-" "Mozilla/5.0 (Windows NT 6.3; WOW64) AppleWebKit/537.36 (KHTML, like Gecko) Chrome/34.0.1847.137 Safari/537.36"
66.249.64.217 - - [05/May/2018:21:43:10 -0400] "GET / HTTP/1.1" 200 6607 "-" "Mozilla/5.0 (Linux; Android 6.0.1; Nexus 5X Build/MMB29P) AppleWebKit/537.36 (KHTML, like Gecko) Chrome/41.0.2272.96 Mobile Safari/537.36 (compatible; Googlebot/2.1; +http://www.google.com/bot.html)"
66.249.64.219 - - [05/May/2018:21:44:09 -0400] "GET /papers/2011/nspw2011-hamacher.pdf HTTP/1.1" 200 700592 "-" "Mozilla/5.0 (compatible; Googlebot/2.1; +http://www.google.com/bot.html)"
69.162.124.227 - - [05/May/2018:21:45:06 -0400] "HEAD / HTTP/1.1" 200 3874 "http://nspw.org/" "Mozilla/5.0+(compatible; UptimeRobot/2.0; http://www.uptimerobot.com/)"
50.29.99.175 - - [05/May/2018:21:48:13 -0400] "GET /wp-login.php HTTP/1.1" 404 7907 "-" "Mozilla/5.0 (Windows NT 6.1; WOW64; rv:40.0) Gecko/20100101 Firefox/40.1"
50.29.99.175 - - [05/May/2018:21:48:14 -0400] "GET / HTTP/1.1" 200 8218 "-" "Mozilla/5.0 (Windows NT 6.1; WOW64; rv:40.0) Gecko/20100101 Firefox/40.1"
42.236.99.79 - - [05/May/2018:21:49:55 -0400] "GET / HTTP/1.1" 200 6511 "https://www.nspw.org/" "Mozilla/5.0 (Windows NT 6.1; WOW64) AppleWebKit/537.36 (KHTML, like Gecko) Chrome/50.0.2661.102 Safari/537.36; 360Spider"
69.162.124.227 - - [05/May/2018:21:50:06 -0400] "HEAD / HTTP/1.1" 200 3874 "http://nspw.org/" "Mozilla/5.0+(compatible; UptimeRobot/2.0; http://www.uptimerobot.com/)"
66.249.64.215 - - [05/May/2018:21:52:04 -0400] "GET /robots.txt HTTP/1.1" 200 4504 "-" "Mozilla/5.0 (compatible; Googlebot/2.1; +http://www.google.com/bot.html)"
66.249.64.215 - - [05/May/2018:21:52:09 -0400] "GET /modules/user/user.css?nhfa6e HTTP/1.1" 200 4456 "http://nspw.org/2015/sponsors" "Mozilla/5.0 (compatible; Googlebot/2.1; +http://www.google.com/bot.html)"
66.249.64.217 - - [05/May/2018:21:52:09 -0400] "GET /modules/system/system.theme.css?nhfa6e HTTP/1.1" 200 4979 "http://nspw.org/2015/sponsors" "Mozilla/5.0 (compatible; Googlebot/2.1; +http://www.google.com/bot.html)"
66.249.64.215 - - [05/May/2018:21:52:10 -0400] "GET /themes/garland/style.css?nhfa6e HTTP/1.1" 200 5370 "http://nspw.org/2015/sponsors" "Mozilla/5.0 (compatible; Googlebot/2.1; +http://www.google.com/bot.html)"
66.249.64.215 - - [05/May/2018:21:52:10 -0400] "GET /modules/system/system.menus.css?nhfa6e HTTP/1.1" 200 1025 "http://nspw.org/2015/sponsors" "Mozilla/5.0 (compatible; Googlebot/2.1; +http://www.google.com/bot.html)"
66.249.64.215 - - [05/May/2018:21:52:11 -0400] "GET /modules/system/system.messages.css?nhfa6e HTTP/1.1" 200 746 "http://nspw.org/2015/sponsors" "Mozilla/5.0 (compatible; Googlebot/2.1; +http://www.google.com/bot.html)"
66.249.64.215 - - [05/May/2018:21:52:11 -0400] "GET /themes/garland/print.css?nhfa6e HTTP/1.1" 200 771 "http://nspw.org/2015/sponsors" "Mozilla/5.0 (compatible; Googlebot/2.1; +http://www.google.com/bot.html)"
66.249.64.215 - - [05/May/2018:21:52:12 -0400] "GET /modules/field/theme/field.css?nhfa6e HTTP/1.1" 200 599 "http://nspw.org/2015/sponsors" "Mozilla/5.0 (compatible; Googlebot/2.1; +http://www.google.com/bot.html)"
66.249.64.215 - - [05/May/2018:21:52:12 -0400] "GET /modules/node/node.css?nhfa6e HTTP/1.1" 200 472 "http://nspw.org/2015/sponsors" "Mozilla/5.0 (compatible; Googlebot/2.1; +http://www.google.com/bot.html)"
144.76.117.78 - - [05/May/2018:21:53:13 -0400] "GET /robots.txt HTTP/1.1" 200 5950 "-" "Mozilla/5.0 (compatible; MJ12bot/v1.4.8; http://mj12bot.com/)"
144.76.117.78 - - [05/May/2018:21:53:40 -0400] "GET /2015/ HTTP/1.1" 200 13300 "-" "Mozilla/5.0 (compatible; MJ12bot/v1.4.8; http://mj12bot.com/)"
144.76.117.78 - - [05/May/2018:21:54:04 -0400] "GET /robots.txt HTTP/1.1" 200 4448 "-" "Mozilla/5.0 (compatible; MJ12bot/v1.4.8; http://mj12bot.com/)"
69.162.124.227 - - [05/May/2018:21:55:06 -0400] "HEAD / HTTP/1.1" 200 3874 "http://nspw.org/" "Mozilla/5.0+(compatible; UptimeRobot/2.0; http://www.uptimerobot.com/)"
179.179.194.141 - - [05/May/2018:21:55:41 -0400] "GET /wp-login.php HTTP/1.1" 404 7839 "-" "Mozilla/5.0 (Windows NT 6.1; WOW64; rv:40.0) Gecko/20100101 Firefox/40.1"
179.179.194.141 - - [05/May/2018:21:55:42 -0400] "GET / HTTP/1.1" 200 8218 "-" "Mozilla/5.0 (Windows NT 6.1; WOW64; rv:40.0) Gecko/20100101 Firefox/40.1"
69.162.124.227 - - [05/May/2018:22:00:06 -0400] "HEAD / HTTP/1.1" 200 3874 "http://nspw.org/" "Mozilla/5.0+(compatible; UptimeRobot/2.0; http://www.uptimerobot.com/)"
216.244.66.200 - - [05/May/2018:22:01:03 -0400] "GET /robots.txt HTTP/1.1" 200 5796 "-" "Mozilla/5.0 (compatible; DotBot/1.1; http://www.opensiteexplorer.org/dotbot, help@moz.com)"
216.244.66.236 - - [05/May/2018:22:03:26 -0400] "GET /robots.txt HTTP/1.1" 200 5796 "-" "Mozilla/5.0 (compatible; DotBot/1.1; http://www.opensiteexplorer.org/dotbot, help@moz.com)"
220.181.51.90 - - [05/May/2018:22:04:58 -0400] "GET / HTTP/1.1" 200 11573 "-" "Mozilla/5.0 (Windows NT 10.0; WOW64) AppleWebKit/537.36 (KHTML, like Gecko) Chrome/45.0.2454.93 Safari/537.36"
69.162.124.227 - - [05/May/2018:22:05:06 -0400] "HEAD / HTTP/1.1" 200 3874 "http://nspw.org/" "Mozilla/5.0+(compatible; UptimeRobot/2.0; http://www.uptimerobot.com/)"
216.244.66.236 - - [05/May/2018:22:06:00 -0400] "GET /2009/proceedings/2001/nspw2001-weirich.pdf HTTP/1.1" 200 720201 "-" "Mozilla/5.0 (compatible; DotBot/1.1; http://www.opensiteexplorer.org/dotbot, help@moz.com)"
77.88.47.40 - - [05/May/2018:22:06:11 -0400] "GET /robots.txt HTTP/1.1" 200 5979 "-" "Mozilla/5.0 (compatible; YandexBot/3.0; +http://yandex.com/bots)"
77.88.47.40 - - [05/May/2018:22:06:15 -0400] "GET /node/34 HTTP/1.1" 200 3124 "-" "Mozilla/5.0 (compatible; YandexBot/3.0; +http://yandex.com/bots)"
207.241.231.163 - - [05/May/2018:22:08:51 -0400] "GET /robots.txt HTTP/1.0" 200 5821 "http://www.nspw.org/robots.txt" "Mozilla/5.0 (compatible; archive.org_bot +http://archive.org/details/archive.org_bot)"
175.158.201.14 - - [05/May/2018:22:09:25 -0400] "GET /wp-login.php HTTP/1.1" 404 7839 "-" "Mozilla/5.0 (Windows NT 6.1; WOW64; rv:40.0) Gecko/20100101 Firefox/40.1"
175.158.201.14 - - [05/May/2018:22:09:26 -0400] "GET / HTTP/1.1" 200 8218 "-" "Mozilla/5.0 (Windows NT 6.1; WOW64; rv:40.0) Gecko/20100101 Firefox/40.1"
69.162.124.227 - - [05/May/2018:22:10:06 -0400] "HEAD / HTTP/1.1" 200 3874 "http://nspw.org/" "Mozilla/5.0+(compatible; UptimeRobot/2.0; http://www.uptimerobot.com/)"
180.76.15.151 - - [05/May/2018:22:11:15 -0400] "GET /papers/2008/nspw2008-molloy.pdf HTTP/1.1" 200 1792710 "-" "Mozilla/5.0 (compatible; Baiduspider/2.0; +http://www.baidu.com/search/spider.html)"
66.160.140.183 - - [05/May/2018:22:14:48 -0400] "GET /robots.txt HTTP/1.1" 200 4444 "-" "The Knowledge AI"
69.162.124.227 - - [05/May/2018:22:15:06 -0400] "HEAD / HTTP/1.1" 200 3874 "http://nspw.org/" "Mozilla/5.0+(compatible; UptimeRobot/2.0; http://www.uptimerobot.com/)"
5.9.112.6 - - [05/May/2018:22:15:29 -0400] "GET /2016/accepted HTTP/1.1" 200 12964 "-" "Mozilla/5.0 (Macintosh; Intel Mac OS X 10_13_1) AppleWebKit/604.3.5 (KHTML, like Gecko) Version/11.0.1 Safari/604.3.5"
112.208.55.127 - - [05/May/2018:22:18:09 -0400] "GET /wp-login.php HTTP/1.1" 404 7686 "-" "Mozilla/5.0 (Windows NT 6.1; WOW64; rv:40.0) Gecko/20100101 Firefox/40.1"
112.208.55.127 - - [05/May/2018:22:18:10 -0400] "GET / HTTP/1.1" 200 8218 "-" "Mozilla/5.0 (Windows NT 6.1; WOW64; rv:40.0) Gecko/20100101 Firefox/40.1"
69.162.124.227 - - [05/May/2018:22:20:06 -0400] "HEAD / HTTP/1.1" 200 3874 "http://nspw.org/" "Mozilla/5.0+(compatible; UptimeRobot/2.0; http://www.uptimerobot.com/)"
77.88.47.40 - - [05/May/2018:22:20:10 -0400] "GET /node/93 HTTP/1.1" 200 7161 "-" "Mozilla/5.0 (compatible; YandexBot/3.0; +http://yandex.com/bots)"
157.55.39.195 - - [05/May/2018:22:21:25 -0400] "GET /papers/1997/nspw1997-riechmann.pdf HTTP/1.1" 200 1168309 "-" "Mozilla/5.0 (compatible; bingbot/2.0; +http://www.bing.com/bingbot.htm)"
223.218.104.68 - - [05/May/2018:22:23:48 -0400] "GET / HTTP/1.1" 200 6622 "-" "Mozilla/5.0 (Macintosh; Intel Mac OS X 10_13_4) AppleWebKit/537.36 (KHTML, like Gecko) Chrome/66.0.3359.139 Safari/537.36"
69.162.124.227 - - [05/May/2018:22:25:06 -0400] "HEAD / HTTP/1.1" 200 3874 "http://nspw.org/" "Mozilla/5.0+(compatible; UptimeRobot/2.0; http://www.uptimerobot.com/)"
69.162.124.227 - - [05/May/2018:22:30:06 -0400] "HEAD / HTTP/1.1" 200 3874 "http://nspw.org/" "Mozilla/5.0+(compatible; UptimeRobot/2.0; http://www.uptimerobot.com/)"
77.88.47.40 - - [05/May/2018:22:31:12 -0400] "GET /node/20 HTTP/1.1" 200 6158 "-" "Mozilla/5.0 (compatible; YandexBot/3.0; +http://yandex.com/bots)"
77.88.47.40 - - [05/May/2018:22:31:32 -0400] "GET /2005/oc.content HTTP/1.1" 200 6227 "-" "Mozilla/5.0 (compatible; YandexBot/3.0; +http://yandex.com/bots)"
77.88.47.40 - - [05/May/2018:22:33:04 -0400] "GET /2002/cfp.shtml HTTP/1.1" 200 6370 "-" "Mozilla/5.0 (compatible; YandexBot/3.0; +http://yandex.com/bots)"
66.249.64.215 - - [05/May/2018:22:34:36 -0400] "GET /2018 HTTP/1.1" 200 6905 "-" "Mozilla/5.0 (compatible; Googlebot/2.1; +http://www.google.com/bot.html)"
54.70.40.11 - - [05/May/2018:22:34:44 -0400] "GET /robots.txt HTTP/1.1" 200 4282 "-" "Mozilla/5.0 (compatible) SemanticScholarBot (+https://www.semanticscholar.org/crawler)"
69.162.124.227 - - [05/May/2018:22:35:06 -0400] "HEAD / HTTP/1.1" 200 3874 "http://nspw.org/" "Mozilla/5.0+(compatible; UptimeRobot/2.0; http://www.uptimerobot.com/)"
54.70.40.11 - - [05/May/2018:22:35:36 -0400] "GET /2013 HTTP/1.1" 200 6577 "-" "Mozilla/5.0 (compatible) SemanticScholarBot (+https://www.semanticscholar.org/crawler)"
54.70.40.11 - - [05/May/2018:22:36:37 -0400] "GET /2011 HTTP/1.1" 200 6700 "-" "Mozilla/5.0 (compatible) SemanticScholarBot (+https://www.semanticscholar.org/crawler)"
54.70.40.11 - - [05/May/2018:22:36:41 -0400] "GET /papers/2013/nspw2013-sundaramurthy.pdf HTTP/1.1" 200 352239 "-" "Mozilla/5.0 (compatible) SemanticScholarBot (+https://www.semanticscholar.org/crawler)"
54.70.40.11 - - [05/May/2018:22:37:00 -0400] "GET /current/ HTTP/1.1" 200 6682 "-" "Mozilla/5.0 (compatible) SemanticScholarBot (+https://www.semanticscholar.org/crawler)"
199.16.157.180 - - [05/May/2018:22:38:52 -0400] "GET /robots.txt HTTP/1.1" 200 5699 "-" "Twitterbot/1.0"
199.16.157.182 - - [05/May/2018:22:38:52 -0400] "GET /robots.txt HTTP/1.1" 200 5699 "-" "Twitterbot/1.0"
207.46.13.195 - - [05/May/2018:22:39:41 -0400] "GET /2014/cfp HTTP/1.1" 200 8505 "-" "Mozilla/5.0 (compatible; bingbot/2.0; +http://www.bing.com/bingbot.htm)"
40.77.188.238 - - [05/May/2018:22:39:48 -0400] "GET /modules/system/system.base.css?p7r9uw HTTP/1.1" 200 5547 "http://www.nspw.org/2014/cfp" "Mozilla/5.0 (Windows NT 6.1; WOW64) AppleWebKit/534+ (KHTML, like Gecko) BingPreview/1.0b"
40.77.188.238 - - [05/May/2018:22:39:48 -0400] "GET /modules/system/system.menus.css?p7r9uw HTTP/1.1" 200 4265 "http://www.nspw.org/2014/cfp" "Mozilla/5.0 (Windows NT 6.1; WOW64) AppleWebKit/534+ (KHTML, like Gecko) BingPreview/1.0b"
40.77.188.238 - - [05/May/2018:22:39:48 -0400] "GET /modules/system/system.messages.css?p7r9uw HTTP/1.1" 200 3986 "http://www.nspw.org/2014/cfp" "Mozilla/5.0 (Windows NT 6.1; WOW64) AppleWebKit/534+ (KHTML, like Gecko) BingPreview/1.0b"
40.77.188.238 - - [05/May/2018:22:39:48 -0400] "GET /modules/system/system.theme.css?p7r9uw HTTP/1.1" 200 4825 "http://www.nspw.org/2014/cfp" "Mozilla/5.0 (Windows NT 6.1; WOW64) AppleWebKit/534+ (KHTML, like Gecko) BingPreview/1.0b"
40.77.188.238 - - [05/May/2018:22:39:48 -0400] "GET /modules/comment/comment.css?p7r9uw HTTP/1.1" 200 450 "http://www.nspw.org/2014/cfp" "Mozilla/5.0 (Windows NT 6.1; WOW64) AppleWebKit/534+ (KHTML, like Gecko) BingPreview/1.0b"
40.77.188.238 - - [05/May/2018:22:39:48 -0400] "GET /modules/field/theme/field.css?p7r9uw HTTP/1.1" 200 544 "http://www.nspw.org/2014/cfp" "Mozilla/5.0 (Windows NT 6.1; WOW64) AppleWebKit/534+ (KHTML, like Gecko) BingPreview/1.0b"
40.77.188.238 - - [05/May/2018:22:39:48 -0400] "GET /modules/user/user.css?p7r9uw HTTP/1.1" 200 1007 "http://www.nspw.org/2014/cfp" "Mozilla/5.0 (Windows NT 6.1; WOW64) AppleWebKit/534+ (KHTML, like Gecko) BingPreview/1.0b"
40.77.188.238 - - [05/May/2018:22:39:48 -0400] "GET /modules/node/node.css?p7r9uw HTTP/1.1" 200 417 "http://www.nspw.org/2014/cfp" "Mozilla/5.0 (Windows NT 6.1; WOW64) AppleWebKit/534+ (KHTML, like Gecko) BingPreview/1.0b"
40.77.188.238 - - [05/May/2018:22:39:48 -0400] "GET /themes/garland/print.css?p7r9uw HTTP/1.1" 200 716 "http://www.nspw.org/2014/cfp" "Mozilla/5.0 (Windows NT 6.1; WOW64) AppleWebKit/534+ (KHTML, like Gecko) BingPreview/1.0b"
40.77.188.238 - - [05/May/2018:22:39:48 -0400] "GET /themes/garland/style.css?p7r9uw HTTP/1.1" 200 5315 "http://www.nspw.org/2014/cfp" "Mozilla/5.0 (Windows NT 6.1; WOW64) AppleWebKit/534+ (KHTML, like Gecko) BingPreview/1.0b"
40.77.188.238 - - [05/May/2018:22:39:48 -0400] "GET /misc/jquery.js?v=1.4.4 HTTP/1.1" 200 27546 "http://www.nspw.org/2014/cfp" "Mozilla/5.0 (Windows NT 6.1; WOW64) AppleWebKit/534+ (KHTML, like Gecko) BingPreview/1.0b"
40.77.188.238 - - [05/May/2018:22:39:49 -0400] "GET /misc/jquery.once.js?v=1.2 HTTP/1.1" 200 1390 "http://www.nspw.org/2014/cfp" "Mozilla/5.0 (Windows NT 6.1; WOW64) AppleWebKit/534+ (KHTML, like Gecko) BingPreview/1.0b"
40.77.188.238 - - [05/May/2018:22:39:49 -0400] "GET /misc/drupal.js?p7r9uw HTTP/1.1" 200 7317 "http://www.nspw.org/2014/cfp" "Mozilla/5.0 (Windows NT 6.1; WOW64) AppleWebKit/534+ (KHTML, like Gecko) BingPreview/1.0b"
207.46.13.83 - - [05/May/2018:22:39:52 -0400] "GET /2014/cfp HTTP/1.1" 200 8505 "-" "Mozilla/5.0 (compatible; bingbot/2.0; +http://www.bing.com/bingbot.htm)"
66.249.64.17 - - [05/May/2018:22:39:57 -0400] "GET /2014/sponsors HTTP/1.1" 200 6346 "-" "Mozilla/5.0 (compatible; Googlebot/2.1; +http://www.google.com/bot.html)"
69.162.124.227 - - [05/May/2018:22:40:06 -0400] "HEAD / HTTP/1.1" 200 3874 "http://nspw.org/" "Mozilla/5.0+(compatible; UptimeRobot/2.0; http://www.uptimerobot.com/)"
130.0.8.45 - - [05/May/2018:22:40:34 -0400] "GET /wp-login.php HTTP/1.1" 404 7491 "-" "Mozilla/5.0 (Windows NT 6.1; WOW64; rv:40.0) Gecko/20100101 Firefox/40.1"
130.0.8.45 - - [05/May/2018:22:40:35 -0400] "GET / HTTP/1.1" 200 8218 "-" "Mozilla/5.0 (Windows NT 6.1; WOW64; rv:40.0) Gecko/20100101 Firefox/40.1"
207.46.13.136 - - [05/May/2018:22:41:19 -0400] "GET /papers/2003/nspw2003-jones.pdf HTTP/1.1" 200 723780 "-" "Mozilla/5.0 (iPhone; CPU iPhone OS 7_0 like Mac OS X) AppleWebKit/537.51.1 (KHTML, like Gecko) Version/7.0 Mobile/11A465 Safari/9537.53 (compatible; bingbot/2.0; +http://www.bing.com/bingbot.htm)"
183.87.160.226 - - [05/May/2018:22:41:49 -0400] "GET /wp-login.php HTTP/1.1" 404 7839 "-" "Mozilla/5.0 (Windows NT 6.1; WOW64; rv:40.0) Gecko/20100101 Firefox/40.1"
183.87.160.226 - - [05/May/2018:22:41:51 -0400] "GET / HTTP/1.1" 200 8218 "-" "Mozilla/5.0 (Windows NT 6.1; WOW64; rv:40.0) Gecko/20100101 Firefox/40.1"
180.76.15.162 - - [05/May/2018:22:44:35 -0400] "GET /2011/organizers HTTP/1.1" 200 13736 "-" "Mozilla/5.0 (compatible; Baiduspider/2.0; +http://www.baidu.com/search/spider.html)"
69.162.124.227 - - [05/May/2018:22:45:06 -0400] "HEAD / HTTP/1.1" 200 3874 "http://nspw.org/" "Mozilla/5.0+(compatible; UptimeRobot/2.0; http://www.uptimerobot.com/)"
77.88.47.40 - - [05/May/2018:22:48:05 -0400] "GET /papers/2013/nspw2013-castro.pdf HTTP/1.1" 200 347039 "-" "Mozilla/5.0 (compatible; YandexBot/3.0; +http://yandex.com/bots)"
123.125.71.72 - - [05/May/2018:22:49:03 -0400] "GET / HTTP/1.1" 200 11573 "-" "Mozilla/5.0 (compatible; Baiduspider/2.0; +http://www.baidu.com/search/spider.html)"
77.88.47.40 - - [05/May/2018:22:49:22 -0400] "GET /papers/1999/?C=M;O=A HTTP/1.1" 200 4390 "-" "Mozilla/5.0 (compatible; YandexBot/3.0; +http://yandex.com/bots)"
69.162.124.227 - - [05/May/2018:22:50:06 -0400] "HEAD / HTTP/1.1" 200 3874 "http://nspw.org/" "Mozilla/5.0+(compatible; UptimeRobot/2.0; http://www.uptimerobot.com/)"
211.228.247.77 - - [05/May/2018:22:50:33 -0400] "GET /wp-login.php HTTP/1.1" 404 7985 "-" "Mozilla/5.0 (Windows NT 6.1; WOW64; rv:40.0) Gecko/20100101 Firefox/40.1"
211.228.247.77 - - [05/May/2018:22:50:33 -0400] "GET / HTTP/1.1" 200 8206 "-" "Mozilla/5.0 (Windows NT 6.1; WOW64; rv:40.0) Gecko/20100101 Firefox/40.1"
77.88.47.40 - - [05/May/2018:22:50:38 -0400] "GET /papers/2002/nspw2002-inoue.pdf HTTP/1.1" 200 872529 "-" "Mozilla/5.0 (compatible; YandexBot/3.0; +http://yandex.com/bots)"
69.162.124.227 - - [05/May/2018:22:55:06 -0400] "HEAD / HTTP/1.1" 200 3874 "http://nspw.org/" "Mozilla/5.0+(compatible; UptimeRobot/2.0; http://www.uptimerobot.com/)"
69.162.124.227 - - [05/May/2018:23:00:06 -0400] "HEAD / HTTP/1.1" 200 3874 "http://nspw.org/" "Mozilla/5.0+(compatible; UptimeRobot/2.0; http://www.uptimerobot.com/)"
40.77.167.64 - - [05/May/2018:23:01:11 -0400] "GET / HTTP/1.1" 200 7080 "-" "Mozilla/5.0 (compatible; bingbot/2.0; +http://www.bing.com/bingbot.htm)"
77.88.47.40 - - [05/May/2018:23:03:09 -0400] "GET /2011/program HTTP/1.1" 200 6700 "-" "Mozilla/5.0 (compatible; YandexBot/3.0; +http://yandex.com/bots)"
77.88.47.40 - - [05/May/2018:23:03:12 -0400] "GET /proceedings/2011 HTTP/1.1" 200 3572 "-" "Mozilla/5.0 (compatible; YandexBot/3.0; +http://yandex.com/bots)"
