66.249.73.87 - - [26/Apr/2018:06:25:05 -0400] "GET /1999/program.html HTTP/1.1" 304 3604 "-" "Mozilla/5.0 (compatible; Googlebot/2.1; +http://www.google.com/bot.html)"
180.76.15.19 - - [26/Apr/2018:06:25:29 -0400] "GET /node/8 HTTP/1.1" 200 14227 "-" "Mozilla/5.0 (compatible; Baiduspider/2.0; +http://www.baidu.com/search/spider.html)"
69.162.124.227 - - [26/Apr/2018:06:25:41 -0400] "HEAD / HTTP/1.1" 200 3874 "http://nspw.org/" "Mozilla/5.0+(compatible; UptimeRobot/2.0; http://www.uptimerobot.com/)"
85.115.54.202 - - [26/Apr/2018:06:26:11 -0400] "GET /papers/2011/nspw2011-bishop.pdf HTTP/1.1" 200 572730 "https://www.google.co.uk/" "Mozilla/5.0 (Windows NT 10.0; Win64; x64) AppleWebKit/537.36 (KHTML, like Gecko) Chrome/66.0.3359.117 Safari/537.36"
85.115.54.202 - - [26/Apr/2018:06:26:12 -0400] "GET /favicon.ico HTTP/1.1" 404 700 "https://www.nspw.org/papers/2011/nspw2011-bishop.pdf" "Mozilla/5.0 (Windows NT 10.0; Win64; x64) AppleWebKit/537.36 (KHTML, like Gecko) Chrome/66.0.3359.117 Safari/537.36"
180.76.15.29 - - [26/Apr/2018:06:26:29 -0400] "GET /2009/pc.shtml HTTP/1.1" 200 9160 "-" "Mozilla/5.0 (compatible; Baiduspider/2.0; +http://www.baidu.com/search/spider.html)"
106.51.28.123 - - [26/Apr/2018:06:26:43 -0400] "GET /wp-login.php HTTP/1.1" 404 7491 "-" "Mozilla/5.0 (Windows NT 6.1; WOW64; rv:40.0) Gecko/20100101 Firefox/40.1"
106.51.28.123 - - [26/Apr/2018:06:26:43 -0400] "GET / HTTP/1.1" 200 8218 "-" "Mozilla/5.0 (Windows NT 6.1; WOW64; rv:40.0) Gecko/20100101 Firefox/40.1"
66.249.73.89 - - [26/Apr/2018:06:26:49 -0400] "GET /node/53 HTTP/1.1" 200 6921 "-" "Mozilla/5.0 (compatible; Googlebot/2.1; +http://www.google.com/bot.html)"
180.76.15.13 - - [26/Apr/2018:06:27:29 -0400] "GET /2005/cfp/CFP.aux HTTP/1.1" 200 3659 "-" "Mozilla/5.0 (compatible; Baiduspider/2.0; +http://www.baidu.com/search/spider.html)"
66.249.73.91 - - [26/Apr/2018:06:27:41 -0400] "GET /2009/submission.shtml HTTP/1.1" 200 5246 "-" "Mozilla/5.0 (compatible; Googlebot/2.1; +http://www.google.com/bot.html)"
180.76.15.141 - - [26/Apr/2018:06:28:29 -0400] "GET /2009/proceedings/2001/?C=D;O=D HTTP/1.1" 200 8145 "-" "Mozilla/5.0 (compatible; Baiduspider/2.0; +http://www.baidu.com/search/spider.html)"
66.249.73.87 - - [26/Apr/2018:06:28:33 -0400] "GET /2008/pc.content HTTP/1.1" 304 3604 "-" "Mozilla/5.0 (compatible; Googlebot/2.1; +http://www.google.com/bot.html)"
173.45.86.10 - - [26/Apr/2018:06:29:09 -0400] "GET /papers/2011/nspw2011%E2%80%90feigenbaum.pdf HTTP/1.1" 404 8260 "-" "Mozilla/5.0 (compatible; MSIE 10.0; Windows NT 6.1; Trident/6.0) LinkCheck by Siteimprove.com"
66.249.73.91 - - [26/Apr/2018:06:29:25 -0400] "GET /2015/program HTTP/1.1" 200 7463 "-" "Mozilla/5.0 (compatible; Googlebot/2.1; +http://www.google.com/bot.html)"
180.76.15.157 - - [26/Apr/2018:06:29:29 -0400] "GET /papers/2004/?C=M;O=A HTTP/1.1" 200 7281 "-" "Mozilla/5.0 (compatible; Baiduspider/2.0; +http://www.baidu.com/search/spider.html)"
66.249.73.89 - - [26/Apr/2018:06:30:17 -0400] "GET /2003/hold/oc.shtml HTTP/1.1" 200 5593 "-" "Mozilla/5.0 (compatible; Googlebot/2.1; +http://www.google.com/bot.html)"
180.76.15.163 - - [26/Apr/2018:06:30:29 -0400] "GET /2007/local.shtml HTTP/1.1" 200 9819 "-" "Mozilla/5.0 (compatible; Baiduspider/2.0; +http://www.baidu.com/search/spider.html)"
69.162.124.227 - - [26/Apr/2018:06:30:41 -0400] "HEAD / HTTP/1.1" 200 3874 "http://nspw.org/" "Mozilla/5.0+(compatible; UptimeRobot/2.0; http://www.uptimerobot.com/)"
66.249.73.89 - - [26/Apr/2018:06:31:08 -0400] "GET /2012/2012/submissions HTTP/1.1" 404 8026 "-" "Mozilla/5.0 (compatible; Googlebot/2.1; +http://www.google.com/bot.html)"
41.235.124.26 - - [26/Apr/2018:06:31:14 -0400] "GET /wp-login.php HTTP/1.1" 404 7491 "-" "Mozilla/5.0 (Windows NT 6.1; WOW64; rv:40.0) Gecko/20100101 Firefox/40.1"
41.235.124.26 - - [26/Apr/2018:06:31:15 -0400] "GET / HTTP/1.1" 200 8218 "-" "Mozilla/5.0 (Windows NT 6.1; WOW64; rv:40.0) Gecko/20100101 Firefox/40.1"
66.249.73.91 - - [26/Apr/2018:06:32:00 -0400] "GET /papers/2003/nspw2003-alkassar.pdf HTTP/1.1" 200 787955 "-" "Mozilla/5.0 (compatible; Googlebot/2.1; +http://www.google.com/bot.html)"
66.249.73.87 - - [26/Apr/2018:06:32:52 -0400] "GET /papers/2010/nspw2010-moore.pdf HTTP/1.1" 200 741159 "-" "Mozilla/5.0 (compatible; Googlebot/2.1; +http://www.google.com/bot.html)"
66.249.73.87 - - [26/Apr/2018:06:33:43 -0400] "GET /2017/cfp HTTP/1.1" 200 8989 "-" "Mozilla/5.0 (compatible; Googlebot/2.1; +http://www.google.com/bot.html)"
220.240.93.152 - - [26/Apr/2018:06:34:10 -0400] "GET / HTTP/1.1" 200 11592 "-" "axios/0.18.0"
66.249.73.89 - - [26/Apr/2018:06:34:36 -0400] "GET /papers/2005/nspw2005-taylor-panel.pdf HTTP/1.1" 200 1269405 "-" "Mozilla/5.0 (compatible; Googlebot/2.1; +http://www.google.com/bot.html)"
66.249.73.91 - - [26/Apr/2018:06:35:28 -0400] "GET /papers/2011/nspw2011-bicakci.pdf HTTP/1.1" 200 493585 "-" "Mozilla/5.0 (compatible; Googlebot/2.1; +http://www.google.com/bot.html)"
69.162.124.227 - - [26/Apr/2018:06:35:41 -0400] "HEAD / HTTP/1.1" 200 3874 "http://nspw.org/" "Mozilla/5.0+(compatible; UptimeRobot/2.0; http://www.uptimerobot.com/)"
66.249.73.89 - - [26/Apr/2018:06:36:12 -0400] "GET /favicon.ico HTTP/1.1" 404 4094 "-" "Googlebot-Image/1.0"
66.249.73.87 - - [26/Apr/2018:06:36:19 -0400] "GET /papers/1994/nspw1994-castano.pdf HTTP/1.1" 200 638901 "-" "Mozilla/5.0 (compatible; Googlebot/2.1; +http://www.google.com/bot.html)"
66.249.73.87 - - [26/Apr/2018:06:37:11 -0400] "GET /papers/2005/nspw2005-taylor-pos.pdf HTTP/1.1" 200 464271 "-" "Mozilla/5.0 (compatible; Googlebot/2.1; +http://www.google.com/bot.html)"
66.249.73.89 - - [26/Apr/2018:06:38:03 -0400] "GET /papers/1993/nspw1993-meadows.pdf HTTP/1.1" 200 322223 "-" "Mozilla/5.0 (compatible; Googlebot/2.1; +http://www.google.com/bot.html)"
54.70.40.11 - - [26/Apr/2018:06:38:53 -0400] "GET /robots.txt HTTP/1.1" 200 4286 "-" "Mozilla/5.0 (compatible) SemanticScholarBot (+https://www.semanticscholar.org/crawler)"
66.249.73.89 - - [26/Apr/2018:06:38:54 -0400] "GET /node/70 HTTP/1.1" 200 7006 "-" "Mozilla/5.0 (compatible; Googlebot/2.1; +http://www.google.com/bot.html)"
66.249.73.87 - - [26/Apr/2018:06:39:47 -0400] "GET /papers/2011/nspw2011-du.pdf HTTP/1.1" 200 658178 "-" "Mozilla/5.0 (compatible; Googlebot/2.1; +http://www.google.com/bot.html)"
54.70.40.11 - - [26/Apr/2018:06:39:54 -0400] "GET /papers/2013/nspw2013-peisert.pdf HTTP/1.1" 200 711806 "-" "Mozilla/5.0 (compatible) SemanticScholarBot (+https://www.semanticscholar.org/crawler)"
116.74.150.254 - - [26/Apr/2018:06:40:16 -0400] "GET /wp-login.php HTTP/1.1" 404 7491 "-" "Mozilla/5.0 (Windows NT 6.1; WOW64; rv:40.0) Gecko/20100101 Firefox/40.1"
116.74.150.254 - - [26/Apr/2018:06:40:17 -0400] "GET / HTTP/1.1" 200 8218 "-" "Mozilla/5.0 (Windows NT 6.1; WOW64; rv:40.0) Gecko/20100101 Firefox/40.1"
66.249.73.91 - - [26/Apr/2018:06:40:38 -0400] "GET /papers/2005/nspw2005-van_oorschot.pdf HTTP/1.1" 200 2313784 "-" "Mozilla/5.0 (compatible; Googlebot/2.1; +http://www.google.com/bot.html)"
69.162.124.227 - - [26/Apr/2018:06:40:41 -0400] "HEAD / HTTP/1.1" 200 3874 "http://nspw.org/" "Mozilla/5.0+(compatible; UptimeRobot/2.0; http://www.uptimerobot.com/)"
54.70.40.11 - - [26/Apr/2018:06:40:57 -0400] "GET /papers/2012/docs/p15.pdf HTTP/1.1" 200 634314 "-" "Mozilla/5.0 (compatible) SemanticScholarBot (+https://www.semanticscholar.org/crawler)"
54.70.40.11 - - [26/Apr/2018:06:41:08 -0400] "GET /papers/2010/nspw2010-bishop.pdf HTTP/1.1" 200 659871 "-" "Mozilla/5.0 (compatible) SemanticScholarBot (+https://www.semanticscholar.org/crawler)"
125.209.235.170 - - [26/Apr/2018:06:41:13 -0400] "GET /2002 HTTP/1.1" 301 3944 "-" "Mozilla/5.0 (compatible; Yeti/1.1; +http://naver.me/spd)"
54.70.40.11 - - [26/Apr/2018:06:41:23 -0400] "GET /papers/2009/nspw2009-peisert.pdf HTTP/1.1" 200 1015403 "-" "Mozilla/5.0 (compatible) SemanticScholarBot (+https://www.semanticscholar.org/crawler)"
54.70.40.11 - - [26/Apr/2018:06:41:25 -0400] "GET /papers/2008/nspw2008-bishop.pdf HTTP/1.1" 200 485644 "-" "Mozilla/5.0 (compatible) SemanticScholarBot (+https://www.semanticscholar.org/crawler)"
66.249.73.89 - - [26/Apr/2018:06:41:30 -0400] "GET /2016/organizers HTTP/1.1" 200 7171 "-" "Mozilla/5.0 (compatible; Googlebot/2.1; +http://www.google.com/bot.html)"
54.70.40.11 - - [26/Apr/2018:06:41:41 -0400] "GET /2018 HTTP/1.1" 200 6685 "-" "Mozilla/5.0 (compatible) SemanticScholarBot (+https://www.semanticscholar.org/crawler)"
54.70.40.11 - - [26/Apr/2018:06:41:42 -0400] "GET /2017/ HTTP/1.1" 200 3601 "-" "Mozilla/5.0 (compatible) SemanticScholarBot (+https://www.semanticscholar.org/crawler)"
54.70.40.11 - - [26/Apr/2018:06:41:44 -0400] "GET /2013/ HTTP/1.1" 200 3345 "-" "Mozilla/5.0 (compatible) SemanticScholarBot (+https://www.semanticscholar.org/crawler)"
54.70.40.11 - - [26/Apr/2018:06:41:38 -0400] "GET /papers/2005/nspw2005-peisert.pdf HTTP/1.1" 200 3064892 "-" "Mozilla/5.0 (compatible) SemanticScholarBot (+https://www.semanticscholar.org/crawler)"
54.70.40.11 - - [26/Apr/2018:06:41:46 -0400] "GET /2012/ HTTP/1.1" 200 3426 "-" "Mozilla/5.0 (compatible) SemanticScholarBot (+https://www.semanticscholar.org/crawler)"
54.70.40.11 - - [26/Apr/2018:06:41:47 -0400] "GET /2011 HTTP/1.1" 200 3470 "-" "Mozilla/5.0 (compatible) SemanticScholarBot (+https://www.semanticscholar.org/crawler)"
54.70.40.11 - - [26/Apr/2018:06:41:48 -0400] "GET /2010/ HTTP/1.1" 200 3493 "-" "Mozilla/5.0 (compatible) SemanticScholarBot (+https://www.semanticscholar.org/crawler)"
54.70.40.11 - - [26/Apr/2018:06:41:50 -0400] "GET /2009/ HTTP/1.1" 200 1932 "-" "Mozilla/5.0 (compatible) SemanticScholarBot (+https://www.semanticscholar.org/crawler)"
54.70.40.11 - - [26/Apr/2018:06:41:53 -0400] "GET /2005/ HTTP/1.1" 200 1961 "-" "Mozilla/5.0 (compatible) SemanticScholarBot (+https://www.semanticscholar.org/crawler)"
54.70.40.11 - - [26/Apr/2018:06:41:54 -0400] "GET / HTTP/1.1" 200 3154 "-" "Mozilla/5.0 (compatible) SemanticScholarBot (+https://www.semanticscholar.org/crawler)"
66.249.73.91 - - [26/Apr/2018:06:42:22 -0400] "GET /papers/1993/nspw1993-thuraisingham.pdf HTTP/1.1" 200 531515 "-" "Mozilla/5.0 (compatible; Googlebot/2.1; +http://www.google.com/bot.html)"
66.249.73.91 - - [26/Apr/2018:06:43:13 -0400] "GET /2017/location HTTP/1.1" 200 6143 "-" "Mozilla/5.0 (Linux; Android 6.0.1; Nexus 5X Build/MMB29P) AppleWebKit/537.36 (KHTML, like Gecko) Chrome/41.0.2272.96 Mobile Safari/537.36 (compatible; Googlebot/2.1; +http://www.google.com/bot.html)"
66.249.73.87 - - [26/Apr/2018:06:44:05 -0400] "GET /2016/organizers HTTP/1.1" 200 7173 "-" "Mozilla/5.0 (Linux; Android 6.0.1; Nexus 5X Build/MMB29P) AppleWebKit/537.36 (KHTML, like Gecko) Chrome/41.0.2272.96 Mobile Safari/537.36 (compatible; Googlebot/2.1; +http://www.google.com/bot.html)"
216.244.66.200 - - [26/Apr/2018:06:44:08 -0400] "GET /robots.txt HTTP/1.1" 200 5796 "-" "Mozilla/5.0 (compatible; DotBot/1.1; http://www.opensiteexplorer.org/dotbot, help@moz.com)"
121.30.16.26 - - [26/Apr/2018:06:44:13 -0400] "GET /themes/bartik/color/preview.html HTTP/1.1" 200 4527 "-" "Mozilla/5.0 (Linux; U; Android 4.4.4; zh-cn; vivo X5S L Build/KTU84P) AppleWebKit/534.24 (KHTML, like Gecko) Version/4.0 Mobile Safari/534.24"
66.249.73.87 - - [26/Apr/2018:06:44:57 -0400] "GET /papers/2005/nspw2005-ford.pdf HTTP/1.1" 200 2046407 "-" "Mozilla/5.0 (compatible; Googlebot/2.1; +http://www.google.com/bot.html)"
216.244.66.236 - - [26/Apr/2018:06:45:22 -0400] "GET /robots.txt HTTP/1.1" 200 5796 "-" "Mozilla/5.0 (compatible; DotBot/1.1; http://www.opensiteexplorer.org/dotbot, help@moz.com)"
69.162.124.227 - - [26/Apr/2018:06:45:41 -0400] "HEAD / HTTP/1.1" 200 3874 "http://nspw.org/" "Mozilla/5.0+(compatible; UptimeRobot/2.0; http://www.uptimerobot.com/)"
66.249.73.91 - - [26/Apr/2018:06:45:49 -0400] "GET /1999/photos.html HTTP/1.1" 304 3603 "-" "Mozilla/5.0 (compatible; Googlebot/2.1; +http://www.google.com/bot.html)"
66.249.73.91 - - [26/Apr/2018:06:46:41 -0400] "GET /papers/2009/nspw2009-misra.pdf HTTP/1.1" 200 432755 "-" "Mozilla/5.0 (compatible; Googlebot/2.1; +http://www.google.com/bot.html)"
54.152.99.26 - - [26/Apr/2018:06:47:21 -0400] "GET /papers/2013/nspw2013-peisert.pdf HTTP/1.1" 200 712053 "-" "python-requests/2.18.4"
66.249.73.91 - - [26/Apr/2018:06:47:33 -0400] "GET /papers/1999/nspw1999-timmerman.pdf HTTP/1.1" 200 871296 "-" "Mozilla/5.0 (compatible; Googlebot/2.1; +http://www.google.com/bot.html)"
185.114.94.12 - - [26/Apr/2018:06:47:39 -0400] "GET /wp-login.php HTTP/1.1" 404 7491 "-" "Mozilla/5.0 (Windows NT 6.1; WOW64; rv:40.0) Gecko/20100101 Firefox/40.1"
185.114.94.12 - - [26/Apr/2018:06:47:41 -0400] "GET / HTTP/1.1" 200 8218 "-" "Mozilla/5.0 (Windows NT 6.1; WOW64; rv:40.0) Gecko/20100101 Firefox/40.1"
79.207.186.126 - - [26/Apr/2018:06:47:58 -0400] "GET /wp-login.php HTTP/1.1" 404 7839 "-" "Mozilla/5.0 (Windows NT 6.1; WOW64; rv:40.0) Gecko/20100101 Firefox/40.1"
79.207.186.126 - - [26/Apr/2018:06:47:59 -0400] "GET / HTTP/1.1" 200 8218 "-" "Mozilla/5.0 (Windows NT 6.1; WOW64; rv:40.0) Gecko/20100101 Firefox/40.1"
78.250.40.177 - - [26/Apr/2018:06:48:11 -0400] "GET /wp-login.php HTTP/1.1" 404 7491 "-" "Mozilla/5.0 (Windows NT 6.1; WOW64; rv:40.0) Gecko/20100101 Firefox/40.1"
78.250.40.177 - - [26/Apr/2018:06:48:12 -0400] "GET / HTTP/1.1" 200 8218 "-" "Mozilla/5.0 (Windows NT 6.1; WOW64; rv:40.0) Gecko/20100101 Firefox/40.1"
157.55.39.182 - - [26/Apr/2018:06:47:57 -0400] "GET /papers/1998/nspw1998-riechmann.pdf HTTP/1.1" 200 728093 "-" "Mozilla/5.0 (iPhone; CPU iPhone OS 7_0 like Mac OS X) AppleWebKit/537.51.1 (KHTML, like Gecko) Version/7.0 Mobile/11A465 Safari/9537.53 (compatible; bingbot/2.0; +http://www.bing.com/bingbot.htm)"
66.249.73.91 - - [26/Apr/2018:06:48:24 -0400] "GET /proceedings/2008 HTTP/1.1" 200 6908 "-" "Mozilla/5.0 (compatible; Googlebot/2.1; +http://www.google.com/bot.html)"
70.42.131.170 - - [26/Apr/2018:06:49:11 -0400] "GET / HTTP/1.1" 200 6620 "-" "Mozilla/4.0 (compatible; MSIE 8.0; Windows NT 6.1; WOW64; Trident/4.0; SLCC2; .NET CLR 2.0.50727; .NET CLR 3.5.30729; .NET CLR 3.0.30729; Media Center PC 6.0; .NET4.0C; .NET4.0E; InfoPath.2)"
70.42.131.170 - - [26/Apr/2018:06:49:12 -0400] "GET /modules/system/system.base.css?p7r9uw HTTP/1.1" 200 2307 "-" "Mozilla/4.0 (compatible; MSIE 8.0; Windows NT 6.1; WOW64; Trident/4.0; SLCC2; .NET CLR 2.0.50727; .NET CLR 3.5.30729; .NET CLR 3.0.30729; Media Center PC 6.0; .NET4.0C; .NET4.0E; InfoPath.2)"
70.42.131.170 - - [26/Apr/2018:06:49:12 -0400] "GET /modules/system/system.menus.css?p7r9uw HTTP/1.1" 200 1025 "-" "Mozilla/4.0 (compatible; MSIE 8.0; Windows NT 6.1; WOW64; Trident/4.0; SLCC2; .NET CLR 2.0.50727; .NET CLR 3.5.30729; .NET CLR 3.0.30729; Media Center PC 6.0; .NET4.0C; .NET4.0E; InfoPath.2)"
70.42.131.170 - - [26/Apr/2018:06:49:12 -0400] "GET /modules/system/system.messages.css?p7r9uw HTTP/1.1" 200 746 "-" "Mozilla/4.0 (compatible; MSIE 8.0; Windows NT 6.1; WOW64; Trident/4.0; SLCC2; .NET CLR 2.0.50727; .NET CLR 3.5.30729; .NET CLR 3.0.30729; Media Center PC 6.0; .NET4.0C; .NET4.0E; InfoPath.2)"
70.42.131.170 - - [26/Apr/2018:06:49:12 -0400] "GET /modules/system/system.theme.css?p7r9uw HTTP/1.1" 200 1742 "-" "Mozilla/4.0 (compatible; MSIE 8.0; Windows NT 6.1; WOW64; Trident/4.0; SLCC2; .NET CLR 2.0.50727; .NET CLR 3.5.30729; .NET CLR 3.0.30729; Media Center PC 6.0; .NET4.0C; .NET4.0E; InfoPath.2)"
70.42.131.170 - - [26/Apr/2018:06:49:12 -0400] "GET /modules/comment/comment.css?p7r9uw HTTP/1.1" 200 505 "-" "Mozilla/4.0 (compatible; MSIE 8.0; Windows NT 6.1; WOW64; Trident/4.0; SLCC2; .NET CLR 2.0.50727; .NET CLR 3.5.30729; .NET CLR 3.0.30729; Media Center PC 6.0; .NET4.0C; .NET4.0E; InfoPath.2)"
70.42.131.170 - - [26/Apr/2018:06:49:12 -0400] "GET /modules/field/theme/field.css?p7r9uw HTTP/1.1" 200 599 "-" "Mozilla/4.0 (compatible; MSIE 8.0; Windows NT 6.1; WOW64; Trident/4.0; SLCC2; .NET CLR 2.0.50727; .NET CLR 3.5.30729; .NET CLR 3.0.30729; Media Center PC 6.0; .NET4.0C; .NET4.0E; InfoPath.2)"
70.42.131.170 - - [26/Apr/2018:06:49:12 -0400] "GET /modules/node/node.css?p7r9uw HTTP/1.1" 200 629 "-" "Mozilla/4.0 (compatible; MSIE 8.0; Windows NT 6.1; WOW64; Trident/4.0; SLCC2; .NET CLR 2.0.50727; .NET CLR 3.5.30729; .NET CLR 3.0.30729; Media Center PC 6.0; .NET4.0C; .NET4.0E; InfoPath.2)"
70.42.131.170 - - [26/Apr/2018:06:49:12 -0400] "GET /modules/user/user.css?p7r9uw HTTP/1.1" 200 1219 "-" "Mozilla/4.0 (compatible; MSIE 8.0; Windows NT 6.1; WOW64; Trident/4.0; SLCC2; .NET CLR 2.0.50727; .NET CLR 3.5.30729; .NET CLR 3.0.30729; Media Center PC 6.0; .NET4.0C; .NET4.0E; InfoPath.2)"
70.42.131.170 - - [26/Apr/2018:06:49:12 -0400] "GET /themes/garland/style.css?p7r9uw HTTP/1.1" 200 5370 "-" "Mozilla/4.0 (compatible; MSIE 8.0; Windows NT 6.1; WOW64; Trident/4.0; SLCC2; .NET CLR 2.0.50727; .NET CLR 3.5.30729; .NET CLR 3.0.30729; Media Center PC 6.0; .NET4.0C; .NET4.0E; InfoPath.2)"
70.42.131.170 - - [26/Apr/2018:06:49:12 -0400] "GET /themes/garland/print.css?p7r9uw HTTP/1.1" 200 771 "-" "Mozilla/4.0 (compatible; MSIE 8.0; Windows NT 6.1; WOW64; Trident/4.0; SLCC2; .NET CLR 2.0.50727; .NET CLR 3.5.30729; .NET CLR 3.0.30729; Media Center PC 6.0; .NET4.0C; .NET4.0E; InfoPath.2)"
70.42.131.170 - - [26/Apr/2018:06:49:12 -0400] "GET /misc/jquery.once.js?v=1.2 HTTP/1.1" 200 1445 "-" "Mozilla/4.0 (compatible; MSIE 8.0; Windows NT 6.1; WOW64; Trident/4.0; SLCC2; .NET CLR 2.0.50727; .NET CLR 3.5.30729; .NET CLR 3.0.30729; Media Center PC 6.0; .NET4.0C; .NET4.0E; InfoPath.2)"
70.42.131.170 - - [26/Apr/2018:06:49:12 -0400] "GET /misc/drupal.js?p7r9uw HTTP/1.1" 200 7372 "-" "Mozilla/4.0 (compatible; MSIE 8.0; Windows NT 6.1; WOW64; Trident/4.0; SLCC2; .NET CLR 2.0.50727; .NET CLR 3.5.30729; .NET CLR 3.0.30729; Media Center PC 6.0; .NET4.0C; .NET4.0E; InfoPath.2)"
70.42.131.170 - - [26/Apr/2018:06:49:12 -0400] "GET /misc/jquery.js?v=1.4.4 HTTP/1.1" 200 27601 "-" "Mozilla/4.0 (compatible; MSIE 8.0; Windows NT 6.1; WOW64; Trident/4.0; SLCC2; .NET CLR 2.0.50727; .NET CLR 3.5.30729; .NET CLR 3.0.30729; Media Center PC 6.0; .NET4.0C; .NET4.0E; InfoPath.2)"
70.42.131.170 - - [26/Apr/2018:06:49:13 -0400] "GET /sites/default/files/nspw-logo-smaller.jpg HTTP/1.1" 200 2534 "-" "Mozilla/4.0 (compatible; MSIE 8.0; Windows NT 6.1; WOW64; Trident/4.0; SLCC2; .NET CLR 2.0.50727; .NET CLR 3.5.30729; .NET CLR 3.0.30729; Media Center PC 6.0; .NET4.0C; .NET4.0E; InfoPath.2)"
70.42.131.170 - - [26/Apr/2018:06:49:13 -0400] "GET /themes/garland/images/body.png HTTP/1.1" 200 993 "-" "Mozilla/4.0 (compatible; MSIE 8.0; Windows NT 6.1; WOW64; Trident/4.0; SLCC2; .NET CLR 2.0.50727; .NET CLR 3.5.30729; .NET CLR 3.0.30729; Media Center PC 6.0; .NET4.0C; .NET4.0E; InfoPath.2)"
70.42.131.170 - - [26/Apr/2018:06:49:13 -0400] "GET /themes/garland/images/bg-content.png HTTP/1.1" 200 798 "-" "Mozilla/4.0 (compatible; MSIE 8.0; Windows NT 6.1; WOW64; Trident/4.0; SLCC2; .NET CLR 2.0.50727; .NET CLR 3.5.30729; .NET CLR 3.0.30729; Media Center PC 6.0; .NET4.0C; .NET4.0E; InfoPath.2)"
70.42.131.170 - - [26/Apr/2018:06:49:13 -0400] "GET /themes/garland/images/bg-content-right.png HTTP/1.1" 200 3162 "-" "Mozilla/4.0 (compatible; MSIE 8.0; Windows NT 6.1; WOW64; Trident/4.0; SLCC2; .NET CLR 2.0.50727; .NET CLR 3.5.30729; .NET CLR 3.0.30729; Media Center PC 6.0; .NET4.0C; .NET4.0E; InfoPath.2)"
70.42.131.170 - - [26/Apr/2018:06:49:13 -0400] "GET /themes/garland/images/bg-content-left.png HTTP/1.1" 200 3389 "-" "Mozilla/4.0 (compatible; MSIE 8.0; Windows NT 6.1; WOW64; Trident/4.0; SLCC2; .NET CLR 2.0.50727; .NET CLR 3.5.30729; .NET CLR 3.0.30729; Media Center PC 6.0; .NET4.0C; .NET4.0E; InfoPath.2)"
70.42.131.170 - - [26/Apr/2018:06:49:14 -0400] "GET /themes/garland/images/bg-navigation-item.png HTTP/1.1" 200 812 "-" "Mozilla/4.0 (compatible; MSIE 8.0; Windows NT 6.1; WOW64; Trident/4.0; SLCC2; .NET CLR 2.0.50727; .NET CLR 3.5.30729; .NET CLR 3.0.30729; Media Center PC 6.0; .NET4.0C; .NET4.0E; InfoPath.2)"
70.42.131.170 - - [26/Apr/2018:06:49:14 -0400] "GET /themes/garland/images/menu-expanded.gif HTTP/1.1" 200 495 "-" "Mozilla/4.0 (compatible; MSIE 8.0; Windows NT 6.1; WOW64; Trident/4.0; SLCC2; .NET CLR 2.0.50727; .NET CLR 3.5.30729; .NET CLR 3.0.30729; Media Center PC 6.0; .NET4.0C; .NET4.0E; InfoPath.2)"
70.42.131.170 - - [26/Apr/2018:06:49:14 -0400] "GET /themes/garland/images/menu-collapsed.gif HTTP/1.1" 200 488 "-" "Mozilla/4.0 (compatible; MSIE 8.0; Windows NT 6.1; WOW64; Trident/4.0; SLCC2; .NET CLR 2.0.50727; .NET CLR 3.5.30729; .NET CLR 3.0.30729; Media Center PC 6.0; .NET4.0C; .NET4.0E; InfoPath.2)"
70.42.131.170 - - [26/Apr/2018:06:49:14 -0400] "GET /themes/garland/images/bg-navigation-item-hover.png HTTP/1.1" 200 754 "-" "Mozilla/4.0 (compatible; MSIE 8.0; Windows NT 6.1; WOW64; Trident/4.0; SLCC2; .NET CLR 2.0.50727; .NET CLR 3.5.30729; .NET CLR 3.0.30729; Media Center PC 6.0; .NET4.0C; .NET4.0E; InfoPath.2)"
70.42.131.170 - - [26/Apr/2018:06:49:14 -0400] "GET /themes/garland/images/menu-leaf.gif HTTP/1.1" 200 486 "-" "Mozilla/4.0 (compatible; MSIE 8.0; Windows NT 6.1; WOW64; Trident/4.0; SLCC2; .NET CLR 2.0.50727; .NET CLR 3.5.30729; .NET CLR 3.0.30729; Media Center PC 6.0; .NET4.0C; .NET4.0E; InfoPath.2)"
66.249.73.89 - - [26/Apr/2018:06:49:16 -0400] "GET /proceedings/2002 HTTP/1.1" 200 6128 "-" "Mozilla/5.0 (compatible; Googlebot/2.1; +http://www.google.com/bot.html)"
66.249.73.87 - - [26/Apr/2018:06:50:08 -0400] "GET /papers/2005/nspw2005-frontmatter.pdf HTTP/1.1" 200 1584886 "-" "Mozilla/5.0 (compatible; Googlebot/2.1; +http://www.google.com/bot.html)"
88.198.90.9 - - [26/Apr/2018:06:50:14 -0400] "GET /papers/2002/nspw2002-williams.pdf HTTP/1.1" 200 1179747 "-" "Mozilla/5.0 (X11; Linux x86_64) AppleWebKit/537.36 (KHTML, like Gecko) Chrome/64.0.3282.119 Safari/537.36"
144.76.153.198 - - [26/Apr/2018:06:50:29 -0400] "GET /papers/2002/nspw2002-williams.pdf HTTP/1.1" 200 1179747 "-" "Mozilla/5.0 (Windows NT 6.1; WOW64) AppleWebKit/537.36 (KHTML, like Gecko) Chrome/63.0.3239.132 Safari/537.36"
69.162.124.227 - - [26/Apr/2018:06:50:41 -0400] "HEAD / HTTP/1.1" 200 3874 "http://nspw.org/" "Mozilla/5.0+(compatible; UptimeRobot/2.0; http://www.uptimerobot.com/)"
157.55.39.182 - - [26/Apr/2018:06:50:42 -0400] "GET /past HTTP/1.1" 200 6859 "-" "Mozilla/5.0 (compatible; bingbot/2.0; +http://www.bing.com/bingbot.htm)"
207.46.13.24 - - [26/Apr/2018:06:50:44 -0400] "GET /2018/organizers HTTP/1.1" 200 7433 "-" "Mozilla/5.0 (compatible; bingbot/2.0; +http://www.bing.com/bingbot.htm)"
5.9.17.118 - - [26/Apr/2018:06:50:44 -0400] "GET /papers/2002/nspw2002-williams.pdf HTTP/1.1" 200 1179747 "-" "Mozilla/5.0 (Macintosh; Intel Mac OS X 1084) AppleWebKit/536.28.10 (KHTML like Gecko) Version/6.0.3 Safari/536.28.10"
66.249.73.91 - - [26/Apr/2018:06:51:52 -0400] "GET /papers/2008/nspw2008-mannan.pdf HTTP/1.1" 200 387310 "-" "Mozilla/5.0 (compatible; Googlebot/2.1; +http://www.google.com/bot.html)"
125.209.235.184 - - [26/Apr/2018:06:51:54 -0400] "GET / HTTP/1.1" 200 6642 "-" "Mozilla/5.0 (compatible; Yeti/1.1; +http://naver.me/spd)"
125.209.235.186 - - [26/Apr/2018:06:51:55 -0400] "GET /sites/default/files/nspw-logo-smaller.jpg HTTP/1.1" 200 5901 "-" "Mozilla/5.0 (compatible; Yeti/1.1; +http://naver.me/spd)"
125.209.235.184 - - [26/Apr/2018:06:51:56 -0400] "GET /themes/garland/images/menu-expanded.gif HTTP/1.1" 200 742 "-" "Mozilla/5.0 (compatible; Yeti/1.1; +http://naver.me/spd)"
125.209.235.186 - - [26/Apr/2018:06:51:56 -0400] "GET /themes/garland/images/menu-collapsed.gif HTTP/1.1" 200 726 "-" "Mozilla/5.0 (compatible; Yeti/1.1; +http://naver.me/spd)"
125.209.235.172 - - [26/Apr/2018:06:51:56 -0400] "GET /themes/garland/images/body.png HTTP/1.1" 200 4328 "-" "Mozilla/5.0 (compatible; Yeti/1.1; +http://naver.me/spd)"
125.209.235.181 - - [26/Apr/2018:06:51:56 -0400] "GET /themes/garland/images/bg-navigation-item-hover.png HTTP/1.1" 200 4088 "-" "Mozilla/5.0 (compatible; Yeti/1.1; +http://naver.me/spd)"
125.209.235.169 - - [26/Apr/2018:06:51:57 -0400] "GET /themes/garland/images/menu-leaf.gif HTTP/1.1" 200 3816 "-" "Mozilla/5.0 (compatible; Yeti/1.1; +http://naver.me/spd)"
125.209.235.184 - - [26/Apr/2018:06:51:57 -0400] "GET /themes/garland/images/bg-content.png HTTP/1.1" 200 1046 "-" "Mozilla/5.0 (compatible; Yeti/1.1; +http://naver.me/spd)"
125.209.235.186 - - [26/Apr/2018:06:51:57 -0400] "GET /themes/garland/images/bg-content-right.png HTTP/1.1" 200 3451 "-" "Mozilla/5.0 (compatible; Yeti/1.1; +http://naver.me/spd)"
125.209.235.180 - - [26/Apr/2018:06:51:58 -0400] "GET /themes/garland/images/bg-navigation-item.png HTTP/1.1" 200 4152 "-" "Mozilla/5.0 (compatible; Yeti/1.1; +http://naver.me/spd)"
125.209.235.176 - - [26/Apr/2018:06:52:00 -0400] "GET /themes/garland/images/bg-content-left.png HTTP/1.1" 200 6605 "-" "Mozilla/5.0 (compatible; Yeti/1.1; +http://naver.me/spd)"
77.88.47.40 - - [26/Apr/2018:06:52:00 -0400] "GET /2009/proceedings/2001/?C=M;O=A HTTP/1.1" 200 4418 "-" "Mozilla/5.0 (compatible; YandexBot/3.0; +http://yandex.com/bots)"
125.209.235.184 - - [26/Apr/2018:06:52:03 -0400] "GET / HTTP/1.1" 200 3552 "-" "Mozilla/5.0 (compatible; Yeti/1.1; +http://naver.me/spd)"
52.36.204.2 - - [26/Apr/2018:06:52:03 -0400] "HEAD /papers/2009/nspw2009-tuerpe.pdf HTTP/1.1" 200 3710 "http://www.nspw.org/papers/2009/nspw2009-tuerpe.pdf" "Mozilla/5.0 (Windows NT 6.2; WOW64) AppleWebKit/537.36 (KHTML, like Gecko) Chrome/44.0.2403.157 UBrowser/5.5.9936.1231 Safari/537.36"
52.36.204.2 - - [26/Apr/2018:06:52:04 -0400] "GET /papers/2009/nspw2009-tuerpe.pdf HTTP/1.1" 200 372283 "http://www.nspw.org/papers/2009/nspw2009-tuerpe.pdf" "Mozilla/5.0 (Windows NT 6.1; WOW64; rv:52.0) Gecko/20100101 Firefox/52.0"
125.209.235.174 - - [26/Apr/2018:06:52:05 -0400] "GET /misc/jquery.once.js?v=1.2 HTTP/1.1" 200 4776 "http://www.nspw.org/2014/dates" "Mozilla/5.0 (compatible; Yeti/1.1; +http://naver.me/spd)"
125.209.235.168 - - [26/Apr/2018:06:52:05 -0400] "GET /misc/jquery.js?v=1.4.4 HTTP/1.1" 200 31201 "http://www.nspw.org/2014/dates" "Mozilla/5.0 (compatible; Yeti/1.1; +http://naver.me/spd)"
125.209.235.177 - - [26/Apr/2018:06:52:05 -0400] "GET /sites/default/files/nspw-logo-smaller.jpg HTTP/1.1" 200 5901 "http://www.nspw.org/2014/dates" "Mozilla/5.0 (compatible; Yeti/1.1; +http://naver.me/spd)"
125.209.235.171 - - [26/Apr/2018:06:52:05 -0400] "GET /misc/drupal.js?nhfa6e HTTP/1.1" 200 10802 "http://www.nspw.org/2014/dates" "Mozilla/5.0 (compatible; Yeti/1.1; +http://naver.me/spd)"
125.209.235.174 - - [26/Apr/2018:06:52:06 -0400] "GET /themes/garland/images/bg-content.png HTTP/1.1" 200 1046 "http://www.nspw.org/themes/garland/style.css?nhfa6e" "Mozilla/5.0 (compatible; Yeti/1.1; +http://naver.me/spd)"
125.209.235.174 - - [26/Apr/2018:06:52:06 -0400] "GET /themes/garland/images/body.png HTTP/1.1" 200 1238 "http://www.nspw.org/themes/garland/style.css?nhfa6e" "Mozilla/5.0 (compatible; Yeti/1.1; +http://naver.me/spd)"
125.209.235.167 - - [26/Apr/2018:06:52:06 -0400] "GET /themes/garland/images/menu-expanded.gif HTTP/1.1" 200 3832 "http://www.nspw.org/themes/garland/style.css?nhfa6e" "Mozilla/5.0 (compatible; Yeti/1.1; +http://naver.me/spd)"
125.209.235.173 - - [26/Apr/2018:06:52:06 -0400] "GET /themes/garland/images/menu-leaf.gif HTTP/1.1" 200 3816 "http://www.nspw.org/themes/garland/style.css?nhfa6e" "Mozilla/5.0 (compatible; Yeti/1.1; +http://naver.me/spd)"
125.209.235.182 - - [26/Apr/2018:06:52:06 -0400] "GET /themes/garland/images/menu-collapsed.gif HTTP/1.1" 200 3816 "http://www.nspw.org/themes/garland/style.css?nhfa6e" "Mozilla/5.0 (compatible; Yeti/1.1; +http://naver.me/spd)"
125.209.235.178 - - [26/Apr/2018:06:52:06 -0400] "GET /themes/garland/images/bg-navigation-item.png HTTP/1.1" 200 4152 "http://www.nspw.org/themes/garland/style.css?nhfa6e" "Mozilla/5.0 (compatible; Yeti/1.1; +http://naver.me/spd)"
125.209.235.167 - - [26/Apr/2018:06:52:07 -0400] "GET /themes/garland/images/bg-content-right.png HTTP/1.1" 200 3451 "http://www.nspw.org/themes/garland/style.css?nhfa6e" "Mozilla/5.0 (compatible; Yeti/1.1; +http://naver.me/spd)"
125.209.235.167 - - [26/Apr/2018:06:52:07 -0400] "GET /themes/garland/images/bg-content-left.png HTTP/1.1" 200 3515 "http://www.nspw.org/themes/garland/style.css?nhfa6e" "Mozilla/5.0 (compatible; Yeti/1.1; +http://naver.me/spd)"
125.209.235.170 - - [26/Apr/2018:06:52:11 -0400] "GET / HTTP/1.1" 200 6642 "-" "Mozilla/5.0 (compatible; Yeti/1.1; +http://naver.me/spd)"
87.116.145.48 - - [26/Apr/2018:06:52:14 -0400] "GET /wp-login.php HTTP/1.1" 404 7839 "-" "Mozilla/5.0 (Windows NT 6.1; WOW64; rv:40.0) Gecko/20100101 Firefox/40.1"
87.116.145.48 - - [26/Apr/2018:06:52:15 -0400] "GET / HTTP/1.1" 200 8218 "-" "Mozilla/5.0 (Windows NT 6.1; WOW64; rv:40.0) Gecko/20100101 Firefox/40.1"
125.209.235.175 - - [26/Apr/2018:06:52:15 -0400] "GET / HTTP/1.1" 200 6642 "-" "Mozilla/5.0 (compatible; Yeti/1.1; +http://naver.me/spd)"
207.46.13.24 - - [26/Apr/2018:06:52:22 -0400] "GET /2018/cfp HTTP/1.1" 200 8626 "-" "Mozilla/5.0 (compatible; bingbot/2.0; +http://www.bing.com/bingbot.htm)"
125.209.235.172 - - [26/Apr/2018:06:52:30 -0400] "GET / HTTP/1.1" 200 3552 "-" "Mozilla/5.0 (compatible; Yeti/1.1; +http://naver.me/spd)"
207.46.13.24 - - [26/Apr/2018:06:52:30 -0400] "GET /proceedings HTTP/1.1" 200 6814 "-" "Mozilla/5.0 (compatible; bingbot/2.0; +http://www.bing.com/bingbot.htm)"
157.55.39.182 - - [26/Apr/2018:06:52:41 -0400] "GET /2018/dates HTTP/1.1" 200 6740 "-" "Mozilla/5.0 (compatible; bingbot/2.0; +http://www.bing.com/bingbot.htm)"
66.249.73.87 - - [26/Apr/2018:06:52:43 -0400] "GET /papers/2007/ HTTP/1.1" 200 4331 "-" "Mozilla/5.0 (compatible; Googlebot/2.1; +http://www.google.com/bot.html)"
157.55.39.221 - - [26/Apr/2018:06:52:50 -0400] "GET /login HTTP/1.1" 200 6739 "-" "Mozilla/5.0 (compatible; bingbot/2.0; +http://www.bing.com/bingbot.htm)"
207.46.13.24 - - [26/Apr/2018:06:53:06 -0400] "GET /2018 HTTP/1.1" 200 7377 "-" "Mozilla/5.0 (compatible; bingbot/2.0; +http://www.bing.com/bingbot.htm)"
66.249.73.87 - - [26/Apr/2018:06:53:35 -0400] "GET /papers/1998/nspw1998-riechmann.pdf HTTP/1.1" 200 727618 "-" "Mozilla/5.0 (compatible; Googlebot/2.1; +http://www.google.com/bot.html)"
31.176.198.130 - - [26/Apr/2018:06:53:41 -0400] "GET /wp-login.php HTTP/1.1" 404 8176 "-" "Mozilla/5.0 (Windows NT 6.1; WOW64; rv:40.0) Gecko/20100101 Firefox/40.1"
31.176.198.130 - - [26/Apr/2018:06:53:42 -0400] "GET / HTTP/1.1" 200 8298 "-" "Mozilla/5.0 (Windows NT 6.1; WOW64; rv:40.0) Gecko/20100101 Firefox/40.1"
66.249.73.89 - - [26/Apr/2018:06:54:27 -0400] "GET /papers/2004/nspw2004-frontmatter.pdf HTTP/1.1" 200 449403 "-" "Mozilla/5.0 (compatible; Googlebot/2.1; +http://www.google.com/bot.html)"
194.149.156.142 - - [26/Apr/2018:06:54:47 -0400] "GET /wp-login.php HTTP/1.1" 404 7839 "-" "Mozilla/5.0 (Windows NT 6.1; WOW64; rv:40.0) Gecko/20100101 Firefox/40.1"
194.149.156.142 - - [26/Apr/2018:06:54:48 -0400] "GET / HTTP/1.1" 200 8218 "-" "Mozilla/5.0 (Windows NT 6.1; WOW64; rv:40.0) Gecko/20100101 Firefox/40.1"
66.249.73.91 - - [26/Apr/2018:06:55:18 -0400] "GET /proceedings/1995 HTTP/1.1" 200 6124 "-" "Mozilla/5.0 (compatible; Googlebot/2.1; +http://www.google.com/bot.html)"
69.162.124.227 - - [26/Apr/2018:06:55:41 -0400] "HEAD / HTTP/1.1" 200 3874 "http://nspw.org/" "Mozilla/5.0+(compatible; UptimeRobot/2.0; http://www.uptimerobot.com/)"
66.249.73.87 - - [26/Apr/2018:06:56:10 -0400] "GET /2007/program.content HTTP/1.1" 304 3604 "-" "Mozilla/5.0 (compatible; Googlebot/2.1; +http://www.google.com/bot.html)"
66.249.73.91 - - [26/Apr/2018:06:57:09 -0400] "GET /2012/organizers HTTP/1.1" 200 6720 "-" "Mozilla/5.0 (compatible; Googlebot/2.1; +http://www.google.com/bot.html)"
118.208.10.100 - - [26/Apr/2018:06:57:34 -0400] "GET /papers/1999/nspw1999-henning.pdf HTTP/1.1" 200 247648 "https://www.bing.com/" "Mozilla/5.0 (Windows NT 10.0; Win64; x64) AppleWebKit/537.36 (KHTML, like Gecko) Chrome/58.0.3029.110 Safari/537.36 Edge/16.16299"
118.208.10.100 - - [26/Apr/2018:06:57:36 -0400] "GET /papers/1999/nspw1999-henning.pdf HTTP/1.1" 206 196528 "https://www.nspw.org/papers/1999/nspw1999-henning.pdf" "Mozilla/5.0 (Windows NT 10.0; Win64; x64) AppleWebKit/537.36 (KHTML, like Gecko) Chrome/58.0.3029.110 Safari/537.36 Edge/16.16299"
118.208.10.100 - - [26/Apr/2018:06:57:37 -0400] "GET /papers/1999/nspw1999-henning.pdf HTTP/1.1" 206 218804 "https://www.nspw.org/papers/1999/nspw1999-henning.pdf" "Mozilla/5.0 (Windows NT 10.0; Win64; x64) AppleWebKit/537.36 (KHTML, like Gecko) Chrome/58.0.3029.110 Safari/537.36 Edge/16.16299"
118.208.10.100 - - [26/Apr/2018:06:57:38 -0400] "GET /papers/1999/nspw1999-henning.pdf HTTP/1.1" 206 33328 "https://www.nspw.org/papers/1999/nspw1999-henning.pdf" "Mozilla/5.0 (Windows NT 10.0; Win64; x64) AppleWebKit/537.36 (KHTML, like Gecko) Chrome/58.0.3029.110 Safari/537.36 Edge/16.16299"
118.208.10.100 - - [26/Apr/2018:06:57:39 -0400] "GET /papers/1999/nspw1999-henning.pdf HTTP/1.1" 206 139284 "https://www.nspw.org/papers/1999/nspw1999-henning.pdf" "Mozilla/5.0 (Windows NT 10.0; Win64; x64) AppleWebKit/537.36 (KHTML, like Gecko) Chrome/58.0.3029.110 Safari/537.36 Edge/16.16299"
118.208.10.100 - - [26/Apr/2018:06:57:38 -0400] "GET /papers/1999/nspw1999-henning.pdf HTTP/1.1" 206 565113 "https://www.nspw.org/papers/1999/nspw1999-henning.pdf" "Mozilla/5.0 (Windows NT 10.0; Win64; x64) AppleWebKit/537.36 (KHTML, like Gecko) Chrome/58.0.3029.110 Safari/537.36 Edge/16.16299"
118.208.10.100 - - [26/Apr/2018:06:57:40 -0400] "GET /papers/1999/nspw1999-henning.pdf HTTP/1.1" 206 11292 "https://www.nspw.org/papers/1999/nspw1999-henning.pdf" "Mozilla/5.0 (Windows NT 10.0; Win64; x64) AppleWebKit/537.36 (KHTML, like Gecko) Chrome/58.0.3029.110 Safari/537.36 Edge/16.16299"
66.249.73.87 - - [26/Apr/2018:06:57:54 -0400] "GET /papers/2010/nspw2010-molnar.pdf HTTP/1.1" 200 434001 "-" "Mozilla/5.0 (Linux; Android 6.0.1; Nexus 5X Build/MMB29P) AppleWebKit/537.36 (KHTML, like Gecko) Chrome/41.0.2272.96 Mobile Safari/537.36 (compatible; Googlebot/2.1; +http://www.google.com/bot.html)"
66.249.73.87 - - [26/Apr/2018:06:58:46 -0400] "GET /papers/2014-pre/pieters-nspw2014pre.pdf HTTP/1.1" 404 8072 "-" "Mozilla/5.0 (Linux; Android 6.0.1; Nexus 5X Build/MMB29P) AppleWebKit/537.36 (KHTML, like Gecko) Chrome/41.0.2272.96 Mobile Safari/537.36 (compatible; Googlebot/2.1; +http://www.google.com/bot.html)"
66.249.73.91 - - [26/Apr/2018:06:59:37 -0400] "GET /2006/proceedings.shtml HTTP/1.1" 200 4775 "-" "Mozilla/5.0 (compatible; Googlebot/2.1; +http://www.google.com/bot.html)"
69.162.124.227 - - [26/Apr/2018:07:00:41 -0400] "HEAD / HTTP/1.1" 200 3874 "http://nspw.org/" "Mozilla/5.0+(compatible; UptimeRobot/2.0; http://www.uptimerobot.com/)"
207.46.13.90 - - [26/Apr/2018:07:00:30 -0400] "GET /2009/proceedings/2001/nspw2001-raskin.pdf HTTP/1.1" 200 513113 "-" "Mozilla/5.0 (iPhone; CPU iPhone OS 7_0 like Mac OS X) AppleWebKit/537.51.1 (KHTML, like Gecko) Version/7.0 Mobile/11A465 Safari/9537.53 (compatible; bingbot/2.0; +http://www.bing.com/bingbot.htm)"
66.249.73.89 - - [26/Apr/2018:07:01:21 -0400] "GET /papers/2000/nspw2000-mcdermott.pdf HTTP/1.1" 200 378051 "-" "Mozilla/5.0 (compatible; Googlebot/2.1; +http://www.google.com/bot.html)"
31.205.16.84 - - [26/Apr/2018:07:01:47 -0400] "GET /wp-login.php HTTP/1.1" 404 7985 "-" "Mozilla/5.0 (Windows NT 6.1; WOW64; rv:40.0) Gecko/20100101 Firefox/40.1"
31.205.16.84 - - [26/Apr/2018:07:01:48 -0400] "GET / HTTP/1.1" 200 8206 "-" "Mozilla/5.0 (Windows NT 6.1; WOW64; rv:40.0) Gecko/20100101 Firefox/40.1"
66.249.73.89 - - [26/Apr/2018:07:02:13 -0400] "GET /papers/2001/nspw2001-blakley.pdf HTTP/1.1" 200 761570 "-" "Mozilla/5.0 (compatible; Googlebot/2.1; +http://www.google.com/bot.html)"
66.249.73.91 - - [26/Apr/2018:07:03:05 -0400] "GET /papers/1999/nspw1999-henning.pdf HTTP/1.1" 200 666930 "-" "Mozilla/5.0 (compatible; Googlebot/2.1; +http://www.google.com/bot.html)"
66.249.73.87 - - [26/Apr/2018:07:03:56 -0400] "GET /2009/proceedings/1997/nspw1997-rahman.pdf HTTP/1.1" 304 3606 "-" "Mozilla/5.0 (compatible; Googlebot/2.1; +http://www.google.com/bot.html)"
77.88.47.40 - - [26/Apr/2018:07:04:40 -0400] "GET /robots.txt HTTP/1.1" 200 5979 "-" "Mozilla/5.0 (compatible; YandexBot/3.0; +http://yandex.com/bots)"
77.88.47.40 - - [26/Apr/2018:07:04:43 -0400] "GET /2002/past.shtml HTTP/1.1" 200 1939 "-" "Mozilla/5.0 (compatible; YandexBot/3.0; +http://yandex.com/bots)"
66.249.73.91 - - [26/Apr/2018:07:04:49 -0400] "GET /2006/cfp/?C=S;O=A HTTP/1.1" 403 3936 "-" "Mozilla/5.0 (compatible; Googlebot/2.1; +http://www.google.com/bot.html)"
64.246.161.42 - - [26/Apr/2018:07:05:00 -0400] "GET / HTTP/1.1" 200 6851 "-" "Mozilla/5.0 (Macintosh; Intel Mac OS X 10.10; rv:59.0) Gecko/20100101 Firefox/59.0"
176.45.220.134 - - [26/Apr/2018:07:05:03 -0400] "GET /wp-login.php HTTP/1.1" 404 7491 "-" "Mozilla/5.0 (Windows NT 6.1; WOW64; rv:40.0) Gecko/20100101 Firefox/40.1"
176.45.220.134 - - [26/Apr/2018:07:05:04 -0400] "GET / HTTP/1.1" 200 8218 "-" "Mozilla/5.0 (Windows NT 6.1; WOW64; rv:40.0) Gecko/20100101 Firefox/40.1"
220.181.108.81 - - [26/Apr/2018:07:05:11 -0400] "GET /2013/ HTTP/1.1" 200 12976 "-" "Mozilla/5.0 (compatible; Baiduspider/2.0; +http://www.baidu.com/search/spider.html)"
66.249.73.91 - - [26/Apr/2018:07:05:40 -0400] "GET /2018/cfp HTTP/1.1" 200 8150 "-" "Mozilla/5.0 (compatible; Googlebot/2.1; +http://www.google.com/bot.html)"
69.162.124.227 - - [26/Apr/2018:07:05:41 -0400] "HEAD / HTTP/1.1" 200 3874 "http://nspw.org/" "Mozilla/5.0+(compatible; UptimeRobot/2.0; http://www.uptimerobot.com/)"
66.249.73.87 - - [26/Apr/2018:07:06:03 -0400] "GET /2009/cfp/ HTTP/1.1" 403 3936 "-" "Mozilla/5.0 (Linux; Android 6.0.1; Nexus 5X Build/MMB29P) AppleWebKit/537.36 (KHTML, like Gecko) Chrome/41.0.2272.96 Mobile Safari/537.36 (compatible; Googlebot/2.1; +http://www.google.com/bot.html)"
151.54.200.155 - - [26/Apr/2018:07:06:13 -0400] "GET /wp-login.php HTTP/1.1" 404 7985 "-" "Mozilla/5.0 (Windows NT 6.1; WOW64; rv:40.0) Gecko/20100101 Firefox/40.1"
151.54.200.155 - - [26/Apr/2018:07:06:15 -0400] "GET / HTTP/1.1" 200 8206 "-" "Mozilla/5.0 (Windows NT 6.1; WOW64; rv:40.0) Gecko/20100101 Firefox/40.1"
66.249.73.87 - - [26/Apr/2018:07:06:32 -0400] "GET /papers/2001/nspw2001-brostoff.pdf HTTP/1.1" 200 1048585 "-" "Mozilla/5.0 (compatible; Googlebot/2.1; +http://www.google.com/bot.html)"
161.73.172.135 - - [26/Apr/2018:07:07:08 -0400] "GET /2018 HTTP/1.1" 200 6921 "https://owa.nexus.ox.ac.uk/owa/redir.aspx?C=adLWjbUtlVmS8W3cVjHLWiNY1W7yWLMd4vtCuj5K2Y8N5LDXZavVCA..&URL=https%3a%2f%2fwww.nspw.org%2f2018" "Mozilla/5.0 (Windows NT 10.0; WOW64) AppleWebKit/537.36 (KHTML, like Gecko) Chrome/65.0.3325.181 Safari/537.36"
161.73.172.135 - - [26/Apr/2018:07:07:09 -0400] "GET /modules/system/system.menus.css?p7r9uw HTTP/1.1" 200 4434 "-" "Mozilla/5.0 (Windows NT 10.0; WOW64) AppleWebKit/537.36 (KHTML, like Gecko) Chrome/65.0.3325.181 Safari/537.36"
161.73.172.135 - - [26/Apr/2018:07:07:09 -0400] "GET /modules/system/system.base.css?p7r9uw HTTP/1.1" 200 2307 "-" "Mozilla/5.0 (Windows NT 10.0; WOW64) AppleWebKit/537.36 (KHTML, like Gecko) Chrome/65.0.3325.181 Safari/537.36"
161.73.172.135 - - [26/Apr/2018:07:07:09 -0400] "GET /modules/system/system.messages.css?p7r9uw HTTP/1.1" 200 746 "-" "Mozilla/5.0 (Windows NT 10.0; WOW64) AppleWebKit/537.36 (KHTML, like Gecko) Chrome/65.0.3325.181 Safari/537.36"
161.73.172.135 - - [26/Apr/2018:07:07:09 -0400] "GET /modules/comment/comment.css?p7r9uw HTTP/1.1" 200 505 "-" "Mozilla/5.0 (Windows NT 10.0; WOW64) AppleWebKit/537.36 (KHTML, like Gecko) Chrome/65.0.3325.181 Safari/537.36"
161.73.172.135 - - [26/Apr/2018:07:07:09 -0400] "GET /themes/garland/style.css?p7r9uw HTTP/1.1" 200 5370 "-" "Mozilla/5.0 (Windows NT 10.0; WOW64) AppleWebKit/537.36 (KHTML, like Gecko) Chrome/65.0.3325.181 Safari/537.36"
161.73.172.135 - - [26/Apr/2018:07:07:09 -0400] "GET /modules/system/system.theme.css?p7r9uw HTTP/1.1" 200 1742 "-" "Mozilla/5.0 (Windows NT 10.0; WOW64) AppleWebKit/537.36 (KHTML, like Gecko) Chrome/65.0.3325.181 Safari/537.36"
161.73.172.135 - - [26/Apr/2018:07:07:09 -0400] "GET /modules/field/theme/field.css?p7r9uw HTTP/1.1" 200 756 "-" "Mozilla/5.0 (Windows NT 10.0; WOW64) AppleWebKit/537.36 (KHTML, like Gecko) Chrome/65.0.3325.181 Safari/537.36"
161.73.172.135 - - [26/Apr/2018:07:07:09 -0400] "GET /modules/node/node.css?p7r9uw HTTP/1.1" 200 629 "-" "Mozilla/5.0 (Windows NT 10.0; WOW64) AppleWebKit/537.36 (KHTML, like Gecko) Chrome/65.0.3325.181 Safari/537.36"
161.73.172.135 - - [26/Apr/2018:07:07:09 -0400] "GET /modules/user/user.css?p7r9uw HTTP/1.1" 200 1219 "-" "Mozilla/5.0 (Windows NT 10.0; WOW64) AppleWebKit/537.36 (KHTML, like Gecko) Chrome/65.0.3325.181 Safari/537.36"
161.73.172.135 - - [26/Apr/2018:07:07:09 -0400] "GET /themes/garland/print.css?p7r9uw HTTP/1.1" 200 771 "-" "Mozilla/5.0 (Windows NT 10.0; WOW64) AppleWebKit/537.36 (KHTML, like Gecko) Chrome/65.0.3325.181 Safari/537.36"
161.73.172.135 - - [26/Apr/2018:07:07:09 -0400] "GET /misc/jquery.once.js?v=1.2 HTTP/1.1" 200 1445 "https://www.nspw.org/2018" "Mozilla/5.0 (Windows NT 10.0; WOW64) AppleWebKit/537.36 (KHTML, like Gecko) Chrome/65.0.3325.181 Safari/537.36"
161.73.172.135 - - [26/Apr/2018:07:07:09 -0400] "GET /misc/drupal.js?p7r9uw HTTP/1.1" 200 7372 "https://www.nspw.org/2018" "Mozilla/5.0 (Windows NT 10.0; WOW64) AppleWebKit/537.36 (KHTML, like Gecko) Chrome/65.0.3325.181 Safari/537.36"
161.73.172.135 - - [26/Apr/2018:07:07:09 -0400] "GET /misc/jquery.js?v=1.4.4 HTTP/1.1" 200 27601 "https://www.nspw.org/2018" "Mozilla/5.0 (Windows NT 10.0; WOW64) AppleWebKit/537.36 (KHTML, like Gecko) Chrome/65.0.3325.181 Safari/537.36"
161.73.172.135 - - [26/Apr/2018:07:07:09 -0400] "GET /sites/default/files/nspw-logo-smaller.jpg HTTP/1.1" 200 2534 "https://www.nspw.org/2018" "Mozilla/5.0 (Windows NT 10.0; WOW64) AppleWebKit/537.36 (KHTML, like Gecko) Chrome/65.0.3325.181 Safari/537.36"
161.73.172.135 - - [26/Apr/2018:07:07:10 -0400] "GET /themes/garland/images/body.png HTTP/1.1" 200 993 "https://www.nspw.org/themes/garland/style.css?p7r9uw" "Mozilla/5.0 (Windows NT 10.0; WOW64) AppleWebKit/537.36 (KHTML, like Gecko) Chrome/65.0.3325.181 Safari/537.36"
161.73.172.135 - - [26/Apr/2018:07:07:10 -0400] "GET /themes/garland/images/bg-content.png HTTP/1.1" 200 798 "https://www.nspw.org/themes/garland/style.css?p7r9uw" "Mozilla/5.0 (Windows NT 10.0; WOW64) AppleWebKit/537.36 (KHTML, like Gecko) Chrome/65.0.3325.181 Safari/537.36"
161.73.172.135 - - [26/Apr/2018:07:07:10 -0400] "GET /themes/garland/images/bg-content-left.png HTTP/1.1" 200 3232 "https://www.nspw.org/themes/garland/style.css?p7r9uw" "Mozilla/5.0 (Windows NT 10.0; WOW64) AppleWebKit/537.36 (KHTML, like Gecko) Chrome/65.0.3325.181 Safari/537.36"
161.73.172.135 - - [26/Apr/2018:07:07:10 -0400] "GET /themes/garland/images/menu-leaf.gif HTTP/1.1" 200 486 "https://www.nspw.org/themes/garland/style.css?p7r9uw" "Mozilla/5.0 (Windows NT 10.0; WOW64) AppleWebKit/537.36 (KHTML, like Gecko) Chrome/65.0.3325.181 Safari/537.36"
161.73.172.135 - - [26/Apr/2018:07:07:10 -0400] "GET /themes/garland/images/bg-content-right.png HTTP/1.1" 200 3162 "https://www.nspw.org/themes/garland/style.css?p7r9uw" "Mozilla/5.0 (Windows NT 10.0; WOW64) AppleWebKit/537.36 (KHTML, like Gecko) Chrome/65.0.3325.181 Safari/537.36"
161.73.172.135 - - [26/Apr/2018:07:07:10 -0400] "GET /themes/garland/images/bg-navigation-item-hover.png HTTP/1.1" 200 754 "https://www.nspw.org/themes/garland/style.css?p7r9uw" "Mozilla/5.0 (Windows NT 10.0; WOW64) AppleWebKit/537.36 (KHTML, like Gecko) Chrome/65.0.3325.181 Safari/537.36"
161.73.172.135 - - [26/Apr/2018:07:07:10 -0400] "GET /themes/garland/images/menu-expanded.gif HTTP/1.1" 200 495 "https://www.nspw.org/themes/garland/style.css?p7r9uw" "Mozilla/5.0 (Windows NT 10.0; WOW64) AppleWebKit/537.36 (KHTML, like Gecko) Chrome/65.0.3325.181 Safari/537.36"
161.73.172.135 - - [26/Apr/2018:07:07:10 -0400] "GET /themes/garland/images/menu-collapsed.gif HTTP/1.1" 200 488 "https://www.nspw.org/themes/garland/style.css?p7r9uw" "Mozilla/5.0 (Windows NT 10.0; WOW64) AppleWebKit/537.36 (KHTML, like Gecko) Chrome/65.0.3325.181 Safari/537.36"
161.73.172.135 - - [26/Apr/2018:07:07:10 -0400] "GET /themes/garland/images/bg-navigation-item.png HTTP/1.1" 200 812 "https://www.nspw.org/themes/garland/style.css?p7r9uw" "Mozilla/5.0 (Windows NT 10.0; WOW64) AppleWebKit/537.36 (KHTML, like Gecko) Chrome/65.0.3325.181 Safari/537.36"
161.73.172.135 - - [26/Apr/2018:07:07:10 -0400] "GET /favicon.ico HTTP/1.1" 404 700 "https://www.nspw.org/2018" "Mozilla/5.0 (Windows NT 10.0; WOW64) AppleWebKit/537.36 (KHTML, like Gecko) Chrome/65.0.3325.181 Safari/537.36"
161.73.172.135 - - [26/Apr/2018:07:07:15 -0400] "GET /2018/cfp HTTP/1.1" 200 4757 "https://www.nspw.org/2018" "Mozilla/5.0 (Windows NT 10.0; WOW64) AppleWebKit/537.36 (KHTML, like Gecko) Chrome/65.0.3325.181 Safari/537.36"
66.249.73.87 - - [26/Apr/2018:07:07:24 -0400] "GET /2009/proceedings/2013/nspw2013-egelman.pdf HTTP/1.1" 304 3605 "-" "Mozilla/5.0 (compatible; Googlebot/2.1; +http://www.google.com/bot.html)"
161.73.172.135 - - [26/Apr/2018:07:07:41 -0400] "GET /2018/dates HTTP/1.1" 200 3035 "https://www.nspw.org/2018/cfp" "Mozilla/5.0 (Windows NT 10.0; WOW64) AppleWebKit/537.36 (KHTML, like Gecko) Chrome/65.0.3325.181 Safari/537.36"
66.249.73.87 - - [26/Apr/2018:07:08:00 -0400] "GET /2009/cfp/ HTTP/1.1" 403 3936 "-" "Mozilla/5.0 (compatible; Googlebot/2.1; +http://www.google.com/bot.html)"
66.249.73.87 - - [26/Apr/2018:07:08:16 -0400] "GET /papers/2006/nspw2006-crawford.pdf HTTP/1.1" 200 401281 "-" "Mozilla/5.0 (compatible; Googlebot/2.1; +http://www.google.com/bot.html)"
66.249.73.91 - - [26/Apr/2018:07:09:08 -0400] "GET /papers/2010/nspw2010-raskin.pdf HTTP/1.1" 200 610901 "-" "Mozilla/5.0 (compatible; Googlebot/2.1; +http://www.google.com/bot.html)"
66.249.73.87 - - [26/Apr/2018:07:10:00 -0400] "GET /papers/2005/nspw2005-bishop-pos.pdf HTTP/1.1" 200 609280 "-" "Mozilla/5.0 (compatible; Googlebot/2.1; +http://www.google.com/bot.html)"
194.187.170.156 - - [26/Apr/2018:07:10:24 -0400] "GET /robots.txt HTTP/1.1" 200 4822 "-" "Mozilla/5.0 (compatible; Qwantify/2.4w; +https://www.qwant.com/)/2.4w"
194.187.170.156 - - [26/Apr/2018:07:10:25 -0400] "GET /robots.txt HTTP/1.1" 200 1290 "-" "Mozilla/5.0 (compatible; Qwantify/2.4w; +https://www.qwant.com/)/2.4w"
194.187.170.156 - - [26/Apr/2018:07:10:25 -0400] "GET /2016/ HTTP/1.1" 200 3812 "-" "Mozilla/5.0 (compatible; Qwantify/2.4w; +https://www.qwant.com/)/2.4w"
69.162.124.227 - - [26/Apr/2018:07:10:41 -0400] "HEAD / HTTP/1.1" 200 3874 "http://nspw.org/" "Mozilla/5.0+(compatible; UptimeRobot/2.0; http://www.uptimerobot.com/)"
66.249.73.87 - - [26/Apr/2018:07:10:51 -0400] "GET /papers/1993/nspw1993-rooker-2.pdf HTTP/1.1" 200 572187 "-" "Mozilla/5.0 (compatible; Googlebot/2.1; +http://www.google.com/bot.html)"
188.2.166.236 - - [26/Apr/2018:07:11:08 -0400] "GET /wp-login.php HTTP/1.1" 404 7907 "-" "Mozilla/5.0 (Windows NT 6.1; WOW64; rv:40.0) Gecko/20100101 Firefox/40.1"
188.2.166.236 - - [26/Apr/2018:07:11:08 -0400] "GET / HTTP/1.1" 200 8218 "-" "Mozilla/5.0 (Windows NT 6.1; WOW64; rv:40.0) Gecko/20100101 Firefox/40.1"
66.249.73.91 - - [26/Apr/2018:07:11:43 -0400] "GET /papers/2007/nspw2007-kursawe.pdf HTTP/1.1" 200 192252 "-" "Mozilla/5.0 (compatible; Googlebot/2.1; +http://www.google.com/bot.html)"
66.249.73.87 - - [26/Apr/2018:07:12:34 -0400] "GET /2009/proceedings/2013/nspw2013-zhao.pdf HTTP/1.1" 304 3605 "-" "Mozilla/5.0 (compatible; Googlebot/2.1; +http://www.google.com/bot.html)"
66.249.73.91 - - [26/Apr/2018:07:13:26 -0400] "GET /2009/proceedings/1997/nspw1997-hinton.pdf HTTP/1.1" 304 3606 "-" "Mozilla/5.0 (compatible; Googlebot/2.1; +http://www.google.com/bot.html)"
119.82.67.90 - - [26/Apr/2018:07:14:13 -0400] "GET /wp-login.php HTTP/1.1" 404 7985 "-" "Mozilla/5.0 (Windows NT 6.1; WOW64; rv:40.0) Gecko/20100101 Firefox/40.1"
119.82.67.90 - - [26/Apr/2018:07:14:14 -0400] "GET / HTTP/1.1" 200 8206 "-" "Mozilla/5.0 (Windows NT 6.1; WOW64; rv:40.0) Gecko/20100101 Firefox/40.1"
66.249.73.87 - - [26/Apr/2018:07:14:19 -0400] "GET /papers/2006/nspw2006-wang.pdf HTTP/1.1" 200 512250 "-" "Mozilla/5.0 (compatible; Googlebot/2.1; +http://www.google.com/bot.html)"
2.91.226.11 - - [26/Apr/2018:07:14:24 -0400] "GET /wp-login.php HTTP/1.1" 404 7484 "-" "Mozilla/5.0 (Windows NT 6.1; WOW64; rv:40.0) Gecko/20100101 Firefox/40.1"
2.91.226.11 - - [26/Apr/2018:07:14:25 -0400] "GET / HTTP/1.1" 200 8218 "-" "Mozilla/5.0 (Windows NT 6.1; WOW64; rv:40.0) Gecko/20100101 Firefox/40.1"
79.66.159.80 - - [26/Apr/2018:07:15:06 -0400] "GET /wp-login.php HTTP/1.1" 404 7839 "-" "Mozilla/5.0 (Windows NT 6.1; WOW64; rv:40.0) Gecko/20100101 Firefox/40.1"
79.66.159.80 - - [26/Apr/2018:07:15:06 -0400] "GET / HTTP/1.1" 200 8218 "-" "Mozilla/5.0 (Windows NT 6.1; WOW64; rv:40.0) Gecko/20100101 Firefox/40.1"
66.249.73.91 - - [26/Apr/2018:07:15:10 -0400] "GET /papers/2004/nspw2004-allwein.pdf HTTP/1.1" 200 275009 "-" "Mozilla/5.0 (compatible; Googlebot/2.1; +http://www.google.com/bot.html)"
54.70.40.11 - - [26/Apr/2018:07:15:23 -0400] "GET /papers/2010/nspw2010-bishop.pdf HTTP/1.1" 200 659871 "-" "Mozilla/5.0 (compatible) SemanticScholarBot (+https://www.semanticscholar.org/crawler)"
69.162.124.227 - - [26/Apr/2018:07:15:41 -0400] "HEAD / HTTP/1.1" 200 3874 "http://nspw.org/" "Mozilla/5.0+(compatible; UptimeRobot/2.0; http://www.uptimerobot.com/)"
66.249.73.91 - - [26/Apr/2018:07:16:02 -0400] "GET /2017/organizers HTTP/1.1" 200 7133 "-" "Mozilla/5.0 (compatible; Googlebot/2.1; +http://www.google.com/bot.html)"
54.70.40.11 - - [26/Apr/2018:07:16:10 -0400] "GET /papers/2009/nspw2009-peisert.pdf HTTP/1.1" 200 1015403 "-" "Mozilla/5.0 (compatible) SemanticScholarBot (+https://www.semanticscholar.org/crawler)"
157.55.39.221 - - [26/Apr/2018:07:15:57 -0400] "GET /papers/2010/nspw2010-raskin.pdf HTTP/1.1" 200 611376 "-" "Mozilla/5.0 (compatible; bingbot/2.0; +http://www.bing.com/bingbot.htm)"
54.70.40.11 - - [26/Apr/2018:07:16:22 -0400] "GET /papers/2008/nspw2008-bishop.pdf HTTP/1.1" 200 485644 "-" "Mozilla/5.0 (compatible) SemanticScholarBot (+https://www.semanticscholar.org/crawler)"
