75.132.8.13 - - [07/May/2018:20:45:55 -0400] "GET /themes/garland/print.css?p7r9uw HTTP/1.1" 200 771 "-" "Mozilla/5.0 (Windows NT 10.0; Win64; x64) AppleWebKit/537.36 (KHTML, like Gecko) Chrome/66.0.3359.139 Safari/537.36"
75.132.8.13 - - [07/May/2018:20:45:55 -0400] "GET /misc/jquery.js?v=1.4.4 HTTP/1.1" 200 27601 "https://www.nspw.org/" "Mozilla/5.0 (Windows NT 10.0; Win64; x64) AppleWebKit/537.36 (KHTML, like Gecko) Chrome/66.0.3359.139 Safari/537.36"
75.132.8.13 - - [07/May/2018:20:45:55 -0400] "GET /misc/jquery.once.js?v=1.2 HTTP/1.1" 200 1445 "https://www.nspw.org/" "Mozilla/5.0 (Windows NT 10.0; Win64; x64) AppleWebKit/537.36 (KHTML, like Gecko) Chrome/66.0.3359.139 Safari/537.36"
75.132.8.13 - - [07/May/2018:20:45:55 -0400] "GET /misc/drupal.js?p7r9uw HTTP/1.1" 200 7372 "https://www.nspw.org/" "Mozilla/5.0 (Windows NT 10.0; Win64; x64) AppleWebKit/537.36 (KHTML, like Gecko) Chrome/66.0.3359.139 Safari/537.36"
75.132.8.13 - - [07/May/2018:20:45:55 -0400] "GET /sites/default/files/nspw-logo-smaller.jpg HTTP/1.1" 200 2534 "https://www.nspw.org/" "Mozilla/5.0 (Windows NT 10.0; Win64; x64) AppleWebKit/537.36 (KHTML, like Gecko) Chrome/66.0.3359.139 Safari/537.36"
75.132.8.13 - - [07/May/2018:20:46:15 -0400] "-" 408 3408 "-" "-"
71.31.18.233 - - [07/May/2018:20:48:23 -0400] "GET /wp-login.php HTTP/1.1" 404 8180 "-" "Mozilla/5.0 (Windows NT 6.1; WOW64; rv:40.0) Gecko/20100101 Firefox/40.1"
71.31.18.233 - - [07/May/2018:20:48:24 -0400] "GET / HTTP/1.1" 200 8298 "-" "Mozilla/5.0 (Windows NT 6.1; WOW64; rv:40.0) Gecko/20100101 Firefox/40.1"
77.88.47.40 - - [07/May/2018:20:48:43 -0400] "GET /papers/1994/?C=N;O=D HTTP/1.1" 200 4373 "-" "Mozilla/5.0 (compatible; YandexBot/3.0; +http://yandex.com/bots)"
66.249.64.215 - - [07/May/2018:20:48:58 -0400] "GET /papers/2011/nspw2011-du.pdf HTTP/1.1" 200 658178 "-" "Mozilla/5.0 (compatible; Googlebot/2.1; +http://www.google.com/bot.html)"
157.55.39.35 - - [07/May/2018:20:46:31 -0400] "GET /papers/2005/nspw2005-thorpe.pdf HTTP/1.1" 200 3949567 "-" "Mozilla/5.0 (iPhone; CPU iPhone OS 7_0 like Mac OS X) AppleWebKit/537.51.1 (KHTML, like Gecko) Version/7.0 Mobile/11A465 Safari/9537.53 (compatible; bingbot/2.0; +http://www.bing.com/bingbot.htm)"
69.162.124.227 - - [07/May/2018:20:49:10 -0400] "HEAD / HTTP/1.1" 200 3874 "http://nspw.org/" "Mozilla/5.0+(compatible; UptimeRobot/2.0; http://www.uptimerobot.com/)"
14.215.176.7 - - [07/May/2018:20:49:29 -0400] "GET / HTTP/1.1" 200 6636 "-" "Mozilla/5.0 (Windows NT 6.1; WOW64; rv:43.0) Gecko/20100101 Firefox/43.0"
14.215.176.7 - - [07/May/2018:20:49:30 -0400] "GET /modules/system/system.base.css?p7r9uw HTTP/1.1" 200 2307 "https://www.nspw.org/" "Mozilla/5.0 (Windows NT 6.1; WOW64; rv:43.0) Gecko/20100101 Firefox/43.0"
14.215.176.7 - - [07/May/2018:20:49:30 -0400] "GET /modules/system/system.menus.css?p7r9uw HTTP/1.1" 200 1025 "https://www.nspw.org/" "Mozilla/5.0 (Windows NT 6.1; WOW64; rv:43.0) Gecko/20100101 Firefox/43.0"
14.215.176.17 - - [07/May/2018:20:49:30 -0400] "GET /modules/system/system.messages.css?p7r9uw HTTP/1.1" 200 884 "https://www.nspw.org/" "Mozilla/5.0 (Windows NT 6.1; WOW64; rv:43.0) Gecko/20100101 Firefox/43.0"
14.215.176.7 - - [07/May/2018:20:49:30 -0400] "GET /modules/system/system.theme.css?p7r9uw HTTP/1.1" 200 1585 "https://www.nspw.org/" "Mozilla/5.0 (Windows NT 6.1; WOW64; rv:43.0) Gecko/20100101 Firefox/43.0"
14.215.176.12 - - [07/May/2018:20:49:30 -0400] "GET /modules/comment/comment.css?p7r9uw HTTP/1.1" 200 643 "https://www.nspw.org/" "Mozilla/5.0 (Windows NT 6.1; WOW64; rv:43.0) Gecko/20100101 Firefox/43.0"
14.215.176.10 - - [07/May/2018:20:49:30 -0400] "GET /modules/node/node.css?p7r9uw HTTP/1.1" 200 610 "https://www.nspw.org/" "Mozilla/5.0 (Windows NT 6.1; WOW64; rv:43.0) Gecko/20100101 Firefox/43.0"
14.215.176.14 - - [07/May/2018:20:49:30 -0400] "GET /modules/field/theme/field.css?p7r9uw HTTP/1.1" 200 737 "https://www.nspw.org/" "Mozilla/5.0 (Windows NT 6.1; WOW64; rv:43.0) Gecko/20100101 Firefox/43.0"
14.215.176.13 - - [07/May/2018:20:49:30 -0400] "GET /modules/user/user.css?p7r9uw HTTP/1.1" 200 1200 "https://www.nspw.org/" "Mozilla/5.0 (Windows NT 6.1; WOW64; rv:43.0) Gecko/20100101 Firefox/43.0"
14.215.176.17 - - [07/May/2018:20:49:30 -0400] "GET /themes/garland/style.css?p7r9uw HTTP/1.1" 200 5370 "https://www.nspw.org/" "Mozilla/5.0 (Windows NT 6.1; WOW64; rv:43.0) Gecko/20100101 Firefox/43.0"
14.215.176.7 - - [07/May/2018:20:49:30 -0400] "GET /themes/garland/print.css?p7r9uw HTTP/1.1" 200 771 "https://www.nspw.org/" "Mozilla/5.0 (Windows NT 6.1; WOW64; rv:43.0) Gecko/20100101 Firefox/43.0"
14.215.176.12 - - [07/May/2018:20:49:30 -0400] "GET /misc/jquery.js?v=1.4.4 HTTP/1.1" 200 27601 "https://www.nspw.org/" "Mozilla/5.0 (Windows NT 6.1; WOW64; rv:43.0) Gecko/20100101 Firefox/43.0"
14.215.176.10 - - [07/May/2018:20:49:30 -0400] "GET /misc/drupal.js?p7r9uw HTTP/1.1" 200 7372 "https://www.nspw.org/" "Mozilla/5.0 (Windows NT 6.1; WOW64; rv:43.0) Gecko/20100101 Firefox/43.0"
14.215.176.14 - - [07/May/2018:20:49:30 -0400] "GET /misc/jquery.once.js?v=1.2 HTTP/1.1" 200 1445 "https://www.nspw.org/" "Mozilla/5.0 (Windows NT 6.1; WOW64; rv:43.0) Gecko/20100101 Firefox/43.0"
207.46.13.162 - - [07/May/2018:20:51:47 -0400] "GET /papers/2011/nspw2011-feigenbaum.pdf HTTP/1.1" 200 602233 "-" "Mozilla/5.0 (iPhone; CPU iPhone OS 7_0 like Mac OS X) AppleWebKit/537.51.1 (KHTML, like Gecko) Version/7.0 Mobile/11A465 Safari/9537.53 (compatible; bingbot/2.0; +http://www.bing.com/bingbot.htm)"
77.88.47.40 - - [07/May/2018:20:52:34 -0400] "GET /2009/oc.shtml HTTP/1.1" 200 5592 "-" "Mozilla/5.0 (compatible; YandexBot/3.0; +http://yandex.com/bots)"
69.162.124.227 - - [07/May/2018:20:54:10 -0400] "HEAD / HTTP/1.1" 200 3874 "http://nspw.org/" "Mozilla/5.0+(compatible; UptimeRobot/2.0; http://www.uptimerobot.com/)"
69.162.124.227 - - [07/May/2018:20:59:10 -0400] "HEAD / HTTP/1.1" 200 3874 "http://nspw.org/" "Mozilla/5.0+(compatible; UptimeRobot/2.0; http://www.uptimerobot.com/)"
157.55.39.215 - - [07/May/2018:20:59:54 -0400] "GET /cfp/nspw2017-cfp.pdf HTTP/1.1" 200 78279 "-" "Mozilla/5.0 (iPhone; CPU iPhone OS 7_0 like Mac OS X) AppleWebKit/537.51.1 (KHTML, like Gecko) Version/7.0 Mobile/11A465 Safari/9537.53 (compatible; bingbot/2.0; +http://www.bing.com/bingbot.htm)"
64.62.252.173 - - [07/May/2018:21:00:49 -0400] "GET /robots.txt HTTP/1.1" 200 4444 "-" "The Knowledge AI"
108.162.170.53 - - [07/May/2018:21:00:57 -0400] "GET / HTTP/1.1" 200 6429 "-" "Mozilla/5.0 (iPhone; CPU iPhone OS 11_3 like Mac OS X) AppleWebKit/605.1.15 (KHTML, like Gecko) FxiOS/11.1b10377 Mobile/15E302 Safari/605.1.15"
108.162.170.53 - - [07/May/2018:21:00:58 -0400] "GET /modules/system/system.base.css?p7r9uw HTTP/1.1" 200 2307 "https://www.nspw.org/" "Mozilla/5.0 (iPhone; CPU iPhone OS 11_3 like Mac OS X) AppleWebKit/605.1.15 (KHTML, like Gecko) FxiOS/11.1b10377 Mobile/15E302 Safari/605.1.15"
108.162.170.53 - - [07/May/2018:21:00:58 -0400] "GET /modules/comment/comment.css?p7r9uw HTTP/1.1" 200 505 "https://www.nspw.org/" "Mozilla/5.0 (iPhone; CPU iPhone OS 11_3 like Mac OS X) AppleWebKit/605.1.15 (KHTML, like Gecko) FxiOS/11.1b10377 Mobile/15E302 Safari/605.1.15"
108.162.170.53 - - [07/May/2018:21:00:58 -0400] "GET /modules/field/theme/field.css?p7r9uw HTTP/1.1" 200 599 "https://www.nspw.org/" "Mozilla/5.0 (iPhone; CPU iPhone OS 11_3 like Mac OS X) AppleWebKit/605.1.15 (KHTML, like Gecko) FxiOS/11.1b10377 Mobile/15E302 Safari/605.1.15"
108.162.170.53 - - [07/May/2018:21:00:58 -0400] "GET /modules/node/node.css?p7r9uw HTTP/1.1" 200 472 "https://www.nspw.org/" "Mozilla/5.0 (iPhone; CPU iPhone OS 11_3 like Mac OS X) AppleWebKit/605.1.15 (KHTML, like Gecko) FxiOS/11.1b10377 Mobile/15E302 Safari/605.1.15"
108.162.170.53 - - [07/May/2018:21:00:58 -0400] "GET /modules/system/system.theme.css?p7r9uw HTTP/1.1" 200 1727 "https://www.nspw.org/" "Mozilla/5.0 (iPhone; CPU iPhone OS 11_3 like Mac OS X) AppleWebKit/605.1.15 (KHTML, like Gecko) FxiOS/11.1b10377 Mobile/15E302 Safari/605.1.15"
108.162.170.53 - - [07/May/2018:21:00:58 -0400] "GET /modules/user/user.css?p7r9uw HTTP/1.1" 200 1062 "https://www.nspw.org/" "Mozilla/5.0 (iPhone; CPU iPhone OS 11_3 like Mac OS X) AppleWebKit/605.1.15 (KHTML, like Gecko) FxiOS/11.1b10377 Mobile/15E302 Safari/605.1.15"
108.162.170.53 - - [07/May/2018:21:00:58 -0400] "GET /modules/system/system.menus.css?p7r9uw HTTP/1.1" 200 1167 "https://www.nspw.org/" "Mozilla/5.0 (iPhone; CPU iPhone OS 11_3 like Mac OS X) AppleWebKit/605.1.15 (KHTML, like Gecko) FxiOS/11.1b10377 Mobile/15E302 Safari/605.1.15"
108.162.170.53 - - [07/May/2018:21:00:58 -0400] "GET /modules/system/system.messages.css?p7r9uw HTTP/1.1" 200 888 "https://www.nspw.org/" "Mozilla/5.0 (iPhone; CPU iPhone OS 11_3 like Mac OS X) AppleWebKit/605.1.15 (KHTML, like Gecko) FxiOS/11.1b10377 Mobile/15E302 Safari/605.1.15"
108.162.170.53 - - [07/May/2018:21:00:58 -0400] "GET /themes/garland/style.css?p7r9uw HTTP/1.1" 200 5370 "https://www.nspw.org/" "Mozilla/5.0 (iPhone; CPU iPhone OS 11_3 like Mac OS X) AppleWebKit/605.1.15 (KHTML, like Gecko) FxiOS/11.1b10377 Mobile/15E302 Safari/605.1.15"
108.162.170.53 - - [07/May/2018:21:00:58 -0400] "GET /themes/garland/print.css?p7r9uw HTTP/1.1" 200 771 "https://www.nspw.org/" "Mozilla/5.0 (iPhone; CPU iPhone OS 11_3 like Mac OS X) AppleWebKit/605.1.15 (KHTML, like Gecko) FxiOS/11.1b10377 Mobile/15E302 Safari/605.1.15"
108.162.170.53 - - [07/May/2018:21:00:58 -0400] "GET /misc/jquery.once.js?v=1.2 HTTP/1.1" 200 1445 "https://www.nspw.org/" "Mozilla/5.0 (iPhone; CPU iPhone OS 11_3 like Mac OS X) AppleWebKit/605.1.15 (KHTML, like Gecko) FxiOS/11.1b10377 Mobile/15E302 Safari/605.1.15"
108.162.170.53 - - [07/May/2018:21:00:58 -0400] "GET /misc/jquery.js?v=1.4.4 HTTP/1.1" 200 27601 "https://www.nspw.org/" "Mozilla/5.0 (iPhone; CPU iPhone OS 11_3 like Mac OS X) AppleWebKit/605.1.15 (KHTML, like Gecko) FxiOS/11.1b10377 Mobile/15E302 Safari/605.1.15"
108.162.170.53 - - [07/May/2018:21:00:58 -0400] "GET /misc/drupal.js?p7r9uw HTTP/1.1" 200 7372 "https://www.nspw.org/" "Mozilla/5.0 (iPhone; CPU iPhone OS 11_3 like Mac OS X) AppleWebKit/605.1.15 (KHTML, like Gecko) FxiOS/11.1b10377 Mobile/15E302 Safari/605.1.15"
108.162.170.53 - - [07/May/2018:21:00:58 -0400] "GET /sites/default/files/nspw-logo-smaller.jpg HTTP/1.1" 200 2534 "https://www.nspw.org/" "Mozilla/5.0 (iPhone; CPU iPhone OS 11_3 like Mac OS X) AppleWebKit/605.1.15 (KHTML, like Gecko) FxiOS/11.1b10377 Mobile/15E302 Safari/605.1.15"
108.162.170.53 - - [07/May/2018:21:00:58 -0400] "GET /themes/garland/images/body.png HTTP/1.1" 200 993 "https://www.nspw.org/" "Mozilla/5.0 (iPhone; CPU iPhone OS 11_3 like Mac OS X) AppleWebKit/605.1.15 (KHTML, like Gecko) FxiOS/11.1b10377 Mobile/15E302 Safari/605.1.15"
108.162.170.53 - - [07/May/2018:21:00:58 -0400] "GET /themes/garland/images/bg-navigation-item-hover.png HTTP/1.1" 200 754 "https://www.nspw.org/" "Mozilla/5.0 (iPhone; CPU iPhone OS 11_3 like Mac OS X) AppleWebKit/605.1.15 (KHTML, like Gecko) FxiOS/11.1b10377 Mobile/15E302 Safari/605.1.15"
108.162.170.53 - - [07/May/2018:21:00:58 -0400] "GET /themes/garland/images/menu-leaf.gif HTTP/1.1" 200 486 "https://www.nspw.org/" "Mozilla/5.0 (iPhone; CPU iPhone OS 11_3 like Mac OS X) AppleWebKit/605.1.15 (KHTML, like Gecko) FxiOS/11.1b10377 Mobile/15E302 Safari/605.1.15"
108.162.170.53 - - [07/May/2018:21:00:58 -0400] "GET /themes/garland/images/bg-navigation-item.png HTTP/1.1" 200 812 "https://www.nspw.org/" "Mozilla/5.0 (iPhone; CPU iPhone OS 11_3 like Mac OS X) AppleWebKit/605.1.15 (KHTML, like Gecko) FxiOS/11.1b10377 Mobile/15E302 Safari/605.1.15"
108.162.170.53 - - [07/May/2018:21:00:58 -0400] "GET /themes/garland/images/menu-expanded.gif HTTP/1.1" 200 495 "https://www.nspw.org/" "Mozilla/5.0 (iPhone; CPU iPhone OS 11_3 like Mac OS X) AppleWebKit/605.1.15 (KHTML, like Gecko) FxiOS/11.1b10377 Mobile/15E302 Safari/605.1.15"
108.162.170.53 - - [07/May/2018:21:00:58 -0400] "GET /themes/garland/images/bg-content.png HTTP/1.1" 200 798 "https://www.nspw.org/" "Mozilla/5.0 (iPhone; CPU iPhone OS 11_3 like Mac OS X) AppleWebKit/605.1.15 (KHTML, like Gecko) FxiOS/11.1b10377 Mobile/15E302 Safari/605.1.15"
108.162.170.53 - - [07/May/2018:21:00:58 -0400] "GET /themes/garland/images/menu-collapsed.gif HTTP/1.1" 200 488 "https://www.nspw.org/" "Mozilla/5.0 (iPhone; CPU iPhone OS 11_3 like Mac OS X) AppleWebKit/605.1.15 (KHTML, like Gecko) FxiOS/11.1b10377 Mobile/15E302 Safari/605.1.15"
108.162.170.53 - - [07/May/2018:21:00:58 -0400] "GET /themes/garland/images/bg-content-right.png HTTP/1.1" 200 3162 "https://www.nspw.org/" "Mozilla/5.0 (iPhone; CPU iPhone OS 11_3 like Mac OS X) AppleWebKit/605.1.15 (KHTML, like Gecko) FxiOS/11.1b10377 Mobile/15E302 Safari/605.1.15"
108.162.170.53 - - [07/May/2018:21:00:58 -0400] "GET /themes/garland/images/bg-content-left.png HTTP/1.1" 200 3232 "https://www.nspw.org/" "Mozilla/5.0 (iPhone; CPU iPhone OS 11_3 like Mac OS X) AppleWebKit/605.1.15 (KHTML, like Gecko) FxiOS/11.1b10377 Mobile/15E302 Safari/605.1.15"
108.162.170.53 - - [07/May/2018:21:00:59 -0400] "GET /favicon.ico HTTP/1.1" 404 3914 "-" "Mozilla/5.0 (iPhone; CPU iPhone OS 11_3 like Mac OS X) AppleWebKit/605.1.15 (KHTML, like Gecko) FxiOS/11.1b10377 Mobile/15E302 Safari/605.1.15"
180.76.15.152 - - [07/May/2018:21:01:55 -0400] "GET /papers/1993/nspw1993-lin-2.pdf HTTP/1.1" 200 981215 "-" "Mozilla/5.0 (compatible; Baiduspider/2.0; +http://www.baidu.com/search/spider.html)"
47.208.8.78 - - [07/May/2018:21:02:00 -0400] "GET /wp-login.php HTTP/1.1" 404 7985 "-" "Mozilla/5.0 (Windows NT 6.1; WOW64; rv:40.0) Gecko/20100101 Firefox/40.1"
47.208.8.78 - - [07/May/2018:21:02:00 -0400] "GET / HTTP/1.1" 200 8206 "-" "Mozilla/5.0 (Windows NT 6.1; WOW64; rv:40.0) Gecko/20100101 Firefox/40.1"
216.244.66.236 - - [07/May/2018:21:02:03 -0400] "GET /robots.txt HTTP/1.1" 200 5796 "-" "Mozilla/5.0 (compatible; DotBot/1.1; http://www.opensiteexplorer.org/dotbot, help@moz.com)"
180.76.15.155 - - [07/May/2018:21:02:55 -0400] "GET /papers/2013/nspw2013-mathur.pdf HTTP/1.1" 200 1319228 "-" "Mozilla/5.0 (compatible; Baiduspider/2.0; +http://www.baidu.com/search/spider.html)"
66.249.64.217 - - [07/May/2018:21:03:46 -0400] "GET /papers/2011/nspw2011-pieters.pdf HTTP/1.1" 200 2771026 "-" "Mozilla/5.0 (compatible; Googlebot/2.1; +http://www.google.com/bot.html)"
180.76.15.12 - - [07/May/2018:21:03:55 -0400] "GET /papers/2007/nspw2007-kursawe.pdf HTTP/1.1" 200 192225 "-" "Mozilla/5.0 (compatible; Baiduspider/2.0; +http://www.baidu.com/search/spider.html)"
69.162.124.227 - - [07/May/2018:21:04:10 -0400] "HEAD / HTTP/1.1" 200 3874 "http://nspw.org/" "Mozilla/5.0+(compatible; UptimeRobot/2.0; http://www.uptimerobot.com/)"
66.249.64.219 - - [07/May/2018:21:04:25 -0400] "GET /papers/1994/nspw1994-ovchinnikov.pdf HTTP/1.1" 200 796285 "-" "Mozilla/5.0 (compatible; Googlebot/2.1; +http://www.google.com/bot.html)"
180.76.15.160 - - [07/May/2018:21:04:55 -0400] "GET /2010/organizers HTTP/1.1" 200 13754 "-" "Mozilla/5.0 (compatible; Baiduspider/2.0; +http://www.baidu.com/search/spider.html)"
77.88.47.40 - - [07/May/2018:21:04:58 -0400] "GET /node/70 HTTP/1.1" 200 7036 "-" "Mozilla/5.0 (compatible; YandexBot/3.0; +http://yandex.com/bots)"
125.209.235.178 - - [07/May/2018:21:05:01 -0400] "GET /misc/jquery.js?v=1.4.4 HTTP/1.1" 200 31201 "http://www.nspw.org/2013" "Mozilla/5.0 (compatible; Yeti/1.1; +http://naver.me/spd)"
125.209.235.181 - - [07/May/2018:21:05:01 -0400] "GET /sites/default/files/nspw-logo-smaller.jpg HTTP/1.1" 200 5901 "http://www.nspw.org/2013" "Mozilla/5.0 (compatible; Yeti/1.1; +http://naver.me/spd)"
125.209.235.186 - - [07/May/2018:21:05:01 -0400] "GET /misc/jquery.once.js?v=1.2 HTTP/1.1" 200 4776 "http://www.nspw.org/2013" "Mozilla/5.0 (compatible; Yeti/1.1; +http://naver.me/spd)"
125.209.235.186 - - [07/May/2018:21:05:01 -0400] "GET /misc/drupal.js?nhfa6e HTTP/1.1" 200 10802 "http://www.nspw.org/2013" "Mozilla/5.0 (compatible; Yeti/1.1; +http://naver.me/spd)"
125.209.235.181 - - [07/May/2018:21:05:02 -0400] "GET /themes/garland/images/bg-content.png HTTP/1.1" 200 1046 "http://www.nspw.org/themes/garland/style.css?nhfa6e" "Mozilla/5.0 (compatible; Yeti/1.1; +http://naver.me/spd)"
125.209.235.167 - - [07/May/2018:21:05:02 -0400] "GET /themes/garland/images/body.png HTTP/1.1" 200 4328 "http://www.nspw.org/themes/garland/style.css?nhfa6e" "Mozilla/5.0 (compatible; Yeti/1.1; +http://naver.me/spd)"
125.209.235.176 - - [07/May/2018:21:05:02 -0400] "GET /themes/garland/images/menu-collapsed.gif HTTP/1.1" 200 3816 "http://www.nspw.org/themes/garland/style.css?nhfa6e" "Mozilla/5.0 (compatible; Yeti/1.1; +http://naver.me/spd)"
125.209.235.173 - - [07/May/2018:21:05:02 -0400] "GET /themes/garland/images/menu-expanded.gif HTTP/1.1" 200 3832 "http://www.nspw.org/themes/garland/style.css?nhfa6e" "Mozilla/5.0 (compatible; Yeti/1.1; +http://naver.me/spd)"
125.209.235.179 - - [07/May/2018:21:05:03 -0400] "GET /themes/garland/images/menu-leaf.gif HTTP/1.1" 200 3816 "http://www.nspw.org/themes/garland/style.css?nhfa6e" "Mozilla/5.0 (compatible; Yeti/1.1; +http://naver.me/spd)"
125.209.235.179 - - [07/May/2018:21:05:03 -0400] "GET /themes/garland/images/bg-navigation-item.png HTTP/1.1" 200 4152 "http://www.nspw.org/themes/garland/style.css?nhfa6e" "Mozilla/5.0 (compatible; Yeti/1.1; +http://naver.me/spd)"
125.209.235.168 - - [07/May/2018:21:05:04 -0400] "GET /themes/garland/images/bg-content-left.png HTTP/1.1" 200 6605 "http://www.nspw.org/themes/garland/style.css?nhfa6e" "Mozilla/5.0 (compatible; Yeti/1.1; +http://naver.me/spd)"
125.209.235.175 - - [07/May/2018:21:05:04 -0400] "GET /themes/garland/images/bg-content-right.png HTTP/1.1" 200 6541 "http://www.nspw.org/themes/garland/style.css?nhfa6e" "Mozilla/5.0 (compatible; Yeti/1.1; +http://naver.me/spd)"
31.183.154.138 - - [07/May/2018:21:05:26 -0400] "GET /wp-login.php HTTP/1.1" 404 7491 "-" "Mozilla/5.0 (Windows NT 6.1; WOW64; rv:40.0) Gecko/20100101 Firefox/40.1"
31.183.154.138 - - [07/May/2018:21:05:26 -0400] "GET / HTTP/1.1" 200 8218 "-" "Mozilla/5.0 (Windows NT 6.1; WOW64; rv:40.0) Gecko/20100101 Firefox/40.1"
77.88.47.40 - - [07/May/2018:21:05:04 -0400] "GET /2009/proceedings/1993/nspw1993-lin-2.pdf HTTP/1.1" 200 981271 "-" "Mozilla/5.0 (compatible; YandexBot/3.0; +http://yandex.com/bots)"
180.76.15.10 - - [07/May/2018:21:05:55 -0400] "GET /2009/proceedings/1997/?C=N;O=A HTTP/1.1" 200 7317 "-" "Mozilla/5.0 (compatible; Baiduspider/2.0; +http://www.baidu.com/search/spider.html)"
77.88.47.40 - - [07/May/2018:21:05:53 -0400] "GET /papers/2008/nspw2008-herley.pdf HTTP/1.1" 200 405576 "-" "Mozilla/5.0 (compatible; YandexBot/3.0; +http://yandex.com/bots)"
66.249.64.215 - - [07/May/2018:21:08:52 -0400] "GET /2009/pc-gen.pl HTTP/1.1" 200 4849 "-" "Mozilla/5.0 (compatible; Googlebot/2.1; +http://www.google.com/bot.html)"
199.16.157.182 - - [07/May/2018:21:08:56 -0400] "GET /robots.txt HTTP/1.1" 200 5699 "-" "Twitterbot/1.0"
69.162.124.227 - - [07/May/2018:21:09:10 -0400] "HEAD / HTTP/1.1" 200 3874 "http://nspw.org/" "Mozilla/5.0+(compatible; UptimeRobot/2.0; http://www.uptimerobot.com/)"
52.201.0.135 - - [07/May/2018:21:11:24 -0400] "GET /2018 HTTP/1.1" 200 6945 "-" "Mozilla/5.0 (Macintosh; Intel Mac OS X 10.11; rv:49.0) Gecko/20100101 Firefox/49.0 (FlipboardProxy/1.2; +http://flipboard.com/browserproxy)"
40.77.167.0 - - [07/May/2018:21:12:17 -0400] "GET /icons/a.gif HTTP/1.1" 200 4427 "-" "Mozilla/5.0 (compatible; bingbot/2.0; +http://www.bing.com/bingbot.htm)"
66.249.64.215 - - [07/May/2018:21:14:02 -0400] "GET /papers/2002/nspw2002-marceau.pdf HTTP/1.1" 200 197896 "-" "Mozilla/5.0 (compatible; Googlebot/2.1; +http://www.google.com/bot.html)"
69.162.124.227 - - [07/May/2018:21:14:10 -0400] "HEAD / HTTP/1.1" 200 3874 "http://nspw.org/" "Mozilla/5.0+(compatible; UptimeRobot/2.0; http://www.uptimerobot.com/)"
181.46.58.85 - - [07/May/2018:21:17:36 -0400] "GET /wp-login.php HTTP/1.1" 404 7835 "-" "Mozilla/5.0 (Windows NT 6.1; WOW64; rv:40.0) Gecko/20100101 Firefox/40.1"
181.46.58.85 - - [07/May/2018:21:17:36 -0400] "GET / HTTP/1.1" 200 8218 "-" "Mozilla/5.0 (Windows NT 6.1; WOW64; rv:40.0) Gecko/20100101 Firefox/40.1"
77.88.47.40 - - [07/May/2018:21:17:43 -0400] "GET /2005/cfp/latex/talk.pdf HTTP/1.1" 200 100006 "-" "Mozilla/5.0 (compatible; YandexBot/3.0; +http://yandex.com/bots)"
207.46.13.162 - - [07/May/2018:21:17:30 -0400] "GET /papers/2011/nspw2011-bishop.pdf HTTP/1.1" 200 573190 "-" "Mozilla/5.0 (iPhone; CPU iPhone OS 7_0 like Mac OS X) AppleWebKit/537.51.1 (KHTML, like Gecko) Version/7.0 Mobile/11A465 Safari/9537.53 (compatible; bingbot/2.0; +http://www.bing.com/bingbot.htm)"
109.228.171.67 - - [07/May/2018:21:18:32 -0400] "GET /wp-login.php HTTP/1.1" 404 7907 "-" "Mozilla/5.0 (Windows NT 6.1; WOW64; rv:40.0) Gecko/20100101 Firefox/40.1"
109.228.171.67 - - [07/May/2018:21:18:32 -0400] "GET / HTTP/1.1" 200 8218 "-" "Mozilla/5.0 (Windows NT 6.1; WOW64; rv:40.0) Gecko/20100101 Firefox/40.1"
66.249.64.215 - - [07/May/2018:21:19:01 -0400] "GET /papers/2003/nspw2003-backes.pdf HTTP/1.1" 200 821435 "-" "Mozilla/5.0 (compatible; Googlebot/2.1; +http://www.google.com/bot.html)"
69.162.124.227 - - [07/May/2018:21:19:10 -0400] "HEAD / HTTP/1.1" 200 3874 "http://nspw.org/" "Mozilla/5.0+(compatible; UptimeRobot/2.0; http://www.uptimerobot.com/)"
157.55.39.35 - - [07/May/2018:21:19:28 -0400] "GET /papers/2004/nspw2004-gates.pdf HTTP/1.1" 200 148750 "-" "Mozilla/5.0 (iPhone; CPU iPhone OS 7_0 like Mac OS X) AppleWebKit/537.51.1 (KHTML, like Gecko) Version/7.0 Mobile/11A465 Safari/9537.53 (compatible; bingbot/2.0; +http://www.bing.com/bingbot.htm)"
77.75.78.162 - - [07/May/2018:21:19:55 -0400] "GET /robots.txt HTTP/1.1" 200 4601 "-" "Mozilla/5.0 (compatible; SeznamBot/3.2; +http://napoveda.seznam.cz/en/seznambot-intro/)"
77.75.78.162 - - [07/May/2018:21:20:06 -0400] "GET /2006/program.shtml HTTP/1.1" 200 6370 "-" "Mozilla/5.0 (compatible; SeznamBot/3.2; +http://napoveda.seznam.cz/en/seznambot-intro/)"
77.75.78.162 - - [07/May/2018:21:20:16 -0400] "GET /papers/2012/forms/index.htm HTTP/1.1" 200 6425 "-" "Mozilla/5.0 (compatible; SeznamBot/3.2; +http://napoveda.seznam.cz/en/seznambot-intro/)"
77.75.78.162 - - [07/May/2018:21:20:27 -0400] "GET /2000/cfp.html HTTP/1.1" 200 6270 "-" "Mozilla/5.0 (compatible; SeznamBot/3.2; +http://napoveda.seznam.cz/en/seznambot-intro/)"
14.192.212.108 - - [07/May/2018:21:20:33 -0400] "GET /wp-login.php HTTP/1.1" 404 7491 "-" "Mozilla/5.0 (Windows NT 6.1; WOW64; rv:40.0) Gecko/20100101 Firefox/40.1"
14.192.212.108 - - [07/May/2018:21:20:34 -0400] "GET / HTTP/1.1" 200 8218 "-" "Mozilla/5.0 (Windows NT 6.1; WOW64; rv:40.0) Gecko/20100101 Firefox/40.1"
77.75.78.162 - - [07/May/2018:21:20:37 -0400] "GET /1999/oc.html HTTP/1.1" 200 5437 "-" "Mozilla/5.0 (compatible; SeznamBot/3.2; +http://napoveda.seznam.cz/en/seznambot-intro/)"
77.75.78.162 - - [07/May/2018:21:20:48 -0400] "GET /login HTTP/1.1" 200 6364 "-" "Mozilla/5.0 (compatible; SeznamBot/3.2; +http://napoveda.seznam.cz/en/seznambot-intro/)"
77.88.47.40 - - [07/May/2018:21:21:27 -0400] "GET /2005/cfp2005.pdf HTTP/1.1" 200 68262 "-" "Mozilla/5.0 (compatible; YandexBot/3.0; +http://yandex.com/bots)"
69.162.124.227 - - [07/May/2018:21:24:10 -0400] "HEAD / HTTP/1.1" 200 3874 "http://nspw.org/" "Mozilla/5.0+(compatible; UptimeRobot/2.0; http://www.uptimerobot.com/)"
180.76.15.135 - - [07/May/2018:21:25:32 -0400] "GET /2009/proceedings/1993/?C=S;O=A HTTP/1.1" 200 10589 "-" "Mozilla/5.0 (compatible; Baiduspider/2.0; +http://www.baidu.com/search/spider.html)"
220.181.108.80 - - [07/May/2018:21:28:17 -0400] "GET / HTTP/1.1" 200 11573 "-" "Mozilla/5.0 (compatible; Baiduspider/2.0; +http://www.baidu.com/search/spider.html)"
180.234.95.94 - - [07/May/2018:21:28:59 -0400] "GET /wp-login.php HTTP/1.1" 404 7985 "-" "Mozilla/5.0 (Windows NT 6.1; WOW64; rv:40.0) Gecko/20100101 Firefox/40.1"
69.162.124.227 - - [07/May/2018:21:29:10 -0400] "HEAD / HTTP/1.1" 200 3874 "http://nspw.org/" "Mozilla/5.0+(compatible; UptimeRobot/2.0; http://www.uptimerobot.com/)"
180.234.95.94 - - [07/May/2018:21:29:24 -0400] "GET / HTTP/1.1" 200 8316 "-" "Mozilla/5.0 (Windows NT 6.1; WOW64; rv:40.0) Gecko/20100101 Firefox/40.1"
190.162.240.46 - - [07/May/2018:21:29:25 -0400] "GET /wp-login.php HTTP/1.1" 404 7985 "-" "Mozilla/5.0 (Windows NT 6.1; WOW64; rv:40.0) Gecko/20100101 Firefox/40.1"
190.162.240.46 - - [07/May/2018:21:29:25 -0400] "GET / HTTP/1.1" 200 8206 "-" "Mozilla/5.0 (Windows NT 6.1; WOW64; rv:40.0) Gecko/20100101 Firefox/40.1"
66.249.64.15 - - [07/May/2018:21:30:46 -0400] "GET /1999/dates.html HTTP/1.1" 200 5032 "-" "Mozilla/5.0 (compatible; Googlebot/2.1; +http://www.google.com/bot.html)"
69.162.124.227 - - [07/May/2018:21:34:10 -0400] "HEAD / HTTP/1.1" 200 3874 "http://nspw.org/" "Mozilla/5.0+(compatible; UptimeRobot/2.0; http://www.uptimerobot.com/)"
66.249.64.217 - - [07/May/2018:21:34:25 -0400] "GET /2004/cfp2004.txt HTTP/1.1" 200 6055 "-" "Mozilla/5.0 (compatible; Googlebot/2.1; +http://www.google.com/bot.html)"
173.2.116.18 - - [07/May/2018:21:37:26 -0400] "GET /papers/2009/nspw2009-herley.pdf HTTP/1.1" 200 189209 "-" "Dalvik/2.1.0 (Linux; U; Android 8.1.0; Pixel XL Build/OPM2.171019.029)"
64.238.147.124 - - [07/May/2018:21:37:36 -0400] "GET /2006/NSPWtrans.gif HTTP/1.1" 200 12321 "-" "Java/1.8.0_162"
69.162.124.227 - - [07/May/2018:21:39:10 -0400] "HEAD / HTTP/1.1" 200 3874 "http://nspw.org/" "Mozilla/5.0+(compatible; UptimeRobot/2.0; http://www.uptimerobot.com/)"
77.88.47.40 - - [07/May/2018:21:40:33 -0400] "GET /2008/papers.shtml HTTP/1.1" 200 5730 "-" "Mozilla/5.0 (compatible; YandexBot/3.0; +http://yandex.com/bots)"
77.88.47.40 - - [07/May/2018:21:41:31 -0400] "GET /proceedings/2006 HTTP/1.1" 200 6793 "-" "Mozilla/5.0 (compatible; YandexBot/3.0; +http://yandex.com/bots)"
54.236.24.42 - - [07/May/2018:21:42:44 -0400] "GET / HTTP/1.1" 200 6605 "-" "Mozilla/5.0 (Windows NT 6.2;en-US) AppleWebKit/537.32.36 (KHTML, live Gecko) Chrome/54.0.3077.50 Safari/537.32"
77.88.47.40 - - [07/May/2018:21:42:50 -0400] "GET /2006/proceedings.shtml HTTP/1.1" 200 4804 "-" "Mozilla/5.0 (compatible; YandexBot/3.0; +http://yandex.com/bots)"
69.162.124.227 - - [07/May/2018:21:44:10 -0400] "HEAD / HTTP/1.1" 200 3874 "http://nspw.org/" "Mozilla/5.0+(compatible; UptimeRobot/2.0; http://www.uptimerobot.com/)"
66.249.64.215 - - [07/May/2018:21:44:32 -0400] "GET /2009/stats.txt HTTP/1.1" 200 4061 "-" "Mozilla/5.0 (compatible; Googlebot/2.1; +http://www.google.com/bot.html)"
101.199.112.55 - - [07/May/2018:21:44:56 -0400] "GET / HTTP/1.1" 200 6643 "-" "Mozilla/5.0 (Linux; U; Android 5.0.2; zh-CN; Redmi Note 3 Build/LRX22G) AppleWebKit/537.36 (KHTML, like Gecko) Version/4.0 OPR/11.2.3.102637 Mobile Safari/537.36"
101.199.112.55 - - [07/May/2018:21:44:57 -0400] "GET /modules/system/system.menus.css?p7r9uw HTTP/1.1" 200 1174 "https://www.nspw.org/" "Mozilla/5.0 (Linux; U; Android 5.0.2; zh-CN; Redmi Note 3 Build/LRX22G) AppleWebKit/537.36 (KHTML, like Gecko) Version/4.0 OPR/11.2.3.102637 Mobile Safari/537.36"
101.199.112.55 - - [07/May/2018:21:44:57 -0400] "GET /modules/system/system.theme.css?p7r9uw HTTP/1.1" 200 1589 "https://www.nspw.org/" "Mozilla/5.0 (Linux; U; Android 5.0.2; zh-CN; Redmi Note 3 Build/LRX22G) AppleWebKit/537.36 (KHTML, like Gecko) Version/4.0 OPR/11.2.3.102637 Mobile Safari/537.36"
101.199.112.55 - - [07/May/2018:21:44:57 -0400] "GET /modules/system/system.base.css?p7r9uw HTTP/1.1" 200 2303 "https://www.nspw.org/" "Mozilla/5.0 (Linux; U; Android 5.0.2; zh-CN; Redmi Note 3 Build/LRX22G) AppleWebKit/537.36 (KHTML, like Gecko) Version/4.0 OPR/11.2.3.102637 Mobile Safari/537.36"
101.199.112.55 - - [07/May/2018:21:44:57 -0400] "GET /modules/system/system.messages.css?p7r9uw HTTP/1.1" 200 902 "https://www.nspw.org/" "Mozilla/5.0 (Linux; U; Android 5.0.2; zh-CN; Redmi Note 3 Build/LRX22G) AppleWebKit/537.36 (KHTML, like Gecko) Version/4.0 OPR/11.2.3.102637 Mobile Safari/537.36"
101.199.112.55 - - [07/May/2018:21:44:58 -0400] "GET /modules/field/theme/field.css?p7r9uw HTTP/1.1" 200 597 "https://www.nspw.org/" "Mozilla/5.0 (Linux; U; Android 5.0.2; zh-CN; Redmi Note 3 Build/LRX22G) AppleWebKit/537.36 (KHTML, like Gecko) Version/4.0 OPR/11.2.3.102637 Mobile Safari/537.36"
101.199.112.55 - - [07/May/2018:21:44:58 -0400] "GET /modules/node/node.css?p7r9uw HTTP/1.1" 200 469 "https://www.nspw.org/" "Mozilla/5.0 (Linux; U; Android 5.0.2; zh-CN; Redmi Note 3 Build/LRX22G) AppleWebKit/537.36 (KHTML, like Gecko) Version/4.0 OPR/11.2.3.102637 Mobile Safari/537.36"
101.199.112.55 - - [07/May/2018:21:44:58 -0400] "GET /modules/user/user.css?p7r9uw HTTP/1.1" 200 1061 "https://www.nspw.org/" "Mozilla/5.0 (Linux; U; Android 5.0.2; zh-CN; Redmi Note 3 Build/LRX22G) AppleWebKit/537.36 (KHTML, like Gecko) Version/4.0 OPR/11.2.3.102637 Mobile Safari/537.36"
101.199.112.55 - - [07/May/2018:21:44:58 -0400] "GET /themes/garland/print.css?p7r9uw HTTP/1.1" 200 918 "https://www.nspw.org/" "Mozilla/5.0 (Linux; U; Android 5.0.2; zh-CN; Redmi Note 3 Build/LRX22G) AppleWebKit/537.36 (KHTML, like Gecko) Version/4.0 OPR/11.2.3.102637 Mobile Safari/537.36"
101.199.112.55 - - [07/May/2018:21:44:58 -0400] "GET /modules/comment/comment.css?p7r9uw HTTP/1.1" 200 517 "https://www.nspw.org/" "Mozilla/5.0 (Linux; U; Android 5.0.2; zh-CN; Redmi Note 3 Build/LRX22G) AppleWebKit/537.36 (KHTML, like Gecko) Version/4.0 OPR/11.2.3.102637 Mobile Safari/537.36"
101.199.112.55 - - [07/May/2018:21:44:58 -0400] "GET /misc/jquery.once.js?v=1.2 HTTP/1.1" 200 1445 "https://www.nspw.org/" "Mozilla/5.0 (Linux; U; Android 5.0.2; zh-CN; Redmi Note 3 Build/LRX22G) AppleWebKit/537.36 (KHTML, like Gecko) Version/4.0 OPR/11.2.3.102637 Mobile Safari/537.36"
101.199.112.55 - - [07/May/2018:21:44:58 -0400] "GET /misc/drupal.js?p7r9uw HTTP/1.1" 200 7375 "https://www.nspw.org/" "Mozilla/5.0 (Linux; U; Android 5.0.2; zh-CN; Redmi Note 3 Build/LRX22G) AppleWebKit/537.36 (KHTML, like Gecko) Version/4.0 OPR/11.2.3.102637 Mobile Safari/537.36"
101.199.112.55 - - [07/May/2018:21:44:59 -0400] "GET /themes/garland/style.css?p7r9uw HTTP/1.1" 200 5536 "https://www.nspw.org/" "Mozilla/5.0 (Linux; U; Android 5.0.2; zh-CN; Redmi Note 3 Build/LRX22G) AppleWebKit/537.36 (KHTML, like Gecko) Version/4.0 OPR/11.2.3.102637 Mobile Safari/537.36"
101.199.112.55 - - [07/May/2018:21:45:01 -0400] "GET /misc/jquery.js?v=1.4.4 HTTP/1.1" 200 27630 "https://www.nspw.org/" "Mozilla/5.0 (Linux; U; Android 5.0.2; zh-CN; Redmi Note 3 Build/LRX22G) AppleWebKit/537.36 (KHTML, like Gecko) Version/4.0 OPR/11.2.3.102637 Mobile Safari/537.36"
171.6.240.105 - - [07/May/2018:21:47:00 -0400] "GET /wp-login.php HTTP/1.1" 404 7907 "-" "Mozilla/5.0 (Windows NT 6.1; WOW64; rv:40.0) Gecko/20100101 Firefox/40.1"
171.6.240.105 - - [07/May/2018:21:47:00 -0400] "GET / HTTP/1.1" 200 8218 "-" "Mozilla/5.0 (Windows NT 6.1; WOW64; rv:40.0) Gecko/20100101 Firefox/40.1"
5.255.250.67 - - [07/May/2018:21:48:33 -0400] "GET /favicon.ico HTTP/1.1" 404 4123 "-" "Mozilla/5.0 (compatible; YandexBot/3.0; +http://yandex.com/bots)"
69.162.124.227 - - [07/May/2018:21:49:10 -0400] "HEAD / HTTP/1.1" 200 3874 "http://nspw.org/" "Mozilla/5.0+(compatible; UptimeRobot/2.0; http://www.uptimerobot.com/)"
40.77.167.0 - - [07/May/2018:21:49:15 -0400] "GET /papers/1997/nspw1997-nelson.pdf HTTP/1.1" 200 544703 "-" "Mozilla/5.0 (compatible; bingbot/2.0; +http://www.bing.com/bingbot.htm)"
66.249.64.215 - - [07/May/2018:21:49:45 -0400] "GET /papers/1993/nspw1993-bailey.pdf HTTP/1.1" 200 506428 "-" "Mozilla/5.0 (compatible; Googlebot/2.1; +http://www.google.com/bot.html)"
40.77.167.0 - - [07/May/2018:21:50:02 -0400] "GET /papers/2009/nspw2009-herley.pdf HTTP/1.1" 200 189669 "-" "Mozilla/5.0 (iPhone; CPU iPhone OS 7_0 like Mac OS X) AppleWebKit/537.51.1 (KHTML, like Gecko) Version/7.0 Mobile/11A465 Safari/9537.53 (compatible; bingbot/2.0; +http://www.bing.com/bingbot.htm)"
207.46.13.162 - - [07/May/2018:21:53:07 -0400] "GET /2009/proceedings/2000/nspw2000-templeton.pdf HTTP/1.1" 200 709604 "-" "Mozilla/5.0 (iPhone; CPU iPhone OS 7_0 like Mac OS X) AppleWebKit/537.51.1 (KHTML, like Gecko) Version/7.0 Mobile/11A465 Safari/9537.53 (compatible; bingbot/2.0; +http://www.bing.com/bingbot.htm)"
157.55.39.35 - - [07/May/2018:21:51:12 -0400] "GET /papers/2005/nspw2005-thorpe.pdf HTTP/1.1" 200 3949567 "-" "Mozilla/5.0 (iPhone; CPU iPhone OS 7_0 like Mac OS X) AppleWebKit/537.51.1 (KHTML, like Gecko) Version/7.0 Mobile/11A465 Safari/9537.53 (compatible; bingbot/2.0; +http://www.bing.com/bingbot.htm)"
69.162.124.227 - - [07/May/2018:21:54:10 -0400] "HEAD / HTTP/1.1" 200 3874 "http://nspw.org/" "Mozilla/5.0+(compatible; UptimeRobot/2.0; http://www.uptimerobot.com/)"
185.216.35.131 - - [07/May/2018:21:54:58 -0400] "GET /wp-login.php HTTP/1.1" 404 7985 "-" "Mozilla/5.0 (Windows NT 6.1; WOW64; rv:40.0) Gecko/20100101 Firefox/40.1"
185.216.35.131 - - [07/May/2018:21:54:58 -0400] "GET / HTTP/1.1" 200 8206 "-" "Mozilla/5.0 (Windows NT 6.1; WOW64; rv:40.0) Gecko/20100101 Firefox/40.1"
77.88.47.40 - - [07/May/2018:21:55:15 -0400] "GET /papers/2007/?C=S;O=D HTTP/1.1" 200 4358 "-" "Mozilla/5.0 (compatible; YandexBot/3.0; +http://yandex.com/bots)"
66.102.7.55 - - [07/May/2018:21:55:47 -0400] "GET /papers/2011/nspw2011-pieters.pdf HTTP/1.1" 200 2771026 "http://www.google.com/search" "Mozilla/5.0 (X11; Linux x86_64) AppleWebKit/537.36 (KHTML, like Gecko; Google Web Preview) Chrome/41.0.2272.118 Safari/537.36"
69.162.124.227 - - [07/May/2018:21:59:10 -0400] "HEAD / HTTP/1.1" 200 3874 "http://nspw.org/" "Mozilla/5.0+(compatible; UptimeRobot/2.0; http://www.uptimerobot.com/)"
69.162.124.227 - - [07/May/2018:22:04:10 -0400] "HEAD / HTTP/1.1" 200 3874 "http://nspw.org/" "Mozilla/5.0+(compatible; UptimeRobot/2.0; http://www.uptimerobot.com/)"
77.88.47.40 - - [07/May/2018:22:05:53 -0400] "GET /2006/submission.shtml HTTP/1.1" 200 5588 "-" "Mozilla/5.0 (compatible; YandexBot/3.0; +http://yandex.com/bots)"
157.55.39.35 - - [07/May/2018:22:06:37 -0400] "GET /2003/ HTTP/1.1" 200 5856 "-" "Mozilla/5.0 (iPhone; CPU iPhone OS 7_0 like Mac OS X) AppleWebKit/537.51.1 (KHTML, like Gecko) Version/7.0 Mobile/11A465 Safari/9537.53 (compatible; bingbot/2.0; +http://www.bing.com/bingbot.htm)"
69.162.124.227 - - [07/May/2018:22:09:10 -0400] "HEAD / HTTP/1.1" 200 3874 "http://nspw.org/" "Mozilla/5.0+(compatible; UptimeRobot/2.0; http://www.uptimerobot.com/)"
180.76.15.29 - - [07/May/2018:22:09:32 -0400] "GET /node/cfp/flyer_NSPW_2014.pdf HTTP/1.1" 404 8014 "-" "Mozilla/5.0 (compatible; Baiduspider/2.0; +http://www.baidu.com/search/spider.html)"
77.88.47.40 - - [07/May/2018:22:09:55 -0400] "GET /papers/2007/?C=S;O=A HTTP/1.1" 200 4358 "-" "Mozilla/5.0 (compatible; YandexBot/3.0; +http://yandex.com/bots)"
66.249.64.217 - - [07/May/2018:22:10:03 -0400] "GET /papers/2008/nspw2008-beautement.pdf HTTP/1.1" 200 769400 "-" "Mozilla/5.0 (compatible; Googlebot/2.1; +http://www.google.com/bot.html)"
207.46.13.162 - - [07/May/2018:22:10:02 -0400] "GET /2009/proceedings/2009/nspw2009-herley.pdf HTTP/1.1" 200 189669 "-" "Mozilla/5.0 (iPhone; CPU iPhone OS 7_0 like Mac OS X) AppleWebKit/537.51.1 (KHTML, like Gecko) Version/7.0 Mobile/11A465 Safari/9537.53 (compatible; bingbot/2.0; +http://www.bing.com/bingbot.htm)"
82.208.211.252 - - [07/May/2018:22:13:01 -0400] "GET /wp-login.php HTTP/1.1" 404 7491 "-" "Mozilla/5.0 (Windows NT 6.1; WOW64; rv:40.0) Gecko/20100101 Firefox/40.1"
82.208.211.252 - - [07/May/2018:22:13:02 -0400] "GET / HTTP/1.1" 200 8218 "-" "Mozilla/5.0 (Windows NT 6.1; WOW64; rv:40.0) Gecko/20100101 Firefox/40.1"
106.120.161.66 - - [07/May/2018:22:13:47 -0400] "GET / HTTP/1.1" 200 12040 "http://www.nspw.org/" "Mozilla/4.0 (compatible; MSIE 8.0; Windows NT 6.1; Trident/4.0; SLCC2; .NET CLR 2.0.50727; .NET CLR 3.5.30729; .NET CLR 3.0.30729; Media Center PC 6.0; Tablet PC 2.0)"
69.162.124.227 - - [07/May/2018:22:14:10 -0400] "HEAD / HTTP/1.1" 200 3874 "http://nspw.org/" "Mozilla/5.0+(compatible; UptimeRobot/2.0; http://www.uptimerobot.com/)"
101.199.108.57 - - [07/May/2018:22:14:20 -0400] "GET / HTTP/1.1" 200 6643 "-" "Mozilla/5.0 (Linux; U; Android 5.0.2; zh-CN; Redmi Note 3 Build/LRX22G) AppleWebKit/537.36 (KHTML, like Gecko) Version/4.0 OPR/11.2.3.102637 Mobile Safari/537.36"
101.199.108.57 - - [07/May/2018:22:14:20 -0400] "GET /modules/system/system.base.css?p7r9uw HTTP/1.1" 200 2303 "https://www.nspw.org/" "Mozilla/5.0 (Linux; U; Android 5.0.2; zh-CN; Redmi Note 3 Build/LRX22G) AppleWebKit/537.36 (KHTML, like Gecko) Version/4.0 OPR/11.2.3.102637 Mobile Safari/537.36"
101.199.108.57 - - [07/May/2018:22:14:20 -0400] "GET /modules/system/system.menus.css?p7r9uw HTTP/1.1" 200 1029 "https://www.nspw.org/" "Mozilla/5.0 (Linux; U; Android 5.0.2; zh-CN; Redmi Note 3 Build/LRX22G) AppleWebKit/537.36 (KHTML, like Gecko) Version/4.0 OPR/11.2.3.102637 Mobile Safari/537.36"
101.199.108.57 - - [07/May/2018:22:14:20 -0400] "GET /modules/field/theme/field.css?p7r9uw HTTP/1.1" 200 597 "https://www.nspw.org/" "Mozilla/5.0 (Linux; U; Android 5.0.2; zh-CN; Redmi Note 3 Build/LRX22G) AppleWebKit/537.36 (KHTML, like Gecko) Version/4.0 OPR/11.2.3.102637 Mobile Safari/537.36"
101.199.108.57 - - [07/May/2018:22:14:20 -0400] "GET /modules/system/system.theme.css?p7r9uw HTTP/1.1" 200 1734 "https://www.nspw.org/" "Mozilla/5.0 (Linux; U; Android 5.0.2; zh-CN; Redmi Note 3 Build/LRX22G) AppleWebKit/537.36 (KHTML, like Gecko) Version/4.0 OPR/11.2.3.102637 Mobile Safari/537.36"
101.199.108.57 - - [07/May/2018:22:14:20 -0400] "GET /modules/comment/comment.css?p7r9uw HTTP/1.1" 200 662 "https://www.nspw.org/" "Mozilla/5.0 (Linux; U; Android 5.0.2; zh-CN; Redmi Note 3 Build/LRX22G) AppleWebKit/537.36 (KHTML, like Gecko) Version/4.0 OPR/11.2.3.102637 Mobile Safari/537.36"
101.199.108.57 - - [07/May/2018:22:14:20 -0400] "GET /modules/system/system.messages.css?p7r9uw HTTP/1.1" 200 902 "https://www.nspw.org/" "Mozilla/5.0 (Linux; U; Android 5.0.2; zh-CN; Redmi Note 3 Build/LRX22G) AppleWebKit/537.36 (KHTML, like Gecko) Version/4.0 OPR/11.2.3.102637 Mobile Safari/537.36"
101.199.108.57 - - [07/May/2018:22:14:20 -0400] "GET /modules/node/node.css?p7r9uw HTTP/1.1" 200 630 "https://www.nspw.org/" "Mozilla/5.0 (Linux; U; Android 5.0.2; zh-CN; Redmi Note 3 Build/LRX22G) AppleWebKit/537.36 (KHTML, like Gecko) Version/4.0 OPR/11.2.3.102637 Mobile Safari/537.36"
101.199.108.57 - - [07/May/2018:22:14:20 -0400] "GET /modules/user/user.css?p7r9uw HTTP/1.1" 200 1206 "https://www.nspw.org/" "Mozilla/5.0 (Linux; U; Android 5.0.2; zh-CN; Redmi Note 3 Build/LRX22G) AppleWebKit/537.36 (KHTML, like Gecko) Version/4.0 OPR/11.2.3.102637 Mobile Safari/537.36"
101.199.108.57 - - [07/May/2018:22:14:21 -0400] "GET /themes/garland/print.css?p7r9uw HTTP/1.1" 200 773 "https://www.nspw.org/" "Mozilla/5.0 (Linux; U; Android 5.0.2; zh-CN; Redmi Note 3 Build/LRX22G) AppleWebKit/537.36 (KHTML, like Gecko) Version/4.0 OPR/11.2.3.102637 Mobile Safari/537.36"
101.199.108.57 - - [07/May/2018:22:14:21 -0400] "GET /misc/jquery.once.js?v=1.2 HTTP/1.1" 200 1445 "https://www.nspw.org/" "Mozilla/5.0 (Linux; U; Android 5.0.2; zh-CN; Redmi Note 3 Build/LRX22G) AppleWebKit/537.36 (KHTML, like Gecko) Version/4.0 OPR/11.2.3.102637 Mobile Safari/537.36"
101.199.108.57 - - [07/May/2018:22:14:21 -0400] "GET /themes/garland/style.css?p7r9uw HTTP/1.1" 200 5375 "https://www.nspw.org/" "Mozilla/5.0 (Linux; U; Android 5.0.2; zh-CN; Redmi Note 3 Build/LRX22G) AppleWebKit/537.36 (KHTML, like Gecko) Version/4.0 OPR/11.2.3.102637 Mobile Safari/537.36"
101.199.108.57 - - [07/May/2018:22:14:21 -0400] "GET /misc/jquery.js?v=1.4.4 HTTP/1.1" 200 27630 "https://www.nspw.org/" "Mozilla/5.0 (Linux; U; Android 5.0.2; zh-CN; Redmi Note 3 Build/LRX22G) AppleWebKit/537.36 (KHTML, like Gecko) Version/4.0 OPR/11.2.3.102637 Mobile Safari/537.36"
101.199.108.57 - - [07/May/2018:22:14:21 -0400] "GET /misc/drupal.js?p7r9uw HTTP/1.1" 200 7375 "https://www.nspw.org/" "Mozilla/5.0 (Linux; U; Android 5.0.2; zh-CN; Redmi Note 3 Build/LRX22G) AppleWebKit/537.36 (KHTML, like Gecko) Version/4.0 OPR/11.2.3.102637 Mobile Safari/537.36"
40.77.167.0 - - [07/May/2018:22:16:22 -0400] "GET /papers/2013/nspw2013-durmuth.pdf HTTP/1.1" 200 452148 "-" "Mozilla/5.0 (iPhone; CPU iPhone OS 7_0 like Mac OS X) AppleWebKit/537.51.1 (KHTML, like Gecko) Version/7.0 Mobile/11A465 Safari/9537.53 (compatible; bingbot/2.0; +http://www.bing.com/bingbot.htm)"
189.217.75.253 - - [07/May/2018:22:17:11 -0400] "GET /wp-login.php HTTP/1.1" 404 7985 "-" "Mozilla/5.0 (Windows NT 6.1; WOW64; rv:40.0) Gecko/20100101 Firefox/40.1"
189.217.75.253 - - [07/May/2018:22:17:11 -0400] "GET / HTTP/1.1" 200 8206 "-" "Mozilla/5.0 (Windows NT 6.1; WOW64; rv:40.0) Gecko/20100101 Firefox/40.1"
69.162.124.227 - - [07/May/2018:22:19:10 -0400] "HEAD / HTTP/1.1" 200 3874 "http://nspw.org/" "Mozilla/5.0+(compatible; UptimeRobot/2.0; http://www.uptimerobot.com/)"
66.249.64.217 - - [07/May/2018:22:20:19 -0400] "GET /papers/1994/nspw1994-dobson.pdf HTTP/1.1" 200 710567 "-" "Mozilla/5.0 (compatible; Googlebot/2.1; +http://www.google.com/bot.html)"
157.55.39.215 - - [07/May/2018:22:22:01 -0400] "GET / HTTP/1.1" 200 7082 "-" "Mozilla/5.0 (compatible; bingbot/2.0; +http://www.bing.com/bingbot.htm)"
157.55.39.215 - - [07/May/2018:22:23:13 -0400] "GET / HTTP/1.1" 200 7081 "-" "Mozilla/5.0 (compatible; bingbot/2.0; +http://www.bing.com/bingbot.htm)"
69.162.124.227 - - [07/May/2018:22:24:10 -0400] "HEAD / HTTP/1.1" 200 3874 "http://nspw.org/" "Mozilla/5.0+(compatible; UptimeRobot/2.0; http://www.uptimerobot.com/)"
66.249.64.219 - - [07/May/2018:22:25:30 -0400] "GET /papers/1996/nspw1996-orman.pdf HTTP/1.1" 200 594879 "-" "Mozilla/5.0 (compatible; Googlebot/2.1; +http://www.google.com/bot.html)"
69.162.124.227 - - [07/May/2018:22:29:10 -0400] "HEAD / HTTP/1.1" 200 3874 "http://nspw.org/" "Mozilla/5.0+(compatible; UptimeRobot/2.0; http://www.uptimerobot.com/)"
204.79.180.12 - - [07/May/2018:22:30:07 -0400] "GET /papers/1996/nspw1996-zurko.pdf HTTP/1.1" 200 887024 "-" "Mozilla/5.0 (compatible; MSIE 9.0; Windows NT 6.1; Trident/5.0;  Trident/5.0)"
83.171.16.235 - - [07/May/2018:22:30:20 -0400] "GET /wp-login.php HTTP/1.1" 404 7985 "-" "Mozilla/5.0 (Windows NT 6.1; WOW64; rv:40.0) Gecko/20100101 Firefox/40.1"
83.171.16.235 - - [07/May/2018:22:30:20 -0400] "GET / HTTP/1.1" 200 8206 "-" "Mozilla/5.0 (Windows NT 6.1; WOW64; rv:40.0) Gecko/20100101 Firefox/40.1"
66.249.64.215 - - [07/May/2018:22:31:34 -0400] "GET /papers/2003/nspw2003-eustice.pdf HTTP/1.1" 200 698366 "-" "Mozilla/5.0 (compatible; Googlebot/2.1; +http://www.google.com/bot.html)"
157.55.39.35 - - [07/May/2018:22:32:13 -0400] "GET /2008/ HTTP/1.1" 200 6013 "-" "Mozilla/5.0 (compatible; bingbot/2.0; +http://www.bing.com/bingbot.htm)"
93.176.145.253 - - [07/May/2018:22:33:41 -0400] "GET /wp-login.php HTTP/1.1" 404 7985 "-" "Mozilla/5.0 (Windows NT 6.1; WOW64; rv:40.0) Gecko/20100101 Firefox/40.1"
93.176.145.253 - - [07/May/2018:22:33:42 -0400] "GET / HTTP/1.1" 200 8206 "-" "Mozilla/5.0 (Windows NT 6.1; WOW64; rv:40.0) Gecko/20100101 Firefox/40.1"
69.162.124.227 - - [07/May/2018:22:34:10 -0400] "HEAD / HTTP/1.1" 200 3874 "http://nspw.org/" "Mozilla/5.0+(compatible; UptimeRobot/2.0; http://www.uptimerobot.com/)"
66.249.64.219 - - [07/May/2018:22:36:06 -0400] "GET /papers/2006/nspw2006-greenwald.pdf HTTP/1.1" 200 129987 "-" "Mozilla/5.0 (compatible; Googlebot/2.1; +http://www.google.com/bot.html)"
40.77.167.0 - - [07/May/2018:22:37:20 -0400] "GET /papers/2002/nspw2002-capkun.pdf HTTP/1.1" 200 622994 "-" "Mozilla/5.0 (compatible; bingbot/2.0; +http://www.bing.com/bingbot.htm)"
69.162.124.227 - - [07/May/2018:22:39:10 -0400] "HEAD / HTTP/1.1" 200 3874 "http://nspw.org/" "Mozilla/5.0+(compatible; UptimeRobot/2.0; http://www.uptimerobot.com/)"
66.249.89.215 - - [07/May/2018:22:41:17 -0400] "GET /papers/2013/nspw2013-rowe.pdf&amp HTTP/1.1" 404 8067 "-" "Mozilla/5.0 (Macintosh; Intel Mac OS X 10_8_4) AppleWebKit/537.36 (KHTML, like Gecko) Chrome/28.0.1500.71 Safari/537.36"
69.162.124.227 - - [07/May/2018:22:44:10 -0400] "HEAD / HTTP/1.1" 200 3874 "http://nspw.org/" "Mozilla/5.0+(compatible; UptimeRobot/2.0; http://www.uptimerobot.com/)"
77.88.47.40 - - [07/May/2018:22:44:56 -0400] "GET /2017/cfp HTTP/1.1" 200 9017 "-" "Mozilla/5.0 (compatible; YandexBot/3.0; +http://yandex.com/bots)"
221.215.97.58 - - [07/May/2018:22:45:46 -0400] "GET /2018 HTTP/1.1" 200 6953 "https://www.sogou.com/link?url=DSOYnZeCC_oZNasjoNAktUTy5jxv2uIxreaVHN88tHY." "Mozilla/5.0 (Windows NT 6.1; WOW64) AppleWebKit/537.36 (KHTML, like Gecko) Chrome/49.0.2623.221 Safari/537.36 SE 2.X MetaSr 1.0"
221.215.97.58 - - [07/May/2018:22:45:47 -0400] "GET /modules/system/system.base.css?p7r9uw HTTP/1.1" 200 2307 "https://www.nspw.org/2018" "Mozilla/5.0 (Windows NT 6.1; WOW64) AppleWebKit/537.36 (KHTML, like Gecko) Chrome/49.0.2623.221 Safari/537.36 SE 2.X MetaSr 1.0"
218.58.59.66 - - [07/May/2018:22:45:47 -0400] "GET /modules/system/system.menus.css?p7r9uw HTTP/1.1" 200 1182 "https://www.nspw.org/2018" "Mozilla/5.0 (Windows NT 6.1; WOW64) AppleWebKit/537.36 (KHTML, like Gecko) Chrome/49.0.2623.221 Safari/537.36 SE 2.X MetaSr 1.0"
221.215.97.58 - - [07/May/2018:22:45:47 -0400] "GET /modules/system/system.messages.css?p7r9uw HTTP/1.1" 200 746 "https://www.nspw.org/2018" "Mozilla/5.0 (Windows NT 6.1; WOW64) AppleWebKit/537.36 (KHTML, like Gecko) Chrome/49.0.2623.221 Safari/537.36 SE 2.X MetaSr 1.0"
218.58.59.66 - - [07/May/2018:22:45:47 -0400] "GET /modules/system/system.theme.css?p7r9uw HTTP/1.1" 200 1585 "https://www.nspw.org/2018" "Mozilla/5.0 (Windows NT 6.1; WOW64) AppleWebKit/537.36 (KHTML, like Gecko) Chrome/49.0.2623.221 Safari/537.36 SE 2.X MetaSr 1.0"
218.58.59.238 - - [07/May/2018:22:45:47 -0400] "GET /favicon.ico HTTP/1.1" 404 4142 "-" "Mozilla/5.0 (Windows NT 6.1; WOW64) AppleWebKit/537.36 (KHTML, like Gecko) Chrome/49.0.2623.221 Safari/537.36 SE 2.X MetaSr 1.0"
119.167.70.28 - - [07/May/2018:22:45:47 -0400] "GET /modules/field/theme/field.css?p7r9uw HTTP/1.1" 200 756 "https://www.nspw.org/2018" "Mozilla/5.0 (Windows NT 6.1; WOW64) AppleWebKit/537.36 (KHTML, like Gecko) Chrome/49.0.2623.221 Safari/537.36 SE 2.X MetaSr 1.0"
119.167.114.202 - - [07/May/2018:22:45:47 -0400] "GET /modules/comment/comment.css?p7r9uw HTTP/1.1" 200 662 "https://www.nspw.org/2018" "Mozilla/5.0 (Windows NT 6.1; WOW64) AppleWebKit/537.36 (KHTML, like Gecko) Chrome/49.0.2623.221 Safari/537.36 SE 2.X MetaSr 1.0"
119.167.70.28 - - [07/May/2018:22:45:47 -0400] "GET /modules/node/node.css?p7r9uw HTTP/1.1" 200 629 "https://www.nspw.org/2018" "Mozilla/5.0 (Windows NT 6.1; WOW64) AppleWebKit/537.36 (KHTML, like Gecko) Chrome/49.0.2623.221 Safari/537.36 SE 2.X MetaSr 1.0"
119.167.114.202 - - [07/May/2018:22:45:47 -0400] "GET /modules/user/user.css?p7r9uw HTTP/1.1" 200 1219 "https://www.nspw.org/2018" "Mozilla/5.0 (Windows NT 6.1; WOW64) AppleWebKit/537.36 (KHTML, like Gecko) Chrome/49.0.2623.221 Safari/537.36 SE 2.X MetaSr 1.0"
221.215.97.58 - - [07/May/2018:22:45:47 -0400] "GET /themes/garland/style.css?p7r9uw HTTP/1.1" 200 5370 "https://www.nspw.org/2018" "Mozilla/5.0 (Windows NT 6.1; WOW64) AppleWebKit/537.36 (KHTML, like Gecko) Chrome/49.0.2623.221 Safari/537.36 SE 2.X MetaSr 1.0"
218.58.59.66 - - [07/May/2018:22:45:47 -0400] "GET /themes/garland/print.css?p7r9uw HTTP/1.1" 200 771 "https://www.nspw.org/2018" "Mozilla/5.0 (Windows NT 6.1; WOW64) AppleWebKit/537.36 (KHTML, like Gecko) Chrome/49.0.2623.221 Safari/537.36 SE 2.X MetaSr 1.0"
119.167.114.202 - - [07/May/2018:22:45:47 -0400] "GET /misc/jquery.js?v=1.4.4 HTTP/1.1" 200 27601 "https://www.nspw.org/2018" "Mozilla/5.0 (Windows NT 6.1; WOW64) AppleWebKit/537.36 (KHTML, like Gecko) Chrome/49.0.2623.221 Safari/537.36 SE 2.X MetaSr 1.0"
119.167.70.28 - - [07/May/2018:22:45:47 -0400] "GET /misc/jquery.once.js?v=1.2 HTTP/1.1" 200 1445 "https://www.nspw.org/2018" "Mozilla/5.0 (Windows NT 6.1; WOW64) AppleWebKit/537.36 (KHTML, like Gecko) Chrome/49.0.2623.221 Safari/537.36 SE 2.X MetaSr 1.0"
119.167.70.28 - - [07/May/2018:22:45:47 -0400] "GET /misc/drupal.js?p7r9uw HTTP/1.1" 200 7372 "https://www.nspw.org/2018" "Mozilla/5.0 (Windows NT 6.1; WOW64) AppleWebKit/537.36 (KHTML, like Gecko) Chrome/49.0.2623.221 Safari/537.36 SE 2.X MetaSr 1.0"
119.167.114.202 - - [07/May/2018:22:45:48 -0400] "GET /sites/default/files/nspw-logo-smaller.jpg HTTP/1.1" 200 2534 "https://www.nspw.org/2018" "Mozilla/5.0 (Windows NT 6.1; WOW64) AppleWebKit/537.36 (KHTML, like Gecko) Chrome/49.0.2623.221 Safari/537.36 SE 2.X MetaSr 1.0"
218.58.59.66 - - [07/May/2018:22:45:48 -0400] "GET /themes/garland/images/menu-expanded.gif HTTP/1.1" 200 495 "https://www.nspw.org/themes/garland/style.css?p7r9uw" "Mozilla/5.0 (Windows NT 6.1; WOW64) AppleWebKit/537.36 (KHTML, like Gecko) Chrome/49.0.2623.221 Safari/537.36 SE 2.X MetaSr 1.0"
119.167.70.28 - - [07/May/2018:22:45:48 -0400] "GET /themes/garland/images/bg-navigation-item-hover.png HTTP/1.1" 200 754 "https://www.nspw.org/themes/garland/style.css?p7r9uw" "Mozilla/5.0 (Windows NT 6.1; WOW64) AppleWebKit/537.36 (KHTML, like Gecko) Chrome/49.0.2623.221 Safari/537.36 SE 2.X MetaSr 1.0"
119.167.70.28 - - [07/May/2018:22:45:48 -0400] "GET /themes/garland/images/bg-navigation-item.png HTTP/1.1" 200 812 "https://www.nspw.org/themes/garland/style.css?p7r9uw" "Mozilla/5.0 (Windows NT 6.1; WOW64) AppleWebKit/537.36 (KHTML, like Gecko) Chrome/49.0.2623.221 Safari/537.36 SE 2.X MetaSr 1.0"
119.167.114.202 - - [07/May/2018:22:45:48 -0400] "GET /themes/garland/images/body.png HTTP/1.1" 200 993 "https://www.nspw.org/themes/garland/style.css?p7r9uw" "Mozilla/5.0 (Windows NT 6.1; WOW64) AppleWebKit/537.36 (KHTML, like Gecko) Chrome/49.0.2623.221 Safari/537.36 SE 2.X MetaSr 1.0"
119.167.114.202 - - [07/May/2018:22:45:48 -0400] "GET /themes/garland/images/menu-leaf.gif HTTP/1.1" 200 486 "https://www.nspw.org/themes/garland/style.css?p7r9uw" "Mozilla/5.0 (Windows NT 6.1; WOW64) AppleWebKit/537.36 (KHTML, like Gecko) Chrome/49.0.2623.221 Safari/537.36 SE 2.X MetaSr 1.0"
