69.162.124.227 - - [03/May/2018:06:25:19 -0400] "HEAD / HTTP/1.1" 200 3874 "http://nspw.org/" "Mozilla/5.0+(compatible; UptimeRobot/2.0; http://www.uptimerobot.com/)"
46.139.129.51 - - [03/May/2018:06:25:55 -0400] "GET /wp-login.php HTTP/1.1" 404 7839 "-" "Mozilla/5.0 (Windows NT 6.1; WOW64; rv:40.0) Gecko/20100101 Firefox/40.1"
46.139.129.51 - - [03/May/2018:06:25:55 -0400] "GET / HTTP/1.1" 200 8218 "-" "Mozilla/5.0 (Windows NT 6.1; WOW64; rv:40.0) Gecko/20100101 Firefox/40.1"
69.162.124.227 - - [03/May/2018:06:30:19 -0400] "HEAD / HTTP/1.1" 200 3874 "http://nspw.org/" "Mozilla/5.0+(compatible; UptimeRobot/2.0; http://www.uptimerobot.com/)"
101.180.178.219 - - [03/May/2018:06:31:09 -0400] "GET /wp-login.php HTTP/1.1" 404 7985 "-" "Mozilla/5.0 (Windows NT 6.1; WOW64; rv:40.0) Gecko/20100101 Firefox/40.1"
5.12.131.191 - - [03/May/2018:06:31:09 -0400] "GET /wp-login.php HTTP/1.1" 404 7491 "-" "Mozilla/5.0 (Windows NT 6.1; WOW64; rv:40.0) Gecko/20100101 Firefox/40.1"
101.180.178.219 - - [03/May/2018:06:31:09 -0400] "GET / HTTP/1.1" 200 8206 "-" "Mozilla/5.0 (Windows NT 6.1; WOW64; rv:40.0) Gecko/20100101 Firefox/40.1"
5.12.131.191 - - [03/May/2018:06:31:10 -0400] "GET / HTTP/1.1" 200 8218 "-" "Mozilla/5.0 (Windows NT 6.1; WOW64; rv:40.0) Gecko/20100101 Firefox/40.1"
157.48.108.167 - - [03/May/2018:06:31:28 -0400] "GET /wp-login.php HTTP/1.1" 404 7839 "-" "Mozilla/5.0 (Windows NT 6.1; WOW64; rv:40.0) Gecko/20100101 Firefox/40.1"
157.48.108.167 - - [03/May/2018:06:31:29 -0400] "GET / HTTP/1.1" 200 8218 "-" "Mozilla/5.0 (Windows NT 6.1; WOW64; rv:40.0) Gecko/20100101 Firefox/40.1"
66.249.66.93 - - [03/May/2018:06:32:14 -0400] "GET /papers/1998/nspw1998-kahn.pdf HTTP/1.1" 200 1162793 "-" "Mozilla/5.0 (compatible; Googlebot/2.1; +http://www.google.com/bot.html)"
103.251.215.203 - - [03/May/2018:06:33:49 -0400] "GET /wp-login.php HTTP/1.1" 404 7491 "-" "Mozilla/5.0 (Windows NT 6.1; WOW64; rv:40.0) Gecko/20100101 Firefox/40.1"
103.251.215.203 - - [03/May/2018:06:33:51 -0400] "GET / HTTP/1.1" 200 8218 "-" "Mozilla/5.0 (Windows NT 6.1; WOW64; rv:40.0) Gecko/20100101 Firefox/40.1"
69.162.124.227 - - [03/May/2018:06:35:19 -0400] "HEAD / HTTP/1.1" 200 3874 "http://nspw.org/" "Mozilla/5.0+(compatible; UptimeRobot/2.0; http://www.uptimerobot.com/)"
66.249.66.91 - - [03/May/2018:06:35:38 -0400] "GET / HTTP/1.1" 200 6607 "-" "Mozilla/5.0 (Linux; Android 6.0.1; Nexus 5X Build/MMB29P) AppleWebKit/537.36 (KHTML, like Gecko) Chrome/41.0.2272.96 Mobile Safari/537.36 (compatible; Googlebot/2.1; +http://www.google.com/bot.html)"
196.27.78.242 - - [03/May/2018:06:36:42 -0400] "GET /wp-login.php HTTP/1.1" 404 7985 "-" "Mozilla/5.0 (Windows NT 6.1; WOW64; rv:40.0) Gecko/20100101 Firefox/40.1"
196.27.78.242 - - [03/May/2018:06:36:45 -0400] "GET / HTTP/1.1" 200 8206 "-" "Mozilla/5.0 (Windows NT 6.1; WOW64; rv:40.0) Gecko/20100101 Firefox/40.1"
69.162.124.227 - - [03/May/2018:06:40:19 -0400] "HEAD / HTTP/1.1" 200 3874 "http://nspw.org/" "Mozilla/5.0+(compatible; UptimeRobot/2.0; http://www.uptimerobot.com/)"
207.46.13.59 - - [03/May/2018:06:40:58 -0400] "GET /papers/2008/nspw2008-zhao.pdf HTTP/1.1" 200 568560 "-" "Mozilla/5.0 (iPhone; CPU iPhone OS 7_0 like Mac OS X) AppleWebKit/537.51.1 (KHTML, like Gecko) Version/7.0 Mobile/11A465 Safari/9537.53 (compatible; bingbot/2.0; +http://www.bing.com/bingbot.htm)"
82.193.71.90 - - [03/May/2018:06:42:14 -0400] "GET /wp-login.php HTTP/1.1" 404 7839 "-" "Mozilla/5.0 (Windows NT 6.1; WOW64; rv:40.0) Gecko/20100101 Firefox/40.1"
82.193.71.90 - - [03/May/2018:06:42:14 -0400] "GET / HTTP/1.1" 200 8218 "-" "Mozilla/5.0 (Windows NT 6.1; WOW64; rv:40.0) Gecko/20100101 Firefox/40.1"
69.162.124.227 - - [03/May/2018:06:45:19 -0400] "HEAD / HTTP/1.1" 200 3874 "http://nspw.org/" "Mozilla/5.0+(compatible; UptimeRobot/2.0; http://www.uptimerobot.com/)"
197.156.70.184 - - [03/May/2018:06:46:48 -0400] "GET /papers/2008/nspw2008-julisch.pdf HTTP/1.1" 200 431745 "https://www.google.com/" "Mozilla/5.0 (Windows NT 10.0; Win64; x64; rv:60.0) Gecko/20100101 Firefox/60.0"
66.249.66.93 - - [03/May/2018:06:48:03 -0400] "GET /papers/1993/nspw1993-strens.pdf HTTP/1.1" 200 721049 "-" "Mozilla/5.0 (compatible; Googlebot/2.1; +http://www.google.com/bot.html)"
115.178.99.171 - - [03/May/2018:06:49:15 -0400] "GET /wp-login.php HTTP/1.1" 404 7491 "-" "Mozilla/5.0 (Windows NT 6.1; WOW64; rv:40.0) Gecko/20100101 Firefox/40.1"
115.178.99.171 - - [03/May/2018:06:49:18 -0400] "GET / HTTP/1.1" 200 8218 "-" "Mozilla/5.0 (Windows NT 6.1; WOW64; rv:40.0) Gecko/20100101 Firefox/40.1"
69.162.124.227 - - [03/May/2018:06:50:19 -0400] "HEAD / HTTP/1.1" 200 3874 "http://nspw.org/" "Mozilla/5.0+(compatible; UptimeRobot/2.0; http://www.uptimerobot.com/)"
192.99.9.147 - - [03/May/2018:06:54:41 -0400] "GET / HTTP/1.0" 200 11629 "-" "Mozilla/5.0 (Windows NT 6.1; Win64; x64) AppleWebKit/537.36 (KHTML, like Gecko) Chrome/62.0.3202.94 Safari/537.36"
69.162.124.227 - - [03/May/2018:06:55:19 -0400] "HEAD / HTTP/1.1" 200 3874 "http://nspw.org/" "Mozilla/5.0+(compatible; UptimeRobot/2.0; http://www.uptimerobot.com/)"
216.244.66.200 - - [03/May/2018:06:55:45 -0400] "GET /robots.txt HTTP/1.1" 200 5796 "-" "Mozilla/5.0 (compatible; DotBot/1.1; http://www.opensiteexplorer.org/dotbot, help@moz.com)"
180.76.15.150 - - [03/May/2018:06:55:45 -0400] "GET /2010/2010/dates HTTP/1.1" 404 7987 "-" "Mozilla/5.0 (compatible; Baiduspider/2.0; +http://www.baidu.com/search/spider.html)"
77.88.47.40 - - [03/May/2018:06:57:11 -0400] "GET /2001/index.html HTTP/1.1" 200 5200 "-" "Mozilla/5.0 (compatible; YandexBot/3.0; +http://yandex.com/bots)"
218.202.138.231 - - [03/May/2018:06:57:32 -0400] "GET /favicon.ico HTTP/1.1" 404 4137 "-" "Mozilla/5.0 (Windows NT 10.0; WOW64) AppleWebKit/537.36 (KHTML, like Gecko) Chrome/55.0.2883.87 Safari/537.36"
180.76.15.34 - - [03/May/2018:06:57:37 -0400] "GET /2008/index.shtml HTTP/1.1" 200 8539 "-" "Mozilla/5.0 (compatible; Baiduspider/2.0; +http://www.baidu.com/search/spider.html)"
52.200.103.81 - - [03/May/2018:06:58:40 -0400] "GET /robots.txt HTTP/1.1" 200 4444 "-" "Apache-HttpClient/4.5.3 (Java/1.8.0_161)"
54.86.1.44 - - [03/May/2018:06:58:42 -0400] "GET / HTTP/1.1" 200 6646 "-" "Apache-HttpClient/4.5.3 (Java/1.8.0_161)"
199.16.157.181 - - [03/May/2018:07:00:15 -0400] "GET /robots.txt HTTP/1.1" 200 5699 "-" "Twitterbot/1.0"
69.162.124.227 - - [03/May/2018:07:00:19 -0400] "HEAD / HTTP/1.1" 200 3874 "http://nspw.org/" "Mozilla/5.0+(compatible; UptimeRobot/2.0; http://www.uptimerobot.com/)"
66.249.66.93 - - [03/May/2018:07:00:28 -0400] "GET /2018/dates HTTP/1.1" 200 6271 "-" "Mozilla/5.0 (compatible; Googlebot/2.1; +http://www.google.com/bot.html)"
86.5.231.6 - - [03/May/2018:07:00:54 -0400] "GET /wp-login.php HTTP/1.1" 404 7985 "-" "Mozilla/5.0 (Windows NT 6.1; WOW64; rv:40.0) Gecko/20100101 Firefox/40.1"
86.5.231.6 - - [03/May/2018:07:00:55 -0400] "GET / HTTP/1.1" 200 8206 "-" "Mozilla/5.0 (Windows NT 6.1; WOW64; rv:40.0) Gecko/20100101 Firefox/40.1"
82.81.253.170 - - [03/May/2018:07:01:12 -0400] "GET /proceedings HTTP/1.1" 200 6358 "https://www.google.co.il/" "Mozilla/5.0 (Windows NT 10.0; Win64; x64) AppleWebKit/537.36 (KHTML, like Gecko) Chrome/65.0.3325.181 Safari/537.36"
82.81.253.170 - - [03/May/2018:07:01:13 -0400] "GET /modules/system/system.base.css?p7r9uw HTTP/1.1" 200 2307 "-" "Mozilla/5.0 (Windows NT 10.0; Win64; x64) AppleWebKit/537.36 (KHTML, like Gecko) Chrome/65.0.3325.181 Safari/537.36"
82.81.253.170 - - [03/May/2018:07:01:13 -0400] "GET /modules/system/system.menus.css?p7r9uw HTTP/1.1" 200 4434 "-" "Mozilla/5.0 (Windows NT 10.0; Win64; x64) AppleWebKit/537.36 (KHTML, like Gecko) Chrome/65.0.3325.181 Safari/537.36"
82.81.253.170 - - [03/May/2018:07:01:13 -0400] "GET /modules/system/system.messages.css?p7r9uw HTTP/1.1" 200 746 "-" "Mozilla/5.0 (Windows NT 10.0; Win64; x64) AppleWebKit/537.36 (KHTML, like Gecko) Chrome/65.0.3325.181 Safari/537.36"
82.81.253.170 - - [03/May/2018:07:01:13 -0400] "GET /modules/system/system.theme.css?p7r9uw HTTP/1.1" 200 1585 "-" "Mozilla/5.0 (Windows NT 10.0; Win64; x64) AppleWebKit/537.36 (KHTML, like Gecko) Chrome/65.0.3325.181 Safari/537.36"
82.81.253.170 - - [03/May/2018:07:01:13 -0400] "GET /modules/field/theme/field.css?p7r9uw HTTP/1.1" 200 756 "-" "Mozilla/5.0 (Windows NT 10.0; Win64; x64) AppleWebKit/537.36 (KHTML, like Gecko) Chrome/65.0.3325.181 Safari/537.36"
82.81.253.170 - - [03/May/2018:07:01:13 -0400] "GET /modules/comment/comment.css?p7r9uw HTTP/1.1" 200 662 "-" "Mozilla/5.0 (Windows NT 10.0; Win64; x64) AppleWebKit/537.36 (KHTML, like Gecko) Chrome/65.0.3325.181 Safari/537.36"
82.81.253.170 - - [03/May/2018:07:01:13 -0400] "GET /modules/user/user.css?p7r9uw HTTP/1.1" 200 1219 "-" "Mozilla/5.0 (Windows NT 10.0; Win64; x64) AppleWebKit/537.36 (KHTML, like Gecko) Chrome/65.0.3325.181 Safari/537.36"
82.81.253.170 - - [03/May/2018:07:01:13 -0400] "GET /modules/node/node.css?p7r9uw HTTP/1.1" 200 629 "-" "Mozilla/5.0 (Windows NT 10.0; Win64; x64) AppleWebKit/537.36 (KHTML, like Gecko) Chrome/65.0.3325.181 Safari/537.36"
82.81.253.170 - - [03/May/2018:07:01:13 -0400] "GET /themes/garland/print.css?p7r9uw HTTP/1.1" 200 771 "-" "Mozilla/5.0 (Windows NT 10.0; Win64; x64) AppleWebKit/537.36 (KHTML, like Gecko) Chrome/65.0.3325.181 Safari/537.36"
82.81.253.170 - - [03/May/2018:07:01:13 -0400] "GET /themes/garland/style.css?p7r9uw HTTP/1.1" 200 5370 "-" "Mozilla/5.0 (Windows NT 10.0; Win64; x64) AppleWebKit/537.36 (KHTML, like Gecko) Chrome/65.0.3325.181 Safari/537.36"
82.81.253.170 - - [03/May/2018:07:01:13 -0400] "GET /misc/jquery.once.js?v=1.2 HTTP/1.1" 200 1445 "https://www.nspw.org/proceedings" "Mozilla/5.0 (Windows NT 10.0; Win64; x64) AppleWebKit/537.36 (KHTML, like Gecko) Chrome/65.0.3325.181 Safari/537.36"
82.81.253.170 - - [03/May/2018:07:01:13 -0400] "GET /misc/jquery.js?v=1.4.4 HTTP/1.1" 200 27601 "https://www.nspw.org/proceedings" "Mozilla/5.0 (Windows NT 10.0; Win64; x64) AppleWebKit/537.36 (KHTML, like Gecko) Chrome/65.0.3325.181 Safari/537.36"
82.81.253.170 - - [03/May/2018:07:01:13 -0400] "GET /misc/drupal.js?p7r9uw HTTP/1.1" 200 7372 "https://www.nspw.org/proceedings" "Mozilla/5.0 (Windows NT 10.0; Win64; x64) AppleWebKit/537.36 (KHTML, like Gecko) Chrome/65.0.3325.181 Safari/537.36"
82.81.253.170 - - [03/May/2018:07:01:13 -0400] "GET /sites/default/files/nspw-logo-smaller.jpg HTTP/1.1" 200 2534 "https://www.nspw.org/proceedings" "Mozilla/5.0 (Windows NT 10.0; Win64; x64) AppleWebKit/537.36 (KHTML, like Gecko) Chrome/65.0.3325.181 Safari/537.36"
82.81.253.170 - - [03/May/2018:07:01:14 -0400] "GET /themes/garland/images/bg-content.png HTTP/1.1" 200 798 "https://www.nspw.org/themes/garland/style.css?p7r9uw" "Mozilla/5.0 (Windows NT 10.0; Win64; x64) AppleWebKit/537.36 (KHTML, like Gecko) Chrome/65.0.3325.181 Safari/537.36"
82.81.253.170 - - [03/May/2018:07:01:14 -0400] "GET /themes/garland/images/bg-content-right.png HTTP/1.1" 200 3162 "https://www.nspw.org/themes/garland/style.css?p7r9uw" "Mozilla/5.0 (Windows NT 10.0; Win64; x64) AppleWebKit/537.36 (KHTML, like Gecko) Chrome/65.0.3325.181 Safari/537.36"
82.81.253.170 - - [03/May/2018:07:01:14 -0400] "GET /themes/garland/images/menu-leaf.gif HTTP/1.1" 200 486 "https://www.nspw.org/themes/garland/style.css?p7r9uw" "Mozilla/5.0 (Windows NT 10.0; Win64; x64) AppleWebKit/537.36 (KHTML, like Gecko) Chrome/65.0.3325.181 Safari/537.36"
82.81.253.170 - - [03/May/2018:07:01:14 -0400] "GET /themes/garland/images/menu-expanded.gif HTTP/1.1" 200 495 "https://www.nspw.org/themes/garland/style.css?p7r9uw" "Mozilla/5.0 (Windows NT 10.0; Win64; x64) AppleWebKit/537.36 (KHTML, like Gecko) Chrome/65.0.3325.181 Safari/537.36"
82.81.253.170 - - [03/May/2018:07:01:14 -0400] "GET /themes/garland/images/bg-content-left.png HTTP/1.1" 200 3232 "https://www.nspw.org/themes/garland/style.css?p7r9uw" "Mozilla/5.0 (Windows NT 10.0; Win64; x64) AppleWebKit/537.36 (KHTML, like Gecko) Chrome/65.0.3325.181 Safari/537.36"
82.81.253.170 - - [03/May/2018:07:01:14 -0400] "GET /themes/garland/images/body.png HTTP/1.1" 200 993 "https://www.nspw.org/themes/garland/style.css?p7r9uw" "Mozilla/5.0 (Windows NT 10.0; Win64; x64) AppleWebKit/537.36 (KHTML, like Gecko) Chrome/65.0.3325.181 Safari/537.36"
82.81.253.170 - - [03/May/2018:07:01:14 -0400] "GET /themes/garland/images/menu-collapsed.gif HTTP/1.1" 200 488 "https://www.nspw.org/themes/garland/style.css?p7r9uw" "Mozilla/5.0 (Windows NT 10.0; Win64; x64) AppleWebKit/537.36 (KHTML, like Gecko) Chrome/65.0.3325.181 Safari/537.36"
82.81.253.170 - - [03/May/2018:07:01:14 -0400] "GET /themes/garland/images/bg-navigation-item.png HTTP/1.1" 200 812 "https://www.nspw.org/themes/garland/style.css?p7r9uw" "Mozilla/5.0 (Windows NT 10.0; Win64; x64) AppleWebKit/537.36 (KHTML, like Gecko) Chrome/65.0.3325.181 Safari/537.36"
82.81.253.170 - - [03/May/2018:07:01:14 -0400] "GET /themes/garland/images/bg-navigation-item-hover.png HTTP/1.1" 200 754 "https://www.nspw.org/themes/garland/style.css?p7r9uw" "Mozilla/5.0 (Windows NT 10.0; Win64; x64) AppleWebKit/537.36 (KHTML, like Gecko) Chrome/65.0.3325.181 Safari/537.36"
82.81.253.170 - - [03/May/2018:07:01:15 -0400] "GET /2018/organizers HTTP/1.1" 200 3564 "https://www.google.co.il/" "Mozilla/5.0 (Windows NT 10.0; Win64; x64) AppleWebKit/537.36 (KHTML, like Gecko) Chrome/65.0.3325.181 Safari/537.36"
82.81.253.170 - - [03/May/2018:07:01:15 -0400] "GET /favicon.ico HTTP/1.1" 404 700 "https://www.nspw.org/proceedings" "Mozilla/5.0 (Windows NT 10.0; Win64; x64) AppleWebKit/537.36 (KHTML, like Gecko) Chrome/65.0.3325.181 Safari/537.36"
82.81.253.170 - - [03/May/2018:07:01:56 -0400] "GET /2018/organizers HTTP/1.1" 200 6973 "https://www.google.co.il/" "Mozilla/5.0 (Windows NT 10.0; Win64; x64) AppleWebKit/537.36 (KHTML, like Gecko) Chrome/65.0.3325.181 Safari/537.36"
79.11.249.70 - - [03/May/2018:07:01:58 -0400] "GET /wp-login.php HTTP/1.1" 404 7484 "-" "Mozilla/5.0 (Windows NT 6.1; WOW64; rv:40.0) Gecko/20100101 Firefox/40.1"
79.11.249.70 - - [03/May/2018:07:01:59 -0400] "GET / HTTP/1.1" 200 8218 "-" "Mozilla/5.0 (Windows NT 6.1; WOW64; rv:40.0) Gecko/20100101 Firefox/40.1"
173.177.237.132 - - [03/May/2018:07:02:58 -0400] "GET /wp-login.php HTTP/1.1" 404 7985 "-" "Mozilla/5.0 (Windows NT 6.1; WOW64; rv:40.0) Gecko/20100101 Firefox/40.1"
173.177.237.132 - - [03/May/2018:07:02:58 -0400] "GET / HTTP/1.1" 200 8206 "-" "Mozilla/5.0 (Windows NT 6.1; WOW64; rv:40.0) Gecko/20100101 Firefox/40.1"
39.40.197.92 - - [03/May/2018:07:05:11 -0400] "GET /wp-login.php HTTP/1.1" 404 8180 "-" "Mozilla/5.0 (Windows NT 6.1; WOW64; rv:40.0) Gecko/20100101 Firefox/40.1"
39.40.197.92 - - [03/May/2018:07:05:15 -0400] "GET / HTTP/1.1" 200 8298 "-" "Mozilla/5.0 (Windows NT 6.1; WOW64; rv:40.0) Gecko/20100101 Firefox/40.1"
69.162.124.227 - - [03/May/2018:07:05:19 -0400] "HEAD / HTTP/1.1" 200 3874 "http://nspw.org/" "Mozilla/5.0+(compatible; UptimeRobot/2.0; http://www.uptimerobot.com/)"
77.88.47.40 - - [03/May/2018:07:07:20 -0400] "GET /papers/2009/nspw2009-probst.pdf HTTP/1.1" 200 205924 "-" "Mozilla/5.0 (compatible; YandexBot/3.0; +http://yandex.com/bots)"
39.59.216.192 - - [03/May/2018:07:08:59 -0400] "GET /wp-login.php HTTP/1.1" 404 8180 "-" "Mozilla/5.0 (Windows NT 6.1; WOW64; rv:40.0) Gecko/20100101 Firefox/40.1"
39.59.216.192 - - [03/May/2018:07:09:01 -0400] "GET / HTTP/1.1" 200 8298 "-" "Mozilla/5.0 (Windows NT 6.1; WOW64; rv:40.0) Gecko/20100101 Firefox/40.1"
77.88.47.40 - - [03/May/2018:07:09:29 -0400] "GET /papers/2009/nspw2009-jakobsson.pdf HTTP/1.1" 200 293763 "-" "Mozilla/5.0 (compatible; YandexBot/3.0; +http://yandex.com/bots)"
41.223.138.43 - - [03/May/2018:07:10:08 -0400] "GET /favicon.ico HTTP/1.1" 404 4109 "https://www.nspw.org/papers/2001/nspw2001-blakley.pdf" "Mozilla/5.0 (Macintosh; Intel Mac OS X 10_13_2) AppleWebKit/537.36 (KHTML, like Gecko) Chrome/66.0.3359.139 Safari/537.36"
41.223.138.43 - - [03/May/2018:07:10:07 -0400] "GET /papers/2001/nspw2001-blakley.pdf HTTP/1.1" 200 761585 "https://www.google.com/" "Mozilla/5.0 (Macintosh; Intel Mac OS X 10_13_2) AppleWebKit/537.36 (KHTML, like Gecko) Chrome/66.0.3359.139 Safari/537.36"
69.162.124.227 - - [03/May/2018:07:10:19 -0400] "HEAD / HTTP/1.1" 200 3874 "http://nspw.org/" "Mozilla/5.0+(compatible; UptimeRobot/2.0; http://www.uptimerobot.com/)"
216.244.66.236 - - [03/May/2018:07:10:51 -0400] "GET /robots.txt HTTP/1.1" 200 5796 "-" "Mozilla/5.0 (compatible; DotBot/1.1; http://www.opensiteexplorer.org/dotbot, help@moz.com)"
77.88.47.40 - - [03/May/2018:07:11:01 -0400] "GET /papers/2009/nspw2009-kline.pdf HTTP/1.1" 200 153916 "-" "Mozilla/5.0 (compatible; YandexBot/3.0; +http://yandex.com/bots)"
77.88.47.40 - - [03/May/2018:07:11:10 -0400] "GET /papers/2009/nspw2009-misra.pdf HTTP/1.1" 200 429361 "-" "Mozilla/5.0 (compatible; YandexBot/3.0; +http://yandex.com/bots)"
77.88.47.40 - - [03/May/2018:07:11:30 -0400] "GET /papers/2009/nspw2009-gates.pdf HTTP/1.1" 200 395071 "-" "Mozilla/5.0 (compatible; YandexBot/3.0; +http://yandex.com/bots)"
77.88.47.40 - - [03/May/2018:07:11:56 -0400] "GET /papers/2009/?C=S;O=A HTTP/1.1" 200 4389 "-" "Mozilla/5.0 (compatible; YandexBot/3.0; +http://yandex.com/bots)"
77.88.47.40 - - [03/May/2018:07:11:59 -0400] "GET /papers/2009/?C=N;O=A HTTP/1.1" 200 972 "-" "Mozilla/5.0 (compatible; YandexBot/3.0; +http://yandex.com/bots)"
77.88.47.40 - - [03/May/2018:07:12:03 -0400] "GET /papers/2009/?C=D;O=A HTTP/1.1" 200 972 "-" "Mozilla/5.0 (compatible; YandexBot/3.0; +http://yandex.com/bots)"
77.88.47.40 - - [03/May/2018:07:12:06 -0400] "GET /papers/2009/?C=M;O=A HTTP/1.1" 200 971 "-" "Mozilla/5.0 (compatible; YandexBot/3.0; +http://yandex.com/bots)"
66.249.66.91 - - [03/May/2018:07:12:53 -0400] "GET /2009/proceedings/1994/nspw1994-lin.pdf HTTP/1.1" 200 704150 "-" "Mozilla/5.0 (compatible; Googlebot/2.1; +http://www.google.com/bot.html)"
81.32.196.60 - - [03/May/2018:07:12:54 -0400] "GET /wp-login.php HTTP/1.1" 404 7903 "-" "Mozilla/5.0 (Windows NT 6.1; WOW64; rv:40.0) Gecko/20100101 Firefox/40.1"
81.32.196.60 - - [03/May/2018:07:12:56 -0400] "GET / HTTP/1.1" 200 8218 "-" "Mozilla/5.0 (Windows NT 6.1; WOW64; rv:40.0) Gecko/20100101 Firefox/40.1"
69.162.124.227 - - [03/May/2018:07:15:19 -0400] "HEAD / HTTP/1.1" 200 3874 "http://nspw.org/" "Mozilla/5.0+(compatible; UptimeRobot/2.0; http://www.uptimerobot.com/)"
77.88.47.40 - - [03/May/2018:07:09:48 -0400] "GET /papers/2009/nspw2009-gibson.pdf HTTP/1.1" 200 977202 "-" "Mozilla/5.0 (compatible; YandexBot/3.0; +http://yandex.com/bots)"
77.88.47.40 - - [03/May/2018:07:10:43 -0400] "GET /papers/2009/nspw2009-kline.pdf HTTP/1.1" 200 52352 "-" "Mozilla/5.0 (compatible; YandexBot/3.0; +http://yandex.com/bots)"
157.55.39.195 - - [03/May/2018:07:15:18 -0400] "GET /papers/2003/nspw2003-beres.pdf HTTP/1.1" 200 732903 "-" "Mozilla/5.0 (iPhone; CPU iPhone OS 7_0 like Mac OS X) AppleWebKit/537.51.1 (KHTML, like Gecko) Version/7.0 Mobile/11A465 Safari/9537.53 (compatible; bingbot/2.0; +http://www.bing.com/bingbot.htm)"
77.88.47.40 - - [03/May/2018:07:11:49 -0400] "GET /papers/2009/nspw2009-johnson.pdf HTTP/1.1" 200 84506 "-" "Mozilla/5.0 (compatible; YandexBot/3.0; +http://yandex.com/bots)"
77.88.47.40 - - [03/May/2018:07:11:53 -0400] "GET /papers/2009/nspw2009-church.pdf HTTP/1.1" 200 84506 "-" "Mozilla/5.0 (compatible; YandexBot/3.0; +http://yandex.com/bots)"
49.197.190.212 - - [03/May/2018:07:16:59 -0400] "GET /wp-login.php HTTP/1.1" 404 7491 "-" "Mozilla/5.0 (Windows NT 6.1; WOW64; rv:40.0) Gecko/20100101 Firefox/40.1"
49.197.190.212 - - [03/May/2018:07:16:59 -0400] "GET / HTTP/1.1" 200 8218 "-" "Mozilla/5.0 (Windows NT 6.1; WOW64; rv:40.0) Gecko/20100101 Firefox/40.1"
69.162.124.227 - - [03/May/2018:07:20:19 -0400] "HEAD / HTTP/1.1" 200 3874 "http://nspw.org/" "Mozilla/5.0+(compatible; UptimeRobot/2.0; http://www.uptimerobot.com/)"
77.88.47.40 - - [03/May/2018:07:21:51 -0400] "GET /papers/1999/?C=M;O=D HTTP/1.1" 200 4388 "-" "Mozilla/5.0 (compatible; YandexBot/3.0; +http://yandex.com/bots)"
77.88.47.40 - - [03/May/2018:07:22:08 -0400] "GET /2014/program HTTP/1.1" 200 7924 "-" "Mozilla/5.0 (compatible; YandexBot/3.0; +http://yandex.com/bots)"
50.45.7.27 - - [03/May/2018:07:22:41 -0400] "GET /wp-login.php HTTP/1.1" 404 7839 "-" "Mozilla/5.0 (Windows NT 6.1; WOW64; rv:40.0) Gecko/20100101 Firefox/40.1"
50.45.7.27 - - [03/May/2018:07:22:41 -0400] "GET / HTTP/1.1" 200 8218 "-" "Mozilla/5.0 (Windows NT 6.1; WOW64; rv:40.0) Gecko/20100101 Firefox/40.1"
93.136.15.99 - - [03/May/2018:07:23:16 -0400] "GET /wp-login.php HTTP/1.1" 404 7491 "-" "Mozilla/5.0 (Windows NT 6.1; WOW64; rv:40.0) Gecko/20100101 Firefox/40.1"
93.136.15.99 - - [03/May/2018:07:23:17 -0400] "GET / HTTP/1.1" 200 8218 "-" "Mozilla/5.0 (Windows NT 6.1; WOW64; rv:40.0) Gecko/20100101 Firefox/40.1"
46.209.128.122 - - [03/May/2018:07:23:32 -0400] "GET /wp-login.php HTTP/1.1" 404 7985 "-" "Mozilla/5.0 (Windows NT 6.1; WOW64; rv:40.0) Gecko/20100101 Firefox/40.1"
46.209.128.122 - - [03/May/2018:07:23:33 -0400] "GET / HTTP/1.1" 200 8206 "-" "Mozilla/5.0 (Windows NT 6.1; WOW64; rv:40.0) Gecko/20100101 Firefox/40.1"
49.146.218.29 - - [03/May/2018:07:24:32 -0400] "GET /wp-login.php HTTP/1.1" 404 8180 "-" "Mozilla/5.0 (Windows NT 6.1; WOW64; rv:40.0) Gecko/20100101 Firefox/40.1"
49.146.218.29 - - [03/May/2018:07:24:32 -0400] "GET / HTTP/1.1" 200 8298 "-" "Mozilla/5.0 (Windows NT 6.1; WOW64; rv:40.0) Gecko/20100101 Firefox/40.1"
89.205.125.137 - - [03/May/2018:07:24:49 -0400] "GET /wp-login.php HTTP/1.1" 404 7484 "-" "Mozilla/5.0 (Windows NT 6.1; WOW64; rv:40.0) Gecko/20100101 Firefox/40.1"
89.205.125.137 - - [03/May/2018:07:24:50 -0400] "GET / HTTP/1.1" 200 8218 "-" "Mozilla/5.0 (Windows NT 6.1; WOW64; rv:40.0) Gecko/20100101 Firefox/40.1"
66.249.66.92 - - [03/May/2018:07:25:18 -0400] "GET / HTTP/1.1" 200 6608 "-" "Mozilla/5.0 (compatible; Googlebot/2.1; +http://www.google.com/bot.html)"
69.162.124.227 - - [03/May/2018:07:25:19 -0400] "HEAD / HTTP/1.1" 200 3874 "http://nspw.org/" "Mozilla/5.0+(compatible; UptimeRobot/2.0; http://www.uptimerobot.com/)"
77.88.47.40 - - [03/May/2018:07:26:59 -0400] "GET /2012/organizers HTTP/1.1" 200 6747 "-" "Mozilla/5.0 (compatible; YandexBot/3.0; +http://yandex.com/bots)"
40.77.167.134 - - [03/May/2018:07:27:43 -0400] "GET /papers/2005/nspw2005-marceau.pdf HTTP/1.1" 200 2503939 "-" "Mozilla/5.0 (iPhone; CPU iPhone OS 7_0 like Mac OS X) AppleWebKit/537.51.1 (KHTML, like Gecko) Version/7.0 Mobile/11A465 Safari/9537.53 (compatible; bingbot/2.0; +http://www.bing.com/bingbot.htm)"
180.76.15.5 - - [03/May/2018:07:29:04 -0400] "GET /2006/nspw2006program.pdf HTTP/1.1" 404 7993 "-" "Mozilla/5.0 (compatible; Baiduspider/2.0; +http://www.baidu.com/search/spider.html)"
216.244.66.247 - - [03/May/2018:07:29:23 -0400] "GET /robots.txt HTTP/1.1" 200 5796 "-" "Mozilla/5.0 (compatible; DotBot/1.1; http://www.opensiteexplorer.org/dotbot, help@moz.com)"
216.244.66.247 - - [03/May/2018:07:29:23 -0400] "GET /robots.txt HTTP/1.1" 200 5796 "-" "Mozilla/5.0 (compatible; DotBot/1.1; http://www.opensiteexplorer.org/dotbot, help@moz.com)"
69.162.124.227 - - [03/May/2018:07:30:19 -0400] "HEAD / HTTP/1.1" 200 3874 "http://nspw.org/" "Mozilla/5.0+(compatible; UptimeRobot/2.0; http://www.uptimerobot.com/)"
180.76.15.159 - - [03/May/2018:07:30:57 -0400] "GET /2000/program_print.html HTTP/1.1" 200 7317 "-" "Mozilla/5.0 (compatible; Baiduspider/2.0; +http://www.baidu.com/search/spider.html)"
78.156.229.5 - - [03/May/2018:07:34:05 -0400] "GET /wp-login.php HTTP/1.1" 404 7985 "-" "Mozilla/5.0 (Windows NT 6.1; WOW64; rv:40.0) Gecko/20100101 Firefox/40.1"
78.156.229.5 - - [03/May/2018:07:34:05 -0400] "GET / HTTP/1.1" 200 8206 "-" "Mozilla/5.0 (Windows NT 6.1; WOW64; rv:40.0) Gecko/20100101 Firefox/40.1"
36.80.6.55 - - [03/May/2018:07:34:21 -0400] "GET /wp-login.php HTTP/1.1" 404 7491 "-" "Mozilla/5.0 (Windows NT 6.1; WOW64; rv:40.0) Gecko/20100101 Firefox/40.1"
216.244.66.236 - - [03/May/2018:07:34:23 -0400] "GET /robots.txt HTTP/1.1" 200 5796 "-" "Mozilla/5.0 (compatible; DotBot/1.1; http://www.opensiteexplorer.org/dotbot, help@moz.com)"
36.80.6.55 - - [03/May/2018:07:34:25 -0400] "GET / HTTP/1.1" 200 8218 "-" "Mozilla/5.0 (Windows NT 6.1; WOW64; rv:40.0) Gecko/20100101 Firefox/40.1"
66.249.66.92 - - [03/May/2018:07:35:01 -0400] "GET /papers/2009/nspw2009-herley.pdf HTTP/1.1" 200 189194 "-" "Mozilla/5.0 (compatible; Googlebot/2.1; +http://www.google.com/bot.html)"
69.162.124.227 - - [03/May/2018:07:35:19 -0400] "HEAD / HTTP/1.1" 200 3874 "http://nspw.org/" "Mozilla/5.0+(compatible; UptimeRobot/2.0; http://www.uptimerobot.com/)"
92.40.249.97 - - [03/May/2018:07:35:28 -0400] "GET /2013/cfp HTTP/1.1" 200 8616 "-" "Mozilla/5.0 (iPhone; CPU iPhone OS 11_2_6 like Mac OS X) AppleWebKit/604.5.6 (KHTML, like Gecko) Version/11.0 Mobile/15D100 Safari/604.1"
92.40.249.97 - - [03/May/2018:07:35:29 -0400] "GET /apple-touch-icon-120x120-precomposed.png HTTP/1.1" 404 3943 "-" "MobileSafari/604.1 CFNetwork/894 Darwin/17.4.0"
92.40.249.97 - - [03/May/2018:07:35:29 -0400] "GET /apple-touch-icon-120x120.png HTTP/1.1" 404 717 "-" "MobileSafari/604.1 CFNetwork/894 Darwin/17.4.0"
92.40.249.97 - - [03/May/2018:07:35:29 -0400] "GET /apple-touch-icon-precomposed.png HTTP/1.1" 404 721 "-" "MobileSafari/604.1 CFNetwork/894 Darwin/17.4.0"
92.40.249.97 - - [03/May/2018:07:35:29 -0400] "GET /apple-touch-icon.png HTTP/1.1" 404 709 "-" "MobileSafari/604.1 CFNetwork/894 Darwin/17.4.0"
92.40.249.97 - - [03/May/2018:07:35:29 -0400] "GET /favicon.ico HTTP/1.1" 404 700 "-" "MobileSafari/604.1 CFNetwork/894 Darwin/17.4.0"
92.40.249.97 - - [03/May/2018:07:35:29 -0400] "GET /apple-touch-icon-120x120-precomposed.png HTTP/1.1" 404 729 "-" "MobileSafari/604.1 CFNetwork/894 Darwin/17.4.0"
92.40.249.97 - - [03/May/2018:07:35:29 -0400] "GET /apple-touch-icon-120x120.png HTTP/1.1" 404 717 "-" "MobileSafari/604.1 CFNetwork/894 Darwin/17.4.0"
92.40.249.97 - - [03/May/2018:07:35:30 -0400] "GET /apple-touch-icon-precomposed.png HTTP/1.1" 404 721 "-" "MobileSafari/604.1 CFNetwork/894 Darwin/17.4.0"
92.40.249.97 - - [03/May/2018:07:35:30 -0400] "GET /apple-touch-icon.png HTTP/1.1" 404 709 "-" "MobileSafari/604.1 CFNetwork/894 Darwin/17.4.0"
92.40.249.97 - - [03/May/2018:07:35:30 -0400] "GET /favicon.ico HTTP/1.1" 404 700 "-" "MobileSafari/604.1 CFNetwork/894 Darwin/17.4.0"
66.249.66.93 - - [03/May/2018:07:37:42 -0400] "GET /papers/1993/nspw1993-mclean.pdf HTTP/1.1" 200 609147 "-" "Mozilla/5.0 (compatible; Googlebot/2.1; +http://www.google.com/bot.html)"
180.76.15.25 - - [03/May/2018:07:39:25 -0400] "GET /2006/papers.content HTTP/1.1" 200 3655 "-" "Mozilla/5.0 (compatible; Baiduspider/2.0; +http://www.baidu.com/search/spider.html)"
69.162.124.227 - - [03/May/2018:07:40:19 -0400] "HEAD / HTTP/1.1" 200 3874 "http://nspw.org/" "Mozilla/5.0+(compatible; UptimeRobot/2.0; http://www.uptimerobot.com/)"
64.238.147.124 - - [03/May/2018:07:41:01 -0400] "GET /sites/nspw/images/nspw-logo-smaller.jpg HTTP/1.1" 404 4060 "-" "Java/1.8.0_162"
216.244.66.247 - - [03/May/2018:07:42:00 -0400] "GET /robots.txt HTTP/1.1" 200 5796 "-" "Mozilla/5.0 (compatible; DotBot/1.1; http://www.opensiteexplorer.org/dotbot, help@moz.com)"
40.77.167.134 - - [03/May/2018:07:43:47 -0400] "GET /papers/2001/nspw2001-zhang.pdf HTTP/1.1" 200 605748 "-" "Mozilla/5.0 (iPhone; CPU iPhone OS 7_0 like Mac OS X) AppleWebKit/537.51.1 (KHTML, like Gecko) Version/7.0 Mobile/11A465 Safari/9537.53 (compatible; bingbot/2.0; +http://www.bing.com/bingbot.htm)"
69.162.124.227 - - [03/May/2018:07:45:19 -0400] "HEAD / HTTP/1.1" 200 3874 "http://nspw.org/" "Mozilla/5.0+(compatible; UptimeRobot/2.0; http://www.uptimerobot.com/)"
151.50.140.15 - - [03/May/2018:07:47:51 -0400] "GET /wp-login.php HTTP/1.1" 404 7839 "-" "Mozilla/5.0 (Windows NT 6.1; WOW64; rv:40.0) Gecko/20100101 Firefox/40.1"
151.50.140.15 - - [03/May/2018:07:47:52 -0400] "GET / HTTP/1.1" 200 8218 "-" "Mozilla/5.0 (Windows NT 6.1; WOW64; rv:40.0) Gecko/20100101 Firefox/40.1"
66.249.66.92 - - [03/May/2018:07:48:02 -0400] "GET /papers/1998/nspw1998-chang.pdf HTTP/1.1" 200 679126 "-" "Mozilla/5.0 (compatible; Googlebot/2.1; +http://www.google.com/bot.html)"
46.12.145.201 - - [03/May/2018:07:50:10 -0400] "GET /wp-login.php HTTP/1.1" 404 7491 "-" "Mozilla/5.0 (Windows NT 6.1; WOW64; rv:40.0) Gecko/20100101 Firefox/40.1"
46.12.145.201 - - [03/May/2018:07:50:12 -0400] "GET / HTTP/1.1" 200 8218 "-" "Mozilla/5.0 (Windows NT 6.1; WOW64; rv:40.0) Gecko/20100101 Firefox/40.1"
69.162.124.227 - - [03/May/2018:07:50:19 -0400] "HEAD / HTTP/1.1" 200 3874 "http://nspw.org/" "Mozilla/5.0+(compatible; UptimeRobot/2.0; http://www.uptimerobot.com/)"
77.88.47.40 - - [03/May/2018:07:50:30 -0400] "GET /2001/ HTTP/1.1" 200 5200 "-" "Mozilla/5.0 (compatible; YandexBot/3.0; +http://yandex.com/bots)"
78.58.118.129 - - [03/May/2018:07:52:30 -0400] "GET /wp-login.php HTTP/1.1" 404 7985 "-" "Mozilla/5.0 (Windows NT 6.1; WOW64; rv:40.0) Gecko/20100101 Firefox/40.1"
78.58.118.129 - - [03/May/2018:07:52:30 -0400] "GET / HTTP/1.1" 200 8206 "-" "Mozilla/5.0 (Windows NT 6.1; WOW64; rv:40.0) Gecko/20100101 Firefox/40.1"
163.53.213.37 - - [03/May/2018:07:55:16 -0400] "GET /wp-login.php HTTP/1.1" 404 7686 "-" "Mozilla/5.0 (Windows NT 6.1; WOW64; rv:40.0) Gecko/20100101 Firefox/40.1"
163.53.213.37 - - [03/May/2018:07:55:17 -0400] "GET / HTTP/1.1" 200 8218 "-" "Mozilla/5.0 (Windows NT 6.1; WOW64; rv:40.0) Gecko/20100101 Firefox/40.1"
69.162.124.227 - - [03/May/2018:07:55:19 -0400] "HEAD / HTTP/1.1" 200 3874 "http://nspw.org/" "Mozilla/5.0+(compatible; UptimeRobot/2.0; http://www.uptimerobot.com/)"
183.171.66.227 - - [03/May/2018:07:56:10 -0400] "GET /papers/2013/nspw2013-peisert.pdf HTTP/1.1" 200 714567 "https://www.google.com/" "Mozilla/5.0 (Windows NT 6.3; Win64; x64) AppleWebKit/537.36 (KHTML, like Gecko) Chrome/66.0.3359.139 Safari/537.36"
183.171.66.227 - - [03/May/2018:07:56:11 -0400] "GET /papers/2013/nspw2013-peisert.pdf HTTP/1.1" 206 286602 "https://www.google.com/" "Mozilla/5.0 (Windows NT 6.3; Win64; x64) AppleWebKit/537.36 (KHTML, like Gecko) Chrome/66.0.3359.139 Safari/537.36"
183.171.66.227 - - [03/May/2018:07:56:15 -0400] "GET /papers/2013/nspw2013-peisert.pdf HTTP/1.1" 206 36079 "https://www.google.com/" "Mozilla/5.0 (Windows NT 6.3; Win64; x64) AppleWebKit/537.36 (KHTML, like Gecko) Chrome/66.0.3359.139 Safari/537.36"
216.244.66.236 - - [03/May/2018:07:58:30 -0400] "GET /robots.txt HTTP/1.1" 200 5796 "-" "Mozilla/5.0 (compatible; DotBot/1.1; http://www.opensiteexplorer.org/dotbot, help@moz.com)"
85.163.21.70 - - [03/May/2018:07:58:41 -0400] "GET /wp-login.php HTTP/1.1" 404 8180 "-" "Mozilla/5.0 (Windows NT 6.1; WOW64; rv:40.0) Gecko/20100101 Firefox/40.1"
85.163.21.70 - - [03/May/2018:07:58:41 -0400] "GET / HTTP/1.1" 200 8298 "-" "Mozilla/5.0 (Windows NT 6.1; WOW64; rv:40.0) Gecko/20100101 Firefox/40.1"
69.162.124.227 - - [03/May/2018:08:00:19 -0400] "HEAD / HTTP/1.1" 200 3874 "http://nspw.org/" "Mozilla/5.0+(compatible; UptimeRobot/2.0; http://www.uptimerobot.com/)"
77.178.211.58 - - [03/May/2018:08:01:08 -0400] "GET /wp-login.php HTTP/1.1" 404 8176 "-" "Mozilla/5.0 (Windows NT 6.1; WOW64; rv:40.0) Gecko/20100101 Firefox/40.1"
77.178.211.58 - - [03/May/2018:08:01:09 -0400] "GET / HTTP/1.1" 200 8298 "-" "Mozilla/5.0 (Windows NT 6.1; WOW64; rv:40.0) Gecko/20100101 Firefox/40.1"
98.233.124.142 - - [03/May/2018:08:01:11 -0400] "GET /wp-login.php HTTP/1.1" 404 8018 "-" "Mozilla/5.0 (Windows NT 6.1; WOW64; rv:40.0) Gecko/20100101 Firefox/40.1"
98.233.124.142 - - [03/May/2018:08:01:12 -0400] "GET / HTTP/1.1" 200 8206 "-" "Mozilla/5.0 (Windows NT 6.1; WOW64; rv:40.0) Gecko/20100101 Firefox/40.1"
66.249.66.93 - - [03/May/2018:08:02:32 -0400] "GET /2018 HTTP/1.1" 200 6906 "-" "Mozilla/5.0 (compatible; Googlebot/2.1; +http://www.google.com/bot.html)"
139.0.18.178 - - [03/May/2018:08:03:31 -0400] "GET /papers/1999/nspw1999-henning.pdf HTTP/1.1" 200 666945 "https://www.google.co.id/" "Mozilla/5.0 (Windows NT 10.0; Win64; x64) AppleWebKit/537.36 (KHTML, like Gecko) Chrome/66.0.3359.139 Safari/537.36"
139.0.18.178 - - [03/May/2018:08:03:32 -0400] "GET /favicon.ico HTTP/1.1" 404 4109 "https://www.nspw.org/papers/1999/nspw1999-henning.pdf" "Mozilla/5.0 (Windows NT 10.0; Win64; x64) AppleWebKit/537.36 (KHTML, like Gecko) Chrome/66.0.3359.139 Safari/537.36"
86.137.104.111 - - [03/May/2018:08:03:10 -0400] "GET /papers/2013/nspw2013-ard.pdf HTTP/1.1" 200 517301 "-" "Mozilla/5.0 (iPhone; CPU iPhone OS 11_3 like Mac OS X) AppleWebKit/605.1.15 (KHTML, like Gecko) Version/11.0 Mobile/15E148 Safari/604.1"
77.88.47.40 - - [03/May/2018:08:03:34 -0400] "GET /papers/2007/nspw2007-somayaji.pdf HTTP/1.1" 200 179863 "-" "Mozilla/5.0 (compatible; YandexBot/3.0; +http://yandex.com/bots)"
36.110.147.76 - - [03/May/2018:08:03:47 -0400] "GET / HTTP/1.1" 200 6704 "-" "Mozilla/5.0 (Linux; Android 4.0; GT-I9300 Build/IMM76D) AppleWebKit/534.30 (KHTML, like Gecko) Chrome/59.0.3071.92"
36.110.147.76 - - [03/May/2018:08:03:47 -0400] "GET /modules/system/system.base.css?p7r9uw HTTP/1.1" 200 2307 "https://www.nspw.org/" "Mozilla/5.0 (Linux; Android 4.0; GT-I9300 Build/IMM76D) AppleWebKit/534.30 (KHTML, like Gecko) Chrome/59.0.3071.92"
36.110.147.76 - - [03/May/2018:08:03:48 -0400] "GET /modules/system/system.menus.css?p7r9uw HTTP/1.1" 200 1025 "https://www.nspw.org/" "Mozilla/5.0 (Linux; Android 4.0; GT-I9300 Build/IMM76D) AppleWebKit/534.30 (KHTML, like Gecko) Chrome/59.0.3071.92"
36.110.147.76 - - [03/May/2018:08:03:48 -0400] "GET /modules/system/system.messages.css?p7r9uw HTTP/1.1" 200 746 "https://www.nspw.org/" "Mozilla/5.0 (Linux; Android 4.0; GT-I9300 Build/IMM76D) AppleWebKit/534.30 (KHTML, like Gecko) Chrome/59.0.3071.92"
36.110.147.76 - - [03/May/2018:08:03:49 -0400] "GET /modules/system/system.theme.css?p7r9uw HTTP/1.1" 200 5076 "https://www.nspw.org/" "Mozilla/5.0 (Linux; Android 4.0; GT-I9300 Build/IMM76D) AppleWebKit/534.30 (KHTML, like Gecko) Chrome/59.0.3071.92"
36.110.147.76 - - [03/May/2018:08:03:49 -0400] "GET /modules/comment/comment.css?p7r9uw HTTP/1.1" 200 505 "https://www.nspw.org/" "Mozilla/5.0 (Linux; Android 4.0; GT-I9300 Build/IMM76D) AppleWebKit/534.30 (KHTML, like Gecko) Chrome/59.0.3071.92"
36.110.147.76 - - [03/May/2018:08:03:49 -0400] "GET /modules/field/theme/field.css?p7r9uw HTTP/1.1" 200 4090 "https://www.nspw.org/" "Mozilla/5.0 (Linux; Android 4.0; GT-I9300 Build/IMM76D) AppleWebKit/534.30 (KHTML, like Gecko) Chrome/59.0.3071.92"
36.110.147.76 - - [03/May/2018:08:03:49 -0400] "GET /modules/node/node.css?p7r9uw HTTP/1.1" 200 3963 "https://www.nspw.org/" "Mozilla/5.0 (Linux; Android 4.0; GT-I9300 Build/IMM76D) AppleWebKit/534.30 (KHTML, like Gecko) Chrome/59.0.3071.92"
36.110.147.76 - - [03/May/2018:08:03:49 -0400] "GET /modules/user/user.css?p7r9uw HTTP/1.1" 200 4553 "https://www.nspw.org/" "Mozilla/5.0 (Linux; Android 4.0; GT-I9300 Build/IMM76D) AppleWebKit/534.30 (KHTML, like Gecko) Chrome/59.0.3071.92"
36.110.147.76 - - [03/May/2018:08:03:49 -0400] "GET /themes/garland/style.css?p7r9uw HTTP/1.1" 200 8861 "https://www.nspw.org/" "Mozilla/5.0 (Linux; Android 4.0; GT-I9300 Build/IMM76D) AppleWebKit/534.30 (KHTML, like Gecko) Chrome/59.0.3071.92"
36.110.147.76 - - [03/May/2018:08:03:49 -0400] "GET /themes/garland/print.css?p7r9uw HTTP/1.1" 200 771 "https://www.nspw.org/" "Mozilla/5.0 (Linux; Android 4.0; GT-I9300 Build/IMM76D) AppleWebKit/534.30 (KHTML, like Gecko) Chrome/59.0.3071.92"
36.110.147.76 - - [03/May/2018:08:03:49 -0400] "GET /misc/jquery.js?v=1.4.4 HTTP/1.1" 200 27601 "https://www.nspw.org/" "Mozilla/5.0 (Linux; Android 4.0; GT-I9300 Build/IMM76D) AppleWebKit/534.30 (KHTML, like Gecko) Chrome/59.0.3071.92"
36.110.147.76 - - [03/May/2018:08:03:49 -0400] "GET /misc/jquery.once.js?v=1.2 HTTP/1.1" 200 1445 "https://www.nspw.org/" "Mozilla/5.0 (Linux; Android 4.0; GT-I9300 Build/IMM76D) AppleWebKit/534.30 (KHTML, like Gecko) Chrome/59.0.3071.92"
36.110.147.76 - - [03/May/2018:08:03:49 -0400] "GET /misc/drupal.js?p7r9uw HTTP/1.1" 200 7372 "https://www.nspw.org/" "Mozilla/5.0 (Linux; Android 4.0; GT-I9300 Build/IMM76D) AppleWebKit/534.30 (KHTML, like Gecko) Chrome/59.0.3071.92"
36.110.147.76 - - [03/May/2018:08:03:50 -0400] "GET /themes/garland/images/menu-leaf.gif HTTP/1.1" 200 486 "https://www.nspw.org/" "Mozilla/5.0 (Linux; Android 4.0; GT-I9300 Build/IMM76D) AppleWebKit/534.30 (KHTML, like Gecko) Chrome/59.0.3071.92"
36.110.147.76 - - [03/May/2018:08:03:50 -0400] "GET /themes/garland/images/menu-expanded.gif HTTP/1.1" 200 495 "https://www.nspw.org/" "Mozilla/5.0 (Linux; Android 4.0; GT-I9300 Build/IMM76D) AppleWebKit/534.30 (KHTML, like Gecko) Chrome/59.0.3071.92"
36.110.147.76 - - [03/May/2018:08:03:50 -0400] "GET /themes/garland/images/bg-navigation-item.png HTTP/1.1" 200 812 "https://www.nspw.org/" "Mozilla/5.0 (Linux; Android 4.0; GT-I9300 Build/IMM76D) AppleWebKit/534.30 (KHTML, like Gecko) Chrome/59.0.3071.92"
36.110.147.76 - - [03/May/2018:08:03:50 -0400] "GET /sites/default/files/nspw-logo-smaller.jpg HTTP/1.1" 200 2534 "https://www.nspw.org/" "Mozilla/5.0 (Linux; Android 4.0; GT-I9300 Build/IMM76D) AppleWebKit/534.30 (KHTML, like Gecko) Chrome/59.0.3071.92"
36.110.147.76 - - [03/May/2018:08:03:50 -0400] "GET /themes/garland/images/body.png HTTP/1.1" 200 993 "https://www.nspw.org/" "Mozilla/5.0 (Linux; Android 4.0; GT-I9300 Build/IMM76D) AppleWebKit/534.30 (KHTML, like Gecko) Chrome/59.0.3071.92"
36.110.147.76 - - [03/May/2018:08:03:50 -0400] "GET /themes/garland/images/bg-navigation-item-hover.png HTTP/1.1" 200 754 "https://www.nspw.org/" "Mozilla/5.0 (Linux; Android 4.0; GT-I9300 Build/IMM76D) AppleWebKit/534.30 (KHTML, like Gecko) Chrome/59.0.3071.92"
36.110.147.76 - - [03/May/2018:08:03:50 -0400] "GET /themes/garland/images/menu-collapsed.gif HTTP/1.1" 200 488 "https://www.nspw.org/" "Mozilla/5.0 (Linux; Android 4.0; GT-I9300 Build/IMM76D) AppleWebKit/534.30 (KHTML, like Gecko) Chrome/59.0.3071.92"
36.110.147.76 - - [03/May/2018:08:03:50 -0400] "GET /themes/garland/images/bg-content.png HTTP/1.1" 200 798 "https://www.nspw.org/" "Mozilla/5.0 (Linux; Android 4.0; GT-I9300 Build/IMM76D) AppleWebKit/534.30 (KHTML, like Gecko) Chrome/59.0.3071.92"
36.110.147.76 - - [03/May/2018:08:03:50 -0400] "GET /themes/garland/images/bg-content-right.png HTTP/1.1" 200 3162 "https://www.nspw.org/" "Mozilla/5.0 (Linux; Android 4.0; GT-I9300 Build/IMM76D) AppleWebKit/534.30 (KHTML, like Gecko) Chrome/59.0.3071.92"
36.110.147.76 - - [03/May/2018:08:03:50 -0400] "GET /themes/garland/images/bg-content-left.png HTTP/1.1" 200 3232 "https://www.nspw.org/" "Mozilla/5.0 (Linux; Android 4.0; GT-I9300 Build/IMM76D) AppleWebKit/534.30 (KHTML, like Gecko) Chrome/59.0.3071.92"
180.76.15.152 - - [03/May/2018:08:04:17 -0400] "GET /papers/1993/?C=S;O=D HTTP/1.1" 200 10559 "-" "Mozilla/5.0 (compatible; Baiduspider/2.0; +http://www.baidu.com/search/spider.html)"
40.77.167.134 - - [03/May/2018:08:03:51 -0400] "GET /papers/2002/nspw2002-moskowitz.pdf HTTP/1.1" 200 2049464 "-" "Mozilla/5.0 (iPhone; CPU iPhone OS 7_0 like Mac OS X) AppleWebKit/537.51.1 (KHTML, like Gecko) Version/7.0 Mobile/11A465 Safari/9537.53 (compatible; bingbot/2.0; +http://www.bing.com/bingbot.htm)"
69.162.124.227 - - [03/May/2018:08:05:19 -0400] "HEAD / HTTP/1.1" 200 3874 "http://nspw.org/" "Mozilla/5.0+(compatible; UptimeRobot/2.0; http://www.uptimerobot.com/)"
84.40.137.18 - - [03/May/2018:08:05:43 -0400] "GET /wp-login.php HTTP/1.1" 404 7839 "-" "Mozilla/5.0 (Windows NT 6.1; WOW64; rv:40.0) Gecko/20100101 Firefox/40.1"
84.40.137.18 - - [03/May/2018:08:05:43 -0400] "GET / HTTP/1.1" 200 8218 "-" "Mozilla/5.0 (Windows NT 6.1; WOW64; rv:40.0) Gecko/20100101 Firefox/40.1"
180.76.15.20 - - [03/May/2018:08:08:25 -0400] "GET /papers/2003/nspw2003-jones.pdf HTTP/1.1" 200 723278 "-" "Mozilla/5.0 (compatible; Baiduspider/2.0; +http://www.baidu.com/search/spider.html)"
95.186.44.251 - - [03/May/2018:08:10:08 -0400] "GET /wp-login.php HTTP/1.1" 404 7839 "-" "Mozilla/5.0 (Windows NT 6.1; WOW64; rv:40.0) Gecko/20100101 Firefox/40.1"
95.186.44.251 - - [03/May/2018:08:10:08 -0400] "GET / HTTP/1.1" 200 8218 "-" "Mozilla/5.0 (Windows NT 6.1; WOW64; rv:40.0) Gecko/20100101 Firefox/40.1"
69.162.124.227 - - [03/May/2018:08:10:19 -0400] "HEAD / HTTP/1.1" 200 3874 "http://nspw.org/" "Mozilla/5.0+(compatible; UptimeRobot/2.0; http://www.uptimerobot.com/)"
49.149.37.117 - - [03/May/2018:08:14:09 -0400] "GET /wp-login.php HTTP/1.1" 404 8034 "-" "Mozilla/5.0 (Windows NT 6.1; WOW64; rv:40.0) Gecko/20100101 Firefox/40.1"
49.149.37.117 - - [03/May/2018:08:14:09 -0400] "GET / HTTP/1.1" 200 8218 "-" "Mozilla/5.0 (Windows NT 6.1; WOW64; rv:40.0) Gecko/20100101 Firefox/40.1"
66.249.66.92 - - [03/May/2018:08:14:57 -0400] "GET / HTTP/1.1" 200 6606 "-" "Mozilla/5.0 (Linux; Android 6.0.1; Nexus 5X Build/MMB29P) AppleWebKit/537.36 (KHTML, like Gecko) Chrome/41.0.2272.96 Mobile Safari/537.36 (compatible; Googlebot/2.1; +http://www.google.com/bot.html)"
69.162.124.227 - - [03/May/2018:08:15:19 -0400] "HEAD / HTTP/1.1" 200 3874 "http://nspw.org/" "Mozilla/5.0+(compatible; UptimeRobot/2.0; http://www.uptimerobot.com/)"
41.248.51.241 - - [03/May/2018:08:16:41 -0400] "GET /wp-login.php HTTP/1.1" 404 7839 "-" "Mozilla/5.0 (Windows NT 6.1; WOW64; rv:40.0) Gecko/20100101 Firefox/40.1"
41.248.51.241 - - [03/May/2018:08:16:41 -0400] "GET / HTTP/1.1" 200 8218 "-" "Mozilla/5.0 (Windows NT 6.1; WOW64; rv:40.0) Gecko/20100101 Firefox/40.1"
42.127.97.108 - - [03/May/2018:08:19:30 -0400] "GET /wp-login.php HTTP/1.1" 404 7839 "-" "Mozilla/5.0 (Windows NT 6.1; WOW64; rv:40.0) Gecko/20100101 Firefox/40.1"
69.162.124.227 - - [03/May/2018:08:20:19 -0400] "HEAD / HTTP/1.1" 200 3874 "http://nspw.org/" "Mozilla/5.0+(compatible; UptimeRobot/2.0; http://www.uptimerobot.com/)"
216.244.66.236 - - [03/May/2018:08:21:40 -0400] "GET /robots.txt HTTP/1.1" 200 5796 "-" "Mozilla/5.0 (compatible; DotBot/1.1; http://www.opensiteexplorer.org/dotbot, help@moz.com)"
79.117.206.209 - - [03/May/2018:08:22:21 -0400] "GET / HTTP/1.0" 400 0 "-" "-"
43.224.1.138 - - [03/May/2018:08:24:09 -0400] "GET /wp-login.php HTTP/1.1" 404 7839 "-" "Mozilla/5.0 (Windows NT 6.1; WOW64; rv:40.0) Gecko/20100101 Firefox/40.1"
43.224.1.138 - - [03/May/2018:08:24:10 -0400] "GET / HTTP/1.1" 200 8218 "-" "Mozilla/5.0 (Windows NT 6.1; WOW64; rv:40.0) Gecko/20100101 Firefox/40.1"
199.16.157.180 - - [03/May/2018:08:24:18 -0400] "GET /robots.txt HTTP/1.1" 200 5699 "-" "Twitterbot/1.0"
199.16.157.180 - - [03/May/2018:08:24:18 -0400] "GET /robots.txt HTTP/1.1" 200 5699 "-" "Twitterbot/1.0"
66.102.6.199 - - [03/May/2018:08:24:27 -0400] "GET /papers/2011/nspw2011-pieters.pdf HTTP/1.1" 200 2771026 "http://www.google.com/search" "Mozilla/5.0 (X11; Linux x86_64) AppleWebKit/537.36 (KHTML, like Gecko; Google Web Preview) Chrome/41.0.2272.118 Safari/537.36"
66.102.6.201 - - [03/May/2018:08:24:27 -0400] "GET /papers/2011/nspw2011-pieters.pdf HTTP/1.1" 200 2587545 "-" "Mozilla/5.0 (X11; Linux x86_64) AppleWebKit/537.36 (KHTML, like Gecko) Chrome/49.0.2623.75 Safari/537.36 Google Favicon"
66.102.6.199 - - [03/May/2018:08:24:28 -0400] "GET /favicon.ico HTTP/1.1" 404 700 "-" "Mozilla/5.0 (X11; Linux x86_64) AppleWebKit/537.36 (KHTML, like Gecko) Chrome/49.0.2623.75 Safari/537.36 Google Favicon"
69.162.124.227 - - [03/May/2018:08:25:19 -0400] "HEAD / HTTP/1.1" 200 3874 "http://nspw.org/" "Mozilla/5.0+(compatible; UptimeRobot/2.0; http://www.uptimerobot.com/)"
27.97.31.30 - - [03/May/2018:08:26:25 -0400] "GET /wp-login.php HTTP/1.1" 404 7484 "-" "Mozilla/5.0 (Windows NT 6.1; WOW64; rv:40.0) Gecko/20100101 Firefox/40.1"
45.117.74.122 - - [03/May/2018:08:26:25 -0400] "GET /wp-login.php HTTP/1.1" 404 7903 "-" "Mozilla/5.0 (Windows NT 6.1; WOW64; rv:40.0) Gecko/20100101 Firefox/40.1"
45.117.74.122 - - [03/May/2018:08:26:27 -0400] "GET / HTTP/1.1" 200 8218 "-" "Mozilla/5.0 (Windows NT 6.1; WOW64; rv:40.0) Gecko/20100101 Firefox/40.1"
27.97.31.30 - - [03/May/2018:08:26:28 -0400] "GET / HTTP/1.1" 200 8218 "-" "Mozilla/5.0 (Windows NT 6.1; WOW64; rv:40.0) Gecko/20100101 Firefox/40.1"
66.249.66.93 - - [03/May/2018:08:27:22 -0400] "GET /papers/1993/nspw1993-lin-2.pdf HTTP/1.1" 200 981242 "-" "Mozilla/5.0 (compatible; Googlebot/2.1; +http://www.google.com/bot.html)"
173.198.217.70 - - [03/May/2018:08:28:50 -0400] "GET /2014/local HTTP/1.1" 200 7526 "-" "Apache-HttpClient/4.4.1 (Java/1.8.0_161)"
69.162.124.227 - - [03/May/2018:08:30:19 -0400] "HEAD / HTTP/1.1" 200 3874 "http://nspw.org/" "Mozilla/5.0+(compatible; UptimeRobot/2.0; http://www.uptimerobot.com/)"
1.186.118.96 - - [03/May/2018:08:31:26 -0400] "GET /wp-login.php HTTP/1.1" 404 7491 "-" "Mozilla/5.0 (Windows NT 6.1; WOW64; rv:40.0) Gecko/20100101 Firefox/40.1"
1.186.118.96 - - [03/May/2018:08:31:28 -0400] "GET / HTTP/1.1" 200 8218 "-" "Mozilla/5.0 (Windows NT 6.1; WOW64; rv:40.0) Gecko/20100101 Firefox/40.1"
69.162.124.227 - - [03/May/2018:08:35:19 -0400] "HEAD / HTTP/1.1" 200 3874 "http://nspw.org/" "Mozilla/5.0+(compatible; UptimeRobot/2.0; http://www.uptimerobot.com/)"
156.209.228.65 - - [03/May/2018:08:35:19 -0400] "GET /wp-login.php HTTP/1.1" 404 7491 "-" "Mozilla/5.0 (Windows NT 6.1; WOW64; rv:40.0) Gecko/20100101 Firefox/40.1"
156.209.228.65 - - [03/May/2018:08:35:21 -0400] "GET / HTTP/1.1" 200 8218 "-" "Mozilla/5.0 (Windows NT 6.1; WOW64; rv:40.0) Gecko/20100101 Firefox/40.1"
77.88.47.40 - - [03/May/2018:08:35:39 -0400] "GET /2015/sponsors HTTP/1.1" 200 6343 "-" "Mozilla/5.0 (compatible; YandexBot/3.0; +http://yandex.com/bots)"
77.88.47.40 - - [03/May/2018:08:37:35 -0400] "GET /2004/pc.shtml HTTP/1.1" 200 5657 "-" "Mozilla/5.0 (compatible; YandexBot/3.0; +http://yandex.com/bots)"
180.76.15.141 - - [03/May/2018:08:37:37 -0400] "GET /2007/?C=D;O=A HTTP/1.1" 200 8269 "-" "Mozilla/5.0 (compatible; Baiduspider/2.0; +http://www.baidu.com/search/spider.html)"
69.162.124.227 - - [03/May/2018:08:40:19 -0400] "HEAD / HTTP/1.1" 200 3874 "http://nspw.org/" "Mozilla/5.0+(compatible; UptimeRobot/2.0; http://www.uptimerobot.com/)"
157.55.39.141 - - [03/May/2018:08:39:03 -0400] "GET /papers/2010/nspw2010-franz.pdf HTTP/1.1" 200 1973895 "-" "Mozilla/5.0 (iPhone; CPU iPhone OS 7_0 like Mac OS X) AppleWebKit/537.51.1 (KHTML, like Gecko) Version/7.0 Mobile/11A465 Safari/9537.53 (compatible; bingbot/2.0; +http://www.bing.com/bingbot.htm)"
103.251.248.28 - - [03/May/2018:08:41:16 -0400] "GET /wp-login.php HTTP/1.1" 404 8180 "-" "Mozilla/5.0 (Windows NT 6.1; WOW64; rv:40.0) Gecko/20100101 Firefox/40.1"
103.251.248.28 - - [03/May/2018:08:41:17 -0400] "GET / HTTP/1.1" 200 8298 "-" "Mozilla/5.0 (Windows NT 6.1; WOW64; rv:40.0) Gecko/20100101 Firefox/40.1"
171.101.72.252 - - [03/May/2018:08:42:23 -0400] "GET /wp-login.php HTTP/1.1" 404 7491 "-" "Mozilla/5.0 (Windows NT 6.1; WOW64; rv:40.0) Gecko/20100101 Firefox/40.1"
171.101.72.252 - - [03/May/2018:08:42:23 -0400] "GET / HTTP/1.1" 200 8218 "-" "Mozilla/5.0 (Windows NT 6.1; WOW64; rv:40.0) Gecko/20100101 Firefox/40.1"
157.55.39.141 - - [03/May/2018:08:43:20 -0400] "GET /papers/2006/nspw2006-gutmann.pdf HTTP/1.1" 200 103915 "-" "Mozilla/5.0 (iPhone; CPU iPhone OS 7_0 like Mac OS X) AppleWebKit/537.51.1 (KHTML, like Gecko) Version/7.0 Mobile/11A465 Safari/9537.53 (compatible; bingbot/2.0; +http://www.bing.com/bingbot.htm)"
183.87.53.170 - - [03/May/2018:08:44:15 -0400] "GET /wp-login.php HTTP/1.1" 404 7985 "-" "Mozilla/5.0 (Windows NT 6.1; WOW64; rv:40.0) Gecko/20100101 Firefox/40.1"
183.87.53.170 - - [03/May/2018:08:44:19 -0400] "GET / HTTP/1.1" 200 8206 "-" "Mozilla/5.0 (Windows NT 6.1; WOW64; rv:40.0) Gecko/20100101 Firefox/40.1"
69.162.124.227 - - [03/May/2018:08:45:19 -0400] "HEAD / HTTP/1.1" 200 3874 "http://nspw.org/" "Mozilla/5.0+(compatible; UptimeRobot/2.0; http://www.uptimerobot.com/)"
41.230.126.76 - - [03/May/2018:08:45:45 -0400] "GET /wp-login.php HTTP/1.1" 404 7839 "-" "Mozilla/5.0 (Windows NT 6.1; WOW64; rv:40.0) Gecko/20100101 Firefox/40.1"
41.230.126.76 - - [03/May/2018:08:45:47 -0400] "GET / HTTP/1.1" 200 8218 "-" "Mozilla/5.0 (Windows NT 6.1; WOW64; rv:40.0) Gecko/20100101 Firefox/40.1"
39.44.245.78 - - [03/May/2018:08:46:38 -0400] "GET /wp-login.php HTTP/1.1" 404 7484 "-" "Mozilla/5.0 (Windows NT 6.1; WOW64; rv:40.0) Gecko/20100101 Firefox/40.1"
39.44.245.78 - - [03/May/2018:08:46:40 -0400] "GET / HTTP/1.1" 200 8218 "-" "Mozilla/5.0 (Windows NT 6.1; WOW64; rv:40.0) Gecko/20100101 Firefox/40.1"
180.76.15.28 - - [03/May/2018:08:48:51 -0400] "GET /papers/2012/docs/p77.pdf HTTP/1.1" 200 445958 "-" "Mozilla/5.0 (compatible; Baiduspider/2.0; +http://www.baidu.com/search/spider.html)"
69.162.124.227 - - [03/May/2018:08:50:19 -0400] "HEAD / HTTP/1.1" 200 3874 "http://nspw.org/" "Mozilla/5.0+(compatible; UptimeRobot/2.0; http://www.uptimerobot.com/)"
77.88.47.40 - - [03/May/2018:08:50:58 -0400] "GET /papers/2007/?C=S;O=D HTTP/1.1" 200 4358 "-" "Mozilla/5.0 (compatible; YandexBot/3.0; +http://yandex.com/bots)"
77.88.47.40 - - [03/May/2018:08:51:33 -0400] "GET /2009/proceedings/2005/nspw2005-schwarting.pdf HTTP/1.1" 200 693028 "-" "Mozilla/5.0 (compatible; YandexBot/3.0; +http://yandex.com/bots)"
66.249.66.93 - - [03/May/2018:08:52:14 -0400] "GET /robots.txt HTTP/1.1" 200 4504 "-" "Mozilla/5.0 (compatible; Googlebot/2.1; +http://www.google.com/bot.html)"
77.88.47.40 - - [03/May/2018:08:52:30 -0400] "GET /2005/past.content HTTP/1.1" 200 5387 "-" "Mozilla/5.0 (compatible; YandexBot/3.0; +http://yandex.com/bots)"
77.88.47.40 - - [03/May/2018:08:53:09 -0400] "GET /2006/cfp.shtml HTTP/1.1" 200 7597 "-" "Mozilla/5.0 (compatible; YandexBot/3.0; +http://yandex.com/bots)"
5.12.25.228 - - [03/May/2018:08:54:28 -0400] "GET /wp-login.php HTTP/1.1" 404 7782 "-" "Mozilla/5.0 (Windows NT 6.1; WOW64; rv:40.0) Gecko/20100101 Firefox/40.1"
5.12.25.228 - - [03/May/2018:08:54:29 -0400] "GET / HTTP/1.1" 200 8266 "-" "Mozilla/5.0 (Windows NT 6.1; WOW64; rv:40.0) Gecko/20100101 Firefox/40.1"
181.105.86.123 - - [03/May/2018:08:55:05 -0400] "GET /wp-login.php HTTP/1.1" 404 7985 "-" "Mozilla/5.0 (Windows NT 6.1; WOW64; rv:40.0) Gecko/20100101 Firefox/40.1"
181.105.86.123 - - [03/May/2018:08:55:06 -0400] "GET / HTTP/1.1" 200 8206 "-" "Mozilla/5.0 (Windows NT 6.1; WOW64; rv:40.0) Gecko/20100101 Firefox/40.1"
