100.16.159.223 - - [08/May/2018:23:16:28 -0400] "GET /themes/garland/images/bg-content-left.png HTTP/1.1" 200 3232 "https://www.nspw.org/themes/garland/style.css?p7r9uw" "Mozilla/5.0 (Macintosh; Intel Mac OS X 10_12_6) AppleWebKit/537.36 (KHTML, like Gecko) Chrome/66.0.3359.139 Safari/537.36"
100.16.159.223 - - [08/May/2018:23:16:28 -0400] "GET /themes/garland/images/menu-leaf.gif HTTP/1.1" 200 486 "https://www.nspw.org/themes/garland/style.css?p7r9uw" "Mozilla/5.0 (Macintosh; Intel Mac OS X 10_12_6) AppleWebKit/537.36 (KHTML, like Gecko) Chrome/66.0.3359.139 Safari/537.36"
100.16.159.223 - - [08/May/2018:23:16:28 -0400] "GET /themes/garland/images/menu-expanded.gif HTTP/1.1" 200 495 "https://www.nspw.org/themes/garland/style.css?p7r9uw" "Mozilla/5.0 (Macintosh; Intel Mac OS X 10_12_6) AppleWebKit/537.36 (KHTML, like Gecko) Chrome/66.0.3359.139 Safari/537.36"
100.16.159.223 - - [08/May/2018:23:16:28 -0400] "GET /themes/garland/images/menu-collapsed.gif HTTP/1.1" 200 488 "https://www.nspw.org/themes/garland/style.css?p7r9uw" "Mozilla/5.0 (Macintosh; Intel Mac OS X 10_12_6) AppleWebKit/537.36 (KHTML, like Gecko) Chrome/66.0.3359.139 Safari/537.36"
100.16.159.223 - - [08/May/2018:23:16:28 -0400] "GET /themes/garland/images/bg-navigation-item.png HTTP/1.1" 200 812 "https://www.nspw.org/themes/garland/style.css?p7r9uw" "Mozilla/5.0 (Macintosh; Intel Mac OS X 10_12_6) AppleWebKit/537.36 (KHTML, like Gecko) Chrome/66.0.3359.139 Safari/537.36"
100.16.159.223 - - [08/May/2018:23:16:28 -0400] "GET /themes/garland/images/bg-navigation-item-hover.png HTTP/1.1" 200 754 "https://www.nspw.org/themes/garland/style.css?p7r9uw" "Mozilla/5.0 (Macintosh; Intel Mac OS X 10_12_6) AppleWebKit/537.36 (KHTML, like Gecko) Chrome/66.0.3359.139 Safari/537.36"
100.16.159.223 - - [08/May/2018:23:16:28 -0400] "GET /favicon.ico HTTP/1.1" 404 700 "https://www.nspw.org/2018" "Mozilla/5.0 (Macintosh; Intel Mac OS X 10_12_6) AppleWebKit/537.36 (KHTML, like Gecko) Chrome/66.0.3359.139 Safari/537.36"
100.16.159.223 - - [08/May/2018:23:16:32 -0400] "GET /2018/dates HTTP/1.1" 200 2877 "https://www.nspw.org/2018" "Mozilla/5.0 (Macintosh; Intel Mac OS X 10_12_6) AppleWebKit/537.36 (KHTML, like Gecko) Chrome/66.0.3359.139 Safari/537.36"
157.55.39.91 - - [08/May/2018:23:17:26 -0400] "GET /papers/2003/nspw2003-alkassar.pdf HTTP/1.1" 200 788430 "-" "Mozilla/5.0 (iPhone; CPU iPhone OS 7_0 like Mac OS X) AppleWebKit/537.51.1 (KHTML, like Gecko) Version/7.0 Mobile/11A465 Safari/9537.53 (compatible; bingbot/2.0; +http://www.bing.com/bingbot.htm)"
112.204.78.4 - - [08/May/2018:23:19:25 -0400] "GET /wp-login.php HTTP/1.1" 404 7839 "-" "Mozilla/5.0 (Windows NT 6.1; WOW64; rv:40.0) Gecko/20100101 Firefox/40.1"
112.204.78.4 - - [08/May/2018:23:19:26 -0400] "GET / HTTP/1.1" 200 8218 "-" "Mozilla/5.0 (Windows NT 6.1; WOW64; rv:40.0) Gecko/20100101 Firefox/40.1"
69.162.124.227 - - [08/May/2018:23:19:53 -0400] "HEAD / HTTP/1.1" 200 3874 "http://nspw.org/" "Mozilla/5.0+(compatible; UptimeRobot/2.0; http://www.uptimerobot.com/)"
77.88.47.40 - - [08/May/2018:23:20:24 -0400] "GET /user/password HTTP/1.1" 200 6034 "-" "Mozilla/5.0 (compatible; YandexBot/3.0; +http://yandex.com/bots)"
69.30.198.178 - - [08/May/2018:23:20:39 -0400] "GET /robots.txt HTTP/1.1" 200 5926 "-" "Mozilla/5.0 (compatible; MJ12bot/v1.4.8; http://mj12bot.com/)"
77.88.47.40 - - [08/May/2018:23:20:58 -0400] "GET /2008/invite/ HTTP/1.1" 200 4409 "-" "Mozilla/5.0 (compatible; YandexBot/3.0; +http://yandex.com/bots)"
69.30.198.178 - - [08/May/2018:23:21:01 -0400] "GET /2001/oc.html HTTP/1.1" 200 8090 "-" "Mozilla/5.0 (compatible; MJ12bot/v1.4.8; http://mj12bot.com/)"
58.51.31.234 - - [08/May/2018:23:20:23 -0400] "GET /papers/1996/nspw1996-rasmusson.pdf HTTP/1.1" 200 1005481 "-" "Mozilla/5.0 (Windows NT 10.0; Win64; x64) AppleWebKit/537.36 (KHTML, like Gecko) Chrome/51.0.2704.106 Safari/537.36"
69.30.198.178 - - [08/May/2018:23:21:22 -0400] "GET /2006/index.shtml HTTP/1.1" 200 5276 "-" "Mozilla/5.0 (compatible; MJ12bot/v1.4.8; http://mj12bot.com/)"
66.249.69.40 - - [08/May/2018:23:21:42 -0400] "GET /node/53 HTTP/1.1" 200 6919 "-" "Mozilla/5.0 (compatible; Googlebot/2.1; +http://www.google.com/bot.html)"
58.51.31.234 - - [08/May/2018:23:22:54 -0400] "GET /papers/1996/nspw1996-rasmusson.pdf HTTP/1.1" 200 1002391 "-" "Mozilla/5.0 (Windows NT 10.0; Win64; x64) AppleWebKit/537.36 (KHTML, like Gecko) Chrome/51.0.2704.106 Safari/537.36"
77.88.47.40 - - [08/May/2018:23:22:39 -0400] "GET /2009/proceedings/1999/nspw1999-li.pdf HTTP/1.1" 200 587572 "-" "Mozilla/5.0 (compatible; YandexBot/3.0; +http://yandex.com/bots)"
77.88.47.40 - - [08/May/2018:23:23:10 -0400] "GET /login HTTP/1.1" 200 2869 "-" "Mozilla/5.0 (compatible; YandexBot/3.0; +http://yandex.com/bots)"
66.249.75.135 - - [08/May/2018:23:23:35 -0400] "GET /papers/2009/nspw2009-gates.pdf HTTP/1.1" 200 398465 "-" "Mozilla/5.0 (compatible; Googlebot/2.1; +http://www.google.com/bot.html)"
35.171.8.48 - - [08/May/2018:23:24:01 -0400] "GET /papers/1993/nspw1993-thomas.pdf HTTP/1.1" 200 494379 "-" "python-requests/2.18.4"
69.162.124.227 - - [08/May/2018:23:24:53 -0400] "HEAD / HTTP/1.1" 200 3874 "http://nspw.org/" "Mozilla/5.0+(compatible; UptimeRobot/2.0; http://www.uptimerobot.com/)"
66.249.69.44 - - [08/May/2018:23:25:52 -0400] "GET /1999/22.jpg HTTP/1.1" 200 32717 "-" "Googlebot-Image/1.0"
69.162.124.227 - - [08/May/2018:23:29:53 -0400] "HEAD / HTTP/1.1" 200 3874 "http://nspw.org/" "Mozilla/5.0+(compatible; UptimeRobot/2.0; http://www.uptimerobot.com/)"
180.76.15.5 - - [08/May/2018:23:31:23 -0400] "GET /cfp/flyer_NSPW_2013.pdf HTTP/1.1" 200 95478 "-" "Mozilla/5.0 (compatible; Baiduspider/2.0; +http://www.baidu.com/search/spider.html)"
41.138.131.235 - - [08/May/2018:23:34:11 -0400] "GET /wp-login.php HTTP/1.1" 404 7491 "-" "Mozilla/5.0 (Windows NT 6.1; WOW64; rv:40.0) Gecko/20100101 Firefox/40.1"
41.138.131.235 - - [08/May/2018:23:34:11 -0400] "GET / HTTP/1.1" 200 8218 "-" "Mozilla/5.0 (Windows NT 6.1; WOW64; rv:40.0) Gecko/20100101 Firefox/40.1"
69.162.124.227 - - [08/May/2018:23:34:53 -0400] "HEAD / HTTP/1.1" 200 3874 "http://nspw.org/" "Mozilla/5.0+(compatible; UptimeRobot/2.0; http://www.uptimerobot.com/)"
66.249.69.40 - - [08/May/2018:23:36:41 -0400] "GET /2011/pc HTTP/1.1" 200 6523 "-" "Mozilla/5.0 (compatible; Googlebot/2.1; +http://www.google.com/bot.html)"
82.48.49.154 - - [08/May/2018:23:37:16 -0400] "GET /wp-login.php HTTP/1.1" 404 7985 "-" "Mozilla/5.0 (Windows NT 6.1; WOW64; rv:40.0) Gecko/20100101 Firefox/40.1"
82.48.49.154 - - [08/May/2018:23:37:17 -0400] "GET / HTTP/1.1" 200 8206 "-" "Mozilla/5.0 (Windows NT 6.1; WOW64; rv:40.0) Gecko/20100101 Firefox/40.1"
77.88.47.40 - - [08/May/2018:23:39:47 -0400] "GET /2005/cfp.shtml HTTP/1.1" 200 7180 "-" "Mozilla/5.0 (compatible; YandexBot/3.0; +http://yandex.com/bots)"
69.162.124.227 - - [08/May/2018:23:39:53 -0400] "HEAD / HTTP/1.1" 200 3874 "http://nspw.org/" "Mozilla/5.0+(compatible; UptimeRobot/2.0; http://www.uptimerobot.com/)"
199.16.157.181 - - [08/May/2018:23:40:45 -0400] "GET /robots.txt HTTP/1.1" 200 5699 "-" "Twitterbot/1.0"
40.77.189.140 - - [08/May/2018:23:40:58 -0400] "GET /papers/2010/nspw2010-sun.pdf HTTP/1.1" 200 142975 "-" "Mozilla/5.0 (iPhone; CPU iPhone OS 7_0 like Mac OS X) AppleWebKit/537.51.1 (KHTML, like Gecko) Version/7.0 Mobile/11A465 Safari/9537.53 BingPreview/1.0b"
77.88.47.40 - - [08/May/2018:23:42:37 -0400] "GET /papers/1994/nspw1994-dobson.pdf HTTP/1.1" 200 710596 "-" "Mozilla/5.0 (compatible; YandexBot/3.0; +http://yandex.com/bots)"
77.88.47.40 - - [08/May/2018:23:43:29 -0400] "GET /2009/proceedings/2001/nspw2001-foley.pdf HTTP/1.1" 200 722703 "-" "Mozilla/5.0 (compatible; YandexBot/3.0; +http://yandex.com/bots)"
77.88.47.40 - - [08/May/2018:23:44:28 -0400] "GET /2009/pc.shtml HTTP/1.1" 200 5387 "-" "Mozilla/5.0 (compatible; YandexBot/3.0; +http://yandex.com/bots)"
69.162.124.227 - - [08/May/2018:23:44:53 -0400] "HEAD / HTTP/1.1" 200 3874 "http://nspw.org/" "Mozilla/5.0+(compatible; UptimeRobot/2.0; http://www.uptimerobot.com/)"
66.249.69.42 - - [08/May/2018:23:46:05 -0400] "GET /2004/cfp2004.pdf HTTP/1.1" 200 120948 "-" "Mozilla/5.0 (compatible; Googlebot/2.1; +http://www.google.com/bot.html)"
157.44.19.235 - - [08/May/2018:23:47:20 -0400] "GET /wp-login.php HTTP/1.1" 404 8018 "-" "Mozilla/5.0 (Windows NT 6.1; WOW64; rv:40.0) Gecko/20100101 Firefox/40.1"
157.44.19.235 - - [08/May/2018:23:47:21 -0400] "GET / HTTP/1.1" 200 8206 "-" "Mozilla/5.0 (Windows NT 6.1; WOW64; rv:40.0) Gecko/20100101 Firefox/40.1"
157.55.39.91 - - [08/May/2018:23:47:25 -0400] "GET /papers/2006/nspw2006-ford.pdf?origin=publication_detail HTTP/1.1" 200 229953 "-" "Mozilla/5.0 (compatible; bingbot/2.0; +http://www.bing.com/bingbot.htm)"
66.249.75.135 - - [08/May/2018:23:47:52 -0400] "GET /2014 HTTP/1.1" 200 6699 "-" "Mozilla/5.0 (compatible; Googlebot/2.1; +http://www.google.com/bot.html)"
69.162.124.227 - - [08/May/2018:23:49:53 -0400] "HEAD / HTTP/1.1" 200 3874 "http://nspw.org/" "Mozilla/5.0+(compatible; UptimeRobot/2.0; http://www.uptimerobot.com/)"
66.249.69.40 - - [08/May/2018:23:51:53 -0400] "GET /2010/pc HTTP/1.1" 200 6624 "-" "Mozilla/5.0 (compatible; Googlebot/2.1; +http://www.google.com/bot.html)"
66.249.75.133 - - [08/May/2018:23:53:13 -0400] "GET /papers/2013/nspw2013-sundaramurthy.pdf HTTP/1.1" 200 355688 "-" "Mozilla/5.0 (compatible; Googlebot/2.1; +http://www.google.com/bot.html)"
66.249.69.44 - - [08/May/2018:23:54:40 -0400] "GET /1999/17.jpg HTTP/1.1" 200 47386 "-" "Googlebot-Image/1.0"
207.46.13.190 - - [08/May/2018:23:54:41 -0400] "GET /papers/2013/nspw2013-sundaramurthy.pdf HTTP/1.1" 200 356163 "-" "Mozilla/5.0 (iPhone; CPU iPhone OS 7_0 like Mac OS X) AppleWebKit/537.51.1 (KHTML, like Gecko) Version/7.0 Mobile/11A465 Safari/9537.53 (compatible; bingbot/2.0; +http://www.bing.com/bingbot.htm)"
69.162.124.227 - - [08/May/2018:23:54:53 -0400] "HEAD / HTTP/1.1" 200 3874 "http://nspw.org/" "Mozilla/5.0+(compatible; UptimeRobot/2.0; http://www.uptimerobot.com/)"
54.70.40.11 - - [08/May/2018:23:54:54 -0400] "GET /robots.txt HTTP/1.1" 200 4282 "-" "Mozilla/5.0 (compatible) SemanticScholarBot (+https://www.semanticscholar.org/crawler)"
180.254.251.254 - - [08/May/2018:23:55:36 -0400] "GET /wp-login.php HTTP/1.1" 404 7491 "-" "Mozilla/5.0 (Windows NT 6.1; WOW64; rv:40.0) Gecko/20100101 Firefox/40.1"
180.254.251.254 - - [08/May/2018:23:55:41 -0400] "GET / HTTP/1.1" 200 8218 "-" "Mozilla/5.0 (Windows NT 6.1; WOW64; rv:40.0) Gecko/20100101 Firefox/40.1"
54.70.40.11 - - [08/May/2018:23:55:53 -0400] "GET /proceedings/2008 HTTP/1.1" 200 6684 "-" "Mozilla/5.0 (compatible) SemanticScholarBot (+https://www.semanticscholar.org/crawler)"
123.201.36.91 - - [08/May/2018:23:56:42 -0400] "GET /wp-login.php HTTP/1.1" 404 7491 "-" "Mozilla/5.0 (Windows NT 6.1; WOW64; rv:40.0) Gecko/20100101 Firefox/40.1"
123.201.36.91 - - [08/May/2018:23:56:42 -0400] "GET / HTTP/1.1" 200 8218 "-" "Mozilla/5.0 (Windows NT 6.1; WOW64; rv:40.0) Gecko/20100101 Firefox/40.1"
14.55.145.125 - - [08/May/2018:23:56:54 -0400] "GET /wp-login.php HTTP/1.1" 404 7839 "-" "Mozilla/5.0 (Windows NT 6.1; WOW64; rv:40.0) Gecko/20100101 Firefox/40.1"
14.55.145.125 - - [08/May/2018:23:56:55 -0400] "GET / HTTP/1.1" 200 8218 "-" "Mozilla/5.0 (Windows NT 6.1; WOW64; rv:40.0) Gecko/20100101 Firefox/40.1"
54.70.40.11 - - [08/May/2018:23:57:03 -0400] "GET /proceedings/2007/ HTTP/1.1" 200 6621 "-" "Mozilla/5.0 (compatible) SemanticScholarBot (+https://www.semanticscholar.org/crawler)"
113.252.196.41 - - [08/May/2018:23:58:36 -0400] "GET /core/themes/bartik/color/preview.html HTTP/1.1" 404 8276 "-" "Mozilla/5.0 (Linux; U; Android 4.4.4; zh-cn; vivo X5S L Build/KTU84P) AppleWebKit/534.24 (KHTML, like Gecko) Version/4.0 Mobile Safari/534.24"
154.160.1.235 - - [08/May/2018:23:58:58 -0400] "GET /wp-login.php HTTP/1.1" 404 8034 "-" "Mozilla/5.0 (Windows NT 6.1; WOW64; rv:40.0) Gecko/20100101 Firefox/40.1"
154.160.1.235 - - [08/May/2018:23:58:59 -0400] "GET / HTTP/1.1" 200 8218 "-" "Mozilla/5.0 (Windows NT 6.1; WOW64; rv:40.0) Gecko/20100101 Firefox/40.1"
69.162.124.227 - - [08/May/2018:23:59:53 -0400] "HEAD / HTTP/1.1" 200 3874 "http://nspw.org/" "Mozilla/5.0+(compatible; UptimeRobot/2.0; http://www.uptimerobot.com/)"
69.162.124.227 - - [09/May/2018:00:04:53 -0400] "HEAD / HTTP/1.1" 200 3874 "http://nspw.org/" "Mozilla/5.0+(compatible; UptimeRobot/2.0; http://www.uptimerobot.com/)"
195.201.131.156 - - [09/May/2018:00:05:42 -0400] "GET /robots.txt HTTP/1.0" 200 6010 "-" "Mozilla/5.0 (Windows; U; Windows NT 5.1; en-US; rv:1.8.1.6) Gecko/20070725 Firefox/2.0.0.6"
77.88.47.40 - - [09/May/2018:00:05:57 -0400] "GET /2005/proceedings.content HTTP/1.1" 200 3722 "-" "Mozilla/5.0 (compatible; YandexBot/3.0; +http://yandex.com/bots)"
66.249.75.137 - - [09/May/2018:00:06:49 -0400] "GET /node/52 HTTP/1.1" 200 7010 "-" "Mozilla/5.0 (compatible; Googlebot/2.1; +http://www.google.com/bot.html)"
207.46.13.155 - - [09/May/2018:00:06:51 -0400] "GET /papers/1996/nspw1996-blakley.pdf HTTP/1.1" 200 1412810 "-" "Mozilla/5.0 (iPhone; CPU iPhone OS 7_0 like Mac OS X) AppleWebKit/537.51.1 (KHTML, like Gecko) Version/7.0 Mobile/11A465 Safari/9537.53 (compatible; bingbot/2.0; +http://www.bing.com/bingbot.htm)"
77.88.47.40 - - [09/May/2018:00:08:04 -0400] "GET /2010/local HTTP/1.1" 200 9922 "-" "Mozilla/5.0 (compatible; YandexBot/3.0; +http://yandex.com/bots)"
74.85.81.106 - - [09/May/2018:00:09:23 -0400] "GET /wp-login.php HTTP/1.1" 404 7839 "-" "Mozilla/5.0 (Windows NT 6.1; WOW64; rv:40.0) Gecko/20100101 Firefox/40.1"
74.85.81.106 - - [09/May/2018:00:09:24 -0400] "GET / HTTP/1.1" 200 8218 "-" "Mozilla/5.0 (Windows NT 6.1; WOW64; rv:40.0) Gecko/20100101 Firefox/40.1"
69.162.124.227 - - [09/May/2018:00:09:52 -0400] "HEAD / HTTP/1.1" 200 3874 "http://nspw.org/" "Mozilla/5.0+(compatible; UptimeRobot/2.0; http://www.uptimerobot.com/)"
66.249.75.135 - - [09/May/2018:00:12:28 -0400] "GET /2013 HTTP/1.1" 200 6798 "-" "Mozilla/5.0 (compatible; Googlebot/2.1; +http://www.google.com/bot.html)"
66.249.75.133 - - [09/May/2018:00:13:08 -0400] "GET /current/submission.shtml HTTP/1.1" 404 8022 "-" "Mozilla/5.0 (compatible; Googlebot/2.1; +http://www.google.com/bot.html)"
69.162.124.227 - - [09/May/2018:00:14:52 -0400] "HEAD / HTTP/1.1" 200 3874 "http://nspw.org/" "Mozilla/5.0+(compatible; UptimeRobot/2.0; http://www.uptimerobot.com/)"
24.92.148.35 - - [09/May/2018:00:16:41 -0400] "GET /wp-login.php HTTP/1.1" 404 7484 "-" "Mozilla/5.0 (Windows NT 6.1; WOW64; rv:40.0) Gecko/20100101 Firefox/40.1"
24.92.148.35 - - [09/May/2018:00:16:42 -0400] "GET / HTTP/1.1" 200 8218 "-" "Mozilla/5.0 (Windows NT 6.1; WOW64; rv:40.0) Gecko/20100101 Firefox/40.1"
66.249.75.135 - - [09/May/2018:00:17:12 -0400] "GET /papers/2010/nspw2010-faily.pdf HTTP/1.1" 200 539853 "-" "Mozilla/5.0 (compatible; Googlebot/2.1; +http://www.google.com/bot.html)"
195.201.131.156 - - [09/May/2018:00:18:22 -0400] "GET /robots.txt HTTP/1.0" 200 6010 "-" "Mozilla/5.0 (Windows; U; Windows NT 5.1; en-US; rv:1.8.1.6) Gecko/20070725 Firefox/2.0.0.6"
66.249.75.135 - - [09/May/2018:00:19:05 -0400] "GET /node/53 HTTP/1.1" 200 6922 "-" "Mozilla/5.0 (compatible; Googlebot/2.1; +http://www.google.com/bot.html)"
69.162.124.227 - - [09/May/2018:00:19:52 -0400] "HEAD / HTTP/1.1" 200 3874 "http://nspw.org/" "Mozilla/5.0+(compatible; UptimeRobot/2.0; http://www.uptimerobot.com/)"
207.46.13.152 - - [09/May/2018:00:20:19 -0400] "GET /papers/2009/ HTTP/1.1" 200 4841 "-" "Mozilla/5.0 (compatible; bingbot/2.0; +http://www.bing.com/bingbot.htm)"
118.158.197.216 - - [09/May/2018:00:20:39 -0400] "GET /wp-login.php HTTP/1.1" 404 7839 "-" "Mozilla/5.0 (Windows NT 6.1; WOW64; rv:40.0) Gecko/20100101 Firefox/40.1"
118.158.197.216 - - [09/May/2018:00:20:39 -0400] "GET / HTTP/1.1" 200 8218 "-" "Mozilla/5.0 (Windows NT 6.1; WOW64; rv:40.0) Gecko/20100101 Firefox/40.1"
77.88.47.40 - - [09/May/2018:00:21:04 -0400] "GET /2015/cfp HTTP/1.1" 200 9347 "-" "Mozilla/5.0 (compatible; YandexBot/3.0; +http://yandex.com/bots)"
66.249.69.44 - - [09/May/2018:00:23:28 -0400] "GET /1999/21.jpg HTTP/1.1" 200 50674 "-" "Googlebot-Image/1.0"
77.88.47.40 - - [09/May/2018:00:24:49 -0400] "GET /2001/program_print.html HTTP/1.1" 200 4282 "-" "Mozilla/5.0 (compatible; YandexBot/3.0; +http://yandex.com/bots)"
69.162.124.227 - - [09/May/2018:00:24:52 -0400] "HEAD / HTTP/1.1" 200 3874 "http://nspw.org/" "Mozilla/5.0+(compatible; UptimeRobot/2.0; http://www.uptimerobot.com/)"
207.46.13.152 - - [09/May/2018:00:24:58 -0400] "GET /papers/1993/nspw1993-thomas.pdf HTTP/1.1" 200 494825 "-" "Mozilla/5.0 (iPhone; CPU iPhone OS 7_0 like Mac OS X) AppleWebKit/537.51.1 (KHTML, like Gecko) Version/7.0 Mobile/11A465 Safari/9537.53 (compatible; bingbot/2.0; +http://www.bing.com/bingbot.htm)"
77.88.47.40 - - [09/May/2018:00:26:37 -0400] "GET /papers/2010/nspw2010-bratus.pdf HTTP/1.1" 200 457283 "-" "Mozilla/5.0 (compatible; YandexBot/3.0; +http://yandex.com/bots)"
120.29.100.147 - - [09/May/2018:00:28:25 -0400] "GET /wp-login.php HTTP/1.1" 404 7484 "-" "Mozilla/5.0 (Windows NT 6.1; WOW64; rv:40.0) Gecko/20100101 Firefox/40.1"
120.29.100.147 - - [09/May/2018:00:28:25 -0400] "GET / HTTP/1.1" 200 8218 "-" "Mozilla/5.0 (Windows NT 6.1; WOW64; rv:40.0) Gecko/20100101 Firefox/40.1"
69.162.124.227 - - [09/May/2018:00:29:52 -0400] "HEAD / HTTP/1.1" 200 3874 "http://nspw.org/" "Mozilla/5.0+(compatible; UptimeRobot/2.0; http://www.uptimerobot.com/)"
66.249.69.40 - - [09/May/2018:00:32:16 -0400] "GET /2017 HTTP/1.1" 200 7049 "-" "Mozilla/5.0 (compatible; Googlebot/2.1; +http://www.google.com/bot.html)"
175.157.154.198 - - [09/May/2018:00:32:46 -0400] "GET /wp-login.php HTTP/1.1" 404 7985 "-" "Mozilla/5.0 (Windows NT 6.1; WOW64; rv:40.0) Gecko/20100101 Firefox/40.1"
175.157.154.198 - - [09/May/2018:00:32:46 -0400] "GET / HTTP/1.1" 200 8206 "-" "Mozilla/5.0 (Windows NT 6.1; WOW64; rv:40.0) Gecko/20100101 Firefox/40.1"
66.249.69.42 - - [09/May/2018:00:33:29 -0400] "GET /2018 HTTP/1.1" 200 6902 "-" "Mozilla/5.0 (compatible; Googlebot/2.1; +http://www.google.com/bot.html)"
66.249.69.42 - - [09/May/2018:00:34:25 -0400] "GET /2011 HTTP/1.1" 200 6923 "-" "Mozilla/5.0 (compatible; Googlebot/2.1; +http://www.google.com/bot.html)"
185.234.218.53 - - [09/May/2018:00:34:34 -0400] "GET / HTTP/1.0" 400 0 "-" "-"
66.249.69.42 - - [09/May/2018:00:34:46 -0400] "GET / HTTP/1.1" 200 6604 "-" "Mozilla/5.0 (compatible; Googlebot/2.1; +http://www.google.com/bot.html)"
69.162.124.227 - - [09/May/2018:00:34:52 -0400] "HEAD / HTTP/1.1" 200 3874 "http://nspw.org/" "Mozilla/5.0+(compatible; UptimeRobot/2.0; http://www.uptimerobot.com/)"
182.150.27.152 - - [09/May/2018:00:35:16 -0400] "GET /2018 HTTP/1.1" 200 6935 "-" "Mozilla/5.0 (Windows NT 6.1; WOW64) AppleWebKit/537.36 (KHTML, like Gecko) Chrome/56.0.2924.87 Safari/537.36"
182.150.27.152 - - [09/May/2018:00:35:17 -0400] "GET /2018 HTTP/1.1" 200 6933 "-" "Mozilla/5.0 (Linux; Android 4.4.4; HTC D820u Build/KTU84P) AppleWebKit/537.36 (KHTML, like Gecko) Chrome/40.0.2214.89 Mobile Safari/537.36"
182.150.27.152 - - [09/May/2018:00:35:19 -0400] "GET /past HTTP/1.1" 200 6416 "-" "Mozilla/5.0 (Windows NT 6.1; WOW64) AppleWebKit/537.36 (KHTML, like Gecko) Chrome/56.0.2924.87 Safari/537.36"
182.150.27.152 - - [09/May/2018:00:35:21 -0400] "GET /past HTTP/1.1" 200 6419 "-" "Mozilla/5.0 (Linux; Android 4.4.4; HTC D820u Build/KTU84P) AppleWebKit/537.36 (KHTML, like Gecko) Chrome/40.0.2214.89 Mobile Safari/537.36"
182.150.27.152 - - [09/May/2018:00:35:24 -0400] "GET /proceedings HTTP/1.1" 200 6375 "-" "Mozilla/5.0 (Windows NT 6.1; WOW64) AppleWebKit/537.36 (KHTML, like Gecko) Chrome/56.0.2924.87 Safari/537.36"
172.58.83.170 - - [09/May/2018:00:35:04 -0400] "GET /papers/2007/nspw2007-mannan.pdf HTTP/1.1" 200 502385 "-" "Mozilla/5.0 (iPhone; CPU iPhone OS 11_2_5 like Mac OS X) AppleWebKit/604.5.6 (KHTML, like Gecko) Version/11.0 Mobile/15D60 Safari/604.1"
182.150.27.152 - - [09/May/2018:00:35:26 -0400] "GET /proceedings HTTP/1.1" 200 6371 "-" "Mozilla/5.0 (Linux; Android 4.4.4; HTC D820u Build/KTU84P) AppleWebKit/537.36 (KHTML, like Gecko) Chrome/40.0.2214.89 Mobile Safari/537.36"
172.58.83.170 - - [09/May/2018:00:35:28 -0400] "GET /apple-touch-icon-120x120-precomposed.png HTTP/1.1" 404 3943 "-" "MobileSafari/604.1 CFNetwork/894 Darwin/17.4.0"
172.58.83.170 - - [09/May/2018:00:35:28 -0400] "GET /apple-touch-icon-120x120.png HTTP/1.1" 404 717 "-" "MobileSafari/604.1 CFNetwork/894 Darwin/17.4.0"
182.150.27.152 - - [09/May/2018:00:35:28 -0400] "GET /login HTTP/1.1" 200 6296 "-" "Mozilla/5.0 (Windows NT 6.1; WOW64) AppleWebKit/537.36 (KHTML, like Gecko) Chrome/56.0.2924.87 Safari/537.36"
172.58.83.170 - - [09/May/2018:00:35:28 -0400] "GET /apple-touch-icon-precomposed.png HTTP/1.1" 404 721 "-" "MobileSafari/604.1 CFNetwork/894 Darwin/17.4.0"
172.58.83.170 - - [09/May/2018:00:35:28 -0400] "GET /apple-touch-icon.png HTTP/1.1" 404 709 "-" "MobileSafari/604.1 CFNetwork/894 Darwin/17.4.0"
172.58.83.170 - - [09/May/2018:00:35:28 -0400] "GET /favicon.ico HTTP/1.1" 404 700 "-" "MobileSafari/604.1 CFNetwork/894 Darwin/17.4.0"
172.58.83.170 - - [09/May/2018:00:35:28 -0400] "GET /apple-touch-icon-120x120-precomposed.png HTTP/1.1" 404 729 "-" "MobileSafari/604.1 CFNetwork/894 Darwin/17.4.0"
172.58.83.170 - - [09/May/2018:00:35:29 -0400] "GET /apple-touch-icon-120x120.png HTTP/1.1" 404 717 "-" "MobileSafari/604.1 CFNetwork/894 Darwin/17.4.0"
172.58.83.170 - - [09/May/2018:00:35:29 -0400] "GET /apple-touch-icon-precomposed.png HTTP/1.1" 404 721 "-" "MobileSafari/604.1 CFNetwork/894 Darwin/17.4.0"
172.58.83.170 - - [09/May/2018:00:35:29 -0400] "GET /apple-touch-icon.png HTTP/1.1" 404 709 "-" "MobileSafari/604.1 CFNetwork/894 Darwin/17.4.0"
172.58.83.170 - - [09/May/2018:00:35:29 -0400] "GET /favicon.ico HTTP/1.1" 404 700 "-" "MobileSafari/604.1 CFNetwork/894 Darwin/17.4.0"
182.150.27.152 - - [09/May/2018:00:35:30 -0400] "GET /login HTTP/1.1" 200 6296 "-" "Mozilla/5.0 (Linux; Android 4.4.4; HTC D820u Build/KTU84P) AppleWebKit/537.36 (KHTML, like Gecko) Chrome/40.0.2214.89 Mobile Safari/537.36"
182.150.27.152 - - [09/May/2018:00:35:38 -0400] "GET /2018/dates HTTP/1.1" 200 6299 "-" "Mozilla/5.0 (Windows NT 6.1; WOW64) AppleWebKit/537.36 (KHTML, like Gecko) Chrome/56.0.2924.87 Safari/537.36"
182.150.27.152 - - [09/May/2018:00:35:40 -0400] "GET /2018/dates HTTP/1.1" 200 6295 "-" "Mozilla/5.0 (Linux; Android 4.4.4; HTC D820u Build/KTU84P) AppleWebKit/537.36 (KHTML, like Gecko) Chrome/40.0.2214.89 Mobile Safari/537.36"
182.150.27.152 - - [09/May/2018:00:35:42 -0400] "GET /2018/organizers HTTP/1.1" 200 6990 "-" "Mozilla/5.0 (Windows NT 6.1; WOW64) AppleWebKit/537.36 (KHTML, like Gecko) Chrome/56.0.2924.87 Safari/537.36"
182.150.27.152 - - [09/May/2018:00:35:44 -0400] "GET /2018/organizers HTTP/1.1" 200 6988 "-" "Mozilla/5.0 (Linux; Android 4.4.4; HTC D820u Build/KTU84P) AppleWebKit/537.36 (KHTML, like Gecko) Chrome/40.0.2214.89 Mobile Safari/537.36"
182.150.27.152 - - [09/May/2018:00:35:47 -0400] "GET /2016/accepted HTTP/1.1" 200 6952 "-" "Mozilla/5.0 (Windows NT 6.1; WOW64) AppleWebKit/537.36 (KHTML, like Gecko) Chrome/56.0.2924.87 Safari/537.36"
182.150.27.152 - - [09/May/2018:00:35:49 -0400] "GET /2016/accepted HTTP/1.1" 200 6951 "-" "Mozilla/5.0 (Linux; Android 4.4.4; HTC D820u Build/KTU84P) AppleWebKit/537.36 (KHTML, like Gecko) Chrome/40.0.2214.89 Mobile Safari/537.36"
182.150.27.152 - - [09/May/2018:00:35:56 -0400] "GET /2016/location HTTP/1.1" 200 7699 "-" "Mozilla/5.0 (Windows NT 6.1; WOW64) AppleWebKit/537.36 (KHTML, like Gecko) Chrome/56.0.2924.87 Safari/537.36"
182.150.27.152 - - [09/May/2018:00:35:58 -0400] "GET /2016/location HTTP/1.1" 200 7699 "-" "Mozilla/5.0 (Linux; Android 4.4.4; HTC D820u Build/KTU84P) AppleWebKit/537.36 (KHTML, like Gecko) Chrome/40.0.2214.89 Mobile Safari/537.36"
182.150.27.152 - - [09/May/2018:00:36:00 -0400] "GET /2016/program HTTP/1.1" 200 7474 "-" "Mozilla/5.0 (Windows NT 6.1; WOW64) AppleWebKit/537.36 (KHTML, like Gecko) Chrome/56.0.2924.87 Safari/537.36"
182.150.27.152 - - [09/May/2018:00:36:07 -0400] "GET /2016/program HTTP/1.1" 200 7473 "-" "Mozilla/5.0 (Linux; Android 4.4.4; HTC D820u Build/KTU84P) AppleWebKit/537.36 (KHTML, like Gecko) Chrome/40.0.2214.89 Mobile Safari/537.36"
182.150.27.152 - - [09/May/2018:00:36:09 -0400] "GET /2016/sponsors HTTP/1.1" 200 6334 "-" "Mozilla/5.0 (Windows NT 6.1; WOW64) AppleWebKit/537.36 (KHTML, like Gecko) Chrome/56.0.2924.87 Safari/537.36"
182.150.27.152 - - [09/May/2018:00:36:11 -0400] "GET /2016/sponsors HTTP/1.1" 200 6334 "-" "Mozilla/5.0 (Linux; Android 4.4.4; HTC D820u Build/KTU84P) AppleWebKit/537.36 (KHTML, like Gecko) Chrome/40.0.2214.89 Mobile Safari/537.36"
182.150.27.152 - - [09/May/2018:00:36:12 -0400] "GET /cfp/nspw2016-cfp.pdf HTTP/1.1" 200 83835 "-" "Mozilla/5.0 (Windows NT 6.1; WOW64) AppleWebKit/537.36 (KHTML, like Gecko) Chrome/56.0.2924.87 Safari/537.36"
182.150.27.152 - - [09/May/2018:00:36:15 -0400] "GET /cfp/nspw2016-cfp.pdf HTTP/1.1" 200 83835 "-" "Mozilla/5.0 (Linux; Android 4.4.4; HTC D820u Build/KTU84P) AppleWebKit/537.36 (KHTML, like Gecko) Chrome/40.0.2214.89 Mobile Safari/537.36"
66.249.75.133 - - [09/May/2018:00:36:21 -0400] "GET /papers/2009/nspw2009-probst.pdf HTTP/1.1" 200 205895 "-" "Mozilla/5.0 (compatible; Googlebot/2.1; +http://www.google.com/bot.html)"
66.249.69.40 - - [09/May/2018:00:37:38 -0400] "GET /2014 HTTP/1.1" 200 6690 "-" "Mozilla/5.0 (compatible; Googlebot/2.1; +http://www.google.com/bot.html)"
180.76.15.20 - - [09/May/2018:00:38:03 -0400] "GET /2016/location HTTP/1.1" 200 15026 "-" "Mozilla/5.0 (compatible; Baiduspider/2.0; +http://www.baidu.com/search/spider.html)"
211.145.40.71 - - [09/May/2018:00:38:04 -0400] "GET /favicon.ico HTTP/1.1" 404 4142 "-" "Mozilla/5.0 (Windows NT 6.1; WOW64) AppleWebKit/537.36 (KHTML, like Gecko) Chrome/49.0.2623.75 Safari/537.36 LBBROWSER"
77.88.47.40 - - [09/May/2018:00:38:33 -0400] "GET /proceedings/1994 HTTP/1.1" 200 6155 "-" "Mozilla/5.0 (compatible; YandexBot/3.0; +http://yandex.com/bots)"
207.46.13.152 - - [09/May/2018:00:38:55 -0400] "GET /2018 HTTP/1.1" 200 7378 "-" "Mozilla/5.0 (iPhone; CPU iPhone OS 7_0 like Mac OS X) AppleWebKit/537.51.1 (KHTML, like Gecko) Version/7.0 Mobile/11A465 Safari/9537.53 (compatible; bingbot/2.0; +http://www.bing.com/bingbot.htm)"
207.46.13.155 - - [09/May/2018:00:39:08 -0400] "GET /modules/node/node.css?p7r9uw HTTP/1.1" 200 4341 "-" "Mozilla/5.0 (iPhone; CPU iPhone OS 7_0 like Mac OS X) AppleWebKit/537.51.1 (KHTML, like Gecko) Version/7.0 Mobile/11A465 Safari/9537.53 (compatible; bingbot/2.0; +http://www.bing.com/bingbot.htm)"
207.46.13.155 - - [09/May/2018:00:39:08 -0400] "GET /modules/system/system.messages.css?p7r9uw HTTP/1.1" 200 746 "-" "Mozilla/5.0 (iPhone; CPU iPhone OS 7_0 like Mac OS X) AppleWebKit/537.51.1 (KHTML, like Gecko) Version/7.0 Mobile/11A465 Safari/9537.53 (compatible; bingbot/2.0; +http://www.bing.com/bingbot.htm)"
207.46.13.136 - - [09/May/2018:00:39:12 -0400] "GET /misc/drupal.js?p7r9uw HTTP/1.1" 200 11241 "-" "Mozilla/5.0 (iPhone; CPU iPhone OS 7_0 like Mac OS X) AppleWebKit/537.51.1 (KHTML, like Gecko) Version/7.0 Mobile/11A465 Safari/9537.53 (compatible; bingbot/2.0; +http://www.bing.com/bingbot.htm)"
54.70.40.11 - - [09/May/2018:00:39:19 -0400] "GET /robots.txt HTTP/1.1" 200 4282 "-" "Mozilla/5.0 (compatible) SemanticScholarBot (+https://www.semanticscholar.org/crawler)"
207.46.13.136 - - [09/May/2018:00:39:23 -0400] "GET /modules/comment/comment.css?p7r9uw HTTP/1.1" 200 4374 "-" "Mozilla/5.0 (iPhone; CPU iPhone OS 7_0 like Mac OS X) AppleWebKit/537.51.1 (KHTML, like Gecko) Version/7.0 Mobile/11A465 Safari/9537.53 (compatible; bingbot/2.0; +http://www.bing.com/bingbot.htm)"
207.46.13.136 - - [09/May/2018:00:39:33 -0400] "GET /modules/system/system.menus.css?p7r9uw HTTP/1.1" 200 4894 "-" "Mozilla/5.0 (iPhone; CPU iPhone OS 7_0 like Mac OS X) AppleWebKit/537.51.1 (KHTML, like Gecko) Version/7.0 Mobile/11A465 Safari/9537.53 (compatible; bingbot/2.0; +http://www.bing.com/bingbot.htm)"
207.46.13.136 - - [09/May/2018:00:39:43 -0400] "GET /modules/user/user.css?p7r9uw HTTP/1.1" 200 4931 "-" "Mozilla/5.0 (iPhone; CPU iPhone OS 7_0 like Mac OS X) AppleWebKit/537.51.1 (KHTML, like Gecko) Version/7.0 Mobile/11A465 Safari/9537.53 (compatible; bingbot/2.0; +http://www.bing.com/bingbot.htm)"
54.70.40.11 - - [09/May/2018:00:39:51 -0400] "GET /papers/2013/nspw2013-peisert.pdf HTTP/1.1" 200 711802 "-" "Mozilla/5.0 (compatible) SemanticScholarBot (+https://www.semanticscholar.org/crawler)"
69.162.124.227 - - [09/May/2018:00:39:52 -0400] "HEAD / HTTP/1.1" 200 3874 "http://nspw.org/" "Mozilla/5.0+(compatible; UptimeRobot/2.0; http://www.uptimerobot.com/)"
207.46.13.136 - - [09/May/2018:00:39:54 -0400] "GET /themes/garland/style.css?p7r9uw HTTP/1.1" 200 9239 "-" "Mozilla/5.0 (iPhone; CPU iPhone OS 7_0 like Mac OS X) AppleWebKit/537.51.1 (KHTML, like Gecko) Version/7.0 Mobile/11A465 Safari/9537.53 (compatible; bingbot/2.0; +http://www.bing.com/bingbot.htm)"
41.66.199.208 - - [09/May/2018:00:39:54 -0400] "GET /favicon.ico HTTP/1.1" 404 4109 "https://www.nspw.org/papers/2001/nspw2001-blakley.pdf" "Mozilla/5.0 (Windows NT 10.0; Win64; x64) AppleWebKit/537.36 (KHTML, like Gecko) Chrome/65.0.3325.181 Safari/537.36"
207.46.13.136 - - [09/May/2018:00:40:02 -0400] "GET /themes/garland/print.css?p7r9uw HTTP/1.1" 200 4640 "-" "Mozilla/5.0 (iPhone; CPU iPhone OS 7_0 like Mac OS X) AppleWebKit/537.51.1 (KHTML, like Gecko) Version/7.0 Mobile/11A465 Safari/9537.53 (compatible; bingbot/2.0; +http://www.bing.com/bingbot.htm)"
77.88.47.40 - - [09/May/2018:00:40:07 -0400] "GET /2005/papers.shtml HTTP/1.1" 200 5651 "-" "Mozilla/5.0 (compatible; YandexBot/3.0; +http://yandex.com/bots)"
207.46.13.154 - - [09/May/2018:00:40:12 -0400] "GET /misc/jquery.once.js?v=1.2 HTTP/1.1" 200 5314 "-" "Mozilla/5.0 (iPhone; CPU iPhone OS 7_0 like Mac OS X) AppleWebKit/537.51.1 (KHTML, like Gecko) Version/7.0 Mobile/11A465 Safari/9537.53 (compatible; bingbot/2.0; +http://www.bing.com/bingbot.htm)"
100.43.90.200 - - [09/May/2018:00:40:20 -0400] "GET /robots.txt HTTP/1.1" 200 5979 "-" "Mozilla/5.0 (compatible; YandexBot/3.0; +http://yandex.com/bots)"
207.46.13.154 - - [09/May/2018:00:40:22 -0400] "GET /modules/field/theme/field.css?p7r9uw HTTP/1.1" 200 4468 "-" "Mozilla/5.0 (iPhone; CPU iPhone OS 7_0 like Mac OS X) AppleWebKit/537.51.1 (KHTML, like Gecko) Version/7.0 Mobile/11A465 Safari/9537.53 (compatible; bingbot/2.0; +http://www.bing.com/bingbot.htm)"
54.70.40.11 - - [09/May/2018:00:40:27 -0400] "GET /papers/1997/nspw1997-meadows.pdf HTTP/1.1" 200 431719 "-" "Mozilla/5.0 (compatible) SemanticScholarBot (+https://www.semanticscholar.org/crawler)"
207.46.13.152 - - [09/May/2018:00:40:32 -0400] "GET /misc/jquery.js?v=1.4.4 HTTP/1.1" 200 31470 "-" "Mozilla/5.0 (iPhone; CPU iPhone OS 7_0 like Mac OS X) AppleWebKit/537.51.1 (KHTML, like Gecko) Version/7.0 Mobile/11A465 Safari/9537.53 (compatible; bingbot/2.0; +http://www.bing.com/bingbot.htm)"
207.46.13.152 - - [09/May/2018:00:40:43 -0400] "GET /modules/system/system.theme.css?p7r9uw HTTP/1.1" 200 5454 "-" "Mozilla/5.0 (iPhone; CPU iPhone OS 7_0 like Mac OS X) AppleWebKit/537.51.1 (KHTML, like Gecko) Version/7.0 Mobile/11A465 Safari/9537.53 (compatible; bingbot/2.0; +http://www.bing.com/bingbot.htm)"
41.66.199.208 - - [09/May/2018:00:39:53 -0400] "GET /papers/2001/nspw2001-blakley.pdf HTTP/1.1" 200 761585 "https://www.google.com.gh/" "Mozilla/5.0 (Windows NT 10.0; Win64; x64) AppleWebKit/537.36 (KHTML, like Gecko) Chrome/65.0.3325.181 Safari/537.36"
181.229.11.241 - - [09/May/2018:00:40:50 -0400] "GET /wp-login.php HTTP/1.1" 404 8176 "-" "Mozilla/5.0 (Windows NT 6.1; WOW64; rv:40.0) Gecko/20100101 Firefox/40.1"
181.229.11.241 - - [09/May/2018:00:40:51 -0400] "GET / HTTP/1.1" 200 8298 "-" "Mozilla/5.0 (Windows NT 6.1; WOW64; rv:40.0) Gecko/20100101 Firefox/40.1"
54.70.40.11 - - [09/May/2018:00:40:53 -0400] "GET /papers/1996/nspw1996-baker.pdf HTTP/1.1" 200 482727 "-" "Mozilla/5.0 (compatible) SemanticScholarBot (+https://www.semanticscholar.org/crawler)"
54.70.40.11 - - [09/May/2018:00:40:59 -0400] "GET /node/70 HTTP/1.1" 200 6786 "-" "Mozilla/5.0 (compatible) SemanticScholarBot (+https://www.semanticscholar.org/crawler)"
54.70.40.11 - - [09/May/2018:00:41:04 -0400] "GET /current/ HTTP/1.1" 200 3453 "-" "Mozilla/5.0 (compatible) SemanticScholarBot (+https://www.semanticscholar.org/crawler)"
54.70.40.11 - - [09/May/2018:00:41:08 -0400] "GET /current HTTP/1.1" 200 3454 "-" "Mozilla/5.0 (compatible) SemanticScholarBot (+https://www.semanticscholar.org/crawler)"
54.70.40.11 - - [09/May/2018:00:41:11 -0400] "GET /2016/cfp HTTP/1.1" 200 5107 "-" "Mozilla/5.0 (compatible) SemanticScholarBot (+https://www.semanticscholar.org/crawler)"
54.70.40.11 - - [09/May/2018:00:41:14 -0400] "GET /2015 HTTP/1.1" 200 3474 "-" "Mozilla/5.0 (compatible) SemanticScholarBot (+https://www.semanticscholar.org/crawler)"
54.70.40.11 - - [09/May/2018:00:41:28 -0400] "GET /2014 HTTP/1.1" 200 6476 "-" "Mozilla/5.0 (compatible) SemanticScholarBot (+https://www.semanticscholar.org/crawler)"
100.43.90.200 - - [09/May/2018:00:40:23 -0400] "GET /2009/proceedings/1996/nspw1996-greenwald.pdf HTTP/1.1" 200 1337728 "-" "Mozilla/5.0 (compatible; YandexBot/3.0; +http://yandex.com/bots)"
54.70.40.11 - - [09/May/2018:00:41:33 -0400] "GET /2012 HTTP/1.1" 200 3428 "-" "Mozilla/5.0 (compatible) SemanticScholarBot (+https://www.semanticscholar.org/crawler)"
54.70.40.11 - - [09/May/2018:00:41:34 -0400] "GET /2013 HTTP/1.1" 200 6573 "-" "Mozilla/5.0 (compatible) SemanticScholarBot (+https://www.semanticscholar.org/crawler)"
54.70.40.11 - - [09/May/2018:00:41:52 -0400] "GET /2011 HTTP/1.1" 200 6701 "-" "Mozilla/5.0 (compatible) SemanticScholarBot (+https://www.semanticscholar.org/crawler)"
54.70.40.11 - - [09/May/2018:00:42:01 -0400] "GET /2008/ HTTP/1.1" 200 5258 "-" "Mozilla/5.0 (compatible) SemanticScholarBot (+https://www.semanticscholar.org/crawler)"
54.70.40.11 - - [09/May/2018:00:42:30 -0400] "GET /2007/ HTTP/1.1" 200 5213 "-" "Mozilla/5.0 (compatible) SemanticScholarBot (+https://www.semanticscholar.org/crawler)"
54.70.40.11 - - [09/May/2018:00:42:34 -0400] "GET /2005/ HTTP/1.1" 200 1961 "-" "Mozilla/5.0 (compatible) SemanticScholarBot (+https://www.semanticscholar.org/crawler)"
54.70.40.11 - - [09/May/2018:00:42:36 -0400] "GET /2006/ HTTP/1.1" 200 5126 "-" "Mozilla/5.0 (compatible) SemanticScholarBot (+https://www.semanticscholar.org/crawler)"
77.88.47.40 - - [09/May/2018:00:42:45 -0400] "GET /2005/dates.shtml HTTP/1.1" 200 4997 "-" "Mozilla/5.0 (compatible; YandexBot/3.0; +http://yandex.com/bots)"
77.88.47.40 - - [09/May/2018:00:43:31 -0400] "GET /2009/proceedings/2007/?C=S;O=A HTTP/1.1" 200 4365 "-" "Mozilla/5.0 (compatible; YandexBot/3.0; +http://yandex.com/bots)"
69.162.124.227 - - [09/May/2018:00:44:52 -0400] "HEAD / HTTP/1.1" 200 3874 "http://nspw.org/" "Mozilla/5.0+(compatible; UptimeRobot/2.0; http://www.uptimerobot.com/)"
207.46.13.155 - - [09/May/2018:00:47:07 -0400] "GET /2018/organizers HTTP/1.1" 200 7432 "-" "Mozilla/5.0 (compatible; bingbot/2.0; +http://www.bing.com/bingbot.htm)"
66.249.69.40 - - [09/May/2018:00:47:53 -0400] "GET /past HTTP/1.1" 200 6386 "-" "Mozilla/5.0 (compatible; Googlebot/2.1; +http://www.google.com/bot.html)"
207.46.13.152 - - [09/May/2018:00:48:55 -0400] "GET /login HTTP/1.1" 200 6737 "-" "Mozilla/5.0 (compatible; bingbot/2.0; +http://www.bing.com/bingbot.htm)"
69.162.124.227 - - [09/May/2018:00:49:52 -0400] "HEAD / HTTP/1.1" 200 3874 "http://nspw.org/" "Mozilla/5.0+(compatible; UptimeRobot/2.0; http://www.uptimerobot.com/)"
207.46.13.155 - - [09/May/2018:00:50:50 -0400] "GET /2018/cfp HTTP/1.1" 200 8626 "-" "Mozilla/5.0 (compatible; bingbot/2.0; +http://www.bing.com/bingbot.htm)"
66.249.75.137 - - [09/May/2018:00:50:56 -0400] "GET /cfp/nspw2012-cfp.pdf HTTP/1.1" 200 51448 "-" "Mozilla/5.0 (compatible; Googlebot/2.1; +http://www.google.com/bot.html)"
207.46.13.155 - - [09/May/2018:00:50:59 -0400] "GET /proceedings HTTP/1.1" 200 6816 "-" "Mozilla/5.0 (compatible; bingbot/2.0; +http://www.bing.com/bingbot.htm)"
207.46.13.155 - - [09/May/2018:00:51:09 -0400] "GET /2018 HTTP/1.1" 200 7378 "-" "Mozilla/5.0 (compatible; bingbot/2.0; +http://www.bing.com/bingbot.htm)"
14.215.176.15 - - [09/May/2018:00:51:44 -0400] "GET / HTTP/1.1" 200 6637 "-" "Mozilla/5.0 (Windows NT 6.1; WOW64; rv:43.0) Gecko/20100101 Firefox/43.0"
14.215.176.15 - - [09/May/2018:00:51:45 -0400] "GET /modules/system/system.base.css?p7r9uw HTTP/1.1" 200 2307 "https://www.nspw.org/" "Mozilla/5.0 (Windows NT 6.1; WOW64; rv:43.0) Gecko/20100101 Firefox/43.0"
14.215.176.15 - - [09/May/2018:00:51:45 -0400] "GET /modules/system/system.menus.css?p7r9uw HTTP/1.1" 200 1025 "https://www.nspw.org/" "Mozilla/5.0 (Windows NT 6.1; WOW64; rv:43.0) Gecko/20100101 Firefox/43.0"
14.215.176.15 - - [09/May/2018:00:51:45 -0400] "GET /modules/system/system.messages.css?p7r9uw HTTP/1.1" 200 746 "https://www.nspw.org/" "Mozilla/5.0 (Windows NT 6.1; WOW64; rv:43.0) Gecko/20100101 Firefox/43.0"
14.215.176.9 - - [09/May/2018:00:51:45 -0400] "GET /modules/system/system.theme.css?p7r9uw HTTP/1.1" 200 1723 "https://www.nspw.org/" "Mozilla/5.0 (Windows NT 6.1; WOW64; rv:43.0) Gecko/20100101 Firefox/43.0"
14.215.176.6 - - [09/May/2018:00:51:45 -0400] "GET /modules/comment/comment.css?p7r9uw HTTP/1.1" 200 643 "https://www.nspw.org/" "Mozilla/5.0 (Windows NT 6.1; WOW64; rv:43.0) Gecko/20100101 Firefox/43.0"
14.215.176.4 - - [09/May/2018:00:51:45 -0400] "GET /modules/field/theme/field.css?p7r9uw HTTP/1.1" 200 737 "https://www.nspw.org/" "Mozilla/5.0 (Windows NT 6.1; WOW64; rv:43.0) Gecko/20100101 Firefox/43.0"
14.215.176.17 - - [09/May/2018:00:51:45 -0400] "GET /modules/node/node.css?p7r9uw HTTP/1.1" 200 610 "https://www.nspw.org/" "Mozilla/5.0 (Windows NT 6.1; WOW64; rv:43.0) Gecko/20100101 Firefox/43.0"
14.215.176.7 - - [09/May/2018:00:51:45 -0400] "GET /modules/user/user.css?p7r9uw HTTP/1.1" 200 1200 "https://www.nspw.org/" "Mozilla/5.0 (Windows NT 6.1; WOW64; rv:43.0) Gecko/20100101 Firefox/43.0"
14.215.176.15 - - [09/May/2018:00:51:45 -0400] "GET /themes/garland/style.css?p7r9uw HTTP/1.1" 200 5370 "https://www.nspw.org/" "Mozilla/5.0 (Windows NT 6.1; WOW64; rv:43.0) Gecko/20100101 Firefox/43.0"
14.215.176.9 - - [09/May/2018:00:51:45 -0400] "GET /themes/garland/print.css?p7r9uw HTTP/1.1" 200 771 "https://www.nspw.org/" "Mozilla/5.0 (Windows NT 6.1; WOW64; rv:43.0) Gecko/20100101 Firefox/43.0"
14.215.176.4 - - [09/May/2018:00:51:45 -0400] "GET /misc/jquery.once.js?v=1.2 HTTP/1.1" 200 1445 "https://www.nspw.org/" "Mozilla/5.0 (Windows NT 6.1; WOW64; rv:43.0) Gecko/20100101 Firefox/43.0"
14.215.176.6 - - [09/May/2018:00:51:45 -0400] "GET /misc/jquery.js?v=1.4.4 HTTP/1.1" 200 27601 "https://www.nspw.org/" "Mozilla/5.0 (Windows NT 6.1; WOW64; rv:43.0) Gecko/20100101 Firefox/43.0"
14.215.176.17 - - [09/May/2018:00:51:45 -0400] "GET /misc/drupal.js?p7r9uw HTTP/1.1" 200 7372 "https://www.nspw.org/" "Mozilla/5.0 (Windows NT 6.1; WOW64; rv:43.0) Gecko/20100101 Firefox/43.0"
207.46.13.155 - - [09/May/2018:00:51:38 -0400] "GET /papers/1994/nspw1994-lincoln.pdf HTTP/1.1" 200 353869 "-" "Mozilla/5.0 (iPhone; CPU iPhone OS 7_0 like Mac OS X) AppleWebKit/537.51.1 (KHTML, like Gecko) Version/7.0 Mobile/11A465 Safari/9537.53 (compatible; bingbot/2.0; +http://www.bing.com/bingbot.htm)"
66.249.69.44 - - [09/May/2018:00:52:02 -0400] "GET /2015 HTTP/1.1" 200 6921 "-" "Mozilla/5.0 (compatible; Googlebot/2.1; +http://www.google.com/bot.html)"
66.249.69.40 - - [09/May/2018:00:52:16 -0400] "GET /1999/14.jpg HTTP/1.1" 200 55721 "-" "Googlebot-Image/1.0"
66.249.75.137 - - [09/May/2018:00:53:38 -0400] "GET /papers/2006/nspw2006-gutmann.pdf HTTP/1.1" 200 103440 "-" "Mozilla/5.0 (compatible; Googlebot/2.1; +http://www.google.com/bot.html)"
69.162.124.227 - - [09/May/2018:00:54:52 -0400] "HEAD / HTTP/1.1" 200 3874 "http://nspw.org/" "Mozilla/5.0+(compatible; UptimeRobot/2.0; http://www.uptimerobot.com/)"
49.145.72.238 - - [09/May/2018:00:56:26 -0400] "GET /wp-login.php HTTP/1.1" 404 7491 "-" "Mozilla/5.0 (Windows NT 6.1; WOW64; rv:40.0) Gecko/20100101 Firefox/40.1"
49.145.72.238 - - [09/May/2018:00:56:27 -0400] "GET / HTTP/1.1" 200 8218 "-" "Mozilla/5.0 (Windows NT 6.1; WOW64; rv:40.0) Gecko/20100101 Firefox/40.1"
27.5.119.31 - - [09/May/2018:00:58:16 -0400] "GET /papers/1996/nspw1996-greenwald.pdf HTTP/1.1" 200 280253 "-" "Mozilla/5.0 (Windows NT 10.0; Win64; x64) AppleWebKit/537.36 (KHTML, like Gecko) Chrome/57.0.2987.133 Safari/537.36"
77.88.47.40 - - [09/May/2018:00:58:43 -0400] "GET /papers/2007/nspw2007-edwards.pdf HTTP/1.1" 200 345406 "-" "Mozilla/5.0 (compatible; YandexBot/3.0; +http://yandex.com/bots)"
54.149.104.195 - - [09/May/2018:00:59:29 -0400] "GET /papers/1993/nspw1993-williams.pdf HTTP/1.1" 200 539677 "-" "python-requests/2.18.4"
207.46.13.154 - - [09/May/2018:00:59:38 -0400] "GET /past HTTP/1.1" 200 6860 "-" "Mozilla/5.0 (compatible; bingbot/2.0; +http://www.bing.com/bingbot.htm)"
69.162.124.227 - - [09/May/2018:00:59:52 -0400] "HEAD / HTTP/1.1" 200 3874 "http://nspw.org/" "Mozilla/5.0+(compatible; UptimeRobot/2.0; http://www.uptimerobot.com/)"
77.88.47.40 - - [09/May/2018:01:00:31 -0400] "GET /papers/2004/nspw2004-sadeghi.pdf HTTP/1.1" 200 226347 "-" "Mozilla/5.0 (compatible; YandexBot/3.0; +http://yandex.com/bots)"
207.46.13.154 - - [09/May/2018:01:00:49 -0400] "GET /2018/dates HTTP/1.1" 200 6741 "-" "Mozilla/5.0 (compatible; bingbot/2.0; +http://www.bing.com/bingbot.htm)"
66.249.69.42 - - [09/May/2018:01:01:52 -0400] "GET /2007/index.shtml HTTP/1.1" 200 5435 "-" "Mozilla/5.0 (compatible; Googlebot/2.1; +http://www.google.com/bot.html)"
66.249.75.135 - - [09/May/2018:01:02:17 -0400] "GET /2014 HTTP/1.1" 200 6696 "-" "Mozilla/5.0 (compatible; Googlebot/2.1; +http://www.google.com/bot.html)"
69.162.124.227 - - [09/May/2018:01:04:52 -0400] "HEAD / HTTP/1.1" 200 3874 "http://nspw.org/" "Mozilla/5.0+(compatible; UptimeRobot/2.0; http://www.uptimerobot.com/)"
66.249.69.44 - - [09/May/2018:01:06:26 -0400] "GET /2016 HTTP/1.1" 200 6960 "-" "Mozilla/5.0 (compatible; Googlebot/2.1; +http://www.google.com/bot.html)"
185.234.218.53 - - [09/May/2018:01:06:29 -0400] "GET / HTTP/1.0" 400 0 "-" "-"
58.17.186.34 - - [09/May/2018:01:06:52 -0400] "GET /wp-login.php HTTP/1.1" 404 7491 "-" "Mozilla/5.0 (Windows NT 6.1; WOW64; rv:40.0) Gecko/20100101 Firefox/40.1"
58.17.186.34 - - [09/May/2018:01:06:54 -0400] "GET / HTTP/1.1" 200 8218 "-" "Mozilla/5.0 (Windows NT 6.1; WOW64; rv:40.0) Gecko/20100101 Firefox/40.1"
66.249.75.135 - - [09/May/2018:01:08:34 -0400] "GET /papers/1999/nspw1999-povey.pdf HTTP/1.1" 200 587393 "-" "Mozilla/5.0 (Linux; Android 6.0.1; Nexus 5X Build/MMB29P) AppleWebKit/537.36 (KHTML, like Gecko) Chrome/41.0.2272.96 Mobile Safari/537.36 (compatible; Googlebot/2.1; +http://www.google.com/bot.html)"
69.162.124.227 - - [09/May/2018:01:09:52 -0400] "HEAD / HTTP/1.1" 200 3874 "http://nspw.org/" "Mozilla/5.0+(compatible; UptimeRobot/2.0; http://www.uptimerobot.com/)"
111.93.91.77 - - [09/May/2018:01:10:58 -0400] "GET /wp-login.php HTTP/1.1" 404 7839 "-" "Mozilla/5.0 (Windows NT 6.1; WOW64; rv:40.0) Gecko/20100101 Firefox/40.1"
111.93.91.77 - - [09/May/2018:01:10:59 -0400] "GET / HTTP/1.1" 200 8218 "-" "Mozilla/5.0 (Windows NT 6.1; WOW64; rv:40.0) Gecko/20100101 Firefox/40.1"
69.162.124.227 - - [09/May/2018:01:14:52 -0400] "HEAD / HTTP/1.1" 200 3874 "http://nspw.org/" "Mozilla/5.0+(compatible; UptimeRobot/2.0; http://www.uptimerobot.com/)"
177.99.56.103 - - [09/May/2018:01:15:17 -0400] "GET /wp-login.php HTTP/1.1" 404 7839 "-" "Mozilla/5.0 (Windows NT 6.1; WOW64; rv:40.0) Gecko/20100101 Firefox/40.1"
177.99.56.103 - - [09/May/2018:01:15:19 -0400] "GET / HTTP/1.1" 200 8218 "-" "Mozilla/5.0 (Windows NT 6.1; WOW64; rv:40.0) Gecko/20100101 Firefox/40.1"
66.249.75.137 - - [09/May/2018:01:16:48 -0400] "GET /2011 HTTP/1.1" 200 6921 "-" "Mozilla/5.0 (compatible; Googlebot/2.1; +http://www.google.com/bot.html)"
69.162.124.227 - - [09/May/2018:01:19:52 -0400] "HEAD / HTTP/1.1" 200 3874 "http://nspw.org/" "Mozilla/5.0+(compatible; UptimeRobot/2.0; http://www.uptimerobot.com/)"
66.249.75.133 - - [09/May/2018:01:20:04 -0400] "GET /2005/cfp/latex/macros.sty HTTP/1.1" 200 14425 "-" "Mozilla/5.0 (compatible; Googlebot/2.1; +http://www.google.com/bot.html)"
66.249.75.135 - - [09/May/2018:01:20:11 -0400] "GET /current/dates.shtml HTTP/1.1" 404 8012 "-" "Mozilla/5.0 (compatible; Googlebot/2.1; +http://www.google.com/bot.html)"
66.249.69.40 - - [09/May/2018:01:20:50 -0400] "GET /2013 HTTP/1.1" 200 6794 "-" "Mozilla/5.0 (compatible; Googlebot/2.1; +http://www.google.com/bot.html)"
66.249.69.42 - - [09/May/2018:01:21:04 -0400] "GET /1999/10.jpg HTTP/1.1" 200 71669 "-" "Googlebot-Image/1.0"
207.46.13.152 - - [09/May/2018:01:20:48 -0400] "GET /papers/1994/nspw1994-bertino.pdf HTTP/1.1" 200 542554 "-" "Mozilla/5.0 (iPhone; CPU iPhone OS 7_0 like Mac OS X) AppleWebKit/537.51.1 (KHTML, like Gecko) Version/7.0 Mobile/11A465 Safari/9537.53 (compatible; bingbot/2.0; +http://www.bing.com/bingbot.htm)"
66.249.75.133 - - [09/May/2018:01:22:29 -0400] "GET /robots.txt HTTP/1.1" 200 4504 "-" "Mozilla/5.0 (compatible; Googlebot/2.1; +http://www.google.com/bot.html)"
66.249.75.133 - - [09/May/2018:01:22:36 -0400] "GET /modules/comment/comment.css?nhfa6e HTTP/1.1" 200 3899 "http://nspw.org/2015/accepted" "Mozilla/5.0 (compatible; Googlebot/2.1; +http://www.google.com/bot.html)"
66.249.75.135 - - [09/May/2018:01:22:36 -0400] "GET /modules/system/system.theme.css?nhfa6e HTTP/1.1" 200 4979 "http://nspw.org/2015/accepted" "Mozilla/5.0 (compatible; Googlebot/2.1; +http://www.google.com/bot.html)"
66.249.75.133 - - [09/May/2018:01:22:37 -0400] "GET /misc/drupal.js?nhfa6e HTTP/1.1" 200 7372 "http://nspw.org/2015/accepted" "Mozilla/5.0 (compatible; Googlebot/2.1; +http://www.google.com/bot.html)"
66.249.75.135 - - [09/May/2018:01:22:37 -0400] "GET /modules/node/node.css?nhfa6e HTTP/1.1" 200 472 "http://nspw.org/2015/accepted" "Mozilla/5.0 (compatible; Googlebot/2.1; +http://www.google.com/bot.html)"
66.249.75.133 - - [09/May/2018:01:22:38 -0400] "GET /modules/field/theme/field.css?nhfa6e HTTP/1.1" 200 599 "http://nspw.org/2015/accepted" "Mozilla/5.0 (compatible; Googlebot/2.1; +http://www.google.com/bot.html)"
66.249.75.133 - - [09/May/2018:01:22:38 -0400] "GET /modules/system/system.menus.css?nhfa6e HTTP/1.1" 200 1025 "http://nspw.org/2015/accepted" "Mozilla/5.0 (compatible; Googlebot/2.1; +http://www.google.com/bot.html)"
66.249.75.133 - - [09/May/2018:01:22:39 -0400] "GET /modules/user/user.css?nhfa6e HTTP/1.1" 200 1062 "http://nspw.org/2015/accepted" "Mozilla/5.0 (compatible; Googlebot/2.1; +http://www.google.com/bot.html)"
66.249.75.135 - - [09/May/2018:01:22:39 -0400] "GET /modules/system/system.messages.css?nhfa6e HTTP/1.1" 200 746 "http://nspw.org/2015/accepted" "Mozilla/5.0 (compatible; Googlebot/2.1; +http://www.google.com/bot.html)"
66.249.75.133 - - [09/May/2018:01:22:40 -0400] "GET /themes/garland/print.css?nhfa6e HTTP/1.1" 200 771 "http://nspw.org/2015/accepted" "Mozilla/5.0 (compatible; Googlebot/2.1; +http://www.google.com/bot.html)"
66.249.75.133 - - [09/May/2018:01:22:40 -0400] "GET /modules/system/system.base.css?nhfa6e HTTP/1.1" 200 2307 "http://nspw.org/2015/accepted" "Mozilla/5.0 (compatible; Googlebot/2.1; +http://www.google.com/bot.html)"
66.249.75.133 - - [09/May/2018:01:22:41 -0400] "GET /themes/garland/style.css?nhfa6e HTTP/1.1" 200 5370 "http://nspw.org/2015/accepted" "Mozilla/5.0 (compatible; Googlebot/2.1; +http://www.google.com/bot.html)"
66.249.75.133 - - [09/May/2018:01:22:41 -0400] "GET /misc/jquery.js?v=1.4.4 HTTP/1.1" 200 27601 "http://nspw.org/2015/accepted" "Mozilla/5.0 (compatible; Googlebot/2.1; +http://www.google.com/bot.html)"
66.249.75.133 - - [09/May/2018:01:22:42 -0400] "GET /misc/jquery.once.js?v=1.2 HTTP/1.1" 200 1445 "http://nspw.org/2015/accepted" "Mozilla/5.0 (compatible; Googlebot/2.1; +http://www.google.com/bot.html)"
103.79.100.197 - - [09/May/2018:01:23:56 -0400] "GET /wp-login.php HTTP/1.1" 404 7839 "-" "Mozilla/5.0 (Windows NT 6.1; WOW64; rv:40.0) Gecko/20100101 Firefox/40.1"
103.79.100.197 - - [09/May/2018:01:23:59 -0400] "GET / HTTP/1.1" 200 8218 "-" "Mozilla/5.0 (Windows NT 6.1; WOW64; rv:40.0) Gecko/20100101 Firefox/40.1"
69.162.124.227 - - [09/May/2018:01:24:52 -0400] "HEAD / HTTP/1.1" 200 3874 "http://nspw.org/" "Mozilla/5.0+(compatible; UptimeRobot/2.0; http://www.uptimerobot.com/)"
77.88.47.40 - - [09/May/2018:01:29:11 -0400] "GET /2000/cfp.html HTTP/1.1" 200 6202 "-" "Mozilla/5.0 (compatible; YandexBot/3.0; +http://yandex.com/bots)"
77.88.47.40 - - [09/May/2018:01:29:24 -0400] "GET /2017/program HTTP/1.1" 200 7371 "-" "Mozilla/5.0 (compatible; YandexBot/3.0; +http://yandex.com/bots)"
69.162.124.227 - - [09/May/2018:01:29:52 -0400] "HEAD / HTTP/1.1" 200 3874 "http://nspw.org/" "Mozilla/5.0+(compatible; UptimeRobot/2.0; http://www.uptimerobot.com/)"
170.246.186.115 - - [09/May/2018:01:30:39 -0400] "GET /wp-login.php HTTP/1.1" 404 8180 "-" "Mozilla/5.0 (Windows NT 6.1; WOW64; rv:40.0) Gecko/20100101 Firefox/40.1"
170.246.186.115 - - [09/May/2018:01:30:41 -0400] "GET / HTTP/1.1" 200 8298 "-" "Mozilla/5.0 (Windows NT 6.1; WOW64; rv:40.0) Gecko/20100101 Firefox/40.1"
66.249.75.133 - - [09/May/2018:01:31:45 -0400] "GET /2010 HTTP/1.1" 200 6942 "-" "Mozilla/5.0 (compatible; Googlebot/2.1; +http://www.google.com/bot.html)"
162.210.196.98 - - [09/May/2018:01:32:15 -0400] "GET /robots.txt HTTP/1.1" 200 5926 "-" "Mozilla/5.0 (compatible; MJ12bot/v1.4.8; http://mj12bot.com/)"
84.205.227.59 - - [09/May/2018:01:32:39 -0400] "GET /favicon.ico HTTP/1.1" 404 4109 "https://www.nspw.org/papers/1998/nspw1998-chang.pdf" "Mozilla/5.0 (Windows NT 10.0; Win64; x64) AppleWebKit/537.36 (KHTML, like Gecko) Chrome/66.0.3359.139 Safari/537.36"
66.249.75.137 - - [09/May/2018:01:32:42 -0400] "GET /papers/2011/nspw2011-friedland.pdf HTTP/1.1" 200 437587 "-" "Mozilla/5.0 (compatible; Googlebot/2.1; +http://www.google.com/bot.html)"
