119.245.82.83 - - [06/May/2018:11:32:58 -0400] "GET /favicon.ico HTTP/1.1" 404 700 "-" "Safari/11602.1.50.0.10 CFNetwork/760.6.3 Darwin/15.6.0 (x86_64)"
119.245.82.83 - - [06/May/2018:11:32:58 -0400] "GET /apple-touch-icon-precomposed.png HTTP/1.1" 404 721 "-" "Safari/11602.1.50.0.10 CFNetwork/760.6.3 Darwin/15.6.0 (x86_64)"
119.245.82.83 - - [06/May/2018:11:32:58 -0400] "GET /apple-touch-icon.png HTTP/1.1" 404 709 "-" "Safari/11602.1.50.0.10 CFNetwork/760.6.3 Darwin/15.6.0 (x86_64)"
119.245.82.83 - - [06/May/2018:11:32:58 -0400] "GET /favicon.ico HTTP/1.1" 404 700 "-" "Safari/11602.1.50.0.10 CFNetwork/760.6.3 Darwin/15.6.0 (x86_64)"
69.162.124.227 - - [06/May/2018:11:33:27 -0400] "HEAD / HTTP/1.1" 200 3874 "http://nspw.org/" "Mozilla/5.0+(compatible; UptimeRobot/2.0; http://www.uptimerobot.com/)"
86.14.118.32 - - [06/May/2018:11:34:33 -0400] "GET /wp-login.php HTTP/1.1" 404 7907 "-" "Mozilla/5.0 (Windows NT 6.1; WOW64; rv:40.0) Gecko/20100101 Firefox/40.1"
86.14.118.32 - - [06/May/2018:11:34:33 -0400] "GET / HTTP/1.1" 200 8218 "-" "Mozilla/5.0 (Windows NT 6.1; WOW64; rv:40.0) Gecko/20100101 Firefox/40.1"
216.244.66.200 - - [06/May/2018:11:35:44 -0400] "GET /robots.txt HTTP/1.1" 200 5796 "-" "Mozilla/5.0 (compatible; DotBot/1.1; http://www.opensiteexplorer.org/dotbot, help@moz.com)"
216.244.66.200 - - [06/May/2018:11:36:07 -0400] "GET /robots.txt HTTP/1.1" 200 5796 "-" "Mozilla/5.0 (compatible; DotBot/1.1; http://www.opensiteexplorer.org/dotbot, help@moz.com)"
207.46.13.162 - - [06/May/2018:11:36:38 -0400] "GET /2018 HTTP/1.1" 200 7379 "-" "Mozilla/5.0 (compatible; bingbot/2.0; +http://www.bing.com/bingbot.htm)"
207.46.13.162 - - [06/May/2018:11:37:19 -0400] "GET /2018/organizers HTTP/1.1" 200 7437 "-" "Mozilla/5.0 (compatible; bingbot/2.0; +http://www.bing.com/bingbot.htm)"
207.46.13.136 - - [06/May/2018:11:37:50 -0400] "GET /2018/dates HTTP/1.1" 200 6745 "-" "Mozilla/5.0 (compatible; bingbot/2.0; +http://www.bing.com/bingbot.htm)"
59.106.108.116 - - [06/May/2018:11:38:25 -0400] "HEAD /current/ HTTP/1.1" 200 3904 "-" "Hatena Antenna/0.5 (http://a.hatena.ne.jp/help)"
69.162.124.227 - - [06/May/2018:11:38:27 -0400] "HEAD / HTTP/1.1" 200 3874 "http://nspw.org/" "Mozilla/5.0+(compatible; UptimeRobot/2.0; http://www.uptimerobot.com/)"
59.106.108.116 - - [06/May/2018:11:38:27 -0400] "GET /current/ HTTP/1.1" 200 12401 "-" "Hatena Antenna/0.5 (http://a.hatena.ne.jp/help)"
207.46.13.162 - - [06/May/2018:11:38:30 -0400] "GET /2018/cfp HTTP/1.1" 200 8623 "-" "Mozilla/5.0 (compatible; bingbot/2.0; +http://www.bing.com/bingbot.htm)"
207.46.13.235 - - [06/May/2018:11:38:59 -0400] "GET /login HTTP/1.1" 200 6740 "-" "Mozilla/5.0 (compatible; bingbot/2.0; +http://www.bing.com/bingbot.htm)"
103.255.4.38 - - [06/May/2018:11:39:50 -0400] "GET /wp-login.php HTTP/1.1" 404 7484 "-" "Mozilla/5.0 (Windows NT 6.1; WOW64; rv:40.0) Gecko/20100101 Firefox/40.1"
103.255.4.38 - - [06/May/2018:11:39:51 -0400] "GET / HTTP/1.1" 200 8218 "-" "Mozilla/5.0 (Windows NT 6.1; WOW64; rv:40.0) Gecko/20100101 Firefox/40.1"
66.249.64.215 - - [06/May/2018:11:41:16 -0400] "GET /papers/2013/nspw2013-peisert.pdf HTTP/1.1" 200 712024 "-" "Mozilla/5.0 (compatible; Googlebot/2.1; +http://www.google.com/bot.html)"
71.79.180.239 - - [06/May/2018:11:42:49 -0400] "GET /wp-login.php HTTP/1.1" 404 7985 "-" "Mozilla/5.0 (Windows NT 6.1; WOW64; rv:40.0) Gecko/20100101 Firefox/40.1"
71.79.180.239 - - [06/May/2018:11:42:49 -0400] "GET / HTTP/1.1" 200 8206 "-" "Mozilla/5.0 (Windows NT 6.1; WOW64; rv:40.0) Gecko/20100101 Firefox/40.1"
69.162.124.227 - - [06/May/2018:11:43:27 -0400] "HEAD / HTTP/1.1" 200 3874 "http://nspw.org/" "Mozilla/5.0+(compatible; UptimeRobot/2.0; http://www.uptimerobot.com/)"
213.148.193.179 - - [06/May/2018:11:45:44 -0400] "GET /wp-login.php HTTP/1.1" 404 8180 "-" "Mozilla/5.0 (Windows NT 6.1; WOW64; rv:40.0) Gecko/20100101 Firefox/40.1"
213.148.193.179 - - [06/May/2018:11:45:45 -0400] "GET / HTTP/1.1" 200 8298 "-" "Mozilla/5.0 (Windows NT 6.1; WOW64; rv:40.0) Gecko/20100101 Firefox/40.1"
180.23.174.51 - - [06/May/2018:11:46:45 -0400] "GET /2018 HTTP/1.1" 200 12606 "-" "LWP::Simple/6.29 libwww-perl/6.29"
69.162.124.227 - - [06/May/2018:11:48:27 -0400] "HEAD / HTTP/1.1" 200 3874 "http://nspw.org/" "Mozilla/5.0+(compatible; UptimeRobot/2.0; http://www.uptimerobot.com/)"
103.248.121.119 - - [06/May/2018:11:48:42 -0400] "HEAD / HTTP/1.1" 200 3911 "https://www.nspw.org/" "Mozilla/5.0 (compatible; Googlebot/2.1; +http://www.google.com/bot.html)"
207.46.13.235 - - [06/May/2018:11:52:31 -0400] "GET /2009/proceedings/2006/nspw2006-greenwald.pdf HTTP/1.1" 200 130462 "-" "Mozilla/5.0 (iPhone; CPU iPhone OS 7_0 like Mac OS X) AppleWebKit/537.51.1 (KHTML, like Gecko) Version/7.0 Mobile/11A465 Safari/9537.53 (compatible; bingbot/2.0; +http://www.bing.com/bingbot.htm)"
69.162.124.227 - - [06/May/2018:11:53:27 -0400] "HEAD / HTTP/1.1" 200 3874 "http://nspw.org/" "Mozilla/5.0+(compatible; UptimeRobot/2.0; http://www.uptimerobot.com/)"
66.249.64.217 - - [06/May/2018:11:54:35 -0400] "GET /2017 HTTP/1.1" 200 7051 "-" "Mozilla/5.0 (compatible; Googlebot/2.1; +http://www.google.com/bot.html)"
117.209.147.55 - - [06/May/2018:11:58:19 -0400] "GET /wp-login.php HTTP/1.1" 404 8180 "-" "Mozilla/5.0 (Windows NT 6.1; WOW64; rv:40.0) Gecko/20100101 Firefox/40.1"
117.209.147.55 - - [06/May/2018:11:58:22 -0400] "GET / HTTP/1.1" 200 8298 "-" "Mozilla/5.0 (Windows NT 6.1; WOW64; rv:40.0) Gecko/20100101 Firefox/40.1"
69.162.124.227 - - [06/May/2018:11:58:27 -0400] "HEAD / HTTP/1.1" 200 3874 "http://nspw.org/" "Mozilla/5.0+(compatible; UptimeRobot/2.0; http://www.uptimerobot.com/)"
34.202.93.213 - - [06/May/2018:11:59:08 -0400] "HEAD /papers/1994/nspw1994-limoges.pdf HTTP/1.1" 200 3628 "-" "Blackboard Safeassign"
34.202.93.213 - - [06/May/2018:11:59:08 -0400] "GET /papers/1994/nspw1994-limoges.pdf HTTP/1.1" 200 984150 "-" "Blackboard Safeassign"
86.4.205.144 - - [06/May/2018:12:00:05 -0400] "-" 408 3408 "-" "-"
86.4.205.144 - - [06/May/2018:12:00:05 -0400] "-" 408 3408 "-" "-"
86.4.205.144 - - [06/May/2018:12:00:05 -0400] "-" 408 3408 "-" "-"
86.4.205.144 - - [06/May/2018:12:00:05 -0400] "-" 408 3408 "-" "-"
199.16.157.181 - - [06/May/2018:12:00:47 -0400] "GET /robots.txt HTTP/1.1" 200 5699 "-" "Twitterbot/1.0"
202.170.60.251 - - [06/May/2018:12:01:24 -0400] "GET /favicon.ico HTTP/1.1" 404 4093 "https://www.nspw.org/papers/2007/nspw2007-mannan.pdf" "Mozilla/5.0 (Windows NT 6.1) AppleWebKit/537.36 (KHTML, like Gecko) Chrome/62.0.3202.89 Safari/537.36"
202.170.60.251 - - [06/May/2018:12:01:23 -0400] "GET /papers/2007/nspw2007-mannan.pdf HTTP/1.1" 200 145020 "https://scholar.google.com/" "Mozilla/5.0 (Windows NT 6.1) AppleWebKit/537.36 (KHTML, like Gecko) Chrome/62.0.3202.89 Safari/537.36"
202.170.60.251 - - [06/May/2018:12:01:26 -0400] "GET /papers/2007/nspw2007-mannan.pdf HTTP/1.1" 206 335800 "https://www.nspw.org/papers/2007/nspw2007-mannan.pdf" "Mozilla/5.0 (Windows NT 6.1) AppleWebKit/537.36 (KHTML, like Gecko) Chrome/62.0.3202.89 Safari/537.36"
202.170.60.251 - - [06/May/2018:12:01:33 -0400] "GET /papers/2007/nspw2007-mannan.pdf HTTP/1.1" 206 66245 "https://www.nspw.org/papers/2007/nspw2007-mannan.pdf" "Mozilla/5.0 (Windows NT 6.1) AppleWebKit/537.36 (KHTML, like Gecko) Chrome/62.0.3202.89 Safari/537.36"
202.170.60.251 - - [06/May/2018:12:01:47 -0400] "GET /papers/2007/nspw2007-mannan.pdf HTTP/1.1" 206 367879 "https://www.nspw.org/papers/2007/nspw2007-mannan.pdf" "Mozilla/5.0 (Windows NT 6.1) AppleWebKit/537.36 (KHTML, like Gecko) Chrome/62.0.3202.89 Safari/537.36"
123.125.67.162 - - [06/May/2018:12:02:32 -0400] "GET /robots.txt HTTP/1.1" 200 5923 "-" "Mozilla/5.0 (Windows NT 10.0; WOW64) AppleWebKit/537.36 (KHTML, like Gecko) Chrome/45.0.2454.93 Safari/537.36"
69.162.124.227 - - [06/May/2018:12:03:27 -0400] "HEAD / HTTP/1.1" 200 3874 "http://nspw.org/" "Mozilla/5.0+(compatible; UptimeRobot/2.0; http://www.uptimerobot.com/)"
122.177.245.110 - - [06/May/2018:12:03:58 -0400] "GET / HTTP/1.1" 200 6461 "-" "Mozilla/5.0 (iPhone; CPU iPhone OS 10_3_3 like Mac OS X) AppleWebKit/603.3.8 (KHTML, like Gecko) Version/10.0 Mobile/14G60 Safari/602.1"
176.222.44.181 - - [06/May/2018:12:05:10 -0400] "GET /wp-login.php HTTP/1.1" 404 7484 "-" "Mozilla/5.0 (Windows NT 6.1; WOW64; rv:40.0) Gecko/20100101 Firefox/40.1"
176.222.44.181 - - [06/May/2018:12:05:11 -0400] "GET / HTTP/1.1" 200 8218 "-" "Mozilla/5.0 (Windows NT 6.1; WOW64; rv:40.0) Gecko/20100101 Firefox/40.1"
66.249.64.217 - - [06/May/2018:12:07:56 -0400] "GET /papers/2001/nspw2001-blakley.pdf HTTP/1.1" 304 3605 "-" "Mozilla/5.0 (compatible; Googlebot/2.1; +http://www.google.com/bot.html)"
69.162.124.227 - - [06/May/2018:12:08:27 -0400] "HEAD / HTTP/1.1" 200 3874 "http://nspw.org/" "Mozilla/5.0+(compatible; UptimeRobot/2.0; http://www.uptimerobot.com/)"
202.170.60.251 - - [06/May/2018:12:09:57 -0400] "GET /papers/2007/nspw2007-mannan.pdf HTTP/1.1" 206 36576 "https://www.nspw.org/papers/2007/nspw2007-mannan.pdf" "Mozilla/5.0 (Windows NT 6.1) AppleWebKit/537.36 (KHTML, like Gecko) Chrome/62.0.3202.89 Safari/537.36"
202.170.60.251 - - [06/May/2018:12:10:04 -0400] "GET /papers/2007/nspw2007-mannan.pdf HTTP/1.1" 206 33324 "https://www.nspw.org/papers/2007/nspw2007-mannan.pdf" "Mozilla/5.0 (Windows NT 6.1) AppleWebKit/537.36 (KHTML, like Gecko) Chrome/62.0.3202.89 Safari/537.36"
202.170.60.251 - - [06/May/2018:12:10:10 -0400] "GET /papers/2007/nspw2007-mannan.pdf HTTP/1.1" 206 1543 "https://www.nspw.org/papers/2007/nspw2007-mannan.pdf" "Mozilla/5.0 (Windows NT 6.1) AppleWebKit/537.36 (KHTML, like Gecko) Chrome/62.0.3202.89 Safari/537.36"
202.170.60.251 - - [06/May/2018:12:10:18 -0400] "GET /papers/2007/nspw2007-mannan.pdf HTTP/1.1" 206 802 "https://www.nspw.org/papers/2007/nspw2007-mannan.pdf" "Mozilla/5.0 (Windows NT 6.1) AppleWebKit/537.36 (KHTML, like Gecko) Chrome/62.0.3202.89 Safari/537.36"
202.170.60.251 - - [06/May/2018:12:10:19 -0400] "GET /papers/2007/nspw2007-mannan.pdf HTTP/1.1" 206 653 "https://www.nspw.org/papers/2007/nspw2007-mannan.pdf" "Mozilla/5.0 (Windows NT 6.1) AppleWebKit/537.36 (KHTML, like Gecko) Chrome/62.0.3202.89 Safari/537.36"
122.177.245.110 - - [06/May/2018:12:12:40 -0400] "GET / HTTP/1.1" 200 6461 "-" "Mozilla/5.0 (iPhone; CPU iPhone OS 10_3_3 like Mac OS X) AppleWebKit/603.3.8 (KHTML, like Gecko) Version/10.0 Mobile/14G60 Safari/602.1"
122.177.245.110 - - [06/May/2018:12:12:44 -0400] "GET /apple-touch-icon-120x120-precomposed.png HTTP/1.1" 404 3976 "-" "MobileSafari/602.1 CFNetwork/811.5.4 Darwin/16.7.0"
122.177.245.110 - - [06/May/2018:12:12:44 -0400] "GET /apple-touch-icon-120x120.png HTTP/1.1" 404 717 "-" "MobileSafari/602.1 CFNetwork/811.5.4 Darwin/16.7.0"
122.177.245.110 - - [06/May/2018:12:12:45 -0400] "GET /apple-touch-icon-precomposed.png HTTP/1.1" 404 721 "-" "MobileSafari/602.1 CFNetwork/811.5.4 Darwin/16.7.0"
122.177.245.110 - - [06/May/2018:12:12:45 -0400] "GET /apple-touch-icon.png HTTP/1.1" 404 709 "-" "MobileSafari/602.1 CFNetwork/811.5.4 Darwin/16.7.0"
122.177.245.110 - - [06/May/2018:12:12:45 -0400] "GET /favicon.ico HTTP/1.1" 404 700 "-" "MobileSafari/602.1 CFNetwork/811.5.4 Darwin/16.7.0"
122.177.245.110 - - [06/May/2018:12:12:46 -0400] "GET /apple-touch-icon-120x120-precomposed.png HTTP/1.1" 404 729 "-" "MobileSafari/602.1 CFNetwork/811.5.4 Darwin/16.7.0"
122.177.245.110 - - [06/May/2018:12:12:46 -0400] "GET /apple-touch-icon-120x120.png HTTP/1.1" 404 717 "-" "MobileSafari/602.1 CFNetwork/811.5.4 Darwin/16.7.0"
122.177.245.110 - - [06/May/2018:12:12:46 -0400] "GET /apple-touch-icon-precomposed.png HTTP/1.1" 404 721 "-" "MobileSafari/602.1 CFNetwork/811.5.4 Darwin/16.7.0"
122.177.245.110 - - [06/May/2018:12:12:47 -0400] "GET /apple-touch-icon.png HTTP/1.1" 404 709 "-" "MobileSafari/602.1 CFNetwork/811.5.4 Darwin/16.7.0"
122.177.245.110 - - [06/May/2018:12:12:47 -0400] "GET /favicon.ico HTTP/1.1" 404 700 "-" "MobileSafari/602.1 CFNetwork/811.5.4 Darwin/16.7.0"
31.155.121.21 - - [06/May/2018:12:12:48 -0400] "GET /wp-login.php HTTP/1.1" 404 7985 "-" "Mozilla/5.0 (Windows NT 6.1; WOW64; rv:40.0) Gecko/20100101 Firefox/40.1"
31.155.121.21 - - [06/May/2018:12:12:51 -0400] "GET / HTTP/1.1" 200 8206 "-" "Mozilla/5.0 (Windows NT 6.1; WOW64; rv:40.0) Gecko/20100101 Firefox/40.1"
69.162.124.227 - - [06/May/2018:12:13:27 -0400] "HEAD / HTTP/1.1" 200 3874 "http://nspw.org/" "Mozilla/5.0+(compatible; UptimeRobot/2.0; http://www.uptimerobot.com/)"
157.55.39.63 - - [06/May/2018:12:14:13 -0400] "GET /papers/2006/nspw2006-gates.pdf HTTP/1.1" 200 149973 "-" "Mozilla/5.0 (compatible; bingbot/2.0; +http://www.bing.com/bingbot.htm)"
34.229.216.231 - - [06/May/2018:12:14:38 -0400] "GET /2018 HTTP/1.1" 200 6944 "-" "Mozilla/5.0 (Macintosh; Intel Mac OS X 10.11; rv:49.0) Gecko/20100101 Firefox/49.0 (FlipboardProxy/1.2; +http://flipboard.com/browserproxy)"
66.249.64.215 - - [06/May/2018:12:15:06 -0400] "GET /current/papers.shtml HTTP/1.1" 404 8014 "-" "Mozilla/5.0 (compatible; Googlebot/2.1; +http://www.google.com/bot.html)"
190.141.16.138 - - [06/May/2018:12:17:38 -0400] "GET /wp-login.php HTTP/1.1" 404 7985 "-" "Mozilla/5.0 (Windows NT 6.1; WOW64; rv:40.0) Gecko/20100101 Firefox/40.1"
190.141.16.138 - - [06/May/2018:12:17:39 -0400] "GET / HTTP/1.1" 200 8206 "-" "Mozilla/5.0 (Windows NT 6.1; WOW64; rv:40.0) Gecko/20100101 Firefox/40.1"
79.34.244.1 - - [06/May/2018:12:18:04 -0400] "GET /wp-login.php HTTP/1.1" 404 7491 "-" "Mozilla/5.0 (Windows NT 6.1; WOW64; rv:40.0) Gecko/20100101 Firefox/40.1"
79.34.244.1 - - [06/May/2018:12:18:05 -0400] "GET / HTTP/1.1" 200 8218 "-" "Mozilla/5.0 (Windows NT 6.1; WOW64; rv:40.0) Gecko/20100101 Firefox/40.1"
69.162.124.227 - - [06/May/2018:12:18:27 -0400] "HEAD / HTTP/1.1" 200 3874 "http://nspw.org/" "Mozilla/5.0+(compatible; UptimeRobot/2.0; http://www.uptimerobot.com/)"
220.181.108.142 - - [06/May/2018:12:19:16 -0400] "GET / HTTP/1.1" 200 11573 "-" "Mozilla/5.0 (compatible; Baiduspider/2.0; +http://www.baidu.com/search/spider.html)"
66.249.64.16 - - [06/May/2018:12:20:18 -0400] "GET /2004/cfp.shtml HTTP/1.1" 200 6340 "-" "Mozilla/5.0 (compatible; Googlebot/2.1; +http://www.google.com/bot.html)"
66.249.64.219 - - [06/May/2018:12:21:16 -0400] "GET /2011/local HTTP/1.1" 200 8272 "-" "Mozilla/5.0 (Linux; Android 6.0.1; Nexus 5X Build/MMB29P) AppleWebKit/537.36 (KHTML, like Gecko) Chrome/41.0.2272.96 Mobile Safari/537.36 (compatible; Googlebot/2.1; +http://www.google.com/bot.html)"
189.5.231.141 - - [06/May/2018:12:21:24 -0400] "GET /wp-login.php HTTP/1.1" 404 7985 "-" "Mozilla/5.0 (Windows NT 6.1; WOW64; rv:40.0) Gecko/20100101 Firefox/40.1"
189.5.231.141 - - [06/May/2018:12:21:25 -0400] "GET / HTTP/1.1" 200 8206 "-" "Mozilla/5.0 (Windows NT 6.1; WOW64; rv:40.0) Gecko/20100101 Firefox/40.1"
69.162.124.227 - - [06/May/2018:12:23:27 -0400] "HEAD / HTTP/1.1" 200 3874 "http://nspw.org/" "Mozilla/5.0+(compatible; UptimeRobot/2.0; http://www.uptimerobot.com/)"
41.233.173.53 - - [06/May/2018:12:26:00 -0400] "GET /wp-login.php HTTP/1.1" 404 7491 "-" "Mozilla/5.0 (Windows NT 6.1; WOW64; rv:40.0) Gecko/20100101 Firefox/40.1"
41.233.173.53 - - [06/May/2018:12:26:02 -0400] "GET / HTTP/1.1" 200 8218 "-" "Mozilla/5.0 (Windows NT 6.1; WOW64; rv:40.0) Gecko/20100101 Firefox/40.1"
69.162.124.227 - - [06/May/2018:12:28:27 -0400] "HEAD / HTTP/1.1" 200 3874 "http://nspw.org/" "Mozilla/5.0+(compatible; UptimeRobot/2.0; http://www.uptimerobot.com/)"
77.75.77.32 - - [06/May/2018:12:29:54 -0400] "GET /robots.txt HTTP/1.1" 200 4601 "-" "Mozilla/5.0 (compatible; SeznamBot/3.2; +http://napoveda.seznam.cz/en/seznambot-intro/)"
77.75.77.32 - - [06/May/2018:12:30:04 -0400] "GET /cfp/flyer_NSPW_2013.pdf HTTP/1.1" 200 95602 "-" "Mozilla/5.0 (compatible; SeznamBot/3.2; +http://napoveda.seznam.cz/en/seznambot-intro/)"
77.75.77.32 - - [06/May/2018:12:30:15 -0400] "GET /proceedings/1994 HTTP/1.1" 200 6225 "-" "Mozilla/5.0 (compatible; SeznamBot/3.2; +http://napoveda.seznam.cz/en/seznambot-intro/)"
77.75.77.32 - - [06/May/2018:12:30:26 -0400] "GET /papers/1999/ HTTP/1.1" 200 4454 "-" "Mozilla/5.0 (compatible; SeznamBot/3.2; +http://napoveda.seznam.cz/en/seznambot-intro/)"
77.75.77.32 - - [06/May/2018:12:30:36 -0400] "GET /2014/cfp HTTP/1.1" 200 8384 "-" "Mozilla/5.0 (compatible; SeznamBot/3.2; +http://napoveda.seznam.cz/en/seznambot-intro/)"
77.75.77.32 - - [06/May/2018:12:30:47 -0400] "GET /current/ HTTP/1.1" 200 7002 "-" "Mozilla/5.0 (compatible; SeznamBot/3.2; +http://napoveda.seznam.cz/en/seznambot-intro/)"
79.43.241.149 - - [06/May/2018:12:32:11 -0400] "GET /wp-login.php HTTP/1.1" 404 7985 "-" "Mozilla/5.0 (Windows NT 6.1; WOW64; rv:40.0) Gecko/20100101 Firefox/40.1"
79.43.241.149 - - [06/May/2018:12:32:12 -0400] "GET / HTTP/1.1" 200 8206 "-" "Mozilla/5.0 (Windows NT 6.1; WOW64; rv:40.0) Gecko/20100101 Firefox/40.1"
69.162.124.227 - - [06/May/2018:12:33:27 -0400] "HEAD / HTTP/1.1" 200 3874 "http://nspw.org/" "Mozilla/5.0+(compatible; UptimeRobot/2.0; http://www.uptimerobot.com/)"
66.249.64.217 - - [06/May/2018:12:34:35 -0400] "GET /2018 HTTP/1.1" 200 6903 "-" "Mozilla/5.0 (compatible; Googlebot/2.1; +http://www.google.com/bot.html)"
177.53.146.238 - - [06/May/2018:12:36:36 -0400] "GET /wp-login.php HTTP/1.1" 404 7839 "-" "Mozilla/5.0 (Windows NT 6.1; WOW64; rv:40.0) Gecko/20100101 Firefox/40.1"
177.53.146.238 - - [06/May/2018:12:36:38 -0400] "GET / HTTP/1.1" 200 8218 "-" "Mozilla/5.0 (Windows NT 6.1; WOW64; rv:40.0) Gecko/20100101 Firefox/40.1"
95.0.137.236 - - [06/May/2018:12:37:26 -0400] "GET /wp-login.php HTTP/1.1" 404 8176 "-" "Mozilla/5.0 (Windows NT 6.1; WOW64; rv:40.0) Gecko/20100101 Firefox/40.1"
95.0.137.236 - - [06/May/2018:12:37:27 -0400] "GET / HTTP/1.1" 200 8298 "-" "Mozilla/5.0 (Windows NT 6.1; WOW64; rv:40.0) Gecko/20100101 Firefox/40.1"
154.72.171.110 - - [06/May/2018:12:38:19 -0400] "GET /wp-login.php HTTP/1.1" 404 7985 "-" "Mozilla/5.0 (Windows NT 6.1; WOW64; rv:40.0) Gecko/20100101 Firefox/40.1"
154.72.171.110 - - [06/May/2018:12:38:21 -0400] "GET / HTTP/1.1" 200 8206 "-" "Mozilla/5.0 (Windows NT 6.1; WOW64; rv:40.0) Gecko/20100101 Firefox/40.1"
69.162.124.227 - - [06/May/2018:12:38:27 -0400] "HEAD / HTTP/1.1" 200 3874 "http://nspw.org/" "Mozilla/5.0+(compatible; UptimeRobot/2.0; http://www.uptimerobot.com/)"
76.118.70.47 - - [06/May/2018:12:38:50 -0400] "GET /wp-login.php HTTP/1.1" 404 7985 "-" "Mozilla/5.0 (Windows NT 6.1; WOW64; rv:40.0) Gecko/20100101 Firefox/40.1"
76.118.70.47 - - [06/May/2018:12:38:50 -0400] "GET / HTTP/1.1" 200 8206 "-" "Mozilla/5.0 (Windows NT 6.1; WOW64; rv:40.0) Gecko/20100101 Firefox/40.1"
154.236.133.140 - - [06/May/2018:12:41:21 -0400] "GET /wp-login.php HTTP/1.1" 404 7491 "-" "Mozilla/5.0 (Windows NT 6.1; WOW64; rv:40.0) Gecko/20100101 Firefox/40.1"
154.236.133.140 - - [06/May/2018:12:41:26 -0400] "GET / HTTP/1.1" 200 8218 "-" "Mozilla/5.0 (Windows NT 6.1; WOW64; rv:40.0) Gecko/20100101 Firefox/40.1"
69.162.124.227 - - [06/May/2018:12:43:27 -0400] "HEAD / HTTP/1.1" 200 3874 "http://nspw.org/" "Mozilla/5.0+(compatible; UptimeRobot/2.0; http://www.uptimerobot.com/)"
207.46.13.162 - - [06/May/2018:12:44:44 -0400] "GET /papers/2000/nspw2000-rannenberg.pdf HTTP/1.1" 200 1059611 "-" "Mozilla/5.0 (iPhone; CPU iPhone OS 7_0 like Mac OS X) AppleWebKit/537.51.1 (KHTML, like Gecko) Version/7.0 Mobile/11A465 Safari/9537.53 (compatible; bingbot/2.0; +http://www.bing.com/bingbot.htm)"
86.9.5.98 - - [06/May/2018:12:45:41 -0400] "GET /favicon.ico HTTP/1.1" 404 4109 "https://www.nspw.org/2009/proceedings/2008/nspw2008-beautement.pdf" "Mozilla/5.0 (Macintosh; Intel Mac OS X 10_13_1) AppleWebKit/537.36 (KHTML, like Gecko) Chrome/66.0.3359.139 Safari/537.36"
86.9.5.98 - - [06/May/2018:12:45:41 -0400] "GET /2009/proceedings/2008/nspw2008-beautement.pdf HTTP/1.1" 200 769415 "-" "Mozilla/5.0 (Macintosh; Intel Mac OS X 10_13_1) AppleWebKit/537.36 (KHTML, like Gecko) Chrome/66.0.3359.139 Safari/537.36"
187.66.137.103 - - [06/May/2018:12:47:18 -0400] "GET /wp-login.php HTTP/1.1" 404 7484 "-" "Mozilla/5.0 (Windows NT 6.1; WOW64; rv:40.0) Gecko/20100101 Firefox/40.1"
187.66.137.103 - - [06/May/2018:12:47:18 -0400] "GET / HTTP/1.1" 200 8218 "-" "Mozilla/5.0 (Windows NT 6.1; WOW64; rv:40.0) Gecko/20100101 Firefox/40.1"
66.249.64.217 - - [06/May/2018:12:47:56 -0400] "GET /papers/2011/nspw2011-bishop.pdf HTTP/1.1" 200 572715 "-" "Mozilla/5.0 (compatible; Googlebot/2.1; +http://www.google.com/bot.html)"
69.162.124.227 - - [06/May/2018:12:48:27 -0400] "HEAD / HTTP/1.1" 200 3874 "http://nspw.org/" "Mozilla/5.0+(compatible; UptimeRobot/2.0; http://www.uptimerobot.com/)"
115.239.212.194 - - [06/May/2018:12:52:06 -0400] "GET / HTTP/1.1" 200 7085 "-" "Mozilla/5.0 (Windows NT 6.1; WOW64; rv:43.0) Gecko/20100101 Firefox/43.0"
115.239.212.194 - - [06/May/2018:12:52:06 -0400] "GET /modules/system/system.base.css?p7r9uw HTTP/1.1" 200 2303 "https://www.nspw.org/" "Mozilla/5.0 (Windows NT 6.1; WOW64; rv:43.0) Gecko/20100101 Firefox/43.0"
115.239.212.194 - - [06/May/2018:12:52:06 -0400] "GET /modules/system/system.menus.css?p7r9uw HTTP/1.1" 200 1029 "https://www.nspw.org/" "Mozilla/5.0 (Windows NT 6.1; WOW64; rv:43.0) Gecko/20100101 Firefox/43.0"
115.239.212.193 - - [06/May/2018:12:52:06 -0400] "GET /modules/system/system.messages.css?p7r9uw HTTP/1.1" 200 902 "https://www.nspw.org/" "Mozilla/5.0 (Windows NT 6.1; WOW64; rv:43.0) Gecko/20100101 Firefox/43.0"
115.239.212.197 - - [06/May/2018:12:52:06 -0400] "GET /modules/comment/comment.css?p7r9uw HTTP/1.1" 200 662 "https://www.nspw.org/" "Mozilla/5.0 (Windows NT 6.1; WOW64; rv:43.0) Gecko/20100101 Firefox/43.0"
115.239.212.194 - - [06/May/2018:12:52:06 -0400] "GET /modules/system/system.theme.css?p7r9uw HTTP/1.1" 200 1589 "https://www.nspw.org/" "Mozilla/5.0 (Windows NT 6.1; WOW64; rv:43.0) Gecko/20100101 Firefox/43.0"
115.239.212.197 - - [06/May/2018:12:52:06 -0400] "GET /modules/field/theme/field.css?p7r9uw HTTP/1.1" 200 742 "https://www.nspw.org/" "Mozilla/5.0 (Windows NT 6.1; WOW64; rv:43.0) Gecko/20100101 Firefox/43.0"
115.239.212.195 - - [06/May/2018:12:52:07 -0400] "GET /modules/node/node.css?p7r9uw HTTP/1.1" 200 630 "https://www.nspw.org/" "Mozilla/5.0 (Windows NT 6.1; WOW64; rv:43.0) Gecko/20100101 Firefox/43.0"
115.239.212.195 - - [06/May/2018:12:52:07 -0400] "GET /modules/user/user.css?p7r9uw HTTP/1.1" 200 1206 "https://www.nspw.org/" "Mozilla/5.0 (Windows NT 6.1; WOW64; rv:43.0) Gecko/20100101 Firefox/43.0"
115.239.212.193 - - [06/May/2018:12:52:07 -0400] "GET /themes/garland/style.css?p7r9uw HTTP/1.1" 200 5375 "https://www.nspw.org/" "Mozilla/5.0 (Windows NT 6.1; WOW64; rv:43.0) Gecko/20100101 Firefox/43.0"
115.239.212.194 - - [06/May/2018:12:52:07 -0400] "GET /themes/garland/print.css?p7r9uw HTTP/1.1" 200 773 "https://www.nspw.org/" "Mozilla/5.0 (Windows NT 6.1; WOW64; rv:43.0) Gecko/20100101 Firefox/43.0"
115.239.212.197 - - [06/May/2018:12:52:07 -0400] "GET /misc/jquery.js?v=1.4.4 HTTP/1.1" 200 27630 "https://www.nspw.org/" "Mozilla/5.0 (Windows NT 6.1; WOW64; rv:43.0) Gecko/20100101 Firefox/43.0"
115.239.212.197 - - [06/May/2018:12:52:07 -0400] "GET /misc/jquery.once.js?v=1.2 HTTP/1.1" 200 1445 "https://www.nspw.org/" "Mozilla/5.0 (Windows NT 6.1; WOW64; rv:43.0) Gecko/20100101 Firefox/43.0"
115.239.212.193 - - [06/May/2018:12:52:07 -0400] "GET /misc/drupal.js?p7r9uw HTTP/1.1" 200 7375 "https://www.nspw.org/" "Mozilla/5.0 (Windows NT 6.1; WOW64; rv:43.0) Gecko/20100101 Firefox/43.0"
69.162.124.227 - - [06/May/2018:12:53:27 -0400] "HEAD / HTTP/1.1" 200 3874 "http://nspw.org/" "Mozilla/5.0+(compatible; UptimeRobot/2.0; http://www.uptimerobot.com/)"
123.125.143.149 - - [06/May/2018:12:55:06 -0400] "GET / HTTP/1.1" 200 6635 "-" "Mozilla/5.0 (Windows NT 6.1; WOW64; rv:43.0) Gecko/20100101 Firefox/43.0"
123.125.143.149 - - [06/May/2018:12:55:06 -0400] "GET /modules/system/system.base.css?p7r9uw HTTP/1.1" 200 2307 "https://www.nspw.org/" "Mozilla/5.0 (Windows NT 6.1; WOW64; rv:43.0) Gecko/20100101 Firefox/43.0"
123.125.143.149 - - [06/May/2018:12:55:06 -0400] "GET /modules/system/system.menus.css?p7r9uw HTTP/1.1" 200 1025 "https://www.nspw.org/" "Mozilla/5.0 (Windows NT 6.1; WOW64; rv:43.0) Gecko/20100101 Firefox/43.0"
123.125.143.149 - - [06/May/2018:12:55:06 -0400] "GET /modules/system/system.messages.css?p7r9uw HTTP/1.1" 200 746 "https://www.nspw.org/" "Mozilla/5.0 (Windows NT 6.1; WOW64; rv:43.0) Gecko/20100101 Firefox/43.0"
123.125.143.7 - - [06/May/2018:12:55:06 -0400] "GET /modules/system/system.theme.css?p7r9uw HTTP/1.1" 200 1723 "https://www.nspw.org/" "Mozilla/5.0 (Windows NT 6.1; WOW64; rv:43.0) Gecko/20100101 Firefox/43.0"
123.125.143.10 - - [06/May/2018:12:55:06 -0400] "GET /modules/comment/comment.css?p7r9uw HTTP/1.1" 200 643 "https://www.nspw.org/" "Mozilla/5.0 (Windows NT 6.1; WOW64; rv:43.0) Gecko/20100101 Firefox/43.0"
123.125.143.12 - - [06/May/2018:12:55:06 -0400] "GET /modules/field/theme/field.css?p7r9uw HTTP/1.1" 200 737 "https://www.nspw.org/" "Mozilla/5.0 (Windows NT 6.1; WOW64; rv:43.0) Gecko/20100101 Firefox/43.0"
123.125.143.139 - - [06/May/2018:12:55:06 -0400] "GET /modules/node/node.css?p7r9uw HTTP/1.1" 200 610 "https://www.nspw.org/" "Mozilla/5.0 (Windows NT 6.1; WOW64; rv:43.0) Gecko/20100101 Firefox/43.0"
123.125.143.152 - - [06/May/2018:12:55:07 -0400] "GET /modules/user/user.css?p7r9uw HTTP/1.1" 200 1200 "https://www.nspw.org/" "Mozilla/5.0 (Windows NT 6.1; WOW64; rv:43.0) Gecko/20100101 Firefox/43.0"
123.125.143.149 - - [06/May/2018:12:55:07 -0400] "GET /themes/garland/style.css?p7r9uw HTTP/1.1" 200 5370 "https://www.nspw.org/" "Mozilla/5.0 (Windows NT 6.1; WOW64; rv:43.0) Gecko/20100101 Firefox/43.0"
123.125.143.7 - - [06/May/2018:12:55:07 -0400] "GET /themes/garland/print.css?p7r9uw HTTP/1.1" 200 771 "https://www.nspw.org/" "Mozilla/5.0 (Windows NT 6.1; WOW64; rv:43.0) Gecko/20100101 Firefox/43.0"
123.125.143.10 - - [06/May/2018:12:55:07 -0400] "GET /misc/jquery.js?v=1.4.4 HTTP/1.1" 200 27601 "https://www.nspw.org/" "Mozilla/5.0 (Windows NT 6.1; WOW64; rv:43.0) Gecko/20100101 Firefox/43.0"
123.125.143.12 - - [06/May/2018:12:55:07 -0400] "GET /misc/jquery.once.js?v=1.2 HTTP/1.1" 200 1445 "https://www.nspw.org/" "Mozilla/5.0 (Windows NT 6.1; WOW64; rv:43.0) Gecko/20100101 Firefox/43.0"
123.125.143.139 - - [06/May/2018:12:55:07 -0400] "GET /misc/drupal.js?p7r9uw HTTP/1.1" 200 7372 "https://www.nspw.org/" "Mozilla/5.0 (Windows NT 6.1; WOW64; rv:43.0) Gecko/20100101 Firefox/43.0"
69.162.124.227 - - [06/May/2018:12:58:27 -0400] "HEAD / HTTP/1.1" 200 3874 "http://nspw.org/" "Mozilla/5.0+(compatible; UptimeRobot/2.0; http://www.uptimerobot.com/)"
66.249.64.215 - - [06/May/2018:13:01:15 -0400] "GET /robots.txt HTTP/1.1" 200 4504 "-" "Mozilla/5.0 (compatible; Googlebot/2.1; +http://www.google.com/bot.html)"
66.249.64.215 - - [06/May/2018:13:01:15 -0400] "GET /2018/dates HTTP/1.1" 200 6270 "-" "Mozilla/5.0 (compatible; Googlebot/2.1; +http://www.google.com/bot.html)"
192.243.55.95 - - [06/May/2018:13:03:21 -0400] "GET / HTTP/1.1" 200 6135 "http://nspw.org/" "Mozilla/5.0 (compatible; SemrushBot/1.0~bm; +http://www.semrush.com/bot.html)"
192.243.55.95 - - [06/May/2018:13:03:21 -0400] "GET /robots.txt HTTP/1.1" 200 1077 "http://www.nspw.org/robots.txt" "Mozilla/5.0 (compatible; SemrushBot/1.0~bm; +http://www.semrush.com/bot.html)"
69.162.124.227 - - [06/May/2018:13:03:27 -0400] "HEAD / HTTP/1.1" 200 3874 "http://nspw.org/" "Mozilla/5.0+(compatible; UptimeRobot/2.0; http://www.uptimerobot.com/)"
157.55.39.63 - - [06/May/2018:13:03:38 -0400] "GET /papers/1996/nspw1996-orman.pdf HTTP/1.1" 200 595354 "-" "Mozilla/5.0 (iPhone; CPU iPhone OS 7_0 like Mac OS X) AppleWebKit/537.51.1 (KHTML, like Gecko) Version/7.0 Mobile/11A465 Safari/9537.53 (compatible; bingbot/2.0; +http://www.bing.com/bingbot.htm)"
69.162.124.227 - - [06/May/2018:13:08:27 -0400] "HEAD / HTTP/1.1" 200 3874 "http://nspw.org/" "Mozilla/5.0+(compatible; UptimeRobot/2.0; http://www.uptimerobot.com/)"
49.206.115.248 - - [06/May/2018:13:08:32 -0400] "GET /wp-login.php HTTP/1.1" 404 7484 "-" "Mozilla/5.0 (Windows NT 6.1; WOW64; rv:40.0) Gecko/20100101 Firefox/40.1"
49.206.115.248 - - [06/May/2018:13:08:34 -0400] "GET / HTTP/1.1" 200 8218 "-" "Mozilla/5.0 (Windows NT 6.1; WOW64; rv:40.0) Gecko/20100101 Firefox/40.1"
201.179.1.63 - - [06/May/2018:13:11:34 -0400] "GET /wp-login.php HTTP/1.1" 404 7491 "-" "Mozilla/5.0 (Windows NT 6.1; WOW64; rv:40.0) Gecko/20100101 Firefox/40.1"
201.179.1.63 - - [06/May/2018:13:11:36 -0400] "GET / HTTP/1.1" 200 8218 "-" "Mozilla/5.0 (Windows NT 6.1; WOW64; rv:40.0) Gecko/20100101 Firefox/40.1"
69.162.124.227 - - [06/May/2018:13:13:27 -0400] "HEAD / HTTP/1.1" 200 3874 "http://nspw.org/" "Mozilla/5.0+(compatible; UptimeRobot/2.0; http://www.uptimerobot.com/)"
66.249.64.219 - - [06/May/2018:13:14:35 -0400] "GET /papers/2008/nspw2008-beautement.pdf HTTP/1.1" 304 3605 "-" "Mozilla/5.0 (compatible; Googlebot/2.1; +http://www.google.com/bot.html)"
62.228.123.220 - - [06/May/2018:13:17:01 -0400] "GET /wp-login.php HTTP/1.1" 404 7839 "-" "Mozilla/5.0 (Windows NT 6.1; WOW64; rv:40.0) Gecko/20100101 Firefox/40.1"
62.228.123.220 - - [06/May/2018:13:17:02 -0400] "GET / HTTP/1.1" 200 8218 "-" "Mozilla/5.0 (Windows NT 6.1; WOW64; rv:40.0) Gecko/20100101 Firefox/40.1"
60.243.22.15 - - [06/May/2018:13:18:02 -0400] "GET /wp-login.php HTTP/1.1" 404 7907 "-" "Mozilla/5.0 (Windows NT 6.1; WOW64; rv:40.0) Gecko/20100101 Firefox/40.1"
60.243.22.15 - - [06/May/2018:13:18:03 -0400] "GET / HTTP/1.1" 200 8218 "-" "Mozilla/5.0 (Windows NT 6.1; WOW64; rv:40.0) Gecko/20100101 Firefox/40.1"
69.162.124.227 - - [06/May/2018:13:18:26 -0400] "HEAD / HTTP/1.1" 200 3874 "http://nspw.org/" "Mozilla/5.0+(compatible; UptimeRobot/2.0; http://www.uptimerobot.com/)"
118.100.141.56 - - [06/May/2018:13:18:29 -0400] "GET /wp-login.php HTTP/1.1" 404 7491 "-" "Mozilla/5.0 (Windows NT 6.1; WOW64; rv:40.0) Gecko/20100101 Firefox/40.1"
118.100.141.56 - - [06/May/2018:13:18:30 -0400] "GET / HTTP/1.1" 200 8218 "-" "Mozilla/5.0 (Windows NT 6.1; WOW64; rv:40.0) Gecko/20100101 Firefox/40.1"
176.63.31.222 - - [06/May/2018:13:19:17 -0400] "GET /wp-login.php HTTP/1.1" 404 7491 "-" "Mozilla/5.0 (Windows NT 6.1; WOW64; rv:40.0) Gecko/20100101 Firefox/40.1"
176.63.31.222 - - [06/May/2018:13:19:18 -0400] "GET / HTTP/1.1" 200 8218 "-" "Mozilla/5.0 (Windows NT 6.1; WOW64; rv:40.0) Gecko/20100101 Firefox/40.1"
157.55.39.1 - - [06/May/2018:13:21:25 -0400] "GET /robots.txt HTTP/1.1" 200 4623 "-" "Mozilla/5.0 (compatible; bingbot/2.0; +http://www.bing.com/bingbot.htm)"
157.55.39.1 - - [06/May/2018:13:21:26 -0400] "GET /robots.txt HTTP/1.1" 200 4639 "-" "Mozilla/5.0 (compatible; bingbot/2.0; +http://www.bing.com/bingbot.htm)"
157.55.39.63 - - [06/May/2018:13:21:28 -0400] "GET /2018/dates HTTP/1.1" 200 6741 "-" "Mozilla/5.0 (compatible; bingbot/2.0; +http://www.bing.com/bingbot.htm)"
157.55.39.63 - - [06/May/2018:13:21:34 -0400] "GET /misc/jquery.once.js?v=1.2 HTTP/1.1" 200 5314 "-" "Mozilla/5.0 (compatible; bingbot/2.0; +http://www.bing.com/bingbot.htm)"
207.46.13.235 - - [06/May/2018:13:21:44 -0400] "GET /misc/jquery.js?v=1.4.4 HTTP/1.1" 200 31470 "-" "Mozilla/5.0 (compatible; bingbot/2.0; +http://www.bing.com/bingbot.htm)"
207.46.13.179 - - [06/May/2018:13:21:58 -0400] "GET /robots.txt HTTP/1.1" 200 4979 "-" "Mozilla/5.0 (compatible; bingbot/2.0; +http://www.bing.com/bingbot.htm)"
207.46.13.179 - - [06/May/2018:13:22:04 -0400] "GET /misc/drupal.js?p7r9uw HTTP/1.1" 200 11241 "-" "Mozilla/5.0 (compatible; bingbot/2.0; +http://www.bing.com/bingbot.htm)"
213.220.198.54 - - [06/May/2018:13:22:27 -0400] "GET /wp-login.php HTTP/1.1" 404 8180 "-" "Mozilla/5.0 (Windows NT 6.1; WOW64; rv:40.0) Gecko/20100101 Firefox/40.1"
213.220.198.54 - - [06/May/2018:13:22:28 -0400] "GET / HTTP/1.1" 200 8298 "-" "Mozilla/5.0 (Windows NT 6.1; WOW64; rv:40.0) Gecko/20100101 Firefox/40.1"
63.249.66.212 - - [06/May/2018:13:23:02 -0400] "GET /robots.txt HTTP/1.1" 200 5933 "-" "Mozilla/5.0 (compatible; changedetection/7.0; +http://www.changedetection.com/bot.html)"
63.249.66.212 - - [06/May/2018:13:23:02 -0400] "GET / HTTP/1.1" 200 8298 "-" "Mozilla/5.0 (compatible; changedetection/7.0; +http://www.changedetection.com/bot.html)"
69.162.124.227 - - [06/May/2018:13:23:27 -0400] "HEAD / HTTP/1.1" 200 3874 "http://nspw.org/" "Mozilla/5.0+(compatible; UptimeRobot/2.0; http://www.uptimerobot.com/)"
66.249.64.219 - - [06/May/2018:13:24:06 -0400] "GET /current/past.shtml HTTP/1.1" 404 8010 "-" "Mozilla/5.0 (compatible; Googlebot/2.1; +http://www.google.com/bot.html)"
47.247.115.226 - - [06/May/2018:13:25:46 -0400] "GET /wp-login.php HTTP/1.1" 404 7985 "-" "Mozilla/5.0 (Windows NT 6.1; WOW64; rv:40.0) Gecko/20100101 Firefox/40.1"
47.247.115.226 - - [06/May/2018:13:25:47 -0400] "GET / HTTP/1.1" 200 8206 "-" "Mozilla/5.0 (Windows NT 6.1; WOW64; rv:40.0) Gecko/20100101 Firefox/40.1"
216.244.66.247 - - [06/May/2018:13:27:00 -0400] "GET /robots.txt HTTP/1.1" 200 5796 "-" "Mozilla/5.0 (compatible; DotBot/1.1; http://www.opensiteexplorer.org/dotbot, help@moz.com)"
216.244.66.247 - - [06/May/2018:13:27:00 -0400] "GET /robots.txt HTTP/1.1" 200 5796 "-" "Mozilla/5.0 (compatible; DotBot/1.1; http://www.opensiteexplorer.org/dotbot, help@moz.com)"
77.75.77.62 - - [06/May/2018:13:27:29 -0400] "GET /robots.txt HTTP/1.1" 200 4601 "-" "Mozilla/5.0 (compatible; SeznamBot/3.2; +http://napoveda.seznam.cz/en/seznambot-intro/)"
220.181.125.142 - - [06/May/2018:13:27:32 -0400] "GET /2009/proceedings/2010/nspw2010-raskin.pdf HTTP/1.1" 304 3665 "-" "Sogou web spider/4.0(+http://www.sogou.com/docs/help/webmasters.htm#07)"
77.75.77.62 - - [06/May/2018:13:27:40 -0400] "GET /2006/submission.content HTTP/1.1" 200 5184 "-" "Mozilla/5.0 (compatible; SeznamBot/3.2; +http://napoveda.seznam.cz/en/seznambot-intro/)"
220.181.125.142 - - [06/May/2018:13:27:42 -0400] "GET /2009/proceedings/2001/nspw2001-raskin.pdf HTTP/1.1" 304 3665 "-" "Sogou web spider/4.0(+http://www.sogou.com/docs/help/webmasters.htm#07)"
77.75.77.62 - - [06/May/2018:13:27:50 -0400] "GET /2009/program.content HTTP/1.1" 200 6200 "-" "Mozilla/5.0 (compatible; SeznamBot/3.2; +http://napoveda.seznam.cz/en/seznambot-intro/)"
66.249.64.215 - - [06/May/2018:13:27:55 -0400] "GET / HTTP/1.1" 200 6606 "-" "Mozilla/5.0 (Linux; Android 6.0.1; Nexus 5X Build/MMB29P) AppleWebKit/537.36 (KHTML, like Gecko) Chrome/41.0.2272.96 Mobile Safari/537.36 (compatible; Googlebot/2.1; +http://www.google.com/bot.html)"
199.16.157.181 - - [06/May/2018:13:27:59 -0400] "GET /robots.txt HTTP/1.1" 200 5699 "-" "Twitterbot/1.0"
77.75.77.62 - - [06/May/2018:13:28:01 -0400] "GET /2015/organizers HTTP/1.1" 200 7184 "-" "Mozilla/5.0 (compatible; SeznamBot/3.2; +http://napoveda.seznam.cz/en/seznambot-intro/)"
77.75.77.62 - - [06/May/2018:13:28:12 -0400] "GET /2005/cfp.shtml HTTP/1.1" 200 7248 "-" "Mozilla/5.0 (compatible; SeznamBot/3.2; +http://napoveda.seznam.cz/en/seznambot-intro/)"
77.75.77.62 - - [06/May/2018:13:28:22 -0400] "GET /2009/cfp.shtml HTTP/1.1" 200 7722 "-" "Mozilla/5.0 (compatible; SeznamBot/3.2; +http://napoveda.seznam.cz/en/seznambot-intro/)"
69.162.124.227 - - [06/May/2018:13:28:27 -0400] "HEAD / HTTP/1.1" 200 3874 "http://nspw.org/" "Mozilla/5.0+(compatible; UptimeRobot/2.0; http://www.uptimerobot.com/)"
77.75.77.62 - - [06/May/2018:13:28:32 -0400] "GET /2010/dates HTTP/1.1" 200 6790 "-" "Mozilla/5.0 (compatible; SeznamBot/3.2; +http://napoveda.seznam.cz/en/seznambot-intro/)"
220.181.125.142 - - [06/May/2018:13:29:52 -0400] "GET /papers/2007/nspw2007-hunker.pdf HTTP/1.1" 304 3665 "-" "Sogou web spider/4.0(+http://www.sogou.com/docs/help/webmasters.htm#07)"
220.181.125.142 - - [06/May/2018:13:30:02 -0400] "GET /papers/1993/nspw1993-thomas.pdf HTTP/1.1" 304 3665 "-" "Sogou web spider/4.0(+http://www.sogou.com/docs/help/webmasters.htm#07)"
220.181.125.142 - - [06/May/2018:13:30:12 -0400] "GET /papers/2002/nspw2002-capkun.pdf HTTP/1.1" 304 3665 "-" "Sogou web spider/4.0(+http://www.sogou.com/docs/help/webmasters.htm#07)"
220.181.125.142 - - [06/May/2018:13:30:22 -0400] "GET /2007/cfp.shtml HTTP/1.1" 200 8451 "-" "Sogou web spider/4.0(+http://www.sogou.com/docs/help/webmasters.htm#07)"
220.181.125.142 - - [06/May/2018:13:30:32 -0400] "GET /2009/past.shtml HTTP/1.1" 200 5545 "-" "Sogou web spider/4.0(+http://www.sogou.com/docs/help/webmasters.htm#07)"
212.253.112.235 - - [06/May/2018:13:32:39 -0400] "GET /wp-login.php HTTP/1.1" 404 7839 "-" "Mozilla/5.0 (Windows NT 6.1; WOW64; rv:40.0) Gecko/20100101 Firefox/40.1"
212.253.112.235 - - [06/May/2018:13:32:40 -0400] "GET / HTTP/1.1" 200 8218 "-" "Mozilla/5.0 (Windows NT 6.1; WOW64; rv:40.0) Gecko/20100101 Firefox/40.1"
69.162.124.227 - - [06/May/2018:13:33:26 -0400] "HEAD / HTTP/1.1" 200 3874 "http://nspw.org/" "Mozilla/5.0+(compatible; UptimeRobot/2.0; http://www.uptimerobot.com/)"
66.249.64.16 - - [06/May/2018:13:36:05 -0400] "GET /2016/location HTTP/1.1" 200 7668 "-" "Mozilla/5.0 (compatible; Googlebot/2.1; +http://www.google.com/bot.html)"
179.178.131.134 - - [06/May/2018:13:38:01 -0400] "GET /wp-login.php HTTP/1.1" 404 7839 "-" "Mozilla/5.0 (Windows NT 6.1; WOW64; rv:40.0) Gecko/20100101 Firefox/40.1"
179.178.131.134 - - [06/May/2018:13:38:01 -0400] "GET / HTTP/1.1" 200 8218 "-" "Mozilla/5.0 (Windows NT 6.1; WOW64; rv:40.0) Gecko/20100101 Firefox/40.1"
144.32.240.125 - - [06/May/2018:13:38:13 -0400] "GET /favicon.ico HTTP/1.1" 404 4109 "https://www.nspw.org/2009/proceedings/2009/nspw2009-herley.pdf" "Mozilla/5.0 (Macintosh; Intel Mac OS X 10_13_4) AppleWebKit/537.36 (KHTML, like Gecko) Chrome/66.0.3359.139 Safari/537.36"
144.32.240.125 - - [06/May/2018:13:38:13 -0400] "GET /2009/proceedings/2009/nspw2009-herley.pdf HTTP/1.1" 200 189209 "https://scholar.google.co.uk/" "Mozilla/5.0 (Macintosh; Intel Mac OS X 10_13_4) AppleWebKit/537.36 (KHTML, like Gecko) Chrome/66.0.3359.139 Safari/537.36"
69.162.124.227 - - [06/May/2018:13:38:27 -0400] "HEAD / HTTP/1.1" 200 3874 "http://nspw.org/" "Mozilla/5.0+(compatible; UptimeRobot/2.0; http://www.uptimerobot.com/)"
41.86.230.121 - - [06/May/2018:13:40:24 -0400] "GET /wp-login.php HTTP/1.1" 404 7491 "-" "Mozilla/5.0 (Windows NT 6.1; WOW64; rv:40.0) Gecko/20100101 Firefox/40.1"
41.86.230.121 - - [06/May/2018:13:40:25 -0400] "GET / HTTP/1.1" 200 8218 "-" "Mozilla/5.0 (Windows NT 6.1; WOW64; rv:40.0) Gecko/20100101 Firefox/40.1"
66.249.64.219 - - [06/May/2018:13:41:16 -0400] "GET /papers/2009/nspw2009-verendel.pdf HTTP/1.1" 200 159425 "-" "Mozilla/5.0 (compatible; Googlebot/2.1; +http://www.google.com/bot.html)"
69.162.124.227 - - [06/May/2018:13:43:26 -0400] "HEAD / HTTP/1.1" 200 3874 "http://nspw.org/" "Mozilla/5.0+(compatible; UptimeRobot/2.0; http://www.uptimerobot.com/)"
123.125.143.152 - - [06/May/2018:13:44:00 -0400] "GET /modules/system/system.base.css?p7r9uw HTTP/1.1" 200 9624 "-" "Python-urllib/2.7"
123.125.143.140 - - [06/May/2018:13:44:02 -0400] "GET /modules/comment/comment.css?p7r9uw HTTP/1.1" 200 4339 "-" "Python-urllib/2.7"
123.125.143.22 - - [06/May/2018:13:44:04 -0400] "GET /themes/garland/style.css?p7r9uw HTTP/1.1" 200 25021 "-" "Python-urllib/2.7"
123.125.143.142 - - [06/May/2018:13:44:05 -0400] "GET /themes/garland/print.css?p7r9uw HTTP/1.1" 200 5203 "-" "Python-urllib/2.7"
123.125.143.22 - - [06/May/2018:13:44:07 -0400] "GET /sites/default/files/nspw-logo-smaller.jpg HTTP/1.1" 200 6165 "-" "Mozilla/5.0 (Windows NT 6.1; WOW64; rv:43.0) Gecko/20100101 Firefox/43.0"
123.125.143.22 - - [06/May/2018:13:44:09 -0400] "GET /themes/garland/images/bg-navigation-item-hover.png HTTP/1.1" 200 709 "-" "Mozilla/5.0 (Windows NT 6.1; WOW64; rv:43.0) Gecko/20100101 Firefox/43.0"
123.125.143.22 - - [06/May/2018:13:44:11 -0400] "GET /themes/garland/images/bg-navigation-item.png HTTP/1.1" 200 757 "-" "Mozilla/5.0 (Windows NT 6.1; WOW64; rv:43.0) Gecko/20100101 Firefox/43.0"
123.125.143.22 - - [06/May/2018:13:44:12 -0400] "GET /themes/garland/images/menu-leaf.gif HTTP/1.1" 200 437 "-" "Mozilla/5.0 (Windows NT 6.1; WOW64; rv:43.0) Gecko/20100101 Firefox/43.0"
123.125.143.22 - - [06/May/2018:13:44:13 -0400] "GET /themes/garland/images/menu-expanded.gif HTTP/1.1" 200 437 "-" "Mozilla/5.0 (Windows NT 6.1; WOW64; rv:43.0) Gecko/20100101 Firefox/43.0"
123.125.143.22 - - [06/May/2018:13:44:14 -0400] "GET /themes/garland/images/menu-collapsed.gif HTTP/1.1" 200 437 "-" "Mozilla/5.0 (Windows NT 6.1; WOW64; rv:43.0) Gecko/20100101 Firefox/43.0"
180.76.15.141 - - [06/May/2018:13:46:39 -0400] "GET /2010/pc HTTP/1.1" 200 12972 "-" "Mozilla/5.0 (compatible; Baiduspider/2.0; +http://www.baidu.com/search/spider.html)"
176.130.226.73 - - [06/May/2018:13:48:23 -0400] "GET /wp-login.php HTTP/1.1" 404 7839 "-" "Mozilla/5.0 (Windows NT 6.1; WOW64; rv:40.0) Gecko/20100101 Firefox/40.1"
176.130.226.73 - - [06/May/2018:13:48:23 -0400] "GET / HTTP/1.1" 200 8218 "-" "Mozilla/5.0 (Windows NT 6.1; WOW64; rv:40.0) Gecko/20100101 Firefox/40.1"
69.162.124.227 - - [06/May/2018:13:48:26 -0400] "HEAD / HTTP/1.1" 200 3874 "http://nspw.org/" "Mozilla/5.0+(compatible; UptimeRobot/2.0; http://www.uptimerobot.com/)"
199.16.157.181 - - [06/May/2018:13:49:27 -0400] "GET /robots.txt HTTP/1.1" 200 5699 "-" "Twitterbot/1.0"
77.88.47.40 - - [06/May/2018:13:50:29 -0400] "GET /robots.txt HTTP/1.1" 200 5979 "-" "Mozilla/5.0 (compatible; YandexBot/3.0; +http://yandex.com/bots)"
77.88.47.40 - - [06/May/2018:13:50:32 -0400] "GET /2009/cfp2009.pdf HTTP/1.1" 200 58186 "-" "Mozilla/5.0 (compatible; YandexBot/3.0; +http://yandex.com/bots)"
81.107.131.95 - - [06/May/2018:13:50:37 -0400] "GET /wp-login.php HTTP/1.1" 404 7839 "-" "Mozilla/5.0 (Windows NT 6.1; WOW64; rv:40.0) Gecko/20100101 Firefox/40.1"
81.107.131.95 - - [06/May/2018:13:50:37 -0400] "GET / HTTP/1.1" 200 8218 "-" "Mozilla/5.0 (Windows NT 6.1; WOW64; rv:40.0) Gecko/20100101 Firefox/40.1"
73.223.109.6 - - [06/May/2018:13:51:04 -0400] "GET /current/ HTTP/1.1" 200 6728 "-" "Mozilla/5.0 (iPhone; CPU iPhone OS 11_3 like Mac OS X) AppleWebKit/605.1.15 (KHTML, like Gecko) Version/11.0 Mobile/15E148 Safari/604.1"
77.120.125.105 - - [06/May/2018:13:51:04 -0400] "GET /papers/2010/nspw2010-sun.pdf' HTTP/1.1" 404 7555 "-" "Mozilla/5.0 (Windows NT 6.0; rv:22.0) Gecko/20130405 Firefox/22.0"
73.223.109.6 - - [06/May/2018:13:51:05 -0400] "GET /apple-touch-icon-120x120-precomposed.png HTTP/1.1" 404 3943 "-" "MobileSafari/604.1 CFNetwork/897.15 Darwin/17.5.0"
73.223.109.6 - - [06/May/2018:13:51:05 -0400] "GET /apple-touch-icon-120x120.png HTTP/1.1" 404 717 "-" "MobileSafari/604.1 CFNetwork/897.15 Darwin/17.5.0"
73.223.109.6 - - [06/May/2018:13:51:05 -0400] "GET /apple-touch-icon-precomposed.png HTTP/1.1" 404 721 "-" "MobileSafari/604.1 CFNetwork/897.15 Darwin/17.5.0"
73.223.109.6 - - [06/May/2018:13:51:05 -0400] "GET /apple-touch-icon.png HTTP/1.1" 404 709 "-" "MobileSafari/604.1 CFNetwork/897.15 Darwin/17.5.0"
73.223.109.6 - - [06/May/2018:13:51:05 -0400] "GET /favicon.ico HTTP/1.1" 404 700 "-" "MobileSafari/604.1 CFNetwork/897.15 Darwin/17.5.0"
73.223.109.6 - - [06/May/2018:13:51:05 -0400] "GET /apple-touch-icon-120x120-precomposed.png HTTP/1.1" 404 729 "-" "MobileSafari/604.1 CFNetwork/897.15 Darwin/17.5.0"
73.223.109.6 - - [06/May/2018:13:51:05 -0400] "GET /apple-touch-icon-120x120.png HTTP/1.1" 404 717 "-" "MobileSafari/604.1 CFNetwork/897.15 Darwin/17.5.0"
73.223.109.6 - - [06/May/2018:13:51:05 -0400] "GET /apple-touch-icon-precomposed.png HTTP/1.1" 404 721 "-" "MobileSafari/604.1 CFNetwork/897.15 Darwin/17.5.0"
73.223.109.6 - - [06/May/2018:13:51:06 -0400] "GET /apple-touch-icon.png HTTP/1.1" 404 709 "-" "MobileSafari/604.1 CFNetwork/897.15 Darwin/17.5.0"
73.223.109.6 - - [06/May/2018:13:51:06 -0400] "GET /favicon.ico HTTP/1.1" 404 700 "-" "MobileSafari/604.1 CFNetwork/897.15 Darwin/17.5.0"
178.255.168.56 - - [06/May/2018:13:51:45 -0400] "GET /wp-login.php HTTP/1.1" 404 7839 "-" "Mozilla/5.0 (Windows NT 6.1; WOW64; rv:40.0) Gecko/20100101 Firefox/40.1"
178.255.168.56 - - [06/May/2018:13:51:45 -0400] "GET / HTTP/1.1" 200 8218 "-" "Mozilla/5.0 (Windows NT 6.1; WOW64; rv:40.0) Gecko/20100101 Firefox/40.1"
79.10.15.146 - - [06/May/2018:13:52:07 -0400] "GET /wp-login.php HTTP/1.1" 404 7686 "-" "Mozilla/5.0 (Windows NT 6.1; WOW64; rv:40.0) Gecko/20100101 Firefox/40.1"
79.10.15.146 - - [06/May/2018:13:52:08 -0400] "GET / HTTP/1.1" 200 8218 "-" "Mozilla/5.0 (Windows NT 6.1; WOW64; rv:40.0) Gecko/20100101 Firefox/40.1"
69.162.124.227 - - [06/May/2018:13:53:26 -0400] "HEAD / HTTP/1.1" 200 3874 "http://nspw.org/" "Mozilla/5.0+(compatible; UptimeRobot/2.0; http://www.uptimerobot.com/)"
66.249.64.215 - - [06/May/2018:13:54:35 -0400] "GET /papers/1999/nspw1999-henning.pdf HTTP/1.1" 304 3605 "-" "Mozilla/5.0 (compatible; Googlebot/2.1; +http://www.google.com/bot.html)"
216.244.66.236 - - [06/May/2018:13:54:59 -0400] "GET /robots.txt HTTP/1.1" 200 5796 "-" "Mozilla/5.0 (compatible; DotBot/1.1; http://www.opensiteexplorer.org/dotbot, help@moz.com)"
105.103.184.120 - - [06/May/2018:13:55:22 -0400] "GET /wp-login.php HTTP/1.1" 404 7491 "-" "Mozilla/5.0 (Windows NT 6.1; WOW64; rv:40.0) Gecko/20100101 Firefox/40.1"
105.103.184.120 - - [06/May/2018:13:55:24 -0400] "GET / HTTP/1.1" 200 8218 "-" "Mozilla/5.0 (Windows NT 6.1; WOW64; rv:40.0) Gecko/20100101 Firefox/40.1"
123.125.143.8 - - [06/May/2018:13:55:50 -0400] "GET /modules/system/system.base.css?p7r9uw HTTP/1.1" 200 9624 "-" "Python-urllib/2.7"
123.125.143.141 - - [06/May/2018:13:55:51 -0400] "GET /modules/comment/comment.css?p7r9uw HTTP/1.1" 200 4339 "-" "Python-urllib/2.7"
123.125.143.8 - - [06/May/2018:13:55:52 -0400] "GET /themes/garland/style.css?p7r9uw HTTP/1.1" 200 25021 "-" "Python-urllib/2.7"
123.125.143.19 - - [06/May/2018:13:55:54 -0400] "GET /themes/garland/print.css?p7r9uw HTTP/1.1" 200 5203 "-" "Python-urllib/2.7"
123.125.143.152 - - [06/May/2018:13:55:56 -0400] "GET /sites/default/files/nspw-logo-smaller.jpg HTTP/1.1" 200 6165 "-" "Mozilla/5.0 (Windows NT 6.1; WOW64; rv:43.0) Gecko/20100101 Firefox/43.0"
123.125.143.152 - - [06/May/2018:13:55:58 -0400] "GET /themes/garland/images/bg-navigation-item-hover.png HTTP/1.1" 200 709 "-" "Mozilla/5.0 (Windows NT 6.1; WOW64; rv:43.0) Gecko/20100101 Firefox/43.0"
123.125.143.152 - - [06/May/2018:13:55:59 -0400] "GET /themes/garland/images/bg-navigation-item.png HTTP/1.1" 200 757 "-" "Mozilla/5.0 (Windows NT 6.1; WOW64; rv:43.0) Gecko/20100101 Firefox/43.0"
123.125.143.152 - - [06/May/2018:13:56:00 -0400] "GET /themes/garland/images/menu-leaf.gif HTTP/1.1" 200 437 "-" "Mozilla/5.0 (Windows NT 6.1; WOW64; rv:43.0) Gecko/20100101 Firefox/43.0"
123.125.143.152 - - [06/May/2018:13:56:02 -0400] "GET /themes/garland/images/menu-expanded.gif HTTP/1.1" 200 437 "-" "Mozilla/5.0 (Windows NT 6.1; WOW64; rv:43.0) Gecko/20100101 Firefox/43.0"
123.125.143.152 - - [06/May/2018:13:56:03 -0400] "GET /themes/garland/images/menu-collapsed.gif HTTP/1.1" 200 437 "-" "Mozilla/5.0 (Windows NT 6.1; WOW64; rv:43.0) Gecko/20100101 Firefox/43.0"
66.102.6.199 - - [06/May/2018:13:56:10 -0400] "GET /papers/2011/nspw2011-pieters.pdf HTTP/1.1" 200 2771026 "http://www.google.com/search" "Mozilla/5.0 (X11; Linux x86_64) AppleWebKit/537.36 (KHTML, like Gecko; Google Web Preview) Chrome/41.0.2272.118 Safari/537.36"
69.162.124.227 - - [06/May/2018:13:58:26 -0400] "HEAD / HTTP/1.1" 200 3874 "http://nspw.org/" "Mozilla/5.0+(compatible; UptimeRobot/2.0; http://www.uptimerobot.com/)"
216.244.66.247 - - [06/May/2018:14:02:13 -0400] "GET /robots.txt HTTP/1.1" 200 5796 "-" "Mozilla/5.0 (compatible; DotBot/1.1; http://www.opensiteexplorer.org/dotbot, help@moz.com)"
137.112.228.195 - - [06/May/2018:14:02:53 -0400] "GET /papers/2007/nspw2007-mannan.pdf HTTP/1.1" 200 502385 "-" "Mozilla/5.0 (iPhone; CPU iPhone OS 11_2_5 like Mac OS X) AppleWebKit/604.5.6 (KHTML, like Gecko) Version/11.0 Mobile/15D60 Safari/604.1"
137.112.228.195 - - [06/May/2018:14:02:54 -0400] "GET /apple-touch-icon-120x120-precomposed.png HTTP/1.1" 404 3943 "-" "MobileSafari/604.1 CFNetwork/894 Darwin/17.4.0"
137.112.228.195 - - [06/May/2018:14:02:54 -0400] "GET /apple-touch-icon-120x120.png HTTP/1.1" 404 717 "-" "MobileSafari/604.1 CFNetwork/894 Darwin/17.4.0"
137.112.228.195 - - [06/May/2018:14:02:54 -0400] "GET /apple-touch-icon-precomposed.png HTTP/1.1" 404 721 "-" "MobileSafari/604.1 CFNetwork/894 Darwin/17.4.0"
137.112.228.195 - - [06/May/2018:14:02:54 -0400] "GET /apple-touch-icon.png HTTP/1.1" 404 709 "-" "MobileSafari/604.1 CFNetwork/894 Darwin/17.4.0"
137.112.228.195 - - [06/May/2018:14:02:54 -0400] "GET /favicon.ico HTTP/1.1" 404 700 "-" "MobileSafari/604.1 CFNetwork/894 Darwin/17.4.0"
137.112.228.195 - - [06/May/2018:14:02:55 -0400] "GET /apple-touch-icon-120x120-precomposed.png HTTP/1.1" 404 729 "-" "MobileSafari/604.1 CFNetwork/894 Darwin/17.4.0"
137.112.228.195 - - [06/May/2018:14:02:55 -0400] "GET /apple-touch-icon-120x120.png HTTP/1.1" 404 717 "-" "MobileSafari/604.1 CFNetwork/894 Darwin/17.4.0"
137.112.228.195 - - [06/May/2018:14:02:55 -0400] "GET /apple-touch-icon-precomposed.png HTTP/1.1" 404 721 "-" "MobileSafari/604.1 CFNetwork/894 Darwin/17.4.0"
137.112.228.195 - - [06/May/2018:14:02:55 -0400] "GET /apple-touch-icon.png HTTP/1.1" 404 709 "-" "MobileSafari/604.1 CFNetwork/894 Darwin/17.4.0"
137.112.228.195 - - [06/May/2018:14:02:55 -0400] "GET /favicon.ico HTTP/1.1" 404 700 "-" "MobileSafari/604.1 CFNetwork/894 Darwin/17.4.0"
69.162.124.227 - - [06/May/2018:14:03:26 -0400] "HEAD / HTTP/1.1" 200 3874 "http://nspw.org/" "Mozilla/5.0+(compatible; UptimeRobot/2.0; http://www.uptimerobot.com/)"
77.75.78.166 - - [06/May/2018:14:04:43 -0400] "GET /robots.txt HTTP/1.1" 200 4601 "-" "Mozilla/5.0 (compatible; SeznamBot/3.2; +http://napoveda.seznam.cz/en/seznambot-intro/)"
77.75.78.166 - - [06/May/2018:14:04:54 -0400] "GET /2006/index.content HTTP/1.1" 200 4987 "-" "Mozilla/5.0 (compatible; SeznamBot/3.2; +http://napoveda.seznam.cz/en/seznambot-intro/)"
77.75.78.166 - - [06/May/2018:14:05:04 -0400] "GET /2005/oc.shtml HTTP/1.1" 200 5460 "-" "Mozilla/5.0 (compatible; SeznamBot/3.2; +http://napoveda.seznam.cz/en/seznambot-intro/)"
77.75.78.166 - - [06/May/2018:14:05:15 -0400] "GET /1999/pc.html HTTP/1.1" 200 5432 "-" "Mozilla/5.0 (compatible; SeznamBot/3.2; +http://napoveda.seznam.cz/en/seznambot-intro/)"
