66.249.73.91 - - [29/Apr/2018:06:25:25 -0400] "GET /papers/2013/nspw2013-castro.pdf HTTP/1.1" 200 347010 "-" "Mozilla/5.0 (compatible; Googlebot/2.1; +http://www.google.com/bot.html)"
69.162.124.227 - - [29/Apr/2018:06:26:21 -0400] "HEAD / HTTP/1.1" 200 3874 "http://nspw.org/" "Mozilla/5.0+(compatible; UptimeRobot/2.0; http://www.uptimerobot.com/)"
66.249.73.91 - - [29/Apr/2018:06:26:37 -0400] "GET /papers/2005/nspw2005-mcdermott.pdf HTTP/1.1" 200 4280145 "-" "Mozilla/5.0 (compatible; Googlebot/2.1; +http://www.google.com/bot.html)"
66.249.73.91 - - [29/Apr/2018:06:27:47 -0400] "GET /papers/2012/docs/p67.pdf HTTP/1.1" 304 3605 "-" "Mozilla/5.0 (compatible; Googlebot/2.1; +http://www.google.com/bot.html)"
66.249.73.87 - - [29/Apr/2018:06:28:59 -0400] "GET /papers/2012/docs/p127.pdf HTTP/1.1" 304 3606 "-" "Mozilla/5.0 (compatible; Googlebot/2.1; +http://www.google.com/bot.html)"
204.79.180.5 - - [29/Apr/2018:06:29:44 -0400] "GET /papers/2007/nspw2007-somayaji.pdf HTTP/1.1" 200 179417 "-" "Mozilla/5.0 (compatible; MSIE 9.0; Windows NT 6.1; Trident/5.0;  Trident/5.0)"
66.249.73.91 - - [29/Apr/2018:06:30:10 -0400] "GET /papers/2013/nspw2013-peisert.pdf HTTP/1.1" 200 712024 "-" "Mozilla/5.0 (compatible; Googlebot/2.1; +http://www.google.com/bot.html)"
94.103.232.82 - - [29/Apr/2018:06:30:49 -0400] "GET /papers/1993/nspw1993-shockley.pdf HTTP/1.1" 200 403262 "-" "Mozilla/5.0 (X11; Linux x86_64; rv:52.0) Gecko/20100101 Firefox/52.0"
94.103.232.82 - - [29/Apr/2018:06:31:19 -0400] "GET / HTTP/1.1" 200 6636 "-" "Mozilla/5.0 (X11; Linux x86_64; rv:52.0) Gecko/20100101 Firefox/52.0"
66.249.73.89 - - [29/Apr/2018:06:31:21 -0400] "GET /2007/past.shtml HTTP/1.1" 200 5715 "-" "Mozilla/5.0 (Linux; Android 6.0.1; Nexus 5X Build/MMB29P) AppleWebKit/537.36 (KHTML, like Gecko) Chrome/41.0.2272.96 Mobile Safari/537.36 (compatible; Googlebot/2.1; +http://www.google.com/bot.html)"
69.162.124.227 - - [29/Apr/2018:06:31:21 -0400] "HEAD / HTTP/1.1" 200 3874 "http://nspw.org/" "Mozilla/5.0+(compatible; UptimeRobot/2.0; http://www.uptimerobot.com/)"
66.249.73.87 - - [29/Apr/2018:06:32:33 -0400] "GET /papers/1996/nspw1996-zurko.pdf HTTP/1.1" 200 887095 "-" "Mozilla/5.0 (compatible; Googlebot/2.1; +http://www.google.com/bot.html)"
66.249.73.91 - - [29/Apr/2018:06:33:44 -0400] "GET /papers/2004/nspw2004-haldar.pdf HTTP/1.1" 200 80720 "-" "Mozilla/5.0 (compatible; Googlebot/2.1; +http://www.google.com/bot.html)"
123.125.71.22 - - [29/Apr/2018:06:34:24 -0400] "GET / HTTP/1.1" 200 11573 "-" "Mozilla/5.0 (compatible; Baiduspider/2.0; +http://www.baidu.com/search/spider.html)"
66.249.73.91 - - [29/Apr/2018:06:34:56 -0400] "GET /papers/2005/nspw2005-frontmatter.pdf HTTP/1.1" 200 1584886 "-" "Mozilla/5.0 (compatible; Googlebot/2.1; +http://www.google.com/bot.html)"
66.249.73.91 - - [29/Apr/2018:06:36:07 -0400] "GET /papers/2008/nspw2008-crandall.pdf HTTP/1.1" 200 425114 "-" "Mozilla/5.0 (compatible; Googlebot/2.1; +http://www.google.com/bot.html)"
69.162.124.227 - - [29/Apr/2018:06:36:21 -0400] "HEAD / HTTP/1.1" 200 3874 "http://nspw.org/" "Mozilla/5.0+(compatible; UptimeRobot/2.0; http://www.uptimerobot.com/)"
54.163.145.168 - - [29/Apr/2018:06:37:02 -0400] "GET /robots.txt HTTP/1.1" 200 4282 "http://nspw.org/robots.txt" "Go 1.1 package http"
66.249.73.89 - - [29/Apr/2018:06:37:18 -0400] "GET /papers/2003/nspw2003-eustice.pdf HTTP/1.1" 200 698366 "-" "Mozilla/5.0 (compatible; Googlebot/2.1; +http://www.google.com/bot.html)"
36.110.211.42 - - [29/Apr/2018:06:37:52 -0400] "GET / HTTP/1.1" 200 6623 "http://www.so.com/" "Mozilla/5.0 (Windows NT 6.2; rv:30.0) Gecko/20150101 Firefox/32.0 360Spider 360Spider"
36.110.211.42 - - [29/Apr/2018:06:37:52 -0400] "GET /modules/system/system.base.css?p7r9uw HTTP/1.1" 200 2307 "http://www.so.com/" "Mozilla/5.0 (Windows NT 6.2; rv:30.0) Gecko/20150101 Firefox/32.0 360Spider 360Spider"
36.110.211.42 - - [29/Apr/2018:06:37:53 -0400] "GET /modules/system/system.menus.css?p7r9uw HTTP/1.1" 200 1025 "http://www.so.com/" "Mozilla/5.0 (Windows NT 6.2; rv:30.0) Gecko/20150101 Firefox/32.0 360Spider 360Spider"
36.110.211.109 - - [29/Apr/2018:06:37:53 -0400] "GET /modules/node/node.css?p7r9uw HTTP/1.1" 200 629 "http://www.so.com/" "Mozilla/5.0 (Windows NT 6.2; rv:30.0) Gecko/20150101 Firefox/32.0 360Spider 360Spider"
36.110.211.108 - - [29/Apr/2018:06:37:53 -0400] "GET /modules/comment/comment.css?p7r9uw HTTP/1.1" 200 662 "http://www.so.com/" "Mozilla/5.0 (Windows NT 6.2; rv:30.0) Gecko/20150101 Firefox/32.0 360Spider 360Spider"
36.110.211.42 - - [29/Apr/2018:06:37:53 -0400] "GET /modules/field/theme/field.css?p7r9uw HTTP/1.1" 200 756 "http://www.so.com/" "Mozilla/5.0 (Windows NT 6.2; rv:30.0) Gecko/20150101 Firefox/32.0 360Spider 360Spider"
36.110.211.108 - - [29/Apr/2018:06:37:53 -0400] "GET /modules/system/system.theme.css?p7r9uw HTTP/1.1" 200 1742 "http://www.so.com/" "Mozilla/5.0 (Windows NT 6.2; rv:30.0) Gecko/20150101 Firefox/32.0 360Spider 360Spider"
36.110.211.42 - - [29/Apr/2018:06:37:53 -0400] "GET /modules/system/system.messages.css?p7r9uw HTTP/1.1" 200 746 "http://www.so.com/" "Mozilla/5.0 (Windows NT 6.2; rv:30.0) Gecko/20150101 Firefox/32.0 360Spider 360Spider"
36.110.211.41 - - [29/Apr/2018:06:37:53 -0400] "GET /modules/user/user.css?p7r9uw HTTP/1.1" 200 1219 "http://www.so.com/" "Mozilla/5.0 (Windows NT 6.2; rv:30.0) Gecko/20150101 Firefox/32.0 360Spider 360Spider"
36.110.211.109 - - [29/Apr/2018:06:37:53 -0400] "GET /misc/jquery.js?v=1.4.4 HTTP/1.1" 200 27601 "http://www.so.com/" "Mozilla/5.0 (Windows NT 6.2; rv:30.0) Gecko/20150101 Firefox/32.0 360Spider 360Spider"
36.110.211.108 - - [29/Apr/2018:06:37:53 -0400] "GET /themes/garland/style.css?p7r9uw HTTP/1.1" 200 5370 "http://www.so.com/" "Mozilla/5.0 (Windows NT 6.2; rv:30.0) Gecko/20150101 Firefox/32.0 360Spider 360Spider"
36.110.211.108 - - [29/Apr/2018:06:37:53 -0400] "GET /misc/jquery.once.js?v=1.2 HTTP/1.1" 200 1445 "http://www.so.com/" "Mozilla/5.0 (Windows NT 6.2; rv:30.0) Gecko/20150101 Firefox/32.0 360Spider 360Spider"
36.110.211.42 - - [29/Apr/2018:06:37:53 -0400] "GET /themes/garland/print.css?p7r9uw HTTP/1.1" 200 771 "http://www.so.com/" "Mozilla/5.0 (Windows NT 6.2; rv:30.0) Gecko/20150101 Firefox/32.0 360Spider 360Spider"
36.110.211.42 - - [29/Apr/2018:06:37:53 -0400] "GET /misc/drupal.js?p7r9uw HTTP/1.1" 200 7372 "http://www.so.com/" "Mozilla/5.0 (Windows NT 6.2; rv:30.0) Gecko/20150101 Firefox/32.0 360Spider 360Spider"
199.16.157.181 - - [29/Apr/2018:06:38:23 -0400] "GET /robots.txt HTTP/1.1" 200 5699 "-" "Twitterbot/1.0"
66.249.73.91 - - [29/Apr/2018:06:38:29 -0400] "GET /papers/2005/nspw2005-littlewood.pdf HTTP/1.1" 200 652671 "-" "Mozilla/5.0 (compatible; Googlebot/2.1; +http://www.google.com/bot.html)"
5.155.86.149 - - [29/Apr/2018:06:39:19 -0400] "GET /wp-login.php HTTP/1.1" 404 7985 "-" "Mozilla/5.0 (Windows NT 6.1; WOW64; rv:40.0) Gecko/20100101 Firefox/40.1"
5.155.86.149 - - [29/Apr/2018:06:39:19 -0400] "GET / HTTP/1.1" 200 8206 "-" "Mozilla/5.0 (Windows NT 6.1; WOW64; rv:40.0) Gecko/20100101 Firefox/40.1"
66.249.73.87 - - [29/Apr/2018:06:39:40 -0400] "GET /papers/2012/docs/p53.pdf HTTP/1.1" 304 3606 "-" "Mozilla/5.0 (compatible; Googlebot/2.1; +http://www.google.com/bot.html)"
125.209.235.167 - - [29/Apr/2018:06:40:23 -0400] "GET /2008/zakongroup_full.gif HTTP/1.1" 200 5533 "-" "Mozilla/5.0 (compatible; Yeti/1.1; +http://naver.me/spd)"
66.249.73.87 - - [29/Apr/2018:06:40:52 -0400] "GET /papers/1993/nspw1993-michael.pdf HTTP/1.1" 200 642526 "-" "Mozilla/5.0 (compatible; Googlebot/2.1; +http://www.google.com/bot.html)"
69.162.124.227 - - [29/Apr/2018:06:41:21 -0400] "HEAD / HTTP/1.1" 200 3874 "http://nspw.org/" "Mozilla/5.0+(compatible; UptimeRobot/2.0; http://www.uptimerobot.com/)"
66.249.73.87 - - [29/Apr/2018:06:42:03 -0400] "GET /papers/1998/nspw1998-abrams.pdf HTTP/1.1" 304 3605 "-" "Mozilla/5.0 (compatible; Googlebot/2.1; +http://www.google.com/bot.html)"
66.249.73.89 - - [29/Apr/2018:06:43:15 -0400] "GET /papers/1994/nspw1994-nelson.pdf HTTP/1.1" 200 580083 "-" "Mozilla/5.0 (compatible; Googlebot/2.1; +http://www.google.com/bot.html)"
66.249.73.89 - - [29/Apr/2018:06:44:26 -0400] "GET /papers/1993/nspw1993-lapadula.pdf HTTP/1.1" 200 730603 "-" "Mozilla/5.0 (compatible; Googlebot/2.1; +http://www.google.com/bot.html)"
66.249.73.91 - - [29/Apr/2018:06:45:37 -0400] "GET /papers/1994/nspw1994-schneier.pdf HTTP/1.1" 200 336786 "-" "Mozilla/5.0 (compatible; Googlebot/2.1; +http://www.google.com/bot.html)"
69.162.124.227 - - [29/Apr/2018:06:46:22 -0400] "HEAD / HTTP/1.1" 200 3874 "http://nspw.org/" "Mozilla/5.0+(compatible; UptimeRobot/2.0; http://www.uptimerobot.com/)"
66.249.73.91 - - [29/Apr/2018:06:46:48 -0400] "GET /papers/2013/nspw2013-sundaramurthy.pdf HTTP/1.1" 200 355688 "-" "Mozilla/5.0 (compatible; Googlebot/2.1; +http://www.google.com/bot.html)"
66.249.73.87 - - [29/Apr/2018:06:47:59 -0400] "GET /papers/1998/nspw1998-greenwald.pdf HTTP/1.1" 304 3605 "-" "Mozilla/5.0 (compatible; Googlebot/2.1; +http://www.google.com/bot.html)"
77.88.47.40 - - [29/Apr/2018:06:48:25 -0400] "GET /robots.txt HTTP/1.1" 200 5979 "-" "Mozilla/5.0 (compatible; YandexBot/3.0; +http://yandex.com/bots)"
77.88.47.40 - - [29/Apr/2018:06:48:29 -0400] "GET /2002/program.content HTTP/1.1" 200 11262 "-" "Mozilla/5.0 (compatible; YandexBot/3.0; +http://yandex.com/bots)"
66.249.73.89 - - [29/Apr/2018:06:49:11 -0400] "GET /papers/2012/docs/p27.pdf HTTP/1.1" 304 3606 "-" "Mozilla/5.0 (compatible; Googlebot/2.1; +http://www.google.com/bot.html)"
66.160.140.182 - - [29/Apr/2018:06:50:14 -0400] "GET /robots.txt HTTP/1.1" 200 4444 "-" "The Knowledge AI"
66.249.73.87 - - [29/Apr/2018:06:50:22 -0400] "GET /papers/2008/nspw2008-mannan.pdf HTTP/1.1" 200 387310 "-" "Mozilla/5.0 (compatible; Googlebot/2.1; +http://www.google.com/bot.html)"
216.244.66.200 - - [29/Apr/2018:06:51:19 -0400] "GET /robots.txt HTTP/1.1" 200 5796 "-" "Mozilla/5.0 (compatible; DotBot/1.1; http://www.opensiteexplorer.org/dotbot, help@moz.com)"
69.162.124.227 - - [29/Apr/2018:06:51:21 -0400] "HEAD / HTTP/1.1" 200 3874 "http://nspw.org/" "Mozilla/5.0+(compatible; UptimeRobot/2.0; http://www.uptimerobot.com/)"
66.249.73.91 - - [29/Apr/2018:06:51:34 -0400] "GET /papers/1994/nspw1994-ovchinnikov.pdf HTTP/1.1" 200 796285 "-" "Mozilla/5.0 (compatible; Googlebot/2.1; +http://www.google.com/bot.html)"
66.249.73.87 - - [29/Apr/2018:06:52:44 -0400] "GET /2017 HTTP/1.1" 200 7051 "-" "Mozilla/5.0 (compatible; Googlebot/2.1; +http://www.google.com/bot.html)"
178.134.70.113 - - [29/Apr/2018:06:52:58 -0400] "GET /wp-login.php HTTP/1.1" 404 7839 "-" "Mozilla/5.0 (Windows NT 6.1; WOW64; rv:40.0) Gecko/20100101 Firefox/40.1"
178.134.70.113 - - [29/Apr/2018:06:52:58 -0400] "GET / HTTP/1.1" 200 8218 "-" "Mozilla/5.0 (Windows NT 6.1; WOW64; rv:40.0) Gecko/20100101 Firefox/40.1"
66.249.73.89 - - [29/Apr/2018:06:53:56 -0400] "GET /papers/1993/nspw1993-howe.pdf HTTP/1.1" 200 396733 "-" "Mozilla/5.0 (compatible; Googlebot/2.1; +http://www.google.com/bot.html)"
66.249.73.89 - - [29/Apr/2018:06:55:07 -0400] "GET /papers/2012/docs/p105.pdf HTTP/1.1" 304 3606 "-" "Mozilla/5.0 (compatible; Googlebot/2.1; +http://www.google.com/bot.html)"
66.249.73.87 - - [29/Apr/2018:06:56:19 -0400] "GET /papers/2009/nspw2009-probst.pdf HTTP/1.1" 200 205895 "-" "Mozilla/5.0 (compatible; Googlebot/2.1; +http://www.google.com/bot.html)"
69.162.124.227 - - [29/Apr/2018:06:56:21 -0400] "HEAD / HTTP/1.1" 200 3874 "http://nspw.org/" "Mozilla/5.0+(compatible; UptimeRobot/2.0; http://www.uptimerobot.com/)"
66.249.73.87 - - [29/Apr/2018:06:57:30 -0400] "GET /papers/2005/nspw2005-beznosov.pdf HTTP/1.1" 200 1827053 "-" "Mozilla/5.0 (compatible; Googlebot/2.1; +http://www.google.com/bot.html)"
66.249.73.87 - - [29/Apr/2018:06:58:41 -0400] "GET /papers/2012/docs/p115.pdf HTTP/1.1" 304 3605 "-" "Mozilla/5.0 (compatible; Googlebot/2.1; +http://www.google.com/bot.html)"
66.249.73.87 - - [29/Apr/2018:06:59:53 -0400] "GET /papers/2009/nspw2009-verendel.pdf HTTP/1.1" 200 159425 "-" "Mozilla/5.0 (compatible; Googlebot/2.1; +http://www.google.com/bot.html)"
66.249.73.91 - - [29/Apr/2018:07:00:21 -0400] "GET /papers/2000/nspw2000-yasinsac.pdf HTTP/1.1" 200 876323 "-" "Mozilla/5.0 (compatible; Googlebot/2.1; +http://www.google.com/bot.html)"
125.209.235.177 - - [29/Apr/2018:07:00:24 -0400] "GET /2003/jmu_infosec_logo.gif HTTP/1.1" 200 9181 "-" "Mozilla/5.0 (compatible; Yeti/1.1; +http://naver.me/spd)"
66.249.73.87 - - [29/Apr/2018:07:00:32 -0400] "GET /2015/2015/organizers HTTP/1.1" 404 8024 "-" "Mozilla/5.0 (compatible; Googlebot/2.1; +http://www.google.com/bot.html)"
66.249.73.91 - - [29/Apr/2018:07:01:04 -0400] "GET /2009/pc-gen.pl HTTP/1.1" 200 4849 "-" "Mozilla/5.0 (compatible; Googlebot/2.1; +http://www.google.com/bot.html)"
69.162.124.227 - - [29/Apr/2018:07:01:21 -0400] "HEAD / HTTP/1.1" 200 3874 "http://nspw.org/" "Mozilla/5.0+(compatible; UptimeRobot/2.0; http://www.uptimerobot.com/)"
89.39.121.57 - - [29/Apr/2018:07:01:28 -0400] "GET /wp-login.php HTTP/1.1" 404 7839 "-" "Mozilla/5.0 (Windows NT 6.1; WOW64; rv:40.0) Gecko/20100101 Firefox/40.1"
89.39.121.57 - - [29/Apr/2018:07:01:29 -0400] "GET / HTTP/1.1" 200 8218 "-" "Mozilla/5.0 (Windows NT 6.1; WOW64; rv:40.0) Gecko/20100101 Firefox/40.1"
197.89.234.80 - - [29/Apr/2018:07:01:30 -0400] "GET /wp-login.php HTTP/1.1" 404 7907 "-" "Mozilla/5.0 (Windows NT 6.1; WOW64; rv:40.0) Gecko/20100101 Firefox/40.1"
197.89.234.80 - - [29/Apr/2018:07:01:33 -0400] "GET / HTTP/1.1" 200 8218 "-" "Mozilla/5.0 (Windows NT 6.1; WOW64; rv:40.0) Gecko/20100101 Firefox/40.1"
77.88.47.40 - - [29/Apr/2018:07:02:10 -0400] "GET /2001/ HTTP/1.1" 200 5200 "-" "Mozilla/5.0 (compatible; YandexBot/3.0; +http://yandex.com/bots)"
66.249.73.91 - - [29/Apr/2018:07:02:15 -0400] "GET /papers/1999/nspw1999-olthoff-3.pdf HTTP/1.1" 200 1119674 "-" "Mozilla/5.0 (compatible; Googlebot/2.1; +http://www.google.com/bot.html)"
88.112.92.30 - - [29/Apr/2018:07:03:22 -0400] "GET /wp-login.php HTTP/1.1" 404 7839 "-" "Mozilla/5.0 (Windows NT 6.1; WOW64; rv:40.0) Gecko/20100101 Firefox/40.1"
88.112.92.30 - - [29/Apr/2018:07:03:22 -0400] "GET / HTTP/1.1" 200 8218 "-" "Mozilla/5.0 (Windows NT 6.1; WOW64; rv:40.0) Gecko/20100101 Firefox/40.1"
66.249.73.89 - - [29/Apr/2018:07:03:26 -0400] "GET /papers/2008/nspw2008-shirley.pdf HTTP/1.1" 200 558791 "-" "Mozilla/5.0 (compatible; Googlebot/2.1; +http://www.google.com/bot.html)"
66.249.73.91 - - [29/Apr/2018:07:04:38 -0400] "GET /papers/1999/nspw1999-henning.pdf HTTP/1.1" 200 666930 "-" "Mozilla/5.0 (compatible; Googlebot/2.1; +http://www.google.com/bot.html)"
66.249.73.87 - - [29/Apr/2018:07:05:49 -0400] "GET /papers/2012/docs/p87.pdf HTTP/1.1" 304 3606 "-" "Mozilla/5.0 (compatible; Googlebot/2.1; +http://www.google.com/bot.html)"
69.162.124.227 - - [29/Apr/2018:07:06:21 -0400] "HEAD / HTTP/1.1" 200 3874 "http://nspw.org/" "Mozilla/5.0+(compatible; UptimeRobot/2.0; http://www.uptimerobot.com/)"
66.249.73.91 - - [29/Apr/2018:07:07:10 -0400] "GET /papers/2004/nspw2004-allwein.pdf HTTP/1.1" 200 275009 "-" "Mozilla/5.0 (compatible; Googlebot/2.1; +http://www.google.com/bot.html)"
84.168.145.195 - - [29/Apr/2018:07:07:33 -0400] "GET /wp-login.php HTTP/1.1" 404 7839 "-" "Mozilla/5.0 (Windows NT 6.1; WOW64; rv:40.0) Gecko/20100101 Firefox/40.1"
84.168.145.195 - - [29/Apr/2018:07:07:34 -0400] "GET / HTTP/1.1" 200 8218 "-" "Mozilla/5.0 (Windows NT 6.1; WOW64; rv:40.0) Gecko/20100101 Firefox/40.1"
123.125.71.49 - - [29/Apr/2018:07:07:44 -0400] "GET /2014/cfp HTTP/1.1" 200 16650 "-" "Mozilla/5.0 (compatible; Baiduspider/2.0; +http://www.baidu.com/search/spider.html)"
49.149.50.119 - - [29/Apr/2018:07:08:00 -0400] "GET /wp-login.php HTTP/1.1" 404 7491 "-" "Mozilla/5.0 (Windows NT 6.1; WOW64; rv:40.0) Gecko/20100101 Firefox/40.1"
49.149.50.119 - - [29/Apr/2018:07:08:01 -0400] "GET / HTTP/1.1" 200 8218 "-" "Mozilla/5.0 (Windows NT 6.1; WOW64; rv:40.0) Gecko/20100101 Firefox/40.1"
36.110.211.41 - - [29/Apr/2018:07:08:02 -0400] "GET / HTTP/1.1" 200 11540 "http://www.so.com" "Mozilla/5.0 (Windows NT 6.2; rv:30.0) Gecko/20150101 Firefox/32.0 360Spider 360Spider"
66.249.73.91 - - [29/Apr/2018:07:08:12 -0400] "GET /papers/2010/nspw2010-moore.pdf HTTP/1.1" 200 741159 "-" "Mozilla/5.0 (compatible; Googlebot/2.1; +http://www.google.com/bot.html)"
66.249.73.91 - - [29/Apr/2018:07:09:23 -0400] "GET /papers/1999/nspw1999-schneider.pdf HTTP/1.1" 200 682818 "-" "Mozilla/5.0 (compatible; Googlebot/2.1; +http://www.google.com/bot.html)"
66.249.73.91 - - [29/Apr/2018:07:10:38 -0400] "GET /2005/cfp/latex/talk.ps HTTP/1.1" 200 212786 "-" "Mozilla/5.0 (compatible; Googlebot/2.1; +http://www.google.com/bot.html)"
69.162.124.227 - - [29/Apr/2018:07:11:22 -0400] "HEAD / HTTP/1.1" 200 3874 "http://nspw.org/" "Mozilla/5.0+(compatible; UptimeRobot/2.0; http://www.uptimerobot.com/)"
66.249.73.87 - - [29/Apr/2018:07:11:45 -0400] "GET /papers/2002/nspw2002-marceau.pdf HTTP/1.1" 200 197896 "-" "Mozilla/5.0 (compatible; Googlebot/2.1; +http://www.google.com/bot.html)"
66.249.73.89 - - [29/Apr/2018:07:12:57 -0400] "GET /papers/2000/nspw2000-bruschi.pdf HTTP/1.1" 200 614349 "-" "Mozilla/5.0 (compatible; Googlebot/2.1; +http://www.google.com/bot.html)"
66.249.73.91 - - [29/Apr/2018:07:14:08 -0400] "GET /papers/1999/nspw1999-timmerman.pdf HTTP/1.1" 200 871296 "-" "Mozilla/5.0 (compatible; Googlebot/2.1; +http://www.google.com/bot.html)"
121.7.63.22 - - [29/Apr/2018:07:14:50 -0400] "GET /favicon.ico HTTP/1.1" 404 4109 "https://www.nspw.org/papers/1999/nspw1999-henning.pdf" "Mozilla/5.0 (Macintosh; Intel Mac OS X 10_11_6) AppleWebKit/537.36 (KHTML, like Gecko) Chrome/66.0.3359.139 Safari/537.36"
121.7.63.22 - - [29/Apr/2018:07:14:49 -0400] "GET /papers/1999/nspw1999-henning.pdf HTTP/1.1" 200 666945 "https://www.google.com.sg/" "Mozilla/5.0 (Macintosh; Intel Mac OS X 10_11_6) AppleWebKit/537.36 (KHTML, like Gecko) Chrome/66.0.3359.139 Safari/537.36"
66.249.73.89 - - [29/Apr/2018:07:15:19 -0400] "GET /2018 HTTP/1.1" 200 6905 "-" "Mozilla/5.0 (Linux; Android 6.0.1; Nexus 5X Build/MMB29P) AppleWebKit/537.36 (KHTML, like Gecko) Chrome/41.0.2272.96 Mobile Safari/537.36 (compatible; Googlebot/2.1; +http://www.google.com/bot.html)"
69.162.124.227 - - [29/Apr/2018:07:16:22 -0400] "HEAD / HTTP/1.1" 200 3874 "http://nspw.org/" "Mozilla/5.0+(compatible; UptimeRobot/2.0; http://www.uptimerobot.com/)"
66.249.73.89 - - [29/Apr/2018:07:16:31 -0400] "GET /papers/1993/nspw1993-hammonds.pdf HTTP/1.1" 200 437741 "-" "Mozilla/5.0 (compatible; Googlebot/2.1; +http://www.google.com/bot.html)"
47.29.190.164 - - [29/Apr/2018:07:17:40 -0400] "GET /wp-login.php HTTP/1.1" 404 7985 "-" "Mozilla/5.0 (Windows NT 6.1; WOW64; rv:40.0) Gecko/20100101 Firefox/40.1"
47.29.190.164 - - [29/Apr/2018:07:17:41 -0400] "GET / HTTP/1.1" 200 8206 "-" "Mozilla/5.0 (Windows NT 6.1; WOW64; rv:40.0) Gecko/20100101 Firefox/40.1"
66.249.73.87 - - [29/Apr/2018:07:17:42 -0400] "GET /papers/2003/nspw2003-backes.pdf HTTP/1.1" 200 821435 "-" "Mozilla/5.0 (compatible; Googlebot/2.1; +http://www.google.com/bot.html)"
185.161.168.144 - - [29/Apr/2018:07:18:22 -0400] "GET /wp-login.php HTTP/1.1" 404 7985 "-" "Mozilla/5.0 (Windows NT 6.1; WOW64; rv:40.0) Gecko/20100101 Firefox/40.1"
185.161.168.144 - - [29/Apr/2018:07:18:22 -0400] "GET / HTTP/1.1" 200 8206 "-" "Mozilla/5.0 (Windows NT 6.1; WOW64; rv:40.0) Gecko/20100101 Firefox/40.1"
66.249.73.87 - - [29/Apr/2018:07:18:53 -0400] "GET / HTTP/1.1" 200 6610 "-" "Mozilla/5.0 (Linux; Android 6.0.1; Nexus 5X Build/MMB29P) AppleWebKit/537.36 (KHTML, like Gecko) Chrome/41.0.2272.96 Mobile Safari/537.36 (compatible; Googlebot/2.1; +http://www.google.com/bot.html)"
66.249.73.91 - - [29/Apr/2018:07:20:04 -0400] "GET /papers/2008/nspw2008-beautement.pdf HTTP/1.1" 304 3605 "-" "Mozilla/5.0 (Linux; Android 6.0.1; Nexus 5X Build/MMB29P) AppleWebKit/537.36 (KHTML, like Gecko) Chrome/41.0.2272.96 Mobile Safari/537.36 (compatible; Googlebot/2.1; +http://www.google.com/bot.html)"
66.249.73.87 - - [29/Apr/2018:07:21:16 -0400] "GET /papers/2005/nspw2005-schwarting.pdf HTTP/1.1" 200 692999 "-" "Mozilla/5.0 (compatible; Googlebot/2.1; +http://www.google.com/bot.html)"
125.209.235.170 - - [29/Apr/2018:07:21:16 -0400] "GET /2007/jmu_infosec_logo.gif HTTP/1.1" 200 9181 "-" "Mozilla/5.0 (compatible; Yeti/1.1; +http://naver.me/spd)"
69.162.124.227 - - [29/Apr/2018:07:21:21 -0400] "HEAD / HTTP/1.1" 200 3874 "http://nspw.org/" "Mozilla/5.0+(compatible; UptimeRobot/2.0; http://www.uptimerobot.com/)"
220.181.125.142 - - [29/Apr/2018:07:21:25 -0400] "GET / HTTP/1.0" 400 0 "-" "-"
220.181.125.142 - - [29/Apr/2018:07:21:25 -0400] "GET /2009/proceedings/2006/nspw2006-bond.pdf HTTP/1.1" 304 3665 "-" "Sogou web spider/4.0(+http://www.sogou.com/docs/help/webmasters.htm#07)"
220.181.125.142 - - [29/Apr/2018:07:21:35 -0400] "GET /papers/1997/nspw1997-nelson.pdf HTTP/1.1" 304 3665 "-" "Sogou web spider/4.0(+http://www.sogou.com/docs/help/webmasters.htm#07)"
220.181.125.142 - - [29/Apr/2018:07:21:45 -0400] "GET /cfp/nspw2011-cfp.pdf HTTP/1.1" 304 3664 "-" "Sogou web spider/4.0(+http://www.sogou.com/docs/help/webmasters.htm#07)"
220.181.125.142 - - [29/Apr/2018:07:21:55 -0400] "GET /papers/2007/nspw2007-solworth.pdf HTTP/1.1" 304 3665 "-" "Sogou web spider/4.0(+http://www.sogou.com/docs/help/webmasters.htm#07)"
106.71.12.56 - - [29/Apr/2018:07:22:02 -0400] "GET /wp-login.php HTTP/1.1" 404 7985 "-" "Mozilla/5.0 (Windows NT 6.1; WOW64; rv:40.0) Gecko/20100101 Firefox/40.1"
106.71.12.56 - - [29/Apr/2018:07:22:03 -0400] "GET / HTTP/1.1" 200 8206 "-" "Mozilla/5.0 (Windows NT 6.1; WOW64; rv:40.0) Gecko/20100101 Firefox/40.1"
220.181.125.142 - - [29/Apr/2018:07:22:05 -0400] "GET /papers/2001/nspw2001-taylor.pdf HTTP/1.1" 304 3665 "-" "Sogou web spider/4.0(+http://www.sogou.com/docs/help/webmasters.htm#07)"
220.181.125.142 - - [29/Apr/2018:07:22:15 -0400] "GET /2006/cfp2006.pdf HTTP/1.1" 304 3664 "-" "Sogou web spider/4.0(+http://www.sogou.com/docs/help/webmasters.htm#07)"
66.249.73.89 - - [29/Apr/2018:07:22:27 -0400] "GET /papers/1997/ HTTP/1.1" 200 4322 "-" "Mozilla/5.0 (compatible; Googlebot/2.1; +http://www.google.com/bot.html)"
66.249.73.89 - - [29/Apr/2018:07:23:38 -0400] "GET /papers/1993/nspw1993-lin-2.pdf HTTP/1.1" 200 981242 "-" "Mozilla/5.0 (compatible; Googlebot/2.1; +http://www.google.com/bot.html)"
66.249.73.87 - - [29/Apr/2018:07:24:50 -0400] "GET /papers/1993/nspw1993-smith.pdf HTTP/1.1" 200 926357 "-" "Mozilla/5.0 (compatible; Googlebot/2.1; +http://www.google.com/bot.html)"
66.249.73.89 - - [29/Apr/2018:07:26:01 -0400] "GET /2004/cfp2004.txt HTTP/1.1" 200 6055 "-" "Mozilla/5.0 (compatible; Googlebot/2.1; +http://www.google.com/bot.html)"
69.162.124.227 - - [29/Apr/2018:07:26:21 -0400] "HEAD / HTTP/1.1" 200 3874 "http://nspw.org/" "Mozilla/5.0+(compatible; UptimeRobot/2.0; http://www.uptimerobot.com/)"
66.249.73.91 - - [29/Apr/2018:07:27:12 -0400] "GET /2009/stats.txt HTTP/1.1" 200 4061 "-" "Mozilla/5.0 (compatible; Googlebot/2.1; +http://www.google.com/bot.html)"
66.249.73.91 - - [29/Apr/2018:07:28:23 -0400] "GET /papers/2012/forms/contents.htm HTTP/1.1" 304 3604 "-" "Mozilla/5.0 (compatible; Googlebot/2.1; +http://www.google.com/bot.html)"
129.78.110.124 - - [29/Apr/2018:07:28:52 -0400] "GET / HTTP/1.1" 200 6353 "http://nspw.org" "-"
66.249.73.87 - - [29/Apr/2018:07:29:34 -0400] "GET /papers/2012/docs/p141.pdf HTTP/1.1" 304 3605 "-" "Mozilla/5.0 (compatible; Googlebot/2.1; +http://www.google.com/bot.html)"
66.249.73.87 - - [29/Apr/2018:07:30:11 -0400] "GET /modules/system/system.menus.css?nhfa6e HTTP/1.1" 200 4419 "http://nspw.org/2018" "Mozilla/5.0 (compatible; Googlebot/2.1; +http://www.google.com/bot.html)"
66.249.73.91 - - [29/Apr/2018:07:30:12 -0400] "GET /modules/node/node.css?nhfa6e HTTP/1.1" 200 3866 "http://nspw.org/2018" "Mozilla/5.0 (compatible; Googlebot/2.1; +http://www.google.com/bot.html)"
66.249.73.89 - - [29/Apr/2018:07:30:13 -0400] "GET /modules/system/system.base.css?nhfa6e HTTP/1.1" 200 5701 "http://nspw.org/2018" "Mozilla/5.0 (compatible; Googlebot/2.1; +http://www.google.com/bot.html)"
66.249.73.87 - - [29/Apr/2018:07:30:13 -0400] "GET /modules/comment/comment.css?nhfa6e HTTP/1.1" 200 505 "http://nspw.org/2018" "Mozilla/5.0 (compatible; Googlebot/2.1; +http://www.google.com/bot.html)"
66.249.73.87 - - [29/Apr/2018:07:30:14 -0400] "GET /themes/garland/print.css?nhfa6e HTTP/1.1" 200 771 "http://nspw.org/2018" "Mozilla/5.0 (compatible; Googlebot/2.1; +http://www.google.com/bot.html)"
66.249.73.91 - - [29/Apr/2018:07:30:14 -0400] "GET /modules/field/theme/field.css?nhfa6e HTTP/1.1" 200 599 "http://nspw.org/2018" "Mozilla/5.0 (compatible; Googlebot/2.1; +http://www.google.com/bot.html)"
66.249.73.91 - - [29/Apr/2018:07:30:15 -0400] "GET /modules/system/system.messages.css?nhfa6e HTTP/1.1" 200 746 "http://nspw.org/2018" "Mozilla/5.0 (compatible; Googlebot/2.1; +http://www.google.com/bot.html)"
66.249.73.87 - - [29/Apr/2018:07:30:15 -0400] "GET /modules/system/system.theme.css?nhfa6e HTTP/1.1" 200 1585 "http://nspw.org/2018" "Mozilla/5.0 (compatible; Googlebot/2.1; +http://www.google.com/bot.html)"
66.249.73.87 - - [29/Apr/2018:07:30:16 -0400] "GET /modules/user/user.css?nhfa6e HTTP/1.1" 200 1062 "http://nspw.org/2018" "Mozilla/5.0 (compatible; Googlebot/2.1; +http://www.google.com/bot.html)"
66.249.73.87 - - [29/Apr/2018:07:30:16 -0400] "GET /themes/garland/style.css?nhfa6e HTTP/1.1" 200 5370 "http://nspw.org/2018" "Mozilla/5.0 (compatible; Googlebot/2.1; +http://www.google.com/bot.html)"
66.249.73.87 - - [29/Apr/2018:07:30:46 -0400] "GET /papers/1993/nspw1993-bailey.pdf HTTP/1.1" 200 506428 "-" "Mozilla/5.0 (compatible; Googlebot/2.1; +http://www.google.com/bot.html)"
89.229.129.107 - - [29/Apr/2018:07:30:57 -0400] "GET /wp-login.php HTTP/1.1" 404 7839 "-" "Mozilla/5.0 (Windows NT 6.1; WOW64; rv:40.0) Gecko/20100101 Firefox/40.1"
89.229.129.107 - - [29/Apr/2018:07:30:57 -0400] "GET / HTTP/1.1" 200 8218 "-" "Mozilla/5.0 (Windows NT 6.1; WOW64; rv:40.0) Gecko/20100101 Firefox/40.1"
69.162.124.227 - - [29/Apr/2018:07:31:21 -0400] "HEAD / HTTP/1.1" 200 3874 "http://nspw.org/" "Mozilla/5.0+(compatible; UptimeRobot/2.0; http://www.uptimerobot.com/)"
78.188.46.125 - - [29/Apr/2018:07:31:40 -0400] "GET /wp-login.php HTTP/1.1" 404 8176 "-" "Mozilla/5.0 (Windows NT 6.1; WOW64; rv:40.0) Gecko/20100101 Firefox/40.1"
78.188.46.125 - - [29/Apr/2018:07:31:41 -0400] "GET / HTTP/1.1" 200 8298 "-" "Mozilla/5.0 (Windows NT 6.1; WOW64; rv:40.0) Gecko/20100101 Firefox/40.1"
172.56.10.140 - - [29/Apr/2018:07:31:27 -0400] "GET /papers/2007/nspw2007-mannan.pdf HTTP/1.1" 200 502385 "-" "Mozilla/5.0 (iPhone; CPU iPhone OS 11_2_5 like Mac OS X) AppleWebKit/604.5.6 (KHTML, like Gecko) Version/11.0 Mobile/15D60 Safari/604.1"
172.56.10.140 - - [29/Apr/2018:07:31:45 -0400] "GET /apple-touch-icon-120x120-precomposed.png HTTP/1.1" 404 3943 "-" "MobileSafari/604.1 CFNetwork/894 Darwin/17.4.0"
172.56.10.140 - - [29/Apr/2018:07:31:45 -0400] "GET /apple-touch-icon-120x120.png HTTP/1.1" 404 717 "-" "MobileSafari/604.1 CFNetwork/894 Darwin/17.4.0"
172.56.10.140 - - [29/Apr/2018:07:31:45 -0400] "GET /apple-touch-icon-precomposed.png HTTP/1.1" 404 721 "-" "MobileSafari/604.1 CFNetwork/894 Darwin/17.4.0"
172.56.10.140 - - [29/Apr/2018:07:31:45 -0400] "GET /apple-touch-icon.png HTTP/1.1" 404 709 "-" "MobileSafari/604.1 CFNetwork/894 Darwin/17.4.0"
172.56.10.140 - - [29/Apr/2018:07:31:45 -0400] "GET /favicon.ico HTTP/1.1" 404 700 "-" "MobileSafari/604.1 CFNetwork/894 Darwin/17.4.0"
172.56.10.140 - - [29/Apr/2018:07:31:45 -0400] "GET /apple-touch-icon-120x120-precomposed.png HTTP/1.1" 404 729 "-" "MobileSafari/604.1 CFNetwork/894 Darwin/17.4.0"
172.56.10.140 - - [29/Apr/2018:07:31:45 -0400] "GET /apple-touch-icon-120x120.png HTTP/1.1" 404 717 "-" "MobileSafari/604.1 CFNetwork/894 Darwin/17.4.0"
172.56.10.140 - - [29/Apr/2018:07:31:45 -0400] "GET /apple-touch-icon-precomposed.png HTTP/1.1" 404 721 "-" "MobileSafari/604.1 CFNetwork/894 Darwin/17.4.0"
172.56.10.140 - - [29/Apr/2018:07:31:45 -0400] "GET /apple-touch-icon.png HTTP/1.1" 404 709 "-" "MobileSafari/604.1 CFNetwork/894 Darwin/17.4.0"
172.56.10.140 - - [29/Apr/2018:07:31:45 -0400] "GET /favicon.ico HTTP/1.1" 404 700 "-" "MobileSafari/604.1 CFNetwork/894 Darwin/17.4.0"
66.249.73.89 - - [29/Apr/2018:07:31:57 -0400] "GET /papers/2002/nspw2002-haldar.pdf HTTP/1.1" 200 512210 "-" "Mozilla/5.0 (compatible; Googlebot/2.1; +http://www.google.com/bot.html)"
66.249.73.91 - - [29/Apr/2018:07:33:09 -0400] "GET /papers/1994/nspw1994-dobson.pdf HTTP/1.1" 200 710567 "-" "Mozilla/5.0 (compatible; Googlebot/2.1; +http://www.google.com/bot.html)"
66.249.73.87 - - [29/Apr/2018:07:34:20 -0400] "GET /papers/2000/nspw2000-perrine.pdf HTTP/1.1" 200 521216 "-" "Mozilla/5.0 (compatible; Googlebot/2.1; +http://www.google.com/bot.html)"
66.249.73.91 - - [29/Apr/2018:07:35:31 -0400] "GET /papers/2010/nspw2010-lilien.pdf HTTP/1.1" 200 740643 "-" "Mozilla/5.0 (compatible; Googlebot/2.1; +http://www.google.com/bot.html)"
69.162.124.227 - - [29/Apr/2018:07:36:21 -0400] "HEAD / HTTP/1.1" 200 3874 "http://nspw.org/" "Mozilla/5.0+(compatible; UptimeRobot/2.0; http://www.uptimerobot.com/)"
157.55.39.190 - - [29/Apr/2018:07:35:39 -0400] "GET /papers/1998/nspw1998-kahn.pdf HTTP/1.1" 200 1163268 "-" "Mozilla/5.0 (iPhone; CPU iPhone OS 7_0 like Mac OS X) AppleWebKit/537.51.1 (KHTML, like Gecko) Version/7.0 Mobile/11A465 Safari/9537.53 (compatible; bingbot/2.0; +http://www.bing.com/bingbot.htm)"
66.249.73.89 - - [29/Apr/2018:07:36:42 -0400] "GET / HTTP/1.1" 200 6606 "-" "Mozilla/5.0 (compatible; Googlebot/2.1; +http://www.google.com/bot.html)"
36.110.211.107 - - [29/Apr/2018:07:37:34 -0400] "GET / HTTP/1.1" 200 11540 "http://www.so.com" "Mozilla/5.0 (Windows NT 6.2; rv:30.0) Gecko/20150101 Firefox/32.0 360Spider 360Spider"
66.249.73.91 - - [29/Apr/2018:07:37:53 -0400] "GET /2018 HTTP/1.1" 200 6905 "-" "Mozilla/5.0 (compatible; Googlebot/2.1; +http://www.google.com/bot.html)"
157.55.39.190 - - [29/Apr/2018:07:37:58 -0400] "GET /papers/2013/nspw2013-durmuth.pdf HTTP/1.1" 200 452148 "-" "Mozilla/5.0 (iPhone; CPU iPhone OS 7_0 like Mac OS X) AppleWebKit/537.51.1 (KHTML, like Gecko) Version/7.0 Mobile/11A465 Safari/9537.53 (compatible; bingbot/2.0; +http://www.bing.com/bingbot.htm)"
37.11.249.121 - - [29/Apr/2018:07:38:41 -0400] "GET /wp-login.php HTTP/1.1" 404 7985 "-" "Mozilla/5.0 (Windows NT 6.1; WOW64; rv:40.0) Gecko/20100101 Firefox/40.1"
37.11.249.121 - - [29/Apr/2018:07:38:41 -0400] "GET / HTTP/1.1" 200 8206 "-" "Mozilla/5.0 (Windows NT 6.1; WOW64; rv:40.0) Gecko/20100101 Firefox/40.1"
66.249.73.87 - - [29/Apr/2018:07:39:05 -0400] "GET /node/70 HTTP/1.1" 200 7008 "-" "Mozilla/5.0 (Linux; Android 6.0.1; Nexus 5X Build/MMB29P) AppleWebKit/537.36 (KHTML, like Gecko) Chrome/41.0.2272.96 Mobile Safari/537.36 (compatible; Googlebot/2.1; +http://www.google.com/bot.html)"
77.104.218.13 - - [29/Apr/2018:07:39:14 -0400] "GET /wp-login.php HTTP/1.1" 404 7985 "-" "Mozilla/5.0 (Windows NT 6.1; WOW64; rv:40.0) Gecko/20100101 Firefox/40.1"
77.104.218.13 - - [29/Apr/2018:07:39:14 -0400] "GET / HTTP/1.1" 200 8206 "-" "Mozilla/5.0 (Windows NT 6.1; WOW64; rv:40.0) Gecko/20100101 Firefox/40.1"
66.249.73.89 - - [29/Apr/2018:07:40:16 -0400] "GET /papers/2013/nspw2013-peisert.pdf HTTP/1.1" 200 712024 "-" "Mozilla/5.0 (compatible; Googlebot/2.1; +http://www.google.com/bot.html)"
69.162.124.227 - - [29/Apr/2018:07:41:21 -0400] "HEAD / HTTP/1.1" 200 3874 "http://nspw.org/" "Mozilla/5.0+(compatible; UptimeRobot/2.0; http://www.uptimerobot.com/)"
66.249.73.91 - - [29/Apr/2018:07:42:40 -0400] "GET /papers/2007/nspw2007-kursawe.pdf HTTP/1.1" 200 192252 "-" "Mozilla/5.0 (compatible; Googlebot/2.1; +http://www.google.com/bot.html)"
66.249.73.89 - - [29/Apr/2018:07:43:50 -0400] "GET /papers/1996/nspw1996-orman.pdf HTTP/1.1" 200 594879 "-" "Mozilla/5.0 (compatible; Googlebot/2.1; +http://www.google.com/bot.html)"
66.249.73.91 - - [29/Apr/2018:07:45:01 -0400] "GET /papers/2000/nspw2000-mcdermott.pdf HTTP/1.1" 200 378051 "-" "Mozilla/5.0 (compatible; Googlebot/2.1; +http://www.google.com/bot.html)"
66.249.73.89 - - [29/Apr/2018:07:46:13 -0400] "GET /papers/2007/nspw2007-somayaji.pdf HTTP/1.1" 200 179834 "-" "Mozilla/5.0 (Linux; Android 6.0.1; Nexus 5X Build/MMB29P) AppleWebKit/537.36 (KHTML, like Gecko) Chrome/41.0.2272.96 Mobile Safari/537.36 (compatible; Googlebot/2.1; +http://www.google.com/bot.html)"
69.162.124.227 - - [29/Apr/2018:07:46:22 -0400] "HEAD / HTTP/1.1" 200 3874 "http://nspw.org/" "Mozilla/5.0+(compatible; UptimeRobot/2.0; http://www.uptimerobot.com/)"
66.249.73.87 - - [29/Apr/2018:07:47:24 -0400] "GET /2018/cfp HTTP/1.1" 200 8150 "-" "Mozilla/5.0 (compatible; Googlebot/2.1; +http://www.google.com/bot.html)"
66.249.73.89 - - [29/Apr/2018:07:48:35 -0400] "GET /2009/proceedings/1996/nspw1996-wulf.pdf HTTP/1.1" 304 3606 "-" "Mozilla/5.0 (compatible; Googlebot/2.1; +http://www.google.com/bot.html)"
66.249.73.89 - - [29/Apr/2018:07:49:47 -0400] "GET /papers/2008/nspw2008-julisch.pdf HTTP/1.1" 200 431730 "-" "Mozilla/5.0 (compatible; Googlebot/2.1; +http://www.google.com/bot.html)"
157.55.39.190 - - [29/Apr/2018:07:50:19 -0400] "GET /papers/1994/nspw1994-hamilton.pdf HTTP/1.1" 200 633005 "-" "Mozilla/5.0 (iPhone; CPU iPhone OS 7_0 like Mac OS X) AppleWebKit/537.51.1 (KHTML, like Gecko) Version/7.0 Mobile/11A465 Safari/9537.53 (compatible; bingbot/2.0; +http://www.bing.com/bingbot.htm)"
69.162.124.227 - - [29/Apr/2018:07:51:22 -0400] "HEAD / HTTP/1.1" 200 3874 "http://nspw.org/" "Mozilla/5.0+(compatible; UptimeRobot/2.0; http://www.uptimerobot.com/)"
66.249.73.87 - - [29/Apr/2018:07:51:30 -0400] "GET /papers/2003/nspw2003-duvarney.pdf HTTP/1.1" 200 1060171 "-" "Mozilla/5.0 (compatible; Googlebot/2.1; +http://www.google.com/bot.html)"
66.249.73.91 - - [29/Apr/2018:07:53:13 -0400] "GET /2009/proceedings/1997/nspw1997-rahman.pdf HTTP/1.1" 304 3606 "-" "Mozilla/5.0 (compatible; Googlebot/2.1; +http://www.google.com/bot.html)"
66.249.73.87 - - [29/Apr/2018:07:54:57 -0400] "GET /papers/2011/nspw2011-bishop.pdf HTTP/1.1" 200 572715 "-" "Mozilla/5.0 (compatible; Googlebot/2.1; +http://www.google.com/bot.html)"
177.129.226.6 - - [29/Apr/2018:07:55:01 -0400] "GET /wp-login.php HTTP/1.1" 404 7985 "-" "Mozilla/5.0 (Windows NT 6.1; WOW64; rv:40.0) Gecko/20100101 Firefox/40.1"
177.129.226.6 - - [29/Apr/2018:07:55:03 -0400] "GET / HTTP/1.1" 200 8206 "-" "Mozilla/5.0 (Windows NT 6.1; WOW64; rv:40.0) Gecko/20100101 Firefox/40.1"
69.162.124.227 - - [29/Apr/2018:07:56:21 -0400] "HEAD / HTTP/1.1" 200 3874 "http://nspw.org/" "Mozilla/5.0+(compatible; UptimeRobot/2.0; http://www.uptimerobot.com/)"
66.249.73.89 - - [29/Apr/2018:07:56:40 -0400] "GET /papers/1997/?C=M;O=A HTTP/1.1" 200 4329 "-" "Mozilla/5.0 (Linux; Android 6.0.1; Nexus 5X Build/MMB29P) AppleWebKit/537.36 (KHTML, like Gecko) Chrome/41.0.2272.96 Mobile Safari/537.36 (compatible; Googlebot/2.1; +http://www.google.com/bot.html)"
207.241.231.118 - - [29/Apr/2018:07:57:31 -0400] "GET /robots.txt HTTP/1.0" 200 5905 "http://nspw.org/robots.txt" "Mozilla/5.0 (compatible; archive.org_bot +http://www.archive.org/details/archive.org_bot)"
35.226.23.240 - - [29/Apr/2018:07:57:55 -0400] "GET /robots.txt HTTP/1.1" 200 4480 "-" "ltx71 - (http://ltx71.com/)"
195.168.241.155 - - [29/Apr/2018:07:58:01 -0400] "GET /wp-login.php HTTP/1.1" 404 8176 "-" "Mozilla/5.0 (Windows NT 6.1; WOW64; rv:40.0) Gecko/20100101 Firefox/40.1"
195.168.241.155 - - [29/Apr/2018:07:58:02 -0400] "GET / HTTP/1.1" 200 8298 "-" "Mozilla/5.0 (Windows NT 6.1; WOW64; rv:40.0) Gecko/20100101 Firefox/40.1"
66.249.73.89 - - [29/Apr/2018:07:58:23 -0400] "GET /papers/2013/nspw2013-zhao.pdf HTTP/1.1" 200 1019444 "-" "Mozilla/5.0 (compatible; Googlebot/2.1; +http://www.google.com/bot.html)"
113.190.244.106 - - [29/Apr/2018:07:58:24 -0400] "GET /papers/1999/nspw1999-henning.pdf HTTP/1.1" 200 666959 "-" "Mozilla/5.0 (X11; Linux x86_64) AppleWebKit/537.36 (KHTML, like Gecko) Chrome/63.0.3239.84 Safari/537.36"
66.249.73.91 - - [29/Apr/2018:08:00:06 -0400] "GET /2017 HTTP/1.1" 200 7053 "-" "Mozilla/5.0 (Linux; Android 6.0.1; Nexus 5X Build/MMB29P) AppleWebKit/537.36 (KHTML, like Gecko) Chrome/41.0.2272.96 Mobile Safari/537.36 (compatible; Googlebot/2.1; +http://www.google.com/bot.html)"
125.209.235.183 - - [29/Apr/2018:08:00:26 -0400] "GET /2006/jmu_infosec_logo.gif HTTP/1.1" 200 9181 "-" "Mozilla/5.0 (compatible; Yeti/1.1; +http://naver.me/spd)"
69.162.124.227 - - [29/Apr/2018:08:01:21 -0400] "HEAD / HTTP/1.1" 200 3874 "http://nspw.org/" "Mozilla/5.0+(compatible; UptimeRobot/2.0; http://www.uptimerobot.com/)"
66.249.66.93 - - [29/Apr/2018:08:01:50 -0400] "GET /2013/papers HTTP/1.1" 200 7017 "-" "Mozilla/5.0 (compatible; Googlebot/2.1; +http://www.google.com/bot.html)"
77.88.47.40 - - [29/Apr/2018:08:02:51 -0400] "GET /2009/proceedings/2001/?C=M;O=A HTTP/1.1" 200 4418 "-" "Mozilla/5.0 (compatible; YandexBot/3.0; +http://yandex.com/bots)"
66.249.73.91 - - [29/Apr/2018:08:03:33 -0400] "GET /2013/organizers HTTP/1.1" 200 6760 "-" "Mozilla/5.0 (compatible; Googlebot/2.1; +http://www.google.com/bot.html)"
79.16.30.117 - - [29/Apr/2018:08:04:32 -0400] "GET /wp-login.php HTTP/1.1" 404 7985 "-" "Mozilla/5.0 (Windows NT 6.1; WOW64; rv:40.0) Gecko/20100101 Firefox/40.1"
79.16.30.117 - - [29/Apr/2018:08:04:34 -0400] "GET / HTTP/1.1" 200 8206 "-" "Mozilla/5.0 (Windows NT 6.1; WOW64; rv:40.0) Gecko/20100101 Firefox/40.1"
66.249.73.87 - - [29/Apr/2018:08:05:16 -0400] "GET /2009/panel.html HTTP/1.1" 200 4148 "-" "Mozilla/5.0 (compatible; Googlebot/2.1; +http://www.google.com/bot.html)"
211.36.133.107 - - [29/Apr/2018:08:05:44 -0400] "GET /wp-login.php HTTP/1.1" 404 7491 "-" "Mozilla/5.0 (Windows NT 6.1; WOW64; rv:40.0) Gecko/20100101 Firefox/40.1"
211.36.133.107 - - [29/Apr/2018:08:05:45 -0400] "GET / HTTP/1.1" 200 8218 "-" "Mozilla/5.0 (Windows NT 6.1; WOW64; rv:40.0) Gecko/20100101 Firefox/40.1"
69.162.124.227 - - [29/Apr/2018:08:06:21 -0400] "HEAD / HTTP/1.1" 200 3874 "http://nspw.org/" "Mozilla/5.0+(compatible; UptimeRobot/2.0; http://www.uptimerobot.com/)"
66.249.73.87 - - [29/Apr/2018:08:07:12 -0400] "GET /2011/pc HTTP/1.1" 200 6524 "-" "Mozilla/5.0 (compatible; Googlebot/2.1; +http://www.google.com/bot.html)"
36.110.211.42 - - [29/Apr/2018:08:07:17 -0400] "GET / HTTP/1.1" 200 6623 "http://www.so.com/" "Mozilla/5.0 (Windows NT 6.2; rv:30.0) Gecko/20150101 Firefox/32.0 360Spider 360Spider"
36.110.211.42 - - [29/Apr/2018:08:07:17 -0400] "GET /modules/system/system.base.css?p7r9uw HTTP/1.1" 200 2307 "http://www.so.com/" "Mozilla/5.0 (Windows NT 6.2; rv:30.0) Gecko/20150101 Firefox/32.0 360Spider 360Spider"
36.110.211.42 - - [29/Apr/2018:08:07:17 -0400] "GET /modules/system/system.menus.css?p7r9uw HTTP/1.1" 200 1182 "http://www.so.com/" "Mozilla/5.0 (Windows NT 6.2; rv:30.0) Gecko/20150101 Firefox/32.0 360Spider 360Spider"
36.110.211.42 - - [29/Apr/2018:08:07:17 -0400] "GET /modules/system/system.messages.css?p7r9uw HTTP/1.1" 200 746 "http://www.so.com/" "Mozilla/5.0 (Windows NT 6.2; rv:30.0) Gecko/20150101 Firefox/32.0 360Spider 360Spider"
36.110.211.109 - - [29/Apr/2018:08:07:18 -0400] "GET /modules/comment/comment.css?p7r9uw HTTP/1.1" 200 662 "http://www.so.com/" "Mozilla/5.0 (Windows NT 6.2; rv:30.0) Gecko/20150101 Firefox/32.0 360Spider 360Spider"
36.110.211.109 - - [29/Apr/2018:08:07:18 -0400] "GET /modules/field/theme/field.css?p7r9uw HTTP/1.1" 200 756 "http://www.so.com/" "Mozilla/5.0 (Windows NT 6.2; rv:30.0) Gecko/20150101 Firefox/32.0 360Spider 360Spider"
36.110.211.42 - - [29/Apr/2018:08:07:18 -0400] "GET /modules/system/system.theme.css?p7r9uw HTTP/1.1" 200 1585 "http://www.so.com/" "Mozilla/5.0 (Windows NT 6.2; rv:30.0) Gecko/20150101 Firefox/32.0 360Spider 360Spider"
36.110.211.42 - - [29/Apr/2018:08:07:18 -0400] "GET /modules/node/node.css?p7r9uw HTTP/1.1" 200 472 "http://www.so.com/" "Mozilla/5.0 (Windows NT 6.2; rv:30.0) Gecko/20150101 Firefox/32.0 360Spider 360Spider"
36.110.211.42 - - [29/Apr/2018:08:07:18 -0400] "GET /modules/user/user.css?p7r9uw HTTP/1.1" 200 1219 "http://www.so.com/" "Mozilla/5.0 (Windows NT 6.2; rv:30.0) Gecko/20150101 Firefox/32.0 360Spider 360Spider"
36.110.211.41 - - [29/Apr/2018:08:07:18 -0400] "GET /themes/garland/style.css?p7r9uw HTTP/1.1" 200 5527 "http://www.so.com/" "Mozilla/5.0 (Windows NT 6.2; rv:30.0) Gecko/20150101 Firefox/32.0 360Spider 360Spider"
36.110.211.109 - - [29/Apr/2018:08:07:18 -0400] "GET /themes/garland/print.css?p7r9uw HTTP/1.1" 200 771 "http://www.so.com/" "Mozilla/5.0 (Windows NT 6.2; rv:30.0) Gecko/20150101 Firefox/32.0 360Spider 360Spider"
36.110.211.109 - - [29/Apr/2018:08:07:18 -0400] "GET /misc/drupal.js?p7r9uw HTTP/1.1" 200 7372 "http://www.so.com/" "Mozilla/5.0 (Windows NT 6.2; rv:30.0) Gecko/20150101 Firefox/32.0 360Spider 360Spider"
36.110.211.42 - - [29/Apr/2018:08:07:18 -0400] "GET /misc/jquery.once.js?v=1.2 HTTP/1.1" 200 1445 "http://www.so.com/" "Mozilla/5.0 (Windows NT 6.2; rv:30.0) Gecko/20150101 Firefox/32.0 360Spider 360Spider"
36.110.211.42 - - [29/Apr/2018:08:07:18 -0400] "GET /misc/jquery.js?v=1.4.4 HTTP/1.1" 200 27601 "http://www.so.com/" "Mozilla/5.0 (Windows NT 6.2; rv:30.0) Gecko/20150101 Firefox/32.0 360Spider 360Spider"
66.249.73.87 - - [29/Apr/2018:08:08:43 -0400] "GET /2009/proceedings/1996/ HTTP/1.1" 200 4398 "-" "Mozilla/5.0 (compatible; Googlebot/2.1; +http://www.google.com/bot.html)"
66.249.73.91 - - [29/Apr/2018:08:10:27 -0400] "GET /papers/2009/nspw2009-church.pdf HTTP/1.1" 200 283643 "-" "Mozilla/5.0 (Linux; Android 6.0.1; Nexus 5X Build/MMB29P) AppleWebKit/537.36 (KHTML, like Gecko) Chrome/41.0.2272.96 Mobile Safari/537.36 (compatible; Googlebot/2.1; +http://www.google.com/bot.html)"
69.162.124.227 - - [29/Apr/2018:08:11:21 -0400] "HEAD / HTTP/1.1" 200 3874 "http://nspw.org/" "Mozilla/5.0+(compatible; UptimeRobot/2.0; http://www.uptimerobot.com/)"
66.249.73.87 - - [29/Apr/2018:08:12:10 -0400] "GET /2009/proceedings/2009/nspw2009-church.pdf HTTP/1.1" 200 283643 "-" "Mozilla/5.0 (compatible; Googlebot/2.1; +http://www.google.com/bot.html)"
5.13.52.93 - - [29/Apr/2018:08:13:10 -0400] "GET /wp-login.php HTTP/1.1" 404 7839 "-" "Mozilla/5.0 (Windows NT 6.1; WOW64; rv:40.0) Gecko/20100101 Firefox/40.1"
5.13.52.93 - - [29/Apr/2018:08:13:11 -0400] "GET / HTTP/1.1" 200 8218 "-" "Mozilla/5.0 (Windows NT 6.1; WOW64; rv:40.0) Gecko/20100101 Firefox/40.1"
39.60.213.190 - - [29/Apr/2018:08:13:17 -0400] "GET /wp-login.php HTTP/1.1" 404 7839 "-" "Mozilla/5.0 (Windows NT 6.1; WOW64; rv:40.0) Gecko/20100101 Firefox/40.1"
39.60.213.190 - - [29/Apr/2018:08:13:24 -0400] "GET / HTTP/1.1" 200 8367 "-" "Mozilla/5.0 (Windows NT 6.1; WOW64; rv:40.0) Gecko/20100101 Firefox/40.1"
66.249.73.87 - - [29/Apr/2018:08:13:54 -0400] "GET /papers/1994/nspw1994-castano.pdf HTTP/1.1" 200 638901 "-" "Mozilla/5.0 (Linux; Android 6.0.1; Nexus 5X Build/MMB29P) AppleWebKit/537.36 (KHTML, like Gecko) Chrome/41.0.2272.96 Mobile Safari/537.36 (compatible; Googlebot/2.1; +http://www.google.com/bot.html)"
73.33.180.120 - - [29/Apr/2018:08:15:14 -0400] "GET /2009/proceedings/2000/nspw2000-mcdermott.pdf HTTP/1.1" 200 378066 "https://scholar.google.com/" "Mozilla/5.0 (Windows NT 10.0; Win64; x64) AppleWebKit/537.36 (KHTML, like Gecko) Chrome/65.0.3325.181 Safari/537.36"
66.249.73.87 - - [29/Apr/2018:08:15:37 -0400] "GET /papers/2006/nspw2006-wang.pdf HTTP/1.1" 200 512250 "-" "Mozilla/5.0 (compatible; Googlebot/2.1; +http://www.google.com/bot.html)"
66.249.73.89 - - [29/Apr/2018:08:16:09 -0400] "GET /papers/2000/nspw2000-moskowitz.pdf HTTP/1.1" 200 1052619 "-" "Mozilla/5.0 (compatible; Googlebot/2.1; +http://www.google.com/bot.html)"
69.162.124.227 - - [29/Apr/2018:08:16:21 -0400] "HEAD / HTTP/1.1" 200 3874 "http://nspw.org/" "Mozilla/5.0+(compatible; UptimeRobot/2.0; http://www.uptimerobot.com/)"
199.16.157.182 - - [29/Apr/2018:08:16:43 -0400] "GET /robots.txt HTTP/1.1" 200 5699 "-" "Twitterbot/1.0"
66.249.73.89 - - [29/Apr/2018:08:17:20 -0400] "GET /2009/proceedings/2000/nspw2000-mcdermott.pdf HTTP/1.1" 200 378051 "-" "Mozilla/5.0 (compatible; Googlebot/2.1; +http://www.google.com/bot.html)"
77.88.47.40 - - [29/Apr/2018:08:17:48 -0400] "GET /2005/pc-gen.pl HTTP/1.1" 200 4878 "-" "Mozilla/5.0 (compatible; YandexBot/3.0; +http://yandex.com/bots)"
223.237.209.180 - - [29/Apr/2018:08:19:09 -0400] "GET /wp-login.php HTTP/1.1" 404 7484 "-" "Mozilla/5.0 (Windows NT 6.1; WOW64; rv:40.0) Gecko/20100101 Firefox/40.1"
223.237.209.180 - - [29/Apr/2018:08:19:11 -0400] "GET / HTTP/1.1" 200 8218 "-" "Mozilla/5.0 (Windows NT 6.1; WOW64; rv:40.0) Gecko/20100101 Firefox/40.1"
66.249.73.89 - - [29/Apr/2018:08:20:47 -0400] "GET /papers/1998/nspw1998-beaver.pdf HTTP/1.1" 304 3606 "-" "Mozilla/5.0 (compatible; Googlebot/2.1; +http://www.google.com/bot.html)"
203.90.94.25 - - [29/Apr/2018:08:20:58 -0400] "GET /wp-login.php HTTP/1.1" 404 7839 "-" "Mozilla/5.0 (Windows NT 6.1; WOW64; rv:40.0) Gecko/20100101 Firefox/40.1"
203.90.94.25 - - [29/Apr/2018:08:20:58 -0400] "GET / HTTP/1.1" 200 8218 "-" "Mozilla/5.0 (Windows NT 6.1; WOW64; rv:40.0) Gecko/20100101 Firefox/40.1"
69.162.124.227 - - [29/Apr/2018:08:21:21 -0400] "HEAD / HTTP/1.1" 200 3874 "http://nspw.org/" "Mozilla/5.0+(compatible; UptimeRobot/2.0; http://www.uptimerobot.com/)"
216.244.66.236 - - [29/Apr/2018:08:21:43 -0400] "GET /robots.txt HTTP/1.1" 200 5796 "-" "Mozilla/5.0 (compatible; DotBot/1.1; http://www.opensiteexplorer.org/dotbot, help@moz.com)"
89.101.121.132 - - [29/Apr/2018:08:22:08 -0400] "GET /favicon.ico HTTP/1.1" 404 4093 "https://www.nspw.org/papers/1997/nspw1997-meadows.pdf" "Mozilla/5.0 (Windows NT 10.0; Win64; x64) AppleWebKit/537.36 (KHTML, like Gecko) Chrome/66.0.3359.139 Safari/537.36"
89.101.121.132 - - [29/Apr/2018:08:22:08 -0400] "GET /papers/1997/nspw1997-meadows.pdf HTTP/1.1" 200 431724 "https://www.google.ie/" "Mozilla/5.0 (Windows NT 10.0; Win64; x64) AppleWebKit/537.36 (KHTML, like Gecko) Chrome/66.0.3359.139 Safari/537.36"
66.249.73.91 - - [29/Apr/2018:08:22:30 -0400] "GET /papers/1993/nspw1993-hosmer.pdf HTTP/1.1" 200 1025715 "-" "Mozilla/5.0 (compatible; Googlebot/2.1; +http://www.google.com/bot.html)"
195.22.127.231 - - [29/Apr/2018:08:22:42 -0400] "GET /.git/HEAD HTTP/1.1" 403 3965 "-" "Mozilla/5.0 (Windows NT 6.3; Win64; x64) AppleWebKit/537.36 (KHTML, like Gecko) Chrome/62.0.3202.94 Safari/537.36"
66.249.73.89 - - [29/Apr/2018:08:24:14 -0400] "GET /papers/1997/nspw1997-meadows.pdf HTTP/1.1" 200 431941 "-" "Mozilla/5.0 (Linux; Android 6.0.1; Nexus 5X Build/MMB29P) AppleWebKit/537.36 (KHTML, like Gecko) Chrome/41.0.2272.96 Mobile Safari/537.36 (compatible; Googlebot/2.1; +http://www.google.com/bot.html)"
216.244.66.200 - - [29/Apr/2018:08:25:36 -0400] "GET /robots.txt HTTP/1.1" 200 5796 "-" "Mozilla/5.0 (compatible; DotBot/1.1; http://www.opensiteexplorer.org/dotbot, help@moz.com)"
66.249.73.87 - - [29/Apr/2018:08:25:58 -0400] "GET /2009/proceedings/2001/nspw2001-brostoff.pdf HTTP/1.1" 200 1048585 "-" "Mozilla/5.0 (compatible; Googlebot/2.1; +http://www.google.com/bot.html)"
130.83.217.192 - - [29/Apr/2018:08:26:14 -0400] "GET /favicon.ico HTTP/1.1" 404 857 "https://www.nspw.org/papers/1996/nspw1996-zurko.pdf" "Mozilla/5.0 (X11; Linux x86_64) AppleWebKit/537.36 (KHTML, like Gecko) Ubuntu Chromium/65.0.3325.181 Chrome/65.0.3325.181 Safari/537.36"
130.83.217.192 - - [29/Apr/2018:08:26:14 -0400] "GET /papers/1996/nspw1996-zurko.pdf HTTP/1.1" 200 887110 "https://www.google.de/" "Mozilla/5.0 (X11; Linux x86_64) AppleWebKit/537.36 (KHTML, like Gecko) Ubuntu Chromium/65.0.3325.181 Chrome/65.0.3325.181 Safari/537.36"
69.162.124.227 - - [29/Apr/2018:08:26:21 -0400] "HEAD / HTTP/1.1" 200 3874 "http://nspw.org/" "Mozilla/5.0+(compatible; UptimeRobot/2.0; http://www.uptimerobot.com/)"
66.249.73.89 - - [29/Apr/2018:08:27:40 -0400] "GET /papers/1996/nspw1996-zurko.pdf HTTP/1.1" 200 887095 "-" "Mozilla/5.0 (Linux; Android 6.0.1; Nexus 5X Build/MMB29P) AppleWebKit/537.36 (KHTML, like Gecko) Chrome/41.0.2272.96 Mobile Safari/537.36 (compatible; Googlebot/2.1; +http://www.google.com/bot.html)"
66.249.73.91 - - [29/Apr/2018:08:29:23 -0400] "GET /proceedings HTTP/1.1" 200 6342 "-" "Mozilla/5.0 (compatible; Googlebot/2.1; +http://www.google.com/bot.html)"
182.65.127.187 - - [29/Apr/2018:08:29:24 -0400] "GET /wp-login.php HTTP/1.1" 404 7907 "-" "Mozilla/5.0 (Windows NT 6.1; WOW64; rv:40.0) Gecko/20100101 Firefox/40.1"
182.65.127.187 - - [29/Apr/2018:08:29:26 -0400] "GET / HTTP/1.1" 200 8218 "-" "Mozilla/5.0 (Windows NT 6.1; WOW64; rv:40.0) Gecko/20100101 Firefox/40.1"
178.255.215.92 - - [29/Apr/2018:08:30:12 -0400] "GET /robots.txt HTTP/1.1" 200 4548 "-" "Mozilla/5.0 (compatible; Exabot/3.0; +http://www.exabot.com/go/robot)"
66.249.73.91 - - [29/Apr/2018:08:31:08 -0400] "GET /papers/2007/nspw2007-somayaji.pdf HTTP/1.1" 200 179834 "-" "Mozilla/5.0 (compatible; Googlebot/2.1; +http://www.google.com/bot.html)"
69.162.124.227 - - [29/Apr/2018:08:31:21 -0400] "HEAD / HTTP/1.1" 200 3874 "http://nspw.org/" "Mozilla/5.0+(compatible; UptimeRobot/2.0; http://www.uptimerobot.com/)"
92.53.44.243 - - [29/Apr/2018:08:32:39 -0400] "GET /wp-login.php HTTP/1.1" 404 7839 "-" "Mozilla/5.0 (Windows NT 6.1; WOW64; rv:40.0) Gecko/20100101 Firefox/40.1"
92.53.44.243 - - [29/Apr/2018:08:32:40 -0400] "GET / HTTP/1.1" 200 8218 "-" "Mozilla/5.0 (Windows NT 6.1; WOW64; rv:40.0) Gecko/20100101 Firefox/40.1"
66.249.73.89 - - [29/Apr/2018:08:32:50 -0400] "GET /papers/2003/nspw2003-alkassar.pdf HTTP/1.1" 200 787955 "-" "Mozilla/5.0 (compatible; Googlebot/2.1; +http://www.google.com/bot.html)"
66.249.73.89 - - [29/Apr/2018:08:34:34 -0400] "GET /papers/2010/nspw2010-raskin.pdf HTTP/1.1" 200 610901 "-" "Mozilla/5.0 (compatible; Googlebot/2.1; +http://www.google.com/bot.html)"
108.15.18.31 - - [29/Apr/2018:08:35:18 -0400] "GET /wp-login.php HTTP/1.1" 404 7839 "-" "Mozilla/5.0 (Windows NT 6.1; WOW64; rv:40.0) Gecko/20100101 Firefox/40.1"
108.15.18.31 - - [29/Apr/2018:08:35:18 -0400] "GET / HTTP/1.1" 200 8218 "-" "Mozilla/5.0 (Windows NT 6.1; WOW64; rv:40.0) Gecko/20100101 Firefox/40.1"
