66.249.73.87 - - [28/Apr/2018:17:40:16 -0400] "GET /papers/1998/nspw1998-beaver.pdf HTTP/1.1" 304 3606 "-" "Mozilla/5.0 (compatible; Googlebot/2.1; +http://www.google.com/bot.html)"
125.209.235.179 - - [28/Apr/2018:17:40:27 -0400] "GET /1999/ HTTP/1.1" 200 5128 "-" "Mozilla/5.0 (compatible; Yeti/1.1; +http://naver.me/spd)"
66.249.73.87 - - [28/Apr/2018:17:41:27 -0400] "GET /papers/2012/docs/p1.pdf HTTP/1.1" 304 3605 "-" "Mozilla/5.0 (compatible; Googlebot/2.1; +http://www.google.com/bot.html)"
77.88.47.40 - - [28/Apr/2018:17:41:30 -0400] "GET /papers/2007/?C=M;O=A HTTP/1.1" 200 4360 "-" "Mozilla/5.0 (compatible; YandexBot/3.0; +http://yandex.com/bots)"
216.244.66.236 - - [28/Apr/2018:17:42:04 -0400] "GET /robots.txt HTTP/1.1" 200 5796 "-" "Mozilla/5.0 (compatible; DotBot/1.1; http://www.opensiteexplorer.org/dotbot, help@moz.com)"
119.149.49.182 - - [28/Apr/2018:17:42:29 -0400] "GET /wp-login.php HTTP/1.1" 404 7839 "-" "Mozilla/5.0 (Windows NT 6.1; WOW64; rv:40.0) Gecko/20100101 Firefox/40.1"
119.149.49.182 - - [28/Apr/2018:17:42:36 -0400] "GET / HTTP/1.1" 200 8218 "-" "Mozilla/5.0 (Windows NT 6.1; WOW64; rv:40.0) Gecko/20100101 Firefox/40.1"
66.249.73.91 - - [28/Apr/2018:17:42:39 -0400] "GET / HTTP/1.1" 200 6608 "-" "Mozilla/5.0 (compatible; Googlebot/2.1; +http://www.google.com/bot.html)"
66.249.73.89 - - [28/Apr/2018:17:43:50 -0400] "GET /papers/2011/nspw2011-locasto.pdf HTTP/1.1" 200 555120 "-" "Mozilla/5.0 (compatible; Googlebot/2.1; +http://www.google.com/bot.html)"
66.249.73.89 - - [28/Apr/2018:17:45:01 -0400] "GET /papers/2003/nspw2003-mchugh.pdf HTTP/1.1" 200 765834 "-" "Mozilla/5.0 (compatible; Googlebot/2.1; +http://www.google.com/bot.html)"
69.162.124.227 - - [28/Apr/2018:17:45:14 -0400] "HEAD / HTTP/1.1" 200 3874 "http://nspw.org/" "Mozilla/5.0+(compatible; UptimeRobot/2.0; http://www.uptimerobot.com/)"
66.249.73.89 - - [28/Apr/2018:17:46:12 -0400] "GET /2018 HTTP/1.1" 200 6907 "-" "Mozilla/5.0 (compatible; Googlebot/2.1; +http://www.google.com/bot.html)"
66.249.73.87 - - [28/Apr/2018:17:47:24 -0400] "GET /papers/2012/docs/p77.pdf HTTP/1.1" 304 3605 "-" "Mozilla/5.0 (compatible; Googlebot/2.1; +http://www.google.com/bot.html)"
207.46.13.52 - - [28/Apr/2018:17:47:31 -0400] "GET /papers/2001/nspw2001-foley.pdf HTTP/1.1" 200 723149 "-" "Mozilla/5.0 (iPhone; CPU iPhone OS 7_0 like Mac OS X) AppleWebKit/537.51.1 (KHTML, like Gecko) Version/7.0 Mobile/11A465 Safari/9537.53 (compatible; bingbot/2.0; +http://www.bing.com/bingbot.htm)"
216.244.66.200 - - [28/Apr/2018:17:48:32 -0400] "GET /robots.txt HTTP/1.1" 200 5796 "-" "Mozilla/5.0 (compatible; DotBot/1.1; http://www.opensiteexplorer.org/dotbot, help@moz.com)"
66.249.73.87 - - [28/Apr/2018:17:48:35 -0400] "GET /papers/2013/nspw2013-ard.pdf HTTP/1.1" 200 740529 "-" "Mozilla/5.0 (compatible; Googlebot/2.1; +http://www.google.com/bot.html)"
66.249.73.91 - - [28/Apr/2018:17:49:47 -0400] "GET /papers/1993/nspw1993-schaefer.pdf HTTP/1.1" 200 659850 "-" "Mozilla/5.0 (compatible; Googlebot/2.1; +http://www.google.com/bot.html)"
69.162.124.227 - - [28/Apr/2018:17:50:14 -0400] "HEAD / HTTP/1.1" 200 3874 "http://nspw.org/" "Mozilla/5.0+(compatible; UptimeRobot/2.0; http://www.uptimerobot.com/)"
66.249.73.87 - - [28/Apr/2018:17:50:58 -0400] "GET /papers/1998/nspw1998-foley.pdf HTTP/1.1" 200 652888 "-" "Mozilla/5.0 (compatible; Googlebot/2.1; +http://www.google.com/bot.html)"
66.249.73.89 - - [28/Apr/2018:17:52:09 -0400] "GET /papers/2012/docs/p15.pdf HTTP/1.1" 304 3605 "-" "Mozilla/5.0 (compatible; Googlebot/2.1; +http://www.google.com/bot.html)"
66.249.73.87 - - [28/Apr/2018:17:53:21 -0400] "GET /papers/2005/nspw2005-locasto.pdf HTTP/1.1" 200 2008772 "-" "Mozilla/5.0 (compatible; Googlebot/2.1; +http://www.google.com/bot.html)"
77.88.47.40 - - [28/Apr/2018:17:53:52 -0400] "GET /2004/dates.content HTTP/1.1" 200 4321 "-" "Mozilla/5.0 (compatible; YandexBot/3.0; +http://yandex.com/bots)"
66.249.73.87 - - [28/Apr/2018:17:54:32 -0400] "GET /papers/2011/nspw2011-friedland.pdf HTTP/1.1" 200 437587 "-" "Mozilla/5.0 (compatible; Googlebot/2.1; +http://www.google.com/bot.html)"
181.62.200.51 - - [28/Apr/2018:17:54:41 -0400] "GET /wp-login.php HTTP/1.1" 404 7782 "-" "Mozilla/5.0 (Windows NT 6.1; WOW64; rv:40.0) Gecko/20100101 Firefox/40.1"
181.62.200.51 - - [28/Apr/2018:17:54:42 -0400] "GET / HTTP/1.1" 200 8266 "-" "Mozilla/5.0 (Windows NT 6.1; WOW64; rv:40.0) Gecko/20100101 Firefox/40.1"
69.162.124.227 - - [28/Apr/2018:17:55:14 -0400] "HEAD / HTTP/1.1" 200 3874 "http://nspw.org/" "Mozilla/5.0+(compatible; UptimeRobot/2.0; http://www.uptimerobot.com/)"
51.15.225.217 - - [28/Apr/2018:17:55:43 -0400] "GET /robots.txt HTTP/1.1" 200 5942 "-" "Mozilla/5.0 (X11; Linux x86_64) AppleWebKit/537.36 (KHTML, like Gecko) Chrome/65.0.3325.181 Safari/537.36"
66.249.73.89 - - [28/Apr/2018:17:55:43 -0400] "GET /papers/2013/nspw2013-peisert.pdf HTTP/1.1" 200 712024 "-" "Mozilla/5.0 (compatible; Googlebot/2.1; +http://www.google.com/bot.html)"
66.249.73.89 - - [28/Apr/2018:17:56:54 -0400] "GET /2009/proceedings/1996/nspw1996-nelson.pdf HTTP/1.1" 304 3605 "-" "Mozilla/5.0 (Linux; Android 6.0.1; Nexus 5X Build/MMB29P) AppleWebKit/537.36 (KHTML, like Gecko) Chrome/41.0.2272.96 Mobile Safari/537.36 (compatible; Googlebot/2.1; +http://www.google.com/bot.html)"
40.77.167.26 - - [28/Apr/2018:17:56:11 -0400] "GET /papers/2005/nspw2005-thorpe.pdf HTTP/1.1" 200 3949567 "-" "Mozilla/5.0 (iPhone; CPU iPhone OS 7_0 like Mac OS X) AppleWebKit/537.51.1 (KHTML, like Gecko) Version/7.0 Mobile/11A465 Safari/9537.53 (compatible; bingbot/2.0; +http://www.bing.com/bingbot.htm)"
186.121.239.122 - - [28/Apr/2018:17:57:27 -0400] "GET /wp-login.php HTTP/1.1" 404 7491 "-" "Mozilla/5.0 (Windows NT 6.1; WOW64; rv:40.0) Gecko/20100101 Firefox/40.1"
186.121.239.122 - - [28/Apr/2018:17:57:28 -0400] "GET / HTTP/1.1" 200 8218 "-" "Mozilla/5.0 (Windows NT 6.1; WOW64; rv:40.0) Gecko/20100101 Firefox/40.1"
66.249.73.91 - - [28/Apr/2018:17:58:05 -0400] "GET /2008/papers.shtml HTTP/1.1" 200 5701 "-" "Mozilla/5.0 (Linux; Android 6.0.1; Nexus 5X Build/MMB29P) AppleWebKit/537.36 (KHTML, like Gecko) Chrome/41.0.2272.96 Mobile Safari/537.36 (compatible; Googlebot/2.1; +http://www.google.com/bot.html)"
107.221.73.249 - - [28/Apr/2018:17:59:08 -0400] "GET /wp-login.php HTTP/1.1" 404 7839 "-" "Mozilla/5.0 (Windows NT 6.1; WOW64; rv:40.0) Gecko/20100101 Firefox/40.1"
107.221.73.249 - - [28/Apr/2018:17:59:08 -0400] "GET / HTTP/1.1" 200 8218 "-" "Mozilla/5.0 (Windows NT 6.1; WOW64; rv:40.0) Gecko/20100101 Firefox/40.1"
66.249.73.87 - - [28/Apr/2018:17:59:17 -0400] "GET /cfp/nspw2010-cfp.pdf HTTP/1.1" 200 60166 "-" "Mozilla/5.0 (compatible; Googlebot/2.1; +http://www.google.com/bot.html)"
69.162.124.227 - - [28/Apr/2018:18:00:14 -0400] "HEAD / HTTP/1.1" 200 3874 "http://nspw.org/" "Mozilla/5.0+(compatible; UptimeRobot/2.0; http://www.uptimerobot.com/)"
66.249.73.91 - - [28/Apr/2018:18:00:28 -0400] "GET /papers/2004/nspw2004-zhou.pdf HTTP/1.1" 200 198793 "-" "Mozilla/5.0 (compatible; Googlebot/2.1; +http://www.google.com/bot.html)"
66.249.73.89 - - [28/Apr/2018:18:00:46 -0400] "GET /papers/2005/nspw2005-flechais.pdf HTTP/1.1" 200 2796418 "-" "Googlebot/2.1 (+http://www.google.com/bot.html)"
125.209.235.170 - - [28/Apr/2018:18:01:17 -0400] "GET /2002/ HTTP/1.1" 200 5096 "-" "Mozilla/5.0 (compatible; Yeti/1.1; +http://naver.me/spd)"
66.249.73.91 - - [28/Apr/2018:18:01:40 -0400] "GET /papers/1993/nspw1993-lapadula-2.pdf HTTP/1.1" 200 611628 "-" "Mozilla/5.0 (compatible; Googlebot/2.1; +http://www.google.com/bot.html)"
66.249.73.87 - - [28/Apr/2018:18:02:50 -0400] "GET /papers/1999/ HTTP/1.1" 200 4357 "-" "Mozilla/5.0 (compatible; Googlebot/2.1; +http://www.google.com/bot.html)"
66.249.73.87 - - [28/Apr/2018:18:04:02 -0400] "GET /papers/2008/ HTTP/1.1" 200 4326 "-" "Mozilla/5.0 (compatible; Googlebot/2.1; +http://www.google.com/bot.html)"
66.249.73.89 - - [28/Apr/2018:18:05:13 -0400] "GET /2009/proceedings/1993/nspw1993-lin.pdf HTTP/1.1" 200 1018564 "-" "Mozilla/5.0 (compatible; Googlebot/2.1; +http://www.google.com/bot.html)"
69.162.124.227 - - [28/Apr/2018:18:05:14 -0400] "HEAD / HTTP/1.1" 200 3874 "http://nspw.org/" "Mozilla/5.0+(compatible; UptimeRobot/2.0; http://www.uptimerobot.com/)"
216.244.66.236 - - [28/Apr/2018:18:06:19 -0400] "GET /robots.txt HTTP/1.1" 200 5796 "-" "Mozilla/5.0 (compatible; DotBot/1.1; http://www.opensiteexplorer.org/dotbot, help@moz.com)"
66.249.73.87 - - [28/Apr/2018:18:06:25 -0400] "GET /2005/cfp/latex/macros.sty HTTP/1.1" 200 14425 "-" "Mozilla/5.0 (compatible; Googlebot/2.1; +http://www.google.com/bot.html)"
66.249.73.87 - - [28/Apr/2018:18:06:35 -0400] "GET /2009/proceedings/1993/nspw1993-rooker-2.pdf HTTP/1.1" 200 572187 "-" "Googlebot/2.1 (+http://www.google.com/bot.html)"
66.249.73.91 - - [28/Apr/2018:18:07:36 -0400] "GET /papers/1993/nspw1993-rooker-2.pdf HTTP/1.1" 200 572187 "-" "Mozilla/5.0 (compatible; Googlebot/2.1; +http://www.google.com/bot.html)"
77.88.47.40 - - [28/Apr/2018:18:07:43 -0400] "GET /2005/ieee.clo HTTP/1.1" 200 13278 "-" "Mozilla/5.0 (compatible; YandexBot/3.0; +http://yandex.com/bots)"
66.249.73.87 - - [28/Apr/2018:18:08:20 -0400] "GET /papers/1994/nspw1994-nelson.pdf HTTP/1.1" 200 580083 "-" "Googlebot/2.1 (+http://www.google.com/bot.html)"
66.249.73.87 - - [28/Apr/2018:18:08:47 -0400] "GET /papers/2005/nspw2005-taylor-pos.pdf HTTP/1.1" 200 464271 "-" "Mozilla/5.0 (compatible; Googlebot/2.1; +http://www.google.com/bot.html)"
66.249.73.89 - - [28/Apr/2018:18:09:58 -0400] "GET /papers/2013/nspw2013-crane.pdf HTTP/1.1" 304 3606 "-" "Mozilla/5.0 (compatible; Googlebot/2.1; +http://www.google.com/bot.html)"
69.162.124.227 - - [28/Apr/2018:18:10:14 -0400] "HEAD / HTTP/1.1" 200 3874 "http://nspw.org/" "Mozilla/5.0+(compatible; UptimeRobot/2.0; http://www.uptimerobot.com/)"
66.249.73.87 - - [28/Apr/2018:18:11:10 -0400] "GET /papers/2004/nspw2004-hollebeek.pdf HTTP/1.1" 200 120240 "-" "Mozilla/5.0 (compatible; Googlebot/2.1; +http://www.google.com/bot.html)"
39.52.147.70 - - [28/Apr/2018:18:11:32 -0400] "GET /wp-login.php HTTP/1.1" 404 7484 "-" "Mozilla/5.0 (Windows NT 6.1; WOW64; rv:40.0) Gecko/20100101 Firefox/40.1"
77.88.47.40 - - [28/Apr/2018:18:11:54 -0400] "GET / HTTP/1.1" 200 6634 "-" "Mozilla/5.0 (compatible; YandexBot/3.0; +http://yandex.com/bots)"
66.249.73.89 - - [28/Apr/2018:18:12:21 -0400] "GET /papers/2008/nspw2008-zhao.pdf HTTP/1.1" 200 568085 "-" "Mozilla/5.0 (compatible; Googlebot/2.1; +http://www.google.com/bot.html)"
106.11.155.130 - - [28/Apr/2018:18:12:23 -0400] "GET / HTTP/1.1" 200 11533 "-" "YisouSpider"
66.249.73.89 - - [28/Apr/2018:18:13:32 -0400] "GET /papers/2010/nspw2010-bratus.pdf HTTP/1.1" 200 457254 "-" "Mozilla/5.0 (compatible; Googlebot/2.1; +http://www.google.com/bot.html)"
190.198.187.159 - - [28/Apr/2018:18:13:58 -0400] "GET /wp-login.php HTTP/1.1" 404 7839 "-" "Mozilla/5.0 (Windows NT 6.1; WOW64; rv:40.0) Gecko/20100101 Firefox/40.1"
190.198.187.159 - - [28/Apr/2018:18:14:02 -0400] "GET / HTTP/1.1" 200 8218 "-" "Mozilla/5.0 (Windows NT 6.1; WOW64; rv:40.0) Gecko/20100101 Firefox/40.1"
66.249.73.89 - - [28/Apr/2018:18:14:44 -0400] "GET /papers/2004/nspw2004-gates.pdf HTTP/1.1" 200 148275 "-" "Mozilla/5.0 (compatible; Googlebot/2.1; +http://www.google.com/bot.html)"
207.46.13.52 - - [28/Apr/2018:18:14:21 -0400] "GET /papers/1999/nspw1999-lipson.pdf HTTP/1.1" 200 653751 "-" "Mozilla/5.0 (iPhone; CPU iPhone OS 7_0 like Mac OS X) AppleWebKit/537.51.1 (KHTML, like Gecko) Version/7.0 Mobile/11A465 Safari/9537.53 (compatible; bingbot/2.0; +http://www.bing.com/bingbot.htm)"
66.249.73.87 - - [28/Apr/2018:18:15:03 -0400] "GET /2005/PC/michael%20goodrich.pdf HTTP/1.1" 404 8038 "-" "Googlebot/2.1 (+http://www.google.com/bot.html)"
69.162.124.227 - - [28/Apr/2018:18:15:14 -0400] "HEAD / HTTP/1.1" 200 3874 "http://nspw.org/" "Mozilla/5.0+(compatible; UptimeRobot/2.0; http://www.uptimerobot.com/)"
66.249.73.87 - - [28/Apr/2018:18:15:47 -0400] "GET /papers/2001/nspw2001-yan.pdf HTTP/1.1" 200 510133 "-" "Googlebot/2.1 (+http://www.google.com/bot.html)"
66.249.73.87 - - [28/Apr/2018:18:15:55 -0400] "GET /papers/2005/nspw2005-mcdermott.pdf HTTP/1.1" 200 4280145 "-" "Mozilla/5.0 (compatible; Googlebot/2.1; +http://www.google.com/bot.html)"
66.249.73.87 - - [28/Apr/2018:18:15:55 -0400] "GET /2009/proceedings/2000/nspw2000-olthoff.pdf HTTP/1.1" 200 501100 "-" "Googlebot/2.1 (+http://www.google.com/bot.html)"
66.249.73.87 - - [28/Apr/2018:18:16:23 -0400] "GET /papers/1993/nspw1993-thuraisingham.pdf HTTP/1.1" 200 531515 "-" "Googlebot/2.1 (+http://www.google.com/bot.html)"
66.249.73.89 - - [28/Apr/2018:18:17:06 -0400] "GET /papers/2013/nspw2013-castro.pdf HTTP/1.1" 200 347010 "-" "Mozilla/5.0 (compatible; Googlebot/2.1; +http://www.google.com/bot.html)"
117.227.58.32 - - [28/Apr/2018:18:17:33 -0400] "GET /wp-login.php HTTP/1.1" 404 7985 "-" "Mozilla/5.0 (Windows NT 6.1; WOW64; rv:40.0) Gecko/20100101 Firefox/40.1"
117.227.58.32 - - [28/Apr/2018:18:17:33 -0400] "GET / HTTP/1.1" 200 8206 "-" "Mozilla/5.0 (Windows NT 6.1; WOW64; rv:40.0) Gecko/20100101 Firefox/40.1"
66.249.73.87 - - [28/Apr/2018:18:18:08 -0400] "GET /2009/proceedings/2003/nspw2003-mirkovic.pdf HTTP/1.1" 200 953388 "-" "Googlebot/2.1 (+http://www.google.com/bot.html)"
66.249.73.87 - - [28/Apr/2018:18:18:17 -0400] "GET /papers/2012/docs/p67.pdf HTTP/1.1" 304 3605 "-" "Mozilla/5.0 (compatible; Googlebot/2.1; +http://www.google.com/bot.html)"
70.118.222.237 - - [28/Apr/2018:18:18:56 -0400] "GET /wp-login.php HTTP/1.1" 404 7839 "-" "Mozilla/5.0 (Windows NT 6.1; WOW64; rv:40.0) Gecko/20100101 Firefox/40.1"
70.118.222.237 - - [28/Apr/2018:18:18:57 -0400] "GET / HTTP/1.1" 200 8218 "-" "Mozilla/5.0 (Windows NT 6.1; WOW64; rv:40.0) Gecko/20100101 Firefox/40.1"
66.249.73.91 - - [28/Apr/2018:18:19:29 -0400] "GET /papers/1999/nspw1999-michael.pdf HTTP/1.1" 200 596849 "-" "Mozilla/5.0 (compatible; Googlebot/2.1; +http://www.google.com/bot.html)"
69.162.124.227 - - [28/Apr/2018:18:20:14 -0400] "HEAD / HTTP/1.1" 200 3874 "http://nspw.org/" "Mozilla/5.0+(compatible; UptimeRobot/2.0; http://www.uptimerobot.com/)"
66.249.73.87 - - [28/Apr/2018:18:20:21 -0400] "GET /papers/2000/nspw2000-marceau.pdf HTTP/1.1" 200 1076682 "-" "Googlebot/2.1 (+http://www.google.com/bot.html)"
66.249.73.87 - - [28/Apr/2018:18:20:40 -0400] "GET /papers/2010/nspw2010-vancleeff.pdf HTTP/1.1" 200 418639 "-" "Mozilla/5.0 (compatible; Googlebot/2.1; +http://www.google.com/bot.html)"
125.209.235.175 - - [28/Apr/2018:18:21:19 -0400] "GET /2006/ HTTP/1.1" 200 5288 "-" "Mozilla/5.0 (compatible; Yeti/1.1; +http://naver.me/spd)"
66.249.73.89 - - [28/Apr/2018:18:21:51 -0400] "GET /papers/2010/nspw2010-faily.pdf HTTP/1.1" 200 539853 "-" "Mozilla/5.0 (compatible; Googlebot/2.1; +http://www.google.com/bot.html)"
66.249.73.87 - - [28/Apr/2018:18:22:41 -0400] "GET /papers/2002/nspw2002-capkun.pdf HTTP/1.1" 200 622519 "-" "Googlebot/2.1 (+http://www.google.com/bot.html)"
66.249.73.87 - - [28/Apr/2018:18:22:47 -0400] "GET /papers/2001/nspw2001-bruschi.pdf HTTP/1.1" 200 601125 "-" "Googlebot/2.1 (+http://www.google.com/bot.html)"
66.249.73.91 - - [28/Apr/2018:18:23:03 -0400] "GET /papers/2007/nspw2007-nali.pdf HTTP/1.1" 200 878633 "-" "Mozilla/5.0 (compatible; Googlebot/2.1; +http://www.google.com/bot.html)"
66.249.73.87 - - [28/Apr/2018:18:24:14 -0400] "GET /2009/proceedings/1997/nspw1997-nelson.pdf HTTP/1.1" 304 3605 "-" "Mozilla/5.0 (Linux; Android 6.0.1; Nexus 5X Build/MMB29P) AppleWebKit/537.36 (KHTML, like Gecko) Chrome/41.0.2272.96 Mobile Safari/537.36 (compatible; Googlebot/2.1; +http://www.google.com/bot.html)"
40.77.167.26 - - [28/Apr/2018:18:24:32 -0400] "GET /papers/2008/nspw2008-greenwald.pdf HTTP/1.1" 200 347709 "-" "Mozilla/5.0 (iPhone; CPU iPhone OS 7_0 like Mac OS X) AppleWebKit/537.51.1 (KHTML, like Gecko) Version/7.0 Mobile/11A465 Safari/9537.53 (compatible; bingbot/2.0; +http://www.bing.com/bingbot.htm)"
69.162.124.227 - - [28/Apr/2018:18:25:14 -0400] "HEAD / HTTP/1.1" 200 3874 "http://nspw.org/" "Mozilla/5.0+(compatible; UptimeRobot/2.0; http://www.uptimerobot.com/)"
66.249.73.89 - - [28/Apr/2018:18:25:25 -0400] "GET /cfp/nspw2017-cfp.pdf HTTP/1.1" 304 3605 "-" "Mozilla/5.0 (Linux; Android 6.0.1; Nexus 5X Build/MMB29P) AppleWebKit/537.36 (KHTML, like Gecko) Chrome/41.0.2272.96 Mobile Safari/537.36 (compatible; Googlebot/2.1; +http://www.google.com/bot.html)"
66.249.73.87 - - [28/Apr/2018:18:26:37 -0400] "GET /papers/2007/nspw2007-solworth.pdf HTTP/1.1" 200 384581 "-" "Mozilla/5.0 (compatible; Googlebot/2.1; +http://www.google.com/bot.html)"
186.148.182.201 - - [28/Apr/2018:18:26:37 -0400] "GET /wp-login.php HTTP/1.1" 404 7484 "-" "Mozilla/5.0 (Windows NT 6.1; WOW64; rv:40.0) Gecko/20100101 Firefox/40.1"
186.148.182.201 - - [28/Apr/2018:18:26:38 -0400] "GET / HTTP/1.1" 200 8218 "-" "Mozilla/5.0 (Windows NT 6.1; WOW64; rv:40.0) Gecko/20100101 Firefox/40.1"
66.249.73.87 - - [28/Apr/2018:18:27:09 -0400] "GET /2009/proceedings/1999/nspw1999-jonsson.pdf HTTP/1.1" 200 774419 "-" "Googlebot/2.1 (+http://www.google.com/bot.html)"
154.125.4.95 - - [28/Apr/2018:18:27:21 -0400] "GET /wp-login.php HTTP/1.1" 404 7484 "-" "Mozilla/5.0 (Windows NT 6.1; WOW64; rv:40.0) Gecko/20100101 Firefox/40.1"
154.125.4.95 - - [28/Apr/2018:18:27:27 -0400] "GET / HTTP/1.1" 200 8356 "-" "Mozilla/5.0 (Windows NT 6.1; WOW64; rv:40.0) Gecko/20100101 Firefox/40.1"
66.249.73.87 - - [28/Apr/2018:18:27:48 -0400] "GET /papers/2002/nspw2002-marceau.pdf HTTP/1.1" 200 197896 "-" "Mozilla/5.0 (Linux; Android 6.0.1; Nexus 5X Build/MMB29P) AppleWebKit/537.36 (KHTML, like Gecko) Chrome/41.0.2272.96 Mobile Safari/537.36 (compatible; Googlebot/2.1; +http://www.google.com/bot.html)"
66.249.73.87 - - [28/Apr/2018:18:27:57 -0400] "GET /2009/proceedings/2014-pre/pieters-nspw2014pre.pdf HTTP/1.1" 404 8113 "-" "Googlebot/2.1 (+http://www.google.com/bot.html)"
66.249.73.89 - - [28/Apr/2018:18:28:59 -0400] "GET /papers/2000/nspw2000-mcdermott.pdf HTTP/1.1" 200 378051 "-" "Mozilla/5.0 (compatible; Googlebot/2.1; +http://www.google.com/bot.html)"
42.114.15.109 - - [28/Apr/2018:18:29:24 -0400] "GET / HTTP/1.1" 200 11650 "-" "Mozilla/5.0 (Windows; U; Windows NT 5.1; en-US; rv:x.x.x) Gecko/20041107 Firefox/x.x"
98.5.201.240 - - [28/Apr/2018:18:29:56 -0400] "GET /papers/2011/nspw2011-pieters.pdf HTTP/1.1" 200 2771041 "-" "Mozilla/5.0 (Windows NT 10.0; Win64; x64) AppleWebKit/537.36 (KHTML, like Gecko) Chrome/66.0.3359.139 Safari/537.36"
98.5.201.240 - - [28/Apr/2018:18:29:57 -0400] "GET /favicon.ico HTTP/1.1" 404 4109 "https://www.nspw.org/papers/2011/nspw2011-pieters.pdf" "Mozilla/5.0 (Windows NT 10.0; Win64; x64) AppleWebKit/537.36 (KHTML, like Gecko) Chrome/66.0.3359.139 Safari/537.36"
66.249.73.87 - - [28/Apr/2018:18:30:10 -0400] "GET /2003/local.html HTTP/1.1" 404 8002 "-" "Mozilla/5.0 (compatible; Googlebot/2.1; +http://www.google.com/bot.html)"
69.162.124.227 - - [28/Apr/2018:18:30:14 -0400] "HEAD / HTTP/1.1" 200 3874 "http://nspw.org/" "Mozilla/5.0+(compatible; UptimeRobot/2.0; http://www.uptimerobot.com/)"
66.249.73.89 - - [28/Apr/2018:18:31:21 -0400] "GET /2005/dates.shtml HTTP/1.1" 200 4968 "-" "Mozilla/5.0 (Linux; Android 6.0.1; Nexus 5X Build/MMB29P) AppleWebKit/537.36 (KHTML, like Gecko) Chrome/41.0.2272.96 Mobile Safari/537.36 (compatible; Googlebot/2.1; +http://www.google.com/bot.html)"
66.249.73.89 - - [28/Apr/2018:18:31:38 -0400] "GET /papers/2013-pre/badly-behaved.pdf HTTP/1.1" 404 8060 "-" "Googlebot/2.1 (+http://www.google.com/bot.html)"
66.249.73.91 - - [28/Apr/2018:18:32:33 -0400] "GET /cfp/nspw2011-cfp.pdf HTTP/1.1" 200 50834 "-" "Mozilla/5.0 (compatible; Googlebot/2.1; +http://www.google.com/bot.html)"
66.249.73.91 - - [28/Apr/2018:18:33:07 -0400] "GET /papers/1994/nspw1994-ferris.pdf HTTP/1.1" 200 508556 "-" "Googlebot/2.1 (+http://www.google.com/bot.html)"
66.249.73.87 - - [28/Apr/2018:18:33:44 -0400] "GET /papers/2010/nspw2010-moore.pdf HTTP/1.1" 200 741159 "-" "Mozilla/5.0 (compatible; Googlebot/2.1; +http://www.google.com/bot.html)"
66.249.73.87 - - [28/Apr/2018:18:33:47 -0400] "GET /2005/PC/Ulrich%20greveler.pdf HTTP/1.1" 404 4642 "-" "Googlebot/2.1 (+http://www.google.com/bot.html)"
66.249.73.87 - - [28/Apr/2018:18:33:53 -0400] "GET /2004/pre-proceedings/36.pdf HTTP/1.1" 404 8047 "-" "Googlebot/2.1 (+http://www.google.com/bot.html)"
43.239.223.189 - - [28/Apr/2018:18:34:25 -0400] "GET / HTTP/1.1" 200 6636 "-" "Mozilla/5.0 (Macintosh; Intel Mac OS X 10_11_6) AppleWebKit/537.36 (KHTML, like Gecko) Chrome/63.0.3239.132 Safari/537.36"
66.249.73.91 - - [28/Apr/2018:18:34:56 -0400] "GET /papers/2007/nspw2007-kursawe.pdf HTTP/1.1" 200 192252 "-" "Mozilla/5.0 (compatible; Googlebot/2.1; +http://www.google.com/bot.html)"
69.162.124.227 - - [28/Apr/2018:18:35:14 -0400] "HEAD / HTTP/1.1" 200 3874 "http://nspw.org/" "Mozilla/5.0+(compatible; UptimeRobot/2.0; http://www.uptimerobot.com/)"
14.152.59.226 - - [28/Apr/2018:18:35:51 -0400] "GET /2017 HTTP/1.1" 200 13328 "-" "Mozilla/5.0 (Windows NT 6.1; WOW64; rv:54.0) Gecko/20100101 Firefox/54.0"
66.249.73.91 - - [28/Apr/2018:18:36:07 -0400] "GET /papers/2010/nspw2010-lilien.pdf HTTP/1.1" 200 740643 "-" "Mozilla/5.0 (compatible; Googlebot/2.1; +http://www.google.com/bot.html)"
66.249.73.87 - - [28/Apr/2018:18:36:14 -0400] "GET /papers/2005/nspw2005-mchugh.pdf HTTP/1.1" 200 517652 "-" "Googlebot/2.1 (+http://www.google.com/bot.html)"
77.88.47.40 - - [28/Apr/2018:18:36:37 -0400] "GET /2007/papers.shtml HTTP/1.1" 200 5708 "-" "Mozilla/5.0 (compatible; YandexBot/3.0; +http://yandex.com/bots)"
66.249.73.87 - - [28/Apr/2018:18:37:18 -0400] "GET /papers/2005/nspw2005-taylor-panel.pdf HTTP/1.1" 200 1269405 "-" "Mozilla/5.0 (compatible; Googlebot/2.1; +http://www.google.com/bot.html)"
212.126.101.46 - - [28/Apr/2018:18:37:23 -0400] "GET /?q=user/register HTTP/1.0" 403 9118 "https://www.nspw.org/?q=node/add" "Mozilla/5.0 (Macintosh; Intel Mac OS X 10_11_6) AppleWebKit/537.36 (KHTML, like Gecko) Chrome/63.0.3239.132 Safari/537.36"
120.131.9.254 - - [28/Apr/2018:18:37:37 -0400] "GET / HTTP/1.1" 200 6369 "-" "Mozilla/5.0 (Macintosh; Intel Mac OS X 10_11_6) AppleWebKit/537.36 (KHTML, like Gecko) Chrome/63.0.3239.132 Safari/537.36"
194.182.70.205 - - [28/Apr/2018:18:37:54 -0400] "GET /?q=user/register HTTP/1.1" 403 9132 "https://www.nspw.org/" "Mozilla/5.0 (Macintosh; Intel Mac OS X 10_11_6) AppleWebKit/537.36 (KHTML, like Gecko) Chrome/63.0.3239.132 Safari/537.36"
218.173.149.193 - - [28/Apr/2018:18:37:56 -0400] "GET / HTTP/1.0" 400 0 "-" "-"
66.249.73.87 - - [28/Apr/2018:18:38:18 -0400] "GET /2009/proceedings/1993/nspw1993-michael.pdf HTTP/1.1" 200 642526 "-" "Googlebot/2.1 (+http://www.google.com/bot.html)"
66.249.73.87 - - [28/Apr/2018:18:38:29 -0400] "GET /papers/2011/nspw2011-bicakci.pdf HTTP/1.1" 200 493585 "-" "Mozilla/5.0 (compatible; Googlebot/2.1; +http://www.google.com/bot.html)"
66.249.73.87 - - [28/Apr/2018:18:39:41 -0400] "GET /papers/2013/nspw2013-rowe.pdf HTTP/1.1" 200 609033 "-" "Mozilla/5.0 (compatible; Googlebot/2.1; +http://www.google.com/bot.html)"
69.162.124.227 - - [28/Apr/2018:18:40:14 -0400] "HEAD / HTTP/1.1" 200 3874 "http://nspw.org/" "Mozilla/5.0+(compatible; UptimeRobot/2.0; http://www.uptimerobot.com/)"
66.249.73.87 - - [28/Apr/2018:18:40:52 -0400] "GET /papers/2010/nspw2010-alsaleh.pdf HTTP/1.1" 200 1019662 "-" "Mozilla/5.0 (compatible; Googlebot/2.1; +http://www.google.com/bot.html)"
5.9.106.81 - - [28/Apr/2018:18:41:49 -0400] "GET /papers/2000/nspw2000-rannenberg.pdf HTTP/1.1" 200 1059165 "-" "Mozilla/5.0 (X11; Linux x86_64) AppleWebKit/537.36 (KHTML, like Gecko) Chrome/51.0.2704.106 Safari/537.36"
191.99.116.144 - - [28/Apr/2018:18:41:57 -0400] "GET /wp-login.php HTTP/1.1" 404 7985 "-" "Mozilla/5.0 (Windows NT 6.1; WOW64; rv:40.0) Gecko/20100101 Firefox/40.1"
191.99.116.144 - - [28/Apr/2018:18:41:57 -0400] "GET / HTTP/1.1" 200 8206 "-" "Mozilla/5.0 (Windows NT 6.1; WOW64; rv:40.0) Gecko/20100101 Firefox/40.1"
66.249.73.89 - - [28/Apr/2018:18:42:03 -0400] "GET /papers/2011/nspw2011-hamacher.pdf HTTP/1.1" 200 700592 "-" "Mozilla/5.0 (compatible; Googlebot/2.1; +http://www.google.com/bot.html)"
66.249.73.87 - - [28/Apr/2018:18:42:27 -0400] "GET /papers/2001/nspw2001-raskin.pdf HTTP/1.1" 200 512638 "-" "Googlebot/2.1 (+http://www.google.com/bot.html)"
66.249.73.87 - - [28/Apr/2018:18:43:15 -0400] "GET /papers/1993/nspw1993-meadows.pdf HTTP/1.1" 200 322223 "-" "Mozilla/5.0 (compatible; Googlebot/2.1; +http://www.google.com/bot.html)"
66.249.73.87 - - [28/Apr/2018:18:44:26 -0400] "GET /papers/2011/nspw2011-du.pdf HTTP/1.1" 200 658178 "-" "Mozilla/5.0 (compatible; Googlebot/2.1; +http://www.google.com/bot.html)"
66.249.73.87 - - [28/Apr/2018:18:44:54 -0400] "GET /papers/2009/nspw2009-kline.pdf HTTP/1.1" 200 153887 "-" "Googlebot/2.1 (+http://www.google.com/bot.html)"
69.162.124.227 - - [28/Apr/2018:18:45:14 -0400] "HEAD / HTTP/1.1" 200 3874 "http://nspw.org/" "Mozilla/5.0+(compatible; UptimeRobot/2.0; http://www.uptimerobot.com/)"
66.249.73.87 - - [28/Apr/2018:18:45:22 -0400] "GET /2005/pre-proceedings/konstantin_beznosov.pdf HTTP/1.1" 404 8081 "-" "Googlebot/2.1 (+http://www.google.com/bot.html)"
66.249.73.87 - - [28/Apr/2018:18:45:37 -0400] "GET /papers/1993/nspw1993-thuraisingham.pdf HTTP/1.1" 200 531515 "-" "Mozilla/5.0 (compatible; Googlebot/2.1; +http://www.google.com/bot.html)"
47.220.165.118 - - [28/Apr/2018:18:45:43 -0400] "GET /wp-login.php HTTP/1.1" 404 7985 "-" "Mozilla/5.0 (Windows NT 6.1; WOW64; rv:40.0) Gecko/20100101 Firefox/40.1"
47.220.165.118 - - [28/Apr/2018:18:45:43 -0400] "GET / HTTP/1.1" 200 8206 "-" "Mozilla/5.0 (Windows NT 6.1; WOW64; rv:40.0) Gecko/20100101 Firefox/40.1"
202.67.41.13 - - [28/Apr/2018:18:45:53 -0400] "GET /wp-login.php HTTP/1.1" 404 8176 "-" "Mozilla/5.0 (Windows NT 6.1; WOW64; rv:40.0) Gecko/20100101 Firefox/40.1"
202.67.41.13 - - [28/Apr/2018:18:45:54 -0400] "GET / HTTP/1.1" 200 8298 "-" "Mozilla/5.0 (Windows NT 6.1; WOW64; rv:40.0) Gecko/20100101 Firefox/40.1"
66.249.73.89 - - [28/Apr/2018:18:46:48 -0400] "GET /papers/2006/nspw2006-gutmann.pdf HTTP/1.1" 200 103440 "-" "Mozilla/5.0 (compatible; Googlebot/2.1; +http://www.google.com/bot.html)"
66.249.73.91 - - [28/Apr/2018:18:47:14 -0400] "GET /2009/proceedings/2005/nspw2005-littlewood.pdf HTTP/1.1" 200 652671 "-" "Googlebot/2.1 (+http://www.google.com/bot.html)"
66.249.73.87 - - [28/Apr/2018:18:47:50 -0400] "GET /papers/2013/nspw2013-chen.pdf HTTP/1.1" 200 978037 "-" "Googlebot/2.1 (+http://www.google.com/bot.html)"
66.249.73.87 - - [28/Apr/2018:18:48:00 -0400] "GET /papers/2005/nspw2005-ford.pdf HTTP/1.1" 200 2046407 "-" "Mozilla/5.0 (compatible; Googlebot/2.1; +http://www.google.com/bot.html)"
66.249.73.89 - - [28/Apr/2018:18:49:11 -0400] "GET /papers/2005/nspw2005-maxion.pdf HTTP/1.1" 200 683223 "-" "Mozilla/5.0 (compatible; Googlebot/2.1; +http://www.google.com/bot.html)"
69.162.124.227 - - [28/Apr/2018:18:50:14 -0400] "HEAD / HTTP/1.1" 200 3874 "http://nspw.org/" "Mozilla/5.0+(compatible; UptimeRobot/2.0; http://www.uptimerobot.com/)"
66.249.73.87 - - [28/Apr/2018:18:50:22 -0400] "GET /papers/2012/docs/p127.pdf HTTP/1.1" 304 3606 "-" "Mozilla/5.0 (compatible; Googlebot/2.1; +http://www.google.com/bot.html)"
54.70.40.11 - - [28/Apr/2018:18:51:08 -0400] "GET /robots.txt HTTP/1.1" 200 4286 "-" "Mozilla/5.0 (compatible) SemanticScholarBot (+https://www.semanticscholar.org/crawler)"
66.249.73.89 - - [28/Apr/2018:18:51:34 -0400] "GET /papers/2008/nspw2008-crandall.pdf HTTP/1.1" 200 425114 "-" "Mozilla/5.0 (compatible; Googlebot/2.1; +http://www.google.com/bot.html)"
172.56.11.144 - - [28/Apr/2018:18:51:20 -0400] "GET /papers/2007/nspw2007-mannan.pdf HTTP/1.1" 200 502385 "-" "Mozilla/5.0 (iPhone; CPU iPhone OS 11_2_5 like Mac OS X) AppleWebKit/604.5.6 (KHTML, like Gecko) Version/11.0 Mobile/15D60 Safari/604.1"
172.56.11.144 - - [28/Apr/2018:18:51:40 -0400] "GET /apple-touch-icon-120x120-precomposed.png HTTP/1.1" 404 3943 "-" "MobileSafari/604.1 CFNetwork/894 Darwin/17.4.0"
172.56.11.144 - - [28/Apr/2018:18:51:40 -0400] "GET /apple-touch-icon-120x120.png HTTP/1.1" 404 717 "-" "MobileSafari/604.1 CFNetwork/894 Darwin/17.4.0"
172.56.11.144 - - [28/Apr/2018:18:51:40 -0400] "GET /apple-touch-icon-precomposed.png HTTP/1.1" 404 721 "-" "MobileSafari/604.1 CFNetwork/894 Darwin/17.4.0"
172.56.11.144 - - [28/Apr/2018:18:51:40 -0400] "GET /apple-touch-icon.png HTTP/1.1" 404 709 "-" "MobileSafari/604.1 CFNetwork/894 Darwin/17.4.0"
172.56.11.144 - - [28/Apr/2018:18:51:40 -0400] "GET /favicon.ico HTTP/1.1" 404 700 "-" "MobileSafari/604.1 CFNetwork/894 Darwin/17.4.0"
172.56.11.144 - - [28/Apr/2018:18:51:40 -0400] "GET /apple-touch-icon-120x120-precomposed.png HTTP/1.1" 404 729 "-" "MobileSafari/604.1 CFNetwork/894 Darwin/17.4.0"
172.56.11.144 - - [28/Apr/2018:18:51:41 -0400] "GET /apple-touch-icon-120x120.png HTTP/1.1" 404 717 "-" "MobileSafari/604.1 CFNetwork/894 Darwin/17.4.0"
172.56.11.144 - - [28/Apr/2018:18:51:41 -0400] "GET /apple-touch-icon-precomposed.png HTTP/1.1" 404 721 "-" "MobileSafari/604.1 CFNetwork/894 Darwin/17.4.0"
172.56.11.144 - - [28/Apr/2018:18:51:41 -0400] "GET /apple-touch-icon.png HTTP/1.1" 404 709 "-" "MobileSafari/604.1 CFNetwork/894 Darwin/17.4.0"
172.56.11.144 - - [28/Apr/2018:18:51:41 -0400] "GET /favicon.ico HTTP/1.1" 404 700 "-" "MobileSafari/604.1 CFNetwork/894 Darwin/17.4.0"
54.70.40.11 - - [28/Apr/2018:18:52:20 -0400] "GET /2010 HTTP/1.1" 200 6726 "-" "Mozilla/5.0 (compatible) SemanticScholarBot (+https://www.semanticscholar.org/crawler)"
66.249.73.87 - - [28/Apr/2018:18:52:45 -0400] "GET /papers/2005/nspw2005-frontmatter.pdf HTTP/1.1" 200 1584886 "-" "Mozilla/5.0 (compatible; Googlebot/2.1; +http://www.google.com/bot.html)"
216.244.66.236 - - [28/Apr/2018:18:53:54 -0400] "GET /robots.txt HTTP/1.1" 200 5796 "-" "Mozilla/5.0 (compatible; DotBot/1.1; http://www.opensiteexplorer.org/dotbot, help@moz.com)"
66.249.73.91 - - [28/Apr/2018:18:53:56 -0400] "GET /papers/2012/docs/p53.pdf HTTP/1.1" 304 3606 "-" "Mozilla/5.0 (compatible; Googlebot/2.1; +http://www.google.com/bot.html)"
66.249.73.89 - - [28/Apr/2018:18:55:07 -0400] "GET /papers/2013/nspw2013-sundaramurthy.pdf HTTP/1.1" 200 355688 "-" "Mozilla/5.0 (compatible; Googlebot/2.1; +http://www.google.com/bot.html)"
77.35.26.1 - - [28/Apr/2018:18:55:09 -0400] "GET /wp-login.php HTTP/1.1" 404 7491 "-" "Mozilla/5.0 (Windows NT 6.1; WOW64; rv:40.0) Gecko/20100101 Firefox/40.1"
77.35.26.1 - - [28/Apr/2018:18:55:10 -0400] "GET / HTTP/1.1" 200 8218 "-" "Mozilla/5.0 (Windows NT 6.1; WOW64; rv:40.0) Gecko/20100101 Firefox/40.1"
69.162.124.227 - - [28/Apr/2018:18:55:14 -0400] "HEAD / HTTP/1.1" 200 3874 "http://nspw.org/" "Mozilla/5.0+(compatible; UptimeRobot/2.0; http://www.uptimerobot.com/)"
66.249.73.87 - - [28/Apr/2018:18:56:18 -0400] "GET /papers/2012/docs/p27.pdf HTTP/1.1" 304 3606 "-" "Mozilla/5.0 (compatible; Googlebot/2.1; +http://www.google.com/bot.html)"
36.224.47.193 - - [28/Apr/2018:18:56:25 -0400] "GET / HTTP/1.1" 200 6386 "-" "Scrapy/1.4.0 (+http://scrapy.org)"
136.243.11.18 - - [28/Apr/2018:18:57:10 -0400] "HEAD / HTTP/1.1" 200 3728 "-" "Mozilla/5.0 (Windows NT 6.1) AppleWebKit/537.36 (KHTML, like Gecko) Chrome/41.0.2228.0 Safari/537.36Mozilla/5.0 (Macintosh; Intel Mac OS X 10.8; rv:24.0) Gecko/20100101 Firefox/24.0"
66.249.73.89 - - [28/Apr/2018:18:57:30 -0400] "GET /papers/1999/nspw1999-henning.pdf HTTP/1.1" 200 666930 "-" "Mozilla/5.0 (compatible; Googlebot/2.1; +http://www.google.com/bot.html)"
66.249.73.89 - - [28/Apr/2018:18:58:41 -0400] "GET /papers/2008/nspw2008-mannan.pdf HTTP/1.1" 200 387310 "-" "Mozilla/5.0 (compatible; Googlebot/2.1; +http://www.google.com/bot.html)"
66.249.73.91 - - [28/Apr/2018:18:59:53 -0400] "GET /papers/2005/nspw2005-beznosov.pdf HTTP/1.1" 200 1827053 "-" "Mozilla/5.0 (compatible; Googlebot/2.1; +http://www.google.com/bot.html)"
69.162.124.227 - - [28/Apr/2018:19:00:14 -0400] "HEAD / HTTP/1.1" 200 3874 "http://nspw.org/" "Mozilla/5.0+(compatible; UptimeRobot/2.0; http://www.uptimerobot.com/)"
125.209.235.182 - - [28/Apr/2018:19:00:27 -0400] "GET /2001/ HTTP/1.1" 200 5112 "-" "Mozilla/5.0 (compatible; Yeti/1.1; +http://naver.me/spd)"
66.249.73.87 - - [28/Apr/2018:19:01:04 -0400] "GET /papers/2009/nspw2009-probst.pdf HTTP/1.1" 200 205895 "-" "Mozilla/5.0 (compatible; Googlebot/2.1; +http://www.google.com/bot.html)"
66.249.73.87 - - [28/Apr/2018:19:02:15 -0400] "GET /2018/dates HTTP/1.1" 200 6270 "-" "Mozilla/5.0 (compatible; Googlebot/2.1; +http://www.google.com/bot.html)"
66.249.73.87 - - [28/Apr/2018:19:03:26 -0400] "GET /papers/1993/nspw1993-yazdanian.pdf HTTP/1.1" 200 558534 "-" "Mozilla/5.0 (compatible; Googlebot/2.1; +http://www.google.com/bot.html)"
27.32.24.125 - - [28/Apr/2018:19:04:05 -0400] "GET /papers/2007/nspw2007-vidyaraman.pdf HTTP/1.1" 200 259144 "-" "Mozilla/5.0 (iPhone; CPU iPhone OS 11_3 like Mac OS X) AppleWebKit/605.1.15 (KHTML, like Gecko) Version/11.0 Mobile/15E148 Safari/604.1"
66.249.73.91 - - [28/Apr/2018:19:04:37 -0400] "GET /2017 HTTP/1.1" 200 7049 "-" "Mozilla/5.0 (compatible; Googlebot/2.1; +http://www.google.com/bot.html)"
69.162.124.227 - - [28/Apr/2018:19:05:14 -0400] "HEAD / HTTP/1.1" 200 3874 "http://nspw.org/" "Mozilla/5.0+(compatible; UptimeRobot/2.0; http://www.uptimerobot.com/)"
66.102.6.201 - - [28/Apr/2018:19:05:25 -0400] "GET /papers/2011/nspw2011-pieters.pdf HTTP/1.1" 200 2771026 "-" "Mozilla/5.0 (X11; Linux x86_64) AppleWebKit/537.36 (KHTML, like Gecko) Chrome/49.0.2623.75 Safari/537.36 Google Favicon"
66.102.6.197 - - [28/Apr/2018:19:05:25 -0400] "GET /favicon.ico HTTP/1.1" 404 4094 "-" "Mozilla/5.0 (X11; Linux x86_64) AppleWebKit/537.36 (KHTML, like Gecko) Chrome/49.0.2623.75 Safari/537.36 Google Favicon"
66.102.7.59 - - [28/Apr/2018:19:05:25 -0400] "GET /papers/2011/nspw2011-pieters.pdf HTTP/1.1" 200 2771026 "http://www.google.com/search" "Mozilla/5.0 (X11; Linux x86_64) AppleWebKit/537.36 (KHTML, like Gecko; Google Web Preview) Chrome/41.0.2272.118 Safari/537.36"
110.37.200.10 - - [28/Apr/2018:19:05:46 -0400] "GET /wp-login.php HTTP/1.1" 404 7484 "-" "Mozilla/5.0 (Windows NT 6.1; WOW64; rv:40.0) Gecko/20100101 Firefox/40.1"
110.37.200.10 - - [28/Apr/2018:19:05:49 -0400] "GET / HTTP/1.1" 200 8218 "-" "Mozilla/5.0 (Windows NT 6.1; WOW64; rv:40.0) Gecko/20100101 Firefox/40.1"
66.249.73.89 - - [28/Apr/2018:19:05:49 -0400] "GET /2009/proceedings/2001/nspw2001-brostoff.pdf HTTP/1.1" 200 1048585 "-" "Mozilla/5.0 (compatible; Googlebot/2.1; +http://www.google.com/bot.html)"
66.249.73.87 - - [28/Apr/2018:19:07:10 -0400] "GET /papers/2006/nspw2006-greenwald.pdf HTTP/1.1" 200 129987 "-" "Mozilla/5.0 (compatible; Googlebot/2.1; +http://www.google.com/bot.html)"
66.249.73.89 - - [28/Apr/2018:19:08:12 -0400] "GET /2005/cfp/latex/talk4.ps HTTP/1.1" 200 224633 "-" "Mozilla/5.0 (compatible; Googlebot/2.1; +http://www.google.com/bot.html)"
66.249.73.87 - - [28/Apr/2018:19:09:23 -0400] "GET /papers/2005/nspw2005-van_oorschot.pdf HTTP/1.1" 200 2313784 "-" "Mozilla/5.0 (compatible; Googlebot/2.1; +http://www.google.com/bot.html)"
105.225.230.221 - - [28/Apr/2018:19:10:03 -0400] "GET /wp-login.php HTTP/1.1" 404 7839 "-" "Mozilla/5.0 (Windows NT 6.1; WOW64; rv:40.0) Gecko/20100101 Firefox/40.1"
105.225.230.221 - - [28/Apr/2018:19:10:06 -0400] "GET / HTTP/1.1" 200 8218 "-" "Mozilla/5.0 (Windows NT 6.1; WOW64; rv:40.0) Gecko/20100101 Firefox/40.1"
40.77.167.69 - - [28/Apr/2018:19:10:04 -0400] "GET /papers/2009/nspw2009-herley.pdf HTTP/1.1" 200 189669 "-" "Mozilla/5.0 (iPhone; CPU iPhone OS 7_0 like Mac OS X) AppleWebKit/537.51.1 (KHTML, like Gecko) Version/7.0 Mobile/11A465 Safari/9537.53 (compatible; bingbot/2.0; +http://www.bing.com/bingbot.htm)"
69.162.124.227 - - [28/Apr/2018:19:10:14 -0400] "HEAD / HTTP/1.1" 200 3874 "http://nspw.org/" "Mozilla/5.0+(compatible; UptimeRobot/2.0; http://www.uptimerobot.com/)"
66.249.73.89 - - [28/Apr/2018:19:10:34 -0400] "GET /2015/location HTTP/1.1" 200 7277 "-" "Mozilla/5.0 (Linux; Android 6.0.1; Nexus 5X Build/MMB29P) AppleWebKit/537.36 (KHTML, like Gecko) Chrome/41.0.2272.96 Mobile Safari/537.36 (compatible; Googlebot/2.1; +http://www.google.com/bot.html)"
66.249.73.87 - - [28/Apr/2018:19:11:45 -0400] "GET /papers/2000/nspw2000-daniels.pdf HTTP/1.1" 200 522507 "-" "Mozilla/5.0 (compatible; Googlebot/2.1; +http://www.google.com/bot.html)"
216.244.66.200 - - [28/Apr/2018:19:12:53 -0400] "GET /robots.txt HTTP/1.1" 200 5796 "-" "Mozilla/5.0 (compatible; DotBot/1.1; http://www.opensiteexplorer.org/dotbot, help@moz.com)"
66.249.73.89 - - [28/Apr/2018:19:12:57 -0400] "GET /papers/2004/nspw2004-haldar.pdf HTTP/1.1" 200 80720 "-" "Mozilla/5.0 (compatible; Googlebot/2.1; +http://www.google.com/bot.html)"
54.70.40.11 - - [28/Apr/2018:19:13:45 -0400] "GET /robots.txt HTTP/1.1" 200 4286 "-" "Mozilla/5.0 (compatible) SemanticScholarBot (+https://www.semanticscholar.org/crawler)"
66.249.73.91 - - [28/Apr/2018:19:14:08 -0400] "GET /papers/2005/nspw2005-littlewood.pdf HTTP/1.1" 200 652671 "-" "Mozilla/5.0 (compatible; Googlebot/2.1; +http://www.google.com/bot.html)"
54.70.40.11 - - [28/Apr/2018:19:14:53 -0400] "GET /papers/2005/nspw2005-peisert.pdf HTTP/1.1" 200 3064892 "-" "Mozilla/5.0 (compatible) SemanticScholarBot (+https://www.semanticscholar.org/crawler)"
69.162.124.227 - - [28/Apr/2018:19:15:14 -0400] "HEAD / HTTP/1.1" 200 3874 "http://nspw.org/" "Mozilla/5.0+(compatible; UptimeRobot/2.0; http://www.uptimerobot.com/)"
66.249.73.89 - - [28/Apr/2018:19:15:19 -0400] "GET /papers/2003/nspw2003-eustice.pdf HTTP/1.1" 200 698366 "-" "Mozilla/5.0 (compatible; Googlebot/2.1; +http://www.google.com/bot.html)"
54.70.40.11 - - [28/Apr/2018:19:15:35 -0400] "GET /current/ HTTP/1.1" 200 6688 "-" "Mozilla/5.0 (compatible) SemanticScholarBot (+https://www.semanticscholar.org/crawler)"
54.70.40.11 - - [28/Apr/2018:19:16:15 -0400] "GET /2018/ HTTP/1.1" 200 6685 "-" "Mozilla/5.0 (compatible) SemanticScholarBot (+https://www.semanticscholar.org/crawler)"
54.70.40.11 - - [28/Apr/2018:19:16:19 -0400] "GET /2016/ HTTP/1.1" 200 3517 "-" "Mozilla/5.0 (compatible) SemanticScholarBot (+https://www.semanticscholar.org/crawler)"
66.249.73.89 - - [28/Apr/2018:19:16:30 -0400] "GET /papers/1998/nspw1998-abrams.pdf HTTP/1.1" 304 3605 "-" "Mozilla/5.0 (compatible; Googlebot/2.1; +http://www.google.com/bot.html)"
54.70.40.11 - - [28/Apr/2018:19:16:32 -0400] "GET /2015/ HTTP/1.1" 200 6706 "-" "Mozilla/5.0 (compatible) SemanticScholarBot (+https://www.semanticscholar.org/crawler)"
54.70.40.11 - - [28/Apr/2018:19:16:35 -0400] "GET /2009/ HTTP/1.1" 200 5163 "-" "Mozilla/5.0 (compatible) SemanticScholarBot (+https://www.semanticscholar.org/crawler)"
54.70.40.11 - - [28/Apr/2018:19:16:36 -0400] "GET /2014/ HTTP/1.1" 200 3249 "-" "Mozilla/5.0 (compatible) SemanticScholarBot (+https://www.semanticscholar.org/crawler)"
54.70.40.11 - - [28/Apr/2018:19:16:40 -0400] "GET /2011/ HTTP/1.1" 200 3472 "-" "Mozilla/5.0 (compatible) SemanticScholarBot (+https://www.semanticscholar.org/crawler)"
54.70.40.11 - - [28/Apr/2018:19:16:43 -0400] "GET /papers/2010/nspw2010-bishop.pdf HTTP/1.1" 200 656640 "-" "Mozilla/5.0 (compatible) SemanticScholarBot (+https://www.semanticscholar.org/crawler)"
54.70.40.11 - - [28/Apr/2018:19:16:49 -0400] "GET /2010/ HTTP/1.1" 200 6725 "-" "Mozilla/5.0 (compatible) SemanticScholarBot (+https://www.semanticscholar.org/crawler)"
54.70.40.11 - - [28/Apr/2018:19:16:50 -0400] "GET /papers/2009/nspw2009-peisert.pdf HTTP/1.1" 200 1012172 "-" "Mozilla/5.0 (compatible) SemanticScholarBot (+https://www.semanticscholar.org/crawler)"
54.70.40.11 - - [28/Apr/2018:19:16:59 -0400] "GET /papers/2008/nspw2008-bishop.pdf HTTP/1.1" 200 485644 "-" "Mozilla/5.0 (compatible) SemanticScholarBot (+https://www.semanticscholar.org/crawler)"
80.242.33.39 - - [28/Apr/2018:19:17:07 -0400] "GET /wp-login.php HTTP/1.1" 404 7491 "-" "Mozilla/5.0 (Windows NT 6.1; WOW64; rv:40.0) Gecko/20100101 Firefox/40.1"
80.242.33.39 - - [28/Apr/2018:19:17:08 -0400] "GET / HTTP/1.1" 200 8218 "-" "Mozilla/5.0 (Windows NT 6.1; WOW64; rv:40.0) Gecko/20100101 Firefox/40.1"
54.70.40.11 - - [28/Apr/2018:19:17:21 -0400] "GET /2006/ HTTP/1.1" 200 5130 "-" "Mozilla/5.0 (compatible) SemanticScholarBot (+https://www.semanticscholar.org/crawler)"
54.70.40.11 - - [28/Apr/2018:19:17:28 -0400] "GET /2008/ HTTP/1.1" 200 5262 "-" "Mozilla/5.0 (compatible) SemanticScholarBot (+https://www.semanticscholar.org/crawler)"
66.249.73.91 - - [28/Apr/2018:19:17:42 -0400] "GET /papers/1994/nspw1994-ovchinnikov.pdf HTTP/1.1" 200 796285 "-" "Mozilla/5.0 (compatible; Googlebot/2.1; +http://www.google.com/bot.html)"
66.249.73.87 - - [28/Apr/2018:19:18:53 -0400] "GET /papers/2012/docs/p105.pdf HTTP/1.1" 304 3606 "-" "Mozilla/5.0 (compatible; Googlebot/2.1; +http://www.google.com/bot.html)"
66.249.73.87 - - [28/Apr/2018:19:20:04 -0400] "GET /papers/2005/nspw2005-schwarting.pdf HTTP/1.1" 200 692999 "-" "Mozilla/5.0 (compatible; Googlebot/2.1; +http://www.google.com/bot.html)"
138.121.139.120 - - [28/Apr/2018:19:20:12 -0400] "GET /wp-login.php HTTP/1.1" 404 7491 "-" "Mozilla/5.0 (Windows NT 6.1; WOW64; rv:40.0) Gecko/20100101 Firefox/40.1"
138.121.139.120 - - [28/Apr/2018:19:20:13 -0400] "GET / HTTP/1.1" 200 8218 "-" "Mozilla/5.0 (Windows NT 6.1; WOW64; rv:40.0) Gecko/20100101 Firefox/40.1"
69.162.124.227 - - [28/Apr/2018:19:20:14 -0400] "HEAD / HTTP/1.1" 200 3874 "http://nspw.org/" "Mozilla/5.0+(compatible; UptimeRobot/2.0; http://www.uptimerobot.com/)"
66.249.73.91 - - [28/Apr/2018:19:21:16 -0400] "GET /papers/2008/nspw2008-shirley.pdf HTTP/1.1" 200 558791 "-" "Mozilla/5.0 (compatible; Googlebot/2.1; +http://www.google.com/bot.html)"
66.249.73.91 - - [28/Apr/2018:19:22:27 -0400] "GET /papers/1999/nspw1999-olthoff-3.pdf HTTP/1.1" 200 1119674 "-" "Mozilla/5.0 (compatible; Googlebot/2.1; +http://www.google.com/bot.html)"
143.176.175.168 - - [28/Apr/2018:19:23:11 -0400] "GET /wp-login.php HTTP/1.1" 404 7985 "-" "Mozilla/5.0 (Windows NT 6.1; WOW64; rv:40.0) Gecko/20100101 Firefox/40.1"
143.176.175.168 - - [28/Apr/2018:19:23:12 -0400] "GET / HTTP/1.1" 200 8206 "-" "Mozilla/5.0 (Windows NT 6.1; WOW64; rv:40.0) Gecko/20100101 Firefox/40.1"
138.121.139.120 - - [28/Apr/2018:19:23:37 -0400] "GET /wp-login.php HTTP/1.1" 404 7491 "-" "Mozilla/5.0 (Windows NT 6.1; WOW64; rv:40.0) Gecko/20100101 Firefox/40.1"
66.249.73.91 - - [28/Apr/2018:19:23:38 -0400] "GET /papers/2012/forms/contents.htm HTTP/1.1" 304 3604 "-" "Mozilla/5.0 (compatible; Googlebot/2.1; +http://www.google.com/bot.html)"
138.121.139.120 - - [28/Apr/2018:19:23:38 -0400] "GET / HTTP/1.1" 200 8218 "-" "Mozilla/5.0 (Windows NT 6.1; WOW64; rv:40.0) Gecko/20100101 Firefox/40.1"
66.249.73.87 - - [28/Apr/2018:19:24:50 -0400] "GET /papers/1994/nspw1994-spalka.pdf HTTP/1.1" 200 982509 "-" "Mozilla/5.0 (compatible; Googlebot/2.1; +http://www.google.com/bot.html)"
66.249.73.89 - - [28/Apr/2018:19:25:05 -0400] "GET /current/cfp.shtml HTTP/1.1" 404 8008 "-" "Mozilla/5.0 (compatible; Googlebot/2.1; +http://www.google.com/bot.html)"
69.162.124.227 - - [28/Apr/2018:19:25:14 -0400] "HEAD / HTTP/1.1" 200 3874 "http://nspw.org/" "Mozilla/5.0+(compatible; UptimeRobot/2.0; http://www.uptimerobot.com/)"
207.46.13.52 - - [28/Apr/2018:19:25:54 -0400] "GET /2003/hold/?C=M;O=A HTTP/1.1" 200 6051 "-" "Mozilla/5.0 (compatible; bingbot/2.0; +http://www.bing.com/bingbot.htm)"
66.249.73.91 - - [28/Apr/2018:19:26:00 -0400] "GET /papers/2012/docs/p141.pdf HTTP/1.1" 304 3605 "-" "Mozilla/5.0 (compatible; Googlebot/2.1; +http://www.google.com/bot.html)"
66.249.73.87 - - [28/Apr/2018:19:27:12 -0400] "GET /papers/1994/nspw1994-dobson.pdf HTTP/1.1" 200 710567 "-" "Mozilla/5.0 (compatible; Googlebot/2.1; +http://www.google.com/bot.html)"
66.249.73.87 - - [28/Apr/2018:19:28:23 -0400] "GET /papers/2012/docs/organization.pdf HTTP/1.1" 304 3605 "-" "Mozilla/5.0 (compatible; Googlebot/2.1; +http://www.google.com/bot.html)"
5.102.173.71 - - [28/Apr/2018:19:28:54 -0400] "GET /2016/dates HTTP/1.1" 200 6379 "-" "Mozilla/5.0 (compatible; MojeekBot/0.6; +https://www.mojeek.com/bot.html)"
66.249.73.87 - - [28/Apr/2018:19:29:35 -0400] "GET /papers/2007/nspw2007-chow.pdf HTTP/1.1" 200 420040 "-" "Mozilla/5.0 (compatible; Googlebot/2.1; +http://www.google.com/bot.html)"
69.162.124.227 - - [28/Apr/2018:19:30:14 -0400] "HEAD / HTTP/1.1" 200 3874 "http://nspw.org/" "Mozilla/5.0+(compatible; UptimeRobot/2.0; http://www.uptimerobot.com/)"
66.249.73.89 - - [28/Apr/2018:19:30:46 -0400] "GET /papers/2001/nspw2001-hosmer.pdf HTTP/1.1" 200 70429 "-" "Mozilla/5.0 (compatible; Googlebot/2.1; +http://www.google.com/bot.html)"
66.249.73.89 - - [28/Apr/2018:19:31:57 -0400] "GET /papers/2012/docs/sponsors.pdf HTTP/1.1" 304 3605 "-" "Mozilla/5.0 (compatible; Googlebot/2.1; +http://www.google.com/bot.html)"
66.249.73.89 - - [28/Apr/2018:19:33:08 -0400] "GET /2009/proceedings/1997/nspw1997-rahman.pdf HTTP/1.1" 304 3606 "-" "Mozilla/5.0 (compatible; Googlebot/2.1; +http://www.google.com/bot.html)"
66.249.73.87 - - [28/Apr/2018:19:34:20 -0400] "GET /papers/2012/forms/authors.htm HTTP/1.1" 304 3604 "-" "Mozilla/5.0 (compatible; Googlebot/2.1; +http://www.google.com/bot.html)"
69.162.124.227 - - [28/Apr/2018:19:35:14 -0400] "HEAD / HTTP/1.1" 200 3874 "http://nspw.org/" "Mozilla/5.0+(compatible; UptimeRobot/2.0; http://www.uptimerobot.com/)"
66.249.73.87 - - [28/Apr/2018:19:35:31 -0400] "GET /papers/2012/docs/welcome2.pdf HTTP/1.1" 304 3605 "-" "Mozilla/5.0 (compatible; Googlebot/2.1; +http://www.google.com/bot.html)"
64.62.252.169 - - [28/Apr/2018:19:36:09 -0400] "GET /robots.txt HTTP/1.1" 200 4444 "-" "The Knowledge AI"
66.249.73.91 - - [28/Apr/2018:19:36:42 -0400] "GET /papers/1993/nspw1993-denning.pdf HTTP/1.1" 200 636354 "-" "Mozilla/5.0 (compatible; Googlebot/2.1; +http://www.google.com/bot.html)"
64.62.252.164 - - [28/Apr/2018:19:36:47 -0400] "GET /robots.txt HTTP/1.1" 200 4444 "-" "The Knowledge AI"
66.249.73.89 - - [28/Apr/2018:19:37:54 -0400] "GET /papers/2005/nspw2005-taylor-pos.pdf HTTP/1.1" 200 464271 "-" "Mozilla/5.0 (Linux; Android 6.0.1; Nexus 5X Build/MMB29P) AppleWebKit/537.36 (KHTML, like Gecko) Chrome/41.0.2272.96 Mobile Safari/537.36 (compatible; Googlebot/2.1; +http://www.google.com/bot.html)"
66.249.73.89 - - [28/Apr/2018:19:39:05 -0400] "GET /papers/1993/nspw1993-michael.pdf HTTP/1.1" 200 642526 "-" "Mozilla/5.0 (compatible; Googlebot/2.1; +http://www.google.com/bot.html)"
24.46.71.102 - - [28/Apr/2018:19:39:52 -0400] "HEAD /papers/2009/nspw2009-herley.pdf HTTP/1.1" 200 3718 "-" "Microsoft Office Word 2014"
24.46.71.102 - - [28/Apr/2018:19:39:52 -0400] "GET /papers/2009/nspw2009-herley.pdf HTTP/1.1" 200 189194 "-" "Mozilla/4.0 (compatible; MSIE 7.0; Windows NT 10.0; WOW64; Trident/7.0; .NET4.0C; .NET4.0E; .NET CLR 2.0.50727; .NET CLR 3.0.30729; .NET CLR 3.5.30729; McAfee; ms-office)"
24.46.71.102 - - [28/Apr/2018:19:39:59 -0400] "GET /papers/2009/nspw2009-herley.pdf HTTP/1.1" 200 189209 "-" "Mozilla/5.0 (Windows NT 10.0; Win64; x64) AppleWebKit/537.36 (KHTML, like Gecko) Chrome/65.0.3325.181 Safari/537.36"
24.46.71.102 - - [28/Apr/2018:19:40:04 -0400] "GET /favicon.ico HTTP/1.1" 404 4109 "https://www.nspw.org/papers/2009/nspw2009-herley.pdf" "Mozilla/5.0 (Windows NT 10.0; Win64; x64) AppleWebKit/537.36 (KHTML, like Gecko) Chrome/65.0.3325.181 Safari/537.36"
69.162.124.227 - - [28/Apr/2018:19:40:14 -0400] "HEAD / HTTP/1.1" 200 3874 "http://nspw.org/" "Mozilla/5.0+(compatible; UptimeRobot/2.0; http://www.uptimerobot.com/)"
66.249.73.87 - - [28/Apr/2018:19:40:16 -0400] "GET /papers/1994/nspw1994-schneier.pdf HTTP/1.1" 200 336786 "-" "Mozilla/5.0 (compatible; Googlebot/2.1; +http://www.google.com/bot.html)"
125.209.235.186 - - [28/Apr/2018:19:41:13 -0400] "GET /2005/ HTTP/1.1" 200 5352 "-" "Mozilla/5.0 (compatible; Yeti/1.1; +http://naver.me/spd)"
66.249.73.87 - - [28/Apr/2018:19:41:28 -0400] "GET /papers/1993/nspw1993-lapadula.pdf HTTP/1.1" 200 730603 "-" "Mozilla/5.0 (compatible; Googlebot/2.1; +http://www.google.com/bot.html)"
216.244.66.236 - - [28/Apr/2018:19:41:43 -0400] "GET /robots.txt HTTP/1.1" 200 5796 "-" "Mozilla/5.0 (compatible; DotBot/1.1; http://www.opensiteexplorer.org/dotbot, help@moz.com)"
14.152.59.226 - - [28/Apr/2018:19:41:54 -0400] "GET /2017 HTTP/1.1" 200 13328 "-" "Mozilla/5.0 (Windows NT 6.1; WOW64; rv:54.0) Gecko/20100101 Firefox/54.0"
66.249.73.87 - - [28/Apr/2018:19:42:39 -0400] "GET /papers/1998/nspw1998-greenwald.pdf HTTP/1.1" 304 3605 "-" "Mozilla/5.0 (compatible; Googlebot/2.1; +http://www.google.com/bot.html)"
66.249.73.91 - - [28/Apr/2018:19:43:50 -0400] "GET /papers/2012/docs/p115.pdf HTTP/1.1" 304 3605 "-" "Mozilla/5.0 (compatible; Googlebot/2.1; +http://www.google.com/bot.html)"
66.249.73.91 - - [28/Apr/2018:19:45:01 -0400] "GET /proceedings/2005 HTTP/1.1" 200 7169 "-" "Mozilla/5.0 (Linux; Android 6.0.1; Nexus 5X Build/MMB29P) AppleWebKit/537.36 (KHTML, like Gecko) Chrome/41.0.2272.96 Mobile Safari/537.36 (compatible; Googlebot/2.1; +http://www.google.com/bot.html)"
69.162.124.227 - - [28/Apr/2018:19:45:14 -0400] "HEAD / HTTP/1.1" 200 3874 "http://nspw.org/" "Mozilla/5.0+(compatible; UptimeRobot/2.0; http://www.uptimerobot.com/)"
66.249.73.91 - - [28/Apr/2018:19:46:13 -0400] "GET /papers/1993/nspw1993-howe.pdf HTTP/1.1" 200 396733 "-" "Mozilla/5.0 (compatible; Googlebot/2.1; +http://www.google.com/bot.html)"
180.23.174.51 - - [28/Apr/2018:19:46:38 -0400] "GET /2018 HTTP/1.1" 200 12606 "-" "LWP::Simple/6.29 libwww-perl/6.29"
66.249.73.91 - - [28/Apr/2018:19:47:24 -0400] "GET /papers/1997/ HTTP/1.1" 200 4322 "-" "Mozilla/5.0 (compatible; Googlebot/2.1; +http://www.google.com/bot.html)"
139.162.113.204 - - [28/Apr/2018:19:47:56 -0400] "GET / HTTP/1.1" 200 11394 "-" "Go-http-client/1.1"
66.249.73.87 - - [28/Apr/2018:19:48:35 -0400] "GET /papers/2000/nspw2000-perrine.pdf HTTP/1.1" 200 521216 "-" "Mozilla/5.0 (compatible; Googlebot/2.1; +http://www.google.com/bot.html)"
84.201.133.72 - - [28/Apr/2018:19:49:36 -0400] "GET /2005/texput.log HTTP/1.1" 200 4268 "-" "Mozilla/5.0 (compatible; YandexBot/3.0; +http://yandex.com/bots)"
