203.133.169.137 - - [07/May/2018:19:17:07 -0400] "GET /2009/local.shtml HTTP/1.1" 200 12182 "-" "Mozilla/5.0 (compatible; Daum/4.1; +http://cs.daum.net/faq/15/4118.html?faqId=28966)"
203.133.169.137 - - [07/May/2018:19:17:18 -0400] "GET /2009/oc.shtml HTTP/1.1" 200 9302 "-" "Mozilla/5.0 (compatible; Daum/4.1; +http://cs.daum.net/faq/15/4118.html?faqId=28966)"
203.133.169.137 - - [07/May/2018:19:17:29 -0400] "GET /2009/papers.shtml HTTP/1.1" 200 9510 "-" "Mozilla/5.0 (compatible; Daum/4.1; +http://cs.daum.net/faq/15/4118.html?faqId=28966)"
203.133.169.137 - - [07/May/2018:19:17:40 -0400] "GET /2009/past.shtml HTTP/1.1" 200 8838 "-" "Mozilla/5.0 (compatible; Daum/4.1; +http://cs.daum.net/faq/15/4118.html?faqId=28966)"
203.133.169.137 - - [07/May/2018:19:17:50 -0400] "GET /2009/pc.shtml HTTP/1.1" 200 6164 "-" "Mozilla/5.0 (compatible; Daum/4.1; +http://cs.daum.net/faq/15/4118.html?faqId=28966)"
203.133.169.137 - - [07/May/2018:19:18:01 -0400] "GET /2009/proceedings.shtml HTTP/1.1" 200 3909 "-" "Mozilla/5.0 (compatible; Daum/4.1; +http://cs.daum.net/faq/15/4118.html?faqId=28966)"
203.133.169.137 - - [07/May/2018:19:18:13 -0400] "GET /2009/program.shtml HTTP/1.1" 200 9766 "-" "Mozilla/5.0 (compatible; Daum/4.1; +http://cs.daum.net/faq/15/4118.html?faqId=28966)"
203.133.169.137 - - [07/May/2018:19:18:24 -0400] "GET /2009/submission.shtml HTTP/1.1" 200 8134 "-" "Mozilla/5.0 (compatible; Daum/4.1; +http://cs.daum.net/faq/15/4118.html?faqId=28966)"
203.133.169.137 - - [07/May/2018:19:18:35 -0400] "GET /2010 HTTP/1.1" 200 10597 "-" "Mozilla/5.0 (compatible; Daum/4.1; +http://cs.daum.net/faq/15/4118.html?faqId=28966)"
203.133.169.137 - - [07/May/2018:19:18:47 -0400] "GET /2010 HTTP/1.1" 200 10597 "-" "Mozilla/5.0 (compatible; Daum/4.1; +http://cs.daum.net/faq/15/4118.html?faqId=28966)"
203.133.169.137 - - [07/May/2018:19:18:59 -0400] "GET /2010/cfp HTTP/1.1" 200 13877 "-" "Mozilla/5.0 (compatible; Daum/4.1; +http://cs.daum.net/faq/15/4118.html?faqId=28966)"
203.133.169.137 - - [07/May/2018:19:19:10 -0400] "GET /2010/dates HTTP/1.1" 200 13175 "-" "Mozilla/5.0 (compatible; Daum/4.1; +http://cs.daum.net/faq/15/4118.html?faqId=28966)"
69.162.124.227 - - [07/May/2018:19:19:10 -0400] "HEAD / HTTP/1.1" 200 3874 "http://nspw.org/" "Mozilla/5.0+(compatible; UptimeRobot/2.0; http://www.uptimerobot.com/)"
203.133.169.137 - - [07/May/2018:19:19:21 -0400] "GET /2010/local HTTP/1.1" 200 17994 "-" "Mozilla/5.0 (compatible; Daum/4.1; +http://cs.daum.net/faq/15/4118.html?faqId=28966)"
203.133.169.137 - - [07/May/2018:19:19:32 -0400] "GET /2010/organizers HTTP/1.1" 200 13767 "-" "Mozilla/5.0 (compatible; Daum/4.1; +http://cs.daum.net/faq/15/4118.html?faqId=28966)"
203.133.169.137 - - [07/May/2018:19:19:44 -0400] "GET /2010/papers HTTP/1.1" 200 10917 "-" "Mozilla/5.0 (compatible; Daum/4.1; +http://cs.daum.net/faq/15/4118.html?faqId=28966)"
203.133.169.137 - - [07/May/2018:19:19:55 -0400] "GET /2010/pc HTTP/1.1" 200 12967 "-" "Mozilla/5.0 (compatible; Daum/4.1; +http://cs.daum.net/faq/15/4118.html?faqId=28966)"
203.133.169.137 - - [07/May/2018:19:20:06 -0400] "GET /2010/program HTTP/1.1" 200 15351 "-" "Mozilla/5.0 (compatible; Daum/4.1; +http://cs.daum.net/faq/15/4118.html?faqId=28966)"
108.235.138.217 - - [07/May/2018:19:20:09 -0400] "GET /wp-login.php HTTP/1.1" 404 7985 "-" "Mozilla/5.0 (Windows NT 6.1; WOW64; rv:40.0) Gecko/20100101 Firefox/40.1"
108.235.138.217 - - [07/May/2018:19:20:09 -0400] "GET / HTTP/1.1" 200 8206 "-" "Mozilla/5.0 (Windows NT 6.1; WOW64; rv:40.0) Gecko/20100101 Firefox/40.1"
203.133.169.137 - - [07/May/2018:19:20:18 -0400] "GET /2010/sponsors HTTP/1.1" 404 4811 "-" "Mozilla/5.0 (compatible; Daum/4.1; +http://cs.daum.net/faq/15/4118.html?faqId=28966)"
203.133.169.137 - - [07/May/2018:19:20:29 -0400] "GET /2010/submissions HTTP/1.1" 200 13511 "-" "Mozilla/5.0 (compatible; Daum/4.1; +http://cs.daum.net/faq/15/4118.html?faqId=28966)"
203.133.169.137 - - [07/May/2018:19:20:41 -0400] "GET /2011 HTTP/1.1" 200 13543 "-" "Mozilla/5.0 (compatible; Daum/4.1; +http://cs.daum.net/faq/15/4118.html?faqId=28966)"
203.133.169.137 - - [07/May/2018:19:20:52 -0400] "GET /2012 HTTP/1.1" 200 10261 "-" "Mozilla/5.0 (compatible; Daum/4.1; +http://cs.daum.net/faq/15/4118.html?faqId=28966)"
203.133.169.137 - - [07/May/2018:19:21:03 -0400] "GET /2012 HTTP/1.1" 200 13351 "-" "Mozilla/5.0 (compatible; Daum/4.1; +http://cs.daum.net/faq/15/4118.html?faqId=28966)"
203.133.169.137 - - [07/May/2018:19:21:16 -0400] "GET /2012/cfp HTTP/1.1" 200 15495 "-" "Mozilla/5.0 (compatible; Daum/4.1; +http://cs.daum.net/faq/15/4118.html?faqId=28966)"
203.133.169.137 - - [07/May/2018:19:21:33 -0400] "GET /2012/dates HTTP/1.1" 200 9653 "-" "Mozilla/5.0 (compatible; Daum/4.1; +http://cs.daum.net/faq/15/4118.html?faqId=28966)"
77.88.47.40 - - [07/May/2018:19:21:34 -0400] "GET /robots.txt HTTP/1.1" 200 5979 "-" "Mozilla/5.0 (compatible; YandexBot/3.0; +http://yandex.com/bots)"
77.88.47.40 - - [07/May/2018:19:21:38 -0400] "GET /2002/dates.content HTTP/1.1" 200 930 "-" "Mozilla/5.0 (compatible; YandexBot/3.0; +http://yandex.com/bots)"
203.133.169.137 - - [07/May/2018:19:21:44 -0400] "GET /2012/local HTTP/1.1" 200 12743 "-" "Mozilla/5.0 (compatible; Daum/4.1; +http://cs.daum.net/faq/15/4118.html?faqId=28966)"
40.77.167.0 - - [07/May/2018:19:21:36 -0400] "GET /papers/2003/nspw2003-jones.pdf HTTP/1.1" 200 723780 "-" "Mozilla/5.0 (iPhone; CPU iPhone OS 7_0 like Mac OS X) AppleWebKit/537.51.1 (KHTML, like Gecko) Version/7.0 Mobile/11A465 Safari/9537.53 (compatible; bingbot/2.0; +http://www.bing.com/bingbot.htm)"
203.133.169.137 - - [07/May/2018:19:21:55 -0400] "GET /2012/organizers HTTP/1.1" 200 10645 "-" "Mozilla/5.0 (compatible; Daum/4.1; +http://cs.daum.net/faq/15/4118.html?faqId=28966)"
203.133.169.137 - - [07/May/2018:19:22:06 -0400] "GET /2012/papers HTTP/1.1" 200 10197 "-" "Mozilla/5.0 (compatible; Daum/4.1; +http://cs.daum.net/faq/15/4118.html?faqId=28966)"
203.133.169.137 - - [07/May/2018:19:22:18 -0400] "GET /2012/submissions HTTP/1.1" 200 10453 "-" "Mozilla/5.0 (compatible; Daum/4.1; +http://cs.daum.net/faq/15/4118.html?faqId=28966)"
199.30.24.120 - - [07/May/2018:19:22:19 -0400] "GET /themes/garland/style.css?p7r9uw HTTP/1.1" 200 24576 "-" "Mozilla/5.0 (iPhone; CPU iPhone OS 7_0 like Mac OS X) AppleWebKit/537.51.1 (KHTML, like Gecko) Version/7.0 Mobile/11A465 Safari/9537.53 BingPreview/1.0b"
199.30.24.120 - - [07/May/2018:19:22:20 -0400] "GET /themes/garland/print.css?p7r9uw HTTP/1.1" 200 1383 "-" "Mozilla/5.0 (iPhone; CPU iPhone OS 7_0 like Mac OS X) AppleWebKit/537.51.1 (KHTML, like Gecko) Version/7.0 Mobile/11A465 Safari/9537.53 BingPreview/1.0b"
199.30.24.120 - - [07/May/2018:19:22:20 -0400] "GET /misc/jquery.js?v=1.4.4 HTTP/1.1" 200 79100 "-" "Mozilla/5.0 (iPhone; CPU iPhone OS 7_0 like Mac OS X) AppleWebKit/537.51.1 (KHTML, like Gecko) Version/7.0 Mobile/11A465 Safari/9537.53 BingPreview/1.0b"
199.30.24.120 - - [07/May/2018:19:22:24 -0400] "GET /misc/jquery.once.js?v=1.2 HTTP/1.1" 200 3353 "-" "Mozilla/5.0 (iPhone; CPU iPhone OS 7_0 like Mac OS X) AppleWebKit/537.51.1 (KHTML, like Gecko) Version/7.0 Mobile/11A465 Safari/9537.53 BingPreview/1.0b"
203.133.169.137 - - [07/May/2018:19:22:29 -0400] "GET /2013 HTTP/1.1" 200 9893 "-" "Mozilla/5.0 (compatible; Daum/4.1; +http://cs.daum.net/faq/15/4118.html?faqId=28966)"
203.133.169.137 - - [07/May/2018:19:22:39 -0400] "GET /2013 HTTP/1.1" 200 9893 "-" "Mozilla/5.0 (compatible; Daum/4.1; +http://cs.daum.net/faq/15/4118.html?faqId=28966)"
203.133.169.137 - - [07/May/2018:19:22:51 -0400] "GET /2013/cfp HTTP/1.1" 200 14837 "-" "Mozilla/5.0 (compatible; Daum/4.1; +http://cs.daum.net/faq/15/4118.html?faqId=28966)"
84.28.27.238 - - [07/May/2018:19:22:53 -0400] "GET /wp-login.php HTTP/1.1" 404 7839 "-" "Mozilla/5.0 (Windows NT 6.1; WOW64; rv:40.0) Gecko/20100101 Firefox/40.1"
84.28.27.238 - - [07/May/2018:19:22:54 -0400] "GET / HTTP/1.1" 200 8218 "-" "Mozilla/5.0 (Windows NT 6.1; WOW64; rv:40.0) Gecko/20100101 Firefox/40.1"
203.133.169.137 - - [07/May/2018:19:23:02 -0400] "GET /2013/dates HTTP/1.1" 200 12855 "-" "Mozilla/5.0 (compatible; Daum/4.1; +http://cs.daum.net/faq/15/4118.html?faqId=28966)"
203.133.169.137 - - [07/May/2018:19:23:14 -0400] "GET /2013/local HTTP/1.1" 200 19495 "-" "Mozilla/5.0 (compatible; Daum/4.1; +http://cs.daum.net/faq/15/4118.html?faqId=28966)"
203.133.169.137 - - [07/May/2018:19:23:26 -0400] "GET /2013/organizers HTTP/1.1" 200 10773 "-" "Mozilla/5.0 (compatible; Daum/4.1; +http://cs.daum.net/faq/15/4118.html?faqId=28966)"
203.133.169.137 - - [07/May/2018:19:23:36 -0400] "GET /2013/papers HTTP/1.1" 200 10293 "-" "Mozilla/5.0 (compatible; Daum/4.1; +http://cs.daum.net/faq/15/4118.html?faqId=28966)"
203.133.169.137 - - [07/May/2018:19:23:51 -0400] "GET /2013/program HTTP/1.1" 200 13959 "-" "Mozilla/5.0 (compatible; Daum/4.1; +http://cs.daum.net/faq/15/4118.html?faqId=28966)"
203.133.169.137 - - [07/May/2018:19:24:04 -0400] "GET /2014 HTTP/1.1" 200 12887 "-" "Mozilla/5.0 (compatible; Daum/4.1; +http://cs.daum.net/faq/15/4118.html?faqId=28966)"
66.249.64.219 - - [07/May/2018:19:24:08 -0400] "GET /current/cfp.shtml HTTP/1.1" 404 8008 "-" "Mozilla/5.0 (compatible; Googlebot/2.1; +http://www.google.com/bot.html)"
69.162.124.227 - - [07/May/2018:19:24:10 -0400] "HEAD / HTTP/1.1" 200 3874 "http://nspw.org/" "Mozilla/5.0+(compatible; UptimeRobot/2.0; http://www.uptimerobot.com/)"
203.133.169.137 - - [07/May/2018:19:24:14 -0400] "GET /2014 HTTP/1.1" 200 9797 "-" "Mozilla/5.0 (compatible; Daum/4.1; +http://cs.daum.net/faq/15/4118.html?faqId=28966)"
203.133.169.137 - - [07/May/2018:19:24:26 -0400] "GET /2014/cfp HTTP/1.1" 200 13557 "-" "Mozilla/5.0 (compatible; Daum/4.1; +http://cs.daum.net/faq/15/4118.html?faqId=28966)"
203.133.169.137 - - [07/May/2018:19:24:40 -0400] "GET /2014/cfp HTTP/1.1" 200 16647 "-" "Mozilla/5.0 (compatible; Daum/4.1; +http://cs.daum.net/faq/15/4118.html?faqId=28966)"
203.133.169.137 - - [07/May/2018:19:24:51 -0400] "GET /2014/dates HTTP/1.1" 200 9909 "-" "Mozilla/5.0 (compatible; Daum/4.1; +http://cs.daum.net/faq/15/4118.html?faqId=28966)"
180.76.15.24 - - [07/May/2018:19:25:01 -0400] "GET /2009/proceedings/2004/ HTTP/1.1" 200 7311 "-" "Mozilla/5.0 (compatible; Baiduspider/2.0; +http://www.baidu.com/search/spider.html)"
203.133.169.137 - - [07/May/2018:19:25:02 -0400] "GET /2014/dates HTTP/1.1" 200 9909 "-" "Mozilla/5.0 (compatible; Daum/4.1; +http://cs.daum.net/faq/15/4118.html?faqId=28966)"
203.133.169.137 - - [07/May/2018:19:25:13 -0400] "GET /2014/local HTTP/1.1" 200 14919 "-" "Mozilla/5.0 (compatible; Daum/4.1; +http://cs.daum.net/faq/15/4118.html?faqId=28966)"
203.133.169.137 - - [07/May/2018:19:25:25 -0400] "GET /2014/local HTTP/1.1" 200 11829 "-" "Mozilla/5.0 (compatible; Daum/4.1; +http://cs.daum.net/faq/15/4118.html?faqId=28966)"
203.133.169.137 - - [07/May/2018:19:25:36 -0400] "GET /2014/organizers HTTP/1.1" 200 14423 "-" "Mozilla/5.0 (compatible; Daum/4.1; +http://cs.daum.net/faq/15/4118.html?faqId=28966)"
203.133.169.137 - - [07/May/2018:19:25:47 -0400] "GET /2014/organizers HTTP/1.1" 200 11333 "-" "Mozilla/5.0 (compatible; Daum/4.1; +http://cs.daum.net/faq/15/4118.html?faqId=28966)"
203.133.169.137 - - [07/May/2018:19:25:58 -0400] "GET /2014/program HTTP/1.1" 200 17223 "-" "Mozilla/5.0 (compatible; Daum/4.1; +http://cs.daum.net/faq/15/4118.html?faqId=28966)"
180.76.15.9 - - [07/May/2018:19:26:01 -0400] "GET /1999/photos.html HTTP/1.1" 200 7691 "-" "Mozilla/5.0 (compatible; Baiduspider/2.0; +http://www.baidu.com/search/spider.html)"
203.133.169.137 - - [07/May/2018:19:26:10 -0400] "GET /2014/program HTTP/1.1" 200 17223 "-" "Mozilla/5.0 (compatible; Daum/4.1; +http://cs.daum.net/faq/15/4118.html?faqId=28966)"
203.133.169.137 - - [07/May/2018:19:26:21 -0400] "GET /2014/sponsors HTTP/1.1" 200 12407 "-" "Mozilla/5.0 (compatible; Daum/4.1; +http://cs.daum.net/faq/15/4118.html?faqId=28966)"
203.133.169.137 - - [07/May/2018:19:26:32 -0400] "GET /2014/sponsors HTTP/1.1" 200 12407 "-" "Mozilla/5.0 (compatible; Daum/4.1; +http://cs.daum.net/faq/15/4118.html?faqId=28966)"
203.133.169.137 - - [07/May/2018:19:26:43 -0400] "GET /2015 HTTP/1.1" 200 13335 "-" "Mozilla/5.0 (compatible; Daum/4.1; +http://cs.daum.net/faq/15/4118.html?faqId=28966)"
203.133.169.137 - - [07/May/2018:19:26:54 -0400] "GET /2015 HTTP/1.1" 200 13335 "-" "Mozilla/5.0 (compatible; Daum/4.1; +http://cs.daum.net/faq/15/4118.html?faqId=28966)"
180.76.15.134 - - [07/May/2018:19:27:01 -0400] "GET /papers/2005/nspw2005-backmatter.pdf HTTP/1.1" 200 108395 "-" "Mozilla/5.0 (compatible; Baiduspider/2.0; +http://www.baidu.com/search/spider.html)"
203.133.169.137 - - [07/May/2018:19:27:06 -0400] "GET /2015/accepted HTTP/1.1" 200 9909 "-" "Mozilla/5.0 (compatible; Daum/4.1; +http://cs.daum.net/faq/15/4118.html?faqId=28966)"
203.133.169.137 - - [07/May/2018:19:27:17 -0400] "GET /2015/accepted HTTP/1.1" 200 12999 "-" "Mozilla/5.0 (compatible; Daum/4.1; +http://cs.daum.net/faq/15/4118.html?faqId=28966)"
203.133.169.137 - - [07/May/2018:19:27:28 -0400] "GET /2015/cfp HTTP/1.1" 200 15589 "-" "Mozilla/5.0 (compatible; Daum/4.1; +http://cs.daum.net/faq/15/4118.html?faqId=28966)"
66.249.64.217 - - [07/May/2018:19:27:28 -0400] "GET /2001/program_print.html HTTP/1.1" 200 4253 "-" "Mozilla/5.0 (compatible; Googlebot/2.1; +http://www.google.com/bot.html)"
203.133.169.137 - - [07/May/2018:19:27:39 -0400] "GET /2015/cfp HTTP/1.1" 200 15589 "-" "Mozilla/5.0 (compatible; Daum/4.1; +http://cs.daum.net/faq/15/4118.html?faqId=28966)"
203.133.169.137 - - [07/May/2018:19:27:49 -0400] "GET /2015/dates HTTP/1.1" 200 9221 "-" "Mozilla/5.0 (compatible; Daum/4.1; +http://cs.daum.net/faq/15/4118.html?faqId=28966)"
203.133.169.137 - - [07/May/2018:19:28:00 -0400] "GET /2015/dates HTTP/1.1" 200 12311 "-" "Mozilla/5.0 (compatible; Daum/4.1; +http://cs.daum.net/faq/15/4118.html?faqId=28966)"
180.76.15.30 - - [07/May/2018:19:28:01 -0400] "GET /papers/2007/nspw2007-chow.pdf HTTP/1.1" 200 420013 "-" "Mozilla/5.0 (compatible; Baiduspider/2.0; +http://www.baidu.com/search/spider.html)"
203.133.169.137 - - [07/May/2018:19:28:11 -0400] "GET /2015/location HTTP/1.1" 200 14391 "-" "Mozilla/5.0 (compatible; Daum/4.1; +http://cs.daum.net/faq/15/4118.html?faqId=28966)"
203.133.169.137 - - [07/May/2018:19:28:22 -0400] "GET /2015/location HTTP/1.1" 200 11301 "-" "Mozilla/5.0 (compatible; Daum/4.1; +http://cs.daum.net/faq/15/4118.html?faqId=28966)"
203.133.169.137 - - [07/May/2018:19:28:33 -0400] "GET /2015/organizers HTTP/1.1" 200 11381 "-" "Mozilla/5.0 (compatible; Daum/4.1; +http://cs.daum.net/faq/15/4118.html?faqId=28966)"
203.133.169.137 - - [07/May/2018:19:28:46 -0400] "GET /2015/program HTTP/1.1" 200 12597 "-" "Mozilla/5.0 (compatible; Daum/4.1; +http://cs.daum.net/faq/15/4118.html?faqId=28966)"
216.244.66.236 - - [07/May/2018:19:28:51 -0400] "GET /robots.txt HTTP/1.1" 200 5796 "-" "Mozilla/5.0 (compatible; DotBot/1.1; http://www.opensiteexplorer.org/dotbot, help@moz.com)"
203.133.169.137 - - [07/May/2018:19:28:57 -0400] "GET /2015/program HTTP/1.1" 200 15687 "-" "Mozilla/5.0 (compatible; Daum/4.1; +http://cs.daum.net/faq/15/4118.html?faqId=28966)"
180.76.15.32 - - [07/May/2018:19:29:01 -0400] "GET /2010/papers HTTP/1.1" 200 13996 "-" "Mozilla/5.0 (compatible; Baiduspider/2.0; +http://www.baidu.com/search/spider.html)"
69.162.124.227 - - [07/May/2018:19:29:10 -0400] "HEAD / HTTP/1.1" 200 3874 "http://nspw.org/" "Mozilla/5.0+(compatible; UptimeRobot/2.0; http://www.uptimerobot.com/)"
203.133.169.137 - - [07/May/2018:19:29:19 -0400] "GET /2015/sponsors HTTP/1.1" 200 9093 "-" "Mozilla/5.0 (compatible; Daum/4.1; +http://cs.daum.net/faq/15/4118.html?faqId=28966)"
203.133.169.137 - - [07/May/2018:19:29:30 -0400] "GET /2015/sponsors HTTP/1.1" 200 9093 "-" "Mozilla/5.0 (compatible; Daum/4.1; +http://cs.daum.net/faq/15/4118.html?faqId=28966)"
203.133.169.137 - - [07/May/2018:19:29:41 -0400] "GET /2016 HTTP/1.1" 200 13335 "-" "Mozilla/5.0 (compatible; Daum/4.1; +http://cs.daum.net/faq/15/4118.html?faqId=28966)"
203.133.169.137 - - [07/May/2018:19:30:18 -0400] "GET /2017 HTTP/1.1" 200 13447 "-" "Mozilla/5.0 (compatible; Daum/4.1; +http://cs.daum.net/faq/15/4118.html?faqId=28966)"
203.133.169.137 - - [07/May/2018:19:30:29 -0400] "GET /2018 HTTP/1.1" 200 9253 "-" "Mozilla/5.0 (compatible; Daum/4.1; +http://cs.daum.net/faq/15/4118.html?faqId=28966)"
203.133.169.137 - - [07/May/2018:19:30:40 -0400] "GET /2018/cfp HTTP/1.1" 200 15415 "-" "Mozilla/5.0 (compatible; Daum/4.1; +http://cs.daum.net/faq/15/4118.html?faqId=28966)"
203.133.169.137 - - [07/May/2018:19:30:50 -0400] "GET /2018/dates HTTP/1.1" 200 8011 "-" "Mozilla/5.0 (compatible; Daum/4.1; +http://cs.daum.net/faq/15/4118.html?faqId=28966)"
203.133.169.137 - - [07/May/2018:19:31:01 -0400] "GET /2018/organizers HTTP/1.1" 200 10389 "-" "Mozilla/5.0 (compatible; Daum/4.1; +http://cs.daum.net/faq/15/4118.html?faqId=28966)"
180.76.15.16 - - [07/May/2018:19:31:01 -0400] "GET /node/2014/organizers HTTP/1.1" 404 8006 "-" "Mozilla/5.0 (compatible; Baiduspider/2.0; +http://www.baidu.com/search/spider.html)"
203.133.169.137 - - [07/May/2018:19:31:12 -0400] "GET /cfp/flyer_NSPW_2013.pdf HTTP/1.1" 200 95606 "-" "Mozilla/5.0 (compatible; Daum/4.1; +http://cs.daum.net/faq/15/4118.html?faqId=28966)"
203.133.169.137 - - [07/May/2018:19:31:26 -0400] "GET /cfp/flyer_NSPW_2014.pdf HTTP/1.1" 200 68287 "-" "Mozilla/5.0 (compatible; Daum/4.1; +http://cs.daum.net/faq/15/4118.html?faqId=28966)"
203.133.169.137 - - [07/May/2018:19:31:38 -0400] "GET /cfp/nspw2015-cfp.pdf HTTP/1.1" 200 76273 "-" "Mozilla/5.0 (compatible; Daum/4.1; +http://cs.daum.net/faq/15/4118.html?faqId=28966)"
203.133.169.137 - - [07/May/2018:19:31:50 -0400] "GET /cfp/nspw2018-cfp.pdf HTTP/1.1" 200 99318 "-" "Mozilla/5.0 (compatible; Daum/4.1; +http://cs.daum.net/faq/15/4118.html?faqId=28966)"
203.133.169.137 - - [07/May/2018:19:32:02 -0400] "GET /current HTTP/1.1" 200 9253 "-" "Mozilla/5.0 (compatible; Daum/4.1; +http://cs.daum.net/faq/15/4118.html?faqId=28966)"
203.133.169.137 - - [07/May/2018:19:32:19 -0400] "GET /current HTTP/1.1" 200 12343 "-" "Mozilla/5.0 (compatible; Daum/4.1; +http://cs.daum.net/faq/15/4118.html?faqId=28966)"
203.133.169.137 - - [07/May/2018:19:32:30 -0400] "GET /current/ HTTP/1.1" 200 9253 "-" "Mozilla/5.0 (compatible; Daum/4.1; +http://cs.daum.net/faq/15/4118.html?faqId=28966)"
66.249.64.219 - - [07/May/2018:19:32:38 -0400] "GET /papers/2002/nspw2002-blakley.pdf HTTP/1.1" 200 238060 "-" "Mozilla/5.0 (compatible; Googlebot/2.1; +http://www.google.com/bot.html)"
203.133.169.137 - - [07/May/2018:19:32:42 -0400] "GET /current/ HTTP/1.1" 200 12343 "-" "Mozilla/5.0 (compatible; Daum/4.1; +http://cs.daum.net/faq/15/4118.html?faqId=28966)"
203.133.169.137 - - [07/May/2018:19:32:53 -0400] "GET /current/2018/cfp HTTP/1.1" 404 4859 "-" "Mozilla/5.0 (compatible; Daum/4.1; +http://cs.daum.net/faq/15/4118.html?faqId=28966)"
180.76.15.160 - - [07/May/2018:19:33:01 -0400] "GET /papers/2009/nspw2009-probst.pdf HTTP/1.1" 200 205868 "-" "Mozilla/5.0 (compatible; Baiduspider/2.0; +http://www.baidu.com/search/spider.html)"
203.133.169.137 - - [07/May/2018:19:33:05 -0400] "GET /current/2018/dates HTTP/1.1" 404 7949 "-" "Mozilla/5.0 (compatible; Daum/4.1; +http://cs.daum.net/faq/15/4118.html?faqId=28966)"
203.133.169.137 - - [07/May/2018:19:33:23 -0400] "GET /current/2018/organizers HTTP/1.1" 404 7949 "-" "Mozilla/5.0 (compatible; Daum/4.1; +http://cs.daum.net/faq/15/4118.html?faqId=28966)"
203.133.169.137 - - [07/May/2018:19:33:34 -0400] "GET /current/cfp/nspw2018-cfp.pdf HTTP/1.1" 404 4859 "-" "Mozilla/5.0 (compatible; Daum/4.1; +http://cs.daum.net/faq/15/4118.html?faqId=28966)"
203.133.169.137 - - [07/May/2018:19:33:45 -0400] "GET /introduction HTTP/1.1" 200 11501 "-" "Mozilla/5.0 (compatible; Daum/4.1; +http://cs.daum.net/faq/15/4118.html?faqId=28966)"
203.133.169.137 - - [07/May/2018:19:33:56 -0400] "GET /node/1 HTTP/1.1" 200 8411 "-" "Mozilla/5.0 (compatible; Daum/4.1; +http://cs.daum.net/faq/15/4118.html?faqId=28966)"
180.76.15.33 - - [07/May/2018:19:34:01 -0400] "GET /1999/local.html HTTP/1.1" 200 8189 "-" "Mozilla/5.0 (compatible; Baiduspider/2.0; +http://www.baidu.com/search/spider.html)"
203.133.169.137 - - [07/May/2018:19:34:07 -0400] "GET /node/1 HTTP/1.1" 200 8411 "-" "Mozilla/5.0 (compatible; Daum/4.1; +http://cs.daum.net/faq/15/4118.html?faqId=28966)"
69.162.124.227 - - [07/May/2018:19:34:10 -0400] "HEAD / HTTP/1.1" 200 3874 "http://nspw.org/" "Mozilla/5.0+(compatible; UptimeRobot/2.0; http://www.uptimerobot.com/)"
105.226.34.125 - - [07/May/2018:19:34:13 -0400] "GET /wp-login.php HTTP/1.1" 404 7985 "-" "Mozilla/5.0 (Windows NT 6.1; WOW64; rv:40.0) Gecko/20100101 Firefox/40.1"
105.226.34.125 - - [07/May/2018:19:34:16 -0400] "GET / HTTP/1.1" 200 8206 "-" "Mozilla/5.0 (Windows NT 6.1; WOW64; rv:40.0) Gecko/20100101 Firefox/40.1"
203.133.169.137 - - [07/May/2018:19:34:19 -0400] "GET /node/2 HTTP/1.1" 200 13687 "-" "Mozilla/5.0 (compatible; Daum/4.1; +http://cs.daum.net/faq/15/4118.html?faqId=28966)"
203.133.169.137 - - [07/May/2018:19:34:30 -0400] "GET /node/2018 HTTP/1.1" 404 7917 "-" "Mozilla/5.0 (compatible; Daum/4.1; +http://cs.daum.net/faq/15/4118.html?faqId=28966)"
203.133.169.137 - - [07/May/2018:19:34:41 -0400] "GET /node/43 HTTP/1.1" 200 13351 "-" "Mozilla/5.0 (compatible; Daum/4.1; +http://cs.daum.net/faq/15/4118.html?faqId=28966)"
203.133.169.137 - - [07/May/2018:19:34:52 -0400] "GET /node/52 HTTP/1.1" 200 10197 "-" "Mozilla/5.0 (compatible; Daum/4.1; +http://cs.daum.net/faq/15/4118.html?faqId=28966)"
180.76.15.138 - - [07/May/2018:19:35:01 -0400] "GET /2007/index.shtml HTTP/1.1" 200 8269 "-" "Mozilla/5.0 (compatible; Baiduspider/2.0; +http://www.baidu.com/search/spider.html)"
203.133.169.137 - - [07/May/2018:19:35:10 -0400] "GET /node/53 HTTP/1.1" 200 12087 "-" "Mozilla/5.0 (compatible; Daum/4.1; +http://cs.daum.net/faq/15/4118.html?faqId=28966)"
203.133.169.137 - - [07/May/2018:19:35:21 -0400] "GET /node/54 HTTP/1.1" 200 9893 "-" "Mozilla/5.0 (compatible; Daum/4.1; +http://cs.daum.net/faq/15/4118.html?faqId=28966)"
203.133.169.137 - - [07/May/2018:19:35:32 -0400] "GET /node/6 HTTP/1.1" 200 10181 "-" "Mozilla/5.0 (compatible; Daum/4.1; +http://cs.daum.net/faq/15/4118.html?faqId=28966)"
203.133.169.137 - - [07/May/2018:19:35:43 -0400] "GET /node/65 HTTP/1.1" 200 9797 "-" "Mozilla/5.0 (compatible; Daum/4.1; +http://cs.daum.net/faq/15/4118.html?faqId=28966)"
203.133.169.137 - - [07/May/2018:19:35:54 -0400] "GET /node/67 HTTP/1.1" 200 13557 "-" "Mozilla/5.0 (compatible; Daum/4.1; +http://cs.daum.net/faq/15/4118.html?faqId=28966)"
203.133.169.137 - - [07/May/2018:19:36:05 -0400] "GET /node/68 HTTP/1.1" 200 9909 "-" "Mozilla/5.0 (compatible; Daum/4.1; +http://cs.daum.net/faq/15/4118.html?faqId=28966)"
203.133.169.137 - - [07/May/2018:19:36:17 -0400] "GET /node/69 HTTP/1.1" 200 14423 "-" "Mozilla/5.0 (compatible; Daum/4.1; +http://cs.daum.net/faq/15/4118.html?faqId=28966)"
203.133.169.137 - - [07/May/2018:19:36:28 -0400] "GET /node/70 HTTP/1.1" 200 13319 "-" "Mozilla/5.0 (compatible; Daum/4.1; +http://cs.daum.net/faq/15/4118.html?faqId=28966)"
203.133.169.137 - - [07/May/2018:19:36:40 -0400] "GET /node/70 HTTP/1.1" 200 13319 "-" "Mozilla/5.0 (compatible; Daum/4.1; +http://cs.daum.net/faq/15/4118.html?faqId=28966)"
203.133.169.137 - - [07/May/2018:19:37:23 -0400] "GET /node/72 HTTP/1.1" 200 12407 "-" "Mozilla/5.0 (compatible; Daum/4.1; +http://cs.daum.net/faq/15/4118.html?faqId=28966)"
203.133.169.137 - - [07/May/2018:19:37:34 -0400] "GET /node/73 HTTP/1.1" 200 14133 "-" "Mozilla/5.0 (compatible; Daum/4.1; +http://cs.daum.net/faq/15/4118.html?faqId=28966)"
203.133.169.137 - - [07/May/2018:19:37:45 -0400] "GET /node/74 HTTP/1.1" 200 10245 "-" "Mozilla/5.0 (compatible; Daum/4.1; +http://cs.daum.net/faq/15/4118.html?faqId=28966)"
66.249.64.217 - - [07/May/2018:19:37:49 -0400] "GET /papers/2011/nspw2011-friedland.pdf HTTP/1.1" 200 437587 "-" "Mozilla/5.0 (compatible; Googlebot/2.1; +http://www.google.com/bot.html)"
203.133.169.137 - - [07/May/2018:19:37:56 -0400] "GET /node/75 HTTP/1.1" 200 9221 "-" "Mozilla/5.0 (compatible; Daum/4.1; +http://cs.daum.net/faq/15/4118.html?faqId=28966)"
203.133.169.137 - - [07/May/2018:19:38:08 -0400] "GET /node/76 HTTP/1.1" 200 15589 "-" "Mozilla/5.0 (compatible; Daum/4.1; +http://cs.daum.net/faq/15/4118.html?faqId=28966)"
203.133.169.137 - - [07/May/2018:19:38:19 -0400] "GET /node/78 HTTP/1.1" 200 12999 "-" "Mozilla/5.0 (compatible; Daum/4.1; +http://cs.daum.net/faq/15/4118.html?faqId=28966)"
203.133.169.137 - - [07/May/2018:19:38:29 -0400] "GET /node/79 HTTP/1.1" 200 14391 "-" "Mozilla/5.0 (compatible; Daum/4.1; +http://cs.daum.net/faq/15/4118.html?faqId=28966)"
203.133.169.137 - - [07/May/2018:19:38:41 -0400] "GET /node/80 HTTP/1.1" 200 15687 "-" "Mozilla/5.0 (compatible; Daum/4.1; +http://cs.daum.net/faq/15/4118.html?faqId=28966)"
203.133.169.137 - - [07/May/2018:19:38:51 -0400] "GET /node/81 HTTP/1.1" 200 9093 "-" "Mozilla/5.0 (compatible; Daum/4.1; +http://cs.daum.net/faq/15/4118.html?faqId=28966)"
203.133.169.137 - - [07/May/2018:19:39:04 -0400] "GET /node/97 HTTP/1.1" 200 12343 "-" "Mozilla/5.0 (compatible; Daum/4.1; +http://cs.daum.net/faq/15/4118.html?faqId=28966)"
69.162.124.227 - - [07/May/2018:19:39:10 -0400] "HEAD / HTTP/1.1" 200 3874 "http://nspw.org/" "Mozilla/5.0+(compatible; UptimeRobot/2.0; http://www.uptimerobot.com/)"
203.133.169.137 - - [07/May/2018:19:39:16 -0400] "GET /node/proceedings HTTP/1.1" 404 7917 "-" "Mozilla/5.0 (compatible; Daum/4.1; +http://cs.daum.net/faq/15/4118.html?faqId=28966)"
203.133.169.137 - - [07/May/2018:19:39:30 -0400] "GET /papers/2012 HTTP/1.1" 301 3880 "-" "Mozilla/5.0 (compatible; Daum/4.1; +http://cs.daum.net/faq/15/4118.html?faqId=28966)"
203.133.169.137 - - [07/May/2018:19:39:41 -0400] "GET /papers/2012/ HTTP/1.1" 200 8763 "-" "Mozilla/5.0 (compatible; Daum/4.1; +http://cs.daum.net/faq/15/4118.html?faqId=28966)"
203.133.169.137 - - [07/May/2018:19:39:54 -0400] "GET /past HTTP/1.1" 200 12055 "-" "Mozilla/5.0 (compatible; Daum/4.1; +http://cs.daum.net/faq/15/4118.html?faqId=28966)"
203.133.169.137 - - [07/May/2018:19:40:05 -0400] "GET /proceedings HTTP/1.1" 200 10181 "-" "Mozilla/5.0 (compatible; Daum/4.1; +http://cs.daum.net/faq/15/4118.html?faqId=28966)"
203.133.169.137 - - [07/May/2018:19:40:16 -0400] "GET /proceedings HTTP/1.1" 200 13271 "-" "Mozilla/5.0 (compatible; Daum/4.1; +http://cs.daum.net/faq/15/4118.html?faqId=28966)"
203.133.169.137 - - [07/May/2018:19:40:28 -0400] "GET /proceedings/1993 HTTP/1.1" 200 13637 "-" "Mozilla/5.0 (compatible; Daum/4.1; +http://cs.daum.net/faq/15/4118.html?faqId=28966)"
203.133.169.137 - - [07/May/2018:19:40:39 -0400] "GET /proceedings/1994 HTTP/1.1" 200 9109 "-" "Mozilla/5.0 (compatible; Daum/4.1; +http://cs.daum.net/faq/15/4118.html?faqId=28966)"
203.133.169.137 - - [07/May/2018:19:40:50 -0400] "GET /proceedings/1995 HTTP/1.1" 200 9109 "-" "Mozilla/5.0 (compatible; Daum/4.1; +http://cs.daum.net/faq/15/4118.html?faqId=28966)"
203.133.169.137 - - [07/May/2018:19:41:01 -0400] "GET /proceedings/1996 HTTP/1.1" 200 12199 "-" "Mozilla/5.0 (compatible; Daum/4.1; +http://cs.daum.net/faq/15/4118.html?faqId=28966)"
203.133.169.137 - - [07/May/2018:19:41:12 -0400] "GET /proceedings/1997 HTTP/1.1" 200 12199 "-" "Mozilla/5.0 (compatible; Daum/4.1; +http://cs.daum.net/faq/15/4118.html?faqId=28966)"
203.133.169.137 - - [07/May/2018:19:41:23 -0400] "GET /proceedings/1998 HTTP/1.1" 200 12199 "-" "Mozilla/5.0 (compatible; Daum/4.1; +http://cs.daum.net/faq/15/4118.html?faqId=28966)"
77.88.47.40 - - [07/May/2018:19:34:02 -0400] "GET /papers/2005/nspw2005-peisert.pdf HTTP/1.1" 200 2656826 "-" "Mozilla/5.0 (compatible; YandexBot/3.0; +http://yandex.com/bots)"
203.133.169.137 - - [07/May/2018:19:41:34 -0400] "GET /proceedings/1999 HTTP/1.1" 200 9109 "-" "Mozilla/5.0 (compatible; Daum/4.1; +http://cs.daum.net/faq/15/4118.html?faqId=28966)"
203.133.169.137 - - [07/May/2018:19:41:45 -0400] "GET /proceedings/2000 HTTP/1.1" 200 9109 "-" "Mozilla/5.0 (compatible; Daum/4.1; +http://cs.daum.net/faq/15/4118.html?faqId=28966)"
203.133.169.137 - - [07/May/2018:19:41:56 -0400] "GET /proceedings/2001 HTTP/1.1" 200 9109 "-" "Mozilla/5.0 (compatible; Daum/4.1; +http://cs.daum.net/faq/15/4118.html?faqId=28966)"
40.77.167.0 - - [07/May/2018:19:41:52 -0400] "GET /papers/1999/nspw1999-timmerman.pdf HTTP/1.1" 200 871771 "-" "Mozilla/5.0 (iPhone; CPU iPhone OS 7_0 like Mac OS X) AppleWebKit/537.51.1 (KHTML, like Gecko) Version/7.0 Mobile/11A465 Safari/9537.53 (compatible; bingbot/2.0; +http://www.bing.com/bingbot.htm)"
203.133.169.137 - - [07/May/2018:19:42:07 -0400] "GET /proceedings/2002 HTTP/1.1" 200 12199 "-" "Mozilla/5.0 (compatible; Daum/4.1; +http://cs.daum.net/faq/15/4118.html?faqId=28966)"
203.133.169.137 - - [07/May/2018:19:42:19 -0400] "GET /proceedings/2003 HTTP/1.1" 200 12199 "-" "Mozilla/5.0 (compatible; Daum/4.1; +http://cs.daum.net/faq/15/4118.html?faqId=28966)"
77.88.47.40 - - [07/May/2018:19:41:32 -0400] "GET /2009/proceedings/1993/nspw1993-hosmer.pdf HTTP/1.1" 200 1025744 "-" "Mozilla/5.0 (compatible; YandexBot/3.0; +http://yandex.com/bots)"
77.88.47.40 - - [07/May/2018:19:42:26 -0400] "GET /2014 HTTP/1.1" 200 3302 "-" "Mozilla/5.0 (compatible; YandexBot/3.0; +http://yandex.com/bots)"
203.133.169.137 - - [07/May/2018:19:42:31 -0400] "GET /proceedings/2004 HTTP/1.1" 200 9109 "-" "Mozilla/5.0 (compatible; Daum/4.1; +http://cs.daum.net/faq/15/4118.html?faqId=28966)"
187.78.252.128 - - [07/May/2018:19:42:32 -0400] "GET /wp-login.php HTTP/1.1" 404 7839 "-" "Mozilla/5.0 (Windows NT 6.1; WOW64; rv:40.0) Gecko/20100101 Firefox/40.1"
187.78.252.128 - - [07/May/2018:19:42:34 -0400] "GET / HTTP/1.1" 200 8218 "-" "Mozilla/5.0 (Windows NT 6.1; WOW64; rv:40.0) Gecko/20100101 Firefox/40.1"
1.55.45.247 - - [07/May/2018:19:42:37 -0400] "GET /wp-login.php HTTP/1.1" 404 7491 "-" "Mozilla/5.0 (Windows NT 6.1; WOW64; rv:40.0) Gecko/20100101 Firefox/40.1"
1.55.45.247 - - [07/May/2018:19:42:39 -0400] "GET / HTTP/1.1" 200 8218 "-" "Mozilla/5.0 (Windows NT 6.1; WOW64; rv:40.0) Gecko/20100101 Firefox/40.1"
203.133.169.137 - - [07/May/2018:19:42:42 -0400] "GET /proceedings/2005 HTTP/1.1" 200 15335 "-" "Mozilla/5.0 (compatible; Daum/4.1; +http://cs.daum.net/faq/15/4118.html?faqId=28966)"
177.223.86.177 - - [07/May/2018:19:42:52 -0400] "GET /wp-login.php HTTP/1.1" 404 7839 "-" "Mozilla/5.0 (Windows NT 6.1; WOW64; rv:40.0) Gecko/20100101 Firefox/40.1"
203.133.169.137 - - [07/May/2018:19:42:53 -0400] "GET /proceedings/2006 HTTP/1.1" 200 13911 "-" "Mozilla/5.0 (compatible; Daum/4.1; +http://cs.daum.net/faq/15/4118.html?faqId=28966)"
177.223.86.177 - - [07/May/2018:19:42:54 -0400] "GET / HTTP/1.1" 200 8218 "-" "Mozilla/5.0 (Windows NT 6.1; WOW64; rv:40.0) Gecko/20100101 Firefox/40.1"
203.133.169.137 - - [07/May/2018:19:43:04 -0400] "GET /proceedings/2007 HTTP/1.1" 200 14023 "-" "Mozilla/5.0 (compatible; Daum/4.1; +http://cs.daum.net/faq/15/4118.html?faqId=28966)"
40.77.189.251 - - [07/May/2018:19:43:11 -0400] "GET /sites/default/files/nspw-logo-smaller.jpg HTTP/1.1" 200 5774 "https://www.nspw.org/2013/papers" "Mozilla/5.0 (iPhone; CPU iPhone OS 7_0 like Mac OS X) AppleWebKit/537.51.1 (KHTML, like Gecko) Version/7.0 Mobile/11A465 Safari/9537.53 BingPreview/1.0b"
203.133.169.137 - - [07/May/2018:19:43:17 -0400] "GET /proceedings/2008 HTTP/1.1" 200 11141 "-" "Mozilla/5.0 (compatible; Daum/4.1; +http://cs.daum.net/faq/15/4118.html?faqId=28966)"
203.133.169.137 - - [07/May/2018:19:43:28 -0400] "GET /proceedings/2009 HTTP/1.1" 200 11109 "-" "Mozilla/5.0 (compatible; Daum/4.1; +http://cs.daum.net/faq/15/4118.html?faqId=28966)"
203.133.169.137 - - [07/May/2018:19:43:39 -0400] "GET /proceedings/2010 HTTP/1.1" 200 15111 "-" "Mozilla/5.0 (compatible; Daum/4.1; +http://cs.daum.net/faq/15/4118.html?faqId=28966)"
203.133.169.137 - - [07/May/2018:19:43:50 -0400] "GET /proceedings/2011 HTTP/1.1" 200 11221 "-" "Mozilla/5.0 (compatible; Daum/4.1; +http://cs.daum.net/faq/15/4118.html?faqId=28966)"
157.55.39.215 - - [07/May/2018:19:43:53 -0400] "GET /2010/papers HTTP/1.1" 200 7769 "-" "Mozilla/5.0 (iPhone; CPU iPhone OS 7_0 like Mac OS X) AppleWebKit/537.51.1 (KHTML, like Gecko) Version/7.0 Mobile/11A465 Safari/9537.53 (compatible; bingbot/2.0; +http://www.bing.com/bingbot.htm)"
77.88.47.40 - - [07/May/2018:19:36:32 -0400] "GET /papers/2005/nspw2005-peisert.pdf HTTP/1.1" 200 2849750 "-" "Mozilla/5.0 (compatible; YandexBot/3.0; +http://yandex.com/bots)"
203.133.169.137 - - [07/May/2018:19:44:04 -0400] "GET /proceedings/2013 HTTP/1.1" 200 14631 "-" "Mozilla/5.0 (compatible; Daum/4.1; +http://cs.daum.net/faq/15/4118.html?faqId=28966)"
69.162.124.227 - - [07/May/2018:19:44:10 -0400] "HEAD / HTTP/1.1" 200 3874 "http://nspw.org/" "Mozilla/5.0+(compatible; UptimeRobot/2.0; http://www.uptimerobot.com/)"
203.133.169.137 - - [07/May/2018:19:44:23 -0400] "GET /registration HTTP/1.1" 200 9877 "-" "Mozilla/5.0 (compatible; Daum/4.1; +http://cs.daum.net/faq/15/4118.html?faqId=28966)"
203.133.169.137 - - [07/May/2018:19:44:34 -0400] "GET /sponsors-2010 HTTP/1.1" 200 9813 "-" "Mozilla/5.0 (compatible; Daum/4.1; +http://cs.daum.net/faq/15/4118.html?faqId=28966)"
199.16.157.180 - - [07/May/2018:19:44:50 -0400] "GET /robots.txt HTTP/1.1" 200 5699 "-" "Twitterbot/1.0"
199.16.157.182 - - [07/May/2018:19:44:50 -0400] "GET /robots.txt HTTP/1.1" 200 5699 "-" "Twitterbot/1.0"
77.88.47.40 - - [07/May/2018:19:39:02 -0400] "GET /papers/2005/nspw2005-peisert.pdf HTTP/1.1" 200 2568752 "-" "Mozilla/5.0 (compatible; YandexBot/3.0; +http://yandex.com/bots)"
180.23.174.51 - - [07/May/2018:19:46:36 -0400] "GET /2018 HTTP/1.1" 200 12606 "-" "LWP::Simple/6.29 libwww-perl/6.29"
77.88.47.40 - - [07/May/2018:19:47:49 -0400] "GET /2007/CFP06extend.pdf HTTP/1.1" 200 40969 "-" "Mozilla/5.0 (compatible; YandexBot/3.0; +http://yandex.com/bots)"
66.249.64.217 - - [07/May/2018:19:48:08 -0400] "GET /papers/2006/nspw2006-gutmann.pdf HTTP/1.1" 200 103440 "-" "Mozilla/5.0 (compatible; Googlebot/2.1; +http://www.google.com/bot.html)"
69.162.124.227 - - [07/May/2018:19:49:10 -0400] "HEAD / HTTP/1.1" 200 3874 "http://nspw.org/" "Mozilla/5.0+(compatible; UptimeRobot/2.0; http://www.uptimerobot.com/)"
40.77.167.185 - - [07/May/2018:19:50:10 -0400] "GET /papers/2010/nspw2010-bishop.pdf HTTP/1.1" 200 660564 "-" "Mozilla/5.0 (iPhone; CPU iPhone OS 7_0 like Mac OS X) AppleWebKit/537.51.1 (KHTML, like Gecko) Version/7.0 Mobile/11A465 Safari/9537.53 (compatible; bingbot/2.0; +http://www.bing.com/bingbot.htm)"
207.46.13.162 - - [07/May/2018:19:50:17 -0400] "GET /papers/2013/nspw2013-castro.pdf HTTP/1.1" 200 347485 "-" "Mozilla/5.0 (iPhone; CPU iPhone OS 7_0 like Mac OS X) AppleWebKit/537.51.1 (KHTML, like Gecko) Version/7.0 Mobile/11A465 Safari/9537.53 (compatible; bingbot/2.0; +http://www.bing.com/bingbot.htm)"
54.240.196.169 - - [07/May/2018:19:50:52 -0400] "GET /favicon.ico HTTP/1.1" 404 4109 "https://www.nspw.org/papers/2010/nspw2010-raskin.pdf" "Mozilla/5.0 (Macintosh; Intel Mac OS X 10_12_6) AppleWebKit/537.36 (KHTML, like Gecko) Chrome/66.0.3359.139 Safari/537.36"
54.240.196.169 - - [07/May/2018:19:50:52 -0400] "GET /papers/2010/nspw2010-raskin.pdf HTTP/1.1" 200 610916 "https://www.google.com/" "Mozilla/5.0 (Macintosh; Intel Mac OS X 10_12_6) AppleWebKit/537.36 (KHTML, like Gecko) Chrome/66.0.3359.139 Safari/537.36"
41.233.121.223 - - [07/May/2018:19:51:36 -0400] "GET /wp-login.php HTTP/1.1" 404 7839 "-" "Mozilla/5.0 (Windows NT 6.1; WOW64; rv:40.0) Gecko/20100101 Firefox/40.1"
41.233.121.223 - - [07/May/2018:19:51:38 -0400] "GET / HTTP/1.1" 200 8218 "-" "Mozilla/5.0 (Windows NT 6.1; WOW64; rv:40.0) Gecko/20100101 Firefox/40.1"
66.102.6.199 - - [07/May/2018:19:52:29 -0400] "GET /papers/2011/nspw2011-pieters.pdf HTTP/1.1" 200 2771026 "http://www.google.com/search" "Mozilla/5.0 (X11; Linux x86_64) AppleWebKit/537.36 (KHTML, like Gecko; Google Web Preview) Chrome/41.0.2272.118 Safari/537.36"
66.249.64.217 - - [07/May/2018:19:53:17 -0400] "GET /cfp/nspw2011-cfp.pdf HTTP/1.1" 200 50834 "-" "Mozilla/5.0 (compatible; Googlebot/2.1; +http://www.google.com/bot.html)"
77.88.47.40 - - [07/May/2018:19:53:28 -0400] "GET /2004/proceedings.shtml HTTP/1.1" 200 4921 "-" "Mozilla/5.0 (compatible; YandexBot/3.0; +http://yandex.com/bots)"
69.162.124.227 - - [07/May/2018:19:54:10 -0400] "HEAD / HTTP/1.1" 200 3874 "http://nspw.org/" "Mozilla/5.0+(compatible; UptimeRobot/2.0; http://www.uptimerobot.com/)"
66.249.64.219 - - [07/May/2018:19:58:10 -0400] "GET /papers/1994/nspw1994-limoges.pdf HTTP/1.1" 200 983974 "-" "Mozilla/5.0 (compatible; Googlebot/2.1; +http://www.google.com/bot.html)"
69.162.124.227 - - [07/May/2018:19:59:10 -0400] "HEAD / HTTP/1.1" 200 3874 "http://nspw.org/" "Mozilla/5.0+(compatible; UptimeRobot/2.0; http://www.uptimerobot.com/)"
77.88.47.40 - - [07/May/2018:20:00:46 -0400] "GET /2009/proceedings/2013/?C=S;O=D HTTP/1.1" 200 4388 "-" "Mozilla/5.0 (compatible; YandexBot/3.0; +http://yandex.com/bots)"
66.249.64.219 - - [07/May/2018:20:03:18 -0400] "GET /2009/proceedings/2013/nspw2013-mathur.pdf HTTP/1.1" 200 1319255 "-" "Mozilla/5.0 (compatible; Googlebot/2.1; +http://www.google.com/bot.html)"
77.88.47.40 - - [07/May/2018:20:03:37 -0400] "GET /2004/ HTTP/1.1" 200 5532 "-" "Mozilla/5.0 (compatible; YandexBot/3.0; +http://yandex.com/bots)"
77.88.47.40 - - [07/May/2018:20:03:44 -0400] "GET /2002/program.content HTTP/1.1" 200 14685 "-" "Mozilla/5.0 (compatible; YandexBot/3.0; +http://yandex.com/bots)"
69.162.124.227 - - [07/May/2018:20:04:10 -0400] "HEAD / HTTP/1.1" 200 3874 "http://nspw.org/" "Mozilla/5.0+(compatible; UptimeRobot/2.0; http://www.uptimerobot.com/)"
77.88.47.40 - - [07/May/2018:20:04:14 -0400] "GET /cfp/nspw2015-cfp.pdf HTTP/1.1" 200 76234 "-" "Mozilla/5.0 (compatible; YandexBot/3.0; +http://yandex.com/bots)"
27.32.24.125 - - [07/May/2018:20:04:18 -0400] "GET /papers/2007/nspw2007-vidyaraman.pdf HTTP/1.1" 200 259144 "-" "Mozilla/5.0 (iPhone; CPU iPhone OS 11_3 like Mac OS X) AppleWebKit/605.1.15 (KHTML, like Gecko) Version/11.0 Mobile/15E148 Safari/604.1"
66.249.64.215 - - [07/May/2018:20:08:20 -0400] "GET /2005/cfp/latex/macros.sty HTTP/1.1" 200 14425 "-" "Mozilla/5.0 (compatible; Googlebot/2.1; +http://www.google.com/bot.html)"
139.162.116.133 - - [07/May/2018:20:08:41 -0400] "GET / HTTP/1.1" 200 11394 "-" "Go-http-client/1.1"
69.162.124.227 - - [07/May/2018:20:09:10 -0400] "HEAD / HTTP/1.1" 200 3874 "http://nspw.org/" "Mozilla/5.0+(compatible; UptimeRobot/2.0; http://www.uptimerobot.com/)"
76.184.105.158 - - [07/May/2018:20:10:34 -0400] "GET /papers/2008/nspw2008-beautement.pdf HTTP/1.1" 200 769415 "https://www.google.com/" "Mozilla/5.0 (Windows NT 10.0; Win64; x64) AppleWebKit/537.36 (KHTML, like Gecko) Chrome/66.0.3359.139 Safari/537.36"
76.184.105.158 - - [07/May/2018:20:10:35 -0400] "GET /favicon.ico HTTP/1.1" 404 4109 "https://www.nspw.org/papers/2008/nspw2008-beautement.pdf" "Mozilla/5.0 (Windows NT 10.0; Win64; x64) AppleWebKit/537.36 (KHTML, like Gecko) Chrome/66.0.3359.139 Safari/537.36"
61.197.5.116 - - [07/May/2018:20:13:13 -0400] "GET /wp-login.php HTTP/1.1" 404 7985 "-" "Mozilla/5.0 (Windows NT 6.1; WOW64; rv:40.0) Gecko/20100101 Firefox/40.1"
61.197.5.116 - - [07/May/2018:20:13:15 -0400] "GET / HTTP/1.1" 200 8206 "-" "Mozilla/5.0 (Windows NT 6.1; WOW64; rv:40.0) Gecko/20100101 Firefox/40.1"
76.184.105.158 - - [07/May/2018:20:13:18 -0400] "-" 408 156 "-" "-"
76.184.105.158 - - [07/May/2018:20:13:18 -0400] "-" 408 156 "-" "-"
76.184.105.158 - - [07/May/2018:20:13:18 -0400] "-" 408 156 "-" "-"
76.184.105.158 - - [07/May/2018:20:13:18 -0400] "-" 408 156 "-" "-"
66.249.64.219 - - [07/May/2018:20:13:19 -0400] "GET /papers/2003/nspw2003-mchugh.pdf HTTP/1.1" 200 765834 "-" "Mozilla/5.0 (compatible; Googlebot/2.1; +http://www.google.com/bot.html)"
73.223.109.6 - - [07/May/2018:20:13:47 -0400] "GET /current/ HTTP/1.1" 200 6727 "-" "Mozilla/5.0 (iPad; CPU OS 11_3 like Mac OS X) AppleWebKit/605.1.15 (KHTML, like Gecko) Version/11.0 Mobile/15E148 Safari/604.1"
73.223.109.6 - - [07/May/2018:20:13:48 -0400] "GET /apple-touch-icon-152x152-precomposed.png HTTP/1.1" 404 3943 "-" "MobileSafari/604.1 CFNetwork/897.15 Darwin/17.5.0"
73.223.109.6 - - [07/May/2018:20:13:48 -0400] "GET /apple-touch-icon-152x152.png HTTP/1.1" 404 717 "-" "MobileSafari/604.1 CFNetwork/897.15 Darwin/17.5.0"
73.223.109.6 - - [07/May/2018:20:13:48 -0400] "GET /apple-touch-icon-precomposed.png HTTP/1.1" 404 721 "-" "MobileSafari/604.1 CFNetwork/897.15 Darwin/17.5.0"
73.223.109.6 - - [07/May/2018:20:13:48 -0400] "GET /apple-touch-icon.png HTTP/1.1" 404 709 "-" "MobileSafari/604.1 CFNetwork/897.15 Darwin/17.5.0"
73.223.109.6 - - [07/May/2018:20:13:48 -0400] "GET /favicon.ico HTTP/1.1" 404 700 "-" "MobileSafari/604.1 CFNetwork/897.15 Darwin/17.5.0"
73.223.109.6 - - [07/May/2018:20:13:48 -0400] "GET /apple-touch-icon-152x152-precomposed.png HTTP/1.1" 404 729 "-" "MobileSafari/604.1 CFNetwork/897.15 Darwin/17.5.0"
73.223.109.6 - - [07/May/2018:20:13:48 -0400] "GET /apple-touch-icon-152x152.png HTTP/1.1" 404 717 "-" "MobileSafari/604.1 CFNetwork/897.15 Darwin/17.5.0"
73.223.109.6 - - [07/May/2018:20:13:49 -0400] "GET /apple-touch-icon-precomposed.png HTTP/1.1" 404 721 "-" "MobileSafari/604.1 CFNetwork/897.15 Darwin/17.5.0"
73.223.109.6 - - [07/May/2018:20:13:49 -0400] "GET /apple-touch-icon.png HTTP/1.1" 404 709 "-" "MobileSafari/604.1 CFNetwork/897.15 Darwin/17.5.0"
73.223.109.6 - - [07/May/2018:20:13:49 -0400] "GET /favicon.ico HTTP/1.1" 404 700 "-" "MobileSafari/604.1 CFNetwork/897.15 Darwin/17.5.0"
69.162.124.227 - - [07/May/2018:20:14:10 -0400] "HEAD / HTTP/1.1" 200 3874 "http://nspw.org/" "Mozilla/5.0+(compatible; UptimeRobot/2.0; http://www.uptimerobot.com/)"
77.88.47.40 - - [07/May/2018:20:14:22 -0400] "GET /papers/1993/nspw1993-thuraisingham.pdf HTTP/1.1" 200 531544 "-" "Mozilla/5.0 (compatible; YandexBot/3.0; +http://yandex.com/bots)"
66.249.64.17 - - [07/May/2018:20:14:59 -0400] "GET /2009/past.shtml HTTP/1.1" 200 5543 "-" "Mozilla/5.0 (compatible; Googlebot/2.1; +http://www.google.com/bot.html)"
212.253.172.201 - - [07/May/2018:20:15:32 -0400] "GET /wp-login.php HTTP/1.1" 404 7985 "-" "Mozilla/5.0 (Windows NT 6.1; WOW64; rv:40.0) Gecko/20100101 Firefox/40.1"
212.253.172.201 - - [07/May/2018:20:15:34 -0400] "GET / HTTP/1.1" 200 8206 "-" "Mozilla/5.0 (Windows NT 6.1; WOW64; rv:40.0) Gecko/20100101 Firefox/40.1"
40.77.167.0 - - [07/May/2018:20:16:56 -0400] "GET /papers/2003/nspw2003-mcdermott.pdf HTTP/1.1" 200 645165 "-" "Mozilla/5.0 (compatible; bingbot/2.0; +http://www.bing.com/bingbot.htm)"
66.249.64.215 - - [07/May/2018:20:18:28 -0400] "GET /papers/1996/nspw1996-hosmer.pdf HTTP/1.1" 200 814281 "-" "Mozilla/5.0 (compatible; Googlebot/2.1; +http://www.google.com/bot.html)"
40.77.167.0 - - [07/May/2018:20:18:48 -0400] "GET /papers/2013/nspw2013-peisert.pdf HTTP/1.1" 200 712499 "-" "Mozilla/5.0 (iPhone; CPU iPhone OS 7_0 like Mac OS X) AppleWebKit/537.51.1 (KHTML, like Gecko) Version/7.0 Mobile/11A465 Safari/9537.53 (compatible; bingbot/2.0; +http://www.bing.com/bingbot.htm)"
69.162.124.227 - - [07/May/2018:20:19:10 -0400] "HEAD / HTTP/1.1" 200 3874 "http://nspw.org/" "Mozilla/5.0+(compatible; UptimeRobot/2.0; http://www.uptimerobot.com/)"
180.76.15.7 - - [07/May/2018:20:22:54 -0400] "GET /2007/cfp/ HTTP/1.1" 403 3909 "-" "Mozilla/5.0 (compatible; Baiduspider/2.0; +http://www.baidu.com/search/spider.html)"
45.241.191.243 - - [07/May/2018:20:23:15 -0400] "GET /wp-login.php HTTP/1.1" 404 7985 "-" "Mozilla/5.0 (Windows NT 6.1; WOW64; rv:40.0) Gecko/20100101 Firefox/40.1"
45.241.191.243 - - [07/May/2018:20:23:22 -0400] "GET / HTTP/1.1" 200 8316 "-" "Mozilla/5.0 (Windows NT 6.1; WOW64; rv:40.0) Gecko/20100101 Firefox/40.1"
66.249.64.219 - - [07/May/2018:20:23:30 -0400] "GET /papers/1996/nspw1996-williams.pdf HTTP/1.1" 200 664500 "-" "Mozilla/5.0 (compatible; Googlebot/2.1; +http://www.google.com/bot.html)"
77.88.47.40 - - [07/May/2018:20:23:33 -0400] "GET /2004/pc.shtml HTTP/1.1" 200 5657 "-" "Mozilla/5.0 (compatible; YandexBot/3.0; +http://yandex.com/bots)"
69.162.124.227 - - [07/May/2018:20:24:10 -0400] "HEAD / HTTP/1.1" 200 3874 "http://nspw.org/" "Mozilla/5.0+(compatible; UptimeRobot/2.0; http://www.uptimerobot.com/)"
91.234.112.142 - - [07/May/2018:20:26:31 -0400] "GET /wp-login.php HTTP/1.1" 404 7491 "-" "Mozilla/5.0 (Windows NT 6.1; WOW64; rv:40.0) Gecko/20100101 Firefox/40.1"
91.234.112.142 - - [07/May/2018:20:26:31 -0400] "GET / HTTP/1.1" 200 8218 "-" "Mozilla/5.0 (Windows NT 6.1; WOW64; rv:40.0) Gecko/20100101 Firefox/40.1"
69.162.124.227 - - [07/May/2018:20:29:10 -0400] "HEAD / HTTP/1.1" 200 3874 "http://nspw.org/" "Mozilla/5.0+(compatible; UptimeRobot/2.0; http://www.uptimerobot.com/)"
40.77.167.0 - - [07/May/2018:20:30:18 -0400] "GET /2009/proceedings/2013/?C=D;O=A HTTP/1.1" 200 4838 "-" "Mozilla/5.0 (compatible; bingbot/2.0; +http://www.bing.com/bingbot.htm)"
170.247.5.78 - - [07/May/2018:20:30:41 -0400] "GET /wp-login.php HTTP/1.1" 404 7985 "-" "Mozilla/5.0 (Windows NT 6.1; WOW64; rv:40.0) Gecko/20100101 Firefox/40.1"
170.247.5.78 - - [07/May/2018:20:30:43 -0400] "GET / HTTP/1.1" 200 8206 "-" "Mozilla/5.0 (Windows NT 6.1; WOW64; rv:40.0) Gecko/20100101 Firefox/40.1"
199.16.157.183 - - [07/May/2018:20:30:51 -0400] "GET /robots.txt HTTP/1.1" 200 5699 "-" "Twitterbot/1.0"
69.162.124.227 - - [07/May/2018:20:34:10 -0400] "HEAD / HTTP/1.1" 200 3874 "http://nspw.org/" "Mozilla/5.0+(compatible; UptimeRobot/2.0; http://www.uptimerobot.com/)"
40.77.167.0 - - [07/May/2018:20:34:49 -0400] "GET /papers/2013/nspw2013-durmuth.pdf HTTP/1.1" 200 452148 "-" "Mozilla/5.0 (iPhone; CPU iPhone OS 7_0 like Mac OS X) AppleWebKit/537.51.1 (KHTML, like Gecko) Version/7.0 Mobile/11A465 Safari/9537.53 (compatible; bingbot/2.0; +http://www.bing.com/bingbot.htm)"
77.88.47.40 - - [07/May/2018:20:34:02 -0400] "GET /2009/proceedings/1997/nspw1997-rahman.pdf HTTP/1.1" 200 1078387 "-" "Mozilla/5.0 (compatible; YandexBot/3.0; +http://yandex.com/bots)"
77.88.47.40 - - [07/May/2018:20:35:10 -0400] "GET /2005/past.content HTTP/1.1" 200 1964 "-" "Mozilla/5.0 (compatible; YandexBot/3.0; +http://yandex.com/bots)"
47.202.63.250 - - [07/May/2018:20:35:14 -0400] "GET /papers/2004/nspw2004-gates.pdf HTTP/1.1" 200 148290 "https://www.google.com/" "Mozilla/5.0 (Linux; Android 8.0.0; Moto Z (2) Build/OCX27.109-47) AppleWebKit/537.36 (KHTML, like Gecko) Chrome/66.0.3359.126 Mobile Safari/537.36"
47.202.63.250 - - [07/May/2018:20:35:34 -0400] "-" 408 3408 "-" "-"
78.190.234.25 - - [07/May/2018:20:35:45 -0400] "GET /wp-login.php HTTP/1.1" 404 7839 "-" "Mozilla/5.0 (Windows NT 6.1; WOW64; rv:40.0) Gecko/20100101 Firefox/40.1"
78.190.234.25 - - [07/May/2018:20:35:45 -0400] "GET / HTTP/1.1" 200 8218 "-" "Mozilla/5.0 (Windows NT 6.1; WOW64; rv:40.0) Gecko/20100101 Firefox/40.1"
66.249.64.217 - - [07/May/2018:20:38:42 -0400] "GET /papers/2011/nspw2011-locasto.pdf HTTP/1.1" 200 555120 "-" "Mozilla/5.0 (compatible; Googlebot/2.1; +http://www.google.com/bot.html)"
69.162.124.227 - - [07/May/2018:20:39:10 -0400] "HEAD / HTTP/1.1" 200 3874 "http://nspw.org/" "Mozilla/5.0+(compatible; UptimeRobot/2.0; http://www.uptimerobot.com/)"
40.77.167.0 - - [07/May/2018:20:41:04 -0400] "GET /2009/proceedings/2010/nspw2010-bratus.pdf HTTP/1.1" 200 457729 "-" "Mozilla/5.0 (iPhone; CPU iPhone OS 7_0 like Mac OS X) AppleWebKit/537.51.1 (KHTML, like Gecko) Version/7.0 Mobile/11A465 Safari/9537.53 (compatible; bingbot/2.0; +http://www.bing.com/bingbot.htm)"
66.249.64.215 - - [07/May/2018:20:43:49 -0400] "GET /cfp/nspw2012-cfp.pdf HTTP/1.1" 200 51448 "-" "Mozilla/5.0 (compatible; Googlebot/2.1; +http://www.google.com/bot.html)"
69.162.124.227 - - [07/May/2018:20:44:10 -0400] "HEAD / HTTP/1.1" 200 3874 "http://nspw.org/" "Mozilla/5.0+(compatible; UptimeRobot/2.0; http://www.uptimerobot.com/)"
75.132.8.13 - - [07/May/2018:20:45:55 -0400] "GET / HTTP/1.1" 200 6620 "https://www.google.com/" "Mozilla/5.0 (Windows NT 10.0; Win64; x64) AppleWebKit/537.36 (KHTML, like Gecko) Chrome/66.0.3359.139 Safari/537.36"
75.132.8.13 - - [07/May/2018:20:45:55 -0400] "GET /modules/system/system.base.css?p7r9uw HTTP/1.1" 200 2307 "-" "Mozilla/5.0 (Windows NT 10.0; Win64; x64) AppleWebKit/537.36 (KHTML, like Gecko) Chrome/66.0.3359.139 Safari/537.36"
75.132.8.13 - - [07/May/2018:20:45:55 -0400] "GET /modules/system/system.menus.css?p7r9uw HTTP/1.1" 200 1025 "-" "Mozilla/5.0 (Windows NT 10.0; Win64; x64) AppleWebKit/537.36 (KHTML, like Gecko) Chrome/66.0.3359.139 Safari/537.36"
75.132.8.13 - - [07/May/2018:20:45:55 -0400] "GET /modules/system/system.messages.css?p7r9uw HTTP/1.1" 200 746 "-" "Mozilla/5.0 (Windows NT 10.0; Win64; x64) AppleWebKit/537.36 (KHTML, like Gecko) Chrome/66.0.3359.139 Safari/537.36"
75.132.8.13 - - [07/May/2018:20:45:55 -0400] "GET /modules/system/system.theme.css?p7r9uw HTTP/1.1" 200 1585 "-" "Mozilla/5.0 (Windows NT 10.0; Win64; x64) AppleWebKit/537.36 (KHTML, like Gecko) Chrome/66.0.3359.139 Safari/537.36"
75.132.8.13 - - [07/May/2018:20:45:55 -0400] "GET /modules/comment/comment.css?p7r9uw HTTP/1.1" 200 505 "-" "Mozilla/5.0 (Windows NT 10.0; Win64; x64) AppleWebKit/537.36 (KHTML, like Gecko) Chrome/66.0.3359.139 Safari/537.36"
75.132.8.13 - - [07/May/2018:20:45:55 -0400] "GET /modules/field/theme/field.css?p7r9uw HTTP/1.1" 200 599 "-" "Mozilla/5.0 (Windows NT 10.0; Win64; x64) AppleWebKit/537.36 (KHTML, like Gecko) Chrome/66.0.3359.139 Safari/537.36"
75.132.8.13 - - [07/May/2018:20:45:55 -0400] "GET /modules/node/node.css?p7r9uw HTTP/1.1" 200 472 "-" "Mozilla/5.0 (Windows NT 10.0; Win64; x64) AppleWebKit/537.36 (KHTML, like Gecko) Chrome/66.0.3359.139 Safari/537.36"
75.132.8.13 - - [07/May/2018:20:45:55 -0400] "GET /modules/user/user.css?p7r9uw HTTP/1.1" 200 1062 "-" "Mozilla/5.0 (Windows NT 10.0; Win64; x64) AppleWebKit/537.36 (KHTML, like Gecko) Chrome/66.0.3359.139 Safari/537.36"
75.132.8.13 - - [07/May/2018:20:45:55 -0400] "GET /themes/garland/style.css?p7r9uw HTTP/1.1" 200 5370 "-" "Mozilla/5.0 (Windows NT 10.0; Win64; x64) AppleWebKit/537.36 (KHTML, like Gecko) Chrome/66.0.3359.139 Safari/537.36"
