66.249.64.217 - - [05/May/2018:06:25:05 -0400] "GET /papers/2009/nspw2009-verendel.pdf HTTP/1.1" 200 159425 "-" "Mozilla/5.0 (compatible; Googlebot/2.1; +http://www.google.com/bot.html)"
46.252.43.147 - - [05/May/2018:06:25:21 -0400] "GET /wp-login.php HTTP/1.1" 404 7491 "-" "Mozilla/5.0 (Windows NT 6.1; WOW64; rv:40.0) Gecko/20100101 Firefox/40.1"
46.252.43.147 - - [05/May/2018:06:25:22 -0400] "GET / HTTP/1.1" 200 8218 "-" "Mozilla/5.0 (Windows NT 6.1; WOW64; rv:40.0) Gecko/20100101 Firefox/40.1"
69.162.124.227 - - [05/May/2018:06:25:42 -0400] "HEAD / HTTP/1.1" 200 3874 "http://nspw.org/" "Mozilla/5.0+(compatible; UptimeRobot/2.0; http://www.uptimerobot.com/)"
47.15.176.100 - - [05/May/2018:06:27:25 -0400] "GET /wp-login.php HTTP/1.1" 404 7484 "-" "Mozilla/5.0 (Windows NT 6.1; WOW64; rv:40.0) Gecko/20100101 Firefox/40.1"
117.193.67.40 - - [05/May/2018:06:28:23 -0400] "GET /wp-login.php HTTP/1.1" 404 7985 "-" "Mozilla/5.0 (Windows NT 6.1; WOW64; rv:40.0) Gecko/20100101 Firefox/40.1"
117.193.67.40 - - [05/May/2018:06:28:28 -0400] "GET / HTTP/1.1" 200 8206 "-" "Mozilla/5.0 (Windows NT 6.1; WOW64; rv:40.0) Gecko/20100101 Firefox/40.1"
216.244.66.247 - - [05/May/2018:06:29:29 -0400] "GET /robots.txt HTTP/1.1" 200 5796 "-" "Mozilla/5.0 (compatible; DotBot/1.1; http://www.opensiteexplorer.org/dotbot, help@moz.com)"
69.162.124.227 - - [05/May/2018:06:30:42 -0400] "HEAD / HTTP/1.1" 200 3874 "http://nspw.org/" "Mozilla/5.0+(compatible; UptimeRobot/2.0; http://www.uptimerobot.com/)"
66.249.64.217 - - [05/May/2018:06:31:44 -0400] "GET /2017 HTTP/1.1" 200 7053 "-" "Mozilla/5.0 (compatible; Googlebot/2.1; +http://www.google.com/bot.html)"
159.224.92.95 - - [05/May/2018:06:32:41 -0400] "GET /wp-login.php HTTP/1.1" 404 8180 "-" "Mozilla/5.0 (Windows NT 6.1; WOW64; rv:40.0) Gecko/20100101 Firefox/40.1"
159.224.92.95 - - [05/May/2018:06:32:41 -0400] "GET / HTTP/1.1" 200 8298 "-" "Mozilla/5.0 (Windows NT 6.1; WOW64; rv:40.0) Gecko/20100101 Firefox/40.1"
40.77.167.13 - - [05/May/2018:06:32:37 -0400] "GET /papers/2007/nspw2007-mannan.pdf HTTP/1.1" 200 503040 "-" "Mozilla/5.0 (iPhone; CPU iPhone OS 7_0 like Mac OS X) AppleWebKit/537.51.1 (KHTML, like Gecko) Version/7.0 Mobile/11A465 Safari/9537.53 (compatible; bingbot/2.0; +http://www.bing.com/bingbot.htm)"
40.77.167.13 - - [05/May/2018:06:35:24 -0400] "GET /papers/2009/nspw2009-gates.pdf HTTP/1.1" 200 398940 "-" "Mozilla/5.0 (compatible; bingbot/2.0; +http://www.bing.com/bingbot.htm)"
69.162.124.227 - - [05/May/2018:06:35:42 -0400] "HEAD / HTTP/1.1" 200 3874 "http://nspw.org/" "Mozilla/5.0+(compatible; UptimeRobot/2.0; http://www.uptimerobot.com/)"
43.254.163.136 - - [05/May/2018:06:35:47 -0400] "GET /wp-login.php HTTP/1.1" 404 7484 "-" "Mozilla/5.0 (Windows NT 6.1; WOW64; rv:40.0) Gecko/20100101 Firefox/40.1"
43.254.163.136 - - [05/May/2018:06:35:48 -0400] "GET / HTTP/1.1" 200 8218 "-" "Mozilla/5.0 (Windows NT 6.1; WOW64; rv:40.0) Gecko/20100101 Firefox/40.1"
66.249.64.215 - - [05/May/2018:06:38:25 -0400] "GET /papers/1993/nspw1993-slack.pdf HTTP/1.1" 200 519861 "-" "Mozilla/5.0 (compatible; Googlebot/2.1; +http://www.google.com/bot.html)"
46.32.120.226 - - [05/May/2018:06:39:23 -0400] "GET /wp-login.php HTTP/1.1" 404 8176 "-" "Mozilla/5.0 (Windows NT 6.1; WOW64; rv:40.0) Gecko/20100101 Firefox/40.1"
46.32.120.226 - - [05/May/2018:06:39:23 -0400] "GET / HTTP/1.1" 200 8298 "-" "Mozilla/5.0 (Windows NT 6.1; WOW64; rv:40.0) Gecko/20100101 Firefox/40.1"
112.226.175.140 - - [05/May/2018:06:39:36 -0400] "GET /verifylogin.do HTTP/1.1" 404 8192 "https://134.117.225.39:443/verifylogin.do" "Mozilla/4.0 (compatible; MSIE 9.0; Windows NT 6.1)"
112.226.175.140 - - [05/May/2018:06:39:36 -0400] "GET / HTTP/1.1" 200 8330 "https://134.117.225.39:443" "Mozilla/4.0 (compatible; MSIE 9.0; Windows NT 6.1)"
112.226.175.140 - - [05/May/2018:06:39:37 -0400] "POST /user/register?element_parents=account/mail/%23value&ajax_form=1&_wrapper_format=drupal_ajax HTTP/1.1" 403 5834 "https://134.117.225.39:443/user/register?element_parents=account/mail/%23value&ajax_form=1&_wrapper_format=drupal_ajax" "Mozilla/4.0 (compatible; MSIE 9.0; Windows NT 6.1)"
112.226.175.140 - - [05/May/2018:06:39:37 -0400] "GET /invoker/readonly HTTP/1.1" 404 4746 "https://134.117.225.39:443/invoker/readonly" "Mozilla/4.0 (compatible; MSIE 9.0; Windows NT 6.1)"
112.226.175.140 - - [05/May/2018:06:39:38 -0400] "GET /wls-wsat/CoordinatorPortType HTTP/1.1" 404 4730 "https://134.117.225.39/wls-wsat/CoordinatorPortType" "Mozilla/5.0 (Windows NT 6.1; WOW64; rv:57.0) Gecko/20100101 Firefox/57.0"
69.162.124.227 - - [05/May/2018:06:40:42 -0400] "HEAD / HTTP/1.1" 200 3874 "http://nspw.org/" "Mozilla/5.0+(compatible; UptimeRobot/2.0; http://www.uptimerobot.com/)"
207.46.13.171 - - [05/May/2018:06:42:30 -0400] "GET /papers/2009/nspw2009-jakobsson.pdf HTTP/1.1" 200 294209 "-" "Mozilla/5.0 (iPhone; CPU iPhone OS 7_0 like Mac OS X) AppleWebKit/537.51.1 (KHTML, like Gecko) Version/7.0 Mobile/11A465 Safari/9537.53 (compatible; bingbot/2.0; +http://www.bing.com/bingbot.htm)"
207.46.13.171 - - [05/May/2018:06:44:25 -0400] "GET /papers/2007/nspw2007-gay.pdf HTTP/1.1" 200 269089 "-" "Mozilla/5.0 (iPhone; CPU iPhone OS 7_0 like Mac OS X) AppleWebKit/537.51.1 (KHTML, like Gecko) Version/7.0 Mobile/11A465 Safari/9537.53 (compatible; bingbot/2.0; +http://www.bing.com/bingbot.htm)"
66.249.64.215 - - [05/May/2018:06:45:04 -0400] "GET / HTTP/1.1" 200 6602 "-" "Mozilla/5.0 (compatible; Googlebot/2.1; +http://www.google.com/bot.html)"
106.201.148.31 - - [05/May/2018:06:45:32 -0400] "GET /wp-login.php HTTP/1.1" 404 7491 "-" "Mozilla/5.0 (Windows NT 6.1; WOW64; rv:40.0) Gecko/20100101 Firefox/40.1"
106.201.148.31 - - [05/May/2018:06:45:35 -0400] "GET / HTTP/1.1" 200 8218 "-" "Mozilla/5.0 (Windows NT 6.1; WOW64; rv:40.0) Gecko/20100101 Firefox/40.1"
69.162.124.227 - - [05/May/2018:06:45:42 -0400] "HEAD / HTTP/1.1" 200 3874 "http://nspw.org/" "Mozilla/5.0+(compatible; UptimeRobot/2.0; http://www.uptimerobot.com/)"
39.38.49.205 - - [05/May/2018:06:45:49 -0400] "GET /wp-login.php HTTP/1.1" 404 7985 "-" "Mozilla/5.0 (Windows NT 6.1; WOW64; rv:40.0) Gecko/20100101 Firefox/40.1"
39.38.49.205 - - [05/May/2018:06:45:52 -0400] "GET / HTTP/1.1" 200 8206 "-" "Mozilla/5.0 (Windows NT 6.1; WOW64; rv:40.0) Gecko/20100101 Firefox/40.1"
194.187.170.102 - - [05/May/2018:06:47:06 -0400] "GET /robots.txt HTTP/1.1" 200 4822 "-" "Mozilla/5.0 (compatible; Qwantify/2.4w; +https://www.qwant.com/)/2.4w"
194.187.170.102 - - [05/May/2018:06:47:07 -0400] "GET /2017/program HTTP/1.1" 200 4196 "-" "Mozilla/5.0 (compatible; Qwantify/2.4w; +https://www.qwant.com/)/2.4w"
194.187.170.102 - - [05/May/2018:06:47:18 -0400] "GET /robots.txt HTTP/1.1" 200 1290 "-" "Mozilla/5.0 (compatible; Qwantify/2.4w; +https://www.qwant.com/)/2.4w"
194.187.170.102 - - [05/May/2018:06:47:19 -0400] "GET /papers/1996/?C=S;O=D HTTP/1.1" 200 1162 "-" "Mozilla/5.0 (compatible; Qwantify/2.4w; +https://www.qwant.com/)/2.4w"
91.158.197.30 - - [05/May/2018:06:47:55 -0400] "GET /2018/dates HTTP/1.1" 200 6286 "-" "Mozilla/5.0 (Windows NT 6.1; WOW64) AppleWebKit/537.36 (KHTML, like Gecko) Chrome/65.0.3325.181 Safari/537.36 OPR/52.0.2871.64"
91.158.197.30 - - [05/May/2018:06:47:56 -0400] "GET /favicon.ico HTTP/1.1" 404 700 "-" "Mozilla/5.0 (Windows NT 6.1; WOW64) AppleWebKit/537.36 (KHTML, like Gecko) Chrome/65.0.3325.181 Safari/537.36 OPR/52.0.2871.64"
194.187.170.102 - - [05/May/2018:06:50:17 -0400] "GET /papers/1993/?C=N;O=D HTTP/1.1" 200 1322 "-" "Mozilla/5.0 (compatible; Qwantify/2.4w; +https://www.qwant.com/)/2.4w"
69.162.124.227 - - [05/May/2018:06:50:42 -0400] "HEAD / HTTP/1.1" 200 3874 "http://nspw.org/" "Mozilla/5.0+(compatible; UptimeRobot/2.0; http://www.uptimerobot.com/)"
66.249.64.215 - - [05/May/2018:06:51:45 -0400] "GET /papers/2011/nspw2011-bishop.pdf HTTP/1.1" 200 572715 "-" "Mozilla/5.0 (compatible; Googlebot/2.1; +http://www.google.com/bot.html)"
185.15.170.92 - - [05/May/2018:06:52:57 -0400] "GET /wp-login.php HTTP/1.1" 404 7484 "-" "Mozilla/5.0 (Windows NT 6.1; WOW64; rv:40.0) Gecko/20100101 Firefox/40.1"
185.15.170.92 - - [05/May/2018:06:52:58 -0400] "GET / HTTP/1.1" 200 8218 "-" "Mozilla/5.0 (Windows NT 6.1; WOW64; rv:40.0) Gecko/20100101 Firefox/40.1"
223.104.131.170 - - [05/May/2018:06:53:16 -0400] "GET /favicon.ico HTTP/1.1" 404 4109 "-" "Mozilla/5.0 (Windows NT 10.0; WOW64) AppleWebKit/537.36 (KHTML, like Gecko) Chrome/55.0.2883.87 Safari/537.36"
69.162.124.227 - - [05/May/2018:06:55:42 -0400] "HEAD / HTTP/1.1" 200 3874 "http://nspw.org/" "Mozilla/5.0+(compatible; UptimeRobot/2.0; http://www.uptimerobot.com/)"
194.187.170.102 - - [05/May/2018:06:58:10 -0400] "GET /papers/2000/?C=D;O=D HTTP/1.1" 200 4678 "-" "Mozilla/5.0 (compatible; Qwantify/2.4w; +https://www.qwant.com/)/2.4w"
194.187.170.102 - - [05/May/2018:06:59:02 -0400] "GET /papers/1998/?C=S;O=D HTTP/1.1" 200 1098 "-" "Mozilla/5.0 (compatible; Qwantify/2.4w; +https://www.qwant.com/)/2.4w"
207.46.13.171 - - [05/May/2018:06:59:39 -0400] "GET /2006/pre-proceedings/guttman.pdf HTTP/1.1" 404 8532 "-" "Mozilla/5.0 (compatible; bingbot/2.0; +http://www.bing.com/bingbot.htm)"
194.187.170.102 - - [05/May/2018:07:00:18 -0400] "GET /papers/1997/?C=M;O=D HTTP/1.1" 200 1114 "-" "Mozilla/5.0 (compatible; Qwantify/2.4w; +https://www.qwant.com/)/2.4w"
69.162.124.227 - - [05/May/2018:07:00:42 -0400] "HEAD / HTTP/1.1" 200 3874 "http://nspw.org/" "Mozilla/5.0+(compatible; UptimeRobot/2.0; http://www.uptimerobot.com/)"
77.88.47.40 - - [05/May/2018:07:04:40 -0400] "GET /node/54 HTTP/1.1" 200 6827 "-" "Mozilla/5.0 (compatible; YandexBot/3.0; +http://yandex.com/bots)"
69.162.124.227 - - [05/May/2018:07:05:42 -0400] "HEAD / HTTP/1.1" 200 3874 "http://nspw.org/" "Mozilla/5.0+(compatible; UptimeRobot/2.0; http://www.uptimerobot.com/)"
207.46.13.171 - - [05/May/2018:07:05:43 -0400] "GET /papers/2010/nspw2010-vancleeff.pdf HTTP/1.1" 200 419114 "-" "Mozilla/5.0 (compatible; bingbot/2.0; +http://www.bing.com/bingbot.htm)"
66.249.64.217 - - [05/May/2018:07:08:52 -0400] "GET /2018 HTTP/1.1" 200 6905 "-" "Mozilla/5.0 (compatible; Googlebot/2.1; +http://www.google.com/bot.html)"
40.77.167.13 - - [05/May/2018:07:09:04 -0400] "GET /papers/2008/nspw2008-herley.pdf HTTP/1.1" 200 409445 "-" "Mozilla/5.0 (iPhone; CPU iPhone OS 7_0 like Mac OS X) AppleWebKit/537.51.1 (KHTML, like Gecko) Version/7.0 Mobile/11A465 Safari/9537.53 (compatible; bingbot/2.0; +http://www.bing.com/bingbot.htm)"
194.187.170.102 - - [05/May/2018:07:10:34 -0400] "GET /2003/hold/?C=D;O=D HTTP/1.1" 200 5952 "-" "Mozilla/5.0 (compatible; Qwantify/2.4w; +https://www.qwant.com/)/2.4w"
69.162.124.227 - - [05/May/2018:07:10:42 -0400] "HEAD / HTTP/1.1" 200 3874 "http://nspw.org/" "Mozilla/5.0+(compatible; UptimeRobot/2.0; http://www.uptimerobot.com/)"
40.77.167.13 - - [05/May/2018:07:11:03 -0400] "GET /papers/2000/nspw2000-mcdermott.pdf HTTP/1.1" 200 378526 "-" "Mozilla/5.0 (iPhone; CPU iPhone OS 7_0 like Mac OS X) AppleWebKit/537.51.1 (KHTML, like Gecko) Version/7.0 Mobile/11A465 Safari/9537.53 (compatible; bingbot/2.0; +http://www.bing.com/bingbot.htm)"
52.34.86.253 - - [05/May/2018:07:11:51 -0400] "HEAD /current/ HTTP/1.1" 200 3900 "-" "Mozilla/5.0 (Windows; U; Windows NT 6.2; es-US ) AppleWebKit/540.0 (KHTML like Gecko) Version/6.0 Safari/8900.00"
194.187.170.102 - - [05/May/2018:07:12:15 -0400] "GET /papers/1999/?C=M;O=D HTTP/1.1" 200 1146 "-" "Mozilla/5.0 (compatible; Qwantify/2.4w; +https://www.qwant.com/)/2.4w"
71.40.186.50 - - [05/May/2018:07:15:06 -0400] "GET /wp-login.php HTTP/1.1" 404 7985 "-" "Mozilla/5.0 (Windows NT 6.1; WOW64; rv:40.0) Gecko/20100101 Firefox/40.1"
71.40.186.50 - - [05/May/2018:07:15:07 -0400] "GET / HTTP/1.1" 200 8206 "-" "Mozilla/5.0 (Windows NT 6.1; WOW64; rv:40.0) Gecko/20100101 Firefox/40.1"
194.187.170.102 - - [05/May/2018:07:15:13 -0400] "GET /2017/accepted HTTP/1.1" 200 3604 "-" "Mozilla/5.0 (compatible; Qwantify/2.4w; +https://www.qwant.com/)/2.4w"
69.162.124.227 - - [05/May/2018:07:15:42 -0400] "HEAD / HTTP/1.1" 200 3874 "http://nspw.org/" "Mozilla/5.0+(compatible; UptimeRobot/2.0; http://www.uptimerobot.com/)"
197.1.228.35 - - [05/May/2018:07:16:47 -0400] "GET /wp-login.php HTTP/1.1" 404 7839 "-" "Mozilla/5.0 (Windows NT 6.1; WOW64; rv:40.0) Gecko/20100101 Firefox/40.1"
197.1.228.35 - - [05/May/2018:07:16:49 -0400] "GET / HTTP/1.1" 200 8218 "-" "Mozilla/5.0 (Windows NT 6.1; WOW64; rv:40.0) Gecko/20100101 Firefox/40.1"
216.244.66.200 - - [05/May/2018:07:16:57 -0400] "GET /robots.txt HTTP/1.1" 200 5796 "-" "Mozilla/5.0 (compatible; DotBot/1.1; http://www.opensiteexplorer.org/dotbot, help@moz.com)"
199.16.157.180 - - [05/May/2018:07:18:27 -0400] "GET /robots.txt HTTP/1.1" 200 5699 "-" "Twitterbot/1.0"
194.187.170.102 - - [05/May/2018:07:18:56 -0400] "GET /2008/oc.content.qq HTTP/1.1" 200 8763 "-" "Mozilla/5.0 (compatible; Qwantify/2.4w; +https://www.qwant.com/)/2.4w"
39.60.48.171 - - [05/May/2018:07:19:46 -0400] "GET /wp-login.php HTTP/1.1" 404 7491 "-" "Mozilla/5.0 (Windows NT 6.1; WOW64; rv:40.0) Gecko/20100101 Firefox/40.1"
39.60.48.171 - - [05/May/2018:07:19:48 -0400] "GET / HTTP/1.1" 200 8218 "-" "Mozilla/5.0 (Windows NT 6.1; WOW64; rv:40.0) Gecko/20100101 Firefox/40.1"
54.86.1.44 - - [05/May/2018:07:20:05 -0400] "GET / HTTP/1.1" 200 6646 "-" "Apache-HttpClient/4.5.3 (Java/1.8.0_161)"
34.230.2.129 - - [05/May/2018:07:20:06 -0400] "GET /robots.txt HTTP/1.1" 200 4444 "-" "Apache-HttpClient/4.5.3 (Java/1.8.0_161)"
69.162.124.227 - - [05/May/2018:07:20:42 -0400] "HEAD / HTTP/1.1" 200 3874 "http://nspw.org/" "Mozilla/5.0+(compatible; UptimeRobot/2.0; http://www.uptimerobot.com/)"
40.77.167.13 - - [05/May/2018:07:20:54 -0400] "GET /papers/2006/nspw2006-wang.pdf HTTP/1.1" 200 512725 "-" "Mozilla/5.0 (iPhone; CPU iPhone OS 7_0 like Mac OS X) AppleWebKit/537.51.1 (KHTML, like Gecko) Version/7.0 Mobile/11A465 Safari/9537.53 (compatible; bingbot/2.0; +http://www.bing.com/bingbot.htm)"
194.187.170.102 - - [05/May/2018:07:21:38 -0400] "GET /papers/2004/?C=D;O=D HTTP/1.1" 200 1114 "-" "Mozilla/5.0 (compatible; Qwantify/2.4w; +https://www.qwant.com/)/2.4w"
194.187.170.102 - - [05/May/2018:07:23:49 -0400] "GET /papers/2009/?C=D;O=A HTTP/1.1" 200 1146 "-" "Mozilla/5.0 (compatible; Qwantify/2.4w; +https://www.qwant.com/)/2.4w"
42.236.102.146 - - [05/May/2018:07:25:15 -0400] "GET /papers/2001/nspw2001-du.pdf HTTP/1.1" 200 155335 "https://www.nspw.org/papers/2001/nspw2001-du.pdf" "Mozilla/5.0 (Windows NT 6.1; WOW64) AppleWebKit/537.36 (KHTML, like Gecko) Chrome/50.0.2661.102 Safari/537.36; 360Spider"
69.162.124.227 - - [05/May/2018:07:25:42 -0400] "HEAD / HTTP/1.1" 200 3874 "http://nspw.org/" "Mozilla/5.0+(compatible; UptimeRobot/2.0; http://www.uptimerobot.com/)"
66.249.64.217 - - [05/May/2018:07:26:01 -0400] "GET /papers/2007/nspw2007-somayaji.pdf HTTP/1.1" 304 3605 "-" "Mozilla/5.0 (compatible; Googlebot/2.1; +http://www.google.com/bot.html)"
194.187.170.102 - - [05/May/2018:07:26:02 -0400] "GET /2010/organizers HTTP/1.1" 200 7104 "-" "Mozilla/5.0 (compatible; Qwantify/2.4w; +https://www.qwant.com/)/2.4w"
49.149.45.247 - - [05/May/2018:07:27:29 -0400] "GET /wp-login.php HTTP/1.1" 404 7484 "-" "Mozilla/5.0 (Windows NT 6.1; WOW64; rv:40.0) Gecko/20100101 Firefox/40.1"
49.149.45.247 - - [05/May/2018:07:27:32 -0400] "GET / HTTP/1.1" 200 8218 "-" "Mozilla/5.0 (Windows NT 6.1; WOW64; rv:40.0) Gecko/20100101 Firefox/40.1"
194.187.170.102 - - [05/May/2018:07:29:38 -0400] "GET /robots.txt HTTP/1.1" 200 1290 "-" "Mozilla/5.0 (compatible; Qwantify/2.4w; +https://www.qwant.com/)/2.4w"
194.187.170.102 - - [05/May/2018:07:29:38 -0400] "GET /2017/dates HTTP/1.1" 200 3300 "-" "Mozilla/5.0 (compatible; Qwantify/2.4w; +https://www.qwant.com/)/2.4w"
66.249.64.16 - - [05/May/2018:07:30:27 -0400] "GET /2017/location HTTP/1.1" 200 6139 "-" "Mozilla/5.0 (compatible; Googlebot/2.1; +http://www.google.com/bot.html)"
69.162.124.227 - - [05/May/2018:07:30:42 -0400] "HEAD / HTTP/1.1" 200 3874 "http://nspw.org/" "Mozilla/5.0+(compatible; UptimeRobot/2.0; http://www.uptimerobot.com/)"
194.187.170.102 - - [05/May/2018:07:30:58 -0400] "GET /2010/submissions HTTP/1.1" 200 3764 "-" "Mozilla/5.0 (compatible; Qwantify/2.4w; +https://www.qwant.com/)/2.4w"
194.187.170.102 - - [05/May/2018:07:32:02 -0400] "GET /2008/cfp2008-old.pdf HTTP/1.1" 200 18283 "-" "Mozilla/5.0 (compatible; Qwantify/2.4w; +https://www.qwant.com/)/2.4w"
157.55.39.195 - - [05/May/2018:07:31:36 -0400] "GET /papers/2003/nspw2003-mirkovic.pdf HTTP/1.1" 200 953863 "-" "Mozilla/5.0 (iPhone; CPU iPhone OS 7_0 like Mac OS X) AppleWebKit/537.51.1 (KHTML, like Gecko) Version/7.0 Mobile/11A465 Safari/9537.53 (compatible; bingbot/2.0; +http://www.bing.com/bingbot.htm)"
77.88.47.40 - - [05/May/2018:07:33:13 -0400] "GET /2016/cfp HTTP/1.1" 200 8586 "-" "Mozilla/5.0 (compatible; YandexBot/3.0; +http://yandex.com/bots)"
216.244.66.247 - - [05/May/2018:07:35:00 -0400] "GET /robots.txt HTTP/1.1" 200 5796 "-" "Mozilla/5.0 (compatible; DotBot/1.1; http://www.opensiteexplorer.org/dotbot, help@moz.com)"
69.162.124.227 - - [05/May/2018:07:35:12 -0400] "HEAD / HTTP/1.1" 200 3874 "http://nspw.org/" "Mozilla/5.0+(compatible; UptimeRobot/2.0; http://www.uptimerobot.com/)"
194.187.170.102 - - [05/May/2018:07:39:29 -0400] "GET /papers/2001/?C=M;O=D HTTP/1.1" 200 4694 "-" "Mozilla/5.0 (compatible; Qwantify/2.4w; +https://www.qwant.com/)/2.4w"
77.88.47.40 - - [05/May/2018:07:39:51 -0400] "GET /papers/2012/forms/index.htm HTTP/1.1" 200 6357 "-" "Mozilla/5.0 (compatible; YandexBot/3.0; +http://yandex.com/bots)"
69.162.124.227 - - [05/May/2018:07:40:12 -0400] "HEAD / HTTP/1.1" 200 3874 "http://nspw.org/" "Mozilla/5.0+(compatible; UptimeRobot/2.0; http://www.uptimerobot.com/)"
157.55.39.195 - - [05/May/2018:07:39:43 -0400] "GET /papers/1999/nspw1999-olthoff-3.pdf HTTP/1.1" 200 1120149 "-" "Mozilla/5.0 (iPhone; CPU iPhone OS 7_0 like Mac OS X) AppleWebKit/537.51.1 (KHTML, like Gecko) Version/7.0 Mobile/11A465 Safari/9537.53 (compatible; bingbot/2.0; +http://www.bing.com/bingbot.htm)"
40.77.167.13 - - [05/May/2018:07:41:11 -0400] "GET /papers/2009/nspw2009-gates.pdf HTTP/1.1" 200 398940 "-" "Mozilla/5.0 (iPhone; CPU iPhone OS 7_0 like Mac OS X) AppleWebKit/537.51.1 (KHTML, like Gecko) Version/7.0 Mobile/11A465 Safari/9537.53 (compatible; bingbot/2.0; +http://www.bing.com/bingbot.htm)"
66.249.64.219 - - [05/May/2018:07:43:10 -0400] "GET / HTTP/1.1" 200 6605 "-" "Mozilla/5.0 (Linux; Android 6.0.1; Nexus 5X Build/MMB29P) AppleWebKit/537.36 (KHTML, like Gecko) Chrome/41.0.2272.96 Mobile Safari/537.36 (compatible; Googlebot/2.1; +http://www.google.com/bot.html)"
40.77.167.13 - - [05/May/2018:07:43:17 -0400] "GET /papers/2002/nspw2002-williams.pdf HTTP/1.1" 200 1180193 "-" "Mozilla/5.0 (iPhone; CPU iPhone OS 7_0 like Mac OS X) AppleWebKit/537.51.1 (KHTML, like Gecko) Version/7.0 Mobile/11A465 Safari/9537.53 (compatible; bingbot/2.0; +http://www.bing.com/bingbot.htm)"
194.187.170.102 - - [05/May/2018:07:45:09 -0400] "GET /2017/location HTTP/1.1" 200 6528 "-" "Mozilla/5.0 (compatible; Qwantify/2.4w; +https://www.qwant.com/)/2.4w"
69.162.124.227 - - [05/May/2018:07:45:12 -0400] "HEAD / HTTP/1.1" 200 3874 "http://nspw.org/" "Mozilla/5.0+(compatible; UptimeRobot/2.0; http://www.uptimerobot.com/)"
40.77.167.13 - - [05/May/2018:07:45:10 -0400] "GET /papers/2005/nspw2005-maxion.pdf HTTP/1.1" 200 683698 "-" "Mozilla/5.0 (iPhone; CPU iPhone OS 7_0 like Mac OS X) AppleWebKit/537.51.1 (KHTML, like Gecko) Version/7.0 Mobile/11A465 Safari/9537.53 (compatible; bingbot/2.0; +http://www.bing.com/bingbot.htm)"
207.46.13.171 - - [05/May/2018:07:45:26 -0400] "GET /papers/2001/nspw2001-bruschi.pdf HTTP/1.1" 200 601600 "-" "Mozilla/5.0 (iPhone; CPU iPhone OS 7_0 like Mac OS X) AppleWebKit/537.51.1 (KHTML, like Gecko) Version/7.0 Mobile/11A465 Safari/9537.53 (compatible; bingbot/2.0; +http://www.bing.com/bingbot.htm)"
42.190.182.148 - - [05/May/2018:07:47:32 -0400] "GET /wp-login.php HTTP/1.1" 404 8180 "-" "Mozilla/5.0 (Windows NT 6.1; WOW64; rv:40.0) Gecko/20100101 Firefox/40.1"
42.190.182.148 - - [05/May/2018:07:47:34 -0400] "GET / HTTP/1.1" 200 8298 "-" "Mozilla/5.0 (Windows NT 6.1; WOW64; rv:40.0) Gecko/20100101 Firefox/40.1"
194.187.170.102 - - [05/May/2018:07:50:10 -0400] "GET /papers/2004/?C=S;O=D HTTP/1.1" 200 4646 "-" "Mozilla/5.0 (compatible; Qwantify/2.4w; +https://www.qwant.com/)/2.4w"
69.162.124.227 - - [05/May/2018:07:50:12 -0400] "HEAD / HTTP/1.1" 200 3874 "http://nspw.org/" "Mozilla/5.0+(compatible; UptimeRobot/2.0; http://www.uptimerobot.com/)"
27.32.24.125 - - [05/May/2018:07:50:08 -0400] "GET /papers/2007/nspw2007-vidyaraman.pdf HTTP/1.1" 200 259144 "-" "Mozilla/5.0 (iPhone; CPU iPhone OS 11_3 like Mac OS X) AppleWebKit/605.1.15 (KHTML, like Gecko) Version/11.0 Mobile/15E148 Safari/604.1"
157.55.39.195 - - [05/May/2018:07:51:21 -0400] "GET / HTTP/1.1" 200 7083 "-" "Mozilla/5.0 (compatible; bingbot/2.0; +http://www.bing.com/bingbot.htm)"
131.253.27.17 - - [05/May/2018:07:51:23 -0400] "GET /themes/garland/images/bg-navigation-item-hover.png HTTP/1.1" 200 3994 "https://www.nspw.org/" "Mozilla/5.0 (Windows NT 6.1; WOW64) AppleWebKit/534+ (KHTML, like Gecko) BingPreview/1.0b"
194.187.170.102 - - [05/May/2018:07:51:39 -0400] "GET /papers/2003/?C=M;O=D HTTP/1.1" 200 1114 "-" "Mozilla/5.0 (compatible; Qwantify/2.4w; +https://www.qwant.com/)/2.4w"
194.187.170.102 - - [05/May/2018:07:52:30 -0400] "GET /papers/2009/?C=S;O=A HTTP/1.1" 200 1146 "-" "Mozilla/5.0 (compatible; Qwantify/2.4w; +https://www.qwant.com/)/2.4w"
69.162.124.227 - - [05/May/2018:07:55:12 -0400] "HEAD / HTTP/1.1" 200 3874 "http://nspw.org/" "Mozilla/5.0+(compatible; UptimeRobot/2.0; http://www.uptimerobot.com/)"
194.187.170.102 - - [05/May/2018:07:56:29 -0400] "GET /papers/2006/?C=N;O=A HTTP/1.1" 200 4598 "-" "Mozilla/5.0 (compatible; Qwantify/2.4w; +https://www.qwant.com/)/2.4w"
40.77.167.13 - - [05/May/2018:07:57:30 -0400] "GET /papers/1999/nspw1999-jonsson.pdf HTTP/1.1" 200 774894 "-" "Mozilla/5.0 (iPhone; CPU iPhone OS 7_0 like Mac OS X) AppleWebKit/537.51.1 (KHTML, like Gecko) Version/7.0 Mobile/11A465 Safari/9537.53 (compatible; bingbot/2.0; +http://www.bing.com/bingbot.htm)"
194.187.170.102 - - [05/May/2018:07:58:21 -0400] "GET /papers/1997/?C=D;O=D HTTP/1.1" 200 1114 "-" "Mozilla/5.0 (compatible; Qwantify/2.4w; +https://www.qwant.com/)/2.4w"
213.205.198.107 - - [05/May/2018:07:58:46 -0400] "GET /papers/2013/nspw2013-ard.pdf HTTP/1.1" 200 740349 "-" "Mozilla/5.0 (iPhone; CPU iPhone OS 11_3 like Mac OS X) AppleWebKit/605.1.15 (KHTML, like Gecko) Version/11.0 Mobile/15E148 Safari/604.1"
213.205.198.107 - - [05/May/2018:07:58:48 -0400] "GET /apple-touch-icon-120x120-precomposed.png HTTP/1.1" 404 3943 "-" "MobileSafari/604.1 CFNetwork/897.15 Darwin/17.5.0"
213.205.198.107 - - [05/May/2018:07:58:48 -0400] "GET /apple-touch-icon-120x120.png HTTP/1.1" 404 717 "-" "MobileSafari/604.1 CFNetwork/897.15 Darwin/17.5.0"
213.205.198.107 - - [05/May/2018:07:58:48 -0400] "GET /apple-touch-icon-precomposed.png HTTP/1.1" 404 721 "-" "MobileSafari/604.1 CFNetwork/897.15 Darwin/17.5.0"
213.205.198.107 - - [05/May/2018:07:58:48 -0400] "GET /apple-touch-icon.png HTTP/1.1" 404 709 "-" "MobileSafari/604.1 CFNetwork/897.15 Darwin/17.5.0"
213.205.198.107 - - [05/May/2018:07:58:48 -0400] "GET /favicon.ico HTTP/1.1" 404 700 "-" "MobileSafari/604.1 CFNetwork/897.15 Darwin/17.5.0"
213.205.198.107 - - [05/May/2018:07:58:48 -0400] "GET /apple-touch-icon-120x120-precomposed.png HTTP/1.1" 404 729 "-" "MobileSafari/604.1 CFNetwork/897.15 Darwin/17.5.0"
213.205.198.107 - - [05/May/2018:07:58:49 -0400] "GET /apple-touch-icon-120x120.png HTTP/1.1" 404 717 "-" "MobileSafari/604.1 CFNetwork/897.15 Darwin/17.5.0"
213.205.198.107 - - [05/May/2018:07:58:49 -0400] "GET /apple-touch-icon-precomposed.png HTTP/1.1" 404 721 "-" "MobileSafari/604.1 CFNetwork/897.15 Darwin/17.5.0"
213.205.198.107 - - [05/May/2018:07:58:49 -0400] "GET /apple-touch-icon.png HTTP/1.1" 404 709 "-" "MobileSafari/604.1 CFNetwork/897.15 Darwin/17.5.0"
213.205.198.107 - - [05/May/2018:07:58:49 -0400] "GET /favicon.ico HTTP/1.1" 404 700 "-" "MobileSafari/604.1 CFNetwork/897.15 Darwin/17.5.0"
69.162.124.227 - - [05/May/2018:08:00:12 -0400] "HEAD / HTTP/1.1" 200 3874 "http://nspw.org/" "Mozilla/5.0+(compatible; UptimeRobot/2.0; http://www.uptimerobot.com/)"
66.249.64.217 - - [05/May/2018:08:00:18 -0400] "GET /robots.txt HTTP/1.1" 200 4504 "-" "Mozilla/5.0 (compatible; Googlebot/2.1; +http://www.google.com/bot.html)"
66.249.64.217 - - [05/May/2018:08:00:20 -0400] "GET /papers/2001/nspw2001-blakley.pdf HTTP/1.1" 200 758176 "-" "Mozilla/5.0 (compatible; Googlebot/2.1; +http://www.google.com/bot.html)"
216.244.66.236 - - [05/May/2018:08:00:29 -0400] "GET /robots.txt HTTP/1.1" 200 5796 "-" "Mozilla/5.0 (compatible; DotBot/1.1; http://www.opensiteexplorer.org/dotbot, help@moz.com)"
194.187.170.102 - - [05/May/2018:08:00:40 -0400] "GET /2008/cfp.content HTTP/1.1" 200 10383 "-" "Mozilla/5.0 (compatible; Qwantify/2.4w; +https://www.qwant.com/)/2.4w"
180.76.15.152 - - [05/May/2018:08:01:48 -0400] "GET /papers/2013/nspw2013-bishop.pdf HTTP/1.1" 200 509717 "-" "Mozilla/5.0 (compatible; Baiduspider/2.0; +http://www.baidu.com/search/spider.html)"
180.76.15.9 - - [05/May/2018:08:02:48 -0400] "GET /papers/2007/nspw2007-kursawe.pdf HTTP/1.1" 200 192225 "-" "Mozilla/5.0 (compatible; Baiduspider/2.0; +http://www.baidu.com/search/spider.html)"
180.76.15.7 - - [05/May/2018:08:03:48 -0400] "GET /papers/2003/nspw2003-eustice.pdf HTTP/1.1" 200 698339 "-" "Mozilla/5.0 (compatible; Baiduspider/2.0; +http://www.baidu.com/search/spider.html)"
77.88.47.40 - - [05/May/2018:08:03:57 -0400] "GET /2009/papers.shtml HTTP/1.1" 200 5762 "-" "Mozilla/5.0 (compatible; YandexBot/3.0; +http://yandex.com/bots)"
180.76.15.147 - - [05/May/2018:08:04:48 -0400] "GET /papers/2009/nspw2009-verendel.pdf HTTP/1.1" 200 159398 "-" "Mozilla/5.0 (compatible; Baiduspider/2.0; +http://www.baidu.com/search/spider.html)"
69.162.124.227 - - [05/May/2018:08:05:12 -0400] "HEAD / HTTP/1.1" 200 3874 "http://nspw.org/" "Mozilla/5.0+(compatible; UptimeRobot/2.0; http://www.uptimerobot.com/)"
180.76.15.156 - - [05/May/2018:08:05:48 -0400] "GET /papers/1999/nspw1999-olthoff-3.pdf HTTP/1.1" 200 1119647 "-" "Mozilla/5.0 (compatible; Baiduspider/2.0; +http://www.baidu.com/search/spider.html)"
180.76.15.23 - - [05/May/2018:08:06:48 -0400] "GET /papers/2013/nspw2013-somayaji.pdf HTTP/1.1" 200 373557 "-" "Mozilla/5.0 (compatible; Baiduspider/2.0; +http://www.baidu.com/search/spider.html)"
42.191.106.194 - - [05/May/2018:08:06:50 -0400] "GET /wp-login.php HTTP/1.1" 404 7985 "-" "Mozilla/5.0 (Windows NT 6.1; WOW64; rv:40.0) Gecko/20100101 Firefox/40.1"
42.191.106.194 - - [05/May/2018:08:06:52 -0400] "GET / HTTP/1.1" 200 8206 "-" "Mozilla/5.0 (Windows NT 6.1; WOW64; rv:40.0) Gecko/20100101 Firefox/40.1"
180.76.15.150 - - [05/May/2018:08:07:48 -0400] "GET /papers/2008/nspw2008-molloy.pdf HTTP/1.1" 200 1759884 "-" "Mozilla/5.0 (compatible; Baiduspider/2.0; +http://www.baidu.com/search/spider.html)"
194.187.170.102 - - [05/May/2018:08:08:04 -0400] "GET /2012/local HTTP/1.1" 200 7008 "-" "Mozilla/5.0 (compatible; Qwantify/2.4w; +https://www.qwant.com/)/2.4w"
180.76.15.8 - - [05/May/2018:08:08:48 -0400] "GET /papers/2002/nspw2002-connelly.pdf HTTP/1.1" 200 721377 "-" "Mozilla/5.0 (compatible; Baiduspider/2.0; +http://www.baidu.com/search/spider.html)"
194.187.170.102 - - [05/May/2018:08:08:51 -0400] "GET /papers/2008/?C=N;O=A HTTP/1.1" 200 1114 "-" "Mozilla/5.0 (compatible; Qwantify/2.4w; +https://www.qwant.com/)/2.4w"
207.46.13.136 - - [05/May/2018:08:08:40 -0400] "GET /papers/2003/nspw2003-mcdermott.pdf HTTP/1.1" 200 645165 "-" "Mozilla/5.0 (iPhone; CPU iPhone OS 7_0 like Mac OS X) AppleWebKit/537.51.1 (KHTML, like Gecko) Version/7.0 Mobile/11A465 Safari/9537.53 (compatible; bingbot/2.0; +http://www.bing.com/bingbot.htm)"
194.187.170.102 - - [05/May/2018:08:09:45 -0400] "GET /papers/?C=M;O=D HTTP/1.1" 403 714 "-" "Mozilla/5.0 (compatible; Qwantify/2.4w; +https://www.qwant.com/)/2.4w"
180.76.15.157 - - [05/May/2018:08:09:49 -0400] "GET /current HTTP/1.1" 200 12345 "-" "Mozilla/5.0 (compatible; Baiduspider/2.0; +http://www.baidu.com/search/spider.html)"
194.187.170.102 - - [05/May/2018:08:09:58 -0400] "GET /2012/cfp HTTP/1.1" 200 4660 "-" "Mozilla/5.0 (compatible; Qwantify/2.4w; +https://www.qwant.com/)/2.4w"
69.162.124.227 - - [05/May/2018:08:10:12 -0400] "HEAD / HTTP/1.1" 200 3874 "http://nspw.org/" "Mozilla/5.0+(compatible; UptimeRobot/2.0; http://www.uptimerobot.com/)"
194.187.170.102 - - [05/May/2018:08:10:36 -0400] "GET /papers/1999/?C=D;O=D HTTP/1.1" 200 1130 "-" "Mozilla/5.0 (compatible; Qwantify/2.4w; +https://www.qwant.com/)/2.4w"
157.55.39.195 - - [05/May/2018:08:10:11 -0400] "GET /papers/2004/nspw2004-zhou.pdf HTTP/1.1" 200 199268 "-" "Mozilla/5.0 (iPhone; CPU iPhone OS 7_0 like Mac OS X) AppleWebKit/537.51.1 (KHTML, like Gecko) Version/7.0 Mobile/11A465 Safari/9537.53 (compatible; bingbot/2.0; +http://www.bing.com/bingbot.htm)"
180.76.15.136 - - [05/May/2018:08:10:49 -0400] "GET /2005/NSPWtrans.gif HTTP/1.1" 200 12310 "-" "Mozilla/5.0 (compatible; Baiduspider/2.0; +http://www.baidu.com/search/spider.html)"
220.181.108.162 - - [05/May/2018:08:11:06 -0400] "GET /2015/cfp HTTP/1.1" 200 18680 "-" "Mozilla/5.0 (compatible; Baiduspider/2.0; +http://www.baidu.com/search/spider.html)"
180.76.15.33 - - [05/May/2018:08:11:49 -0400] "GET /2009/proceedings/1993/?C=D;O=A HTTP/1.1" 200 10589 "-" "Mozilla/5.0 (compatible; Baiduspider/2.0; +http://www.baidu.com/search/spider.html)"
180.76.15.25 - - [05/May/2018:08:12:49 -0400] "GET /2009/proceedings/2008/ HTTP/1.1" 200 7077 "-" "Mozilla/5.0 (compatible; Baiduspider/2.0; +http://www.baidu.com/search/spider.html)"
180.76.15.6 - - [05/May/2018:08:13:49 -0400] "GET /2011/submissions HTTP/1.1" 200 13776 "-" "Mozilla/5.0 (compatible; Baiduspider/2.0; +http://www.baidu.com/search/spider.html)"
180.76.15.5 - - [05/May/2018:08:14:49 -0400] "GET /2009/proceedings/2008/?C=M;O=D HTTP/1.1" 200 7077 "-" "Mozilla/5.0 (compatible; Baiduspider/2.0; +http://www.baidu.com/search/spider.html)"
69.162.124.227 - - [05/May/2018:08:15:12 -0400] "HEAD / HTTP/1.1" 200 3874 "http://nspw.org/" "Mozilla/5.0+(compatible; UptimeRobot/2.0; http://www.uptimerobot.com/)"
180.76.15.30 - - [05/May/2018:08:15:49 -0400] "GET /2009/proceedings/1993/?C=D;O=D HTTP/1.1" 200 10589 "-" "Mozilla/5.0 (compatible; Baiduspider/2.0; +http://www.baidu.com/search/spider.html)"
194.187.170.102 - - [05/May/2018:08:16:20 -0400] "GET /papers/1994/?C=M;O=D HTTP/1.1" 200 4662 "-" "Mozilla/5.0 (compatible; Qwantify/2.4w; +https://www.qwant.com/)/2.4w"
180.76.15.136 - - [05/May/2018:08:16:49 -0400] "GET /2009/proceedings/1999/?C=S;O=D HTTP/1.1" 200 7741 "-" "Mozilla/5.0 (compatible; Baiduspider/2.0; +http://www.baidu.com/search/spider.html)"
66.249.64.215 - - [05/May/2018:08:17:28 -0400] "GET /2009/proceedings/1997/nspw1997-rahman.pdf HTTP/1.1" 200 1078358 "-" "Mozilla/5.0 (compatible; Googlebot/2.1; +http://www.google.com/bot.html)"
180.76.15.18 - - [05/May/2018:08:17:49 -0400] "GET /2003/hold/local.shtml HTTP/1.1" 200 21206 "-" "Mozilla/5.0 (compatible; Baiduspider/2.0; +http://www.baidu.com/search/spider.html)"
194.187.170.102 - - [05/May/2018:08:18:21 -0400] "GET /papers/2005/?C=N;O=D HTTP/1.1" 200 1242 "-" "Mozilla/5.0 (compatible; Qwantify/2.4w; +https://www.qwant.com/)/2.4w"
180.76.15.163 - - [05/May/2018:08:18:55 -0400] "GET /proceedings/1994 HTTP/1.1" 200 12193 "-" "Mozilla/5.0 (compatible; Baiduspider/2.0; +http://www.baidu.com/search/spider.html)"
207.46.13.95 - - [05/May/2018:08:19:10 -0400] "GET /2009/proceedings/2013/nspw2013-bishop.pdf HTTP/1.1" 200 510219 "-" "Mozilla/5.0 (compatible; bingbot/2.0; +http://www.bing.com/bingbot.htm)"
103.206.105.190 - - [05/May/2018:08:19:54 -0400] "GET /wp-login.php HTTP/1.1" 404 7491 "-" "Mozilla/5.0 (Windows NT 6.1; WOW64; rv:40.0) Gecko/20100101 Firefox/40.1"
103.206.105.190 - - [05/May/2018:08:19:55 -0400] "GET / HTTP/1.1" 200 8218 "-" "Mozilla/5.0 (Windows NT 6.1; WOW64; rv:40.0) Gecko/20100101 Firefox/40.1"
69.162.124.227 - - [05/May/2018:08:20:12 -0400] "HEAD / HTTP/1.1" 200 3874 "http://nspw.org/" "Mozilla/5.0+(compatible; UptimeRobot/2.0; http://www.uptimerobot.com/)"
106.207.170.81 - - [05/May/2018:08:20:58 -0400] "GET /wp-login.php HTTP/1.1" 404 7484 "-" "Mozilla/5.0 (Windows NT 6.1; WOW64; rv:40.0) Gecko/20100101 Firefox/40.1"
106.207.170.81 - - [05/May/2018:08:20:59 -0400] "GET / HTTP/1.1" 200 8218 "-" "Mozilla/5.0 (Windows NT 6.1; WOW64; rv:40.0) Gecko/20100101 Firefox/40.1"
77.88.47.40 - - [05/May/2018:08:21:02 -0400] "GET /proceedings/1998 HTTP/1.1" 200 6157 "-" "Mozilla/5.0 (compatible; YandexBot/3.0; +http://yandex.com/bots)"
77.88.47.40 - - [05/May/2018:08:21:05 -0400] "GET /2005/cfp.content HTTP/1.1" 200 5573 "-" "Mozilla/5.0 (compatible; YandexBot/3.0; +http://yandex.com/bots)"
77.88.47.40 - - [05/May/2018:08:21:19 -0400] "GET /2011/pc HTTP/1.1" 200 6552 "-" "Mozilla/5.0 (compatible; YandexBot/3.0; +http://yandex.com/bots)"
77.88.47.40 - - [05/May/2018:08:21:41 -0400] "GET /2009/proceedings/1993/?C=S;O=A HTTP/1.1" 200 4564 "-" "Mozilla/5.0 (compatible; YandexBot/3.0; +http://yandex.com/bots)"
194.187.170.102 - - [05/May/2018:08:22:20 -0400] "GET /2017/organizers HTTP/1.1" 200 7504 "-" "Mozilla/5.0 (compatible; Qwantify/2.4w; +https://www.qwant.com/)/2.4w"
216.244.66.236 - - [05/May/2018:08:23:27 -0400] "GET /robots.txt HTTP/1.1" 200 5796 "-" "Mozilla/5.0 (compatible; DotBot/1.1; http://www.opensiteexplorer.org/dotbot, help@moz.com)"
207.46.13.136 - - [05/May/2018:08:24:09 -0400] "GET /papers/2006/nspw2006-gates.pdf HTTP/1.1" 200 149973 "-" "Mozilla/5.0 (iPhone; CPU iPhone OS 7_0 like Mac OS X) AppleWebKit/537.51.1 (KHTML, like Gecko) Version/7.0 Mobile/11A465 Safari/9537.53 (compatible; bingbot/2.0; +http://www.bing.com/bingbot.htm)"
216.244.66.236 - - [05/May/2018:08:24:54 -0400] "GET /2002/nspw-footer.html HTTP/1.1" 200 4575 "-" "Mozilla/5.0 (compatible; DotBot/1.1; http://www.opensiteexplorer.org/dotbot, help@moz.com)"
69.162.124.227 - - [05/May/2018:08:25:12 -0400] "HEAD / HTTP/1.1" 200 3874 "http://nspw.org/" "Mozilla/5.0+(compatible; UptimeRobot/2.0; http://www.uptimerobot.com/)"
137.112.228.195 - - [05/May/2018:08:25:48 -0400] "GET /papers/2007/nspw2007-mannan.pdf HTTP/1.1" 200 502385 "-" "Mozilla/5.0 (iPhone; CPU iPhone OS 11_2_5 like Mac OS X) AppleWebKit/604.5.6 (KHTML, like Gecko) Version/11.0 Mobile/15D60 Safari/604.1"
137.112.228.195 - - [05/May/2018:08:25:49 -0400] "GET /apple-touch-icon-120x120-precomposed.png HTTP/1.1" 404 3943 "-" "MobileSafari/604.1 CFNetwork/894 Darwin/17.4.0"
137.112.228.195 - - [05/May/2018:08:25:49 -0400] "GET /apple-touch-icon-120x120.png HTTP/1.1" 404 717 "-" "MobileSafari/604.1 CFNetwork/894 Darwin/17.4.0"
137.112.228.195 - - [05/May/2018:08:25:49 -0400] "GET /apple-touch-icon-precomposed.png HTTP/1.1" 404 721 "-" "MobileSafari/604.1 CFNetwork/894 Darwin/17.4.0"
137.112.228.195 - - [05/May/2018:08:25:49 -0400] "GET /apple-touch-icon.png HTTP/1.1" 404 709 "-" "MobileSafari/604.1 CFNetwork/894 Darwin/17.4.0"
137.112.228.195 - - [05/May/2018:08:25:49 -0400] "GET /favicon.ico HTTP/1.1" 404 700 "-" "MobileSafari/604.1 CFNetwork/894 Darwin/17.4.0"
137.112.228.195 - - [05/May/2018:08:25:49 -0400] "GET /apple-touch-icon-120x120-precomposed.png HTTP/1.1" 404 729 "-" "MobileSafari/604.1 CFNetwork/894 Darwin/17.4.0"
137.112.228.195 - - [05/May/2018:08:25:49 -0400] "GET /apple-touch-icon-120x120.png HTTP/1.1" 404 717 "-" "MobileSafari/604.1 CFNetwork/894 Darwin/17.4.0"
137.112.228.195 - - [05/May/2018:08:25:49 -0400] "GET /apple-touch-icon-precomposed.png HTTP/1.1" 404 721 "-" "MobileSafari/604.1 CFNetwork/894 Darwin/17.4.0"
137.112.228.195 - - [05/May/2018:08:25:49 -0400] "GET /apple-touch-icon.png HTTP/1.1" 404 709 "-" "MobileSafari/604.1 CFNetwork/894 Darwin/17.4.0"
137.112.228.195 - - [05/May/2018:08:25:49 -0400] "GET /favicon.ico HTTP/1.1" 404 700 "-" "MobileSafari/604.1 CFNetwork/894 Darwin/17.4.0"
194.187.170.102 - - [05/May/2018:08:26:59 -0400] "GET /papers/1997/?C=S;O=D HTTP/1.1" 200 1098 "-" "Mozilla/5.0 (compatible; Qwantify/2.4w; +https://www.qwant.com/)/2.4w"
196.195.49.182 - - [05/May/2018:08:28:22 -0400] "GET /wp-login.php HTTP/1.1" 404 7907 "-" "Mozilla/5.0 (Windows NT 6.1; WOW64; rv:40.0) Gecko/20100101 Firefox/40.1"
196.195.49.182 - - [05/May/2018:08:28:25 -0400] "GET / HTTP/1.1" 200 8218 "-" "Mozilla/5.0 (Windows NT 6.1; WOW64; rv:40.0) Gecko/20100101 Firefox/40.1"
88.98.217.109 - - [05/May/2018:08:29:34 -0400] "GET /2013/cfp HTTP/1.1" 200 8617 "-" "Mozilla/5.0 (iPhone; CPU iPhone OS 11_2_6 like Mac OS X) AppleWebKit/604.5.6 (KHTML, like Gecko) Version/11.0 Mobile/15D100 Safari/604.1"
88.98.217.109 - - [05/May/2018:08:29:35 -0400] "GET /apple-touch-icon-120x120-precomposed.png HTTP/1.1" 404 3943 "-" "MobileSafari/604.1 CFNetwork/894 Darwin/17.4.0"
88.98.217.109 - - [05/May/2018:08:29:35 -0400] "GET /apple-touch-icon-120x120.png HTTP/1.1" 404 717 "-" "MobileSafari/604.1 CFNetwork/894 Darwin/17.4.0"
88.98.217.109 - - [05/May/2018:08:29:35 -0400] "GET /apple-touch-icon-precomposed.png HTTP/1.1" 404 721 "-" "MobileSafari/604.1 CFNetwork/894 Darwin/17.4.0"
88.98.217.109 - - [05/May/2018:08:29:35 -0400] "GET /apple-touch-icon.png HTTP/1.1" 404 709 "-" "MobileSafari/604.1 CFNetwork/894 Darwin/17.4.0"
88.98.217.109 - - [05/May/2018:08:29:35 -0400] "GET /favicon.ico HTTP/1.1" 404 700 "-" "MobileSafari/604.1 CFNetwork/894 Darwin/17.4.0"
88.98.217.109 - - [05/May/2018:08:29:35 -0400] "GET /apple-touch-icon-120x120-precomposed.png HTTP/1.1" 404 729 "-" "MobileSafari/604.1 CFNetwork/894 Darwin/17.4.0"
88.98.217.109 - - [05/May/2018:08:29:35 -0400] "GET /apple-touch-icon-120x120.png HTTP/1.1" 404 717 "-" "MobileSafari/604.1 CFNetwork/894 Darwin/17.4.0"
88.98.217.109 - - [05/May/2018:08:29:35 -0400] "GET /apple-touch-icon-precomposed.png HTTP/1.1" 404 721 "-" "MobileSafari/604.1 CFNetwork/894 Darwin/17.4.0"
88.98.217.109 - - [05/May/2018:08:29:36 -0400] "GET /apple-touch-icon.png HTTP/1.1" 404 709 "-" "MobileSafari/604.1 CFNetwork/894 Darwin/17.4.0"
88.98.217.109 - - [05/May/2018:08:29:36 -0400] "GET /favicon.ico HTTP/1.1" 404 700 "-" "MobileSafari/604.1 CFNetwork/894 Darwin/17.4.0"
69.162.124.227 - - [05/May/2018:08:30:12 -0400] "HEAD / HTTP/1.1" 200 3874 "http://nspw.org/" "Mozilla/5.0+(compatible; UptimeRobot/2.0; http://www.uptimerobot.com/)"
207.46.13.95 - - [05/May/2018:08:26:52 -0400] "GET /papers/2010/nspw2010-sun.pdf HTTP/1.1" 200 6651736 "-" "Mozilla/5.0 (compatible; bingbot/2.0; +http://www.bing.com/bingbot.htm)"
77.88.47.40 - - [05/May/2018:08:30:33 -0400] "GET /papers/1994/nspw1994-hamilton.pdf HTTP/1.1" 200 632559 "-" "Mozilla/5.0 (compatible; YandexBot/3.0; +http://yandex.com/bots)"
103.16.176.10 - - [05/May/2018:08:33:56 -0400] "GET /wp-login.php HTTP/1.1" 404 7839 "-" "Mozilla/5.0 (Windows NT 6.1; WOW64; rv:40.0) Gecko/20100101 Firefox/40.1"
103.16.176.10 - - [05/May/2018:08:34:04 -0400] "GET / HTTP/1.1" 200 8367 "-" "Mozilla/5.0 (Windows NT 6.1; WOW64; rv:40.0) Gecko/20100101 Firefox/40.1"
77.88.47.40 - - [05/May/2018:08:34:26 -0400] "GET /papers/2001/?C=M;O=A HTTP/1.1" 200 4413 "-" "Mozilla/5.0 (compatible; YandexBot/3.0; +http://yandex.com/bots)"
66.249.64.219 - - [05/May/2018:08:34:37 -0400] "GET /2009/proceedings/1997/nspw1997-rahman.pdf HTTP/1.1" 304 3606 "-" "Mozilla/5.0 (compatible; Googlebot/2.1; +http://www.google.com/bot.html)"
155.94.160.10 - - [05/May/2018:08:34:51 -0400] "GET /papers/1997/nspw1997-mambo.pdf' HTTP/1.1" 404 8110 "-" "-"
157.55.39.195 - - [05/May/2018:08:34:38 -0400] "GET /papers/2001/nspw2001-schaefer.pdf HTTP/1.1" 200 406300 "-" "Mozilla/5.0 (iPhone; CPU iPhone OS 7_0 like Mac OS X) AppleWebKit/537.51.1 (KHTML, like Gecko) Version/7.0 Mobile/11A465 Safari/9537.53 (compatible; bingbot/2.0; +http://www.bing.com/bingbot.htm)"
69.162.124.227 - - [05/May/2018:08:35:12 -0400] "HEAD / HTTP/1.1" 200 3874 "http://nspw.org/" "Mozilla/5.0+(compatible; UptimeRobot/2.0; http://www.uptimerobot.com/)"
194.187.170.102 - - [05/May/2018:08:35:54 -0400] "GET /2010/pc HTTP/1.1" 200 7008 "-" "Mozilla/5.0 (compatible; Qwantify/2.4w; +https://www.qwant.com/)/2.4w"
194.187.170.102 - - [05/May/2018:08:38:25 -0400] "GET /papers/1999/?C=S;O=D HTTP/1.1" 200 1146 "-" "Mozilla/5.0 (compatible; Qwantify/2.4w; +https://www.qwant.com/)/2.4w"
194.187.170.102 - - [05/May/2018:08:39:42 -0400] "GET /papers/1998/?C=M;O=D HTTP/1.1" 200 1114 "-" "Mozilla/5.0 (compatible; Qwantify/2.4w; +https://www.qwant.com/)/2.4w"
69.162.124.227 - - [05/May/2018:08:40:12 -0400] "HEAD / HTTP/1.1" 200 3874 "http://nspw.org/" "Mozilla/5.0+(compatible; UptimeRobot/2.0; http://www.uptimerobot.com/)"
40.77.167.80 - - [05/May/2018:08:40:29 -0400] "GET /papers/1994/nspw1994-schneier.pdf HTTP/1.1" 200 337261 "-" "Mozilla/5.0 (compatible; bingbot/2.0; +http://www.bing.com/bingbot.htm)"
46.107.216.220 - - [05/May/2018:08:43:21 -0400] "GET /wp-login.php HTTP/1.1" 404 7491 "-" "Mozilla/5.0 (Windows NT 6.1; WOW64; rv:40.0) Gecko/20100101 Firefox/40.1"
46.107.216.220 - - [05/May/2018:08:43:21 -0400] "GET / HTTP/1.1" 200 8218 "-" "Mozilla/5.0 (Windows NT 6.1; WOW64; rv:40.0) Gecko/20100101 Firefox/40.1"
197.255.219.134 - - [05/May/2018:08:45:01 -0400] "GET /wp-login.php HTTP/1.1" 404 7985 "-" "Mozilla/5.0 (Windows NT 6.1; WOW64; rv:40.0) Gecko/20100101 Firefox/40.1"
197.255.219.134 - - [05/May/2018:08:45:02 -0400] "GET / HTTP/1.1" 200 8206 "-" "Mozilla/5.0 (Windows NT 6.1; WOW64; rv:40.0) Gecko/20100101 Firefox/40.1"
69.162.124.227 - - [05/May/2018:08:45:12 -0400] "HEAD / HTTP/1.1" 200 3874 "http://nspw.org/" "Mozilla/5.0+(compatible; UptimeRobot/2.0; http://www.uptimerobot.com/)"
199.16.157.181 - - [05/May/2018:08:45:12 -0400] "GET /robots.txt HTTP/1.1" 200 5699 "-" "Twitterbot/1.0"
66.249.64.16 - - [05/May/2018:08:46:14 -0400] "GET /2005/pc.shtml HTTP/1.1" 200 5386 "-" "Mozilla/5.0 (compatible; Googlebot/2.1; +http://www.google.com/bot.html)"
207.46.13.95 - - [05/May/2018:08:46:26 -0400] "GET /papers/1999/nspw1999-markham.pdf HTTP/1.1" 200 448036 "-" "Mozilla/5.0 (iPhone; CPU iPhone OS 7_0 like Mac OS X) AppleWebKit/537.51.1 (KHTML, like Gecko) Version/7.0 Mobile/11A465 Safari/9537.53 (compatible; bingbot/2.0; +http://www.bing.com/bingbot.htm)"
207.46.13.136 - - [05/May/2018:08:48:19 -0400] "GET /papers/2002/nspw2002-ashley.pdf HTTP/1.1" 200 663028 "-" "Mozilla/5.0 (iPhone; CPU iPhone OS 7_0 like Mac OS X) AppleWebKit/537.51.1 (KHTML, like Gecko) Version/7.0 Mobile/11A465 Safari/9537.53 (compatible; bingbot/2.0; +http://www.bing.com/bingbot.htm)"
139.192.168.185 - - [05/May/2018:08:49:04 -0400] "GET /wp-login.php HTTP/1.1" 404 7484 "-" "Mozilla/5.0 (Windows NT 6.1; WOW64; rv:40.0) Gecko/20100101 Firefox/40.1"
139.192.168.185 - - [05/May/2018:08:49:04 -0400] "GET / HTTP/1.1" 200 8218 "-" "Mozilla/5.0 (Windows NT 6.1; WOW64; rv:40.0) Gecko/20100101 Firefox/40.1"
194.187.170.102 - - [05/May/2018:08:49:33 -0400] "GET /papers/2003/?C=D;O=D HTTP/1.1" 200 4646 "-" "Mozilla/5.0 (compatible; Qwantify/2.4w; +https://www.qwant.com/)/2.4w"
69.162.124.227 - - [05/May/2018:08:50:12 -0400] "HEAD / HTTP/1.1" 200 3874 "http://nspw.org/" "Mozilla/5.0+(compatible; UptimeRobot/2.0; http://www.uptimerobot.com/)"
66.249.64.219 - - [05/May/2018:08:51:44 -0400] "GET /papers/2000/nspw2000-mcdermott.pdf HTTP/1.1" 304 3605 "-" "Mozilla/5.0 (compatible; Googlebot/2.1; +http://www.google.com/bot.html)"
180.76.15.162 - - [05/May/2018:08:52:15 -0400] "GET /2010/organizers HTTP/1.1" 200 13754 "-" "Mozilla/5.0 (compatible; Baiduspider/2.0; +http://www.baidu.com/search/spider.html)"
69.162.124.227 - - [05/May/2018:08:55:12 -0400] "HEAD / HTTP/1.1" 200 3874 "http://nspw.org/" "Mozilla/5.0+(compatible; UptimeRobot/2.0; http://www.uptimerobot.com/)"
194.187.170.102 - - [05/May/2018:08:56:36 -0400] "GET /2008/oc.content HTTP/1.1" 200 8315 "-" "Mozilla/5.0 (compatible; Qwantify/2.4w; +https://www.qwant.com/)/2.4w"
54.208.102.37 - - [05/May/2018:08:56:49 -0400] "GET / HTTP/1.1" 200 6441 "https://www.nspw.org/" "Mozilla/5.0 (compatible; DuckDuckGo-Favicons-Bot/1.0; +http://duckduckgo.com)"
54.208.102.37 - - [05/May/2018:08:56:50 -0400] "GET /favicon.ico HTTP/1.1" 404 700 "https://www.nspw.org/favicon.ico" "Mozilla/5.0 (compatible; DuckDuckGo-Favicons-Bot/1.0; +http://duckduckgo.com)"
54.208.102.37 - - [05/May/2018:08:56:50 -0400] "GET /favicon.ico HTTP/1.1" 404 700 "https://www.nspw.org/favicon.ico" "Mozilla/5.0 (compatible; DuckDuckGo-Favicons-Bot/1.0; +http://duckduckgo.com)"
216.244.66.200 - - [05/May/2018:08:57:08 -0400] "GET /robots.txt HTTP/1.1" 200 5796 "-" "Mozilla/5.0 (compatible; DotBot/1.1; http://www.opensiteexplorer.org/dotbot, help@moz.com)"
91.205.8.118 - - [05/May/2018:08:58:09 -0400] "GET /wp-login.php HTTP/1.1" 404 7985 "-" "Mozilla/5.0 (Windows NT 6.1; WOW64; rv:40.0) Gecko/20100101 Firefox/40.1"
91.205.8.118 - - [05/May/2018:08:58:09 -0400] "GET / HTTP/1.1" 200 8206 "-" "Mozilla/5.0 (Windows NT 6.1; WOW64; rv:40.0) Gecko/20100101 Firefox/40.1"
69.162.124.227 - - [05/May/2018:09:00:12 -0400] "HEAD / HTTP/1.1" 200 3874 "http://nspw.org/" "Mozilla/5.0+(compatible; UptimeRobot/2.0; http://www.uptimerobot.com/)"
207.46.13.136 - - [05/May/2018:09:00:22 -0400] "GET /papers/2008/nspw2008-bishop.pdf HTTP/1.1" 200 486337 "-" "Mozilla/5.0 (iPhone; CPU iPhone OS 7_0 like Mac OS X) AppleWebKit/537.51.1 (KHTML, like Gecko) Version/7.0 Mobile/11A465 Safari/9537.53 (compatible; bingbot/2.0; +http://www.bing.com/bingbot.htm)"
156.222.14.209 - - [05/May/2018:09:01:42 -0400] "GET /wp-login.php HTTP/1.1" 404 7491 "-" "Mozilla/5.0 (Windows NT 6.1; WOW64; rv:40.0) Gecko/20100101 Firefox/40.1"
156.222.14.209 - - [05/May/2018:09:01:55 -0400] "GET / HTTP/1.1" 200 8363 "-" "Mozilla/5.0 (Windows NT 6.1; WOW64; rv:40.0) Gecko/20100101 Firefox/40.1"
77.88.47.40 - - [05/May/2018:09:03:36 -0400] "GET /user HTTP/1.1" 200 6077 "-" "Mozilla/5.0 (compatible; YandexBot/3.0; +http://yandex.com/bots)"
40.77.167.80 - - [05/May/2018:09:04:20 -0400] "GET /2007/NSPWtrans.gif HTTP/1.1" 200 12812 "-" "Mozilla/5.0 (compatible; bingbot/2.0; +http://www.bing.com/bingbot.htm)"
69.162.124.227 - - [05/May/2018:09:05:12 -0400] "HEAD / HTTP/1.1" 200 3874 "http://nspw.org/" "Mozilla/5.0+(compatible; UptimeRobot/2.0; http://www.uptimerobot.com/)"
194.187.170.102 - - [05/May/2018:09:05:43 -0400] "GET /papers/2001/?C=S;O=D HTTP/1.1" 200 4694 "-" "Mozilla/5.0 (compatible; Qwantify/2.4w; +https://www.qwant.com/)/2.4w"
207.46.13.136 - - [05/May/2018:09:06:14 -0400] "GET /papers/2008/nspw2008-beautement.pdf HTTP/1.1" 200 769875 "-" "Mozilla/5.0 (iPhone; CPU iPhone OS 7_0 like Mac OS X) AppleWebKit/537.51.1 (KHTML, like Gecko) Version/7.0 Mobile/11A465 Safari/9537.53 (compatible; bingbot/2.0; +http://www.bing.com/bingbot.htm)"
77.88.47.40 - - [05/May/2018:09:07:04 -0400] "GET /2000/program.html HTTP/1.1" 200 6080 "-" "Mozilla/5.0 (compatible; YandexBot/3.0; +http://yandex.com/bots)"
188.210.231.67 - - [05/May/2018:09:07:23 -0400] "GET /wp-login.php HTTP/1.1" 404 7839 "-" "Mozilla/5.0 (Windows NT 6.1; WOW64; rv:40.0) Gecko/20100101 Firefox/40.1"
188.210.231.67 - - [05/May/2018:09:07:24 -0400] "GET / HTTP/1.1" 200 8218 "-" "Mozilla/5.0 (Windows NT 6.1; WOW64; rv:40.0) Gecko/20100101 Firefox/40.1"
66.249.64.219 - - [05/May/2018:09:08:54 -0400] "GET /papers/1996/nspw1996-zurko.pdf HTTP/1.1" 200 887095 "-" "Mozilla/5.0 (compatible; Googlebot/2.1; +http://www.google.com/bot.html)"
77.88.47.40 - - [05/May/2018:09:08:53 -0400] "GET /papers/2007/nspw2007-nali.pdf HTTP/1.1" 200 878662 "-" "Mozilla/5.0 (compatible; YandexBot/3.0; +http://yandex.com/bots)"
77.88.47.40 - - [05/May/2018:09:09:45 -0400] "GET /2004/submission.content HTTP/1.1" 200 3940 "-" "Mozilla/5.0 (compatible; YandexBot/3.0; +http://yandex.com/bots)"
69.162.124.227 - - [05/May/2018:09:10:12 -0400] "HEAD / HTTP/1.1" 200 3874 "http://nspw.org/" "Mozilla/5.0+(compatible; UptimeRobot/2.0; http://www.uptimerobot.com/)"
84.229.179.87 - - [05/May/2018:09:10:46 -0400] "GET /wp-login.php HTTP/1.1" 404 7839 "-" "Mozilla/5.0 (Windows NT 6.1; WOW64; rv:40.0) Gecko/20100101 Firefox/40.1"
84.229.179.87 - - [05/May/2018:09:10:46 -0400] "GET / HTTP/1.1" 200 8218 "-" "Mozilla/5.0 (Windows NT 6.1; WOW64; rv:40.0) Gecko/20100101 Firefox/40.1"
213.180.203.46 - - [05/May/2018:09:10:55 -0400] "GET /papers/1996/nspw1996-josang.pdf HTTP/1.1" 200 1238553 "-" "Mozilla/5.0 (iPhone; CPU iPhone OS 8_1 like Mac OS X) AppleWebKit/600.1.4 (KHTML, like Gecko) Version/8.0 Mobile/12B411 Safari/600.1.4 (compatible; YandexMobileBot/3.0; +http://yandex.com/bots)"
194.187.170.102 - - [05/May/2018:09:13:20 -0400] "GET /papers/1994/?C=D;O=D HTTP/1.1" 200 4662 "-" "Mozilla/5.0 (compatible; Qwantify/2.4w; +https://www.qwant.com/)/2.4w"
90.209.15.8 - - [05/May/2018:09:14:44 -0400] "GET /favicon.ico HTTP/1.1" 404 857 "https://www.nspw.org/2009/proceedings/2008/nspw2008-beautement.pdf" "Mozilla/5.0 (Windows NT 10.0; Win64; x64) AppleWebKit/537.36 (KHTML, like Gecko) Chrome/66.0.3359.139 Safari/537.36"
90.209.15.8 - - [05/May/2018:09:14:43 -0400] "GET /2009/proceedings/2008/nspw2008-beautement.pdf HTTP/1.1" 200 769415 "-" "Mozilla/5.0 (Windows NT 10.0; Win64; x64) AppleWebKit/537.36 (KHTML, like Gecko) Chrome/66.0.3359.139 Safari/537.36"
49.207.180.147 - - [05/May/2018:09:15:07 -0400] "GET /wp-login.php HTTP/1.1" 404 7491 "-" "Mozilla/5.0 (Windows NT 6.1; WOW64; rv:40.0) Gecko/20100101 Firefox/40.1"
49.207.180.147 - - [05/May/2018:09:15:07 -0400] "GET / HTTP/1.1" 200 8218 "-" "Mozilla/5.0 (Windows NT 6.1; WOW64; rv:40.0) Gecko/20100101 Firefox/40.1"
69.162.124.227 - - [05/May/2018:09:15:12 -0400] "HEAD / HTTP/1.1" 200 3874 "http://nspw.org/" "Mozilla/5.0+(compatible; UptimeRobot/2.0; http://www.uptimerobot.com/)"
194.187.170.102 - - [05/May/2018:09:15:32 -0400] "GET /sponsors-2010 HTTP/1.1" 200 3316 "-" "Mozilla/5.0 (compatible; Qwantify/2.4w; +https://www.qwant.com/)/2.4w"
66.160.140.182 - - [05/May/2018:09:15:59 -0400] "GET /robots.txt HTTP/1.1" 200 4444 "-" "The Knowledge AI"
