158.69.241.227 - - [06/May/2018:01:21:31 -0400] "GET /node/2011/submissions HTTP/1.1" 404 4714 "-" "crawler4j (https://github.com/yasserg/crawler4j/)"
158.69.241.227 - - [06/May/2018:01:21:31 -0400] "GET /papers/2002/?C=M%3BO%3DA HTTP/1.1" 200 1061 "-" "crawler4j (https://github.com/yasserg/crawler4j/)"
158.69.241.227 - - [06/May/2018:01:21:31 -0400] "GET /papers/1995/?C=D%3BO%3DA HTTP/1.1" 200 725 "-" "crawler4j (https://github.com/yasserg/crawler4j/)"
158.69.241.227 - - [06/May/2018:01:21:31 -0400] "GET /papers/2000/?C=D%3BO%3DA HTTP/1.1" 200 1013 "-" "crawler4j (https://github.com/yasserg/crawler4j/)"
158.69.241.227 - - [06/May/2018:01:21:31 -0400] "GET /papers/1995/?C=M%3BO%3DA HTTP/1.1" 200 725 "-" "crawler4j (https://github.com/yasserg/crawler4j/)"
158.69.241.227 - - [06/May/2018:01:21:31 -0400] "GET /papers/2002/?C=D%3BO%3DA HTTP/1.1" 200 1061 "-" "crawler4j (https://github.com/yasserg/crawler4j/)"
158.69.241.227 - - [06/May/2018:01:21:31 -0400] "GET /node/2011/dates HTTP/1.1" 404 4698 "-" "crawler4j (https://github.com/yasserg/crawler4j/)"
158.69.241.227 - - [06/May/2018:01:21:31 -0400] "GET /papers/1995/?C=S%3BO%3DA HTTP/1.1" 200 725 "-" "crawler4j (https://github.com/yasserg/crawler4j/)"
158.69.241.227 - - [06/May/2018:01:21:31 -0400] "GET /papers/2000/?C=N%3BO%3DD HTTP/1.1" 200 1013 "-" "crawler4j (https://github.com/yasserg/crawler4j/)"
158.69.241.227 - - [06/May/2018:01:21:31 -0400] "GET /papers/1995/?C=N%3BO%3DD HTTP/1.1" 200 725 "-" "crawler4j (https://github.com/yasserg/crawler4j/)"
158.69.241.227 - - [06/May/2018:01:21:32 -0400] "GET /papers/2003/?C=N%3BO%3DD HTTP/1.1" 200 965 "-" "crawler4j (https://github.com/yasserg/crawler4j/)"
158.69.241.227 - - [06/May/2018:01:21:32 -0400] "GET /node/9 HTTP/1.1" 200 5039 "-" "crawler4j (https://github.com/yasserg/crawler4j/)"
158.69.241.227 - - [06/May/2018:01:21:32 -0400] "GET /papers/2000/?C=S%3BO%3DA HTTP/1.1" 200 1013 "-" "crawler4j (https://github.com/yasserg/crawler4j/)"
158.69.241.227 - - [06/May/2018:01:21:32 -0400] "GET /papers/1998/?C=S%3BO%3DA HTTP/1.1" 200 965 "-" "crawler4j (https://github.com/yasserg/crawler4j/)"
158.69.241.227 - - [06/May/2018:01:21:32 -0400] "GET /papers/2003/?C=M%3BO%3DA HTTP/1.1" 200 965 "-" "crawler4j (https://github.com/yasserg/crawler4j/)"
158.69.241.227 - - [06/May/2018:01:21:32 -0400] "GET /papers/1998/?C=M%3BO%3DA HTTP/1.1" 200 965 "-" "crawler4j (https://github.com/yasserg/crawler4j/)"
158.69.241.227 - - [06/May/2018:01:21:32 -0400] "GET /papers/2003/?C=S%3BO%3DA HTTP/1.1" 200 965 "-" "crawler4j (https://github.com/yasserg/crawler4j/)"
158.69.241.227 - - [06/May/2018:01:21:32 -0400] "GET /papers/1998/?C=N%3BO%3DD HTTP/1.1" 200 965 "-" "crawler4j (https://github.com/yasserg/crawler4j/)"
158.69.241.227 - - [06/May/2018:01:21:32 -0400] "GET /papers/2003/?C=D%3BO%3DA HTTP/1.1" 200 965 "-" "crawler4j (https://github.com/yasserg/crawler4j/)"
158.69.241.227 - - [06/May/2018:01:21:32 -0400] "GET /papers/1998/?C=D%3BO%3DA HTTP/1.1" 200 965 "-" "crawler4j (https://github.com/yasserg/crawler4j/)"
158.69.241.227 - - [06/May/2018:01:21:33 -0400] "GET /node/50 HTTP/1.1" 200 3375 "-" "crawler4j (https://github.com/yasserg/crawler4j/)"
158.69.241.227 - - [06/May/2018:01:21:33 -0400] "GET /node/11 HTTP/1.1" 200 3391 "-" "crawler4j (https://github.com/yasserg/crawler4j/)"
158.69.241.227 - - [06/May/2018:01:21:33 -0400] "GET /node/36 HTTP/1.1" 200 5087 "-" "crawler4j (https://github.com/yasserg/crawler4j/)"
158.69.241.227 - - [06/May/2018:01:21:33 -0400] "GET /node/45 HTTP/1.1" 200 4511 "-" "crawler4j (https://github.com/yasserg/crawler4j/)"
158.69.241.227 - - [06/May/2018:01:21:33 -0400] "GET /2005/NSPW%202005%20Programme_files/editdata.mso HTTP/1.1" 404 4762 "-" "crawler4j (https://github.com/yasserg/crawler4j/)"
158.69.241.227 - - [06/May/2018:01:21:33 -0400] "GET /2005/NSPW%202005%20Programme_files/filelist.xml HTTP/1.1" 404 4762 "-" "crawler4j (https://github.com/yasserg/crawler4j/)"
158.69.241.227 - - [06/May/2018:01:21:33 -0400] "GET /1999/program_print.html HTTP/1.1" 200 2085 "-" "crawler4j (https://github.com/yasserg/crawler4j/)"
158.69.241.227 - - [06/May/2018:01:21:33 -0400] "GET /1999/cfp.ps HTTP/1.1" 200 62089 "-" "crawler4j (https://github.com/yasserg/crawler4j/)"
158.69.241.227 - - [06/May/2018:01:21:33 -0400] "GET /1999/cfp.txt HTTP/1.1" 200 3231 "-" "crawler4j (https://github.com/yasserg/crawler4j/)"
158.69.241.227 - - [06/May/2018:01:21:33 -0400] "GET /papers/1993/?C=S%3BO%3DA HTTP/1.1" 200 1173 "-" "crawler4j (https://github.com/yasserg/crawler4j/)"
158.69.241.227 - - [06/May/2018:01:21:34 -0400] "GET /papers/1993/?C=M%3BO%3DA HTTP/1.1" 200 1173 "-" "crawler4j (https://github.com/yasserg/crawler4j/)"
158.69.241.227 - - [06/May/2018:01:21:34 -0400] "GET /papers/1993/?C=N%3BO%3DD HTTP/1.1" 200 1173 "-" "crawler4j (https://github.com/yasserg/crawler4j/)"
158.69.241.227 - - [06/May/2018:01:21:34 -0400] "GET /papers/1993/?C=D%3BO%3DA HTTP/1.1" 200 1173 "-" "crawler4j (https://github.com/yasserg/crawler4j/)"
158.69.241.227 - - [06/May/2018:01:21:34 -0400] "GET /2001/1999 HTTP/1.1" 404 4666 "-" "crawler4j (https://github.com/yasserg/crawler4j/)"
158.69.241.227 - - [06/May/2018:01:21:34 -0400] "GET /2001/1999/photos.html HTTP/1.1" 404 4698 "-" "crawler4j (https://github.com/yasserg/crawler4j/)"
158.69.241.227 - - [06/May/2018:01:21:34 -0400] "GET /2001/2000 HTTP/1.1" 404 4666 "-" "crawler4j (https://github.com/yasserg/crawler4j/)"
158.69.241.227 - - [06/May/2018:01:21:34 -0400] "GET /2001/program_print.html HTTP/1.1" 200 885 "-" "crawler4j (https://github.com/yasserg/crawler4j/)"
158.69.241.227 - - [06/May/2018:01:21:34 -0400] "GET /node/63 HTTP/1.1" 200 3327 "-" "crawler4j (https://github.com/yasserg/crawler4j/)"
58.78.184.83 - - [06/May/2018:01:23:10 -0400] "GET /wp-login.php HTTP/1.1" 404 7491 "-" "Mozilla/5.0 (Windows NT 6.1; WOW64; rv:40.0) Gecko/20100101 Firefox/40.1"
58.78.184.83 - - [06/May/2018:01:23:11 -0400] "GET / HTTP/1.1" 200 8218 "-" "Mozilla/5.0 (Windows NT 6.1; WOW64; rv:40.0) Gecko/20100101 Firefox/40.1"
69.162.124.227 - - [06/May/2018:01:25:04 -0400] "HEAD / HTTP/1.1" 200 3874 "http://nspw.org/" "Mozilla/5.0+(compatible; UptimeRobot/2.0; http://www.uptimerobot.com/)"
103.69.21.164 - - [06/May/2018:01:26:00 -0400] "GET /wp-login.php HTTP/1.1" 404 7484 "-" "Mozilla/5.0 (Windows NT 6.1; WOW64; rv:40.0) Gecko/20100101 Firefox/40.1"
103.69.21.164 - - [06/May/2018:01:26:02 -0400] "GET / HTTP/1.1" 200 8218 "-" "Mozilla/5.0 (Windows NT 6.1; WOW64; rv:40.0) Gecko/20100101 Firefox/40.1"
66.249.64.217 - - [06/May/2018:01:27:56 -0400] "GET /2016/accepted HTTP/1.1" 200 6924 "-" "Mozilla/5.0 (Linux; Android 6.0.1; Nexus 5X Build/MMB29P) AppleWebKit/537.36 (KHTML, like Gecko) Chrome/41.0.2272.96 Mobile Safari/537.36 (compatible; Googlebot/2.1; +http://www.google.com/bot.html)"
69.162.124.227 - - [06/May/2018:01:30:04 -0400] "HEAD / HTTP/1.1" 200 3874 "http://nspw.org/" "Mozilla/5.0+(compatible; UptimeRobot/2.0; http://www.uptimerobot.com/)"
77.88.47.40 - - [06/May/2018:01:32:50 -0400] "GET /2009/proceedings/2007/nspw2007-somayaji.pdf HTTP/1.1" 200 179863 "-" "Mozilla/5.0 (compatible; YandexBot/3.0; +http://yandex.com/bots)"
112.207.104.209 - - [06/May/2018:01:34:12 -0400] "GET /wp-login.php HTTP/1.1" 404 7985 "-" "Mozilla/5.0 (Windows NT 6.1; WOW64; rv:40.0) Gecko/20100101 Firefox/40.1"
112.207.104.209 - - [06/May/2018:01:34:12 -0400] "GET / HTTP/1.1" 200 8206 "-" "Mozilla/5.0 (Windows NT 6.1; WOW64; rv:40.0) Gecko/20100101 Firefox/40.1"
69.162.124.227 - - [06/May/2018:01:35:04 -0400] "HEAD / HTTP/1.1" 200 3874 "http://nspw.org/" "Mozilla/5.0+(compatible; UptimeRobot/2.0; http://www.uptimerobot.com/)"
216.244.66.236 - - [06/May/2018:01:35:43 -0400] "GET /robots.txt HTTP/1.1" 200 5796 "-" "Mozilla/5.0 (compatible; DotBot/1.1; http://www.opensiteexplorer.org/dotbot, help@moz.com)"
77.88.47.40 - - [06/May/2018:01:37:07 -0400] "GET /papers/2012/docs/welcome1.pdf HTTP/1.1" 200 90333 "-" "Mozilla/5.0 (compatible; YandexBot/3.0; +http://yandex.com/bots)"
77.75.77.11 - - [06/May/2018:01:38:20 -0400] "GET /robots.txt HTTP/1.1" 200 4601 "-" "Mozilla/5.0 (compatible; SeznamBot/3.2; +http://napoveda.seznam.cz/en/seznambot-intro/)"
77.75.77.11 - - [06/May/2018:01:38:31 -0400] "GET /2011/submissions HTTP/1.1" 200 7099 "-" "Mozilla/5.0 (compatible; SeznamBot/3.2; +http://napoveda.seznam.cz/en/seznambot-intro/)"
77.75.77.11 - - [06/May/2018:01:38:42 -0400] "GET /2009/panel.html HTTP/1.1" 200 4245 "-" "Mozilla/5.0 (compatible; SeznamBot/3.2; +http://napoveda.seznam.cz/en/seznambot-intro/)"
77.75.77.11 - - [06/May/2018:01:38:52 -0400] "GET /2003/pc.content HTTP/1.1" 200 5777 "-" "Mozilla/5.0 (compatible; SeznamBot/3.2; +http://napoveda.seznam.cz/en/seznambot-intro/)"
77.75.77.11 - - [06/May/2018:01:39:03 -0400] "GET /2014/program HTTP/1.1" 200 7993 "-" "Mozilla/5.0 (compatible; SeznamBot/3.2; +http://napoveda.seznam.cz/en/seznambot-intro/)"
77.75.77.11 - - [06/May/2018:01:39:13 -0400] "GET /2010/local HTTP/1.1" 200 9990 "-" "Mozilla/5.0 (compatible; SeznamBot/3.2; +http://napoveda.seznam.cz/en/seznambot-intro/)"
69.162.124.227 - - [06/May/2018:01:40:04 -0400] "HEAD / HTTP/1.1" 200 3874 "http://nspw.org/" "Mozilla/5.0+(compatible; UptimeRobot/2.0; http://www.uptimerobot.com/)"
66.249.64.215 - - [06/May/2018:01:41:15 -0400] "GET /2017 HTTP/1.1" 200 7050 "-" "Mozilla/5.0 (compatible; Googlebot/2.1; +http://www.google.com/bot.html)"
69.162.124.227 - - [06/May/2018:01:45:04 -0400] "HEAD / HTTP/1.1" 200 3874 "http://nspw.org/" "Mozilla/5.0+(compatible; UptimeRobot/2.0; http://www.uptimerobot.com/)"
194.187.170.113 - - [06/May/2018:01:46:28 -0400] "GET /2012/dates HTTP/1.1" 200 6976 "-" "Mozilla/5.0 (compatible; Qwantify/2.4w; +https://www.qwant.com/)/2.4w"
66.249.64.217 - - [06/May/2018:01:46:31 -0400] "GET /2009/proceedings/1999/nspw1999-michael.pdf HTTP/1.1" 200 596849 "-" "Googlebot/2.1 (+http://www.google.com/bot.html)"
157.55.39.195 - - [06/May/2018:01:47:43 -0400] "GET /2018 HTTP/1.1" 200 7378 "-" "Mozilla/5.0 (compatible; bingbot/2.0; +http://www.bing.com/bingbot.htm)"
66.249.64.219 - - [06/May/2018:01:49:13 -0400] "GET /proceedings/2006/nspw2006-locasto.pdf HTTP/1.1" 404 8087 "-" "Googlebot/2.1 (+http://www.google.com/bot.html)"
157.55.39.195 - - [06/May/2018:01:50:11 -0400] "GET /2017 HTTP/1.1" 200 7525 "-" "Mozilla/5.0 (iPhone; CPU iPhone OS 7_0 like Mac OS X) AppleWebKit/537.51.1 (KHTML, like Gecko) Version/7.0 Mobile/11A465 Safari/9537.53 (compatible; bingbot/2.0; +http://www.bing.com/bingbot.htm)"
69.162.124.227 - - [06/May/2018:01:50:15 -0400] "HEAD / HTTP/1.1" 200 3874 "http://nspw.org/" "Mozilla/5.0+(compatible; UptimeRobot/2.0; http://www.uptimerobot.com/)"
66.249.64.217 - - [06/May/2018:01:54:35 -0400] "GET / HTTP/1.1" 200 6606 "-" "Mozilla/5.0 (Linux; Android 6.0.1; Nexus 5X Build/MMB29P) AppleWebKit/537.36 (KHTML, like Gecko) Chrome/41.0.2272.96 Mobile Safari/537.36 (compatible; Googlebot/2.1; +http://www.google.com/bot.html)"
207.46.13.136 - - [06/May/2018:01:54:54 -0400] "GET /past HTTP/1.1" 200 6865 "-" "Mozilla/5.0 (compatible; bingbot/2.0; +http://www.bing.com/bingbot.htm)"
69.162.124.227 - - [06/May/2018:01:55:15 -0400] "HEAD / HTTP/1.1" 200 3874 "http://nspw.org/" "Mozilla/5.0+(compatible; UptimeRobot/2.0; http://www.uptimerobot.com/)"
194.187.170.113 - - [06/May/2018:01:56:20 -0400] "GET /papers/2013/?C=N;O=A HTTP/1.1" 200 4678 "-" "Mozilla/5.0 (compatible; Qwantify/2.4w; +https://www.qwant.com/)/2.4w"
77.44.210.26 - - [06/May/2018:01:57:17 -0400] "GET /wp-login.php HTTP/1.1" 404 7491 "-" "Mozilla/5.0 (Windows NT 6.1; WOW64; rv:40.0) Gecko/20100101 Firefox/40.1"
77.44.210.26 - - [06/May/2018:01:57:18 -0400] "GET / HTTP/1.1" 200 8218 "-" "Mozilla/5.0 (Windows NT 6.1; WOW64; rv:40.0) Gecko/20100101 Firefox/40.1"
216.244.66.236 - - [06/May/2018:01:58:44 -0400] "GET /robots.txt HTTP/1.1" 200 5796 "-" "Mozilla/5.0 (compatible; DotBot/1.1; http://www.opensiteexplorer.org/dotbot, help@moz.com)"
69.162.124.227 - - [06/May/2018:02:00:15 -0400] "HEAD / HTTP/1.1" 200 3874 "http://nspw.org/" "Mozilla/5.0+(compatible; UptimeRobot/2.0; http://www.uptimerobot.com/)"
77.88.47.40 - - [06/May/2018:02:03:10 -0400] "GET /2005/cfp/latex/ieee.clo HTTP/1.1" 200 13278 "-" "Mozilla/5.0 (compatible; YandexBot/3.0; +http://yandex.com/bots)"
77.88.47.40 - - [06/May/2018:02:04:12 -0400] "GET /robots.txt HTTP/1.1" 200 5979 "-" "Mozilla/5.0 (compatible; YandexBot/3.0; +http://yandex.com/bots)"
77.88.47.40 - - [06/May/2018:02:04:16 -0400] "GET /2007/local.shtml HTTP/1.1" 200 2782 "-" "Mozilla/5.0 (compatible; YandexBot/3.0; +http://yandex.com/bots)"
156.223.65.105 - - [06/May/2018:02:04:18 -0400] "GET /wp-login.php HTTP/1.1" 404 7839 "-" "Mozilla/5.0 (Windows NT 6.1; WOW64; rv:40.0) Gecko/20100101 Firefox/40.1"
77.88.47.40 - - [06/May/2018:02:04:19 -0400] "GET /2002/papers.shtml HTTP/1.1" 200 2243 "-" "Mozilla/5.0 (compatible; YandexBot/3.0; +http://yandex.com/bots)"
156.223.65.105 - - [06/May/2018:02:04:19 -0400] "GET / HTTP/1.1" 200 8218 "-" "Mozilla/5.0 (Windows NT 6.1; WOW64; rv:40.0) Gecko/20100101 Firefox/40.1"
194.187.170.113 - - [06/May/2018:02:04:45 -0400] "GET /2012/papers HTTP/1.1" 200 7392 "-" "Mozilla/5.0 (compatible; Qwantify/2.4w; +https://www.qwant.com/)/2.4w"
77.75.76.164 - - [06/May/2018:02:04:57 -0400] "GET /robots.txt HTTP/1.1" 200 4601 "-" "Mozilla/5.0 (compatible; SeznamBot/3.2; +http://napoveda.seznam.cz/en/seznambot-intro/)"
42.112.89.120 - - [06/May/2018:02:05:04 -0400] "GET /wp-login.php HTTP/1.1" 404 7484 "-" "Mozilla/5.0 (Windows NT 6.1; WOW64; rv:40.0) Gecko/20100101 Firefox/40.1"
42.112.89.120 - - [06/May/2018:02:05:06 -0400] "GET / HTTP/1.1" 200 8218 "-" "Mozilla/5.0 (Windows NT 6.1; WOW64; rv:40.0) Gecko/20100101 Firefox/40.1"
77.75.76.164 - - [06/May/2018:02:05:08 -0400] "GET /2009/submission.content HTTP/1.1" 200 4503 "-" "Mozilla/5.0 (compatible; SeznamBot/3.2; +http://napoveda.seznam.cz/en/seznambot-intro/)"
77.75.76.164 - - [06/May/2018:02:05:18 -0400] "GET /proceedings/2007 HTTP/1.1" 200 6937 "-" "Mozilla/5.0 (compatible; SeznamBot/3.2; +http://napoveda.seznam.cz/en/seznambot-intro/)"
77.75.76.164 - - [06/May/2018:02:05:29 -0400] "GET /2009/stats.txt HTTP/1.1" 200 4158 "-" "Mozilla/5.0 (compatible; SeznamBot/3.2; +http://napoveda.seznam.cz/en/seznambot-intro/)"
77.75.76.164 - - [06/May/2018:02:05:40 -0400] "GET /2016/accepted HTTP/1.1" 200 7022 "-" "Mozilla/5.0 (compatible; SeznamBot/3.2; +http://napoveda.seznam.cz/en/seznambot-intro/)"
77.75.76.164 - - [06/May/2018:02:05:51 -0400] "GET /2016/dates HTTP/1.1" 200 6481 "-" "Mozilla/5.0 (compatible; SeznamBot/3.2; +http://napoveda.seznam.cz/en/seznambot-intro/)"
194.187.170.113 - - [06/May/2018:02:05:55 -0400] "GET /2008/oldindex.html HTTP/1.1" 200 1962 "-" "Mozilla/5.0 (compatible; Qwantify/2.4w; +https://www.qwant.com/)/2.4w"
150.242.207.216 - - [06/May/2018:02:06:11 -0400] "GET /wp-login.php HTTP/1.1" 404 7484 "-" "Mozilla/5.0 (Windows NT 6.1; WOW64; rv:40.0) Gecko/20100101 Firefox/40.1"
150.242.207.216 - - [06/May/2018:02:06:13 -0400] "GET / HTTP/1.1" 200 8218 "-" "Mozilla/5.0 (Windows NT 6.1; WOW64; rv:40.0) Gecko/20100101 Firefox/40.1"
121.85.88.113 - - [06/May/2018:02:06:48 -0400] "GET /wp-login.php HTTP/1.1" 404 7839 "-" "Mozilla/5.0 (Windows NT 6.1; WOW64; rv:40.0) Gecko/20100101 Firefox/40.1"
121.85.88.113 - - [06/May/2018:02:06:50 -0400] "GET / HTTP/1.1" 200 8218 "-" "Mozilla/5.0 (Windows NT 6.1; WOW64; rv:40.0) Gecko/20100101 Firefox/40.1"
66.249.64.219 - - [06/May/2018:02:07:55 -0400] "GET /2018/dates HTTP/1.1" 200 6271 "-" "Mozilla/5.0 (compatible; Googlebot/2.1; +http://www.google.com/bot.html)"
69.162.124.227 - - [06/May/2018:02:08:27 -0400] "HEAD / HTTP/1.1" 200 3874 "http://nspw.org/" "Mozilla/5.0+(compatible; UptimeRobot/2.0; http://www.uptimerobot.com/)"
194.187.170.113 - - [06/May/2018:02:08:36 -0400] "GET /papers/2007/?C=N;O=A HTTP/1.1" 200 1114 "-" "Mozilla/5.0 (compatible; Qwantify/2.4w; +https://www.qwant.com/)/2.4w"
194.187.170.113 - - [06/May/2018:02:10:52 -0400] "GET /2008/local.content.2008 HTTP/1.1" 200 6459 "-" "Mozilla/5.0 (compatible; Qwantify/2.4w; +https://www.qwant.com/)/2.4w"
194.187.170.113 - - [06/May/2018:02:11:40 -0400] "GET /papers/2010/?C=N;O=D HTTP/1.1" 200 1114 "-" "Mozilla/5.0 (compatible; Qwantify/2.4w; +https://www.qwant.com/)/2.4w"
69.162.124.227 - - [06/May/2018:02:13:27 -0400] "HEAD / HTTP/1.1" 200 3874 "http://nspw.org/" "Mozilla/5.0+(compatible; UptimeRobot/2.0; http://www.uptimerobot.com/)"
199.16.157.183 - - [06/May/2018:02:13:37 -0400] "GET /robots.txt HTTP/1.1" 200 5699 "-" "Twitterbot/1.0"
194.187.170.113 - - [06/May/2018:02:14:08 -0400] "GET /papers/1998/?C=D;O=D HTTP/1.1" 200 1114 "-" "Mozilla/5.0 (compatible; Qwantify/2.4w; +https://www.qwant.com/)/2.4w"
194.187.170.113 - - [06/May/2018:02:16:57 -0400] "GET /2008/pc.content HTTP/1.1" 200 8299 "-" "Mozilla/5.0 (compatible; Qwantify/2.4w; +https://www.qwant.com/)/2.4w"
69.162.124.227 - - [06/May/2018:02:18:27 -0400] "HEAD / HTTP/1.1" 200 3874 "http://nspw.org/" "Mozilla/5.0+(compatible; UptimeRobot/2.0; http://www.uptimerobot.com/)"
117.213.55.193 - - [06/May/2018:02:18:29 -0400] "GET /wp-login.php HTTP/1.1" 404 7985 "-" "Mozilla/5.0 (Windows NT 6.1; WOW64; rv:40.0) Gecko/20100101 Firefox/40.1"
117.213.55.193 - - [06/May/2018:02:18:31 -0400] "GET / HTTP/1.1" 200 8206 "-" "Mozilla/5.0 (Windows NT 6.1; WOW64; rv:40.0) Gecko/20100101 Firefox/40.1"
77.88.47.40 - - [06/May/2018:02:18:36 -0400] "GET /2013/cfp HTTP/1.1" 200 8825 "-" "Mozilla/5.0 (compatible; YandexBot/3.0; +http://yandex.com/bots)"
222.131.147.41 - - [06/May/2018:02:19:17 -0400] "GET /favicon.ico HTTP/1.1" 404 4109 "-" "Mozilla/5.0 (Windows NT 10.0; WOW64) AppleWebKit/537.36 (KHTML, like Gecko) Chrome/55.0.2883.87 Safari/537.36"
64.62.252.169 - - [06/May/2018:02:20:19 -0400] "GET /robots.txt HTTP/1.1" 200 4444 "-" "The Knowledge AI"
66.249.64.217 - - [06/May/2018:02:21:15 -0400] "GET /papers/2001/nspw2001-blakley.pdf HTTP/1.1" 304 3605 "-" "Mozilla/5.0 (compatible; Googlebot/2.1; +http://www.google.com/bot.html)"
176.88.69.116 - - [06/May/2018:02:22:11 -0400] "GET /wp-login.php HTTP/1.1" 404 7491 "-" "Mozilla/5.0 (Windows NT 6.1; WOW64; rv:40.0) Gecko/20100101 Firefox/40.1"
176.88.69.116 - - [06/May/2018:02:22:12 -0400] "GET / HTTP/1.1" 200 8218 "-" "Mozilla/5.0 (Windows NT 6.1; WOW64; rv:40.0) Gecko/20100101 Firefox/40.1"
69.162.124.227 - - [06/May/2018:02:23:27 -0400] "HEAD / HTTP/1.1" 200 3874 "http://nspw.org/" "Mozilla/5.0+(compatible; UptimeRobot/2.0; http://www.uptimerobot.com/)"
83.110.77.44 - - [06/May/2018:02:23:45 -0400] "GET /wp-login.php HTTP/1.1" 404 7985 "-" "Mozilla/5.0 (Windows NT 6.1; WOW64; rv:40.0) Gecko/20100101 Firefox/40.1"
83.110.77.44 - - [06/May/2018:02:23:48 -0400] "GET / HTTP/1.1" 200 8206 "-" "Mozilla/5.0 (Windows NT 6.1; WOW64; rv:40.0) Gecko/20100101 Firefox/40.1"
194.187.170.113 - - [06/May/2018:02:26:54 -0400] "GET /2014/sponsors HTTP/1.1" 200 6736 "-" "Mozilla/5.0 (compatible; Qwantify/2.4w; +https://www.qwant.com/)/2.4w"
66.249.64.17 - - [06/May/2018:02:27:17 -0400] "GET /robots.txt HTTP/1.1" 200 4504 "-" "Mozilla/5.0 (compatible; Googlebot/2.1; +http://www.google.com/bot.html)"
66.249.64.17 - - [06/May/2018:02:27:17 -0400] "GET /2015/location HTTP/1.1" 200 3877 "-" "Mozilla/5.0 (compatible; Googlebot/2.1; +http://www.google.com/bot.html)"
69.162.124.227 - - [06/May/2018:02:28:27 -0400] "HEAD / HTTP/1.1" 200 3874 "http://nspw.org/" "Mozilla/5.0+(compatible; UptimeRobot/2.0; http://www.uptimerobot.com/)"
34.217.106.253 - - [06/May/2018:02:28:45 -0400] "GET /2006/ HTTP/1.1" 200 5292 "-" "Mozilla/5.0 (Macintosh; PPC Mac OS X 10.9; rv:49.0) Gecko/20100101 Firefox/49.0"
66.249.64.215 - - [06/May/2018:02:29:03 -0400] "GET /2009/proceedings/2013-pre/booby-trap.pdf HTTP/1.1" 404 8095 "-" "Googlebot/2.1 (+http://www.google.com/bot.html)"
110.138.46.25 - - [06/May/2018:02:29:33 -0400] "GET /wp-login.php HTTP/1.1" 404 7985 "-" "Mozilla/5.0 (Windows NT 6.1; WOW64; rv:40.0) Gecko/20100101 Firefox/40.1"
110.138.46.25 - - [06/May/2018:02:29:35 -0400] "GET / HTTP/1.1" 200 8206 "-" "Mozilla/5.0 (Windows NT 6.1; WOW64; rv:40.0) Gecko/20100101 Firefox/40.1"
114.244.128.173 - - [06/May/2018:02:29:43 -0400] "GET /favicon.ico HTTP/1.1" 404 4142 "-" "Mozilla/5.0 (Windows NT 6.1; WOW64) AppleWebKit/537.36 (KHTML, like Gecko) Chrome/49.0.2623.75 Safari/537.36 LBBROWSER"
194.187.170.113 - - [06/May/2018:02:30:08 -0400] "GET /papers/1994/?C=S;O=D HTTP/1.1" 200 1130 "-" "Mozilla/5.0 (compatible; Qwantify/2.4w; +https://www.qwant.com/)/2.4w"
66.249.64.219 - - [06/May/2018:02:30:23 -0400] "GET /2009/proceedings/2002/nspw2002-blakley.pdf HTTP/1.1" 200 238060 "-" "Googlebot/2.1 (+http://www.google.com/bot.html)"
69.162.124.227 - - [06/May/2018:02:33:27 -0400] "HEAD / HTTP/1.1" 200 3874 "http://nspw.org/" "Mozilla/5.0+(compatible; UptimeRobot/2.0; http://www.uptimerobot.com/)"
66.249.64.217 - - [06/May/2018:02:34:36 -0400] "GET /papers/2009/nspw2009-herley.pdf HTTP/1.1" 200 189194 "-" "Mozilla/5.0 (compatible; Googlebot/2.1; +http://www.google.com/bot.html)"
123.125.71.113 - - [06/May/2018:02:35:48 -0400] "GET /2013/cfp HTTP/1.1" 200 17935 "-" "Mozilla/5.0 (compatible; Baiduspider/2.0; +http://www.baidu.com/search/spider.html)"
194.187.170.113 - - [06/May/2018:02:35:56 -0400] "GET /2008/cfp.content.2007 HTTP/1.1" 200 12379 "-" "Mozilla/5.0 (compatible; Qwantify/2.4w; +https://www.qwant.com/)/2.4w"
178.135.88.77 - - [06/May/2018:02:37:40 -0400] "GET /wp-login.php HTTP/1.1" 404 8176 "-" "Mozilla/5.0 (Windows NT 6.1; WOW64; rv:40.0) Gecko/20100101 Firefox/40.1"
178.135.88.77 - - [06/May/2018:02:37:41 -0400] "GET / HTTP/1.1" 200 8298 "-" "Mozilla/5.0 (Windows NT 6.1; WOW64; rv:40.0) Gecko/20100101 Firefox/40.1"
69.162.124.227 - - [06/May/2018:02:38:27 -0400] "HEAD / HTTP/1.1" 200 3874 "http://nspw.org/" "Mozilla/5.0+(compatible; UptimeRobot/2.0; http://www.uptimerobot.com/)"
66.249.64.215 - - [06/May/2018:02:43:07 -0400] "GET /current/local.shtml HTTP/1.1" 404 8012 "-" "Mozilla/5.0 (compatible; Googlebot/2.1; +http://www.google.com/bot.html)"
69.162.124.227 - - [06/May/2018:02:43:27 -0400] "HEAD / HTTP/1.1" 200 3874 "http://nspw.org/" "Mozilla/5.0+(compatible; UptimeRobot/2.0; http://www.uptimerobot.com/)"
36.73.58.232 - - [06/May/2018:02:44:20 -0400] "GET /wp-login.php HTTP/1.1" 404 7839 "-" "Mozilla/5.0 (Windows NT 6.1; WOW64; rv:40.0) Gecko/20100101 Firefox/40.1"
36.73.58.232 - - [06/May/2018:02:44:24 -0400] "GET / HTTP/1.1" 200 8218 "-" "Mozilla/5.0 (Windows NT 6.1; WOW64; rv:40.0) Gecko/20100101 Firefox/40.1"
216.244.66.200 - - [06/May/2018:02:44:24 -0400] "GET /robots.txt HTTP/1.1" 200 5796 "-" "Mozilla/5.0 (compatible; DotBot/1.1; http://www.opensiteexplorer.org/dotbot, help@moz.com)"
66.249.64.215 - - [06/May/2018:02:47:49 -0400] "GET /2005/pre-proceedings/michael_locasto.pdf HTTP/1.1" 404 8073 "-" "Googlebot/2.1 (+http://www.google.com/bot.html)"
66.249.64.215 - - [06/May/2018:02:47:56 -0400] "GET /papers/1999/nspw1999-henning.pdf HTTP/1.1" 200 666930 "-" "Mozilla/5.0 (compatible; Googlebot/2.1; +http://www.google.com/bot.html)"
216.244.66.247 - - [06/May/2018:02:48:12 -0400] "GET /robots.txt HTTP/1.1" 200 5796 "-" "Mozilla/5.0 (compatible; DotBot/1.1; http://www.opensiteexplorer.org/dotbot, help@moz.com)"
69.162.124.227 - - [06/May/2018:02:48:27 -0400] "HEAD / HTTP/1.1" 200 3874 "http://nspw.org/" "Mozilla/5.0+(compatible; UptimeRobot/2.0; http://www.uptimerobot.com/)"
5.196.87.138 - - [06/May/2018:02:50:10 -0400] "GET /robots.txt HTTP/1.1" 200 4297 "-" "Mozilla/5.0 (compatible; AhrefsBot/5.2; +http://ahrefs.com/robot/)"
199.30.24.200 - - [06/May/2018:02:51:21 -0400] "GET /themes/garland/style.css?p7r9uw HTTP/1.1" 200 8610 "https://www.nspw.org/2017" "Mozilla/5.0 (iPhone; CPU iPhone OS 7_0 like Mac OS X) AppleWebKit/537.51.1 (KHTML, like Gecko) Version/7.0 Mobile/11A465 Safari/9537.53 BingPreview/1.0b"
69.162.124.227 - - [06/May/2018:02:53:27 -0400] "HEAD / HTTP/1.1" 200 3874 "http://nspw.org/" "Mozilla/5.0+(compatible; UptimeRobot/2.0; http://www.uptimerobot.com/)"
207.46.13.136 - - [06/May/2018:02:53:19 -0400] "GET /papers/2010/nspw2010-lilien.pdf HTTP/1.1" 200 741118 "-" "Mozilla/5.0 (iPhone; CPU iPhone OS 7_0 like Mac OS X) AppleWebKit/537.51.1 (KHTML, like Gecko) Version/7.0 Mobile/11A465 Safari/9537.53 (compatible; bingbot/2.0; +http://www.bing.com/bingbot.htm)"
66.249.64.215 - - [06/May/2018:02:54:52 -0400] "GET /2009/proceedings/1993/nspw1993-lapadula-2.pdf HTTP/1.1" 200 611628 "-" "Googlebot/2.1 (+http://www.google.com/bot.html)"
66.249.64.217 - - [06/May/2018:02:55:00 -0400] "GET /papers/2002/nspw2002-ahamad.pdf HTTP/1.1" 200 923862 "-" "Googlebot/2.1 (+http://www.google.com/bot.html)"
77.88.47.40 - - [06/May/2018:02:49:41 -0400] "GET /papers/2010/nspw2010-sun.pdf HTTP/1.1" 200 3146126 "-" "Mozilla/5.0 (compatible; YandexBot/3.0; +http://yandex.com/bots)"
69.162.124.227 - - [06/May/2018:02:58:27 -0400] "HEAD / HTTP/1.1" 200 3874 "http://nspw.org/" "Mozilla/5.0+(compatible; UptimeRobot/2.0; http://www.uptimerobot.com/)"
5.255.250.67 - - [06/May/2018:02:52:11 -0400] "GET /papers/2010/nspw2010-sun.pdf HTTP/1.1" 200 2185700 "-" "Mozilla/5.0 (compatible; YandexBot/3.0; +http://yandex.com/bots)"
66.249.64.217 - - [06/May/2018:03:00:24 -0400] "GET /papers/2009/nspw2009-peisert.pdf HTTP/1.1" 200 1015621 "-" "Googlebot/2.1 (+http://www.google.com/bot.html)"
66.249.64.215 - - [06/May/2018:03:01:15 -0400] "GET /2018 HTTP/1.1" 200 6904 "-" "Mozilla/5.0 (compatible; Googlebot/2.1; +http://www.google.com/bot.html)"
77.88.47.40 - - [06/May/2018:03:01:31 -0400] "GET /2016/sponsors HTTP/1.1" 200 6334 "-" "Mozilla/5.0 (compatible; YandexBot/3.0; +http://yandex.com/bots)"
103.247.48.124 - - [06/May/2018:03:01:42 -0400] "GET /wp-login.php HTTP/1.1" 404 7491 "-" "Mozilla/5.0 (Windows NT 6.1; WOW64; rv:40.0) Gecko/20100101 Firefox/40.1"
103.247.48.124 - - [06/May/2018:03:01:43 -0400] "GET / HTTP/1.1" 200 8218 "-" "Mozilla/5.0 (Windows NT 6.1; WOW64; rv:40.0) Gecko/20100101 Firefox/40.1"
111.119.227.86 - - [06/May/2018:03:02:01 -0400] "GET /wp-login.php HTTP/1.1" 404 7839 "-" "Mozilla/5.0 (Windows NT 6.1; WOW64; rv:40.0) Gecko/20100101 Firefox/40.1"
111.119.227.86 - - [06/May/2018:03:02:03 -0400] "GET / HTTP/1.1" 200 8218 "-" "Mozilla/5.0 (Windows NT 6.1; WOW64; rv:40.0) Gecko/20100101 Firefox/40.1"
93.158.161.149 - - [06/May/2018:02:54:42 -0400] "GET /papers/2010/nspw2010-sun.pdf HTTP/1.1" 200 2750492 "-" "Mozilla/5.0 (compatible; YandexBot/3.0; +http://yandex.com/bots)"
77.88.47.40 - - [06/May/2018:03:02:34 -0400] "GET /2007/oc.shtml HTTP/1.1" 200 5394 "-" "Mozilla/5.0 (compatible; YandexBot/3.0; +http://yandex.com/bots)"
69.162.124.227 - - [06/May/2018:03:03:27 -0400] "HEAD / HTTP/1.1" 200 3874 "http://nspw.org/" "Mozilla/5.0+(compatible; UptimeRobot/2.0; http://www.uptimerobot.com/)"
66.160.140.182 - - [06/May/2018:03:04:04 -0400] "GET /robots.txt HTTP/1.1" 200 4444 "-" "The Knowledge AI"
77.75.78.160 - - [06/May/2018:03:04:29 -0400] "GET /robots.txt HTTP/1.1" 200 4601 "-" "Mozilla/5.0 (compatible; SeznamBot/3.2; +http://napoveda.seznam.cz/en/seznambot-intro/)"
66.249.64.217 - - [06/May/2018:03:04:31 -0400] "GET /2009/proceedings/2005/nspw2005-bishop-pos.pdf HTTP/1.1" 200 609280 "-" "Googlebot/2.1 (+http://www.google.com/bot.html)"
77.75.78.160 - - [06/May/2018:03:04:40 -0400] "GET /sites/default/files/sponsors/nsf1.gif HTTP/1.1" 200 16220 "-" "Mozilla/5.0 (compatible; SeznamBot/3.2; +http://napoveda.seznam.cz/en/seznambot-intro/)"
77.75.78.160 - - [06/May/2018:03:04:50 -0400] "GET /2006/pc.contentQQ HTTP/1.1" 200 4824 "-" "Mozilla/5.0 (compatible; SeznamBot/3.2; +http://napoveda.seznam.cz/en/seznambot-intro/)"
77.75.78.160 - - [06/May/2018:03:05:01 -0400] "GET /2000/oc.html HTTP/1.1" 200 5407 "-" "Mozilla/5.0 (compatible; SeznamBot/3.2; +http://napoveda.seznam.cz/en/seznambot-intro/)"
77.75.78.160 - - [06/May/2018:03:05:11 -0400] "GET /2012/dates HTTP/1.1" 200 6681 "-" "Mozilla/5.0 (compatible; SeznamBot/3.2; +http://napoveda.seznam.cz/en/seznambot-intro/)"
77.75.78.160 - - [06/May/2018:03:05:22 -0400] "GET /2010/pc HTTP/1.1" 200 6722 "-" "Mozilla/5.0 (compatible; SeznamBot/3.2; +http://napoveda.seznam.cz/en/seznambot-intro/)"
106.208.235.58 - - [06/May/2018:03:06:53 -0400] "GET /wp-login.php HTTP/1.1" 404 8018 "-" "Mozilla/5.0 (Windows NT 6.1; WOW64; rv:40.0) Gecko/20100101 Firefox/40.1"
106.208.235.58 - - [06/May/2018:03:06:54 -0400] "GET / HTTP/1.1" 200 8206 "-" "Mozilla/5.0 (Windows NT 6.1; WOW64; rv:40.0) Gecko/20100101 Firefox/40.1"
14.139.123.36 - - [06/May/2018:03:07:03 -0400] "GET /wp-login.php HTTP/1.1" 404 7985 "-" "Mozilla/5.0 (Windows NT 6.1; WOW64; rv:40.0) Gecko/20100101 Firefox/40.1"
14.139.123.36 - - [06/May/2018:03:07:03 -0400] "GET / HTTP/1.1" 200 8206 "-" "Mozilla/5.0 (Windows NT 6.1; WOW64; rv:40.0) Gecko/20100101 Firefox/40.1"
69.162.124.227 - - [06/May/2018:03:08:27 -0400] "HEAD / HTTP/1.1" 200 3874 "http://nspw.org/" "Mozilla/5.0+(compatible; UptimeRobot/2.0; http://www.uptimerobot.com/)"
109.122.99.174 - - [06/May/2018:03:08:46 -0400] "GET /wp-login.php HTTP/1.1" 404 7839 "-" "Mozilla/5.0 (Windows NT 6.1; WOW64; rv:40.0) Gecko/20100101 Firefox/40.1"
109.122.99.174 - - [06/May/2018:03:08:46 -0400] "GET / HTTP/1.1" 200 8218 "-" "Mozilla/5.0 (Windows NT 6.1; WOW64; rv:40.0) Gecko/20100101 Firefox/40.1"
66.249.64.215 - - [06/May/2018:03:09:46 -0400] "GET /2009/proceedings/2013-pre/soap.pdf HTTP/1.1" 404 8083 "-" "Googlebot/2.1 (+http://www.google.com/bot.html)"
66.249.64.215 - - [06/May/2018:03:11:07 -0400] "GET /papers/1993/nspw1993-hosmer-2.pdf HTTP/1.1" 200 1353313 "-" "Googlebot/2.1 (+http://www.google.com/bot.html)"
77.88.47.40 - - [06/May/2018:03:04:43 -0400] "GET /papers/2012/docs/p127.pdf HTTP/1.1" 200 3053858 "-" "Mozilla/5.0 (compatible; YandexBot/3.0; +http://yandex.com/bots)"
66.249.64.215 - - [06/May/2018:03:12:32 -0400] "GET /papers/1997/nspw1997-moskowitz.pdf HTTP/1.1" 200 1361656 "-" "Googlebot/2.1 (+http://www.google.com/bot.html)"
180.76.15.140 - - [06/May/2018:03:13:00 -0400] "GET /papers/2003/nspw2003-jones.pdf HTTP/1.1" 200 723278 "-" "Mozilla/5.0 (compatible; Baiduspider/2.0; +http://www.baidu.com/search/spider.html)"
69.162.124.227 - - [06/May/2018:03:13:27 -0400] "HEAD / HTTP/1.1" 200 3874 "http://nspw.org/" "Mozilla/5.0+(compatible; UptimeRobot/2.0; http://www.uptimerobot.com/)"
66.249.64.217 - - [06/May/2018:03:14:35 -0400] "GET /papers/2008/nspw2008-beautement.pdf HTTP/1.1" 304 3605 "-" "Mozilla/5.0 (compatible; Googlebot/2.1; +http://www.google.com/bot.html)"
77.88.47.40 - - [06/May/2018:03:07:13 -0400] "GET /papers/2012/docs/p127.pdf HTTP/1.1" 200 3263558 "-" "Mozilla/5.0 (compatible; YandexBot/3.0; +http://yandex.com/bots)"
66.249.64.217 - - [06/May/2018:03:14:43 -0400] "GET /papers/2009/nspw2009-herley.pdf HTTP/1.1" 200 189194 "-" "Mozilla/5.0 (compatible; Googlebot/2.1; +http://www.google.com/bot.html)"
64.62.252.164 - - [06/May/2018:03:16:11 -0400] "GET /robots.txt HTTP/1.1" 200 4444 "-" "The Knowledge AI"
66.249.64.217 - - [06/May/2018:03:16:18 -0400] "GET /2005/pre-proceedings/john_mcdermott.pdf HTTP/1.1" 404 8071 "-" "Googlebot/2.1 (+http://www.google.com/bot.html)"
66.249.64.215 - - [06/May/2018:03:16:58 -0400] "GET /2009/proceedings/2015pre/elliott-nspw2015pre.pdf HTTP/1.1" 404 8110 "-" "Googlebot/2.1 (+http://www.google.com/bot.html)"
77.88.47.40 - - [06/May/2018:03:09:43 -0400] "GET /papers/2012/docs/p127.pdf HTTP/1.1" 200 3006326 "-" "Mozilla/5.0 (compatible; YandexBot/3.0; +http://yandex.com/bots)"
180.191.71.185 - - [06/May/2018:03:17:30 -0400] "GET /wp-login.php HTTP/1.1" 404 7484 "-" "Mozilla/5.0 (Windows NT 6.1; WOW64; rv:40.0) Gecko/20100101 Firefox/40.1"
180.191.71.185 - - [06/May/2018:03:17:32 -0400] "GET / HTTP/1.1" 200 8218 "-" "Mozilla/5.0 (Windows NT 6.1; WOW64; rv:40.0) Gecko/20100101 Firefox/40.1"
66.249.64.215 - - [06/May/2018:03:17:39 -0400] "GET /papers/2013-pre/nsphd-polyglot.pdf HTTP/1.1" 404 8062 "-" "Googlebot/2.1 (+http://www.google.com/bot.html)"
77.88.47.40 - - [06/May/2018:03:18:01 -0400] "GET /2009/proceedings/2008/?C=D;O=A HTTP/1.1" 200 4362 "-" "Mozilla/5.0 (compatible; YandexBot/3.0; +http://yandex.com/bots)"
69.162.124.227 - - [06/May/2018:03:18:27 -0400] "HEAD / HTTP/1.1" 200 3874 "http://nspw.org/" "Mozilla/5.0+(compatible; UptimeRobot/2.0; http://www.uptimerobot.com/)"
207.46.13.136 - - [06/May/2018:03:19:00 -0400] "GET /login HTTP/1.1" 200 6740 "-" "Mozilla/5.0 (compatible; bingbot/2.0; +http://www.bing.com/bingbot.htm)"
192.248.24.51 - - [06/May/2018:03:19:34 -0400] "GET /papers/2003/nspw2003-flechais.pdf HTTP/1.1" 200 904606 "https://scholar.google.com/" "Mozilla/5.0 (Windows NT 10.0; Win64; x64) AppleWebKit/537.36 (KHTML, like Gecko) Chrome/66.0.3359.139 Safari/537.36"
192.248.24.51 - - [06/May/2018:03:19:35 -0400] "GET /papers/2003/nspw2003-flechais.pdf HTTP/1.1" 206 372807 "https://scholar.google.com/" "Mozilla/5.0 (Windows NT 10.0; Win64; x64) AppleWebKit/537.36 (KHTML, like Gecko) Chrome/66.0.3359.139 Safari/537.36"
192.248.24.51 - - [06/May/2018:03:19:37 -0400] "GET /papers/2003/nspw2003-flechais.pdf HTTP/1.1" 206 63889 "https://scholar.google.com/" "Mozilla/5.0 (Windows NT 10.0; Win64; x64) AppleWebKit/537.36 (KHTML, like Gecko) Chrome/66.0.3359.139 Safari/537.36"
192.248.24.51 - - [06/May/2018:03:19:37 -0400] "GET /papers/2003/nspw2003-flechais.pdf HTTP/1.1" 206 113947 "https://scholar.google.com/" "Mozilla/5.0 (Windows NT 10.0; Win64; x64) AppleWebKit/537.36 (KHTML, like Gecko) Chrome/66.0.3359.139 Safari/537.36"
192.248.24.51 - - [06/May/2018:03:19:37 -0400] "GET /papers/2003/nspw2003-flechais.pdf HTTP/1.1" 206 29804 "https://scholar.google.com/" "Mozilla/5.0 (Windows NT 10.0; Win64; x64) AppleWebKit/537.36 (KHTML, like Gecko) Chrome/66.0.3359.139 Safari/537.36"
66.249.64.219 - - [06/May/2018:03:20:11 -0400] "GET /2006/pre-proceedings/ford.pdf HTTP/1.1" 404 8051 "-" "Googlebot/2.1 (+http://www.google.com/bot.html)"
66.249.64.215 - - [06/May/2018:03:20:12 -0400] "GET /papers/2005/nspw2005-taylor-panel.pdf HTTP/1.1" 200 1269405 "-" "Googlebot/2.1 (+http://www.google.com/bot.html)"
66.249.64.215 - - [06/May/2018:03:20:49 -0400] "GET /2005/pre-proceedings/paul_van_oorschot.pdf HTTP/1.1" 404 8077 "-" "Googlebot/2.1 (+http://www.google.com/bot.html)"
66.249.64.215 - - [06/May/2018:03:20:50 -0400] "GET /papers/1993/nspw1993-yazdanian.pdf HTTP/1.1" 200 555140 "-" "Googlebot/2.1 (+http://www.google.com/bot.html)"
66.249.64.217 - - [06/May/2018:03:21:51 -0400] "GET /2005/PC/vivek%20haldar%20deepak%20chandra%20important%20note.pdf HTTP/1.1" 404 8098 "-" "Googlebot/2.1 (+http://www.google.com/bot.html)"
66.249.64.217 - - [06/May/2018:03:22:29 -0400] "GET /papers/1997/nspw1997-mambo.pdf HTTP/1.1" 200 1056899 "-" "Googlebot/2.1 (+http://www.google.com/bot.html)"
185.234.218.67 - - [06/May/2018:03:22:32 -0400] "GET /.ftpconfig HTTP/1.1" 403 3937 "-" "Mozilla/5.0 (Windows NT 6.3; Win64; x64) AppleWebKit/537.36 (KHTML, like Gecko) Chrome/62.0.3202.94 Safari/537.36"
185.234.218.67 - - [06/May/2018:03:22:33 -0400] "GET /.remote-sync.json HTTP/1.1" 403 3944 "-" "Mozilla/5.0 (Windows NT 6.3; Win64; x64) AppleWebKit/537.36 (KHTML, like Gecko) Chrome/62.0.3202.94 Safari/537.36"
185.234.218.67 - - [06/May/2018:03:22:33 -0400] "GET /.vscode/ftp-sync.json HTTP/1.1" 403 3948 "-" "Mozilla/5.0 (Windows NT 6.3; Win64; x64) AppleWebKit/537.36 (KHTML, like Gecko) Chrome/62.0.3202.94 Safari/537.36"
185.234.218.67 - - [06/May/2018:03:22:34 -0400] "GET /sftp-config.json HTTP/1.1" 404 7993 "-" "Mozilla/5.0 (Windows NT 6.3; Win64; x64) AppleWebKit/537.36 (KHTML, like Gecko) Chrome/62.0.3202.94 Safari/537.36"
185.234.218.67 - - [06/May/2018:03:22:35 -0400] "GET /deployment-config.json HTTP/1.1" 404 8005 "-" "Mozilla/5.0 (Windows NT 6.3; Win64; x64) AppleWebKit/537.36 (KHTML, like Gecko) Chrome/62.0.3202.94 Safari/537.36"
185.234.218.67 - - [06/May/2018:03:22:36 -0400] "GET /.ftpconfig HTTP/1.1" 403 3937 "-" "Mozilla/5.0 (Windows NT 6.3; Win64; x64) AppleWebKit/537.36 (KHTML, like Gecko) Chrome/62.0.3202.94 Safari/537.36"
185.234.218.67 - - [06/May/2018:03:22:36 -0400] "GET /.remote-sync.json HTTP/1.1" 403 3944 "-" "Mozilla/5.0 (Windows NT 6.3; Win64; x64) AppleWebKit/537.36 (KHTML, like Gecko) Chrome/62.0.3202.94 Safari/537.36"
185.234.218.67 - - [06/May/2018:03:22:37 -0400] "GET /.vscode/ftp-sync.json HTTP/1.1" 403 3948 "-" "Mozilla/5.0 (Windows NT 6.3; Win64; x64) AppleWebKit/537.36 (KHTML, like Gecko) Chrome/62.0.3202.94 Safari/537.36"
185.234.218.67 - - [06/May/2018:03:22:38 -0400] "GET /sftp-config.json HTTP/1.1" 404 7993 "-" "Mozilla/5.0 (Windows NT 6.3; Win64; x64) AppleWebKit/537.36 (KHTML, like Gecko) Chrome/62.0.3202.94 Safari/537.36"
185.234.218.67 - - [06/May/2018:03:22:39 -0400] "GET /deployment-config.json HTTP/1.1" 404 8005 "-" "Mozilla/5.0 (Windows NT 6.3; Win64; x64) AppleWebKit/537.36 (KHTML, like Gecko) Chrome/62.0.3202.94 Safari/537.36"
69.162.124.227 - - [06/May/2018:03:23:27 -0400] "HEAD / HTTP/1.1" 200 3874 "http://nspw.org/" "Mozilla/5.0+(compatible; UptimeRobot/2.0; http://www.uptimerobot.com/)"
66.249.64.219 - - [06/May/2018:03:24:07 -0400] "GET /2005/PC/paul%20van%20oorschot.pdf HTTP/1.1" 404 8042 "-" "Googlebot/2.1 (+http://www.google.com/bot.html)"
157.55.39.65 - - [06/May/2018:03:24:48 -0400] "GET /proceedings HTTP/1.1" 200 6817 "-" "Mozilla/5.0 (compatible; bingbot/2.0; +http://www.bing.com/bingbot.htm)"
5.9.94.207 - - [06/May/2018:03:25:11 -0400] "GET /2016/accepted HTTP/1.1" 200 12964 "-" "Mozilla/5.0 (Windows NT 6.1) AppleWebKit/537.36 (KHTML, like Gecko) Chrome/63.0.3239.132 Safari/537.36"
66.249.64.217 - - [06/May/2018:03:26:14 -0400] "GET /2005/pre-proceedings/andreas_gal.pdf HTTP/1.1" 404 8065 "-" "Googlebot/2.1 (+http://www.google.com/bot.html)"
66.249.64.219 - - [06/May/2018:03:27:58 -0400] "GET /2016 HTTP/1.1" 200 6965 "-" "Mozilla/5.0 (compatible; Googlebot/2.1; +http://www.google.com/bot.html)"
180.76.15.163 - - [06/May/2018:03:28:19 -0400] "GET /current/cfp/nspw2018-cfp.pdf HTTP/1.1" 404 8286 "-" "Mozilla/5.0 (compatible; Baiduspider/2.0; +http://www.baidu.com/search/spider.html)"
69.162.124.227 - - [06/May/2018:03:28:27 -0400] "HEAD / HTTP/1.1" 200 3874 "http://nspw.org/" "Mozilla/5.0+(compatible; UptimeRobot/2.0; http://www.uptimerobot.com/)"
199.16.157.181 - - [06/May/2018:03:31:58 -0400] "GET /robots.txt HTTP/1.1" 200 5699 "-" "Twitterbot/1.0"
103.12.163.94 - - [06/May/2018:03:32:46 -0400] "GET /wp-login.php HTTP/1.1" 404 7491 "-" "Mozilla/5.0 (Windows NT 6.1; WOW64; rv:40.0) Gecko/20100101 Firefox/40.1"
103.12.163.94 - - [06/May/2018:03:32:46 -0400] "GET / HTTP/1.1" 200 8218 "-" "Mozilla/5.0 (Windows NT 6.1; WOW64; rv:40.0) Gecko/20100101 Firefox/40.1"
42.112.239.176 - - [06/May/2018:03:32:54 -0400] "GET /wp-login.php HTTP/1.1" 404 7985 "-" "Mozilla/5.0 (Windows NT 6.1; WOW64; rv:40.0) Gecko/20100101 Firefox/40.1"
42.112.239.176 - - [06/May/2018:03:32:56 -0400] "GET / HTTP/1.1" 200 8206 "-" "Mozilla/5.0 (Windows NT 6.1; WOW64; rv:40.0) Gecko/20100101 Firefox/40.1"
69.162.124.227 - - [06/May/2018:03:33:27 -0400] "HEAD / HTTP/1.1" 200 3874 "http://nspw.org/" "Mozilla/5.0+(compatible; UptimeRobot/2.0; http://www.uptimerobot.com/)"
196.207.83.14 - - [06/May/2018:03:33:32 -0400] "GET /papers/2006/nspw2006-gates.pdf HTTP/1.1" 200 149527 "-" "Mozilla/5.0 (X11; Linux x86_64; rv:52.0) Gecko/20100101 Firefox/52.0"
69.162.124.227 - - [06/May/2018:03:38:27 -0400] "HEAD / HTTP/1.1" 200 3874 "http://nspw.org/" "Mozilla/5.0+(compatible; UptimeRobot/2.0; http://www.uptimerobot.com/)"
217.131.84.2 - - [06/May/2018:03:39:02 -0400] "GET /wp-login.php HTTP/1.1" 404 7484 "-" "Mozilla/5.0 (Windows NT 6.1; WOW64; rv:40.0) Gecko/20100101 Firefox/40.1"
217.131.84.2 - - [06/May/2018:03:39:04 -0400] "GET / HTTP/1.1" 200 8218 "-" "Mozilla/5.0 (Windows NT 6.1; WOW64; rv:40.0) Gecko/20100101 Firefox/40.1"
66.249.64.219 - - [06/May/2018:03:41:16 -0400] "GET /papers/2013/nspw2013-peisert.pdf HTTP/1.1" 200 712024 "-" "Mozilla/5.0 (compatible; Googlebot/2.1; +http://www.google.com/bot.html)"
66.249.64.17 - - [06/May/2018:03:43:05 -0400] "GET /2004/oc.shtml HTTP/1.1" 200 5595 "-" "Mozilla/5.0 (compatible; Googlebot/2.1; +http://www.google.com/bot.html)"
69.162.124.227 - - [06/May/2018:03:43:27 -0400] "HEAD / HTTP/1.1" 200 3874 "http://nspw.org/" "Mozilla/5.0+(compatible; UptimeRobot/2.0; http://www.uptimerobot.com/)"
180.76.15.12 - - [06/May/2018:03:46:20 -0400] "GET /papers/2001/nspw2001-yan.pdf HTTP/1.1" 200 510106 "-" "Mozilla/5.0 (compatible; Baiduspider/2.0; +http://www.baidu.com/search/spider.html)"
180.23.174.51 - - [06/May/2018:03:46:49 -0400] "GET /2018 HTTP/1.1" 200 12606 "-" "LWP::Simple/6.29 libwww-perl/6.29"
123.207.95.146 - - [06/May/2018:03:47:31 -0400] "GET / HTTP/1.1" 200 6651 "-" "Mozilla/4.0 (compatible; MSIE 6.1; Windows NT)"
59.106.108.116 - - [06/May/2018:03:47:40 -0400] "HEAD /current/ HTTP/1.1" 200 3904 "-" "Hatena Antenna/0.5 (http://a.hatena.ne.jp/help)"
59.106.108.116 - - [06/May/2018:03:47:41 -0400] "GET /current/ HTTP/1.1" 200 8978 "-" "Hatena Antenna/0.5 (http://a.hatena.ne.jp/help)"
69.162.124.227 - - [06/May/2018:03:48:27 -0400] "HEAD / HTTP/1.1" 200 3874 "http://nspw.org/" "Mozilla/5.0+(compatible; UptimeRobot/2.0; http://www.uptimerobot.com/)"
86.137.104.111 - - [06/May/2018:03:48:54 -0400] "GET /papers/2013/nspw2013-ard.pdf HTTP/1.1" 200 571869 "-" "Mozilla/5.0 (iPhone; CPU iPhone OS 11_3 like Mac OS X) AppleWebKit/605.1.15 (KHTML, like Gecko) Version/11.0 Mobile/15E148 Safari/604.1"
77.88.47.40 - - [06/May/2018:03:51:05 -0400] "GET /node/56 HTTP/1.1" 200 8823 "-" "Mozilla/5.0 (compatible; YandexBot/3.0; +http://yandex.com/bots)"
77.88.47.40 - - [06/May/2018:03:51:40 -0400] "GET /1999/oc.html HTTP/1.1" 200 5369 "-" "Mozilla/5.0 (compatible; YandexBot/3.0; +http://yandex.com/bots)"
14.215.176.5 - - [06/May/2018:03:52:02 -0400] "GET / HTTP/1.1" 200 6637 "-" "Mozilla/5.0 (Windows NT 6.1; WOW64; rv:43.0) Gecko/20100101 Firefox/43.0"
14.215.176.5 - - [06/May/2018:03:52:02 -0400] "GET /modules/system/system.base.css?p7r9uw HTTP/1.1" 200 2307 "https://www.nspw.org/" "Mozilla/5.0 (Windows NT 6.1; WOW64; rv:43.0) Gecko/20100101 Firefox/43.0"
14.215.176.5 - - [06/May/2018:03:52:02 -0400] "GET /modules/system/system.menus.css?p7r9uw HTTP/1.1" 200 1025 "https://www.nspw.org/" "Mozilla/5.0 (Windows NT 6.1; WOW64; rv:43.0) Gecko/20100101 Firefox/43.0"
14.215.176.12 - - [06/May/2018:03:52:02 -0400] "GET /modules/system/system.messages.css?p7r9uw HTTP/1.1" 200 884 "https://www.nspw.org/" "Mozilla/5.0 (Windows NT 6.1; WOW64; rv:43.0) Gecko/20100101 Firefox/43.0"
14.215.176.16 - - [06/May/2018:03:52:02 -0400] "GET /modules/comment/comment.css?p7r9uw HTTP/1.1" 200 643 "https://www.nspw.org/" "Mozilla/5.0 (Windows NT 6.1; WOW64; rv:43.0) Gecko/20100101 Firefox/43.0"
14.215.176.5 - - [06/May/2018:03:52:02 -0400] "GET /modules/field/theme/field.css?p7r9uw HTTP/1.1" 200 599 "https://www.nspw.org/" "Mozilla/5.0 (Windows NT 6.1; WOW64; rv:43.0) Gecko/20100101 Firefox/43.0"
14.215.176.16 - - [06/May/2018:03:52:02 -0400] "GET /modules/system/system.theme.css?p7r9uw HTTP/1.1" 200 1723 "https://www.nspw.org/" "Mozilla/5.0 (Windows NT 6.1; WOW64; rv:43.0) Gecko/20100101 Firefox/43.0"
14.215.176.19 - - [06/May/2018:03:52:02 -0400] "GET /modules/node/node.css?p7r9uw HTTP/1.1" 200 610 "https://www.nspw.org/" "Mozilla/5.0 (Windows NT 6.1; WOW64; rv:43.0) Gecko/20100101 Firefox/43.0"
14.215.176.14 - - [06/May/2018:03:52:02 -0400] "GET /modules/user/user.css?p7r9uw HTTP/1.1" 200 1200 "https://www.nspw.org/" "Mozilla/5.0 (Windows NT 6.1; WOW64; rv:43.0) Gecko/20100101 Firefox/43.0"
14.215.176.12 - - [06/May/2018:03:52:03 -0400] "GET /themes/garland/style.css?p7r9uw HTTP/1.1" 200 5370 "https://www.nspw.org/" "Mozilla/5.0 (Windows NT 6.1; WOW64; rv:43.0) Gecko/20100101 Firefox/43.0"
14.215.176.5 - - [06/May/2018:03:52:03 -0400] "GET /misc/jquery.once.js?v=1.2 HTTP/1.1" 200 1445 "https://www.nspw.org/" "Mozilla/5.0 (Windows NT 6.1; WOW64; rv:43.0) Gecko/20100101 Firefox/43.0"
14.215.176.16 - - [06/May/2018:03:52:03 -0400] "GET /themes/garland/print.css?p7r9uw HTTP/1.1" 200 771 "https://www.nspw.org/" "Mozilla/5.0 (Windows NT 6.1; WOW64; rv:43.0) Gecko/20100101 Firefox/43.0"
14.215.176.16 - - [06/May/2018:03:52:03 -0400] "GET /misc/jquery.js?v=1.4.4 HTTP/1.1" 200 27601 "https://www.nspw.org/" "Mozilla/5.0 (Windows NT 6.1; WOW64; rv:43.0) Gecko/20100101 Firefox/43.0"
14.215.176.19 - - [06/May/2018:03:52:03 -0400] "GET /misc/drupal.js?p7r9uw HTTP/1.1" 200 7372 "https://www.nspw.org/" "Mozilla/5.0 (Windows NT 6.1; WOW64; rv:43.0) Gecko/20100101 Firefox/43.0"
69.162.124.227 - - [06/May/2018:03:53:27 -0400] "HEAD / HTTP/1.1" 200 3874 "http://nspw.org/" "Mozilla/5.0+(compatible; UptimeRobot/2.0; http://www.uptimerobot.com/)"
66.249.64.217 - - [06/May/2018:03:54:36 -0400] "GET /papers/2009/nspw2009-verendel.pdf HTTP/1.1" 200 159425 "-" "Mozilla/5.0 (compatible; Googlebot/2.1; +http://www.google.com/bot.html)"
1.126.105.157 - - [06/May/2018:03:55:06 -0400] "GET /wp-login.php HTTP/1.1" 404 7985 "-" "Mozilla/5.0 (Windows NT 6.1; WOW64; rv:40.0) Gecko/20100101 Firefox/40.1"
1.126.105.157 - - [06/May/2018:03:55:07 -0400] "GET / HTTP/1.1" 200 8206 "-" "Mozilla/5.0 (Windows NT 6.1; WOW64; rv:40.0) Gecko/20100101 Firefox/40.1"
216.244.66.236 - - [06/May/2018:03:58:09 -0400] "GET /robots.txt HTTP/1.1" 200 5796 "-" "Mozilla/5.0 (compatible; DotBot/1.1; http://www.opensiteexplorer.org/dotbot, help@moz.com)"
69.162.124.227 - - [06/May/2018:03:58:27 -0400] "HEAD / HTTP/1.1" 200 3874 "http://nspw.org/" "Mozilla/5.0+(compatible; UptimeRobot/2.0; http://www.uptimerobot.com/)"
123.22.81.198 - - [06/May/2018:03:59:28 -0400] "GET /wp-login.php HTTP/1.1" 404 7491 "-" "Mozilla/5.0 (Windows NT 6.1; WOW64; rv:40.0) Gecko/20100101 Firefox/40.1"
123.22.81.198 - - [06/May/2018:03:59:30 -0400] "GET / HTTP/1.1" 200 8218 "-" "Mozilla/5.0 (Windows NT 6.1; WOW64; rv:40.0) Gecko/20100101 Firefox/40.1"
77.88.47.40 - - [06/May/2018:03:59:40 -0400] "GET /papers/1996/nspw1996-rasmusson.pdf HTTP/1.1" 200 1002161 "-" "Mozilla/5.0 (compatible; YandexBot/3.0; +http://yandex.com/bots)"
77.75.76.161 - - [06/May/2018:04:02:24 -0400] "GET /robots.txt HTTP/1.1" 200 4601 "-" "Mozilla/5.0 (compatible; SeznamBot/3.2; +http://napoveda.seznam.cz/en/seznambot-intro/)"
77.75.76.161 - - [06/May/2018:04:02:35 -0400] "GET /papers/2011/nspw2011-bicakci.pdf HTTP/1.1" 200 493682 "-" "Mozilla/5.0 (compatible; SeznamBot/3.2; +http://napoveda.seznam.cz/en/seznambot-intro/)"
77.75.76.161 - - [06/May/2018:04:02:46 -0400] "GET /proceedings/2003 HTTP/1.1" 200 6227 "-" "Mozilla/5.0 (compatible; SeznamBot/3.2; +http://napoveda.seznam.cz/en/seznambot-intro/)"
77.75.76.161 - - [06/May/2018:04:02:57 -0400] "GET /proceedings/2013 HTTP/1.1" 200 7199 "-" "Mozilla/5.0 (compatible; SeznamBot/3.2; +http://napoveda.seznam.cz/en/seznambot-intro/)"
77.75.76.161 - - [06/May/2018:04:03:07 -0400] "GET /1999/dates.html HTTP/1.1" 200 5129 "-" "Mozilla/5.0 (compatible; SeznamBot/3.2; +http://napoveda.seznam.cz/en/seznambot-intro/)"
77.75.76.161 - - [06/May/2018:04:03:18 -0400] "GET /1999/cfp.html HTTP/1.1" 200 6306 "-" "Mozilla/5.0 (compatible; SeznamBot/3.2; +http://napoveda.seznam.cz/en/seznambot-intro/)"
69.162.124.227 - - [06/May/2018:04:03:27 -0400] "HEAD / HTTP/1.1" 200 3874 "http://nspw.org/" "Mozilla/5.0+(compatible; UptimeRobot/2.0; http://www.uptimerobot.com/)"
77.88.47.40 - - [06/May/2018:04:05:47 -0400] "GET /2008/cfp.content.2007 HTTP/1.1" 200 12060 "-" "Mozilla/5.0 (compatible; YandexBot/3.0; +http://yandex.com/bots)"
86.4.205.144 - - [06/May/2018:04:06:49 -0400] "GET /favicon.ico HTTP/1.1" 404 4109 "https://www.nspw.org/papers/2009/nspw2009-gibson.pdf" "Mozilla/5.0 (Windows NT 10.0; Win64; x64) AppleWebKit/537.36 (KHTML, like Gecko) Chrome/65.0.3325.181 Safari/537.36"
86.4.205.144 - - [06/May/2018:04:06:49 -0400] "GET /papers/2009/nspw2009-gibson.pdf HTTP/1.1" 200 3915789 "https://www.google.co.uk/" "Mozilla/5.0 (Windows NT 10.0; Win64; x64) AppleWebKit/537.36 (KHTML, like Gecko) Chrome/65.0.3325.181 Safari/537.36"
162.247.20.202 - - [06/May/2018:04:07:41 -0400] "GET /wp-login.php HTTP/1.1" 404 7839 "-" "Mozilla/5.0 (Windows NT 6.1; WOW64; rv:40.0) Gecko/20100101 Firefox/40.1"
162.247.20.202 - - [06/May/2018:04:07:41 -0400] "GET / HTTP/1.1" 200 8218 "-" "Mozilla/5.0 (Windows NT 6.1; WOW64; rv:40.0) Gecko/20100101 Firefox/40.1"
103.53.109.164 - - [06/May/2018:04:07:46 -0400] "GET /wp-login.php HTTP/1.1" 404 7491 "-" "Mozilla/5.0 (Windows NT 6.1; WOW64; rv:40.0) Gecko/20100101 Firefox/40.1"
103.53.109.164 - - [06/May/2018:04:07:50 -0400] "GET / HTTP/1.1" 200 8218 "-" "Mozilla/5.0 (Windows NT 6.1; WOW64; rv:40.0) Gecko/20100101 Firefox/40.1"
66.249.64.217 - - [06/May/2018:04:07:57 -0400] "GET /papers/2009/nspw2009-verendel.pdf HTTP/1.1" 200 159425 "-" "Mozilla/5.0 (Linux; Android 6.0.1; Nexus 5X Build/MMB29P) AppleWebKit/537.36 (KHTML, like Gecko) Chrome/41.0.2272.96 Mobile Safari/537.36 (compatible; Googlebot/2.1; +http://www.google.com/bot.html)"
77.88.47.40 - - [06/May/2018:04:07:44 -0400] "GET /2009/proceedings/2009/nspw2009-gates.pdf HTTP/1.1" 200 398494 "-" "Mozilla/5.0 (compatible; YandexBot/3.0; +http://yandex.com/bots)"
69.162.124.227 - - [06/May/2018:04:08:27 -0400] "HEAD / HTTP/1.1" 200 3874 "http://nspw.org/" "Mozilla/5.0+(compatible; UptimeRobot/2.0; http://www.uptimerobot.com/)"
189.216.18.124 - - [06/May/2018:04:10:06 -0400] "GET /wp-login.php HTTP/1.1" 404 7491 "-" "Mozilla/5.0 (Windows NT 6.1; WOW64; rv:40.0) Gecko/20100101 Firefox/40.1"
189.216.18.124 - - [06/May/2018:04:10:07 -0400] "GET / HTTP/1.1" 200 8218 "-" "Mozilla/5.0 (Windows NT 6.1; WOW64; rv:40.0) Gecko/20100101 Firefox/40.1"
69.162.124.227 - - [06/May/2018:04:13:27 -0400] "HEAD / HTTP/1.1" 200 3874 "http://nspw.org/" "Mozilla/5.0+(compatible; UptimeRobot/2.0; http://www.uptimerobot.com/)"
103.217.245.68 - - [06/May/2018:04:15:39 -0400] "GET /wp-login.php HTTP/1.1" 404 7491 "-" "Mozilla/5.0 (Windows NT 6.1; WOW64; rv:40.0) Gecko/20100101 Firefox/40.1"
103.217.245.68 - - [06/May/2018:04:15:40 -0400] "GET / HTTP/1.1" 200 8218 "-" "Mozilla/5.0 (Windows NT 6.1; WOW64; rv:40.0) Gecko/20100101 Firefox/40.1"
