220.181.132.197 - - [02/May/2018:20:15:00 -0400] "GET /modules/node/node.css?p7r9uw HTTP/1.1" 200 469 "https://www.nspw.org/" "Mozilla/5.0 (Windows NT 6.1) AppleWebKit/537.36 (KHTML, like Gecko) Chrome/36.0.1985.125 Safari/537.36"
220.181.132.197 - - [02/May/2018:20:15:00 -0400] "GET /modules/user/user.css?p7r9uw HTTP/1.1" 200 1061 "https://www.nspw.org/" "Mozilla/5.0 (Windows NT 6.1) AppleWebKit/537.36 (KHTML, like Gecko) Chrome/36.0.1985.125 Safari/537.36"
220.181.132.197 - - [02/May/2018:20:15:00 -0400] "GET /themes/garland/print.css?p7r9uw HTTP/1.1" 200 773 "https://www.nspw.org/" "Mozilla/5.0 (Windows NT 6.1) AppleWebKit/537.36 (KHTML, like Gecko) Chrome/36.0.1985.125 Safari/537.36"
220.181.132.197 - - [02/May/2018:20:15:00 -0400] "GET /themes/garland/style.css?p7r9uw HTTP/1.1" 200 5375 "https://www.nspw.org/" "Mozilla/5.0 (Windows NT 6.1) AppleWebKit/537.36 (KHTML, like Gecko) Chrome/36.0.1985.125 Safari/537.36"
220.181.132.197 - - [02/May/2018:20:15:00 -0400] "GET /misc/jquery.js?v=1.4.4 HTTP/1.1" 200 27630 "https://www.nspw.org/" "Mozilla/5.0 (Windows NT 6.1) AppleWebKit/537.36 (KHTML, like Gecko) Chrome/36.0.1985.125 Safari/537.36"
220.181.132.197 - - [02/May/2018:20:15:01 -0400] "GET /misc/jquery.once.js?v=1.2 HTTP/1.1" 200 1445 "https://www.nspw.org/" "Mozilla/5.0 (Windows NT 6.1) AppleWebKit/537.36 (KHTML, like Gecko) Chrome/36.0.1985.125 Safari/537.36"
220.181.132.197 - - [02/May/2018:20:15:01 -0400] "GET /misc/drupal.js?p7r9uw HTTP/1.1" 200 7375 "https://www.nspw.org/" "Mozilla/5.0 (Windows NT 6.1) AppleWebKit/537.36 (KHTML, like Gecko) Chrome/36.0.1985.125 Safari/537.36"
101.199.121.223 - - [02/May/2018:20:15:03 -0400] "GET / HTTP/1.1" 200 6621 "-" "Mozilla/5.0 (X11; Linux x86_64) AppleWebKit/537.36 (KHTML, like Gecko) HeadlessChrome/63.0.3239.132 Safari/537.36"
101.199.121.223 - - [02/May/2018:20:15:04 -0400] "GET /modules/system/system.base.css?p7r9uw HTTP/1.1" 200 2307 "-" "Mozilla/5.0 (X11; Linux x86_64) AppleWebKit/537.36 (KHTML, like Gecko) HeadlessChrome/63.0.3239.132 Safari/537.36"
101.199.121.223 - - [02/May/2018:20:15:04 -0400] "GET /modules/system/system.menus.css?p7r9uw HTTP/1.1" 200 1182 "-" "Mozilla/5.0 (X11; Linux x86_64) AppleWebKit/537.36 (KHTML, like Gecko) HeadlessChrome/63.0.3239.132 Safari/537.36"
101.199.121.223 - - [02/May/2018:20:15:04 -0400] "GET /modules/system/system.messages.css?p7r9uw HTTP/1.1" 200 746 "-" "Mozilla/5.0 (X11; Linux x86_64) AppleWebKit/537.36 (KHTML, like Gecko) HeadlessChrome/63.0.3239.132 Safari/537.36"
101.199.121.223 - - [02/May/2018:20:15:04 -0400] "GET /modules/system/system.theme.css?p7r9uw HTTP/1.1" 200 1585 "-" "Mozilla/5.0 (X11; Linux x86_64) AppleWebKit/537.36 (KHTML, like Gecko) HeadlessChrome/63.0.3239.132 Safari/537.36"
101.199.121.223 - - [02/May/2018:20:15:04 -0400] "GET /modules/comment/comment.css?p7r9uw HTTP/1.1" 200 505 "-" "Mozilla/5.0 (X11; Linux x86_64) AppleWebKit/537.36 (KHTML, like Gecko) HeadlessChrome/63.0.3239.132 Safari/537.36"
101.199.121.223 - - [02/May/2018:20:15:04 -0400] "GET /modules/field/theme/field.css?p7r9uw HTTP/1.1" 200 756 "-" "Mozilla/5.0 (X11; Linux x86_64) AppleWebKit/537.36 (KHTML, like Gecko) HeadlessChrome/63.0.3239.132 Safari/537.36"
101.199.121.223 - - [02/May/2018:20:15:04 -0400] "GET /modules/node/node.css?p7r9uw HTTP/1.1" 200 629 "-" "Mozilla/5.0 (X11; Linux x86_64) AppleWebKit/537.36 (KHTML, like Gecko) HeadlessChrome/63.0.3239.132 Safari/537.36"
101.199.121.223 - - [02/May/2018:20:15:04 -0400] "GET /modules/user/user.css?p7r9uw HTTP/1.1" 200 1219 "-" "Mozilla/5.0 (X11; Linux x86_64) AppleWebKit/537.36 (KHTML, like Gecko) HeadlessChrome/63.0.3239.132 Safari/537.36"
101.199.121.223 - - [02/May/2018:20:15:04 -0400] "GET /themes/garland/style.css?p7r9uw HTTP/1.1" 200 5527 "-" "Mozilla/5.0 (X11; Linux x86_64) AppleWebKit/537.36 (KHTML, like Gecko) HeadlessChrome/63.0.3239.132 Safari/537.36"
101.199.121.223 - - [02/May/2018:20:15:04 -0400] "GET /themes/garland/print.css?p7r9uw HTTP/1.1" 200 771 "-" "Mozilla/5.0 (X11; Linux x86_64) AppleWebKit/537.36 (KHTML, like Gecko) HeadlessChrome/63.0.3239.132 Safari/537.36"
101.199.121.223 - - [02/May/2018:20:15:04 -0400] "GET /misc/jquery.once.js?v=1.2 HTTP/1.1" 200 1445 "https://www.nspw.org/" "Mozilla/5.0 (X11; Linux x86_64) AppleWebKit/537.36 (KHTML, like Gecko) HeadlessChrome/63.0.3239.132 Safari/537.36"
101.199.121.223 - - [02/May/2018:20:15:04 -0400] "GET /misc/jquery.js?v=1.4.4 HTTP/1.1" 200 27601 "https://www.nspw.org/" "Mozilla/5.0 (X11; Linux x86_64) AppleWebKit/537.36 (KHTML, like Gecko) HeadlessChrome/63.0.3239.132 Safari/537.36"
101.199.121.223 - - [02/May/2018:20:15:04 -0400] "GET /misc/drupal.js?p7r9uw HTTP/1.1" 200 7372 "https://www.nspw.org/" "Mozilla/5.0 (X11; Linux x86_64) AppleWebKit/537.36 (KHTML, like Gecko) HeadlessChrome/63.0.3239.132 Safari/537.36"
101.199.121.223 - - [02/May/2018:20:15:05 -0400] "GET /sites/default/files/nspw-logo-smaller.jpg HTTP/1.1" 200 2534 "https://www.nspw.org/" "Mozilla/5.0 (X11; Linux x86_64) AppleWebKit/537.36 (KHTML, like Gecko) HeadlessChrome/63.0.3239.132 Safari/537.36"
101.199.121.223 - - [02/May/2018:20:15:05 -0400] "GET /themes/garland/images/body.png HTTP/1.1" 200 993 "https://www.nspw.org/themes/garland/style.css?p7r9uw" "Mozilla/5.0 (X11; Linux x86_64) AppleWebKit/537.36 (KHTML, like Gecko) HeadlessChrome/63.0.3239.132 Safari/537.36"
101.199.121.223 - - [02/May/2018:20:15:05 -0400] "GET /themes/garland/images/bg-navigation-item-hover.png HTTP/1.1" 200 754 "https://www.nspw.org/themes/garland/style.css?p7r9uw" "Mozilla/5.0 (X11; Linux x86_64) AppleWebKit/537.36 (KHTML, like Gecko) HeadlessChrome/63.0.3239.132 Safari/537.36"
101.199.121.223 - - [02/May/2018:20:15:05 -0400] "GET /themes/garland/images/bg-navigation-item.png HTTP/1.1" 200 812 "https://www.nspw.org/themes/garland/style.css?p7r9uw" "Mozilla/5.0 (X11; Linux x86_64) AppleWebKit/537.36 (KHTML, like Gecko) HeadlessChrome/63.0.3239.132 Safari/537.36"
101.199.121.223 - - [02/May/2018:20:15:05 -0400] "GET /themes/garland/images/menu-leaf.gif HTTP/1.1" 200 486 "https://www.nspw.org/themes/garland/style.css?p7r9uw" "Mozilla/5.0 (X11; Linux x86_64) AppleWebKit/537.36 (KHTML, like Gecko) HeadlessChrome/63.0.3239.132 Safari/537.36"
101.199.121.223 - - [02/May/2018:20:15:05 -0400] "GET /themes/garland/images/menu-expanded.gif HTTP/1.1" 200 495 "https://www.nspw.org/themes/garland/style.css?p7r9uw" "Mozilla/5.0 (X11; Linux x86_64) AppleWebKit/537.36 (KHTML, like Gecko) HeadlessChrome/63.0.3239.132 Safari/537.36"
101.199.121.223 - - [02/May/2018:20:15:05 -0400] "GET /themes/garland/images/menu-collapsed.gif HTTP/1.1" 200 488 "https://www.nspw.org/themes/garland/style.css?p7r9uw" "Mozilla/5.0 (X11; Linux x86_64) AppleWebKit/537.36 (KHTML, like Gecko) HeadlessChrome/63.0.3239.132 Safari/537.36"
101.199.121.223 - - [02/May/2018:20:15:05 -0400] "GET /themes/garland/images/bg-content-right.png HTTP/1.1" 200 3162 "https://www.nspw.org/themes/garland/style.css?p7r9uw" "Mozilla/5.0 (X11; Linux x86_64) AppleWebKit/537.36 (KHTML, like Gecko) HeadlessChrome/63.0.3239.132 Safari/537.36"
101.199.121.223 - - [02/May/2018:20:15:05 -0400] "GET /themes/garland/images/bg-content-left.png HTTP/1.1" 200 3232 "https://www.nspw.org/themes/garland/style.css?p7r9uw" "Mozilla/5.0 (X11; Linux x86_64) AppleWebKit/537.36 (KHTML, like Gecko) HeadlessChrome/63.0.3239.132 Safari/537.36"
101.199.121.223 - - [02/May/2018:20:15:05 -0400] "GET /themes/garland/images/bg-content.png HTTP/1.1" 200 798 "https://www.nspw.org/themes/garland/style.css?p7r9uw" "Mozilla/5.0 (X11; Linux x86_64) AppleWebKit/537.36 (KHTML, like Gecko) HeadlessChrome/63.0.3239.132 Safari/537.36"
180.163.220.41 - - [02/May/2018:20:15:06 -0400] "GET / HTTP/1.1" 200 6704 "-" "Mozilla/5.0 (Windows NT 6.1; WOW64) AppleWebKit/537.36 (KHTML, like Gecko) Chrome/50.0.2661.102 Safari/537.36"
180.163.220.41 - - [02/May/2018:20:15:06 -0400] "GET /modules/system/system.base.css?p7r9uw HTTP/1.1" 200 2307 "https://www.nspw.org/" "Mozilla/5.0 (Windows NT 6.1; WOW64) AppleWebKit/537.36 (KHTML, like Gecko) Chrome/50.0.2661.102 Safari/537.36"
180.163.220.41 - - [02/May/2018:20:15:06 -0400] "GET /modules/system/system.menus.css?p7r9uw HTTP/1.1" 200 1025 "https://www.nspw.org/" "Mozilla/5.0 (Windows NT 6.1; WOW64) AppleWebKit/537.36 (KHTML, like Gecko) Chrome/50.0.2661.102 Safari/537.36"
180.163.220.41 - - [02/May/2018:20:15:06 -0400] "GET /modules/system/system.theme.css?p7r9uw HTTP/1.1" 200 1585 "https://www.nspw.org/" "Mozilla/5.0 (Windows NT 6.1; WOW64) AppleWebKit/537.36 (KHTML, like Gecko) Chrome/50.0.2661.102 Safari/537.36"
180.163.220.60 - - [02/May/2018:20:15:06 -0400] "GET /modules/system/system.messages.css?p7r9uw HTTP/1.1" 200 884 "https://www.nspw.org/" "Mozilla/5.0 (Windows NT 6.1; WOW64) AppleWebKit/537.36 (KHTML, like Gecko) Chrome/50.0.2661.102 Safari/537.36"
180.163.220.100 - - [02/May/2018:20:15:06 -0400] "GET /modules/comment/comment.css?p7r9uw HTTP/1.1" 200 643 "https://www.nspw.org/" "Mozilla/5.0 (Windows NT 6.1; WOW64) AppleWebKit/537.36 (KHTML, like Gecko) Chrome/50.0.2661.102 Safari/537.36"
180.163.220.125 - - [02/May/2018:20:15:06 -0400] "GET /modules/field/theme/field.css?p7r9uw HTTP/1.1" 200 737 "https://www.nspw.org/" "Mozilla/5.0 (Windows NT 6.1; WOW64) AppleWebKit/537.36 (KHTML, like Gecko) Chrome/50.0.2661.102 Safari/537.36"
180.163.220.42 - - [02/May/2018:20:15:06 -0400] "GET /modules/node/node.css?p7r9uw HTTP/1.1" 200 610 "https://www.nspw.org/" "Mozilla/5.0 (Windows NT 6.1; WOW64) AppleWebKit/537.36 (KHTML, like Gecko) Chrome/50.0.2661.102 Safari/537.36"
180.163.220.96 - - [02/May/2018:20:15:07 -0400] "GET /modules/user/user.css?p7r9uw HTTP/1.1" 200 1200 "https://www.nspw.org/" "Mozilla/5.0 (Windows NT 6.1; WOW64) AppleWebKit/537.36 (KHTML, like Gecko) Chrome/50.0.2661.102 Safari/537.36"
180.163.220.41 - - [02/May/2018:20:15:07 -0400] "GET /themes/garland/print.css?p7r9uw HTTP/1.1" 200 771 "https://www.nspw.org/" "Mozilla/5.0 (Windows NT 6.1; WOW64) AppleWebKit/537.36 (KHTML, like Gecko) Chrome/50.0.2661.102 Safari/537.36"
180.163.220.60 - - [02/May/2018:20:15:07 -0400] "GET /themes/garland/style.css?p7r9uw HTTP/1.1" 200 5370 "https://www.nspw.org/" "Mozilla/5.0 (Windows NT 6.1; WOW64) AppleWebKit/537.36 (KHTML, like Gecko) Chrome/50.0.2661.102 Safari/537.36"
180.163.220.100 - - [02/May/2018:20:15:07 -0400] "GET /misc/jquery.js?v=1.4.4 HTTP/1.1" 200 27601 "https://www.nspw.org/" "Mozilla/5.0 (Windows NT 6.1; WOW64) AppleWebKit/537.36 (KHTML, like Gecko) Chrome/50.0.2661.102 Safari/537.36"
180.163.220.125 - - [02/May/2018:20:15:07 -0400] "GET /misc/jquery.once.js?v=1.2 HTTP/1.1" 200 1445 "https://www.nspw.org/" "Mozilla/5.0 (Windows NT 6.1; WOW64) AppleWebKit/537.36 (KHTML, like Gecko) Chrome/50.0.2661.102 Safari/537.36"
180.163.220.42 - - [02/May/2018:20:15:07 -0400] "GET /misc/drupal.js?p7r9uw HTTP/1.1" 200 7372 "https://www.nspw.org/" "Mozilla/5.0 (Windows NT 6.1; WOW64) AppleWebKit/537.36 (KHTML, like Gecko) Chrome/50.0.2661.102 Safari/537.36"
180.163.220.41 - - [02/May/2018:20:15:07 -0400] "GET /themes/garland/images/body.png HTTP/1.1" 200 993 "https://www.nspw.org/" "Mozilla/5.0 (Windows NT 6.1; WOW64) AppleWebKit/537.36 (KHTML, like Gecko) Chrome/50.0.2661.102 Safari/537.36"
180.163.220.96 - - [02/May/2018:20:15:07 -0400] "GET /themes/garland/images/bg-navigation-item.png HTTP/1.1" 200 812 "https://www.nspw.org/" "Mozilla/5.0 (Windows NT 6.1; WOW64) AppleWebKit/537.36 (KHTML, like Gecko) Chrome/50.0.2661.102 Safari/537.36"
180.163.220.60 - - [02/May/2018:20:15:07 -0400] "GET /themes/garland/images/bg-navigation-item-hover.png HTTP/1.1" 200 754 "https://www.nspw.org/" "Mozilla/5.0 (Windows NT 6.1; WOW64) AppleWebKit/537.36 (KHTML, like Gecko) Chrome/50.0.2661.102 Safari/537.36"
180.163.220.125 - - [02/May/2018:20:15:07 -0400] "GET /themes/garland/images/menu-leaf.gif HTTP/1.1" 200 486 "https://www.nspw.org/" "Mozilla/5.0 (Windows NT 6.1; WOW64) AppleWebKit/537.36 (KHTML, like Gecko) Chrome/50.0.2661.102 Safari/537.36"
180.163.220.100 - - [02/May/2018:20:15:07 -0400] "GET /sites/default/files/nspw-logo-smaller.jpg HTTP/1.1" 200 2534 "https://www.nspw.org/" "Mozilla/5.0 (Windows NT 6.1; WOW64) AppleWebKit/537.36 (KHTML, like Gecko) Chrome/50.0.2661.102 Safari/537.36"
180.163.220.42 - - [02/May/2018:20:15:07 -0400] "GET /themes/garland/images/menu-expanded.gif HTTP/1.1" 200 495 "https://www.nspw.org/" "Mozilla/5.0 (Windows NT 6.1; WOW64) AppleWebKit/537.36 (KHTML, like Gecko) Chrome/50.0.2661.102 Safari/537.36"
180.163.220.41 - - [02/May/2018:20:15:07 -0400] "GET /themes/garland/images/bg-content.png HTTP/1.1" 200 798 "https://www.nspw.org/" "Mozilla/5.0 (Windows NT 6.1; WOW64) AppleWebKit/537.36 (KHTML, like Gecko) Chrome/50.0.2661.102 Safari/537.36"
180.163.220.60 - - [02/May/2018:20:15:07 -0400] "GET /themes/garland/images/menu-collapsed.gif HTTP/1.1" 200 488 "https://www.nspw.org/" "Mozilla/5.0 (Windows NT 6.1; WOW64) AppleWebKit/537.36 (KHTML, like Gecko) Chrome/50.0.2661.102 Safari/537.36"
180.163.220.100 - - [02/May/2018:20:15:07 -0400] "GET /themes/garland/images/bg-content-right.png HTTP/1.1" 200 3162 "https://www.nspw.org/" "Mozilla/5.0 (Windows NT 6.1; WOW64) AppleWebKit/537.36 (KHTML, like Gecko) Chrome/50.0.2661.102 Safari/537.36"
180.163.220.125 - - [02/May/2018:20:15:07 -0400] "GET /themes/garland/images/bg-content-left.png HTTP/1.1" 200 3232 "https://www.nspw.org/" "Mozilla/5.0 (Windows NT 6.1; WOW64) AppleWebKit/537.36 (KHTML, like Gecko) Chrome/50.0.2661.102 Safari/537.36"
69.162.124.227 - - [02/May/2018:20:15:21 -0400] "HEAD / HTTP/1.1" 200 3874 "http://nspw.org/" "Mozilla/5.0+(compatible; UptimeRobot/2.0; http://www.uptimerobot.com/)"
122.150.90.235 - - [02/May/2018:20:14:46 -0400] "GET /2009/proceedings/1993/nspw1993-strens.pdf HTTP/1.1" 206 520755 "https://www.nspw.org/2009/proceedings/1993/nspw1993-strens.pdf" "Mozilla/5.0 (Windows NT 6.1; WOW64) AppleWebKit/537.36 (KHTML, like Gecko) Chrome/55.0.2883.87 Safari/537.36"
69.80.10.35 - - [02/May/2018:20:16:52 -0400] "GET /wp-login.php HTTP/1.1" 404 7985 "-" "Mozilla/5.0 (Windows NT 6.1; WOW64; rv:40.0) Gecko/20100101 Firefox/40.1"
69.80.10.35 - - [02/May/2018:20:16:54 -0400] "GET / HTTP/1.1" 200 8206 "-" "Mozilla/5.0 (Windows NT 6.1; WOW64; rv:40.0) Gecko/20100101 Firefox/40.1"
35.226.164.28 - - [02/May/2018:20:17:13 -0400] "GET /robots.txt HTTP/1.1" 200 4496 "-" "ltx71 - (http://ltx71.com/)"
123.125.71.79 - - [02/May/2018:20:19:51 -0400] "GET / HTTP/1.1" 200 11573 "-" "Mozilla/5.0 (compatible; Baiduspider/2.0; +http://www.baidu.com/search/spider.html)"
69.162.124.227 - - [02/May/2018:20:20:21 -0400] "HEAD / HTTP/1.1" 200 3874 "http://nspw.org/" "Mozilla/5.0+(compatible; UptimeRobot/2.0; http://www.uptimerobot.com/)"
157.55.39.141 - - [02/May/2018:20:20:08 -0400] "GET /papers/2002/nspw2002-ashley.pdf HTTP/1.1" 200 663028 "-" "Mozilla/5.0 (iPhone; CPU iPhone OS 7_0 like Mac OS X) AppleWebKit/537.51.1 (KHTML, like Gecko) Version/7.0 Mobile/11A465 Safari/9537.53 (compatible; bingbot/2.0; +http://www.bing.com/bingbot.htm)"
69.162.124.227 - - [02/May/2018:20:25:21 -0400] "HEAD / HTTP/1.1" 200 3874 "http://nspw.org/" "Mozilla/5.0+(compatible; UptimeRobot/2.0; http://www.uptimerobot.com/)"
66.249.64.16 - - [02/May/2018:20:25:56 -0400] "GET /2008/pc.shtml HTTP/1.1" 200 5930 "-" "Mozilla/5.0 (compatible; Googlebot/2.1; +http://www.google.com/bot.html)"
66.249.64.219 - - [02/May/2018:20:27:22 -0400] "GET /papers/2010/nspw2010-raskin.pdf HTTP/1.1" 200 610901 "-" "Mozilla/5.0 (compatible; Googlebot/2.1; +http://www.google.com/bot.html)"
216.38.149.58 - - [02/May/2018:20:28:00 -0400] "GET /favicon.ico HTTP/1.1" 404 4109 "https://www.nspw.org/papers/2009/nspw2009-herley.pdf" "Mozilla/5.0 (Macintosh; Intel Mac OS X 10_13_4) AppleWebKit/537.36 (KHTML, like Gecko) Chrome/66.0.3359.139 Safari/537.36"
216.38.149.58 - - [02/May/2018:20:28:00 -0400] "GET /papers/2009/nspw2009-herley.pdf HTTP/1.1" 200 189209 "https://www.google.com/" "Mozilla/5.0 (Macintosh; Intel Mac OS X 10_13_4) AppleWebKit/537.36 (KHTML, like Gecko) Chrome/66.0.3359.139 Safari/537.36"
35.174.5.108 - - [02/May/2018:20:28:45 -0400] "GET /papers/2009/nspw2009-herley.pdf HTTP/1.1" 206 20003 "-" "Slackbot-LinkExpanding 1.0 (+https://api.slack.com/robots)"
207.46.13.54 - - [02/May/2018:20:29:11 -0400] "GET /papers/1999/nspw1999-olthoff-3.pdf HTTP/1.1" 200 1120149 "-" "Mozilla/5.0 (iPhone; CPU iPhone OS 7_0 like Mac OS X) AppleWebKit/537.51.1 (KHTML, like Gecko) Version/7.0 Mobile/11A465 Safari/9537.53 (compatible; bingbot/2.0; +http://www.bing.com/bingbot.htm)"
69.162.124.227 - - [02/May/2018:20:30:21 -0400] "HEAD / HTTP/1.1" 200 3874 "http://nspw.org/" "Mozilla/5.0+(compatible; UptimeRobot/2.0; http://www.uptimerobot.com/)"
66.249.64.215 - - [02/May/2018:20:30:42 -0400] "GET /modules/user/user.css?nhfa6e HTTP/1.1" 200 4456 "http://www.nspw.org/2016/sponsors" "Mozilla/5.0 (compatible; Googlebot/2.1; +http://www.google.com/bot.html)"
66.249.64.215 - - [02/May/2018:20:30:42 -0400] "GET /modules/node/node.css?nhfa6e HTTP/1.1" 200 472 "http://www.nspw.org/2016/sponsors" "Mozilla/5.0 (compatible; Googlebot/2.1; +http://www.google.com/bot.html)"
66.249.64.215 - - [02/May/2018:20:30:43 -0400] "GET /modules/system/system.base.css?nhfa6e HTTP/1.1" 200 2307 "http://www.nspw.org/2016/sponsors" "Mozilla/5.0 (compatible; Googlebot/2.1; +http://www.google.com/bot.html)"
66.249.64.215 - - [02/May/2018:20:30:43 -0400] "GET /modules/system/system.messages.css?nhfa6e HTTP/1.1" 200 746 "http://www.nspw.org/2016/sponsors" "Mozilla/5.0 (compatible; Googlebot/2.1; +http://www.google.com/bot.html)"
66.249.64.215 - - [02/May/2018:20:30:44 -0400] "GET /themes/garland/style.css?nhfa6e HTTP/1.1" 200 5370 "http://www.nspw.org/2016/sponsors" "Mozilla/5.0 (compatible; Googlebot/2.1; +http://www.google.com/bot.html)"
66.249.64.215 - - [02/May/2018:20:30:44 -0400] "GET /themes/garland/print.css?nhfa6e HTTP/1.1" 200 771 "http://www.nspw.org/2016/sponsors" "Mozilla/5.0 (compatible; Googlebot/2.1; +http://www.google.com/bot.html)"
66.249.64.215 - - [02/May/2018:20:30:45 -0400] "GET /modules/field/theme/field.css?nhfa6e HTTP/1.1" 200 599 "http://www.nspw.org/2016/sponsors" "Mozilla/5.0 (compatible; Googlebot/2.1; +http://www.google.com/bot.html)"
66.249.64.215 - - [02/May/2018:20:30:45 -0400] "GET /modules/system/system.menus.css?nhfa6e HTTP/1.1" 200 1025 "http://www.nspw.org/2016/sponsors" "Mozilla/5.0 (compatible; Googlebot/2.1; +http://www.google.com/bot.html)"
66.249.64.215 - - [02/May/2018:20:30:46 -0400] "GET /modules/system/system.theme.css?nhfa6e HTTP/1.1" 200 1585 "http://www.nspw.org/2016/sponsors" "Mozilla/5.0 (compatible; Googlebot/2.1; +http://www.google.com/bot.html)"
178.255.215.92 - - [02/May/2018:20:30:58 -0400] "GET /robots.txt HTTP/1.1" 200 4548 "-" "Mozilla/5.0 (compatible; Exabot/3.0; +http://www.exabot.com/go/robot)"
103.80.142.154 - - [02/May/2018:20:34:24 -0400] "GET /wp-login.php HTTP/1.1" 404 7495 "-" "Mozilla/5.0 (Windows NT 6.1; WOW64; rv:40.0) Gecko/20100101 Firefox/40.1"
103.80.142.154 - - [02/May/2018:20:34:25 -0400] "GET / HTTP/1.1" 200 8218 "-" "Mozilla/5.0 (Windows NT 6.1; WOW64; rv:40.0) Gecko/20100101 Firefox/40.1"
69.162.124.227 - - [02/May/2018:20:35:21 -0400] "HEAD / HTTP/1.1" 200 3874 "http://nspw.org/" "Mozilla/5.0+(compatible; UptimeRobot/2.0; http://www.uptimerobot.com/)"
144.138.6.243 - - [02/May/2018:20:35:56 -0400] "GET /wp-login.php HTTP/1.1" 404 7985 "-" "Mozilla/5.0 (Windows NT 6.1; WOW64; rv:40.0) Gecko/20100101 Firefox/40.1"
144.138.6.243 - - [02/May/2018:20:35:58 -0400] "GET / HTTP/1.1" 200 8206 "-" "Mozilla/5.0 (Windows NT 6.1; WOW64; rv:40.0) Gecko/20100101 Firefox/40.1"
179.124.158.138 - - [02/May/2018:20:36:04 -0400] "GET /wp-login.php HTTP/1.1" 404 7839 "-" "Mozilla/5.0 (Windows NT 6.1; WOW64; rv:40.0) Gecko/20100101 Firefox/40.1"
179.124.158.138 - - [02/May/2018:20:36:04 -0400] "GET / HTTP/1.1" 200 8218 "-" "Mozilla/5.0 (Windows NT 6.1; WOW64; rv:40.0) Gecko/20100101 Firefox/40.1"
207.46.13.1 - - [02/May/2018:20:36:55 -0400] "GET /node/70 HTTP/1.1" 200 7482 "-" "Mozilla/5.0 (compatible; bingbot/2.0; +http://www.bing.com/bingbot.htm)"
66.249.93.91 - - [02/May/2018:20:37:30 -0400] "GET / HTTP/1.1" 200 6607 "-" "Mozilla/5.0 (X11; Linux x86_64) AppleWebKit/537.36 (KHTML, like Gecko) Chrome/49.0.2623.75 Safari/537.36 Google Favicon"
66.249.93.87 - - [02/May/2018:20:37:31 -0400] "GET /favicon.ico HTTP/1.1" 404 4094 "-" "Mozilla/5.0 (X11; Linux x86_64) AppleWebKit/537.36 (KHTML, like Gecko) Chrome/49.0.2623.75 Safari/537.36 Google Favicon"
204.79.180.0 - - [02/May/2018:20:38:58 -0400] "GET /2017 HTTP/1.1" 200 6556 "-" "Mozilla/5.0 (compatible; MSIE 9.0; Windows NT 6.0; Trident/5.0;  Trident/5.0)"
204.79.180.0 - - [02/May/2018:20:38:59 -0400] "GET /modules/system/system.base.css?p7r9uw HTTP/1.1" 200 2303 "https://nspw.org/2017" "Mozilla/5.0 (compatible; MSIE 9.0; Windows NT 6.0; Trident/5.0;  Trident/5.0)"
204.79.180.15 - - [02/May/2018:20:39:00 -0400] "GET /modules/system/system.menus.css?p7r9uw HTTP/1.1" 200 1178 "https://nspw.org/2017" "Mozilla/5.0 (compatible; MSIE 9.0; Windows NT 6.0; Trident/5.0;  Trident/5.0)"
204.79.180.8 - - [02/May/2018:20:39:00 -0400] "GET /modules/system/system.messages.css?p7r9uw HTTP/1.1" 200 906 "https://nspw.org/2017" "Mozilla/5.0 (compatible; MSIE 9.0; Windows NT 6.0; Trident/5.0;  Trident/5.0)"
204.79.180.15 - - [02/May/2018:20:39:00 -0400] "GET /modules/comment/comment.css?p7r9uw HTTP/1.1" 200 517 "https://nspw.org/2017" "Mozilla/5.0 (compatible; MSIE 9.0; Windows NT 6.0; Trident/5.0;  Trident/5.0)"
204.79.180.8 - - [02/May/2018:20:39:00 -0400] "GET /modules/field/theme/field.css?p7r9uw HTTP/1.1" 200 597 "https://nspw.org/2017" "Mozilla/5.0 (compatible; MSIE 9.0; Windows NT 6.0; Trident/5.0;  Trident/5.0)"
204.79.180.15 - - [02/May/2018:20:39:00 -0400] "GET /modules/node/node.css?p7r9uw HTTP/1.1" 200 469 "https://nspw.org/2017" "Mozilla/5.0 (compatible; MSIE 9.0; Windows NT 6.0; Trident/5.0;  Trident/5.0)"
204.79.180.8 - - [02/May/2018:20:39:00 -0400] "GET /modules/user/user.css?p7r9uw HTTP/1.1" 200 1061 "https://nspw.org/2017" "Mozilla/5.0 (compatible; MSIE 9.0; Windows NT 6.0; Trident/5.0;  Trident/5.0)"
204.79.180.1 - - [02/May/2018:20:39:00 -0400] "GET /modules/system/system.theme.css?p7r9uw HTTP/1.1" 200 1738 "https://nspw.org/2017" "Mozilla/5.0 (compatible; MSIE 9.0; Windows NT 6.0; Trident/5.0;  Trident/5.0)"
204.79.180.15 - - [02/May/2018:20:39:01 -0400] "GET /themes/garland/style.css?p7r9uw HTTP/1.1" 200 5375 "https://nspw.org/2017" "Mozilla/5.0 (compatible; MSIE 9.0; Windows NT 6.0; Trident/5.0;  Trident/5.0)"
204.79.180.8 - - [02/May/2018:20:39:01 -0400] "GET /themes/garland/print.css?p7r9uw HTTP/1.1" 200 773 "https://nspw.org/2017" "Mozilla/5.0 (compatible; MSIE 9.0; Windows NT 6.0; Trident/5.0;  Trident/5.0)"
204.79.180.15 - - [02/May/2018:20:39:01 -0400] "GET /misc/jquery.js?v=1.4.4 HTTP/1.1" 200 27630 "https://nspw.org/2017" "Mozilla/5.0 (compatible; MSIE 9.0; Windows NT 6.0; Trident/5.0;  Trident/5.0)"
204.79.180.8 - - [02/May/2018:20:39:01 -0400] "GET /misc/jquery.once.js?v=1.2 HTTP/1.1" 200 1445 "https://nspw.org/2017" "Mozilla/5.0 (compatible; MSIE 9.0; Windows NT 6.0; Trident/5.0;  Trident/5.0)"
204.79.180.0 - - [02/May/2018:20:39:02 -0400] "GET /misc/drupal.js?p7r9uw HTTP/1.1" 200 7375 "https://nspw.org/2017" "Mozilla/5.0 (compatible; MSIE 9.0; Windows NT 6.0; Trident/5.0;  Trident/5.0)"
204.79.180.15 - - [02/May/2018:20:39:02 -0400] "GET /sites/default/files/nspw-logo-smaller.jpg HTTP/1.1" 200 2554 "https://nspw.org/2017" "Mozilla/5.0 (compatible; MSIE 9.0; Windows NT 6.0; Trident/5.0;  Trident/5.0)"
204.79.180.15 - - [02/May/2018:20:39:03 -0400] "GET /themes/garland/images/menu-leaf.gif HTTP/1.1" 200 485 "https://nspw.org/2017" "Mozilla/5.0 (compatible; MSIE 9.0; Windows NT 6.0; Trident/5.0;  Trident/5.0)"
204.79.180.8 - - [02/May/2018:20:39:03 -0400] "GET /themes/garland/images/menu-collapsed.gif HTTP/1.1" 200 485 "https://nspw.org/2017" "Mozilla/5.0 (compatible; MSIE 9.0; Windows NT 6.0; Trident/5.0;  Trident/5.0)"
204.79.180.1 - - [02/May/2018:20:39:04 -0400] "GET /themes/garland/images/body.png HTTP/1.1" 200 997 "https://nspw.org/2017" "Mozilla/5.0 (compatible; MSIE 9.0; Windows NT 6.0; Trident/5.0;  Trident/5.0)"
204.79.180.0 - - [02/May/2018:20:39:04 -0400] "GET /themes/garland/images/menu-expanded.gif HTTP/1.1" 200 501 "https://nspw.org/2017" "Mozilla/5.0 (compatible; MSIE 9.0; Windows NT 6.0; Trident/5.0;  Trident/5.0)"
204.79.180.15 - - [02/May/2018:20:39:04 -0400] "GET /themes/garland/images/bg-content.png HTTP/1.1" 200 805 "https://nspw.org/2017" "Mozilla/5.0 (compatible; MSIE 9.0; Windows NT 6.0; Trident/5.0;  Trident/5.0)"
204.79.180.1 - - [02/May/2018:20:39:04 -0400] "GET /themes/garland/images/bg-content-right.png HTTP/1.1" 200 3178 "https://nspw.org/2017" "Mozilla/5.0 (compatible; MSIE 9.0; Windows NT 6.0; Trident/5.0;  Trident/5.0)"
204.79.180.8 - - [02/May/2018:20:39:04 -0400] "GET /themes/garland/images/bg-content-left.png HTTP/1.1" 200 3242 "https://nspw.org/2017" "Mozilla/5.0 (compatible; MSIE 9.0; Windows NT 6.0; Trident/5.0;  Trident/5.0)"
204.79.180.15 - - [02/May/2018:20:39:04 -0400] "GET /themes/garland/images/bg-navigation-item.png HTTP/1.1" 200 821 "https://nspw.org/2017" "Mozilla/5.0 (compatible; MSIE 9.0; Windows NT 6.0; Trident/5.0;  Trident/5.0)"
36.110.211.108 - - [02/May/2018:20:39:13 -0400] "GET / HTTP/1.1" 200 11540 "http://www.so.com" "Mozilla/5.0 (Windows NT 6.2; rv:30.0) Gecko/20150101 Firefox/32.0 360Spider 360Spider"
39.51.125.96 - - [02/May/2018:20:39:30 -0400] "GET /wp-login.php HTTP/1.1" 404 7491 "-" "Mozilla/5.0 (Windows NT 6.1; WOW64; rv:40.0) Gecko/20100101 Firefox/40.1"
39.51.125.96 - - [02/May/2018:20:39:35 -0400] "GET / HTTP/1.1" 200 8218 "-" "Mozilla/5.0 (Windows NT 6.1; WOW64; rv:40.0) Gecko/20100101 Firefox/40.1"
66.249.64.217 - - [02/May/2018:20:39:47 -0400] "GET /2018/cfp HTTP/1.1" 200 8152 "-" "Mozilla/5.0 (compatible; Googlebot/2.1; +http://www.google.com/bot.html)"
69.162.124.227 - - [02/May/2018:20:40:21 -0400] "HEAD / HTTP/1.1" 200 3874 "http://nspw.org/" "Mozilla/5.0+(compatible; UptimeRobot/2.0; http://www.uptimerobot.com/)"
190.73.145.180 - - [02/May/2018:20:41:32 -0400] "GET /wp-login.php HTTP/1.1" 404 7491 "-" "Mozilla/5.0 (Windows NT 6.1; WOW64; rv:40.0) Gecko/20100101 Firefox/40.1"
190.73.145.180 - - [02/May/2018:20:41:33 -0400] "GET / HTTP/1.1" 200 8218 "-" "Mozilla/5.0 (Windows NT 6.1; WOW64; rv:40.0) Gecko/20100101 Firefox/40.1"
93.32.69.4 - - [02/May/2018:20:43:01 -0400] "GET /wp-login.php HTTP/1.1" 404 7491 "-" "Mozilla/5.0 (Windows NT 6.1; WOW64; rv:40.0) Gecko/20100101 Firefox/40.1"
93.32.69.4 - - [02/May/2018:20:43:01 -0400] "GET / HTTP/1.1" 200 8218 "-" "Mozilla/5.0 (Windows NT 6.1; WOW64; rv:40.0) Gecko/20100101 Firefox/40.1"
69.162.124.227 - - [02/May/2018:20:45:21 -0400] "HEAD / HTTP/1.1" 200 3874 "http://nspw.org/" "Mozilla/5.0+(compatible; UptimeRobot/2.0; http://www.uptimerobot.com/)"
207.46.13.1 - - [02/May/2018:20:45:21 -0400] "GET / HTTP/1.1" 200 7081 "-" "Mozilla/5.0 (compatible; bingbot/2.0; +http://www.bing.com/bingbot.htm)"
180.76.15.32 - - [02/May/2018:20:45:25 -0400] "GET /2007/ HTTP/1.1" 200 8269 "-" "Mozilla/5.0 (compatible; Baiduspider/2.0; +http://www.baidu.com/search/spider.html)"
177.74.184.41 - - [02/May/2018:20:48:37 -0400] "GET /wp-login.php HTTP/1.1" 404 8180 "-" "Mozilla/5.0 (Windows NT 6.1; WOW64; rv:40.0) Gecko/20100101 Firefox/40.1"
177.74.184.41 - - [02/May/2018:20:48:39 -0400] "GET / HTTP/1.1" 200 8298 "-" "Mozilla/5.0 (Windows NT 6.1; WOW64; rv:40.0) Gecko/20100101 Firefox/40.1"
69.162.124.227 - - [02/May/2018:20:50:21 -0400] "HEAD / HTTP/1.1" 200 3874 "http://nspw.org/" "Mozilla/5.0+(compatible; UptimeRobot/2.0; http://www.uptimerobot.com/)"
216.244.66.247 - - [02/May/2018:20:50:44 -0400] "GET /robots.txt HTTP/1.1" 200 5796 "-" "Mozilla/5.0 (compatible; DotBot/1.1; http://www.opensiteexplorer.org/dotbot, help@moz.com)"
216.244.66.247 - - [02/May/2018:20:50:44 -0400] "GET /robots.txt HTTP/1.1" 200 5796 "-" "Mozilla/5.0 (compatible; DotBot/1.1; http://www.opensiteexplorer.org/dotbot, help@moz.com)"
66.249.64.217 - - [02/May/2018:20:52:12 -0400] "GET /2009/proceedings/1996/nspw1996-wulf.pdf HTTP/1.1" 304 3606 "-" "Mozilla/5.0 (compatible; Googlebot/2.1; +http://www.google.com/bot.html)"
69.162.124.227 - - [02/May/2018:20:55:20 -0400] "HEAD / HTTP/1.1" 200 3874 "http://nspw.org/" "Mozilla/5.0+(compatible; UptimeRobot/2.0; http://www.uptimerobot.com/)"
119.95.40.33 - - [02/May/2018:20:56:46 -0400] "GET /wp-login.php HTTP/1.1" 404 7491 "-" "Mozilla/5.0 (Windows NT 6.1; WOW64; rv:40.0) Gecko/20100101 Firefox/40.1"
119.95.40.33 - - [02/May/2018:20:56:47 -0400] "GET / HTTP/1.1" 200 8218 "-" "Mozilla/5.0 (Windows NT 6.1; WOW64; rv:40.0) Gecko/20100101 Firefox/40.1"
123.125.143.134 - - [02/May/2018:20:58:25 -0400] "GET / HTTP/1.1" 200 6635 "-" "Mozilla/5.0 (Windows NT 6.1; WOW64; rv:43.0) Gecko/20100101 Firefox/43.0"
123.125.143.134 - - [02/May/2018:20:58:26 -0400] "GET /modules/system/system.base.css?p7r9uw HTTP/1.1" 200 2307 "https://www.nspw.org/" "Mozilla/5.0 (Windows NT 6.1; WOW64; rv:43.0) Gecko/20100101 Firefox/43.0"
123.125.143.134 - - [02/May/2018:20:58:26 -0400] "GET /modules/system/system.menus.css?p7r9uw HTTP/1.1" 200 1025 "https://www.nspw.org/" "Mozilla/5.0 (Windows NT 6.1; WOW64; rv:43.0) Gecko/20100101 Firefox/43.0"
123.125.143.7 - - [02/May/2018:20:58:26 -0400] "GET /modules/system/system.messages.css?p7r9uw HTTP/1.1" 200 884 "https://www.nspw.org/" "Mozilla/5.0 (Windows NT 6.1; WOW64; rv:43.0) Gecko/20100101 Firefox/43.0"
123.125.143.145 - - [02/May/2018:20:58:26 -0400] "GET /modules/system/system.theme.css?p7r9uw HTTP/1.1" 200 1723 "https://www.nspw.org/" "Mozilla/5.0 (Windows NT 6.1; WOW64; rv:43.0) Gecko/20100101 Firefox/43.0"
123.125.143.12 - - [02/May/2018:20:58:26 -0400] "GET /modules/comment/comment.css?p7r9uw HTTP/1.1" 200 643 "https://www.nspw.org/" "Mozilla/5.0 (Windows NT 6.1; WOW64; rv:43.0) Gecko/20100101 Firefox/43.0"
123.125.143.14 - - [02/May/2018:20:58:26 -0400] "GET /modules/node/node.css?p7r9uw HTTP/1.1" 200 610 "https://www.nspw.org/" "Mozilla/5.0 (Windows NT 6.1; WOW64; rv:43.0) Gecko/20100101 Firefox/43.0"
123.125.143.134 - - [02/May/2018:20:58:26 -0400] "GET /modules/field/theme/field.css?p7r9uw HTTP/1.1" 200 599 "https://www.nspw.org/" "Mozilla/5.0 (Windows NT 6.1; WOW64; rv:43.0) Gecko/20100101 Firefox/43.0"
123.125.143.141 - - [02/May/2018:20:58:26 -0400] "GET /modules/user/user.css?p7r9uw HTTP/1.1" 200 1200 "https://www.nspw.org/" "Mozilla/5.0 (Windows NT 6.1; WOW64; rv:43.0) Gecko/20100101 Firefox/43.0"
123.125.143.7 - - [02/May/2018:20:58:26 -0400] "GET /themes/garland/style.css?p7r9uw HTTP/1.1" 200 5370 "https://www.nspw.org/" "Mozilla/5.0 (Windows NT 6.1; WOW64; rv:43.0) Gecko/20100101 Firefox/43.0"
123.125.143.145 - - [02/May/2018:20:58:26 -0400] "GET /themes/garland/print.css?p7r9uw HTTP/1.1" 200 771 "https://www.nspw.org/" "Mozilla/5.0 (Windows NT 6.1; WOW64; rv:43.0) Gecko/20100101 Firefox/43.0"
123.125.143.14 - - [02/May/2018:20:58:26 -0400] "GET /misc/jquery.once.js?v=1.2 HTTP/1.1" 200 1445 "https://www.nspw.org/" "Mozilla/5.0 (Windows NT 6.1; WOW64; rv:43.0) Gecko/20100101 Firefox/43.0"
123.125.143.12 - - [02/May/2018:20:58:26 -0400] "GET /misc/jquery.js?v=1.4.4 HTTP/1.1" 200 27601 "https://www.nspw.org/" "Mozilla/5.0 (Windows NT 6.1; WOW64; rv:43.0) Gecko/20100101 Firefox/43.0"
123.125.143.134 - - [02/May/2018:20:58:26 -0400] "GET /misc/drupal.js?p7r9uw HTTP/1.1" 200 7372 "https://www.nspw.org/" "Mozilla/5.0 (Windows NT 6.1; WOW64; rv:43.0) Gecko/20100101 Firefox/43.0"
207.46.13.54 - - [02/May/2018:20:59:29 -0400] "GET /papers/2005/nspw2005-schwarting.pdf HTTP/1.1" 200 693474 "-" "Mozilla/5.0 (iPhone; CPU iPhone OS 7_0 like Mac OS X) AppleWebKit/537.51.1 (KHTML, like Gecko) Version/7.0 Mobile/11A465 Safari/9537.53 (compatible; bingbot/2.0; +http://www.bing.com/bingbot.htm)"
118.101.85.30 - - [02/May/2018:21:00:18 -0400] "GET /wp-login.php HTTP/1.1" 404 7839 "-" "Mozilla/5.0 (Windows NT 6.1; WOW64; rv:40.0) Gecko/20100101 Firefox/40.1"
118.101.85.30 - - [02/May/2018:21:00:19 -0400] "GET / HTTP/1.1" 200 8218 "-" "Mozilla/5.0 (Windows NT 6.1; WOW64; rv:40.0) Gecko/20100101 Firefox/40.1"
69.162.124.227 - - [02/May/2018:21:00:21 -0400] "HEAD / HTTP/1.1" 200 3874 "http://nspw.org/" "Mozilla/5.0+(compatible; UptimeRobot/2.0; http://www.uptimerobot.com/)"
77.88.47.40 - - [02/May/2018:21:03:23 -0400] "GET /robots.txt HTTP/1.1" 200 5979 "-" "Mozilla/5.0 (compatible; YandexBot/3.0; +http://yandex.com/bots)"
5.255.250.67 - - [02/May/2018:21:03:27 -0400] "GET /papers/2009/?C=N;O=D HTTP/1.1" 200 4388 "-" "Mozilla/5.0 (compatible; YandexBot/3.0; +http://yandex.com/bots)"
93.158.161.149 - - [02/May/2018:21:03:31 -0400] "GET /node/15 HTTP/1.1" 200 6873 "-" "Mozilla/5.0 (compatible; YandexBot/3.0; +http://yandex.com/bots)"
66.249.64.217 - - [02/May/2018:21:04:36 -0400] "GET /2017 HTTP/1.1" 200 7050 "-" "Mozilla/5.0 (compatible; Googlebot/2.1; +http://www.google.com/bot.html)"
69.162.124.227 - - [02/May/2018:21:05:21 -0400] "HEAD / HTTP/1.1" 200 3874 "http://nspw.org/" "Mozilla/5.0+(compatible; UptimeRobot/2.0; http://www.uptimerobot.com/)"
93.158.161.149 - - [02/May/2018:21:05:17 -0400] "GET /papers/2012/docs/p15.pdf HTTP/1.1" 200 634561 "-" "Mozilla/5.0 (compatible; YandexBot/3.0; +http://yandex.com/bots)"
157.55.39.141 - - [02/May/2018:21:06:36 -0400] "GET /papers/ HTTP/1.1" 403 4409 "-" "Mozilla/5.0 (compatible; bingbot/2.0; +http://www.bing.com/bingbot.htm)"
109.93.195.111 - - [02/May/2018:21:07:54 -0400] "GET /wp-login.php HTTP/1.1" 404 7839 "-" "Mozilla/5.0 (Windows NT 6.1; WOW64; rv:40.0) Gecko/20100101 Firefox/40.1"
109.93.195.111 - - [02/May/2018:21:07:55 -0400] "GET / HTTP/1.1" 200 8218 "-" "Mozilla/5.0 (Windows NT 6.1; WOW64; rv:40.0) Gecko/20100101 Firefox/40.1"
85.191.188.156 - - [02/May/2018:21:10:13 -0400] "GET /wp-login.php HTTP/1.1" 404 7985 "-" "Mozilla/5.0 (Windows NT 6.1; WOW64; rv:40.0) Gecko/20100101 Firefox/40.1"
85.191.188.156 - - [02/May/2018:21:10:13 -0400] "GET / HTTP/1.1" 200 8206 "-" "Mozilla/5.0 (Windows NT 6.1; WOW64; rv:40.0) Gecko/20100101 Firefox/40.1"
211.145.40.71 - - [02/May/2018:21:10:17 -0400] "GET /favicon.ico HTTP/1.1" 404 4142 "-" "Mozilla/5.0 (Windows NT 6.1; WOW64) AppleWebKit/537.36 (KHTML, like Gecko) Chrome/49.0.2623.75 Safari/537.36 LBBROWSER"
69.162.124.227 - - [02/May/2018:21:10:21 -0400] "HEAD / HTTP/1.1" 200 3874 "http://nspw.org/" "Mozilla/5.0+(compatible; UptimeRobot/2.0; http://www.uptimerobot.com/)"
211.145.40.71 - - [02/May/2018:21:11:01 -0400] "GET /favicon.ico HTTP/1.1" 404 857 "-" "Mozilla/5.0 (Windows NT 6.1; WOW64) AppleWebKit/537.36 (KHTML, like Gecko) Chrome/49.0.2623.75 Safari/537.36 LBBROWSER"
211.145.40.71 - - [02/May/2018:21:11:24 -0400] "GET /favicon.ico HTTP/1.1" 404 857 "-" "Mozilla/5.0 (Windows NT 6.1; WOW64) AppleWebKit/537.36 (KHTML, like Gecko) Chrome/49.0.2623.75 Safari/537.36 LBBROWSER"
101.109.68.172 - - [02/May/2018:21:12:48 -0400] "GET /wp-login.php HTTP/1.1" 404 7491 "-" "Mozilla/5.0 (Windows NT 6.1; WOW64; rv:40.0) Gecko/20100101 Firefox/40.1"
101.109.68.172 - - [02/May/2018:21:12:50 -0400] "GET / HTTP/1.1" 200 8218 "-" "Mozilla/5.0 (Windows NT 6.1; WOW64; rv:40.0) Gecko/20100101 Firefox/40.1"
66.27.148.254 - - [02/May/2018:21:12:53 -0400] "GET /wp-login.php HTTP/1.1" 404 7839 "-" "Mozilla/5.0 (Windows NT 6.1; WOW64; rv:40.0) Gecko/20100101 Firefox/40.1"
66.27.148.254 - - [02/May/2018:21:12:53 -0400] "GET / HTTP/1.1" 200 8218 "-" "Mozilla/5.0 (Windows NT 6.1; WOW64; rv:40.0) Gecko/20100101 Firefox/40.1"
109.129.65.255 - - [02/May/2018:21:13:33 -0400] "GET /wp-login.php HTTP/1.1" 404 7985 "-" "Mozilla/5.0 (Windows NT 6.1; WOW64; rv:40.0) Gecko/20100101 Firefox/40.1"
109.129.65.255 - - [02/May/2018:21:13:34 -0400] "GET / HTTP/1.1" 200 8206 "-" "Mozilla/5.0 (Windows NT 6.1; WOW64; rv:40.0) Gecko/20100101 Firefox/40.1"
199.16.157.182 - - [02/May/2018:21:13:36 -0400] "GET /robots.txt HTTP/1.1" 200 5699 "-" "Twitterbot/1.0"
109.194.250.204 - - [02/May/2018:21:13:59 -0400] "GET / HTTP/1.0" 200 11576 "https://www.nspw.org/" "Mozilla/5.0 (Windows NT 6.1; Win64; x64; rv:57.0) Gecko/20100101 Firefox/57.0"
207.46.13.54 - - [02/May/2018:21:13:26 -0400] "GET /papers/2002/nspw2002-inoue.pdf HTTP/1.1" 200 872975 "-" "Mozilla/5.0 (iPhone; CPU iPhone OS 7_0 like Mac OS X) AppleWebKit/537.51.1 (KHTML, like Gecko) Version/7.0 Mobile/11A465 Safari/9537.53 (compatible; bingbot/2.0; +http://www.bing.com/bingbot.htm)"
216.244.66.200 - - [02/May/2018:21:15:15 -0400] "GET /robots.txt HTTP/1.1" 200 5796 "-" "Mozilla/5.0 (compatible; DotBot/1.1; http://www.opensiteexplorer.org/dotbot, help@moz.com)"
69.162.124.227 - - [02/May/2018:21:15:21 -0400] "HEAD / HTTP/1.1" 200 3874 "http://nspw.org/" "Mozilla/5.0+(compatible; UptimeRobot/2.0; http://www.uptimerobot.com/)"
216.244.66.236 - - [02/May/2018:21:15:26 -0400] "GET /robots.txt HTTP/1.1" 200 5796 "-" "Mozilla/5.0 (compatible; DotBot/1.1; http://www.opensiteexplorer.org/dotbot, help@moz.com)"
66.249.64.215 - - [02/May/2018:21:17:01 -0400] "GET /papers/1999/nspw1999-henning.pdf HTTP/1.1" 304 3605 "-" "Mozilla/5.0 (compatible; Googlebot/2.1; +http://www.google.com/bot.html)"
180.76.15.150 - - [02/May/2018:21:18:45 -0400] "GET /2009/proceedings/1997/nspw1997-moskowitz.pdf HTTP/1.1" 200 1361629 "-" "Mozilla/5.0 (compatible; Baiduspider/2.0; +http://www.baidu.com/search/spider.html)"
69.162.124.227 - - [02/May/2018:21:20:21 -0400] "HEAD / HTTP/1.1" 200 3874 "http://nspw.org/" "Mozilla/5.0+(compatible; UptimeRobot/2.0; http://www.uptimerobot.com/)"
157.55.39.141 - - [02/May/2018:21:20:22 -0400] "GET /papers/2003/nspw2003-alkassar.pdf HTTP/1.1" 200 788430 "-" "Mozilla/5.0 (iPhone; CPU iPhone OS 7_0 like Mac OS X) AppleWebKit/537.51.1 (KHTML, like Gecko) Version/7.0 Mobile/11A465 Safari/9537.53 (compatible; bingbot/2.0; +http://www.bing.com/bingbot.htm)"
103.42.216.0 - - [02/May/2018:21:23:09 -0400] "GET /wp-login.php HTTP/1.1" 404 7985 "-" "Mozilla/5.0 (Windows NT 6.1; WOW64; rv:40.0) Gecko/20100101 Firefox/40.1"
103.42.216.0 - - [02/May/2018:21:23:10 -0400] "GET / HTTP/1.1" 200 8206 "-" "Mozilla/5.0 (Windows NT 6.1; WOW64; rv:40.0) Gecko/20100101 Firefox/40.1"
69.162.124.227 - - [02/May/2018:21:25:21 -0400] "HEAD / HTTP/1.1" 200 3874 "http://nspw.org/" "Mozilla/5.0+(compatible; UptimeRobot/2.0; http://www.uptimerobot.com/)"
101.100.185.49 - - [02/May/2018:21:25:57 -0400] "GET /wp-login.php HTTP/1.1" 404 7491 "-" "Mozilla/5.0 (Windows NT 6.1; WOW64; rv:40.0) Gecko/20100101 Firefox/40.1"
101.100.185.49 - - [02/May/2018:21:25:57 -0400] "GET / HTTP/1.1" 200 8218 "-" "Mozilla/5.0 (Windows NT 6.1; WOW64; rv:40.0) Gecko/20100101 Firefox/40.1"
172.251.196.105 - - [02/May/2018:21:26:35 -0400] "GET /wp-login.php HTTP/1.1" 404 7495 "-" "Mozilla/5.0 (Windows NT 6.1; WOW64; rv:40.0) Gecko/20100101 Firefox/40.1"
172.251.196.105 - - [02/May/2018:21:26:36 -0400] "GET / HTTP/1.1" 200 8218 "-" "Mozilla/5.0 (Windows NT 6.1; WOW64; rv:40.0) Gecko/20100101 Firefox/40.1"
109.201.142.113 - - [02/May/2018:21:29:13 -0400] "GET /papers/2002/nspw2002-williams.pdf HTTP/1.1" 200 1179747 "-" "Mozilla/5.0 (Windows NT 10.0; Win64; x64; rv:57.0) Gecko/20100101 Firefox/57.0"
66.249.64.215 - - [02/May/2018:21:29:26 -0400] "GET / HTTP/1.1" 200 6606 "-" "Mozilla/5.0 (compatible; Googlebot/2.1; +http://www.google.com/bot.html)"
207.46.13.1 - - [02/May/2018:21:29:42 -0400] "GET /papers/2010/nspw2010-moore.pdf HTTP/1.1" 200 741634 "-" "Mozilla/5.0 (iPhone; CPU iPhone OS 7_0 like Mac OS X) AppleWebKit/537.51.1 (KHTML, like Gecko) Version/7.0 Mobile/11A465 Safari/9537.53 (compatible; bingbot/2.0; +http://www.bing.com/bingbot.htm)"
69.162.124.227 - - [02/May/2018:21:30:20 -0400] "HEAD / HTTP/1.1" 200 3874 "http://nspw.org/" "Mozilla/5.0+(compatible; UptimeRobot/2.0; http://www.uptimerobot.com/)"
207.46.13.4 - - [02/May/2018:21:30:35 -0400] "GET /2018 HTTP/1.1" 200 7380 "-" "Mozilla/5.0 (iPhone; CPU iPhone OS 7_0 like Mac OS X) AppleWebKit/537.51.1 (KHTML, like Gecko) Version/7.0 Mobile/11A465 Safari/9537.53 (compatible; bingbot/2.0; +http://www.bing.com/bingbot.htm)"
207.46.13.4 - - [02/May/2018:21:30:37 -0400] "GET /papers/2000/nspw2000-irvine.pdf HTTP/1.1" 200 689955 "-" "Mozilla/5.0 (compatible; bingbot/2.0; +http://www.bing.com/bingbot.htm)"
187.163.183.131 - - [02/May/2018:21:31:34 -0400] "GET /wp-login.php HTTP/1.1" 404 7839 "-" "Mozilla/5.0 (Windows NT 6.1; WOW64; rv:40.0) Gecko/20100101 Firefox/40.1"
187.163.183.131 - - [02/May/2018:21:31:35 -0400] "GET / HTTP/1.1" 200 8218 "-" "Mozilla/5.0 (Windows NT 6.1; WOW64; rv:40.0) Gecko/20100101 Firefox/40.1"
113.162.175.192 - - [02/May/2018:21:33:53 -0400] "GET /wp-login.php HTTP/1.1" 404 7985 "-" "Mozilla/5.0 (Windows NT 6.1; WOW64; rv:40.0) Gecko/20100101 Firefox/40.1"
113.162.175.192 - - [02/May/2018:21:33:56 -0400] "GET / HTTP/1.1" 200 8206 "-" "Mozilla/5.0 (Windows NT 6.1; WOW64; rv:40.0) Gecko/20100101 Firefox/40.1"
77.88.47.40 - - [02/May/2018:21:34:16 -0400] "GET /2009/proceedings/2004/nspw2004-popescu.pdf HTTP/1.1" 200 131393 "-" "Mozilla/5.0 (compatible; YandexBot/3.0; +http://yandex.com/bots)"
77.88.47.40 - - [02/May/2018:21:34:56 -0400] "GET /2000/ HTTP/1.1" 200 5424 "-" "Mozilla/5.0 (compatible; YandexBot/3.0; +http://yandex.com/bots)"
69.162.124.227 - - [02/May/2018:21:35:21 -0400] "HEAD / HTTP/1.1" 200 3874 "http://nspw.org/" "Mozilla/5.0+(compatible; UptimeRobot/2.0; http://www.uptimerobot.com/)"
77.88.47.40 - - [02/May/2018:21:35:17 -0400] "GET /papers/1994/nspw1994-spalka.pdf HTTP/1.1" 200 982538 "-" "Mozilla/5.0 (compatible; YandexBot/3.0; +http://yandex.com/bots)"
216.244.66.236 - - [02/May/2018:21:39:23 -0400] "GET /robots.txt HTTP/1.1" 200 5796 "-" "Mozilla/5.0 (compatible; DotBot/1.1; http://www.opensiteexplorer.org/dotbot, help@moz.com)"
69.162.124.227 - - [02/May/2018:21:40:20 -0400] "HEAD / HTTP/1.1" 200 3874 "http://nspw.org/" "Mozilla/5.0+(compatible; UptimeRobot/2.0; http://www.uptimerobot.com/)"
157.55.39.141 - - [02/May/2018:21:40:00 -0400] "GET /papers/2002/nspw2002-connelly.pdf HTTP/1.1" 200 721879 "-" "Mozilla/5.0 (iPhone; CPU iPhone OS 7_0 like Mac OS X) AppleWebKit/537.51.1 (KHTML, like Gecko) Version/7.0 Mobile/11A465 Safari/9537.53 (compatible; bingbot/2.0; +http://www.bing.com/bingbot.htm)"
66.249.64.15 - - [02/May/2018:21:41:43 -0400] "GET /2004/pc.shtml HTTP/1.1" 200 5628 "-" "Mozilla/5.0 (compatible; Googlebot/2.1; +http://www.google.com/bot.html)"
66.249.64.215 - - [02/May/2018:21:41:51 -0400] "GET /papers/2013/nspw2013-peisert.pdf HTTP/1.1" 200 712024 "-" "Mozilla/5.0 (compatible; Googlebot/2.1; +http://www.google.com/bot.html)"
112.211.98.165 - - [02/May/2018:21:43:29 -0400] "GET /wp-login.php HTTP/1.1" 404 7484 "-" "Mozilla/5.0 (Windows NT 6.1; WOW64; rv:40.0) Gecko/20100101 Firefox/40.1"
112.211.98.165 - - [02/May/2018:21:43:30 -0400] "GET / HTTP/1.1" 200 8218 "-" "Mozilla/5.0 (Windows NT 6.1; WOW64; rv:40.0) Gecko/20100101 Firefox/40.1"
69.162.124.227 - - [02/May/2018:21:45:20 -0400] "HEAD / HTTP/1.1" 200 3874 "http://nspw.org/" "Mozilla/5.0+(compatible; UptimeRobot/2.0; http://www.uptimerobot.com/)"
77.88.47.40 - - [02/May/2018:21:48:09 -0400] "GET /2006/cfp2006.pdf HTTP/1.1" 200 40969 "-" "Mozilla/5.0 (compatible; YandexBot/3.0; +http://yandex.com/bots)"
77.88.47.40 - - [02/May/2018:21:49:12 -0400] "GET /2009/past.shtml HTTP/1.1" 200 5572 "-" "Mozilla/5.0 (compatible; YandexBot/3.0; +http://yandex.com/bots)"
77.88.47.40 - - [02/May/2018:21:49:38 -0400] "GET /2007/tmp/?C=D;O=A HTTP/1.1" 403 3965 "-" "Mozilla/5.0 (compatible; YandexBot/3.0; +http://yandex.com/bots)"
106.11.152.143 - - [02/May/2018:21:49:57 -0400] "GET / HTTP/1.1" 200 6578 "-" "YisouSpider"
69.162.124.227 - - [02/May/2018:21:50:20 -0400] "HEAD / HTTP/1.1" 200 3874 "http://nspw.org/" "Mozilla/5.0+(compatible; UptimeRobot/2.0; http://www.uptimerobot.com/)"
70.52.176.209 - - [02/May/2018:21:50:21 -0400] "GET /wp-login.php HTTP/1.1" 404 7985 "-" "Mozilla/5.0 (Windows NT 6.1; WOW64; rv:40.0) Gecko/20100101 Firefox/40.1"
70.52.176.209 - - [02/May/2018:21:50:21 -0400] "GET / HTTP/1.1" 200 8206 "-" "Mozilla/5.0 (Windows NT 6.1; WOW64; rv:40.0) Gecko/20100101 Firefox/40.1"
180.76.15.144 - - [02/May/2018:21:52:05 -0400] "GET /proceedings/2001 HTTP/1.1" 200 12193 "-" "Mozilla/5.0 (compatible; Baiduspider/2.0; +http://www.baidu.com/search/spider.html)"
37.1.210.232 - - [02/May/2018:21:52:10 -0400] "GET /?q=/user/password&name[%23post_render][0]=printf&name[%23markup]=ABCZ%0A HTTP/1.1" 200 10577 "-" "Python-urllib/2.7"
37.1.210.232 - - [02/May/2018:21:52:12 -0400] "GET /?q=/file/ajax/name/%23value/form-czdDJWYgAuZk9poQ1k_dN6zkCZkCe1yHpT8TiWgj31A HTTP/1.1" 200 4301 "-" "Python-urllib/2.7"
66.249.64.219 - - [02/May/2018:21:54:17 -0400] "GET /papers/2009/nspw2009-herley.pdf HTTP/1.1" 200 189194 "-" "Mozilla/5.0 (compatible; Googlebot/2.1; +http://www.google.com/bot.html)"
69.162.124.227 - - [02/May/2018:21:55:20 -0400] "HEAD / HTTP/1.1" 200 3874 "http://nspw.org/" "Mozilla/5.0+(compatible; UptimeRobot/2.0; http://www.uptimerobot.com/)"
207.46.13.1 - - [02/May/2018:21:53:39 -0400] "GET /papers/2005/nspw2005-mcdermott.pdf HTTP/1.1" 200 4280620 "-" "Mozilla/5.0 (iPhone; CPU iPhone OS 7_0 like Mac OS X) AppleWebKit/537.51.1 (KHTML, like Gecko) Version/7.0 Mobile/11A465 Safari/9537.53 (compatible; bingbot/2.0; +http://www.bing.com/bingbot.htm)"
111.204.219.197 - - [02/May/2018:21:59:09 -0400] "GET /2018/dates HTTP/1.1" 200 6284 "-" "Mozilla/5.0 (Windows NT 10.0; Win64; x64; rv:59.0) Gecko/20100101 Firefox/59.0"
111.204.219.197 - - [02/May/2018:21:59:10 -0400] "GET /misc/jquery.once.js?v=1.2 HTTP/1.1" 200 1445 "https://www.nspw.org/2018/dates" "Mozilla/5.0 (Windows NT 10.0; Win64; x64; rv:59.0) Gecko/20100101 Firefox/59.0"
111.204.219.197 - - [02/May/2018:21:59:10 -0400] "GET /misc/jquery.js?v=1.4.4 HTTP/1.1" 200 31010 "https://www.nspw.org/2018/dates" "Mozilla/5.0 (Windows NT 10.0; Win64; x64; rv:59.0) Gecko/20100101 Firefox/59.0"
111.204.219.197 - - [02/May/2018:21:59:10 -0400] "GET /misc/drupal.js?p7r9uw HTTP/1.1" 200 7529 "https://www.nspw.org/2018/dates" "Mozilla/5.0 (Windows NT 10.0; Win64; x64; rv:59.0) Gecko/20100101 Firefox/59.0"
111.204.219.197 - - [02/May/2018:21:59:10 -0400] "GET /modules/system/system.messages.css?p7r9uw HTTP/1.1" 200 903 "https://www.nspw.org/2018/dates" "Mozilla/5.0 (Windows NT 10.0; Win64; x64; rv:59.0) Gecko/20100101 Firefox/59.0"
111.204.219.197 - - [02/May/2018:21:59:10 -0400] "GET /modules/system/system.theme.css?p7r9uw HTTP/1.1" 200 1742 "https://www.nspw.org/2018/dates" "Mozilla/5.0 (Windows NT 10.0; Win64; x64; rv:59.0) Gecko/20100101 Firefox/59.0"
111.204.219.197 - - [02/May/2018:21:59:10 -0400] "GET /modules/comment/comment.css?p7r9uw HTTP/1.1" 200 505 "https://www.nspw.org/2018/dates" "Mozilla/5.0 (Windows NT 10.0; Win64; x64; rv:59.0) Gecko/20100101 Firefox/59.0"
111.204.219.197 - - [02/May/2018:21:59:11 -0400] "GET /modules/field/theme/field.css?p7r9uw HTTP/1.1" 200 599 "https://www.nspw.org/2018/dates" "Mozilla/5.0 (Windows NT 10.0; Win64; x64; rv:59.0) Gecko/20100101 Firefox/59.0"
111.204.219.197 - - [02/May/2018:21:59:11 -0400] "GET /modules/node/node.css?p7r9uw HTTP/1.1" 200 472 "https://www.nspw.org/2018/dates" "Mozilla/5.0 (Windows NT 10.0; Win64; x64; rv:59.0) Gecko/20100101 Firefox/59.0"
111.204.219.197 - - [02/May/2018:21:59:11 -0400] "GET /modules/user/user.css?p7r9uw HTTP/1.1" 200 1062 "https://www.nspw.org/2018/dates" "Mozilla/5.0 (Windows NT 10.0; Win64; x64; rv:59.0) Gecko/20100101 Firefox/59.0"
111.204.219.197 - - [02/May/2018:21:59:11 -0400] "GET /modules/system/system.base.css?p7r9uw HTTP/1.1" 200 2464 "https://www.nspw.org/2018/dates" "Mozilla/5.0 (Windows NT 10.0; Win64; x64; rv:59.0) Gecko/20100101 Firefox/59.0"
111.204.219.197 - - [02/May/2018:21:59:11 -0400] "GET /modules/system/system.menus.css?p7r9uw HTTP/1.1" 200 1182 "https://www.nspw.org/2018/dates" "Mozilla/5.0 (Windows NT 10.0; Win64; x64; rv:59.0) Gecko/20100101 Firefox/59.0"
111.204.219.197 - - [02/May/2018:21:59:11 -0400] "GET /themes/garland/style.css?p7r9uw HTTP/1.1" 200 5370 "https://www.nspw.org/2018/dates" "Mozilla/5.0 (Windows NT 10.0; Win64; x64; rv:59.0) Gecko/20100101 Firefox/59.0"
111.204.219.197 - - [02/May/2018:21:59:11 -0400] "GET /themes/garland/print.css?p7r9uw HTTP/1.1" 200 771 "https://www.nspw.org/2018/dates" "Mozilla/5.0 (Windows NT 10.0; Win64; x64; rv:59.0) Gecko/20100101 Firefox/59.0"
111.204.219.197 - - [02/May/2018:21:59:11 -0400] "GET /sites/default/files/nspw-logo-smaller.jpg HTTP/1.1" 200 2534 "https://www.nspw.org/2018/dates" "Mozilla/5.0 (Windows NT 10.0; Win64; x64; rv:59.0) Gecko/20100101 Firefox/59.0"
111.204.219.197 - - [02/May/2018:21:59:11 -0400] "GET /themes/garland/images/body.png HTTP/1.1" 200 993 "https://www.nspw.org/themes/garland/style.css?p7r9uw" "Mozilla/5.0 (Windows NT 10.0; Win64; x64; rv:59.0) Gecko/20100101 Firefox/59.0"
111.204.219.197 - - [02/May/2018:21:59:11 -0400] "GET /themes/garland/images/menu-leaf.gif HTTP/1.1" 200 486 "https://www.nspw.org/themes/garland/style.css?p7r9uw" "Mozilla/5.0 (Windows NT 10.0; Win64; x64; rv:59.0) Gecko/20100101 Firefox/59.0"
111.204.219.197 - - [02/May/2018:21:59:11 -0400] "GET /themes/garland/images/menu-expanded.gif HTTP/1.1" 200 495 "https://www.nspw.org/themes/garland/style.css?p7r9uw" "Mozilla/5.0 (Windows NT 10.0; Win64; x64; rv:59.0) Gecko/20100101 Firefox/59.0"
111.204.219.197 - - [02/May/2018:21:59:11 -0400] "GET /themes/garland/images/bg-navigation-item.png HTTP/1.1" 200 812 "https://www.nspw.org/themes/garland/style.css?p7r9uw" "Mozilla/5.0 (Windows NT 10.0; Win64; x64; rv:59.0) Gecko/20100101 Firefox/59.0"
111.204.219.197 - - [02/May/2018:21:59:11 -0400] "GET /themes/garland/images/bg-content.png HTTP/1.1" 200 955 "https://www.nspw.org/themes/garland/style.css?p7r9uw" "Mozilla/5.0 (Windows NT 10.0; Win64; x64; rv:59.0) Gecko/20100101 Firefox/59.0"
