66.249.64.215 - - [07/May/2018:17:32:19 -0400] "GET /themes/garland/print.css?nhfa6e HTTP/1.1" 200 4165 "http://www.nspw.org/2016/" "Mozilla/5.0 (compatible; Googlebot/2.1; +http://www.google.com/bot.html)"
66.249.64.215 - - [07/May/2018:17:32:19 -0400] "GET /modules/node/node.css?nhfa6e HTTP/1.1" 200 472 "http://www.nspw.org/2016/" "Mozilla/5.0 (compatible; Googlebot/2.1; +http://www.google.com/bot.html)"
66.249.64.215 - - [07/May/2018:17:32:20 -0400] "GET /themes/garland/style.css?nhfa6e HTTP/1.1" 200 5370 "http://www.nspw.org/2016/" "Mozilla/5.0 (compatible; Googlebot/2.1; +http://www.google.com/bot.html)"
66.249.64.215 - - [07/May/2018:17:32:20 -0400] "GET /modules/user/user.css?nhfa6e HTTP/1.1" 200 1062 "http://www.nspw.org/2016/" "Mozilla/5.0 (compatible; Googlebot/2.1; +http://www.google.com/bot.html)"
66.249.64.215 - - [07/May/2018:17:32:21 -0400] "GET /modules/system/system.theme.css?nhfa6e HTTP/1.1" 200 1585 "http://www.nspw.org/2016/" "Mozilla/5.0 (compatible; Googlebot/2.1; +http://www.google.com/bot.html)"
66.249.64.215 - - [07/May/2018:17:32:21 -0400] "GET /modules/system/system.messages.css?nhfa6e HTTP/1.1" 200 746 "http://www.nspw.org/2016/" "Mozilla/5.0 (compatible; Googlebot/2.1; +http://www.google.com/bot.html)"
77.88.47.40 - - [07/May/2018:17:32:26 -0400] "GET /papers/2000/?C=N;O=A HTTP/1.1" 200 4401 "-" "Mozilla/5.0 (compatible; YandexBot/3.0; +http://yandex.com/bots)"
77.88.47.40 - - [07/May/2018:17:32:29 -0400] "GET /papers/2000/?C=D;O=A HTTP/1.1" 200 978 "-" "Mozilla/5.0 (compatible; YandexBot/3.0; +http://yandex.com/bots)"
77.88.47.40 - - [07/May/2018:17:27:21 -0400] "GET /papers/2000/nspw2000-schudel.pdf HTTP/1.1" 200 406818 "-" "Mozilla/5.0 (compatible; YandexBot/3.0; +http://yandex.com/bots)"
77.88.47.40 - - [07/May/2018:17:32:32 -0400] "GET /papers/2000/nspw2000-daniels.pdf HTTP/1.1" 200 519113 "-" "Mozilla/5.0 (compatible; YandexBot/3.0; +http://yandex.com/bots)"
77.88.47.40 - - [07/May/2018:17:27:53 -0400] "GET /papers/2000/nspw2000-perrine.pdf HTTP/1.1" 200 459170 "-" "Mozilla/5.0 (compatible; YandexBot/3.0; +http://yandex.com/bots)"
77.88.47.40 - - [07/May/2018:17:32:57 -0400] "GET /papers/1996/nspw1996-williams.pdf HTTP/1.1" 200 661106 "-" "Mozilla/5.0 (compatible; YandexBot/3.0; +http://yandex.com/bots)"
77.88.47.40 - - [07/May/2018:17:33:34 -0400] "GET /papers/2000/?C=S;O=A HTTP/1.1" 200 4395 "-" "Mozilla/5.0 (compatible; YandexBot/3.0; +http://yandex.com/bots)"
77.88.47.40 - - [07/May/2018:17:33:36 -0400] "GET /papers/2000/?C=M;O=A HTTP/1.1" 200 971 "-" "Mozilla/5.0 (compatible; YandexBot/3.0; +http://yandex.com/bots)"
77.88.47.40 - - [07/May/2018:17:28:15 -0400] "GET /papers/2000/nspw2000-schudel.pdf HTTP/1.1" 200 561224 "-" "Mozilla/5.0 (compatible; YandexBot/3.0; +http://yandex.com/bots)"
77.88.47.40 - - [07/May/2018:17:28:42 -0400] "GET /papers/2000/nspw2000-rannenberg.pdf HTTP/1.1" 200 127844 "-" "Mozilla/5.0 (compatible; YandexBot/3.0; +http://yandex.com/bots)"
77.88.47.40 - - [07/May/2018:17:28:47 -0400] "GET /papers/2000/nspw2000-kahn.pdf HTTP/1.1" 200 317972 "-" "Mozilla/5.0 (compatible; YandexBot/3.0; +http://yandex.com/bots)"
69.162.124.227 - - [07/May/2018:17:34:10 -0400] "HEAD / HTTP/1.1" 200 3874 "http://nspw.org/" "Mozilla/5.0+(compatible; UptimeRobot/2.0; http://www.uptimerobot.com/)"
77.88.47.40 - - [07/May/2018:17:29:05 -0400] "GET /papers/2000/nspw2000-bruschi.pdf HTTP/1.1" 200 410240 "-" "Mozilla/5.0 (compatible; YandexBot/3.0; +http://yandex.com/bots)"
180.191.119.80 - - [07/May/2018:17:34:22 -0400] "GET /wp-login.php HTTP/1.1" 404 7985 "-" "Mozilla/5.0 (Windows NT 6.1; WOW64; rv:40.0) Gecko/20100101 Firefox/40.1"
180.191.119.80 - - [07/May/2018:17:34:25 -0400] "GET / HTTP/1.1" 200 8206 "-" "Mozilla/5.0 (Windows NT 6.1; WOW64; rv:40.0) Gecko/20100101 Firefox/40.1"
208.94.232.6 - - [07/May/2018:17:34:37 -0400] "HEAD /papers/2009/nspw2009-gibson.pdf HTTP/1.1" 200 3787 "-" "Mozilla/5.0 (Windows NT 10.0; Win64; x64; rv:58.0) Gecko/20100101 Firefox/58.0"
77.88.47.40 - - [07/May/2018:17:29:25 -0400] "GET /papers/2000/nspw2000-foley.pdf HTTP/1.1" 200 390668 "-" "Mozilla/5.0 (compatible; YandexBot/3.0; +http://yandex.com/bots)"
77.88.47.40 - - [07/May/2018:17:29:45 -0400] "GET /papers/2000/nspw2000-rannenberg.pdf HTTP/1.1" 200 52352 "-" "Mozilla/5.0 (compatible; YandexBot/3.0; +http://yandex.com/bots)"
77.88.47.40 - - [07/May/2018:17:29:48 -0400] "GET /papers/2000/nspw2000-kahn.pdf HTTP/1.1" 200 322166 "-" "Mozilla/5.0 (compatible; YandexBot/3.0; +http://yandex.com/bots)"
77.88.47.40 - - [07/May/2018:17:30:04 -0400] "GET /papers/2000/nspw2000-marceau.pdf HTTP/1.1" 200 84506 "-" "Mozilla/5.0 (compatible; YandexBot/3.0; +http://yandex.com/bots)"
66.249.64.217 - - [07/May/2018:17:35:27 -0400] "GET /papers/2003/nspw2003-flechais.pdf HTTP/1.1" 200 904662 "-" "Mozilla/5.0 (compatible; Googlebot/2.1; +http://www.google.com/bot.html)"
77.88.47.40 - - [07/May/2018:17:30:08 -0400] "GET /papers/2000/nspw2000-daniels.pdf HTTP/1.1" 200 389270 "-" "Mozilla/5.0 (compatible; YandexBot/3.0; +http://yandex.com/bots)"
77.88.47.40 - - [07/May/2018:17:30:28 -0400] "GET /papers/2000/nspw2000-bruschi.pdf HTTP/1.1" 200 340340 "-" "Mozilla/5.0 (compatible; YandexBot/3.0; +http://yandex.com/bots)"
77.88.47.40 - - [07/May/2018:17:30:48 -0400] "GET /papers/2000/nspw2000-foley.pdf HTTP/1.1" 200 327758 "-" "Mozilla/5.0 (compatible; YandexBot/3.0; +http://yandex.com/bots)"
77.88.47.40 - - [07/May/2018:17:31:06 -0400] "GET /papers/2000/nspw2000-marceau.pdf HTTP/1.1" 200 52352 "-" "Mozilla/5.0 (compatible; YandexBot/3.0; +http://yandex.com/bots)"
77.88.47.40 - - [07/May/2018:17:31:09 -0400] "GET /papers/2000/nspw2000-yasinsac.pdf HTTP/1.1" 200 361310 "-" "Mozilla/5.0 (compatible; YandexBot/3.0; +http://yandex.com/bots)"
77.88.47.40 - - [07/May/2018:17:31:26 -0400] "GET /papers/2000/nspw2000-daniels.pdf HTTP/1.1" 200 348728 "-" "Mozilla/5.0 (compatible; YandexBot/3.0; +http://yandex.com/bots)"
77.88.47.40 - - [07/May/2018:17:31:47 -0400] "GET /papers/2000/nspw2000-olthoff.pdf HTTP/1.1" 200 387872 "-" "Mozilla/5.0 (compatible; YandexBot/3.0; +http://yandex.com/bots)"
77.88.47.40 - - [07/May/2018:17:32:12 -0400] "GET /papers/2000/nspw2000-yasinsac.pdf HTTP/1.1" 200 277430 "-" "Mozilla/5.0 (compatible; YandexBot/3.0; +http://yandex.com/bots)"
40.77.167.0 - - [07/May/2018:17:37:32 -0400] "GET /2009/proceedings/2005/nspw2005-flechais.pdf HTTP/1.1" 200 2796893 "-" "Mozilla/5.0 (iPhone; CPU iPhone OS 7_0 like Mac OS X) AppleWebKit/537.51.1 (KHTML, like Gecko) Version/7.0 Mobile/11A465 Safari/9537.53 (compatible; bingbot/2.0; +http://www.bing.com/bingbot.htm)"
157.55.39.215 - - [07/May/2018:17:38:02 -0400] "GET /papers/2008/nspw2008-herley.pdf HTTP/1.1" 200 409445 "-" "Mozilla/5.0 (iPhone; CPU iPhone OS 7_0 like Mac OS X) AppleWebKit/537.51.1 (KHTML, like Gecko) Version/7.0 Mobile/11A465 Safari/9537.53 (compatible; bingbot/2.0; +http://www.bing.com/bingbot.htm)"
128.227.229.211 - - [07/May/2018:17:38:34 -0400] "GET / HTTP/1.1" 200 6620 "https://www.google.com/" "Mozilla/5.0 (Windows NT 10.0; Win64; x64) AppleWebKit/537.36 (KHTML, like Gecko) Chrome/65.0.3325.181 Safari/537.36"
128.227.229.211 - - [07/May/2018:17:38:34 -0400] "GET /modules/system/system.base.css?p7r9uw HTTP/1.1" 200 2307 "-" "Mozilla/5.0 (Windows NT 10.0; Win64; x64) AppleWebKit/537.36 (KHTML, like Gecko) Chrome/65.0.3325.181 Safari/537.36"
128.227.229.211 - - [07/May/2018:17:38:34 -0400] "GET /modules/system/system.theme.css?p7r9uw HTTP/1.1" 200 4994 "-" "Mozilla/5.0 (Windows NT 10.0; Win64; x64) AppleWebKit/537.36 (KHTML, like Gecko) Chrome/65.0.3325.181 Safari/537.36"
128.227.229.211 - - [07/May/2018:17:38:34 -0400] "GET /modules/system/system.messages.css?p7r9uw HTTP/1.1" 200 4155 "-" "Mozilla/5.0 (Windows NT 10.0; Win64; x64) AppleWebKit/537.36 (KHTML, like Gecko) Chrome/65.0.3325.181 Safari/537.36"
128.227.229.211 - - [07/May/2018:17:38:34 -0400] "GET /modules/field/theme/field.css?p7r9uw HTTP/1.1" 200 4008 "-" "Mozilla/5.0 (Windows NT 10.0; Win64; x64) AppleWebKit/537.36 (KHTML, like Gecko) Chrome/65.0.3325.181 Safari/537.36"
128.227.229.211 - - [07/May/2018:17:38:34 -0400] "GET /modules/comment/comment.css?p7r9uw HTTP/1.1" 200 3914 "-" "Mozilla/5.0 (Windows NT 10.0; Win64; x64) AppleWebKit/537.36 (KHTML, like Gecko) Chrome/65.0.3325.181 Safari/537.36"
128.227.229.211 - - [07/May/2018:17:38:34 -0400] "GET /modules/system/system.menus.css?p7r9uw HTTP/1.1" 200 4434 "-" "Mozilla/5.0 (Windows NT 10.0; Win64; x64) AppleWebKit/537.36 (KHTML, like Gecko) Chrome/65.0.3325.181 Safari/537.36"
128.227.229.211 - - [07/May/2018:17:38:34 -0400] "GET /modules/node/node.css?p7r9uw HTTP/1.1" 200 472 "-" "Mozilla/5.0 (Windows NT 10.0; Win64; x64) AppleWebKit/537.36 (KHTML, like Gecko) Chrome/65.0.3325.181 Safari/537.36"
128.227.229.211 - - [07/May/2018:17:38:34 -0400] "GET /modules/user/user.css?p7r9uw HTTP/1.1" 200 1062 "-" "Mozilla/5.0 (Windows NT 10.0; Win64; x64) AppleWebKit/537.36 (KHTML, like Gecko) Chrome/65.0.3325.181 Safari/537.36"
128.227.229.211 - - [07/May/2018:17:38:34 -0400] "GET /misc/jquery.once.js?v=1.2 HTTP/1.1" 200 1445 "https://www.nspw.org/" "Mozilla/5.0 (Windows NT 10.0; Win64; x64) AppleWebKit/537.36 (KHTML, like Gecko) Chrome/65.0.3325.181 Safari/537.36"
128.227.229.211 - - [07/May/2018:17:38:34 -0400] "GET /themes/garland/print.css?p7r9uw HTTP/1.1" 200 771 "-" "Mozilla/5.0 (Windows NT 10.0; Win64; x64) AppleWebKit/537.36 (KHTML, like Gecko) Chrome/65.0.3325.181 Safari/537.36"
128.227.229.211 - - [07/May/2018:17:38:34 -0400] "GET /themes/garland/style.css?p7r9uw HTTP/1.1" 200 5370 "-" "Mozilla/5.0 (Windows NT 10.0; Win64; x64) AppleWebKit/537.36 (KHTML, like Gecko) Chrome/65.0.3325.181 Safari/537.36"
128.227.229.211 - - [07/May/2018:17:38:34 -0400] "GET /misc/jquery.js?v=1.4.4 HTTP/1.1" 200 27601 "https://www.nspw.org/" "Mozilla/5.0 (Windows NT 10.0; Win64; x64) AppleWebKit/537.36 (KHTML, like Gecko) Chrome/65.0.3325.181 Safari/537.36"
128.227.229.211 - - [07/May/2018:17:38:34 -0400] "GET /misc/drupal.js?p7r9uw HTTP/1.1" 200 7372 "https://www.nspw.org/" "Mozilla/5.0 (Windows NT 10.0; Win64; x64) AppleWebKit/537.36 (KHTML, like Gecko) Chrome/65.0.3325.181 Safari/537.36"
128.227.229.211 - - [07/May/2018:17:38:34 -0400] "GET /sites/default/files/nspw-logo-smaller.jpg HTTP/1.1" 200 2534 "https://www.nspw.org/" "Mozilla/5.0 (Windows NT 10.0; Win64; x64) AppleWebKit/537.36 (KHTML, like Gecko) Chrome/65.0.3325.181 Safari/537.36"
128.227.229.211 - - [07/May/2018:17:38:38 -0400] "GET /2018 HTTP/1.1" 200 3509 "https://www.google.com/" "Mozilla/5.0 (Windows NT 10.0; Win64; x64) AppleWebKit/537.36 (KHTML, like Gecko) Chrome/65.0.3325.181 Safari/537.36"
128.227.229.211 - - [07/May/2018:17:38:38 -0400] "GET /themes/garland/images/bg-content.png HTTP/1.1" 200 798 "https://www.nspw.org/themes/garland/style.css?p7r9uw" "Mozilla/5.0 (Windows NT 10.0; Win64; x64) AppleWebKit/537.36 (KHTML, like Gecko) Chrome/65.0.3325.181 Safari/537.36"
128.227.229.211 - - [07/May/2018:17:38:38 -0400] "GET /themes/garland/images/bg-content-right.png HTTP/1.1" 200 3162 "https://www.nspw.org/themes/garland/style.css?p7r9uw" "Mozilla/5.0 (Windows NT 10.0; Win64; x64) AppleWebKit/537.36 (KHTML, like Gecko) Chrome/65.0.3325.181 Safari/537.36"
128.227.229.211 - - [07/May/2018:17:38:38 -0400] "GET /themes/garland/images/bg-content-left.png HTTP/1.1" 200 3232 "https://www.nspw.org/themes/garland/style.css?p7r9uw" "Mozilla/5.0 (Windows NT 10.0; Win64; x64) AppleWebKit/537.36 (KHTML, like Gecko) Chrome/65.0.3325.181 Safari/537.36"
128.227.229.211 - - [07/May/2018:17:38:38 -0400] "GET /themes/garland/images/menu-leaf.gif HTTP/1.1" 200 486 "https://www.nspw.org/themes/garland/style.css?p7r9uw" "Mozilla/5.0 (Windows NT 10.0; Win64; x64) AppleWebKit/537.36 (KHTML, like Gecko) Chrome/65.0.3325.181 Safari/537.36"
128.227.229.211 - - [07/May/2018:17:38:38 -0400] "GET /themes/garland/images/menu-collapsed.gif HTTP/1.1" 200 488 "https://www.nspw.org/themes/garland/style.css?p7r9uw" "Mozilla/5.0 (Windows NT 10.0; Win64; x64) AppleWebKit/537.36 (KHTML, like Gecko) Chrome/65.0.3325.181 Safari/537.36"
128.227.229.211 - - [07/May/2018:17:38:38 -0400] "GET /themes/garland/images/body.png HTTP/1.1" 200 993 "https://www.nspw.org/themes/garland/style.css?p7r9uw" "Mozilla/5.0 (Windows NT 10.0; Win64; x64) AppleWebKit/537.36 (KHTML, like Gecko) Chrome/65.0.3325.181 Safari/537.36"
128.227.229.211 - - [07/May/2018:17:38:38 -0400] "GET /themes/garland/images/bg-navigation-item.png HTTP/1.1" 200 812 "https://www.nspw.org/themes/garland/style.css?p7r9uw" "Mozilla/5.0 (Windows NT 10.0; Win64; x64) AppleWebKit/537.36 (KHTML, like Gecko) Chrome/65.0.3325.181 Safari/537.36"
128.227.229.211 - - [07/May/2018:17:38:38 -0400] "GET /themes/garland/images/bg-navigation-item-hover.png HTTP/1.1" 200 754 "https://www.nspw.org/themes/garland/style.css?p7r9uw" "Mozilla/5.0 (Windows NT 10.0; Win64; x64) AppleWebKit/537.36 (KHTML, like Gecko) Chrome/65.0.3325.181 Safari/537.36"
128.227.229.211 - - [07/May/2018:17:38:38 -0400] "GET /themes/garland/images/menu-expanded.gif HTTP/1.1" 200 495 "https://www.nspw.org/themes/garland/style.css?p7r9uw" "Mozilla/5.0 (Windows NT 10.0; Win64; x64) AppleWebKit/537.36 (KHTML, like Gecko) Chrome/65.0.3325.181 Safari/537.36"
69.162.124.227 - - [07/May/2018:17:39:10 -0400] "HEAD / HTTP/1.1" 200 3874 "http://nspw.org/" "Mozilla/5.0+(compatible; UptimeRobot/2.0; http://www.uptimerobot.com/)"
66.249.64.217 - - [07/May/2018:17:40:19 -0400] "GET /papers/2013/nspw2013-peisert.pdf HTTP/1.1" 200 712024 "-" "Mozilla/5.0 (Linux; Android 6.0.1; Nexus 5X Build/MMB29P) AppleWebKit/537.36 (KHTML, like Gecko) Chrome/41.0.2272.96 Mobile Safari/537.36 (compatible; Googlebot/2.1; +http://www.google.com/bot.html)"
207.46.13.162 - - [07/May/2018:17:40:40 -0400] "GET /2009/proceedings/2013/nspw2013-ashenden.pdf HTTP/1.1" 200 685237 "-" "Mozilla/5.0 (compatible; bingbot/2.0; +http://www.bing.com/bingbot.htm)"
94.189.130.186 - - [07/May/2018:17:42:34 -0400] "GET /wp-login.php HTTP/1.1" 404 8180 "-" "Mozilla/5.0 (Windows NT 6.1; WOW64; rv:40.0) Gecko/20100101 Firefox/40.1"
94.189.130.186 - - [07/May/2018:17:42:34 -0400] "GET / HTTP/1.1" 200 8298 "-" "Mozilla/5.0 (Windows NT 6.1; WOW64; rv:40.0) Gecko/20100101 Firefox/40.1"
66.249.64.17 - - [07/May/2018:17:43:24 -0400] "GET /2004/past.shtml HTTP/1.1" 200 5604 "-" "Mozilla/5.0 (compatible; Googlebot/2.1; +http://www.google.com/bot.html)"
69.162.124.227 - - [07/May/2018:17:44:10 -0400] "HEAD / HTTP/1.1" 200 3874 "http://nspw.org/" "Mozilla/5.0+(compatible; UptimeRobot/2.0; http://www.uptimerobot.com/)"
77.88.47.40 - - [07/May/2018:17:44:18 -0400] "GET /2011/cfp HTTP/1.1" 200 8409 "-" "Mozilla/5.0 (compatible; YandexBot/3.0; +http://yandex.com/bots)"
222.186.51.215 - - [07/May/2018:17:45:18 -0400] "GET /?q=user%2Fpassword&name%5B%23post_render%5D%5B%5D=passthru&name%5B%23markup%5D=whoami&name%5B%23type%5D=markup HTTP/1.1" 200 6115 "-" "python-requests/2.18.4"
222.186.51.215 - - [07/May/2018:17:45:19 -0400] "GET /?q=file%2Fajax%2Fname%2F%23value%2Fform-Wgkyu9Z_mNCmuIYMAGkRBlITQoWti6QNF8wQ_ts5Gcw HTTP/1.1" 200 4338 "-" "python-requests/2.18.4"
216.244.66.247 - - [07/May/2018:17:46:04 -0400] "GET /robots.txt HTTP/1.1" 200 5796 "-" "Mozilla/5.0 (compatible; DotBot/1.1; http://www.opensiteexplorer.org/dotbot, help@moz.com)"
77.88.47.40 - - [07/May/2018:17:46:21 -0400] "GET /2009/proceedings/1993/nspw1993-smith.pdf HTTP/1.1" 200 926386 "-" "Mozilla/5.0 (compatible; YandexBot/3.0; +http://yandex.com/bots)"
77.88.47.40 - - [07/May/2018:17:48:05 -0400] "GET /papers/1994/nspw1994-bertino.pdf HTTP/1.1" 200 542108 "-" "Mozilla/5.0 (compatible; YandexBot/3.0; +http://yandex.com/bots)"
69.162.124.227 - - [07/May/2018:17:49:10 -0400] "HEAD / HTTP/1.1" 200 3874 "http://nspw.org/" "Mozilla/5.0+(compatible; UptimeRobot/2.0; http://www.uptimerobot.com/)"
81.157.229.154 - - [07/May/2018:17:49:44 -0400] "GET /favicon.ico HTTP/1.1" 404 857 "https://www.nspw.org/papers/2008/nspw2008-beautement.pdf" "Mozilla/5.0 (Windows NT 10.0; Win64; x64) AppleWebKit/537.36 (KHTML, like Gecko) Chrome/65.0.3325.181 Safari/537.36"
81.157.229.154 - - [07/May/2018:17:49:44 -0400] "GET /papers/2008/nspw2008-beautement.pdf HTTP/1.1" 200 276384 "https://www.google.co.uk/" "Mozilla/5.0 (Windows NT 10.0; Win64; x64) AppleWebKit/537.36 (KHTML, like Gecko) Chrome/65.0.3325.181 Safari/537.36"
66.249.64.215 - - [07/May/2018:17:50:27 -0400] "GET /2018 HTTP/1.1" 200 6906 "-" "Mozilla/5.0 (compatible; Googlebot/2.1; +http://www.google.com/bot.html)"
40.77.167.0 - - [07/May/2018:17:50:36 -0400] "GET /2009/proceedings/1996/nspw1996-greenwald.pdf HTTP/1.1" 200 1341597 "-" "Mozilla/5.0 (iPhone; CPU iPhone OS 7_0 like Mac OS X) AppleWebKit/537.51.1 (KHTML, like Gecko) Version/7.0 Mobile/11A465 Safari/9537.53 (compatible; bingbot/2.0; +http://www.bing.com/bingbot.htm)"
69.162.124.227 - - [07/May/2018:17:54:10 -0400] "HEAD / HTTP/1.1" 200 3874 "http://nspw.org/" "Mozilla/5.0+(compatible; UptimeRobot/2.0; http://www.uptimerobot.com/)"
199.16.157.181 - - [07/May/2018:17:54:45 -0400] "GET /robots.txt HTTP/1.1" 200 5699 "-" "Twitterbot/1.0"
86.250.248.26 - - [07/May/2018:17:55:53 -0400] "GET /wp-login.php HTTP/1.1" 404 7985 "-" "Mozilla/5.0 (Windows NT 6.1; WOW64; rv:40.0) Gecko/20100101 Firefox/40.1"
86.250.248.26 - - [07/May/2018:17:55:53 -0400] "GET / HTTP/1.1" 200 8206 "-" "Mozilla/5.0 (Windows NT 6.1; WOW64; rv:40.0) Gecko/20100101 Firefox/40.1"
192.95.30.29 - - [07/May/2018:17:56:44 -0400] "GET /payload.php HTTP/1.0" 404 7975 "-" "Mozilla/5.0 (Windows NT 6.1; Win64; x64) AppleWebKit/537.36 (KHTML, like Gecko) Chrome/62.0.3202.94 Safari/537.36"
192.95.30.29 - - [07/May/2018:17:56:45 -0400] "GET /payload.php HTTP/1.0" 404 7975 "-" "Mozilla/5.0 (Windows NT 6.1; Win64; x64) AppleWebKit/537.36 (KHTML, like Gecko) Chrome/62.0.3202.94 Safari/537.36"
69.162.124.227 - - [07/May/2018:17:59:10 -0400] "HEAD / HTTP/1.1" 200 3874 "http://nspw.org/" "Mozilla/5.0+(compatible; UptimeRobot/2.0; http://www.uptimerobot.com/)"
49.145.129.246 - - [07/May/2018:18:00:13 -0400] "GET /wp-login.php HTTP/1.1" 404 8180 "-" "Mozilla/5.0 (Windows NT 6.1; WOW64; rv:40.0) Gecko/20100101 Firefox/40.1"
192.95.30.29 - - [07/May/2018:18:00:13 -0400] "GET /payload.php HTTP/1.0" 404 7975 "-" "Mozilla/5.0 (Windows NT 6.1; Win64; x64) AppleWebKit/537.36 (KHTML, like Gecko) Chrome/62.0.3202.94 Safari/537.36"
49.145.129.246 - - [07/May/2018:18:00:14 -0400] "GET / HTTP/1.1" 200 8298 "-" "Mozilla/5.0 (Windows NT 6.1; WOW64; rv:40.0) Gecko/20100101 Firefox/40.1"
192.95.30.29 - - [07/May/2018:18:00:14 -0400] "GET /payload.php HTTP/1.0" 404 7975 "-" "Mozilla/5.0 (Windows NT 6.1; Win64; x64) AppleWebKit/537.36 (KHTML, like Gecko) Chrome/62.0.3202.94 Safari/537.36"
66.249.64.219 - - [07/May/2018:18:00:48 -0400] "GET /2009/proceedings/2007/nspw2007-kursawe.pdf HTTP/1.1" 200 192252 "-" "Mozilla/5.0 (compatible; Googlebot/2.1; +http://www.google.com/bot.html)"
40.77.167.185 - - [07/May/2018:18:01:07 -0400] "GET /papers/2014-pre/dunphy-nspw2014pre.pdf HTTP/1.1" 404 8545 "-" "Mozilla/5.0 (iPhone; CPU iPhone OS 7_0 like Mac OS X) AppleWebKit/537.51.1 (KHTML, like Gecko) Version/7.0 Mobile/11A465 Safari/9537.53 (compatible; bingbot/2.0; +http://www.bing.com/bingbot.htm)"
41.102.96.175 - - [07/May/2018:18:03:01 -0400] "GET /wp-login.php HTTP/1.1" 404 7839 "-" "Mozilla/5.0 (Windows NT 6.1; WOW64; rv:40.0) Gecko/20100101 Firefox/40.1"
41.102.96.175 - - [07/May/2018:18:03:02 -0400] "GET / HTTP/1.1" 200 8218 "-" "Mozilla/5.0 (Windows NT 6.1; WOW64; rv:40.0) Gecko/20100101 Firefox/40.1"
69.162.124.227 - - [07/May/2018:18:04:10 -0400] "HEAD / HTTP/1.1" 200 3874 "http://nspw.org/" "Mozilla/5.0+(compatible; UptimeRobot/2.0; http://www.uptimerobot.com/)"
66.249.64.217 - - [07/May/2018:18:05:59 -0400] "GET / HTTP/1.1" 200 6606 "-" "Mozilla/5.0 (compatible; Googlebot/2.1; +http://www.google.com/bot.html)"
190.247.152.174 - - [07/May/2018:18:07:32 -0400] "GET /wp-login.php HTTP/1.1" 404 7985 "-" "Mozilla/5.0 (Windows NT 6.1; WOW64; rv:40.0) Gecko/20100101 Firefox/40.1"
190.247.152.174 - - [07/May/2018:18:07:32 -0400] "GET / HTTP/1.1" 200 8206 "-" "Mozilla/5.0 (Windows NT 6.1; WOW64; rv:40.0) Gecko/20100101 Firefox/40.1"
157.55.39.215 - - [07/May/2018:18:07:33 -0400] "GET /papers/1998/nspw1998-phillips.pdf HTTP/1.1" 200 754912 "-" "Mozilla/5.0 (compatible; bingbot/2.0; +http://www.bing.com/bingbot.htm)"
107.217.181.179 - - [07/May/2018:18:07:57 -0400] "GET /wp-login.php HTTP/1.1" 404 7985 "-" "Mozilla/5.0 (Windows NT 6.1; WOW64; rv:40.0) Gecko/20100101 Firefox/40.1"
107.217.181.179 - - [07/May/2018:18:07:57 -0400] "GET / HTTP/1.1" 200 8206 "-" "Mozilla/5.0 (Windows NT 6.1; WOW64; rv:40.0) Gecko/20100101 Firefox/40.1"
69.162.124.227 - - [07/May/2018:18:09:10 -0400] "HEAD / HTTP/1.1" 200 3874 "http://nspw.org/" "Mozilla/5.0+(compatible; UptimeRobot/2.0; http://www.uptimerobot.com/)"
66.249.64.217 - - [07/May/2018:18:10:59 -0400] "GET / HTTP/1.1" 200 6606 "-" "Mozilla/5.0 (Linux; Android 6.0.1; Nexus 5X Build/MMB29P) AppleWebKit/537.36 (KHTML, like Gecko) Chrome/41.0.2272.96 Mobile Safari/537.36 (compatible; Googlebot/2.1; +http://www.google.com/bot.html)"
157.44.55.15 - - [07/May/2018:18:12:08 -0400] "GET /wp-login.php HTTP/1.1" 404 7491 "-" "Mozilla/5.0 (Windows NT 6.1; WOW64; rv:40.0) Gecko/20100101 Firefox/40.1"
157.44.55.15 - - [07/May/2018:18:12:09 -0400] "GET / HTTP/1.1" 200 8218 "-" "Mozilla/5.0 (Windows NT 6.1; WOW64; rv:40.0) Gecko/20100101 Firefox/40.1"
88.99.27.172 - - [07/May/2018:18:13:56 -0400] "GET /2016/accepted HTTP/1.1" 200 12964 "-" "Mozilla/5.0 (Windows NT 6.1; WOW64) AppleWebKit/537.36 (KHTML, like Gecko) Chrome/63.0.3239.132 Safari/537.36"
69.162.124.227 - - [07/May/2018:18:14:10 -0400] "HEAD / HTTP/1.1" 200 3874 "http://nspw.org/" "Mozilla/5.0+(compatible; UptimeRobot/2.0; http://www.uptimerobot.com/)"
157.55.39.215 - - [07/May/2018:18:14:40 -0400] "GET /2011 HTTP/1.1" 200 7397 "-" "Mozilla/5.0 (iPhone; CPU iPhone OS 7_0 like Mac OS X) AppleWebKit/537.51.1 (KHTML, like Gecko) Version/7.0 Mobile/11A465 Safari/9537.53 (compatible; bingbot/2.0; +http://www.bing.com/bingbot.htm)"
40.77.167.0 - - [07/May/2018:18:15:03 -0400] "GET /papers/2009/nspw2009-verendel.pdf HTTP/1.1" 200 159900 "-" "Mozilla/5.0 (iPhone; CPU iPhone OS 7_0 like Mac OS X) AppleWebKit/537.51.1 (KHTML, like Gecko) Version/7.0 Mobile/11A465 Safari/9537.53 (compatible; bingbot/2.0; +http://www.bing.com/bingbot.htm)"
109.90.135.57 - - [07/May/2018:18:18:19 -0400] "GET /wp-login.php HTTP/1.1" 404 7839 "-" "Mozilla/5.0 (Windows NT 6.1; WOW64; rv:40.0) Gecko/20100101 Firefox/40.1"
109.90.135.57 - - [07/May/2018:18:18:19 -0400] "GET / HTTP/1.1" 200 8218 "-" "Mozilla/5.0 (Windows NT 6.1; WOW64; rv:40.0) Gecko/20100101 Firefox/40.1"
112.135.44.105 - - [07/May/2018:18:18:41 -0400] "GET /wp-login.php HTTP/1.1" 404 7491 "-" "Mozilla/5.0 (Windows NT 6.1; WOW64; rv:40.0) Gecko/20100101 Firefox/40.1"
112.135.44.105 - - [07/May/2018:18:18:44 -0400] "GET / HTTP/1.1" 200 8218 "-" "Mozilla/5.0 (Windows NT 6.1; WOW64; rv:40.0) Gecko/20100101 Firefox/40.1"
69.162.124.227 - - [07/May/2018:18:19:10 -0400] "HEAD / HTTP/1.1" 200 3874 "http://nspw.org/" "Mozilla/5.0+(compatible; UptimeRobot/2.0; http://www.uptimerobot.com/)"
77.88.47.40 - - [07/May/2018:18:19:24 -0400] "GET /2016/location HTTP/1.1" 200 7700 "-" "Mozilla/5.0 (compatible; YandexBot/3.0; +http://yandex.com/bots)"
77.88.47.40 - - [07/May/2018:18:20:46 -0400] "GET /2009/proceedings/1998/?C=D;O=A HTTP/1.1" 200 4362 "-" "Mozilla/5.0 (compatible; YandexBot/3.0; +http://yandex.com/bots)"
207.46.13.162 - - [07/May/2018:18:21:01 -0400] "GET /current/ HTTP/1.1" 200 7379 "-" "Mozilla/5.0 (iPhone; CPU iPhone OS 7_0 like Mac OS X) AppleWebKit/537.51.1 (KHTML, like Gecko) Version/7.0 Mobile/11A465 Safari/9537.53 (compatible; bingbot/2.0; +http://www.bing.com/bingbot.htm)"
157.55.39.215 - - [07/May/2018:18:21:21 -0400] "GET /misc/drupal.js?p7r9uw HTTP/1.1" 200 11241 "-" "Mozilla/5.0 (iPhone; CPU iPhone OS 7_0 like Mac OS X) AppleWebKit/537.51.1 (KHTML, like Gecko) Version/7.0 Mobile/11A465 Safari/9537.53 (compatible; bingbot/2.0; +http://www.bing.com/bingbot.htm)"
157.55.39.215 - - [07/May/2018:18:21:31 -0400] "GET /modules/comment/comment.css?p7r9uw HTTP/1.1" 200 4374 "-" "Mozilla/5.0 (iPhone; CPU iPhone OS 7_0 like Mac OS X) AppleWebKit/537.51.1 (KHTML, like Gecko) Version/7.0 Mobile/11A465 Safari/9537.53 (compatible; bingbot/2.0; +http://www.bing.com/bingbot.htm)"
157.55.39.215 - - [07/May/2018:18:21:41 -0400] "GET /modules/user/user.css?p7r9uw HTTP/1.1" 200 4931 "-" "Mozilla/5.0 (iPhone; CPU iPhone OS 7_0 like Mac OS X) AppleWebKit/537.51.1 (KHTML, like Gecko) Version/7.0 Mobile/11A465 Safari/9537.53 (compatible; bingbot/2.0; +http://www.bing.com/bingbot.htm)"
54.90.51.11 - - [07/May/2018:18:21:42 -0400] "GET /papers/2010/nspw2010-molnar.pdf HTTP/1.1" 200 434030 "-" "python-requests/2.18.4"
207.46.13.162 - - [07/May/2018:18:21:51 -0400] "GET /misc/menu-collapsed.png HTTP/1.1" 200 4286 "-" "Mozilla/5.0 (iPhone; CPU iPhone OS 7_0 like Mac OS X) AppleWebKit/537.51.1 (KHTML, like Gecko) Version/7.0 Mobile/11A465 Safari/9537.53 (compatible; bingbot/2.0; +http://www.bing.com/bingbot.htm)"
207.46.13.162 - - [07/May/2018:18:22:01 -0400] "GET /misc/menu-leaf.png HTTP/1.1" 200 4307 "-" "Mozilla/5.0 (iPhone; CPU iPhone OS 7_0 like Mac OS X) AppleWebKit/537.51.1 (KHTML, like Gecko) Version/7.0 Mobile/11A465 Safari/9537.53 (compatible; bingbot/2.0; +http://www.bing.com/bingbot.htm)"
77.88.47.40 - - [07/May/2018:18:22:04 -0400] "GET /proceedings/2010 HTTP/1.1" 200 7386 "-" "Mozilla/5.0 (compatible; YandexBot/3.0; +http://yandex.com/bots)"
207.46.13.162 - - [07/May/2018:18:22:11 -0400] "GET /modules/node/node.css?p7r9uw HTTP/1.1" 200 4341 "-" "Mozilla/5.0 (iPhone; CPU iPhone OS 7_0 like Mac OS X) AppleWebKit/537.51.1 (KHTML, like Gecko) Version/7.0 Mobile/11A465 Safari/9537.53 (compatible; bingbot/2.0; +http://www.bing.com/bingbot.htm)"
77.88.47.40 - - [07/May/2018:18:22:20 -0400] "GET /2013/local HTTP/1.1" 200 9216 "-" "Mozilla/5.0 (compatible; YandexBot/3.0; +http://yandex.com/bots)"
40.77.167.185 - - [07/May/2018:18:22:34 -0400] "GET /misc/menu-expanded.png HTTP/1.1" 200 4287 "-" "Mozilla/5.0 (iPhone; CPU iPhone OS 7_0 like Mac OS X) AppleWebKit/537.51.1 (KHTML, like Gecko) Version/7.0 Mobile/11A465 Safari/9537.53 (compatible; bingbot/2.0; +http://www.bing.com/bingbot.htm)"
40.77.167.185 - - [07/May/2018:18:22:37 -0400] "GET /modules/system/system.theme.css?p7r9uw HTTP/1.1" 200 5454 "-" "Mozilla/5.0 (iPhone; CPU iPhone OS 7_0 like Mac OS X) AppleWebKit/537.51.1 (KHTML, like Gecko) Version/7.0 Mobile/11A465 Safari/9537.53 (compatible; bingbot/2.0; +http://www.bing.com/bingbot.htm)"
207.46.13.162 - - [07/May/2018:18:22:41 -0400] "GET /modules/system/system.base.css?p7r9uw HTTP/1.1" 200 6176 "-" "Mozilla/5.0 (iPhone; CPU iPhone OS 7_0 like Mac OS X) AppleWebKit/537.51.1 (KHTML, like Gecko) Version/7.0 Mobile/11A465 Safari/9537.53 (compatible; bingbot/2.0; +http://www.bing.com/bingbot.htm)"
207.46.13.162 - - [07/May/2018:18:22:51 -0400] "GET /sites/default/files/nspw-logo-smaller.jpg HTTP/1.1" 200 6403 "-" "Mozilla/5.0 (iPhone; CPU iPhone OS 7_0 like Mac OS X) AppleWebKit/537.51.1 (KHTML, like Gecko) Version/7.0 Mobile/11A465 Safari/9537.53 (compatible; bingbot/2.0; +http://www.bing.com/bingbot.htm)"
160.179.48.130 - - [07/May/2018:18:23:32 -0400] "GET /wp-login.php HTTP/1.1" 404 7839 "-" "Mozilla/5.0 (Windows NT 6.1; WOW64; rv:40.0) Gecko/20100101 Firefox/40.1"
160.179.48.130 - - [07/May/2018:18:23:33 -0400] "GET / HTTP/1.1" 200 8218 "-" "Mozilla/5.0 (Windows NT 6.1; WOW64; rv:40.0) Gecko/20100101 Firefox/40.1"
69.162.124.227 - - [07/May/2018:18:24:10 -0400] "HEAD / HTTP/1.1" 200 3874 "http://nspw.org/" "Mozilla/5.0+(compatible; UptimeRobot/2.0; http://www.uptimerobot.com/)"
77.75.76.164 - - [07/May/2018:18:25:01 -0400] "GET /robots.txt HTTP/1.1" 200 4601 "-" "Mozilla/5.0 (compatible; SeznamBot/3.2; +http://napoveda.seznam.cz/en/seznambot-intro/)"
77.75.76.164 - - [07/May/2018:18:25:12 -0400] "GET /2005/local.content HTTP/1.1" 200 4060 "-" "Mozilla/5.0 (compatible; SeznamBot/3.2; +http://napoveda.seznam.cz/en/seznambot-intro/)"
77.75.76.164 - - [07/May/2018:18:25:22 -0400] "GET /2008/cfp2008.pdf HTTP/1.1" 200 19217 "-" "Mozilla/5.0 (compatible; SeznamBot/3.2; +http://napoveda.seznam.cz/en/seznambot-intro/)"
77.75.76.164 - - [07/May/2018:18:25:33 -0400] "GET /2006/invite/ HTTP/1.1" 200 4729 "-" "Mozilla/5.0 (compatible; SeznamBot/3.2; +http://napoveda.seznam.cz/en/seznambot-intro/)"
77.75.76.164 - - [07/May/2018:18:25:43 -0400] "GET /papers/2004/ HTTP/1.1" 200 4431 "-" "Mozilla/5.0 (compatible; SeznamBot/3.2; +http://napoveda.seznam.cz/en/seznambot-intro/)"
77.75.76.164 - - [07/May/2018:18:25:54 -0400] "GET /2016/cfp HTTP/1.1" 200 8657 "-" "Mozilla/5.0 (compatible; SeznamBot/3.2; +http://napoveda.seznam.cz/en/seznambot-intro/)"
66.249.64.215 - - [07/May/2018:18:26:08 -0400] "GET /papers/2001/nspw2001-blakley.pdf HTTP/1.1" 304 3605 "-" "Mozilla/5.0 (compatible; Googlebot/2.1; +http://www.google.com/bot.html)"
69.162.124.227 - - [07/May/2018:18:29:10 -0400] "HEAD / HTTP/1.1" 200 3874 "http://nspw.org/" "Mozilla/5.0+(compatible; UptimeRobot/2.0; http://www.uptimerobot.com/)"
69.162.124.227 - - [07/May/2018:18:34:10 -0400] "HEAD / HTTP/1.1" 200 3874 "http://nspw.org/" "Mozilla/5.0+(compatible; UptimeRobot/2.0; http://www.uptimerobot.com/)"
178.16.43.227 - - [07/May/2018:18:34:13 -0400] "GET /wp-login.php HTTP/1.1" 404 7491 "-" "Mozilla/5.0 (Windows NT 6.1; WOW64; rv:40.0) Gecko/20100101 Firefox/40.1"
178.16.43.227 - - [07/May/2018:18:34:14 -0400] "GET / HTTP/1.1" 200 8218 "-" "Mozilla/5.0 (Windows NT 6.1; WOW64; rv:40.0) Gecko/20100101 Firefox/40.1"
40.77.167.0 - - [07/May/2018:18:36:33 -0400] "GET /papers/2003/nspw2003-mcdermott.pdf HTTP/1.1" 200 645165 "-" "Mozilla/5.0 (iPhone; CPU iPhone OS 7_0 like Mac OS X) AppleWebKit/537.51.1 (KHTML, like Gecko) Version/7.0 Mobile/11A465 Safari/9537.53 (compatible; bingbot/2.0; +http://www.bing.com/bingbot.htm)"
66.102.6.197 - - [07/May/2018:18:36:50 -0400] "GET /papers/2011/nspw2011-pieters.pdf HTTP/1.1" 200 2771026 "http://www.google.com/search" "Mozilla/5.0 (X11; Linux x86_64) AppleWebKit/537.36 (KHTML, like Gecko; Google Web Preview) Chrome/41.0.2272.118 Safari/537.36"
69.162.124.227 - - [07/May/2018:18:39:10 -0400] "HEAD / HTTP/1.1" 200 3874 "http://nspw.org/" "Mozilla/5.0+(compatible; UptimeRobot/2.0; http://www.uptimerobot.com/)"
39.33.10.218 - - [07/May/2018:18:41:46 -0400] "GET /wp-login.php HTTP/1.1" 404 7484 "-" "Mozilla/5.0 (Windows NT 6.1; WOW64; rv:40.0) Gecko/20100101 Firefox/40.1"
39.33.10.218 - - [07/May/2018:18:41:53 -0400] "GET / HTTP/1.1" 200 8356 "-" "Mozilla/5.0 (Windows NT 6.1; WOW64; rv:40.0) Gecko/20100101 Firefox/40.1"
40.77.167.185 - - [07/May/2018:18:41:54 -0400] "GET /2013/papers HTTP/1.1" 200 7490 "-" "Mozilla/5.0 (iPhone; CPU iPhone OS 7_0 like Mac OS X) AppleWebKit/537.51.1 (KHTML, like Gecko) Version/7.0 Mobile/11A465 Safari/9537.53 (compatible; bingbot/2.0; +http://www.bing.com/bingbot.htm)"
37.59.178.104 - - [07/May/2018:18:42:05 -0400] "GET //wp-includes/wlwmanifest.xml HTTP/1.1" 404 8552 "-" "Mozilla/5.0 (Windows NT 10.0; Win64; x64) AppleWebKit/537.36 (KHTML, like Gecko) Chrome/63.0.3239.132 Safari/537.36"
37.59.178.104 - - [07/May/2018:18:42:05 -0400] "GET //xmlrpc.php?rsd HTTP/1.1" 200 389 "-" "Mozilla/5.0 (Windows NT 10.0; Win64; x64) AppleWebKit/537.36 (KHTML, like Gecko) Chrome/63.0.3239.132 Safari/537.36"
37.59.178.104 - - [07/May/2018:18:42:05 -0400] "GET / HTTP/1.1" 200 8266 "-" "Mozilla/5.0 (Windows NT 10.0; Win64; x64) AppleWebKit/537.36 (KHTML, like Gecko) Chrome/63.0.3239.132 Safari/537.36"
37.59.178.104 - - [07/May/2018:18:42:05 -0400] "GET //blog/wp-includes/wlwmanifest.xml HTTP/1.1" 404 4730 "-" "Mozilla/5.0 (Windows NT 10.0; Win64; x64) AppleWebKit/537.36 (KHTML, like Gecko) Chrome/63.0.3239.132 Safari/537.36"
37.59.178.104 - - [07/May/2018:18:42:05 -0400] "GET //wordpress/wp-includes/wlwmanifest.xml HTTP/1.1" 404 4746 "-" "Mozilla/5.0 (Windows NT 10.0; Win64; x64) AppleWebKit/537.36 (KHTML, like Gecko) Chrome/63.0.3239.132 Safari/537.36"
37.59.178.104 - - [07/May/2018:18:42:05 -0400] "GET //wp/wp-includes/wlwmanifest.xml HTTP/1.1" 404 4730 "-" "Mozilla/5.0 (Windows NT 10.0; Win64; x64) AppleWebKit/537.36 (KHTML, like Gecko) Chrome/63.0.3239.132 Safari/537.36"
37.59.178.104 - - [07/May/2018:18:42:05 -0400] "GET //site/wp-includes/wlwmanifest.xml HTTP/1.1" 404 4730 "-" "Mozilla/5.0 (Windows NT 10.0; Win64; x64) AppleWebKit/537.36 (KHTML, like Gecko) Chrome/63.0.3239.132 Safari/537.36"
37.59.178.104 - - [07/May/2018:18:42:06 -0400] "GET //cms/wp-includes/wlwmanifest.xml HTTP/1.1" 404 4730 "-" "Mozilla/5.0 (Windows NT 10.0; Win64; x64) AppleWebKit/537.36 (KHTML, like Gecko) Chrome/63.0.3239.132 Safari/537.36"
89.164.223.30 - - [07/May/2018:18:42:47 -0400] "GET /wp-login.php HTTP/1.1" 404 7985 "-" "Mozilla/5.0 (Windows NT 6.1; WOW64; rv:40.0) Gecko/20100101 Firefox/40.1"
89.164.223.30 - - [07/May/2018:18:42:48 -0400] "GET / HTTP/1.1" 200 8206 "-" "Mozilla/5.0 (Windows NT 6.1; WOW64; rv:40.0) Gecko/20100101 Firefox/40.1"
207.46.13.162 - - [07/May/2018:18:42:54 -0400] "GET /2016/organizers HTTP/1.1" 200 7649 "-" "Mozilla/5.0 (iPhone; CPU iPhone OS 7_0 like Mac OS X) AppleWebKit/537.51.1 (KHTML, like Gecko) Version/7.0 Mobile/11A465 Safari/9537.53 (compatible; bingbot/2.0; +http://www.bing.com/bingbot.htm)"
95.91.212.141 - - [07/May/2018:18:44:10 -0400] "GET /favicon.ico HTTP/1.1" 404 4109 "https://www.nspw.org/2009/proceedings/1997/nspw1997-hinton.pdf" "Mozilla/5.0 (Macintosh; Intel Mac OS X 10_12_6) AppleWebKit/537.36 (KHTML, like Gecko) Chrome/66.0.3359.139 Safari/537.36"
69.162.124.227 - - [07/May/2018:18:44:10 -0400] "HEAD / HTTP/1.1" 200 3874 "http://nspw.org/" "Mozilla/5.0+(compatible; UptimeRobot/2.0; http://www.uptimerobot.com/)"
95.91.212.141 - - [07/May/2018:18:44:09 -0400] "GET /2009/proceedings/1997/nspw1997-hinton.pdf HTTP/1.1" 200 176592 "https://www.google.de/" "Mozilla/5.0 (Macintosh; Intel Mac OS X 10_12_6) AppleWebKit/537.36 (KHTML, like Gecko) Chrome/66.0.3359.139 Safari/537.36"
77.88.47.40 - - [07/May/2018:18:37:48 -0400] "GET /2009/proceedings/2009/nspw2009-gibson.pdf HTTP/1.1" 200 2482076 "-" "Mozilla/5.0 (compatible; YandexBot/3.0; +http://yandex.com/bots)"
40.77.167.185 - - [07/May/2018:18:45:08 -0400] "GET /papers/2003/nspw2003-mchugh.pdf HTTP/1.1" 200 766309 "-" "Mozilla/5.0 (iPhone; CPU iPhone OS 7_0 like Mac OS X) AppleWebKit/537.51.1 (KHTML, like Gecko) Version/7.0 Mobile/11A465 Safari/9537.53 (compatible; bingbot/2.0; +http://www.bing.com/bingbot.htm)"
40.77.167.185 - - [07/May/2018:18:45:32 -0400] "GET /cfp/flyer_NSPW_2013.pdf HTTP/1.1" 200 95980 "-" "Mozilla/5.0 (iPhone; CPU iPhone OS 7_0 like Mac OS X) AppleWebKit/537.51.1 (KHTML, like Gecko) Version/7.0 Mobile/11A465 Safari/9537.53 (compatible; bingbot/2.0; +http://www.bing.com/bingbot.htm)"
77.88.47.40 - - [07/May/2018:18:45:19 -0400] "GET /papers/1993/nspw1993-bailey.pdf HTTP/1.1" 200 506457 "-" "Mozilla/5.0 (compatible; YandexBot/3.0; +http://yandex.com/bots)"
77.88.47.40 - - [07/May/2018:18:45:45 -0400] "GET /2005/cfp/Makefile HTTP/1.1" 200 402 "-" "Mozilla/5.0 (compatible; YandexBot/3.0; +http://yandex.com/bots)"
41.102.141.148 - - [07/May/2018:18:46:35 -0400] "GET /wp-login.php HTTP/1.1" 404 7491 "-" "Mozilla/5.0 (Windows NT 6.1; WOW64; rv:40.0) Gecko/20100101 Firefox/40.1"
41.102.141.148 - - [07/May/2018:18:46:38 -0400] "GET / HTTP/1.1" 200 8218 "-" "Mozilla/5.0 (Windows NT 6.1; WOW64; rv:40.0) Gecko/20100101 Firefox/40.1"
77.88.47.40 - - [07/May/2018:18:45:48 -0400] "GET /2009/proceedings/1996/nspw1996-wulf.pdf HTTP/1.1" 200 1101172 "-" "Mozilla/5.0 (compatible; YandexBot/3.0; +http://yandex.com/bots)"
77.88.47.40 - - [07/May/2018:18:46:47 -0400] "GET /papers/2006/nspw2006-crawford.pdf HTTP/1.1" 200 397887 "-" "Mozilla/5.0 (compatible; YandexBot/3.0; +http://yandex.com/bots)"
77.88.47.40 - - [07/May/2018:18:40:18 -0400] "GET /2009/proceedings/2009/nspw2009-gibson.pdf HTTP/1.1" 200 2628866 "-" "Mozilla/5.0 (compatible; YandexBot/3.0; +http://yandex.com/bots)"
82.208.254.244 - - [07/May/2018:18:48:30 -0400] "GET /wp-login.php HTTP/1.1" 404 7839 "-" "Mozilla/5.0 (Windows NT 6.1; WOW64; rv:40.0) Gecko/20100101 Firefox/40.1"
82.208.254.244 - - [07/May/2018:18:48:31 -0400] "GET / HTTP/1.1" 200 8218 "-" "Mozilla/5.0 (Windows NT 6.1; WOW64; rv:40.0) Gecko/20100101 Firefox/40.1"
69.162.124.227 - - [07/May/2018:18:49:10 -0400] "HEAD / HTTP/1.1" 200 3874 "http://nspw.org/" "Mozilla/5.0+(compatible; UptimeRobot/2.0; http://www.uptimerobot.com/)"
77.88.47.40 - - [07/May/2018:18:42:48 -0400] "GET /2009/proceedings/2009/nspw2009-gibson.pdf HTTP/1.1" 200 2459708 "-" "Mozilla/5.0 (compatible; YandexBot/3.0; +http://yandex.com/bots)"
66.249.64.217 - - [07/May/2018:18:51:38 -0400] "GET /2018/dates HTTP/1.1" 200 6270 "-" "Mozilla/5.0 (compatible; Googlebot/2.1; +http://www.google.com/bot.html)"
105.226.169.90 - - [07/May/2018:18:52:12 -0400] "GET /wp-login.php HTTP/1.1" 404 7484 "-" "Mozilla/5.0 (Windows NT 6.1; WOW64; rv:40.0) Gecko/20100101 Firefox/40.1"
105.226.169.90 - - [07/May/2018:18:52:14 -0400] "GET / HTTP/1.1" 200 8218 "-" "Mozilla/5.0 (Windows NT 6.1; WOW64; rv:40.0) Gecko/20100101 Firefox/40.1"
69.162.124.227 - - [07/May/2018:18:54:10 -0400] "HEAD / HTTP/1.1" 200 3874 "http://nspw.org/" "Mozilla/5.0+(compatible; UptimeRobot/2.0; http://www.uptimerobot.com/)"
77.88.47.40 - - [07/May/2018:18:47:09 -0400] "GET /papers/2005/nspw2005-mcdermott.pdf HTTP/1.1" 200 3026670 "-" "Mozilla/5.0 (compatible; YandexBot/3.0; +http://yandex.com/bots)"
77.88.47.40 - - [07/May/2018:18:54:40 -0400] "GET /2004/past.content HTTP/1.1" 200 5294 "-" "Mozilla/5.0 (compatible; YandexBot/3.0; +http://yandex.com/bots)"
77.88.47.40 - - [07/May/2018:18:54:42 -0400] "GET /2003/program.shtml HTTP/1.1" 200 2952 "-" "Mozilla/5.0 (compatible; YandexBot/3.0; +http://yandex.com/bots)"
66.249.64.215 - - [07/May/2018:18:56:47 -0400] "GET /2009/proceedings/1996/nspw1996-wulf.pdf HTTP/1.1" 304 3606 "-" "Mozilla/5.0 (compatible; Googlebot/2.1; +http://www.google.com/bot.html)"
77.88.47.40 - - [07/May/2018:18:49:39 -0400] "GET /papers/2005/nspw2005-mcdermott.pdf HTTP/1.1" 200 3017510 "-" "Mozilla/5.0 (compatible; YandexBot/3.0; +http://yandex.com/bots)"
47.11.75.142 - - [07/May/2018:18:58:56 -0400] "GET /wp-login.php HTTP/1.1" 404 8018 "-" "Mozilla/5.0 (Windows NT 6.1; WOW64; rv:40.0) Gecko/20100101 Firefox/40.1"
47.11.75.142 - - [07/May/2018:18:58:57 -0400] "GET / HTTP/1.1" 200 8206 "-" "Mozilla/5.0 (Windows NT 6.1; WOW64; rv:40.0) Gecko/20100101 Firefox/40.1"
69.162.124.227 - - [07/May/2018:18:59:10 -0400] "HEAD / HTTP/1.1" 200 3874 "http://nspw.org/" "Mozilla/5.0+(compatible; UptimeRobot/2.0; http://www.uptimerobot.com/)"
66.249.64.15 - - [07/May/2018:18:59:14 -0400] "GET /2007/past.shtml HTTP/1.1" 200 5715 "-" "Mozilla/5.0 (compatible; Googlebot/2.1; +http://www.google.com/bot.html)"
77.88.47.40 - - [07/May/2018:18:52:09 -0400] "GET /papers/2005/nspw2005-mcdermott.pdf HTTP/1.1" 200 2904272 "-" "Mozilla/5.0 (compatible; YandexBot/3.0; +http://yandex.com/bots)"
66.249.64.217 - - [07/May/2018:19:01:57 -0400] "GET /papers/2007/nspw2007-somayaji.pdf HTTP/1.1" 304 3605 "-" "Mozilla/5.0 (compatible; Googlebot/2.1; +http://www.google.com/bot.html)"
59.106.108.116 - - [07/May/2018:19:02:49 -0400] "HEAD /current/ HTTP/1.1" 200 3904 "-" "Hatena Antenna/0.5 (http://a.hatena.ne.jp/help)"
69.162.124.227 - - [07/May/2018:19:04:10 -0400] "HEAD / HTTP/1.1" 200 3874 "http://nspw.org/" "Mozilla/5.0+(compatible; UptimeRobot/2.0; http://www.uptimerobot.com/)"
216.244.66.236 - - [07/May/2018:19:05:15 -0400] "GET /robots.txt HTTP/1.1" 200 5796 "-" "Mozilla/5.0 (compatible; DotBot/1.1; http://www.opensiteexplorer.org/dotbot, help@moz.com)"
207.46.13.162 - - [07/May/2018:19:05:54 -0400] "GET /papers/2000/nspw2000-bruschi.pdf HTTP/1.1" 200 614824 "-" "Mozilla/5.0 (iPhone; CPU iPhone OS 7_0 like Mac OS X) AppleWebKit/537.51.1 (KHTML, like Gecko) Version/7.0 Mobile/11A465 Safari/9537.53 (compatible; bingbot/2.0; +http://www.bing.com/bingbot.htm)"
107.178.195.137 - - [07/May/2018:19:06:24 -0400] "GET /2018 HTTP/1.1" 200 6903 "-" "AppEngine-Google; (+http://code.google.com/appengine; appid: s~flyproxygo)"
204.79.180.5 - - [07/May/2018:19:06:25 -0400] "GET / HTTP/1.1" 200 6108 "-" "Mozilla/5.0 (compatible; MSIE 9.0; Windows NT 6.1; Trident/5.0;  Trident/5.0)"
204.79.180.5 - - [07/May/2018:19:06:26 -0400] "GET /modules/system/system.base.css?p7r9uw HTTP/1.1" 200 2303 "https://www.nspw.org/" "Mozilla/5.0 (compatible; MSIE 9.0; Windows NT 6.1; Trident/5.0;  Trident/5.0)"
204.79.180.4 - - [07/May/2018:19:06:27 -0400] "GET /modules/system/system.messages.css?p7r9uw HTTP/1.1" 200 906 "https://www.nspw.org/" "Mozilla/5.0 (compatible; MSIE 9.0; Windows NT 6.1; Trident/5.0;  Trident/5.0)"
204.79.180.4 - - [07/May/2018:19:06:27 -0400] "GET /modules/field/theme/field.css?p7r9uw HTTP/1.1" 200 597 "https://www.nspw.org/" "Mozilla/5.0 (compatible; MSIE 9.0; Windows NT 6.1; Trident/5.0;  Trident/5.0)"
204.79.180.5 - - [07/May/2018:19:06:27 -0400] "GET /modules/comment/comment.css?p7r9uw HTTP/1.1" 200 517 "https://www.nspw.org/" "Mozilla/5.0 (compatible; MSIE 9.0; Windows NT 6.1; Trident/5.0;  Trident/5.0)"
204.79.180.18 - - [07/May/2018:19:06:27 -0400] "GET /modules/system/system.theme.css?p7r9uw HTTP/1.1" 200 1738 "https://www.nspw.org/" "Mozilla/5.0 (compatible; MSIE 9.0; Windows NT 6.1; Trident/5.0;  Trident/5.0)"
204.79.180.4 - - [07/May/2018:19:06:27 -0400] "GET /themes/garland/style.css?p7r9uw HTTP/1.1" 200 5375 "https://www.nspw.org/" "Mozilla/5.0 (compatible; MSIE 9.0; Windows NT 6.1; Trident/5.0;  Trident/5.0)"
204.79.180.5 - - [07/May/2018:19:06:27 -0400] "GET /modules/user/user.css?p7r9uw HTTP/1.1" 200 1061 "https://www.nspw.org/" "Mozilla/5.0 (compatible; MSIE 9.0; Windows NT 6.1; Trident/5.0;  Trident/5.0)"
204.79.180.4 - - [07/May/2018:19:06:28 -0400] "GET /themes/garland/print.css?p7r9uw HTTP/1.1" 200 773 "https://www.nspw.org/" "Mozilla/5.0 (compatible; MSIE 9.0; Windows NT 6.1; Trident/5.0;  Trident/5.0)"
204.79.180.5 - - [07/May/2018:19:06:28 -0400] "GET /misc/jquery.js?v=1.4.4 HTTP/1.1" 200 27630 "https://www.nspw.org/" "Mozilla/5.0 (compatible; MSIE 9.0; Windows NT 6.1; Trident/5.0;  Trident/5.0)"
204.79.180.4 - - [07/May/2018:19:06:28 -0400] "GET /misc/jquery.once.js?v=1.2 HTTP/1.1" 200 1445 "https://www.nspw.org/" "Mozilla/5.0 (compatible; MSIE 9.0; Windows NT 6.1; Trident/5.0;  Trident/5.0)"
204.79.180.5 - - [07/May/2018:19:06:28 -0400] "GET /misc/drupal.js?p7r9uw HTTP/1.1" 200 7375 "https://www.nspw.org/" "Mozilla/5.0 (compatible; MSIE 9.0; Windows NT 6.1; Trident/5.0;  Trident/5.0)"
204.79.180.5 - - [07/May/2018:19:06:29 -0400] "GET /sites/default/files/nspw-logo-smaller.jpg HTTP/1.1" 200 2554 "https://www.nspw.org/" "Mozilla/5.0 (compatible; MSIE 9.0; Windows NT 6.1; Trident/5.0;  Trident/5.0)"
204.79.180.5 - - [07/May/2018:19:06:29 -0400] "GET /modules/node/node.css?p7r9uw HTTP/1.1" 200 469 "https://www.nspw.org/" "Mozilla/5.0 (compatible; MSIE 9.0; Windows NT 6.1; Trident/5.0;  Trident/5.0)"
204.79.180.6 - - [07/May/2018:19:06:30 -0400] "GET /modules/system/system.menus.css?p7r9uw HTTP/1.1" 200 1178 "https://www.nspw.org/" "Mozilla/5.0 (compatible; MSIE 9.0; Windows NT 6.1; Trident/5.0;  Trident/5.0)"
204.79.180.18 - - [07/May/2018:19:06:30 -0400] "GET /themes/garland/images/body.png HTTP/1.1" 200 997 "https://www.nspw.org/" "Mozilla/5.0 (compatible; MSIE 9.0; Windows NT 6.1; Trident/5.0;  Trident/5.0)"
204.79.180.5 - - [07/May/2018:19:06:30 -0400] "GET /themes/garland/images/menu-expanded.gif HTTP/1.1" 200 501 "https://www.nspw.org/" "Mozilla/5.0 (compatible; MSIE 9.0; Windows NT 6.1; Trident/5.0;  Trident/5.0)"
204.79.180.4 - - [07/May/2018:19:06:30 -0400] "GET /themes/garland/images/menu-leaf.gif HTTP/1.1" 200 485 "https://www.nspw.org/" "Mozilla/5.0 (compatible; MSIE 9.0; Windows NT 6.1; Trident/5.0;  Trident/5.0)"
204.79.180.6 - - [07/May/2018:19:06:30 -0400] "GET /themes/garland/images/menu-collapsed.gif HTTP/1.1" 200 485 "https://www.nspw.org/" "Mozilla/5.0 (compatible; MSIE 9.0; Windows NT 6.1; Trident/5.0;  Trident/5.0)"
204.79.180.18 - - [07/May/2018:19:06:31 -0400] "GET /themes/garland/images/bg-content.png HTTP/1.1" 200 805 "https://www.nspw.org/" "Mozilla/5.0 (compatible; MSIE 9.0; Windows NT 6.1; Trident/5.0;  Trident/5.0)"
204.79.180.6 - - [07/May/2018:19:06:31 -0400] "GET /themes/garland/images/bg-content-right.png HTTP/1.1" 200 3178 "https://www.nspw.org/" "Mozilla/5.0 (compatible; MSIE 9.0; Windows NT 6.1; Trident/5.0;  Trident/5.0)"
204.79.180.5 - - [07/May/2018:19:06:31 -0400] "GET /themes/garland/images/bg-navigation-item-hover.png HTTP/1.1" 200 757 "https://www.nspw.org/" "Mozilla/5.0 (compatible; MSIE 9.0; Windows NT 6.1; Trident/5.0;  Trident/5.0)"
204.79.180.4 - - [07/May/2018:19:06:31 -0400] "GET /themes/garland/images/bg-navigation-item.png HTTP/1.1" 200 821 "https://www.nspw.org/" "Mozilla/5.0 (compatible; MSIE 9.0; Windows NT 6.1; Trident/5.0;  Trident/5.0)"
204.79.180.18 - - [07/May/2018:19:06:31 -0400] "GET /themes/garland/images/bg-content-left.png HTTP/1.1" 200 3242 "https://www.nspw.org/" "Mozilla/5.0 (compatible; MSIE 9.0; Windows NT 6.1; Trident/5.0;  Trident/5.0)"
40.77.167.185 - - [07/May/2018:19:06:23 -0400] "GET /papers/2001/nspw2001-taylor.pdf HTTP/1.1" 200 714552 "-" "Mozilla/5.0 (iPhone; CPU iPhone OS 7_0 like Mac OS X) AppleWebKit/537.51.1 (KHTML, like Gecko) Version/7.0 Mobile/11A465 Safari/9537.53 (compatible; bingbot/2.0; +http://www.bing.com/bingbot.htm)"
142.129.83.217 - - [07/May/2018:19:06:38 -0400] "GET /wp-login.php HTTP/1.1" 404 7839 "-" "Mozilla/5.0 (Windows NT 6.1; WOW64; rv:40.0) Gecko/20100101 Firefox/40.1"
142.129.83.217 - - [07/May/2018:19:06:43 -0400] "GET / HTTP/1.1" 200 8218 "-" "Mozilla/5.0 (Windows NT 6.1; WOW64; rv:40.0) Gecko/20100101 Firefox/40.1"
94.254.183.224 - - [07/May/2018:19:07:59 -0400] "GET /wp-login.php HTTP/1.1" 404 7491 "-" "Mozilla/5.0 (Windows NT 6.1; WOW64; rv:40.0) Gecko/20100101 Firefox/40.1"
94.254.183.224 - - [07/May/2018:19:08:00 -0400] "GET / HTTP/1.1" 200 8218 "-" "Mozilla/5.0 (Windows NT 6.1; WOW64; rv:40.0) Gecko/20100101 Firefox/40.1"
199.16.157.180 - - [07/May/2018:19:08:50 -0400] "GET /robots.txt HTTP/1.1" 200 5699 "-" "Twitterbot/1.0"
199.16.157.180 - - [07/May/2018:19:08:50 -0400] "GET /robots.txt HTTP/1.1" 200 5699 "-" "Twitterbot/1.0"
107.178.195.133 - - [07/May/2018:19:09:09 -0400] "GET /misc/drupal.js?p7r9uw HTTP/1.1" 200 10766 "-" "AppEngine-Google; (+http://code.google.com/appengine; appid: s~flyproxygo)"
107.178.195.135 - - [07/May/2018:19:09:09 -0400] "GET /misc/jquery.js?v=1.4.4 HTTP/1.1" 200 30995 "-" "AppEngine-Google; (+http://code.google.com/appengine; appid: s~flyproxygo)"
107.178.195.133 - - [07/May/2018:19:09:10 -0400] "GET /misc/jquery.once.js?v=1.2 HTTP/1.1" 200 1445 "-" "AppEngine-Google; (+http://code.google.com/appengine; appid: s~flyproxygo)"
69.162.124.227 - - [07/May/2018:19:09:10 -0400] "HEAD / HTTP/1.1" 200 3874 "http://nspw.org/" "Mozilla/5.0+(compatible; UptimeRobot/2.0; http://www.uptimerobot.com/)"
40.77.167.0 - - [07/May/2018:19:10:14 -0400] "GET /papers/1993/nspw1993-desmedt.pdf HTTP/1.1" 200 694805 "-" "Mozilla/5.0 (iPhone; CPU iPhone OS 7_0 like Mac OS X) AppleWebKit/537.51.1 (KHTML, like Gecko) Version/7.0 Mobile/11A465 Safari/9537.53 (compatible; bingbot/2.0; +http://www.bing.com/bingbot.htm)"
66.249.64.215 - - [07/May/2018:19:11:34 -0400] "GET /favicon.ico HTTP/1.1" 404 4094 "-" "Googlebot-Image/1.0"
69.162.124.227 - - [07/May/2018:19:14:10 -0400] "HEAD / HTTP/1.1" 200 3874 "http://nspw.org/" "Mozilla/5.0+(compatible; UptimeRobot/2.0; http://www.uptimerobot.com/)"
157.55.39.215 - - [07/May/2018:19:14:03 -0400] "GET /papers/2009/nspw2009-misra.pdf HTTP/1.1" 200 433230 "-" "Mozilla/5.0 (iPhone; CPU iPhone OS 7_0 like Mac OS X) AppleWebKit/537.51.1 (KHTML, like Gecko) Version/7.0 Mobile/11A465 Safari/9537.53 (compatible; bingbot/2.0; +http://www.bing.com/bingbot.htm)"
203.133.169.137 - - [07/May/2018:19:15:35 -0400] "GET /robots.txt HTTP/1.1" 200 5853 "-" "Mozilla/5.0 (compatible; Daum/4.1; +http://cs.daum.net/faq/15/4118.html?faqId=28966)"
203.133.169.137 - - [07/May/2018:19:15:36 -0400] "GET / HTTP/1.1" 200 11501 "-" "Mozilla/5.0 (compatible; Daum/4.1; +http://cs.daum.net/faq/15/4118.html?faqId=28966)"
203.133.169.137 - - [07/May/2018:19:15:47 -0400] "GET / HTTP/1.1" 200 11501 "-" "Mozilla/5.0 (compatible; Daum/4.1; +http://cs.daum.net/faq/15/4118.html?faqId=28966)"
203.133.169.137 - - [07/May/2018:19:15:58 -0400] "GET /2009/ HTTP/1.1" 200 8135 "-" "Mozilla/5.0 (compatible; Daum/4.1; +http://cs.daum.net/faq/15/4118.html?faqId=28966)"
203.133.169.137 - - [07/May/2018:19:16:09 -0400] "GET /2009/cfp.shtml HTTP/1.1" 200 14774 "-" "Mozilla/5.0 (compatible; Daum/4.1; +http://cs.daum.net/faq/15/4118.html?faqId=28966)"
180.76.15.144 - - [07/May/2018:19:16:14 -0400] "GET /2016/2016/location HTTP/1.1" 404 7993 "-" "Mozilla/5.0 (compatible; Baiduspider/2.0; +http://www.baidu.com/search/spider.html)"
203.133.169.137 - - [07/May/2018:19:16:21 -0400] "GET /2009/cfp2009.pdf HTTP/1.1" 200 61612 "-" "Mozilla/5.0 (compatible; Daum/4.1; +http://cs.daum.net/faq/15/4118.html?faqId=28966)"
203.133.169.137 - - [07/May/2018:19:16:33 -0400] "GET /2009/dates.shtml HTTP/1.1" 200 8102 "-" "Mozilla/5.0 (compatible; Daum/4.1; +http://cs.daum.net/faq/15/4118.html?faqId=28966)"
203.133.169.137 - - [07/May/2018:19:16:45 -0400] "GET /2009/finaid.shtml HTTP/1.1" 200 7527 "-" "Mozilla/5.0 (compatible; Daum/4.1; +http://cs.daum.net/faq/15/4118.html?faqId=28966)"
203.133.169.137 - - [07/May/2018:19:16:56 -0400] "GET /2009/index.shtml HTTP/1.1" 200 8135 "-" "Mozilla/5.0 (compatible; Daum/4.1; +http://cs.daum.net/faq/15/4118.html?faqId=28966)"
216.244.66.236 - - [07/May/2018:19:16:59 -0400] "GET /2007/cfp/?C=S;O=D HTTP/1.1" 403 3782 "-" "Mozilla/5.0 (compatible; DotBot/1.1; http://www.opensiteexplorer.org/dotbot, help@moz.com)"
