66.249.73.89 - - [27/Apr/2018:15:23:17 -0400] "GET /papers/2012/ HTTP/1.1" 200 6328 "-" "Mozilla/5.0 (compatible; Googlebot/2.1; +http://www.google.com/bot.html)"
77.88.47.40 - - [27/Apr/2018:15:23:37 -0400] "GET /2004/oc.content HTTP/1.1" 200 6193 "-" "Mozilla/5.0 (compatible; YandexBot/3.0; +http://yandex.com/bots)"
77.88.47.40 - - [27/Apr/2018:15:24:01 -0400] "GET /2001/dates.html HTTP/1.1" 200 5107 "-" "Mozilla/5.0 (compatible; YandexBot/3.0; +http://yandex.com/bots)"
77.88.47.40 - - [27/Apr/2018:15:24:06 -0400] "GET /2018 HTTP/1.1" 200 3509 "-" "Mozilla/5.0 (compatible; YandexBot/3.0; +http://yandex.com/bots)"
66.249.73.91 - - [27/Apr/2018:15:24:23 -0400] "GET /papers/1993/nspw1993-bailey.pdf HTTP/1.1" 200 506428 "-" "Mozilla/5.0 (compatible; Googlebot/2.1; +http://www.google.com/bot.html)"
69.162.124.227 - - [27/Apr/2018:15:24:37 -0400] "HEAD / HTTP/1.1" 200 3874 "http://nspw.org/" "Mozilla/5.0+(compatible; UptimeRobot/2.0; http://www.uptimerobot.com/)"
77.88.47.40 - - [27/Apr/2018:15:24:45 -0400] "GET /2004/cfp2004.pdf HTTP/1.1" 200 120977 "-" "Mozilla/5.0 (compatible; YandexBot/3.0; +http://yandex.com/bots)"
77.88.47.40 - - [27/Apr/2018:15:24:53 -0400] "GET /2006/dates.shtml HTTP/1.1" 200 1555 "-" "Mozilla/5.0 (compatible; YandexBot/3.0; +http://yandex.com/bots)"
66.249.73.89 - - [27/Apr/2018:15:25:27 -0400] "GET /1999/cfp.txt HTTP/1.1" 304 3604 "-" "Mozilla/5.0 (compatible; Googlebot/2.1; +http://www.google.com/bot.html)"
66.249.73.91 - - [27/Apr/2018:15:26:33 -0400] "GET /2007/cfp/?C=N;O=D HTTP/1.1" 403 3936 "-" "Mozilla/5.0 (compatible; Googlebot/2.1; +http://www.google.com/bot.html)"
79.119.30.222 - - [27/Apr/2018:15:26:52 -0400] "GET /wp-login.php HTTP/1.1" 404 7839 "-" "Mozilla/5.0 (Windows NT 6.1; WOW64; rv:40.0) Gecko/20100101 Firefox/40.1"
79.119.30.222 - - [27/Apr/2018:15:26:53 -0400] "GET / HTTP/1.1" 200 8218 "-" "Mozilla/5.0 (Windows NT 6.1; WOW64; rv:40.0) Gecko/20100101 Firefox/40.1"
66.249.73.87 - - [27/Apr/2018:15:27:37 -0400] "GET /2007/pc.shtml HTTP/1.1" 200 5917 "-" "Mozilla/5.0 (compatible; Googlebot/2.1; +http://www.google.com/bot.html)"
66.249.73.89 - - [27/Apr/2018:15:28:42 -0400] "GET /papers/2005/ HTTP/1.1" 200 4454 "-" "Mozilla/5.0 (compatible; Googlebot/2.1; +http://www.google.com/bot.html)"
173.66.6.204 - - [27/Apr/2018:15:28:58 -0400] "GET /papers/2010/nspw2010-franz.pdf HTTP/1.1" 200 1973103 "-" "Mozilla/5.0 (Windows NT 6.1; Win64; x64) AppleWebKit/537.36 (KHTML, like Gecko) Chrome/65.0.3325.181 Safari/537.36"
173.66.6.204 - - [27/Apr/2018:15:28:59 -0400] "GET /favicon.ico HTTP/1.1" 404 3777 "https://www.nspw.org/papers/2010/nspw2010-franz.pdf" "Mozilla/5.0 (Windows NT 6.1; Win64; x64) AppleWebKit/537.36 (KHTML, like Gecko) Chrome/65.0.3325.181 Safari/537.36"
216.244.66.200 - - [27/Apr/2018:15:29:13 -0400] "GET /robots.txt HTTP/1.1" 200 5796 "-" "Mozilla/5.0 (compatible; DotBot/1.1; http://www.opensiteexplorer.org/dotbot, help@moz.com)"
69.162.124.227 - - [27/Apr/2018:15:29:37 -0400] "HEAD / HTTP/1.1" 200 3874 "http://nspw.org/" "Mozilla/5.0+(compatible; UptimeRobot/2.0; http://www.uptimerobot.com/)"
66.249.73.87 - - [27/Apr/2018:15:29:47 -0400] "GET /papers/2009/nspw2009-herley.pdf HTTP/1.1" 200 189194 "-" "Mozilla/5.0 (Linux; Android 6.0.1; Nexus 5X Build/MMB29P) AppleWebKit/537.36 (KHTML, like Gecko) Chrome/41.0.2272.96 Mobile Safari/537.36 (compatible; Googlebot/2.1; +http://www.google.com/bot.html)"
173.66.6.204 - - [27/Apr/2018:15:29:50 -0400] "GET /papers/2010/nspw2010-franz.pdf HTTP/1.1" 304 3289 "-" "Mozilla/5.0 (Windows NT 6.1; Win64; x64) AppleWebKit/537.36 (KHTML, like Gecko) Chrome/65.0.3325.181 Safari/537.36"
98.198.130.245 - - [27/Apr/2018:15:30:10 -0400] "GET /wp-login.php HTTP/1.1" 404 7839 "-" "Mozilla/5.0 (Windows NT 6.1; WOW64; rv:40.0) Gecko/20100101 Firefox/40.1"
98.198.130.245 - - [27/Apr/2018:15:30:10 -0400] "GET / HTTP/1.1" 200 8218 "-" "Mozilla/5.0 (Windows NT 6.1; WOW64; rv:40.0) Gecko/20100101 Firefox/40.1"
173.66.6.204 - - [27/Apr/2018:15:30:10 -0400] "-" 408 3076 "-" "-"
173.66.6.204 - - [27/Apr/2018:15:30:10 -0400] "-" 408 3076 "-" "-"
173.66.6.204 - - [27/Apr/2018:15:30:10 -0400] "-" 408 3076 "-" "-"
157.55.39.207 - - [27/Apr/2018:15:30:23 -0400] "GET /2012/ HTTP/1.1" 200 7353 "-" "Mozilla/5.0 (compatible; bingbot/2.0; +http://www.bing.com/bingbot.htm)"
207.46.13.144 - - [27/Apr/2018:15:30:41 -0400] "GET /themes/garland/images/bg-content.png HTTP/1.1" 200 4667 "-" "Mozilla/5.0 (compatible; bingbot/2.0; +http://www.bing.com/bingbot.htm)"
66.249.73.89 - - [27/Apr/2018:15:30:52 -0400] "GET /2008/panel.html HTTP/1.1" 200 4251 "-" "Mozilla/5.0 (compatible; Googlebot/2.1; +http://www.google.com/bot.html)"
40.77.167.115 - - [27/Apr/2018:15:30:52 -0400] "GET /themes/garland/images/bg-content-left.png HTTP/1.1" 200 7101 "-" "Mozilla/5.0 (compatible; bingbot/2.0; +http://www.bing.com/bingbot.htm)"
40.77.167.115 - - [27/Apr/2018:15:31:03 -0400] "GET /themes/garland/images/menu-collapsed.gif HTTP/1.1" 200 4357 "-" "Mozilla/5.0 (compatible; bingbot/2.0; +http://www.bing.com/bingbot.htm)"
66.249.73.91 - - [27/Apr/2018:15:31:05 -0400] "GET /current/oc.shtml HTTP/1.1" 404 8006 "-" "Mozilla/5.0 (compatible; Googlebot/2.1; +http://www.google.com/bot.html)"
40.77.167.149 - - [27/Apr/2018:15:31:12 -0400] "GET /sites/default/files/nspw-logo-smaller.jpg HTTP/1.1" 200 6403 "-" "Mozilla/5.0 (compatible; bingbot/2.0; +http://www.bing.com/bingbot.htm)"
40.77.167.149 - - [27/Apr/2018:15:31:22 -0400] "GET /themes/garland/images/bg-content-right.png HTTP/1.1" 200 7031 "-" "Mozilla/5.0 (compatible; bingbot/2.0; +http://www.bing.com/bingbot.htm)"
40.77.167.149 - - [27/Apr/2018:15:31:32 -0400] "GET /themes/garland/images/body.png HTTP/1.1" 200 4862 "-" "Mozilla/5.0 (compatible; bingbot/2.0; +http://www.bing.com/bingbot.htm)"
66.249.73.89 - - [27/Apr/2018:15:31:57 -0400] "GET /papers/2009/nspw2009-johnson.pdf HTTP/1.1" 200 458528 "-" "Mozilla/5.0 (Linux; Android 6.0.1; Nexus 5X Build/MMB29P) AppleWebKit/537.36 (KHTML, like Gecko) Chrome/41.0.2272.96 Mobile Safari/537.36 (compatible; Googlebot/2.1; +http://www.google.com/bot.html)"
40.77.167.149 - - [27/Apr/2018:15:32:02 -0400] "GET /themes/garland/images/menu-expanded.gif HTTP/1.1" 200 4364 "-" "Mozilla/5.0 (compatible; bingbot/2.0; +http://www.bing.com/bingbot.htm)"
207.46.13.144 - - [27/Apr/2018:15:31:52 -0400] "GET /2009/proceedings/2002/nspw2002-smetters.pdf HTTP/1.1" 200 800733 "-" "Mozilla/5.0 (compatible; bingbot/2.0; +http://www.bing.com/bingbot.htm)"
157.55.39.207 - - [27/Apr/2018:15:32:21 -0400] "GET /themes/garland/images/bg-navigation-item.png HTTP/1.1" 200 4681 "-" "Mozilla/5.0 (compatible; bingbot/2.0; +http://www.bing.com/bingbot.htm)"
157.55.39.207 - - [27/Apr/2018:15:32:31 -0400] "GET /themes/garland/images/menu-leaf.gif HTTP/1.1" 200 4355 "-" "Mozilla/5.0 (compatible; bingbot/2.0; +http://www.bing.com/bingbot.htm)"
66.249.73.87 - - [27/Apr/2018:15:33:02 -0400] "GET /2002/oc.shtml HTTP/1.1" 200 5402 "-" "Mozilla/5.0 (compatible; Googlebot/2.1; +http://www.google.com/bot.html)"
170.233.46.249 - - [27/Apr/2018:15:33:28 -0400] "GET /wp-login.php HTTP/1.1" 404 7491 "-" "Mozilla/5.0 (Windows NT 6.1; WOW64; rv:40.0) Gecko/20100101 Firefox/40.1"
170.233.46.249 - - [27/Apr/2018:15:33:30 -0400] "GET / HTTP/1.1" 200 8218 "-" "Mozilla/5.0 (Windows NT 6.1; WOW64; rv:40.0) Gecko/20100101 Firefox/40.1"
180.76.15.25 - - [27/Apr/2018:15:33:53 -0400] "GET /papers/1993/?C=M;O=A HTTP/1.1" 200 10559 "-" "Mozilla/5.0 (compatible; Baiduspider/2.0; +http://www.baidu.com/search/spider.html)"
66.249.73.89 - - [27/Apr/2018:15:34:06 -0400] "GET /papers/1998/nspw1998-abrams.pdf HTTP/1.1" 200 734998 "-" "Mozilla/5.0 (compatible; Googlebot/2.1; +http://www.google.com/bot.html)"
69.162.124.227 - - [27/Apr/2018:15:34:37 -0400] "HEAD / HTTP/1.1" 200 3874 "http://nspw.org/" "Mozilla/5.0+(compatible; UptimeRobot/2.0; http://www.uptimerobot.com/)"
66.249.73.87 - - [27/Apr/2018:15:34:51 -0400] "GET /papers/1993/nspw1993-rooker.pdf HTTP/1.1" 200 462809 "-" "Googlebot/2.1 (+http://www.google.com/bot.html)"
66.249.73.87 - - [27/Apr/2018:15:35:11 -0400] "GET /papers/2001/nspw2001-du.pdf HTTP/1.1" 200 914427 "-" "Mozilla/5.0 (compatible; Googlebot/2.1; +http://www.google.com/bot.html)"
191.55.191.106 - - [27/Apr/2018:15:35:16 -0400] "GET /wp-login.php HTTP/1.1" 404 7491 "-" "Mozilla/5.0 (Windows NT 6.1; WOW64; rv:40.0) Gecko/20100101 Firefox/40.1"
191.55.191.106 - - [27/Apr/2018:15:35:18 -0400] "GET / HTTP/1.1" 200 8218 "-" "Mozilla/5.0 (Windows NT 6.1; WOW64; rv:40.0) Gecko/20100101 Firefox/40.1"
66.249.73.87 - - [27/Apr/2018:15:36:16 -0400] "GET /2005/cfp/latex/talk4.ps HTTP/1.1" 200 224633 "-" "Mozilla/5.0 (compatible; Googlebot/2.1; +http://www.google.com/bot.html)"
37.238.192.45 - - [27/Apr/2018:15:36:49 -0400] "GET /wp-login.php HTTP/1.1" 404 7782 "-" "Mozilla/5.0 (Windows NT 6.1; WOW64; rv:40.0) Gecko/20100101 Firefox/40.1"
37.238.192.45 - - [27/Apr/2018:15:36:51 -0400] "GET / HTTP/1.1" 200 8266 "-" "Mozilla/5.0 (Windows NT 6.1; WOW64; rv:40.0) Gecko/20100101 Firefox/40.1"
66.249.73.91 - - [27/Apr/2018:15:37:23 -0400] "GET /papers/2001/nspw2001-sekar.pdf HTTP/1.1" 200 760475 "-" "Mozilla/5.0 (compatible; Googlebot/2.1; +http://www.google.com/bot.html)"
66.249.73.87 - - [27/Apr/2018:15:38:26 -0400] "GET /papers/2000/nspw2000-daniels.pdf HTTP/1.1" 200 522507 "-" "Mozilla/5.0 (compatible; Googlebot/2.1; +http://www.google.com/bot.html)"
40.77.167.149 - - [27/Apr/2018:15:38:46 -0400] "GET /papers/2002/nspw2002-toyoizumi.pdf HTTP/1.1" 200 531389 "-" "Mozilla/5.0 (compatible; bingbot/2.0; +http://www.bing.com/bingbot.htm)"
104.171.115.144 - - [27/Apr/2018:15:39:01 -0400] "GET / HTTP/1.1" 200 11111 "http://www.nspw.org/" "Mozilla/4.0 (compatible; MSIE 6.0; Windows NT 5.1; SV1; .NET CLR 2.0.50727; .NET CLR 1.1.4322)"
104.171.115.144 - - [27/Apr/2018:15:39:02 -0400] "GET / HTTP/1.1" 200 8319 "http://www.nspw.org/" "Mozilla/4.0 (compatible; MSIE 6.0; Windows NT 5.1; SV1; .NET CLR 2.0.50727; .NET CLR 1.1.4322)"
66.249.73.87 - - [27/Apr/2018:15:39:31 -0400] "GET /papers/1993/nspw1993-michael.pdf HTTP/1.1" 200 642526 "-" "Mozilla/5.0 (compatible; Googlebot/2.1; +http://www.google.com/bot.html)"
69.162.124.227 - - [27/Apr/2018:15:39:37 -0400] "HEAD / HTTP/1.1" 200 3874 "http://nspw.org/" "Mozilla/5.0+(compatible; UptimeRobot/2.0; http://www.uptimerobot.com/)"
66.249.73.89 - - [27/Apr/2018:15:40:07 -0400] "GET /current/pc.shtml HTTP/1.1" 404 8006 "-" "Mozilla/5.0 (compatible; Googlebot/2.1; +http://www.google.com/bot.html)"
125.209.235.179 - - [27/Apr/2018:15:40:27 -0400] "GET /2010/dates HTTP/1.1" 200 6722 "-" "Mozilla/5.0 (compatible; Yeti/1.1; +http://naver.me/spd)"
66.249.73.89 - - [27/Apr/2018:15:40:36 -0400] "GET /papers/2003/nspw2003-eustice.pdf HTTP/1.1" 200 698366 "-" "Mozilla/5.0 (compatible; Googlebot/2.1; +http://www.google.com/bot.html)"
66.249.73.89 - - [27/Apr/2018:15:41:41 -0400] "GET /papers/1993/nspw1993-lapadula.pdf HTTP/1.1" 200 730603 "-" "Mozilla/5.0 (compatible; Googlebot/2.1; +http://www.google.com/bot.html)"
66.249.73.89 - - [27/Apr/2018:15:42:32 -0400] "GET /papers/1999/nspw1999-pancho.pdf HTTP/1.1" 200 683562 "-" "Googlebot/2.1 (+http://www.google.com/bot.html)"
66.249.73.87 - - [27/Apr/2018:15:43:50 -0400] "GET /2009/proceedings/2007/nspw2007-gay.pdf HTTP/1.1" 304 3605 "-" "Mozilla/5.0 (compatible; Googlebot/2.1; +http://www.google.com/bot.html)"
66.249.73.87 - - [27/Apr/2018:15:44:55 -0400] "GET /2009/proceedings/2003/nspw2003-perrin.pdf HTTP/1.1" 304 3606 "-" "Mozilla/5.0 (compatible; Googlebot/2.1; +http://www.google.com/bot.html)"
66.249.73.91 - - [27/Apr/2018:15:45:09 -0400] "GET /2005/pre-proceedings/sean_peisert.pdf HTTP/1.1" 404 8067 "-" "Googlebot/2.1 (+http://www.google.com/bot.html)"
69.162.124.227 - - [27/Apr/2018:15:45:20 -0400] "HEAD / HTTP/1.1" 200 3874 "http://nspw.org/" "Mozilla/5.0+(compatible; UptimeRobot/2.0; http://www.uptimerobot.com/)"
66.249.73.91 - - [27/Apr/2018:15:46:00 -0400] "GET /2008/invite/workshopformat.html HTTP/1.1" 200 6308 "-" "Mozilla/5.0 (compatible; Googlebot/2.1; +http://www.google.com/bot.html)"
66.249.73.87 - - [27/Apr/2018:15:46:06 -0400] "GET /2009/proceedings/2014-pre/cappos-nspw2014pre.pdf HTTP/1.1" 404 8111 "-" "Googlebot/2.1 (+http://www.google.com/bot.html)"
66.249.73.87 - - [27/Apr/2018:15:46:59 -0400] "GET /2008/program.shtml HTTP/1.1" 200 4964 "-" "Mozilla/5.0 (compatible; Googlebot/2.1; +http://www.google.com/bot.html)"
66.249.73.87 - - [27/Apr/2018:15:47:10 -0400] "GET /papers/1993/nspw1993-smith.pdf HTTP/1.1" 200 926357 "-" "Mozilla/5.0 (compatible; Googlebot/2.1; +http://www.google.com/bot.html)"
66.249.73.91 - - [27/Apr/2018:15:48:09 -0400] "GET /2007/proceedings.shtml HTTP/1.1" 200 4864 "-" "Mozilla/5.0 (compatible; Googlebot/2.1; +http://www.google.com/bot.html)"
207.46.13.144 - - [27/Apr/2018:15:48:32 -0400] "GET /2017/cfp HTTP/1.1" 200 9467 "-" "Mozilla/5.0 (compatible; bingbot/2.0; +http://www.bing.com/bingbot.htm)"
66.249.73.89 - - [27/Apr/2018:15:49:15 -0400] "GET /papers/2002/nspw2002-greenwald.pdf HTTP/1.1" 200 513922 "-" "Mozilla/5.0 (compatible; Googlebot/2.1; +http://www.google.com/bot.html)"
40.77.167.149 - - [27/Apr/2018:15:49:37 -0400] "GET /papers/2003/nspw2003-beres.pdf HTTP/1.1" 200 732903 "-" "Mozilla/5.0 (compatible; bingbot/2.0; +http://www.bing.com/bingbot.htm)"
185.214.164.22 - - [27/Apr/2018:15:50:07 -0400] "GET / HTTP/1.1" 200 11660 "http://www.nspw.org" "Mozilla/5.0 (X11; Linux x86_64) AppleWebKit/537.36 (KHTML, like Gecko) Chrome/46.0.2490.80 Safari/537.36"
66.249.73.89 - - [27/Apr/2018:15:50:19 -0400] "GET /2009/proceedings/2007/nspw2007-hunker.pdf HTTP/1.1" 304 3605 "-" "Mozilla/5.0 (compatible; Googlebot/2.1; +http://www.google.com/bot.html)"
69.162.124.227 - - [27/Apr/2018:15:50:19 -0400] "HEAD / HTTP/1.1" 200 3874 "http://nspw.org/" "Mozilla/5.0+(compatible; UptimeRobot/2.0; http://www.uptimerobot.com/)"
66.249.73.89 - - [27/Apr/2018:15:51:24 -0400] "GET /2003/past.shtml.bak HTTP/1.1" 200 8024 "-" "Mozilla/5.0 (compatible; Googlebot/2.1; +http://www.google.com/bot.html)"
123.125.143.29 - - [27/Apr/2018:15:51:45 -0400] "GET / HTTP/1.1" 200 6633 "-" "Mozilla/5.0 (Windows NT 6.1; WOW64; rv:43.0) Gecko/20100101 Firefox/43.0"
123.125.143.29 - - [27/Apr/2018:15:51:45 -0400] "GET /modules/system/system.base.css?p7r9uw HTTP/1.1" 200 2307 "https://www.nspw.org/" "Mozilla/5.0 (Windows NT 6.1; WOW64; rv:43.0) Gecko/20100101 Firefox/43.0"
123.125.143.29 - - [27/Apr/2018:15:51:46 -0400] "GET /modules/system/system.menus.css?p7r9uw HTTP/1.1" 200 1025 "https://www.nspw.org/" "Mozilla/5.0 (Windows NT 6.1; WOW64; rv:43.0) Gecko/20100101 Firefox/43.0"
123.125.143.192 - - [27/Apr/2018:15:51:46 -0400] "GET /modules/system/system.messages.css?p7r9uw HTTP/1.1" 200 884 "https://www.nspw.org/" "Mozilla/5.0 (Windows NT 6.1; WOW64; rv:43.0) Gecko/20100101 Firefox/43.0"
123.125.143.31 - - [27/Apr/2018:15:51:46 -0400] "GET /modules/system/system.theme.css?p7r9uw HTTP/1.1" 200 1723 "https://www.nspw.org/" "Mozilla/5.0 (Windows NT 6.1; WOW64; rv:43.0) Gecko/20100101 Firefox/43.0"
123.125.143.64 - - [27/Apr/2018:15:51:46 -0400] "GET /modules/comment/comment.css?p7r9uw HTTP/1.1" 200 643 "https://www.nspw.org/" "Mozilla/5.0 (Windows NT 6.1; WOW64; rv:43.0) Gecko/20100101 Firefox/43.0"
123.125.143.29 - - [27/Apr/2018:15:51:46 -0400] "GET /modules/field/theme/field.css?p7r9uw HTTP/1.1" 200 599 "https://www.nspw.org/" "Mozilla/5.0 (Windows NT 6.1; WOW64; rv:43.0) Gecko/20100101 Firefox/43.0"
123.125.143.158 - - [27/Apr/2018:15:51:46 -0400] "GET /modules/user/user.css?p7r9uw HTTP/1.1" 200 1200 "https://www.nspw.org/" "Mozilla/5.0 (Windows NT 6.1; WOW64; rv:43.0) Gecko/20100101 Firefox/43.0"
123.125.143.29 - - [27/Apr/2018:15:51:46 -0400] "GET /modules/node/node.css?p7r9uw HTTP/1.1" 200 610 "https://www.nspw.org/" "Mozilla/5.0 (Windows NT 6.1; WOW64; rv:43.0) Gecko/20100101 Firefox/43.0"
123.125.143.192 - - [27/Apr/2018:15:51:46 -0400] "GET /themes/garland/style.css?p7r9uw HTTP/1.1" 200 5370 "https://www.nspw.org/" "Mozilla/5.0 (Windows NT 6.1; WOW64; rv:43.0) Gecko/20100101 Firefox/43.0"
123.125.143.31 - - [27/Apr/2018:15:51:46 -0400] "GET /themes/garland/print.css?p7r9uw HTTP/1.1" 200 771 "https://www.nspw.org/" "Mozilla/5.0 (Windows NT 6.1; WOW64; rv:43.0) Gecko/20100101 Firefox/43.0"
123.125.143.29 - - [27/Apr/2018:15:51:46 -0400] "GET /misc/jquery.once.js?v=1.2 HTTP/1.1" 200 1445 "https://www.nspw.org/" "Mozilla/5.0 (Windows NT 6.1; WOW64; rv:43.0) Gecko/20100101 Firefox/43.0"
123.125.143.64 - - [27/Apr/2018:15:51:46 -0400] "GET /misc/jquery.js?v=1.4.4 HTTP/1.1" 200 27601 "https://www.nspw.org/" "Mozilla/5.0 (Windows NT 6.1; WOW64; rv:43.0) Gecko/20100101 Firefox/43.0"
123.125.143.158 - - [27/Apr/2018:15:51:46 -0400] "GET /misc/drupal.js?p7r9uw HTTP/1.1" 200 7372 "https://www.nspw.org/" "Mozilla/5.0 (Windows NT 6.1; WOW64; rv:43.0) Gecko/20100101 Firefox/43.0"
86.97.66.94 - - [27/Apr/2018:15:51:55 -0400] "GET /wp-login.php HTTP/1.1" 404 7484 "-" "Mozilla/5.0 (Windows NT 6.1; WOW64; rv:40.0) Gecko/20100101 Firefox/40.1"
86.97.66.94 - - [27/Apr/2018:15:51:56 -0400] "GET / HTTP/1.1" 200 8218 "-" "Mozilla/5.0 (Windows NT 6.1; WOW64; rv:40.0) Gecko/20100101 Firefox/40.1"
66.249.65.106 - - [27/Apr/2018:15:52:00 -0400] "GET /robots.txt HTTP/1.1" 200 4504 "-" "Mozilla/5.0 (compatible; Googlebot/2.1; +http://www.google.com/bot.html)"
66.249.65.104 - - [27/Apr/2018:15:52:00 -0400] "GET /past HTTP/1.1" 200 6384 "-" "Mozilla/5.0 (compatible; Googlebot/2.1; +http://www.google.com/bot.html)"
77.88.47.40 - - [27/Apr/2018:15:52:06 -0400] "GET /2002/program.pdf HTTP/1.1" 200 10294 "-" "Mozilla/5.0 (compatible; YandexBot/3.0; +http://yandex.com/bots)"
77.88.47.40 - - [27/Apr/2018:15:52:20 -0400] "GET /2002/oc.content HTTP/1.1" 200 6326 "-" "Mozilla/5.0 (compatible; YandexBot/3.0; +http://yandex.com/bots)"
66.249.73.91 - - [27/Apr/2018:15:52:29 -0400] "GET /2006/cfp/cfpExtension.text HTTP/1.1" 200 6593 "-" "Mozilla/5.0 (compatible; Googlebot/2.1; +http://www.google.com/bot.html)"
66.249.73.91 - - [27/Apr/2018:15:53:34 -0400] "GET /2009/proceedings/2002/ HTTP/1.1" 200 4430 "-" "Mozilla/5.0 (compatible; Googlebot/2.1; +http://www.google.com/bot.html)"
66.249.73.89 - - [27/Apr/2018:15:54:39 -0400] "GET /2009/proceedings/1998/ HTTP/1.1" 200 4333 "-" "Mozilla/5.0 (compatible; Googlebot/2.1; +http://www.google.com/bot.html)"
69.162.124.227 - - [27/Apr/2018:15:55:19 -0400] "HEAD / HTTP/1.1" 200 3874 "http://nspw.org/" "Mozilla/5.0+(compatible; UptimeRobot/2.0; http://www.uptimerobot.com/)"
66.249.73.87 - - [27/Apr/2018:15:55:44 -0400] "GET /papers/1996/nspw1996-orman.pdf HTTP/1.1" 200 594879 "-" "Mozilla/5.0 (compatible; Googlebot/2.1; +http://www.google.com/bot.html)"
112.34.110.29 - - [27/Apr/2018:15:56:03 -0400] "GET / HTTP/1.1" 200 6635 "-" "Mozilla/5.0 (Windows NT 6.1; WOW64; rv:43.0) Gecko/20100101 Firefox/43.0"
112.34.110.29 - - [27/Apr/2018:15:56:03 -0400] "GET /modules/system/system.base.css?p7r9uw HTTP/1.1" 200 2307 "https://www.nspw.org/" "Mozilla/5.0 (Windows NT 6.1; WOW64; rv:43.0) Gecko/20100101 Firefox/43.0"
112.34.110.29 - - [27/Apr/2018:15:56:03 -0400] "GET /modules/system/system.menus.css?p7r9uw HTTP/1.1" 200 1025 "https://www.nspw.org/" "Mozilla/5.0 (Windows NT 6.1; WOW64; rv:43.0) Gecko/20100101 Firefox/43.0"
112.34.110.29 - - [27/Apr/2018:15:56:04 -0400] "GET /modules/system/system.messages.css?p7r9uw HTTP/1.1" 200 884 "https://www.nspw.org/" "Mozilla/5.0 (Windows NT 6.1; WOW64; rv:43.0) Gecko/20100101 Firefox/43.0"
112.34.110.29 - - [27/Apr/2018:15:56:04 -0400] "GET /modules/system/system.theme.css?p7r9uw HTTP/1.1" 200 1585 "https://www.nspw.org/" "Mozilla/5.0 (Windows NT 6.1; WOW64; rv:43.0) Gecko/20100101 Firefox/43.0"
112.34.110.28 - - [27/Apr/2018:15:56:04 -0400] "GET /modules/comment/comment.css?p7r9uw HTTP/1.1" 200 643 "https://www.nspw.org/" "Mozilla/5.0 (Windows NT 6.1; WOW64; rv:43.0) Gecko/20100101 Firefox/43.0"
112.34.110.28 - - [27/Apr/2018:15:56:04 -0400] "GET /modules/field/theme/field.css?p7r9uw HTTP/1.1" 200 737 "https://www.nspw.org/" "Mozilla/5.0 (Windows NT 6.1; WOW64; rv:43.0) Gecko/20100101 Firefox/43.0"
112.34.110.149 - - [27/Apr/2018:15:56:04 -0400] "GET /modules/user/user.css?p7r9uw HTTP/1.1" 200 1200 "https://www.nspw.org/" "Mozilla/5.0 (Windows NT 6.1; WOW64; rv:43.0) Gecko/20100101 Firefox/43.0"
112.34.110.29 - - [27/Apr/2018:15:56:04 -0400] "GET /modules/node/node.css?p7r9uw HTTP/1.1" 200 610 "https://www.nspw.org/" "Mozilla/5.0 (Windows NT 6.1; WOW64; rv:43.0) Gecko/20100101 Firefox/43.0"
112.34.110.29 - - [27/Apr/2018:15:56:04 -0400] "GET /themes/garland/style.css?p7r9uw HTTP/1.1" 200 5370 "https://www.nspw.org/" "Mozilla/5.0 (Windows NT 6.1; WOW64; rv:43.0) Gecko/20100101 Firefox/43.0"
112.34.110.29 - - [27/Apr/2018:15:56:04 -0400] "GET /themes/garland/print.css?p7r9uw HTTP/1.1" 200 771 "https://www.nspw.org/" "Mozilla/5.0 (Windows NT 6.1; WOW64; rv:43.0) Gecko/20100101 Firefox/43.0"
112.34.110.28 - - [27/Apr/2018:15:56:04 -0400] "GET /misc/jquery.js?v=1.4.4 HTTP/1.1" 200 27601 "https://www.nspw.org/" "Mozilla/5.0 (Windows NT 6.1; WOW64; rv:43.0) Gecko/20100101 Firefox/43.0"
112.34.110.28 - - [27/Apr/2018:15:56:04 -0400] "GET /misc/jquery.once.js?v=1.2 HTTP/1.1" 200 1445 "https://www.nspw.org/" "Mozilla/5.0 (Windows NT 6.1; WOW64; rv:43.0) Gecko/20100101 Firefox/43.0"
112.34.110.29 - - [27/Apr/2018:15:56:04 -0400] "GET /misc/drupal.js?p7r9uw HTTP/1.1" 200 7372 "https://www.nspw.org/" "Mozilla/5.0 (Windows NT 6.1; WOW64; rv:43.0) Gecko/20100101 Firefox/43.0"
66.249.73.89 - - [27/Apr/2018:15:56:46 -0400] "GET /2009/proceedings/2013-pre/pwd-looking-for.pdf HTTP/1.1" 404 8105 "-" "Googlebot/2.1 (+http://www.google.com/bot.html)"
66.249.73.87 - - [27/Apr/2018:15:56:48 -0400] "GET /2014/organizers HTTP/1.1" 200 7081 "-" "Mozilla/5.0 (compatible; Googlebot/2.1; +http://www.google.com/bot.html)"
66.249.73.87 - - [27/Apr/2018:15:57:54 -0400] "GET /papers/1996/nspw1996-williams.pdf HTTP/1.1" 200 664500 "-" "Mozilla/5.0 (compatible; Googlebot/2.1; +http://www.google.com/bot.html)"
66.249.73.89 - - [27/Apr/2018:15:58:17 -0400] "GET /2009/proceedings/2015pre/mannan-nspw2015pre.pdf HTTP/1.1" 404 8108 "-" "Googlebot/2.1 (+http://www.google.com/bot.html)"
123.125.143.26 - - [27/Apr/2018:15:58:56 -0400] "GET /modules/system/system.base.css?p7r9uw HTTP/1.1" 200 9624 "-" "Python-urllib/2.7"
123.125.143.6 - - [27/Apr/2018:15:58:58 -0400] "GET /modules/comment/comment.css?p7r9uw HTTP/1.1" 200 4339 "-" "Python-urllib/2.7"
66.249.73.87 - - [27/Apr/2018:15:58:58 -0400] "GET /2003/ HTTP/1.1" 200 5381 "-" "Mozilla/5.0 (compatible; Googlebot/2.1; +http://www.google.com/bot.html)"
123.125.143.139 - - [27/Apr/2018:15:58:59 -0400] "GET /themes/garland/style.css?p7r9uw HTTP/1.1" 200 25021 "-" "Python-urllib/2.7"
123.125.143.152 - - [27/Apr/2018:15:59:00 -0400] "GET /themes/garland/print.css?p7r9uw HTTP/1.1" 200 5203 "-" "Python-urllib/2.7"
123.125.143.11 - - [27/Apr/2018:15:59:02 -0400] "GET /sites/default/files/nspw-logo-smaller.jpg HTTP/1.1" 200 6165 "-" "Mozilla/5.0 (Windows NT 6.1; WOW64; rv:43.0) Gecko/20100101 Firefox/43.0"
123.125.143.11 - - [27/Apr/2018:15:59:04 -0400] "GET /themes/garland/images/bg-navigation-item-hover.png HTTP/1.1" 200 709 "-" "Mozilla/5.0 (Windows NT 6.1; WOW64; rv:43.0) Gecko/20100101 Firefox/43.0"
123.125.143.11 - - [27/Apr/2018:15:59:05 -0400] "GET /themes/garland/images/bg-navigation-item.png HTTP/1.1" 200 757 "-" "Mozilla/5.0 (Windows NT 6.1; WOW64; rv:43.0) Gecko/20100101 Firefox/43.0"
123.125.143.11 - - [27/Apr/2018:15:59:07 -0400] "GET /themes/garland/images/menu-leaf.gif HTTP/1.1" 200 437 "-" "Mozilla/5.0 (Windows NT 6.1; WOW64; rv:43.0) Gecko/20100101 Firefox/43.0"
123.125.143.11 - - [27/Apr/2018:15:59:08 -0400] "GET /themes/garland/images/menu-expanded.gif HTTP/1.1" 200 437 "-" "Mozilla/5.0 (Windows NT 6.1; WOW64; rv:43.0) Gecko/20100101 Firefox/43.0"
123.125.143.11 - - [27/Apr/2018:15:59:09 -0400] "GET /themes/garland/images/menu-collapsed.gif HTTP/1.1" 200 437 "-" "Mozilla/5.0 (Windows NT 6.1; WOW64; rv:43.0) Gecko/20100101 Firefox/43.0"
66.249.73.87 - - [27/Apr/2018:16:00:03 -0400] "GET /2009/proceedings/2007/ HTTP/1.1" 200 4337 "-" "Mozilla/5.0 (compatible; Googlebot/2.1; +http://www.google.com/bot.html)"
69.162.124.227 - - [27/Apr/2018:16:00:19 -0400] "HEAD / HTTP/1.1" 200 3874 "http://nspw.org/" "Mozilla/5.0+(compatible; UptimeRobot/2.0; http://www.uptimerobot.com/)"
66.249.73.87 - - [27/Apr/2018:16:01:08 -0400] "GET /papers/1998/nspw1998-jonsson.pdf HTTP/1.1" 200 670616 "-" "Mozilla/5.0 (compatible; Googlebot/2.1; +http://www.google.com/bot.html)"
40.77.167.29 - - [27/Apr/2018:16:02:12 -0400] "GET /2001/index.html HTTP/1.1" 200 5646 "-" "Mozilla/5.0 (compatible; bingbot/2.0; +http://www.bing.com/bingbot.htm)"
66.249.73.91 - - [27/Apr/2018:16:02:13 -0400] "GET /papers/2002/nspw2002-venkatakrishnan.pdf HTTP/1.1" 200 858581 "-" "Mozilla/5.0 (compatible; Googlebot/2.1; +http://www.google.com/bot.html)"
77.88.47.40 - - [27/Apr/2018:16:02:31 -0400] "GET /papers/2001/nspw2001-zurko.pdf HTTP/1.1" 200 245976 "-" "Mozilla/5.0 (compatible; YandexBot/3.0; +http://yandex.com/bots)"
66.249.73.87 - - [27/Apr/2018:16:03:18 -0400] "GET /papers/2002/nspw2002-bhattacharyya.pdf HTTP/1.1" 200 795322 "-" "Mozilla/5.0 (compatible; Googlebot/2.1; +http://www.google.com/bot.html)"
77.88.47.40 - - [27/Apr/2018:16:02:47 -0400] "GET /papers/2001/nspw2001-bruschi.pdf HTTP/1.1" 200 597731 "-" "Mozilla/5.0 (compatible; YandexBot/3.0; +http://yandex.com/bots)"
157.150.193.3 - - [27/Apr/2018:16:03:51 -0400] "GET /favicon.ico HTTP/1.1" 404 3996 "https://www.nspw.org/papers/2009/nspw2009-herley.pdf" "Mozilla/5.0 (Windows NT 10.0; Win64; x64) AppleWebKit/537.36 (KHTML, like Gecko) Chrome/65.0.3325.181 Safari/537.36"
157.150.193.3 - - [27/Apr/2018:16:03:50 -0400] "GET /papers/2009/nspw2009-herley.pdf HTTP/1.1" 200 189096 "https://www.google.com/" "Mozilla/5.0 (Windows NT 10.0; Win64; x64) AppleWebKit/537.36 (KHTML, like Gecko) Chrome/65.0.3325.181 Safari/537.36"
66.249.73.87 - - [27/Apr/2018:16:03:59 -0400] "GET /2013/cfp HTTP/1.1" 200 8796 "-" "Mozilla/5.0 (compatible; Googlebot/2.1; +http://www.google.com/bot.html)"
66.249.73.87 - - [27/Apr/2018:16:04:22 -0400] "GET /papers/1998/nspw1998-lin.pdf HTTP/1.1" 200 336758 "-" "Mozilla/5.0 (compatible; Googlebot/2.1; +http://www.google.com/bot.html)"
99.226.204.47 - - [27/Apr/2018:16:04:45 -0400] "GET /wp-login.php HTTP/1.1" 404 7839 "-" "Mozilla/5.0 (Windows NT 6.1; WOW64; rv:40.0) Gecko/20100101 Firefox/40.1"
99.226.204.47 - - [27/Apr/2018:16:04:45 -0400] "GET / HTTP/1.1" 200 8218 "-" "Mozilla/5.0 (Windows NT 6.1; WOW64; rv:40.0) Gecko/20100101 Firefox/40.1"
83.112.235.111 - - [27/Apr/2018:16:05:00 -0400] "GET /wp-login.php HTTP/1.1" 404 7839 "-" "Mozilla/5.0 (Windows NT 6.1; WOW64; rv:40.0) Gecko/20100101 Firefox/40.1"
83.112.235.111 - - [27/Apr/2018:16:05:02 -0400] "GET / HTTP/1.1" 200 8218 "-" "Mozilla/5.0 (Windows NT 6.1; WOW64; rv:40.0) Gecko/20100101 Firefox/40.1"
77.88.47.40 - - [27/Apr/2018:16:04:50 -0400] "GET /2009/proceedings/2009/nspw2009-probst.pdf HTTP/1.1" 200 205924 "-" "Mozilla/5.0 (compatible; YandexBot/3.0; +http://yandex.com/bots)"
69.162.124.227 - - [27/Apr/2018:16:05:19 -0400] "HEAD / HTTP/1.1" 200 3874 "http://nspw.org/" "Mozilla/5.0+(compatible; UptimeRobot/2.0; http://www.uptimerobot.com/)"
66.249.73.89 - - [27/Apr/2018:16:05:28 -0400] "GET /papers/2004/nspw2004-haldar.pdf HTTP/1.1" 200 80720 "-" "Mozilla/5.0 (compatible; Googlebot/2.1; +http://www.google.com/bot.html)"
66.249.73.87 - - [27/Apr/2018:16:05:34 -0400] "GET /papers/2001/nspw2001-greenwald.pdf HTTP/1.1" 200 400863 "-" "Googlebot/2.1 (+http://www.google.com/bot.html)"
77.88.47.40 - - [27/Apr/2018:16:05:53 -0400] "GET /2009/proceedings/2009/nspw2009-jakobsson.pdf HTTP/1.1" 200 293763 "-" "Mozilla/5.0 (compatible; YandexBot/3.0; +http://yandex.com/bots)"
77.88.47.40 - - [27/Apr/2018:16:06:10 -0400] "GET /2009/proceedings/2009/nspw2009-kline.pdf HTTP/1.1" 200 153916 "-" "Mozilla/5.0 (compatible; YandexBot/3.0; +http://yandex.com/bots)"
66.249.73.89 - - [27/Apr/2018:16:06:32 -0400] "GET /papers/1998/nspw1998-kahn.pdf HTTP/1.1" 200 1162793 "-" "Mozilla/5.0 (compatible; Googlebot/2.1; +http://www.google.com/bot.html)"
77.88.47.40 - - [27/Apr/2018:16:06:53 -0400] "GET /2009/proceedings/2009/nspw2009-jakobsson.pdf HTTP/1.1" 200 293763 "-" "Mozilla/5.0 (compatible; YandexBot/3.0; +http://yandex.com/bots)"
66.249.73.89 - - [27/Apr/2018:16:07:37 -0400] "GET /papers/1993/nspw1993-howe.pdf HTTP/1.1" 200 396733 "-" "Mozilla/5.0 (compatible; Googlebot/2.1; +http://www.google.com/bot.html)"
77.88.47.40 - - [27/Apr/2018:16:03:29 -0400] "GET /papers/2001/nspw2001-balacheff.pdf HTTP/1.1" 200 68502 "-" "Mozilla/5.0 (compatible; YandexBot/3.0; +http://yandex.com/bots)"
66.249.73.91 - - [27/Apr/2018:16:08:42 -0400] "GET /2009/dates.shtml HTTP/1.1" 200 5060 "-" "Mozilla/5.0 (compatible; Googlebot/2.1; +http://www.google.com/bot.html)"
207.46.13.49 - - [27/Apr/2018:16:08:57 -0400] "GET /2007/oc.shtml HTTP/1.1" 200 5840 "-" "Mozilla/5.0 (compatible; bingbot/2.0; +http://www.bing.com/bingbot.htm)"
66.249.73.89 - - [27/Apr/2018:16:09:18 -0400] "GET /2009/proceedings/2013-pre/badly-behaved.pdf HTTP/1.1" 404 8101 "-" "Googlebot/2.1 (+http://www.google.com/bot.html)"
77.88.47.40 - - [27/Apr/2018:16:09:22 -0400] "GET /papers/2001/nspw2001-hosmer.pdf HTTP/1.1" 200 70458 "-" "Mozilla/5.0 (compatible; YandexBot/3.0; +http://yandex.com/bots)"
77.88.47.40 - - [27/Apr/2018:16:09:26 -0400] "GET /node/21 HTTP/1.1" 200 2733 "-" "Mozilla/5.0 (compatible; YandexBot/3.0; +http://yandex.com/bots)"
77.88.47.40 - - [27/Apr/2018:16:03:44 -0400] "GET /2009/proceedings/2009/nspw2009-gibson.pdf HTTP/1.1" 200 900938 "-" "Mozilla/5.0 (compatible; YandexBot/3.0; +http://yandex.com/bots)"
77.88.47.40 - - [27/Apr/2018:16:04:30 -0400] "GET /papers/2001/nspw2001-greenwald.pdf HTTP/1.1" 200 52352 "-" "Mozilla/5.0 (compatible; YandexBot/3.0; +http://yandex.com/bots)"
77.88.47.40 - - [27/Apr/2018:16:04:32 -0400] "GET /papers/2001/nspw2001-raskin.pdf HTTP/1.1" 200 52352 "-" "Mozilla/5.0 (compatible; YandexBot/3.0; +http://yandex.com/bots)"
66.249.73.87 - - [27/Apr/2018:16:09:47 -0400] "GET /2002/ HTTP/1.1" 200 5157 "-" "Mozilla/5.0 (compatible; Googlebot/2.1; +http://www.google.com/bot.html)"
77.88.47.40 - - [27/Apr/2018:16:04:35 -0400] "GET /papers/2001/nspw2001-balacheff.pdf HTTP/1.1" 200 250868 "-" "Mozilla/5.0 (compatible; YandexBot/3.0; +http://yandex.com/bots)"
77.88.47.40 - - [27/Apr/2018:16:09:53 -0400] "GET /node/29 HTTP/1.1" 200 6158 "-" "Mozilla/5.0 (compatible; YandexBot/3.0; +http://yandex.com/bots)"
66.249.73.87 - - [27/Apr/2018:16:09:57 -0400] "GET /2005/PC/thomas%20gross%20justifcation.pdf HTTP/1.1" 404 8058 "-" "Googlebot/2.1 (+http://www.google.com/bot.html)"
69.162.124.227 - - [27/Apr/2018:16:10:19 -0400] "HEAD / HTTP/1.1" 200 3874 "http://nspw.org/" "Mozilla/5.0+(compatible; UptimeRobot/2.0; http://www.uptimerobot.com/)"
77.88.47.40 - - [27/Apr/2018:16:05:03 -0400] "GET /2009/proceedings/2009/nspw2009-gibson.pdf HTTP/1.1" 200 506076 "-" "Mozilla/5.0 (compatible; YandexBot/3.0; +http://yandex.com/bots)"
77.88.47.40 - - [27/Apr/2018:16:05:29 -0400] "GET /2009/proceedings/2009/nspw2009-kline.pdf HTTP/1.1" 200 84506 "-" "Mozilla/5.0 (compatible; YandexBot/3.0; +http://yandex.com/bots)"
77.88.47.40 - - [27/Apr/2018:16:05:33 -0400] "GET /papers/2001/nspw2001-balacheff.pdf HTTP/1.1" 200 329156 "-" "Mozilla/5.0 (compatible; YandexBot/3.0; +http://yandex.com/bots)"
77.88.47.40 - - [27/Apr/2018:16:05:49 -0400] "GET /2009/proceedings/2009/nspw2009-misra.pdf HTTP/1.1" 200 84506 "-" "Mozilla/5.0 (compatible; YandexBot/3.0; +http://yandex.com/bots)"
66.249.73.87 - - [27/Apr/2018:16:10:52 -0400] "GET /papers/2002/nspw2002-haldar.pdf HTTP/1.1" 200 512210 "-" "Mozilla/5.0 (compatible; Googlebot/2.1; +http://www.google.com/bot.html)"
180.241.78.4 - - [27/Apr/2018:16:11:03 -0400] "GET /wp-login.php HTTP/1.1" 404 7484 "-" "Mozilla/5.0 (Windows NT 6.1; WOW64; rv:40.0) Gecko/20100101 Firefox/40.1"
180.241.78.4 - - [27/Apr/2018:16:11:06 -0400] "GET / HTTP/1.1" 200 8218 "-" "Mozilla/5.0 (Windows NT 6.1; WOW64; rv:40.0) Gecko/20100101 Firefox/40.1"
195.201.131.88 - - [27/Apr/2018:16:11:08 -0400] "GET /2009/nspw-footer-old.html HTTP/1.0" 200 4966 "-" "Mozilla/5.0 (Windows; U; Windows NT 5.1; en-US; rv:1.8.1.6) Gecko/20070725 Firefox/2.0.0.6"
195.201.135.43 - - [27/Apr/2018:16:11:08 -0400] "GET /2007/dates.shtml HTTP/1.0" 200 7888 "-" "Mozilla/5.0 (Windows; U; Windows NT 5.1; en-US; rv:1.8.1.6) Gecko/20070725 Firefox/2.0.0.6"
195.201.92.12 - - [27/Apr/2018:16:11:09 -0400] "GET /2007/cfp.shtml HTTP/1.0" 200 15595 "-" "Mozilla/5.0 (Windows; U; Windows NT 5.1; en-US; rv:1.8.1.6) Gecko/20070725 Firefox/2.0.0.6"
195.201.92.12 - - [27/Apr/2018:16:11:09 -0400] "GET /2007/local.shtml HTTP/1.0" 200 9744 "-" "Mozilla/5.0 (Windows; U; Windows NT 5.1; en-US; rv:1.8.1.6) Gecko/20070725 Firefox/2.0.0.6"
195.201.92.12 - - [27/Apr/2018:16:11:09 -0400] "GET /2007/index.shtml HTTP/1.0" 200 8207 "-" "Mozilla/5.0 (Windows; U; Windows NT 5.1; en-US; rv:1.8.1.6) Gecko/20070725 Firefox/2.0.0.6"
195.201.92.12 - - [27/Apr/2018:16:11:10 -0400] "GET /2009/nspw-footer.html HTTP/1.0" 200 5163 "-" "Mozilla/5.0 (Windows; U; Windows NT 5.1; en-US; rv:1.8.1.6) Gecko/20070725 Firefox/2.0.0.6"
88.9.207.251 - - [27/Apr/2018:16:11:14 -0400] "GET /wp-login.php HTTP/1.1" 404 7484 "-" "Mozilla/5.0 (Windows NT 6.1; WOW64; rv:40.0) Gecko/20100101 Firefox/40.1"
88.9.207.251 - - [27/Apr/2018:16:11:15 -0400] "GET / HTTP/1.1" 200 8218 "-" "Mozilla/5.0 (Windows NT 6.1; WOW64; rv:40.0) Gecko/20100101 Firefox/40.1"
104.205.237.76 - - [27/Apr/2018:16:11:33 -0400] "GET /current/ HTTP/1.1" 200 6726 "http://faculty.cs.tamu.edu/guofei/sec_conf_stat.htm" "Mozilla/5.0 (Macintosh; Intel Mac OS X 10_13_3) AppleWebKit/604.5.6 (KHTML, like Gecko) Version/11.0.3 Safari/604.5.6"
104.205.237.76 - - [27/Apr/2018:16:11:34 -0400] "GET /modules/system/system.base.css?p7r9uw HTTP/1.1" 200 2307 "https://www.nspw.org/current/" "Mozilla/5.0 (Macintosh; Intel Mac OS X 10_13_3) AppleWebKit/604.5.6 (KHTML, like Gecko) Version/11.0.3 Safari/604.5.6"
104.205.237.76 - - [27/Apr/2018:16:11:34 -0400] "GET /modules/node/node.css?p7r9uw HTTP/1.1" 200 472 "https://www.nspw.org/current/" "Mozilla/5.0 (Macintosh; Intel Mac OS X 10_13_3) AppleWebKit/604.5.6 (KHTML, like Gecko) Version/11.0.3 Safari/604.5.6"
104.205.237.76 - - [27/Apr/2018:16:11:34 -0400] "GET /modules/user/user.css?p7r9uw HTTP/1.1" 200 1062 "https://www.nspw.org/current/" "Mozilla/5.0 (Macintosh; Intel Mac OS X 10_13_3) AppleWebKit/604.5.6 (KHTML, like Gecko) Version/11.0.3 Safari/604.5.6"
104.205.237.76 - - [27/Apr/2018:16:11:34 -0400] "GET /modules/system/system.menus.css?p7r9uw HTTP/1.1" 200 1167 "https://www.nspw.org/current/" "Mozilla/5.0 (Macintosh; Intel Mac OS X 10_13_3) AppleWebKit/604.5.6 (KHTML, like Gecko) Version/11.0.3 Safari/604.5.6"
104.205.237.76 - - [27/Apr/2018:16:11:34 -0400] "GET /modules/system/system.messages.css?p7r9uw HTTP/1.1" 200 888 "https://www.nspw.org/current/" "Mozilla/5.0 (Macintosh; Intel Mac OS X 10_13_3) AppleWebKit/604.5.6 (KHTML, like Gecko) Version/11.0.3 Safari/604.5.6"
104.205.237.76 - - [27/Apr/2018:16:11:34 -0400] "GET /modules/system/system.theme.css?p7r9uw HTTP/1.1" 200 1727 "https://www.nspw.org/current/" "Mozilla/5.0 (Macintosh; Intel Mac OS X 10_13_3) AppleWebKit/604.5.6 (KHTML, like Gecko) Version/11.0.3 Safari/604.5.6"
104.205.237.76 - - [27/Apr/2018:16:11:34 -0400] "GET /modules/field/theme/field.css?p7r9uw HTTP/1.1" 200 741 "https://www.nspw.org/current/" "Mozilla/5.0 (Macintosh; Intel Mac OS X 10_13_3) AppleWebKit/604.5.6 (KHTML, like Gecko) Version/11.0.3 Safari/604.5.6"
104.205.237.76 - - [27/Apr/2018:16:11:34 -0400] "GET /modules/comment/comment.css?p7r9uw HTTP/1.1" 200 647 "https://www.nspw.org/current/" "Mozilla/5.0 (Macintosh; Intel Mac OS X 10_13_3) AppleWebKit/604.5.6 (KHTML, like Gecko) Version/11.0.3 Safari/604.5.6"
104.205.237.76 - - [27/Apr/2018:16:11:34 -0400] "GET /themes/garland/style.css?p7r9uw HTTP/1.1" 200 5370 "https://www.nspw.org/current/" "Mozilla/5.0 (Macintosh; Intel Mac OS X 10_13_3) AppleWebKit/604.5.6 (KHTML, like Gecko) Version/11.0.3 Safari/604.5.6"
104.205.237.76 - - [27/Apr/2018:16:11:34 -0400] "GET /themes/garland/print.css?p7r9uw HTTP/1.1" 200 771 "https://www.nspw.org/current/" "Mozilla/5.0 (Macintosh; Intel Mac OS X 10_13_3) AppleWebKit/604.5.6 (KHTML, like Gecko) Version/11.0.3 Safari/604.5.6"
104.205.237.76 - - [27/Apr/2018:16:11:34 -0400] "GET /misc/jquery.once.js?v=1.2 HTTP/1.1" 200 1445 "https://www.nspw.org/current/" "Mozilla/5.0 (Macintosh; Intel Mac OS X 10_13_3) AppleWebKit/604.5.6 (KHTML, like Gecko) Version/11.0.3 Safari/604.5.6"
104.205.237.76 - - [27/Apr/2018:16:11:34 -0400] "GET /misc/jquery.js?v=1.4.4 HTTP/1.1" 200 27601 "https://www.nspw.org/current/" "Mozilla/5.0 (Macintosh; Intel Mac OS X 10_13_3) AppleWebKit/604.5.6 (KHTML, like Gecko) Version/11.0.3 Safari/604.5.6"
104.205.237.76 - - [27/Apr/2018:16:11:34 -0400] "GET /sites/default/files/nspw-logo-smaller.jpg HTTP/1.1" 200 2534 "https://www.nspw.org/current/" "Mozilla/5.0 (Macintosh; Intel Mac OS X 10_13_3) AppleWebKit/604.5.6 (KHTML, like Gecko) Version/11.0.3 Safari/604.5.6"
104.205.237.76 - - [27/Apr/2018:16:11:34 -0400] "GET /misc/drupal.js?p7r9uw HTTP/1.1" 200 7372 "https://www.nspw.org/current/" "Mozilla/5.0 (Macintosh; Intel Mac OS X 10_13_3) AppleWebKit/604.5.6 (KHTML, like Gecko) Version/11.0.3 Safari/604.5.6"
104.205.237.76 - - [27/Apr/2018:16:11:34 -0400] "GET /themes/garland/images/body.png HTTP/1.1" 200 993 "https://www.nspw.org/current/" "Mozilla/5.0 (Macintosh; Intel Mac OS X 10_13_3) AppleWebKit/604.5.6 (KHTML, like Gecko) Version/11.0.3 Safari/604.5.6"
104.205.237.76 - - [27/Apr/2018:16:11:34 -0400] "GET /themes/garland/images/menu-expanded.gif HTTP/1.1" 200 495 "https://www.nspw.org/current/" "Mozilla/5.0 (Macintosh; Intel Mac OS X 10_13_3) AppleWebKit/604.5.6 (KHTML, like Gecko) Version/11.0.3 Safari/604.5.6"
104.205.237.76 - - [27/Apr/2018:16:11:34 -0400] "GET /themes/garland/images/menu-collapsed.gif HTTP/1.1" 200 488 "https://www.nspw.org/current/" "Mozilla/5.0 (Macintosh; Intel Mac OS X 10_13_3) AppleWebKit/604.5.6 (KHTML, like Gecko) Version/11.0.3 Safari/604.5.6"
104.205.237.76 - - [27/Apr/2018:16:11:34 -0400] "GET /themes/garland/images/bg-navigation-item-hover.png HTTP/1.1" 200 754 "https://www.nspw.org/current/" "Mozilla/5.0 (Macintosh; Intel Mac OS X 10_13_3) AppleWebKit/604.5.6 (KHTML, like Gecko) Version/11.0.3 Safari/604.5.6"
104.205.237.76 - - [27/Apr/2018:16:11:34 -0400] "GET /themes/garland/images/bg-navigation-item.png HTTP/1.1" 200 812 "https://www.nspw.org/current/" "Mozilla/5.0 (Macintosh; Intel Mac OS X 10_13_3) AppleWebKit/604.5.6 (KHTML, like Gecko) Version/11.0.3 Safari/604.5.6"
104.205.237.76 - - [27/Apr/2018:16:11:34 -0400] "GET /themes/garland/images/menu-leaf.gif HTTP/1.1" 200 486 "https://www.nspw.org/current/" "Mozilla/5.0 (Macintosh; Intel Mac OS X 10_13_3) AppleWebKit/604.5.6 (KHTML, like Gecko) Version/11.0.3 Safari/604.5.6"
104.205.237.76 - - [27/Apr/2018:16:11:34 -0400] "GET /themes/garland/images/bg-content.png HTTP/1.1" 200 798 "https://www.nspw.org/current/" "Mozilla/5.0 (Macintosh; Intel Mac OS X 10_13_3) AppleWebKit/604.5.6 (KHTML, like Gecko) Version/11.0.3 Safari/604.5.6"
104.205.237.76 - - [27/Apr/2018:16:11:34 -0400] "GET /themes/garland/images/bg-content-right.png HTTP/1.1" 200 3162 "https://www.nspw.org/current/" "Mozilla/5.0 (Macintosh; Intel Mac OS X 10_13_3) AppleWebKit/604.5.6 (KHTML, like Gecko) Version/11.0.3 Safari/604.5.6"
104.205.237.76 - - [27/Apr/2018:16:11:34 -0400] "GET /themes/garland/images/bg-content-left.png HTTP/1.1" 200 3232 "https://www.nspw.org/current/" "Mozilla/5.0 (Macintosh; Intel Mac OS X 10_13_3) AppleWebKit/604.5.6 (KHTML, like Gecko) Version/11.0.3 Safari/604.5.6"
104.205.237.76 - - [27/Apr/2018:16:11:34 -0400] "GET /favicon.ico HTTP/1.1" 404 3914 "https://www.nspw.org/current/" "Mozilla/5.0 (Macintosh; Intel Mac OS X 10_13_3) AppleWebKit/604.5.6 (KHTML, like Gecko) Version/11.0.3 Safari/604.5.6"
77.88.47.40 - - [27/Apr/2018:16:06:20 -0400] "GET /2009/proceedings/2009/nspw2009-peisert.pdf HTTP/1.1" 200 422196 "-" "Mozilla/5.0 (compatible; YandexBot/3.0; +http://yandex.com/bots)"
104.205.237.76 - - [27/Apr/2018:16:11:46 -0400] "GET /current/2018/cfp HTTP/1.1" 404 4782 "https://www.nspw.org/current/" "Mozilla/5.0 (Macintosh; Intel Mac OS X 10_13_3) AppleWebKit/604.5.6 (KHTML, like Gecko) Version/11.0.3 Safari/604.5.6"
77.88.47.40 - - [27/Apr/2018:16:06:46 -0400] "GET /2009/proceedings/2009/nspw2009-misra.pdf HTTP/1.1" 200 139028 "-" "Mozilla/5.0 (compatible; YandexBot/3.0; +http://yandex.com/bots)"
66.249.73.87 - - [27/Apr/2018:16:11:57 -0400] "GET /papers/1993/nspw1993-gomez.pdf HTTP/1.1" 200 800204 "-" "Mozilla/5.0 (compatible; Googlebot/2.1; +http://www.google.com/bot.html)"
104.205.237.76 - - [27/Apr/2018:16:11:59 -0400] "GET /2018/cfp HTTP/1.1" 200 4913 "https://www.nspw.org/current/" "Mozilla/5.0 (Macintosh; Intel Mac OS X 10_13_3) AppleWebKit/604.5.6 (KHTML, like Gecko) Version/11.0.3 Safari/604.5.6"
104.205.237.76 - - [27/Apr/2018:16:12:02 -0400] "GET /2018/dates HTTP/1.1" 200 2874 "https://www.nspw.org/2018/cfp" "Mozilla/5.0 (Macintosh; Intel Mac OS X 10_13_3) AppleWebKit/604.5.6 (KHTML, like Gecko) Version/11.0.3 Safari/604.5.6"
104.205.237.76 - - [27/Apr/2018:16:12:11 -0400] "GET /2018 HTTP/1.1" 200 3652 "https://www.nspw.org/2018/dates" "Mozilla/5.0 (Macintosh; Intel Mac OS X 10_13_3) AppleWebKit/604.5.6 (KHTML, like Gecko) Version/11.0.3 Safari/604.5.6"
104.205.237.76 - - [27/Apr/2018:16:12:16 -0400] "GET /cfp/nspw2018-cfp.pdf HTTP/1.1" 200 95820 "https://www.nspw.org/2018" "Mozilla/5.0 (Macintosh; Intel Mac OS X 10_13_3) AppleWebKit/604.5.6 (KHTML, like Gecko) Version/11.0.3 Safari/604.5.6"
104.205.237.76 - - [27/Apr/2018:16:12:25 -0400] "GET /current/ HTTP/1.1" 200 3653 "http://faculty.cs.tamu.edu/guofei/sec_conf_stat.htm" "Mozilla/5.0 (Macintosh; Intel Mac OS X 10_13_3) AppleWebKit/604.5.6 (KHTML, like Gecko) Version/11.0.3 Safari/604.5.6"
77.88.47.40 - - [27/Apr/2018:16:12:29 -0400] "GET /node/2 HTTP/1.1" 200 6974 "-" "Mozilla/5.0 (compatible; YandexBot/3.0; +http://yandex.com/bots)"
77.88.47.40 - - [27/Apr/2018:16:12:30 -0400] "GET /node/6 HTTP/1.1" 200 2948 "-" "Mozilla/5.0 (compatible; YandexBot/3.0; +http://yandex.com/bots)"
77.88.47.40 - - [27/Apr/2018:16:12:33 -0400] "GET /node/40 HTTP/1.1" 200 3964 "-" "Mozilla/5.0 (compatible; YandexBot/3.0; +http://yandex.com/bots)"
77.88.47.40 - - [27/Apr/2018:16:07:07 -0400] "GET /2009/proceedings/2009/nspw2009-peisert.pdf HTTP/1.1" 200 767502 "-" "Mozilla/5.0 (compatible; YandexBot/3.0; +http://yandex.com/bots)"
66.249.73.89 - - [27/Apr/2018:16:13:01 -0400] "GET /2002/cfp.content HTTP/1.1" 304 3603 "-" "Mozilla/5.0 (compatible; Googlebot/2.1; +http://www.google.com/bot.html)"
77.88.47.40 - - [27/Apr/2018:16:07:45 -0400] "GET /2009/proceedings/2009/nspw2009-gates.pdf HTTP/1.1" 200 348728 "-" "Mozilla/5.0 (compatible; YandexBot/3.0; +http://yandex.com/bots)"
77.88.47.40 - - [27/Apr/2018:16:13:05 -0400] "GET /node/15 HTTP/1.1" 200 6873 "-" "Mozilla/5.0 (compatible; YandexBot/3.0; +http://yandex.com/bots)"
41.107.179.71 - - [27/Apr/2018:16:13:15 -0400] "GET /wp-login.php HTTP/1.1" 404 7484 "-" "Mozilla/5.0 (Windows NT 6.1; WOW64; rv:40.0) Gecko/20100101 Firefox/40.1"
41.107.179.71 - - [27/Apr/2018:16:13:17 -0400] "GET / HTTP/1.1" 200 8218 "-" "Mozilla/5.0 (Windows NT 6.1; WOW64; rv:40.0) Gecko/20100101 Firefox/40.1"
77.88.47.40 - - [27/Apr/2018:16:08:07 -0400] "GET /papers/2001/nspw2001-brostoff.pdf HTTP/1.1" 200 319370 "-" "Mozilla/5.0 (compatible; YandexBot/3.0; +http://yandex.com/bots)"
77.88.47.40 - - [27/Apr/2018:16:08:23 -0400] "GET /papers/2001/nspw2001-taylor.pdf HTTP/1.1" 200 291410 "-" "Mozilla/5.0 (compatible; YandexBot/3.0; +http://yandex.com/bots)"
77.88.47.40 - - [27/Apr/2018:16:08:39 -0400] "GET /papers/2001/nspw2001-weirich.pdf HTTP/1.1" 200 208928 "-" "Mozilla/5.0 (compatible; YandexBot/3.0; +http://yandex.com/bots)"
77.88.47.40 - - [27/Apr/2018:16:08:54 -0400] "GET /2009/proceedings/2009/nspw2009-gates.pdf HTTP/1.1" 200 303992 "-" "Mozilla/5.0 (compatible; YandexBot/3.0; +http://yandex.com/bots)"
66.249.73.91 - - [27/Apr/2018:16:14:06 -0400] "GET /2004/nspw-footer.html HTTP/1.1" 200 4245 "-" "Mozilla/5.0 (compatible; Googlebot/2.1; +http://www.google.com/bot.html)"
77.88.47.40 - - [27/Apr/2018:16:09:07 -0400] "GET /papers/2001/nspw2001-blakley.pdf HTTP/1.1" 200 52352 "-" "Mozilla/5.0 (compatible; YandexBot/3.0; +http://yandex.com/bots)"
77.88.47.40 - - [27/Apr/2018:16:13:54 -0400] "GET /2009/proceedings/2009/nspw2009-johnson.pdf HTTP/1.1" 200 458557 "-" "Mozilla/5.0 (compatible; YandexBot/3.0; +http://yandex.com/bots)"
77.88.47.40 - - [27/Apr/2018:16:14:17 -0400] "GET /node/55 HTTP/1.1" 200 3184 "-" "Mozilla/5.0 (compatible; YandexBot/3.0; +http://yandex.com/bots)"
77.88.47.40 - - [27/Apr/2018:16:09:09 -0400] "GET /papers/2001/nspw2001-brostoff.pdf HTTP/1.1" 200 157202 "-" "Mozilla/5.0 (compatible; YandexBot/3.0; +http://yandex.com/bots)"
77.88.47.40 - - [27/Apr/2018:16:14:32 -0400] "GET /2010/sponsors HTTP/1.1" 404 8028 "-" "Mozilla/5.0 (compatible; YandexBot/3.0; +http://yandex.com/bots)"
77.88.47.40 - - [27/Apr/2018:16:14:43 -0400] "GET /papers/2001/?C=S;O=A HTTP/1.1" 200 4409 "-" "Mozilla/5.0 (compatible; YandexBot/3.0; +http://yandex.com/bots)"
77.88.47.40 - - [27/Apr/2018:16:09:29 -0400] "GET /papers/2001/nspw2001-weirich.pdf HTTP/1.1" 200 388644 "-" "Mozilla/5.0 (compatible; YandexBot/3.0; +http://yandex.com/bots)"
77.88.47.40 - - [27/Apr/2018:16:15:05 -0400] "GET /papers/2001/?C=D;O=A HTTP/1.1" 200 4411 "-" "Mozilla/5.0 (compatible; YandexBot/3.0; +http://yandex.com/bots)"
77.88.47.40 - - [27/Apr/2018:16:09:55 -0400] "GET /papers/2001/nspw2001-blakley.pdf HTTP/1.1" 200 248844 "-" "Mozilla/5.0 (compatible; YandexBot/3.0; +http://yandex.com/bots)"
66.249.73.91 - - [27/Apr/2018:16:15:11 -0400] "GET /2004/dates.content HTTP/1.1" 304 3603 "-" "Mozilla/5.0 (compatible; Googlebot/2.1; +http://www.google.com/bot.html)"
77.88.47.40 - - [27/Apr/2018:16:15:14 -0400] "GET /papers/2001/?C=M;O=A HTTP/1.1" 200 4413 "-" "Mozilla/5.0 (compatible; YandexBot/3.0; +http://yandex.com/bots)"
69.162.124.227 - - [27/Apr/2018:16:15:19 -0400] "HEAD / HTTP/1.1" 200 3874 "http://nspw.org/" "Mozilla/5.0+(compatible; UptimeRobot/2.0; http://www.uptimerobot.com/)"
77.88.47.40 - - [27/Apr/2018:16:10:09 -0400] "GET /papers/2001/nspw2001-taylor.pdf HTTP/1.1" 200 290012 "-" "Mozilla/5.0 (compatible; YandexBot/3.0; +http://yandex.com/bots)"
123.125.143.144 - - [27/Apr/2018:16:15:31 -0400] "GET /modules/system/system.base.css?p7r9uw HTTP/1.1" 200 9624 "-" "Python-urllib/2.7"
123.125.143.151 - - [27/Apr/2018:16:15:32 -0400] "GET /modules/comment/comment.css?p7r9uw HTTP/1.1" 200 4339 "-" "Python-urllib/2.7"
123.125.143.134 - - [27/Apr/2018:16:15:33 -0400] "GET /themes/garland/style.css?p7r9uw HTTP/1.1" 200 25021 "-" "Python-urllib/2.7"
123.125.143.154 - - [27/Apr/2018:16:15:35 -0400] "GET /themes/garland/print.css?p7r9uw HTTP/1.1" 200 5203 "-" "Python-urllib/2.7"
77.88.47.40 - - [27/Apr/2018:16:15:37 -0400] "GET /papers/2001/?C=N;O=A HTTP/1.1" 200 4411 "-" "Mozilla/5.0 (compatible; YandexBot/3.0; +http://yandex.com/bots)"
123.125.143.154 - - [27/Apr/2018:16:15:38 -0400] "GET /sites/default/files/nspw-logo-smaller.jpg HTTP/1.1" 200 6165 "-" "Mozilla/5.0 (Windows NT 6.1; WOW64; rv:43.0) Gecko/20100101 Firefox/43.0"
109.159.85.68 - - [27/Apr/2018:16:15:38 -0400] "GET /wp-login.php HTTP/1.1" 404 8180 "-" "Mozilla/5.0 (Windows NT 6.1; WOW64; rv:40.0) Gecko/20100101 Firefox/40.1"
123.125.143.154 - - [27/Apr/2018:16:15:39 -0400] "GET /themes/garland/images/bg-navigation-item-hover.png HTTP/1.1" 200 709 "-" "Mozilla/5.0 (Windows NT 6.1; WOW64; rv:43.0) Gecko/20100101 Firefox/43.0"
109.159.85.68 - - [27/Apr/2018:16:15:39 -0400] "GET / HTTP/1.1" 200 8298 "-" "Mozilla/5.0 (Windows NT 6.1; WOW64; rv:40.0) Gecko/20100101 Firefox/40.1"
123.125.143.154 - - [27/Apr/2018:16:15:40 -0400] "GET /themes/garland/images/bg-navigation-item.png HTTP/1.1" 200 757 "-" "Mozilla/5.0 (Windows NT 6.1; WOW64; rv:43.0) Gecko/20100101 Firefox/43.0"
123.125.143.154 - - [27/Apr/2018:16:15:41 -0400] "GET /themes/garland/images/menu-leaf.gif HTTP/1.1" 200 437 "-" "Mozilla/5.0 (Windows NT 6.1; WOW64; rv:43.0) Gecko/20100101 Firefox/43.0"
77.88.47.40 - - [27/Apr/2018:16:15:42 -0400] "GET /2009/proceedings/2009/?C=M;O=D HTTP/1.1" 200 4396 "-" "Mozilla/5.0 (compatible; YandexBot/3.0; +http://yandex.com/bots)"
123.125.143.154 - - [27/Apr/2018:16:15:43 -0400] "GET /themes/garland/images/menu-expanded.gif HTTP/1.1" 200 437 "-" "Mozilla/5.0 (Windows NT 6.1; WOW64; rv:43.0) Gecko/20100101 Firefox/43.0"
77.88.47.40 - - [27/Apr/2018:16:10:24 -0400] "GET /papers/2001/nspw2001-yan.pdf HTTP/1.1" 200 387872 "-" "Mozilla/5.0 (compatible; YandexBot/3.0; +http://yandex.com/bots)"
123.125.143.154 - - [27/Apr/2018:16:15:44 -0400] "GET /themes/garland/images/menu-collapsed.gif HTTP/1.1" 200 437 "-" "Mozilla/5.0 (Windows NT 6.1; WOW64; rv:43.0) Gecko/20100101 Firefox/43.0"
77.88.47.40 - - [27/Apr/2018:16:15:52 -0400] "GET /papers/2012 HTTP/1.1" 301 4041 "-" "Mozilla/5.0 (compatible; YandexBot/3.0; +http://yandex.com/bots)"
77.88.47.40 - - [27/Apr/2018:16:15:54 -0400] "GET /papers/2012/ HTTP/1.1" 200 2934 "-" "Mozilla/5.0 (compatible; YandexBot/3.0; +http://yandex.com/bots)"
77.88.47.40 - - [27/Apr/2018:16:10:46 -0400] "GET /papers/2001/nspw2001-foley.pdf HTTP/1.1" 200 414434 "-" "Mozilla/5.0 (compatible; YandexBot/3.0; +http://yandex.com/bots)"
66.249.73.91 - - [27/Apr/2018:16:16:16 -0400] "GET /papers/2004/nspw2004-backmatter.pdf HTTP/1.1" 200 16316 "-" "Mozilla/5.0 (compatible; Googlebot/2.1; +http://www.google.com/bot.html)"
77.88.47.40 - - [27/Apr/2018:16:11:07 -0400] "GET /papers/2001/nspw2001-taylor.pdf HTTP/1.1" 200 361310 "-" "Mozilla/5.0 (compatible; YandexBot/3.0; +http://yandex.com/bots)"
