77.88.47.40 - - [09/May/2018:08:06:07 -0400] "GET /2007/pc.shtml HTTP/1.1" 200 5946 "-" "Mozilla/5.0 (compatible; YandexBot/3.0; +http://yandex.com/bots)"
66.249.75.133 - - [09/May/2018:08:06:26 -0400] "GET /papers/2011/nspw2011-du.pdf HTTP/1.1" 200 658178 "-" "Mozilla/5.0 (compatible; Googlebot/2.1; +http://www.google.com/bot.html)"
207.46.13.165 - - [09/May/2018:08:06:11 -0400] "GET /papers/1996/nspw1996-zurko.pdf HTTP/1.1" 200 887570 "-" "Mozilla/5.0 (iPhone; CPU iPhone OS 7_0 like Mac OS X) AppleWebKit/537.51.1 (KHTML, like Gecko) Version/7.0 Mobile/11A465 Safari/9537.53 (compatible; bingbot/2.0; +http://www.bing.com/bingbot.htm)"
77.88.47.40 - - [09/May/2018:08:06:24 -0400] "GET /papers/1999/nspw1999-povey.pdf HTTP/1.1" 200 587422 "-" "Mozilla/5.0 (compatible; YandexBot/3.0; +http://yandex.com/bots)"
180.76.15.8 - - [09/May/2018:08:06:51 -0400] "GET /2014/cfp HTTP/1.1" 200 16650 "-" "Mozilla/5.0 (compatible; Baiduspider/2.0; +http://www.baidu.com/search/spider.html)"
77.88.47.40 - - [09/May/2018:08:06:54 -0400] "GET /1999/program.html HTTP/1.1" 200 2926 "-" "Mozilla/5.0 (compatible; YandexBot/3.0; +http://yandex.com/bots)"
207.46.13.165 - - [09/May/2018:08:06:41 -0400] "GET /papers/1993/nspw1993-hosmer.pdf HTTP/1.1" 200 1026190 "-" "Mozilla/5.0 (iPhone; CPU iPhone OS 7_0 like Mac OS X) AppleWebKit/537.51.1 (KHTML, like Gecko) Version/7.0 Mobile/11A465 Safari/9537.53 (compatible; bingbot/2.0; +http://www.bing.com/bingbot.htm)"
77.88.47.40 - - [09/May/2018:08:07:15 -0400] "GET /2005/submission.content HTTP/1.1" 200 5114 "-" "Mozilla/5.0 (compatible; YandexBot/3.0; +http://yandex.com/bots)"
77.88.47.40 - - [09/May/2018:08:08:00 -0400] "GET /2013/program HTTP/1.1" 200 7345 "-" "Mozilla/5.0 (compatible; YandexBot/3.0; +http://yandex.com/bots)"
69.162.124.227 - - [09/May/2018:08:09:50 -0400] "HEAD / HTTP/1.1" 200 3874 "http://nspw.org/" "Mozilla/5.0+(compatible; UptimeRobot/2.0; http://www.uptimerobot.com/)"
194.135.152.117 - - [09/May/2018:08:09:58 -0400] "GET /wp-login.php HTTP/1.1" 404 7839 "-" "Mozilla/5.0 (Windows NT 6.1; WOW64; rv:40.0) Gecko/20100101 Firefox/40.1"
194.135.152.117 - - [09/May/2018:08:10:00 -0400] "GET / HTTP/1.1" 200 8218 "-" "Mozilla/5.0 (Windows NT 6.1; WOW64; rv:40.0) Gecko/20100101 Firefox/40.1"
203.177.239.111 - - [09/May/2018:08:10:53 -0400] "GET /wp-login.php HTTP/1.1" 404 7839 "-" "Mozilla/5.0 (Windows NT 6.1; WOW64; rv:40.0) Gecko/20100101 Firefox/40.1"
203.177.239.111 - - [09/May/2018:08:10:56 -0400] "GET / HTTP/1.1" 200 8218 "-" "Mozilla/5.0 (Windows NT 6.1; WOW64; rv:40.0) Gecko/20100101 Firefox/40.1"
66.160.140.180 - - [09/May/2018:08:11:48 -0400] "GET /robots.txt HTTP/1.1" 200 4444 "-" "The Knowledge AI"
66.249.75.137 - - [09/May/2018:08:13:20 -0400] "GET /2005/dates.shtml HTTP/1.1" 200 4968 "-" "Mozilla/5.0 (compatible; Googlebot/2.1; +http://www.google.com/bot.html)"
69.162.124.227 - - [09/May/2018:08:14:50 -0400] "HEAD / HTTP/1.1" 200 3874 "http://nspw.org/" "Mozilla/5.0+(compatible; UptimeRobot/2.0; http://www.uptimerobot.com/)"
66.249.75.137 - - [09/May/2018:08:15:44 -0400] "GET /papers/2011/nspw2011-locasto.pdf HTTP/1.1" 200 555120 "-" "Mozilla/5.0 (compatible; Googlebot/2.1; +http://www.google.com/bot.html)"
203.192.215.133 - - [09/May/2018:08:17:19 -0400] "GET /wp-login.php HTTP/1.1" 404 7491 "-" "Mozilla/5.0 (Windows NT 6.1; WOW64; rv:40.0) Gecko/20100101 Firefox/40.1"
203.192.215.133 - - [09/May/2018:08:17:21 -0400] "GET / HTTP/1.1" 200 8218 "-" "Mozilla/5.0 (Windows NT 6.1; WOW64; rv:40.0) Gecko/20100101 Firefox/40.1"
66.102.9.59 - - [09/May/2018:08:17:37 -0400] "GET / HTTP/1.1" 200 6606 "-" "Mozilla/5.0 (X11; Linux x86_64) AppleWebKit/537.36 (KHTML, like Gecko) Chrome/49.0.2623.75 Safari/537.36 Google Favicon"
66.102.9.57 - - [09/May/2018:08:17:38 -0400] "GET /favicon.ico HTTP/1.1" 404 4094 "-" "Mozilla/5.0 (X11; Linux x86_64) AppleWebKit/537.36 (KHTML, like Gecko) Chrome/49.0.2623.75 Safari/537.36 Google Favicon"
77.88.47.40 - - [09/May/2018:08:19:43 -0400] "GET /2002/program.shtml HTTP/1.1" 200 6735 "-" "Mozilla/5.0 (compatible; YandexBot/3.0; +http://yandex.com/bots)"
69.162.124.227 - - [09/May/2018:08:19:50 -0400] "HEAD / HTTP/1.1" 200 3874 "http://nspw.org/" "Mozilla/5.0+(compatible; UptimeRobot/2.0; http://www.uptimerobot.com/)"
77.88.47.40 - - [09/May/2018:08:20:23 -0400] "GET /2012/submissions HTTP/1.1" 200 7006 "-" "Mozilla/5.0 (compatible; YandexBot/3.0; +http://yandex.com/bots)"
207.46.13.141 - - [09/May/2018:08:22:30 -0400] "GET /papers/1998/nspw1998-mcdermott.pdf HTTP/1.1" 200 297423 "-" "Mozilla/5.0 (iPhone; CPU iPhone OS 7_0 like Mac OS X) AppleWebKit/537.51.1 (KHTML, like Gecko) Version/7.0 Mobile/11A465 Safari/9537.53 (compatible; bingbot/2.0; +http://www.bing.com/bingbot.htm)"
69.162.124.227 - - [09/May/2018:08:24:50 -0400] "HEAD / HTTP/1.1" 200 3874 "http://nspw.org/" "Mozilla/5.0+(compatible; UptimeRobot/2.0; http://www.uptimerobot.com/)"
66.249.75.133 - - [09/May/2018:08:25:08 -0400] "GET /papers/1999/nspw1999-povey.pdf HTTP/1.1" 304 3605 "-" "Mozilla/5.0 (compatible; Googlebot/2.1; +http://www.google.com/bot.html)"
103.58.79.12 - - [09/May/2018:08:29:19 -0400] "GET /wp-login.php HTTP/1.1" 404 7491 "-" "Mozilla/5.0 (Windows NT 6.1; WOW64; rv:40.0) Gecko/20100101 Firefox/40.1"
103.58.79.12 - - [09/May/2018:08:29:23 -0400] "GET / HTTP/1.1" 200 8218 "-" "Mozilla/5.0 (Windows NT 6.1; WOW64; rv:40.0) Gecko/20100101 Firefox/40.1"
69.162.124.227 - - [09/May/2018:08:29:50 -0400] "HEAD / HTTP/1.1" 200 3874 "http://nspw.org/" "Mozilla/5.0+(compatible; UptimeRobot/2.0; http://www.uptimerobot.com/)"
58.166.235.154 - - [09/May/2018:08:30:57 -0400] "GET /favicon.ico HTTP/1.1" 404 4109 "https://www.nspw.org/papers/2001/nspw2001-brostoff.pdf" "Mozilla/5.0 (Windows NT 10.0; Win64; x64) AppleWebKit/537.36 (KHTML, like Gecko) Chrome/66.0.3359.139 Safari/537.36"
58.166.235.154 - - [09/May/2018:08:30:56 -0400] "GET /papers/2001/nspw2001-brostoff.pdf HTTP/1.1" 200 1048600 "https://www.google.com.au/" "Mozilla/5.0 (Windows NT 10.0; Win64; x64) AppleWebKit/537.36 (KHTML, like Gecko) Chrome/66.0.3359.139 Safari/537.36"
143.202.191.145 - - [09/May/2018:08:32:15 -0400] "GET /wp-login.php HTTP/1.1" 404 7839 "-" "Mozilla/5.0 (Windows NT 6.1; WOW64; rv:40.0) Gecko/20100101 Firefox/40.1"
143.202.191.145 - - [09/May/2018:08:32:16 -0400] "GET / HTTP/1.1" 200 8218 "-" "Mozilla/5.0 (Windows NT 6.1; WOW64; rv:40.0) Gecko/20100101 Firefox/40.1"
219.159.249.233 - - [09/May/2018:08:32:58 -0400] "GET / HTTP/1.1" 200 6076 "-" "Mozilla/5.0 (compatible; MSIE 9.0; Windows NT 6.1; WOW64; Trident/5.0)"
66.249.75.135 - - [09/May/2018:08:34:46 -0400] "GET /2009/proceedings/2013-pre/soap.pdf HTTP/1.1" 404 8083 "-" "Mozilla/5.0 (compatible; Googlebot/2.1; +http://www.google.com/bot.html)"
69.162.124.227 - - [09/May/2018:08:34:50 -0400] "HEAD / HTTP/1.1" 200 3874 "http://nspw.org/" "Mozilla/5.0+(compatible; UptimeRobot/2.0; http://www.uptimerobot.com/)"
66.249.69.44 - - [09/May/2018:08:36:36 -0400] "GET /2002/dates.shtml HTTP/1.1" 200 4877 "-" "Mozilla/5.0 (compatible; Googlebot/2.1; +http://www.google.com/bot.html)"
192.0.118.38 - - [09/May/2018:08:36:46 -0400] "HEAD /2009/proceedings/1997/nspw1997-rahman.pdf HTTP/1.1" 200 3585 "https://www.nspw.org/2009/proceedings/1997/nspw1997-rahman.pdf" "WordPress.com; https://top10adhocnetworks.wordpress.com"
192.0.118.38 - - [09/May/2018:08:36:46 -0400] "GET /2009/proceedings/1997/nspw1997-rahman.pdf HTTP/1.1" 200 1078223 "https://www.nspw.org/2009/proceedings/1997/nspw1997-rahman.pdf" "WordPress.com; https://top10adhocnetworks.wordpress.com"
192.0.118.38 - - [09/May/2018:08:37:19 -0400] "HEAD /2009/proceedings/1997/nspw1997-rahman.pdf HTTP/1.1" 200 3585 "https://www.nspw.org/2009/proceedings/1997/nspw1997-rahman.pdf" "WordPress.com; https://top10adhocnetworks.wordpress.com"
192.0.118.38 - - [09/May/2018:08:37:19 -0400] "GET /2009/proceedings/1997/nspw1997-rahman.pdf HTTP/1.1" 200 1078223 "https://www.nspw.org/2009/proceedings/1997/nspw1997-rahman.pdf" "WordPress.com; https://top10adhocnetworks.wordpress.com"
192.0.118.38 - - [09/May/2018:08:37:48 -0400] "HEAD /2009/proceedings/1997/nspw1997-rahman.pdf HTTP/1.1" 200 3585 "https://www.nspw.org/2009/proceedings/1997/nspw1997-rahman.pdf" "WordPress.com; https://top10adhocnetworks.wordpress.com"
192.0.118.38 - - [09/May/2018:08:37:48 -0400] "GET /2009/proceedings/1997/nspw1997-rahman.pdf HTTP/1.1" 200 1078223 "https://www.nspw.org/2009/proceedings/1997/nspw1997-rahman.pdf" "WordPress.com; https://top10adhocnetworks.wordpress.com"
192.0.118.38 - - [09/May/2018:08:38:08 -0400] "HEAD /2009/proceedings/1997/nspw1997-rahman.pdf HTTP/1.1" 200 3585 "https://www.nspw.org/2009/proceedings/1997/nspw1997-rahman.pdf" "WordPress.com; https://top10adhocnetworks.wordpress.com"
207.46.13.155 - - [09/May/2018:08:38:25 -0400] "GET /papers/1997/nspw1997-riechmann.pdf HTTP/1.1" 200 1168309 "-" "Mozilla/5.0 (iPhone; CPU iPhone OS 7_0 like Mac OS X) AppleWebKit/537.51.1 (KHTML, like Gecko) Version/7.0 Mobile/11A465 Safari/9537.53 (compatible; bingbot/2.0; +http://www.bing.com/bingbot.htm)"
112.5.248.213 - - [09/May/2018:08:39:30 -0400] "GET / HTTP/1.1" 200 6701 "https://www.incomekey.net/14089460/ultimate-wordpress-seo-guide-for-beginners/" "Mozilla/5.0 (Windows NT 6.1; Win64; x64; rv:58.0) Gecko/20100101 Firefox/58.0"
69.162.124.227 - - [09/May/2018:08:39:50 -0400] "HEAD / HTTP/1.1" 200 3874 "http://nspw.org/" "Mozilla/5.0+(compatible; UptimeRobot/2.0; http://www.uptimerobot.com/)"
180.76.15.20 - - [09/May/2018:08:40:11 -0400] "GET /papers/2009/nspw2009-johnson.pdf HTTP/1.1" 200 458501 "-" "Mozilla/5.0 (compatible; Baiduspider/2.0; +http://www.baidu.com/search/spider.html)"
182.186.105.11 - - [09/May/2018:08:42:09 -0400] "GET /wp-login.php HTTP/1.1" 404 7484 "-" "Mozilla/5.0 (Windows NT 6.1; WOW64; rv:40.0) Gecko/20100101 Firefox/40.1"
182.186.105.11 - - [09/May/2018:08:42:10 -0400] "GET / HTTP/1.1" 200 8218 "-" "Mozilla/5.0 (Windows NT 6.1; WOW64; rv:40.0) Gecko/20100101 Firefox/40.1"
207.46.13.141 - - [09/May/2018:08:43:20 -0400] "GET /papers/1993/nspw1993-hammonds.pdf HTTP/1.1" 200 438216 "-" "Mozilla/5.0 (iPhone; CPU iPhone OS 7_0 like Mac OS X) AppleWebKit/537.51.1 (KHTML, like Gecko) Version/7.0 Mobile/11A465 Safari/9537.53 (compatible; bingbot/2.0; +http://www.bing.com/bingbot.htm)"
66.102.6.197 - - [09/May/2018:08:44:32 -0400] "GET /favicon.ico HTTP/1.1" 404 4094 "-" "Mozilla/5.0 (X11; Linux x86_64) AppleWebKit/537.36 (KHTML, like Gecko) Chrome/49.0.2623.75 Safari/537.36 Google Favicon"
66.102.7.59 - - [09/May/2018:08:44:32 -0400] "GET /papers/2011/nspw2011-pieters.pdf HTTP/1.1" 200 2771026 "http://www.google.com/search" "Mozilla/5.0 (X11; Linux x86_64) AppleWebKit/537.36 (KHTML, like Gecko; Google Web Preview) Chrome/41.0.2272.118 Safari/537.36"
66.249.75.137 - - [09/May/2018:08:44:38 -0400] "GET /papers/1996/nspw1996-hosmer.pdf HTTP/1.1" 200 814281 "-" "Mozilla/5.0 (compatible; Googlebot/2.1; +http://www.google.com/bot.html)"
138.232.63.81 - - [09/May/2018:08:44:44 -0400] "GET /2015 HTTP/1.1" 200 6962 "https://www.google.com/" "Mozilla/5.0 (Macintosh; Intel Mac OS X 10_9_5) AppleWebKit/601.7.8 (KHTML, like Gecko) Version/9.1.3 Safari/537.86.7"
138.232.63.81 - - [09/May/2018:08:44:44 -0400] "GET /modules/system/system.base.css?p7r9uw HTTP/1.1" 200 2447 "https://www.nspw.org/2015" "Mozilla/5.0 (Macintosh; Intel Mac OS X 10_9_5) AppleWebKit/601.7.8 (KHTML, like Gecko) Version/9.1.3 Safari/537.86.7"
138.232.63.81 - - [09/May/2018:08:44:44 -0400] "GET /modules/node/node.css?p7r9uw HTTP/1.1" 200 517 "https://www.nspw.org/2015" "Mozilla/5.0 (Macintosh; Intel Mac OS X 10_9_5) AppleWebKit/601.7.8 (KHTML, like Gecko) Version/9.1.3 Safari/537.86.7"
138.232.63.81 - - [09/May/2018:08:44:44 -0400] "GET /modules/comment/comment.css?p7r9uw HTTP/1.1" 200 742 "https://www.nspw.org/2015" "Mozilla/5.0 (Macintosh; Intel Mac OS X 10_9_5) AppleWebKit/601.7.8 (KHTML, like Gecko) Version/9.1.3 Safari/537.86.7"
138.232.63.81 - - [09/May/2018:08:44:44 -0400] "GET /modules/system/system.messages.css?p7r9uw HTTP/1.1" 200 982 "https://www.nspw.org/2015" "Mozilla/5.0 (Macintosh; Intel Mac OS X 10_9_5) AppleWebKit/601.7.8 (KHTML, like Gecko) Version/9.1.3 Safari/537.86.7"
138.232.63.81 - - [09/May/2018:08:44:44 -0400] "GET /modules/field/theme/field.css?p7r9uw HTTP/1.1" 200 838 "https://www.nspw.org/2015" "Mozilla/5.0 (Macintosh; Intel Mac OS X 10_9_5) AppleWebKit/601.7.8 (KHTML, like Gecko) Version/9.1.3 Safari/537.86.7"
138.232.63.81 - - [09/May/2018:08:44:44 -0400] "GET /modules/system/system.theme.css?p7r9uw HTTP/1.1" 200 1830 "https://www.nspw.org/2015" "Mozilla/5.0 (Macintosh; Intel Mac OS X 10_9_5) AppleWebKit/601.7.8 (KHTML, like Gecko) Version/9.1.3 Safari/537.86.7"
138.232.63.81 - - [09/May/2018:08:44:44 -0400] "GET /modules/system/system.menus.css?p7r9uw HTTP/1.1" 200 1270 "https://www.nspw.org/2015" "Mozilla/5.0 (Macintosh; Intel Mac OS X 10_9_5) AppleWebKit/601.7.8 (KHTML, like Gecko) Version/9.1.3 Safari/537.86.7"
138.232.63.81 - - [09/May/2018:08:44:44 -0400] "GET /modules/user/user.css?p7r9uw HTTP/1.1" 200 1109 "https://www.nspw.org/2015" "Mozilla/5.0 (Macintosh; Intel Mac OS X 10_9_5) AppleWebKit/601.7.8 (KHTML, like Gecko) Version/9.1.3 Safari/537.86.7"
138.232.63.81 - - [09/May/2018:08:44:45 -0400] "GET /themes/garland/print.css?p7r9uw HTTP/1.1" 200 821 "https://www.nspw.org/2015" "Mozilla/5.0 (Macintosh; Intel Mac OS X 10_9_5) AppleWebKit/601.7.8 (KHTML, like Gecko) Version/9.1.3 Safari/537.86.7"
138.232.63.81 - - [09/May/2018:08:44:45 -0400] "GET /misc/drupal.js?p7r9uw HTTP/1.1" 200 7519 "https://www.nspw.org/2015" "Mozilla/5.0 (Macintosh; Intel Mac OS X 10_9_5) AppleWebKit/601.7.8 (KHTML, like Gecko) Version/9.1.3 Safari/537.86.7"
138.232.63.81 - - [09/May/2018:08:44:45 -0400] "GET /misc/jquery.once.js?v=1.2 HTTP/1.1" 200 1493 "https://www.nspw.org/2015" "Mozilla/5.0 (Macintosh; Intel Mac OS X 10_9_5) AppleWebKit/601.7.8 (KHTML, like Gecko) Version/9.1.3 Safari/537.86.7"
138.232.63.81 - - [09/May/2018:08:44:45 -0400] "GET /themes/garland/style.css?p7r9uw HTTP/1.1" 200 5519 "https://www.nspw.org/2015" "Mozilla/5.0 (Macintosh; Intel Mac OS X 10_9_5) AppleWebKit/601.7.8 (KHTML, like Gecko) Version/9.1.3 Safari/537.86.7"
138.232.63.81 - - [09/May/2018:08:44:45 -0400] "GET /misc/jquery.js?v=1.4.4 HTTP/1.1" 200 27918 "https://www.nspw.org/2015" "Mozilla/5.0 (Macintosh; Intel Mac OS X 10_9_5) AppleWebKit/601.7.8 (KHTML, like Gecko) Version/9.1.3 Safari/537.86.7"
138.232.63.81 - - [09/May/2018:08:44:45 -0400] "GET /sites/default/files/nspw-logo-smaller.jpg HTTP/1.1" 200 2618 "https://www.nspw.org/2015" "Mozilla/5.0 (Macintosh; Intel Mac OS X 10_9_5) AppleWebKit/601.7.8 (KHTML, like Gecko) Version/9.1.3 Safari/537.86.7"
138.232.63.81 - - [09/May/2018:08:44:45 -0400] "GET /themes/garland/images/body.png HTTP/1.1" 200 1045 "https://www.nspw.org/2015" "Mozilla/5.0 (Macintosh; Intel Mac OS X 10_9_5) AppleWebKit/601.7.8 (KHTML, like Gecko) Version/9.1.3 Safari/537.86.7"
138.232.63.81 - - [09/May/2018:08:44:45 -0400] "GET /themes/garland/images/menu-leaf.gif HTTP/1.1" 200 533 "https://www.nspw.org/2015" "Mozilla/5.0 (Macintosh; Intel Mac OS X 10_9_5) AppleWebKit/601.7.8 (KHTML, like Gecko) Version/9.1.3 Safari/537.86.7"
138.232.63.81 - - [09/May/2018:08:44:45 -0400] "GET /themes/garland/images/bg-navigation-item.png HTTP/1.1" 200 853 "https://www.nspw.org/2015" "Mozilla/5.0 (Macintosh; Intel Mac OS X 10_9_5) AppleWebKit/601.7.8 (KHTML, like Gecko) Version/9.1.3 Safari/537.86.7"
138.232.63.81 - - [09/May/2018:08:44:45 -0400] "GET /themes/garland/images/menu-expanded.gif HTTP/1.1" 200 549 "https://www.nspw.org/2015" "Mozilla/5.0 (Macintosh; Intel Mac OS X 10_9_5) AppleWebKit/601.7.8 (KHTML, like Gecko) Version/9.1.3 Safari/537.86.7"
138.232.63.81 - - [09/May/2018:08:44:45 -0400] "GET /themes/garland/images/menu-collapsed.gif HTTP/1.1" 200 533 "https://www.nspw.org/2015" "Mozilla/5.0 (Macintosh; Intel Mac OS X 10_9_5) AppleWebKit/601.7.8 (KHTML, like Gecko) Version/9.1.3 Safari/537.86.7"
138.232.63.81 - - [09/May/2018:08:44:45 -0400] "GET /themes/garland/images/bg-content-left.png HTTP/1.1" 200 3322 "https://www.nspw.org/2015" "Mozilla/5.0 (Macintosh; Intel Mac OS X 10_9_5) AppleWebKit/601.7.8 (KHTML, like Gecko) Version/9.1.3 Safari/537.86.7"
138.232.63.81 - - [09/May/2018:08:44:45 -0400] "GET /themes/garland/images/bg-content-right.png HTTP/1.1" 200 3258 "https://www.nspw.org/2015" "Mozilla/5.0 (Macintosh; Intel Mac OS X 10_9_5) AppleWebKit/601.7.8 (KHTML, like Gecko) Version/9.1.3 Safari/537.86.7"
138.232.63.81 - - [09/May/2018:08:44:45 -0400] "GET /themes/garland/images/bg-content.png HTTP/1.1" 200 853 "https://www.nspw.org/2015" "Mozilla/5.0 (Macintosh; Intel Mac OS X 10_9_5) AppleWebKit/601.7.8 (KHTML, like Gecko) Version/9.1.3 Safari/537.86.7"
138.232.63.81 - - [09/May/2018:08:44:45 -0400] "GET /favicon.ico HTTP/1.1" 404 950 "https://www.nspw.org/2015" "Mozilla/5.0 (Macintosh; Intel Mac OS X 10_9_5) AppleWebKit/601.7.8 (KHTML, like Gecko) Version/9.1.3 Safari/537.86.7"
69.162.124.227 - - [09/May/2018:08:44:49 -0400] "HEAD / HTTP/1.1" 200 3874 "http://nspw.org/" "Mozilla/5.0+(compatible; UptimeRobot/2.0; http://www.uptimerobot.com/)"
77.88.47.40 - - [09/May/2018:08:46:13 -0400] "GET /2007/papers.shtml HTTP/1.1" 200 5708 "-" "Mozilla/5.0 (compatible; YandexBot/3.0; +http://yandex.com/bots)"
106.51.24.73 - - [09/May/2018:08:46:31 -0400] "GET /wp-login.php HTTP/1.1" 404 7985 "-" "Mozilla/5.0 (Windows NT 6.1; WOW64; rv:40.0) Gecko/20100101 Firefox/40.1"
106.51.24.73 - - [09/May/2018:08:46:31 -0400] "GET / HTTP/1.1" 200 8206 "-" "Mozilla/5.0 (Windows NT 6.1; WOW64; rv:40.0) Gecko/20100101 Firefox/40.1"
192.0.118.66 - - [09/May/2018:08:48:04 -0400] "HEAD /2009/proceedings/1997/nspw1997-rahman.pdf HTTP/1.1" 200 3585 "https://www.nspw.org/2009/proceedings/1997/nspw1997-rahman.pdf" "WordPress.com; https://top10adhocnetworks.wordpress.com"
192.0.118.66 - - [09/May/2018:08:48:04 -0400] "GET /2009/proceedings/1997/nspw1997-rahman.pdf HTTP/1.1" 200 1078223 "https://www.nspw.org/2009/proceedings/1997/nspw1997-rahman.pdf" "WordPress.com; https://top10adhocnetworks.wordpress.com"
66.249.75.137 - - [09/May/2018:08:48:20 -0400] "GET /2015 HTTP/1.1" 200 6921 "-" "Mozilla/5.0 (compatible; Googlebot/2.1; +http://www.google.com/bot.html)"
69.162.124.227 - - [09/May/2018:08:49:49 -0400] "HEAD / HTTP/1.1" 200 3874 "http://nspw.org/" "Mozilla/5.0+(compatible; UptimeRobot/2.0; http://www.uptimerobot.com/)"
176.33.229.70 - - [09/May/2018:08:52:19 -0400] "GET /wp-login.php HTTP/1.1" 404 7839 "-" "Mozilla/5.0 (Windows NT 6.1; WOW64; rv:40.0) Gecko/20100101 Firefox/40.1"
176.33.229.70 - - [09/May/2018:08:52:21 -0400] "GET / HTTP/1.1" 200 8218 "-" "Mozilla/5.0 (Windows NT 6.1; WOW64; rv:40.0) Gecko/20100101 Firefox/40.1"
41.212.41.110 - - [09/May/2018:08:52:38 -0400] "GET /wp-login.php HTTP/1.1" 404 7985 "-" "Mozilla/5.0 (Windows NT 6.1; WOW64; rv:40.0) Gecko/20100101 Firefox/40.1"
41.212.41.110 - - [09/May/2018:08:52:39 -0400] "GET / HTTP/1.1" 200 8206 "-" "Mozilla/5.0 (Windows NT 6.1; WOW64; rv:40.0) Gecko/20100101 Firefox/40.1"
207.46.13.155 - - [09/May/2018:08:53:12 -0400] "GET /node/5 HTTP/1.1" 200 6862 "-" "Mozilla/5.0 (compatible; bingbot/2.0; +http://www.bing.com/bingbot.htm)"
129.205.244.18 - - [09/May/2018:08:53:31 -0400] "GET /favicon.ico HTTP/1.1" 404 4109 "https://www.nspw.org/papers/2001/nspw2001-blakley.pdf" "Mozilla/5.0 (Windows NT 6.1; Win64; x64) AppleWebKit/537.36 (KHTML, like Gecko) Chrome/66.0.3359.139 Safari/537.36"
129.205.244.18 - - [09/May/2018:08:53:31 -0400] "GET /papers/2001/nspw2001-blakley.pdf HTTP/1.1" 200 761585 "https://www.google.co.bw/" "Mozilla/5.0 (Windows NT 6.1; Win64; x64) AppleWebKit/537.36 (KHTML, like Gecko) Chrome/66.0.3359.139 Safari/537.36"
66.249.75.133 - - [09/May/2018:08:54:46 -0400] "GET /robots.txt HTTP/1.1" 200 4504 "-" "Mozilla/5.0 (compatible; Googlebot/2.1; +http://www.google.com/bot.html)"
66.249.75.137 - - [09/May/2018:08:54:46 -0400] "GET /papers/2011/nspw2011-pieters.pdf HTTP/1.1" 200 2771026 "-" "Mozilla/5.0 (compatible; Googlebot/2.1; +http://www.google.com/bot.html)"
69.162.124.227 - - [09/May/2018:08:54:49 -0400] "HEAD / HTTP/1.1" 200 3874 "http://nspw.org/" "Mozilla/5.0+(compatible; UptimeRobot/2.0; http://www.uptimerobot.com/)"
66.160.140.181 - - [09/May/2018:08:55:16 -0400] "GET /robots.txt HTTP/1.1" 200 4444 "-" "The Knowledge AI"
77.75.79.32 - - [09/May/2018:08:56:54 -0400] "GET /robots.txt HTTP/1.1" 200 4601 "-" "Mozilla/5.0 (compatible; SeznamBot/3.2; +http://napoveda.seznam.cz/en/seznambot-intro/)"
77.75.79.32 - - [09/May/2018:08:57:05 -0400] "GET / HTTP/1.1" 200 6702 "-" "Mozilla/5.0 (compatible; SeznamBot/3.2; +http://napoveda.seznam.cz/en/seznambot-intro/)"
39.43.178.247 - - [09/May/2018:08:57:37 -0400] "GET /wp-login.php HTTP/1.1" 404 7484 "-" "Mozilla/5.0 (Windows NT 6.1; WOW64; rv:40.0) Gecko/20100101 Firefox/40.1"
39.43.178.247 - - [09/May/2018:08:57:42 -0400] "GET / HTTP/1.1" 200 8218 "-" "Mozilla/5.0 (Windows NT 6.1; WOW64; rv:40.0) Gecko/20100101 Firefox/40.1"
207.46.13.155 - - [09/May/2018:08:57:44 -0400] "GET /papers/2000/nspw2000-marceau.pdf HTTP/1.1" 200 1077157 "-" "Mozilla/5.0 (compatible; bingbot/2.0; +http://www.bing.com/bingbot.htm)"
94.234.170.149 - - [09/May/2018:08:59:00 -0400] "GET /wp-login.php HTTP/1.1" 404 8180 "-" "Mozilla/5.0 (Windows NT 6.1; WOW64; rv:40.0) Gecko/20100101 Firefox/40.1"
94.234.170.149 - - [09/May/2018:08:59:01 -0400] "GET / HTTP/1.1" 200 8298 "-" "Mozilla/5.0 (Windows NT 6.1; WOW64; rv:40.0) Gecko/20100101 Firefox/40.1"
69.162.124.227 - - [09/May/2018:08:59:49 -0400] "HEAD / HTTP/1.1" 200 3874 "http://nspw.org/" "Mozilla/5.0+(compatible; UptimeRobot/2.0; http://www.uptimerobot.com/)"
66.249.75.133 - - [09/May/2018:09:01:08 -0400] "GET /current/cfp.shtml HTTP/1.1" 404 8008 "-" "Mozilla/5.0 (compatible; Googlebot/2.1; +http://www.google.com/bot.html)"
27.32.24.125 - - [09/May/2018:09:01:21 -0400] "GET /papers/2007/nspw2007-vidyaraman.pdf HTTP/1.1" 200 251013 "-" "Mozilla/5.0 (iPhone; CPU iPhone OS 11_3 like Mac OS X) AppleWebKit/605.1.15 (KHTML, like Gecko) Version/11.0 Mobile/15E148 Safari/604.1"
69.162.124.227 - - [09/May/2018:09:04:49 -0400] "HEAD / HTTP/1.1" 200 3874 "http://nspw.org/" "Mozilla/5.0+(compatible; UptimeRobot/2.0; http://www.uptimerobot.com/)"
66.249.75.135 - - [09/May/2018:09:05:10 -0400] "GET /papers/2002/nspw2002-marceau.pdf HTTP/1.1" 200 197896 "-" "Mozilla/5.0 (compatible; Googlebot/2.1; +http://www.google.com/bot.html)"
163.53.72.64 - - [09/May/2018:09:05:24 -0400] "GET /wp-login.php HTTP/1.1" 404 7782 "-" "Mozilla/5.0 (Windows NT 6.1; WOW64; rv:40.0) Gecko/20100101 Firefox/40.1"
163.53.72.64 - - [09/May/2018:09:05:26 -0400] "GET / HTTP/1.1" 200 8266 "-" "Mozilla/5.0 (Windows NT 6.1; WOW64; rv:40.0) Gecko/20100101 Firefox/40.1"
77.88.47.40 - - [09/May/2018:09:05:59 -0400] "GET /2004/cfp.shtml HTTP/1.1" 200 6369 "-" "Mozilla/5.0 (compatible; YandexBot/3.0; +http://yandex.com/bots)"
41.246.233.142 - - [09/May/2018:09:06:23 -0400] "GET /wp-login.php HTTP/1.1" 404 7985 "-" "Mozilla/5.0 (Windows NT 6.1; WOW64; rv:40.0) Gecko/20100101 Firefox/40.1"
41.246.233.142 - - [09/May/2018:09:06:24 -0400] "GET / HTTP/1.1" 200 8206 "-" "Mozilla/5.0 (Windows NT 6.1; WOW64; rv:40.0) Gecko/20100101 Firefox/40.1"
77.88.47.40 - - [09/May/2018:09:06:58 -0400] "GET /2006/cfp2006.pdf HTTP/1.1" 200 40969 "-" "Mozilla/5.0 (compatible; YandexBot/3.0; +http://yandex.com/bots)"
69.162.124.227 - - [09/May/2018:09:09:49 -0400] "HEAD / HTTP/1.1" 200 3874 "http://nspw.org/" "Mozilla/5.0+(compatible; UptimeRobot/2.0; http://www.uptimerobot.com/)"
95.26.92.231 - - [09/May/2018:09:12:49 -0400] "GET /papers/2010/nspw2010-moore.pdf HTTP/1.1" 200 741159 "http://pdf.ebook777.com/052/0199918090.pdf" "Mozilla/4.0 (compatible; MSIE 7.0; Windows NT 6.2; WOW64; Trident/7.0; .NET4.0C; .NET4.0E; .NET CLR 2.0.50727; .NET CLR 3.0.30729; .NET CLR 3.5.30729)"
193.106.30.99 - - [09/May/2018:09:13:37 -0400] "GET /11.php HTTP/1.1" 404 7973 "-" "Mozilla/5.0 (Windows NT 6.1; rv:34.0) Gecko/20100101 Firefox/34.0"
2.137.110.97 - - [09/May/2018:09:14:45 -0400] "GET /wp-login.php HTTP/1.1" 404 7839 "-" "Mozilla/5.0 (Windows NT 6.1; WOW64; rv:40.0) Gecko/20100101 Firefox/40.1"
2.137.110.97 - - [09/May/2018:09:14:46 -0400] "GET / HTTP/1.1" 200 8218 "-" "Mozilla/5.0 (Windows NT 6.1; WOW64; rv:40.0) Gecko/20100101 Firefox/40.1"
69.162.124.227 - - [09/May/2018:09:14:49 -0400] "HEAD / HTTP/1.1" 200 3874 "http://nspw.org/" "Mozilla/5.0+(compatible; UptimeRobot/2.0; http://www.uptimerobot.com/)"
66.249.75.137 - - [09/May/2018:09:15:40 -0400] "GET /papers/1994/nspw1994-ovchinnikov.pdf HTTP/1.1" 200 796285 "-" "Mozilla/5.0 (compatible; Googlebot/2.1; +http://www.google.com/bot.html)"
220.181.125.142 - - [09/May/2018:09:16:26 -0400] "GET /papers/2008/nspw2008-zhao.pdf HTTP/1.1" 304 3665 "-" "Sogou web spider/4.0(+http://www.sogou.com/docs/help/webmasters.htm#07)"
87.116.181.20 - - [09/May/2018:09:19:28 -0400] "GET /wp-login.php HTTP/1.1" 404 7839 "-" "Mozilla/5.0 (Windows NT 6.1; WOW64; rv:40.0) Gecko/20100101 Firefox/40.1"
87.116.181.20 - - [09/May/2018:09:19:29 -0400] "GET / HTTP/1.1" 200 8218 "-" "Mozilla/5.0 (Windows NT 6.1; WOW64; rv:40.0) Gecko/20100101 Firefox/40.1"
89.38.99.128 - - [09/May/2018:09:19:47 -0400] "HEAD /2018/ HTTP/1.1" 200 3904 "-" "Mozilla/5.0 (Windows NT 10.0; WOW64) AppleWebKit/537.36 (KHTML, like Gecko) Chrome/55.0.2883.87 Safari/537.36 OPR/42.0.2393.94"
89.38.99.128 - - [09/May/2018:09:19:47 -0400] "HEAD /2018/ HTTP/1.1" 200 3904 "-" "Mozilla/5.0 (Windows NT 10.0; WOW64) AppleWebKit/537.36 (KHTML, like Gecko) Chrome/55.0.2883.87 Safari/537.36 OPR/42.0.2393.94"
69.162.124.227 - - [09/May/2018:09:19:49 -0400] "HEAD / HTTP/1.1" 200 3874 "http://nspw.org/" "Mozilla/5.0+(compatible; UptimeRobot/2.0; http://www.uptimerobot.com/)"
120.29.113.42 - - [09/May/2018:09:20:44 -0400] "GET /wp-login.php HTTP/1.1" 404 7985 "-" "Mozilla/5.0 (Windows NT 6.1; WOW64; rv:40.0) Gecko/20100101 Firefox/40.1"
120.29.113.42 - - [09/May/2018:09:20:44 -0400] "GET / HTTP/1.1" 200 8206 "-" "Mozilla/5.0 (Windows NT 6.1; WOW64; rv:40.0) Gecko/20100101 Firefox/40.1"
82.37.243.95 - - [09/May/2018:09:23:46 -0400] "GET /favicon.ico HTTP/1.1" 404 4109 "https://www.nspw.org/2009/proceedings/2008/nspw2008-beautement.pdf" "Mozilla/5.0 (Windows NT 6.3; Win64; x64) AppleWebKit/537.36 (KHTML, like Gecko) Chrome/66.0.3359.139 Safari/537.36"
82.37.243.95 - - [09/May/2018:09:23:46 -0400] "GET /2009/proceedings/2008/nspw2008-beautement.pdf HTTP/1.1" 200 769415 "-" "Mozilla/5.0 (Windows NT 6.3; Win64; x64) AppleWebKit/537.36 (KHTML, like Gecko) Chrome/66.0.3359.139 Safari/537.36"
41.188.56.122 - - [09/May/2018:09:24:05 -0400] "GET /wp-login.php HTTP/1.1" 404 8176 "-" "Mozilla/5.0 (Windows NT 6.1; WOW64; rv:40.0) Gecko/20100101 Firefox/40.1"
41.188.56.122 - - [09/May/2018:09:24:08 -0400] "GET / HTTP/1.1" 200 8298 "-" "Mozilla/5.0 (Windows NT 6.1; WOW64; rv:40.0) Gecko/20100101 Firefox/40.1"
182.183.245.253 - - [09/May/2018:09:25:27 -0400] "GET /wp-login.php HTTP/1.1" 404 7839 "-" "Mozilla/5.0 (Windows NT 6.1; WOW64; rv:40.0) Gecko/20100101 Firefox/40.1"
182.183.245.253 - - [09/May/2018:09:25:28 -0400] "GET / HTTP/1.1" 200 8218 "-" "Mozilla/5.0 (Windows NT 6.1; WOW64; rv:40.0) Gecko/20100101 Firefox/40.1"
137.112.228.195 - - [09/May/2018:09:26:06 -0400] "GET /papers/2007/nspw2007-mannan.pdf HTTP/1.1" 200 502385 "-" "Mozilla/5.0 (iPhone; CPU iPhone OS 11_2_5 like Mac OS X) AppleWebKit/604.5.6 (KHTML, like Gecko) Version/11.0 Mobile/15D60 Safari/604.1"
137.112.228.195 - - [09/May/2018:09:26:07 -0400] "GET /apple-touch-icon-120x120-precomposed.png HTTP/1.1" 404 3943 "-" "MobileSafari/604.1 CFNetwork/894 Darwin/17.4.0"
137.112.228.195 - - [09/May/2018:09:26:07 -0400] "GET /apple-touch-icon-120x120.png HTTP/1.1" 404 717 "-" "MobileSafari/604.1 CFNetwork/894 Darwin/17.4.0"
137.112.228.195 - - [09/May/2018:09:26:07 -0400] "GET /apple-touch-icon-precomposed.png HTTP/1.1" 404 721 "-" "MobileSafari/604.1 CFNetwork/894 Darwin/17.4.0"
137.112.228.195 - - [09/May/2018:09:26:07 -0400] "GET /apple-touch-icon.png HTTP/1.1" 404 709 "-" "MobileSafari/604.1 CFNetwork/894 Darwin/17.4.0"
137.112.228.195 - - [09/May/2018:09:26:07 -0400] "GET /favicon.ico HTTP/1.1" 404 700 "-" "MobileSafari/604.1 CFNetwork/894 Darwin/17.4.0"
137.112.228.195 - - [09/May/2018:09:26:07 -0400] "GET /apple-touch-icon-120x120-precomposed.png HTTP/1.1" 404 729 "-" "MobileSafari/604.1 CFNetwork/894 Darwin/17.4.0"
137.112.228.195 - - [09/May/2018:09:26:07 -0400] "GET /apple-touch-icon-120x120.png HTTP/1.1" 404 717 "-" "MobileSafari/604.1 CFNetwork/894 Darwin/17.4.0"
137.112.228.195 - - [09/May/2018:09:26:07 -0400] "GET /apple-touch-icon-precomposed.png HTTP/1.1" 404 721 "-" "MobileSafari/604.1 CFNetwork/894 Darwin/17.4.0"
137.112.228.195 - - [09/May/2018:09:26:07 -0400] "GET /apple-touch-icon.png HTTP/1.1" 404 709 "-" "MobileSafari/604.1 CFNetwork/894 Darwin/17.4.0"
137.112.228.195 - - [09/May/2018:09:26:07 -0400] "GET /favicon.ico HTTP/1.1" 404 700 "-" "MobileSafari/604.1 CFNetwork/894 Darwin/17.4.0"
66.249.75.135 - - [09/May/2018:09:26:33 -0400] "GET / HTTP/1.1" 200 6606 "-" "Mozilla/5.0 (compatible; Googlebot/2.1; +http://www.google.com/bot.html)"
199.16.157.180 - - [09/May/2018:09:28:00 -0400] "GET /robots.txt HTTP/1.1" 200 5699 "-" "Twitterbot/1.0"
91.86.56.34 - - [09/May/2018:09:28:27 -0400] "GET /wp-login.php HTTP/1.1" 404 7839 "-" "Mozilla/5.0 (Windows NT 6.1; WOW64; rv:40.0) Gecko/20100101 Firefox/40.1"
91.86.56.34 - - [09/May/2018:09:28:27 -0400] "GET / HTTP/1.1" 200 8218 "-" "Mozilla/5.0 (Windows NT 6.1; WOW64; rv:40.0) Gecko/20100101 Firefox/40.1"
188.137.42.238 - - [09/May/2018:09:29:05 -0400] "GET /wp-login.php HTTP/1.1" 404 7839 "-" "Mozilla/5.0 (Windows NT 6.1; WOW64; rv:40.0) Gecko/20100101 Firefox/40.1"
188.137.42.238 - - [09/May/2018:09:29:05 -0400] "GET / HTTP/1.1" 200 8218 "-" "Mozilla/5.0 (Windows NT 6.1; WOW64; rv:40.0) Gecko/20100101 Firefox/40.1"
45.249.155.72 - - [09/May/2018:09:29:22 -0400] "GET /wp-login.php HTTP/1.1" 404 7484 "-" "Mozilla/5.0 (Windows NT 6.1; WOW64; rv:40.0) Gecko/20100101 Firefox/40.1"
45.249.155.72 - - [09/May/2018:09:29:25 -0400] "GET / HTTP/1.1" 200 8218 "-" "Mozilla/5.0 (Windows NT 6.1; WOW64; rv:40.0) Gecko/20100101 Firefox/40.1"
160.120.149.79 - - [09/May/2018:09:30:07 -0400] "GET /wp-login.php HTTP/1.1" 404 7985 "-" "Mozilla/5.0 (Windows NT 6.1; WOW64; rv:40.0) Gecko/20100101 Firefox/40.1"
160.120.149.79 - - [09/May/2018:09:30:07 -0400] "GET / HTTP/1.1" 200 8206 "-" "Mozilla/5.0 (Windows NT 6.1; WOW64; rv:40.0) Gecko/20100101 Firefox/40.1"
199.250.188.0 - - [09/May/2018:09:32:16 -0400] "GET /papers/1999/nspw1999-henning.pdf HTTP/1.0" 200 666922 "-" "Mozilla/5.0 (X11; Linux x86_64; rv:52.0) Gecko/20100101 Firefox/52.0"
69.162.124.227 - - [09/May/2018:09:32:31 -0400] "HEAD / HTTP/1.1" 200 3874 "http://nspw.org/" "Mozilla/5.0+(compatible; UptimeRobot/2.0; http://www.uptimerobot.com/)"
77.88.47.40 - - [09/May/2018:09:35:09 -0400] "GET /papers/2013/?C=N;O=D HTTP/1.1" 200 4384 "-" "Mozilla/5.0 (compatible; YandexBot/3.0; +http://yandex.com/bots)"
41.190.31.99 - - [09/May/2018:09:36:11 -0400] "GET /papers/1999/nspw1999-henning.pdf HTTP/1.1" 200 667286 "http://int.search.tb.ask.com/search/GGmain.jhtml?st=sb&ptb=7A3CE93B-CE99-4E71-B70C-0E8B5A146C36&n=783ad1c0&ind=2017120704&p2=^CAN^xdm215^TTAB02^ng&si=hts_nc&searchfor=Service+Level+Agreement+for+Security+Services" "Mozilla/5.0 (Windows NT 6.2; WOW64; rv:15.0) Gecko/20100101 Firefox/15.0.1"
41.190.31.99 - - [09/May/2018:09:36:23 -0400] "GET /favicon.ico HTTP/1.1" 404 709 "-" "Mozilla/5.0 (Windows NT 6.2; WOW64; rv:15.0) Gecko/20100101 Firefox/15.0.1"
86.137.104.111 - - [09/May/2018:09:36:13 -0400] "GET /papers/2013/nspw2013-ard.pdf HTTP/1.1" 200 699673 "-" "Mozilla/5.0 (iPhone; CPU iPhone OS 11_3 like Mac OS X) AppleWebKit/605.1.15 (KHTML, like Gecko) Version/11.0 Mobile/15E148 Safari/604.1"
69.162.124.227 - - [09/May/2018:09:37:32 -0400] "HEAD / HTTP/1.1" 200 3874 "http://nspw.org/" "Mozilla/5.0+(compatible; UptimeRobot/2.0; http://www.uptimerobot.com/)"
77.88.47.40 - - [09/May/2018:09:38:39 -0400] "GET /2010/submissions HTTP/1.1" 200 6952 "-" "Mozilla/5.0 (compatible; YandexBot/3.0; +http://yandex.com/bots)"
182.183.235.93 - - [09/May/2018:09:40:51 -0400] "GET /wp-login.php HTTP/1.1" 404 7484 "-" "Mozilla/5.0 (Windows NT 6.1; WOW64; rv:40.0) Gecko/20100101 Firefox/40.1"
182.183.235.93 - - [09/May/2018:09:40:52 -0400] "GET / HTTP/1.1" 200 8218 "-" "Mozilla/5.0 (Windows NT 6.1; WOW64; rv:40.0) Gecko/20100101 Firefox/40.1"
69.162.124.227 - - [09/May/2018:09:42:31 -0400] "HEAD / HTTP/1.1" 200 3874 "http://nspw.org/" "Mozilla/5.0+(compatible; UptimeRobot/2.0; http://www.uptimerobot.com/)"
14.207.181.190 - - [09/May/2018:09:43:30 -0400] "GET /wp-login.php HTTP/1.1" 404 7985 "-" "Mozilla/5.0 (Windows NT 6.1; WOW64; rv:40.0) Gecko/20100101 Firefox/40.1"
14.207.181.190 - - [09/May/2018:09:43:31 -0400] "GET / HTTP/1.1" 200 8206 "-" "Mozilla/5.0 (Windows NT 6.1; WOW64; rv:40.0) Gecko/20100101 Firefox/40.1"
77.88.47.40 - - [09/May/2018:09:45:36 -0400] "GET /papers/2012/docs/organization.pdf HTTP/1.1" 200 93830 "-" "Mozilla/5.0 (compatible; YandexBot/3.0; +http://yandex.com/bots)"
149.147.169.97 - - [09/May/2018:09:46:05 -0400] "GET /wp-login.php HTTP/1.1" 404 7985 "-" "Mozilla/5.0 (Windows NT 6.1; WOW64; rv:40.0) Gecko/20100101 Firefox/40.1"
149.147.169.97 - - [09/May/2018:09:46:05 -0400] "GET / HTTP/1.1" 200 8206 "-" "Mozilla/5.0 (Windows NT 6.1; WOW64; rv:40.0) Gecko/20100101 Firefox/40.1"
69.162.124.227 - - [09/May/2018:09:47:31 -0400] "HEAD / HTTP/1.1" 200 3874 "http://nspw.org/" "Mozilla/5.0+(compatible; UptimeRobot/2.0; http://www.uptimerobot.com/)"
180.76.15.9 - - [09/May/2018:09:47:47 -0400] "GET / HTTP/1.1" 200 11573 "-" "Mozilla/5.0 (compatible; Baiduspider/2.0; +http://www.baidu.com/search/spider.html)"
207.46.13.165 - - [09/May/2018:09:47:53 -0400] "GET /papers/1994/nspw1994-lin.pdf HTTP/1.1" 200 704625 "-" "Mozilla/5.0 (iPhone; CPU iPhone OS 7_0 like Mac OS X) AppleWebKit/537.51.1 (KHTML, like Gecko) Version/7.0 Mobile/11A465 Safari/9537.53 (compatible; bingbot/2.0; +http://www.bing.com/bingbot.htm)"
66.249.75.137 - - [09/May/2018:09:49:04 -0400] "GET /2009/proceedings/2010/nspw2010-molnar.pdf HTTP/1.1" 200 434001 "-" "Mozilla/5.0 (Linux; Android 6.0.1; Nexus 5X Build/MMB29P) AppleWebKit/537.36 (KHTML, like Gecko) Chrome/41.0.2272.96 Mobile Safari/537.36 (compatible; Googlebot/2.1; +http://www.google.com/bot.html)"
66.249.69.44 - - [09/May/2018:09:52:24 -0400] "GET /2002/index.shtml HTTP/1.1" 200 5157 "-" "Mozilla/5.0 (compatible; Googlebot/2.1; +http://www.google.com/bot.html)"
69.162.124.227 - - [09/May/2018:09:52:32 -0400] "HEAD / HTTP/1.1" 200 3874 "http://nspw.org/" "Mozilla/5.0+(compatible; UptimeRobot/2.0; http://www.uptimerobot.com/)"
196.32.195.10 - - [09/May/2018:09:52:42 -0400] "GET /wp-login.php HTTP/1.1" 404 7985 "-" "Mozilla/5.0 (Windows NT 6.1; WOW64; rv:40.0) Gecko/20100101 Firefox/40.1"
196.32.195.10 - - [09/May/2018:09:52:43 -0400] "GET / HTTP/1.1" 200 8206 "-" "Mozilla/5.0 (Windows NT 6.1; WOW64; rv:40.0) Gecko/20100101 Firefox/40.1"
207.46.13.155 - - [09/May/2018:09:52:49 -0400] "GET /2015/cfp HTTP/1.1" 200 9792 "-" "Mozilla/5.0 (iPhone; CPU iPhone OS 7_0 like Mac OS X) AppleWebKit/537.51.1 (KHTML, like Gecko) Version/7.0 Mobile/11A465 Safari/9537.53 (compatible; bingbot/2.0; +http://www.bing.com/bingbot.htm)"
79.113.151.244 - - [09/May/2018:09:53:23 -0400] "GET /wp-login.php HTTP/1.1" 404 7839 "-" "Mozilla/5.0 (Windows NT 6.1; WOW64; rv:40.0) Gecko/20100101 Firefox/40.1"
79.113.151.244 - - [09/May/2018:09:53:24 -0400] "GET / HTTP/1.1" 200 8218 "-" "Mozilla/5.0 (Windows NT 6.1; WOW64; rv:40.0) Gecko/20100101 Firefox/40.1"
36.234.80.146 - - [09/May/2018:09:54:06 -0400] "GET /wp-login.php HTTP/1.1" 404 7491 "-" "Mozilla/5.0 (Windows NT 6.1; WOW64; rv:40.0) Gecko/20100101 Firefox/40.1"
36.234.80.146 - - [09/May/2018:09:54:08 -0400] "GET / HTTP/1.1" 200 8218 "-" "Mozilla/5.0 (Windows NT 6.1; WOW64; rv:40.0) Gecko/20100101 Firefox/40.1"
144.217.70.220 - - [09/May/2018:09:54:19 -0400] "GET /papers/1997/nspw1997-hinton.pdf HTTP/1.1" 200 1247527 "http://www.nspw.org/papers/1997/nspw1997-hinton.pdf" "Mozilla/5.0 (Macintosh; Intel Mac OS X 10_10_5) AppleWebKit/537.36 (KHTML, like Gecko) Chrome/44.0.2403.155 Safari/537.36"
66.249.91.197 - - [09/May/2018:09:55:29 -0400] "GET /2009/proceedings/2009/nspw2009-herley.pdf HTTP/1.1" 200 189194 "-" "Mozilla/5.0 (Macintosh; Intel Mac OS X 10_8_4) AppleWebKit/537.36 (KHTML, like Gecko) Chrome/28.0.1500.71 Safari/537.36"
66.249.91.201 - - [09/May/2018:09:55:29 -0400] "GET /2009/proceedings/2009/nspw2009-herley.pdf&amp HTTP/1.1" 404 8117 "-" "Mozilla/5.0 (Macintosh; Intel Mac OS X 10_8_4) AppleWebKit/537.36 (KHTML, like Gecko) Chrome/28.0.1500.71 Safari/537.36"
103.51.234.173 - - [09/May/2018:09:55:31 -0400] "GET /wp-login.php HTTP/1.1" 404 7985 "-" "Mozilla/5.0 (Windows NT 6.1; WOW64; rv:40.0) Gecko/20100101 Firefox/40.1"
103.51.234.173 - - [09/May/2018:09:55:33 -0400] "GET / HTTP/1.1" 200 8206 "-" "Mozilla/5.0 (Windows NT 6.1; WOW64; rv:40.0) Gecko/20100101 Firefox/40.1"
154.118.27.34 - - [09/May/2018:09:57:07 -0400] "GET /wp-login.php HTTP/1.1" 404 8018 "-" "Mozilla/5.0 (Windows NT 6.1; WOW64; rv:40.0) Gecko/20100101 Firefox/40.1"
154.118.27.34 - - [09/May/2018:09:57:08 -0400] "GET / HTTP/1.1" 200 8206 "-" "Mozilla/5.0 (Windows NT 6.1; WOW64; rv:40.0) Gecko/20100101 Firefox/40.1"
69.162.124.227 - - [09/May/2018:09:57:32 -0400] "HEAD / HTTP/1.1" 200 3874 "http://nspw.org/" "Mozilla/5.0+(compatible; UptimeRobot/2.0; http://www.uptimerobot.com/)"
66.249.75.137 - - [09/May/2018:10:01:05 -0400] "GET /papers/2003/nspw2003-eustice.pdf HTTP/1.1" 200 698366 "-" "Mozilla/5.0 (compatible; Googlebot/2.1; +http://www.google.com/bot.html)"
27.57.172.47 - - [09/May/2018:10:02:25 -0400] "GET /wp-login.php HTTP/1.1" 404 7985 "-" "Mozilla/5.0 (Windows NT 6.1; WOW64; rv:40.0) Gecko/20100101 Firefox/40.1"
27.57.172.47 - - [09/May/2018:10:02:27 -0400] "GET / HTTP/1.1" 200 8206 "-" "Mozilla/5.0 (Windows NT 6.1; WOW64; rv:40.0) Gecko/20100101 Firefox/40.1"
69.162.124.227 - - [09/May/2018:10:02:31 -0400] "HEAD / HTTP/1.1" 200 3874 "http://nspw.org/" "Mozilla/5.0+(compatible; UptimeRobot/2.0; http://www.uptimerobot.com/)"
207.46.13.165 - - [09/May/2018:10:03:48 -0400] "GET /papers/2007/nspw2007-vidyaraman.pdf HTTP/1.1" 200 259799 "-" "Mozilla/5.0 (iPhone; CPU iPhone OS 7_0 like Mac OS X) AppleWebKit/537.51.1 (KHTML, like Gecko) Version/7.0 Mobile/11A465 Safari/9537.53 (compatible; bingbot/2.0; +http://www.bing.com/bingbot.htm)"
93.42.46.250 - - [09/May/2018:10:04:07 -0400] "GET /wp-login.php HTTP/1.1" 404 7985 "-" "Mozilla/5.0 (Windows NT 6.1; WOW64; rv:40.0) Gecko/20100101 Firefox/40.1"
93.42.46.250 - - [09/May/2018:10:04:08 -0400] "GET / HTTP/1.1" 200 8206 "-" "Mozilla/5.0 (Windows NT 6.1; WOW64; rv:40.0) Gecko/20100101 Firefox/40.1"
69.162.124.227 - - [09/May/2018:10:07:31 -0400] "HEAD / HTTP/1.1" 200 3874 "http://nspw.org/" "Mozilla/5.0+(compatible; UptimeRobot/2.0; http://www.uptimerobot.com/)"
199.16.157.181 - - [09/May/2018:10:09:01 -0400] "GET /robots.txt HTTP/1.1" 200 5699 "-" "Twitterbot/1.0"
69.162.124.227 - - [09/May/2018:10:12:31 -0400] "HEAD / HTTP/1.1" 200 3874 "http://nspw.org/" "Mozilla/5.0+(compatible; UptimeRobot/2.0; http://www.uptimerobot.com/)"
66.249.75.135 - - [09/May/2018:10:13:08 -0400] "GET /2015 HTTP/1.1" 200 6923 "-" "Mozilla/5.0 (compatible; Googlebot/2.1; +http://www.google.com/bot.html)"
111.251.36.4 - - [09/May/2018:10:13:46 -0400] "GET /wp-login.php HTTP/1.1" 404 7839 "-" "Mozilla/5.0 (Windows NT 6.1; WOW64; rv:40.0) Gecko/20100101 Firefox/40.1"
111.251.36.4 - - [09/May/2018:10:13:48 -0400] "GET / HTTP/1.1" 200 8218 "-" "Mozilla/5.0 (Windows NT 6.1; WOW64; rv:40.0) Gecko/20100101 Firefox/40.1"
207.46.13.155 - - [09/May/2018:10:13:58 -0400] "GET / HTTP/1.1" 200 7082 "-" "Mozilla/5.0 (iPhone; CPU iPhone OS 7_0 like Mac OS X) AppleWebKit/537.51.1 (KHTML, like Gecko) Version/7.0 Mobile/11A465 Safari/9537.53 (compatible; bingbot/2.0; +http://www.bing.com/bingbot.htm)"
89.114.154.145 - - [09/May/2018:10:15:33 -0400] "GET /wp-login.php HTTP/1.1" 404 7985 "-" "Mozilla/5.0 (Windows NT 6.1; WOW64; rv:40.0) Gecko/20100101 Firefox/40.1"
89.114.154.145 - - [09/May/2018:10:15:33 -0400] "GET / HTTP/1.1" 200 8206 "-" "Mozilla/5.0 (Windows NT 6.1; WOW64; rv:40.0) Gecko/20100101 Firefox/40.1"
66.102.6.201 - - [09/May/2018:10:16:08 -0400] "GET /papers/2011/nspw2011-pieters.pdf HTTP/1.1" 200 2771026 "http://www.google.com/search" "Mozilla/5.0 (X11; Linux x86_64) AppleWebKit/537.36 (KHTML, like Gecko; Google Web Preview) Chrome/41.0.2272.118 Safari/537.36"
69.162.124.227 - - [09/May/2018:10:17:31 -0400] "HEAD / HTTP/1.1" 200 3874 "http://nspw.org/" "Mozilla/5.0+(compatible; UptimeRobot/2.0; http://www.uptimerobot.com/)"
77.88.47.40 - - [09/May/2018:10:16:43 -0400] "GET /papers/1996/nspw1996-olawsky.pdf HTTP/1.1" 200 1077970 "-" "Mozilla/5.0 (compatible; YandexBot/3.0; +http://yandex.com/bots)"
89.114.154.145 - - [09/May/2018:10:17:49 -0400] "GET /wp-login.php HTTP/1.1" 404 7985 "-" "Mozilla/5.0 (Windows NT 6.1; WOW64; rv:40.0) Gecko/20100101 Firefox/40.1"
89.114.154.145 - - [09/May/2018:10:17:49 -0400] "GET / HTTP/1.1" 200 8206 "-" "Mozilla/5.0 (Windows NT 6.1; WOW64; rv:40.0) Gecko/20100101 Firefox/40.1"
179.192.237.1 - - [09/May/2018:10:18:18 -0400] "GET /wp-login.php HTTP/1.1" 404 7491 "-" "Mozilla/5.0 (Windows NT 6.1; WOW64; rv:40.0) Gecko/20100101 Firefox/40.1"
179.192.237.1 - - [09/May/2018:10:18:19 -0400] "GET / HTTP/1.1" 200 8218 "-" "Mozilla/5.0 (Windows NT 6.1; WOW64; rv:40.0) Gecko/20100101 Firefox/40.1"
59.106.108.116 - - [09/May/2018:10:18:32 -0400] "GET /current/ HTTP/1.1" 200 12401 "-" "Hatena Antenna/0.5 (http://a.hatena.ne.jp/help)"
66.160.140.181 - - [09/May/2018:10:19:25 -0400] "GET /robots.txt HTTP/1.1" 200 4444 "-" "The Knowledge AI"
105.158.115.252 - - [09/May/2018:10:20:01 -0400] "GET /wp-login.php HTTP/1.1" 404 7484 "-" "Mozilla/5.0 (Windows NT 6.1; WOW64; rv:40.0) Gecko/20100101 Firefox/40.1"
105.158.115.252 - - [09/May/2018:10:20:02 -0400] "GET / HTTP/1.1" 200 8218 "-" "Mozilla/5.0 (Windows NT 6.1; WOW64; rv:40.0) Gecko/20100101 Firefox/40.1"
207.46.13.155 - - [09/May/2018:10:21:26 -0400] "GET /papers/2006/nspw2006-ford.pdf HTTP/1.1" 200 229953 "-" "Mozilla/5.0 (iPhone; CPU iPhone OS 7_0 like Mac OS X) AppleWebKit/537.51.1 (KHTML, like Gecko) Version/7.0 Mobile/11A465 Safari/9537.53 (compatible; bingbot/2.0; +http://www.bing.com/bingbot.htm)"
115.133.47.105 - - [09/May/2018:10:22:01 -0400] "GET /wp-login.php HTTP/1.1" 404 7985 "-" "Mozilla/5.0 (Windows NT 6.1; WOW64; rv:40.0) Gecko/20100101 Firefox/40.1"
115.133.47.105 - - [09/May/2018:10:22:03 -0400] "GET / HTTP/1.1" 200 8206 "-" "Mozilla/5.0 (Windows NT 6.1; WOW64; rv:40.0) Gecko/20100101 Firefox/40.1"
69.162.124.227 - - [09/May/2018:10:22:31 -0400] "HEAD / HTTP/1.1" 200 3874 "http://nspw.org/" "Mozilla/5.0+(compatible; UptimeRobot/2.0; http://www.uptimerobot.com/)"
110.36.89.132 - - [09/May/2018:10:22:59 -0400] "GET /wp-login.php HTTP/1.1" 404 7985 "-" "Mozilla/5.0 (Windows NT 6.1; WOW64; rv:40.0) Gecko/20100101 Firefox/40.1"
110.36.89.132 - - [09/May/2018:10:23:00 -0400] "GET / HTTP/1.1" 200 8206 "-" "Mozilla/5.0 (Windows NT 6.1; WOW64; rv:40.0) Gecko/20100101 Firefox/40.1"
41.250.201.98 - - [09/May/2018:10:23:40 -0400] "GET /wp-login.php HTTP/1.1" 404 8180 "-" "Mozilla/5.0 (Windows NT 6.1; WOW64; rv:40.0) Gecko/20100101 Firefox/40.1"
41.250.201.98 - - [09/May/2018:10:23:40 -0400] "GET / HTTP/1.1" 200 8298 "-" "Mozilla/5.0 (Windows NT 6.1; WOW64; rv:40.0) Gecko/20100101 Firefox/40.1"
216.244.66.236 - - [09/May/2018:10:24:40 -0400] "GET /robots.txt HTTP/1.1" 200 5796 "-" "Mozilla/5.0 (compatible; DotBot/1.1; http://www.opensiteexplorer.org/dotbot, help@moz.com)"
86.96.60.147 - - [09/May/2018:10:24:58 -0400] "GET /wp-login.php HTTP/1.1" 404 7839 "-" "Mozilla/5.0 (Windows NT 6.1; WOW64; rv:40.0) Gecko/20100101 Firefox/40.1"
86.96.60.147 - - [09/May/2018:10:25:00 -0400] "GET / HTTP/1.1" 200 8218 "-" "Mozilla/5.0 (Windows NT 6.1; WOW64; rv:40.0) Gecko/20100101 Firefox/40.1"
69.162.124.227 - - [09/May/2018:10:27:31 -0400] "HEAD / HTTP/1.1" 200 3874 "http://nspw.org/" "Mozilla/5.0+(compatible; UptimeRobot/2.0; http://www.uptimerobot.com/)"
77.88.47.40 - - [09/May/2018:10:20:22 -0400] "GET /papers/2009/nspw2009-gibson.pdf HTTP/1.1" 200 3067838 "-" "Mozilla/5.0 (compatible; YandexBot/3.0; +http://yandex.com/bots)"
77.88.47.40 - - [09/May/2018:10:27:52 -0400] "GET /2004/program.content.hold HTTP/1.1" 200 13869 "-" "Mozilla/5.0 (compatible; YandexBot/3.0; +http://yandex.com/bots)"
160.45.43.20 - - [09/May/2018:10:28:21 -0400] "GET /2018/dates HTTP/1.1" 200 6120 "http://nspw.org/2018/cfp" "Mozilla/5.0 (Macintosh; Intel Mac OS X 10_11_6) AppleWebKit/605.1.15 (KHTML, like Gecko) Version/11.1 Safari/605.1.15"
160.45.43.20 - - [09/May/2018:10:28:21 -0400] "GET /modules/system/system.base.css?p7r9uw HTTP/1.1" 200 2307 "https://www.nspw.org/2018/dates" "Mozilla/5.0 (Macintosh; Intel Mac OS X 10_11_6) AppleWebKit/605.1.15 (KHTML, like Gecko) Version/11.1 Safari/605.1.15"
160.45.43.20 - - [09/May/2018:10:28:21 -0400] "GET /modules/node/node.css?p7r9uw HTTP/1.1" 200 472 "https://www.nspw.org/2018/dates" "Mozilla/5.0 (Macintosh; Intel Mac OS X 10_11_6) AppleWebKit/605.1.15 (KHTML, like Gecko) Version/11.1 Safari/605.1.15"
160.45.43.20 - - [09/May/2018:10:28:22 -0400] "GET /modules/user/user.css?p7r9uw HTTP/1.1" 200 1062 "https://www.nspw.org/2018/dates" "Mozilla/5.0 (Macintosh; Intel Mac OS X 10_11_6) AppleWebKit/605.1.15 (KHTML, like Gecko) Version/11.1 Safari/605.1.15"
160.45.43.20 - - [09/May/2018:10:28:22 -0400] "GET /modules/system/system.theme.css?p7r9uw HTTP/1.1" 200 1723 "https://www.nspw.org/2018/dates" "Mozilla/5.0 (Macintosh; Intel Mac OS X 10_11_6) AppleWebKit/605.1.15 (KHTML, like Gecko) Version/11.1 Safari/605.1.15"
160.45.43.20 - - [09/May/2018:10:28:22 -0400] "GET /modules/field/theme/field.css?p7r9uw HTTP/1.1" 200 737 "https://www.nspw.org/2018/dates" "Mozilla/5.0 (Macintosh; Intel Mac OS X 10_11_6) AppleWebKit/605.1.15 (KHTML, like Gecko) Version/11.1 Safari/605.1.15"
160.45.43.20 - - [09/May/2018:10:28:22 -0400] "GET /modules/system/system.messages.css?p7r9uw HTTP/1.1" 200 884 "https://www.nspw.org/2018/dates" "Mozilla/5.0 (Macintosh; Intel Mac OS X 10_11_6) AppleWebKit/605.1.15 (KHTML, like Gecko) Version/11.1 Safari/605.1.15"
160.45.43.20 - - [09/May/2018:10:28:22 -0400] "GET /modules/comment/comment.css?p7r9uw HTTP/1.1" 200 643 "https://www.nspw.org/2018/dates" "Mozilla/5.0 (Macintosh; Intel Mac OS X 10_11_6) AppleWebKit/605.1.15 (KHTML, like Gecko) Version/11.1 Safari/605.1.15"
160.45.43.20 - - [09/May/2018:10:28:22 -0400] "GET /modules/system/system.menus.css?p7r9uw HTTP/1.1" 200 1163 "https://www.nspw.org/2018/dates" "Mozilla/5.0 (Macintosh; Intel Mac OS X 10_11_6) AppleWebKit/605.1.15 (KHTML, like Gecko) Version/11.1 Safari/605.1.15"
160.45.43.20 - - [09/May/2018:10:28:22 -0400] "GET /themes/garland/style.css?p7r9uw HTTP/1.1" 200 5370 "https://www.nspw.org/2018/dates" "Mozilla/5.0 (Macintosh; Intel Mac OS X 10_11_6) AppleWebKit/605.1.15 (KHTML, like Gecko) Version/11.1 Safari/605.1.15"
160.45.43.20 - - [09/May/2018:10:28:22 -0400] "GET /themes/garland/print.css?p7r9uw HTTP/1.1" 200 771 "https://www.nspw.org/2018/dates" "Mozilla/5.0 (Macintosh; Intel Mac OS X 10_11_6) AppleWebKit/605.1.15 (KHTML, like Gecko) Version/11.1 Safari/605.1.15"
160.45.43.20 - - [09/May/2018:10:28:22 -0400] "GET /misc/jquery.once.js?v=1.2 HTTP/1.1" 200 1445 "https://www.nspw.org/2018/dates" "Mozilla/5.0 (Macintosh; Intel Mac OS X 10_11_6) AppleWebKit/605.1.15 (KHTML, like Gecko) Version/11.1 Safari/605.1.15"
160.45.43.20 - - [09/May/2018:10:28:22 -0400] "GET /sites/default/files/nspw-logo-smaller.jpg HTTP/1.1" 200 2534 "https://www.nspw.org/2018/dates" "Mozilla/5.0 (Macintosh; Intel Mac OS X 10_11_6) AppleWebKit/605.1.15 (KHTML, like Gecko) Version/11.1 Safari/605.1.15"
160.45.43.20 - - [09/May/2018:10:28:22 -0400] "GET /misc/drupal.js?p7r9uw HTTP/1.1" 200 7372 "https://www.nspw.org/2018/dates" "Mozilla/5.0 (Macintosh; Intel Mac OS X 10_11_6) AppleWebKit/605.1.15 (KHTML, like Gecko) Version/11.1 Safari/605.1.15"
160.45.43.20 - - [09/May/2018:10:28:22 -0400] "GET /misc/jquery.js?v=1.4.4 HTTP/1.1" 200 27601 "https://www.nspw.org/2018/dates" "Mozilla/5.0 (Macintosh; Intel Mac OS X 10_11_6) AppleWebKit/605.1.15 (KHTML, like Gecko) Version/11.1 Safari/605.1.15"
160.45.43.20 - - [09/May/2018:10:28:22 -0400] "GET /themes/garland/images/body.png HTTP/1.1" 200 993 "https://www.nspw.org/2018/dates" "Mozilla/5.0 (Macintosh; Intel Mac OS X 10_11_6) AppleWebKit/605.1.15 (KHTML, like Gecko) Version/11.1 Safari/605.1.15"
160.45.43.20 - - [09/May/2018:10:28:22 -0400] "GET /themes/garland/images/menu-leaf.gif HTTP/1.1" 200 486 "https://www.nspw.org/2018/dates" "Mozilla/5.0 (Macintosh; Intel Mac OS X 10_11_6) AppleWebKit/605.1.15 (KHTML, like Gecko) Version/11.1 Safari/605.1.15"
160.45.43.20 - - [09/May/2018:10:28:22 -0400] "GET /themes/garland/images/bg-navigation-item.png HTTP/1.1" 200 812 "https://www.nspw.org/2018/dates" "Mozilla/5.0 (Macintosh; Intel Mac OS X 10_11_6) AppleWebKit/605.1.15 (KHTML, like Gecko) Version/11.1 Safari/605.1.15"
160.45.43.20 - - [09/May/2018:10:28:22 -0400] "GET /themes/garland/images/menu-expanded.gif HTTP/1.1" 200 495 "https://www.nspw.org/2018/dates" "Mozilla/5.0 (Macintosh; Intel Mac OS X 10_11_6) AppleWebKit/605.1.15 (KHTML, like Gecko) Version/11.1 Safari/605.1.15"
160.45.43.20 - - [09/May/2018:10:28:22 -0400] "GET /themes/garland/images/menu-collapsed.gif HTTP/1.1" 200 488 "https://www.nspw.org/2018/dates" "Mozilla/5.0 (Macintosh; Intel Mac OS X 10_11_6) AppleWebKit/605.1.15 (KHTML, like Gecko) Version/11.1 Safari/605.1.15"
