149.28.46.54 - - [07/May/2018:00:34:55 -0400] "GET /past HTTP/1.1" 200 6415 "https://www.nspw.org/" "Mozilla/5.0 (Windows NT 6.3; Win64; x64; rv:57.0) Gecko/20100101 Firefox/57.0"
149.28.46.54 - - [07/May/2018:00:34:55 -0400] "GET /2018/organizers HTTP/1.1" 200 6989 "https://www.nspw.org/" "Mozilla/5.0 (Windows NT 6.3; Win64; x64; rv:57.0) Gecko/20100101 Firefox/57.0"
149.28.46.54 - - [07/May/2018:00:34:55 -0400] "GET /2018/dates HTTP/1.1" 200 6297 "https://www.nspw.org/" "Mozilla/5.0 (Windows NT 6.3; Win64; x64; rv:57.0) Gecko/20100101 Firefox/57.0"
149.28.46.54 - - [07/May/2018:00:34:55 -0400] "GET /2018/cfp HTTP/1.1" 200 8180 "https://www.nspw.org/" "Mozilla/5.0 (Windows NT 6.3; Win64; x64; rv:57.0) Gecko/20100101 Firefox/57.0"
149.28.46.54 - - [07/May/2018:00:34:55 -0400] "GET / HTTP/1.1" 200 6637 "https://www.nspw.org/" "Mozilla/5.0 (Windows NT 6.3; Win64; x64; rv:57.0) Gecko/20100101 Firefox/57.0"
218.227.160.109 - - [07/May/2018:00:35:22 -0400] "GET /2018 HTTP/1.1" 200 6919 "https://www.google.com/" "Mozilla/5.0 (Macintosh; Intel Mac OS X 10.13; rv:59.0) Gecko/20100101 Firefox/59.0"
218.227.160.109 - - [07/May/2018:00:35:23 -0400] "GET /misc/jquery.js?v=1.4.4 HTTP/1.1" 200 27601 "https://www.nspw.org/2018" "Mozilla/5.0 (Macintosh; Intel Mac OS X 10.13; rv:59.0) Gecko/20100101 Firefox/59.0"
218.227.160.109 - - [07/May/2018:00:35:23 -0400] "GET /modules/system/system.base.css?p7r9uw HTTP/1.1" 200 2464 "https://www.nspw.org/2018" "Mozilla/5.0 (Macintosh; Intel Mac OS X 10.13; rv:59.0) Gecko/20100101 Firefox/59.0"
218.227.160.109 - - [07/May/2018:00:35:23 -0400] "GET /modules/system/system.menus.css?p7r9uw HTTP/1.1" 200 1182 "https://www.nspw.org/2018" "Mozilla/5.0 (Macintosh; Intel Mac OS X 10.13; rv:59.0) Gecko/20100101 Firefox/59.0"
218.227.160.109 - - [07/May/2018:00:35:23 -0400] "GET /modules/system/system.messages.css?p7r9uw HTTP/1.1" 200 903 "https://www.nspw.org/2018" "Mozilla/5.0 (Macintosh; Intel Mac OS X 10.13; rv:59.0) Gecko/20100101 Firefox/59.0"
218.227.160.109 - - [07/May/2018:00:35:23 -0400] "GET /modules/comment/comment.css?p7r9uw HTTP/1.1" 200 662 "https://www.nspw.org/2018" "Mozilla/5.0 (Macintosh; Intel Mac OS X 10.13; rv:59.0) Gecko/20100101 Firefox/59.0"
218.227.160.109 - - [07/May/2018:00:35:23 -0400] "GET /modules/system/system.theme.css?p7r9uw HTTP/1.1" 200 1742 "https://www.nspw.org/2018" "Mozilla/5.0 (Macintosh; Intel Mac OS X 10.13; rv:59.0) Gecko/20100101 Firefox/59.0"
218.227.160.109 - - [07/May/2018:00:35:24 -0400] "GET /modules/node/node.css?p7r9uw HTTP/1.1" 200 472 "https://www.nspw.org/2018" "Mozilla/5.0 (Macintosh; Intel Mac OS X 10.13; rv:59.0) Gecko/20100101 Firefox/59.0"
218.227.160.109 - - [07/May/2018:00:35:24 -0400] "GET /modules/field/theme/field.css?p7r9uw HTTP/1.1" 200 599 "https://www.nspw.org/2018" "Mozilla/5.0 (Macintosh; Intel Mac OS X 10.13; rv:59.0) Gecko/20100101 Firefox/59.0"
218.227.160.109 - - [07/May/2018:00:35:24 -0400] "GET /modules/user/user.css?p7r9uw HTTP/1.1" 200 1062 "https://www.nspw.org/2018" "Mozilla/5.0 (Macintosh; Intel Mac OS X 10.13; rv:59.0) Gecko/20100101 Firefox/59.0"
218.227.160.109 - - [07/May/2018:00:35:24 -0400] "GET /themes/garland/style.css?p7r9uw HTTP/1.1" 200 5370 "https://www.nspw.org/2018" "Mozilla/5.0 (Macintosh; Intel Mac OS X 10.13; rv:59.0) Gecko/20100101 Firefox/59.0"
218.227.160.109 - - [07/May/2018:00:35:24 -0400] "GET /themes/garland/print.css?p7r9uw HTTP/1.1" 200 771 "https://www.nspw.org/2018" "Mozilla/5.0 (Macintosh; Intel Mac OS X 10.13; rv:59.0) Gecko/20100101 Firefox/59.0"
218.227.160.109 - - [07/May/2018:00:35:24 -0400] "GET /misc/jquery.once.js?v=1.2 HTTP/1.1" 200 1445 "https://www.nspw.org/2018" "Mozilla/5.0 (Macintosh; Intel Mac OS X 10.13; rv:59.0) Gecko/20100101 Firefox/59.0"
218.227.160.109 - - [07/May/2018:00:35:24 -0400] "GET /misc/drupal.js?p7r9uw HTTP/1.1" 200 7372 "https://www.nspw.org/2018" "Mozilla/5.0 (Macintosh; Intel Mac OS X 10.13; rv:59.0) Gecko/20100101 Firefox/59.0"
218.227.160.109 - - [07/May/2018:00:35:26 -0400] "GET /sites/default/files/nspw-logo-smaller.jpg HTTP/1.1" 200 2534 "https://www.nspw.org/2018" "Mozilla/5.0 (Macintosh; Intel Mac OS X 10.13; rv:59.0) Gecko/20100101 Firefox/59.0"
218.227.160.109 - - [07/May/2018:00:35:26 -0400] "GET /themes/garland/images/bg-navigation-item.png HTTP/1.1" 200 812 "https://www.nspw.org/themes/garland/style.css?p7r9uw" "Mozilla/5.0 (Macintosh; Intel Mac OS X 10.13; rv:59.0) Gecko/20100101 Firefox/59.0"
218.227.160.109 - - [07/May/2018:00:35:26 -0400] "GET /themes/garland/images/body.png HTTP/1.1" 200 993 "https://www.nspw.org/themes/garland/style.css?p7r9uw" "Mozilla/5.0 (Macintosh; Intel Mac OS X 10.13; rv:59.0) Gecko/20100101 Firefox/59.0"
218.227.160.109 - - [07/May/2018:00:35:26 -0400] "GET /themes/garland/images/bg-content.png HTTP/1.1" 200 955 "https://www.nspw.org/themes/garland/style.css?p7r9uw" "Mozilla/5.0 (Macintosh; Intel Mac OS X 10.13; rv:59.0) Gecko/20100101 Firefox/59.0"
218.227.160.109 - - [07/May/2018:00:35:26 -0400] "GET /themes/garland/images/menu-expanded.gif HTTP/1.1" 200 652 "https://www.nspw.org/themes/garland/style.css?p7r9uw" "Mozilla/5.0 (Macintosh; Intel Mac OS X 10.13; rv:59.0) Gecko/20100101 Firefox/59.0"
218.227.160.109 - - [07/May/2018:00:35:26 -0400] "GET /themes/garland/images/menu-collapsed.gif HTTP/1.1" 200 645 "https://www.nspw.org/themes/garland/style.css?p7r9uw" "Mozilla/5.0 (Macintosh; Intel Mac OS X 10.13; rv:59.0) Gecko/20100101 Firefox/59.0"
218.227.160.109 - - [07/May/2018:00:35:26 -0400] "GET /themes/garland/images/menu-leaf.gif HTTP/1.1" 200 486 "https://www.nspw.org/themes/garland/style.css?p7r9uw" "Mozilla/5.0 (Macintosh; Intel Mac OS X 10.13; rv:59.0) Gecko/20100101 Firefox/59.0"
218.227.160.109 - - [07/May/2018:00:35:26 -0400] "GET /themes/garland/images/bg-navigation-item-hover.png HTTP/1.1" 200 754 "https://www.nspw.org/themes/garland/style.css?p7r9uw" "Mozilla/5.0 (Macintosh; Intel Mac OS X 10.13; rv:59.0) Gecko/20100101 Firefox/59.0"
218.227.160.109 - - [07/May/2018:00:35:26 -0400] "GET /themes/garland/images/bg-content-right.png HTTP/1.1" 200 3319 "https://www.nspw.org/themes/garland/style.css?p7r9uw" "Mozilla/5.0 (Macintosh; Intel Mac OS X 10.13; rv:59.0) Gecko/20100101 Firefox/59.0"
218.227.160.109 - - [07/May/2018:00:35:26 -0400] "GET /themes/garland/images/bg-content-left.png HTTP/1.1" 200 3389 "https://www.nspw.org/themes/garland/style.css?p7r9uw" "Mozilla/5.0 (Macintosh; Intel Mac OS X 10.13; rv:59.0) Gecko/20100101 Firefox/59.0"
218.227.160.109 - - [07/May/2018:00:35:27 -0400] "GET /favicon.ico HTTP/1.1" 404 700 "-" "Mozilla/5.0 (Macintosh; Intel Mac OS X 10.13; rv:59.0) Gecko/20100101 Firefox/59.0"
218.227.160.109 - - [07/May/2018:00:35:27 -0400] "GET /favicon.ico HTTP/1.1" 404 700 "-" "Mozilla/5.0 (Macintosh; Intel Mac OS X 10.13; rv:59.0) Gecko/20100101 Firefox/59.0"
218.227.160.109 - - [07/May/2018:00:36:31 -0400] "GET /2018/organizers HTTP/1.1" 200 3722 "https://www.nspw.org/2018" "Mozilla/5.0 (Macintosh; Intel Mac OS X 10.13; rv:59.0) Gecko/20100101 Firefox/59.0"
218.227.160.109 - - [07/May/2018:00:36:32 -0400] "GET /misc/jquery.once.js?v=1.2 HTTP/1.1" 200 1602 "https://www.nspw.org/2018/organizers" "Mozilla/5.0 (Macintosh; Intel Mac OS X 10.13; rv:59.0) Gecko/20100101 Firefox/59.0"
218.227.160.109 - - [07/May/2018:00:36:32 -0400] "GET /misc/drupal.js?p7r9uw HTTP/1.1" 200 7529 "https://www.nspw.org/2018/organizers" "Mozilla/5.0 (Macintosh; Intel Mac OS X 10.13; rv:59.0) Gecko/20100101 Firefox/59.0"
218.227.160.109 - - [07/May/2018:00:36:32 -0400] "GET /themes/garland/style.css?p7r9uw HTTP/1.1" 200 5370 "https://www.nspw.org/2018/organizers" "Mozilla/5.0 (Macintosh; Intel Mac OS X 10.13; rv:59.0) Gecko/20100101 Firefox/59.0"
218.227.160.109 - - [07/May/2018:00:36:32 -0400] "GET /modules/user/user.css?p7r9uw HTTP/1.1" 200 1219 "https://www.nspw.org/2018/organizers" "Mozilla/5.0 (Macintosh; Intel Mac OS X 10.13; rv:59.0) Gecko/20100101 Firefox/59.0"
217.127.155.157 - - [07/May/2018:00:37:01 -0400] "GET /wp-login.php HTTP/1.1" 404 7985 "-" "Mozilla/5.0 (Windows NT 6.1; WOW64; rv:40.0) Gecko/20100101 Firefox/40.1"
217.127.155.157 - - [07/May/2018:00:37:02 -0400] "GET / HTTP/1.1" 200 8206 "-" "Mozilla/5.0 (Windows NT 6.1; WOW64; rv:40.0) Gecko/20100101 Firefox/40.1"
218.227.160.109 - - [07/May/2018:00:38:05 -0400] "GET /2017 HTTP/1.1" 200 3814 "-" "Mozilla/5.0 (Macintosh; Intel Mac OS X 10.13; rv:59.0) Gecko/20100101 Firefox/59.0"
218.227.160.109 - - [07/May/2018:00:38:08 -0400] "GET /2017/accepted HTTP/1.1" 200 3364 "https://www.nspw.org/2017" "Mozilla/5.0 (Macintosh; Intel Mac OS X 10.13; rv:59.0) Gecko/20100101 Firefox/59.0"
157.50.194.185 - - [07/May/2018:00:38:29 -0400] "GET /wp-login.php HTTP/1.1" 404 7484 "-" "Mozilla/5.0 (Windows NT 6.1; WOW64; rv:40.0) Gecko/20100101 Firefox/40.1"
157.50.194.185 - - [07/May/2018:00:38:30 -0400] "GET / HTTP/1.1" 200 8218 "-" "Mozilla/5.0 (Windows NT 6.1; WOW64; rv:40.0) Gecko/20100101 Firefox/40.1"
69.162.124.227 - - [07/May/2018:00:38:53 -0400] "HEAD / HTTP/1.1" 200 3874 "http://nspw.org/" "Mozilla/5.0+(compatible; UptimeRobot/2.0; http://www.uptimerobot.com/)"
218.227.160.109 - - [07/May/2018:00:39:09 -0400] "GET /2017/location HTTP/1.1" 200 2906 "https://www.nspw.org/2017/accepted" "Mozilla/5.0 (Macintosh; Intel Mac OS X 10.13; rv:59.0) Gecko/20100101 Firefox/59.0"
218.227.160.109 - - [07/May/2018:00:39:14 -0400] "GET /2017/program HTTP/1.1" 200 3948 "https://www.nspw.org/2017/location" "Mozilla/5.0 (Macintosh; Intel Mac OS X 10.13; rv:59.0) Gecko/20100101 Firefox/59.0"
157.50.14.67 - - [07/May/2018:00:40:40 -0400] "GET /wp-login.php HTTP/1.1" 404 7686 "-" "Mozilla/5.0 (Windows NT 6.1; WOW64; rv:40.0) Gecko/20100101 Firefox/40.1"
157.50.14.67 - - [07/May/2018:00:40:41 -0400] "GET / HTTP/1.1" 200 8218 "-" "Mozilla/5.0 (Windows NT 6.1; WOW64; rv:40.0) Gecko/20100101 Firefox/40.1"
66.249.64.215 - - [07/May/2018:00:42:52 -0400] "GET /proceedings HTTP/1.1" 200 6344 "-" "Mozilla/5.0 (compatible; Googlebot/2.1; +http://www.google.com/bot.html)"
216.244.66.247 - - [07/May/2018:00:43:35 -0400] "GET /robots.txt HTTP/1.1" 200 5796 "-" "Mozilla/5.0 (compatible; DotBot/1.1; http://www.opensiteexplorer.org/dotbot, help@moz.com)"
69.162.124.227 - - [07/May/2018:00:43:53 -0400] "HEAD / HTTP/1.1" 200 3874 "http://nspw.org/" "Mozilla/5.0+(compatible; UptimeRobot/2.0; http://www.uptimerobot.com/)"
66.160.140.181 - - [07/May/2018:00:44:53 -0400] "GET /robots.txt HTTP/1.1" 200 4444 "-" "The Knowledge AI"
69.162.124.227 - - [07/May/2018:00:47:46 -0400] "HEAD / HTTP/1.1" 200 3874 "http://nspw.org/" "Mozilla/5.0+(compatible; UptimeRobot/2.0; http://www.uptimerobot.com/)"
157.55.39.38 - - [07/May/2018:00:48:28 -0400] "GET /papers/2007/nspw2007-mannan.pdf HTTP/1.1" 200 503040 "-" "Mozilla/5.0 (compatible; bingbot/2.0; +http://www.bing.com/bingbot.htm)"
199.16.157.182 - - [07/May/2018:00:49:28 -0400] "GET /robots.txt HTTP/1.1" 200 5699 "-" "Twitterbot/1.0"
66.249.64.217 - - [07/May/2018:00:51:29 -0400] "GET /2009/proceedings/2013/nspw2013-ashenden.pdf HTTP/1.1" 304 3605 "-" "Mozilla/5.0 (compatible; Googlebot/2.1; +http://www.google.com/bot.html)"
157.55.39.63 - - [07/May/2018:00:51:35 -0400] "GET /papers/2010/nspw2010-alsaleh.pdf HTTP/1.1" 200 1020137 "-" "Mozilla/5.0 (iPhone; CPU iPhone OS 7_0 like Mac OS X) AppleWebKit/537.51.1 (KHTML, like Gecko) Version/7.0 Mobile/11A465 Safari/9537.53 (compatible; bingbot/2.0; +http://www.bing.com/bingbot.htm)"
94.25.160.37 - - [07/May/2018:00:52:23 -0400] "GET /wp-login.php HTTP/1.1" 404 7985 "-" "Mozilla/5.0 (Windows NT 6.1; WOW64; rv:40.0) Gecko/20100101 Firefox/40.1"
94.25.160.37 - - [07/May/2018:00:52:23 -0400] "GET / HTTP/1.1" 200 8206 "-" "Mozilla/5.0 (Windows NT 6.1; WOW64; rv:40.0) Gecko/20100101 Firefox/40.1"
180.76.15.146 - - [07/May/2018:00:52:34 -0400] "GET /papers/2012/docs/welcome1.pdf HTTP/1.1" 200 90277 "-" "Mozilla/5.0 (compatible; Baiduspider/2.0; +http://www.baidu.com/search/spider.html)"
69.162.124.227 - - [07/May/2018:00:52:46 -0400] "HEAD / HTTP/1.1" 200 3874 "http://nspw.org/" "Mozilla/5.0+(compatible; UptimeRobot/2.0; http://www.uptimerobot.com/)"
77.75.79.101 - - [07/May/2018:00:54:16 -0400] "GET /robots.txt HTTP/1.1" 200 4601 "-" "Mozilla/5.0 (compatible; SeznamBot/3.2; +http://napoveda.seznam.cz/en/seznambot-intro/)"
77.75.79.101 - - [07/May/2018:00:54:26 -0400] "GET /2003/cfp.content HTTP/1.1" 200 7323 "-" "Mozilla/5.0 (compatible; SeznamBot/3.2; +http://napoveda.seznam.cz/en/seznambot-intro/)"
77.75.79.101 - - [07/May/2018:00:54:37 -0400] "GET /proceedings/2009 HTTP/1.1" 200 6996 "-" "Mozilla/5.0 (compatible; SeznamBot/3.2; +http://napoveda.seznam.cz/en/seznambot-intro/)"
77.75.79.101 - - [07/May/2018:00:54:47 -0400] "GET /proceedings/2002 HTTP/1.1" 200 6222 "-" "Mozilla/5.0 (compatible; SeznamBot/3.2; +http://napoveda.seznam.cz/en/seznambot-intro/)"
77.75.79.101 - - [07/May/2018:00:54:58 -0400] "GET /2018/organizers HTTP/1.1" 200 7054 "-" "Mozilla/5.0 (compatible; SeznamBot/3.2; +http://napoveda.seznam.cz/en/seznambot-intro/)"
77.75.79.101 - - [07/May/2018:00:55:08 -0400] "GET /2008/cfp.shtml HTTP/1.1" 200 8743 "-" "Mozilla/5.0 (compatible; SeznamBot/3.2; +http://napoveda.seznam.cz/en/seznambot-intro/)"
66.249.64.217 - - [07/May/2018:00:55:17 -0400] "GET /2009/proceedings/2013/nspw2013-zhao.pdf HTTP/1.1" 304 3605 "-" "Mozilla/5.0 (compatible; Googlebot/2.1; +http://www.google.com/bot.html)"
77.75.79.101 - - [07/May/2018:00:55:19 -0400] "GET /2009/pc.shtml HTTP/1.1" 200 5455 "-" "Mozilla/5.0 (compatible; SeznamBot/3.2; +http://napoveda.seznam.cz/en/seznambot-intro/)"
180.248.237.0 - - [07/May/2018:00:55:39 -0400] "GET /wp-login.php HTTP/1.1" 404 7484 "-" "Mozilla/5.0 (Windows NT 6.1; WOW64; rv:40.0) Gecko/20100101 Firefox/40.1"
180.248.237.0 - - [07/May/2018:00:55:40 -0400] "GET / HTTP/1.1" 200 8218 "-" "Mozilla/5.0 (Windows NT 6.1; WOW64; rv:40.0) Gecko/20100101 Firefox/40.1"
61.181.142.95 - - [07/May/2018:00:56:15 -0400] "GET / HTTP/1.1" 200 6635 "-" "Mozilla/5.0 (Windows NT 10.0; WOW64) AppleWebKit/537.36 (KHTML, like Gecko) Chrome/63.0.3239.132 Safari/537.36"
157.55.39.38 - - [07/May/2018:00:56:51 -0400] "GET /papers/2008/nspw2008-crandall.pdf HTTP/1.1" 200 425589 "-" "Mozilla/5.0 (iPhone; CPU iPhone OS 7_0 like Mac OS X) AppleWebKit/537.51.1 (KHTML, like Gecko) Version/7.0 Mobile/11A465 Safari/9537.53 (compatible; bingbot/2.0; +http://www.bing.com/bingbot.htm)"
69.162.124.227 - - [07/May/2018:00:57:46 -0400] "HEAD / HTTP/1.1" 200 3874 "http://nspw.org/" "Mozilla/5.0+(compatible; UptimeRobot/2.0; http://www.uptimerobot.com/)"
119.82.251.145 - - [07/May/2018:00:58:02 -0400] "GET /wp-login.php HTTP/1.1" 404 7686 "-" "Mozilla/5.0 (Windows NT 6.1; WOW64; rv:40.0) Gecko/20100101 Firefox/40.1"
119.82.251.145 - - [07/May/2018:00:58:04 -0400] "GET / HTTP/1.1" 200 8218 "-" "Mozilla/5.0 (Windows NT 6.1; WOW64; rv:40.0) Gecko/20100101 Firefox/40.1"
31.218.91.89 - - [07/May/2018:00:58:05 -0400] "GET /wp-login.php HTTP/1.1" 404 7839 "-" "Mozilla/5.0 (Windows NT 6.1; WOW64; rv:40.0) Gecko/20100101 Firefox/40.1"
31.218.91.89 - - [07/May/2018:00:58:06 -0400] "GET / HTTP/1.1" 200 8218 "-" "Mozilla/5.0 (Windows NT 6.1; WOW64; rv:40.0) Gecko/20100101 Firefox/40.1"
190.39.200.161 - - [07/May/2018:00:59:56 -0400] "GET /wp-login.php HTTP/1.1" 404 7491 "-" "Mozilla/5.0 (Windows NT 6.1; WOW64; rv:40.0) Gecko/20100101 Firefox/40.1"
190.39.200.161 - - [07/May/2018:00:59:57 -0400] "GET / HTTP/1.1" 200 8218 "-" "Mozilla/5.0 (Windows NT 6.1; WOW64; rv:40.0) Gecko/20100101 Firefox/40.1"
189.132.53.117 - - [07/May/2018:01:01:40 -0400] "GET /wp-login.php HTTP/1.1" 404 7985 "-" "Mozilla/5.0 (Windows NT 6.1; WOW64; rv:40.0) Gecko/20100101 Firefox/40.1"
189.132.53.117 - - [07/May/2018:01:01:42 -0400] "GET / HTTP/1.1" 200 8206 "-" "Mozilla/5.0 (Windows NT 6.1; WOW64; rv:40.0) Gecko/20100101 Firefox/40.1"
79.126.134.62 - - [07/May/2018:01:01:49 -0400] "GET /wp-login.php HTTP/1.1" 404 7491 "-" "Mozilla/5.0 (Windows NT 6.1; WOW64; rv:40.0) Gecko/20100101 Firefox/40.1"
79.126.134.62 - - [07/May/2018:01:01:50 -0400] "GET / HTTP/1.1" 200 8218 "-" "Mozilla/5.0 (Windows NT 6.1; WOW64; rv:40.0) Gecko/20100101 Firefox/40.1"
103.88.232.210 - - [07/May/2018:01:02:29 -0400] "GET /wp-login.php HTTP/1.1" 404 7907 "-" "Mozilla/5.0 (Windows NT 6.1; WOW64; rv:40.0) Gecko/20100101 Firefox/40.1"
103.88.232.210 - - [07/May/2018:01:02:29 -0400] "GET / HTTP/1.1" 200 8218 "-" "Mozilla/5.0 (Windows NT 6.1; WOW64; rv:40.0) Gecko/20100101 Firefox/40.1"
69.162.124.227 - - [07/May/2018:01:02:46 -0400] "HEAD / HTTP/1.1" 200 3874 "http://nspw.org/" "Mozilla/5.0+(compatible; UptimeRobot/2.0; http://www.uptimerobot.com/)"
202.150.151.74 - - [07/May/2018:01:04:18 -0400] "GET /wp-login.php HTTP/1.1" 404 7484 "-" "Mozilla/5.0 (Windows NT 6.1; WOW64; rv:40.0) Gecko/20100101 Firefox/40.1"
202.150.151.74 - - [07/May/2018:01:04:19 -0400] "GET / HTTP/1.1" 200 8218 "-" "Mozilla/5.0 (Windows NT 6.1; WOW64; rv:40.0) Gecko/20100101 Firefox/40.1"
199.58.86.206 - - [07/May/2018:01:04:48 -0400] "GET /robots.txt HTTP/1.1" 200 5452 "-" "Mozilla/5.0 (compatible; MJ12bot/v1.4.8; http://mj12bot.com/)"
199.58.86.206 - - [07/May/2018:01:05:10 -0400] "GET / HTTP/1.1" 200 8308 "-" "Mozilla/5.0 (compatible; MJ12bot/v1.4.8; http://mj12bot.com/)"
175.140.86.197 - - [07/May/2018:01:05:12 -0400] "GET /wp-login.php HTTP/1.1" 404 7985 "-" "Mozilla/5.0 (Windows NT 6.1; WOW64; rv:40.0) Gecko/20100101 Firefox/40.1"
175.140.86.197 - - [07/May/2018:01:05:14 -0400] "GET / HTTP/1.1" 200 8206 "-" "Mozilla/5.0 (Windows NT 6.1; WOW64; rv:40.0) Gecko/20100101 Firefox/40.1"
77.88.47.40 - - [07/May/2018:01:05:48 -0400] "GET /2009/proceedings/2005/nspw2005-locasto.pdf HTTP/1.1" 200 2008801 "-" "Mozilla/5.0 (compatible; YandexBot/3.0; +http://yandex.com/bots)"
216.244.66.247 - - [07/May/2018:01:07:43 -0400] "GET /robots.txt HTTP/1.1" 200 5796 "-" "Mozilla/5.0 (compatible; DotBot/1.1; http://www.opensiteexplorer.org/dotbot, help@moz.com)"
66.249.64.217 - - [07/May/2018:01:07:43 -0400] "GET /papers/2003/nspw2003-flechais.pdf HTTP/1.1" 200 904662 "-" "Mozilla/5.0 (compatible; Googlebot/2.1; +http://www.google.com/bot.html)"
69.162.124.227 - - [07/May/2018:01:07:46 -0400] "HEAD / HTTP/1.1" 200 3874 "http://nspw.org/" "Mozilla/5.0+(compatible; UptimeRobot/2.0; http://www.uptimerobot.com/)"
144.76.162.206 - - [07/May/2018:01:07:52 -0400] "GET /papers/1996/nspw1996-chuang.pdf HTTP/1.1" 200 746148 "-" "Mozilla/5.0 (compatible; MSIE 10.0; Windows NT 6.1; Trident/4.0; InfoPath.2; SV1; .NET CLR 2.0.50727; WOW64)"
112.200.101.132 - - [07/May/2018:01:08:28 -0400] "GET /wp-login.php HTTP/1.1" 404 7484 "-" "Mozilla/5.0 (Windows NT 6.1; WOW64; rv:40.0) Gecko/20100101 Firefox/40.1"
112.200.101.132 - - [07/May/2018:01:08:29 -0400] "GET / HTTP/1.1" 200 8218 "-" "Mozilla/5.0 (Windows NT 6.1; WOW64; rv:40.0) Gecko/20100101 Firefox/40.1"
125.209.235.180 - - [07/May/2018:01:08:38 -0400] "GET /modules/system/system.messages.css?nhfa6e HTTP/1.1" 200 4072 "http://nspw.org/2017" "Mozilla/5.0 (compatible; Yeti/1.1; +http://naver.me/spd)"
125.209.235.180 - - [07/May/2018:01:08:38 -0400] "GET /modules/comment/comment.css?nhfa6e HTTP/1.1" 200 3832 "http://nspw.org/2017" "Mozilla/5.0 (compatible; Yeti/1.1; +http://naver.me/spd)"
125.209.235.167 - - [07/May/2018:01:08:38 -0400] "GET /modules/field/theme/field.css?nhfa6e HTTP/1.1" 200 3928 "http://nspw.org/2017" "Mozilla/5.0 (compatible; Yeti/1.1; +http://naver.me/spd)"
125.209.235.172 - - [07/May/2018:01:08:38 -0400] "GET /modules/system/system.base.css?nhfa6e HTTP/1.1" 200 5730 "http://nspw.org/2017" "Mozilla/5.0 (compatible; Yeti/1.1; +http://naver.me/spd)"
125.209.235.172 - - [07/May/2018:01:08:38 -0400] "GET /modules/system/system.menus.css?nhfa6e HTTP/1.1" 200 4360 "http://nspw.org/2017" "Mozilla/5.0 (compatible; Yeti/1.1; +http://naver.me/spd)"
125.209.235.170 - - [07/May/2018:01:08:38 -0400] "GET /modules/system/system.theme.css?nhfa6e HTTP/1.1" 200 4920 "http://nspw.org/2017" "Mozilla/5.0 (compatible; Yeti/1.1; +http://naver.me/spd)"
125.209.235.170 - - [07/May/2018:01:08:39 -0400] "GET /themes/garland/style.css?nhfa6e HTTP/1.1" 200 5712 "http://nspw.org/2017" "Mozilla/5.0 (compatible; Yeti/1.1; +http://naver.me/spd)"
125.209.235.168 - - [07/May/2018:01:08:39 -0400] "GET /modules/node/node.css?nhfa6e HTTP/1.1" 200 3800 "http://nspw.org/2017" "Mozilla/5.0 (compatible; Yeti/1.1; +http://naver.me/spd)"
125.209.235.168 - - [07/May/2018:01:08:39 -0400] "GET /modules/user/user.css?nhfa6e HTTP/1.1" 200 4392 "http://nspw.org/2017" "Mozilla/5.0 (compatible; Yeti/1.1; +http://naver.me/spd)"
125.209.235.179 - - [07/May/2018:01:08:39 -0400] "GET /themes/garland/print.css?nhfa6e HTTP/1.1" 200 4104 "http://nspw.org/2017" "Mozilla/5.0 (compatible; Yeti/1.1; +http://naver.me/spd)"
125.209.235.178 - - [07/May/2018:01:08:39 -0400] "GET /misc/jquery.once.js?v=1.2 HTTP/1.1" 200 4776 "http://nspw.org/2017" "Mozilla/5.0 (compatible; Yeti/1.1; +http://naver.me/spd)"
125.209.235.179 - - [07/May/2018:01:08:39 -0400] "GET /misc/jquery.js?v=1.4.4 HTTP/1.1" 200 31201 "http://nspw.org/2017" "Mozilla/5.0 (compatible; Yeti/1.1; +http://naver.me/spd)"
125.209.235.179 - - [07/May/2018:01:08:40 -0400] "GET /misc/drupal.js?nhfa6e HTTP/1.1" 200 7712 "http://nspw.org/2017" "Mozilla/5.0 (compatible; Yeti/1.1; +http://naver.me/spd)"
125.209.235.172 - - [07/May/2018:01:08:41 -0400] "GET /themes/garland/images/menu-collapsed.gif HTTP/1.1" 200 726 "http://nspw.org/themes/garland/style.css?nhfa6e" "Mozilla/5.0 (compatible; Yeti/1.1; +http://naver.me/spd)"
125.209.235.178 - - [07/May/2018:01:08:41 -0400] "GET /themes/garland/images/body.png HTTP/1.1" 200 1238 "http://nspw.org/themes/garland/style.css?nhfa6e" "Mozilla/5.0 (compatible; Yeti/1.1; +http://naver.me/spd)"
125.209.235.172 - - [07/May/2018:01:08:41 -0400] "GET /sites/default/files/nspw-logo-smaller.jpg HTTP/1.1" 200 2811 "http://nspw.org/2017" "Mozilla/5.0 (compatible; Yeti/1.1; +http://naver.me/spd)"
125.209.235.171 - - [07/May/2018:01:08:41 -0400] "GET /themes/garland/images/bg-navigation-item.png HTTP/1.1" 200 4152 "http://nspw.org/themes/garland/style.css?nhfa6e" "Mozilla/5.0 (compatible; Yeti/1.1; +http://naver.me/spd)"
125.209.235.182 - - [07/May/2018:01:08:41 -0400] "GET /themes/garland/images/menu-leaf.gif HTTP/1.1" 200 3816 "http://nspw.org/themes/garland/style.css?nhfa6e" "Mozilla/5.0 (compatible; Yeti/1.1; +http://naver.me/spd)"
125.209.235.170 - - [07/May/2018:01:08:42 -0400] "GET /themes/garland/images/bg-content.png HTTP/1.1" 200 1046 "http://nspw.org/themes/garland/style.css?nhfa6e" "Mozilla/5.0 (compatible; Yeti/1.1; +http://naver.me/spd)"
125.209.235.182 - - [07/May/2018:01:08:42 -0400] "GET /themes/garland/images/menu-expanded.gif HTTP/1.1" 200 3832 "http://nspw.org/themes/garland/style.css?nhfa6e" "Mozilla/5.0 (compatible; Yeti/1.1; +http://naver.me/spd)"
125.209.235.182 - - [07/May/2018:01:08:42 -0400] "GET /themes/garland/images/bg-content-right.png HTTP/1.1" 200 3451 "http://nspw.org/themes/garland/style.css?nhfa6e" "Mozilla/5.0 (compatible; Yeti/1.1; +http://naver.me/spd)"
125.209.235.170 - - [07/May/2018:01:08:42 -0400] "GET /themes/garland/images/bg-content-left.png HTTP/1.1" 200 3515 "http://nspw.org/themes/garland/style.css?nhfa6e" "Mozilla/5.0 (compatible; Yeti/1.1; +http://naver.me/spd)"
77.88.47.40 - - [07/May/2018:01:08:33 -0400] "GET /2009/proceedings/1994/nspw1994-dobson.pdf HTTP/1.1" 200 710596 "-" "Mozilla/5.0 (compatible; YandexBot/3.0; +http://yandex.com/bots)"
54.70.40.11 - - [07/May/2018:01:09:05 -0400] "GET /robots.txt HTTP/1.1" 200 4282 "-" "Mozilla/5.0 (compatible) SemanticScholarBot (+https://www.semanticscholar.org/crawler)"
54.70.40.11 - - [07/May/2018:01:10:05 -0400] "GET /papers/2010/nspw2010-bishop.pdf HTTP/1.1" 200 659867 "-" "Mozilla/5.0 (compatible) SemanticScholarBot (+https://www.semanticscholar.org/crawler)"
216.244.66.236 - - [07/May/2018:01:10:30 -0400] "GET /robots.txt HTTP/1.1" 200 5796 "-" "Mozilla/5.0 (compatible; DotBot/1.1; http://www.opensiteexplorer.org/dotbot, help@moz.com)"
54.70.40.11 - - [07/May/2018:01:10:41 -0400] "GET /papers/2009/nspw2009-peisert.pdf HTTP/1.1" 200 1015399 "-" "Mozilla/5.0 (compatible) SemanticScholarBot (+https://www.semanticscholar.org/crawler)"
54.70.40.11 - - [07/May/2018:01:11:07 -0400] "GET /papers/2008/nspw2008-bishop.pdf HTTP/1.1" 200 485640 "-" "Mozilla/5.0 (compatible) SemanticScholarBot (+https://www.semanticscholar.org/crawler)"
54.70.40.11 - - [07/May/2018:01:11:28 -0400] "GET /papers/2005/nspw2005-peisert.pdf HTTP/1.1" 200 3064888 "-" "Mozilla/5.0 (compatible) SemanticScholarBot (+https://www.semanticscholar.org/crawler)"
54.70.40.11 - - [07/May/2018:01:11:40 -0400] "GET /2018/ HTTP/1.1" 200 6680 "-" "Mozilla/5.0 (compatible) SemanticScholarBot (+https://www.semanticscholar.org/crawler)"
54.70.40.11 - - [07/May/2018:01:11:43 -0400] "GET /2016/ HTTP/1.1" 200 3515 "-" "Mozilla/5.0 (compatible) SemanticScholarBot (+https://www.semanticscholar.org/crawler)"
54.70.40.11 - - [07/May/2018:01:11:48 -0400] "GET /2015/ HTTP/1.1" 200 3473 "-" "Mozilla/5.0 (compatible) SemanticScholarBot (+https://www.semanticscholar.org/crawler)"
54.70.40.11 - - [07/May/2018:01:12:06 -0400] "GET /2014/ HTTP/1.1" 200 6473 "-" "Mozilla/5.0 (compatible) SemanticScholarBot (+https://www.semanticscholar.org/crawler)"
54.70.40.11 - - [07/May/2018:01:12:08 -0400] "GET /2011/ HTTP/1.1" 200 3474 "-" "Mozilla/5.0 (compatible) SemanticScholarBot (+https://www.semanticscholar.org/crawler)"
54.70.40.11 - - [07/May/2018:01:12:30 -0400] "GET /2009/ HTTP/1.1" 200 5159 "-" "Mozilla/5.0 (compatible) SemanticScholarBot (+https://www.semanticscholar.org/crawler)"
54.70.40.11 - - [07/May/2018:01:12:33 -0400] "GET /2008/ HTTP/1.1" 200 2031 "-" "Mozilla/5.0 (compatible) SemanticScholarBot (+https://www.semanticscholar.org/crawler)"
116.62.10.30 - - [07/May/2018:01:12:39 -0400] "GET / HTTP/1.1" 200 6452 "-" "Less.Browser"
69.162.124.227 - - [07/May/2018:01:12:46 -0400] "HEAD / HTTP/1.1" 200 3874 "http://nspw.org/" "Mozilla/5.0+(compatible; UptimeRobot/2.0; http://www.uptimerobot.com/)"
54.70.40.11 - - [07/May/2018:01:12:49 -0400] "GET /2006/ HTTP/1.1" 200 5126 "-" "Mozilla/5.0 (compatible) SemanticScholarBot (+https://www.semanticscholar.org/crawler)"
157.55.39.70 - - [07/May/2018:01:14:39 -0400] "GET /papers/2006/nspw2006-wang.pdf HTTP/1.1" 200 512725 "-" "Mozilla/5.0 (iPhone; CPU iPhone OS 7_0 like Mac OS X) AppleWebKit/537.51.1 (KHTML, like Gecko) Version/7.0 Mobile/11A465 Safari/9537.53 (compatible; bingbot/2.0; +http://www.bing.com/bingbot.htm)"
69.162.124.227 - - [07/May/2018:01:17:46 -0400] "HEAD / HTTP/1.1" 200 3874 "http://nspw.org/" "Mozilla/5.0+(compatible; UptimeRobot/2.0; http://www.uptimerobot.com/)"
64.62.252.169 - - [07/May/2018:01:19:41 -0400] "GET /robots.txt HTTP/1.1" 200 4444 "-" "The Knowledge AI"
64.62.252.169 - - [07/May/2018:01:19:45 -0400] "GET /robots.txt HTTP/1.1" 200 4444 "-" "The Knowledge AI"
66.249.64.215 - - [07/May/2018:01:20:07 -0400] "GET /2017/organizers HTTP/1.1" 200 7132 "-" "Mozilla/5.0 (compatible; Googlebot/2.1; +http://www.google.com/bot.html)"
66.249.64.217 - - [07/May/2018:01:20:07 -0400] "GET /current/dates.shtml HTTP/1.1" 404 8012 "-" "Mozilla/5.0 (compatible; Googlebot/2.1; +http://www.google.com/bot.html)"
77.88.47.40 - - [07/May/2018:01:20:38 -0400] "GET /2012/papers HTTP/1.1" 200 7039 "-" "Mozilla/5.0 (compatible; YandexBot/3.0; +http://yandex.com/bots)"
157.55.39.70 - - [07/May/2018:01:21:02 -0400] "GET /papers/1993/nspw1993-smith.pdf HTTP/1.1" 200 926832 "-" "Mozilla/5.0 (compatible; bingbot/2.0; +http://www.bing.com/bingbot.htm)"
69.162.124.227 - - [07/May/2018:01:22:46 -0400] "HEAD / HTTP/1.1" 200 3874 "http://nspw.org/" "Mozilla/5.0+(compatible; UptimeRobot/2.0; http://www.uptimerobot.com/)"
130.188.94.31 - - [07/May/2018:01:25:06 -0400] "GET /2018/dates HTTP/1.1" 200 6286 "-" "Mozilla/5.0 (Windows NT 6.1; WOW64) AppleWebKit/537.36 (KHTML, like Gecko) Chrome/65.0.3325.181 Safari/537.36 OPR/52.0.2871.64"
130.188.94.31 - - [07/May/2018:01:25:07 -0400] "GET /favicon.ico HTTP/1.1" 404 700 "-" "Mozilla/5.0 (Windows NT 6.1; WOW64) AppleWebKit/537.36 (KHTML, like Gecko) Chrome/65.0.3325.181 Safari/537.36 OPR/52.0.2871.64"
180.76.15.160 - - [07/May/2018:01:25:54 -0400] "GET /papers/2012/docs/sponsors.pdf HTTP/1.1" 200 154026 "-" "Mozilla/5.0 (compatible; Baiduspider/2.0; +http://www.baidu.com/search/spider.html)"
69.162.124.227 - - [07/May/2018:01:27:47 -0400] "HEAD / HTTP/1.1" 200 3874 "http://nspw.org/" "Mozilla/5.0+(compatible; UptimeRobot/2.0; http://www.uptimerobot.com/)"
86.137.104.111 - - [07/May/2018:01:30:30 -0400] "GET /papers/2013/nspw2013-ard.pdf HTTP/1.1" 200 560381 "-" "Mozilla/5.0 (iPhone; CPU iPhone OS 11_3 like Mac OS X) AppleWebKit/605.1.15 (KHTML, like Gecko) Version/11.0 Mobile/15E148 Safari/604.1"
66.249.64.219 - - [07/May/2018:01:32:31 -0400] "GET /papers/1993/nspw1993-lin.pdf HTTP/1.1" 304 3605 "-" "Mozilla/5.0 (compatible; Googlebot/2.1; +http://www.google.com/bot.html)"
69.162.124.227 - - [07/May/2018:01:32:46 -0400] "HEAD / HTTP/1.1" 200 3874 "http://nspw.org/" "Mozilla/5.0+(compatible; UptimeRobot/2.0; http://www.uptimerobot.com/)"
116.68.76.55 - - [07/May/2018:01:33:16 -0400] "GET /wp-login.php HTTP/1.1" 404 7491 "-" "Mozilla/5.0 (Windows NT 6.1; WOW64; rv:40.0) Gecko/20100101 Firefox/40.1"
116.68.76.55 - - [07/May/2018:01:33:18 -0400] "GET / HTTP/1.1" 200 8218 "-" "Mozilla/5.0 (Windows NT 6.1; WOW64; rv:40.0) Gecko/20100101 Firefox/40.1"
123.125.71.115 - - [07/May/2018:01:33:24 -0400] "GET /2011 HTTP/1.1" 200 13550 "-" "Mozilla/5.0 (compatible; Baiduspider/2.0; +http://www.baidu.com/search/spider.html)"
157.55.39.70 - - [07/May/2018:01:35:34 -0400] "GET /papers/2009/nspw2009-gates.pdf HTTP/1.1" 200 398940 "-" "Mozilla/5.0 (iPhone; CPU iPhone OS 7_0 like Mac OS X) AppleWebKit/537.51.1 (KHTML, like Gecko) Version/7.0 Mobile/11A465 Safari/9537.53 (compatible; bingbot/2.0; +http://www.bing.com/bingbot.htm)"
161.142.80.135 - - [07/May/2018:01:37:17 -0400] "GET /wp-login.php HTTP/1.1" 404 7985 "-" "Mozilla/5.0 (Windows NT 6.1; WOW64; rv:40.0) Gecko/20100101 Firefox/40.1"
161.142.80.135 - - [07/May/2018:01:37:19 -0400] "GET / HTTP/1.1" 200 8206 "-" "Mozilla/5.0 (Windows NT 6.1; WOW64; rv:40.0) Gecko/20100101 Firefox/40.1"
69.162.124.227 - - [07/May/2018:01:37:46 -0400] "HEAD / HTTP/1.1" 200 3874 "http://nspw.org/" "Mozilla/5.0+(compatible; UptimeRobot/2.0; http://www.uptimerobot.com/)"
180.76.15.6 - - [07/May/2018:01:38:10 -0400] "GET /proceedings/1994 HTTP/1.1" 200 12193 "-" "Mozilla/5.0 (compatible; Baiduspider/2.0; +http://www.baidu.com/search/spider.html)"
64.62.252.173 - - [07/May/2018:01:39:28 -0400] "GET /robots.txt HTTP/1.1" 200 4444 "-" "The Knowledge AI"
157.55.39.63 - - [07/May/2018:01:39:41 -0400] "GET /papers/2005/nspw2005-beznosov.pdf HTTP/1.1" 200 1827528 "-" "Mozilla/5.0 (iPhone; CPU iPhone OS 7_0 like Mac OS X) AppleWebKit/537.51.1 (KHTML, like Gecko) Version/7.0 Mobile/11A465 Safari/9537.53 (compatible; bingbot/2.0; +http://www.bing.com/bingbot.htm)"
66.249.64.215 - - [07/May/2018:01:42:46 -0400] "GET / HTTP/1.1" 200 6608 "-" "Mozilla/5.0 (Linux; Android 6.0.1; Nexus 5X Build/MMB29P) AppleWebKit/537.36 (KHTML, like Gecko) Chrome/41.0.2272.96 Mobile Safari/537.36 (compatible; Googlebot/2.1; +http://www.google.com/bot.html)"
69.162.124.227 - - [07/May/2018:01:42:46 -0400] "HEAD / HTTP/1.1" 200 3874 "http://nspw.org/" "Mozilla/5.0+(compatible; UptimeRobot/2.0; http://www.uptimerobot.com/)"
157.55.39.70 - - [07/May/2018:01:42:28 -0400] "GET /papers/2005/nspw2005-maxion.pdf HTTP/1.1" 200 683698 "-" "Mozilla/5.0 (iPhone; CPU iPhone OS 7_0 like Mac OS X) AppleWebKit/537.51.1 (KHTML, like Gecko) Version/7.0 Mobile/11A465 Safari/9537.53 (compatible; bingbot/2.0; +http://www.bing.com/bingbot.htm)"
202.78.234.97 - - [07/May/2018:01:42:51 -0400] "GET /favicon.ico HTTP/1.1" 404 4093 "https://www.nspw.org/2009/proceedings/1999/nspw1999-lipson.pdf" "Mozilla/5.0 (Windows NT 6.1) AppleWebKit/537.36 (KHTML, like Gecko) Chrome/65.0.3325.181 Safari/537.36"
202.78.234.97 - - [07/May/2018:01:42:50 -0400] "GET /2009/proceedings/1999/nspw1999-lipson.pdf HTTP/1.1" 200 652955 "https://scholar.google.co.in/" "Mozilla/5.0 (Windows NT 6.1) AppleWebKit/537.36 (KHTML, like Gecko) Chrome/65.0.3325.181 Safari/537.36"
66.249.64.217 - - [07/May/2018:01:44:56 -0400] "GET /papers/1997/nspw1997-meadows.pdf HTTP/1.1" 304 3605 "-" "Mozilla/5.0 (compatible; Googlebot/2.1; +http://www.google.com/bot.html)"
49.149.93.53 - - [07/May/2018:01:46:11 -0400] "GET /wp-login.php HTTP/1.1" 404 8180 "-" "Mozilla/5.0 (Windows NT 6.1; WOW64; rv:40.0) Gecko/20100101 Firefox/40.1"
49.149.93.53 - - [07/May/2018:01:46:12 -0400] "GET / HTTP/1.1" 200 8298 "-" "Mozilla/5.0 (Windows NT 6.1; WOW64; rv:40.0) Gecko/20100101 Firefox/40.1"
103.106.35.246 - - [07/May/2018:01:46:52 -0400] "GET /wp-login.php HTTP/1.1" 404 7985 "-" "Mozilla/5.0 (Windows NT 6.1; WOW64; rv:40.0) Gecko/20100101 Firefox/40.1"
103.106.35.246 - - [07/May/2018:01:46:54 -0400] "GET / HTTP/1.1" 200 8206 "-" "Mozilla/5.0 (Windows NT 6.1; WOW64; rv:40.0) Gecko/20100101 Firefox/40.1"
66.249.64.16 - - [07/May/2018:01:47:04 -0400] "GET /2007/cfp.shtml HTTP/1.1" 200 8391 "-" "Mozilla/5.0 (compatible; Googlebot/2.1; +http://www.google.com/bot.html)"
69.162.124.227 - - [07/May/2018:01:47:45 -0400] "HEAD / HTTP/1.1" 200 3874 "http://nspw.org/" "Mozilla/5.0+(compatible; UptimeRobot/2.0; http://www.uptimerobot.com/)"
157.55.39.63 - - [07/May/2018:01:49:34 -0400] "GET /papers/2005/nspw2005-taylor-panel.pdf HTTP/1.1" 200 1269880 "-" "Mozilla/5.0 (iPhone; CPU iPhone OS 7_0 like Mac OS X) AppleWebKit/537.51.1 (KHTML, like Gecko) Version/7.0 Mobile/11A465 Safari/9537.53 (compatible; bingbot/2.0; +http://www.bing.com/bingbot.htm)"
36.69.251.60 - - [07/May/2018:01:51:58 -0400] "GET /wp-login.php HTTP/1.1" 404 7839 "-" "Mozilla/5.0 (Windows NT 6.1; WOW64; rv:40.0) Gecko/20100101 Firefox/40.1"
36.69.251.60 - - [07/May/2018:01:52:00 -0400] "GET / HTTP/1.1" 200 8218 "-" "Mozilla/5.0 (Windows NT 6.1; WOW64; rv:40.0) Gecko/20100101 Firefox/40.1"
77.88.47.40 - - [07/May/2018:01:52:36 -0400] "GET /2014/cfp HTTP/1.1" 200 8314 "-" "Mozilla/5.0 (compatible; YandexBot/3.0; +http://yandex.com/bots)"
69.162.124.227 - - [07/May/2018:01:52:45 -0400] "HEAD / HTTP/1.1" 200 3874 "http://nspw.org/" "Mozilla/5.0+(compatible; UptimeRobot/2.0; http://www.uptimerobot.com/)"
124.59.243.81 - - [07/May/2018:01:53:58 -0400] "GET /wp-login.php HTTP/1.1" 404 7491 "-" "Mozilla/5.0 (Windows NT 6.1; WOW64; rv:40.0) Gecko/20100101 Firefox/40.1"
124.59.243.81 - - [07/May/2018:01:53:58 -0400] "GET / HTTP/1.1" 200 8218 "-" "Mozilla/5.0 (Windows NT 6.1; WOW64; rv:40.0) Gecko/20100101 Firefox/40.1"
94.180.52.18 - - [07/May/2018:01:55:16 -0400] "GET /wp-login.php HTTP/1.1" 404 7839 "-" "Mozilla/5.0 (Windows NT 6.1; WOW64; rv:40.0) Gecko/20100101 Firefox/40.1"
94.180.52.18 - - [07/May/2018:01:55:19 -0400] "GET / HTTP/1.1" 200 8218 "-" "Mozilla/5.0 (Windows NT 6.1; WOW64; rv:40.0) Gecko/20100101 Firefox/40.1"
73.223.109.6 - - [07/May/2018:01:56:16 -0400] "GET /current/ HTTP/1.1" 200 6725 "-" "Mozilla/5.0 (iPhone; CPU iPhone OS 11_3 like Mac OS X) AppleWebKit/605.1.15 (KHTML, like Gecko) Version/11.0 Mobile/15E148 Safari/604.1"
73.223.109.6 - - [07/May/2018:01:56:17 -0400] "GET /apple-touch-icon-120x120-precomposed.png HTTP/1.1" 404 3943 "-" "MobileSafari/604.1 CFNetwork/897.15 Darwin/17.5.0"
73.223.109.6 - - [07/May/2018:01:56:17 -0400] "GET /apple-touch-icon-120x120.png HTTP/1.1" 404 717 "-" "MobileSafari/604.1 CFNetwork/897.15 Darwin/17.5.0"
73.223.109.6 - - [07/May/2018:01:56:17 -0400] "GET /apple-touch-icon-precomposed.png HTTP/1.1" 404 721 "-" "MobileSafari/604.1 CFNetwork/897.15 Darwin/17.5.0"
73.223.109.6 - - [07/May/2018:01:56:18 -0400] "GET /apple-touch-icon.png HTTP/1.1" 404 709 "-" "MobileSafari/604.1 CFNetwork/897.15 Darwin/17.5.0"
73.223.109.6 - - [07/May/2018:01:56:18 -0400] "GET /favicon.ico HTTP/1.1" 404 700 "-" "MobileSafari/604.1 CFNetwork/897.15 Darwin/17.5.0"
73.223.109.6 - - [07/May/2018:01:56:18 -0400] "GET /apple-touch-icon-120x120-precomposed.png HTTP/1.1" 404 729 "-" "MobileSafari/604.1 CFNetwork/897.15 Darwin/17.5.0"
73.223.109.6 - - [07/May/2018:01:56:18 -0400] "GET /apple-touch-icon-120x120.png HTTP/1.1" 404 717 "-" "MobileSafari/604.1 CFNetwork/897.15 Darwin/17.5.0"
73.223.109.6 - - [07/May/2018:01:56:18 -0400] "GET /apple-touch-icon-precomposed.png HTTP/1.1" 404 721 "-" "MobileSafari/604.1 CFNetwork/897.15 Darwin/17.5.0"
73.223.109.6 - - [07/May/2018:01:56:18 -0400] "GET /apple-touch-icon.png HTTP/1.1" 404 709 "-" "MobileSafari/604.1 CFNetwork/897.15 Darwin/17.5.0"
73.223.109.6 - - [07/May/2018:01:56:19 -0400] "GET /favicon.ico HTTP/1.1" 404 700 "-" "MobileSafari/604.1 CFNetwork/897.15 Darwin/17.5.0"
216.244.66.236 - - [07/May/2018:01:57:00 -0400] "GET /robots.txt HTTP/1.1" 200 5796 "-" "Mozilla/5.0 (compatible; DotBot/1.1; http://www.opensiteexplorer.org/dotbot, help@moz.com)"
69.162.124.227 - - [07/May/2018:01:57:35 -0400] "HEAD / HTTP/1.1" 200 3874 "http://nspw.org/" "Mozilla/5.0+(compatible; UptimeRobot/2.0; http://www.uptimerobot.com/)"
180.76.15.156 - - [07/May/2018:01:59:14 -0400] "GET /modules/field/theme/field.css?nhfa6e HTTP/1.1" 200 4252 "-" "Mozilla/5.0 (compatible; Baiduspider/2.0; +http://www.baidu.com/search/spider.html)"
216.244.66.200 - - [07/May/2018:02:00:03 -0400] "GET /robots.txt HTTP/1.1" 200 5796 "-" "Mozilla/5.0 (compatible; DotBot/1.1; http://www.opensiteexplorer.org/dotbot, help@moz.com)"
199.16.157.180 - - [07/May/2018:02:00:22 -0400] "GET /robots.txt HTTP/1.1" 200 5699 "-" "Twitterbot/1.0"
199.16.157.181 - - [07/May/2018:02:00:22 -0400] "GET /robots.txt HTTP/1.1" 200 5699 "-" "Twitterbot/1.0"
41.212.96.80 - - [07/May/2018:02:02:09 -0400] "GET /wp-login.php HTTP/1.1" 404 7839 "-" "Mozilla/5.0 (Windows NT 6.1; WOW64; rv:40.0) Gecko/20100101 Firefox/40.1"
41.212.96.80 - - [07/May/2018:02:02:10 -0400] "GET / HTTP/1.1" 200 8218 "-" "Mozilla/5.0 (Windows NT 6.1; WOW64; rv:40.0) Gecko/20100101 Firefox/40.1"
69.162.124.227 - - [07/May/2018:02:02:34 -0400] "HEAD / HTTP/1.1" 200 3874 "http://nspw.org/" "Mozilla/5.0+(compatible; UptimeRobot/2.0; http://www.uptimerobot.com/)"
111.88.215.8 - - [07/May/2018:02:03:08 -0400] "GET /wp-login.php HTTP/1.1" 404 7839 "-" "Mozilla/5.0 (Windows NT 6.1; WOW64; rv:40.0) Gecko/20100101 Firefox/40.1"
111.88.215.8 - - [07/May/2018:02:03:10 -0400] "GET / HTTP/1.1" 200 8218 "-" "Mozilla/5.0 (Windows NT 6.1; WOW64; rv:40.0) Gecko/20100101 Firefox/40.1"
128.114.228.215 - - [07/May/2018:02:03:58 -0400] "GET /current/ HTTP/1.1" 200 6724 "-" "Mozilla/5.0 (iPad; CPU OS 11_3 like Mac OS X) AppleWebKit/605.1.15 (KHTML, like Gecko) Version/11.0 Mobile/15E148 Safari/604.1"
128.114.228.215 - - [07/May/2018:02:04:03 -0400] "GET /apple-touch-icon-152x152-precomposed.png HTTP/1.1" 404 3943 "-" "MobileSafari/604.1 CFNetwork/897.15 Darwin/17.5.0"
128.114.228.215 - - [07/May/2018:02:04:03 -0400] "GET /apple-touch-icon-152x152.png HTTP/1.1" 404 717 "-" "MobileSafari/604.1 CFNetwork/897.15 Darwin/17.5.0"
128.114.228.215 - - [07/May/2018:02:04:03 -0400] "GET /apple-touch-icon-precomposed.png HTTP/1.1" 404 721 "-" "MobileSafari/604.1 CFNetwork/897.15 Darwin/17.5.0"
128.114.228.215 - - [07/May/2018:02:04:03 -0400] "GET /apple-touch-icon.png HTTP/1.1" 404 709 "-" "MobileSafari/604.1 CFNetwork/897.15 Darwin/17.5.0"
128.114.228.215 - - [07/May/2018:02:04:03 -0400] "GET /favicon.ico HTTP/1.1" 404 700 "-" "MobileSafari/604.1 CFNetwork/897.15 Darwin/17.5.0"
128.114.228.215 - - [07/May/2018:02:04:03 -0400] "GET /apple-touch-icon-152x152-precomposed.png HTTP/1.1" 404 729 "-" "MobileSafari/604.1 CFNetwork/897.15 Darwin/17.5.0"
128.114.228.215 - - [07/May/2018:02:04:04 -0400] "GET /apple-touch-icon-152x152.png HTTP/1.1" 404 717 "-" "MobileSafari/604.1 CFNetwork/897.15 Darwin/17.5.0"
128.114.228.215 - - [07/May/2018:02:04:04 -0400] "GET /apple-touch-icon-precomposed.png HTTP/1.1" 404 721 "-" "MobileSafari/604.1 CFNetwork/897.15 Darwin/17.5.0"
128.114.228.215 - - [07/May/2018:02:04:04 -0400] "GET /apple-touch-icon.png HTTP/1.1" 404 709 "-" "MobileSafari/604.1 CFNetwork/897.15 Darwin/17.5.0"
128.114.228.215 - - [07/May/2018:02:04:04 -0400] "GET /favicon.ico HTTP/1.1" 404 700 "-" "MobileSafari/604.1 CFNetwork/897.15 Darwin/17.5.0"
88.198.90.9 - - [07/May/2018:02:04:06 -0400] "GET /papers/2008/nspw2008-shirley.pdf HTTP/1.1" 200 558820 "-" "Mozilla/5.0 (Windows NT 10.0; Win64; x64) AppleWebKit/537.36 (KHTML, like Gecko) Chrome/63.0.3239.132 Safari/537.36 OPR/50.0.2762.58"
157.48.37.216 - - [07/May/2018:02:04:49 -0400] "GET /wp-login.php HTTP/1.1" 404 7839 "-" "Mozilla/5.0 (Windows NT 6.1; WOW64; rv:40.0) Gecko/20100101 Firefox/40.1"
157.48.37.216 - - [07/May/2018:02:04:50 -0400] "GET / HTTP/1.1" 200 8218 "-" "Mozilla/5.0 (Windows NT 6.1; WOW64; rv:40.0) Gecko/20100101 Firefox/40.1"
77.88.47.40 - - [07/May/2018:02:04:53 -0400] "GET /robots.txt HTTP/1.1" 200 5979 "-" "Mozilla/5.0 (compatible; YandexBot/3.0; +http://yandex.com/bots)"
77.88.47.40 - - [07/May/2018:02:04:56 -0400] "GET /proceedings/2013 HTTP/1.1" 200 3708 "-" "Mozilla/5.0 (compatible; YandexBot/3.0; +http://yandex.com/bots)"
77.88.47.40 - - [07/May/2018:02:05:56 -0400] "GET /2003/papers.shtml HTTP/1.1" 200 4833 "-" "Mozilla/5.0 (compatible; YandexBot/3.0; +http://yandex.com/bots)"
182.187.36.61 - - [07/May/2018:02:07:02 -0400] "GET /wp-login.php HTTP/1.1" 404 7985 "-" "Mozilla/5.0 (Windows NT 6.1; WOW64; rv:40.0) Gecko/20100101 Firefox/40.1"
182.187.36.61 - - [07/May/2018:02:07:03 -0400] "GET / HTTP/1.1" 200 8206 "-" "Mozilla/5.0 (Windows NT 6.1; WOW64; rv:40.0) Gecko/20100101 Firefox/40.1"
77.88.47.40 - - [07/May/2018:02:07:29 -0400] "GET /2006/program.shtml HTTP/1.1" 200 6302 "-" "Mozilla/5.0 (compatible; YandexBot/3.0; +http://yandex.com/bots)"
216.244.66.200 - - [07/May/2018:02:09:32 -0400] "GET /robots.txt HTTP/1.1" 200 5796 "-" "Mozilla/5.0 (compatible; DotBot/1.1; http://www.opensiteexplorer.org/dotbot, help@moz.com)"
69.162.124.227 - - [07/May/2018:02:09:52 -0400] "HEAD / HTTP/1.1" 200 3874 "http://nspw.org/" "Mozilla/5.0+(compatible; UptimeRobot/2.0; http://www.uptimerobot.com/)"
77.88.47.40 - - [07/May/2018:02:10:36 -0400] "GET /papers/2004/nspw2004-flinn.pdf HTTP/1.1" 200 246251 "-" "Mozilla/5.0 (compatible; YandexBot/3.0; +http://yandex.com/bots)"
223.30.5.13 - - [07/May/2018:02:11:18 -0400] "GET / HTTP/1.1" 200 6709 "https://www.google.com/" "Mozilla/5.0 (Windows NT 6.1; Win64; x64) AppleWebKit/537.36 (KHTML, like Gecko) Chrome/66.0.3359.139 Safari/537.36"
223.30.5.13 - - [07/May/2018:02:11:19 -0400] "GET /modules/system/system.base.css?p7r9uw HTTP/1.1" 200 2351 "-" "Mozilla/5.0 (Windows NT 6.1; Win64; x64) AppleWebKit/537.36 (KHTML, like Gecko) Chrome/66.0.3359.139 Safari/537.36"
125.17.149.194 - - [07/May/2018:02:11:19 -0400] "GET /modules/system/system.menus.css?p7r9uw HTTP/1.1" 200 4491 "-" "Mozilla/5.0 (Windows NT 6.1; Win64; x64) AppleWebKit/537.36 (KHTML, like Gecko) Chrome/66.0.3359.139 Safari/537.36"
125.17.149.194 - - [07/May/2018:02:11:19 -0400] "GET /modules/system/system.messages.css?p7r9uw HTTP/1.1" 200 773 "-" "Mozilla/5.0 (Windows NT 6.1; Win64; x64) AppleWebKit/537.36 (KHTML, like Gecko) Chrome/66.0.3359.139 Safari/537.36"
223.30.5.13 - - [07/May/2018:02:11:19 -0400] "GET /modules/system/system.theme.css?p7r9uw HTTP/1.1" 200 1605 "-" "Mozilla/5.0 (Windows NT 6.1; Win64; x64) AppleWebKit/537.36 (KHTML, like Gecko) Chrome/66.0.3359.139 Safari/537.36"
125.17.149.194 - - [07/May/2018:02:11:19 -0400] "GET /modules/comment/comment.css?p7r9uw HTTP/1.1" 200 533 "-" "Mozilla/5.0 (Windows NT 6.1; Win64; x64) AppleWebKit/537.36 (KHTML, like Gecko) Chrome/66.0.3359.139 Safari/537.36"
223.30.5.13 - - [07/May/2018:02:11:19 -0400] "GET /modules/field/theme/field.css?p7r9uw HTTP/1.1" 200 613 "-" "Mozilla/5.0 (Windows NT 6.1; Win64; x64) AppleWebKit/537.36 (KHTML, like Gecko) Chrome/66.0.3359.139 Safari/537.36"
223.30.5.13 - - [07/May/2018:02:11:19 -0400] "GET /modules/node/node.css?p7r9uw HTTP/1.1" 200 3947 "-" "Mozilla/5.0 (Windows NT 6.1; Win64; x64) AppleWebKit/537.36 (KHTML, like Gecko) Chrome/66.0.3359.139 Safari/537.36"
125.17.149.194 - - [07/May/2018:02:11:20 -0400] "GET /modules/user/user.css?p7r9uw HTTP/1.1" 200 4523 "-" "Mozilla/5.0 (Windows NT 6.1; Win64; x64) AppleWebKit/537.36 (KHTML, like Gecko) Chrome/66.0.3359.139 Safari/537.36"
125.17.149.194 - - [07/May/2018:02:11:20 -0400] "GET /themes/garland/style.css?p7r9uw HTTP/1.1" 200 8885 "-" "Mozilla/5.0 (Windows NT 6.1; Win64; x64) AppleWebKit/537.36 (KHTML, like Gecko) Chrome/66.0.3359.139 Safari/537.36"
125.17.149.194 - - [07/May/2018:02:11:20 -0400] "GET /themes/garland/print.css?p7r9uw HTTP/1.1" 200 4235 "-" "Mozilla/5.0 (Windows NT 6.1; Win64; x64) AppleWebKit/537.36 (KHTML, like Gecko) Chrome/66.0.3359.139 Safari/537.36"
223.30.5.13 - - [07/May/2018:02:11:20 -0400] "GET /misc/jquery.once.js?v=1.2 HTTP/1.1" 200 1461 "https://www.nspw.org/" "Mozilla/5.0 (Windows NT 6.1; Win64; x64) AppleWebKit/537.36 (KHTML, like Gecko) Chrome/66.0.3359.139 Safari/537.36"
125.17.149.194 - - [07/May/2018:02:11:20 -0400] "GET /misc/jquery.js?v=1.4.4 HTTP/1.1" 200 27726 "https://www.nspw.org/" "Mozilla/5.0 (Windows NT 6.1; Win64; x64) AppleWebKit/537.36 (KHTML, like Gecko) Chrome/66.0.3359.139 Safari/537.36"
223.30.5.13 - - [07/May/2018:02:11:20 -0400] "GET /misc/drupal.js?p7r9uw HTTP/1.1" 200 7423 "https://www.nspw.org/" "Mozilla/5.0 (Windows NT 6.1; Win64; x64) AppleWebKit/537.36 (KHTML, like Gecko) Chrome/66.0.3359.139 Safari/537.36"
223.30.5.13 - - [07/May/2018:02:11:20 -0400] "GET /sites/default/files/nspw-logo-smaller.jpg HTTP/1.1" 200 2586 "https://www.nspw.org/" "Mozilla/5.0 (Windows NT 6.1; Win64; x64) AppleWebKit/537.36 (KHTML, like Gecko) Chrome/66.0.3359.139 Safari/537.36"
223.30.5.13 - - [07/May/2018:02:11:21 -0400] "GET /themes/garland/images/bg-content.png HTTP/1.1" 200 821 "https://www.nspw.org/themes/garland/style.css?p7r9uw" "Mozilla/5.0 (Windows NT 6.1; Win64; x64) AppleWebKit/537.36 (KHTML, like Gecko) Chrome/66.0.3359.139 Safari/537.36"
125.17.149.194 - - [07/May/2018:02:11:21 -0400] "GET /themes/garland/images/body.png HTTP/1.1" 200 1013 "https://www.nspw.org/themes/garland/style.css?p7r9uw" "Mozilla/5.0 (Windows NT 6.1; Win64; x64) AppleWebKit/537.36 (KHTML, like Gecko) Chrome/66.0.3359.139 Safari/537.36"
125.17.149.194 - - [07/May/2018:02:11:21 -0400] "GET /themes/garland/images/bg-content-left.png HTTP/1.1" 200 3274 "https://www.nspw.org/themes/garland/style.css?p7r9uw" "Mozilla/5.0 (Windows NT 6.1; Win64; x64) AppleWebKit/537.36 (KHTML, like Gecko) Chrome/66.0.3359.139 Safari/537.36"
125.17.149.194 - - [07/May/2018:02:11:21 -0400] "GET /themes/garland/images/bg-content-right.png HTTP/1.1" 200 3210 "https://www.nspw.org/themes/garland/style.css?p7r9uw" "Mozilla/5.0 (Windows NT 6.1; Win64; x64) AppleWebKit/537.36 (KHTML, like Gecko) Chrome/66.0.3359.139 Safari/537.36"
125.17.149.194 - - [07/May/2018:02:11:21 -0400] "GET /themes/garland/images/menu-leaf.gif HTTP/1.1" 200 501 "https://www.nspw.org/themes/garland/style.css?p7r9uw" "Mozilla/5.0 (Windows NT 6.1; Win64; x64) AppleWebKit/537.36 (KHTML, like Gecko) Chrome/66.0.3359.139 Safari/537.36"
223.30.5.13 - - [07/May/2018:02:11:21 -0400] "GET /themes/garland/images/bg-navigation-item-hover.png HTTP/1.1" 200 773 "https://www.nspw.org/themes/garland/style.css?p7r9uw" "Mozilla/5.0 (Windows NT 6.1; Win64; x64) AppleWebKit/537.36 (KHTML, like Gecko) Chrome/66.0.3359.139 Safari/537.36"
223.30.5.13 - - [07/May/2018:02:11:21 -0400] "GET /themes/garland/images/menu-expanded.gif HTTP/1.1" 200 517 "https://www.nspw.org/themes/garland/style.css?p7r9uw" "Mozilla/5.0 (Windows NT 6.1; Win64; x64) AppleWebKit/537.36 (KHTML, like Gecko) Chrome/66.0.3359.139 Safari/537.36"
125.17.149.194 - - [07/May/2018:02:11:21 -0400] "GET /themes/garland/images/menu-collapsed.gif HTTP/1.1" 200 501 "https://www.nspw.org/themes/garland/style.css?p7r9uw" "Mozilla/5.0 (Windows NT 6.1; Win64; x64) AppleWebKit/537.36 (KHTML, like Gecko) Chrome/66.0.3359.139 Safari/537.36"
125.17.149.194 - - [07/May/2018:02:11:21 -0400] "GET /themes/garland/images/bg-navigation-item.png HTTP/1.1" 200 837 "https://www.nspw.org/themes/garland/style.css?p7r9uw" "Mozilla/5.0 (Windows NT 6.1; Win64; x64) AppleWebKit/537.36 (KHTML, like Gecko) Chrome/66.0.3359.139 Safari/537.36"
125.17.149.194 - - [07/May/2018:02:11:21 -0400] "GET /favicon.ico HTTP/1.1" 404 725 "https://www.nspw.org/" "Mozilla/5.0 (Windows NT 6.1; Win64; x64) AppleWebKit/537.36 (KHTML, like Gecko) Chrome/66.0.3359.139 Safari/537.36"
69.162.124.227 - - [07/May/2018:02:14:52 -0400] "HEAD / HTTP/1.1" 200 3874 "http://nspw.org/" "Mozilla/5.0+(compatible; UptimeRobot/2.0; http://www.uptimerobot.com/)"
192.95.30.29 - - [07/May/2018:02:16:47 -0400] "GET /sites/default/files/info.php HTTP/1.0" 404 8064 "-" "Mozilla/5.0 (Windows NT 6.1; Win64; x64) AppleWebKit/537.36 (KHTML, like Gecko) Chrome/62.0.3202.94 Safari/537.36"
192.95.30.29 - - [07/May/2018:02:16:48 -0400] "GET /sites/default/files/info.php HTTP/1.0" 404 8064 "-" "Mozilla/5.0 (Windows NT 6.1; Win64; x64) AppleWebKit/537.36 (KHTML, like Gecko) Chrome/62.0.3202.94 Safari/537.36"
66.249.64.215 - - [07/May/2018:02:17:54 -0400] "GET /favicon.ico HTTP/1.1" 404 4094 "-" "Googlebot-Image/1.0"
77.88.47.40 - - [07/May/2018:02:19:00 -0400] "GET /2002/past.content HTTP/1.1" 200 5126 "-" "Mozilla/5.0 (compatible; YandexBot/3.0; +http://yandex.com/bots)"
69.162.124.227 - - [07/May/2018:02:19:52 -0400] "HEAD / HTTP/1.1" 200 3874 "http://nspw.org/" "Mozilla/5.0+(compatible; UptimeRobot/2.0; http://www.uptimerobot.com/)"
66.102.6.201 - - [07/May/2018:02:23:38 -0400] "GET / HTTP/1.1" 200 6603 "-" "Mozilla/5.0 (X11; Linux x86_64) AppleWebKit/537.36 (KHTML, like Gecko) Chrome/49.0.2623.75 Safari/537.36 Google Favicon"
66.102.6.197 - - [07/May/2018:02:23:38 -0400] "GET /favicon.ico HTTP/1.1" 404 4094 "-" "Mozilla/5.0 (X11; Linux x86_64) AppleWebKit/537.36 (KHTML, like Gecko) Chrome/49.0.2623.75 Safari/537.36 Google Favicon"
