66.249.64.217 - - [08/May/2018:08:54:38 -0400] "GET /papers/2011/nspw2011-du.pdf HTTP/1.1" 200 658178 "-" "Mozilla/5.0 (compatible; Googlebot/2.1; +http://www.google.com/bot.html)"
69.162.124.227 - - [08/May/2018:08:54:58 -0400] "HEAD / HTTP/1.1" 200 3874 "http://nspw.org/" "Mozilla/5.0+(compatible; UptimeRobot/2.0; http://www.uptimerobot.com/)"
109.67.228.93 - - [08/May/2018:08:56:47 -0400] "GET /wp-login.php HTTP/1.1" 404 7839 "-" "Mozilla/5.0 (Windows NT 6.1; WOW64; rv:40.0) Gecko/20100101 Firefox/40.1"
109.67.228.93 - - [08/May/2018:08:56:48 -0400] "GET / HTTP/1.1" 200 8218 "-" "Mozilla/5.0 (Windows NT 6.1; WOW64; rv:40.0) Gecko/20100101 Firefox/40.1"
182.185.251.138 - - [08/May/2018:08:58:48 -0400] "GET /wp-login.php HTTP/1.1" 404 7985 "-" "Mozilla/5.0 (Windows NT 6.1; WOW64; rv:40.0) Gecko/20100101 Firefox/40.1"
182.185.251.138 - - [08/May/2018:08:58:49 -0400] "GET / HTTP/1.1" 200 8206 "-" "Mozilla/5.0 (Windows NT 6.1; WOW64; rv:40.0) Gecko/20100101 Firefox/40.1"
157.50.67.103 - - [08/May/2018:08:59:53 -0400] "GET /wp-login.php HTTP/1.1" 404 7839 "-" "Mozilla/5.0 (Windows NT 6.1; WOW64; rv:40.0) Gecko/20100101 Firefox/40.1"
157.50.67.103 - - [08/May/2018:08:59:54 -0400] "GET / HTTP/1.1" 200 8218 "-" "Mozilla/5.0 (Windows NT 6.1; WOW64; rv:40.0) Gecko/20100101 Firefox/40.1"
69.162.124.227 - - [08/May/2018:08:59:59 -0400] "HEAD / HTTP/1.1" 200 3874 "http://nspw.org/" "Mozilla/5.0+(compatible; UptimeRobot/2.0; http://www.uptimerobot.com/)"
46.229.173.66 - - [08/May/2018:09:00:18 -0400] "GET /robots.txt HTTP/1.1" 200 5937 "-" "Mozilla/5.0 (compatible; Googlebot/2.1; +http://www.google.com/bot.html)"
207.46.13.175 - - [08/May/2018:09:02:57 -0400] "GET /papers/2014-pre/edwards-nspw2014pre.pdf HTTP/1.1" 404 8547 "-" "Mozilla/5.0 (iPhone; CPU iPhone OS 7_0 like Mac OS X) AppleWebKit/537.51.1 (KHTML, like Gecko) Version/7.0 Mobile/11A465 Safari/9537.53 (compatible; bingbot/2.0; +http://www.bing.com/bingbot.htm)"
77.88.47.40 - - [08/May/2018:09:02:26 -0400] "GET /papers/2000/nspw2000-marceau.pdf HTTP/1.1" 200 1076711 "-" "Mozilla/5.0 (compatible; YandexBot/3.0; +http://yandex.com/bots)"
103.78.159.61 - - [08/May/2018:09:03:52 -0400] "GET /wp-login.php HTTP/1.1" 404 7491 "-" "Mozilla/5.0 (Windows NT 6.1; WOW64; rv:40.0) Gecko/20100101 Firefox/40.1"
103.78.159.61 - - [08/May/2018:09:03:55 -0400] "GET / HTTP/1.1" 200 8218 "-" "Mozilla/5.0 (Windows NT 6.1; WOW64; rv:40.0) Gecko/20100101 Firefox/40.1"
5.255.250.67 - - [08/May/2018:09:03:39 -0400] "GET /papers/2000/nspw2000-irvine.pdf HTTP/1.1" 200 689509 "-" "Mozilla/5.0 (compatible; YandexBot/3.0; +http://yandex.com/bots)"
69.162.124.227 - - [08/May/2018:09:04:58 -0400] "HEAD / HTTP/1.1" 200 3874 "http://nspw.org/" "Mozilla/5.0+(compatible; UptimeRobot/2.0; http://www.uptimerobot.com/)"
216.244.66.236 - - [08/May/2018:09:05:04 -0400] "GET /robots.txt HTTP/1.1" 200 5796 "-" "Mozilla/5.0 (compatible; DotBot/1.1; http://www.opensiteexplorer.org/dotbot, help@moz.com)"
37.192.36.122 - - [08/May/2018:09:05:29 -0400] "GET /wp-login.php HTTP/1.1" 404 7839 "-" "Mozilla/5.0 (Windows NT 6.1; WOW64; rv:40.0) Gecko/20100101 Firefox/40.1"
37.192.36.122 - - [08/May/2018:09:05:30 -0400] "GET / HTTP/1.1" 200 8218 "-" "Mozilla/5.0 (Windows NT 6.1; WOW64; rv:40.0) Gecko/20100101 Firefox/40.1"
66.249.64.215 - - [08/May/2018:09:07:04 -0400] "GET /papers/2011/nspw2011-locasto.pdf HTTP/1.1" 200 555120 "-" "Mozilla/5.0 (compatible; Googlebot/2.1; +http://www.google.com/bot.html)"
216.244.66.236 - - [08/May/2018:09:07:30 -0400] "GET /2009/proceedings/1993/nspw1993-hosmer.pdf HTTP/1.1" 200 1025561 "-" "Mozilla/5.0 (compatible; DotBot/1.1; http://www.opensiteexplorer.org/dotbot, help@moz.com)"
77.88.47.40 - - [08/May/2018:09:03:20 -0400] "GET /papers/2000/nspw2000-irvine.pdf HTTP/1.1" 200 160770 "-" "Mozilla/5.0 (compatible; YandexBot/3.0; +http://yandex.com/bots)"
77.88.47.40 - - [08/May/2018:09:03:27 -0400] "GET /papers/2000/nspw2000-schudel.pdf HTTP/1.1" 200 52352 "-" "Mozilla/5.0 (compatible; YandexBot/3.0; +http://yandex.com/bots)"
157.55.39.87 - - [08/May/2018:09:08:08 -0400] "GET /papers/2011/nspw2011-du.pdf HTTP/1.1" 200 658653 "-" "Mozilla/5.0 (iPhone; CPU iPhone OS 7_0 like Mac OS X) AppleWebKit/537.51.1 (KHTML, like Gecko) Version/7.0 Mobile/11A465 Safari/9537.53 (compatible; bingbot/2.0; +http://www.bing.com/bingbot.htm)"
77.88.47.40 - - [08/May/2018:09:04:20 -0400] "GET /papers/2000/nspw2000-schudel.pdf HTTP/1.1" 200 141824 "-" "Mozilla/5.0 (compatible; YandexBot/3.0; +http://yandex.com/bots)"
105.100.30.25 - - [08/May/2018:09:09:31 -0400] "GET /wp-login.php HTTP/1.1" 404 7839 "-" "Mozilla/5.0 (Windows NT 6.1; WOW64; rv:40.0) Gecko/20100101 Firefox/40.1"
5.255.250.67 - - [08/May/2018:09:04:31 -0400] "GET /papers/2000/nspw2000-perrine.pdf HTTP/1.1" 200 52352 "-" "Mozilla/5.0 (compatible; YandexBot/3.0; +http://yandex.com/bots)"
105.100.30.25 - - [08/May/2018:09:09:32 -0400] "GET / HTTP/1.1" 200 8218 "-" "Mozilla/5.0 (Windows NT 6.1; WOW64; rv:40.0) Gecko/20100101 Firefox/40.1"
5.255.250.67 - - [08/May/2018:09:04:34 -0400] "GET /papers/2000/nspw2000-olthoff.pdf HTTP/1.1" 200 52352 "-" "Mozilla/5.0 (compatible; YandexBot/3.0; +http://yandex.com/bots)"
69.162.124.227 - - [08/May/2018:09:09:58 -0400] "HEAD / HTTP/1.1" 200 3874 "http://nspw.org/" "Mozilla/5.0+(compatible; UptimeRobot/2.0; http://www.uptimerobot.com/)"
59.95.5.127 - - [08/May/2018:09:11:52 -0400] "GET /wp-login.php HTTP/1.1" 404 7484 "-" "Mozilla/5.0 (Windows NT 6.1; WOW64; rv:40.0) Gecko/20100101 Firefox/40.1"
59.95.5.127 - - [08/May/2018:09:11:57 -0400] "GET / HTTP/1.1" 200 8218 "-" "Mozilla/5.0 (Windows NT 6.1; WOW64; rv:40.0) Gecko/20100101 Firefox/40.1"
181.44.137.208 - - [08/May/2018:09:12:33 -0400] "GET /wp-login.php HTTP/1.1" 404 7491 "-" "Mozilla/5.0 (Windows NT 6.1; WOW64; rv:40.0) Gecko/20100101 Firefox/40.1"
181.44.137.208 - - [08/May/2018:09:12:34 -0400] "GET / HTTP/1.1" 200 8218 "-" "Mozilla/5.0 (Windows NT 6.1; WOW64; rv:40.0) Gecko/20100101 Firefox/40.1"
31.10.163.208 - - [08/May/2018:09:14:47 -0400] "GET /wp-login.php HTTP/1.1" 404 7985 "-" "Mozilla/5.0 (Windows NT 6.1; WOW64; rv:40.0) Gecko/20100101 Firefox/40.1"
31.10.163.208 - - [08/May/2018:09:14:48 -0400] "GET / HTTP/1.1" 200 8206 "-" "Mozilla/5.0 (Windows NT 6.1; WOW64; rv:40.0) Gecko/20100101 Firefox/40.1"
13.56.232.243 - - [08/May/2018:09:14:51 -0400] "GET / HTTP/1.1" 200 6384 "http://www.nspw.org/" "Mozilla/5.0 (Macintosh; Intel Mac OS X 10_12_6) AppleWebKit/537.36 (KHTML, like Gecko) Chrome/61.0.3163.100 Safari/537.36"
69.162.124.227 - - [08/May/2018:09:14:58 -0400] "HEAD / HTTP/1.1" 200 3874 "http://nspw.org/" "Mozilla/5.0+(compatible; UptimeRobot/2.0; http://www.uptimerobot.com/)"
207.46.13.175 - - [08/May/2018:09:15:07 -0400] "GET /2009/proceedings/1999/nspw1999-lipson.pdf HTTP/1.1" 200 653751 "-" "Mozilla/5.0 (compatible; bingbot/2.0; +http://www.bing.com/bingbot.htm)"
14.172.163.17 - - [08/May/2018:09:17:19 -0400] "GET /wp-login.php HTTP/1.1" 404 7782 "-" "Mozilla/5.0 (Windows NT 6.1; WOW64; rv:40.0) Gecko/20100101 Firefox/40.1"
14.172.163.17 - - [08/May/2018:09:17:22 -0400] "GET / HTTP/1.1" 200 8266 "-" "Mozilla/5.0 (Windows NT 6.1; WOW64; rv:40.0) Gecko/20100101 Firefox/40.1"
223.218.104.68 - - [08/May/2018:09:17:47 -0400] "GET / HTTP/1.1" 200 6622 "-" "Mozilla/5.0 (Macintosh; Intel Mac OS X 10_13_4) AppleWebKit/537.36 (KHTML, like Gecko) Chrome/66.0.3359.139 Safari/537.36"
49.207.55.175 - - [08/May/2018:09:18:26 -0400] "GET /wp-login.php HTTP/1.1" 404 7985 "-" "Mozilla/5.0 (Windows NT 6.1; WOW64; rv:40.0) Gecko/20100101 Firefox/40.1"
49.207.55.175 - - [08/May/2018:09:18:26 -0400] "GET / HTTP/1.1" 200 8206 "-" "Mozilla/5.0 (Windows NT 6.1; WOW64; rv:40.0) Gecko/20100101 Firefox/40.1"
41.209.113.241 - - [08/May/2018:09:18:55 -0400] "GET /wp-login.php HTTP/1.1" 404 7839 "-" "Mozilla/5.0 (Windows NT 6.1; WOW64; rv:40.0) Gecko/20100101 Firefox/40.1"
41.209.113.241 - - [08/May/2018:09:18:56 -0400] "GET / HTTP/1.1" 200 8218 "-" "Mozilla/5.0 (Windows NT 6.1; WOW64; rv:40.0) Gecko/20100101 Firefox/40.1"
207.46.13.162 - - [08/May/2018:09:18:57 -0400] "GET / HTTP/1.1" 200 7082 "-" "Mozilla/5.0 (compatible; bingbot/2.0; +http://www.bing.com/bingbot.htm)"
66.249.64.219 - - [08/May/2018:09:19:29 -0400] "GET /2000/pc.html HTTP/1.1" 200 5221 "-" "Mozilla/5.0 (compatible; Googlebot/2.1; +http://www.google.com/bot.html)"
69.162.124.227 - - [08/May/2018:09:19:58 -0400] "HEAD / HTTP/1.1" 200 3874 "http://nspw.org/" "Mozilla/5.0+(compatible; UptimeRobot/2.0; http://www.uptimerobot.com/)"
180.76.15.163 - - [08/May/2018:09:20:55 -0400] "GET /papers/1994/nspw1994-essin.pdf HTTP/1.1" 200 933613 "-" "Mozilla/5.0 (compatible; Baiduspider/2.0; +http://www.baidu.com/search/spider.html)"
66.249.83.92 - - [08/May/2018:09:24:16 -0400] "GET / HTTP/1.1" 200 6606 "-" "Mozilla/5.0 (X11; Linux x86_64) AppleWebKit/537.36 (KHTML, like Gecko) Chrome/49.0.2623.75 Safari/537.36 Google Favicon"
66.249.83.92 - - [08/May/2018:09:24:16 -0400] "GET /favicon.ico HTTP/1.1" 404 700 "-" "Mozilla/5.0 (X11; Linux x86_64) AppleWebKit/537.36 (KHTML, like Gecko) Chrome/49.0.2623.75 Safari/537.36 Google Favicon"
69.162.124.227 - - [08/May/2018:09:24:58 -0400] "HEAD / HTTP/1.1" 200 3874 "http://nspw.org/" "Mozilla/5.0+(compatible; UptimeRobot/2.0; http://www.uptimerobot.com/)"
199.16.157.181 - - [08/May/2018:09:26:06 -0400] "GET /robots.txt HTTP/1.1" 200 5699 "-" "Twitterbot/1.0"
199.16.157.180 - - [08/May/2018:09:26:06 -0400] "GET /robots.txt HTTP/1.1" 200 5699 "-" "Twitterbot/1.0"
220.181.125.142 - - [08/May/2018:09:26:54 -0400] "GET / HTTP/1.1" 200 6667 "-" "Sogou web spider/4.0(+http://www.sogou.com/docs/help/webmasters.htm#07)"
220.181.125.142 - - [08/May/2018:09:27:06 -0400] "GET /2006/ HTTP/1.1" 200 5408 "-" "Sogou web spider/4.0(+http://www.sogou.com/docs/help/webmasters.htm#07)"
220.181.125.142 - - [08/May/2018:09:27:14 -0400] "GET /papers/2009/nspw2009-misra.pdf HTTP/1.1" 200 432815 "-" "Sogou web spider/4.0(+http://www.sogou.com/docs/help/webmasters.htm#07)"
220.181.125.142 - - [08/May/2018:09:27:24 -0400] "GET /papers/2002/nspw2002-inoue.pdf HTTP/1.1" 200 872560 "-" "Sogou web spider/4.0(+http://www.sogou.com/docs/help/webmasters.htm#07)"
216.244.66.236 - - [08/May/2018:09:28:40 -0400] "GET /robots.txt HTTP/1.1" 200 5796 "-" "Mozilla/5.0 (compatible; DotBot/1.1; http://www.opensiteexplorer.org/dotbot, help@moz.com)"
103.30.143.188 - - [08/May/2018:09:28:50 -0400] "GET /wp-login.php HTTP/1.1" 404 7491 "-" "Mozilla/5.0 (Windows NT 6.1; WOW64; rv:40.0) Gecko/20100101 Firefox/40.1"
103.30.143.188 - - [08/May/2018:09:28:52 -0400] "GET / HTTP/1.1" 200 8218 "-" "Mozilla/5.0 (Windows NT 6.1; WOW64; rv:40.0) Gecko/20100101 Firefox/40.1"
93.40.196.142 - - [08/May/2018:09:29:12 -0400] "GET /wp-login.php HTTP/1.1" 404 8176 "-" "Mozilla/5.0 (Windows NT 6.1; WOW64; rv:40.0) Gecko/20100101 Firefox/40.1"
93.40.196.142 - - [08/May/2018:09:29:12 -0400] "GET / HTTP/1.1" 200 8298 "-" "Mozilla/5.0 (Windows NT 6.1; WOW64; rv:40.0) Gecko/20100101 Firefox/40.1"
69.162.124.227 - - [08/May/2018:09:29:58 -0400] "HEAD / HTTP/1.1" 200 3874 "http://nspw.org/" "Mozilla/5.0+(compatible; UptimeRobot/2.0; http://www.uptimerobot.com/)"
66.249.64.219 - - [08/May/2018:09:31:56 -0400] "GET /cfp/nspw2012-cfp.pdf HTTP/1.1" 200 51448 "-" "Mozilla/5.0 (compatible; Googlebot/2.1; +http://www.google.com/bot.html)"
220.181.125.142 - - [08/May/2018:09:32:41 -0400] "GET /2011 HTTP/1.1" 200 6983 "-" "Sogou web spider/4.0(+http://www.sogou.com/docs/help/webmasters.htm#07)"
220.181.125.142 - - [08/May/2018:09:32:52 -0400] "GET /papers/1999/nspw1999-markham.pdf HTTP/1.1" 304 3665 "-" "Sogou web spider/4.0(+http://www.sogou.com/docs/help/webmasters.htm#07)"
69.162.124.227 - - [08/May/2018:09:34:58 -0400] "HEAD / HTTP/1.1" 200 3874 "http://nspw.org/" "Mozilla/5.0+(compatible; UptimeRobot/2.0; http://www.uptimerobot.com/)"
207.46.13.162 - - [08/May/2018:09:35:18 -0400] "GET /papers/1993/nspw1993-dobson.pdf HTTP/1.1" 200 1283662 "-" "Mozilla/5.0 (iPhone; CPU iPhone OS 7_0 like Mac OS X) AppleWebKit/537.51.1 (KHTML, like Gecko) Version/7.0 Mobile/11A465 Safari/9537.53 (compatible; bingbot/2.0; +http://www.bing.com/bingbot.htm)"
91.138.150.237 - - [08/May/2018:09:37:30 -0400] "GET /wp-login.php HTTP/1.1" 404 7985 "-" "Mozilla/5.0 (Windows NT 6.1; WOW64; rv:40.0) Gecko/20100101 Firefox/40.1"
91.138.150.237 - - [08/May/2018:09:37:31 -0400] "GET / HTTP/1.1" 200 8206 "-" "Mozilla/5.0 (Windows NT 6.1; WOW64; rv:40.0) Gecko/20100101 Firefox/40.1"
66.248.165.132 - - [08/May/2018:09:37:48 -0400] "GET /wp-login.php HTTP/1.1" 404 7839 "-" "Mozilla/5.0 (Windows NT 6.1; WOW64; rv:40.0) Gecko/20100101 Firefox/40.1"
66.248.165.132 - - [08/May/2018:09:37:49 -0400] "GET / HTTP/1.1" 200 8218 "-" "Mozilla/5.0 (Windows NT 6.1; WOW64; rv:40.0) Gecko/20100101 Firefox/40.1"
82.109.66.147 - - [08/May/2018:09:38:39 -0400] "GET /proceedings/2009 HTTP/1.1" 200 14067 "http://barrington.cranfield.ac.uk/technology/pages/the-human-dimension-1" "Mozilla/5.0 (Windows NT 6.1; WOW64) AppleWebKit/537.36 (KHTML, like Gecko) Chrome/50.0.2661.94 Safari/537.36"
82.109.66.147 - - [08/May/2018:09:38:41 -0400] "GET /modules/system/system.base.css?p7r9uw HTTP/1.1" 200 9034 "https://www.nspw.org/proceedings/2009" "Mozilla/5.0 (Windows NT 6.1; WOW64) AppleWebKit/537.36 (KHTML, like Gecko) Chrome/50.0.2661.94 Safari/537.36"
82.109.66.147 - - [08/May/2018:09:38:42 -0400] "GET /modules/system/system.menus.css?p7r9uw HTTP/1.1" 200 2345 "https://www.nspw.org/proceedings/2009" "Mozilla/5.0 (Windows NT 6.1; WOW64) AppleWebKit/537.36 (KHTML, like Gecko) Chrome/50.0.2661.94 Safari/537.36"
82.109.66.147 - - [08/May/2018:09:38:42 -0400] "GET /modules/system/system.messages.css?p7r9uw HTTP/1.1" 200 1241 "https://www.nspw.org/proceedings/2009" "Mozilla/5.0 (Windows NT 6.1; WOW64) AppleWebKit/537.36 (KHTML, like Gecko) Chrome/50.0.2661.94 Safari/537.36"
82.109.66.147 - - [08/May/2018:09:38:43 -0400] "GET /modules/system/system.theme.css?p7r9uw HTTP/1.1" 200 4021 "https://www.nspw.org/proceedings/2009" "Mozilla/5.0 (Windows NT 6.1; WOW64) AppleWebKit/537.36 (KHTML, like Gecko) Chrome/50.0.2661.94 Safari/537.36"
82.109.66.147 - - [08/May/2018:09:38:43 -0400] "GET /modules/field/theme/field.css?p7r9uw HTTP/1.1" 200 830 "https://www.nspw.org/proceedings/2009" "Mozilla/5.0 (Windows NT 6.1; WOW64) AppleWebKit/537.36 (KHTML, like Gecko) Chrome/50.0.2661.94 Safari/537.36"
82.109.66.147 - - [08/May/2018:09:38:43 -0400] "GET /modules/node/node.css?p7r9uw HTTP/1.1" 200 423 "https://www.nspw.org/proceedings/2009" "Mozilla/5.0 (Windows NT 6.1; WOW64) AppleWebKit/537.36 (KHTML, like Gecko) Chrome/50.0.2661.94 Safari/537.36"
82.109.66.147 - - [08/May/2018:09:38:43 -0400] "GET /modules/user/user.css?p7r9uw HTTP/1.1" 200 2137 "https://www.nspw.org/proceedings/2009" "Mozilla/5.0 (Windows NT 6.1; WOW64) AppleWebKit/537.36 (KHTML, like Gecko) Chrome/50.0.2661.94 Safari/537.36"
82.109.66.147 - - [08/May/2018:09:38:44 -0400] "GET /themes/garland/style.css?p7r9uw HTTP/1.1" 200 21127 "https://www.nspw.org/proceedings/2009" "Mozilla/5.0 (Windows NT 6.1; WOW64) AppleWebKit/537.36 (KHTML, like Gecko) Chrome/50.0.2661.94 Safari/537.36"
82.109.66.147 - - [08/May/2018:09:38:45 -0400] "GET /themes/garland/print.css?p7r9uw HTTP/1.1" 200 4623 "https://www.nspw.org/proceedings/2009" "Mozilla/5.0 (Windows NT 6.1; WOW64) AppleWebKit/537.36 (KHTML, like Gecko) Chrome/50.0.2661.94 Safari/537.36"
82.109.66.147 - - [08/May/2018:09:38:45 -0400] "GET /misc/drupal.js?p7r9uw HTTP/1.1" 200 20574 "https://www.nspw.org/proceedings/2009" "Mozilla/5.0 (Windows NT 6.1; WOW64) AppleWebKit/537.36 (KHTML, like Gecko) Chrome/50.0.2661.94 Safari/537.36"
82.109.66.147 - - [08/May/2018:09:38:47 -0400] "GET /misc/jquery.js?v=1.4.4 HTTP/1.1" 200 82340 "https://www.nspw.org/proceedings/2009" "Mozilla/5.0 (Windows NT 6.1; WOW64) AppleWebKit/537.36 (KHTML, like Gecko) Chrome/50.0.2661.94 Safari/537.36"
82.109.66.147 - - [08/May/2018:09:38:49 -0400] "GET /misc/jquery.once.js?v=1.2 HTTP/1.1" 200 6593 "https://www.nspw.org/proceedings/2009" "Mozilla/5.0 (Windows NT 6.1; WOW64) AppleWebKit/537.36 (KHTML, like Gecko) Chrome/50.0.2661.94 Safari/537.36"
82.109.66.147 - - [08/May/2018:09:38:49 -0400] "GET /modules/comment/comment.css?p7r9uw HTTP/1.1" 200 3758 "https://www.nspw.org/proceedings/2009" "Mozilla/5.0 (Windows NT 6.1; WOW64) AppleWebKit/537.36 (KHTML, like Gecko) Chrome/50.0.2661.94 Safari/537.36"
82.109.66.147 - - [08/May/2018:09:38:50 -0400] "GET /sites/default/files/nspw-logo-smaller.jpg HTTP/1.1" 200 5774 "https://www.nspw.org/proceedings/2009" "Mozilla/5.0 (Windows NT 6.1; WOW64) AppleWebKit/537.36 (KHTML, like Gecko) Chrome/50.0.2661.94 Safari/537.36"
82.109.66.147 - - [08/May/2018:09:38:51 -0400] "GET /themes/garland/images/body.png HTTP/1.1" 200 938 "https://www.nspw.org/themes/garland/style.css?p7r9uw" "Mozilla/5.0 (Windows NT 6.1; WOW64) AppleWebKit/537.36 (KHTML, like Gecko) Chrome/50.0.2661.94 Safari/537.36"
82.109.66.147 - - [08/May/2018:09:38:51 -0400] "GET /themes/garland/images/bg-navigation-item.png HTTP/1.1" 200 757 "https://www.nspw.org/themes/garland/style.css?p7r9uw" "Mozilla/5.0 (Windows NT 6.1; WOW64) AppleWebKit/537.36 (KHTML, like Gecko) Chrome/50.0.2661.94 Safari/537.36"
82.109.66.147 - - [08/May/2018:09:38:51 -0400] "GET /themes/garland/images/menu-leaf.gif HTTP/1.1" 200 431 "https://www.nspw.org/themes/garland/style.css?p7r9uw" "Mozilla/5.0 (Windows NT 6.1; WOW64) AppleWebKit/537.36 (KHTML, like Gecko) Chrome/50.0.2661.94 Safari/537.36"
82.109.66.147 - - [08/May/2018:09:38:51 -0400] "GET /themes/garland/images/bg-content-right.png HTTP/1.1" 200 3107 "https://www.nspw.org/themes/garland/style.css?p7r9uw" "Mozilla/5.0 (Windows NT 6.1; WOW64) AppleWebKit/537.36 (KHTML, like Gecko) Chrome/50.0.2661.94 Safari/537.36"
82.109.66.147 - - [08/May/2018:09:38:51 -0400] "GET /themes/garland/images/bg-content.png HTTP/1.1" 200 743 "https://www.nspw.org/themes/garland/style.css?p7r9uw" "Mozilla/5.0 (Windows NT 6.1; WOW64) AppleWebKit/537.36 (KHTML, like Gecko) Chrome/50.0.2661.94 Safari/537.36"
82.109.66.147 - - [08/May/2018:09:38:51 -0400] "GET /themes/garland/images/bg-content-left.png HTTP/1.1" 200 3177 "https://www.nspw.org/themes/garland/style.css?p7r9uw" "Mozilla/5.0 (Windows NT 6.1; WOW64) AppleWebKit/537.36 (KHTML, like Gecko) Chrome/50.0.2661.94 Safari/537.36"
82.109.66.147 - - [08/May/2018:09:38:51 -0400] "GET /themes/garland/images/menu-expanded.gif HTTP/1.1" 200 3735 "https://www.nspw.org/themes/garland/style.css?p7r9uw" "Mozilla/5.0 (Windows NT 6.1; WOW64) AppleWebKit/537.36 (KHTML, like Gecko) Chrome/50.0.2661.94 Safari/537.36"
82.109.66.147 - - [08/May/2018:09:38:51 -0400] "GET /themes/garland/images/menu-collapsed.gif HTTP/1.1" 200 3728 "https://www.nspw.org/themes/garland/style.css?p7r9uw" "Mozilla/5.0 (Windows NT 6.1; WOW64) AppleWebKit/537.36 (KHTML, like Gecko) Chrome/50.0.2661.94 Safari/537.36"
82.109.66.147 - - [08/May/2018:09:38:52 -0400] "GET /favicon.ico HTTP/1.1" 404 645 "https://www.nspw.org/proceedings/2009" "Mozilla/5.0 (Windows NT 6.1; WOW64) AppleWebKit/537.36 (KHTML, like Gecko) Chrome/50.0.2661.94 Safari/537.36"
82.109.66.147 - - [08/May/2018:09:39:01 -0400] "GET /papers/2009/nspw2009-herley.pdf HTTP/1.1" 200 189040 "-" "Mozilla/5.0 (Windows NT 6.1; WOW64) AppleWebKit/537.36 (KHTML, like Gecko) Chrome/50.0.2661.94 Safari/537.36"
82.109.66.147 - - [08/May/2018:09:39:12 -0400] "GET /papers/2009/nspw2009-herley.pdf HTTP/1.1" 200 189040 "https://www.nspw.org/papers/2009/nspw2009-herley.pdf" "Mozilla/5.0 (Windows NT 6.1; WOW64) AppleWebKit/537.36 (KHTML, like Gecko) Chrome/50.0.2661.94 Safari/537.36"
82.74.164.133 - - [08/May/2018:09:39:55 -0400] "GET /wp-login.php HTTP/1.1" 404 7839 "-" "Mozilla/5.0 (Windows NT 6.1; WOW64; rv:40.0) Gecko/20100101 Firefox/40.1"
82.74.164.133 - - [08/May/2018:09:39:55 -0400] "GET / HTTP/1.1" 200 8218 "-" "Mozilla/5.0 (Windows NT 6.1; WOW64; rv:40.0) Gecko/20100101 Firefox/40.1"
69.162.124.227 - - [08/May/2018:09:39:58 -0400] "HEAD / HTTP/1.1" 200 3874 "http://nspw.org/" "Mozilla/5.0+(compatible; UptimeRobot/2.0; http://www.uptimerobot.com/)"
180.76.15.139 - - [08/May/2018:09:40:38 -0400] "GET /2015/location HTTP/1.1" 200 14379 "-" "Mozilla/5.0 (compatible; Baiduspider/2.0; +http://www.baidu.com/search/spider.html)"
82.109.66.147 - - [08/May/2018:09:40:33 -0400] "GET /papers/2009/nspw2009-tuerpe.pdf HTTP/1.1" 200 375422 "-" "Mozilla/5.0 (Windows NT 6.1; WOW64) AppleWebKit/537.36 (KHTML, like Gecko) Chrome/50.0.2661.94 Safari/537.36"
36.72.28.54 - - [08/May/2018:09:40:54 -0400] "GET /wp-login.php HTTP/1.1" 404 7839 "-" "Mozilla/5.0 (Windows NT 6.1; WOW64; rv:40.0) Gecko/20100101 Firefox/40.1"
36.72.28.54 - - [08/May/2018:09:40:59 -0400] "GET / HTTP/1.1" 200 8218 "-" "Mozilla/5.0 (Windows NT 6.1; WOW64; rv:40.0) Gecko/20100101 Firefox/40.1"
82.109.66.147 - - [08/May/2018:09:40:45 -0400] "GET /papers/2009/nspw2009-tuerpe.pdf HTTP/1.1" 200 375422 "https://www.nspw.org/papers/2009/nspw2009-tuerpe.pdf" "Mozilla/5.0 (Windows NT 6.1; WOW64) AppleWebKit/537.36 (KHTML, like Gecko) Chrome/50.0.2661.94 Safari/537.36"
77.21.106.250 - - [08/May/2018:09:42:30 -0400] "GET /wp-login.php HTTP/1.1" 404 7985 "-" "Mozilla/5.0 (Windows NT 6.1; WOW64; rv:40.0) Gecko/20100101 Firefox/40.1"
77.21.106.250 - - [08/May/2018:09:42:30 -0400] "GET / HTTP/1.1" 200 8206 "-" "Mozilla/5.0 (Windows NT 6.1; WOW64; rv:40.0) Gecko/20100101 Firefox/40.1"
86.98.154.224 - - [08/May/2018:09:42:37 -0400] "GET /wp-login.php HTTP/1.1" 404 7491 "-" "Mozilla/5.0 (Windows NT 6.1; WOW64; rv:40.0) Gecko/20100101 Firefox/40.1"
86.98.154.224 - - [08/May/2018:09:42:38 -0400] "GET / HTTP/1.1" 200 8218 "-" "Mozilla/5.0 (Windows NT 6.1; WOW64; rv:40.0) Gecko/20100101 Firefox/40.1"
82.109.66.147 - - [08/May/2018:09:43:27 -0400] "GET /papers/2009/nspw2009-verendel.pdf HTTP/1.1" 200 159271 "-" "Mozilla/5.0 (Windows NT 6.1; WOW64) AppleWebKit/537.36 (KHTML, like Gecko) Chrome/50.0.2661.94 Safari/537.36"
66.249.64.217 - - [08/May/2018:09:44:18 -0400] "GET /papers/2011/nspw2011-pieters.pdf HTTP/1.1" 200 2771026 "-" "Mozilla/5.0 (compatible; Googlebot/2.1; +http://www.google.com/bot.html)"
60.50.40.207 - - [08/May/2018:09:44:53 -0400] "GET /wp-login.php HTTP/1.1" 404 8034 "-" "Mozilla/5.0 (Windows NT 6.1; WOW64; rv:40.0) Gecko/20100101 Firefox/40.1"
60.50.40.207 - - [08/May/2018:09:44:54 -0400] "GET / HTTP/1.1" 200 8218 "-" "Mozilla/5.0 (Windows NT 6.1; WOW64; rv:40.0) Gecko/20100101 Firefox/40.1"
69.162.124.227 - - [08/May/2018:09:44:58 -0400] "HEAD / HTTP/1.1" 200 3874 "http://nspw.org/" "Mozilla/5.0+(compatible; UptimeRobot/2.0; http://www.uptimerobot.com/)"
82.109.66.147 - - [08/May/2018:09:45:04 -0400] "GET /papers/2009/nspw2009-jakobsson.pdf HTTP/1.1" 200 293580 "-" "Mozilla/5.0 (Windows NT 6.1; WOW64) AppleWebKit/537.36 (KHTML, like Gecko) Chrome/50.0.2661.94 Safari/537.36"
82.109.66.147 - - [08/May/2018:09:45:19 -0400] "GET /papers/2009/nspw2009-jakobsson.pdf HTTP/1.1" 200 293580 "https://www.nspw.org/papers/2009/nspw2009-jakobsson.pdf" "Mozilla/5.0 (Windows NT 6.1; WOW64) AppleWebKit/537.36 (KHTML, like Gecko) Chrome/50.0.2661.94 Safari/537.36"
223.104.131.170 - - [08/May/2018:09:46:04 -0400] "GET /favicon.ico HTTP/1.1" 404 4109 "-" "Mozilla/5.0 (Windows NT 10.0; WOW64) AppleWebKit/537.36 (KHTML, like Gecko) Chrome/55.0.2883.87 Safari/537.36"
69.162.124.227 - - [08/May/2018:09:49:58 -0400] "HEAD / HTTP/1.1" 200 3874 "http://nspw.org/" "Mozilla/5.0+(compatible; UptimeRobot/2.0; http://www.uptimerobot.com/)"
123.125.143.64 - - [08/May/2018:09:52:22 -0400] "GET / HTTP/1.1" 200 6636 "-" "Mozilla/5.0 (Windows NT 6.1; WOW64; rv:43.0) Gecko/20100101 Firefox/43.0"
123.125.143.64 - - [08/May/2018:09:52:22 -0400] "GET /modules/system/system.base.css?p7r9uw HTTP/1.1" 200 2307 "https://www.nspw.org/" "Mozilla/5.0 (Windows NT 6.1; WOW64; rv:43.0) Gecko/20100101 Firefox/43.0"
123.125.143.64 - - [08/May/2018:09:52:22 -0400] "GET /modules/system/system.menus.css?p7r9uw HTTP/1.1" 200 1025 "https://www.nspw.org/" "Mozilla/5.0 (Windows NT 6.1; WOW64; rv:43.0) Gecko/20100101 Firefox/43.0"
123.125.143.159 - - [08/May/2018:09:52:22 -0400] "GET /modules/system/system.messages.css?p7r9uw HTTP/1.1" 200 884 "https://www.nspw.org/" "Mozilla/5.0 (Windows NT 6.1; WOW64; rv:43.0) Gecko/20100101 Firefox/43.0"
123.125.143.157 - - [08/May/2018:09:52:22 -0400] "GET /modules/system/system.theme.css?p7r9uw HTTP/1.1" 200 1723 "https://www.nspw.org/" "Mozilla/5.0 (Windows NT 6.1; WOW64; rv:43.0) Gecko/20100101 Firefox/43.0"
123.125.143.29 - - [08/May/2018:09:52:22 -0400] "GET /modules/comment/comment.css?p7r9uw HTTP/1.1" 200 643 "https://www.nspw.org/" "Mozilla/5.0 (Windows NT 6.1; WOW64; rv:43.0) Gecko/20100101 Firefox/43.0"
123.125.143.64 - - [08/May/2018:09:52:22 -0400] "GET /modules/user/user.css?p7r9uw HTTP/1.1" 200 1062 "https://www.nspw.org/" "Mozilla/5.0 (Windows NT 6.1; WOW64; rv:43.0) Gecko/20100101 Firefox/43.0"
123.125.143.64 - - [08/May/2018:09:52:22 -0400] "GET /modules/node/node.css?p7r9uw HTTP/1.1" 200 610 "https://www.nspw.org/" "Mozilla/5.0 (Windows NT 6.1; WOW64; rv:43.0) Gecko/20100101 Firefox/43.0"
123.125.143.64 - - [08/May/2018:09:52:22 -0400] "GET /modules/field/theme/field.css?p7r9uw HTTP/1.1" 200 737 "https://www.nspw.org/" "Mozilla/5.0 (Windows NT 6.1; WOW64; rv:43.0) Gecko/20100101 Firefox/43.0"
123.125.143.159 - - [08/May/2018:09:52:23 -0400] "GET /themes/garland/style.css?p7r9uw HTTP/1.1" 200 5370 "https://www.nspw.org/" "Mozilla/5.0 (Windows NT 6.1; WOW64; rv:43.0) Gecko/20100101 Firefox/43.0"
123.125.143.157 - - [08/May/2018:09:52:23 -0400] "GET /themes/garland/print.css?p7r9uw HTTP/1.1" 200 771 "https://www.nspw.org/" "Mozilla/5.0 (Windows NT 6.1; WOW64; rv:43.0) Gecko/20100101 Firefox/43.0"
123.125.143.64 - - [08/May/2018:09:52:23 -0400] "GET /misc/drupal.js?p7r9uw HTTP/1.1" 200 7372 "https://www.nspw.org/" "Mozilla/5.0 (Windows NT 6.1; WOW64; rv:43.0) Gecko/20100101 Firefox/43.0"
123.125.143.64 - - [08/May/2018:09:52:23 -0400] "GET /misc/jquery.once.js?v=1.2 HTTP/1.1" 200 1445 "https://www.nspw.org/" "Mozilla/5.0 (Windows NT 6.1; WOW64; rv:43.0) Gecko/20100101 Firefox/43.0"
123.125.143.29 - - [08/May/2018:09:52:23 -0400] "GET /misc/jquery.js?v=1.4.4 HTTP/1.1" 200 27601 "https://www.nspw.org/" "Mozilla/5.0 (Windows NT 6.1; WOW64; rv:43.0) Gecko/20100101 Firefox/43.0"
77.88.47.40 - - [08/May/2018:09:52:01 -0400] "GET /papers/1996/nspw1996-olawsky.pdf HTTP/1.1" 200 1077970 "-" "Mozilla/5.0 (compatible; YandexBot/3.0; +http://yandex.com/bots)"
212.200.202.31 - - [08/May/2018:09:53:57 -0400] "GET /wp-login.php HTTP/1.1" 404 7491 "-" "Mozilla/5.0 (Windows NT 6.1; WOW64; rv:40.0) Gecko/20100101 Firefox/40.1"
212.200.202.31 - - [08/May/2018:09:53:59 -0400] "GET / HTTP/1.1" 200 8218 "-" "Mozilla/5.0 (Windows NT 6.1; WOW64; rv:40.0) Gecko/20100101 Firefox/40.1"
69.162.124.227 - - [08/May/2018:09:54:58 -0400] "HEAD / HTTP/1.1" 200 3874 "http://nspw.org/" "Mozilla/5.0+(compatible; UptimeRobot/2.0; http://www.uptimerobot.com/)"
157.55.39.87 - - [08/May/2018:09:53:09 -0400] "GET /papers/2011/nspw2011-pavlovic.pdf HTTP/1.1" 200 3811983 "-" "Mozilla/5.0 (compatible; bingbot/2.0; +http://www.bing.com/bingbot.htm)"
77.88.47.40 - - [08/May/2018:09:54:58 -0400] "GET /papers/2012/docs/p15.pdf HTTP/1.1" 200 634561 "-" "Mozilla/5.0 (compatible; YandexBot/3.0; +http://yandex.com/bots)"
207.46.13.175 - - [08/May/2018:09:56:09 -0400] "GET /2005/cfp/latex/tr.pdf HTTP/1.1" 200 355986 "-" "Mozilla/5.0 (iPhone; CPU iPhone OS 7_0 like Mac OS X) AppleWebKit/537.51.1 (KHTML, like Gecko) Version/7.0 Mobile/11A465 Safari/9537.53 (compatible; bingbot/2.0; +http://www.bing.com/bingbot.htm)"
192.243.55.95 - - [08/May/2018:09:56:40 -0400] "GET / HTTP/1.1" 200 6135 "http://nspw.org/" "Mozilla/5.0 (compatible; SemrushBot/1.0~bm; +http://www.semrush.com/bot.html)"
66.249.64.215 - - [08/May/2018:09:56:43 -0400] "GET /papers/2002/nspw2002-marceau.pdf HTTP/1.1" 200 197896 "-" "Mozilla/5.0 (compatible; Googlebot/2.1; +http://www.google.com/bot.html)"
192.243.55.95 - - [08/May/2018:09:56:44 -0400] "GET / HTTP/1.1" 200 3391 "http://nspw.org/" "Mozilla/5.0 (compatible; SemrushBot/1.0~bm; +http://www.semrush.com/bot.html)"
192.243.55.95 - - [08/May/2018:09:56:46 -0400] "GET /robots.txt HTTP/1.1" 200 1077 "http://www.nspw.org/robots.txt" "Mozilla/5.0 (compatible; SemrushBot/1.0~bm; +http://www.semrush.com/bot.html)"
41.209.113.241 - - [08/May/2018:09:56:53 -0400] "GET /wp-login.php HTTP/1.1" 404 7839 "-" "Mozilla/5.0 (Windows NT 6.1; WOW64; rv:40.0) Gecko/20100101 Firefox/40.1"
41.209.113.241 - - [08/May/2018:09:56:56 -0400] "GET / HTTP/1.1" 200 8218 "-" "Mozilla/5.0 (Windows NT 6.1; WOW64; rv:40.0) Gecko/20100101 Firefox/40.1"
69.162.124.227 - - [08/May/2018:09:59:58 -0400] "HEAD / HTTP/1.1" 200 3874 "http://nspw.org/" "Mozilla/5.0+(compatible; UptimeRobot/2.0; http://www.uptimerobot.com/)"
131.247.226.30 - - [08/May/2018:10:00:03 -0400] "GET /papers/2013/nspw2013-sundaramurthy.pdf HTTP/1.1" 200 355703 "http://localhost:4000/projects/anthrosec.html" "Mozilla/5.0 (Macintosh; Intel Mac OS X 10.13; rv:59.0) Gecko/20100101 Firefox/59.0"
131.247.226.30 - - [08/May/2018:10:00:04 -0400] "GET /favicon.ico HTTP/1.1" 404 700 "-" "Mozilla/5.0 (Macintosh; Intel Mac OS X 10.13; rv:59.0) Gecko/20100101 Firefox/59.0"
131.247.226.30 - - [08/May/2018:10:00:04 -0400] "GET /papers/2013/nspw2013-sundaramurthy.pdf HTTP/1.1" 206 24246 "http://localhost:4000/projects/anthrosec.html" "Mozilla/5.0 (Macintosh; Intel Mac OS X 10.13; rv:59.0) Gecko/20100101 Firefox/59.0"
131.247.226.30 - - [08/May/2018:10:00:04 -0400] "GET /papers/2013/nspw2013-sundaramurthy.pdf HTTP/1.1" 206 66182 "http://localhost:4000/projects/anthrosec.html" "Mozilla/5.0 (Macintosh; Intel Mac OS X 10.13; rv:59.0) Gecko/20100101 Firefox/59.0"
131.247.226.30 - - [08/May/2018:10:00:09 -0400] "GET /papers/2013/nspw2013-sundaramurthy.pdf HTTP/1.1" 206 66182 "http://localhost:4000/projects/anthrosec.html" "Mozilla/5.0 (Macintosh; Intel Mac OS X 10.13; rv:59.0) Gecko/20100101 Firefox/59.0"
197.251.254.224 - - [08/May/2018:10:03:01 -0400] "-" 408 3400 "-" "-"
69.162.124.227 - - [08/May/2018:10:04:58 -0400] "HEAD / HTTP/1.1" 200 3874 "http://nspw.org/" "Mozilla/5.0+(compatible; UptimeRobot/2.0; http://www.uptimerobot.com/)"
49.146.193.51 - - [08/May/2018:10:06:04 -0400] "GET /wp-login.php HTTP/1.1" 404 7491 "-" "Mozilla/5.0 (Windows NT 6.1; WOW64; rv:40.0) Gecko/20100101 Firefox/40.1"
49.146.193.51 - - [08/May/2018:10:06:05 -0400] "GET / HTTP/1.1" 200 8218 "-" "Mozilla/5.0 (Windows NT 6.1; WOW64; rv:40.0) Gecko/20100101 Firefox/40.1"
197.251.254.224 - - [08/May/2018:10:02:41 -0400] "GET /papers/2011/nspw2011-feigenbaum.pdf HTTP/1.1" 200 41200 "https://scholar.google.com/" "Mozilla/5.0 (Windows NT 10.0; WOW64) AppleWebKit/537.36 (KHTML, like Gecko) Chrome/65.0.3325.181 Safari/537.36 OPR/52.0.2871.64"
77.88.47.40 - - [08/May/2018:10:08:03 -0400] "GET /papers/1999/?C=N;O=D HTTP/1.1" 200 4383 "-" "Mozilla/5.0 (compatible; YandexBot/3.0; +http://yandex.com/bots)"
66.249.64.215 - - [08/May/2018:10:08:40 -0400] "GET /2018/2018/organizers HTTP/1.1" 404 8024 "-" "Mozilla/5.0 (compatible; Googlebot/2.1; +http://www.google.com/bot.html)"
115.156.152.190 - - [08/May/2018:10:08:48 -0400] "GET /favicon.ico HTTP/1.1" 404 4109 "https://www.nspw.org/2009/proceedings/1997/nspw1997-somayaji-scanned.pdf" "Mozilla/5.0 (Windows NT 10.0; Win64; x64) AppleWebKit/537.36 (KHTML, like Gecko) Chrome/65.0.3325.181 Safari/537.36"
115.156.152.190 - - [08/May/2018:10:08:47 -0400] "GET /2009/proceedings/1997/nspw1997-somayaji-scanned.pdf HTTP/1.1" 200 1195269 "http://xueshu.baidu.com/s?wd=paperuri%3A%2888b665c5466b077e1781e06cea91a879%29&filter=sc_long_sign&sc_ks_para=q%3DTonegawa%2C%20S.%20Somatic%20generation%20of%20antibody%20diversity.%20Nature%20302%2C%20575&sc_us=8255487609263562717&tn=SE_baiduxueshu_c1gjeupa&ie=utf-8" "Mozilla/5.0 (Windows NT 10.0; Win64; x64) AppleWebKit/537.36 (KHTML, like Gecko) Chrome/65.0.3325.181 Safari/537.36"
66.249.64.215 - - [08/May/2018:10:09:07 -0400] "GET /papers/1994/nspw1994-ovchinnikov.pdf HTTP/1.1" 200 796285 "-" "Mozilla/5.0 (compatible; Googlebot/2.1; +http://www.google.com/bot.html)"
207.46.13.162 - - [08/May/2018:10:09:11 -0400] "GET /papers/2011/nspw2011-bishop.pdf HTTP/1.1" 200 573190 "-" "Mozilla/5.0 (iPhone; CPU iPhone OS 7_0 like Mac OS X) AppleWebKit/537.51.1 (KHTML, like Gecko) Version/7.0 Mobile/11A465 Safari/9537.53 (compatible; bingbot/2.0; +http://www.bing.com/bingbot.htm)"
69.162.124.227 - - [08/May/2018:10:09:58 -0400] "HEAD / HTTP/1.1" 200 3874 "http://nspw.org/" "Mozilla/5.0+(compatible; UptimeRobot/2.0; http://www.uptimerobot.com/)"
46.229.168.82 - - [08/May/2018:10:11:33 -0400] "GET /robots.txt HTTP/1.1" 200 4209 "-" "Mozilla/5.0 (compatible; SemrushBot/1.2~bl; +http://www.semrush.com/bot.html)"
49.206.112.77 - - [08/May/2018:10:13:43 -0400] "GET /wp-login.php HTTP/1.1" 404 7491 "-" "Mozilla/5.0 (Windows NT 6.1; WOW64; rv:40.0) Gecko/20100101 Firefox/40.1"
49.206.112.77 - - [08/May/2018:10:13:43 -0400] "GET / HTTP/1.1" 200 8218 "-" "Mozilla/5.0 (Windows NT 6.1; WOW64; rv:40.0) Gecko/20100101 Firefox/40.1"
109.156.19.52 - - [08/May/2018:10:14:02 -0400] "GET /papers/2009/nspw2009-herley.pdf HTTP/1.1" 200 189014 "https://www.google.com/" "Mozilla/5.0 (Macintosh; Intel Mac OS X 10_13_4) AppleWebKit/605.1.15 (KHTML, like Gecko) Version/11.1 Safari/605.1.15"
109.156.19.52 - - [08/May/2018:10:14:14 -0400] "GET /favicon.ico HTTP/1.1" 404 3914 "https://www.nspw.org/papers/2009/nspw2009-herley.pdf" "Mozilla/5.0 (Macintosh; Intel Mac OS X 10_13_4) AppleWebKit/605.1.15 (KHTML, like Gecko) Version/11.1 Safari/605.1.15"
69.162.124.227 - - [08/May/2018:10:14:58 -0400] "HEAD / HTTP/1.1" 200 3874 "http://nspw.org/" "Mozilla/5.0+(compatible; UptimeRobot/2.0; http://www.uptimerobot.com/)"
77.88.47.40 - - [08/May/2018:10:15:35 -0400] "GET /2008/program.shtml HTTP/1.1" 200 4993 "-" "Mozilla/5.0 (compatible; YandexBot/3.0; +http://yandex.com/bots)"
77.88.47.40 - - [08/May/2018:10:16:13 -0400] "GET /papers/2012/docs/p77.pdf HTTP/1.1" 200 446014 "-" "Mozilla/5.0 (compatible; YandexBot/3.0; +http://yandex.com/bots)"
77.88.47.40 - - [08/May/2018:10:16:40 -0400] "GET /2002/index.content HTTP/1.1" 200 4617 "-" "Mozilla/5.0 (compatible; YandexBot/3.0; +http://yandex.com/bots)"
77.88.47.40 - - [08/May/2018:10:17:41 -0400] "GET /2008/cfp.shtml HTTP/1.1" 200 8675 "-" "Mozilla/5.0 (compatible; YandexBot/3.0; +http://yandex.com/bots)"
69.162.124.227 - - [08/May/2018:10:19:58 -0400] "HEAD / HTTP/1.1" 200 3874 "http://nspw.org/" "Mozilla/5.0+(compatible; UptimeRobot/2.0; http://www.uptimerobot.com/)"
66.249.64.215 - - [08/May/2018:10:21:32 -0400] "GET /2009/proceedings/2010/nspw2010-parkin.pdf HTTP/1.1" 200 920844 "-" "Mozilla/5.0 (compatible; Googlebot/2.1; +http://www.google.com/bot.html)"
77.88.47.40 - - [08/May/2018:10:21:42 -0400] "GET /2009/proceedings/2001/nspw2001-zurko.pdf HTTP/1.1" 200 245976 "-" "Mozilla/5.0 (compatible; YandexBot/3.0; +http://yandex.com/bots)"
46.229.168.81 - - [08/May/2018:10:22:16 -0400] "GET /robots.txt HTTP/1.1" 200 4209 "-" "Mozilla/5.0 (compatible; SemrushBot/1.2~bl; +http://www.semrush.com/bot.html)"
199.16.157.182 - - [08/May/2018:10:24:02 -0400] "GET /robots.txt HTTP/1.1" 200 5699 "-" "Twitterbot/1.0"
54.208.102.37 - - [08/May/2018:10:24:13 -0400] "GET / HTTP/1.1" 200 6442 "https://www.nspw.org/" "Mozilla/5.0 (compatible; DuckDuckGo-Favicons-Bot/1.0; +http://duckduckgo.com)"
54.208.102.37 - - [08/May/2018:10:24:13 -0400] "GET /favicon.ico HTTP/1.1" 404 700 "https://www.nspw.org/favicon.ico" "Mozilla/5.0 (compatible; DuckDuckGo-Favicons-Bot/1.0; +http://duckduckgo.com)"
54.208.102.37 - - [08/May/2018:10:24:14 -0400] "GET /favicon.ico HTTP/1.1" 404 700 "https://www.nspw.org/favicon.ico" "Mozilla/5.0 (compatible; DuckDuckGo-Favicons-Bot/1.0; +http://duckduckgo.com)"
182.75.93.74 - - [08/May/2018:10:24:57 -0400] "GET /wp-login.php HTTP/1.1" 404 7495 "-" "Mozilla/5.0 (Windows NT 6.1; WOW64; rv:40.0) Gecko/20100101 Firefox/40.1"
182.75.93.74 - - [08/May/2018:10:24:58 -0400] "GET / HTTP/1.1" 200 8218 "-" "Mozilla/5.0 (Windows NT 6.1; WOW64; rv:40.0) Gecko/20100101 Firefox/40.1"
69.162.124.227 - - [08/May/2018:10:24:58 -0400] "HEAD / HTTP/1.1" 200 3874 "http://nspw.org/" "Mozilla/5.0+(compatible; UptimeRobot/2.0; http://www.uptimerobot.com/)"
83.42.106.50 - - [08/May/2018:10:25:13 -0400] "GET /wp-login.php HTTP/1.1" 404 7985 "-" "Mozilla/5.0 (Windows NT 6.1; WOW64; rv:40.0) Gecko/20100101 Firefox/40.1"
83.42.106.50 - - [08/May/2018:10:25:15 -0400] "GET / HTTP/1.1" 200 8206 "-" "Mozilla/5.0 (Windows NT 6.1; WOW64; rv:40.0) Gecko/20100101 Firefox/40.1"
83.55.91.169 - - [08/May/2018:10:25:18 -0400] "GET /wp-login.php HTTP/1.1" 404 7839 "-" "Mozilla/5.0 (Windows NT 6.1; WOW64; rv:40.0) Gecko/20100101 Firefox/40.1"
83.55.91.169 - - [08/May/2018:10:25:20 -0400] "GET / HTTP/1.1" 200 8218 "-" "Mozilla/5.0 (Windows NT 6.1; WOW64; rv:40.0) Gecko/20100101 Firefox/40.1"
86.97.55.87 - - [08/May/2018:10:26:47 -0400] "GET /wp-login.php HTTP/1.1" 404 7839 "-" "Mozilla/5.0 (Windows NT 6.1; WOW64; rv:40.0) Gecko/20100101 Firefox/40.1"
86.97.55.87 - - [08/May/2018:10:26:49 -0400] "GET / HTTP/1.1" 200 8218 "-" "Mozilla/5.0 (Windows NT 6.1; WOW64; rv:40.0) Gecko/20100101 Firefox/40.1"
134.147.202.146 - - [08/May/2018:10:26:58 -0400] "GET / HTTP/1.1" 200 6621 "-" "Mozilla/5.0 (Windows NT 10.0; Win64; x64; rv:59.0) Gecko/20100101 Firefox/59.0"
134.147.202.146 - - [08/May/2018:10:26:58 -0400] "GET /misc/jquery.js?v=1.4.4 HTTP/1.1" 200 27601 "https://www.nspw.org/" "Mozilla/5.0 (Windows NT 10.0; Win64; x64; rv:59.0) Gecko/20100101 Firefox/59.0"
134.147.202.146 - - [08/May/2018:10:26:58 -0400] "GET /modules/system/system.theme.css?p7r9uw HTTP/1.1" 200 1585 "https://www.nspw.org/" "Mozilla/5.0 (Windows NT 10.0; Win64; x64; rv:59.0) Gecko/20100101 Firefox/59.0"
134.147.202.146 - - [08/May/2018:10:26:58 -0400] "GET /misc/jquery.once.js?v=1.2 HTTP/1.1" 200 1602 "https://www.nspw.org/" "Mozilla/5.0 (Windows NT 10.0; Win64; x64; rv:59.0) Gecko/20100101 Firefox/59.0"
134.147.202.146 - - [08/May/2018:10:26:58 -0400] "GET /misc/drupal.js?p7r9uw HTTP/1.1" 200 7529 "https://www.nspw.org/" "Mozilla/5.0 (Windows NT 10.0; Win64; x64; rv:59.0) Gecko/20100101 Firefox/59.0"
134.147.202.146 - - [08/May/2018:10:26:58 -0400] "GET /modules/system/system.menus.css?p7r9uw HTTP/1.1" 200 1182 "https://www.nspw.org/" "Mozilla/5.0 (Windows NT 10.0; Win64; x64; rv:59.0) Gecko/20100101 Firefox/59.0"
134.147.202.146 - - [08/May/2018:10:26:58 -0400] "GET /modules/system/system.base.css?p7r9uw HTTP/1.1" 200 2464 "https://www.nspw.org/" "Mozilla/5.0 (Windows NT 10.0; Win64; x64; rv:59.0) Gecko/20100101 Firefox/59.0"
134.147.202.146 - - [08/May/2018:10:26:58 -0400] "GET /modules/system/system.messages.css?p7r9uw HTTP/1.1" 200 903 "https://www.nspw.org/" "Mozilla/5.0 (Windows NT 10.0; Win64; x64; rv:59.0) Gecko/20100101 Firefox/59.0"
134.147.202.146 - - [08/May/2018:10:26:58 -0400] "GET /modules/field/theme/field.css?p7r9uw HTTP/1.1" 200 599 "https://www.nspw.org/" "Mozilla/5.0 (Windows NT 10.0; Win64; x64; rv:59.0) Gecko/20100101 Firefox/59.0"
134.147.202.146 - - [08/May/2018:10:26:58 -0400] "GET /modules/comment/comment.css?p7r9uw HTTP/1.1" 200 505 "https://www.nspw.org/" "Mozilla/5.0 (Windows NT 10.0; Win64; x64; rv:59.0) Gecko/20100101 Firefox/59.0"
134.147.202.146 - - [08/May/2018:10:26:58 -0400] "GET /modules/node/node.css?p7r9uw HTTP/1.1" 200 472 "https://www.nspw.org/" "Mozilla/5.0 (Windows NT 10.0; Win64; x64; rv:59.0) Gecko/20100101 Firefox/59.0"
134.147.202.146 - - [08/May/2018:10:26:58 -0400] "GET /modules/user/user.css?p7r9uw HTTP/1.1" 200 1062 "https://www.nspw.org/" "Mozilla/5.0 (Windows NT 10.0; Win64; x64; rv:59.0) Gecko/20100101 Firefox/59.0"
93.86.237.193 - - [08/May/2018:10:26:58 -0400] "GET /wp-login.php HTTP/1.1" 404 7907 "-" "Mozilla/5.0 (Windows NT 6.1; WOW64; rv:40.0) Gecko/20100101 Firefox/40.1"
134.147.202.146 - - [08/May/2018:10:26:58 -0400] "GET /themes/garland/print.css?p7r9uw HTTP/1.1" 200 771 "https://www.nspw.org/" "Mozilla/5.0 (Windows NT 10.0; Win64; x64; rv:59.0) Gecko/20100101 Firefox/59.0"
134.147.202.146 - - [08/May/2018:10:26:58 -0400] "GET /themes/garland/style.css?p7r9uw HTTP/1.1" 200 5370 "https://www.nspw.org/" "Mozilla/5.0 (Windows NT 10.0; Win64; x64; rv:59.0) Gecko/20100101 Firefox/59.0"
134.147.202.146 - - [08/May/2018:10:26:59 -0400] "GET /sites/default/files/nspw-logo-smaller.jpg HTTP/1.1" 200 2534 "https://www.nspw.org/" "Mozilla/5.0 (Windows NT 10.0; Win64; x64; rv:59.0) Gecko/20100101 Firefox/59.0"
134.147.202.146 - - [08/May/2018:10:26:59 -0400] "GET /themes/garland/images/bg-navigation-item.png HTTP/1.1" 200 812 "https://www.nspw.org/themes/garland/style.css?p7r9uw" "Mozilla/5.0 (Windows NT 10.0; Win64; x64; rv:59.0) Gecko/20100101 Firefox/59.0"
134.147.202.146 - - [08/May/2018:10:26:59 -0400] "GET /themes/garland/images/bg-navigation-item-hover.png HTTP/1.1" 200 754 "https://www.nspw.org/themes/garland/style.css?p7r9uw" "Mozilla/5.0 (Windows NT 10.0; Win64; x64; rv:59.0) Gecko/20100101 Firefox/59.0"
134.147.202.146 - - [08/May/2018:10:26:59 -0400] "GET /themes/garland/images/menu-leaf.gif HTTP/1.1" 200 486 "https://www.nspw.org/themes/garland/style.css?p7r9uw" "Mozilla/5.0 (Windows NT 10.0; Win64; x64; rv:59.0) Gecko/20100101 Firefox/59.0"
134.147.202.146 - - [08/May/2018:10:26:59 -0400] "GET /themes/garland/images/menu-expanded.gif HTTP/1.1" 200 495 "https://www.nspw.org/themes/garland/style.css?p7r9uw" "Mozilla/5.0 (Windows NT 10.0; Win64; x64; rv:59.0) Gecko/20100101 Firefox/59.0"
134.147.202.146 - - [08/May/2018:10:26:59 -0400] "GET /themes/garland/images/body.png HTTP/1.1" 200 993 "https://www.nspw.org/themes/garland/style.css?p7r9uw" "Mozilla/5.0 (Windows NT 10.0; Win64; x64; rv:59.0) Gecko/20100101 Firefox/59.0"
134.147.202.146 - - [08/May/2018:10:26:59 -0400] "GET /themes/garland/images/bg-content.png HTTP/1.1" 200 798 "https://www.nspw.org/themes/garland/style.css?p7r9uw" "Mozilla/5.0 (Windows NT 10.0; Win64; x64; rv:59.0) Gecko/20100101 Firefox/59.0"
134.147.202.146 - - [08/May/2018:10:26:59 -0400] "GET /themes/garland/images/bg-content-right.png HTTP/1.1" 200 3162 "https://www.nspw.org/themes/garland/style.css?p7r9uw" "Mozilla/5.0 (Windows NT 10.0; Win64; x64; rv:59.0) Gecko/20100101 Firefox/59.0"
134.147.202.146 - - [08/May/2018:10:26:59 -0400] "GET /themes/garland/images/menu-collapsed.gif HTTP/1.1" 200 488 "https://www.nspw.org/themes/garland/style.css?p7r9uw" "Mozilla/5.0 (Windows NT 10.0; Win64; x64; rv:59.0) Gecko/20100101 Firefox/59.0"
134.147.202.146 - - [08/May/2018:10:26:59 -0400] "GET /themes/garland/images/bg-content-left.png HTTP/1.1" 200 3232 "https://www.nspw.org/themes/garland/style.css?p7r9uw" "Mozilla/5.0 (Windows NT 10.0; Win64; x64; rv:59.0) Gecko/20100101 Firefox/59.0"
134.147.202.146 - - [08/May/2018:10:26:59 -0400] "GET /favicon.ico HTTP/1.1" 404 700 "-" "Mozilla/5.0 (Windows NT 10.0; Win64; x64; rv:59.0) Gecko/20100101 Firefox/59.0"
134.147.202.146 - - [08/May/2018:10:26:59 -0400] "GET /favicon.ico HTTP/1.1" 404 700 "-" "Mozilla/5.0 (Windows NT 10.0; Win64; x64; rv:59.0) Gecko/20100101 Firefox/59.0"
93.86.237.193 - - [08/May/2018:10:27:00 -0400] "GET / HTTP/1.1" 200 8218 "-" "Mozilla/5.0 (Windows NT 6.1; WOW64; rv:40.0) Gecko/20100101 Firefox/40.1"
134.147.202.146 - - [08/May/2018:10:27:14 -0400] "GET /2018/cfp HTTP/1.1" 200 4912 "https://www.nspw.org/" "Mozilla/5.0 (Windows NT 10.0; Win64; x64; rv:59.0) Gecko/20100101 Firefox/59.0"
134.147.202.146 - - [08/May/2018:10:27:15 -0400] "GET /2018/dates HTTP/1.1" 200 2877 "https://www.nspw.org/2018/cfp" "Mozilla/5.0 (Windows NT 10.0; Win64; x64; rv:59.0) Gecko/20100101 Firefox/59.0"
134.147.202.146 - - [08/May/2018:10:27:15 -0400] "GET /modules/system/system.base.css?p7r9uw HTTP/1.1" 200 2307 "https://www.nspw.org/2018/dates" "Mozilla/5.0 (Windows NT 10.0; Win64; x64; rv:59.0) Gecko/20100101 Firefox/59.0"
134.147.202.146 - - [08/May/2018:10:27:26 -0400] "GET /2018/organizers HTTP/1.1" 200 3723 "https://www.nspw.org/2018/dates" "Mozilla/5.0 (Windows NT 10.0; Win64; x64; rv:59.0) Gecko/20100101 Firefox/59.0"
66.249.64.219 - - [08/May/2018:10:27:54 -0400] "GET /papers/2006/nspw2006-greenwald.pdf HTTP/1.1" 200 129987 "-" "Mozilla/5.0 (compatible; Googlebot/2.1; +http://www.google.com/bot.html)"
41.205.61.147 - - [08/May/2018:10:28:33 -0400] "GET /wp-login.php HTTP/1.1" 404 7985 "-" "Mozilla/5.0 (Windows NT 6.1; WOW64; rv:40.0) Gecko/20100101 Firefox/40.1"
41.205.61.147 - - [08/May/2018:10:28:33 -0400] "GET / HTTP/1.1" 200 8206 "-" "Mozilla/5.0 (Windows NT 6.1; WOW64; rv:40.0) Gecko/20100101 Firefox/40.1"
190.225.30.59 - - [08/May/2018:10:28:41 -0400] "GET /wp-login.php HTTP/1.1" 404 8018 "-" "Mozilla/5.0 (Windows NT 6.1; WOW64; rv:40.0) Gecko/20100101 Firefox/40.1"
190.225.30.59 - - [08/May/2018:10:28:45 -0400] "GET / HTTP/1.1" 200 8206 "-" "Mozilla/5.0 (Windows NT 6.1; WOW64; rv:40.0) Gecko/20100101 Firefox/40.1"
66.249.64.219 - - [08/May/2018:10:29:21 -0400] "GET /modules/field/theme/field.css?p7kfx6 HTTP/1.1" 200 3993 "https://www.nspw.org/proceedings/1993" "Mozilla/5.0 (compatible; Googlebot/2.1; +http://www.google.com/bot.html)"
66.249.64.217 - - [08/May/2018:10:29:21 -0400] "GET /modules/system/system.theme.css?p7kfx6 HTTP/1.1" 200 4979 "https://www.nspw.org/proceedings/1993" "Mozilla/5.0 (compatible; Googlebot/2.1; +http://www.google.com/bot.html)"
66.249.64.219 - - [08/May/2018:10:29:22 -0400] "GET /modules/node/node.css?p7kfx6 HTTP/1.1" 200 472 "https://www.nspw.org/proceedings/1993" "Mozilla/5.0 (compatible; Googlebot/2.1; +http://www.google.com/bot.html)"
66.249.64.219 - - [08/May/2018:10:29:22 -0400] "GET /modules/user/user.css?p7kfx6 HTTP/1.1" 200 1062 "https://www.nspw.org/proceedings/1993" "Mozilla/5.0 (compatible; Googlebot/2.1; +http://www.google.com/bot.html)"
66.249.64.215 - - [08/May/2018:10:29:23 -0400] "GET /modules/comment/comment.css?p7kfx6 HTTP/1.1" 200 3899 "https://www.nspw.org/proceedings/1993" "Mozilla/5.0 (compatible; Googlebot/2.1; +http://www.google.com/bot.html)"
66.249.64.215 - - [08/May/2018:10:29:23 -0400] "GET /modules/system/system.menus.css?p7kfx6 HTTP/1.1" 200 1025 "https://www.nspw.org/proceedings/1993" "Mozilla/5.0 (compatible; Googlebot/2.1; +http://www.google.com/bot.html)"
66.249.64.219 - - [08/May/2018:10:29:24 -0400] "GET /modules/system/system.messages.css?p7kfx6 HTTP/1.1" 200 746 "https://www.nspw.org/proceedings/1993" "Mozilla/5.0 (compatible; Googlebot/2.1; +http://www.google.com/bot.html)"
66.249.64.219 - - [08/May/2018:10:29:24 -0400] "GET /themes/garland/style.css?p7kfx6 HTTP/1.1" 200 5370 "https://www.nspw.org/proceedings/1993" "Mozilla/5.0 (compatible; Googlebot/2.1; +http://www.google.com/bot.html)"
66.249.64.217 - - [08/May/2018:10:29:25 -0400] "GET /modules/system/system.base.css?p7kfx6 HTTP/1.1" 200 2307 "https://www.nspw.org/proceedings/1993" "Mozilla/5.0 (compatible; Googlebot/2.1; +http://www.google.com/bot.html)"
66.249.64.217 - - [08/May/2018:10:29:25 -0400] "GET /themes/garland/print.css?p7kfx6 HTTP/1.1" 200 771 "https://www.nspw.org/proceedings/1993" "Mozilla/5.0 (compatible; Googlebot/2.1; +http://www.google.com/bot.html)"
69.162.124.227 - - [08/May/2018:10:29:59 -0400] "HEAD / HTTP/1.1" 200 3874 "http://nspw.org/" "Mozilla/5.0+(compatible; UptimeRobot/2.0; http://www.uptimerobot.com/)"
54.202.163.228 - - [08/May/2018:10:31:27 -0400] "GET /papers/1993/nspw1993-slack.pdf HTTP/1.1" 200 519861 "-" "python-requests/2.18.4"
77.88.47.40 - - [08/May/2018:10:33:17 -0400] "GET /2005/local.content HTTP/1.1" 200 3992 "-" "Mozilla/5.0 (compatible; YandexBot/3.0; +http://yandex.com/bots)"
77.88.47.40 - - [08/May/2018:10:33:39 -0400] "GET /2006/program.shtml HTTP/1.1" 200 6302 "-" "Mozilla/5.0 (compatible; YandexBot/3.0; +http://yandex.com/bots)"
77.88.47.40 - - [08/May/2018:10:33:40 -0400] "GET /proceedings/1995 HTTP/1.1" 200 2732 "-" "Mozilla/5.0 (compatible; YandexBot/3.0; +http://yandex.com/bots)"
54.213.204.173 - - [08/May/2018:10:33:42 -0400] "GET /papers/1993/nspw1993-desmedt.pdf HTTP/1.1" 200 694330 "-" "python-requests/2.18.4"
77.88.47.40 - - [08/May/2018:10:33:56 -0400] "GET /2006/cfp/?C=N;O=A HTTP/1.1" 403 3965 "-" "Mozilla/5.0 (compatible; YandexBot/3.0; +http://yandex.com/bots)"
66.249.64.219 - - [08/May/2018:10:33:58 -0400] "GET /2009/pc-gen.pl HTTP/1.1" 200 4849 "-" "Mozilla/5.0 (compatible; Googlebot/2.1; +http://www.google.com/bot.html)"
69.162.124.227 - - [08/May/2018:10:34:58 -0400] "HEAD / HTTP/1.1" 200 3874 "http://nspw.org/" "Mozilla/5.0+(compatible; UptimeRobot/2.0; http://www.uptimerobot.com/)"
77.88.47.40 - - [08/May/2018:10:35:01 -0400] "GET /2005/cfp.content HTTP/1.1" 200 8996 "-" "Mozilla/5.0 (compatible; YandexBot/3.0; +http://yandex.com/bots)"
59.106.108.116 - - [08/May/2018:10:36:02 -0400] "HEAD /current/ HTTP/1.1" 200 3904 "-" "Hatena Antenna/0.5 (http://a.hatena.ne.jp/help)"
59.106.108.116 - - [08/May/2018:10:36:04 -0400] "GET /current/ HTTP/1.1" 200 12401 "-" "Hatena Antenna/0.5 (http://a.hatena.ne.jp/help)"
42.236.99.65 - - [08/May/2018:10:36:22 -0400] "GET / HTTP/1.1" 200 6509 "https://www.nspw.org/" "Mozilla/5.0 (Windows NT 6.1; WOW64) AppleWebKit/537.36 (KHTML, like Gecko) Chrome/50.0.2661.102 Safari/537.36; 360Spider"
42.236.99.218 - - [08/May/2018:10:37:01 -0400] "GET / HTTP/1.1" 200 6507 "https://www.nspw.org/" "Mozilla/5.0 (Windows NT 6.1; WOW64) AppleWebKit/537.36 (KHTML, like Gecko) Chrome/50.0.2661.102 Safari/537.36; 360Spider"
66.249.64.215 - - [08/May/2018:10:38:35 -0400] "GET /2015/sponsors HTTP/1.1" 200 6313 "-" "Mozilla/5.0 (compatible; Googlebot/2.1; +http://www.google.com/bot.html)"
154.160.20.118 - - [08/May/2018:10:38:55 -0400] "GET /favicon.ico HTTP/1.1" 404 4093 "https://www.nspw.org/papers/2011/nspw2011-feigenbaum.pdf" "Mozilla/5.0 (Windows NT 10.0; WOW64) AppleWebKit/537.36 (KHTML, like Gecko) Chrome/65.0.3325.181 Safari/537.36 OPR/52.0.2871.64"
