66.102.6.199 - - [06/May/2018:09:21:13 -0400] "GET /modules/system/system.theme.css?p7r9uw HTTP/1.1" 200 1585 "https://www.nspw.org/2018/cfp" "Mozilla/5.0 (Linux; Android 4.2.1; en-us; Nexus 5 Build/JOP40D) AppleWebKit/535.19 (KHTML, like Gecko; googleweblight) Chrome/38.0.1025.166 Mobile Safari/535.19"
66.102.6.201 - - [06/May/2018:09:21:13 -0400] "GET /modules/field/theme/field.css?p7r9uw HTTP/1.1" 200 3993 "https://www.nspw.org/" "Mozilla/5.0 (Linux; Android 4.2.1; en-us; Nexus 5 Build/JOP40D) AppleWebKit/535.19 (KHTML, like Gecko; googleweblight) Chrome/38.0.1025.166 Mobile Safari/535.19"
66.102.6.201 - - [06/May/2018:09:21:13 -0400] "GET /modules/system/system.menus.css?p7r9uw HTTP/1.1" 200 4419 "https://www.nspw.org/" "Mozilla/5.0 (Linux; Android 4.2.1; en-us; Nexus 5 Build/JOP40D) AppleWebKit/535.19 (KHTML, like Gecko; googleweblight) Chrome/38.0.1025.166 Mobile Safari/535.19"
66.102.6.201 - - [06/May/2018:09:21:13 -0400] "GET /modules/comment/comment.css?p7r9uw HTTP/1.1" 200 3899 "https://www.nspw.org/" "Mozilla/5.0 (Linux; Android 4.2.1; en-us; Nexus 5 Build/JOP40D) AppleWebKit/535.19 (KHTML, like Gecko; googleweblight) Chrome/38.0.1025.166 Mobile Safari/535.19"
66.102.6.197 - - [06/May/2018:09:21:13 -0400] "GET /themes/garland/print.css?p7r9uw HTTP/1.1" 200 4165 "https://www.nspw.org/" "Mozilla/5.0 (Linux; Android 4.2.1; en-us; Nexus 5 Build/JOP40D) AppleWebKit/535.19 (KHTML, like Gecko; googleweblight) Chrome/38.0.1025.166 Mobile Safari/535.19"
66.102.6.197 - - [06/May/2018:09:21:13 -0400] "GET /misc/jquery.js?v=1.4.4 HTTP/1.1" 200 30995 "https://www.nspw.org/" "Mozilla/5.0 (Linux; Android 4.2.1; en-us; Nexus 5 Build/JOP40D) AppleWebKit/535.19 (KHTML, like Gecko; googleweblight) Chrome/38.0.1025.166 Mobile Safari/535.19"
66.102.6.197 - - [06/May/2018:09:21:13 -0400] "GET /modules/system/system.messages.css?p7r9uw HTTP/1.1" 200 4140 "https://www.nspw.org/" "Mozilla/5.0 (Linux; Android 4.2.1; en-us; Nexus 5 Build/JOP40D) AppleWebKit/535.19 (KHTML, like Gecko; googleweblight) Chrome/38.0.1025.166 Mobile Safari/535.19"
66.102.6.197 - - [06/May/2018:09:21:13 -0400] "GET /misc/drupal.js?p7r9uw HTTP/1.1" 200 10766 "https://www.nspw.org/" "Mozilla/5.0 (Linux; Android 4.2.1; en-us; Nexus 5 Build/JOP40D) AppleWebKit/535.19 (KHTML, like Gecko; googleweblight) Chrome/38.0.1025.166 Mobile Safari/535.19"
66.102.6.197 - - [06/May/2018:09:21:13 -0400] "GET /sites/default/files/nspw-logo-smaller.jpg HTTP/1.1" 200 5928 "https://www.nspw.org/" "Mozilla/5.0 (Linux; Android 4.2.1; en-us; Nexus 5 Build/JOP40D) AppleWebKit/535.19 (KHTML, like Gecko; googleweblight) Chrome/38.0.1025.166 Mobile Safari/535.19"
66.102.6.199 - - [06/May/2018:09:21:14 -0400] "GET /modules/user/user.css?p7r9uw HTTP/1.1" 200 4456 "https://www.nspw.org/" "Mozilla/5.0 (Linux; Android 4.2.1; en-us; Nexus 5 Build/JOP40D) AppleWebKit/535.19 (KHTML, like Gecko; googleweblight) Chrome/38.0.1025.166 Mobile Safari/535.19"
66.102.6.197 - - [06/May/2018:09:21:14 -0400] "GET /modules/system/system.theme.css?p7r9uw HTTP/1.1" 200 4979 "https://www.nspw.org/" "Mozilla/5.0 (Linux; Android 4.2.1; en-us; Nexus 5 Build/JOP40D) AppleWebKit/535.19 (KHTML, like Gecko; googleweblight) Chrome/38.0.1025.166 Mobile Safari/535.19"
66.102.6.197 - - [06/May/2018:09:21:15 -0400] "GET /misc/jquery.once.js?v=1.2 HTTP/1.1" 200 4839 "https://www.nspw.org/" "Mozilla/5.0 (Linux; Android 4.2.1; en-us; Nexus 5 Build/JOP40D) AppleWebKit/535.19 (KHTML, like Gecko; googleweblight) Chrome/38.0.1025.166 Mobile Safari/535.19"
66.102.6.197 - - [06/May/2018:09:21:15 -0400] "GET /modules/node/node.css?p7r9uw HTTP/1.1" 200 3866 "https://www.nspw.org/" "Mozilla/5.0 (Linux; Android 4.2.1; en-us; Nexus 5 Build/JOP40D) AppleWebKit/535.19 (KHTML, like Gecko; googleweblight) Chrome/38.0.1025.166 Mobile Safari/535.19"
66.102.6.197 - - [06/May/2018:09:21:15 -0400] "GET /themes/garland/images/bg-content-right.png HTTP/1.1" 200 3162 "https://www.nspw.org/themes/garland/style.css?p7r9uw" "Mozilla/5.0 (Linux; Android 4.2.1; en-us; Nexus 5 Build/JOP40D) AppleWebKit/535.19 (KHTML, like Gecko; googleweblight) Chrome/38.0.1025.166 Mobile Safari/535.19"
66.102.6.197 - - [06/May/2018:09:21:15 -0400] "GET /themes/garland/images/bg-navigation-item.png HTTP/1.1" 200 812 "https://www.nspw.org/themes/garland/style.css?p7r9uw" "Mozilla/5.0 (Linux; Android 4.2.1; en-us; Nexus 5 Build/JOP40D) AppleWebKit/535.19 (KHTML, like Gecko; googleweblight) Chrome/38.0.1025.166 Mobile Safari/535.19"
66.102.6.199 - - [06/May/2018:09:21:15 -0400] "GET /themes/garland/images/menu-leaf.gif HTTP/1.1" 200 486 "https://www.nspw.org/themes/garland/style.css?p7r9uw" "Mozilla/5.0 (Linux; Android 4.2.1; en-us; Nexus 5 Build/JOP40D) AppleWebKit/535.19 (KHTML, like Gecko; googleweblight) Chrome/38.0.1025.166 Mobile Safari/535.19"
66.102.6.201 - - [06/May/2018:09:21:15 -0400] "GET /themes/garland/images/bg-navigation-item-hover.png HTTP/1.1" 200 754 "https://www.nspw.org/themes/garland/style.css?p7r9uw" "Mozilla/5.0 (Linux; Android 4.2.1; en-us; Nexus 5 Build/JOP40D) AppleWebKit/535.19 (KHTML, like Gecko; googleweblight) Chrome/38.0.1025.166 Mobile Safari/535.19"
66.102.6.201 - - [06/May/2018:09:21:15 -0400] "GET /themes/garland/images/body.png HTTP/1.1" 200 993 "https://www.nspw.org/themes/garland/style.css?p7r9uw" "Mozilla/5.0 (Linux; Android 4.2.1; en-us; Nexus 5 Build/JOP40D) AppleWebKit/535.19 (KHTML, like Gecko; googleweblight) Chrome/38.0.1025.166 Mobile Safari/535.19"
66.102.6.201 - - [06/May/2018:09:21:15 -0400] "GET /themes/garland/images/bg-content-left.png HTTP/1.1" 200 3232 "https://www.nspw.org/themes/garland/style.css?p7r9uw" "Mozilla/5.0 (Linux; Android 4.2.1; en-us; Nexus 5 Build/JOP40D) AppleWebKit/535.19 (KHTML, like Gecko; googleweblight) Chrome/38.0.1025.166 Mobile Safari/535.19"
66.102.6.197 - - [06/May/2018:09:21:15 -0400] "GET /themes/garland/images/bg-content.png HTTP/1.1" 200 798 "https://www.nspw.org/themes/garland/style.css?p7r9uw" "Mozilla/5.0 (Linux; Android 4.2.1; en-us; Nexus 5 Build/JOP40D) AppleWebKit/535.19 (KHTML, like Gecko; googleweblight) Chrome/38.0.1025.166 Mobile Safari/535.19"
66.102.6.199 - - [06/May/2018:09:21:15 -0400] "GET /themes/garland/images/menu-expanded.gif HTTP/1.1" 200 495 "https://www.nspw.org/themes/garland/style.css?p7r9uw" "Mozilla/5.0 (Linux; Android 4.2.1; en-us; Nexus 5 Build/JOP40D) AppleWebKit/535.19 (KHTML, like Gecko; googleweblight) Chrome/38.0.1025.166 Mobile Safari/535.19"
66.102.6.199 - - [06/May/2018:09:21:15 -0400] "GET /themes/garland/images/menu-collapsed.gif HTTP/1.1" 200 3882 "https://www.nspw.org/themes/garland/style.css?p7r9uw" "Mozilla/5.0 (Linux; Android 4.2.1; en-us; Nexus 5 Build/JOP40D) AppleWebKit/535.19 (KHTML, like Gecko; googleweblight) Chrome/38.0.1025.166 Mobile Safari/535.19"
69.162.124.227 - - [06/May/2018:09:23:27 -0400] "HEAD / HTTP/1.1" 200 3874 "http://nspw.org/" "Mozilla/5.0+(compatible; UptimeRobot/2.0; http://www.uptimerobot.com/)"
158.108.234.199 - - [06/May/2018:09:24:51 -0400] "GET /wp-login.php HTTP/1.1" 404 7903 "-" "Mozilla/5.0 (Windows NT 6.1; WOW64; rv:40.0) Gecko/20100101 Firefox/40.1"
158.108.234.199 - - [06/May/2018:09:24:52 -0400] "GET / HTTP/1.1" 200 8218 "-" "Mozilla/5.0 (Windows NT 6.1; WOW64; rv:40.0) Gecko/20100101 Firefox/40.1"
5.196.87.138 - - [06/May/2018:09:24:56 -0400] "GET /robots.txt HTTP/1.1" 200 4297 "-" "Mozilla/5.0 (compatible; AhrefsBot/5.2; +http://ahrefs.com/robot/)"
116.87.207.3 - - [06/May/2018:09:26:44 -0400] "GET /wp-login.php HTTP/1.1" 404 7491 "-" "Mozilla/5.0 (Windows NT 6.1; WOW64; rv:40.0) Gecko/20100101 Firefox/40.1"
116.87.207.3 - - [06/May/2018:09:26:44 -0400] "GET / HTTP/1.1" 200 8218 "-" "Mozilla/5.0 (Windows NT 6.1; WOW64; rv:40.0) Gecko/20100101 Firefox/40.1"
180.76.15.155 - - [06/May/2018:09:26:55 -0400] "GET /proceedings/2001 HTTP/1.1" 200 12193 "-" "Mozilla/5.0 (compatible; Baiduspider/2.0; +http://www.baidu.com/search/spider.html)"
66.249.64.215 - - [06/May/2018:09:27:56 -0400] "GET /2017 HTTP/1.1" 200 7051 "-" "Mozilla/5.0 (compatible; Googlebot/2.1; +http://www.google.com/bot.html)"
69.162.124.227 - - [06/May/2018:09:28:27 -0400] "HEAD / HTTP/1.1" 200 3874 "http://nspw.org/" "Mozilla/5.0+(compatible; UptimeRobot/2.0; http://www.uptimerobot.com/)"
207.46.13.136 - - [06/May/2018:09:28:43 -0400] "GET /2009/proceedings/2010/nspw2010-bratus.pdf HTTP/1.1" 200 457729 "-" "Mozilla/5.0 (iPhone; CPU iPhone OS 7_0 like Mac OS X) AppleWebKit/537.51.1 (KHTML, like Gecko) Version/7.0 Mobile/11A465 Safari/9537.53 (compatible; bingbot/2.0; +http://www.bing.com/bingbot.htm)"
77.75.79.17 - - [06/May/2018:09:29:36 -0400] "GET /robots.txt HTTP/1.1" 200 4601 "-" "Mozilla/5.0 (compatible; SeznamBot/3.2; +http://napoveda.seznam.cz/en/seznambot-intro/)"
77.75.79.17 - - [06/May/2018:09:29:47 -0400] "GET /2006/proceedings.shtml HTTP/1.1" 200 4872 "-" "Mozilla/5.0 (compatible; SeznamBot/3.2; +http://napoveda.seznam.cz/en/seznambot-intro/)"
77.75.79.17 - - [06/May/2018:09:29:58 -0400] "GET /2009/cfp2009.pdf HTTP/1.1" 200 61677 "-" "Mozilla/5.0 (compatible; SeznamBot/3.2; +http://napoveda.seznam.cz/en/seznambot-intro/)"
77.75.79.17 - - [06/May/2018:09:30:09 -0400] "GET /2006/panel.html HTTP/1.1" 200 4332 "-" "Mozilla/5.0 (compatible; SeznamBot/3.2; +http://napoveda.seznam.cz/en/seznambot-intro/)"
77.75.79.17 - - [06/May/2018:09:30:20 -0400] "GET /robots.txt HTTP/1.1" 200 4585 "-" "Mozilla/5.0 (compatible; SeznamBot/3.2; +http://napoveda.seznam.cz/en/seznambot-intro/)"
77.75.79.17 - - [06/May/2018:09:30:30 -0400] "GET /introduction HTTP/1.1" 200 6686 "-" "Mozilla/5.0 (compatible; SeznamBot/3.2; +http://napoveda.seznam.cz/en/seznambot-intro/)"
77.75.79.17 - - [06/May/2018:09:30:41 -0400] "GET /papers/2013/ HTTP/1.1" 200 4452 "-" "Mozilla/5.0 (compatible; SeznamBot/3.2; +http://napoveda.seznam.cz/en/seznambot-intro/)"
77.75.79.17 - - [06/May/2018:09:30:51 -0400] "GET /2003/hold/ HTTP/1.1" 200 5664 "-" "Mozilla/5.0 (compatible; SeznamBot/3.2; +http://napoveda.seznam.cz/en/seznambot-intro/)"
124.253.53.158 - - [06/May/2018:09:31:02 -0400] "GET /wp-login.php HTTP/1.1" 404 7985 "-" "Mozilla/5.0 (Windows NT 6.1; WOW64; rv:40.0) Gecko/20100101 Firefox/40.1"
124.253.53.158 - - [06/May/2018:09:31:02 -0400] "GET / HTTP/1.1" 200 8206 "-" "Mozilla/5.0 (Windows NT 6.1; WOW64; rv:40.0) Gecko/20100101 Firefox/40.1"
182.177.70.40 - - [06/May/2018:09:32:02 -0400] "GET /wp-login.php HTTP/1.1" 404 7839 "-" "Mozilla/5.0 (Windows NT 6.1; WOW64; rv:40.0) Gecko/20100101 Firefox/40.1"
182.177.70.40 - - [06/May/2018:09:32:05 -0400] "GET / HTTP/1.1" 200 8218 "-" "Mozilla/5.0 (Windows NT 6.1; WOW64; rv:40.0) Gecko/20100101 Firefox/40.1"
81.44.33.222 - - [06/May/2018:09:33:08 -0400] "GET /wp-login.php HTTP/1.1" 404 8180 "-" "Mozilla/5.0 (Windows NT 6.1; WOW64; rv:40.0) Gecko/20100101 Firefox/40.1"
81.44.33.222 - - [06/May/2018:09:33:10 -0400] "GET / HTTP/1.1" 200 8298 "-" "Mozilla/5.0 (Windows NT 6.1; WOW64; rv:40.0) Gecko/20100101 Firefox/40.1"
69.162.124.227 - - [06/May/2018:09:33:27 -0400] "HEAD / HTTP/1.1" 200 3874 "http://nspw.org/" "Mozilla/5.0+(compatible; UptimeRobot/2.0; http://www.uptimerobot.com/)"
216.244.66.236 - - [06/May/2018:09:34:09 -0400] "GET /robots.txt HTTP/1.1" 200 5796 "-" "Mozilla/5.0 (compatible; DotBot/1.1; http://www.opensiteexplorer.org/dotbot, help@moz.com)"
223.218.104.68 - - [06/May/2018:09:37:24 -0400] "GET / HTTP/1.1" 200 6622 "-" "Mozilla/5.0 (Macintosh; Intel Mac OS X 10_13_4) AppleWebKit/537.36 (KHTML, like Gecko) Chrome/66.0.3359.139 Safari/537.36"
69.162.124.227 - - [06/May/2018:09:38:27 -0400] "HEAD / HTTP/1.1" 200 3874 "http://nspw.org/" "Mozilla/5.0+(compatible; UptimeRobot/2.0; http://www.uptimerobot.com/)"
217.131.84.92 - - [06/May/2018:09:38:32 -0400] "GET /wp-login.php HTTP/1.1" 404 7985 "-" "Mozilla/5.0 (Windows NT 6.1; WOW64; rv:40.0) Gecko/20100101 Firefox/40.1"
217.131.84.92 - - [06/May/2018:09:38:33 -0400] "GET / HTTP/1.1" 200 8206 "-" "Mozilla/5.0 (Windows NT 6.1; WOW64; rv:40.0) Gecko/20100101 Firefox/40.1"
66.249.64.217 - - [06/May/2018:09:41:16 -0400] "GET /2009/proceedings/1996/nspw1996-wulf.pdf HTTP/1.1" 200 1104566 "-" "Mozilla/5.0 (compatible; Googlebot/2.1; +http://www.google.com/bot.html)"
171.97.39.213 - - [06/May/2018:09:42:54 -0400] "GET /wp-login.php HTTP/1.1" 404 7491 "-" "Mozilla/5.0 (Windows NT 6.1; WOW64; rv:40.0) Gecko/20100101 Firefox/40.1"
171.97.39.213 - - [06/May/2018:09:42:55 -0400] "GET / HTTP/1.1" 200 8218 "-" "Mozilla/5.0 (Windows NT 6.1; WOW64; rv:40.0) Gecko/20100101 Firefox/40.1"
39.43.123.122 - - [06/May/2018:09:43:02 -0400] "GET /wp-login.php HTTP/1.1" 404 7839 "-" "Mozilla/5.0 (Windows NT 6.1; WOW64; rv:40.0) Gecko/20100101 Firefox/40.1"
69.162.124.227 - - [06/May/2018:09:43:27 -0400] "HEAD / HTTP/1.1" 200 3874 "http://nspw.org/" "Mozilla/5.0+(compatible; UptimeRobot/2.0; http://www.uptimerobot.com/)"
69.195.124.77 - - [06/May/2018:09:46:12 -0400] "GET /sites/default/files/sponsors/qendulzy.php HTTP/1.0" 404 8192 "http://nspw.org/sites/default/files/sponsors/qendulzy.php" "Mozilla/5.0 (Windows NT 10.0; Win64; x64) AppleWebKit/537.36 (KHTML, like Gecko) Chrome/52.0.2743.116 Safari/537.36 Edge/15.15063"
207.246.240.123 - - [06/May/2018:09:46:13 -0400] "GET /sites/default/files/sponsors/qendulzy.php HTTP/1.0" 404 8124 "http://nspw.org/sites/default/files/sponsors/qendulzy.php" "Mozilla/5.0 (Windows NT 6.1; Trident/7.0; rv:11.0) like Gecko"
212.90.36.41 - - [06/May/2018:09:46:46 -0400] "GET /wp-login.php HTTP/1.1" 404 7985 "-" "Mozilla/5.0 (Windows NT 6.1; WOW64; rv:40.0) Gecko/20100101 Firefox/40.1"
212.90.36.41 - - [06/May/2018:09:46:46 -0400] "GET / HTTP/1.1" 200 8206 "-" "Mozilla/5.0 (Windows NT 6.1; WOW64; rv:40.0) Gecko/20100101 Firefox/40.1"
69.162.124.227 - - [06/May/2018:09:48:27 -0400] "HEAD / HTTP/1.1" 200 3874 "http://nspw.org/" "Mozilla/5.0+(compatible; UptimeRobot/2.0; http://www.uptimerobot.com/)"
66.249.64.16 - - [06/May/2018:09:48:43 -0400] "GET /2001/past.html HTTP/1.1" 200 5304 "-" "Mozilla/5.0 (compatible; Googlebot/2.1; +http://www.google.com/bot.html)"
207.46.13.162 - - [06/May/2018:09:49:30 -0400] "GET /papers/2010/nspw2010-lilien.pdf?origin=publication_detail HTTP/1.1" 200 741118 "-" "Mozilla/5.0 (compatible; bingbot/2.0; +http://www.bing.com/bingbot.htm)"
157.55.39.49 - - [06/May/2018:09:49:56 -0400] "GET /cfp/nspw2017-cfp.pdf HTTP/1.1" 200 78279 "-" "Mozilla/5.0 (iPhone; CPU iPhone OS 7_0 like Mac OS X) AppleWebKit/537.51.1 (KHTML, like Gecko) Version/7.0 Mobile/11A465 Safari/9537.53 (compatible; bingbot/2.0; +http://www.bing.com/bingbot.htm)"
86.137.104.111 - - [06/May/2018:09:52:21 -0400] "GET /papers/2013/nspw2013-ard.pdf HTTP/1.1" 200 556073 "-" "Mozilla/5.0 (iPhone; CPU iPhone OS 11_3 like Mac OS X) AppleWebKit/605.1.15 (KHTML, like Gecko) Version/11.0 Mobile/15E148 Safari/604.1"
69.162.124.227 - - [06/May/2018:09:53:27 -0400] "HEAD / HTTP/1.1" 200 3874 "http://nspw.org/" "Mozilla/5.0+(compatible; UptimeRobot/2.0; http://www.uptimerobot.com/)"
66.102.7.59 - - [06/May/2018:09:54:03 -0400] "GET /papers/2011/nspw2011-pieters.pdf HTTP/1.1" 200 2771026 "http://www.google.com/search" "Mozilla/5.0 (X11; Linux x86_64) AppleWebKit/537.36 (KHTML, like Gecko; Google Web Preview) Chrome/41.0.2272.118 Safari/537.36"
66.102.6.201 - - [06/May/2018:09:54:04 -0400] "GET /papers/2011/nspw2011-pieters.pdf HTTP/1.1" 200 2771026 "-" "Mozilla/5.0 (X11; Linux x86_64) AppleWebKit/537.36 (KHTML, like Gecko) Chrome/49.0.2623.75 Safari/537.36 Google Favicon"
66.102.6.197 - - [06/May/2018:09:54:04 -0400] "GET /favicon.ico HTTP/1.1" 404 4094 "-" "Mozilla/5.0 (X11; Linux x86_64) AppleWebKit/537.36 (KHTML, like Gecko) Chrome/49.0.2623.75 Safari/537.36 Google Favicon"
66.249.64.217 - - [06/May/2018:09:54:36 -0400] "GET /papers/2011/nspw2011-bishop.pdf HTTP/1.1" 200 572715 "-" "Mozilla/5.0 (compatible; Googlebot/2.1; +http://www.google.com/bot.html)"
123.125.143.157 - - [06/May/2018:09:54:58 -0400] "GET / HTTP/1.1" 200 6635 "-" "Mozilla/5.0 (Windows NT 6.1; WOW64; rv:43.0) Gecko/20100101 Firefox/43.0"
123.125.143.157 - - [06/May/2018:09:54:58 -0400] "GET /modules/system/system.base.css?p7r9uw HTTP/1.1" 200 2307 "https://www.nspw.org/" "Mozilla/5.0 (Windows NT 6.1; WOW64; rv:43.0) Gecko/20100101 Firefox/43.0"
123.125.143.157 - - [06/May/2018:09:54:59 -0400] "GET /modules/system/system.menus.css?p7r9uw HTTP/1.1" 200 1025 "https://www.nspw.org/" "Mozilla/5.0 (Windows NT 6.1; WOW64; rv:43.0) Gecko/20100101 Firefox/43.0"
123.125.143.157 - - [06/May/2018:09:54:59 -0400] "GET /modules/system/system.messages.css?p7r9uw HTTP/1.1" 200 884 "https://www.nspw.org/" "Mozilla/5.0 (Windows NT 6.1; WOW64; rv:43.0) Gecko/20100101 Firefox/43.0"
123.125.143.30 - - [06/May/2018:09:54:59 -0400] "GET /modules/system/system.theme.css?p7r9uw HTTP/1.1" 200 1723 "https://www.nspw.org/" "Mozilla/5.0 (Windows NT 6.1; WOW64; rv:43.0) Gecko/20100101 Firefox/43.0"
123.125.143.157 - - [06/May/2018:09:54:59 -0400] "GET /modules/field/theme/field.css?p7r9uw HTTP/1.1" 200 599 "https://www.nspw.org/" "Mozilla/5.0 (Windows NT 6.1; WOW64; rv:43.0) Gecko/20100101 Firefox/43.0"
123.125.143.64 - - [06/May/2018:09:54:59 -0400] "GET /modules/node/node.css?p7r9uw HTTP/1.1" 200 610 "https://www.nspw.org/" "Mozilla/5.0 (Windows NT 6.1; WOW64; rv:43.0) Gecko/20100101 Firefox/43.0"
123.125.143.157 - - [06/May/2018:09:54:59 -0400] "GET /modules/user/user.css?p7r9uw HTTP/1.1" 200 1200 "https://www.nspw.org/" "Mozilla/5.0 (Windows NT 6.1; WOW64; rv:43.0) Gecko/20100101 Firefox/43.0"
123.125.143.31 - - [06/May/2018:09:54:59 -0400] "GET /modules/comment/comment.css?p7r9uw HTTP/1.1" 200 643 "https://www.nspw.org/" "Mozilla/5.0 (Windows NT 6.1; WOW64; rv:43.0) Gecko/20100101 Firefox/43.0"
123.125.143.157 - - [06/May/2018:09:54:59 -0400] "GET /themes/garland/style.css?p7r9uw HTTP/1.1" 200 5370 "https://www.nspw.org/" "Mozilla/5.0 (Windows NT 6.1; WOW64; rv:43.0) Gecko/20100101 Firefox/43.0"
123.125.143.30 - - [06/May/2018:09:54:59 -0400] "GET /themes/garland/print.css?p7r9uw HTTP/1.1" 200 771 "https://www.nspw.org/" "Mozilla/5.0 (Windows NT 6.1; WOW64; rv:43.0) Gecko/20100101 Firefox/43.0"
123.125.143.157 - - [06/May/2018:09:54:59 -0400] "GET /misc/jquery.js?v=1.4.4 HTTP/1.1" 200 27601 "https://www.nspw.org/" "Mozilla/5.0 (Windows NT 6.1; WOW64; rv:43.0) Gecko/20100101 Firefox/43.0"
123.125.143.31 - - [06/May/2018:09:54:59 -0400] "GET /misc/jquery.once.js?v=1.2 HTTP/1.1" 200 1445 "https://www.nspw.org/" "Mozilla/5.0 (Windows NT 6.1; WOW64; rv:43.0) Gecko/20100101 Firefox/43.0"
123.125.143.64 - - [06/May/2018:09:54:59 -0400] "GET /misc/drupal.js?p7r9uw HTTP/1.1" 200 7372 "https://www.nspw.org/" "Mozilla/5.0 (Windows NT 6.1; WOW64; rv:43.0) Gecko/20100101 Firefox/43.0"
216.244.66.236 - - [06/May/2018:09:57:50 -0400] "GET /robots.txt HTTP/1.1" 200 5796 "-" "Mozilla/5.0 (compatible; DotBot/1.1; http://www.opensiteexplorer.org/dotbot, help@moz.com)"
179.42.171.18 - - [06/May/2018:09:57:59 -0400] "GET /wp-login.php HTTP/1.1" 404 7839 "-" "Mozilla/5.0 (Windows NT 6.1; WOW64; rv:40.0) Gecko/20100101 Firefox/40.1"
179.42.171.18 - - [06/May/2018:09:58:00 -0400] "GET / HTTP/1.1" 200 8218 "-" "Mozilla/5.0 (Windows NT 6.1; WOW64; rv:40.0) Gecko/20100101 Firefox/40.1"
69.162.124.227 - - [06/May/2018:09:58:27 -0400] "HEAD / HTTP/1.1" 200 3874 "http://nspw.org/" "Mozilla/5.0+(compatible; UptimeRobot/2.0; http://www.uptimerobot.com/)"
207.46.13.235 - - [06/May/2018:10:03:06 -0400] "GET /2007/?C=S;O=A HTTP/1.1" 200 5910 "-" "Mozilla/5.0 (compatible; bingbot/2.0; +http://www.bing.com/bingbot.htm)"
69.162.124.227 - - [06/May/2018:10:03:27 -0400] "HEAD / HTTP/1.1" 200 3874 "http://nspw.org/" "Mozilla/5.0+(compatible; UptimeRobot/2.0; http://www.uptimerobot.com/)"
66.249.64.219 - - [06/May/2018:10:07:55 -0400] "GET /2018 HTTP/1.1" 200 6906 "-" "Mozilla/5.0 (compatible; Googlebot/2.1; +http://www.google.com/bot.html)"
69.162.124.227 - - [06/May/2018:10:08:27 -0400] "HEAD / HTTP/1.1" 200 3874 "http://nspw.org/" "Mozilla/5.0+(compatible; UptimeRobot/2.0; http://www.uptimerobot.com/)"
199.16.157.180 - - [06/May/2018:10:09:52 -0400] "GET /robots.txt HTTP/1.1" 200 5699 "-" "Twitterbot/1.0"
69.162.124.227 - - [06/May/2018:10:13:27 -0400] "HEAD / HTTP/1.1" 200 3874 "http://nspw.org/" "Mozilla/5.0+(compatible; UptimeRobot/2.0; http://www.uptimerobot.com/)"
72.49.103.76 - - [06/May/2018:10:15:52 -0400] "GET /wp-login.php HTTP/1.1" 404 7839 "-" "Mozilla/5.0 (Windows NT 6.1; WOW64; rv:40.0) Gecko/20100101 Firefox/40.1"
72.49.103.76 - - [06/May/2018:10:15:53 -0400] "GET / HTTP/1.1" 200 8218 "-" "Mozilla/5.0 (Windows NT 6.1; WOW64; rv:40.0) Gecko/20100101 Firefox/40.1"
204.79.180.22 - - [06/May/2018:10:17:51 -0400] "GET /papers/1993/nspw1993-lin.pdf HTTP/1.1" 200 1018552 "http://www.bing.com/search?q=Bell+LaPadula+research+papers&form=MSNH14&sc=8-4&sp=-1&qs=n&sk=" "Mozilla/5.0 (compatible; MSIE 9.0; Windows NT 6.0; Trident/5.0;  Trident/5.0)"
69.162.124.227 - - [06/May/2018:10:18:27 -0400] "HEAD / HTTP/1.1" 200 3874 "http://nspw.org/" "Mozilla/5.0+(compatible; UptimeRobot/2.0; http://www.uptimerobot.com/)"
216.218.206.67 - - [06/May/2018:10:18:54 -0400] "GET / HTTP/1.1" 200 11408 "-" "-"
66.249.64.217 - - [06/May/2018:10:21:16 -0400] "GET /2011/dates HTTP/1.1" 200 6519 "-" "Mozilla/5.0 (Linux; Android 6.0.1; Nexus 5X Build/MMB29P) AppleWebKit/537.36 (KHTML, like Gecko) Chrome/41.0.2272.96 Mobile Safari/537.36 (compatible; Googlebot/2.1; +http://www.google.com/bot.html)"
216.244.66.236 - - [06/May/2018:10:22:06 -0400] "GET /robots.txt HTTP/1.1" 200 5796 "-" "Mozilla/5.0 (compatible; DotBot/1.1; http://www.opensiteexplorer.org/dotbot, help@moz.com)"
69.162.124.227 - - [06/May/2018:10:23:27 -0400] "HEAD / HTTP/1.1" 200 3874 "http://nspw.org/" "Mozilla/5.0+(compatible; UptimeRobot/2.0; http://www.uptimerobot.com/)"
216.244.66.236 - - [06/May/2018:10:24:32 -0400] "GET /2009/proceedings/2010/nspw2010-vancleeff.pdf HTTP/1.1" 200 418485 "-" "Mozilla/5.0 (compatible; DotBot/1.1; http://www.opensiteexplorer.org/dotbot, help@moz.com)"
41.96.111.113 - - [06/May/2018:10:24:51 -0400] "GET /wp-login.php HTTP/1.1" 404 7839 "-" "Mozilla/5.0 (Windows NT 6.1; WOW64; rv:40.0) Gecko/20100101 Firefox/40.1"
41.96.111.113 - - [06/May/2018:10:24:53 -0400] "GET / HTTP/1.1" 200 8218 "-" "Mozilla/5.0 (Windows NT 6.1; WOW64; rv:40.0) Gecko/20100101 Firefox/40.1"
124.123.0.12 - - [06/May/2018:10:26:56 -0400] "GET /wp-login.php HTTP/1.1" 404 8018 "-" "Mozilla/5.0 (Windows NT 6.1; WOW64; rv:40.0) Gecko/20100101 Firefox/40.1"
124.123.0.12 - - [06/May/2018:10:26:57 -0400] "GET / HTTP/1.1" 200 8206 "-" "Mozilla/5.0 (Windows NT 6.1; WOW64; rv:40.0) Gecko/20100101 Firefox/40.1"
117.200.84.30 - - [06/May/2018:10:27:27 -0400] "GET /wp-login.php HTTP/1.1" 404 7491 "-" "Mozilla/5.0 (Windows NT 6.1; WOW64; rv:40.0) Gecko/20100101 Firefox/40.1"
69.162.124.227 - - [06/May/2018:10:28:27 -0400] "HEAD / HTTP/1.1" 200 3874 "http://nspw.org/" "Mozilla/5.0+(compatible; UptimeRobot/2.0; http://www.uptimerobot.com/)"
69.162.124.227 - - [06/May/2018:10:33:27 -0400] "HEAD / HTTP/1.1" 200 3874 "http://nspw.org/" "Mozilla/5.0+(compatible; UptimeRobot/2.0; http://www.uptimerobot.com/)"
43.241.58.23 - - [06/May/2018:10:34:17 -0400] "GET /2014/organizers HTTP/1.0" 200 14808 "-" "Mozilla/5.0 (compatible; AhrefsBot/5.2; +http://ahrefs.com/robot/)"
66.249.64.215 - - [06/May/2018:10:34:35 -0400] "GET /papers/2008/nspw2008-beautement.pdf HTTP/1.1" 304 3605 "-" "Mozilla/5.0 (Linux; Android 6.0.1; Nexus 5X Build/MMB29P) AppleWebKit/537.36 (KHTML, like Gecko) Chrome/41.0.2272.96 Mobile Safari/537.36 (compatible; Googlebot/2.1; +http://www.google.com/bot.html)"
77.75.76.166 - - [06/May/2018:10:36:07 -0400] "GET /robots.txt HTTP/1.1" 200 4601 "-" "Mozilla/5.0 (compatible; SeznamBot/3.2; +http://napoveda.seznam.cz/en/seznambot-intro/)"
77.75.76.166 - - [06/May/2018:10:36:17 -0400] "GET /papers/2012/forms/authors.htm HTTP/1.1" 200 6959 "-" "Mozilla/5.0 (compatible; SeznamBot/3.2; +http://napoveda.seznam.cz/en/seznambot-intro/)"
77.75.76.166 - - [06/May/2018:10:36:28 -0400] "GET /proceedings/1995 HTTP/1.1" 200 6223 "-" "Mozilla/5.0 (compatible; SeznamBot/3.2; +http://napoveda.seznam.cz/en/seznambot-intro/)"
85.164.48.43 - - [06/May/2018:10:36:38 -0400] "GET /wp-login.php HTTP/1.1" 404 7491 "-" "Mozilla/5.0 (Windows NT 6.1; WOW64; rv:40.0) Gecko/20100101 Firefox/40.1"
77.75.76.166 - - [06/May/2018:10:36:38 -0400] "GET /proceedings/1996 HTTP/1.1" 200 6227 "-" "Mozilla/5.0 (compatible; SeznamBot/3.2; +http://napoveda.seznam.cz/en/seznambot-intro/)"
85.164.48.43 - - [06/May/2018:10:36:39 -0400] "GET / HTTP/1.1" 200 8218 "-" "Mozilla/5.0 (Windows NT 6.1; WOW64; rv:40.0) Gecko/20100101 Firefox/40.1"
77.75.76.166 - - [06/May/2018:10:36:49 -0400] "GET /1999/local.html HTTP/1.1" 200 5915 "-" "Mozilla/5.0 (compatible; SeznamBot/3.2; +http://napoveda.seznam.cz/en/seznambot-intro/)"
77.75.76.166 - - [06/May/2018:10:36:59 -0400] "GET /2006/cfp.shtml HTTP/1.1" 200 7665 "-" "Mozilla/5.0 (compatible; SeznamBot/3.2; +http://napoveda.seznam.cz/en/seznambot-intro/)"
77.75.76.166 - - [06/May/2018:10:37:10 -0400] "GET /2012/local HTTP/1.1" 200 6726 "-" "Mozilla/5.0 (compatible; SeznamBot/3.2; +http://napoveda.seznam.cz/en/seznambot-intro/)"
69.162.124.227 - - [06/May/2018:10:38:27 -0400] "HEAD / HTTP/1.1" 200 3874 "http://nspw.org/" "Mozilla/5.0+(compatible; UptimeRobot/2.0; http://www.uptimerobot.com/)"
1.238.98.133 - - [06/May/2018:10:40:17 -0400] "GET /wp-login.php HTTP/1.1" 404 7839 "-" "Mozilla/5.0 (Windows NT 6.1; WOW64; rv:40.0) Gecko/20100101 Firefox/40.1"
189.107.61.36 - - [06/May/2018:10:40:17 -0400] "GET /wp-login.php HTTP/1.1" 404 7491 "-" "Mozilla/5.0 (Windows NT 6.1; WOW64; rv:40.0) Gecko/20100101 Firefox/40.1"
1.238.98.133 - - [06/May/2018:10:40:18 -0400] "GET / HTTP/1.1" 200 8218 "-" "Mozilla/5.0 (Windows NT 6.1; WOW64; rv:40.0) Gecko/20100101 Firefox/40.1"
189.107.61.36 - - [06/May/2018:10:40:21 -0400] "GET / HTTP/1.1" 200 8218 "-" "Mozilla/5.0 (Windows NT 6.1; WOW64; rv:40.0) Gecko/20100101 Firefox/40.1"
151.20.36.184 - - [06/May/2018:10:41:30 -0400] "GET /wp-login.php HTTP/1.1" 404 7839 "-" "Mozilla/5.0 (Windows NT 6.1; WOW64; rv:40.0) Gecko/20100101 Firefox/40.1"
151.20.36.184 - - [06/May/2018:10:41:31 -0400] "GET / HTTP/1.1" 200 8218 "-" "Mozilla/5.0 (Windows NT 6.1; WOW64; rv:40.0) Gecko/20100101 Firefox/40.1"
207.46.13.136 - - [06/May/2018:10:42:56 -0400] "GET /papers/2013/nspw2013-peisert.pdf HTTP/1.1" 200 712499 "-" "Mozilla/5.0 (compatible; bingbot/2.0; +http://www.bing.com/bingbot.htm)"
69.162.124.227 - - [06/May/2018:10:43:27 -0400] "HEAD / HTTP/1.1" 200 3874 "http://nspw.org/" "Mozilla/5.0+(compatible; UptimeRobot/2.0; http://www.uptimerobot.com/)"
94.158.60.131 - - [06/May/2018:10:44:15 -0400] "GET /wp-login.php HTTP/1.1" 404 7985 "-" "Mozilla/5.0 (Windows NT 6.1; WOW64; rv:40.0) Gecko/20100101 Firefox/40.1"
94.158.60.131 - - [06/May/2018:10:44:19 -0400] "GET / HTTP/1.1" 200 8206 "-" "Mozilla/5.0 (Windows NT 6.1; WOW64; rv:40.0) Gecko/20100101 Firefox/40.1"
154.121.7.15 - - [06/May/2018:10:44:25 -0400] "GET /wp-login.php HTTP/1.1" 404 7835 "-" "Mozilla/5.0 (Windows NT 6.1; WOW64; rv:40.0) Gecko/20100101 Firefox/40.1"
154.121.7.15 - - [06/May/2018:10:44:27 -0400] "GET / HTTP/1.1" 200 8218 "-" "Mozilla/5.0 (Windows NT 6.1; WOW64; rv:40.0) Gecko/20100101 Firefox/40.1"
89.120.2.19 - - [06/May/2018:10:44:40 -0400] "GET /wp-login.php HTTP/1.1" 404 7491 "-" "Mozilla/5.0 (Windows NT 6.1; WOW64; rv:40.0) Gecko/20100101 Firefox/40.1"
89.120.2.19 - - [06/May/2018:10:44:40 -0400] "GET / HTTP/1.1" 200 8218 "-" "Mozilla/5.0 (Windows NT 6.1; WOW64; rv:40.0) Gecko/20100101 Firefox/40.1"
149.28.46.54 - - [06/May/2018:10:47:20 -0400] "GET / HTTP/1.1" 200 6637 "-" "Mozilla/5.0 (Windows NT 6.3; Win64; x64; rv:57.0) Gecko/20100101 Firefox/57.0"
149.28.46.54 - - [06/May/2018:10:47:20 -0400] "GET /themes/garland/style.css?p7r9uw HTTP/1.1" 200 8793 "https://www.nspw.org/" "Mozilla/5.0 (Windows NT 6.3; Win64; x64; rv:57.0) Gecko/20100101 Firefox/57.0"
149.28.46.54 - - [06/May/2018:10:47:21 -0400] "GET /themes/garland/print.css?p7r9uw HTTP/1.1" 200 4194 "https://www.nspw.org/" "Mozilla/5.0 (Windows NT 6.3; Win64; x64; rv:57.0) Gecko/20100101 Firefox/57.0"
149.28.46.54 - - [06/May/2018:10:47:21 -0400] "GET /themes/garland/fix-ie.css?p7r9uw HTTP/1.1" 200 4420 "https://www.nspw.org/" "Mozilla/5.0 (Windows NT 6.3; Win64; x64; rv:57.0) Gecko/20100101 Firefox/57.0"
149.28.46.54 - - [06/May/2018:10:47:21 -0400] "GET /sites/default/files/nspw-logo-smaller.jpg HTTP/1.1" 200 5957 "https://www.nspw.org/" "Mozilla/5.0 (Windows NT 6.3; Win64; x64; rv:57.0) Gecko/20100101 Firefox/57.0"
149.28.46.54 - - [06/May/2018:10:47:21 -0400] "GET /modules/user/user.css?p7r9uw HTTP/1.1" 200 4485 "https://www.nspw.org/" "Mozilla/5.0 (Windows NT 6.3; Win64; x64; rv:57.0) Gecko/20100101 Firefox/57.0"
149.28.46.54 - - [06/May/2018:10:47:21 -0400] "GET /modules/system/system.theme.css?p7r9uw HTTP/1.1" 200 5008 "https://www.nspw.org/" "Mozilla/5.0 (Windows NT 6.3; Win64; x64; rv:57.0) Gecko/20100101 Firefox/57.0"
149.28.46.54 - - [06/May/2018:10:47:22 -0400] "GET /modules/system/system.messages.css?p7r9uw HTTP/1.1" 200 4169 "https://www.nspw.org/" "Mozilla/5.0 (Windows NT 6.3; Win64; x64; rv:57.0) Gecko/20100101 Firefox/57.0"
149.28.46.54 - - [06/May/2018:10:47:22 -0400] "GET /modules/system/system.menus.css?p7r9uw HTTP/1.1" 200 4448 "https://www.nspw.org/" "Mozilla/5.0 (Windows NT 6.3; Win64; x64; rv:57.0) Gecko/20100101 Firefox/57.0"
149.28.46.54 - - [06/May/2018:10:47:22 -0400] "GET /modules/system/system.base.css?p7r9uw HTTP/1.1" 200 5730 "https://www.nspw.org/" "Mozilla/5.0 (Windows NT 6.3; Win64; x64; rv:57.0) Gecko/20100101 Firefox/57.0"
149.28.46.54 - - [06/May/2018:10:47:22 -0400] "GET /modules/node/node.css?p7r9uw HTTP/1.1" 200 3895 "https://www.nspw.org/" "Mozilla/5.0 (Windows NT 6.3; Win64; x64; rv:57.0) Gecko/20100101 Firefox/57.0"
149.28.46.54 - - [06/May/2018:10:47:22 -0400] "GET /modules/field/theme/field.css?p7r9uw HTTP/1.1" 200 4022 "https://www.nspw.org/" "Mozilla/5.0 (Windows NT 6.3; Win64; x64; rv:57.0) Gecko/20100101 Firefox/57.0"
149.28.46.54 - - [06/May/2018:10:47:22 -0400] "GET /modules/comment/comment.css?p7r9uw HTTP/1.1" 200 3928 "https://www.nspw.org/" "Mozilla/5.0 (Windows NT 6.3; Win64; x64; rv:57.0) Gecko/20100101 Firefox/57.0"
149.28.46.54 - - [06/May/2018:10:47:23 -0400] "GET /misc/jquery.once.js?v=1.2 HTTP/1.1" 200 4868 "https://www.nspw.org/" "Mozilla/5.0 (Windows NT 6.3; Win64; x64; rv:57.0) Gecko/20100101 Firefox/57.0"
149.28.46.54 - - [06/May/2018:10:47:23 -0400] "GET /misc/jquery.js?v=1.4.4 HTTP/1.1" 200 31024 "https://www.nspw.org/" "Mozilla/5.0 (Windows NT 6.3; Win64; x64; rv:57.0) Gecko/20100101 Firefox/57.0"
149.28.46.54 - - [06/May/2018:10:47:23 -0400] "GET /misc/drupal.js?p7r9uw HTTP/1.1" 200 10795 "https://www.nspw.org/" "Mozilla/5.0 (Windows NT 6.3; Win64; x64; rv:57.0) Gecko/20100101 Firefox/57.0"
149.28.46.54 - - [06/May/2018:10:47:23 -0400] "GET /proceedings HTTP/1.1" 200 6371 "https://www.nspw.org/" "Mozilla/5.0 (Windows NT 6.3; Win64; x64; rv:57.0) Gecko/20100101 Firefox/57.0"
149.28.46.54 - - [06/May/2018:10:47:24 -0400] "GET /2018 HTTP/1.1" 200 6934 "https://www.nspw.org/" "Mozilla/5.0 (Windows NT 6.3; Win64; x64; rv:57.0) Gecko/20100101 Firefox/57.0"
149.28.46.54 - - [06/May/2018:10:47:24 -0400] "GET /login HTTP/1.1" 200 6294 "https://www.nspw.org/" "Mozilla/5.0 (Windows NT 6.3; Win64; x64; rv:57.0) Gecko/20100101 Firefox/57.0"
149.28.46.54 - - [06/May/2018:10:47:24 -0400] "GET /past HTTP/1.1" 200 6418 "https://www.nspw.org/" "Mozilla/5.0 (Windows NT 6.3; Win64; x64; rv:57.0) Gecko/20100101 Firefox/57.0"
149.28.46.54 - - [06/May/2018:10:47:24 -0400] "GET /2018/organizers HTTP/1.1" 200 6989 "https://www.nspw.org/" "Mozilla/5.0 (Windows NT 6.3; Win64; x64; rv:57.0) Gecko/20100101 Firefox/57.0"
149.28.46.54 - - [06/May/2018:10:47:25 -0400] "GET /2018/dates HTTP/1.1" 200 6298 "https://www.nspw.org/" "Mozilla/5.0 (Windows NT 6.3; Win64; x64; rv:57.0) Gecko/20100101 Firefox/57.0"
149.28.46.54 - - [06/May/2018:10:47:25 -0400] "GET /2018/cfp HTTP/1.1" 200 8181 "https://www.nspw.org/" "Mozilla/5.0 (Windows NT 6.3; Win64; x64; rv:57.0) Gecko/20100101 Firefox/57.0"
149.28.46.54 - - [06/May/2018:10:47:25 -0400] "GET / HTTP/1.1" 200 6638 "https://www.nspw.org/" "Mozilla/5.0 (Windows NT 6.3; Win64; x64; rv:57.0) Gecko/20100101 Firefox/57.0"
66.249.64.217 - - [06/May/2018:10:47:57 -0400] "GET /papers/2013/nspw2013-peisert.pdf HTTP/1.1" 200 712024 "-" "Mozilla/5.0 (Linux; Android 6.0.1; Nexus 5X Build/MMB29P) AppleWebKit/537.36 (KHTML, like Gecko) Chrome/41.0.2272.96 Mobile Safari/537.36 (compatible; Googlebot/2.1; +http://www.google.com/bot.html)"
66.249.64.219 - - [06/May/2018:10:48:10 -0400] "GET /current/index.shtml HTTP/1.1" 404 8012 "-" "Mozilla/5.0 (compatible; Googlebot/2.1; +http://www.google.com/bot.html)"
69.162.124.227 - - [06/May/2018:10:48:27 -0400] "HEAD / HTTP/1.1" 200 3874 "http://nspw.org/" "Mozilla/5.0+(compatible; UptimeRobot/2.0; http://www.uptimerobot.com/)"
197.15.203.60 - - [06/May/2018:10:50:22 -0400] "GET /wp-login.php HTTP/1.1" 404 7839 "-" "Mozilla/5.0 (Windows NT 6.1; WOW64; rv:40.0) Gecko/20100101 Firefox/40.1"
197.15.203.60 - - [06/May/2018:10:50:24 -0400] "GET / HTTP/1.1" 200 8218 "-" "Mozilla/5.0 (Windows NT 6.1; WOW64; rv:40.0) Gecko/20100101 Firefox/40.1"
186.146.152.232 - - [06/May/2018:10:50:39 -0400] "GET /wp-login.php HTTP/1.1" 404 7907 "-" "Mozilla/5.0 (Windows NT 6.1; WOW64; rv:40.0) Gecko/20100101 Firefox/40.1"
186.146.152.232 - - [06/May/2018:10:50:39 -0400] "GET / HTTP/1.1" 200 8218 "-" "Mozilla/5.0 (Windows NT 6.1; WOW64; rv:40.0) Gecko/20100101 Firefox/40.1"
69.162.124.227 - - [06/May/2018:10:53:27 -0400] "HEAD / HTTP/1.1" 200 3874 "http://nspw.org/" "Mozilla/5.0+(compatible; UptimeRobot/2.0; http://www.uptimerobot.com/)"
123.125.67.222 - - [06/May/2018:10:53:31 -0400] "GET /current/ HTTP/1.1" 200 12345 "-" "Mozilla/5.0 (Windows NT 10.0; WOW64) AppleWebKit/537.36 (KHTML, like Gecko) Chrome/45.0.2454.93 Safari/537.36"
77.182.0.146 - - [06/May/2018:10:54:33 -0400] "GET / HTTP/1.1" 200 6460 "http://jianying.space/conference-ranking.html" "Mozilla/5.0 (Macintosh; Intel Mac OS X 10_12_6) AppleWebKit/605.1.15 (KHTML, like Gecko) Version/11.1 Safari/605.1.15"
77.182.0.146 - - [06/May/2018:10:54:33 -0400] "GET /modules/system/system.base.css?p7r9uw HTTP/1.1" 200 2307 "https://www.nspw.org/" "Mozilla/5.0 (Macintosh; Intel Mac OS X 10_12_6) AppleWebKit/605.1.15 (KHTML, like Gecko) Version/11.1 Safari/605.1.15"
77.182.0.146 - - [06/May/2018:10:54:33 -0400] "GET /modules/node/node.css?p7r9uw HTTP/1.1" 200 472 "https://www.nspw.org/" "Mozilla/5.0 (Macintosh; Intel Mac OS X 10_12_6) AppleWebKit/605.1.15 (KHTML, like Gecko) Version/11.1 Safari/605.1.15"
77.182.0.146 - - [06/May/2018:10:54:33 -0400] "GET /modules/user/user.css?p7r9uw HTTP/1.1" 200 1062 "https://www.nspw.org/" "Mozilla/5.0 (Macintosh; Intel Mac OS X 10_12_6) AppleWebKit/605.1.15 (KHTML, like Gecko) Version/11.1 Safari/605.1.15"
77.182.0.146 - - [06/May/2018:10:54:33 -0400] "GET /modules/system/system.menus.css?p7r9uw HTTP/1.1" 200 1167 "https://www.nspw.org/" "Mozilla/5.0 (Macintosh; Intel Mac OS X 10_12_6) AppleWebKit/605.1.15 (KHTML, like Gecko) Version/11.1 Safari/605.1.15"
77.182.0.146 - - [06/May/2018:10:54:33 -0400] "GET /modules/system/system.messages.css?p7r9uw HTTP/1.1" 200 888 "https://www.nspw.org/" "Mozilla/5.0 (Macintosh; Intel Mac OS X 10_12_6) AppleWebKit/605.1.15 (KHTML, like Gecko) Version/11.1 Safari/605.1.15"
77.182.0.146 - - [06/May/2018:10:54:33 -0400] "GET /modules/field/theme/field.css?p7r9uw HTTP/1.1" 200 741 "https://www.nspw.org/" "Mozilla/5.0 (Macintosh; Intel Mac OS X 10_12_6) AppleWebKit/605.1.15 (KHTML, like Gecko) Version/11.1 Safari/605.1.15"
77.182.0.146 - - [06/May/2018:10:54:33 -0400] "GET /modules/system/system.theme.css?p7r9uw HTTP/1.1" 200 1727 "https://www.nspw.org/" "Mozilla/5.0 (Macintosh; Intel Mac OS X 10_12_6) AppleWebKit/605.1.15 (KHTML, like Gecko) Version/11.1 Safari/605.1.15"
77.182.0.146 - - [06/May/2018:10:54:33 -0400] "GET /modules/comment/comment.css?p7r9uw HTTP/1.1" 200 647 "https://www.nspw.org/" "Mozilla/5.0 (Macintosh; Intel Mac OS X 10_12_6) AppleWebKit/605.1.15 (KHTML, like Gecko) Version/11.1 Safari/605.1.15"
77.182.0.146 - - [06/May/2018:10:54:34 -0400] "GET /themes/garland/style.css?p7r9uw HTTP/1.1" 200 5370 "https://www.nspw.org/" "Mozilla/5.0 (Macintosh; Intel Mac OS X 10_12_6) AppleWebKit/605.1.15 (KHTML, like Gecko) Version/11.1 Safari/605.1.15"
77.182.0.146 - - [06/May/2018:10:54:34 -0400] "GET /themes/garland/print.css?p7r9uw HTTP/1.1" 200 771 "https://www.nspw.org/" "Mozilla/5.0 (Macintosh; Intel Mac OS X 10_12_6) AppleWebKit/605.1.15 (KHTML, like Gecko) Version/11.1 Safari/605.1.15"
77.182.0.146 - - [06/May/2018:10:54:34 -0400] "GET /misc/jquery.once.js?v=1.2 HTTP/1.1" 200 1445 "https://www.nspw.org/" "Mozilla/5.0 (Macintosh; Intel Mac OS X 10_12_6) AppleWebKit/605.1.15 (KHTML, like Gecko) Version/11.1 Safari/605.1.15"
77.182.0.146 - - [06/May/2018:10:54:34 -0400] "GET /misc/drupal.js?p7r9uw HTTP/1.1" 200 7372 "https://www.nspw.org/" "Mozilla/5.0 (Macintosh; Intel Mac OS X 10_12_6) AppleWebKit/605.1.15 (KHTML, like Gecko) Version/11.1 Safari/605.1.15"
77.182.0.146 - - [06/May/2018:10:54:34 -0400] "GET /sites/default/files/nspw-logo-smaller.jpg HTTP/1.1" 200 2534 "https://www.nspw.org/" "Mozilla/5.0 (Macintosh; Intel Mac OS X 10_12_6) AppleWebKit/605.1.15 (KHTML, like Gecko) Version/11.1 Safari/605.1.15"
77.182.0.146 - - [06/May/2018:10:54:34 -0400] "GET /misc/jquery.js?v=1.4.4 HTTP/1.1" 200 27601 "https://www.nspw.org/" "Mozilla/5.0 (Macintosh; Intel Mac OS X 10_12_6) AppleWebKit/605.1.15 (KHTML, like Gecko) Version/11.1 Safari/605.1.15"
66.249.64.217 - - [06/May/2018:10:57:19 -0400] "GET /2017 HTTP/1.1" 200 7051 "-" "Mozilla/5.0 (compatible; Googlebot/2.1; +http://www.google.com/bot.html)"
69.162.124.227 - - [06/May/2018:10:58:27 -0400] "HEAD / HTTP/1.1" 200 3874 "http://nspw.org/" "Mozilla/5.0+(compatible; UptimeRobot/2.0; http://www.uptimerobot.com/)"
84.245.15.191 - - [06/May/2018:10:59:24 -0400] "GET / HTTP/1.1" 200 6430 "-" "Mozilla/5.0 (iPad; CPU OS 11_3 like Mac OS X) AppleWebKit/605.1.15 (KHTML, like Gecko) Version/11.0 Mobile/15E148 Safari/604.1"
84.245.15.191 - - [06/May/2018:10:59:25 -0400] "GET /apple-touch-icon-152x152-precomposed.png HTTP/1.1" 404 3943 "-" "MobileSafari/604.1 CFNetwork/897.15 Darwin/17.5.0"
84.245.15.191 - - [06/May/2018:10:59:25 -0400] "GET /apple-touch-icon-152x152.png HTTP/1.1" 404 717 "-" "MobileSafari/604.1 CFNetwork/897.15 Darwin/17.5.0"
84.245.15.191 - - [06/May/2018:10:59:25 -0400] "GET /apple-touch-icon-precomposed.png HTTP/1.1" 404 721 "-" "MobileSafari/604.1 CFNetwork/897.15 Darwin/17.5.0"
84.245.15.191 - - [06/May/2018:10:59:25 -0400] "GET /apple-touch-icon.png HTTP/1.1" 404 709 "-" "MobileSafari/604.1 CFNetwork/897.15 Darwin/17.5.0"
84.245.15.191 - - [06/May/2018:10:59:25 -0400] "GET /favicon.ico HTTP/1.1" 404 700 "-" "MobileSafari/604.1 CFNetwork/897.15 Darwin/17.5.0"
84.245.15.191 - - [06/May/2018:10:59:25 -0400] "GET /apple-touch-icon-152x152-precomposed.png HTTP/1.1" 404 729 "-" "MobileSafari/604.1 CFNetwork/897.15 Darwin/17.5.0"
84.245.15.191 - - [06/May/2018:10:59:26 -0400] "GET /apple-touch-icon-152x152.png HTTP/1.1" 404 717 "-" "MobileSafari/604.1 CFNetwork/897.15 Darwin/17.5.0"
84.245.15.191 - - [06/May/2018:10:59:26 -0400] "GET /apple-touch-icon-precomposed.png HTTP/1.1" 404 721 "-" "MobileSafari/604.1 CFNetwork/897.15 Darwin/17.5.0"
84.245.15.191 - - [06/May/2018:10:59:26 -0400] "GET /apple-touch-icon.png HTTP/1.1" 404 709 "-" "MobileSafari/604.1 CFNetwork/897.15 Darwin/17.5.0"
84.245.15.191 - - [06/May/2018:10:59:26 -0400] "GET /favicon.ico HTTP/1.1" 404 700 "-" "MobileSafari/604.1 CFNetwork/897.15 Darwin/17.5.0"
66.249.64.217 - - [06/May/2018:11:01:16 -0400] "GET /papers/2009/nspw2009-verendel.pdf HTTP/1.1" 200 159425 "-" "Mozilla/5.0 (Linux; Android 6.0.1; Nexus 5X Build/MMB29P) AppleWebKit/537.36 (KHTML, like Gecko) Chrome/41.0.2272.96 Mobile Safari/537.36 (compatible; Googlebot/2.1; +http://www.google.com/bot.html)"
69.162.124.227 - - [06/May/2018:11:03:27 -0400] "HEAD / HTTP/1.1" 200 3874 "http://nspw.org/" "Mozilla/5.0+(compatible; UptimeRobot/2.0; http://www.uptimerobot.com/)"
66.249.64.16 - - [06/May/2018:11:04:30 -0400] "GET /2008/cfp.shtml HTTP/1.1" 200 8646 "-" "Mozilla/5.0 (compatible; Googlebot/2.1; +http://www.google.com/bot.html)"
69.162.124.227 - - [06/May/2018:11:08:27 -0400] "HEAD / HTTP/1.1" 200 3874 "http://nspw.org/" "Mozilla/5.0+(compatible; UptimeRobot/2.0; http://www.uptimerobot.com/)"
144.217.80.115 - - [06/May/2018:11:09:18 -0400] "GET /robots.txt HTTP/1.1" 200 3998 "-" "Mozilla/5.0 (compatible; ExtLinksBot/1.5; +https://extlinks.com/Bot.html)"
103.220.16.213 - - [06/May/2018:11:09:22 -0400] "GET /wp-login.php HTTP/1.1" 404 7985 "-" "Mozilla/5.0 (Windows NT 6.1; WOW64; rv:40.0) Gecko/20100101 Firefox/40.1"
103.220.16.213 - - [06/May/2018:11:09:23 -0400] "GET / HTTP/1.1" 200 8206 "-" "Mozilla/5.0 (Windows NT 6.1; WOW64; rv:40.0) Gecko/20100101 Firefox/40.1"
144.217.80.115 - - [06/May/2018:11:09:28 -0400] "GET /2018/cfp HTTP/1.1" 200 4912 "-" "Mozilla/5.0 (compatible; ExtLinksBot/1.5; +https://extlinks.com/Bot.html)"
144.217.80.115 - - [06/May/2018:11:09:53 -0400] "GET /2018/organizers HTTP/1.1" 200 3728 "-" "Mozilla/5.0 (compatible; ExtLinksBot/1.5; +https://extlinks.com/Bot.html)"
144.217.80.115 - - [06/May/2018:11:10:14 -0400] "GET /proceedings HTTP/1.1" 200 3104 "-" "Mozilla/5.0 (compatible; ExtLinksBot/1.5; +https://extlinks.com/Bot.html)"
144.217.80.115 - - [06/May/2018:11:10:24 -0400] "GET /2018/dates HTTP/1.1" 200 3024 "-" "Mozilla/5.0 (compatible; ExtLinksBot/1.5; +https://extlinks.com/Bot.html)"
207.46.13.136 - - [06/May/2018:11:11:09 -0400] "GET /2013/papers HTTP/1.1" 200 7492 "-" "Mozilla/5.0 (compatible; bingbot/2.0; +http://www.bing.com/bingbot.htm)"
69.162.124.227 - - [06/May/2018:11:13:27 -0400] "HEAD / HTTP/1.1" 200 3874 "http://nspw.org/" "Mozilla/5.0+(compatible; UptimeRobot/2.0; http://www.uptimerobot.com/)"
66.249.64.219 - - [06/May/2018:11:14:35 -0400] "GET / HTTP/1.1" 200 6605 "-" "Mozilla/5.0 (Linux; Android 6.0.1; Nexus 5X Build/MMB29P) AppleWebKit/537.36 (KHTML, like Gecko) Chrome/41.0.2272.96 Mobile Safari/537.36 (compatible; Googlebot/2.1; +http://www.google.com/bot.html)"
216.244.66.247 - - [06/May/2018:11:14:45 -0400] "GET /robots.txt HTTP/1.1" 200 5796 "-" "Mozilla/5.0 (compatible; DotBot/1.1; http://www.opensiteexplorer.org/dotbot, help@moz.com)"
1.250.57.43 - - [06/May/2018:11:15:00 -0400] "GET /wp-login.php HTTP/1.1" 404 7839 "-" "Mozilla/5.0 (Windows NT 6.1; WOW64; rv:40.0) Gecko/20100101 Firefox/40.1"
1.250.57.43 - - [06/May/2018:11:15:01 -0400] "GET / HTTP/1.1" 200 8218 "-" "Mozilla/5.0 (Windows NT 6.1; WOW64; rv:40.0) Gecko/20100101 Firefox/40.1"
77.136.84.140 - - [06/May/2018:11:15:09 -0400] "GET /wp-login.php HTTP/1.1" 404 7839 "-" "Mozilla/5.0 (Windows NT 6.1; WOW64; rv:40.0) Gecko/20100101 Firefox/40.1"
77.136.84.140 - - [06/May/2018:11:15:09 -0400] "GET / HTTP/1.1" 200 8218 "-" "Mozilla/5.0 (Windows NT 6.1; WOW64; rv:40.0) Gecko/20100101 Firefox/40.1"
69.162.124.227 - - [06/May/2018:11:18:27 -0400] "HEAD / HTTP/1.1" 200 3874 "http://nspw.org/" "Mozilla/5.0+(compatible; UptimeRobot/2.0; http://www.uptimerobot.com/)"
69.162.124.227 - - [06/May/2018:11:23:27 -0400] "HEAD / HTTP/1.1" 200 3874 "http://nspw.org/" "Mozilla/5.0+(compatible; UptimeRobot/2.0; http://www.uptimerobot.com/)"
77.75.79.119 - - [06/May/2018:11:24:57 -0400] "GET /robots.txt HTTP/1.1" 200 4601 "-" "Mozilla/5.0 (compatible; SeznamBot/3.2; +http://napoveda.seznam.cz/en/seznambot-intro/)"
77.75.79.119 - - [06/May/2018:11:25:07 -0400] "GET /2006/papers.contentQQ HTTP/1.1" 200 6197 "-" "Mozilla/5.0 (compatible; SeznamBot/3.2; +http://napoveda.seznam.cz/en/seznambot-intro/)"
77.75.79.119 - - [06/May/2018:11:25:18 -0400] "GET /proceedings/2010 HTTP/1.1" 200 7456 "-" "Mozilla/5.0 (compatible; SeznamBot/3.2; +http://napoveda.seznam.cz/en/seznambot-intro/)"
77.75.79.119 - - [06/May/2018:11:25:28 -0400] "GET /proceedings/2001 HTTP/1.1" 200 6225 "-" "Mozilla/5.0 (compatible; SeznamBot/3.2; +http://napoveda.seznam.cz/en/seznambot-intro/)"
77.75.79.119 - - [06/May/2018:11:25:39 -0400] "GET /2009/invite/ HTTP/1.1" 200 4477 "-" "Mozilla/5.0 (compatible; SeznamBot/3.2; +http://napoveda.seznam.cz/en/seznambot-intro/)"
77.75.79.119 - - [06/May/2018:11:25:49 -0400] "GET /2015/dates HTTP/1.1" 200 6517 "-" "Mozilla/5.0 (compatible; SeznamBot/3.2; +http://napoveda.seznam.cz/en/seznambot-intro/)"
58.120.25.110 - - [06/May/2018:11:25:50 -0400] "GET /wp-login.php HTTP/1.1" 404 7839 "-" "Mozilla/5.0 (Windows NT 6.1; WOW64; rv:40.0) Gecko/20100101 Firefox/40.1"
58.120.25.110 - - [06/May/2018:11:25:51 -0400] "GET / HTTP/1.1" 200 8218 "-" "Mozilla/5.0 (Windows NT 6.1; WOW64; rv:40.0) Gecko/20100101 Firefox/40.1"
207.46.13.18 - - [06/May/2018:11:26:02 -0400] "GET /papers/2000/nspw2000-mcdermott.pdf HTTP/1.1" 200 378526 "-" "Mozilla/5.0 (compatible; bingbot/2.0; +http://www.bing.com/bingbot.htm)"
103.204.83.2 - - [06/May/2018:11:26:19 -0400] "GET /wp-login.php HTTP/1.1" 404 8176 "-" "Mozilla/5.0 (Windows NT 6.1; WOW64; rv:40.0) Gecko/20100101 Firefox/40.1"
103.204.83.2 - - [06/May/2018:11:26:20 -0400] "GET / HTTP/1.1" 200 8298 "-" "Mozilla/5.0 (Windows NT 6.1; WOW64; rv:40.0) Gecko/20100101 Firefox/40.1"
54.208.102.37 - - [06/May/2018:11:27:49 -0400] "GET / HTTP/1.1" 200 6441 "https://www.nspw.org/" "Mozilla/5.0 (compatible; DuckDuckGo-Favicons-Bot/1.0; +http://duckduckgo.com)"
54.208.102.37 - - [06/May/2018:11:27:49 -0400] "GET /favicon.ico HTTP/1.1" 404 700 "https://www.nspw.org/favicon.ico" "Mozilla/5.0 (compatible; DuckDuckGo-Favicons-Bot/1.0; +http://duckduckgo.com)"
54.208.102.37 - - [06/May/2018:11:27:49 -0400] "GET /favicon.ico HTTP/1.1" 404 700 "https://www.nspw.org/favicon.ico" "Mozilla/5.0 (compatible; DuckDuckGo-Favicons-Bot/1.0; +http://duckduckgo.com)"
66.249.64.219 - - [06/May/2018:11:27:56 -0400] "GET /papers/2009/nspw2009-verendel.pdf HTTP/1.1" 200 159425 "-" "Mozilla/5.0 (compatible; Googlebot/2.1; +http://www.google.com/bot.html)"
69.162.124.227 - - [06/May/2018:11:28:27 -0400] "HEAD / HTTP/1.1" 200 3874 "http://nspw.org/" "Mozilla/5.0+(compatible; UptimeRobot/2.0; http://www.uptimerobot.com/)"
128.114.228.113 - - [06/May/2018:11:31:06 -0400] "GET /current/ HTTP/1.1" 200 6726 "-" "Mozilla/5.0 (iPad; CPU OS 11_3 like Mac OS X) AppleWebKit/605.1.15 (KHTML, like Gecko) Version/11.0 Mobile/15E148 Safari/604.1"
128.114.228.113 - - [06/May/2018:11:31:07 -0400] "GET /apple-touch-icon-152x152-precomposed.png HTTP/1.1" 404 3943 "-" "MobileSafari/604.1 CFNetwork/897.15 Darwin/17.5.0"
128.114.228.113 - - [06/May/2018:11:31:07 -0400] "GET /apple-touch-icon-152x152.png HTTP/1.1" 404 717 "-" "MobileSafari/604.1 CFNetwork/897.15 Darwin/17.5.0"
128.114.228.113 - - [06/May/2018:11:31:07 -0400] "GET /apple-touch-icon-precomposed.png HTTP/1.1" 404 721 "-" "MobileSafari/604.1 CFNetwork/897.15 Darwin/17.5.0"
128.114.228.113 - - [06/May/2018:11:31:08 -0400] "GET /apple-touch-icon.png HTTP/1.1" 404 709 "-" "MobileSafari/604.1 CFNetwork/897.15 Darwin/17.5.0"
128.114.228.113 - - [06/May/2018:11:31:08 -0400] "GET /favicon.ico HTTP/1.1" 404 700 "-" "MobileSafari/604.1 CFNetwork/897.15 Darwin/17.5.0"
128.114.228.113 - - [06/May/2018:11:31:08 -0400] "GET /apple-touch-icon-152x152-precomposed.png HTTP/1.1" 404 729 "-" "MobileSafari/604.1 CFNetwork/897.15 Darwin/17.5.0"
128.114.228.113 - - [06/May/2018:11:31:08 -0400] "GET /apple-touch-icon-152x152.png HTTP/1.1" 404 717 "-" "MobileSafari/604.1 CFNetwork/897.15 Darwin/17.5.0"
128.114.228.113 - - [06/May/2018:11:31:08 -0400] "GET /apple-touch-icon-precomposed.png HTTP/1.1" 404 721 "-" "MobileSafari/604.1 CFNetwork/897.15 Darwin/17.5.0"
128.114.228.113 - - [06/May/2018:11:31:08 -0400] "GET /apple-touch-icon.png HTTP/1.1" 404 709 "-" "MobileSafari/604.1 CFNetwork/897.15 Darwin/17.5.0"
128.114.228.113 - - [06/May/2018:11:31:08 -0400] "GET /favicon.ico HTTP/1.1" 404 700 "-" "MobileSafari/604.1 CFNetwork/897.15 Darwin/17.5.0"
207.46.13.18 - - [06/May/2018:11:31:13 -0400] "GET /papers/1998/nspw1998-phillips.pdf HTTP/1.1" 200 754912 "-" "Mozilla/5.0 (iPhone; CPU iPhone OS 7_0 like Mac OS X) AppleWebKit/537.51.1 (KHTML, like Gecko) Version/7.0 Mobile/11A465 Safari/9537.53 (compatible; bingbot/2.0; +http://www.bing.com/bingbot.htm)"
119.245.82.83 - - [06/May/2018:11:32:53 -0400] "GET /2014 HTTP/1.1" 200 6545 "-" "Mozilla/5.0 (Macintosh; Intel Mac OS X 10_11_6) AppleWebKit/602.1.50 (KHTML, like Gecko)"
119.245.82.83 - - [06/May/2018:11:32:56 -0400] "GET /apple-touch-icon-precomposed.png HTTP/1.1" 404 3964 "-" "Safari/11602.1.50.0.10 CFNetwork/760.6.3 Darwin/15.6.0 (x86_64)"
119.245.82.83 - - [06/May/2018:11:32:56 -0400] "GET /apple-touch-icon.png HTTP/1.1" 404 709 "-" "Safari/11602.1.50.0.10 CFNetwork/760.6.3 Darwin/15.6.0 (x86_64)"
119.245.82.83 - - [06/May/2018:11:32:56 -0400] "GET /favicon.ico HTTP/1.1" 404 700 "-" "Safari/11602.1.50.0.10 CFNetwork/760.6.3 Darwin/15.6.0 (x86_64)"
119.245.82.83 - - [06/May/2018:11:32:56 -0400] "GET /apple-touch-icon-precomposed.png HTTP/1.1" 404 721 "-" "Safari/11602.1.50.0.10 CFNetwork/760.6.3 Darwin/15.6.0 (x86_64)"
119.245.82.83 - - [06/May/2018:11:32:56 -0400] "GET /apple-touch-icon.png HTTP/1.1" 404 709 "-" "Safari/11602.1.50.0.10 CFNetwork/760.6.3 Darwin/15.6.0 (x86_64)"
119.245.82.83 - - [06/May/2018:11:32:57 -0400] "GET /favicon.ico HTTP/1.1" 404 700 "-" "Safari/11602.1.50.0.10 CFNetwork/760.6.3 Darwin/15.6.0 (x86_64)"
119.245.82.83 - - [06/May/2018:11:32:57 -0400] "GET /2014 HTTP/1.1" 200 3298 "-" "Mozilla/5.0 (iPhone; CPU iPhone OS 10_0 like Mac OS X) AppleWebKit/602.1.38 (KHTML, like Gecko) Version/10.0 Mobile/14A300 Safari/602.1"
119.245.82.83 - - [06/May/2018:11:32:57 -0400] "GET /apple-touch-icon-precomposed.png HTTP/1.1" 404 721 "-" "Safari/11602.1.50.0.10 CFNetwork/760.6.3 Darwin/15.6.0 (x86_64)"
119.245.82.83 - - [06/May/2018:11:32:57 -0400] "GET /apple-touch-icon.png HTTP/1.1" 404 709 "-" "Safari/11602.1.50.0.10 CFNetwork/760.6.3 Darwin/15.6.0 (x86_64)"
