77.88.47.40 - - [04/May/2018:17:35:25 -0400] "GET /papers/1998/nspw1998-beaver.pdf HTTP/1.1" 200 1131167 "-" "Mozilla/5.0 (compatible; YandexBot/3.0; +http://yandex.com/bots)"
77.88.47.40 - - [04/May/2018:17:36:58 -0400] "GET /2009/proceedings/2008/nspw2008-greenwald.pdf HTTP/1.1" 200 347263 "-" "Mozilla/5.0 (compatible; YandexBot/3.0; +http://yandex.com/bots)"
77.88.47.40 - - [04/May/2018:17:37:16 -0400] "GET /past HTTP/1.1" 200 2994 "-" "Mozilla/5.0 (compatible; YandexBot/3.0; +http://yandex.com/bots)"
77.88.47.40 - - [04/May/2018:17:37:29 -0400] "GET /2002/oc.shtml HTTP/1.1" 200 5431 "-" "Mozilla/5.0 (compatible; YandexBot/3.0; +http://yandex.com/bots)"
69.162.124.227 - - [04/May/2018:17:37:39 -0400] "HEAD / HTTP/1.1" 200 3874 "http://nspw.org/" "Mozilla/5.0+(compatible; UptimeRobot/2.0; http://www.uptimerobot.com/)"
77.88.47.40 - - [04/May/2018:17:37:41 -0400] "GET /2015/program HTTP/1.1" 200 7493 "-" "Mozilla/5.0 (compatible; YandexBot/3.0; +http://yandex.com/bots)"
66.249.64.215 - - [04/May/2018:17:38:24 -0400] "GET /papers/2001/nspw2001-blakley.pdf HTTP/1.1" 304 3605 "-" "Mozilla/5.0 (compatible; Googlebot/2.1; +http://www.google.com/bot.html)"
185.207.177.204 - - [04/May/2018:17:38:51 -0400] "GET /papers/2008/nspw2008-herley.pdf HTTP/1.0" 200 408962 "-" "Mozilla/5.0 (Windows NT 10.0; WOW64) AppleWebKit/537.36 (KHTML, like Gecko) Chrome/63.0.3239.132 Safari/537.36"
69.162.124.227 - - [04/May/2018:17:42:40 -0400] "HEAD / HTTP/1.1" 200 3874 "http://nspw.org/" "Mozilla/5.0+(compatible; UptimeRobot/2.0; http://www.uptimerobot.com/)"
77.88.47.40 - - [04/May/2018:17:42:19 -0400] "GET /2009/proceedings/1993/nspw1993-gomez.pdf HTTP/1.1" 200 800233 "-" "Mozilla/5.0 (compatible; YandexBot/3.0; +http://yandex.com/bots)"
105.184.186.27 - - [04/May/2018:17:43:36 -0400] "GET /wp-login.php HTTP/1.1" 404 7839 "-" "Mozilla/5.0 (Windows NT 6.1; WOW64; rv:40.0) Gecko/20100101 Firefox/40.1"
105.184.186.27 - - [04/May/2018:17:43:38 -0400] "GET / HTTP/1.1" 200 8218 "-" "Mozilla/5.0 (Windows NT 6.1; WOW64; rv:40.0) Gecko/20100101 Firefox/40.1"
66.249.64.219 - - [04/May/2018:17:45:04 -0400] "GET /2017 HTTP/1.1" 200 7052 "-" "Mozilla/5.0 (compatible; Googlebot/2.1; +http://www.google.com/bot.html)"
180.76.15.143 - - [04/May/2018:17:45:05 -0400] "GET /2005/cfp/latex/?C=N;O=D HTTP/1.1" 403 3915 "-" "Mozilla/5.0 (compatible; Baiduspider/2.0; +http://www.baidu.com/search/spider.html)"
107.21.1.8 - - [04/May/2018:17:46:56 -0400] "GET / HTTP/1.1" 200 6439 "https://www.nspw.org/" "Mozilla/5.0 (compatible; DuckDuckGo-Favicons-Bot/1.0; +http://duckduckgo.com)"
107.21.1.8 - - [04/May/2018:17:46:56 -0400] "GET /favicon.ico HTTP/1.1" 404 700 "https://www.nspw.org/favicon.ico" "Mozilla/5.0 (compatible; DuckDuckGo-Favicons-Bot/1.0; +http://duckduckgo.com)"
107.21.1.8 - - [04/May/2018:17:46:56 -0400] "GET /favicon.ico HTTP/1.1" 404 700 "https://www.nspw.org/favicon.ico" "Mozilla/5.0 (compatible; DuckDuckGo-Favicons-Bot/1.0; +http://duckduckgo.com)"
64.238.147.124 - - [04/May/2018:17:46:58 -0400] "GET /sites/nspw/images/nspw-logo-smaller.jpg HTTP/1.1" 404 4060 "-" "Java/1.8.0_162"
64.238.147.124 - - [04/May/2018:17:47:00 -0400] "GET /sites/nspw/images/nspw-logo-smaller.jpg HTTP/1.1" 404 970 "-" "Java/1.8.0_162"
69.162.124.227 - - [04/May/2018:17:47:39 -0400] "HEAD / HTTP/1.1" 200 3874 "http://nspw.org/" "Mozilla/5.0+(compatible; UptimeRobot/2.0; http://www.uptimerobot.com/)"
73.129.194.200 - - [04/May/2018:17:47:59 -0400] "GET / HTTP/1.1" 200 6620 "https://duckduckgo.com/" "Mozilla/5.0 (Macintosh; Intel Mac OS X 10.13; rv:59.0) Gecko/20100101 Firefox/59.0"
73.129.194.200 - - [04/May/2018:17:48:00 -0400] "GET /misc/jquery.js?v=1.4.4 HTTP/1.1" 200 27601 "https://www.nspw.org/" "Mozilla/5.0 (Macintosh; Intel Mac OS X 10.13; rv:59.0) Gecko/20100101 Firefox/59.0"
73.129.194.200 - - [04/May/2018:17:48:00 -0400] "GET /modules/system/system.menus.css?p7r9uw HTTP/1.1" 200 1025 "https://www.nspw.org/" "Mozilla/5.0 (Macintosh; Intel Mac OS X 10.13; rv:59.0) Gecko/20100101 Firefox/59.0"
73.129.194.200 - - [04/May/2018:17:48:00 -0400] "GET /misc/jquery.once.js?v=1.2 HTTP/1.1" 200 1602 "https://www.nspw.org/" "Mozilla/5.0 (Macintosh; Intel Mac OS X 10.13; rv:59.0) Gecko/20100101 Firefox/59.0"
73.129.194.200 - - [04/May/2018:17:48:00 -0400] "GET /misc/drupal.js?p7r9uw HTTP/1.1" 200 7529 "https://www.nspw.org/" "Mozilla/5.0 (Macintosh; Intel Mac OS X 10.13; rv:59.0) Gecko/20100101 Firefox/59.0"
73.129.194.200 - - [04/May/2018:17:48:00 -0400] "GET /modules/system/system.base.css?p7r9uw HTTP/1.1" 200 2464 "https://www.nspw.org/" "Mozilla/5.0 (Macintosh; Intel Mac OS X 10.13; rv:59.0) Gecko/20100101 Firefox/59.0"
73.129.194.200 - - [04/May/2018:17:48:00 -0400] "GET /modules/comment/comment.css?p7r9uw HTTP/1.1" 200 505 "https://www.nspw.org/" "Mozilla/5.0 (Macintosh; Intel Mac OS X 10.13; rv:59.0) Gecko/20100101 Firefox/59.0"
73.129.194.200 - - [04/May/2018:17:48:00 -0400] "GET /modules/field/theme/field.css?p7r9uw HTTP/1.1" 200 599 "https://www.nspw.org/" "Mozilla/5.0 (Macintosh; Intel Mac OS X 10.13; rv:59.0) Gecko/20100101 Firefox/59.0"
73.129.194.200 - - [04/May/2018:17:48:00 -0400] "GET /modules/node/node.css?p7r9uw HTTP/1.1" 200 472 "https://www.nspw.org/" "Mozilla/5.0 (Macintosh; Intel Mac OS X 10.13; rv:59.0) Gecko/20100101 Firefox/59.0"
73.129.194.200 - - [04/May/2018:17:48:00 -0400] "GET /modules/user/user.css?p7r9uw HTTP/1.1" 200 1062 "https://www.nspw.org/" "Mozilla/5.0 (Macintosh; Intel Mac OS X 10.13; rv:59.0) Gecko/20100101 Firefox/59.0"
73.129.194.200 - - [04/May/2018:17:48:00 -0400] "GET /modules/system/system.messages.css?p7r9uw HTTP/1.1" 200 903 "https://www.nspw.org/" "Mozilla/5.0 (Macintosh; Intel Mac OS X 10.13; rv:59.0) Gecko/20100101 Firefox/59.0"
73.129.194.200 - - [04/May/2018:17:48:00 -0400] "GET /themes/garland/style.css?p7r9uw HTTP/1.1" 200 5370 "https://www.nspw.org/" "Mozilla/5.0 (Macintosh; Intel Mac OS X 10.13; rv:59.0) Gecko/20100101 Firefox/59.0"
73.129.194.200 - - [04/May/2018:17:48:00 -0400] "GET /modules/system/system.theme.css?p7r9uw HTTP/1.1" 200 1742 "https://www.nspw.org/" "Mozilla/5.0 (Macintosh; Intel Mac OS X 10.13; rv:59.0) Gecko/20100101 Firefox/59.0"
73.129.194.200 - - [04/May/2018:17:48:00 -0400] "GET /themes/garland/print.css?p7r9uw HTTP/1.1" 200 771 "https://www.nspw.org/" "Mozilla/5.0 (Macintosh; Intel Mac OS X 10.13; rv:59.0) Gecko/20100101 Firefox/59.0"
73.129.194.200 - - [04/May/2018:17:48:00 -0400] "GET /sites/default/files/nspw-logo-smaller.jpg HTTP/1.1" 200 2534 "https://www.nspw.org/" "Mozilla/5.0 (Macintosh; Intel Mac OS X 10.13; rv:59.0) Gecko/20100101 Firefox/59.0"
73.129.194.200 - - [04/May/2018:17:48:00 -0400] "GET /themes/garland/images/body.png HTTP/1.1" 200 993 "https://www.nspw.org/themes/garland/style.css?p7r9uw" "Mozilla/5.0 (Macintosh; Intel Mac OS X 10.13; rv:59.0) Gecko/20100101 Firefox/59.0"
73.129.194.200 - - [04/May/2018:17:48:00 -0400] "GET /themes/garland/images/menu-expanded.gif HTTP/1.1" 200 495 "https://www.nspw.org/themes/garland/style.css?p7r9uw" "Mozilla/5.0 (Macintosh; Intel Mac OS X 10.13; rv:59.0) Gecko/20100101 Firefox/59.0"
73.129.194.200 - - [04/May/2018:17:48:00 -0400] "GET /themes/garland/images/bg-navigation-item-hover.png HTTP/1.1" 200 754 "https://www.nspw.org/themes/garland/style.css?p7r9uw" "Mozilla/5.0 (Macintosh; Intel Mac OS X 10.13; rv:59.0) Gecko/20100101 Firefox/59.0"
73.129.194.200 - - [04/May/2018:17:48:00 -0400] "GET /themes/garland/images/menu-leaf.gif HTTP/1.1" 200 486 "https://www.nspw.org/themes/garland/style.css?p7r9uw" "Mozilla/5.0 (Macintosh; Intel Mac OS X 10.13; rv:59.0) Gecko/20100101 Firefox/59.0"
73.129.194.200 - - [04/May/2018:17:48:00 -0400] "GET /themes/garland/images/bg-navigation-item.png HTTP/1.1" 200 812 "https://www.nspw.org/themes/garland/style.css?p7r9uw" "Mozilla/5.0 (Macintosh; Intel Mac OS X 10.13; rv:59.0) Gecko/20100101 Firefox/59.0"
73.129.194.200 - - [04/May/2018:17:48:00 -0400] "GET /themes/garland/images/menu-collapsed.gif HTTP/1.1" 200 488 "https://www.nspw.org/themes/garland/style.css?p7r9uw" "Mozilla/5.0 (Macintosh; Intel Mac OS X 10.13; rv:59.0) Gecko/20100101 Firefox/59.0"
73.129.194.200 - - [04/May/2018:17:48:00 -0400] "GET /themes/garland/images/bg-content.png HTTP/1.1" 200 798 "https://www.nspw.org/themes/garland/style.css?p7r9uw" "Mozilla/5.0 (Macintosh; Intel Mac OS X 10.13; rv:59.0) Gecko/20100101 Firefox/59.0"
73.129.194.200 - - [04/May/2018:17:48:00 -0400] "GET /themes/garland/images/bg-content-left.png HTTP/1.1" 200 3232 "https://www.nspw.org/themes/garland/style.css?p7r9uw" "Mozilla/5.0 (Macintosh; Intel Mac OS X 10.13; rv:59.0) Gecko/20100101 Firefox/59.0"
73.129.194.200 - - [04/May/2018:17:48:00 -0400] "GET /themes/garland/images/bg-content-right.png HTTP/1.1" 200 3162 "https://www.nspw.org/themes/garland/style.css?p7r9uw" "Mozilla/5.0 (Macintosh; Intel Mac OS X 10.13; rv:59.0) Gecko/20100101 Firefox/59.0"
73.129.194.200 - - [04/May/2018:17:48:00 -0400] "GET /favicon.ico HTTP/1.1" 404 700 "-" "Mozilla/5.0 (Macintosh; Intel Mac OS X 10.13; rv:59.0) Gecko/20100101 Firefox/59.0"
73.129.194.200 - - [04/May/2018:17:48:00 -0400] "GET /favicon.ico HTTP/1.1" 404 700 "-" "Mozilla/5.0 (Macintosh; Intel Mac OS X 10.13; rv:59.0) Gecko/20100101 Firefox/59.0"
73.129.194.200 - - [04/May/2018:17:48:05 -0400] "GET /past HTTP/1.1" 200 2992 "https://www.nspw.org/" "Mozilla/5.0 (Macintosh; Intel Mac OS X 10.13; rv:59.0) Gecko/20100101 Firefox/59.0"
77.88.47.40 - - [04/May/2018:17:49:55 -0400] "GET /papers/2013/?C=D;O=A HTTP/1.1" 200 4384 "-" "Mozilla/5.0 (compatible; YandexBot/3.0; +http://yandex.com/bots)"
66.249.64.219 - - [04/May/2018:17:51:45 -0400] "GET /papers/2006/nspw2006-crawford.pdf HTTP/1.1" 200 401281 "-" "Mozilla/5.0 (compatible; Googlebot/2.1; +http://www.google.com/bot.html)"
213.180.203.46 - - [04/May/2018:17:50:39 -0400] "GET /papers/1996/nspw1996-josang.pdf HTTP/1.1" 200 1238553 "-" "Mozilla/5.0 (iPhone; CPU iPhone OS 8_1 like Mac OS X) AppleWebKit/600.1.4 (KHTML, like Gecko) Version/8.0 Mobile/12B411 Safari/600.1.4 (compatible; YandexMobileBot/3.0; +http://yandex.com/bots)"
69.162.124.227 - - [04/May/2018:17:52:39 -0400] "HEAD / HTTP/1.1" 200 3874 "http://nspw.org/" "Mozilla/5.0+(compatible; UptimeRobot/2.0; http://www.uptimerobot.com/)"
176.88.22.178 - - [04/May/2018:17:52:47 -0400] "GET /wp-login.php HTTP/1.1" 404 7839 "-" "Mozilla/5.0 (Windows NT 6.1; WOW64; rv:40.0) Gecko/20100101 Firefox/40.1"
176.88.22.178 - - [04/May/2018:17:52:49 -0400] "GET / HTTP/1.1" 200 8218 "-" "Mozilla/5.0 (Windows NT 6.1; WOW64; rv:40.0) Gecko/20100101 Firefox/40.1"
77.88.47.40 - - [04/May/2018:17:53:04 -0400] "GET /papers/1994/?C=M;O=D HTTP/1.1" 200 4372 "-" "Mozilla/5.0 (compatible; YandexBot/3.0; +http://yandex.com/bots)"
5.255.250.67 - - [04/May/2018:17:53:09 -0400] "GET /papers/2008/nspw2008-bishop.pdf HTTP/1.1" 200 485891 "-" "Mozilla/5.0 (compatible; YandexBot/3.0; +http://yandex.com/bots)"
66.249.64.215 - - [04/May/2018:17:56:27 -0400] "GET /papers/1999/nspw1999-henning.pdf HTTP/1.1" 304 3605 "-" "Mozilla/5.0 (compatible; Googlebot/2.1; +http://www.google.com/bot.html)"
69.162.124.227 - - [04/May/2018:17:57:40 -0400] "HEAD / HTTP/1.1" 200 3874 "http://nspw.org/" "Mozilla/5.0+(compatible; UptimeRobot/2.0; http://www.uptimerobot.com/)"
77.88.47.40 - - [04/May/2018:17:58:03 -0400] "GET /2009/proceedings/1998/?C=S;O=D HTTP/1.1" 200 4356 "-" "Mozilla/5.0 (compatible; YandexBot/3.0; +http://yandex.com/bots)"
72.250.219.84 - - [04/May/2018:17:58:03 -0400] "GET /papers/2013/nspw2013-peisert.pdf HTTP/1.1" 200 712039 "http://localhost/cgi-bin/goosr?q=principles+secure+authentication+protols&btnG=Hilarie%27s+Search+and+Remember" "Mozilla/5.0 (X11; Ubuntu; Linux x86_64; rv:59.0) Gecko/20100101 Firefox/59.0"
72.250.219.84 - - [04/May/2018:17:58:04 -0400] "GET /papers/2013/nspw2013-peisert.pdf HTTP/1.1" 206 66182 "http://localhost/cgi-bin/goosr?q=principles+secure+authentication+protols&btnG=Hilarie%27s+Search+and+Remember" "Mozilla/5.0 (X11; Ubuntu; Linux x86_64; rv:59.0) Gecko/20100101 Firefox/59.0"
72.250.219.84 - - [04/May/2018:17:58:04 -0400] "GET /papers/2013/nspw2013-peisert.pdf HTTP/1.1" 206 52322 "http://localhost/cgi-bin/goosr?q=principles+secure+authentication+protols&btnG=Hilarie%27s+Search+and+Remember" "Mozilla/5.0 (X11; Ubuntu; Linux x86_64; rv:59.0) Gecko/20100101 Firefox/59.0"
72.250.219.84 - - [04/May/2018:17:58:05 -0400] "GET /favicon.ico HTTP/1.1" 404 700 "-" "Mozilla/5.0 (X11; Ubuntu; Linux x86_64; rv:59.0) Gecko/20100101 Firefox/59.0"
72.250.219.84 - - [04/May/2018:17:58:05 -0400] "GET /favicon.ico HTTP/1.1" 404 700 "-" "Mozilla/5.0 (X11; Ubuntu; Linux x86_64; rv:59.0) Gecko/20100101 Firefox/59.0"
66.249.64.219 - - [04/May/2018:17:58:24 -0400] "GET /papers/2008/nspw2008-julisch.pdf HTTP/1.1" 304 3605 "-" "Mozilla/5.0 (compatible; Googlebot/2.1; +http://www.google.com/bot.html)"
31.4.159.3 - - [04/May/2018:17:58:29 -0400] "GET /wp-login.php HTTP/1.1" 404 7907 "-" "Mozilla/5.0 (Windows NT 6.1; WOW64; rv:40.0) Gecko/20100101 Firefox/40.1"
31.4.159.3 - - [04/May/2018:17:58:30 -0400] "GET / HTTP/1.1" 200 8218 "-" "Mozilla/5.0 (Windows NT 6.1; WOW64; rv:40.0) Gecko/20100101 Firefox/40.1"
194.187.170.141 - - [04/May/2018:17:58:57 -0400] "GET /2008/dates.content HTTP/1.1" 200 4694 "-" "Mozilla/5.0 (compatible; Qwantify/2.4w; +https://www.qwant.com/)/2.4w"
105.111.92.47 - - [04/May/2018:17:59:18 -0400] "GET /wp-login.php HTTP/1.1" 404 7839 "-" "Mozilla/5.0 (Windows NT 6.1; WOW64; rv:40.0) Gecko/20100101 Firefox/40.1"
105.111.92.47 - - [04/May/2018:17:59:32 -0400] "GET / HTTP/1.1" 200 8367 "-" "Mozilla/5.0 (Windows NT 6.1; WOW64; rv:40.0) Gecko/20100101 Firefox/40.1"
54.70.40.11 - - [04/May/2018:18:02:34 -0400] "GET /robots.txt HTTP/1.1" 200 4282 "-" "Mozilla/5.0 (compatible) SemanticScholarBot (+https://www.semanticscholar.org/crawler)"
69.162.124.227 - - [04/May/2018:18:02:39 -0400] "HEAD / HTTP/1.1" 200 3874 "http://nspw.org/" "Mozilla/5.0+(compatible; UptimeRobot/2.0; http://www.uptimerobot.com/)"
54.70.40.11 - - [04/May/2018:18:03:08 -0400] "GET /current HTTP/1.1" 200 6684 "-" "Mozilla/5.0 (compatible) SemanticScholarBot (+https://www.semanticscholar.org/crawler)"
54.70.40.11 - - [04/May/2018:18:04:05 -0400] "GET /2016/cfp HTTP/1.1" 200 8337 "-" "Mozilla/5.0 (compatible) SemanticScholarBot (+https://www.semanticscholar.org/crawler)"
54.70.40.11 - - [04/May/2018:18:04:12 -0400] "GET /2015 HTTP/1.1" 200 6704 "-" "Mozilla/5.0 (compatible) SemanticScholarBot (+https://www.semanticscholar.org/crawler)"
66.249.64.219 - - [04/May/2018:18:05:04 -0400] "GET /papers/2005/nspw2005-flechais.pdf HTTP/1.1" 304 3606 "-" "Mozilla/5.0 (compatible; Googlebot/2.1; +http://www.google.com/bot.html)"
77.88.47.40 - - [04/May/2018:18:05:29 -0400] "GET /2006/index.shtml HTTP/1.1" 200 5377 "-" "Mozilla/5.0 (compatible; YandexBot/3.0; +http://yandex.com/bots)"
77.88.47.40 - - [04/May/2018:18:05:39 -0400] "GET /2009/proceedings/2008/?C=N;O=D HTTP/1.1" 200 4363 "-" "Mozilla/5.0 (compatible; YandexBot/3.0; +http://yandex.com/bots)"
103.108.46.138 - - [04/May/2018:18:06:19 -0400] "GET /wp-login.php HTTP/1.1" 404 7484 "-" "Mozilla/5.0 (Windows NT 6.1; WOW64; rv:40.0) Gecko/20100101 Firefox/40.1"
103.108.46.138 - - [04/May/2018:18:06:22 -0400] "GET / HTTP/1.1" 200 8218 "-" "Mozilla/5.0 (Windows NT 6.1; WOW64; rv:40.0) Gecko/20100101 Firefox/40.1"
77.88.47.40 - - [04/May/2018:18:06:57 -0400] "GET /2005/past.shtml HTTP/1.1" 200 5611 "-" "Mozilla/5.0 (compatible; YandexBot/3.0; +http://yandex.com/bots)"
77.88.47.40 - - [04/May/2018:18:07:02 -0400] "GET /papers/2001/?C=S;O=D HTTP/1.1" 200 987 "-" "Mozilla/5.0 (compatible; YandexBot/3.0; +http://yandex.com/bots)"
69.162.124.227 - - [04/May/2018:18:07:39 -0400] "HEAD / HTTP/1.1" 200 3874 "http://nspw.org/" "Mozilla/5.0+(compatible; UptimeRobot/2.0; http://www.uptimerobot.com/)"
216.244.66.247 - - [04/May/2018:18:07:59 -0400] "GET /robots.txt HTTP/1.1" 200 5796 "-" "Mozilla/5.0 (compatible; DotBot/1.1; http://www.opensiteexplorer.org/dotbot, help@moz.com)"
141.255.113.81 - - [04/May/2018:18:09:04 -0400] "GET /wp-login.php HTTP/1.1" 404 7839 "-" "Mozilla/5.0 (Windows NT 6.1; WOW64; rv:40.0) Gecko/20100101 Firefox/40.1"
158.85.81.118 - - [04/May/2018:18:09:05 -0400] "GET / HTTP/1.1\n" 400 3231 "-" "-"
141.255.113.81 - - [04/May/2018:18:09:05 -0400] "GET / HTTP/1.1" 200 8218 "-" "Mozilla/5.0 (Windows NT 6.1; WOW64; rv:40.0) Gecko/20100101 Firefox/40.1"
98.145.8.191 - - [04/May/2018:18:09:54 -0400] "GET /wp-login.php HTTP/1.1" 404 7839 "-" "Mozilla/5.0 (Windows NT 6.1; WOW64; rv:40.0) Gecko/20100101 Firefox/40.1"
98.145.8.191 - - [04/May/2018:18:09:55 -0400] "GET / HTTP/1.1" 200 8218 "-" "Mozilla/5.0 (Windows NT 6.1; WOW64; rv:40.0) Gecko/20100101 Firefox/40.1"
66.249.64.219 - - [04/May/2018:18:11:44 -0400] "GET /papers/2000/nspw2000-mcdermott.pdf HTTP/1.1" 304 3605 "-" "Mozilla/5.0 (compatible; Googlebot/2.1; +http://www.google.com/bot.html)"
190.74.162.134 - - [04/May/2018:18:12:07 -0400] "GET /wp-login.php HTTP/1.1" 404 7491 "-" "Mozilla/5.0 (Windows NT 6.1; WOW64; rv:40.0) Gecko/20100101 Firefox/40.1"
190.74.162.134 - - [04/May/2018:18:12:09 -0400] "GET / HTTP/1.1" 200 8218 "-" "Mozilla/5.0 (Windows NT 6.1; WOW64; rv:40.0) Gecko/20100101 Firefox/40.1"
223.129.49.228 - - [04/May/2018:18:12:17 -0400] "GET /wp-login.php HTTP/1.1" 404 7839 "-" "Mozilla/5.0 (Windows NT 6.1; WOW64; rv:40.0) Gecko/20100101 Firefox/40.1"
223.129.49.228 - - [04/May/2018:18:12:18 -0400] "GET / HTTP/1.1" 200 8218 "-" "Mozilla/5.0 (Windows NT 6.1; WOW64; rv:40.0) Gecko/20100101 Firefox/40.1"
69.162.124.227 - - [04/May/2018:18:12:39 -0400] "HEAD / HTTP/1.1" 200 3874 "http://nspw.org/" "Mozilla/5.0+(compatible; UptimeRobot/2.0; http://www.uptimerobot.com/)"
77.88.47.40 - - [04/May/2018:18:13:30 -0400] "GET /2009/proceedings/1996/?C=S;O=A HTTP/1.1" 200 4421 "-" "Mozilla/5.0 (compatible; YandexBot/3.0; +http://yandex.com/bots)"
69.162.124.227 - - [04/May/2018:18:17:40 -0400] "HEAD / HTTP/1.1" 200 3874 "http://nspw.org/" "Mozilla/5.0+(compatible; UptimeRobot/2.0; http://www.uptimerobot.com/)"
5.255.250.95 - - [04/May/2018:18:18:21 -0400] "GET /robots.txt HTTP/1.1" 200 5979 "-" "Mozilla/5.0 (compatible; YandexBot/3.0; +http://yandex.com/bots)"
66.249.64.219 - - [04/May/2018:18:18:24 -0400] "GET / HTTP/1.1" 200 6605 "-" "Mozilla/5.0 (compatible; Googlebot/2.1; +http://www.google.com/bot.html)"
5.255.250.95 - - [04/May/2018:18:18:25 -0400] "GET /2009/proceedings/2004/?C=D;O=A HTTP/1.1" 200 946 "-" "Mozilla/5.0 (compatible; YandexBot/3.0; +http://yandex.com/bots)"
180.76.15.160 - - [04/May/2018:18:18:24 -0400] "GET /papers/2009/nspw2009-johnson.pdf HTTP/1.1" 200 458501 "-" "Mozilla/5.0 (compatible; Baiduspider/2.0; +http://www.baidu.com/search/spider.html)"
5.255.250.95 - - [04/May/2018:18:18:29 -0400] "GET /2009/proceedings/1999/?C=N;O=A HTTP/1.1" 200 970 "-" "Mozilla/5.0 (compatible; YandexBot/3.0; +http://yandex.com/bots)"
46.211.123.111 - - [04/May/2018:18:19:20 -0400] "GET /wp-login.php HTTP/1.1" 404 7491 "-" "Mozilla/5.0 (Windows NT 6.1; WOW64; rv:40.0) Gecko/20100101 Firefox/40.1"
46.211.123.111 - - [04/May/2018:18:19:21 -0400] "GET / HTTP/1.1" 200 8218 "-" "Mozilla/5.0 (Windows NT 6.1; WOW64; rv:40.0) Gecko/20100101 Firefox/40.1"
105.67.135.5 - - [04/May/2018:18:19:27 -0400] "GET /wp-login.php HTTP/1.1" 404 7985 "-" "Mozilla/5.0 (Windows NT 6.1; WOW64; rv:40.0) Gecko/20100101 Firefox/40.1"
105.67.135.5 - - [04/May/2018:18:19:28 -0400] "GET / HTTP/1.1" 200 8206 "-" "Mozilla/5.0 (Windows NT 6.1; WOW64; rv:40.0) Gecko/20100101 Firefox/40.1"
77.88.47.40 - - [04/May/2018:18:20:24 -0400] "GET /2009/proceedings/2006/?C=D;O=D HTTP/1.1" 200 4323 "-" "Mozilla/5.0 (compatible; YandexBot/3.0; +http://yandex.com/bots)"
77.88.47.40 - - [04/May/2018:18:20:42 -0400] "GET /node/3 HTTP/1.1" 200 6297 "-" "Mozilla/5.0 (compatible; YandexBot/3.0; +http://yandex.com/bots)"
77.88.47.40 - - [04/May/2018:18:20:44 -0400] "GET /proceedings/1999 HTTP/1.1" 200 2732 "-" "Mozilla/5.0 (compatible; YandexBot/3.0; +http://yandex.com/bots)"
216.244.66.236 - - [04/May/2018:18:21:29 -0400] "GET /robots.txt HTTP/1.1" 200 5796 "-" "Mozilla/5.0 (compatible; DotBot/1.1; http://www.opensiteexplorer.org/dotbot, help@moz.com)"
141.136.91.112 - - [04/May/2018:18:21:47 -0400] "GET /wp-login.php HTTP/1.1" 404 7903 "-" "Mozilla/5.0 (Windows NT 6.1; WOW64; rv:40.0) Gecko/20100101 Firefox/40.1"
141.136.91.112 - - [04/May/2018:18:21:48 -0400] "GET / HTTP/1.1" 200 8218 "-" "Mozilla/5.0 (Windows NT 6.1; WOW64; rv:40.0) Gecko/20100101 Firefox/40.1"
77.88.47.40 - - [04/May/2018:18:22:07 -0400] "GET /2001/oc.html HTTP/1.1" 200 5392 "-" "Mozilla/5.0 (compatible; YandexBot/3.0; +http://yandex.com/bots)"
77.88.47.40 - - [04/May/2018:18:22:29 -0400] "GET /2003/cfp.shtml HTTP/1.1" 200 6458 "-" "Mozilla/5.0 (compatible; YandexBot/3.0; +http://yandex.com/bots)"
69.162.124.227 - - [04/May/2018:18:22:40 -0400] "HEAD / HTTP/1.1" 200 3874 "http://nspw.org/" "Mozilla/5.0+(compatible; UptimeRobot/2.0; http://www.uptimerobot.com/)"
77.88.47.40 - - [04/May/2018:18:22:52 -0400] "GET /2009/proceedings/1994/nspw1994-bertino.pdf HTTP/1.1" 200 542108 "-" "Mozilla/5.0 (compatible; YandexBot/3.0; +http://yandex.com/bots)"
87.116.182.127 - - [04/May/2018:18:23:27 -0400] "GET /wp-login.php HTTP/1.1" 404 7484 "-" "Mozilla/5.0 (Windows NT 6.1; WOW64; rv:40.0) Gecko/20100101 Firefox/40.1"
87.116.182.127 - - [04/May/2018:18:23:28 -0400] "GET / HTTP/1.1" 200 8218 "-" "Mozilla/5.0 (Windows NT 6.1; WOW64; rv:40.0) Gecko/20100101 Firefox/40.1"
191.35.194.27 - - [04/May/2018:18:25:36 -0400] "GET /wp-login.php HTTP/1.1" 404 7839 "-" "Mozilla/5.0 (Windows NT 6.1; WOW64; rv:40.0) Gecko/20100101 Firefox/40.1"
191.35.194.27 - - [04/May/2018:18:25:39 -0400] "GET / HTTP/1.1" 200 8218 "-" "Mozilla/5.0 (Windows NT 6.1; WOW64; rv:40.0) Gecko/20100101 Firefox/40.1"
175.158.216.241 - - [04/May/2018:18:25:46 -0400] "GET /wp-login.php HTTP/1.1" 404 7491 "-" "Mozilla/5.0 (Windows NT 6.1; WOW64; rv:40.0) Gecko/20100101 Firefox/40.1"
175.158.216.241 - - [04/May/2018:18:25:46 -0400] "GET / HTTP/1.1" 200 8218 "-" "Mozilla/5.0 (Windows NT 6.1; WOW64; rv:40.0) Gecko/20100101 Firefox/40.1"
207.46.13.59 - - [04/May/2018:18:26:14 -0400] "GET /papers/2009/nspw2009-probst.pdf HTTP/1.1" 200 206370 "-" "Mozilla/5.0 (compatible; bingbot/2.0; +http://www.bing.com/bingbot.htm)"
216.244.66.200 - - [04/May/2018:18:26:45 -0400] "GET /robots.txt HTTP/1.1" 200 5796 "-" "Mozilla/5.0 (compatible; DotBot/1.1; http://www.opensiteexplorer.org/dotbot, help@moz.com)"
69.162.124.227 - - [04/May/2018:18:27:39 -0400] "HEAD / HTTP/1.1" 200 3874 "http://nspw.org/" "Mozilla/5.0+(compatible; UptimeRobot/2.0; http://www.uptimerobot.com/)"
194.228.76.240 - - [04/May/2018:18:31:16 -0400] "GET /wp-login.php HTTP/1.1" 404 8180 "-" "Mozilla/5.0 (Windows NT 6.1; WOW64; rv:40.0) Gecko/20100101 Firefox/40.1"
194.228.76.240 - - [04/May/2018:18:31:17 -0400] "GET / HTTP/1.1" 200 8298 "-" "Mozilla/5.0 (Windows NT 6.1; WOW64; rv:40.0) Gecko/20100101 Firefox/40.1"
66.249.64.219 - - [04/May/2018:18:31:45 -0400] "GET /papers/1993/nspw1993-slack.pdf HTTP/1.1" 200 519861 "-" "Mozilla/5.0 (compatible; Googlebot/2.1; +http://www.google.com/bot.html)"
69.162.124.227 - - [04/May/2018:18:32:39 -0400] "HEAD / HTTP/1.1" 200 3874 "http://nspw.org/" "Mozilla/5.0+(compatible; UptimeRobot/2.0; http://www.uptimerobot.com/)"
128.114.229.204 - - [04/May/2018:18:34:04 -0400] "GET /current/ HTTP/1.1" 200 6726 "-" "Mozilla/5.0 (Macintosh; Intel Mac OS X 10_13_4) AppleWebKit/605.1.15 (KHTML, like Gecko)"
128.114.229.204 - - [04/May/2018:18:34:05 -0400] "GET /apple-touch-icon-precomposed.png HTTP/1.1" 404 3935 "-" "Safari/13605.1.33.1.4 CFNetwork/897.15 Darwin/17.5.0 (x86_64)"
128.114.229.204 - - [04/May/2018:18:34:05 -0400] "GET /apple-touch-icon.png HTTP/1.1" 404 709 "-" "Safari/13605.1.33.1.4 CFNetwork/897.15 Darwin/17.5.0 (x86_64)"
128.114.229.204 - - [04/May/2018:18:34:05 -0400] "GET /favicon.ico HTTP/1.1" 404 700 "-" "Safari/13605.1.33.1.4 CFNetwork/897.15 Darwin/17.5.0 (x86_64)"
128.114.229.204 - - [04/May/2018:18:34:05 -0400] "GET /apple-touch-icon-precomposed.png HTTP/1.1" 404 721 "-" "Safari/13605.1.33.1.4 CFNetwork/897.15 Darwin/17.5.0 (x86_64)"
128.114.229.204 - - [04/May/2018:18:34:05 -0400] "GET /apple-touch-icon.png HTTP/1.1" 404 709 "-" "Safari/13605.1.33.1.4 CFNetwork/897.15 Darwin/17.5.0 (x86_64)"
128.114.229.204 - - [04/May/2018:18:34:05 -0400] "GET /favicon.ico HTTP/1.1" 404 700 "-" "Safari/13605.1.33.1.4 CFNetwork/897.15 Darwin/17.5.0 (x86_64)"
128.114.229.204 - - [04/May/2018:18:34:06 -0400] "GET /current/ HTTP/1.1" 200 3510 "-" "\"Mozilla/5.0 (iPhone; CPU iPhone OS 11_0 like Mac OS X) AppleWebKit/604.1.38 (KHTML, like Gecko) Version/11.0 Mobile/15A372 Safari/604.1\""
128.114.229.204 - - [04/May/2018:18:34:06 -0400] "GET /apple-touch-icon-precomposed.png HTTP/1.1" 404 721 "-" "Safari/13605.1.33.1.4 CFNetwork/897.15 Darwin/17.5.0 (x86_64)"
128.114.229.204 - - [04/May/2018:18:34:06 -0400] "GET /apple-touch-icon.png HTTP/1.1" 404 709 "-" "Safari/13605.1.33.1.4 CFNetwork/897.15 Darwin/17.5.0 (x86_64)"
128.114.229.204 - - [04/May/2018:18:34:06 -0400] "GET /favicon.ico HTTP/1.1" 404 700 "-" "Safari/13605.1.33.1.4 CFNetwork/897.15 Darwin/17.5.0 (x86_64)"
128.114.229.204 - - [04/May/2018:18:34:06 -0400] "GET /apple-touch-icon-precomposed.png HTTP/1.1" 404 721 "-" "Safari/13605.1.33.1.4 CFNetwork/897.15 Darwin/17.5.0 (x86_64)"
128.114.229.204 - - [04/May/2018:18:34:07 -0400] "GET /apple-touch-icon.png HTTP/1.1" 404 709 "-" "Safari/13605.1.33.1.4 CFNetwork/897.15 Darwin/17.5.0 (x86_64)"
128.114.229.204 - - [04/May/2018:18:34:07 -0400] "GET /favicon.ico HTTP/1.1" 404 700 "-" "Safari/13605.1.33.1.4 CFNetwork/897.15 Darwin/17.5.0 (x86_64)"
77.88.47.40 - - [04/May/2018:18:34:34 -0400] "GET /robots.txt HTTP/1.1" 200 5979 "-" "Mozilla/5.0 (compatible; YandexBot/3.0; +http://yandex.com/bots)"
77.88.47.40 - - [04/May/2018:18:34:37 -0400] "GET /2007/tmp/ HTTP/1.1" 403 542 "-" "Mozilla/5.0 (compatible; YandexBot/3.0; +http://yandex.com/bots)"
5.255.250.67 - - [04/May/2018:18:34:54 -0400] "GET /2009/proceedings/2008/nspw2008-laurie.pdf HTTP/1.1" 200 424199 "-" "Mozilla/5.0 (compatible; YandexBot/3.0; +http://yandex.com/bots)"
5.255.250.67 - - [04/May/2018:18:35:17 -0400] "GET /2002/local.content HTTP/1.1" 200 387 "-" "Mozilla/5.0 (compatible; YandexBot/3.0; +http://yandex.com/bots)"
77.88.47.40 - - [04/May/2018:18:35:49 -0400] "GET /papers/2001/nspw2001-hosmer.pdf HTTP/1.1" 200 70458 "-" "Mozilla/5.0 (compatible; YandexBot/3.0; +http://yandex.com/bots)"
66.249.64.219 - - [04/May/2018:18:36:58 -0400] "GET /papers/2006/nspw2006-naegoe.pdf HTTP/1.1" 200 267940 "-" "Mozilla/5.0 (compatible; Googlebot/2.1; +http://www.google.com/bot.html)"
69.162.124.227 - - [04/May/2018:18:37:39 -0400] "HEAD / HTTP/1.1" 200 3874 "http://nspw.org/" "Mozilla/5.0+(compatible; UptimeRobot/2.0; http://www.uptimerobot.com/)"
66.249.64.215 - - [04/May/2018:18:38:24 -0400] "GET /papers/2003/nspw2003-flechais.pdf HTTP/1.1" 200 904662 "-" "Mozilla/5.0 (compatible; Googlebot/2.1; +http://www.google.com/bot.html)"
69.162.124.227 - - [04/May/2018:18:42:39 -0400] "HEAD / HTTP/1.1" 200 3874 "http://nspw.org/" "Mozilla/5.0+(compatible; UptimeRobot/2.0; http://www.uptimerobot.com/)"
66.249.64.15 - - [04/May/2018:18:43:41 -0400] "GET /2013/papers HTTP/1.1" 200 7011 "-" "Mozilla/5.0 (compatible; Googlebot/2.1; +http://www.google.com/bot.html)"
66.249.64.217 - - [04/May/2018:18:45:04 -0400] "GET /proceedings HTTP/1.1" 200 6344 "-" "Mozilla/5.0 (compatible; Googlebot/2.1; +http://www.google.com/bot.html)"
216.244.66.236 - - [04/May/2018:18:45:06 -0400] "GET /robots.txt HTTP/1.1" 200 5796 "-" "Mozilla/5.0 (compatible; DotBot/1.1; http://www.opensiteexplorer.org/dotbot, help@moz.com)"
41.249.135.213 - - [04/May/2018:18:45:27 -0400] "GET /wp-login.php HTTP/1.1" 404 7839 "-" "Mozilla/5.0 (Windows NT 6.1; WOW64; rv:40.0) Gecko/20100101 Firefox/40.1"
41.249.135.213 - - [04/May/2018:18:45:27 -0400] "GET / HTTP/1.1" 200 8218 "-" "Mozilla/5.0 (Windows NT 6.1; WOW64; rv:40.0) Gecko/20100101 Firefox/40.1"
69.162.124.227 - - [04/May/2018:18:47:40 -0400] "HEAD / HTTP/1.1" 200 3874 "http://nspw.org/" "Mozilla/5.0+(compatible; UptimeRobot/2.0; http://www.uptimerobot.com/)"
73.129.194.200 - - [04/May/2018:18:48:31 -0400] "GET /2018/cfp HTTP/1.1" 200 8166 "https://www.nspw.org/" "Mozilla/5.0 (Macintosh; Intel Mac OS X 10.13; rv:59.0) Gecko/20100101 Firefox/59.0"
73.129.194.200 - - [04/May/2018:18:48:45 -0400] "GET /past HTTP/1.1" 200 3150 "https://www.nspw.org/2018/cfp" "Mozilla/5.0 (Macintosh; Intel Mac OS X 10.13; rv:59.0) Gecko/20100101 Firefox/59.0"
73.129.194.200 - - [04/May/2018:18:48:45 -0400] "GET /modules/system/system.theme.css?p7r9uw HTTP/1.1" 200 1742 "https://www.nspw.org/past" "Mozilla/5.0 (Macintosh; Intel Mac OS X 10.13; rv:59.0) Gecko/20100101 Firefox/59.0"
73.129.194.200 - - [04/May/2018:18:48:45 -0400] "GET /modules/system/system.messages.css?p7r9uw HTTP/1.1" 200 903 "https://www.nspw.org/past" "Mozilla/5.0 (Macintosh; Intel Mac OS X 10.13; rv:59.0) Gecko/20100101 Firefox/59.0"
73.129.194.200 - - [04/May/2018:18:48:45 -0400] "GET /modules/node/node.css?p7r9uw HTTP/1.1" 200 472 "https://www.nspw.org/past" "Mozilla/5.0 (Macintosh; Intel Mac OS X 10.13; rv:59.0) Gecko/20100101 Firefox/59.0"
73.129.194.200 - - [04/May/2018:18:48:45 -0400] "GET /modules/system/system.menus.css?p7r9uw HTTP/1.1" 200 1182 "https://www.nspw.org/past" "Mozilla/5.0 (Macintosh; Intel Mac OS X 10.13; rv:59.0) Gecko/20100101 Firefox/59.0"
73.129.194.200 - - [04/May/2018:18:48:45 -0400] "GET /modules/comment/comment.css?p7r9uw HTTP/1.1" 200 662 "https://www.nspw.org/past" "Mozilla/5.0 (Macintosh; Intel Mac OS X 10.13; rv:59.0) Gecko/20100101 Firefox/59.0"
73.129.194.200 - - [04/May/2018:18:48:45 -0400] "GET /modules/system/system.base.css?p7r9uw HTTP/1.1" 200 2464 "https://www.nspw.org/past" "Mozilla/5.0 (Macintosh; Intel Mac OS X 10.13; rv:59.0) Gecko/20100101 Firefox/59.0"
105.186.163.120 - - [04/May/2018:18:49:43 -0400] "GET /wp-login.php HTTP/1.1" 404 7491 "-" "Mozilla/5.0 (Windows NT 6.1; WOW64; rv:40.0) Gecko/20100101 Firefox/40.1"
105.186.163.120 - - [04/May/2018:18:49:47 -0400] "GET / HTTP/1.1" 200 8218 "-" "Mozilla/5.0 (Windows NT 6.1; WOW64; rv:40.0) Gecko/20100101 Firefox/40.1"
66.160.140.183 - - [04/May/2018:18:49:48 -0400] "GET /robots.txt HTTP/1.1" 200 4444 "-" "The Knowledge AI"
14.139.241.203 - - [04/May/2018:18:49:56 -0400] "GET /wp-login.php HTTP/1.1" 404 7985 "-" "Mozilla/5.0 (Windows NT 6.1; WOW64; rv:40.0) Gecko/20100101 Firefox/40.1"
14.139.241.203 - - [04/May/2018:18:49:57 -0400] "GET / HTTP/1.1" 200 8206 "-" "Mozilla/5.0 (Windows NT 6.1; WOW64; rv:40.0) Gecko/20100101 Firefox/40.1"
180.76.15.17 - - [04/May/2018:18:51:44 -0400] "GET /2015/ HTTP/1.1" 200 13329 "-" "Mozilla/5.0 (compatible; Baiduspider/2.0; +http://www.baidu.com/search/spider.html)"
66.249.64.217 - - [04/May/2018:18:51:46 -0400] "GET /papers/2007/nspw2007-somayaji.pdf HTTP/1.1" 304 3605 "-" "Mozilla/5.0 (compatible; Googlebot/2.1; +http://www.google.com/bot.html)"
66.249.64.219 - - [04/May/2018:18:52:20 -0400] "GET /papers/2010/nspw2010-raskin.pdf HTTP/1.1" 304 3605 "-" "Mozilla/5.0 (compatible; Googlebot/2.1; +http://www.google.com/bot.html)"
69.162.124.227 - - [04/May/2018:18:52:39 -0400] "HEAD / HTTP/1.1" 200 3874 "http://nspw.org/" "Mozilla/5.0+(compatible; UptimeRobot/2.0; http://www.uptimerobot.com/)"
77.88.47.40 - - [04/May/2018:18:55:27 -0400] "GET / HTTP/1.1" 200 6632 "-" "Mozilla/5.0 (compatible; YandexBot/3.0; +http://yandex.com/bots)"
69.162.124.227 - - [04/May/2018:18:57:39 -0400] "HEAD / HTTP/1.1" 200 3874 "http://nspw.org/" "Mozilla/5.0+(compatible; UptimeRobot/2.0; http://www.uptimerobot.com/)"
66.249.64.217 - - [04/May/2018:18:58:24 -0400] "GET /2009/proceedings/2013/nspw2013-egelman.pdf HTTP/1.1" 304 3605 "-" "Mozilla/5.0 (compatible; Googlebot/2.1; +http://www.google.com/bot.html)"
47.44.179.146 - - [04/May/2018:19:00:24 -0400] "GET /favicon.ico HTTP/1.1" 404 4109 "https://www.nspw.org/papers/2005/nspw2005-bishop-pos.pdf" "Mozilla/5.0 (Windows NT 10.0; Win64; x64) AppleWebKit/537.36 (KHTML, like Gecko) Chrome/66.0.3359.139 Safari/537.36"
47.44.179.146 - - [04/May/2018:19:00:24 -0400] "GET /papers/2005/nspw2005-bishop-pos.pdf HTTP/1.1" 200 609295 "https://www.google.com/" "Mozilla/5.0 (Windows NT 10.0; Win64; x64) AppleWebKit/537.36 (KHTML, like Gecko) Chrome/66.0.3359.139 Safari/537.36"
69.162.124.227 - - [04/May/2018:19:02:40 -0400] "HEAD / HTTP/1.1" 200 3874 "http://nspw.org/" "Mozilla/5.0+(compatible; UptimeRobot/2.0; http://www.uptimerobot.com/)"
109.49.200.149 - - [04/May/2018:19:03:27 -0400] "GET /wp-login.php HTTP/1.1" 404 7985 "-" "Mozilla/5.0 (Windows NT 6.1; WOW64; rv:40.0) Gecko/20100101 Firefox/40.1"
109.49.200.149 - - [04/May/2018:19:03:27 -0400] "GET / HTTP/1.1" 200 8206 "-" "Mozilla/5.0 (Windows NT 6.1; WOW64; rv:40.0) Gecko/20100101 Firefox/40.1"
216.244.66.247 - - [04/May/2018:19:03:54 -0400] "GET /robots.txt HTTP/1.1" 200 5796 "-" "Mozilla/5.0 (compatible; DotBot/1.1; http://www.opensiteexplorer.org/dotbot, help@moz.com)"
66.249.64.219 - - [04/May/2018:19:05:04 -0400] "GET /2018/dates HTTP/1.1" 200 6272 "-" "Mozilla/5.0 (compatible; Googlebot/2.1; +http://www.google.com/bot.html)"
69.162.124.227 - - [04/May/2018:19:07:39 -0400] "HEAD / HTTP/1.1" 200 3874 "http://nspw.org/" "Mozilla/5.0+(compatible; UptimeRobot/2.0; http://www.uptimerobot.com/)"
199.59.150.180 - - [04/May/2018:19:09:41 -0400] "GET /robots.txt HTTP/1.1" 200 5699 "-" "Twitterbot/1.0"
66.249.64.219 - - [04/May/2018:19:10:43 -0400] "GET /2005/ HTTP/1.1" 200 5410 "-" "Mozilla/5.0 (compatible; Googlebot/2.1; +http://www.google.com/bot.html)"
37.57.114.206 - - [04/May/2018:19:10:51 -0400] "GET /sites/default/files/rcwbinyt.php HTTP/1.0" 404 8072 "http://nspw.org/sites/default/files/rcwbinyt.php" "Mozilla/5.0 (iPhone; CPU iPhone OS 10_3_1 like Mac OS X) AppleWebKit/603.1.30 (KHTML, like Gecko) Version/10.0 Mobile/14E304 Safari/602.1"
171.244.34.167 - - [04/May/2018:19:10:54 -0400] "GET /sites/default/files/rcwbinyt.php HTTP/1.0" 404 8140 "http://nspw.org/sites/default/files/rcwbinyt.php" "Mozilla/5.0 (Windows NT 6.1) AppleWebKit/537.36 (KHTML, like Gecko) Chrome/59.0.3071.115 Safari/537.36"
66.249.64.219 - - [04/May/2018:19:11:44 -0400] "GET /2018/cfp HTTP/1.1" 200 8151 "-" "Mozilla/5.0 (compatible; Googlebot/2.1; +http://www.google.com/bot.html)"
66.249.64.215 - - [04/May/2018:19:12:18 -0400] "GET /papers/2003/nspw2003-alkassar.pdf HTTP/1.1" 200 787955 "-" "Mozilla/5.0 (compatible; Googlebot/2.1; +http://www.google.com/bot.html)"
69.162.124.227 - - [04/May/2018:19:12:39 -0400] "HEAD / HTTP/1.1" 200 3874 "http://nspw.org/" "Mozilla/5.0+(compatible; UptimeRobot/2.0; http://www.uptimerobot.com/)"
207.46.13.59 - - [04/May/2018:19:12:24 -0400] "GET /papers/2011/nspw2011-du.pdf HTTP/1.1" 200 658653 "-" "Mozilla/5.0 (iPhone; CPU iPhone OS 7_0 like Mac OS X) AppleWebKit/537.51.1 (KHTML, like Gecko) Version/7.0 Mobile/11A465 Safari/9537.53 (compatible; bingbot/2.0; +http://www.bing.com/bingbot.htm)"
156.222.51.89 - - [04/May/2018:19:13:03 -0400] "GET /wp-login.php HTTP/1.1" 404 8180 "-" "Mozilla/5.0 (Windows NT 6.1; WOW64; rv:40.0) Gecko/20100101 Firefox/40.1"
156.222.51.89 - - [04/May/2018:19:13:05 -0400] "GET / HTTP/1.1" 200 8298 "-" "Mozilla/5.0 (Windows NT 6.1; WOW64; rv:40.0) Gecko/20100101 Firefox/40.1"
69.162.124.227 - - [04/May/2018:19:17:39 -0400] "HEAD / HTTP/1.1" 200 3874 "http://nspw.org/" "Mozilla/5.0+(compatible; UptimeRobot/2.0; http://www.uptimerobot.com/)"
66.249.64.219 - - [04/May/2018:19:18:04 -0400] "GET /2005/oc.shtml HTTP/1.1" 200 5363 "-" "Mozilla/5.0 (compatible; Googlebot/2.1; +http://www.google.com/bot.html)"
66.249.64.217 - - [04/May/2018:19:18:24 -0400] "GET / HTTP/1.1" 200 6608 "-" "Mozilla/5.0 (compatible; Googlebot/2.1; +http://www.google.com/bot.html)"
66.249.64.215 - - [04/May/2018:19:18:48 -0400] "GET /2005/pc.shtml HTTP/1.1" 200 5386 "-" "Mozilla/5.0 (compatible; Googlebot/2.1; +http://www.google.com/bot.html)"
66.249.64.219 - - [04/May/2018:19:19:26 -0400] "GET /2005/cfp.shtml HTTP/1.1" 200 7151 "-" "Mozilla/5.0 (compatible; Googlebot/2.1; +http://www.google.com/bot.html)"
66.249.64.215 - - [04/May/2018:19:20:05 -0400] "GET /2005/past.shtml HTTP/1.1" 200 5582 "-" "Mozilla/5.0 (compatible; Googlebot/2.1; +http://www.google.com/bot.html)"
77.138.52.130 - - [04/May/2018:19:21:26 -0400] "GET /wp-login.php HTTP/1.1" 404 7839 "-" "Mozilla/5.0 (Windows NT 6.1; WOW64; rv:40.0) Gecko/20100101 Firefox/40.1"
77.138.52.130 - - [04/May/2018:19:21:26 -0400] "GET / HTTP/1.1" 200 8218 "-" "Mozilla/5.0 (Windows NT 6.1; WOW64; rv:40.0) Gecko/20100101 Firefox/40.1"
41.136.233.27 - - [04/May/2018:19:22:00 -0400] "GET /wp-login.php HTTP/1.1" 404 7839 "-" "Mozilla/5.0 (Windows NT 6.1; WOW64; rv:40.0) Gecko/20100101 Firefox/40.1"
41.136.233.27 - - [04/May/2018:19:22:02 -0400] "GET / HTTP/1.1" 200 8218 "-" "Mozilla/5.0 (Windows NT 6.1; WOW64; rv:40.0) Gecko/20100101 Firefox/40.1"
69.162.124.227 - - [04/May/2018:19:22:39 -0400] "HEAD / HTTP/1.1" 200 3874 "http://nspw.org/" "Mozilla/5.0+(compatible; UptimeRobot/2.0; http://www.uptimerobot.com/)"
148.251.232.83 - - [04/May/2018:19:24:01 -0400] "GET /papers/2003/nspw2003-mirkovic.pdf HTTP/1.1" 200 953361 "http://www.nspw.org/papers/2003/nspw2003-mirkovic.pdf" "Mozilla/5.0 (Windows NT 10.0; Win64; x64) AppleWebKit/537.36 (KHTML, like Gecko) Chrome/60.0.3112.113 Safari/537.36"
66.249.64.215 - - [04/May/2018:19:25:04 -0400] "GET /2018 HTTP/1.1" 200 6904 "-" "Mozilla/5.0 (compatible; Googlebot/2.1; +http://www.google.com/bot.html)"
88.152.156.188 - - [04/May/2018:19:27:38 -0400] "GET /wp-login.php HTTP/1.1" 404 7839 "-" "Mozilla/5.0 (Windows NT 6.1; WOW64; rv:40.0) Gecko/20100101 Firefox/40.1"
88.152.156.188 - - [04/May/2018:19:27:38 -0400] "GET / HTTP/1.1" 200 8218 "-" "Mozilla/5.0 (Windows NT 6.1; WOW64; rv:40.0) Gecko/20100101 Firefox/40.1"
69.162.124.227 - - [04/May/2018:19:27:39 -0400] "HEAD / HTTP/1.1" 200 3874 "http://nspw.org/" "Mozilla/5.0+(compatible; UptimeRobot/2.0; http://www.uptimerobot.com/)"
66.249.64.215 - - [04/May/2018:19:28:18 -0400] "GET /1999 HTTP/1.1" 301 3998 "-" "Mozilla/5.0 (compatible; Googlebot/2.1; +http://www.google.com/bot.html)"
66.249.64.215 - - [04/May/2018:19:28:19 -0400] "GET /1999/ HTTP/1.1" 200 1791 "-" "Mozilla/5.0 (compatible; Googlebot/2.1; +http://www.google.com/bot.html)"
66.249.64.219 - - [04/May/2018:19:29:30 -0400] "GET /2001 HTTP/1.1" 301 3998 "-" "Mozilla/5.0 (compatible; Googlebot/2.1; +http://www.google.com/bot.html)"
66.249.64.217 - - [04/May/2018:19:29:31 -0400] "GET /2001/ HTTP/1.1" 200 5171 "-" "Mozilla/5.0 (compatible; Googlebot/2.1; +http://www.google.com/bot.html)"
66.249.64.217 - - [04/May/2018:19:31:05 -0400] "GET /past.html HTTP/1.1" 404 7979 "-" "Mozilla/5.0 (compatible; Googlebot/2.1; +http://www.google.com/bot.html)"
202.142.75.143 - - [04/May/2018:19:31:38 -0400] "GET /wp-login.php HTTP/1.1" 404 7835 "-" "Mozilla/5.0 (Windows NT 6.1; WOW64; rv:40.0) Gecko/20100101 Firefox/40.1"
202.142.75.143 - - [04/May/2018:19:31:39 -0400] "GET / HTTP/1.1" 200 8218 "-" "Mozilla/5.0 (Windows NT 6.1; WOW64; rv:40.0) Gecko/20100101 Firefox/40.1"
66.249.64.217 - - [04/May/2018:19:31:56 -0400] "GET /2001/oc.html HTTP/1.1" 200 5363 "-" "Mozilla/5.0 (compatible; Googlebot/2.1; +http://www.google.com/bot.html)"
69.162.124.227 - - [04/May/2018:19:32:39 -0400] "HEAD / HTTP/1.1" 200 3874 "http://nspw.org/" "Mozilla/5.0+(compatible; UptimeRobot/2.0; http://www.uptimerobot.com/)"
66.249.64.215 - - [04/May/2018:19:32:41 -0400] "GET /1999/pc.html HTTP/1.1" 200 5335 "-" "Mozilla/5.0 (compatible; Googlebot/2.1; +http://www.google.com/bot.html)"
66.249.64.215 - - [04/May/2018:19:33:29 -0400] "GET /1999/oc.html HTTP/1.1" 200 5340 "-" "Mozilla/5.0 (compatible; Googlebot/2.1; +http://www.google.com/bot.html)"
66.249.64.215 - - [04/May/2018:19:34:16 -0400] "GET /2001/pc.html HTTP/1.1" 200 5294 "-" "Mozilla/5.0 (compatible; Googlebot/2.1; +http://www.google.com/bot.html)"
84.24.148.65 - - [04/May/2018:19:34:45 -0400] "GET /wp-login.php HTTP/1.1" 404 8180 "-" "Mozilla/5.0 (Windows NT 6.1; WOW64; rv:40.0) Gecko/20100101 Firefox/40.1"
84.24.148.65 - - [04/May/2018:19:34:45 -0400] "GET / HTTP/1.1" 200 8298 "-" "Mozilla/5.0 (Windows NT 6.1; WOW64; rv:40.0) Gecko/20100101 Firefox/40.1"
66.249.64.215 - - [04/May/2018:19:35:05 -0400] "GET /1999/cfp.html HTTP/1.1" 200 6209 "-" "Mozilla/5.0 (compatible; Googlebot/2.1; +http://www.google.com/bot.html)"
216.244.66.200 - - [04/May/2018:19:36:38 -0400] "GET /robots.txt HTTP/1.1" 200 5796 "-" "Mozilla/5.0 (compatible; DotBot/1.1; http://www.opensiteexplorer.org/dotbot, help@moz.com)"
69.162.124.227 - - [04/May/2018:19:37:39 -0400] "HEAD / HTTP/1.1" 200 3874 "http://nspw.org/" "Mozilla/5.0+(compatible; UptimeRobot/2.0; http://www.uptimerobot.com/)"
185.42.15.152 - - [04/May/2018:19:39:12 -0400] "GET /sites/default/files/nifatcvj.php HTTP/1.0" 404 8140 "http://nspw.org/sites/default/files/nifatcvj.php" "Mozilla/5.0 (Linux; Android 7.0; SAMSUNG SM-G935F Build/NRD90M) AppleWebKit/537.36 (KHTML, like Gecko) SamsungBrowser/5.4 Chrome/51.0.2704.106 Mobile Safari/537.36"
182.50.130.163 - - [04/May/2018:19:39:15 -0400] "GET /sites/default/files/nifatcvj.php HTTP/1.0" 404 8140 "http://nspw.org/sites/default/files/nifatcvj.php" "Mozilla/5.0 (Windows NT 6.1; WOW64) AppleWebKit/537.36 (KHTML, like Gecko) Chrome/44.0.2403.155 Safari/537.36"
66.249.64.215 - - [04/May/2018:19:41:06 -0400] "GET /1999/cfp.ps HTTP/1.1" 200 65308 "-" "Mozilla/5.0 (compatible; Googlebot/2.1; +http://www.google.com/bot.html)"
207.46.13.141 - - [04/May/2018:19:40:53 -0400] "GET /papers/2010/nspw2010-lilien.pdf HTTP/1.1" 200 741118 "-" "Mozilla/5.0 (compatible; bingbot/2.0; +http://www.bing.com/bingbot.htm)"
77.88.47.40 - - [04/May/2018:19:41:19 -0400] "GET /2009/proceedings/2004/?C=M;O=A HTTP/1.1" 200 4375 "-" "Mozilla/5.0 (compatible; YandexBot/3.0; +http://yandex.com/bots)"
101.191.123.157 - - [04/May/2018:19:41:59 -0400] "GET /wp-login.php HTTP/1.1" 404 7985 "-" "Mozilla/5.0 (Windows NT 6.1; WOW64; rv:40.0) Gecko/20100101 Firefox/40.1"
101.191.123.157 - - [04/May/2018:19:42:00 -0400] "GET / HTTP/1.1" 200 8206 "-" "Mozilla/5.0 (Windows NT 6.1; WOW64; rv:40.0) Gecko/20100101 Firefox/40.1"
69.162.124.227 - - [04/May/2018:19:42:39 -0400] "HEAD / HTTP/1.1" 200 3874 "http://nspw.org/" "Mozilla/5.0+(compatible; UptimeRobot/2.0; http://www.uptimerobot.com/)"
66.249.64.217 - - [04/May/2018:19:43:30 -0400] "GET /1999/cfp.pdf HTTP/1.1" 200 33384 "-" "Mozilla/5.0 (compatible; Googlebot/2.1; +http://www.google.com/bot.html)"
66.249.64.217 - - [04/May/2018:19:45:04 -0400] "GET /papers/2007/nspw2007-vidyaraman.pdf HTTP/1.1" 304 3605 "-" "Mozilla/5.0 (compatible; Googlebot/2.1; +http://www.google.com/bot.html)"
180.23.174.51 - - [04/May/2018:19:46:39 -0400] "GET /2018 HTTP/1.1" 200 12606 "-" "LWP::Simple/6.29 libwww-perl/6.29"
69.162.124.227 - - [04/May/2018:19:47:39 -0400] "HEAD / HTTP/1.1" 200 3874 "http://nspw.org/" "Mozilla/5.0+(compatible; UptimeRobot/2.0; http://www.uptimerobot.com/)"
66.249.64.219 - - [04/May/2018:19:51:45 -0400] "GET /papers/2011/nspw2011-bishop.pdf HTTP/1.1" 200 572715 "-" "Mozilla/5.0 (compatible; Googlebot/2.1; +http://www.google.com/bot.html)"
34.207.219.235 - - [04/May/2018:19:52:02 -0400] "GET /2018 HTTP/1.1" 200 6947 "-" "Mozilla/5.0 (Macintosh; Intel Mac OS X 10.11; rv:49.0) Gecko/20100101 Firefox/49.0 (FlipboardProxy/1.2; +http://flipboard.com/browserproxy)"
69.162.124.227 - - [04/May/2018:19:52:39 -0400] "HEAD / HTTP/1.1" 200 3874 "http://nspw.org/" "Mozilla/5.0+(compatible; UptimeRobot/2.0; http://www.uptimerobot.com/)"
200.125.81.34 - - [04/May/2018:19:55:27 -0400] "GET /wp-login.php HTTP/1.1" 404 7491 "-" "Mozilla/5.0 (Windows NT 6.1; WOW64; rv:40.0) Gecko/20100101 Firefox/40.1"
200.125.81.34 - - [04/May/2018:19:55:28 -0400] "GET / HTTP/1.1" 200 8218 "-" "Mozilla/5.0 (Windows NT 6.1; WOW64; rv:40.0) Gecko/20100101 Firefox/40.1"
69.162.124.227 - - [04/May/2018:19:57:39 -0400] "HEAD / HTTP/1.1" 200 3874 "http://nspw.org/" "Mozilla/5.0+(compatible; UptimeRobot/2.0; http://www.uptimerobot.com/)"
66.249.64.215 - - [04/May/2018:19:58:25 -0400] "GET /papers/2009/nspw2009-gates.pdf HTTP/1.1" 200 398465 "-" "Mozilla/5.0 (compatible; Googlebot/2.1; +http://www.google.com/bot.html)"
180.76.15.140 - - [04/May/2018:19:58:25 -0400] "GET /papers/1993/nspw1993-desmedt.pdf HTTP/1.1" 200 694303 "-" "Mozilla/5.0 (compatible; Baiduspider/2.0; +http://www.baidu.com/search/spider.html)"
66.249.64.17 - - [04/May/2018:19:58:58 -0400] "GET /2010/papers HTTP/1.1" 200 7289 "-" "Mozilla/5.0 (compatible; Googlebot/2.1; +http://www.google.com/bot.html)"
66.249.64.15 - - [04/May/2018:19:59:59 -0400] "GET /2012/papers HTTP/1.1" 200 7006 "-" "Mozilla/5.0 (compatible; Googlebot/2.1; +http://www.google.com/bot.html)"
66.249.64.15 - - [04/May/2018:20:01:02 -0400] "GET /2001/oc.html HTTP/1.1" 200 5363 "-" "Mozilla/5.0 (compatible; Googlebot/2.1; +http://www.google.com/bot.html)"
66.249.64.15 - - [04/May/2018:20:02:02 -0400] "GET /2015/program HTTP/1.1" 200 7462 "-" "Mozilla/5.0 (compatible; Googlebot/2.1; +http://www.google.com/bot.html)"
69.162.124.227 - - [04/May/2018:20:02:39 -0400] "HEAD / HTTP/1.1" 200 3874 "http://nspw.org/" "Mozilla/5.0+(compatible; UptimeRobot/2.0; http://www.uptimerobot.com/)"
66.249.64.15 - - [04/May/2018:20:03:01 -0400] "GET /2000/pc.html HTTP/1.1" 200 5221 "-" "Mozilla/5.0 (compatible; Googlebot/2.1; +http://www.google.com/bot.html)"
69.162.124.227 - - [04/May/2018:20:07:39 -0400] "HEAD / HTTP/1.1" 200 3874 "http://nspw.org/" "Mozilla/5.0+(compatible; UptimeRobot/2.0; http://www.uptimerobot.com/)"
180.76.15.158 - - [04/May/2018:20:08:58 -0400] "GET /2016/location HTTP/1.1" 200 15026 "-" "Mozilla/5.0 (compatible; Baiduspider/2.0; +http://www.baidu.com/search/spider.html)"
66.249.64.17 - - [04/May/2018:20:09:11 -0400] "GET /1999/pc.html HTTP/1.1" 200 5335 "-" "Mozilla/5.0 (compatible; Googlebot/2.1; +http://www.google.com/bot.html)"
66.249.64.219 - - [04/May/2018:20:11:45 -0400] "GET /papers/2006/nspw2006-gates.pdf HTTP/1.1" 200 149498 "-" "Mozilla/5.0 (compatible; Googlebot/2.1; +http://www.google.com/bot.html)"
69.162.124.227 - - [04/May/2018:20:12:39 -0400] "HEAD / HTTP/1.1" 200 3874 "http://nspw.org/" "Mozilla/5.0+(compatible; UptimeRobot/2.0; http://www.uptimerobot.com/)"
199.16.157.181 - - [04/May/2018:20:14:33 -0400] "GET /robots.txt HTTP/1.1" 200 5699 "-" "Twitterbot/1.0"
69.162.124.227 - - [04/May/2018:20:17:39 -0400] "HEAD / HTTP/1.1" 200 3874 "http://nspw.org/" "Mozilla/5.0+(compatible; UptimeRobot/2.0; http://www.uptimerobot.com/)"
66.249.64.217 - - [04/May/2018:20:18:24 -0400] "GET /papers/2000/nspw2000-mcdermott.pdf HTTP/1.1" 304 3605 "-" "Mozilla/5.0 (compatible; Googlebot/2.1; +http://www.google.com/bot.html)"
191.251.206.170 - - [04/May/2018:20:19:11 -0400] "GET /wp-login.php HTTP/1.1" 404 8180 "-" "Mozilla/5.0 (Windows NT 6.1; WOW64; rv:40.0) Gecko/20100101 Firefox/40.1"
191.251.206.170 - - [04/May/2018:20:19:12 -0400] "GET / HTTP/1.1" 200 8298 "-" "Mozilla/5.0 (Windows NT 6.1; WOW64; rv:40.0) Gecko/20100101 Firefox/40.1"
220.181.108.121 - - [04/May/2018:20:21:15 -0400] "GET / HTTP/1.1" 200 11573 "-" "Mozilla/5.0 (compatible; Baiduspider/2.0; +http://www.baidu.com/search/spider.html)"
69.162.124.227 - - [04/May/2018:20:22:39 -0400] "HEAD / HTTP/1.1" 200 3874 "http://nspw.org/" "Mozilla/5.0+(compatible; UptimeRobot/2.0; http://www.uptimerobot.com/)"
66.160.140.182 - - [04/May/2018:20:23:25 -0400] "GET /robots.txt HTTP/1.1" 200 4444 "-" "The Knowledge AI"
66.249.64.215 - - [04/May/2018:20:25:04 -0400] "GET /2009/proceedings/2013/nspw2013-ashenden.pdf HTTP/1.1" 304 3605 "-" "Mozilla/5.0 (compatible; Googlebot/2.1; +http://www.google.com/bot.html)"
163.172.4.153 - - [04/May/2018:20:26:18 -0400] "GET / HTTP/1.1" 200 6382 "https://www.nspw.org/" "Mozilla/5.0 (Windows NT 6.1; Win64; x64; rv:53.0) Gecko/20100101 Firefox/53.0"
69.162.124.227 - - [04/May/2018:20:27:39 -0400] "HEAD / HTTP/1.1" 200 3874 "http://nspw.org/" "Mozilla/5.0+(compatible; UptimeRobot/2.0; http://www.uptimerobot.com/)"
108.254.255.64 - - [04/May/2018:20:28:10 -0400] "GET /wp-login.php HTTP/1.1" 404 7484 "-" "Mozilla/5.0 (Windows NT 6.1; WOW64; rv:40.0) Gecko/20100101 Firefox/40.1"
108.254.255.64 - - [04/May/2018:20:28:10 -0400] "GET / HTTP/1.1" 200 8218 "-" "Mozilla/5.0 (Windows NT 6.1; WOW64; rv:40.0) Gecko/20100101 Firefox/40.1"
27.32.24.125 - - [04/May/2018:20:29:49 -0400] "GET /papers/2007/nspw2007-vidyaraman.pdf HTTP/1.1" 200 255213 "-" "Mozilla/5.0 (iPhone; CPU iPhone OS 11_3 like Mac OS X) AppleWebKit/605.1.15 (KHTML, like Gecko) Version/11.0 Mobile/15E148 Safari/604.1"
64.62.252.164 - - [04/May/2018:20:31:33 -0400] "GET /robots.txt HTTP/1.1" 200 4444 "-" "The Knowledge AI"
66.249.64.217 - - [04/May/2018:20:31:44 -0400] "GET /papers/2001/nspw2001-yan.pdf HTTP/1.1" 304 3605 "-" "Mozilla/5.0 (compatible; Googlebot/2.1; +http://www.google.com/bot.html)"
69.162.124.227 - - [04/May/2018:20:32:39 -0400] "HEAD / HTTP/1.1" 200 3874 "http://nspw.org/" "Mozilla/5.0+(compatible; UptimeRobot/2.0; http://www.uptimerobot.com/)"
66.249.64.215 - - [04/May/2018:20:34:20 -0400] "GET /papers/2012/docs/p87.pdf HTTP/1.1" 304 3606 "-" "Mozilla/5.0 (compatible; Googlebot/2.1; +http://www.google.com/bot.html)"
198.143.133.154 - - [04/May/2018:20:35:08 -0400] "GET / HTTP/1.1" 200 6386 "http://pinter.ccsl.carleton.ca:80/" "Mozilla/5.0 (Windows NT 10.0; WOW64) AppleWebKit/537.36 (KHTML, like Gecko) Chrome/66.0.3359.117 Safari/537.36"
69.162.124.227 - - [04/May/2018:20:37:39 -0400] "HEAD / HTTP/1.1" 200 3874 "http://nspw.org/" "Mozilla/5.0+(compatible; UptimeRobot/2.0; http://www.uptimerobot.com/)"
77.88.47.40 - - [04/May/2018:20:32:25 -0400] "GET /papers/2009/nspw2009-gibson.pdf HTTP/1.1" 200 1297970 "-" "Mozilla/5.0 (compatible; YandexBot/3.0; +http://yandex.com/bots)"
66.249.64.215 - - [04/May/2018:20:38:25 -0400] "GET /papers/2003/nspw2003-flechais.pdf HTTP/1.1" 200 904662 "-" "Mozilla/5.0 (compatible; Googlebot/2.1; +http://www.google.com/bot.html)"
