159.65.249.43 - - [04/May/2018:13:36:33 -0400] "GET /2009/dates.shtml HTTP/1.1" 200 4805 "https://www.nspw.org/2009/" "Mozilla/5.0 (compatible; spbot/5.0.3; +http://OpenLinkProfiler.org/bot )"
159.65.249.43 - - [04/May/2018:13:36:43 -0400] "GET /proceedings/1997 HTTP/1.1" 200 5871 "https://www.nspw.org/proceedings" "Mozilla/5.0 (compatible; spbot/5.0.3; +http://OpenLinkProfiler.org/bot )"
159.65.249.43 - - [04/May/2018:13:37:03 -0400] "GET /papers/1997/ HTTP/1.1" 200 4067 "http://www.nspw.org/papers/1997/" "Mozilla/5.0 (compatible; spbot/5.0.3; +http://OpenLinkProfiler.org/bot )"
159.65.249.43 - - [04/May/2018:13:37:13 -0400] "GET /proceedings/2009 HTTP/1.1" 200 6643 "https://www.nspw.org/proceedings" "Mozilla/5.0 (compatible; spbot/5.0.3; +http://OpenLinkProfiler.org/bot )"
159.65.249.43 - - [04/May/2018:13:37:23 -0400] "GET /proceedings/2002 HTTP/1.1" 200 5872 "https://www.nspw.org/proceedings" "Mozilla/5.0 (compatible; spbot/5.0.3; +http://OpenLinkProfiler.org/bot )"
69.162.124.227 - - [04/May/2018:13:37:41 -0400] "HEAD / HTTP/1.1" 200 3874 "http://nspw.org/" "Mozilla/5.0+(compatible; UptimeRobot/2.0; http://www.uptimerobot.com/)"
159.65.249.43 - - [04/May/2018:13:37:43 -0400] "GET /papers/2002/ HTTP/1.1" 200 4169 "http://www.nspw.org/papers/2002/" "Mozilla/5.0 (compatible; spbot/5.0.3; +http://OpenLinkProfiler.org/bot )"
159.65.249.43 - - [04/May/2018:13:37:53 -0400] "GET /2005/local.shtml HTTP/1.1" 200 4709 "https://www.nspw.org/2005/" "Mozilla/5.0 (compatible; spbot/5.0.3; +http://OpenLinkProfiler.org/bot )"
159.65.249.43 - - [04/May/2018:13:38:03 -0400] "GET /2007/dates.shtml HTTP/1.1" 200 4819 "https://www.nspw.org/2007/" "Mozilla/5.0 (compatible; spbot/5.0.3; +http://OpenLinkProfiler.org/bot )"
159.65.249.43 - - [04/May/2018:13:38:13 -0400] "GET /proceedings/1998 HTTP/1.1" 200 5873 "https://www.nspw.org/proceedings" "Mozilla/5.0 (compatible; spbot/5.0.3; +http://OpenLinkProfiler.org/bot )"
66.249.64.217 - - [04/May/2018:13:38:24 -0400] "GET /2018/2018/cfp HTTP/1.1" 404 8010 "-" "Mozilla/5.0 (Linux; Android 6.0.1; Nexus 5X Build/MMB29P) AppleWebKit/537.36 (KHTML, like Gecko) Chrome/41.0.2272.96 Mobile Safari/537.36 (compatible; Googlebot/2.1; +http://www.google.com/bot.html)"
159.65.249.43 - - [04/May/2018:13:38:33 -0400] "GET /papers/1998/ HTTP/1.1" 200 4072 "http://www.nspw.org/papers/1998/" "Mozilla/5.0 (compatible; spbot/5.0.3; +http://OpenLinkProfiler.org/bot )"
159.65.249.43 - - [04/May/2018:13:38:43 -0400] "GET /proceedings/1994 HTTP/1.1" 200 5872 "https://www.nspw.org/proceedings" "Mozilla/5.0 (compatible; spbot/5.0.3; +http://OpenLinkProfiler.org/bot )"
159.65.249.43 - - [04/May/2018:13:39:03 -0400] "GET /papers/1994/ HTTP/1.1" 200 4090 "http://www.nspw.org/papers/1994/" "Mozilla/5.0 (compatible; spbot/5.0.3; +http://OpenLinkProfiler.org/bot )"
159.65.249.43 - - [04/May/2018:13:39:13 -0400] "GET /2003/index.shtml HTTP/1.1" 200 5126 "https://www.nspw.org/2003/" "Mozilla/5.0 (compatible; spbot/5.0.3; +http://OpenLinkProfiler.org/bot )"
123.125.143.7 - - [04/May/2018:13:39:22 -0400] "GET /modules/system/system.base.css?p7r9uw HTTP/1.1" 200 9624 "-" "Python-urllib/2.7"
159.65.249.43 - - [04/May/2018:13:39:23 -0400] "GET /proceedings/1995 HTTP/1.1" 200 5871 "https://www.nspw.org/proceedings" "Mozilla/5.0 (compatible; spbot/5.0.3; +http://OpenLinkProfiler.org/bot )"
123.125.143.134 - - [04/May/2018:13:39:23 -0400] "GET /modules/comment/comment.css?p7r9uw HTTP/1.1" 200 4339 "-" "Python-urllib/2.7"
123.125.143.19 - - [04/May/2018:13:39:25 -0400] "GET /themes/garland/style.css?p7r9uw HTTP/1.1" 200 25021 "-" "Python-urllib/2.7"
123.125.143.15 - - [04/May/2018:13:39:26 -0400] "GET /themes/garland/print.css?p7r9uw HTTP/1.1" 200 5203 "-" "Python-urllib/2.7"
123.125.143.8 - - [04/May/2018:13:39:29 -0400] "GET /sites/default/files/nspw-logo-smaller.jpg HTTP/1.1" 200 6165 "-" "Mozilla/5.0 (Windows NT 6.1; WOW64; rv:43.0) Gecko/20100101 Firefox/43.0"
123.125.143.8 - - [04/May/2018:13:39:30 -0400] "GET /themes/garland/images/bg-navigation-item-hover.png HTTP/1.1" 200 709 "-" "Mozilla/5.0 (Windows NT 6.1; WOW64; rv:43.0) Gecko/20100101 Firefox/43.0"
123.125.143.8 - - [04/May/2018:13:39:31 -0400] "GET /themes/garland/images/bg-navigation-item.png HTTP/1.1" 200 757 "-" "Mozilla/5.0 (Windows NT 6.1; WOW64; rv:43.0) Gecko/20100101 Firefox/43.0"
123.125.143.8 - - [04/May/2018:13:39:33 -0400] "GET /themes/garland/images/menu-leaf.gif HTTP/1.1" 200 437 "-" "Mozilla/5.0 (Windows NT 6.1; WOW64; rv:43.0) Gecko/20100101 Firefox/43.0"
123.125.143.8 - - [04/May/2018:13:39:35 -0400] "GET /themes/garland/images/menu-expanded.gif HTTP/1.1" 200 437 "-" "Mozilla/5.0 (Windows NT 6.1; WOW64; rv:43.0) Gecko/20100101 Firefox/43.0"
123.125.143.8 - - [04/May/2018:13:39:36 -0400] "GET /themes/garland/images/menu-collapsed.gif HTTP/1.1" 200 437 "-" "Mozilla/5.0 (Windows NT 6.1; WOW64; rv:43.0) Gecko/20100101 Firefox/43.0"
159.65.249.43 - - [04/May/2018:13:39:43 -0400] "GET /papers/1995/ HTTP/1.1" 200 3828 "http://www.nspw.org/papers/1995/" "Mozilla/5.0 (compatible; spbot/5.0.3; +http://OpenLinkProfiler.org/bot )"
159.65.249.43 - - [04/May/2018:13:39:53 -0400] "GET /2005/index.shtml HTTP/1.1" 200 5155 "https://www.nspw.org/2005/" "Mozilla/5.0 (compatible; spbot/5.0.3; +http://OpenLinkProfiler.org/bot )"
159.65.249.43 - - [04/May/2018:13:40:03 -0400] "GET /2006/local.shtml HTTP/1.1" 200 4597 "https://www.nspw.org/2006/" "Mozilla/5.0 (compatible; spbot/5.0.3; +http://OpenLinkProfiler.org/bot )"
159.65.249.43 - - [04/May/2018:13:40:13 -0400] "GET /proceedings/2003 HTTP/1.1" 200 5871 "https://www.nspw.org/proceedings" "Mozilla/5.0 (compatible; spbot/5.0.3; +http://OpenLinkProfiler.org/bot )"
159.65.249.43 - - [04/May/2018:13:40:33 -0400] "GET /papers/2003/ HTTP/1.1" 200 4079 "http://www.nspw.org/papers/2003/" "Mozilla/5.0 (compatible; spbot/5.0.3; +http://OpenLinkProfiler.org/bot )"
159.65.249.43 - - [04/May/2018:13:40:43 -0400] "GET /proceedings/2006 HTTP/1.1" 200 6506 "https://www.nspw.org/proceedings" "Mozilla/5.0 (compatible; spbot/5.0.3; +http://OpenLinkProfiler.org/bot )"
159.65.249.43 - - [04/May/2018:13:40:53 -0400] "GET /proceedings/1999 HTTP/1.1" 200 5871 "https://www.nspw.org/proceedings" "Mozilla/5.0 (compatible; spbot/5.0.3; +http://OpenLinkProfiler.org/bot )"
159.65.249.43 - - [04/May/2018:13:41:13 -0400] "GET /papers/1999/ HTTP/1.1" 200 4102 "http://www.nspw.org/papers/1999/" "Mozilla/5.0 (compatible; spbot/5.0.3; +http://OpenLinkProfiler.org/bot )"
159.65.249.43 - - [04/May/2018:13:41:23 -0400] "GET /proceedings/2008 HTTP/1.1" 200 6650 "https://www.nspw.org/proceedings" "Mozilla/5.0 (compatible; spbot/5.0.3; +http://OpenLinkProfiler.org/bot )"
159.65.249.43 - - [04/May/2018:13:41:32 -0400] "GET /proceedings/2011 HTTP/1.1" 200 6711 "https://www.nspw.org/proceedings" "Mozilla/5.0 (compatible; spbot/5.0.3; +http://OpenLinkProfiler.org/bot )"
159.65.249.43 - - [04/May/2018:13:41:43 -0400] "GET /proceedings/2001 HTTP/1.1" 200 5871 "https://www.nspw.org/proceedings" "Mozilla/5.0 (compatible; spbot/5.0.3; +http://OpenLinkProfiler.org/bot )"
159.65.249.43 - - [04/May/2018:13:42:03 -0400] "GET /papers/2001/ HTTP/1.1" 200 4127 "http://www.nspw.org/papers/2001/" "Mozilla/5.0 (compatible; spbot/5.0.3; +http://OpenLinkProfiler.org/bot )"
159.65.249.43 - - [04/May/2018:13:42:13 -0400] "GET /proceedings/2007 HTTP/1.1" 200 6588 "https://www.nspw.org/proceedings" "Mozilla/5.0 (compatible; spbot/5.0.3; +http://OpenLinkProfiler.org/bot )"
159.65.249.43 - - [04/May/2018:13:42:23 -0400] "GET /1999/program.html HTTP/1.1" 200 6065 "https://www.nspw.org/1999/" "Mozilla/5.0 (compatible; spbot/5.0.3; +http://OpenLinkProfiler.org/bot )"
159.65.249.43 - - [04/May/2018:13:42:33 -0400] "GET /2008/papers.shtml HTTP/1.1" 200 5446 "https://www.nspw.org/2008/" "Mozilla/5.0 (compatible; spbot/5.0.3; +http://OpenLinkProfiler.org/bot )"
69.162.124.227 - - [04/May/2018:13:42:41 -0400] "HEAD / HTTP/1.1" 200 3874 "http://nspw.org/" "Mozilla/5.0+(compatible; UptimeRobot/2.0; http://www.uptimerobot.com/)"
159.65.249.43 - - [04/May/2018:13:42:43 -0400] "GET /2003/papers.shtml HTTP/1.1" 200 4549 "https://www.nspw.org/2003/" "Mozilla/5.0 (compatible; spbot/5.0.3; +http://OpenLinkProfiler.org/bot )"
159.65.249.43 - - [04/May/2018:13:42:53 -0400] "GET /2009/finaid.shtml HTTP/1.1" 200 4811 "https://www.nspw.org/2009/" "Mozilla/5.0 (compatible; spbot/5.0.3; +http://OpenLinkProfiler.org/bot )"
159.65.249.43 - - [04/May/2018:13:43:03 -0400] "GET /2002/papers.shtml HTTP/1.1" 200 5382 "https://www.nspw.org/2002/" "Mozilla/5.0 (compatible; spbot/5.0.3; +http://OpenLinkProfiler.org/bot )"
159.65.249.43 - - [04/May/2018:13:43:13 -0400] "GET /2005/papers.shtml HTTP/1.1" 200 5367 "https://www.nspw.org/2005/" "Mozilla/5.0 (compatible; spbot/5.0.3; +http://OpenLinkProfiler.org/bot )"
159.65.249.43 - - [04/May/2018:13:43:23 -0400] "GET /2007/papers.shtml HTTP/1.1" 200 5424 "https://www.nspw.org/2007/" "Mozilla/5.0 (compatible; spbot/5.0.3; +http://OpenLinkProfiler.org/bot )"
159.65.249.43 - - [04/May/2018:13:43:33 -0400] "GET /2009/papers.shtml HTTP/1.1" 200 5478 "https://www.nspw.org/2009/" "Mozilla/5.0 (compatible; spbot/5.0.3; +http://OpenLinkProfiler.org/bot )"
159.65.249.43 - - [04/May/2018:13:43:43 -0400] "GET /2006/papers.shtml HTTP/1.1" 200 4567 "https://www.nspw.org/2006/" "Mozilla/5.0 (compatible; spbot/5.0.3; +http://OpenLinkProfiler.org/bot )"
159.65.249.43 - - [04/May/2018:13:43:53 -0400] "GET /2001/program.html HTTP/1.1" 200 6026 "https://www.nspw.org/2001/" "Mozilla/5.0 (compatible; spbot/5.0.3; +http://OpenLinkProfiler.org/bot )"
159.65.249.43 - - [04/May/2018:13:44:03 -0400] "GET /2000/program.html HTTP/1.1" 200 5796 "https://www.nspw.org/2000/" "Mozilla/5.0 (compatible; spbot/5.0.3; +http://OpenLinkProfiler.org/bot )"
159.65.249.43 - - [04/May/2018:13:44:12 -0400] "GET /2000/private HTTP/1.1" 404 7742 "https://www.nspw.org/2000/program.html" "Mozilla/5.0 (compatible; spbot/5.0.3; +http://OpenLinkProfiler.org/bot )"
159.65.249.43 - - [04/May/2018:13:44:23 -0400] "GET /2004/papers.shtml HTTP/1.1" 200 5520 "https://www.nspw.org/2004/" "Mozilla/5.0 (compatible; spbot/5.0.3; +http://OpenLinkProfiler.org/bot )"
159.65.249.43 - - [04/May/2018:13:44:33 -0400] "GET /2004/program.shtml HTTP/1.1" 200 6458 "https://www.nspw.org/2004/" "Mozilla/5.0 (compatible; spbot/5.0.3; +http://OpenLinkProfiler.org/bot )"
159.65.249.43 - - [04/May/2018:13:44:43 -0400] "GET /2009/program.shtml HTTP/1.1" 200 5759 "https://www.nspw.org/2009/" "Mozilla/5.0 (compatible; spbot/5.0.3; +http://OpenLinkProfiler.org/bot )"
159.65.249.43 - - [04/May/2018:13:44:53 -0400] "GET /2003/program.shtml HTTP/1.1" 200 6091 "https://www.nspw.org/2003/" "Mozilla/5.0 (compatible; spbot/5.0.3; +http://OpenLinkProfiler.org/bot )"
5.255.250.67 - - [04/May/2018:13:37:27 -0400] "GET /papers/2008/nspw2008-molloy.pdf HTTP/1.1" 200 2434544 "-" "Mozilla/5.0 (compatible; YandexBot/3.0; +http://yandex.com/bots)"
77.88.47.40 - - [04/May/2018:13:44:58 -0400] "GET /2004/oc.content HTTP/1.1" 200 6193 "-" "Mozilla/5.0 (compatible; YandexBot/3.0; +http://yandex.com/bots)"
77.88.47.40 - - [04/May/2018:13:44:59 -0400] "GET /2015/accepted HTTP/1.1" 200 3537 "-" "Mozilla/5.0 (compatible; YandexBot/3.0; +http://yandex.com/bots)"
77.88.47.40 - - [04/May/2018:13:45:02 -0400] "GET /2004/pc.content HTTP/1.1" 200 2895 "-" "Mozilla/5.0 (compatible; YandexBot/3.0; +http://yandex.com/bots)"
159.65.249.43 - - [04/May/2018:13:45:03 -0400] "GET /2002/program.shtml HTTP/1.1" 200 6451 "https://www.nspw.org/2002/" "Mozilla/5.0 (compatible; spbot/5.0.3; +http://OpenLinkProfiler.org/bot )"
66.249.64.215 - - [04/May/2018:13:45:04 -0400] "GET /2002/dates.shtml HTTP/1.1" 200 4877 "-" "Mozilla/5.0 (Linux; Android 6.0.1; Nexus 5X Build/MMB29P) AppleWebKit/537.36 (KHTML, like Gecko) Chrome/41.0.2272.96 Mobile Safari/537.36 (compatible; Googlebot/2.1; +http://www.google.com/bot.html)"
159.65.249.43 - - [04/May/2018:13:45:13 -0400] "GET /2007/program.shtml HTTP/1.1" 200 6303 "https://www.nspw.org/2007/" "Mozilla/5.0 (compatible; spbot/5.0.3; +http://OpenLinkProfiler.org/bot )"
159.65.249.43 - - [04/May/2018:13:45:23 -0400] "GET /2005/program.shtml HTTP/1.1" 200 8033 "https://www.nspw.org/2005/" "Mozilla/5.0 (compatible; spbot/5.0.3; +http://OpenLinkProfiler.org/bot )"
77.88.47.40 - - [04/May/2018:13:45:05 -0400] "GET /2009/proceedings/1999/nspw1999-welch.pdf HTTP/1.1" 200 572847 "-" "Mozilla/5.0 (compatible; YandexBot/3.0; +http://yandex.com/bots)"
159.65.249.43 - - [04/May/2018:13:45:33 -0400] "GET /2006/program.shtml HTTP/1.1" 200 6018 "https://www.nspw.org/2006/" "Mozilla/5.0 (compatible; spbot/5.0.3; +http://OpenLinkProfiler.org/bot )"
159.65.249.43 - - [04/May/2018:13:45:43 -0400] "GET /2008/program.shtml HTTP/1.1" 200 4709 "https://www.nspw.org/2008/" "Mozilla/5.0 (compatible; spbot/5.0.3; +http://OpenLinkProfiler.org/bot )"
159.65.249.43 - - [04/May/2018:13:45:53 -0400] "GET /papers/1997/?C=D;O=A HTTP/1.1" 200 4067 "https://www.nspw.org/papers/1997/" "Mozilla/5.0 (compatible; spbot/5.0.3; +http://OpenLinkProfiler.org/bot )"
159.65.249.43 - - [04/May/2018:13:46:03 -0400] "GET /papers/1997/?C=D;O=D HTTP/1.1" 200 4068 "https://www.nspw.org/papers/1997/?C=D;O=A" "Mozilla/5.0 (compatible; spbot/5.0.3; +http://OpenLinkProfiler.org/bot )"
216.244.66.200 - - [04/May/2018:13:46:08 -0400] "GET /robots.txt HTTP/1.1" 200 5796 "-" "Mozilla/5.0 (compatible; DotBot/1.1; http://www.opensiteexplorer.org/dotbot, help@moz.com)"
159.65.249.43 - - [04/May/2018:13:46:13 -0400] "GET /papers/2004/?C=D;O=A HTTP/1.1" 200 4079 "https://www.nspw.org/papers/2004/" "Mozilla/5.0 (compatible; spbot/5.0.3; +http://OpenLinkProfiler.org/bot )"
159.65.249.43 - - [04/May/2018:13:46:23 -0400] "GET /papers/2004/?C=D;O=D HTTP/1.1" 200 4081 "https://www.nspw.org/papers/2004/?C=D;O=A" "Mozilla/5.0 (compatible; spbot/5.0.3; +http://OpenLinkProfiler.org/bot )"
159.65.249.43 - - [04/May/2018:13:46:33 -0400] "GET /papers/2000/?C=M;O=A HTTP/1.1" 200 4110 "https://www.nspw.org/papers/2000/" "Mozilla/5.0 (compatible; spbot/5.0.3; +http://OpenLinkProfiler.org/bot )"
159.65.249.43 - - [04/May/2018:13:46:42 -0400] "GET /papers/2000/?C=M;O=D HTTP/1.1" 200 4112 "https://www.nspw.org/papers/2000/?C=M;O=A" "Mozilla/5.0 (compatible; spbot/5.0.3; +http://OpenLinkProfiler.org/bot )"
159.65.249.43 - - [04/May/2018:13:46:53 -0400] "GET /papers/1993/?C=S;O=A HTTP/1.1" 200 4273 "https://www.nspw.org/papers/1993/" "Mozilla/5.0 (compatible; spbot/5.0.3; +http://OpenLinkProfiler.org/bot )"
159.65.249.43 - - [04/May/2018:13:47:03 -0400] "GET /papers/1993/?C=N;O=A HTTP/1.1" 200 4280 "https://www.nspw.org/papers/1993/?C=S;O=A" "Mozilla/5.0 (compatible; spbot/5.0.3; +http://OpenLinkProfiler.org/bot )"
159.65.249.43 - - [04/May/2018:13:47:13 -0400] "GET /papers/1997/?C=M;O=A HTTP/1.1" 200 4074 "https://www.nspw.org/papers/1997/" "Mozilla/5.0 (compatible; spbot/5.0.3; +http://OpenLinkProfiler.org/bot )"
159.65.249.43 - - [04/May/2018:13:47:23 -0400] "GET /papers/1997/?C=M;O=D HTTP/1.1" 200 4072 "https://www.nspw.org/papers/1997/?C=M;O=A" "Mozilla/5.0 (compatible; spbot/5.0.3; +http://OpenLinkProfiler.org/bot )"
77.88.47.40 - - [04/May/2018:13:39:57 -0400] "GET /papers/2008/nspw2008-molloy.pdf HTTP/1.1" 200 2823188 "-" "Mozilla/5.0 (compatible; YandexBot/3.0; +http://yandex.com/bots)"
66.249.64.215 - - [04/May/2018:13:47:31 -0400] "GET /2005/cfp/latex/tr.pdf HTTP/1.1" 200 355511 "-" "Googlebot/2.1 (+http://www.google.com/bot.html)"
159.65.249.43 - - [04/May/2018:13:47:33 -0400] "GET /papers/2003/?C=D;O=A HTTP/1.1" 200 4079 "https://www.nspw.org/papers/2003/" "Mozilla/5.0 (compatible; spbot/5.0.3; +http://OpenLinkProfiler.org/bot )"
69.162.124.227 - - [04/May/2018:13:47:41 -0400] "HEAD / HTTP/1.1" 200 3874 "http://nspw.org/" "Mozilla/5.0+(compatible; UptimeRobot/2.0; http://www.uptimerobot.com/)"
159.65.249.43 - - [04/May/2018:13:47:43 -0400] "GET /papers/2003/?C=N;O=A HTTP/1.1" 200 4079 "https://www.nspw.org/papers/2003/?C=D;O=A" "Mozilla/5.0 (compatible; spbot/5.0.3; +http://OpenLinkProfiler.org/bot )"
159.65.249.43 - - [04/May/2018:13:47:53 -0400] "GET /papers/2004/?C=M;O=A HTTP/1.1" 200 4084 "https://www.nspw.org/papers/2004/" "Mozilla/5.0 (compatible; spbot/5.0.3; +http://OpenLinkProfiler.org/bot )"
159.65.249.43 - - [04/May/2018:13:48:03 -0400] "GET /papers/2004/?C=M;O=D HTTP/1.1" 200 4083 "https://www.nspw.org/papers/2004/?C=M;O=A" "Mozilla/5.0 (compatible; spbot/5.0.3; +http://OpenLinkProfiler.org/bot )"
159.65.249.43 - - [04/May/2018:13:48:13 -0400] "GET /papers/1994/?C=S;O=A HTTP/1.1" 200 4090 "https://www.nspw.org/papers/1994/" "Mozilla/5.0 (compatible; spbot/5.0.3; +http://OpenLinkProfiler.org/bot )"
159.65.249.43 - - [04/May/2018:13:48:23 -0400] "GET /papers/1994/?C=S;O=D HTTP/1.1" 200 4091 "https://www.nspw.org/papers/1994/?C=S;O=A" "Mozilla/5.0 (compatible; spbot/5.0.3; +http://OpenLinkProfiler.org/bot )"
159.65.249.43 - - [04/May/2018:13:48:33 -0400] "GET /papers/2004/?C=S;O=A HTTP/1.1" 200 4081 "https://www.nspw.org/papers/2004/" "Mozilla/5.0 (compatible; spbot/5.0.3; +http://OpenLinkProfiler.org/bot )"
159.65.249.43 - - [04/May/2018:13:48:43 -0400] "GET /papers/2004/?C=S;O=D HTTP/1.1" 200 4080 "https://www.nspw.org/papers/2004/?C=S;O=A" "Mozilla/5.0 (compatible; spbot/5.0.3; +http://OpenLinkProfiler.org/bot )"
159.65.249.43 - - [04/May/2018:13:48:53 -0400] "GET /papers/1997/?C=S;O=A HTTP/1.1" 200 4068 "https://www.nspw.org/papers/1997/" "Mozilla/5.0 (compatible; spbot/5.0.3; +http://OpenLinkProfiler.org/bot )"
159.65.249.43 - - [04/May/2018:13:49:03 -0400] "GET /papers/1997/?C=S;O=D HTTP/1.1" 200 4067 "https://www.nspw.org/papers/1997/?C=S;O=A" "Mozilla/5.0 (compatible; spbot/5.0.3; +http://OpenLinkProfiler.org/bot )"
66.249.64.215 - - [04/May/2018:13:49:08 -0400] "GET /2009/proceedings/2014-pre/edwards-nspw2014pre.pdf HTTP/1.1" 404 8113 "-" "Googlebot/2.1 (+http://www.google.com/bot.html)"
159.65.249.43 - - [04/May/2018:13:49:13 -0400] "GET /papers/2002/?C=M;O=A HTTP/1.1" 200 4170 "https://www.nspw.org/papers/2002/" "Mozilla/5.0 (compatible; spbot/5.0.3; +http://OpenLinkProfiler.org/bot )"
159.65.249.43 - - [04/May/2018:13:49:23 -0400] "GET /papers/2002/?C=M;O=D HTTP/1.1" 200 4167 "https://www.nspw.org/papers/2002/?C=M;O=A" "Mozilla/5.0 (compatible; spbot/5.0.3; +http://OpenLinkProfiler.org/bot )"
159.65.249.43 - - [04/May/2018:13:49:33 -0400] "GET /papers/1993/?C=N;O=D HTTP/1.1" 200 4279 "https://www.nspw.org/papers/1993/" "Mozilla/5.0 (compatible; spbot/5.0.3; +http://OpenLinkProfiler.org/bot )"
159.65.249.43 - - [04/May/2018:13:49:43 -0400] "GET /papers/2004/?C=N;O=D HTTP/1.1" 200 4081 "https://www.nspw.org/papers/2004/" "Mozilla/5.0 (compatible; spbot/5.0.3; +http://OpenLinkProfiler.org/bot )"
159.65.249.43 - - [04/May/2018:13:49:53 -0400] "GET /papers/2000/?C=D;O=A HTTP/1.1" 200 4117 "https://www.nspw.org/papers/2000/" "Mozilla/5.0 (compatible; spbot/5.0.3; +http://OpenLinkProfiler.org/bot )"
77.88.47.40 - - [04/May/2018:13:42:27 -0400] "GET /papers/2008/nspw2008-molloy.pdf HTTP/1.1" 200 3049664 "-" "Mozilla/5.0 (compatible; YandexBot/3.0; +http://yandex.com/bots)"
159.65.249.43 - - [04/May/2018:13:50:03 -0400] "GET /papers/2000/?C=D;O=D HTTP/1.1" 200 4114 "https://www.nspw.org/papers/2000/?C=D;O=A" "Mozilla/5.0 (compatible; spbot/5.0.3; +http://OpenLinkProfiler.org/bot )"
159.65.249.43 - - [04/May/2018:13:50:14 -0400] "GET /papers/1995/?C=M;O=A HTTP/1.1" 200 3828 "https://www.nspw.org/papers/1995/" "Mozilla/5.0 (compatible; spbot/5.0.3; +http://OpenLinkProfiler.org/bot )"
159.65.249.43 - - [04/May/2018:13:50:23 -0400] "GET /papers/1995/?C=M;O=D HTTP/1.1" 200 3826 "https://www.nspw.org/papers/1995/?C=M;O=A" "Mozilla/5.0 (compatible; spbot/5.0.3; +http://OpenLinkProfiler.org/bot )"
159.65.249.43 - - [04/May/2018:13:50:33 -0400] "GET /papers/1993/?C=M;O=A HTTP/1.1" 200 4291 "https://www.nspw.org/papers/1993/" "Mozilla/5.0 (compatible; spbot/5.0.3; +http://OpenLinkProfiler.org/bot )"
159.65.249.43 - - [04/May/2018:13:50:43 -0400] "GET /papers/1993/?C=M;O=D HTTP/1.1" 200 4289 "https://www.nspw.org/papers/1993/?C=M;O=A" "Mozilla/5.0 (compatible; spbot/5.0.3; +http://OpenLinkProfiler.org/bot )"
159.65.249.43 - - [04/May/2018:13:50:53 -0400] "GET /papers/1998/?C=D;O=A HTTP/1.1" 200 4072 "https://www.nspw.org/papers/1998/" "Mozilla/5.0 (compatible; spbot/5.0.3; +http://OpenLinkProfiler.org/bot )"
159.65.249.43 - - [04/May/2018:13:51:02 -0400] "GET /papers/1998/?C=D;O=D HTTP/1.1" 200 4069 "https://www.nspw.org/papers/1998/?C=D;O=A" "Mozilla/5.0 (compatible; spbot/5.0.3; +http://OpenLinkProfiler.org/bot )"
159.65.249.43 - - [04/May/2018:13:51:13 -0400] "GET /papers/1998/?C=N;O=D HTTP/1.1" 200 4069 "https://www.nspw.org/papers/1998/" "Mozilla/5.0 (compatible; spbot/5.0.3; +http://OpenLinkProfiler.org/bot )"
93.214.207.185 - - [04/May/2018:13:51:13 -0400] "GET /wp-login.php HTTP/1.1" 404 7839 "-" "Mozilla/5.0 (Windows NT 6.1; WOW64; rv:40.0) Gecko/20100101 Firefox/40.1"
93.214.207.185 - - [04/May/2018:13:51:14 -0400] "GET / HTTP/1.1" 200 8218 "-" "Mozilla/5.0 (Windows NT 6.1; WOW64; rv:40.0) Gecko/20100101 Firefox/40.1"
159.65.249.43 - - [04/May/2018:13:51:23 -0400] "GET /papers/2000/?C=S;O=A HTTP/1.1" 200 4111 "https://www.nspw.org/papers/2000/" "Mozilla/5.0 (compatible; spbot/5.0.3; +http://OpenLinkProfiler.org/bot )"
158.69.127.133 - - [04/May/2018:13:51:24 -0400] "GET / HTTP/1.1" 200 8303 "-" "Mozilla/5.0 (compatible; Dataprovider.com;)"
158.69.127.133 - - [04/May/2018:13:51:27 -0400] "GET /robots.txt HTTP/1.1" 200 2655 "-" "Mozilla/5.0 (compatible; Dataprovider.com;)"
158.69.127.133 - - [04/May/2018:13:51:27 -0400] "GET /sitemap.xml HTTP/1.1" 404 4687 "-" "Mozilla/5.0 (compatible; Dataprovider.com;)"
158.69.127.133 - - [04/May/2018:13:51:27 -0400] "GET / HTTP/1.1" 200 8303 "-" "Mozilla/5.0 (compatible; Dataprovider.com;)"
158.69.127.133 - - [04/May/2018:13:51:28 -0400] "GET /login HTTP/1.1" 200 8079 "-" "Mozilla/5.0 (compatible; Dataprovider.com;)"
158.69.127.133 - - [04/May/2018:13:51:29 -0400] "GET /2018 HTTP/1.1" 200 9065 "-" "Mozilla/5.0 (compatible; Dataprovider.com;)"
158.69.127.133 - - [04/May/2018:13:51:30 -0400] "GET /2018/cfp HTTP/1.1" 200 12153 "-" "Mozilla/5.0 (compatible; Dataprovider.com;)"
180.76.15.134 - - [04/May/2018:13:51:31 -0400] "GET /2013/program HTTP/1.1" 200 13952 "-" "Mozilla/5.0 (compatible; Baiduspider/2.0; +http://www.baidu.com/search/spider.html)"
158.69.127.133 - - [04/May/2018:13:51:31 -0400] "GET /past HTTP/1.1" 200 8777 "-" "Mozilla/5.0 (compatible; Dataprovider.com;)"
158.69.127.133 - - [04/May/2018:13:51:32 -0400] "GET /2018/organizers HTTP/1.1" 200 10217 "-" "Mozilla/5.0 (compatible; Dataprovider.com;)"
159.65.249.43 - - [04/May/2018:13:51:33 -0400] "GET /papers/2000/?C=S;O=D HTTP/1.1" 200 4109 "https://www.nspw.org/papers/2000/?C=S;O=A" "Mozilla/5.0 (compatible; spbot/5.0.3; +http://OpenLinkProfiler.org/bot )"
158.69.127.133 - - [04/May/2018:13:51:33 -0400] "GET /proceedings HTTP/1.1" 200 10009 "-" "Mozilla/5.0 (compatible; Dataprovider.com;)"
158.69.127.133 - - [04/May/2018:13:51:34 -0400] "GET /2018/dates HTTP/1.1" 200 7903 "-" "Mozilla/5.0 (compatible; Dataprovider.com;)"
158.69.127.133 - - [04/May/2018:13:51:35 -0400] "GET /user/password HTTP/1.1" 200 7151 "-" "Mozilla/5.0 (compatible; Dataprovider.com;)"
158.69.127.133 - - [04/May/2018:13:51:36 -0400] "GET /2003 HTTP/1.1" 301 682 "-" "Mozilla/5.0 (compatible; Dataprovider.com;)"
158.69.127.133 - - [04/May/2018:13:51:38 -0400] "GET /2017 HTTP/1.1" 200 10185 "-" "Mozilla/5.0 (compatible; Dataprovider.com;)"
158.69.127.133 - - [04/May/2018:13:51:39 -0400] "GET /2013 HTTP/1.1" 200 9705 "-" "Mozilla/5.0 (compatible; Dataprovider.com;)"
158.69.127.133 - - [04/May/2018:13:51:40 -0400] "GET /2010 HTTP/1.1" 200 10425 "-" "Mozilla/5.0 (compatible; Dataprovider.com;)"
158.69.127.133 - - [04/May/2018:13:51:41 -0400] "GET /2011 HTTP/1.1" 200 10281 "-" "Mozilla/5.0 (compatible; Dataprovider.com;)"
158.69.127.133 - - [04/May/2018:13:51:42 -0400] "GET /2000 HTTP/1.1" 301 682 "-" "Mozilla/5.0 (compatible; Dataprovider.com;)"
158.69.127.133 - - [04/May/2018:13:51:43 -0400] "GET /1999 HTTP/1.1" 301 682 "-" "Mozilla/5.0 (compatible; Dataprovider.com;)"
159.65.249.43 - - [04/May/2018:13:51:43 -0400] "GET /papers/1999/?C=N;O=D HTTP/1.1" 200 4099 "https://www.nspw.org/papers/1999/" "Mozilla/5.0 (compatible; spbot/5.0.3; +http://OpenLinkProfiler.org/bot )"
66.249.64.215 - - [04/May/2018:13:51:44 -0400] "GET /2000/pc.html HTTP/1.1" 200 5221 "-" "Mozilla/5.0 (Linux; Android 6.0.1; Nexus 5X Build/MMB29P) AppleWebKit/537.36 (KHTML, like Gecko) Chrome/41.0.2272.96 Mobile Safari/537.36 (compatible; Googlebot/2.1; +http://www.google.com/bot.html)"
158.69.127.133 - - [04/May/2018:13:51:44 -0400] "GET /2004 HTTP/1.1" 301 682 "-" "Mozilla/5.0 (compatible; Dataprovider.com;)"
158.69.127.133 - - [04/May/2018:13:51:45 -0400] "GET /2001 HTTP/1.1" 301 682 "-" "Mozilla/5.0 (compatible; Dataprovider.com;)"
158.69.127.133 - - [04/May/2018:13:51:46 -0400] "GET /2016 HTTP/1.1" 200 10057 "-" "Mozilla/5.0 (compatible; Dataprovider.com;)"
158.69.127.133 - - [04/May/2018:13:51:47 -0400] "GET /2014 HTTP/1.1" 200 9609 "-" "Mozilla/5.0 (compatible; Dataprovider.com;)"
158.69.127.133 - - [04/May/2018:13:51:48 -0400] "GET /ads.txt HTTP/1.1" 404 778 "-" "Mozilla/5.0 (compatible; Dataprovider.com;)"
158.69.127.133 - - [04/May/2018:13:51:48 -0400] "GET / HTTP/1.1" 200 8303 "-" "Mozilla/5.0 (Linux; Android 5.1.1; SM-G925F Build/LMY47X) AppleWebKit/537.36 (KHTML, like Gecko) Chrome/45.0.2454.94 Mobile Safari/537.36"
159.65.249.43 - - [04/May/2018:13:51:53 -0400] "GET /papers/1999/?C=N;O=A HTTP/1.1" 200 4102 "https://www.nspw.org/papers/1999/?C=N;O=D" "Mozilla/5.0 (compatible; spbot/5.0.3; +http://OpenLinkProfiler.org/bot )"
159.65.249.43 - - [04/May/2018:13:52:03 -0400] "GET /papers/1998/?C=M;O=A HTTP/1.1" 200 4072 "https://www.nspw.org/papers/1998/" "Mozilla/5.0 (compatible; spbot/5.0.3; +http://OpenLinkProfiler.org/bot )"
159.65.249.43 - - [04/May/2018:13:52:13 -0400] "GET /papers/1998/?C=M;O=D HTTP/1.1" 200 4070 "https://www.nspw.org/papers/1998/?C=M;O=A" "Mozilla/5.0 (compatible; spbot/5.0.3; +http://OpenLinkProfiler.org/bot )"
159.65.249.43 - - [04/May/2018:13:52:23 -0400] "GET /papers/1999/?C=S;O=A HTTP/1.1" 200 4106 "https://www.nspw.org/papers/1999/" "Mozilla/5.0 (compatible; spbot/5.0.3; +http://OpenLinkProfiler.org/bot )"
159.65.249.43 - - [04/May/2018:13:52:33 -0400] "GET /papers/1999/?C=S;O=D HTTP/1.1" 200 4104 "https://www.nspw.org/papers/1999/?C=S;O=A" "Mozilla/5.0 (compatible; spbot/5.0.3; +http://OpenLinkProfiler.org/bot )"
66.249.64.219 - - [04/May/2018:13:52:38 -0400] "GET /2009/proceedings/2002/nspw2002-moskowitz.pdf HTTP/1.1" 200 2048989 "-" "Googlebot/2.1 (+http://www.google.com/bot.html)"
69.162.124.227 - - [04/May/2018:13:52:41 -0400] "HEAD / HTTP/1.1" 200 3874 "http://nspw.org/" "Mozilla/5.0+(compatible; UptimeRobot/2.0; http://www.uptimerobot.com/)"
159.65.249.43 - - [04/May/2018:13:52:43 -0400] "GET /papers/2001/?C=M;O=A HTTP/1.1" 200 4129 "https://www.nspw.org/papers/2001/" "Mozilla/5.0 (compatible; spbot/5.0.3; +http://OpenLinkProfiler.org/bot )"
159.65.249.43 - - [04/May/2018:13:52:53 -0400] "GET /papers/2001/?C=M;O=D HTTP/1.1" 200 4129 "https://www.nspw.org/papers/2001/?C=M;O=A" "Mozilla/5.0 (compatible; spbot/5.0.3; +http://OpenLinkProfiler.org/bot )"
159.65.249.43 - - [04/May/2018:13:53:03 -0400] "GET /papers/1995/?C=S;O=A HTTP/1.1" 200 3828 "https://www.nspw.org/papers/1995/" "Mozilla/5.0 (compatible; spbot/5.0.3; +http://OpenLinkProfiler.org/bot )"
78.190.198.116 - - [04/May/2018:13:53:08 -0400] "GET /wp-login.php HTTP/1.1" 404 7839 "-" "Mozilla/5.0 (Windows NT 6.1; WOW64; rv:40.0) Gecko/20100101 Firefox/40.1"
78.190.198.116 - - [04/May/2018:13:53:09 -0400] "GET / HTTP/1.1" 200 8218 "-" "Mozilla/5.0 (Windows NT 6.1; WOW64; rv:40.0) Gecko/20100101 Firefox/40.1"
159.65.249.43 - - [04/May/2018:13:53:13 -0400] "GET /papers/1995/?C=S;O=D HTTP/1.1" 200 3826 "https://www.nspw.org/papers/1995/?C=S;O=A" "Mozilla/5.0 (compatible; spbot/5.0.3; +http://OpenLinkProfiler.org/bot )"
159.65.249.43 - - [04/May/2018:13:53:23 -0400] "GET /papers/2001/?C=S;O=A HTTP/1.1" 200 4125 "https://www.nspw.org/papers/2001/" "Mozilla/5.0 (compatible; spbot/5.0.3; +http://OpenLinkProfiler.org/bot )"
159.65.249.43 - - [04/May/2018:13:53:33 -0400] "GET /papers/2001/?C=S;O=D HTTP/1.1" 200 4126 "https://www.nspw.org/papers/2001/?C=S;O=A" "Mozilla/5.0 (compatible; spbot/5.0.3; +http://OpenLinkProfiler.org/bot )"
103.2.134.36 - - [04/May/2018:13:53:40 -0400] "GET /wp-login.php HTTP/1.1" 404 7484 "-" "Mozilla/5.0 (Windows NT 6.1; WOW64; rv:40.0) Gecko/20100101 Firefox/40.1"
103.2.134.36 - - [04/May/2018:13:53:40 -0400] "GET / HTTP/1.1" 200 8218 "-" "Mozilla/5.0 (Windows NT 6.1; WOW64; rv:40.0) Gecko/20100101 Firefox/40.1"
159.65.249.43 - - [04/May/2018:13:53:43 -0400] "GET /papers/1995/?C=D;O=A HTTP/1.1" 200 3828 "https://www.nspw.org/papers/1995/" "Mozilla/5.0 (compatible; spbot/5.0.3; +http://OpenLinkProfiler.org/bot )"
159.65.249.43 - - [04/May/2018:13:53:53 -0400] "GET /papers/1995/?C=D;O=D HTTP/1.1" 200 3826 "https://www.nspw.org/papers/1995/?C=D;O=A" "Mozilla/5.0 (compatible; spbot/5.0.3; +http://OpenLinkProfiler.org/bot )"
159.65.249.43 - - [04/May/2018:13:54:03 -0400] "GET /papers/1996/?C=M;O=A HTTP/1.1" 200 4139 "https://www.nspw.org/papers/1996/" "Mozilla/5.0 (compatible; spbot/5.0.3; +http://OpenLinkProfiler.org/bot )"
159.65.249.43 - - [04/May/2018:13:54:13 -0400] "GET /papers/1996/?C=M;O=D HTTP/1.1" 200 4136 "https://www.nspw.org/papers/1996/?C=M;O=A" "Mozilla/5.0 (compatible; spbot/5.0.3; +http://OpenLinkProfiler.org/bot )"
159.65.249.43 - - [04/May/2018:13:54:23 -0400] "GET /papers/2000/?C=N;O=D HTTP/1.1" 200 4114 "https://www.nspw.org/papers/2000/" "Mozilla/5.0 (compatible; spbot/5.0.3; +http://OpenLinkProfiler.org/bot )"
159.65.249.43 - - [04/May/2018:13:54:33 -0400] "GET /papers/2004/?C=N;O=A HTTP/1.1" 200 4079 "https://www.nspw.org/papers/2004/?C=D;O=A" "Mozilla/5.0 (compatible; spbot/5.0.3; +http://OpenLinkProfiler.org/bot )"
159.65.249.43 - - [04/May/2018:13:54:43 -0400] "GET /papers/1996/?C=S;O=A HTTP/1.1" 200 4131 "https://www.nspw.org/papers/1996/" "Mozilla/5.0 (compatible; spbot/5.0.3; +http://OpenLinkProfiler.org/bot )"
159.65.249.43 - - [04/May/2018:13:54:53 -0400] "GET /papers/1996/?C=S;O=D HTTP/1.1" 200 4128 "https://www.nspw.org/papers/1996/?C=S;O=A" "Mozilla/5.0 (compatible; spbot/5.0.3; +http://OpenLinkProfiler.org/bot )"
159.65.249.43 - - [04/May/2018:13:55:03 -0400] "GET /papers/1993/?C=D;O=A HTTP/1.1" 200 4280 "https://www.nspw.org/papers/1993/" "Mozilla/5.0 (compatible; spbot/5.0.3; +http://OpenLinkProfiler.org/bot )"
159.65.249.43 - - [04/May/2018:13:55:14 -0400] "GET /papers/1993/?C=D;O=D HTTP/1.1" 200 4279 "https://www.nspw.org/papers/1993/?C=D;O=A" "Mozilla/5.0 (compatible; spbot/5.0.3; +http://OpenLinkProfiler.org/bot )"
159.65.249.43 - - [04/May/2018:13:55:23 -0400] "GET /papers/2002/?C=N;O=D HTTP/1.1" 200 4168 "https://www.nspw.org/papers/2002/" "Mozilla/5.0 (compatible; spbot/5.0.3; +http://OpenLinkProfiler.org/bot )"
159.65.249.43 - - [04/May/2018:13:55:33 -0400] "GET /registration/payment HTTP/1.1" 200 6367 "https://www.nspw.org/registration" "Mozilla/5.0 (compatible; spbot/5.0.3; +http://OpenLinkProfiler.org/bot )"
77.88.47.40 - - [04/May/2018:13:55:36 -0400] "GET /2014/dates HTTP/1.1" 200 6577 "-" "Mozilla/5.0 (compatible; YandexBot/3.0; +http://yandex.com/bots)"
159.65.249.43 - - [04/May/2018:13:55:43 -0400] "GET /papers/2003/?C=D;O=D HTTP/1.1" 200 4080 "https://www.nspw.org/papers/2003/?C=D;O=A" "Mozilla/5.0 (compatible; spbot/5.0.3; +http://OpenLinkProfiler.org/bot )"
90.60.69.130 - - [04/May/2018:13:55:51 -0400] "GET /wp-login.php HTTP/1.1" 404 7839 "-" "Mozilla/5.0 (Windows NT 6.1; WOW64; rv:40.0) Gecko/20100101 Firefox/40.1"
90.60.69.130 - - [04/May/2018:13:55:52 -0400] "GET / HTTP/1.1" 200 8218 "-" "Mozilla/5.0 (Windows NT 6.1; WOW64; rv:40.0) Gecko/20100101 Firefox/40.1"
159.65.249.43 - - [04/May/2018:13:55:53 -0400] "GET /papers/2001/?C=D;O=A HTTP/1.1" 200 4127 "https://www.nspw.org/papers/2001/" "Mozilla/5.0 (compatible; spbot/5.0.3; +http://OpenLinkProfiler.org/bot )"
100.43.85.127 - - [04/May/2018:13:56:02 -0400] "GET /node/22 HTTP/1.1" 200 6157 "-" "Mozilla/5.0 (compatible; YandexBot/3.0; +http://yandex.com/bots)"
159.65.249.43 - - [04/May/2018:13:56:03 -0400] "GET /papers/2001/?C=D;O=D HTTP/1.1" 200 4125 "https://www.nspw.org/papers/2001/?C=D;O=A" "Mozilla/5.0 (compatible; spbot/5.0.3; +http://OpenLinkProfiler.org/bot )"
93.158.161.149 - - [04/May/2018:13:56:05 -0400] "GET /node/22 HTTP/1.1" 200 6155 "-" "Mozilla/5.0 (compatible; YandexBot/3.0; +http://yandex.com/bots)"
159.65.249.43 - - [04/May/2018:13:56:13 -0400] "GET /papers/1994/?C=N;O=A HTTP/1.1" 200 4090 "https://www.nspw.org/papers/1994/?C=S;O=A" "Mozilla/5.0 (compatible; spbot/5.0.3; +http://OpenLinkProfiler.org/bot )"
159.65.249.43 - - [04/May/2018:13:56:23 -0400] "GET /papers/1996/?C=N;O=D HTTP/1.1" 200 4135 "https://www.nspw.org/papers/1996/" "Mozilla/5.0 (compatible; spbot/5.0.3; +http://OpenLinkProfiler.org/bot )"
84.201.133.85 - - [04/May/2018:13:56:24 -0400] "GET /2002/past.content HTTP/1.1" 200 5126 "-" "Mozilla/5.0 (compatible; YandexBot/3.0; +http://yandex.com/bots)"
159.65.249.43 - - [04/May/2018:13:56:33 -0400] "GET /papers/1994/?C=M;O=A HTTP/1.1" 200 4089 "https://www.nspw.org/papers/1994/" "Mozilla/5.0 (compatible; spbot/5.0.3; +http://OpenLinkProfiler.org/bot )"
159.65.249.43 - - [04/May/2018:13:56:43 -0400] "GET /papers/1998/?C=S;O=A HTTP/1.1" 200 4065 "https://www.nspw.org/papers/1998/" "Mozilla/5.0 (compatible; spbot/5.0.3; +http://OpenLinkProfiler.org/bot )"
159.65.249.43 - - [04/May/2018:13:56:53 -0400] "GET /papers/1994/?C=M;O=D HTTP/1.1" 200 4088 "https://www.nspw.org/papers/1994/?C=M;O=A" "Mozilla/5.0 (compatible; spbot/5.0.3; +http://OpenLinkProfiler.org/bot )"
159.65.249.43 - - [04/May/2018:13:57:03 -0400] "GET /papers/1998/?C=S;O=D HTTP/1.1" 200 4065 "https://www.nspw.org/papers/1998/?C=S;O=A" "Mozilla/5.0 (compatible; spbot/5.0.3; +http://OpenLinkProfiler.org/bot )"
159.65.249.43 - - [04/May/2018:13:57:13 -0400] "GET /papers/2002/?C=D;O=A HTTP/1.1" 200 4169 "https://www.nspw.org/papers/2002/" "Mozilla/5.0 (compatible; spbot/5.0.3; +http://OpenLinkProfiler.org/bot )"
159.65.249.43 - - [04/May/2018:13:57:23 -0400] "GET /papers/1995/?C=N;O=A HTTP/1.1" 200 3828 "https://www.nspw.org/papers/1995/?C=M;O=A" "Mozilla/5.0 (compatible; spbot/5.0.3; +http://OpenLinkProfiler.org/bot )"
159.65.249.43 - - [04/May/2018:13:57:33 -0400] "GET /papers/2002/?C=D;O=D HTTP/1.1" 200 4168 "https://www.nspw.org/papers/2002/?C=D;O=A" "Mozilla/5.0 (compatible; spbot/5.0.3; +http://OpenLinkProfiler.org/bot )"
69.162.124.227 - - [04/May/2018:13:57:41 -0400] "HEAD / HTTP/1.1" 200 3874 "http://nspw.org/" "Mozilla/5.0+(compatible; UptimeRobot/2.0; http://www.uptimerobot.com/)"
159.65.249.43 - - [04/May/2018:13:57:43 -0400] "GET /papers/1994/?C=D;O=A HTTP/1.1" 200 4090 "https://www.nspw.org/papers/1994/" "Mozilla/5.0 (compatible; spbot/5.0.3; +http://OpenLinkProfiler.org/bot )"
159.65.249.43 - - [04/May/2018:13:57:53 -0400] "GET /papers/1998/?C=N;O=A HTTP/1.1" 200 4072 "https://www.nspw.org/papers/1998/?C=D;O=A" "Mozilla/5.0 (compatible; spbot/5.0.3; +http://OpenLinkProfiler.org/bot )"
159.65.249.43 - - [04/May/2018:13:58:03 -0400] "GET /papers/1994/?C=D;O=D HTTP/1.1" 200 4089 "https://www.nspw.org/papers/1994/?C=D;O=A" "Mozilla/5.0 (compatible; spbot/5.0.3; +http://OpenLinkProfiler.org/bot )"
159.65.249.43 - - [04/May/2018:13:58:13 -0400] "GET /papers/1994/?C=N;O=D HTTP/1.1" 200 4089 "https://www.nspw.org/papers/1994/" "Mozilla/5.0 (compatible; spbot/5.0.3; +http://OpenLinkProfiler.org/bot )"
159.65.249.43 - - [04/May/2018:13:58:22 -0400] "GET /papers/1999/?C=M;O=A HTTP/1.1" 200 4106 "https://www.nspw.org/papers/1999/" "Mozilla/5.0 (compatible; spbot/5.0.3; +http://OpenLinkProfiler.org/bot )"
66.249.64.219 - - [04/May/2018:13:58:24 -0400] "GET /papers/1993/nspw1993-thomas.pdf HTTP/1.1" 200 494350 "-" "Mozilla/5.0 (Linux; Android 6.0.1; Nexus 5X Build/MMB29P) AppleWebKit/537.36 (KHTML, like Gecko) Chrome/41.0.2272.96 Mobile Safari/537.36 (compatible; Googlebot/2.1; +http://www.google.com/bot.html)"
159.65.249.43 - - [04/May/2018:13:58:33 -0400] "GET /papers/2002/?C=S;O=A HTTP/1.1" 200 4170 "https://www.nspw.org/papers/2002/" "Mozilla/5.0 (compatible; spbot/5.0.3; +http://OpenLinkProfiler.org/bot )"
159.65.249.43 - - [04/May/2018:13:58:43 -0400] "GET /papers/2001/?C=N;O=A HTTP/1.1" 200 4127 "https://www.nspw.org/papers/2001/?C=M;O=A" "Mozilla/5.0 (compatible; spbot/5.0.3; +http://OpenLinkProfiler.org/bot )"
77.88.47.40 - - [04/May/2018:13:58:49 -0400] "GET /2008/submission.shtml HTTP/1.1" 200 5145 "-" "Mozilla/5.0 (compatible; YandexBot/3.0; +http://yandex.com/bots)"
207.46.13.59 - - [04/May/2018:13:58:17 -0400] "GET /papers/1997/nspw1997-rahman.pdf HTTP/1.1" 200 1078833 "-" "Mozilla/5.0 (iPhone; CPU iPhone OS 7_0 like Mac OS X) AppleWebKit/537.51.1 (KHTML, like Gecko) Version/7.0 Mobile/11A465 Safari/9537.53 (compatible; bingbot/2.0; +http://www.bing.com/bingbot.htm)"
159.65.249.43 - - [04/May/2018:13:58:53 -0400] "GET /papers/1995/?C=N;O=D HTTP/1.1" 200 3826 "https://www.nspw.org/papers/1995/" "Mozilla/5.0 (compatible; spbot/5.0.3; +http://OpenLinkProfiler.org/bot )"
159.65.249.43 - - [04/May/2018:13:59:03 -0400] "GET /papers/2001/?C=N;O=D HTTP/1.1" 200 4125 "https://www.nspw.org/papers/2001/" "Mozilla/5.0 (compatible; spbot/5.0.3; +http://OpenLinkProfiler.org/bot )"
159.65.249.43 - - [04/May/2018:13:59:13 -0400] "GET /papers/1997/?C=N;O=D HTTP/1.1" 200 4068 "https://www.nspw.org/papers/1997/" "Mozilla/5.0 (compatible; spbot/5.0.3; +http://OpenLinkProfiler.org/bot )"
188.216.19.61 - - [04/May/2018:13:59:20 -0400] "GET /wp-login.php HTTP/1.1" 404 7985 "-" "Mozilla/5.0 (Windows NT 6.1; WOW64; rv:40.0) Gecko/20100101 Firefox/40.1"
188.216.19.61 - - [04/May/2018:13:59:22 -0400] "GET / HTTP/1.1" 200 8206 "-" "Mozilla/5.0 (Windows NT 6.1; WOW64; rv:40.0) Gecko/20100101 Firefox/40.1"
159.65.249.43 - - [04/May/2018:13:59:23 -0400] "GET /papers/1997/?C=N;O=A HTTP/1.1" 200 4067 "https://www.nspw.org/papers/1997/?C=D;O=A" "Mozilla/5.0 (compatible; spbot/5.0.3; +http://OpenLinkProfiler.org/bot )"
159.65.249.43 - - [04/May/2018:13:59:33 -0400] "GET /papers/1996/?C=N;O=A HTTP/1.1" 200 4136 "https://www.nspw.org/papers/1996/?C=M;O=A" "Mozilla/5.0 (compatible; spbot/5.0.3; +http://OpenLinkProfiler.org/bot )"
159.65.249.43 - - [04/May/2018:13:59:43 -0400] "GET /papers/2000/?C=N;O=A HTTP/1.1" 200 4117 "https://www.nspw.org/papers/2000/?C=M;O=A" "Mozilla/5.0 (compatible; spbot/5.0.3; +http://OpenLinkProfiler.org/bot )"
159.65.249.43 - - [04/May/2018:13:59:53 -0400] "GET /papers/1993/?C=S;O=D HTTP/1.1" 200 4278 "https://www.nspw.org/papers/1993/?C=S;O=A" "Mozilla/5.0 (compatible; spbot/5.0.3; +http://OpenLinkProfiler.org/bot )"
159.65.249.43 - - [04/May/2018:14:00:03 -0400] "GET /papers/2002/?C=S;O=D HTTP/1.1" 200 4165 "https://www.nspw.org/papers/2002/?C=S;O=A" "Mozilla/5.0 (compatible; spbot/5.0.3; +http://OpenLinkProfiler.org/bot )"
159.65.249.43 - - [04/May/2018:14:00:13 -0400] "GET /papers/1996/?C=D;O=A HTTP/1.1" 200 4136 "https://www.nspw.org/papers/1996/" "Mozilla/5.0 (compatible; spbot/5.0.3; +http://OpenLinkProfiler.org/bot )"
66.249.64.215 - - [04/May/2018:14:00:15 -0400] "GET /sites/default/files/nspw-logo-smaller.jpg HTTP/1.1" 200 5928 "-" "Googlebot-Image/1.0"
159.65.249.43 - - [04/May/2018:14:00:23 -0400] "GET /papers/1999/?C=D;O=A HTTP/1.1" 200 4102 "https://www.nspw.org/papers/1999/" "Mozilla/5.0 (compatible; spbot/5.0.3; +http://OpenLinkProfiler.org/bot )"
159.65.249.43 - - [04/May/2018:14:00:33 -0400] "GET /papers/2003/?C=S;O=A HTTP/1.1" 200 4079 "https://www.nspw.org/papers/2003/" "Mozilla/5.0 (compatible; spbot/5.0.3; +http://OpenLinkProfiler.org/bot )"
159.65.249.43 - - [04/May/2018:14:00:43 -0400] "GET /papers/2003/?C=N;O=D HTTP/1.1" 200 4080 "https://www.nspw.org/papers/2003/" "Mozilla/5.0 (compatible; spbot/5.0.3; +http://OpenLinkProfiler.org/bot )"
159.65.249.43 - - [04/May/2018:14:00:53 -0400] "GET /papers/2003/?C=M;O=A HTTP/1.1" 200 4079 "https://www.nspw.org/papers/2003/" "Mozilla/5.0 (compatible; spbot/5.0.3; +http://OpenLinkProfiler.org/bot )"
66.249.64.215 - - [04/May/2018:14:01:00 -0400] "GET /papers/2013-pre/booby-trap.pdf HTTP/1.1" 404 8054 "-" "Googlebot/2.1 (+http://www.google.com/bot.html)"
159.65.249.43 - - [04/May/2018:14:01:03 -0400] "GET /papers/1999/?C=M;O=D HTTP/1.1" 200 4104 "https://www.nspw.org/papers/1999/?C=M;O=A" "Mozilla/5.0 (compatible; spbot/5.0.3; +http://OpenLinkProfiler.org/bot )"
159.65.249.43 - - [04/May/2018:14:01:13 -0400] "GET /papers/2002/?C=N;O=A HTTP/1.1" 200 4169 "https://www.nspw.org/papers/2002/?C=M;O=A" "Mozilla/5.0 (compatible; spbot/5.0.3; +http://OpenLinkProfiler.org/bot )"
159.65.249.43 - - [04/May/2018:14:01:23 -0400] "GET /papers/1996/?C=D;O=D HTTP/1.1" 200 4135 "https://www.nspw.org/papers/1996/?C=D;O=A" "Mozilla/5.0 (compatible; spbot/5.0.3; +http://OpenLinkProfiler.org/bot )"
159.65.249.43 - - [04/May/2018:14:01:33 -0400] "GET /papers/2003/?C=S;O=D HTTP/1.1" 200 4075 "https://www.nspw.org/papers/2003/?C=S;O=A" "Mozilla/5.0 (compatible; spbot/5.0.3; +http://OpenLinkProfiler.org/bot )"
159.65.249.43 - - [04/May/2018:14:01:43 -0400] "GET /papers/1999/?C=D;O=D HTTP/1.1" 200 4099 "https://www.nspw.org/papers/1999/?C=D;O=A" "Mozilla/5.0 (compatible; spbot/5.0.3; +http://OpenLinkProfiler.org/bot )"
159.65.249.43 - - [04/May/2018:14:01:53 -0400] "GET /papers/2003/?C=M;O=D HTTP/1.1" 200 4075 "https://www.nspw.org/papers/2003/?C=M;O=A" "Mozilla/5.0 (compatible; spbot/5.0.3; +http://OpenLinkProfiler.org/bot )"
159.65.249.43 - - [04/May/2018:14:02:03 -0400] "GET /2001/1999/photos.html HTTP/1.1" 404 7770 "https://www.nspw.org/2001/past.html" "Mozilla/5.0 (compatible; spbot/5.0.3; +http://OpenLinkProfiler.org/bot )"
159.65.249.43 - - [04/May/2018:14:02:13 -0400] "GET /2006/submission.shtml HTTP/1.1" 200 5246 "https://www.nspw.org/2006/" "Mozilla/5.0 (compatible; spbot/5.0.3; +http://OpenLinkProfiler.org/bot )"
159.65.249.43 - - [04/May/2018:14:02:23 -0400] "GET /2005/submission.shtml HTTP/1.1" 200 5255 "https://www.nspw.org/2005/" "Mozilla/5.0 (compatible; spbot/5.0.3; +http://OpenLinkProfiler.org/bot )"
159.65.249.43 - - [04/May/2018:14:02:33 -0400] "GET /2008/submission.shtml HTTP/1.1" 200 4861 "https://www.nspw.org/2008/" "Mozilla/5.0 (compatible; spbot/5.0.3; +http://OpenLinkProfiler.org/bot )"
69.162.124.227 - - [04/May/2018:14:02:41 -0400] "HEAD / HTTP/1.1" 200 3874 "http://nspw.org/" "Mozilla/5.0+(compatible; UptimeRobot/2.0; http://www.uptimerobot.com/)"
159.65.249.43 - - [04/May/2018:14:02:42 -0400] "GET /2007/submission.shtml HTTP/1.1" 200 5141 "https://www.nspw.org/2007/" "Mozilla/5.0 (compatible; spbot/5.0.3; +http://OpenLinkProfiler.org/bot )"
159.65.249.43 - - [04/May/2018:14:02:53 -0400] "GET /2009/submission.shtml HTTP/1.1" 200 4991 "https://www.nspw.org/2009/" "Mozilla/5.0 (compatible; spbot/5.0.3; +http://OpenLinkProfiler.org/bot )"
159.65.249.43 - - [04/May/2018:14:03:03 -0400] "GET /2004/proceedings.shtml HTTP/1.1" 200 4637 "https://www.nspw.org/2004/" "Mozilla/5.0 (compatible; spbot/5.0.3; +http://OpenLinkProfiler.org/bot )"
159.65.249.43 - - [04/May/2018:14:03:13 -0400] "GET /2006/proceedings.shtml HTTP/1.1" 200 4520 "https://www.nspw.org/2006/" "Mozilla/5.0 (compatible; spbot/5.0.3; +http://OpenLinkProfiler.org/bot )"
159.65.249.43 - - [04/May/2018:14:03:23 -0400] "GET /2005/proceedings.shtml HTTP/1.1" 200 4526 "https://www.nspw.org/2005/" "Mozilla/5.0 (compatible; spbot/5.0.3; +http://OpenLinkProfiler.org/bot )"
159.65.249.43 - - [04/May/2018:14:03:32 -0400] "GET /2009/proceedings.shtml HTTP/1.1" 200 4590 "https://www.nspw.org/2009/" "Mozilla/5.0 (compatible; spbot/5.0.3; +http://OpenLinkProfiler.org/bot )"
159.65.249.43 - - [04/May/2018:14:03:43 -0400] "GET /1999/program_print.html HTTP/1.1" 200 5185 "https://www.nspw.org/1999/program.html" "Mozilla/5.0 (compatible; spbot/5.0.3; +http://OpenLinkProfiler.org/bot )"
159.65.249.43 - - [04/May/2018:14:03:53 -0400] "GET /2000/program_print.html HTTP/1.1" 200 5095 "https://www.nspw.org/2000/program.html" "Mozilla/5.0 (compatible; spbot/5.0.3; +http://OpenLinkProfiler.org/bot )"
159.65.249.43 - - [04/May/2018:14:04:03 -0400] "GET /2001/program_print.html HTTP/1.1" 200 3998 "https://www.nspw.org/2001/program.html" "Mozilla/5.0 (compatible; spbot/5.0.3; +http://OpenLinkProfiler.org/bot )"
159.65.249.43 - - [04/May/2018:14:04:13 -0400] "GET /papers/2012/forms/index.htm HTTP/1.1" 200 6073 "https://www.nspw.org/papers/2012/" "Mozilla/5.0 (compatible; spbot/5.0.3; +http://OpenLinkProfiler.org/bot )"
159.65.249.43 - - [04/May/2018:14:04:23 -0400] "GET /papers/2012/forms/authors.htm HTTP/1.1" 200 6607 "https://www.nspw.org/papers/2012/" "Mozilla/5.0 (compatible; spbot/5.0.3; +http://OpenLinkProfiler.org/bot )"
159.65.249.43 - - [04/May/2018:14:04:33 -0400] "GET /papers/2012/forms/contents.htm HTTP/1.1" 200 6238 "https://www.nspw.org/papers/2012/" "Mozilla/5.0 (compatible; spbot/5.0.3; +http://OpenLinkProfiler.org/bot )"
66.249.64.215 - - [04/May/2018:14:05:05 -0400] "GET /papers/2011/nspw2011-bishop.pdf HTTP/1.1" 200 572715 "-" "Mozilla/5.0 (compatible; Googlebot/2.1; +http://www.google.com/bot.html)"
66.249.64.217 - - [04/May/2018:14:05:18 -0400] "GET /favicon.ico HTTP/1.1" 404 4094 "-" "Googlebot-Image/1.0"
66.249.64.15 - - [04/May/2018:14:06:59 -0400] "GET /2012/local HTTP/1.1" 200 6624 "-" "Mozilla/5.0 (compatible; Googlebot/2.1; +http://www.google.com/bot.html)"
69.162.124.227 - - [04/May/2018:14:07:41 -0400] "HEAD / HTTP/1.1" 200 3874 "http://nspw.org/" "Mozilla/5.0+(compatible; UptimeRobot/2.0; http://www.uptimerobot.com/)"
66.249.64.217 - - [04/May/2018:14:11:44 -0400] "GET /2004/local.shtml HTTP/1.1" 200 5015 "-" "Mozilla/5.0 (Linux; Android 6.0.1; Nexus 5X Build/MMB29P) AppleWebKit/537.36 (KHTML, like Gecko) Chrome/41.0.2272.96 Mobile Safari/537.36 (compatible; Googlebot/2.1; +http://www.google.com/bot.html)"
73.220.20.157 - - [04/May/2018:14:11:47 -0400] "GET /papers/2011/nspw2011-bicakci.pdf HTTP/1.1" 200 493614 "-" "Mozilla/5.0 (Windows NT 6.1; WOW64) AppleWebKit/537.36 (KHTML, like Gecko) Chrome/63.0.3239.132 Safari/537.36"
77.88.47.40 - - [04/May/2018:14:11:27 -0400] "GET /2009/proceedings/1999/nspw1999-jonsson.pdf HTTP/1.1" 200 774448 "-" "Mozilla/5.0 (compatible; YandexBot/3.0; +http://yandex.com/bots)"
145.129.87.62 - - [04/May/2018:14:12:33 -0400] "GET /wp-login.php HTTP/1.1" 404 7839 "-" "Mozilla/5.0 (Windows NT 6.1; WOW64; rv:40.0) Gecko/20100101 Firefox/40.1"
145.129.87.62 - - [04/May/2018:14:12:33 -0400] "GET / HTTP/1.1" 200 8218 "-" "Mozilla/5.0 (Windows NT 6.1; WOW64; rv:40.0) Gecko/20100101 Firefox/40.1"
77.88.47.40 - - [04/May/2018:14:12:10 -0400] "GET /papers/2010/nspw2010-raskin.pdf HTTP/1.1" 200 607507 "-" "Mozilla/5.0 (compatible; YandexBot/3.0; +http://yandex.com/bots)"
69.162.124.227 - - [04/May/2018:14:12:41 -0400] "HEAD / HTTP/1.1" 200 3874 "http://nspw.org/" "Mozilla/5.0+(compatible; UptimeRobot/2.0; http://www.uptimerobot.com/)"
77.88.47.40 - - [04/May/2018:14:12:39 -0400] "GET /2004/cfp2004.pdf HTTP/1.1" 200 117554 "-" "Mozilla/5.0 (compatible; YandexBot/3.0; +http://yandex.com/bots)"
66.249.64.217 - - [04/May/2018:14:12:47 -0400] "GET /2008/dates.shtml HTTP/1.1" 200 5129 "-" "Mozilla/5.0 (Linux; Android 6.0.1; Nexus 5X Build/MMB29P) AppleWebKit/537.36 (KHTML, like Gecko) Chrome/41.0.2272.96 Mobile Safari/537.36 (compatible; Googlebot/2.1; +http://www.google.com/bot.html)"
112.135.35.220 - - [04/May/2018:14:15:03 -0400] "GET /wp-login.php HTTP/1.1" 404 7985 "-" "Mozilla/5.0 (Windows NT 6.1; WOW64; rv:40.0) Gecko/20100101 Firefox/40.1"
69.162.124.227 - - [04/May/2018:14:17:41 -0400] "HEAD / HTTP/1.1" 200 3874 "http://nspw.org/" "Mozilla/5.0+(compatible; UptimeRobot/2.0; http://www.uptimerobot.com/)"
216.244.66.236 - - [04/May/2018:14:17:51 -0400] "GET /robots.txt HTTP/1.1" 200 5796 "-" "Mozilla/5.0 (compatible; DotBot/1.1; http://www.opensiteexplorer.org/dotbot, help@moz.com)"
66.249.64.217 - - [04/May/2018:14:18:24 -0400] "GET /2002/local.content HTTP/1.1" 200 3781 "-" "Mozilla/5.0 (Linux; Android 6.0.1; Nexus 5X Build/MMB29P) AppleWebKit/537.36 (KHTML, like Gecko) Chrome/41.0.2272.96 Mobile Safari/537.36 (compatible; Googlebot/2.1; +http://www.google.com/bot.html)"
216.244.66.236 - - [04/May/2018:14:19:08 -0400] "GET /proceedings/2005 HTTP/1.1" 200 15200 "-" "Mozilla/5.0 (compatible; DotBot/1.1; http://www.opensiteexplorer.org/dotbot, help@moz.com)"
94.54.234.167 - - [04/May/2018:14:21:07 -0400] "GET /wp-login.php HTTP/1.1" 404 7484 "-" "Mozilla/5.0 (Windows NT 6.1; WOW64; rv:40.0) Gecko/20100101 Firefox/40.1"
94.54.234.167 - - [04/May/2018:14:21:07 -0400] "GET / HTTP/1.1" 200 8218 "-" "Mozilla/5.0 (Windows NT 6.1; WOW64; rv:40.0) Gecko/20100101 Firefox/40.1"
66.249.64.217 - - [04/May/2018:14:21:11 -0400] "GET /2009/proceedings/1999/nspw1999-schneider.pdf HTTP/1.1" 200 682818 "-" "Googlebot/2.1 (+http://www.google.com/bot.html)"
199.16.157.180 - - [04/May/2018:14:21:41 -0400] "GET /robots.txt HTTP/1.1" 200 5699 "-" "Twitterbot/1.0"
66.249.64.215 - - [04/May/2018:14:21:42 -0400] "GET /2009/proceedings/2000/nspw2000-templeton.pdf HTTP/1.1" 200 709129 "-" "Googlebot/2.1 (+http://www.google.com/bot.html)"
69.162.124.227 - - [04/May/2018:14:22:41 -0400] "HEAD / HTTP/1.1" 200 3874 "http://nspw.org/" "Mozilla/5.0+(compatible; UptimeRobot/2.0; http://www.uptimerobot.com/)"
123.231.120.143 - - [04/May/2018:14:24:12 -0400] "GET /wp-login.php HTTP/1.1" 404 7985 "-" "Mozilla/5.0 (Windows NT 6.1; WOW64; rv:40.0) Gecko/20100101 Firefox/40.1"
123.231.120.143 - - [04/May/2018:14:24:13 -0400] "GET / HTTP/1.1" 200 8206 "-" "Mozilla/5.0 (Windows NT 6.1; WOW64; rv:40.0) Gecko/20100101 Firefox/40.1"
180.76.15.142 - - [04/May/2018:14:24:51 -0400] "GET /2005/cfp/latex/main.ps HTTP/1.1" 200 538773 "-" "Mozilla/5.0 (compatible; Baiduspider/2.0; +http://www.baidu.com/search/spider.html)"
