107.152.145.21 - - [26/Apr/2018:14:48:07 -0400] "GET /?q=user/register HTTP/1.0" 403 9095 "https://www.nspw.org/?q=node/add" "Mozilla/5.0 (Windows NT 10.0; Win64; x64) AppleWebKit/537.36 (KHTML, like Gecko) Chrome/62.0.3202.94 Safari/537.36"
69.162.124.227 - - [26/Apr/2018:14:48:18 -0400] "HEAD / HTTP/1.1" 200 3874 "http://nspw.org/" "Mozilla/5.0+(compatible; UptimeRobot/2.0; http://www.uptimerobot.com/)"
66.249.73.91 - - [26/Apr/2018:14:48:24 -0400] "GET /papers/1998/nspw1998-beaver.pdf HTTP/1.1" 200 1131138 "-" "Mozilla/5.0 (compatible; Googlebot/2.1; +http://www.google.com/bot.html)"
66.249.73.89 - - [26/Apr/2018:14:49:16 -0400] "GET /papers/2006/nspw2006-gutmann.pdf HTTP/1.1" 200 103440 "-" "Mozilla/5.0 (compatible; Googlebot/2.1; +http://www.google.com/bot.html)"
136.160.90.6 - - [26/Apr/2018:14:50:03 -0400] "GET /2018/dates HTTP/1.1" 200 6286 "https://www.nspw.org/" "Mozilla/5.0 (X11; Linux x86_64) AppleWebKit/537.36 (KHTML, like Gecko) Chrome/66.0.3359.117 Safari/537.36"
89.255.92.242 - - [26/Apr/2018:14:50:04 -0400] "GET /wp-login.php HTTP/1.1" 404 7839 "-" "Mozilla/5.0 (Windows NT 6.1; WOW64; rv:40.0) Gecko/20100101 Firefox/40.1"
89.255.92.242 - - [26/Apr/2018:14:50:05 -0400] "GET / HTTP/1.1" 200 8218 "-" "Mozilla/5.0 (Windows NT 6.1; WOW64; rv:40.0) Gecko/20100101 Firefox/40.1"
66.249.73.89 - - [26/Apr/2018:14:50:08 -0400] "GET /2017/program HTTP/1.1" 200 7341 "-" "Mozilla/5.0 (Linux; Android 6.0.1; Nexus 5X Build/MMB29P) AppleWebKit/537.36 (KHTML, like Gecko) Chrome/41.0.2272.96 Mobile Safari/537.36 (compatible; Googlebot/2.1; +http://www.google.com/bot.html)"
66.249.73.89 - - [26/Apr/2018:14:51:00 -0400] "GET /node/70 HTTP/1.1" 200 7004 "-" "Mozilla/5.0 (compatible; Googlebot/2.1; +http://www.google.com/bot.html)"
66.249.73.87 - - [26/Apr/2018:14:51:51 -0400] "GET /2010 HTTP/1.1" 200 6944 "-" "Mozilla/5.0 (compatible; Googlebot/2.1; +http://www.google.com/bot.html)"
66.249.73.89 - - [26/Apr/2018:14:52:43 -0400] "GET /papers/2004/nspw2004-hollebeek.pdf HTTP/1.1" 200 120240 "-" "Mozilla/5.0 (compatible; Googlebot/2.1; +http://www.google.com/bot.html)"
69.162.124.227 - - [26/Apr/2018:14:53:18 -0400] "HEAD / HTTP/1.1" 200 3874 "http://nspw.org/" "Mozilla/5.0+(compatible; UptimeRobot/2.0; http://www.uptimerobot.com/)"
27.59.21.91 - - [26/Apr/2018:14:53:19 -0400] "GET /wp-login.php HTTP/1.1" 404 7491 "-" "Mozilla/5.0 (Windows NT 6.1; WOW64; rv:40.0) Gecko/20100101 Firefox/40.1"
27.59.21.91 - - [26/Apr/2018:14:53:20 -0400] "GET / HTTP/1.1" 200 8218 "-" "Mozilla/5.0 (Windows NT 6.1; WOW64; rv:40.0) Gecko/20100101 Firefox/40.1"
66.249.73.89 - - [26/Apr/2018:14:53:35 -0400] "GET /proceedings/2009 HTTP/1.1" 200 6896 "-" "Mozilla/5.0 (compatible; Googlebot/2.1; +http://www.google.com/bot.html)"
66.249.73.91 - - [26/Apr/2018:14:54:27 -0400] "GET /2016/cfp HTTP/1.1" 200 8559 "-" "Mozilla/5.0 (Linux; Android 6.0.1; Nexus 5X Build/MMB29P) AppleWebKit/537.36 (KHTML, like Gecko) Chrome/41.0.2272.96 Mobile Safari/537.36 (compatible; Googlebot/2.1; +http://www.google.com/bot.html)"
66.249.73.89 - - [26/Apr/2018:14:55:19 -0400] "GET /papers/2010/nspw2010-bratus.pdf HTTP/1.1" 200 457254 "-" "Mozilla/5.0 (compatible; Googlebot/2.1; +http://www.google.com/bot.html)"
79.112.102.153 - - [26/Apr/2018:14:55:29 -0400] "GET /wp-login.php HTTP/1.1" 404 7839 "-" "Mozilla/5.0 (Windows NT 6.1; WOW64; rv:40.0) Gecko/20100101 Firefox/40.1"
79.112.102.153 - - [26/Apr/2018:14:55:30 -0400] "GET / HTTP/1.1" 200 8218 "-" "Mozilla/5.0 (Windows NT 6.1; WOW64; rv:40.0) Gecko/20100101 Firefox/40.1"
66.249.73.87 - - [26/Apr/2018:14:56:10 -0400] "GET /2018/dates HTTP/1.1" 200 6269 "-" "Mozilla/5.0 (compatible; Googlebot/2.1; +http://www.google.com/bot.html)"
90.190.179.253 - - [26/Apr/2018:14:56:50 -0400] "GET /2009/cfp2009.pdf HTTP/1.1" 200 61595 "https://www.google.com/" "Mozilla/5.0 (Windows NT 10.0; Win64; x64; rv:59.0) Gecko/20100101 Firefox/59.0"
90.190.179.253 - - [26/Apr/2018:14:56:51 -0400] "GET /favicon.ico HTTP/1.1" 404 700 "-" "Mozilla/5.0 (Windows NT 10.0; Win64; x64; rv:59.0) Gecko/20100101 Firefox/59.0"
90.190.179.253 - - [26/Apr/2018:14:56:51 -0400] "GET /2009/cfp2009.pdf HTTP/1.1" 206 58392 "https://www.google.com/" "Mozilla/5.0 (Windows NT 10.0; Win64; x64; rv:59.0) Gecko/20100101 Firefox/59.0"
90.190.179.253 - - [26/Apr/2018:14:56:51 -0400] "GET /favicon.ico HTTP/1.1" 404 857 "-" "Mozilla/5.0 (Windows NT 10.0; Win64; x64; rv:59.0) Gecko/20100101 Firefox/59.0"
66.249.73.91 - - [26/Apr/2018:14:57:06 -0400] "GET /papers/2001/nspw2001-blakley.pdf HTTP/1.1" 200 761570 "-" "Mozilla/5.0 (compatible; Googlebot/2.1; +http://www.google.com/bot.html)"
185.145.253.66 - - [26/Apr/2018:14:57:28 -0400] "GET /?q=user/password&name[%23post_render][]=passthru&name[%23markup]=pwd&name[%23type]=markup HTTP/1.1" 200 5805 "http://nspw.org?q=user/password&name[%23post_render][]=passthru&name[%23markup]=pwd&name[%23type]=markup" "Mozilla/5.0 (Windows NT 6.1; Win64; x64) AppleWebKit/537.36 (KHTML, like Gecko) Chrome/60.0.3112.101 Safari/537.36"
185.145.253.66 - - [26/Apr/2018:14:57:30 -0400] "GET /?q=file/ajax/name/%23value/form-RJWpuY6ejjobWtz6sqbgANHr70qE4T7huIQPk5Nwc-E HTTP/1.1" 200 852 "http://nspw.org/?q=file/ajax/name/%23value/form-RJWpuY6ejjobWtz6sqbgANHr70qE4T7huIQPk5Nwc-E" "Mozilla/5.0 (Windows NT 6.1; Win64; x64) AppleWebKit/537.36 (KHTML, like Gecko) Chrome/60.0.3112.101 Safari/537.36"
185.145.253.66 - - [26/Apr/2018:14:57:30 -0400] "GET /?q=user/password&name[%23post_render][]=passthru&name[%23markup]=pwd&name[%23type]=markup HTTP/1.1" 200 2605 "http://nspw.org?q=user/password&name[%23post_render][]=passthru&name[%23markup]=pwd&name[%23type]=markup" "Mozilla/5.0 (Windows NT 6.1; Win64; x64) AppleWebKit/537.36 (KHTML, like Gecko) Chrome/60.0.3112.101 Safari/537.36"
185.145.253.66 - - [26/Apr/2018:14:57:30 -0400] "GET /?q=file/ajax/name/%23value/form-TBTAQwQuKv0eYAzG1a7CaNtaY4urVzTZUMxwSZ5fMsE HTTP/1.1" 200 852 "http://nspw.org?q=file/ajax/name/%23value/form-TBTAQwQuKv0eYAzG1a7CaNtaY4urVzTZUMxwSZ5fMsE" "Mozilla/5.0 (Windows NT 6.1; Win64; x64) AppleWebKit/537.36 (KHTML, like Gecko) Chrome/60.0.3112.101 Safari/537.36"
185.145.253.66 - - [26/Apr/2018:14:57:30 -0400] "GET /?q=user/password&name[%23post_render][]=system&name[%23markup]=pwd&name[%23type]=markup HTTP/1.1" 200 2603 "http://nspw.org?q=user/password&name[%23post_render][]=system&name[%23markup]=pwd&name[%23type]=markup" "Mozilla/5.0 (Windows NT 6.1; Win64; x64) AppleWebKit/537.36 (KHTML, like Gecko) Chrome/60.0.3112.101 Safari/537.36"
185.145.253.66 - - [26/Apr/2018:14:57:31 -0400] "GET /?q=file/ajax/name/%23value/form-R73wCBX0LLhX2j1YdUcZGe9LKlnYBh10iXpVY3aRw9c HTTP/1.1" 200 852 "http://nspw.org?q=file/ajax/name/%23value/form-R73wCBX0LLhX2j1YdUcZGe9LKlnYBh10iXpVY3aRw9c" "Mozilla/5.0 (Windows NT 6.1; Win64; x64) AppleWebKit/537.36 (KHTML, like Gecko) Chrome/60.0.3112.101 Safari/537.36"
66.249.73.87 - - [26/Apr/2018:14:57:54 -0400] "GET /2018/cfp HTTP/1.1" 200 8151 "-" "Mozilla/5.0 (compatible; Googlebot/2.1; +http://www.google.com/bot.html)"
93.115.198.135 - - [26/Apr/2018:14:58:04 -0400] "GET /wp-login.php HTTP/1.1" 404 7491 "-" "Mozilla/5.0 (Windows NT 6.1; WOW64; rv:40.0) Gecko/20100101 Firefox/40.1"
93.115.198.135 - - [26/Apr/2018:14:58:05 -0400] "GET / HTTP/1.1" 200 8218 "-" "Mozilla/5.0 (Windows NT 6.1; WOW64; rv:40.0) Gecko/20100101 Firefox/40.1"
69.162.124.227 - - [26/Apr/2018:14:58:19 -0400] "HEAD / HTTP/1.1" 200 3874 "http://nspw.org/" "Mozilla/5.0+(compatible; UptimeRobot/2.0; http://www.uptimerobot.com/)"
66.249.73.87 - - [26/Apr/2018:14:58:46 -0400] "GET /papers/1999/nspw1999-henning.pdf HTTP/1.1" 200 666930 "-" "Mozilla/5.0 (compatible; Googlebot/2.1; +http://www.google.com/bot.html)"
31.11.147.213 - - [26/Apr/2018:14:59:25 -0400] "GET /wp-login.php HTTP/1.1" 404 8180 "-" "Mozilla/5.0 (Windows NT 6.1; WOW64; rv:40.0) Gecko/20100101 Firefox/40.1"
31.11.147.213 - - [26/Apr/2018:14:59:26 -0400] "GET / HTTP/1.1" 200 8298 "-" "Mozilla/5.0 (Windows NT 6.1; WOW64; rv:40.0) Gecko/20100101 Firefox/40.1"
90.190.179.253 - - [26/Apr/2018:14:59:30 -0400] "GET / HTTP/1.1" 200 3369 "-" "Mozilla/5.0 (Windows NT 10.0; Win64; x64; rv:59.0) Gecko/20100101 Firefox/59.0"
90.190.179.253 - - [26/Apr/2018:14:59:30 -0400] "GET /misc/jquery.js?v=1.4.4 HTTP/1.1" 200 27601 "https://www.nspw.org/" "Mozilla/5.0 (Windows NT 10.0; Win64; x64; rv:59.0) Gecko/20100101 Firefox/59.0"
90.190.179.253 - - [26/Apr/2018:14:59:31 -0400] "GET /modules/system/system.menus.css?p7r9uw HTTP/1.1" 200 1182 "https://www.nspw.org/" "Mozilla/5.0 (Windows NT 10.0; Win64; x64; rv:59.0) Gecko/20100101 Firefox/59.0"
90.190.179.253 - - [26/Apr/2018:14:59:31 -0400] "GET /modules/system/system.base.css?p7r9uw HTTP/1.1" 200 2464 "https://www.nspw.org/" "Mozilla/5.0 (Windows NT 10.0; Win64; x64; rv:59.0) Gecko/20100101 Firefox/59.0"
90.190.179.253 - - [26/Apr/2018:14:59:31 -0400] "GET /misc/jquery.once.js?v=1.2 HTTP/1.1" 200 1602 "https://www.nspw.org/" "Mozilla/5.0 (Windows NT 10.0; Win64; x64; rv:59.0) Gecko/20100101 Firefox/59.0"
90.190.179.253 - - [26/Apr/2018:14:59:31 -0400] "GET /modules/system/system.messages.css?p7r9uw HTTP/1.1" 200 903 "https://www.nspw.org/" "Mozilla/5.0 (Windows NT 10.0; Win64; x64; rv:59.0) Gecko/20100101 Firefox/59.0"
90.190.179.253 - - [26/Apr/2018:14:59:31 -0400] "GET /misc/drupal.js?p7r9uw HTTP/1.1" 200 7529 "https://www.nspw.org/" "Mozilla/5.0 (Windows NT 10.0; Win64; x64; rv:59.0) Gecko/20100101 Firefox/59.0"
90.190.179.253 - - [26/Apr/2018:14:59:31 -0400] "GET /modules/system/system.theme.css?p7r9uw HTTP/1.1" 200 1585 "https://www.nspw.org/" "Mozilla/5.0 (Windows NT 10.0; Win64; x64; rv:59.0) Gecko/20100101 Firefox/59.0"
90.190.179.253 - - [26/Apr/2018:14:59:31 -0400] "GET /modules/comment/comment.css?p7r9uw HTTP/1.1" 200 505 "https://www.nspw.org/" "Mozilla/5.0 (Windows NT 10.0; Win64; x64; rv:59.0) Gecko/20100101 Firefox/59.0"
90.190.179.253 - - [26/Apr/2018:14:59:31 -0400] "GET /modules/field/theme/field.css?p7r9uw HTTP/1.1" 200 599 "https://www.nspw.org/" "Mozilla/5.0 (Windows NT 10.0; Win64; x64; rv:59.0) Gecko/20100101 Firefox/59.0"
90.190.179.253 - - [26/Apr/2018:14:59:31 -0400] "GET /modules/node/node.css?p7r9uw HTTP/1.1" 200 472 "https://www.nspw.org/" "Mozilla/5.0 (Windows NT 10.0; Win64; x64; rv:59.0) Gecko/20100101 Firefox/59.0"
90.190.179.253 - - [26/Apr/2018:14:59:31 -0400] "GET /modules/user/user.css?p7r9uw HTTP/1.1" 200 1062 "https://www.nspw.org/" "Mozilla/5.0 (Windows NT 10.0; Win64; x64; rv:59.0) Gecko/20100101 Firefox/59.0"
90.190.179.253 - - [26/Apr/2018:14:59:31 -0400] "GET /themes/garland/style.css?p7r9uw HTTP/1.1" 200 5370 "https://www.nspw.org/" "Mozilla/5.0 (Windows NT 10.0; Win64; x64; rv:59.0) Gecko/20100101 Firefox/59.0"
90.190.179.253 - - [26/Apr/2018:14:59:31 -0400] "GET /themes/garland/print.css?p7r9uw HTTP/1.1" 200 771 "https://www.nspw.org/" "Mozilla/5.0 (Windows NT 10.0; Win64; x64; rv:59.0) Gecko/20100101 Firefox/59.0"
90.190.179.253 - - [26/Apr/2018:14:59:31 -0400] "GET /sites/default/files/nspw-logo-smaller.jpg HTTP/1.1" 200 2534 "https://www.nspw.org/" "Mozilla/5.0 (Windows NT 10.0; Win64; x64; rv:59.0) Gecko/20100101 Firefox/59.0"
90.190.179.253 - - [26/Apr/2018:14:59:31 -0400] "GET /themes/garland/images/bg-navigation-item-hover.png HTTP/1.1" 200 754 "https://www.nspw.org/themes/garland/style.css?p7r9uw" "Mozilla/5.0 (Windows NT 10.0; Win64; x64; rv:59.0) Gecko/20100101 Firefox/59.0"
90.190.179.253 - - [26/Apr/2018:14:59:31 -0400] "GET /themes/garland/images/bg-navigation-item.png HTTP/1.1" 200 812 "https://www.nspw.org/themes/garland/style.css?p7r9uw" "Mozilla/5.0 (Windows NT 10.0; Win64; x64; rv:59.0) Gecko/20100101 Firefox/59.0"
90.190.179.253 - - [26/Apr/2018:14:59:31 -0400] "GET /themes/garland/images/menu-leaf.gif HTTP/1.1" 200 486 "https://www.nspw.org/themes/garland/style.css?p7r9uw" "Mozilla/5.0 (Windows NT 10.0; Win64; x64; rv:59.0) Gecko/20100101 Firefox/59.0"
90.190.179.253 - - [26/Apr/2018:14:59:31 -0400] "GET /themes/garland/images/body.png HTTP/1.1" 200 993 "https://www.nspw.org/themes/garland/style.css?p7r9uw" "Mozilla/5.0 (Windows NT 10.0; Win64; x64; rv:59.0) Gecko/20100101 Firefox/59.0"
90.190.179.253 - - [26/Apr/2018:14:59:31 -0400] "GET /themes/garland/images/menu-expanded.gif HTTP/1.1" 200 495 "https://www.nspw.org/themes/garland/style.css?p7r9uw" "Mozilla/5.0 (Windows NT 10.0; Win64; x64; rv:59.0) Gecko/20100101 Firefox/59.0"
90.190.179.253 - - [26/Apr/2018:14:59:31 -0400] "GET /themes/garland/images/menu-collapsed.gif HTTP/1.1" 200 488 "https://www.nspw.org/themes/garland/style.css?p7r9uw" "Mozilla/5.0 (Windows NT 10.0; Win64; x64; rv:59.0) Gecko/20100101 Firefox/59.0"
90.190.179.253 - - [26/Apr/2018:14:59:31 -0400] "GET /themes/garland/images/bg-content.png HTTP/1.1" 200 798 "https://www.nspw.org/themes/garland/style.css?p7r9uw" "Mozilla/5.0 (Windows NT 10.0; Win64; x64; rv:59.0) Gecko/20100101 Firefox/59.0"
90.190.179.253 - - [26/Apr/2018:14:59:31 -0400] "GET /themes/garland/images/bg-content-right.png HTTP/1.1" 200 3162 "https://www.nspw.org/themes/garland/style.css?p7r9uw" "Mozilla/5.0 (Windows NT 10.0; Win64; x64; rv:59.0) Gecko/20100101 Firefox/59.0"
90.190.179.253 - - [26/Apr/2018:14:59:31 -0400] "GET /themes/garland/images/bg-content-left.png HTTP/1.1" 200 3232 "https://www.nspw.org/themes/garland/style.css?p7r9uw" "Mozilla/5.0 (Windows NT 10.0; Win64; x64; rv:59.0) Gecko/20100101 Firefox/59.0"
66.249.73.91 - - [26/Apr/2018:14:59:38 -0400] "GET /papers/1997/nspw1997-meadows.pdf HTTP/1.1" 200 431941 "-" "Mozilla/5.0 (compatible; Googlebot/2.1; +http://www.google.com/bot.html)"
195.22.127.231 - - [26/Apr/2018:14:59:40 -0400] "GET /MSD/sql.php HTTP/1.1" 404 8021 "-" "Mozilla/5.0 (Windows NT 6.3; Win64; x64) AppleWebKit/537.36 (KHTML, like Gecko) Chrome/62.0.3202.94 Safari/537.36"
195.22.127.231 - - [26/Apr/2018:14:59:41 -0400] "GET /Msd/sql.php HTTP/1.1" 404 8021 "-" "Mozilla/5.0 (Windows NT 6.3; Win64; x64) AppleWebKit/537.36 (KHTML, like Gecko) Chrome/62.0.3202.94 Safari/537.36"
195.22.127.231 - - [26/Apr/2018:14:59:42 -0400] "GET /MySQLDumper1.24.4/msd1.24.4/sql.php HTTP/1.1" 404 8106 "-" "Mozilla/5.0 (Windows NT 6.3; Win64; x64) AppleWebKit/537.36 (KHTML, like Gecko) Chrome/62.0.3202.94 Safari/537.36"
195.22.127.231 - - [26/Apr/2018:14:59:43 -0400] "GET /MySQLDumper1.24.4/sql.php HTTP/1.1" 404 8059 "-" "Mozilla/5.0 (Windows NT 6.3; Win64; x64) AppleWebKit/537.36 (KHTML, like Gecko) Chrome/62.0.3202.94 Safari/537.36"
195.22.127.231 - - [26/Apr/2018:14:59:44 -0400] "GET /MySQLDumper1.24.4stable/sql.php HTTP/1.1" 404 8077 "-" "Mozilla/5.0 (Windows NT 6.3; Win64; x64) AppleWebKit/537.36 (KHTML, like Gecko) Chrome/62.0.3202.94 Safari/537.36"
195.22.127.231 - - [26/Apr/2018:14:59:44 -0400] "GET /MySqlDumper/sql.php HTTP/1.1" 404 8045 "-" "Mozilla/5.0 (Windows NT 6.3; Win64; x64) AppleWebKit/537.36 (KHTML, like Gecko) Chrome/62.0.3202.94 Safari/537.36"
195.22.127.231 - - [26/Apr/2018:14:59:45 -0400] "GET /Mysqldumper/sql.php HTTP/1.1" 404 8045 "-" "Mozilla/5.0 (Windows NT 6.3; Win64; x64) AppleWebKit/537.36 (KHTML, like Gecko) Chrome/62.0.3202.94 Safari/537.36"
195.22.127.231 - - [26/Apr/2018:14:59:46 -0400] "GET /admin/sql.php HTTP/1.1" 403 9291 "-" "Mozilla/5.0 (Windows NT 6.3; Win64; x64) AppleWebKit/537.36 (KHTML, like Gecko) Chrome/62.0.3202.94 Safari/537.36"
195.22.127.231 - - [26/Apr/2018:14:59:47 -0400] "GET /admin/sql/sql.php HTTP/1.1" 403 9310 "-" "Mozilla/5.0 (Windows NT 6.3; Win64; x64) AppleWebKit/537.36 (KHTML, like Gecko) Chrome/62.0.3202.94 Safari/537.36"
195.22.127.231 - - [26/Apr/2018:14:59:48 -0400] "GET /backup/sql.php HTTP/1.1" 404 8030 "-" "Mozilla/5.0 (Windows NT 6.3; Win64; x64) AppleWebKit/537.36 (KHTML, like Gecko) Chrome/62.0.3202.94 Safari/537.36"
195.22.127.231 - - [26/Apr/2018:14:59:48 -0400] "GET /backups/sql.php HTTP/1.1" 404 8033 "-" "Mozilla/5.0 (Windows NT 6.3; Win64; x64) AppleWebKit/537.36 (KHTML, like Gecko) Chrome/62.0.3202.94 Safari/537.36"
195.22.127.231 - - [26/Apr/2018:14:59:49 -0400] "GET /database/sql.php HTTP/1.1" 404 8036 "-" "Mozilla/5.0 (Windows NT 6.3; Win64; x64) AppleWebKit/537.36 (KHTML, like Gecko) Chrome/62.0.3202.94 Safari/537.36"
195.22.127.231 - - [26/Apr/2018:14:59:50 -0400] "GET /datenbank/sql.php HTTP/1.1" 404 8039 "-" "Mozilla/5.0 (Windows NT 6.3; Win64; x64) AppleWebKit/537.36 (KHTML, like Gecko) Chrome/62.0.3202.94 Safari/537.36"
195.22.127.231 - - [26/Apr/2018:14:59:51 -0400] "GET /dump/sql.php HTTP/1.1" 404 8024 "-" "Mozilla/5.0 (Windows NT 6.3; Win64; x64) AppleWebKit/537.36 (KHTML, like Gecko) Chrome/62.0.3202.94 Safari/537.36"
195.22.127.231 - - [26/Apr/2018:14:59:51 -0400] "GET /dumper/sql.php HTTP/1.1" 404 8030 "-" "Mozilla/5.0 (Windows NT 6.3; Win64; x64) AppleWebKit/537.36 (KHTML, like Gecko) Chrome/62.0.3202.94 Safari/537.36"
195.22.127.231 - - [26/Apr/2018:14:59:52 -0400] "GET /msd/sql.php HTTP/1.1" 404 8021 "-" "Mozilla/5.0 (Windows NT 6.3; Win64; x64) AppleWebKit/537.36 (KHTML, like Gecko) Chrome/62.0.3202.94 Safari/537.36"
195.22.127.231 - - [26/Apr/2018:14:59:53 -0400] "GET /msd1.24.2/sql.php HTTP/1.1" 404 8035 "-" "Mozilla/5.0 (Windows NT 6.3; Win64; x64) AppleWebKit/537.36 (KHTML, like Gecko) Chrome/62.0.3202.94 Safari/537.36"
195.22.127.231 - - [26/Apr/2018:14:59:54 -0400] "GET /msd1.24.3/sql.php HTTP/1.1" 404 8035 "-" "Mozilla/5.0 (Windows NT 6.3; Win64; x64) AppleWebKit/537.36 (KHTML, like Gecko) Chrome/62.0.3202.94 Safari/537.36"
195.22.127.231 - - [26/Apr/2018:14:59:55 -0400] "GET /msd1.24.4/sql.php HTTP/1.1" 404 8035 "-" "Mozilla/5.0 (Windows NT 6.3; Win64; x64) AppleWebKit/537.36 (KHTML, like Gecko) Chrome/62.0.3202.94 Safari/537.36"
195.22.127.231 - - [26/Apr/2018:14:59:55 -0400] "GET /msd1.24stable/sql.php HTTP/1.1" 404 8049 "-" "Mozilla/5.0 (Windows NT 6.3; Win64; x64) AppleWebKit/537.36 (KHTML, like Gecko) Chrome/62.0.3202.94 Safari/537.36"
195.22.127.231 - - [26/Apr/2018:14:59:56 -0400] "GET /myadmin/sql.php HTTP/1.1" 404 8033 "-" "Mozilla/5.0 (Windows NT 6.3; Win64; x64) AppleWebKit/537.36 (KHTML, like Gecko) Chrome/62.0.3202.94 Safari/537.36"
195.22.127.231 - - [26/Apr/2018:14:59:57 -0400] "GET /mysql/sql.php HTTP/1.1" 404 8027 "-" "Mozilla/5.0 (Windows NT 6.3; Win64; x64) AppleWebKit/537.36 (KHTML, like Gecko) Chrome/62.0.3202.94 Safari/537.36"
195.22.127.231 - - [26/Apr/2018:14:59:57 -0400] "GET /mysqldumper/sql.php HTTP/1.1" 404 8045 "-" "Mozilla/5.0 (Windows NT 6.3; Win64; x64) AppleWebKit/537.36 (KHTML, like Gecko) Chrome/62.0.3202.94 Safari/537.36"
195.22.127.231 - - [26/Apr/2018:14:59:58 -0400] "GET /sql/sql.php HTTP/1.1" 404 8021 "-" "Mozilla/5.0 (Windows NT 6.3; Win64; x64) AppleWebKit/537.36 (KHTML, like Gecko) Chrome/62.0.3202.94 Safari/537.36"
125.209.235.176 - - [26/Apr/2018:15:00:27 -0400] "GET /user/password HTTP/1.1" 200 6034 "-" "Mozilla/5.0 (compatible; Yeti/1.1; +http://naver.me/spd)"
66.249.73.91 - - [26/Apr/2018:15:00:30 -0400] "GET /papers/2008/nspw2008-julisch.pdf HTTP/1.1" 200 431730 "-" "Mozilla/5.0 (compatible; Googlebot/2.1; +http://www.google.com/bot.html)"
66.249.73.87 - - [26/Apr/2018:15:01:21 -0400] "GET /papers/2011/nspw2011-bishop.pdf HTTP/1.1" 200 572715 "-" "Mozilla/5.0 (compatible; Googlebot/2.1; +http://www.google.com/bot.html)"
66.249.73.87 - - [26/Apr/2018:15:02:13 -0400] "GET /2009/proceedings/1997/nspw1997-rahman.pdf HTTP/1.1" 304 3606 "-" "Mozilla/5.0 (compatible; Googlebot/2.1; +http://www.google.com/bot.html)"
66.249.73.87 - - [26/Apr/2018:15:03:05 -0400] "GET / HTTP/1.1" 200 6603 "-" "Mozilla/5.0 (Linux; Android 6.0.1; Nexus 5X Build/MMB29P) AppleWebKit/537.36 (KHTML, like Gecko) Chrome/41.0.2272.96 Mobile Safari/537.36 (compatible; Googlebot/2.1; +http://www.google.com/bot.html)"
69.162.124.227 - - [26/Apr/2018:15:03:19 -0400] "HEAD / HTTP/1.1" 200 3874 "http://nspw.org/" "Mozilla/5.0+(compatible; UptimeRobot/2.0; http://www.uptimerobot.com/)"
66.249.73.87 - - [26/Apr/2018:15:03:57 -0400] "GET /2007/local.content HTTP/1.1" 200 6211 "-" "Mozilla/5.0 (compatible; Googlebot/2.1; +http://www.google.com/bot.html)"
66.249.73.91 - - [26/Apr/2018:15:04:49 -0400] "GET /proceedings HTTP/1.1" 200 6342 "-" "Mozilla/5.0 (compatible; Googlebot/2.1; +http://www.google.com/bot.html)"
66.249.73.87 - - [26/Apr/2018:15:05:40 -0400] "GET / HTTP/1.1" 200 6608 "-" "Mozilla/5.0 (compatible; Googlebot/2.1; +http://www.google.com/bot.html)"
66.249.73.89 - - [26/Apr/2018:15:06:32 -0400] "GET /papers/2005/nspw2005-flechais.pdf HTTP/1.1" 200 2796418 "-" "Mozilla/5.0 (compatible; Googlebot/2.1; +http://www.google.com/bot.html)"
66.249.73.91 - - [26/Apr/2018:15:07:24 -0400] "GET /2016 HTTP/1.1" 200 6965 "-" "Mozilla/5.0 (compatible; Googlebot/2.1; +http://www.google.com/bot.html)"
66.249.73.91 - - [26/Apr/2018:15:08:16 -0400] "GET /papers/1999/nspw1999-schneider.pdf HTTP/1.1" 200 682818 "-" "Mozilla/5.0 (compatible; Googlebot/2.1; +http://www.google.com/bot.html)"
69.162.124.227 - - [26/Apr/2018:15:08:19 -0400] "HEAD / HTTP/1.1" 200 3874 "http://nspw.org/" "Mozilla/5.0+(compatible; UptimeRobot/2.0; http://www.uptimerobot.com/)"
66.249.73.89 - - [26/Apr/2018:15:09:08 -0400] "GET /papers/1996/nspw1996-baker.pdf HTTP/1.1" 200 482949 "-" "Mozilla/5.0 (compatible; Googlebot/2.1; +http://www.google.com/bot.html)"
36.84.62.86 - - [26/Apr/2018:15:09:45 -0400] "GET /wp-login.php HTTP/1.1" 404 7491 "-" "Mozilla/5.0 (Windows NT 6.1; WOW64; rv:40.0) Gecko/20100101 Firefox/40.1"
36.84.62.86 - - [26/Apr/2018:15:09:49 -0400] "GET / HTTP/1.1" 200 8218 "-" "Mozilla/5.0 (Windows NT 6.1; WOW64; rv:40.0) Gecko/20100101 Firefox/40.1"
66.249.73.89 - - [26/Apr/2018:15:10:00 -0400] "GET /papers/1994/nspw1994-castano.pdf HTTP/1.1" 200 638901 "-" "Mozilla/5.0 (compatible; Googlebot/2.1; +http://www.google.com/bot.html)"
66.249.73.87 - - [26/Apr/2018:15:10:51 -0400] "GET /papers/2011/nspw2011-wash.pdf HTTP/1.1" 200 538373 "-" "Mozilla/5.0 (compatible; Googlebot/2.1; +http://www.google.com/bot.html)"
66.249.73.89 - - [26/Apr/2018:15:11:43 -0400] "GET /papers/1997/nspw1997-moskowitz.pdf HTTP/1.1" 200 1361656 "-" "Mozilla/5.0 (compatible; Googlebot/2.1; +http://www.google.com/bot.html)"
82.158.21.11 - - [26/Apr/2018:15:11:51 -0400] "GET /wp-login.php HTTP/1.1" 404 7985 "-" "Mozilla/5.0 (Windows NT 6.1; WOW64; rv:40.0) Gecko/20100101 Firefox/40.1"
82.158.21.11 - - [26/Apr/2018:15:11:51 -0400] "GET / HTTP/1.1" 200 8206 "-" "Mozilla/5.0 (Windows NT 6.1; WOW64; rv:40.0) Gecko/20100101 Firefox/40.1"
207.46.13.229 - - [26/Apr/2018:15:11:58 -0400] "GET /2003/dates.shtml HTTP/1.1" 200 5406 "-" "Mozilla/5.0 (compatible; bingbot/2.0; +http://www.bing.com/bingbot.htm)"
66.249.73.91 - - [26/Apr/2018:15:12:35 -0400] "GET /papers/1993/nspw1993-meadows.pdf HTTP/1.1" 200 322223 "-" "Mozilla/5.0 (compatible; Googlebot/2.1; +http://www.google.com/bot.html)"
69.162.124.227 - - [26/Apr/2018:15:13:19 -0400] "HEAD / HTTP/1.1" 200 3874 "http://nspw.org/" "Mozilla/5.0+(compatible; UptimeRobot/2.0; http://www.uptimerobot.com/)"
66.249.73.91 - - [26/Apr/2018:15:13:26 -0400] "GET /2017/location HTTP/1.1" 200 6143 "-" "Mozilla/5.0 (compatible; Googlebot/2.1; +http://www.google.com/bot.html)"
177.18.121.45 - - [26/Apr/2018:15:14:15 -0400] "GET /favicon.ico HTTP/1.1" 404 857 "https://www.nspw.org/papers/1999/nspw1999-jonsson.pdf" "Mozilla/5.0 (Windows NT 6.1; Win64; x64) AppleWebKit/537.36 (KHTML, like Gecko) Chrome/66.0.3359.117 Safari/537.36"
66.249.73.91 - - [26/Apr/2018:15:14:18 -0400] "GET /1999/photos.html HTTP/1.1" 304 3603 "-" "Mozilla/5.0 (compatible; Googlebot/2.1; +http://www.google.com/bot.html)"
177.18.121.45 - - [26/Apr/2018:15:14:13 -0400] "GET /papers/1999/nspw1999-jonsson.pdf HTTP/1.1" 200 285368 "https://www.google.com.br/" "Mozilla/5.0 (Windows NT 6.1; Win64; x64) AppleWebKit/537.36 (KHTML, like Gecko) Chrome/66.0.3359.117 Safari/537.36"
66.249.73.89 - - [26/Apr/2018:15:15:10 -0400] "GET /papers/2013/nspw2013-peisert.pdf HTTP/1.1" 200 712024 "-" "Mozilla/5.0 (compatible; Googlebot/2.1; +http://www.google.com/bot.html)"
66.249.73.87 - - [26/Apr/2018:15:16:02 -0400] "GET /2006/oc.shtml HTTP/1.1" 200 5283 "-" "Mozilla/5.0 (Linux; Android 6.0.1; Nexus 5X Build/MMB29P) AppleWebKit/537.36 (KHTML, like Gecko) Chrome/41.0.2272.96 Mobile Safari/537.36 (compatible; Googlebot/2.1; +http://www.google.com/bot.html)"
66.249.73.89 - - [26/Apr/2018:15:16:53 -0400] "GET /2001/pc.html HTTP/1.1" 200 5294 "-" "Mozilla/5.0 (Linux; Android 6.0.1; Nexus 5X Build/MMB29P) AppleWebKit/537.36 (KHTML, like Gecko) Chrome/41.0.2272.96 Mobile Safari/537.36 (compatible; Googlebot/2.1; +http://www.google.com/bot.html)"
90.190.179.253 - - [26/Apr/2018:15:17:28 -0400] "GET /past HTTP/1.1" 200 6403 "https://www.nspw.org/" "Mozilla/5.0 (Windows NT 10.0; Win64; x64; rv:59.0) Gecko/20100101 Firefox/59.0"
90.190.179.253 - - [26/Apr/2018:15:17:34 -0400] "GET /2017 HTTP/1.1" 200 3814 "https://www.nspw.org/past" "Mozilla/5.0 (Windows NT 10.0; Win64; x64; rv:59.0) Gecko/20100101 Firefox/59.0"
66.249.73.91 - - [26/Apr/2018:15:17:46 -0400] "GET /papers/2005/nspw2005-maxion.pdf HTTP/1.1" 200 683223 "-" "Mozilla/5.0 (compatible; Googlebot/2.1; +http://www.google.com/bot.html)"
35.225.221.87 - - [26/Apr/2018:15:18:09 -0400] "GET /robots.txt HTTP/1.1" 200 4496 "-" "ltx71 - (http://ltx71.com/)"
69.162.124.227 - - [26/Apr/2018:15:18:19 -0400] "HEAD / HTTP/1.1" 200 3874 "http://nspw.org/" "Mozilla/5.0+(compatible; UptimeRobot/2.0; http://www.uptimerobot.com/)"
66.249.73.89 - - [26/Apr/2018:15:18:37 -0400] "GET /papers/2005/nspw2005-ford.pdf HTTP/1.1" 200 2046407 "-" "Mozilla/5.0 (compatible; Googlebot/2.1; +http://www.google.com/bot.html)"
90.190.179.253 - - [26/Apr/2018:15:19:23 -0400] "GET /2017/accepted HTTP/1.1" 200 3523 "https://www.nspw.org/2017" "Mozilla/5.0 (Windows NT 10.0; Win64; x64; rv:59.0) Gecko/20100101 Firefox/59.0"
66.249.73.91 - - [26/Apr/2018:15:19:29 -0400] "GET /papers/2003/nspw2003-alkassar.pdf HTTP/1.1" 200 787955 "-" "Mozilla/5.0 (compatible; Googlebot/2.1; +http://www.google.com/bot.html)"
208.80.194.32 - - [26/Apr/2018:15:20:10 -0400] "GET / HTTP/1.0" 200 11644 "-" "Mozilla/4.0 (compatible; MSIE 8.0; Windows NT 6.1)"
66.249.73.89 - - [26/Apr/2018:15:20:21 -0400] "GET /papers/2003/nspw2003-flechais.pdf HTTP/1.1" 200 904662 "-" "Mozilla/5.0 (compatible; Googlebot/2.1; +http://www.google.com/bot.html)"
66.249.73.87 - - [26/Apr/2018:15:21:12 -0400] "GET /2017/cfp HTTP/1.1" 200 8987 "-" "Mozilla/5.0 (compatible; Googlebot/2.1; +http://www.google.com/bot.html)"
125.209.235.178 - - [26/Apr/2018:15:21:18 -0400] "GET /proceedings/1995 HTTP/1.1" 200 6162 "-" "Mozilla/5.0 (compatible; Yeti/1.1; +http://naver.me/spd)"
77.148.202.251 - - [26/Apr/2018:15:21:29 -0400] "GET /wp-login.php HTTP/1.1" 404 7839 "-" "Mozilla/5.0 (Windows NT 6.1; WOW64; rv:40.0) Gecko/20100101 Firefox/40.1"
77.148.202.251 - - [26/Apr/2018:15:21:29 -0400] "GET / HTTP/1.1" 200 8218 "-" "Mozilla/5.0 (Windows NT 6.1; WOW64; rv:40.0) Gecko/20100101 Firefox/40.1"
31.5.62.89 - - [26/Apr/2018:15:22:04 -0400] "GET /wp-login.php HTTP/1.1" 404 7839 "-" "Mozilla/5.0 (Windows NT 6.1; WOW64; rv:40.0) Gecko/20100101 Firefox/40.1"
31.5.62.89 - - [26/Apr/2018:15:22:04 -0400] "GET / HTTP/1.1" 200 8218 "-" "Mozilla/5.0 (Windows NT 6.1; WOW64; rv:40.0) Gecko/20100101 Firefox/40.1"
66.249.73.91 - - [26/Apr/2018:15:22:05 -0400] "GET /papers/2005/nspw2005-bishop-pos.pdf HTTP/1.1" 200 609280 "-" "Mozilla/5.0 (compatible; Googlebot/2.1; +http://www.google.com/bot.html)"
66.249.73.89 - - [26/Apr/2018:15:22:56 -0400] "GET /2009/proceedings/2013/nspw2013-ashenden.pdf HTTP/1.1" 304 3605 "-" "Mozilla/5.0 (compatible; Googlebot/2.1; +http://www.google.com/bot.html)"
69.162.124.227 - - [26/Apr/2018:15:23:19 -0400] "HEAD / HTTP/1.1" 200 3874 "http://nspw.org/" "Mozilla/5.0+(compatible; UptimeRobot/2.0; http://www.uptimerobot.com/)"
66.249.73.91 - - [26/Apr/2018:15:23:48 -0400] "GET /papers/2001/nspw2001-raskin.pdf HTTP/1.1" 200 512638 "-" "Mozilla/5.0 (compatible; Googlebot/2.1; +http://www.google.com/bot.html)"
66.249.73.87 - - [26/Apr/2018:15:24:40 -0400] "GET /papers/1993/nspw1993-hosmer.pdf HTTP/1.1" 200 1025715 "-" "Mozilla/5.0 (compatible; Googlebot/2.1; +http://www.google.com/bot.html)"
66.249.73.89 - - [26/Apr/2018:15:25:31 -0400] "GET /2017/accepted HTTP/1.1" 200 6760 "-" "Mozilla/5.0 (compatible; Googlebot/2.1; +http://www.google.com/bot.html)"
66.249.73.87 - - [26/Apr/2018:15:26:24 -0400] "GET /papers/1993/nspw1993-slack.pdf HTTP/1.1" 200 519861 "-" "Mozilla/5.0 (compatible; Googlebot/2.1; +http://www.google.com/bot.html)"
201.241.83.58 - - [26/Apr/2018:15:26:37 -0400] "GET /wp-login.php HTTP/1.1" 404 7985 "-" "Mozilla/5.0 (Windows NT 6.1; WOW64; rv:40.0) Gecko/20100101 Firefox/40.1"
201.241.83.58 - - [26/Apr/2018:15:26:37 -0400] "GET / HTTP/1.1" 200 8206 "-" "Mozilla/5.0 (Windows NT 6.1; WOW64; rv:40.0) Gecko/20100101 Firefox/40.1"
66.249.73.91 - - [26/Apr/2018:15:27:11 -0400] "GET /2015/organizers HTTP/1.1" 200 7091 "-" "Mozilla/5.0 (compatible; Googlebot/2.1; +http://www.google.com/bot.html)"
66.249.73.87 - - [26/Apr/2018:15:27:15 -0400] "GET /2003/nspw-footer.html HTTP/1.1" 200 4205 "-" "Mozilla/5.0 (Linux; Android 6.0.1; Nexus 5X Build/MMB29P) AppleWebKit/537.36 (KHTML, like Gecko) Chrome/41.0.2272.96 Mobile Safari/537.36 (compatible; Googlebot/2.1; +http://www.google.com/bot.html)"
66.249.73.91 - - [26/Apr/2018:15:28:07 -0400] "GET /papers/2008/nspw2008-beautement.pdf HTTP/1.1" 200 769400 "-" "Mozilla/5.0 (compatible; Googlebot/2.1; +http://www.google.com/bot.html)"
69.162.124.227 - - [26/Apr/2018:15:28:19 -0400] "HEAD / HTTP/1.1" 200 3874 "http://nspw.org/" "Mozilla/5.0+(compatible; UptimeRobot/2.0; http://www.uptimerobot.com/)"
66.249.73.89 - - [26/Apr/2018:15:28:59 -0400] "GET /papers/2006/nspw2006-wang.pdf HTTP/1.1" 200 512250 "-" "Mozilla/5.0 (compatible; Googlebot/2.1; +http://www.google.com/bot.html)"
66.249.73.89 - - [26/Apr/2018:15:29:51 -0400] "GET /papers/2011/nspw2011-bicakci.pdf HTTP/1.1" 200 493585 "-" "Mozilla/5.0 (compatible; Googlebot/2.1; +http://www.google.com/bot.html)"
66.249.73.89 - - [26/Apr/2018:15:30:43 -0400] "GET /papers/2010/nspw2010-bishop.pdf HTTP/1.1" 200 660089 "-" "Mozilla/5.0 (compatible; Googlebot/2.1; +http://www.google.com/bot.html)"
66.249.73.91 - - [26/Apr/2018:15:31:04 -0400] "GET /current/oc.shtml HTTP/1.1" 404 8006 "-" "Mozilla/5.0 (compatible; Googlebot/2.1; +http://www.google.com/bot.html)"
66.249.73.89 - - [26/Apr/2018:15:31:34 -0400] "GET /papers/2010/nspw2010-coles.pdf HTTP/1.1" 200 473164 "-" "Mozilla/5.0 (compatible; Googlebot/2.1; +http://www.google.com/bot.html)"
66.249.73.87 - - [26/Apr/2018:15:32:26 -0400] "GET /papers/2011/nspw2011-du.pdf HTTP/1.1" 200 658178 "-" "Mozilla/5.0 (compatible; Googlebot/2.1; +http://www.google.com/bot.html)"
90.190.179.253 - - [26/Apr/2018:15:33:10 -0400] "GET /2016 HTTP/1.1" 200 6980 "https://www.nspw.org/2017/accepted" "Mozilla/5.0 (Windows NT 10.0; Win64; x64; rv:59.0) Gecko/20100101 Firefox/59.0"
90.190.179.253 - - [26/Apr/2018:15:33:14 -0400] "GET /2016/accepted HTTP/1.1" 200 3530 "https://www.nspw.org/2016" "Mozilla/5.0 (Windows NT 10.0; Win64; x64; rv:59.0) Gecko/20100101 Firefox/59.0"
90.190.179.253 - - [26/Apr/2018:15:33:15 -0400] "GET /modules/system/system.messages.css?p7r9uw HTTP/1.1" 200 746 "https://www.nspw.org/2016/accepted" "Mozilla/5.0 (Windows NT 10.0; Win64; x64; rv:59.0) Gecko/20100101 Firefox/59.0"
66.249.73.91 - - [26/Apr/2018:15:33:18 -0400] "GET /papers/2010/nspw2010-alsaleh.pdf HTTP/1.1" 200 1019662 "-" "Mozilla/5.0 (compatible; Googlebot/2.1; +http://www.google.com/bot.html)"
69.162.124.227 - - [26/Apr/2018:15:33:19 -0400] "HEAD / HTTP/1.1" 200 3874 "http://nspw.org/" "Mozilla/5.0+(compatible; UptimeRobot/2.0; http://www.uptimerobot.com/)"
66.249.73.87 - - [26/Apr/2018:15:34:10 -0400] "GET /papers/2003/nspw2003-mchugh.pdf HTTP/1.1" 200 765834 "-" "Mozilla/5.0 (compatible; Googlebot/2.1; +http://www.google.com/bot.html)"
66.249.73.87 - - [26/Apr/2018:15:35:02 -0400] "GET /papers/1993/nspw1993-thuraisingham.pdf HTTP/1.1" 200 531515 "-" "Mozilla/5.0 (compatible; Googlebot/2.1; +http://www.google.com/bot.html)"
90.190.179.253 - - [26/Apr/2018:15:35:38 -0400] "GET /2015 HTTP/1.1" 200 3685 "https://www.nspw.org/2016/accepted" "Mozilla/5.0 (Windows NT 10.0; Win64; x64; rv:59.0) Gecko/20100101 Firefox/59.0"
90.190.179.253 - - [26/Apr/2018:15:35:38 -0400] "GET /modules/system/system.base.css?p7r9uw HTTP/1.1" 200 2307 "https://www.nspw.org/2015" "Mozilla/5.0 (Windows NT 10.0; Win64; x64; rv:59.0) Gecko/20100101 Firefox/59.0"
90.190.179.253 - - [26/Apr/2018:15:35:43 -0400] "GET /2015/accepted HTTP/1.1" 200 3692 "https://www.nspw.org/2015" "Mozilla/5.0 (Windows NT 10.0; Win64; x64; rv:59.0) Gecko/20100101 Firefox/59.0"
66.249.73.87 - - [26/Apr/2018:15:35:53 -0400] "GET /2015/organizers HTTP/1.1" 200 7087 "-" "Mozilla/5.0 (compatible; Googlebot/2.1; +http://www.google.com/bot.html)"
66.249.73.91 - - [26/Apr/2018:15:36:45 -0400] "GET /papers/2006/nspw2006-greenwald.pdf HTTP/1.1" 200 129987 "-" "Mozilla/5.0 (compatible; Googlebot/2.1; +http://www.google.com/bot.html)"
66.249.73.89 - - [26/Apr/2018:15:37:37 -0400] "GET /papers/2013/nspw2013-ard.pdf HTTP/1.1" 200 740529 "-" "Mozilla/5.0 (compatible; Googlebot/2.1; +http://www.google.com/bot.html)"
69.162.124.227 - - [26/Apr/2018:15:38:19 -0400] "HEAD / HTTP/1.1" 200 3874 "http://nspw.org/" "Mozilla/5.0+(compatible; UptimeRobot/2.0; http://www.uptimerobot.com/)"
66.249.73.91 - - [26/Apr/2018:15:38:28 -0400] "GET /papers/1998/nspw1998-mcdermott.pdf HTTP/1.1" 200 296948 "-" "Mozilla/5.0 (compatible; Googlebot/2.1; +http://www.google.com/bot.html)"
5.18.241.89 - - [26/Apr/2018:15:38:51 -0400] "GET /wp-login.php HTTP/1.1" 404 7491 "-" "Mozilla/5.0 (Windows NT 6.1; WOW64; rv:40.0) Gecko/20100101 Firefox/40.1"
5.18.241.89 - - [26/Apr/2018:15:38:52 -0400] "GET / HTTP/1.1" 200 8218 "-" "Mozilla/5.0 (Windows NT 6.1; WOW64; rv:40.0) Gecko/20100101 Firefox/40.1"
174.94.82.30 - - [26/Apr/2018:15:39:04 -0400] "GET /wp-login.php HTTP/1.1" 404 8180 "-" "Mozilla/5.0 (Windows NT 6.1; WOW64; rv:40.0) Gecko/20100101 Firefox/40.1"
174.94.82.30 - - [26/Apr/2018:15:39:04 -0400] "GET / HTTP/1.1" 200 8298 "-" "Mozilla/5.0 (Windows NT 6.1; WOW64; rv:40.0) Gecko/20100101 Firefox/40.1"
66.249.73.87 - - [26/Apr/2018:15:39:20 -0400] "GET /papers/2012/docs/p77.pdf HTTP/1.1" 304 3605 "-" "Mozilla/5.0 (compatible; Googlebot/2.1; +http://www.google.com/bot.html)"
216.244.66.200 - - [26/Apr/2018:15:39:34 -0400] "GET /robots.txt HTTP/1.1" 200 5796 "-" "Mozilla/5.0 (compatible; DotBot/1.1; http://www.opensiteexplorer.org/dotbot, help@moz.com)"
216.244.66.200 - - [26/Apr/2018:15:39:34 -0400] "GET /robots.txt HTTP/1.1" 200 5796 "-" "Mozilla/5.0 (compatible; DotBot/1.1; http://www.opensiteexplorer.org/dotbot, help@moz.com)"
40.77.167.38 - - [26/Apr/2018:15:39:50 -0400] "GET /papers/2011/nspw2011-bishop.pdf HTTP/1.1" 200 573190 "-" "Mozilla/5.0 (iPhone; CPU iPhone OS 7_0 like Mac OS X) AppleWebKit/537.51.1 (KHTML, like Gecko) Version/7.0 Mobile/11A465 Safari/9537.53 (compatible; bingbot/2.0; +http://www.bing.com/bingbot.htm)"
66.249.73.89 - - [26/Apr/2018:15:40:05 -0400] "GET /current/pc.shtml HTTP/1.1" 404 8006 "-" "Mozilla/5.0 (compatible; Googlebot/2.1; +http://www.google.com/bot.html)"
66.249.73.89 - - [26/Apr/2018:15:40:12 -0400] "GET /papers/2005/nspw2005-mcdermott.pdf HTTP/1.1" 200 4280145 "-" "Mozilla/5.0 (compatible; Googlebot/2.1; +http://www.google.com/bot.html)"
40.77.167.38 - - [26/Apr/2018:15:40:27 -0400] "GET /papers/2006/nspw2006-ford.pdf HTTP/1.1" 200 229953 "-" "Mozilla/5.0 (compatible; bingbot/2.0; +http://www.bing.com/bingbot.htm)"
66.249.73.87 - - [26/Apr/2018:15:41:04 -0400] "GET /papers/2010/nspw2010-faily.pdf HTTP/1.1" 200 539853 "-" "Mozilla/5.0 (compatible; Googlebot/2.1; +http://www.google.com/bot.html)"
90.190.179.253 - - [26/Apr/2018:15:41:17 -0400] "GET /2014 HTTP/1.1" 200 6709 "https://www.nspw.org/2015/accepted" "Mozilla/5.0 (Windows NT 10.0; Win64; x64; rv:59.0) Gecko/20100101 Firefox/59.0"
90.190.179.253 - - [26/Apr/2018:15:41:22 -0400] "GET /node/70 HTTP/1.1" 200 3611 "https://www.nspw.org/2014" "Mozilla/5.0 (Windows NT 10.0; Win64; x64; rv:59.0) Gecko/20100101 Firefox/59.0"
66.249.73.87 - - [26/Apr/2018:15:41:56 -0400] "GET /1999/oc.html HTTP/1.1" 304 3604 "-" "Mozilla/5.0 (compatible; Googlebot/2.1; +http://www.google.com/bot.html)"
66.249.73.91 - - [26/Apr/2018:15:42:48 -0400] "GET /papers/2005/nspw2005-locasto.pdf HTTP/1.1" 200 2008772 "-" "Mozilla/5.0 (compatible; Googlebot/2.1; +http://www.google.com/bot.html)"
69.162.124.227 - - [26/Apr/2018:15:43:18 -0400] "HEAD / HTTP/1.1" 200 3874 "http://nspw.org/" "Mozilla/5.0+(compatible; UptimeRobot/2.0; http://www.uptimerobot.com/)"
66.249.73.89 - - [26/Apr/2018:15:43:39 -0400] "GET /2014/program HTTP/1.1" 200 7895 "-" "Mozilla/5.0 (compatible; Googlebot/2.1; +http://www.google.com/bot.html)"
90.190.179.253 - - [26/Apr/2018:15:44:09 -0400] "GET /2013 HTTP/1.1" 200 3558 "https://www.nspw.org/node/70" "Mozilla/5.0 (Windows NT 10.0; Win64; x64; rv:59.0) Gecko/20100101 Firefox/59.0"
90.190.179.253 - - [26/Apr/2018:15:44:16 -0400] "GET /2013/papers HTTP/1.1" 200 3782 "https://www.nspw.org/2013" "Mozilla/5.0 (Windows NT 10.0; Win64; x64; rv:59.0) Gecko/20100101 Firefox/59.0"
78.131.20.82 - - [26/Apr/2018:15:44:29 -0400] "GET /wp-login.php HTTP/1.1" 404 7839 "-" "Mozilla/5.0 (Windows NT 6.1; WOW64; rv:40.0) Gecko/20100101 Firefox/40.1"
78.131.20.82 - - [26/Apr/2018:15:44:30 -0400] "GET / HTTP/1.1" 200 8218 "-" "Mozilla/5.0 (Windows NT 6.1; WOW64; rv:40.0) Gecko/20100101 Firefox/40.1"
66.249.73.89 - - [26/Apr/2018:15:44:31 -0400] "GET /papers/2006/nspw2006-crawford.pdf HTTP/1.1" 200 401281 "-" "Mozilla/5.0 (compatible; Googlebot/2.1; +http://www.google.com/bot.html)"
66.249.73.91 - - [26/Apr/2018:15:45:23 -0400] "GET /papers/2005/nspw2005-thorpe.pdf HTTP/1.1" 200 3949092 "-" "Mozilla/5.0 (compatible; Googlebot/2.1; +http://www.google.com/bot.html)"
90.190.179.253 - - [26/Apr/2018:15:45:24 -0400] "GET /papers/2013/nspw2013-mathur.pdf HTTP/1.1" 200 1316018 "https://www.google.com/" "Mozilla/5.0 (Windows NT 10.0; Win64; x64; rv:59.0) Gecko/20100101 Firefox/59.0"
90.190.179.253 - - [26/Apr/2018:15:45:25 -0400] "GET /papers/2013/nspw2013-mathur.pdf HTTP/1.1" 206 66184 "https://www.google.com/" "Mozilla/5.0 (Windows NT 10.0; Win64; x64; rv:59.0) Gecko/20100101 Firefox/59.0"
90.190.179.253 - - [26/Apr/2018:15:45:25 -0400] "GET /papers/2013/nspw2013-mathur.pdf HTTP/1.1" 206 3034 "https://www.google.com/" "Mozilla/5.0 (Windows NT 10.0; Win64; x64; rv:59.0) Gecko/20100101 Firefox/59.0"
90.190.179.253 - - [26/Apr/2018:15:45:25 -0400] "GET /papers/2013/nspw2013-mathur.pdf HTTP/1.1" 206 66035 "https://www.google.com/" "Mozilla/5.0 (Windows NT 10.0; Win64; x64; rv:59.0) Gecko/20100101 Firefox/59.0"
77.88.47.40 - - [26/Apr/2018:15:45:41 -0400] "GET /robots.txt HTTP/1.1" 200 5979 "-" "Mozilla/5.0 (compatible; YandexBot/3.0; +http://yandex.com/bots)"
77.88.47.40 - - [26/Apr/2018:15:45:45 -0400] "GET /2004/index.shtml HTTP/1.1" 200 2109 "-" "Mozilla/5.0 (compatible; YandexBot/3.0; +http://yandex.com/bots)"
66.249.73.87 - - [26/Apr/2018:15:46:15 -0400] "GET /2009/proceedings/1998/nspw1998-chang.pdf HTTP/1.1" 304 3605 "-" "Mozilla/5.0 (compatible; Googlebot/2.1; +http://www.google.com/bot.html)"
37.170.200.206 - - [26/Apr/2018:15:46:55 -0400] "GET /wp-login.php HTTP/1.1" 404 7985 "-" "Mozilla/5.0 (Windows NT 6.1; WOW64; rv:40.0) Gecko/20100101 Firefox/40.1"
37.170.200.206 - - [26/Apr/2018:15:46:56 -0400] "GET / HTTP/1.1" 200 8206 "-" "Mozilla/5.0 (Windows NT 6.1; WOW64; rv:40.0) Gecko/20100101 Firefox/40.1"
66.249.73.89 - - [26/Apr/2018:15:47:07 -0400] "GET /papers/2008/nspw2008-herley.pdf HTTP/1.1" 200 408970 "-" "Mozilla/5.0 (compatible; Googlebot/2.1; +http://www.google.com/bot.html)"
66.249.73.87 - - [26/Apr/2018:15:47:59 -0400] "GET /papers/2002/nspw2002-inoue.pdf HTTP/1.1" 200 872500 "-" "Mozilla/5.0 (compatible; Googlebot/2.1; +http://www.google.com/bot.html)"
66.249.73.87 - - [26/Apr/2018:15:48:17 -0400] "GET /papers/1996/nspw1996-zurko.pdf HTTP/1.1" 200 887095 "-" "Mozilla/5.0 (compatible; Googlebot/2.1; +http://www.google.com/bot.html)"
69.162.124.227 - - [26/Apr/2018:15:48:19 -0400] "HEAD / HTTP/1.1" 200 3874 "http://nspw.org/" "Mozilla/5.0+(compatible; UptimeRobot/2.0; http://www.uptimerobot.com/)"
66.249.73.89 - - [26/Apr/2018:15:48:50 -0400] "GET /2013 HTTP/1.1" 200 6794 "-" "Mozilla/5.0 (compatible; Googlebot/2.1; +http://www.google.com/bot.html)"
66.249.73.89 - - [26/Apr/2018:15:49:42 -0400] "GET /papers/2006/nspw2006-ford.pdf HTTP/1.1" 200 229478 "-" "Mozilla/5.0 (compatible; Googlebot/2.1; +http://www.google.com/bot.html)"
40.77.167.38 - - [26/Apr/2018:15:49:52 -0400] "GET /2009/proceedings/1999/nspw1999-povey.pdf HTTP/1.1" 200 587868 "-" "Mozilla/5.0 (compatible; bingbot/2.0; +http://www.bing.com/bingbot.htm)"
90.190.179.253 - - [26/Apr/2018:15:50:24 -0400] "GET /papers/2013/nspw2013-rowe.pdf HTTP/1.1" 206 66182 "https://www.google.com/" "Mozilla/5.0 (Windows NT 10.0; Win64; x64; rv:59.0) Gecko/20100101 Firefox/59.0"
90.190.179.253 - - [26/Apr/2018:15:50:24 -0400] "GET /papers/2013/nspw2013-rowe.pdf HTTP/1.1" 206 14983 "https://www.google.com/" "Mozilla/5.0 (Windows NT 10.0; Win64; x64; rv:59.0) Gecko/20100101 Firefox/59.0"
90.190.179.253 - - [26/Apr/2018:15:50:24 -0400] "GET /papers/2013/nspw2013-rowe.pdf HTTP/1.1" 206 66031 "https://www.google.com/" "Mozilla/5.0 (Windows NT 10.0; Win64; x64; rv:59.0) Gecko/20100101 Firefox/59.0"
90.190.179.253 - - [26/Apr/2018:15:50:25 -0400] "GET /papers/2013/nspw2013-rowe.pdf HTTP/1.1" 206 66031 "https://www.google.com/" "Mozilla/5.0 (Windows NT 10.0; Win64; x64; rv:59.0) Gecko/20100101 Firefox/59.0"
90.190.179.253 - - [26/Apr/2018:15:50:23 -0400] "GET /papers/2013/nspw2013-rowe.pdf HTTP/1.1" 200 609048 "https://www.google.com/" "Mozilla/5.0 (Windows NT 10.0; Win64; x64; rv:59.0) Gecko/20100101 Firefox/59.0"
66.249.73.89 - - [26/Apr/2018:15:50:34 -0400] "GET /2010/program HTTP/1.1" 200 7471 "-" "Mozilla/5.0 (compatible; Googlebot/2.1; +http://www.google.com/bot.html)"
90.190.179.253 - - [26/Apr/2018:15:50:54 -0400] "GET /2012 HTTP/1.1" 200 3639 "https://www.nspw.org/2013/papers" "Mozilla/5.0 (Windows NT 10.0; Win64; x64; rv:59.0) Gecko/20100101 Firefox/59.0"
90.190.179.253 - - [26/Apr/2018:15:51:00 -0400] "GET /2012/papers HTTP/1.1" 200 3770 "https://www.nspw.org/2012" "Mozilla/5.0 (Windows NT 10.0; Win64; x64; rv:59.0) Gecko/20100101 Firefox/59.0"
66.249.73.91 - - [26/Apr/2018:15:51:26 -0400] "GET /2001/local.html HTTP/1.1" 200 5126 "-" "Mozilla/5.0 (compatible; Googlebot/2.1; +http://www.google.com/bot.html)"
111.206.36.137 - - [26/Apr/2018:15:51:52 -0400] "GET / HTTP/1.1" 200 7085 "-" "Mozilla/5.0 (Windows NT 6.1; WOW64; rv:43.0) Gecko/20100101 Firefox/43.0"
111.206.36.137 - - [26/Apr/2018:15:51:52 -0400] "GET /modules/system/system.base.css?p7r9uw HTTP/1.1" 200 2303 "https://www.nspw.org/" "Mozilla/5.0 (Windows NT 6.1; WOW64; rv:43.0) Gecko/20100101 Firefox/43.0"
111.206.36.137 - - [26/Apr/2018:15:51:52 -0400] "GET /modules/system/system.menus.css?p7r9uw HTTP/1.1" 200 1029 "https://www.nspw.org/" "Mozilla/5.0 (Windows NT 6.1; WOW64; rv:43.0) Gecko/20100101 Firefox/43.0"
111.206.36.9 - - [26/Apr/2018:15:51:52 -0400] "GET /modules/system/system.theme.css?p7r9uw HTTP/1.1" 200 1734 "https://www.nspw.org/" "Mozilla/5.0 (Windows NT 6.1; WOW64; rv:43.0) Gecko/20100101 Firefox/43.0"
111.206.36.138 - - [26/Apr/2018:15:51:52 -0400] "GET /modules/system/system.messages.css?p7r9uw HTTP/1.1" 200 902 "https://www.nspw.org/" "Mozilla/5.0 (Windows NT 6.1; WOW64; rv:43.0) Gecko/20100101 Firefox/43.0"
111.206.36.143 - - [26/Apr/2018:15:51:53 -0400] "GET /modules/node/node.css?p7r9uw HTTP/1.1" 200 630 "https://www.nspw.org/" "Mozilla/5.0 (Windows NT 6.1; WOW64; rv:43.0) Gecko/20100101 Firefox/43.0"
111.206.36.19 - - [26/Apr/2018:15:51:52 -0400] "GET /modules/comment/comment.css?p7r9uw HTTP/1.1" 200 662 "https://www.nspw.org/" "Mozilla/5.0 (Windows NT 6.1; WOW64; rv:43.0) Gecko/20100101 Firefox/43.0"
111.206.36.137 - - [26/Apr/2018:15:51:53 -0400] "GET /modules/field/theme/field.css?p7r9uw HTTP/1.1" 200 597 "https://www.nspw.org/" "Mozilla/5.0 (Windows NT 6.1; WOW64; rv:43.0) Gecko/20100101 Firefox/43.0"
111.206.36.17 - - [26/Apr/2018:15:51:53 -0400] "GET /modules/user/user.css?p7r9uw HTTP/1.1" 200 1206 "https://www.nspw.org/" "Mozilla/5.0 (Windows NT 6.1; WOW64; rv:43.0) Gecko/20100101 Firefox/43.0"
111.206.36.9 - - [26/Apr/2018:15:51:53 -0400] "GET /themes/garland/print.css?p7r9uw HTTP/1.1" 200 773 "https://www.nspw.org/" "Mozilla/5.0 (Windows NT 6.1; WOW64; rv:43.0) Gecko/20100101 Firefox/43.0"
111.206.36.138 - - [26/Apr/2018:15:51:53 -0400] "GET /themes/garland/style.css?p7r9uw HTTP/1.1" 200 5375 "https://www.nspw.org/" "Mozilla/5.0 (Windows NT 6.1; WOW64; rv:43.0) Gecko/20100101 Firefox/43.0"
111.206.36.19 - - [26/Apr/2018:15:51:53 -0400] "GET /misc/jquery.once.js?v=1.2 HTTP/1.1" 200 1445 "https://www.nspw.org/" "Mozilla/5.0 (Windows NT 6.1; WOW64; rv:43.0) Gecko/20100101 Firefox/43.0"
111.206.36.143 - - [26/Apr/2018:15:51:53 -0400] "GET /misc/drupal.js?p7r9uw HTTP/1.1" 200 7375 "https://www.nspw.org/" "Mozilla/5.0 (Windows NT 6.1; WOW64; rv:43.0) Gecko/20100101 Firefox/43.0"
111.206.36.137 - - [26/Apr/2018:15:51:53 -0400] "GET /misc/jquery.js?v=1.4.4 HTTP/1.1" 200 27630 "https://www.nspw.org/" "Mozilla/5.0 (Windows NT 6.1; WOW64; rv:43.0) Gecko/20100101 Firefox/43.0"
157.55.39.235 - - [26/Apr/2018:15:51:45 -0400] "GET /papers/1997/nspw1997-meadows.pdf HTTP/1.1" 200 432416 "-" "Mozilla/5.0 (iPhone; CPU iPhone OS 7_0 like Mac OS X) AppleWebKit/537.51.1 (KHTML, like Gecko) Version/7.0 Mobile/11A465 Safari/9537.53 (compatible; bingbot/2.0; +http://www.bing.com/bingbot.htm)"
66.249.65.108 - - [26/Apr/2018:15:53:09 -0400] "GET /2018 HTTP/1.1" 200 6904 "-" "Mozilla/5.0 (compatible; Googlebot/2.1; +http://www.google.com/bot.html)"
69.162.124.227 - - [26/Apr/2018:15:53:19 -0400] "HEAD / HTTP/1.1" 200 3874 "http://nspw.org/" "Mozilla/5.0+(compatible; UptimeRobot/2.0; http://www.uptimerobot.com/)"
66.249.73.89 - - [26/Apr/2018:15:54:01 -0400] "GET /current/ HTTP/1.1" 200 6906 "-" "Mozilla/5.0 (compatible; Googlebot/2.1; +http://www.google.com/bot.html)"
66.249.73.91 - - [26/Apr/2018:15:55:45 -0400] "GET /2008 HTTP/1.1" 301 3998 "-" "Mozilla/5.0 (Linux; Android 6.0.1; Nexus 5X Build/MMB29P) AppleWebKit/537.36 (KHTML, like Gecko) Chrome/41.0.2272.96 Mobile Safari/537.36 (compatible; Googlebot/2.1; +http://www.google.com/bot.html)"
66.249.73.91 - - [26/Apr/2018:15:55:45 -0400] "GET /2008/ HTTP/1.1" 200 2144 "-" "Mozilla/5.0 (Linux; Android 6.0.1; Nexus 5X Build/MMB29P) AppleWebKit/537.36 (KHTML, like Gecko) Chrome/41.0.2272.96 Mobile Safari/537.36 (compatible; Googlebot/2.1; +http://www.google.com/bot.html)"
14.215.176.16 - - [26/Apr/2018:15:56:01 -0400] "GET / HTTP/1.1" 200 6635 "-" "Mozilla/5.0 (Windows NT 6.1; WOW64; rv:43.0) Gecko/20100101 Firefox/43.0"
14.215.176.16 - - [26/Apr/2018:15:56:01 -0400] "GET /modules/system/system.base.css?p7r9uw HTTP/1.1" 200 2307 "https://www.nspw.org/" "Mozilla/5.0 (Windows NT 6.1; WOW64; rv:43.0) Gecko/20100101 Firefox/43.0"
14.215.176.16 - - [26/Apr/2018:15:56:01 -0400] "GET /modules/system/system.menus.css?p7r9uw HTTP/1.1" 200 1025 "https://www.nspw.org/" "Mozilla/5.0 (Windows NT 6.1; WOW64; rv:43.0) Gecko/20100101 Firefox/43.0"
14.215.176.14 - - [26/Apr/2018:15:56:01 -0400] "GET /modules/system/system.theme.css?p7r9uw HTTP/1.1" 200 1723 "https://www.nspw.org/" "Mozilla/5.0 (Windows NT 6.1; WOW64; rv:43.0) Gecko/20100101 Firefox/43.0"
14.215.176.15 - - [26/Apr/2018:15:56:01 -0400] "GET /modules/system/system.messages.css?p7r9uw HTTP/1.1" 200 884 "https://www.nspw.org/" "Mozilla/5.0 (Windows NT 6.1; WOW64; rv:43.0) Gecko/20100101 Firefox/43.0"
14.215.176.16 - - [26/Apr/2018:15:56:01 -0400] "GET /modules/comment/comment.css?p7r9uw HTTP/1.1" 200 505 "https://www.nspw.org/" "Mozilla/5.0 (Windows NT 6.1; WOW64; rv:43.0) Gecko/20100101 Firefox/43.0"
14.215.176.16 - - [26/Apr/2018:15:56:01 -0400] "GET /modules/field/theme/field.css?p7r9uw HTTP/1.1" 200 737 "https://www.nspw.org/" "Mozilla/5.0 (Windows NT 6.1; WOW64; rv:43.0) Gecko/20100101 Firefox/43.0"
14.215.176.17 - - [26/Apr/2018:15:56:01 -0400] "GET /modules/node/node.css?p7r9uw HTTP/1.1" 200 610 "https://www.nspw.org/" "Mozilla/5.0 (Windows NT 6.1; WOW64; rv:43.0) Gecko/20100101 Firefox/43.0"
14.215.176.13 - - [26/Apr/2018:15:56:01 -0400] "GET /modules/user/user.css?p7r9uw HTTP/1.1" 200 1200 "https://www.nspw.org/" "Mozilla/5.0 (Windows NT 6.1; WOW64; rv:43.0) Gecko/20100101 Firefox/43.0"
14.215.176.15 - - [26/Apr/2018:15:56:02 -0400] "GET /themes/garland/print.css?p7r9uw HTTP/1.1" 200 771 "https://www.nspw.org/" "Mozilla/5.0 (Windows NT 6.1; WOW64; rv:43.0) Gecko/20100101 Firefox/43.0"
14.215.176.14 - - [26/Apr/2018:15:56:02 -0400] "GET /themes/garland/style.css?p7r9uw HTTP/1.1" 200 5370 "https://www.nspw.org/" "Mozilla/5.0 (Windows NT 6.1; WOW64; rv:43.0) Gecko/20100101 Firefox/43.0"
14.215.176.16 - - [26/Apr/2018:15:56:02 -0400] "GET /misc/jquery.js?v=1.4.4 HTTP/1.1" 200 27601 "https://www.nspw.org/" "Mozilla/5.0 (Windows NT 6.1; WOW64; rv:43.0) Gecko/20100101 Firefox/43.0"
14.215.176.16 - - [26/Apr/2018:15:56:02 -0400] "GET /misc/jquery.once.js?v=1.2 HTTP/1.1" 200 1445 "https://www.nspw.org/" "Mozilla/5.0 (Windows NT 6.1; WOW64; rv:43.0) Gecko/20100101 Firefox/43.0"
14.215.176.17 - - [26/Apr/2018:15:56:02 -0400] "GET /misc/drupal.js?p7r9uw HTTP/1.1" 200 7372 "https://www.nspw.org/" "Mozilla/5.0 (Windows NT 6.1; WOW64; rv:43.0) Gecko/20100101 Firefox/43.0"
66.249.73.89 - - [26/Apr/2018:15:56:37 -0400] "GET /papers/1993/nspw1993-thomas.pdf HTTP/1.1" 200 494350 "-" "Mozilla/5.0 (Linux; Android 6.0.1; Nexus 5X Build/MMB29P) AppleWebKit/537.36 (KHTML, like Gecko) Chrome/41.0.2272.96 Mobile Safari/537.36 (compatible; Googlebot/2.1; +http://www.google.com/bot.html)"
66.249.73.91 - - [26/Apr/2018:15:57:28 -0400] "GET /2009/ieee.cls HTTP/1.1" 200 15294 "-" "Mozilla/5.0 (Linux; Android 6.0.1; Nexus 5X Build/MMB29P) AppleWebKit/537.36 (KHTML, like Gecko) Chrome/41.0.2272.96 Mobile Safari/537.36 (compatible; Googlebot/2.1; +http://www.google.com/bot.html)"
