77.88.47.40 - - [27/Apr/2018:13:17:51 -0400] "GET /2009/proceedings/2001/nspw2001-raskin.pdf HTTP/1.1" 200 362708 "-" "Mozilla/5.0 (compatible; YandexBot/3.0; +http://yandex.com/bots)"
77.88.47.40 - - [27/Apr/2018:13:23:01 -0400] "GET /2009/proceedings/2007/nspw2007-vidyaraman.pdf HTTP/1.1" 200 259353 "-" "Mozilla/5.0 (compatible; YandexBot/3.0; +http://yandex.com/bots)"
66.249.73.91 - - [27/Apr/2018:13:23:17 -0400] "GET /2002/dates.shtml HTTP/1.1" 200 4877 "-" "Mozilla/5.0 (compatible; Googlebot/2.1; +http://www.google.com/bot.html)"
77.88.47.40 - - [27/Apr/2018:13:18:10 -0400] "GET /2009/proceedings/2001/nspw2001-bruschi.pdf HTTP/1.1" 200 317972 "-" "Mozilla/5.0 (compatible; YandexBot/3.0; +http://yandex.com/bots)"
77.88.47.40 - - [27/Apr/2018:13:18:27 -0400] "GET /2009/proceedings/2001/nspw2001-zhang.pdf HTTP/1.1" 200 361310 "-" "Mozilla/5.0 (compatible; YandexBot/3.0; +http://yandex.com/bots)"
77.88.47.40 - - [27/Apr/2018:13:23:18 -0400] "GET /papers/1999/nspw1999-markham.pdf HTTP/1.1" 200 447590 "-" "Mozilla/5.0 (compatible; YandexBot/3.0; +http://yandex.com/bots)"
77.88.47.40 - - [27/Apr/2018:13:18:44 -0400] "GET /2009/proceedings/2005/nspw2005-flechais.pdf HTTP/1.1" 200 127844 "-" "Mozilla/5.0 (compatible; YandexBot/3.0; +http://yandex.com/bots)"
77.88.47.40 - - [27/Apr/2018:13:18:50 -0400] "GET /2009/proceedings/2004/nspw2004-frontmatter.pdf HTTP/1.1" 200 183764 "-" "Mozilla/5.0 (compatible; YandexBot/3.0; +http://yandex.com/bots)"
66.249.73.89 - - [27/Apr/2018:13:24:05 -0400] "GET /current/past.shtml HTTP/1.1" 404 8010 "-" "Mozilla/5.0 (compatible; Googlebot/2.1; +http://www.google.com/bot.html)"
77.88.47.40 - - [27/Apr/2018:13:19:00 -0400] "GET /2009/proceedings/2001/nspw2001-raskin.pdf HTTP/1.1" 200 186560 "-" "Mozilla/5.0 (compatible; YandexBot/3.0; +http://yandex.com/bots)"
77.88.47.40 - - [27/Apr/2018:13:19:10 -0400] "GET /2009/proceedings/2006/nspw2006-porras.pdf HTTP/1.1" 200 84506 "-" "Mozilla/5.0 (compatible; YandexBot/3.0; +http://yandex.com/bots)"
66.249.73.89 - - [27/Apr/2018:13:24:23 -0400] "GET /papers/1999/nspw1999-olthoff-3.pdf HTTP/1.1" 200 1119674 "-" "Mozilla/5.0 (compatible; Googlebot/2.1; +http://www.google.com/bot.html)"
77.88.47.40 - - [27/Apr/2018:13:19:15 -0400] "GET /2009/proceedings/2001/nspw2001-bruschi.pdf HTTP/1.1" 200 263450 "-" "Mozilla/5.0 (compatible; YandexBot/3.0; +http://yandex.com/bots)"
77.88.47.40 - - [27/Apr/2018:13:23:47 -0400] "GET /2009/proceedings/1994/nspw1994-bell.pdf HTTP/1.1" 200 625436 "-" "Mozilla/5.0 (compatible; YandexBot/3.0; +http://yandex.com/bots)"
77.88.47.40 - - [27/Apr/2018:13:19:26 -0400] "GET /2009/proceedings/2001/nspw2001-zurko.pdf HTTP/1.1" 200 84506 "-" "Mozilla/5.0 (compatible; YandexBot/3.0; +http://yandex.com/bots)"
69.162.124.227 - - [27/Apr/2018:13:24:38 -0400] "HEAD / HTTP/1.1" 200 3874 "http://nspw.org/" "Mozilla/5.0+(compatible; UptimeRobot/2.0; http://www.uptimerobot.com/)"
77.88.47.40 - - [27/Apr/2018:13:19:35 -0400] "GET /2009/proceedings/2001/nspw2001-zhang.pdf HTTP/1.1" 200 424992 "-" "Mozilla/5.0 (compatible; YandexBot/3.0; +http://yandex.com/bots)"
77.88.47.40 - - [27/Apr/2018:13:20:04 -0400] "GET /2009/proceedings/2004/nspw2004-frontmatter.pdf HTTP/1.1" 200 296376 "-" "Mozilla/5.0 (compatible; YandexBot/3.0; +http://yandex.com/bots)"
66.249.73.87 - - [27/Apr/2018:13:25:27 -0400] "GET /2002/papers.shtml HTTP/1.1" 200 5637 "-" "Mozilla/5.0 (compatible; Googlebot/2.1; +http://www.google.com/bot.html)"
77.88.47.40 - - [27/Apr/2018:13:20:19 -0400] "GET /2009/proceedings/2001/nspw2001-zurko.pdf HTTP/1.1" 200 227102 "-" "Mozilla/5.0 (compatible; YandexBot/3.0; +http://yandex.com/bots)"
77.88.47.40 - - [27/Apr/2018:13:20:31 -0400] "GET /2009/proceedings/2007/nspw2007-chow.pdf HTTP/1.1" 200 234092 "-" "Mozilla/5.0 (compatible; YandexBot/3.0; +http://yandex.com/bots)"
77.88.47.40 - - [27/Apr/2018:13:20:42 -0400] "GET /2009/proceedings/2001/nspw2001-zhang.pdf HTTP/1.1" 200 324962 "-" "Mozilla/5.0 (compatible; YandexBot/3.0; +http://yandex.com/bots)"
77.88.47.40 - - [27/Apr/2018:13:20:57 -0400] "GET /2009/proceedings/2007/nspw2007-nali.pdf HTTP/1.1" 200 139028 "-" "Mozilla/5.0 (compatible; YandexBot/3.0; +http://yandex.com/bots)"
77.88.47.40 - - [27/Apr/2018:13:21:03 -0400] "GET /2009/proceedings/2004/nspw2004-frontmatter.pdf HTTP/1.1" 200 277430 "-" "Mozilla/5.0 (compatible; YandexBot/3.0; +http://yandex.com/bots)"
77.88.47.40 - - [27/Apr/2018:13:21:19 -0400] "GET /2009/proceedings/2007/nspw2007-edwards.pdf HTTP/1.1" 200 84506 "-" "Mozilla/5.0 (compatible; YandexBot/3.0; +http://yandex.com/bots)"
122.15.2.242 - - [27/Apr/2018:13:26:24 -0400] "GET /wp-login.php HTTP/1.1" 404 7491 "-" "Mozilla/5.0 (Windows NT 6.1; WOW64; rv:40.0) Gecko/20100101 Firefox/40.1"
122.15.2.242 - - [27/Apr/2018:13:26:25 -0400] "GET / HTTP/1.1" 200 8218 "-" "Mozilla/5.0 (Windows NT 6.1; WOW64; rv:40.0) Gecko/20100101 Firefox/40.1"
66.249.73.91 - - [27/Apr/2018:13:26:32 -0400] "GET /2002/program.shtml HTTP/1.1" 200 6706 "-" "Mozilla/5.0 (compatible; Googlebot/2.1; +http://www.google.com/bot.html)"
77.88.47.40 - - [27/Apr/2018:13:21:24 -0400] "GET /2009/proceedings/2007/nspw2007-chow.pdf HTTP/1.1" 200 322166 "-" "Mozilla/5.0 (compatible; YandexBot/3.0; +http://yandex.com/bots)"
77.88.47.40 - - [27/Apr/2018:13:21:41 -0400] "GET /2009/proceedings/2007/nspw2007-hunker.pdf HTTP/1.1" 200 139028 "-" "Mozilla/5.0 (compatible; YandexBot/3.0; +http://yandex.com/bots)"
123.125.143.137 - - [27/Apr/2018:13:26:51 -0400] "GET /modules/system/system.base.css?p7r9uw HTTP/1.1" 200 9624 "-" "Python-urllib/2.7"
123.125.143.154 - - [27/Apr/2018:13:26:52 -0400] "GET /modules/comment/comment.css?p7r9uw HTTP/1.1" 200 4339 "-" "Python-urllib/2.7"
123.125.143.135 - - [27/Apr/2018:13:26:53 -0400] "GET /themes/garland/style.css?p7r9uw HTTP/1.1" 200 25021 "-" "Python-urllib/2.7"
123.125.143.28 - - [27/Apr/2018:13:26:55 -0400] "GET /themes/garland/print.css?p7r9uw HTTP/1.1" 200 5203 "-" "Python-urllib/2.7"
123.125.143.143 - - [27/Apr/2018:13:26:57 -0400] "GET /sites/default/files/nspw-logo-smaller.jpg HTTP/1.1" 200 6165 "-" "Mozilla/5.0 (Windows NT 6.1; WOW64; rv:43.0) Gecko/20100101 Firefox/43.0"
123.125.143.143 - - [27/Apr/2018:13:26:58 -0400] "GET /themes/garland/images/bg-navigation-item-hover.png HTTP/1.1" 200 709 "-" "Mozilla/5.0 (Windows NT 6.1; WOW64; rv:43.0) Gecko/20100101 Firefox/43.0"
123.125.143.143 - - [27/Apr/2018:13:26:59 -0400] "GET /themes/garland/images/bg-navigation-item.png HTTP/1.1" 200 757 "-" "Mozilla/5.0 (Windows NT 6.1; WOW64; rv:43.0) Gecko/20100101 Firefox/43.0"
77.88.47.40 - - [27/Apr/2018:13:21:47 -0400] "GET /2009/proceedings/2007/nspw2007-solworth.pdf HTTP/1.1" 200 271838 "-" "Mozilla/5.0 (compatible; YandexBot/3.0; +http://yandex.com/bots)"
123.125.143.143 - - [27/Apr/2018:13:27:01 -0400] "GET /themes/garland/images/menu-leaf.gif HTTP/1.1" 200 437 "-" "Mozilla/5.0 (Windows NT 6.1; WOW64; rv:43.0) Gecko/20100101 Firefox/43.0"
77.88.47.40 - - [27/Apr/2018:13:22:01 -0400] "GET /2009/proceedings/2007/nspw2007-nali.pdf HTTP/1.1" 200 52352 "-" "Mozilla/5.0 (compatible; YandexBot/3.0; +http://yandex.com/bots)"
40.77.167.149 - - [27/Apr/2018:13:26:38 -0400] "GET /papers/2003/nspw2003-perrin.pdf HTTP/1.1" 200 1521718 "-" "Mozilla/5.0 (compatible; bingbot/2.0; +http://www.bing.com/bingbot.htm)"
123.125.143.143 - - [27/Apr/2018:13:27:02 -0400] "GET /themes/garland/images/menu-expanded.gif HTTP/1.1" 200 437 "-" "Mozilla/5.0 (Windows NT 6.1; WOW64; rv:43.0) Gecko/20100101 Firefox/43.0"
123.125.143.143 - - [27/Apr/2018:13:27:03 -0400] "GET /themes/garland/images/menu-collapsed.gif HTTP/1.1" 200 437 "-" "Mozilla/5.0 (Windows NT 6.1; WOW64; rv:43.0) Gecko/20100101 Firefox/43.0"
77.88.47.40 - - [27/Apr/2018:13:22:05 -0400] "GET /2009/proceedings/2007/nspw2007-vidyaraman.pdf HTTP/1.1" 200 236888 "-" "Mozilla/5.0 (compatible; YandexBot/3.0; +http://yandex.com/bots)"
77.88.47.40 - - [27/Apr/2018:13:22:18 -0400] "GET /2009/proceedings/2007/nspw2007-edwards.pdf HTTP/1.1" 200 84506 "-" "Mozilla/5.0 (compatible; YandexBot/3.0; +http://yandex.com/bots)"
66.249.73.87 - - [27/Apr/2018:13:27:37 -0400] "GET /2004/pc.shtml HTTP/1.1" 200 5628 "-" "Mozilla/5.0 (compatible; Googlebot/2.1; +http://www.google.com/bot.html)"
77.88.47.40 - - [27/Apr/2018:13:22:34 -0400] "GET /2009/proceedings/2007/nspw2007-hunker.pdf HTTP/1.1" 200 216690 "-" "Mozilla/5.0 (compatible; YandexBot/3.0; +http://yandex.com/bots)"
77.88.47.40 - - [27/Apr/2018:13:22:47 -0400] "GET /2009/proceedings/2007/nspw2007-solworth.pdf HTTP/1.1" 200 306788 "-" "Mozilla/5.0 (compatible; YandexBot/3.0; +http://yandex.com/bots)"
66.249.73.87 - - [27/Apr/2018:13:28:42 -0400] "GET /2004/oc.shtml HTTP/1.1" 200 5595 "-" "Mozilla/5.0 (compatible; Googlebot/2.1; +http://www.google.com/bot.html)"
210.234.187.234 - - [27/Apr/2018:13:29:01 -0400] "GET /wp-login.php HTTP/1.1" 404 7839 "-" "Mozilla/5.0 (Windows NT 6.1; WOW64; rv:40.0) Gecko/20100101 Firefox/40.1"
210.234.187.234 - - [27/Apr/2018:13:29:02 -0400] "GET / HTTP/1.1" 200 8218 "-" "Mozilla/5.0 (Windows NT 6.1; WOW64; rv:40.0) Gecko/20100101 Firefox/40.1"
220.181.125.142 - - [27/Apr/2018:13:29:20 -0400] "GET / HTTP/1.1" 200 6670 "-" "Sogou web spider/4.0(+http://www.sogou.com/docs/help/webmasters.htm#07)"
220.181.125.142 - - [27/Apr/2018:13:29:31 -0400] "GET /papers/2001/nspw2001-brostoff.pdf HTTP/1.1" 304 3665 "-" "Sogou web spider/4.0(+http://www.sogou.com/docs/help/webmasters.htm#07)"
69.162.124.227 - - [27/Apr/2018:13:29:37 -0400] "HEAD / HTTP/1.1" 200 3874 "http://nspw.org/" "Mozilla/5.0+(compatible; UptimeRobot/2.0; http://www.uptimerobot.com/)"
220.181.125.142 - - [27/Apr/2018:13:29:42 -0400] "GET /2006/past.shtml HTTP/1.1" 200 5644 "-" "Sogou web spider/4.0(+http://www.sogou.com/docs/help/webmasters.htm#07)"
66.249.73.91 - - [27/Apr/2018:13:29:47 -0400] "GET /2004/local.shtml HTTP/1.1" 200 5015 "-" "Mozilla/5.0 (compatible; Googlebot/2.1; +http://www.google.com/bot.html)"
77.88.47.40 - - [27/Apr/2018:13:24:27 -0400] "GET /2009/proceedings/1994/nspw1994-lin.pdf HTTP/1.1" 200 517260 "-" "Mozilla/5.0 (compatible; YandexBot/3.0; +http://yandex.com/bots)"
220.181.125.142 - - [27/Apr/2018:13:29:53 -0400] "GET /2006/oc.shtml HTTP/1.1" 200 5343 "-" "Sogou web spider/4.0(+http://www.sogou.com/docs/help/webmasters.htm#07)"
77.88.47.40 - - [27/Apr/2018:13:24:50 -0400] "GET /2009/proceedings/1996/nspw1996-wulf.pdf HTTP/1.1" 200 231296 "-" "Mozilla/5.0 (compatible; YandexBot/3.0; +http://yandex.com/bots)"
220.181.125.142 - - [27/Apr/2018:13:30:04 -0400] "GET /papers/2001/nspw2001-du.pdf HTTP/1.1" 304 3665 "-" "Sogou web spider/4.0(+http://www.sogou.com/docs/help/webmasters.htm#07)"
77.88.47.40 - - [27/Apr/2018:13:25:04 -0400] "GET /2009/proceedings/2005/nspw2005-ford.pdf HTTP/1.1" 200 281624 "-" "Mozilla/5.0 (compatible; YandexBot/3.0; +http://yandex.com/bots)"
77.88.47.40 - - [27/Apr/2018:13:25:17 -0400] "GET /2009/proceedings/1994/nspw1994-lin.pdf HTTP/1.1" 200 628328 "-" "Mozilla/5.0 (compatible; YandexBot/3.0; +http://yandex.com/bots)"
66.249.73.89 - - [27/Apr/2018:13:30:52 -0400] "GET /2000/dates.html HTTP/1.1" 304 3603 "-" "Mozilla/5.0 (compatible; Googlebot/2.1; +http://www.google.com/bot.html)"
77.88.47.40 - - [27/Apr/2018:13:25:49 -0400] "GET /2009/proceedings/1996/nspw1996-wulf.pdf HTTP/1.1" 200 248072 "-" "Mozilla/5.0 (compatible; YandexBot/3.0; +http://yandex.com/bots)"
77.88.47.40 - - [27/Apr/2018:13:26:03 -0400] "GET /2009/proceedings/2005/nspw2005-ford.pdf HTTP/1.1" 200 253664 "-" "Mozilla/5.0 (compatible; YandexBot/3.0; +http://yandex.com/bots)"
77.88.47.40 - - [27/Apr/2018:13:26:16 -0400] "GET /2009/proceedings/2007/nspw2007-frontmatter.pdf HTTP/1.1" 200 84506 "-" "Mozilla/5.0 (compatible; YandexBot/3.0; +http://yandex.com/bots)"
77.88.47.40 - - [27/Apr/2018:13:26:21 -0400] "GET /2009/proceedings/1993/nspw1993-lin.pdf HTTP/1.1" 200 183764 "-" "Mozilla/5.0 (compatible; YandexBot/3.0; +http://yandex.com/bots)"
77.88.47.40 - - [27/Apr/2018:13:26:30 -0400] "GET /2009/proceedings/2001/nspw2001-yan.pdf HTTP/1.1" 200 232694 "-" "Mozilla/5.0 (compatible; YandexBot/3.0; +http://yandex.com/bots)"
77.88.47.40 - - [27/Apr/2018:13:26:41 -0400] "GET /2009/proceedings/2001/nspw2001-du.pdf HTTP/1.1" 200 264848 "-" "Mozilla/5.0 (compatible; YandexBot/3.0; +http://yandex.com/bots)"
66.249.73.89 - - [27/Apr/2018:13:31:56 -0400] "GET /2013/cfp HTTP/1.1" 200 8797 "-" "Mozilla/5.0 (compatible; Googlebot/2.1; +http://www.google.com/bot.html)"
77.88.47.40 - - [27/Apr/2018:13:26:52 -0400] "GET /2009/proceedings/1994/nspw1994-dobson.pdf HTTP/1.1" 200 214520 "-" "Mozilla/5.0 (compatible; YandexBot/3.0; +http://yandex.com/bots)"
220.181.125.142 - - [27/Apr/2018:13:32:15 -0400] "GET /papers/2009/nspw2009-johnson.pdf HTTP/1.1" 304 3665 "-" "Sogou web spider/4.0(+http://www.sogou.com/docs/help/webmasters.htm#07)"
77.88.47.40 - - [27/Apr/2018:13:31:59 -0400] "GET /2009/proceedings/2008/nspw2008-mannan.pdf HTTP/1.1" 200 387339 "-" "Mozilla/5.0 (compatible; YandexBot/3.0; +http://yandex.com/bots)"
77.88.47.40 - - [27/Apr/2018:13:27:02 -0400] "GET /2009/proceedings/2007/nspw2007-frontmatter.pdf HTTP/1.1" 200 359912 "-" "Mozilla/5.0 (compatible; YandexBot/3.0; +http://yandex.com/bots)"
66.249.73.89 - - [27/Apr/2018:13:32:17 -0400] "GET /2001/local.html HTTP/1.1" 200 5126 "-" "Mozilla/5.0 (compatible; Googlebot/2.1; +http://www.google.com/bot.html)"
77.88.47.40 - - [27/Apr/2018:13:27:20 -0400] "GET /2009/proceedings/1994/nspw1994-ferris.pdf HTTP/1.1" 200 139028 "-" "Mozilla/5.0 (compatible; YandexBot/3.0; +http://yandex.com/bots)"
220.181.125.142 - - [27/Apr/2018:13:32:26 -0400] "GET /2014 HTTP/1.1" 200 6755 "-" "Sogou web spider/4.0(+http://www.sogou.com/docs/help/webmasters.htm#07)"
77.88.47.40 - - [27/Apr/2018:13:27:28 -0400] "GET /2009/proceedings/1993/nspw1993-lin.pdf HTTP/1.1" 200 52352 "-" "Mozilla/5.0 (compatible; YandexBot/3.0; +http://yandex.com/bots)"
186.10.68.90 - - [27/Apr/2018:13:32:29 -0400] "GET /wp-login.php HTTP/1.1" 404 7985 "-" "Mozilla/5.0 (Windows NT 6.1; WOW64; rv:40.0) Gecko/20100101 Firefox/40.1"
186.10.68.90 - - [27/Apr/2018:13:32:29 -0400] "GET / HTTP/1.1" 200 8206 "-" "Mozilla/5.0 (Windows NT 6.1; WOW64; rv:40.0) Gecko/20100101 Firefox/40.1"
220.181.125.142 - - [27/Apr/2018:13:32:37 -0400] "GET /papers/1997/nspw1997-meadows.pdf HTTP/1.1" 304 3665 "-" "Sogou web spider/4.0(+http://www.sogou.com/docs/help/webmasters.htm#07)"
77.88.47.40 - - [27/Apr/2018:13:27:32 -0400] "GET /2009/proceedings/2001/nspw2001-yan.pdf HTTP/1.1" 200 189356 "-" "Mozilla/5.0 (compatible; YandexBot/3.0; +http://yandex.com/bots)"
77.88.47.40 - - [27/Apr/2018:13:27:41 -0400] "GET /2009/proceedings/2001/nspw2001-du.pdf HTTP/1.1" 200 187958 "-" "Mozilla/5.0 (compatible; YandexBot/3.0; +http://yandex.com/bots)"
77.88.47.40 - - [27/Apr/2018:13:27:51 -0400] "GET /2009/proceedings/1994/nspw1994-dobson.pdf HTTP/1.1" 200 224306 "-" "Mozilla/5.0 (compatible; YandexBot/3.0; +http://yandex.com/bots)"
66.249.73.89 - - [27/Apr/2018:13:33:01 -0400] "GET /2009/finaid.shtml HTTP/1.1" 200 5066 "-" "Mozilla/5.0 (Linux; Android 6.0.1; Nexus 5X Build/MMB29P) AppleWebKit/537.36 (KHTML, like Gecko) Chrome/41.0.2272.96 Mobile Safari/537.36 (compatible; Googlebot/2.1; +http://www.google.com/bot.html)"
105.157.236.101 - - [27/Apr/2018:13:33:15 -0400] "GET /wp-login.php HTTP/1.1" 404 7491 "-" "Mozilla/5.0 (Windows NT 6.1; WOW64; rv:40.0) Gecko/20100101 Firefox/40.1"
105.157.236.101 - - [27/Apr/2018:13:33:16 -0400] "GET / HTTP/1.1" 200 8218 "-" "Mozilla/5.0 (Windows NT 6.1; WOW64; rv:40.0) Gecko/20100101 Firefox/40.1"
77.88.47.40 - - [27/Apr/2018:13:28:01 -0400] "GET /2009/proceedings/1994/nspw1994-hamilton.pdf HTTP/1.1" 200 625532 "-" "Mozilla/5.0 (compatible; YandexBot/3.0; +http://yandex.com/bots)"
45.117.65.48 - - [27/Apr/2018:13:33:38 -0400] "GET /wp-login.php HTTP/1.1" 404 7907 "-" "Mozilla/5.0 (Windows NT 6.1; WOW64; rv:40.0) Gecko/20100101 Firefox/40.1"
45.117.65.48 - - [27/Apr/2018:13:33:38 -0400] "GET / HTTP/1.1" 200 8218 "-" "Mozilla/5.0 (Windows NT 6.1; WOW64; rv:40.0) Gecko/20100101 Firefox/40.1"
77.88.47.40 - - [27/Apr/2018:13:28:35 -0400] "GET /2009/proceedings/1994/nspw1994-nelson.pdf HTTP/1.1" 200 187958 "-" "Mozilla/5.0 (compatible; YandexBot/3.0; +http://yandex.com/bots)"
77.88.47.40 - - [27/Apr/2018:13:33:54 -0400] "GET /2013/program HTTP/1.1" 200 7345 "-" "Mozilla/5.0 (compatible; YandexBot/3.0; +http://yandex.com/bots)"
77.88.47.40 - - [27/Apr/2018:13:28:48 -0400] "GET /2009/proceedings/2008/nspw2008-shirley.pdf HTTP/1.1" 200 445190 "-" "Mozilla/5.0 (compatible; YandexBot/3.0; +http://yandex.com/bots)"
66.249.73.87 - - [27/Apr/2018:13:34:07 -0400] "GET /papers/2001/nspw2001-blakley.pdf HTTP/1.1" 200 761570 "-" "Mozilla/5.0 (compatible; Googlebot/2.1; +http://www.google.com/bot.html)"
77.88.47.40 - - [27/Apr/2018:13:29:09 -0400] "GET /2009/proceedings/2008/nspw2008-herley.pdf HTTP/1.1" 200 369698 "-" "Mozilla/5.0 (compatible; YandexBot/3.0; +http://yandex.com/bots)"
69.162.124.227 - - [27/Apr/2018:13:34:38 -0400] "HEAD / HTTP/1.1" 200 3874 "http://nspw.org/" "Mozilla/5.0+(compatible; UptimeRobot/2.0; http://www.uptimerobot.com/)"
77.88.47.40 - - [27/Apr/2018:13:29:35 -0400] "GET /2009/proceedings/1994/nspw1994-nelson.pdf HTTP/1.1" 200 270440 "-" "Mozilla/5.0 (compatible; YandexBot/3.0; +http://yandex.com/bots)"
77.88.47.40 - - [27/Apr/2018:13:29:48 -0400] "GET /2009/proceedings/1994/nspw1994-lincoln.pdf HTTP/1.1" 200 84506 "-" "Mozilla/5.0 (compatible; YandexBot/3.0; +http://yandex.com/bots)"
129.170.194.161 - - [27/Apr/2018:13:34:56 -0400] "GET / HTTP/1.1" 200 6623 "-" "Mozilla/5.0 (X11; Ubuntu; Linux x86_64; rv:59.0) Gecko/20100101 Firefox/59.0"
129.170.194.161 - - [27/Apr/2018:13:34:56 -0400] "GET /misc/jquery.js?v=1.4.4 HTTP/1.1" 200 27601 "https://www.nspw.org/" "Mozilla/5.0 (X11; Ubuntu; Linux x86_64; rv:59.0) Gecko/20100101 Firefox/59.0"
129.170.194.161 - - [27/Apr/2018:13:34:56 -0400] "GET /modules/system/system.base.css?p7r9uw HTTP/1.1" 200 2464 "https://www.nspw.org/" "Mozilla/5.0 (X11; Ubuntu; Linux x86_64; rv:59.0) Gecko/20100101 Firefox/59.0"
129.170.194.161 - - [27/Apr/2018:13:34:56 -0400] "GET /modules/system/system.menus.css?p7r9uw HTTP/1.1" 200 1182 "https://www.nspw.org/" "Mozilla/5.0 (X11; Ubuntu; Linux x86_64; rv:59.0) Gecko/20100101 Firefox/59.0"
129.170.194.161 - - [27/Apr/2018:13:34:56 -0400] "GET /modules/system/system.messages.css?p7r9uw HTTP/1.1" 200 903 "https://www.nspw.org/" "Mozilla/5.0 (X11; Ubuntu; Linux x86_64; rv:59.0) Gecko/20100101 Firefox/59.0"
129.170.194.161 - - [27/Apr/2018:13:34:56 -0400] "GET /misc/jquery.once.js?v=1.2 HTTP/1.1" 200 1602 "https://www.nspw.org/" "Mozilla/5.0 (X11; Ubuntu; Linux x86_64; rv:59.0) Gecko/20100101 Firefox/59.0"
129.170.194.161 - - [27/Apr/2018:13:34:56 -0400] "GET /modules/system/system.theme.css?p7r9uw HTTP/1.1" 200 1585 "https://www.nspw.org/" "Mozilla/5.0 (X11; Ubuntu; Linux x86_64; rv:59.0) Gecko/20100101 Firefox/59.0"
129.170.194.161 - - [27/Apr/2018:13:34:56 -0400] "GET /misc/drupal.js?p7r9uw HTTP/1.1" 200 7529 "https://www.nspw.org/" "Mozilla/5.0 (X11; Ubuntu; Linux x86_64; rv:59.0) Gecko/20100101 Firefox/59.0"
129.170.194.161 - - [27/Apr/2018:13:34:56 -0400] "GET /modules/comment/comment.css?p7r9uw HTTP/1.1" 200 505 "https://www.nspw.org/" "Mozilla/5.0 (X11; Ubuntu; Linux x86_64; rv:59.0) Gecko/20100101 Firefox/59.0"
129.170.194.161 - - [27/Apr/2018:13:34:56 -0400] "GET /modules/field/theme/field.css?p7r9uw HTTP/1.1" 200 599 "https://www.nspw.org/" "Mozilla/5.0 (X11; Ubuntu; Linux x86_64; rv:59.0) Gecko/20100101 Firefox/59.0"
129.170.194.161 - - [27/Apr/2018:13:34:56 -0400] "GET /modules/node/node.css?p7r9uw HTTP/1.1" 200 472 "https://www.nspw.org/" "Mozilla/5.0 (X11; Ubuntu; Linux x86_64; rv:59.0) Gecko/20100101 Firefox/59.0"
129.170.194.161 - - [27/Apr/2018:13:34:56 -0400] "GET /modules/user/user.css?p7r9uw HTTP/1.1" 200 1062 "https://www.nspw.org/" "Mozilla/5.0 (X11; Ubuntu; Linux x86_64; rv:59.0) Gecko/20100101 Firefox/59.0"
129.170.194.161 - - [27/Apr/2018:13:34:56 -0400] "GET /themes/garland/style.css?p7r9uw HTTP/1.1" 200 5370 "https://www.nspw.org/" "Mozilla/5.0 (X11; Ubuntu; Linux x86_64; rv:59.0) Gecko/20100101 Firefox/59.0"
129.170.194.161 - - [27/Apr/2018:13:34:56 -0400] "GET /themes/garland/print.css?p7r9uw HTTP/1.1" 200 771 "https://www.nspw.org/" "Mozilla/5.0 (X11; Ubuntu; Linux x86_64; rv:59.0) Gecko/20100101 Firefox/59.0"
129.170.194.161 - - [27/Apr/2018:13:34:56 -0400] "GET /sites/default/files/nspw-logo-smaller.jpg HTTP/1.1" 200 2534 "https://www.nspw.org/" "Mozilla/5.0 (X11; Ubuntu; Linux x86_64; rv:59.0) Gecko/20100101 Firefox/59.0"
129.170.194.161 - - [27/Apr/2018:13:34:56 -0400] "GET /themes/garland/images/menu-expanded.gif HTTP/1.1" 200 495 "https://www.nspw.org/themes/garland/style.css?p7r9uw" "Mozilla/5.0 (X11; Ubuntu; Linux x86_64; rv:59.0) Gecko/20100101 Firefox/59.0"
129.170.194.161 - - [27/Apr/2018:13:34:56 -0400] "GET /themes/garland/images/menu-leaf.gif HTTP/1.1" 200 486 "https://www.nspw.org/themes/garland/style.css?p7r9uw" "Mozilla/5.0 (X11; Ubuntu; Linux x86_64; rv:59.0) Gecko/20100101 Firefox/59.0"
129.170.194.161 - - [27/Apr/2018:13:34:56 -0400] "GET /themes/garland/images/bg-navigation-item-hover.png HTTP/1.1" 200 754 "https://www.nspw.org/themes/garland/style.css?p7r9uw" "Mozilla/5.0 (X11; Ubuntu; Linux x86_64; rv:59.0) Gecko/20100101 Firefox/59.0"
129.170.194.161 - - [27/Apr/2018:13:34:56 -0400] "GET /themes/garland/images/bg-navigation-item.png HTTP/1.1" 200 812 "https://www.nspw.org/themes/garland/style.css?p7r9uw" "Mozilla/5.0 (X11; Ubuntu; Linux x86_64; rv:59.0) Gecko/20100101 Firefox/59.0"
129.170.194.161 - - [27/Apr/2018:13:34:56 -0400] "GET /themes/garland/images/body.png HTTP/1.1" 200 993 "https://www.nspw.org/themes/garland/style.css?p7r9uw" "Mozilla/5.0 (X11; Ubuntu; Linux x86_64; rv:59.0) Gecko/20100101 Firefox/59.0"
129.170.194.161 - - [27/Apr/2018:13:34:56 -0400] "GET /themes/garland/images/menu-collapsed.gif HTTP/1.1" 200 488 "https://www.nspw.org/themes/garland/style.css?p7r9uw" "Mozilla/5.0 (X11; Ubuntu; Linux x86_64; rv:59.0) Gecko/20100101 Firefox/59.0"
129.170.194.161 - - [27/Apr/2018:13:34:56 -0400] "GET /themes/garland/images/bg-content.png HTTP/1.1" 200 798 "https://www.nspw.org/themes/garland/style.css?p7r9uw" "Mozilla/5.0 (X11; Ubuntu; Linux x86_64; rv:59.0) Gecko/20100101 Firefox/59.0"
129.170.194.161 - - [27/Apr/2018:13:34:56 -0400] "GET /themes/garland/images/bg-content-right.png HTTP/1.1" 200 3162 "https://www.nspw.org/themes/garland/style.css?p7r9uw" "Mozilla/5.0 (X11; Ubuntu; Linux x86_64; rv:59.0) Gecko/20100101 Firefox/59.0"
129.170.194.161 - - [27/Apr/2018:13:34:56 -0400] "GET /themes/garland/images/bg-content-left.png HTTP/1.1" 200 3232 "https://www.nspw.org/themes/garland/style.css?p7r9uw" "Mozilla/5.0 (X11; Ubuntu; Linux x86_64; rv:59.0) Gecko/20100101 Firefox/59.0"
129.170.194.161 - - [27/Apr/2018:13:34:56 -0400] "GET /favicon.ico HTTP/1.1" 404 700 "-" "Mozilla/5.0 (X11; Ubuntu; Linux x86_64; rv:59.0) Gecko/20100101 Firefox/59.0"
129.170.194.161 - - [27/Apr/2018:13:34:56 -0400] "GET /favicon.ico HTTP/1.1" 404 700 "-" "Mozilla/5.0 (X11; Ubuntu; Linux x86_64; rv:59.0) Gecko/20100101 Firefox/59.0"
129.170.194.161 - - [27/Apr/2018:13:35:02 -0400] "GET /2018/cfp HTTP/1.1" 200 4914 "https://www.nspw.org/" "Mozilla/5.0 (X11; Ubuntu; Linux x86_64; rv:59.0) Gecko/20100101 Firefox/59.0"
77.88.47.40 - - [27/Apr/2018:13:29:53 -0400] "GET /2009/proceedings/2008/nspw2008-shirley.pdf HTTP/1.1" 200 357116 "-" "Mozilla/5.0 (compatible; YandexBot/3.0; +http://yandex.com/bots)"
129.170.194.161 - - [27/Apr/2018:13:35:07 -0400] "GET /2018/dates HTTP/1.1" 200 3031 "https://www.nspw.org/2018/cfp" "Mozilla/5.0 (X11; Ubuntu; Linux x86_64; rv:59.0) Gecko/20100101 Firefox/59.0"
77.88.47.40 - - [27/Apr/2018:13:30:08 -0400] "GET /2009/proceedings/1994/nspw1994-spalka.pdf HTTP/1.1" 200 84506 "-" "Mozilla/5.0 (compatible; YandexBot/3.0; +http://yandex.com/bots)"
77.88.47.40 - - [27/Apr/2018:13:34:53 -0400] "GET /2009/proceedings/1996/nspw1996-nelson.pdf HTTP/1.1" 200 384465 "-" "Mozilla/5.0 (compatible; YandexBot/3.0; +http://yandex.com/bots)"
66.249.73.89 - - [27/Apr/2018:13:35:11 -0400] "GET /papers/2011/nspw2011-bishop.pdf HTTP/1.1" 200 572715 "-" "Mozilla/5.0 (compatible; Googlebot/2.1; +http://www.google.com/bot.html)"
77.88.47.40 - - [27/Apr/2018:13:35:13 -0400] "GET /2006 HTTP/1.1" 301 604 "-" "Mozilla/5.0 (compatible; YandexBot/3.0; +http://yandex.com/bots)"
77.88.47.40 - - [27/Apr/2018:13:30:14 -0400] "GET /2009/proceedings/2008/nspw2008-herley.pdf HTTP/1.1" 200 255062 "-" "Mozilla/5.0 (compatible; YandexBot/3.0; +http://yandex.com/bots)"
77.88.47.40 - - [27/Apr/2018:13:30:30 -0400] "GET /2009/proceedings/2008/nspw2008-bishop.pdf HTTP/1.1" 200 84506 "-" "Mozilla/5.0 (compatible; YandexBot/3.0; +http://yandex.com/bots)"
77.88.47.40 - - [27/Apr/2018:13:30:35 -0400] "GET /2009/proceedings/2008/nspw2008-molloy.pdf HTTP/1.1" 200 278828 "-" "Mozilla/5.0 (compatible; YandexBot/3.0; +http://yandex.com/bots)"
77.88.47.40 - - [27/Apr/2018:13:30:48 -0400] "GET /2009/proceedings/1994/nspw1994-lincoln.pdf HTTP/1.1" 200 84506 "-" "Mozilla/5.0 (compatible; YandexBot/3.0; +http://yandex.com/bots)"
123.125.143.143 - - [27/Apr/2018:13:35:58 -0400] "GET /modules/system/system.base.css?p7r9uw HTTP/1.1" 200 9624 "-" "Python-urllib/2.7"
123.125.143.24 - - [27/Apr/2018:13:35:59 -0400] "GET /modules/comment/comment.css?p7r9uw HTTP/1.1" 200 4339 "-" "Python-urllib/2.7"
123.125.143.149 - - [27/Apr/2018:13:36:00 -0400] "GET /themes/garland/style.css?p7r9uw HTTP/1.1" 200 25021 "-" "Python-urllib/2.7"
123.125.143.10 - - [27/Apr/2018:13:36:01 -0400] "GET /themes/garland/print.css?p7r9uw HTTP/1.1" 200 5203 "-" "Python-urllib/2.7"
123.125.143.25 - - [27/Apr/2018:13:36:03 -0400] "GET /sites/default/files/nspw-logo-smaller.jpg HTTP/1.1" 200 6165 "-" "Mozilla/5.0 (Windows NT 6.1; WOW64; rv:43.0) Gecko/20100101 Firefox/43.0"
123.125.143.25 - - [27/Apr/2018:13:36:05 -0400] "GET /themes/garland/images/bg-navigation-item-hover.png HTTP/1.1" 200 709 "-" "Mozilla/5.0 (Windows NT 6.1; WOW64; rv:43.0) Gecko/20100101 Firefox/43.0"
123.125.143.25 - - [27/Apr/2018:13:36:06 -0400] "GET /themes/garland/images/bg-navigation-item.png HTTP/1.1" 200 757 "-" "Mozilla/5.0 (Windows NT 6.1; WOW64; rv:43.0) Gecko/20100101 Firefox/43.0"
77.88.47.40 - - [27/Apr/2018:13:35:35 -0400] "GET /2009/proceedings/1996/nspw1996-williams.pdf HTTP/1.1" 200 664529 "-" "Mozilla/5.0 (compatible; YandexBot/3.0; +http://yandex.com/bots)"
123.125.143.25 - - [27/Apr/2018:13:36:08 -0400] "GET /themes/garland/images/menu-leaf.gif HTTP/1.1" 200 437 "-" "Mozilla/5.0 (Windows NT 6.1; WOW64; rv:43.0) Gecko/20100101 Firefox/43.0"
123.125.143.25 - - [27/Apr/2018:13:36:09 -0400] "GET /themes/garland/images/menu-expanded.gif HTTP/1.1" 200 437 "-" "Mozilla/5.0 (Windows NT 6.1; WOW64; rv:43.0) Gecko/20100101 Firefox/43.0"
43.252.28.190 - - [27/Apr/2018:13:36:10 -0400] "GET /wp-login.php HTTP/1.1" 404 7491 "-" "Mozilla/5.0 (Windows NT 6.1; WOW64; rv:40.0) Gecko/20100101 Firefox/40.1"
77.88.47.40 - - [27/Apr/2018:13:30:52 -0400] "GET /2009/proceedings/1994/nspw1994-spalka.pdf HTTP/1.1" 200 406046 "-" "Mozilla/5.0 (compatible; YandexBot/3.0; +http://yandex.com/bots)"
123.125.143.25 - - [27/Apr/2018:13:36:11 -0400] "GET /themes/garland/images/menu-collapsed.gif HTTP/1.1" 200 437 "-" "Mozilla/5.0 (Windows NT 6.1; WOW64; rv:43.0) Gecko/20100101 Firefox/43.0"
43.252.28.190 - - [27/Apr/2018:13:36:13 -0400] "GET / HTTP/1.1" 200 8218 "-" "Mozilla/5.0 (Windows NT 6.1; WOW64; rv:40.0) Gecko/20100101 Firefox/40.1"
77.88.47.40 - - [27/Apr/2018:13:31:13 -0400] "GET /2009/proceedings/2008/nspw2008-mannan.pdf HTTP/1.1" 200 127844 "-" "Mozilla/5.0 (compatible; YandexBot/3.0; +http://yandex.com/bots)"
66.249.73.89 - - [27/Apr/2018:13:36:16 -0400] "GET /2018/cfp HTTP/1.1" 200 8150 "-" "Mozilla/5.0 (compatible; Googlebot/2.1; +http://www.google.com/bot.html)"
77.88.47.40 - - [27/Apr/2018:13:36:30 -0400] "GET /2007 HTTP/1.1" 301 4027 "-" "Mozilla/5.0 (compatible; YandexBot/3.0; +http://yandex.com/bots)"
77.88.47.40 - - [27/Apr/2018:13:31:19 -0400] "GET /2009/proceedings/2008/nspw2008-bishop.pdf HTTP/1.1" 200 276032 "-" "Mozilla/5.0 (compatible; YandexBot/3.0; +http://yandex.com/bots)"
77.88.47.40 - - [27/Apr/2018:13:31:35 -0400] "GET /2009/proceedings/1994/nspw1994-essin.pdf HTTP/1.1" 200 84506 "-" "Mozilla/5.0 (compatible; YandexBot/3.0; +http://yandex.com/bots)"
40.77.167.149 - - [27/Apr/2018:13:36:42 -0400] "GET /2017/dates HTTP/1.1" 200 6917 "-" "Mozilla/5.0 (compatible; bingbot/2.0; +http://www.bing.com/bingbot.htm)"
77.88.47.40 - - [27/Apr/2018:13:31:39 -0400] "GET /2009/proceedings/2008/nspw2008-molloy.pdf HTTP/1.1" 200 141824 "-" "Mozilla/5.0 (compatible; YandexBot/3.0; +http://yandex.com/bots)"
207.46.13.144 - - [27/Apr/2018:13:36:55 -0400] "GET /themes/garland/style.css?p7r9uw HTTP/1.1" 200 9239 "-" "Mozilla/5.0 (compatible; bingbot/2.0; +http://www.bing.com/bingbot.htm)"
77.88.47.40 - - [27/Apr/2018:13:31:47 -0400] "GET /2009/proceedings/1996/nspw1996-filman.pdf HTTP/1.1" 200 263450 "-" "Mozilla/5.0 (compatible; YandexBot/3.0; +http://yandex.com/bots)"
77.88.47.40 - - [27/Apr/2018:13:32:18 -0400] "GET /2009/proceedings/1996/nspw1996-blakley.pdf HTTP/1.1" 200 127844 "-" "Mozilla/5.0 (compatible; YandexBot/3.0; +http://yandex.com/bots)"
66.249.73.87 - - [27/Apr/2018:13:37:21 -0400] "GET /papers/2006/nspw2006-crawford.pdf HTTP/1.1" 200 401281 "-" "Mozilla/5.0 (compatible; Googlebot/2.1; +http://www.google.com/bot.html)"
80.116.169.200 - - [27/Apr/2018:13:37:29 -0400] "GET /wp-login.php HTTP/1.1" 404 7985 "-" "Mozilla/5.0 (Windows NT 6.1; WOW64; rv:40.0) Gecko/20100101 Firefox/40.1"
80.116.169.200 - - [27/Apr/2018:13:37:30 -0400] "GET / HTTP/1.1" 200 8206 "-" "Mozilla/5.0 (Windows NT 6.1; WOW64; rv:40.0) Gecko/20100101 Firefox/40.1"
77.88.47.40 - - [27/Apr/2018:13:32:22 -0400] "GET /2009/proceedings/1996/nspw1996-serban.pdf HTTP/1.1" 200 326360 "-" "Mozilla/5.0 (compatible; YandexBot/3.0; +http://yandex.com/bots)"
77.88.47.40 - - [27/Apr/2018:13:32:43 -0400] "GET /2009/proceedings/1996/nspw1996-chuang.pdf HTTP/1.1" 200 245276 "-" "Mozilla/5.0 (compatible; YandexBot/3.0; +http://yandex.com/bots)"
77.88.47.40 - - [27/Apr/2018:13:32:57 -0400] "GET /2009/proceedings/1996/nspw1996-filman.pdf HTTP/1.1" 200 88700 "-" "Mozilla/5.0 (compatible; YandexBot/3.0; +http://yandex.com/bots)"
77.88.47.40 - - [27/Apr/2018:13:38:02 -0400] "GET /2003/dates.shtml HTTP/1.1" 200 4960 "-" "Mozilla/5.0 (compatible; YandexBot/3.0; +http://yandex.com/bots)"
77.88.47.40 - - [27/Apr/2018:13:33:01 -0400] "GET /2009/proceedings/1996/nspw1996-hosmer.pdf HTTP/1.1" 200 228500 "-" "Mozilla/5.0 (compatible; YandexBot/3.0; +http://yandex.com/bots)"
77.88.47.40 - - [27/Apr/2018:13:33:14 -0400] "GET /2009/proceedings/1996/nspw1996-blakley.pdf HTTP/1.1" 200 215918 "-" "Mozilla/5.0 (compatible; YandexBot/3.0; +http://yandex.com/bots)"
66.249.73.89 - - [27/Apr/2018:13:38:26 -0400] "GET /proceedings HTTP/1.1" 200 6343 "-" "Mozilla/5.0 (compatible; Googlebot/2.1; +http://www.google.com/bot.html)"
77.88.47.40 - - [27/Apr/2018:13:33:22 -0400] "GET /2009/proceedings/2005/nspw2005-marceau.pdf HTTP/1.1" 200 281624 "-" "Mozilla/5.0 (compatible; YandexBot/3.0; +http://yandex.com/bots)"
129.170.194.161 - - [27/Apr/2018:13:38:49 -0400] "GET / HTTP/1.1" 200 6622 "-" "Mozilla/5.0 (X11; Ubuntu; Linux x86_64; rv:59.0) Gecko/20100101 Firefox/59.0"
129.170.194.161 - - [27/Apr/2018:13:38:49 -0400] "GET /misc/jquery.js?v=1.4.4 HTTP/1.1" 200 27601 "https://www.nspw.org/" "Mozilla/5.0 (X11; Ubuntu; Linux x86_64; rv:59.0) Gecko/20100101 Firefox/59.0"
129.170.194.161 - - [27/Apr/2018:13:38:49 -0400] "GET /modules/system/system.base.css?p7r9uw HTTP/1.1" 200 2464 "https://www.nspw.org/" "Mozilla/5.0 (X11; Ubuntu; Linux x86_64; rv:59.0) Gecko/20100101 Firefox/59.0"
129.170.194.161 - - [27/Apr/2018:13:38:49 -0400] "GET /modules/system/system.messages.css?p7r9uw HTTP/1.1" 200 903 "https://www.nspw.org/" "Mozilla/5.0 (X11; Ubuntu; Linux x86_64; rv:59.0) Gecko/20100101 Firefox/59.0"
129.170.194.161 - - [27/Apr/2018:13:38:49 -0400] "GET /misc/drupal.js?p7r9uw HTTP/1.1" 200 7529 "https://www.nspw.org/" "Mozilla/5.0 (X11; Ubuntu; Linux x86_64; rv:59.0) Gecko/20100101 Firefox/59.0"
129.170.194.161 - - [27/Apr/2018:13:38:49 -0400] "GET /modules/system/system.menus.css?p7r9uw HTTP/1.1" 200 1182 "https://www.nspw.org/" "Mozilla/5.0 (X11; Ubuntu; Linux x86_64; rv:59.0) Gecko/20100101 Firefox/59.0"
129.170.194.161 - - [27/Apr/2018:13:38:49 -0400] "GET /misc/jquery.once.js?v=1.2 HTTP/1.1" 200 1602 "https://www.nspw.org/" "Mozilla/5.0 (X11; Ubuntu; Linux x86_64; rv:59.0) Gecko/20100101 Firefox/59.0"
129.170.194.161 - - [27/Apr/2018:13:38:49 -0400] "GET /modules/system/system.theme.css?p7r9uw HTTP/1.1" 200 1585 "https://www.nspw.org/" "Mozilla/5.0 (X11; Ubuntu; Linux x86_64; rv:59.0) Gecko/20100101 Firefox/59.0"
129.170.194.161 - - [27/Apr/2018:13:38:49 -0400] "GET /modules/field/theme/field.css?p7r9uw HTTP/1.1" 200 599 "https://www.nspw.org/" "Mozilla/5.0 (X11; Ubuntu; Linux x86_64; rv:59.0) Gecko/20100101 Firefox/59.0"
129.170.194.161 - - [27/Apr/2018:13:38:49 -0400] "GET /modules/comment/comment.css?p7r9uw HTTP/1.1" 200 505 "https://www.nspw.org/" "Mozilla/5.0 (X11; Ubuntu; Linux x86_64; rv:59.0) Gecko/20100101 Firefox/59.0"
129.170.194.161 - - [27/Apr/2018:13:38:49 -0400] "GET /modules/node/node.css?p7r9uw HTTP/1.1" 200 472 "https://www.nspw.org/" "Mozilla/5.0 (X11; Ubuntu; Linux x86_64; rv:59.0) Gecko/20100101 Firefox/59.0"
129.170.194.161 - - [27/Apr/2018:13:38:49 -0400] "GET /modules/user/user.css?p7r9uw HTTP/1.1" 200 1062 "https://www.nspw.org/" "Mozilla/5.0 (X11; Ubuntu; Linux x86_64; rv:59.0) Gecko/20100101 Firefox/59.0"
129.170.194.161 - - [27/Apr/2018:13:38:49 -0400] "GET /themes/garland/print.css?p7r9uw HTTP/1.1" 200 771 "https://www.nspw.org/" "Mozilla/5.0 (X11; Ubuntu; Linux x86_64; rv:59.0) Gecko/20100101 Firefox/59.0"
129.170.194.161 - - [27/Apr/2018:13:38:49 -0400] "GET /themes/garland/style.css?p7r9uw HTTP/1.1" 200 5370 "https://www.nspw.org/" "Mozilla/5.0 (X11; Ubuntu; Linux x86_64; rv:59.0) Gecko/20100101 Firefox/59.0"
129.170.194.161 - - [27/Apr/2018:13:38:49 -0400] "GET /sites/default/files/nspw-logo-smaller.jpg HTTP/1.1" 200 2534 "https://www.nspw.org/" "Mozilla/5.0 (X11; Ubuntu; Linux x86_64; rv:59.0) Gecko/20100101 Firefox/59.0"
129.170.194.161 - - [27/Apr/2018:13:38:49 -0400] "GET /themes/garland/images/bg-navigation-item-hover.png HTTP/1.1" 200 754 "https://www.nspw.org/themes/garland/style.css?p7r9uw" "Mozilla/5.0 (X11; Ubuntu; Linux x86_64; rv:59.0) Gecko/20100101 Firefox/59.0"
129.170.194.161 - - [27/Apr/2018:13:38:49 -0400] "GET /themes/garland/images/menu-expanded.gif HTTP/1.1" 200 495 "https://www.nspw.org/themes/garland/style.css?p7r9uw" "Mozilla/5.0 (X11; Ubuntu; Linux x86_64; rv:59.0) Gecko/20100101 Firefox/59.0"
129.170.194.161 - - [27/Apr/2018:13:38:49 -0400] "GET /themes/garland/images/menu-leaf.gif HTTP/1.1" 200 486 "https://www.nspw.org/themes/garland/style.css?p7r9uw" "Mozilla/5.0 (X11; Ubuntu; Linux x86_64; rv:59.0) Gecko/20100101 Firefox/59.0"
129.170.194.161 - - [27/Apr/2018:13:38:49 -0400] "GET /themes/garland/images/bg-navigation-item.png HTTP/1.1" 200 812 "https://www.nspw.org/themes/garland/style.css?p7r9uw" "Mozilla/5.0 (X11; Ubuntu; Linux x86_64; rv:59.0) Gecko/20100101 Firefox/59.0"
129.170.194.161 - - [27/Apr/2018:13:38:49 -0400] "GET /themes/garland/images/menu-collapsed.gif HTTP/1.1" 200 488 "https://www.nspw.org/themes/garland/style.css?p7r9uw" "Mozilla/5.0 (X11; Ubuntu; Linux x86_64; rv:59.0) Gecko/20100101 Firefox/59.0"
129.170.194.161 - - [27/Apr/2018:13:38:49 -0400] "GET /themes/garland/images/body.png HTTP/1.1" 200 993 "https://www.nspw.org/themes/garland/style.css?p7r9uw" "Mozilla/5.0 (X11; Ubuntu; Linux x86_64; rv:59.0) Gecko/20100101 Firefox/59.0"
129.170.194.161 - - [27/Apr/2018:13:38:49 -0400] "GET /themes/garland/images/bg-content-right.png HTTP/1.1" 200 3162 "https://www.nspw.org/themes/garland/style.css?p7r9uw" "Mozilla/5.0 (X11; Ubuntu; Linux x86_64; rv:59.0) Gecko/20100101 Firefox/59.0"
129.170.194.161 - - [27/Apr/2018:13:38:49 -0400] "GET /themes/garland/images/bg-content-left.png HTTP/1.1" 200 3232 "https://www.nspw.org/themes/garland/style.css?p7r9uw" "Mozilla/5.0 (X11; Ubuntu; Linux x86_64; rv:59.0) Gecko/20100101 Firefox/59.0"
129.170.194.161 - - [27/Apr/2018:13:38:49 -0400] "GET /themes/garland/images/bg-content.png HTTP/1.1" 200 798 "https://www.nspw.org/themes/garland/style.css?p7r9uw" "Mozilla/5.0 (X11; Ubuntu; Linux x86_64; rv:59.0) Gecko/20100101 Firefox/59.0"
77.88.47.40 - - [27/Apr/2018:13:33:42 -0400] "GET /2009/proceedings/2005/nspw2005-thorpe.pdf HTTP/1.1" 200 257858 "-" "Mozilla/5.0 (compatible; YandexBot/3.0; +http://yandex.com/bots)"
77.88.47.40 - - [27/Apr/2018:13:34:02 -0400] "GET /2009/proceedings/1996/nspw1996-hosmer.pdf HTTP/1.1" 200 235490 "-" "Mozilla/5.0 (compatible; YandexBot/3.0; +http://yandex.com/bots)"
77.88.47.40 - - [27/Apr/2018:13:38:58 -0400] "GET /2009/proceedings/2006/nspw2006-crawford.pdf HTTP/1.1" 200 401310 "-" "Mozilla/5.0 (compatible; YandexBot/3.0; +http://yandex.com/bots)"
77.88.47.40 - - [27/Apr/2018:13:34:13 -0400] "GET /2009/proceedings/1996/nspw1996-nelson.pdf HTTP/1.1" 200 225704 "-" "Mozilla/5.0 (compatible; YandexBot/3.0; +http://yandex.com/bots)"
66.249.73.87 - - [27/Apr/2018:13:39:31 -0400] "GET /papers/1996/nspw1996-olawsky.pdf HTTP/1.1" 200 1077941 "-" "Mozilla/5.0 (compatible; Googlebot/2.1; +http://www.google.com/bot.html)"
77.88.47.40 - - [27/Apr/2018:13:34:23 -0400] "GET /2009/proceedings/2005/nspw2005-marceau.pdf HTTP/1.1" 200 280226 "-" "Mozilla/5.0 (compatible; YandexBot/3.0; +http://yandex.com/bots)"
69.162.124.227 - - [27/Apr/2018:13:39:37 -0400] "HEAD / HTTP/1.1" 200 3874 "http://nspw.org/" "Mozilla/5.0+(compatible; UptimeRobot/2.0; http://www.uptimerobot.com/)"
77.88.47.40 - - [27/Apr/2018:13:34:37 -0400] "GET /2009/proceedings/2005/nspw2005-thorpe.pdf HTTP/1.1" 200 316574 "-" "Mozilla/5.0 (compatible; YandexBot/3.0; +http://yandex.com/bots)"
125.209.235.181 - - [27/Apr/2018:13:40:27 -0400] "GET /2013/dates HTTP/1.1" 200 6610 "-" "Mozilla/5.0 (compatible; Yeti/1.1; +http://naver.me/spd)"
77.88.47.40 - - [27/Apr/2018:13:35:16 -0400] "GET /2009/proceedings/1996/nspw1996-zurko.pdf HTTP/1.1" 200 397032 "-" "Mozilla/5.0 (compatible; YandexBot/3.0; +http://yandex.com/bots)"
66.249.73.89 - - [27/Apr/2018:13:40:35 -0400] "GET /2009/proceedings/2013/nspw2013-egelman.pdf HTTP/1.1" 304 3605 "-" "Mozilla/5.0 (compatible; Googlebot/2.1; +http://www.google.com/bot.html)"
77.88.47.40 - - [27/Apr/2018:13:36:09 -0400] "GET /2009/proceedings/2005/nspw2005-beznosov.pdf HTTP/1.1" 200 483708 "-" "Mozilla/5.0 (compatible; YandexBot/3.0; +http://yandex.com/bots)"
77.88.47.40 - - [27/Apr/2018:13:36:33 -0400] "GET /2009/proceedings/1996/nspw1996-zurko.pdf HTTP/1.1" 200 51726 "-" "Mozilla/5.0 (compatible; YandexBot/3.0; +http://yandex.com/bots)"
66.249.73.89 - - [27/Apr/2018:13:41:40 -0400] "GET /2009/proceedings/2013/nspw2013-zhao.pdf HTTP/1.1" 304 3605 "-" "Mozilla/5.0 (compatible; Googlebot/2.1; +http://www.google.com/bot.html)"
66.160.140.182 - - [27/Apr/2018:13:41:41 -0400] "GET /robots.txt HTTP/1.1" 200 4444 "-" "The Knowledge AI"
77.88.47.40 - - [27/Apr/2018:13:36:37 -0400] "GET /2009/proceedings/1994/nspw1994-ovchinnikov.pdf HTTP/1.1" 200 186560 "-" "Mozilla/5.0 (compatible; YandexBot/3.0; +http://yandex.com/bots)"
73.131.45.219 - - [27/Apr/2018:13:41:57 -0400] "GET /wp-login.php HTTP/1.1" 404 7491 "-" "Mozilla/5.0 (Windows NT 6.1; WOW64; rv:40.0) Gecko/20100101 Firefox/40.1"
73.131.45.219 - - [27/Apr/2018:13:41:57 -0400] "GET / HTTP/1.1" 200 8218 "-" "Mozilla/5.0 (Windows NT 6.1; WOW64; rv:40.0) Gecko/20100101 Firefox/40.1"
77.88.47.40 - - [27/Apr/2018:13:36:47 -0400] "GET /2009/proceedings/2005/nspw2005-mcdermott.pdf HTTP/1.1" 200 277430 "-" "Mozilla/5.0 (compatible; YandexBot/3.0; +http://yandex.com/bots)"
77.88.47.40 - - [27/Apr/2018:13:37:03 -0400] "GET /2009/proceedings/2005/nspw2005-beznosov.pdf HTTP/1.1" 200 512294 "-" "Mozilla/5.0 (compatible; YandexBot/3.0; +http://yandex.com/bots)"
77.88.47.40 - - [27/Apr/2018:13:37:29 -0400] "GET /2009/proceedings/1996/nspw1996-greenwald.pdf HTTP/1.1" 200 84506 "-" "Mozilla/5.0 (compatible; YandexBot/3.0; +http://yandex.com/bots)"
77.88.47.40 - - [27/Apr/2018:13:37:34 -0400] "GET /2009/proceedings/2005/nspw2005-littlewood.pdf HTTP/1.1" 200 231296 "-" "Mozilla/5.0 (compatible; YandexBot/3.0; +http://yandex.com/bots)"
66.249.73.91 - - [27/Apr/2018:13:42:45 -0400] "GET /2009/proceedings/2013/nspw2013-ashenden.pdf HTTP/1.1" 304 3605 "-" "Mozilla/5.0 (compatible; Googlebot/2.1; +http://www.google.com/bot.html)"
77.88.47.40 - - [27/Apr/2018:13:37:50 -0400] "GET /2009/proceedings/2005/nspw2005-taylor-pos.pdf HTTP/1.1" 200 187958 "-" "Mozilla/5.0 (compatible; YandexBot/3.0; +http://yandex.com/bots)"
40.77.167.149 - - [27/Apr/2018:13:42:58 -0400] "GET /2003/program.shtml HTTP/1.1" 200 6821 "-" "Mozilla/5.0 (compatible; bingbot/2.0; +http://www.bing.com/bingbot.htm)"
77.88.47.40 - - [27/Apr/2018:13:37:59 -0400] "GET /2009/proceedings/2005/nspw2005-mcdermott.pdf HTTP/1.1" 200 84506 "-" "Mozilla/5.0 (compatible; YandexBot/3.0; +http://yandex.com/bots)"
77.88.47.40 - - [27/Apr/2018:13:38:06 -0400] "GET /2009/proceedings/1996/nspw1996-greenwald.pdf HTTP/1.1" 200 616518 "-" "Mozilla/5.0 (compatible; YandexBot/3.0; +http://yandex.com/bots)"
77.88.47.40 - - [27/Apr/2018:13:38:33 -0400] "GET /2009/proceedings/1996/nspw1996-rasmusson.pdf HTTP/1.1" 200 136232 "-" "Mozilla/5.0 (compatible; YandexBot/3.0; +http://yandex.com/bots)"
77.88.47.40 - - [27/Apr/2018:13:38:41 -0400] "GET /2009/proceedings/2005/nspw2005-littlewood.pdf HTTP/1.1" 200 127844 "-" "Mozilla/5.0 (compatible; YandexBot/3.0; +http://yandex.com/bots)"
66.249.73.87 - - [27/Apr/2018:13:43:50 -0400] "GET /papers/1996/nspw1996-millen.pdf HTTP/1.1" 200 80535 "-" "Mozilla/5.0 (compatible; Googlebot/2.1; +http://www.google.com/bot.html)"
77.88.47.40 - - [27/Apr/2018:13:38:46 -0400] "GET /2009/proceedings/2005/nspw2005-taylor-pos.pdf HTTP/1.1" 200 232694 "-" "Mozilla/5.0 (compatible; YandexBot/3.0; +http://yandex.com/bots)"
69.162.124.227 - - [27/Apr/2018:13:44:37 -0400] "HEAD / HTTP/1.1" 200 3874 "http://nspw.org/" "Mozilla/5.0+(compatible; UptimeRobot/2.0; http://www.uptimerobot.com/)"
77.88.47.40 - - [27/Apr/2018:13:39:21 -0400] "GET /2009/proceedings/1996/nspw1996-rasmusson.pdf HTTP/1.1" 200 443166 "-" "Mozilla/5.0 (compatible; YandexBot/3.0; +http://yandex.com/bots)"
203.192.241.55 - - [27/Apr/2018:13:44:46 -0400] "GET /wp-login.php HTTP/1.1" 404 8180 "-" "Mozilla/5.0 (Windows NT 6.1; WOW64; rv:40.0) Gecko/20100101 Firefox/40.1"
203.192.241.55 - - [27/Apr/2018:13:44:48 -0400] "GET / HTTP/1.1" 200 8298 "-" "Mozilla/5.0 (Windows NT 6.1; WOW64; rv:40.0) Gecko/20100101 Firefox/40.1"
77.88.47.40 - - [27/Apr/2018:13:39:41 -0400] "GET /2009/proceedings/1993/nspw1993-williams.pdf HTTP/1.1" 200 264848 "-" "Mozilla/5.0 (compatible; YandexBot/3.0; +http://yandex.com/bots)"
66.249.73.89 - - [27/Apr/2018:13:44:55 -0400] "GET /cfp/nspw2018-cfp.pdf HTTP/1.1" 304 3605 "-" "Mozilla/5.0 (compatible; Googlebot/2.1; +http://www.google.com/bot.html)"
77.88.47.40 - - [27/Apr/2018:13:39:54 -0400] "GET /2009/proceedings/1993/nspw1993-shockley.pdf HTTP/1.1" 200 401852 "-" "Mozilla/5.0 (compatible; YandexBot/3.0; +http://yandex.com/bots)"
77.88.47.40 - - [27/Apr/2018:13:40:13 -0400] "GET /2009/proceedings/1993/nspw1993-lapadula.pdf HTTP/1.1" 200 292808 "-" "Mozilla/5.0 (compatible; YandexBot/3.0; +http://yandex.com/bots)"
77.88.47.40 - - [27/Apr/2018:13:40:30 -0400] "GET /2009/proceedings/1993/nspw1993-williams.pdf HTTP/1.1" 200 357116 "-" "Mozilla/5.0 (compatible; YandexBot/3.0; +http://yandex.com/bots)"
66.249.73.87 - - [27/Apr/2018:13:46:00 -0400] "GET /papers/2005/nspw2005-frontmatter.pdf HTTP/1.1" 200 1584886 "-" "Mozilla/5.0 (compatible; Googlebot/2.1; +http://www.google.com/bot.html)"
77.88.47.40 - - [27/Apr/2018:13:40:53 -0400] "GET /2009/proceedings/1993/nspw1993-desmedt.pdf HTTP/1.1" 200 323564 "-" "Mozilla/5.0 (compatible; YandexBot/3.0; +http://yandex.com/bots)"
77.88.47.40 - - [27/Apr/2018:13:41:16 -0400] "GET /2009/proceedings/1993/nspw1993-michael.pdf HTTP/1.1" 200 203336 "-" "Mozilla/5.0 (compatible; YandexBot/3.0; +http://yandex.com/bots)"
77.88.47.40 - - [27/Apr/2018:13:41:28 -0400] "GET /2009/proceedings/1993/nspw1993-lapadula.pdf HTTP/1.1" 200 52352 "-" "Mozilla/5.0 (compatible; YandexBot/3.0; +http://yandex.com/bots)"
77.88.47.40 - - [27/Apr/2018:13:46:20 -0400] "GET /2009/proceedings/2004/nspw2004-flinn.pdf HTTP/1.1" 200 246251 "-" "Mozilla/5.0 (compatible; YandexBot/3.0; +http://yandex.com/bots)"
77.88.47.40 - - [27/Apr/2018:13:41:32 -0400] "GET /2009/proceedings/1993/nspw1993-hosmer-2.pdf HTTP/1.1" 200 235490 "-" "Mozilla/5.0 (compatible; YandexBot/3.0; +http://yandex.com/bots)"
77.88.47.40 - - [27/Apr/2018:13:41:44 -0400] "GET /2009/proceedings/1993/nspw1993-rooker-2.pdf HTTP/1.1" 200 227102 "-" "Mozilla/5.0 (compatible; YandexBot/3.0; +http://yandex.com/bots)"
66.249.73.91 - - [27/Apr/2018:13:47:04 -0400] "GET /2006/papers.shtml HTTP/1.1" 200 4822 "-" "Mozilla/5.0 (compatible; Googlebot/2.1; +http://www.google.com/bot.html)"
77.88.47.40 - - [27/Apr/2018:13:41:58 -0400] "GET /2009/proceedings/1993/nspw1993-denning.pdf HTTP/1.1" 200 249470 "-" "Mozilla/5.0 (compatible; YandexBot/3.0; +http://yandex.com/bots)"
77.88.47.40 - - [27/Apr/2018:13:42:11 -0400] "GET /2009/proceedings/1993/nspw1993-desmedt.pdf HTTP/1.1" 200 231296 "-" "Mozilla/5.0 (compatible; YandexBot/3.0; +http://yandex.com/bots)"
77.88.47.40 - - [27/Apr/2018:13:42:25 -0400] "GET /2009/proceedings/1993/nspw1993-michael.pdf HTTP/1.1" 200 52352 "-" "Mozilla/5.0 (compatible; YandexBot/3.0; +http://yandex.com/bots)"
77.88.47.40 - - [27/Apr/2018:13:47:19 -0400] "GET /2009/proceedings/2004/nspw2004-flinn.pdf HTTP/1.1" 200 246251 "-" "Mozilla/5.0 (compatible; YandexBot/3.0; +http://yandex.com/bots)"
77.88.47.40 - - [27/Apr/2018:13:47:33 -0400] "GET /2009/proceedings/2004/nspw2004-beznosov.pdf HTTP/1.1" 200 171638 "-" "Mozilla/5.0 (compatible; YandexBot/3.0; +http://yandex.com/bots)"
77.88.47.40 - - [27/Apr/2018:13:42:29 -0400] "GET /2009/proceedings/1993/nspw1993-hosmer-2.pdf HTTP/1.1" 200 276032 "-" "Mozilla/5.0 (compatible; YandexBot/3.0; +http://yandex.com/bots)"
77.88.47.40 - - [27/Apr/2018:13:42:44 -0400] "GET /2009/proceedings/1993/nspw1993-hosmer.pdf HTTP/1.1" 200 84506 "-" "Mozilla/5.0 (compatible; YandexBot/3.0; +http://yandex.com/bots)"
77.88.47.40 - - [27/Apr/2018:13:42:49 -0400] "GET /2009/proceedings/1993/nspw1993-rooker-2.pdf HTTP/1.1" 200 366902 "-" "Mozilla/5.0 (compatible; YandexBot/3.0; +http://yandex.com/bots)"
66.249.73.87 - - [27/Apr/2018:13:48:09 -0400] "GET /papers/2012/docs/p53.pdf HTTP/1.1" 304 3606 "-" "Mozilla/5.0 (compatible; Googlebot/2.1; +http://www.google.com/bot.html)"
77.88.47.40 - - [27/Apr/2018:13:43:09 -0400] "GET /2009/proceedings/1993/nspw1993-desmedt.pdf HTTP/1.1" 200 271838 "-" "Mozilla/5.0 (compatible; YandexBot/3.0; +http://yandex.com/bots)"
77.88.47.40 - - [27/Apr/2018:13:43:24 -0400] "GET /2009/proceedings/1993/nspw1993-denning.pdf HTTP/1.1" 200 84506 "-" "Mozilla/5.0 (compatible; YandexBot/3.0; +http://yandex.com/bots)"
77.88.47.40 - - [27/Apr/2018:13:48:25 -0400] "GET /2009/proceedings/2004/nspw2004-beznosov.pdf HTTP/1.1" 200 171638 "-" "Mozilla/5.0 (compatible; YandexBot/3.0; +http://yandex.com/bots)"
131.164.133.208 - - [27/Apr/2018:13:48:43 -0400] "GET /wp-login.php HTTP/1.1" 404 7491 "-" "Mozilla/5.0 (Windows NT 6.1; WOW64; rv:40.0) Gecko/20100101 Firefox/40.1"
131.164.133.208 - - [27/Apr/2018:13:48:44 -0400] "GET / HTTP/1.1" 200 8218 "-" "Mozilla/5.0 (Windows NT 6.1; WOW64; rv:40.0) Gecko/20100101 Firefox/40.1"
77.88.47.40 - - [27/Apr/2018:13:43:29 -0400] "GET /2009/proceedings/1993/nspw1993-hosmer.pdf HTTP/1.1" 200 418628 "-" "Mozilla/5.0 (compatible; YandexBot/3.0; +http://yandex.com/bots)"
117.12.14.195 - - [27/Apr/2018:13:48:49 -0400] "GET / HTTP/1.0" 400 0 "-" "-"
77.88.47.40 - - [27/Apr/2018:13:43:49 -0400] "GET /2009/proceedings/1993/nspw1993-mclean.pdf HTTP/1.1" 200 139028 "-" "Mozilla/5.0 (compatible; YandexBot/3.0; +http://yandex.com/bots)"
77.88.47.40 - - [27/Apr/2018:13:43:56 -0400] "GET /2009/proceedings/1993/nspw1993-rooker-2.pdf HTTP/1.1" 200 187958 "-" "Mozilla/5.0 (compatible; YandexBot/3.0; +http://yandex.com/bots)"
77.88.47.40 - - [27/Apr/2018:13:44:08 -0400] "GET /2009/proceedings/1993/nspw1993-thomas.pdf HTTP/1.1" 200 141824 "-" "Mozilla/5.0 (compatible; YandexBot/3.0; +http://yandex.com/bots)"
66.249.73.91 - - [27/Apr/2018:13:49:15 -0400] "GET /papers/2013/nspw2013-sundaramurthy.pdf HTTP/1.1" 200 355688 "-" "Mozilla/5.0 (compatible; Googlebot/2.1; +http://www.google.com/bot.html)"
77.88.47.40 - - [27/Apr/2018:13:44:16 -0400] "GET /2009/proceedings/1993/nspw1993-denning.pdf HTTP/1.1" 200 228500 "-" "Mozilla/5.0 (compatible; YandexBot/3.0; +http://yandex.com/bots)"
77.88.47.40 - - [27/Apr/2018:13:44:29 -0400] "GET /2009/proceedings/1993/nspw1993-meadows.pdf HTTP/1.1" 200 141824 "-" "Mozilla/5.0 (compatible; YandexBot/3.0; +http://yandex.com/bots)"
69.162.124.227 - - [27/Apr/2018:13:49:37 -0400] "HEAD / HTTP/1.1" 200 3874 "http://nspw.org/" "Mozilla/5.0+(compatible; UptimeRobot/2.0; http://www.uptimerobot.com/)"
77.88.47.40 - - [27/Apr/2018:13:44:37 -0400] "GET /2009/proceedings/1993/nspw1993-mclean.pdf HTTP/1.1" 200 406046 "-" "Mozilla/5.0 (compatible; YandexBot/3.0; +http://yandex.com/bots)"
157.55.39.207 - - [27/Apr/2018:13:48:45 -0400] "GET /papers/2010/nspw2010-franz.pdf HTTP/1.1" 200 1973895 "-" "Mozilla/5.0 (iPhone; CPU iPhone OS 7_0 like Mac OS X) AppleWebKit/537.51.1 (KHTML, like Gecko) Version/7.0 Mobile/11A465 Safari/9537.53 (compatible; bingbot/2.0; +http://www.bing.com/bingbot.htm)"
77.88.47.40 - - [27/Apr/2018:13:44:56 -0400] "GET /2009/proceedings/1993/nspw1993-hammonds.pdf HTTP/1.1" 200 136232 "-" "Mozilla/5.0 (compatible; YandexBot/3.0; +http://yandex.com/bots)"
