66.249.73.87 - - [29/Apr/2018:23:44:02 -0400] "GET /papers/2011/nspw2011-bicakci.pdf HTTP/1.1" 200 493585 "-" "Mozilla/5.0 (compatible; Googlebot/2.1; +http://www.google.com/bot.html)"
66.249.73.89 - - [29/Apr/2018:23:45:45 -0400] "GET /papers/2004/nspw2004-allwein.pdf HTTP/1.1" 200 275009 "-" "Mozilla/5.0 (Linux; Android 6.0.1; Nexus 5X Build/MMB29P) AppleWebKit/537.36 (KHTML, like Gecko) Chrome/41.0.2272.96 Mobile Safari/537.36 (compatible; Googlebot/2.1; +http://www.google.com/bot.html)"
69.162.124.227 - - [29/Apr/2018:23:46:17 -0400] "HEAD / HTTP/1.1" 200 3874 "http://nspw.org/" "Mozilla/5.0+(compatible; UptimeRobot/2.0; http://www.uptimerobot.com/)"
216.15.18.240 - - [29/Apr/2018:23:46:51 -0400] "GET /favicon.ico HTTP/1.1" 404 857 "https://www.nspw.org/papers/2009/nspw2009-gates.pdf" "Mozilla/5.0 (Macintosh; Intel Mac OS X 10_13_1) AppleWebKit/537.36 (KHTML, like Gecko) Chrome/65.0.3325.181 Safari/537.36"
216.15.18.240 - - [29/Apr/2018:23:46:51 -0400] "GET /papers/2009/nspw2009-gates.pdf HTTP/1.1" 200 398480 "https://www.google.com/" "Mozilla/5.0 (Macintosh; Intel Mac OS X 10_13_1) AppleWebKit/537.36 (KHTML, like Gecko) Chrome/65.0.3325.181 Safari/537.36"
66.249.73.87 - - [29/Apr/2018:23:47:29 -0400] "GET /papers/2011/nspw2011-bishop.pdf HTTP/1.1" 200 572715 "-" "Mozilla/5.0 (compatible; Googlebot/2.1; +http://www.google.com/bot.html)"
125.209.235.184 - - [29/Apr/2018:23:47:49 -0400] "GET /sites/default/files/sponsors/issnet.jpg HTTP/1.1" 200 6941 "-" "Mozilla/5.0 (compatible; Yeti/1.1; +http://naver.me/spd)"
66.249.73.91 - - [29/Apr/2018:23:48:36 -0400] "GET /favicon.ico HTTP/1.1" 404 4094 "-" "Googlebot-Image/1.0"
66.249.73.89 - - [29/Apr/2018:23:49:12 -0400] "GET /papers/2009/nspw2009-verendel.pdf HTTP/1.1" 200 159425 "-" "Mozilla/5.0 (compatible; Googlebot/2.1; +http://www.google.com/bot.html)"
216.15.18.240 - - [29/Apr/2018:23:50:00 -0400] "GET / HTTP/1.1" 200 3368 "-" "Mozilla/5.0 (Macintosh; Intel Mac OS X 10_13_1) AppleWebKit/537.36 (KHTML, like Gecko) Chrome/65.0.3325.181 Safari/537.36"
216.15.18.240 - - [29/Apr/2018:23:50:00 -0400] "GET /modules/system/system.base.css?p7r9uw HTTP/1.1" 200 2307 "-" "Mozilla/5.0 (Macintosh; Intel Mac OS X 10_13_1) AppleWebKit/537.36 (KHTML, like Gecko) Chrome/65.0.3325.181 Safari/537.36"
216.15.18.240 - - [29/Apr/2018:23:50:00 -0400] "GET /modules/system/system.menus.css?p7r9uw HTTP/1.1" 200 1025 "-" "Mozilla/5.0 (Macintosh; Intel Mac OS X 10_13_1) AppleWebKit/537.36 (KHTML, like Gecko) Chrome/65.0.3325.181 Safari/537.36"
216.15.18.240 - - [29/Apr/2018:23:50:00 -0400] "GET /modules/field/theme/field.css?p7r9uw HTTP/1.1" 200 756 "-" "Mozilla/5.0 (Macintosh; Intel Mac OS X 10_13_1) AppleWebKit/537.36 (KHTML, like Gecko) Chrome/65.0.3325.181 Safari/537.36"
216.15.18.240 - - [29/Apr/2018:23:50:00 -0400] "GET /modules/system/system.theme.css?p7r9uw HTTP/1.1" 200 1742 "-" "Mozilla/5.0 (Macintosh; Intel Mac OS X 10_13_1) AppleWebKit/537.36 (KHTML, like Gecko) Chrome/65.0.3325.181 Safari/537.36"
216.15.18.240 - - [29/Apr/2018:23:50:00 -0400] "GET /modules/system/system.messages.css?p7r9uw HTTP/1.1" 200 903 "-" "Mozilla/5.0 (Macintosh; Intel Mac OS X 10_13_1) AppleWebKit/537.36 (KHTML, like Gecko) Chrome/65.0.3325.181 Safari/537.36"
216.15.18.240 - - [29/Apr/2018:23:50:00 -0400] "GET /modules/comment/comment.css?p7r9uw HTTP/1.1" 200 662 "-" "Mozilla/5.0 (Macintosh; Intel Mac OS X 10_13_1) AppleWebKit/537.36 (KHTML, like Gecko) Chrome/65.0.3325.181 Safari/537.36"
216.15.18.240 - - [29/Apr/2018:23:50:00 -0400] "GET /modules/user/user.css?p7r9uw HTTP/1.1" 200 1219 "-" "Mozilla/5.0 (Macintosh; Intel Mac OS X 10_13_1) AppleWebKit/537.36 (KHTML, like Gecko) Chrome/65.0.3325.181 Safari/537.36"
216.15.18.240 - - [29/Apr/2018:23:50:00 -0400] "GET /modules/node/node.css?p7r9uw HTTP/1.1" 200 472 "-" "Mozilla/5.0 (Macintosh; Intel Mac OS X 10_13_1) AppleWebKit/537.36 (KHTML, like Gecko) Chrome/65.0.3325.181 Safari/537.36"
216.15.18.240 - - [29/Apr/2018:23:50:00 -0400] "GET /themes/garland/style.css?p7r9uw HTTP/1.1" 200 5370 "-" "Mozilla/5.0 (Macintosh; Intel Mac OS X 10_13_1) AppleWebKit/537.36 (KHTML, like Gecko) Chrome/65.0.3325.181 Safari/537.36"
216.15.18.240 - - [29/Apr/2018:23:50:00 -0400] "GET /misc/jquery.once.js?v=1.2 HTTP/1.1" 200 1445 "https://www.nspw.org/" "Mozilla/5.0 (Macintosh; Intel Mac OS X 10_13_1) AppleWebKit/537.36 (KHTML, like Gecko) Chrome/65.0.3325.181 Safari/537.36"
216.15.18.240 - - [29/Apr/2018:23:50:00 -0400] "GET /themes/garland/print.css?p7r9uw HTTP/1.1" 200 771 "-" "Mozilla/5.0 (Macintosh; Intel Mac OS X 10_13_1) AppleWebKit/537.36 (KHTML, like Gecko) Chrome/65.0.3325.181 Safari/537.36"
216.15.18.240 - - [29/Apr/2018:23:50:00 -0400] "GET /misc/drupal.js?p7r9uw HTTP/1.1" 200 7372 "https://www.nspw.org/" "Mozilla/5.0 (Macintosh; Intel Mac OS X 10_13_1) AppleWebKit/537.36 (KHTML, like Gecko) Chrome/65.0.3325.181 Safari/537.36"
216.15.18.240 - - [29/Apr/2018:23:50:00 -0400] "GET /misc/jquery.js?v=1.4.4 HTTP/1.1" 200 27601 "https://www.nspw.org/" "Mozilla/5.0 (Macintosh; Intel Mac OS X 10_13_1) AppleWebKit/537.36 (KHTML, like Gecko) Chrome/65.0.3325.181 Safari/537.36"
216.15.18.240 - - [29/Apr/2018:23:50:00 -0400] "GET /sites/default/files/nspw-logo-smaller.jpg HTTP/1.1" 200 2534 "https://www.nspw.org/" "Mozilla/5.0 (Macintosh; Intel Mac OS X 10_13_1) AppleWebKit/537.36 (KHTML, like Gecko) Chrome/65.0.3325.181 Safari/537.36"
216.15.18.240 - - [29/Apr/2018:23:50:00 -0400] "GET /themes/garland/images/body.png HTTP/1.1" 200 993 "https://www.nspw.org/themes/garland/style.css?p7r9uw" "Mozilla/5.0 (Macintosh; Intel Mac OS X 10_13_1) AppleWebKit/537.36 (KHTML, like Gecko) Chrome/65.0.3325.181 Safari/537.36"
216.15.18.240 - - [29/Apr/2018:23:50:00 -0400] "GET /themes/garland/images/bg-content-left.png HTTP/1.1" 200 3232 "https://www.nspw.org/themes/garland/style.css?p7r9uw" "Mozilla/5.0 (Macintosh; Intel Mac OS X 10_13_1) AppleWebKit/537.36 (KHTML, like Gecko) Chrome/65.0.3325.181 Safari/537.36"
216.15.18.240 - - [29/Apr/2018:23:50:00 -0400] "GET /themes/garland/images/menu-leaf.gif HTTP/1.1" 200 486 "https://www.nspw.org/themes/garland/style.css?p7r9uw" "Mozilla/5.0 (Macintosh; Intel Mac OS X 10_13_1) AppleWebKit/537.36 (KHTML, like Gecko) Chrome/65.0.3325.181 Safari/537.36"
216.15.18.240 - - [29/Apr/2018:23:50:00 -0400] "GET /themes/garland/images/bg-content.png HTTP/1.1" 200 798 "https://www.nspw.org/themes/garland/style.css?p7r9uw" "Mozilla/5.0 (Macintosh; Intel Mac OS X 10_13_1) AppleWebKit/537.36 (KHTML, like Gecko) Chrome/65.0.3325.181 Safari/537.36"
216.15.18.240 - - [29/Apr/2018:23:50:00 -0400] "GET /themes/garland/images/menu-collapsed.gif HTTP/1.1" 200 488 "https://www.nspw.org/themes/garland/style.css?p7r9uw" "Mozilla/5.0 (Macintosh; Intel Mac OS X 10_13_1) AppleWebKit/537.36 (KHTML, like Gecko) Chrome/65.0.3325.181 Safari/537.36"
216.15.18.240 - - [29/Apr/2018:23:50:00 -0400] "GET /themes/garland/images/bg-content-right.png HTTP/1.1" 200 3162 "https://www.nspw.org/themes/garland/style.css?p7r9uw" "Mozilla/5.0 (Macintosh; Intel Mac OS X 10_13_1) AppleWebKit/537.36 (KHTML, like Gecko) Chrome/65.0.3325.181 Safari/537.36"
216.15.18.240 - - [29/Apr/2018:23:50:00 -0400] "GET /themes/garland/images/bg-navigation-item-hover.png HTTP/1.1" 200 754 "https://www.nspw.org/themes/garland/style.css?p7r9uw" "Mozilla/5.0 (Macintosh; Intel Mac OS X 10_13_1) AppleWebKit/537.36 (KHTML, like Gecko) Chrome/65.0.3325.181 Safari/537.36"
216.15.18.240 - - [29/Apr/2018:23:50:00 -0400] "GET /themes/garland/images/menu-expanded.gif HTTP/1.1" 200 495 "https://www.nspw.org/themes/garland/style.css?p7r9uw" "Mozilla/5.0 (Macintosh; Intel Mac OS X 10_13_1) AppleWebKit/537.36 (KHTML, like Gecko) Chrome/65.0.3325.181 Safari/537.36"
216.15.18.240 - - [29/Apr/2018:23:50:00 -0400] "GET /themes/garland/images/bg-navigation-item.png HTTP/1.1" 200 812 "https://www.nspw.org/themes/garland/style.css?p7r9uw" "Mozilla/5.0 (Macintosh; Intel Mac OS X 10_13_1) AppleWebKit/537.36 (KHTML, like Gecko) Chrome/65.0.3325.181 Safari/537.36"
66.249.73.91 - - [29/Apr/2018:23:50:55 -0400] "GET /papers/2000/nspw2000-mcdermott.pdf HTTP/1.1" 304 3605 "-" "Mozilla/5.0 (compatible; Googlebot/2.1; +http://www.google.com/bot.html)"
69.162.124.227 - - [29/Apr/2018:23:51:17 -0400] "HEAD / HTTP/1.1" 200 3874 "http://nspw.org/" "Mozilla/5.0+(compatible; UptimeRobot/2.0; http://www.uptimerobot.com/)"
178.152.214.201 - - [29/Apr/2018:23:51:48 -0400] "GET /wp-login.php HTTP/1.1" 404 7839 "-" "Mozilla/5.0 (Windows NT 6.1; WOW64; rv:40.0) Gecko/20100101 Firefox/40.1"
178.152.214.201 - - [29/Apr/2018:23:51:49 -0400] "GET / HTTP/1.1" 200 8218 "-" "Mozilla/5.0 (Windows NT 6.1; WOW64; rv:40.0) Gecko/20100101 Firefox/40.1"
216.244.66.236 - - [29/Apr/2018:23:52:28 -0400] "GET /robots.txt HTTP/1.1" 200 5796 "-" "Mozilla/5.0 (compatible; DotBot/1.1; http://www.opensiteexplorer.org/dotbot, help@moz.com)"
195.22.127.231 - - [29/Apr/2018:23:52:35 -0400] "GET /MSD/sql.php HTTP/1.1" 404 8021 "-" "Mozilla/5.0 (Windows NT 6.3; Win64; x64) AppleWebKit/537.36 (KHTML, like Gecko) Chrome/62.0.3202.94 Safari/537.36"
195.22.127.231 - - [29/Apr/2018:23:52:36 -0400] "GET /Msd/sql.php HTTP/1.1" 404 8021 "-" "Mozilla/5.0 (Windows NT 6.3; Win64; x64) AppleWebKit/537.36 (KHTML, like Gecko) Chrome/62.0.3202.94 Safari/537.36"
195.22.127.231 - - [29/Apr/2018:23:52:37 -0400] "GET /MySQLDumper1.24.4/msd1.24.4/sql.php HTTP/1.1" 404 8106 "-" "Mozilla/5.0 (Windows NT 6.3; Win64; x64) AppleWebKit/537.36 (KHTML, like Gecko) Chrome/62.0.3202.94 Safari/537.36"
195.22.127.231 - - [29/Apr/2018:23:52:38 -0400] "GET /MySQLDumper1.24.4/sql.php HTTP/1.1" 404 8059 "-" "Mozilla/5.0 (Windows NT 6.3; Win64; x64) AppleWebKit/537.36 (KHTML, like Gecko) Chrome/62.0.3202.94 Safari/537.36"
195.22.127.231 - - [29/Apr/2018:23:52:39 -0400] "GET /MySQLDumper1.24.4stable/sql.php HTTP/1.1" 404 8077 "-" "Mozilla/5.0 (Windows NT 6.3; Win64; x64) AppleWebKit/537.36 (KHTML, like Gecko) Chrome/62.0.3202.94 Safari/537.36"
66.249.73.89 - - [29/Apr/2018:23:52:39 -0400] "GET /papers/2012/docs/p87.pdf HTTP/1.1" 304 3606 "-" "Mozilla/5.0 (compatible; Googlebot/2.1; +http://www.google.com/bot.html)"
195.22.127.231 - - [29/Apr/2018:23:52:39 -0400] "GET /MySqlDumper/sql.php HTTP/1.1" 404 8045 "-" "Mozilla/5.0 (Windows NT 6.3; Win64; x64) AppleWebKit/537.36 (KHTML, like Gecko) Chrome/62.0.3202.94 Safari/537.36"
195.22.127.231 - - [29/Apr/2018:23:52:40 -0400] "GET /Mysqldumper/sql.php HTTP/1.1" 404 8045 "-" "Mozilla/5.0 (Windows NT 6.3; Win64; x64) AppleWebKit/537.36 (KHTML, like Gecko) Chrome/62.0.3202.94 Safari/537.36"
195.22.127.231 - - [29/Apr/2018:23:52:41 -0400] "GET /admin/sql.php HTTP/1.1" 403 9291 "-" "Mozilla/5.0 (Windows NT 6.3; Win64; x64) AppleWebKit/537.36 (KHTML, like Gecko) Chrome/62.0.3202.94 Safari/537.36"
195.22.127.231 - - [29/Apr/2018:23:52:41 -0400] "GET /admin/sql/sql.php HTTP/1.1" 403 9310 "-" "Mozilla/5.0 (Windows NT 6.3; Win64; x64) AppleWebKit/537.36 (KHTML, like Gecko) Chrome/62.0.3202.94 Safari/537.36"
195.22.127.231 - - [29/Apr/2018:23:52:42 -0400] "GET /backup/sql.php HTTP/1.1" 404 8030 "-" "Mozilla/5.0 (Windows NT 6.3; Win64; x64) AppleWebKit/537.36 (KHTML, like Gecko) Chrome/62.0.3202.94 Safari/537.36"
195.22.127.231 - - [29/Apr/2018:23:52:43 -0400] "GET /backups/sql.php HTTP/1.1" 404 8033 "-" "Mozilla/5.0 (Windows NT 6.3; Win64; x64) AppleWebKit/537.36 (KHTML, like Gecko) Chrome/62.0.3202.94 Safari/537.36"
195.22.127.231 - - [29/Apr/2018:23:52:44 -0400] "GET /database/sql.php HTTP/1.1" 404 8036 "-" "Mozilla/5.0 (Windows NT 6.3; Win64; x64) AppleWebKit/537.36 (KHTML, like Gecko) Chrome/62.0.3202.94 Safari/537.36"
195.22.127.231 - - [29/Apr/2018:23:52:44 -0400] "GET /datenbank/sql.php HTTP/1.1" 404 8039 "-" "Mozilla/5.0 (Windows NT 6.3; Win64; x64) AppleWebKit/537.36 (KHTML, like Gecko) Chrome/62.0.3202.94 Safari/537.36"
195.22.127.231 - - [29/Apr/2018:23:52:45 -0400] "GET /dump/sql.php HTTP/1.1" 404 8024 "-" "Mozilla/5.0 (Windows NT 6.3; Win64; x64) AppleWebKit/537.36 (KHTML, like Gecko) Chrome/62.0.3202.94 Safari/537.36"
195.22.127.231 - - [29/Apr/2018:23:52:46 -0400] "GET /dumper/sql.php HTTP/1.1" 404 8030 "-" "Mozilla/5.0 (Windows NT 6.3; Win64; x64) AppleWebKit/537.36 (KHTML, like Gecko) Chrome/62.0.3202.94 Safari/537.36"
195.22.127.231 - - [29/Apr/2018:23:52:47 -0400] "GET /msd/sql.php HTTP/1.1" 404 8021 "-" "Mozilla/5.0 (Windows NT 6.3; Win64; x64) AppleWebKit/537.36 (KHTML, like Gecko) Chrome/62.0.3202.94 Safari/537.36"
195.22.127.231 - - [29/Apr/2018:23:52:47 -0400] "GET /msd1.24.2/sql.php HTTP/1.1" 404 8035 "-" "Mozilla/5.0 (Windows NT 6.3; Win64; x64) AppleWebKit/537.36 (KHTML, like Gecko) Chrome/62.0.3202.94 Safari/537.36"
195.22.127.231 - - [29/Apr/2018:23:52:48 -0400] "GET /msd1.24.3/sql.php HTTP/1.1" 404 8035 "-" "Mozilla/5.0 (Windows NT 6.3; Win64; x64) AppleWebKit/537.36 (KHTML, like Gecko) Chrome/62.0.3202.94 Safari/537.36"
195.22.127.231 - - [29/Apr/2018:23:52:49 -0400] "GET /msd1.24.4/sql.php HTTP/1.1" 404 8035 "-" "Mozilla/5.0 (Windows NT 6.3; Win64; x64) AppleWebKit/537.36 (KHTML, like Gecko) Chrome/62.0.3202.94 Safari/537.36"
195.22.127.231 - - [29/Apr/2018:23:52:50 -0400] "GET /msd1.24stable/sql.php HTTP/1.1" 404 8049 "-" "Mozilla/5.0 (Windows NT 6.3; Win64; x64) AppleWebKit/537.36 (KHTML, like Gecko) Chrome/62.0.3202.94 Safari/537.36"
195.22.127.231 - - [29/Apr/2018:23:52:51 -0400] "GET /myadmin/sql.php HTTP/1.1" 404 8033 "-" "Mozilla/5.0 (Windows NT 6.3; Win64; x64) AppleWebKit/537.36 (KHTML, like Gecko) Chrome/62.0.3202.94 Safari/537.36"
195.22.127.231 - - [29/Apr/2018:23:52:51 -0400] "GET /mysql/sql.php HTTP/1.1" 404 8027 "-" "Mozilla/5.0 (Windows NT 6.3; Win64; x64) AppleWebKit/537.36 (KHTML, like Gecko) Chrome/62.0.3202.94 Safari/537.36"
195.22.127.231 - - [29/Apr/2018:23:52:52 -0400] "GET /mysqldumper/sql.php HTTP/1.1" 404 8045 "-" "Mozilla/5.0 (Windows NT 6.3; Win64; x64) AppleWebKit/537.36 (KHTML, like Gecko) Chrome/62.0.3202.94 Safari/537.36"
195.22.127.231 - - [29/Apr/2018:23:52:53 -0400] "GET /sql/sql.php HTTP/1.1" 404 8021 "-" "Mozilla/5.0 (Windows NT 6.3; Win64; x64) AppleWebKit/537.36 (KHTML, like Gecko) Chrome/62.0.3202.94 Safari/537.36"
216.244.66.236 - - [29/Apr/2018:23:54:16 -0400] "GET /papers/2014-pre/poller-nspw2014pre.pdf HTTP/1.1" 404 7916 "-" "Mozilla/5.0 (compatible; DotBot/1.1; http://www.opensiteexplorer.org/dotbot, help@moz.com)"
66.249.73.87 - - [29/Apr/2018:23:54:22 -0400] "GET /papers/1999/nspw1999-henning.pdf HTTP/1.1" 200 666930 "-" "Mozilla/5.0 (compatible; Googlebot/2.1; +http://www.google.com/bot.html)"
66.249.73.91 - - [29/Apr/2018:23:56:05 -0400] "GET /papers/2013/nspw2013-mathur.pdf HTTP/1.1" 200 1319255 "-" "Mozilla/5.0 (Linux; Android 6.0.1; Nexus 5X Build/MMB29P) AppleWebKit/537.36 (KHTML, like Gecko) Chrome/41.0.2272.96 Mobile Safari/537.36 (compatible; Googlebot/2.1; +http://www.google.com/bot.html)"
69.162.124.227 - - [29/Apr/2018:23:56:17 -0400] "HEAD / HTTP/1.1" 200 3874 "http://nspw.org/" "Mozilla/5.0+(compatible; UptimeRobot/2.0; http://www.uptimerobot.com/)"
88.241.89.196 - - [29/Apr/2018:23:56:37 -0400] "GET /wp-login.php HTTP/1.1" 404 8176 "-" "Mozilla/5.0 (Windows NT 6.1; WOW64; rv:40.0) Gecko/20100101 Firefox/40.1"
73.139.210.148 - - [29/Apr/2018:23:56:38 -0400] "GET /wp-login.php HTTP/1.1" 404 7985 "-" "Mozilla/5.0 (Windows NT 6.1; WOW64; rv:40.0) Gecko/20100101 Firefox/40.1"
73.139.210.148 - - [29/Apr/2018:23:56:38 -0400] "GET / HTTP/1.1" 200 8206 "-" "Mozilla/5.0 (Windows NT 6.1; WOW64; rv:40.0) Gecko/20100101 Firefox/40.1"
88.241.89.196 - - [29/Apr/2018:23:56:38 -0400] "GET / HTTP/1.1" 200 8298 "-" "Mozilla/5.0 (Windows NT 6.1; WOW64; rv:40.0) Gecko/20100101 Firefox/40.1"
66.249.73.87 - - [29/Apr/2018:23:57:49 -0400] "GET /2009/proceedings/2010/nspw2010-molnar.pdf HTTP/1.1" 200 434001 "-" "Mozilla/5.0 (compatible; Googlebot/2.1; +http://www.google.com/bot.html)"
66.249.73.91 - - [29/Apr/2018:23:59:32 -0400] "GET /2007/nspw-footer.html HTTP/1.1" 200 4259 "-" "Mozilla/5.0 (Linux; Android 6.0.1; Nexus 5X Build/MMB29P) AppleWebKit/537.36 (KHTML, like Gecko) Chrome/41.0.2272.96 Mobile Safari/537.36 (compatible; Googlebot/2.1; +http://www.google.com/bot.html)"
119.56.107.249 - - [30/Apr/2018:00:00:35 -0400] "GET / HTTP/1.1" 200 6620 "https://www.google.com.sg/" "Mozilla/5.0 (Windows NT 10.0; Win64; x64) AppleWebKit/537.36 (KHTML, like Gecko) Chrome/66.0.3359.139 Safari/537.36"
119.56.107.249 - - [30/Apr/2018:00:00:35 -0400] "GET /modules/system/system.base.css?p7r9uw HTTP/1.1" 200 2307 "-" "Mozilla/5.0 (Windows NT 10.0; Win64; x64) AppleWebKit/537.36 (KHTML, like Gecko) Chrome/66.0.3359.139 Safari/537.36"
119.56.107.249 - - [30/Apr/2018:00:00:35 -0400] "GET /modules/system/system.menus.css?p7r9uw HTTP/1.1" 200 1025 "-" "Mozilla/5.0 (Windows NT 10.0; Win64; x64) AppleWebKit/537.36 (KHTML, like Gecko) Chrome/66.0.3359.139 Safari/537.36"
119.56.107.249 - - [30/Apr/2018:00:00:36 -0400] "GET /modules/system/system.messages.css?p7r9uw HTTP/1.1" 200 746 "-" "Mozilla/5.0 (Windows NT 10.0; Win64; x64) AppleWebKit/537.36 (KHTML, like Gecko) Chrome/66.0.3359.139 Safari/537.36"
119.56.107.249 - - [30/Apr/2018:00:00:36 -0400] "GET /modules/system/system.theme.css?p7r9uw HTTP/1.1" 200 1585 "-" "Mozilla/5.0 (Windows NT 10.0; Win64; x64) AppleWebKit/537.36 (KHTML, like Gecko) Chrome/66.0.3359.139 Safari/537.36"
119.56.107.249 - - [30/Apr/2018:00:00:36 -0400] "GET /modules/comment/comment.css?p7r9uw HTTP/1.1" 200 505 "-" "Mozilla/5.0 (Windows NT 10.0; Win64; x64) AppleWebKit/537.36 (KHTML, like Gecko) Chrome/66.0.3359.139 Safari/537.36"
119.56.107.249 - - [30/Apr/2018:00:00:36 -0400] "GET /modules/field/theme/field.css?p7r9uw HTTP/1.1" 200 599 "-" "Mozilla/5.0 (Windows NT 10.0; Win64; x64) AppleWebKit/537.36 (KHTML, like Gecko) Chrome/66.0.3359.139 Safari/537.36"
119.56.107.249 - - [30/Apr/2018:00:00:37 -0400] "GET /modules/node/node.css?p7r9uw HTTP/1.1" 200 472 "-" "Mozilla/5.0 (Windows NT 10.0; Win64; x64) AppleWebKit/537.36 (KHTML, like Gecko) Chrome/66.0.3359.139 Safari/537.36"
119.56.107.249 - - [30/Apr/2018:00:00:37 -0400] "GET /modules/user/user.css?p7r9uw HTTP/1.1" 200 1062 "-" "Mozilla/5.0 (Windows NT 10.0; Win64; x64) AppleWebKit/537.36 (KHTML, like Gecko) Chrome/66.0.3359.139 Safari/537.36"
119.56.107.249 - - [30/Apr/2018:00:00:37 -0400] "GET /themes/garland/style.css?p7r9uw HTTP/1.1" 200 5370 "-" "Mozilla/5.0 (Windows NT 10.0; Win64; x64) AppleWebKit/537.36 (KHTML, like Gecko) Chrome/66.0.3359.139 Safari/537.36"
119.56.107.249 - - [30/Apr/2018:00:00:38 -0400] "GET /themes/garland/print.css?p7r9uw HTTP/1.1" 200 771 "-" "Mozilla/5.0 (Windows NT 10.0; Win64; x64) AppleWebKit/537.36 (KHTML, like Gecko) Chrome/66.0.3359.139 Safari/537.36"
119.56.107.249 - - [30/Apr/2018:00:00:38 -0400] "GET /misc/jquery.js?v=1.4.4 HTTP/1.1" 200 27601 "https://www.nspw.org/" "Mozilla/5.0 (Windows NT 10.0; Win64; x64) AppleWebKit/537.36 (KHTML, like Gecko) Chrome/66.0.3359.139 Safari/537.36"
119.56.107.249 - - [30/Apr/2018:00:00:39 -0400] "GET /misc/jquery.once.js?v=1.2 HTTP/1.1" 200 1445 "https://www.nspw.org/" "Mozilla/5.0 (Windows NT 10.0; Win64; x64) AppleWebKit/537.36 (KHTML, like Gecko) Chrome/66.0.3359.139 Safari/537.36"
119.56.107.249 - - [30/Apr/2018:00:00:40 -0400] "GET /misc/drupal.js?p7r9uw HTTP/1.1" 200 7372 "https://www.nspw.org/" "Mozilla/5.0 (Windows NT 10.0; Win64; x64) AppleWebKit/537.36 (KHTML, like Gecko) Chrome/66.0.3359.139 Safari/537.36"
119.56.107.249 - - [30/Apr/2018:00:00:41 -0400] "GET /sites/default/files/nspw-logo-smaller.jpg HTTP/1.1" 200 2534 "https://www.nspw.org/" "Mozilla/5.0 (Windows NT 10.0; Win64; x64) AppleWebKit/537.36 (KHTML, like Gecko) Chrome/66.0.3359.139 Safari/537.36"
66.249.73.87 - - [30/Apr/2018:00:01:15 -0400] "GET /2018/dates HTTP/1.1" 200 6270 "-" "Mozilla/5.0 (compatible; Googlebot/2.1; +http://www.google.com/bot.html)"
69.162.124.227 - - [30/Apr/2018:00:01:17 -0400] "HEAD / HTTP/1.1" 200 3874 "http://nspw.org/" "Mozilla/5.0+(compatible; UptimeRobot/2.0; http://www.uptimerobot.com/)"
66.249.73.87 - - [30/Apr/2018:00:03:00 -0400] "GET /papers/2009/nspw2009-gates.pdf HTTP/1.1" 200 398465 "-" "Mozilla/5.0 (compatible; Googlebot/2.1; +http://www.google.com/bot.html)"
66.249.73.87 - - [30/Apr/2018:00:04:42 -0400] "GET /papers/1998/nspw1998-foley.pdf HTTP/1.1" 304 3605 "-" "Mozilla/5.0 (Linux; Android 6.0.1; Nexus 5X Build/MMB29P) AppleWebKit/537.36 (KHTML, like Gecko) Chrome/41.0.2272.96 Mobile Safari/537.36 (compatible; Googlebot/2.1; +http://www.google.com/bot.html)"
69.162.124.227 - - [30/Apr/2018:00:06:17 -0400] "HEAD / HTTP/1.1" 200 3874 "http://nspw.org/" "Mozilla/5.0+(compatible; UptimeRobot/2.0; http://www.uptimerobot.com/)"
66.249.73.89 - - [30/Apr/2018:00:06:25 -0400] "GET /papers/2000/nspw2000-bruschi.pdf HTTP/1.1" 304 3605 "-" "Mozilla/5.0 (Linux; Android 6.0.1; Nexus 5X Build/MMB29P) AppleWebKit/537.36 (KHTML, like Gecko) Chrome/41.0.2272.96 Mobile Safari/537.36 (compatible; Googlebot/2.1; +http://www.google.com/bot.html)"
112.134.47.243 - - [30/Apr/2018:00:06:36 -0400] "GET /wp-login.php HTTP/1.1" 404 7491 "-" "Mozilla/5.0 (Windows NT 6.1; WOW64; rv:40.0) Gecko/20100101 Firefox/40.1"
36.110.211.42 - - [30/Apr/2018:00:07:14 -0400] "GET / HTTP/1.1" 200 6622 "http://www.so.com/" "Mozilla/5.0 (Windows NT 6.2; rv:30.0) Gecko/20150101 Firefox/32.0 360Spider 360Spider"
36.110.211.42 - - [30/Apr/2018:00:07:15 -0400] "GET /modules/system/system.base.css?p7r9uw HTTP/1.1" 200 2307 "http://www.so.com/" "Mozilla/5.0 (Windows NT 6.2; rv:30.0) Gecko/20150101 Firefox/32.0 360Spider 360Spider"
36.110.211.42 - - [30/Apr/2018:00:07:15 -0400] "GET /modules/system/system.menus.css?p7r9uw HTTP/1.1" 200 1025 "http://www.so.com/" "Mozilla/5.0 (Windows NT 6.2; rv:30.0) Gecko/20150101 Firefox/32.0 360Spider 360Spider"
36.110.211.41 - - [30/Apr/2018:00:07:15 -0400] "GET /modules/system/system.messages.css?p7r9uw HTTP/1.1" 200 903 "http://www.so.com/" "Mozilla/5.0 (Windows NT 6.2; rv:30.0) Gecko/20150101 Firefox/32.0 360Spider 360Spider"
36.110.211.107 - - [30/Apr/2018:00:07:15 -0400] "GET /modules/system/system.theme.css?p7r9uw HTTP/1.1" 200 1742 "http://www.so.com/" "Mozilla/5.0 (Windows NT 6.2; rv:30.0) Gecko/20150101 Firefox/32.0 360Spider 360Spider"
36.110.211.109 - - [30/Apr/2018:00:07:15 -0400] "GET /modules/node/node.css?p7r9uw HTTP/1.1" 200 629 "http://www.so.com/" "Mozilla/5.0 (Windows NT 6.2; rv:30.0) Gecko/20150101 Firefox/32.0 360Spider 360Spider"
36.110.211.108 - - [30/Apr/2018:00:07:15 -0400] "GET /modules/field/theme/field.css?p7r9uw HTTP/1.1" 200 756 "http://www.so.com/" "Mozilla/5.0 (Windows NT 6.2; rv:30.0) Gecko/20150101 Firefox/32.0 360Spider 360Spider"
36.110.211.42 - - [30/Apr/2018:00:07:15 -0400] "GET /modules/comment/comment.css?p7r9uw HTTP/1.1" 200 505 "http://www.so.com/" "Mozilla/5.0 (Windows NT 6.2; rv:30.0) Gecko/20150101 Firefox/32.0 360Spider 360Spider"
36.110.211.42 - - [30/Apr/2018:00:07:15 -0400] "GET /modules/user/user.css?p7r9uw HTTP/1.1" 200 1219 "http://www.so.com/" "Mozilla/5.0 (Windows NT 6.2; rv:30.0) Gecko/20150101 Firefox/32.0 360Spider 360Spider"
36.110.211.41 - - [30/Apr/2018:00:07:16 -0400] "GET /themes/garland/style.css?p7r9uw HTTP/1.1" 200 5370 "http://www.so.com/" "Mozilla/5.0 (Windows NT 6.2; rv:30.0) Gecko/20150101 Firefox/32.0 360Spider 360Spider"
36.110.211.107 - - [30/Apr/2018:00:07:16 -0400] "GET /themes/garland/print.css?p7r9uw HTTP/1.1" 200 771 "http://www.so.com/" "Mozilla/5.0 (Windows NT 6.2; rv:30.0) Gecko/20150101 Firefox/32.0 360Spider 360Spider"
36.110.211.109 - - [30/Apr/2018:00:07:16 -0400] "GET /misc/jquery.once.js?v=1.2 HTTP/1.1" 200 1445 "http://www.so.com/" "Mozilla/5.0 (Windows NT 6.2; rv:30.0) Gecko/20150101 Firefox/32.0 360Spider 360Spider"
36.110.211.108 - - [30/Apr/2018:00:07:16 -0400] "GET /misc/jquery.js?v=1.4.4 HTTP/1.1" 200 27601 "http://www.so.com/" "Mozilla/5.0 (Windows NT 6.2; rv:30.0) Gecko/20150101 Firefox/32.0 360Spider 360Spider"
36.110.211.42 - - [30/Apr/2018:00:07:16 -0400] "GET /misc/drupal.js?p7r9uw HTTP/1.1" 200 7372 "http://www.so.com/" "Mozilla/5.0 (Windows NT 6.2; rv:30.0) Gecko/20150101 Firefox/32.0 360Spider 360Spider"
66.249.73.87 - - [30/Apr/2018:00:08:09 -0400] "GET /papers/2008/nspw2008-crandall.pdf HTTP/1.1" 304 3605 "-" "Mozilla/5.0 (Linux; Android 6.0.1; Nexus 5X Build/MMB29P) AppleWebKit/537.36 (KHTML, like Gecko) Chrome/41.0.2272.96 Mobile Safari/537.36 (compatible; Googlebot/2.1; +http://www.google.com/bot.html)"
103.88.217.194 - - [30/Apr/2018:00:08:27 -0400] "GET /wp-login.php HTTP/1.1" 404 7491 "-" "Mozilla/5.0 (Windows NT 6.1; WOW64; rv:40.0) Gecko/20100101 Firefox/40.1"
103.88.217.194 - - [30/Apr/2018:00:08:27 -0400] "GET / HTTP/1.1" 200 8218 "-" "Mozilla/5.0 (Windows NT 6.1; WOW64; rv:40.0) Gecko/20100101 Firefox/40.1"
100.43.91.123 - - [30/Apr/2018:00:07:52 -0400] "GET /2009/proceedings/1997/nspw1997-cheung.pdf HTTP/1.1" 200 1193120 "-" "Mozilla/5.0 (compatible; YandexBot/3.0; +http://yandex.com/bots)"
93.158.161.149 - - [30/Apr/2018:00:08:52 -0400] "GET /2008/invite/workshopformat.html HTTP/1.1" 200 6337 "-" "Mozilla/5.0 (compatible; YandexBot/3.0; +http://yandex.com/bots)"
100.43.91.123 - - [30/Apr/2018:00:08:58 -0400] "GET /2009/proceedings/1997/nspw1997-cheung.pdf HTTP/1.1" 200 1005788 "-" "Mozilla/5.0 (compatible; YandexBot/3.0; +http://yandex.com/bots)"
77.88.47.3 - - [30/Apr/2018:00:09:50 -0400] "GET /2008/invite/workshopformat.html HTTP/1.1" 200 6337 "-" "Mozilla/5.0 (compatible; YandexBot/3.0; +http://yandex.com/bots)"
66.249.73.91 - - [30/Apr/2018:00:09:52 -0400] "GET /proceedings HTTP/1.1" 200 6343 "-" "Mozilla/5.0 (compatible; Googlebot/2.1; +http://www.google.com/bot.html)"
69.162.124.227 - - [30/Apr/2018:00:11:17 -0400] "HEAD / HTTP/1.1" 200 3874 "http://nspw.org/" "Mozilla/5.0+(compatible; UptimeRobot/2.0; http://www.uptimerobot.com/)"
66.249.73.87 - - [30/Apr/2018:00:11:35 -0400] "GET /papers/2007/nspw2007-somayaji.pdf HTTP/1.1" 304 3605 "-" "Mozilla/5.0 (compatible; Googlebot/2.1; +http://www.google.com/bot.html)"
66.249.73.89 - - [30/Apr/2018:00:11:42 -0400] "GET /2008/index.shtml HTTP/1.1" 200 5538 "-" "Mozilla/5.0 (Linux; Android 6.0.1; Nexus 5X Build/MMB29P) AppleWebKit/537.36 (KHTML, like Gecko) Chrome/41.0.2272.96 Mobile Safari/537.36 (compatible; Googlebot/2.1; +http://www.google.com/bot.html)"
59.106.108.116 - - [30/Apr/2018:00:12:04 -0400] "GET /current/ HTTP/1.1" 200 12401 "-" "Hatena Antenna/0.5 (http://a.hatena.ne.jp/help)"
66.249.73.91 - - [30/Apr/2018:00:13:04 -0400] "GET /current/submission.shtml HTTP/1.1" 404 8022 "-" "Mozilla/5.0 (compatible; Googlebot/2.1; +http://www.google.com/bot.html)"
66.249.73.87 - - [30/Apr/2018:00:13:19 -0400] "GET /papers/1999/nspw1999-schneider.pdf HTTP/1.1" 200 682818 "-" "Mozilla/5.0 (compatible; Googlebot/2.1; +http://www.google.com/bot.html)"
199.16.157.183 - - [30/Apr/2018:00:14:04 -0400] "GET /robots.txt HTTP/1.1" 200 5699 "-" "Twitterbot/1.0"
66.249.73.91 - - [30/Apr/2018:00:15:02 -0400] "GET /papers/2006/nspw2006-gates.pdf HTTP/1.1" 200 149498 "-" "Mozilla/5.0 (compatible; Googlebot/2.1; +http://www.google.com/bot.html)"
87.229.51.48 - - [30/Apr/2018:00:15:13 -0400] "GET /sites/default/files/rcwbinyt.php HTTP/1.0" 404 8056 "-" "Mozilla/5.0 (compatible; MSIE 10.0; Windows NT 6.1; Trident/6.0)q=0.8, Mozilla/5.0 (compatible; MSIE 10.0; Windows NT 6.1; Trident/6.0)mpatible; MSIE 10.0; Windows NT 6.1; Trident/6.0)"
45.33.61.22 - - [30/Apr/2018:00:15:21 -0400] "GET /sites/default/files/qrhtjnpi.php HTTP/1.0" 404 8140 "http://nspw.org/sites/default/files/qrhtjnpi.php" "Mozilla/5.0 (Windows NT 6.3; Win64; x64) AppleWebKit/537.36 (KHTML, like Gecko) Chrome/59.0.3071.115 Safari/537.36"
66.198.252.209 - - [30/Apr/2018:00:15:22 -0400] "GET /sites/default/files/right.php HTTP/1.0" 404 8134 "http://nspw.org/sites/default/files/right.php" "Mozilla/5.0 (iPhone; CPU iPhone OS 10_2_1 like Mac OS X) AppleWebKit/602.4.6 (KHTML, like Gecko) Version/10.0 Mobile/14D27 Safari/602.1"
216.244.66.236 - - [30/Apr/2018:00:16:04 -0400] "GET /robots.txt HTTP/1.1" 200 5796 "-" "Mozilla/5.0 (compatible; DotBot/1.1; http://www.opensiteexplorer.org/dotbot, help@moz.com)"
69.162.124.227 - - [30/Apr/2018:00:16:17 -0400] "HEAD / HTTP/1.1" 200 3874 "http://nspw.org/" "Mozilla/5.0+(compatible; UptimeRobot/2.0; http://www.uptimerobot.com/)"
66.249.73.89 - - [30/Apr/2018:00:16:46 -0400] "GET /papers/2013/nspw2013-peisert.pdf HTTP/1.1" 200 712024 "-" "Mozilla/5.0 (compatible; Googlebot/2.1; +http://www.google.com/bot.html)"
66.249.73.89 - - [30/Apr/2018:00:18:30 -0400] "GET /papers/2006/nspw2006-wang.pdf HTTP/1.1" 200 512250 "-" "Mozilla/5.0 (compatible; Googlebot/2.1; +http://www.google.com/bot.html)"
66.249.73.91 - - [30/Apr/2018:00:20:12 -0400] "GET /2018/cfp HTTP/1.1" 200 8152 "-" "Mozilla/5.0 (compatible; Googlebot/2.1; +http://www.google.com/bot.html)"
69.162.124.227 - - [30/Apr/2018:00:21:17 -0400] "HEAD / HTTP/1.1" 200 3874 "http://nspw.org/" "Mozilla/5.0+(compatible; UptimeRobot/2.0; http://www.uptimerobot.com/)"
66.249.73.91 - - [30/Apr/2018:00:25:22 -0400] "GET /2009/proceedings/1996/nspw1996-wulf.pdf HTTP/1.1" 304 3606 "-" "Mozilla/5.0 (compatible; Googlebot/2.1; +http://www.google.com/bot.html)"
115.113.230.10 - - [30/Apr/2018:00:25:23 -0400] "GET /wp-login.php HTTP/1.1" 404 8018 "-" "Mozilla/5.0 (Windows NT 6.1; WOW64; rv:40.0) Gecko/20100101 Firefox/40.1"
115.113.230.10 - - [30/Apr/2018:00:25:23 -0400] "GET / HTTP/1.1" 200 8206 "-" "Mozilla/5.0 (Windows NT 6.1; WOW64; rv:40.0) Gecko/20100101 Firefox/40.1"
69.162.124.227 - - [30/Apr/2018:00:26:17 -0400] "HEAD / HTTP/1.1" 200 3874 "http://nspw.org/" "Mozilla/5.0+(compatible; UptimeRobot/2.0; http://www.uptimerobot.com/)"
66.249.73.91 - - [30/Apr/2018:00:27:01 -0400] "GET /2017/accepted HTTP/1.1" 200 6762 "-" "Mozilla/5.0 (compatible; Googlebot/2.1; +http://www.google.com/bot.html)"
66.249.73.89 - - [30/Apr/2018:00:27:05 -0400] "GET /papers/1993/nspw1993-hammonds.pdf HTTP/1.1" 200 437741 "-" "Mozilla/5.0 (Linux; Android 6.0.1; Nexus 5X Build/MMB29P) AppleWebKit/537.36 (KHTML, like Gecko) Chrome/41.0.2272.96 Mobile Safari/537.36 (compatible; Googlebot/2.1; +http://www.google.com/bot.html)"
216.244.66.200 - - [30/Apr/2018:00:27:50 -0400] "GET /robots.txt HTTP/1.1" 200 5796 "-" "Mozilla/5.0 (compatible; DotBot/1.1; http://www.opensiteexplorer.org/dotbot, help@moz.com)"
35.226.23.240 - - [30/Apr/2018:00:28:23 -0400] "GET /robots.txt HTTP/1.1" 200 4480 "-" "ltx71 - (http://ltx71.com/)"
66.249.73.91 - - [30/Apr/2018:00:28:49 -0400] "GET /2003/index.shtml HTTP/1.1" 200 5381 "-" "Mozilla/5.0 (Linux; Android 6.0.1; Nexus 5X Build/MMB29P) AppleWebKit/537.36 (KHTML, like Gecko) Chrome/41.0.2272.96 Mobile Safari/537.36 (compatible; Googlebot/2.1; +http://www.google.com/bot.html)"
34.231.5.82 - - [30/Apr/2018:00:29:40 -0400] "HEAD /papers/1999/nspw1999-timmerman.pdf HTTP/1.1" 200 3628 "-" "Blackboard Safeassign"
34.231.5.82 - - [30/Apr/2018:00:29:41 -0400] "GET /papers/1999/nspw1999-timmerman.pdf HTTP/1.1" 200 871075 "-" "Blackboard Safeassign"
66.249.73.87 - - [30/Apr/2018:00:30:32 -0400] "GET /2004/nspw-footer.html HTTP/1.1" 200 4245 "-" "Mozilla/5.0 (Linux; Android 6.0.1; Nexus 5X Build/MMB29P) AppleWebKit/537.36 (KHTML, like Gecko) Chrome/41.0.2272.96 Mobile Safari/537.36 (compatible; Googlebot/2.1; +http://www.google.com/bot.html)"
69.162.124.227 - - [30/Apr/2018:00:31:17 -0400] "HEAD / HTTP/1.1" 200 3874 "http://nspw.org/" "Mozilla/5.0+(compatible; UptimeRobot/2.0; http://www.uptimerobot.com/)"
66.249.73.87 - - [30/Apr/2018:00:32:16 -0400] "GET /papers/2012/docs/p1.pdf HTTP/1.1" 304 3605 "-" "Mozilla/5.0 (Linux; Android 6.0.1; Nexus 5X Build/MMB29P) AppleWebKit/537.36 (KHTML, like Gecko) Chrome/41.0.2272.96 Mobile Safari/537.36 (compatible; Googlebot/2.1; +http://www.google.com/bot.html)"
208.54.40.209 - - [30/Apr/2018:00:33:37 -0400] "GET /papers/2007/nspw2007-mannan.pdf HTTP/1.1" 200 502385 "-" "Mozilla/5.0 (iPhone; CPU iPhone OS 11_2_5 like Mac OS X) AppleWebKit/604.5.6 (KHTML, like Gecko) Version/11.0 Mobile/15D60 Safari/604.1"
208.54.40.209 - - [30/Apr/2018:00:33:58 -0400] "GET /apple-touch-icon-120x120-precomposed.png HTTP/1.1" 404 3943 "-" "MobileSafari/604.1 CFNetwork/894 Darwin/17.4.0"
208.54.40.209 - - [30/Apr/2018:00:33:58 -0400] "GET /apple-touch-icon-120x120.png HTTP/1.1" 404 717 "-" "MobileSafari/604.1 CFNetwork/894 Darwin/17.4.0"
208.54.40.209 - - [30/Apr/2018:00:33:58 -0400] "GET /apple-touch-icon-precomposed.png HTTP/1.1" 404 721 "-" "MobileSafari/604.1 CFNetwork/894 Darwin/17.4.0"
208.54.40.209 - - [30/Apr/2018:00:33:59 -0400] "GET /apple-touch-icon.png HTTP/1.1" 404 709 "-" "MobileSafari/604.1 CFNetwork/894 Darwin/17.4.0"
208.54.40.209 - - [30/Apr/2018:00:33:59 -0400] "GET /favicon.ico HTTP/1.1" 404 700 "-" "MobileSafari/604.1 CFNetwork/894 Darwin/17.4.0"
208.54.40.209 - - [30/Apr/2018:00:33:59 -0400] "GET /apple-touch-icon-120x120-precomposed.png HTTP/1.1" 404 729 "-" "MobileSafari/604.1 CFNetwork/894 Darwin/17.4.0"
208.54.40.209 - - [30/Apr/2018:00:33:59 -0400] "GET /apple-touch-icon-120x120.png HTTP/1.1" 404 717 "-" "MobileSafari/604.1 CFNetwork/894 Darwin/17.4.0"
208.54.40.209 - - [30/Apr/2018:00:33:59 -0400] "GET /apple-touch-icon-precomposed.png HTTP/1.1" 404 721 "-" "MobileSafari/604.1 CFNetwork/894 Darwin/17.4.0"
66.249.73.87 - - [30/Apr/2018:00:33:59 -0400] "GET /2006/papers.shtml HTTP/1.1" 200 4822 "-" "Mozilla/5.0 (Linux; Android 6.0.1; Nexus 5X Build/MMB29P) AppleWebKit/537.36 (KHTML, like Gecko) Chrome/41.0.2272.96 Mobile Safari/537.36 (compatible; Googlebot/2.1; +http://www.google.com/bot.html)"
208.54.40.209 - - [30/Apr/2018:00:33:59 -0400] "GET /apple-touch-icon.png HTTP/1.1" 404 709 "-" "MobileSafari/604.1 CFNetwork/894 Darwin/17.4.0"
208.54.40.209 - - [30/Apr/2018:00:33:59 -0400] "GET /favicon.ico HTTP/1.1" 404 700 "-" "MobileSafari/604.1 CFNetwork/894 Darwin/17.4.0"
66.249.73.89 - - [30/Apr/2018:00:35:42 -0400] "GET /papers/2007/nspw2007-nali.pdf HTTP/1.1" 304 3605 "-" "Mozilla/5.0 (Linux; Android 6.0.1; Nexus 5X Build/MMB29P) AppleWebKit/537.36 (KHTML, like Gecko) Chrome/41.0.2272.96 Mobile Safari/537.36 (compatible; Googlebot/2.1; +http://www.google.com/bot.html)"
69.162.124.227 - - [30/Apr/2018:00:36:17 -0400] "HEAD / HTTP/1.1" 200 3874 "http://nspw.org/" "Mozilla/5.0+(compatible; UptimeRobot/2.0; http://www.uptimerobot.com/)"
80.229.232.214 - - [30/Apr/2018:00:36:34 -0400] "GET /wp-login.php HTTP/1.1" 404 7985 "-" "Mozilla/5.0 (Windows NT 6.1; WOW64; rv:40.0) Gecko/20100101 Firefox/40.1"
80.229.232.214 - - [30/Apr/2018:00:36:35 -0400] "GET / HTTP/1.1" 200 8206 "-" "Mozilla/5.0 (Windows NT 6.1; WOW64; rv:40.0) Gecko/20100101 Firefox/40.1"
2.49.116.95 - - [30/Apr/2018:00:37:05 -0400] "GET /wp-login.php HTTP/1.1" 404 7903 "-" "Mozilla/5.0 (Windows NT 6.1; WOW64; rv:40.0) Gecko/20100101 Firefox/40.1"
2.49.116.95 - - [30/Apr/2018:00:37:07 -0400] "GET / HTTP/1.1" 200 8218 "-" "Mozilla/5.0 (Windows NT 6.1; WOW64; rv:40.0) Gecko/20100101 Firefox/40.1"
66.249.73.91 - - [30/Apr/2018:00:37:26 -0400] "GET /papers/2007/nspw2007-kursawe.pdf HTTP/1.1" 304 3605 "-" "Mozilla/5.0 (compatible; Googlebot/2.1; +http://www.google.com/bot.html)"
111.206.52.66 - - [30/Apr/2018:00:37:48 -0400] "GET / HTTP/1.1" 200 11540 "http://www.so.com" "Mozilla/5.0 (Windows NT 6.2; rv:30.0) Gecko/20150101 Firefox/32.0 360Spider 360Spider"
40.77.167.28 - - [30/Apr/2018:00:38:39 -0400] "GET /2018 HTTP/1.1" 200 7381 "-" "Mozilla/5.0 (compatible; bingbot/2.0; +http://www.bing.com/bingbot.htm)"
66.249.73.91 - - [30/Apr/2018:00:39:09 -0400] "GET /papers/2004/nspw2004-allwein.pdf HTTP/1.1" 304 3605 "-" "Mozilla/5.0 (compatible; Googlebot/2.1; +http://www.google.com/bot.html)"
106.206.8.5 - - [30/Apr/2018:00:39:24 -0400] "GET /wp-login.php HTTP/1.1" 404 7491 "-" "Mozilla/5.0 (Windows NT 6.1; WOW64; rv:40.0) Gecko/20100101 Firefox/40.1"
106.206.8.5 - - [30/Apr/2018:00:39:26 -0400] "GET / HTTP/1.1" 200 8218 "-" "Mozilla/5.0 (Windows NT 6.1; WOW64; rv:40.0) Gecko/20100101 Firefox/40.1"
216.244.66.236 - - [30/Apr/2018:00:39:39 -0400] "GET /robots.txt HTTP/1.1" 200 5796 "-" "Mozilla/5.0 (compatible; DotBot/1.1; http://www.opensiteexplorer.org/dotbot, help@moz.com)"
178.153.66.223 - - [30/Apr/2018:00:39:46 -0400] "GET /wp-login.php HTTP/1.1" 404 7484 "-" "Mozilla/5.0 (Windows NT 6.1; WOW64; rv:40.0) Gecko/20100101 Firefox/40.1"
178.153.66.223 - - [30/Apr/2018:00:39:47 -0400] "GET / HTTP/1.1" 200 8218 "-" "Mozilla/5.0 (Windows NT 6.1; WOW64; rv:40.0) Gecko/20100101 Firefox/40.1"
180.191.87.186 - - [30/Apr/2018:00:39:55 -0400] "GET /wp-login.php HTTP/1.1" 404 7484 "-" "Mozilla/5.0 (Windows NT 6.1; WOW64; rv:40.0) Gecko/20100101 Firefox/40.1"
180.191.87.186 - - [30/Apr/2018:00:39:57 -0400] "GET / HTTP/1.1" 200 8218 "-" "Mozilla/5.0 (Windows NT 6.1; WOW64; rv:40.0) Gecko/20100101 Firefox/40.1"
66.249.73.91 - - [30/Apr/2018:00:40:53 -0400] "GET /papers/2010/nspw2010-lilien.pdf HTTP/1.1" 200 740643 "-" "Mozilla/5.0 (compatible; Googlebot/2.1; +http://www.google.com/bot.html)"
69.162.124.227 - - [30/Apr/2018:00:41:17 -0400] "HEAD / HTTP/1.1" 200 3874 "http://nspw.org/" "Mozilla/5.0+(compatible; UptimeRobot/2.0; http://www.uptimerobot.com/)"
64.62.252.169 - - [30/Apr/2018:00:41:50 -0400] "GET /robots.txt HTTP/1.1" 200 4444 "-" "The Knowledge AI"
216.244.66.236 - - [30/Apr/2018:00:42:24 -0400] "GET /papers/2010/paper%2031.pdf HTTP/1.1" 404 7894 "-" "Mozilla/5.0 (compatible; DotBot/1.1; http://www.opensiteexplorer.org/dotbot, help@moz.com)"
66.249.73.89 - - [30/Apr/2018:00:42:36 -0400] "GET /2009/proceedings/2001/nspw2001-brostoff.pdf HTTP/1.1" 200 1048585 "-" "Mozilla/5.0 (compatible; Googlebot/2.1; +http://www.google.com/bot.html)"
157.55.39.182 - - [30/Apr/2018:00:43:00 -0400] "GET /papers/1999/nspw1999-henning.pdf HTTP/1.1" 200 667405 "-" "Mozilla/5.0 (iPhone; CPU iPhone OS 7_0 like Mac OS X) AppleWebKit/537.51.1 (KHTML, like Gecko) Version/7.0 Mobile/11A465 Safari/9537.53 (compatible; bingbot/2.0; +http://www.bing.com/bingbot.htm)"
66.249.73.89 - - [30/Apr/2018:00:44:19 -0400] "GET /papers/1993/nspw1993-rooker-2.pdf HTTP/1.1" 200 572187 "-" "Mozilla/5.0 (compatible; Googlebot/2.1; +http://www.google.com/bot.html)"
180.76.15.137 - - [30/Apr/2018:00:45:57 -0400] "GET /papers/2013/nspw2013-ard.pdf HTTP/1.1" 200 740502 "-" "Mozilla/5.0 (compatible; Baiduspider/2.0; +http://www.baidu.com/search/spider.html)"
66.249.73.87 - - [30/Apr/2018:00:46:03 -0400] "GET /papers/2006/nspw2006-naegoe.pdf HTTP/1.1" 200 267940 "-" "Mozilla/5.0 (compatible; Googlebot/2.1; +http://www.google.com/bot.html)"
69.162.124.227 - - [30/Apr/2018:00:46:17 -0400] "HEAD / HTTP/1.1" 200 3874 "http://nspw.org/" "Mozilla/5.0+(compatible; UptimeRobot/2.0; http://www.uptimerobot.com/)"
180.76.15.18 - - [30/Apr/2018:00:46:57 -0400] "GET /papers/2004/nspw2004-popescu.pdf HTTP/1.1" 200 131337 "-" "Mozilla/5.0 (compatible; Baiduspider/2.0; +http://www.baidu.com/search/spider.html)"
66.249.73.87 - - [30/Apr/2018:00:47:46 -0400] "GET /papers/2010/nspw2010-raskin.pdf HTTP/1.1" 200 610901 "-" "Mozilla/5.0 (compatible; Googlebot/2.1; +http://www.google.com/bot.html)"
180.76.15.34 - - [30/Apr/2018:00:47:57 -0400] "GET /2009/invite-old/papers.html HTTP/1.1" 200 4899 "-" "Mozilla/5.0 (compatible; Baiduspider/2.0; +http://www.baidu.com/search/spider.html)"
35.226.23.240 - - [30/Apr/2018:00:48:08 -0400] "GET /robots.txt HTTP/1.1" 200 4480 "-" "ltx71 - (http://ltx71.com/)"
100.43.91.123 - - [30/Apr/2018:00:48:24 -0400] "GET /2009/proceedings/1998/nspw1998-kahn.pdf HTTP/1.1" 200 1044932 "-" "Mozilla/5.0 (compatible; YandexBot/3.0; +http://yandex.com/bots)"
66.249.73.91 - - [30/Apr/2018:00:49:29 -0400] "GET /2009/proceedings/1997/nspw1997-rahman.pdf HTTP/1.1" 304 3606 "-" "Mozilla/5.0 (compatible; Googlebot/2.1; +http://www.google.com/bot.html)"
59.124.153.166 - - [30/Apr/2018:00:49:56 -0400] "GET / HTTP/1.0" 400 0 "-" "-"
66.249.73.91 - - [30/Apr/2018:00:51:13 -0400] "GET /papers/2003/nspw2003-flechais.pdf HTTP/1.1" 200 904662 "-" "Mozilla/5.0 (compatible; Googlebot/2.1; +http://www.google.com/bot.html)"
69.162.124.227 - - [30/Apr/2018:00:51:17 -0400] "HEAD / HTTP/1.1" 200 3874 "http://nspw.org/" "Mozilla/5.0+(compatible; UptimeRobot/2.0; http://www.uptimerobot.com/)"
14.215.176.15 - - [30/Apr/2018:00:52:29 -0400] "GET / HTTP/1.1" 200 6635 "-" "Mozilla/5.0 (Windows NT 6.1; WOW64; rv:43.0) Gecko/20100101 Firefox/43.0"
14.215.176.15 - - [30/Apr/2018:00:52:30 -0400] "GET /modules/system/system.base.css?p7r9uw HTTP/1.1" 200 2307 "https://www.nspw.org/" "Mozilla/5.0 (Windows NT 6.1; WOW64; rv:43.0) Gecko/20100101 Firefox/43.0"
14.215.176.15 - - [30/Apr/2018:00:52:30 -0400] "GET /modules/system/system.menus.css?p7r9uw HTTP/1.1" 200 1025 "https://www.nspw.org/" "Mozilla/5.0 (Windows NT 6.1; WOW64; rv:43.0) Gecko/20100101 Firefox/43.0"
14.215.176.5 - - [30/Apr/2018:00:52:30 -0400] "GET /modules/system/system.messages.css?p7r9uw HTTP/1.1" 200 884 "https://www.nspw.org/" "Mozilla/5.0 (Windows NT 6.1; WOW64; rv:43.0) Gecko/20100101 Firefox/43.0"
14.215.176.5 - - [30/Apr/2018:00:52:30 -0400] "GET /modules/system/system.theme.css?p7r9uw HTTP/1.1" 200 1723 "https://www.nspw.org/" "Mozilla/5.0 (Windows NT 6.1; WOW64; rv:43.0) Gecko/20100101 Firefox/43.0"
14.215.176.10 - - [30/Apr/2018:00:52:30 -0400] "GET /modules/comment/comment.css?p7r9uw HTTP/1.1" 200 643 "https://www.nspw.org/" "Mozilla/5.0 (Windows NT 6.1; WOW64; rv:43.0) Gecko/20100101 Firefox/43.0"
14.215.176.15 - - [30/Apr/2018:00:52:30 -0400] "GET /modules/field/theme/field.css?p7r9uw HTTP/1.1" 200 599 "https://www.nspw.org/" "Mozilla/5.0 (Windows NT 6.1; WOW64; rv:43.0) Gecko/20100101 Firefox/43.0"
14.215.176.9 - - [30/Apr/2018:00:52:30 -0400] "GET /modules/node/node.css?p7r9uw HTTP/1.1" 200 610 "https://www.nspw.org/" "Mozilla/5.0 (Windows NT 6.1; WOW64; rv:43.0) Gecko/20100101 Firefox/43.0"
14.215.176.4 - - [30/Apr/2018:00:52:30 -0400] "GET /modules/user/user.css?p7r9uw HTTP/1.1" 200 1200 "https://www.nspw.org/" "Mozilla/5.0 (Windows NT 6.1; WOW64; rv:43.0) Gecko/20100101 Firefox/43.0"
14.215.176.5 - - [30/Apr/2018:00:52:30 -0400] "GET /themes/garland/style.css?p7r9uw HTTP/1.1" 200 5370 "https://www.nspw.org/" "Mozilla/5.0 (Windows NT 6.1; WOW64; rv:43.0) Gecko/20100101 Firefox/43.0"
14.215.176.5 - - [30/Apr/2018:00:52:30 -0400] "GET /themes/garland/print.css?p7r9uw HTTP/1.1" 200 771 "https://www.nspw.org/" "Mozilla/5.0 (Windows NT 6.1; WOW64; rv:43.0) Gecko/20100101 Firefox/43.0"
14.215.176.10 - - [30/Apr/2018:00:52:30 -0400] "GET /misc/jquery.js?v=1.4.4 HTTP/1.1" 200 27601 "https://www.nspw.org/" "Mozilla/5.0 (Windows NT 6.1; WOW64; rv:43.0) Gecko/20100101 Firefox/43.0"
14.215.176.15 - - [30/Apr/2018:00:52:31 -0400] "GET /misc/jquery.once.js?v=1.2 HTTP/1.1" 200 1445 "https://www.nspw.org/" "Mozilla/5.0 (Windows NT 6.1; WOW64; rv:43.0) Gecko/20100101 Firefox/43.0"
14.215.176.9 - - [30/Apr/2018:00:52:31 -0400] "GET /misc/drupal.js?p7r9uw HTTP/1.1" 200 7372 "https://www.nspw.org/" "Mozilla/5.0 (Windows NT 6.1; WOW64; rv:43.0) Gecko/20100101 Firefox/43.0"
66.249.73.91 - - [30/Apr/2018:00:52:56 -0400] "GET /papers/2006/nspw2006-crawford.pdf HTTP/1.1" 200 401281 "-" "Mozilla/5.0 (compatible; Googlebot/2.1; +http://www.google.com/bot.html)"
207.241.232.46 - - [30/Apr/2018:00:54:15 -0400] "GET /robots.txt HTTP/1.0" 200 5905 "http://nspw.org/robots.txt" "Mozilla/5.0 (compatible; archive.org_bot +http://www.archive.org/details/archive.org_bot)"
66.249.73.91 - - [30/Apr/2018:00:54:39 -0400] "GET /2017/dates HTTP/1.1" 200 6444 "-" "Mozilla/5.0 (compatible; Googlebot/2.1; +http://www.google.com/bot.html)"
69.162.124.227 - - [30/Apr/2018:00:56:17 -0400] "HEAD / HTTP/1.1" 200 3874 "http://nspw.org/" "Mozilla/5.0+(compatible; UptimeRobot/2.0; http://www.uptimerobot.com/)"
66.249.73.89 - - [30/Apr/2018:00:56:23 -0400] "GET /2009/proceedings/1993/nspw1993-lin.pdf HTTP/1.1" 200 1018564 "-" "Mozilla/5.0 (compatible; Googlebot/2.1; +http://www.google.com/bot.html)"
14.215.176.7 - - [30/Apr/2018:00:56:39 -0400] "GET / HTTP/1.1" 200 6636 "-" "Mozilla/5.0 (Windows NT 6.1; WOW64; rv:43.0) Gecko/20100101 Firefox/43.0"
14.215.176.7 - - [30/Apr/2018:00:56:40 -0400] "GET /modules/system/system.base.css?p7r9uw HTTP/1.1" 200 2307 "https://www.nspw.org/" "Mozilla/5.0 (Windows NT 6.1; WOW64; rv:43.0) Gecko/20100101 Firefox/43.0"
14.215.176.7 - - [30/Apr/2018:00:56:40 -0400] "GET /modules/system/system.menus.css?p7r9uw HTTP/1.1" 200 1025 "https://www.nspw.org/" "Mozilla/5.0 (Windows NT 6.1; WOW64; rv:43.0) Gecko/20100101 Firefox/43.0"
14.215.176.11 - - [30/Apr/2018:00:56:40 -0400] "GET /modules/system/system.messages.css?p7r9uw HTTP/1.1" 200 884 "https://www.nspw.org/" "Mozilla/5.0 (Windows NT 6.1; WOW64; rv:43.0) Gecko/20100101 Firefox/43.0"
14.215.176.5 - - [30/Apr/2018:00:56:41 -0400] "GET /modules/system/system.theme.css?p7r9uw HTTP/1.1" 200 1723 "https://www.nspw.org/" "Mozilla/5.0 (Windows NT 6.1; WOW64; rv:43.0) Gecko/20100101 Firefox/43.0"
14.215.176.9 - - [30/Apr/2018:00:56:41 -0400] "GET /modules/comment/comment.css?p7r9uw HTTP/1.1" 200 643 "https://www.nspw.org/" "Mozilla/5.0 (Windows NT 6.1; WOW64; rv:43.0) Gecko/20100101 Firefox/43.0"
14.215.176.7 - - [30/Apr/2018:00:56:41 -0400] "GET /modules/field/theme/field.css?p7r9uw HTTP/1.1" 200 599 "https://www.nspw.org/" "Mozilla/5.0 (Windows NT 6.1; WOW64; rv:43.0) Gecko/20100101 Firefox/43.0"
14.215.176.11 - - [30/Apr/2018:00:56:41 -0400] "GET /modules/node/node.css?p7r9uw HTTP/1.1" 200 472 "https://www.nspw.org/" "Mozilla/5.0 (Windows NT 6.1; WOW64; rv:43.0) Gecko/20100101 Firefox/43.0"
14.215.176.11 - - [30/Apr/2018:00:56:41 -0400] "GET /modules/user/user.css?p7r9uw HTTP/1.1" 200 1062 "https://www.nspw.org/" "Mozilla/5.0 (Windows NT 6.1; WOW64; rv:43.0) Gecko/20100101 Firefox/43.0"
14.215.176.5 - - [30/Apr/2018:00:56:41 -0400] "GET /themes/garland/style.css?p7r9uw HTTP/1.1" 200 5370 "https://www.nspw.org/" "Mozilla/5.0 (Windows NT 6.1; WOW64; rv:43.0) Gecko/20100101 Firefox/43.0"
14.215.176.9 - - [30/Apr/2018:00:56:41 -0400] "GET /themes/garland/print.css?p7r9uw HTTP/1.1" 200 771 "https://www.nspw.org/" "Mozilla/5.0 (Windows NT 6.1; WOW64; rv:43.0) Gecko/20100101 Firefox/43.0"
14.215.176.7 - - [30/Apr/2018:00:56:41 -0400] "GET /misc/jquery.js?v=1.4.4 HTTP/1.1" 200 27601 "https://www.nspw.org/" "Mozilla/5.0 (Windows NT 6.1; WOW64; rv:43.0) Gecko/20100101 Firefox/43.0"
14.215.176.11 - - [30/Apr/2018:00:56:41 -0400] "GET /misc/jquery.once.js?v=1.2 HTTP/1.1" 200 1445 "https://www.nspw.org/" "Mozilla/5.0 (Windows NT 6.1; WOW64; rv:43.0) Gecko/20100101 Firefox/43.0"
14.215.176.9 - - [30/Apr/2018:00:56:41 -0400] "GET /misc/drupal.js?p7r9uw HTTP/1.1" 200 7372 "https://www.nspw.org/" "Mozilla/5.0 (Windows NT 6.1; WOW64; rv:43.0) Gecko/20100101 Firefox/43.0"
73.135.218.72 - - [30/Apr/2018:00:56:47 -0400] "GET /2009/proceedings/2009/nspw2009-herley.pdf HTTP/1.1" 200 189209 "-" "Mozilla/5.0 (Macintosh; Intel Mac OS X 10_12_6) AppleWebKit/537.36 (KHTML, like Gecko) Chrome/65.0.3325.181 Safari/537.36"
73.135.218.72 - - [30/Apr/2018:00:56:48 -0400] "GET /favicon.ico HTTP/1.1" 404 700 "https://www.nspw.org/2009/proceedings/2009/nspw2009-herley.pdf" "Mozilla/5.0 (Macintosh; Intel Mac OS X 10_12_6) AppleWebKit/537.36 (KHTML, like Gecko) Chrome/65.0.3325.181 Safari/537.36"
191.6.95.178 - - [30/Apr/2018:00:57:10 -0400] "GET /wp-login.php HTTP/1.1" 404 7839 "-" "Mozilla/5.0 (Windows NT 6.1; WOW64; rv:40.0) Gecko/20100101 Firefox/40.1"
191.6.95.178 - - [30/Apr/2018:00:57:12 -0400] "GET / HTTP/1.1" 200 8218 "-" "Mozilla/5.0 (Windows NT 6.1; WOW64; rv:40.0) Gecko/20100101 Firefox/40.1"
66.249.73.87 - - [30/Apr/2018:00:58:06 -0400] "GET /papers/2005/nspw2005-flechais.pdf HTTP/1.1" 200 2796418 "-" "Mozilla/5.0 (compatible; Googlebot/2.1; +http://www.google.com/bot.html)"
43.231.209.53 - - [30/Apr/2018:00:58:53 -0400] "GET /wp-login.php HTTP/1.1" 404 7484 "-" "Mozilla/5.0 (Windows NT 6.1; WOW64; rv:40.0) Gecko/20100101 Firefox/40.1"
43.231.209.53 - - [30/Apr/2018:00:58:56 -0400] "GET / HTTP/1.1" 200 8218 "-" "Mozilla/5.0 (Windows NT 6.1; WOW64; rv:40.0) Gecko/20100101 Firefox/40.1"
35.226.23.240 - - [30/Apr/2018:00:59:20 -0400] "GET /robots.txt HTTP/1.1" 200 4480 "-" "ltx71 - (http://ltx71.com/)"
66.249.73.91 - - [30/Apr/2018:00:59:49 -0400] "GET / HTTP/1.1" 200 6605 "-" "Mozilla/5.0 (Linux; Android 6.0.1; Nexus 5X Build/MMB29P) AppleWebKit/537.36 (KHTML, like Gecko) Chrome/41.0.2272.96 Mobile Safari/537.36 (compatible; Googlebot/2.1; +http://www.google.com/bot.html)"
69.162.124.227 - - [30/Apr/2018:01:01:17 -0400] "HEAD / HTTP/1.1" 200 3874 "http://nspw.org/" "Mozilla/5.0+(compatible; UptimeRobot/2.0; http://www.uptimerobot.com/)"
66.249.73.89 - - [30/Apr/2018:01:01:33 -0400] "GET /papers/1996/nspw1996-zurko.pdf HTTP/1.1" 200 887095 "-" "Mozilla/5.0 (compatible; Googlebot/2.1; +http://www.google.com/bot.html)"
216.244.66.236 - - [30/Apr/2018:01:03:01 -0400] "GET /robots.txt HTTP/1.1" 200 5796 "-" "Mozilla/5.0 (compatible; DotBot/1.1; http://www.opensiteexplorer.org/dotbot, help@moz.com)"
66.249.73.89 - - [30/Apr/2018:01:03:16 -0400] "GET /papers/1993/nspw1993-slack.pdf HTTP/1.1" 200 519861 "-" "Mozilla/5.0 (compatible; Googlebot/2.1; +http://www.google.com/bot.html)"
75.157.4.18 - - [30/Apr/2018:01:03:24 -0400] "GET /papers/2007/nspw2007-somayaji.pdf HTTP/1.1" 200 179849 "https://www.google.com/" "Mozilla/5.0 (Macintosh; Intel Mac OS X 10.12; rv:59.0) Gecko/20100101 Firefox/59.0"
75.157.4.18 - - [30/Apr/2018:01:03:24 -0400] "GET /favicon.ico HTTP/1.1" 404 700 "-" "Mozilla/5.0 (Macintosh; Intel Mac OS X 10.12; rv:59.0) Gecko/20100101 Firefox/59.0"
75.157.4.18 - - [30/Apr/2018:01:03:25 -0400] "GET /papers/2007/nspw2007-somayaji.pdf HTTP/1.1" 206 66182 "https://www.google.com/" "Mozilla/5.0 (Macintosh; Intel Mac OS X 10.12; rv:59.0) Gecko/20100101 Firefox/59.0"
75.157.4.18 - - [30/Apr/2018:01:03:25 -0400] "GET /papers/2007/nspw2007-somayaji.pdf HTTP/1.1" 206 45348 "https://www.google.com/" "Mozilla/5.0 (Macintosh; Intel Mac OS X 10.12; rv:59.0) Gecko/20100101 Firefox/59.0"
66.249.73.91 - - [30/Apr/2018:01:04:59 -0400] "GET /2018 HTTP/1.1" 200 6906 "-" "Mozilla/5.0 (compatible; Googlebot/2.1; +http://www.google.com/bot.html)"
