69.162.124.227 - - [05/May/2018:23:05:06 -0400] "HEAD / HTTP/1.1" 200 3874 "http://nspw.org/" "Mozilla/5.0+(compatible; UptimeRobot/2.0; http://www.uptimerobot.com/)"
66.249.64.217 - - [05/May/2018:23:07:32 -0400] "GET / HTTP/1.1" 200 6609 "-" "Mozilla/5.0 (compatible; Googlebot/2.1; +http://www.google.com/bot.html)"
180.76.15.24 - - [05/May/2018:23:08:01 -0400] "GET /2012/submissions HTTP/1.1" 200 13535 "-" "Mozilla/5.0 (compatible; Baiduspider/2.0; +http://www.baidu.com/search/spider.html)"
66.249.64.217 - - [05/May/2018:23:08:53 -0400] "GET /papers/2009/nspw2009-herley.pdf HTTP/1.1" 200 189194 "-" "Mozilla/5.0 (compatible; Googlebot/2.1; +http://www.google.com/bot.html)"
180.76.15.7 - - [05/May/2018:23:09:01 -0400] "GET /papers/2010/nspw2010-moore.pdf HTTP/1.1" 200 741132 "-" "Mozilla/5.0 (compatible; Baiduspider/2.0; +http://www.baidu.com/search/spider.html)"
180.76.15.148 - - [05/May/2018:23:10:01 -0400] "GET /2004/nspw2004program.pdf HTTP/1.1" 200 30919 "-" "Mozilla/5.0 (compatible; Baiduspider/2.0; +http://www.baidu.com/search/spider.html)"
69.162.124.227 - - [05/May/2018:23:10:06 -0400] "HEAD / HTTP/1.1" 200 3874 "http://nspw.org/" "Mozilla/5.0+(compatible; UptimeRobot/2.0; http://www.uptimerobot.com/)"
180.76.15.135 - - [05/May/2018:23:11:01 -0400] "GET /papers/2003/nspw2003-jones.pdf HTTP/1.1" 200 723278 "-" "Mozilla/5.0 (compatible; Baiduspider/2.0; +http://www.baidu.com/search/spider.html)"
102.252.49.132 - - [05/May/2018:23:11:54 -0400] "GET /wp-login.php HTTP/1.1" 404 7839 "-" "Mozilla/5.0 (Windows NT 6.1; WOW64; rv:40.0) Gecko/20100101 Firefox/40.1"
102.252.49.132 - - [05/May/2018:23:11:54 -0400] "GET / HTTP/1.1" 200 8218 "-" "Mozilla/5.0 (Windows NT 6.1; WOW64; rv:40.0) Gecko/20100101 Firefox/40.1"
180.76.15.32 - - [05/May/2018:23:12:01 -0400] "GET /2016/2016/organizers HTTP/1.1" 404 7997 "-" "Mozilla/5.0 (compatible; Baiduspider/2.0; +http://www.baidu.com/search/spider.html)"
180.76.15.160 - - [05/May/2018:23:13:01 -0400] "GET /2015/cfp HTTP/1.1" 200 18680 "-" "Mozilla/5.0 (compatible; Baiduspider/2.0; +http://www.baidu.com/search/spider.html)"
77.75.76.172 - - [05/May/2018:23:13:30 -0400] "GET /2009/index.content HTTP/1.1" 200 4977 "-" "Mozilla/5.0 (compatible; SeznamBot/3.2; +http://napoveda.seznam.cz/en/seznambot-intro/)"
77.75.76.172 - - [05/May/2018:23:13:41 -0400] "GET /2005/texput.log HTTP/1.1" 200 4336 "-" "Mozilla/5.0 (compatible; SeznamBot/3.2; +http://napoveda.seznam.cz/en/seznambot-intro/)"
77.75.76.172 - - [05/May/2018:23:13:42 -0400] "GET /node/53 HTTP/1.1" 200 3530 "-" "Mozilla/5.0 (compatible; SeznamBot/3.2; +http://napoveda.seznam.cz/en/seznambot-intro/)"
77.75.76.172 - - [05/May/2018:23:13:42 -0400] "GET /2014 HTTP/1.1" 200 3303 "-" "Mozilla/5.0 (compatible; SeznamBot/3.2; +http://napoveda.seznam.cz/en/seznambot-intro/)"
180.76.15.5 - - [05/May/2018:23:14:01 -0400] "GET /papers/1997/nspw1997-somayaji-scanned.pdf HTTP/1.1" 200 1195227 "-" "Mozilla/5.0 (compatible; Baiduspider/2.0; +http://www.baidu.com/search/spider.html)"
110.54.242.12 - - [05/May/2018:23:14:28 -0400] "GET /wp-login.php HTTP/1.1" 404 7985 "-" "Mozilla/5.0 (Windows NT 6.1; WOW64; rv:40.0) Gecko/20100101 Firefox/40.1"
216.244.66.236 - - [05/May/2018:23:14:29 -0400] "GET /robots.txt HTTP/1.1" 200 5796 "-" "Mozilla/5.0 (compatible; DotBot/1.1; http://www.opensiteexplorer.org/dotbot, help@moz.com)"
110.54.242.12 - - [05/May/2018:23:14:30 -0400] "GET / HTTP/1.1" 200 8206 "-" "Mozilla/5.0 (Windows NT 6.1; WOW64; rv:40.0) Gecko/20100101 Firefox/40.1"
180.76.15.16 - - [05/May/2018:23:15:01 -0400] "GET /papers/1999/nspw1999-jonsson.pdf HTTP/1.1" 200 774392 "-" "Mozilla/5.0 (compatible; Baiduspider/2.0; +http://www.baidu.com/search/spider.html)"
69.162.124.227 - - [05/May/2018:23:15:06 -0400] "HEAD / HTTP/1.1" 200 3874 "http://nspw.org/" "Mozilla/5.0+(compatible; UptimeRobot/2.0; http://www.uptimerobot.com/)"
108.59.8.70 - - [05/May/2018:23:15:19 -0400] "GET /robots.txt HTTP/1.1" 200 5926 "-" "Mozilla/5.0 (compatible; MJ12bot/v1.4.8; http://mj12bot.com/)"
108.59.8.70 - - [05/May/2018:23:15:44 -0400] "GET / HTTP/1.1" 200 11520 "-" "Mozilla/5.0 (compatible; MJ12bot/v1.4.8; http://mj12bot.com/)"
180.76.15.141 - - [05/May/2018:23:16:01 -0400] "GET /papers/1997/nspw1997-mambo.pdf HTTP/1.1" 200 1056872 "-" "Mozilla/5.0 (compatible; Baiduspider/2.0; +http://www.baidu.com/search/spider.html)"
180.76.15.15 - - [05/May/2018:23:17:01 -0400] "GET /papers/2000/?C=D;O=D HTTP/1.1" 200 7719 "-" "Mozilla/5.0 (compatible; Baiduspider/2.0; +http://www.baidu.com/search/spider.html)"
77.88.47.40 - - [05/May/2018:23:17:44 -0400] "GET /2006/dates.shtml HTTP/1.1" 200 4978 "-" "Mozilla/5.0 (compatible; YandexBot/3.0; +http://yandex.com/bots)"
180.76.15.149 - - [05/May/2018:23:17:55 -0400] "GET /submission.shtml HTTP/1.1" 404 7966 "-" "Mozilla/5.0 (compatible; Baiduspider/2.0; +http://www.baidu.com/search/spider.html)"
180.76.15.146 - - [05/May/2018:23:18:01 -0400] "GET /2001/program.html HTTP/1.1" 200 12435 "-" "Mozilla/5.0 (compatible; Baiduspider/2.0; +http://www.baidu.com/search/spider.html)"
168.197.12.98 - - [05/May/2018:23:18:03 -0400] "GET /wp-login.php HTTP/1.1" 404 7491 "-" "Mozilla/5.0 (Windows NT 6.1; WOW64; rv:40.0) Gecko/20100101 Firefox/40.1"
168.197.12.98 - - [05/May/2018:23:18:05 -0400] "GET / HTTP/1.1" 200 8218 "-" "Mozilla/5.0 (Windows NT 6.1; WOW64; rv:40.0) Gecko/20100101 Firefox/40.1"
69.162.124.227 - - [05/May/2018:23:20:06 -0400] "HEAD / HTTP/1.1" 200 3874 "http://nspw.org/" "Mozilla/5.0+(compatible; UptimeRobot/2.0; http://www.uptimerobot.com/)"
77.88.47.40 - - [05/May/2018:23:20:08 -0400] "GET /node/25 HTTP/1.1" 200 6159 "-" "Mozilla/5.0 (compatible; YandexBot/3.0; +http://yandex.com/bots)"
42.61.147.225 - - [05/May/2018:23:21:35 -0400] "GET /wp-login.php HTTP/1.1" 404 7839 "-" "Mozilla/5.0 (Windows NT 6.1; WOW64; rv:40.0) Gecko/20100101 Firefox/40.1"
42.61.147.225 - - [05/May/2018:23:21:35 -0400] "GET / HTTP/1.1" 200 8218 "-" "Mozilla/5.0 (Windows NT 6.1; WOW64; rv:40.0) Gecko/20100101 Firefox/40.1"
177.84.254.186 - - [05/May/2018:23:21:58 -0400] "GET /wp-login.php HTTP/1.1" 404 7839 "-" "Mozilla/5.0 (Windows NT 6.1; WOW64; rv:40.0) Gecko/20100101 Firefox/40.1"
177.84.254.186 - - [05/May/2018:23:21:59 -0400] "GET / HTTP/1.1" 200 8218 "-" "Mozilla/5.0 (Windows NT 6.1; WOW64; rv:40.0) Gecko/20100101 Firefox/40.1"
95.249.17.246 - - [05/May/2018:23:22:28 -0400] "GET /wp-login.php HTTP/1.1" 404 7835 "-" "Mozilla/5.0 (Windows NT 6.1; WOW64; rv:40.0) Gecko/20100101 Firefox/40.1"
95.249.17.246 - - [05/May/2018:23:22:29 -0400] "GET / HTTP/1.1" 200 8218 "-" "Mozilla/5.0 (Windows NT 6.1; WOW64; rv:40.0) Gecko/20100101 Firefox/40.1"
43.250.240.96 - - [05/May/2018:23:23:46 -0400] "GET /wp-login.php HTTP/1.1" 404 7985 "-" "Mozilla/5.0 (Windows NT 6.1; WOW64; rv:40.0) Gecko/20100101 Firefox/40.1"
43.250.240.96 - - [05/May/2018:23:23:47 -0400] "GET / HTTP/1.1" 200 8206 "-" "Mozilla/5.0 (Windows NT 6.1; WOW64; rv:40.0) Gecko/20100101 Firefox/40.1"
69.162.124.227 - - [05/May/2018:23:25:06 -0400] "HEAD / HTTP/1.1" 200 3874 "http://nspw.org/" "Mozilla/5.0+(compatible; UptimeRobot/2.0; http://www.uptimerobot.com/)"
67.225.71.111 - - [05/May/2018:23:25:17 -0400] "GET /wp-login.php HTTP/1.1" 404 7985 "-" "Mozilla/5.0 (Windows NT 6.1; WOW64; rv:40.0) Gecko/20100101 Firefox/40.1"
67.225.71.111 - - [05/May/2018:23:25:17 -0400] "GET / HTTP/1.1" 200 8206 "-" "Mozilla/5.0 (Windows NT 6.1; WOW64; rv:40.0) Gecko/20100101 Firefox/40.1"
66.249.64.215 - - [05/May/2018:23:26:02 -0400] "GET /papers/2013/nspw2013-peisert.pdf HTTP/1.1" 200 712024 "-" "Mozilla/5.0 (compatible; Googlebot/2.1; +http://www.google.com/bot.html)"
190.188.54.141 - - [05/May/2018:23:26:05 -0400] "GET /wp-login.php HTTP/1.1" 404 8176 "-" "Mozilla/5.0 (Windows NT 6.1; WOW64; rv:40.0) Gecko/20100101 Firefox/40.1"
190.188.54.141 - - [05/May/2018:23:26:06 -0400] "GET / HTTP/1.1" 200 8298 "-" "Mozilla/5.0 (Windows NT 6.1; WOW64; rv:40.0) Gecko/20100101 Firefox/40.1"
216.244.66.236 - - [05/May/2018:23:26:10 -0400] "GET /papers/2003/?C=M;O=D HTTP/1.1" 200 7130 "-" "Mozilla/5.0 (compatible; DotBot/1.1; http://www.opensiteexplorer.org/dotbot, help@moz.com)"
216.244.66.236 - - [05/May/2018:23:26:20 -0400] "GET /papers/2006/?C=D;O=D HTTP/1.1" 200 6680 "-" "Mozilla/5.0 (compatible; DotBot/1.1; http://www.opensiteexplorer.org/dotbot, help@moz.com)"
69.162.124.227 - - [05/May/2018:23:30:06 -0400] "HEAD / HTTP/1.1" 200 3874 "http://nspw.org/" "Mozilla/5.0+(compatible; UptimeRobot/2.0; http://www.uptimerobot.com/)"
196.205.108.1 - - [05/May/2018:23:34:25 -0400] "GET /wp-login.php HTTP/1.1" 404 7839 "-" "Mozilla/5.0 (Windows NT 6.1; WOW64; rv:40.0) Gecko/20100101 Firefox/40.1"
196.205.108.1 - - [05/May/2018:23:34:25 -0400] "GET / HTTP/1.1" 200 8218 "-" "Mozilla/5.0 (Windows NT 6.1; WOW64; rv:40.0) Gecko/20100101 Firefox/40.1"
69.162.124.227 - - [05/May/2018:23:35:06 -0400] "HEAD / HTTP/1.1" 200 3874 "http://nspw.org/" "Mozilla/5.0+(compatible; UptimeRobot/2.0; http://www.uptimerobot.com/)"
115.164.183.92 - - [05/May/2018:23:35:12 -0400] "GET /wp-login.php HTTP/1.1" 404 7985 "-" "Mozilla/5.0 (Windows NT 6.1; WOW64; rv:40.0) Gecko/20100101 Firefox/40.1"
115.164.183.92 - - [05/May/2018:23:35:12 -0400] "GET / HTTP/1.1" 200 8206 "-" "Mozilla/5.0 (Windows NT 6.1; WOW64; rv:40.0) Gecko/20100101 Firefox/40.1"
77.88.47.40 - - [05/May/2018:23:38:48 -0400] "GET /papers/2013/?C=N;O=A HTTP/1.1" 200 4384 "-" "Mozilla/5.0 (compatible; YandexBot/3.0; +http://yandex.com/bots)"
69.162.124.227 - - [05/May/2018:23:40:06 -0400] "HEAD / HTTP/1.1" 200 3874 "http://nspw.org/" "Mozilla/5.0+(compatible; UptimeRobot/2.0; http://www.uptimerobot.com/)"
216.244.66.200 - - [05/May/2018:23:41:12 -0400] "GET /robots.txt HTTP/1.1" 200 5796 "-" "Mozilla/5.0 (compatible; DotBot/1.1; http://www.opensiteexplorer.org/dotbot, help@moz.com)"
105.185.235.111 - - [05/May/2018:23:41:21 -0400] "GET /wp-login.php HTTP/1.1" 404 7491 "-" "Mozilla/5.0 (Windows NT 6.1; WOW64; rv:40.0) Gecko/20100101 Firefox/40.1"
105.185.235.111 - - [05/May/2018:23:41:22 -0400] "GET / HTTP/1.1" 200 8218 "-" "Mozilla/5.0 (Windows NT 6.1; WOW64; rv:40.0) Gecko/20100101 Firefox/40.1"
182.150.27.152 - - [05/May/2018:23:41:42 -0400] "GET /2006/cfp.shtml HTTP/1.1" 200 7597 "-" "Mozilla/5.0 (Windows NT 6.1; WOW64) AppleWebKit/537.36 (KHTML, like Gecko) Chrome/56.0.2924.87 Safari/537.36"
182.150.27.152 - - [05/May/2018:23:41:44 -0400] "GET /2006/cfp.shtml HTTP/1.1" 200 7597 "-" "Mozilla/5.0 (Linux; Android 4.4.4; HTC D820u Build/KTU84P) AppleWebKit/537.36 (KHTML, like Gecko) Chrome/40.0.2214.89 Mobile Safari/537.36"
182.150.27.152 - - [05/May/2018:23:41:47 -0400] "GET /2006/cfp2006.pdf HTTP/1.1" 200 40969 "-" "Mozilla/5.0 (Windows NT 6.1; WOW64) AppleWebKit/537.36 (KHTML, like Gecko) Chrome/56.0.2924.87 Safari/537.36"
182.150.27.152 - - [05/May/2018:23:41:50 -0400] "GET /2006/cfp2006.pdf HTTP/1.1" 200 40969 "-" "Mozilla/5.0 (Linux; Android 4.4.4; HTC D820u Build/KTU84P) AppleWebKit/537.36 (KHTML, like Gecko) Chrome/40.0.2214.89 Mobile Safari/537.36"
182.150.27.152 - - [05/May/2018:23:41:52 -0400] "GET /2006/submission.shtml HTTP/1.1" 200 5588 "-" "Mozilla/5.0 (Windows NT 6.1; WOW64) AppleWebKit/537.36 (KHTML, like Gecko) Chrome/56.0.2924.87 Safari/537.36"
182.150.27.152 - - [05/May/2018:23:41:57 -0400] "GET /2006/submission.shtml HTTP/1.1" 200 5588 "-" "Mozilla/5.0 (Linux; Android 4.4.4; HTC D820u Build/KTU84P) AppleWebKit/537.36 (KHTML, like Gecko) Chrome/40.0.2214.89 Mobile Safari/537.36"
182.150.27.152 - - [05/May/2018:23:42:00 -0400] "GET /2006/program.shtml HTTP/1.1" 200 6302 "-" "Mozilla/5.0 (Windows NT 6.1; WOW64) AppleWebKit/537.36 (KHTML, like Gecko) Chrome/56.0.2924.87 Safari/537.36"
182.150.27.152 - - [05/May/2018:23:42:02 -0400] "GET /2006/program.shtml HTTP/1.1" 200 6302 "-" "Mozilla/5.0 (Linux; Android 4.4.4; HTC D820u Build/KTU84P) AppleWebKit/537.36 (KHTML, like Gecko) Chrome/40.0.2214.89 Mobile Safari/537.36"
182.150.27.152 - - [05/May/2018:23:42:13 -0400] "GET /2006/papers.shtml HTTP/1.1" 200 4851 "-" "Mozilla/5.0 (Linux; Android 4.4.4; HTC D820u Build/KTU84P) AppleWebKit/537.36 (KHTML, like Gecko) Chrome/40.0.2214.89 Mobile Safari/537.36"
66.249.64.217 - - [05/May/2018:23:43:10 -0400] "GET / HTTP/1.1" 200 6604 "-" "Mozilla/5.0 (Linux; Android 6.0.1; Nexus 5X Build/MMB29P) AppleWebKit/537.36 (KHTML, like Gecko) Chrome/41.0.2272.96 Mobile Safari/537.36 (compatible; Googlebot/2.1; +http://www.google.com/bot.html)"
194.187.170.113 - - [05/May/2018:23:44:02 -0400] "GET /robots.txt HTTP/1.1" 200 4822 "-" "Mozilla/5.0 (compatible; Qwantify/2.4w; +https://www.qwant.com/)/2.4w"
194.187.170.113 - - [05/May/2018:23:44:03 -0400] "GET /robots.txt HTTP/1.1" 200 1290 "-" "Mozilla/5.0 (compatible; Qwantify/2.4w; +https://www.qwant.com/)/2.4w"
194.187.170.113 - - [05/May/2018:23:44:04 -0400] "GET /2008/?C=N;O=D HTTP/1.1" 200 2266 "-" "Mozilla/5.0 (compatible; Qwantify/2.4w; +https://www.qwant.com/)/2.4w"
69.162.124.227 - - [05/May/2018:23:45:06 -0400] "HEAD / HTTP/1.1" 200 3874 "http://nspw.org/" "Mozilla/5.0+(compatible; UptimeRobot/2.0; http://www.uptimerobot.com/)"
173.66.81.56 - - [05/May/2018:23:45:59 -0400] "GET /favicon.ico HTTP/1.1" 404 3793 "-" "Mozilla/5.0 (Android 4.4.4; Mobile; rv:59.0.2) Gecko/59.0.2 Firefox/59.0.2"
77.88.47.40 - - [05/May/2018:23:48:09 -0400] "GET /papers/2010/?C=M;O=D HTTP/1.1" 200 4369 "-" "Mozilla/5.0 (compatible; YandexBot/3.0; +http://yandex.com/bots)"
77.88.47.40 - - [05/May/2018:23:50:00 -0400] "GET /2009/finaid.shtml HTTP/1.1" 200 5095 "-" "Mozilla/5.0 (compatible; YandexBot/3.0; +http://yandex.com/bots)"
69.162.124.227 - - [05/May/2018:23:50:06 -0400] "HEAD / HTTP/1.1" 200 3874 "http://nspw.org/" "Mozilla/5.0+(compatible; UptimeRobot/2.0; http://www.uptimerobot.com/)"
77.88.47.40 - - [05/May/2018:23:50:12 -0400] "GET /2008/oc.shtml HTTP/1.1" 200 5897 "-" "Mozilla/5.0 (compatible; YandexBot/3.0; +http://yandex.com/bots)"
77.88.47.40 - - [05/May/2018:23:50:57 -0400] "GET /2004/program.content HTTP/1.1" 200 14934 "-" "Mozilla/5.0 (compatible; YandexBot/3.0; +http://yandex.com/bots)"
216.244.66.247 - - [05/May/2018:23:53:54 -0400] "GET /robots.txt HTTP/1.1" 200 5796 "-" "Mozilla/5.0 (compatible; DotBot/1.1; http://www.opensiteexplorer.org/dotbot, help@moz.com)"
216.244.66.247 - - [05/May/2018:23:53:54 -0400] "GET /robots.txt HTTP/1.1" 200 5796 "-" "Mozilla/5.0 (compatible; DotBot/1.1; http://www.opensiteexplorer.org/dotbot, help@moz.com)"
41.109.89.144 - - [05/May/2018:23:54:32 -0400] "GET /wp-login.php HTTP/1.1" 404 7839 "-" "Mozilla/5.0 (Windows NT 6.1; WOW64; rv:40.0) Gecko/20100101 Firefox/40.1"
41.109.89.144 - - [05/May/2018:23:54:33 -0400] "GET / HTTP/1.1" 200 8218 "-" "Mozilla/5.0 (Windows NT 6.1; WOW64; rv:40.0) Gecko/20100101 Firefox/40.1"
80.180.42.31 - - [05/May/2018:23:54:39 -0400] "GET /wp-login.php HTTP/1.1" 404 8176 "-" "Mozilla/5.0 (Windows NT 6.1; WOW64; rv:40.0) Gecko/20100101 Firefox/40.1"
80.180.42.31 - - [05/May/2018:23:54:42 -0400] "GET / HTTP/1.1" 200 8298 "-" "Mozilla/5.0 (Windows NT 6.1; WOW64; rv:40.0) Gecko/20100101 Firefox/40.1"
69.162.124.227 - - [05/May/2018:23:55:06 -0400] "HEAD / HTTP/1.1" 200 3874 "http://nspw.org/" "Mozilla/5.0+(compatible; UptimeRobot/2.0; http://www.uptimerobot.com/)"
66.249.64.16 - - [05/May/2018:23:55:43 -0400] "GET /2002/oc.shtml HTTP/1.1" 200 5402 "-" "Mozilla/5.0 (compatible; Googlebot/2.1; +http://www.google.com/bot.html)"
194.187.170.113 - - [05/May/2018:23:58:03 -0400] "GET /robots.txt HTTP/1.1" 200 4822 "-" "Mozilla/5.0 (compatible; Qwantify/2.4w; +https://www.qwant.com/)/2.4w"
194.187.170.113 - - [05/May/2018:23:58:03 -0400] "GET /2017/organizers HTTP/1.1" 200 3972 "-" "Mozilla/5.0 (compatible; Qwantify/2.4w; +https://www.qwant.com/)/2.4w"
77.88.47.40 - - [05/May/2018:23:59:27 -0400] "GET /papers/2012/docs/p15.pdf HTTP/1.1" 200 634561 "-" "Mozilla/5.0 (compatible; YandexBot/3.0; +http://yandex.com/bots)"
69.162.124.227 - - [06/May/2018:00:00:06 -0400] "HEAD / HTTP/1.1" 200 3874 "http://nspw.org/" "Mozilla/5.0+(compatible; UptimeRobot/2.0; http://www.uptimerobot.com/)"
77.88.47.40 - - [06/May/2018:00:00:31 -0400] "GET /papers/1994/?C=N;O=A HTTP/1.1" 200 4374 "-" "Mozilla/5.0 (compatible; YandexBot/3.0; +http://yandex.com/bots)"
216.244.66.236 - - [06/May/2018:00:01:01 -0400] "GET /robots.txt HTTP/1.1" 200 5796 "-" "Mozilla/5.0 (compatible; DotBot/1.1; http://www.opensiteexplorer.org/dotbot, help@moz.com)"
69.162.124.227 - - [06/May/2018:00:05:06 -0400] "HEAD / HTTP/1.1" 200 3874 "http://nspw.org/" "Mozilla/5.0+(compatible; UptimeRobot/2.0; http://www.uptimerobot.com/)"
183.82.194.35 - - [06/May/2018:00:08:56 -0400] "GET /wp-login.php HTTP/1.1" 404 7484 "-" "Mozilla/5.0 (Windows NT 6.1; WOW64; rv:40.0) Gecko/20100101 Firefox/40.1"
183.82.194.35 - - [06/May/2018:00:08:57 -0400] "GET / HTTP/1.1" 200 8218 "-" "Mozilla/5.0 (Windows NT 6.1; WOW64; rv:40.0) Gecko/20100101 Firefox/40.1"
69.162.124.227 - - [06/May/2018:00:10:06 -0400] "HEAD / HTTP/1.1" 200 3874 "http://nspw.org/" "Mozilla/5.0+(compatible; UptimeRobot/2.0; http://www.uptimerobot.com/)"
87.120.2.127 - - [06/May/2018:00:10:19 -0400] "GET /wp-login.php HTTP/1.1" 404 7491 "-" "Mozilla/5.0 (Windows NT 6.1; WOW64; rv:40.0) Gecko/20100101 Firefox/40.1"
87.120.2.127 - - [06/May/2018:00:10:21 -0400] "GET / HTTP/1.1" 200 8218 "-" "Mozilla/5.0 (Windows NT 6.1; WOW64; rv:40.0) Gecko/20100101 Firefox/40.1"
77.88.47.40 - - [06/May/2018:00:11:16 -0400] "GET /papers/1996/nspw1996-baker.pdf HTTP/1.1" 200 482978 "-" "Mozilla/5.0 (compatible; YandexBot/3.0; +http://yandex.com/bots)"
77.88.47.40 - - [06/May/2018:00:11:44 -0400] "GET /proceedings/2001 HTTP/1.1" 200 2732 "-" "Mozilla/5.0 (compatible; YandexBot/3.0; +http://yandex.com/bots)"
64.62.252.169 - - [06/May/2018:00:12:12 -0400] "GET /robots.txt HTTP/1.1" 200 4444 "-" "The Knowledge AI"
66.249.64.219 - - [06/May/2018:00:13:06 -0400] "GET /current/submission.shtml HTTP/1.1" 404 8022 "-" "Mozilla/5.0 (compatible; Googlebot/2.1; +http://www.google.com/bot.html)"
69.162.124.227 - - [06/May/2018:00:15:06 -0400] "HEAD / HTTP/1.1" 200 3874 "http://nspw.org/" "Mozilla/5.0+(compatible; UptimeRobot/2.0; http://www.uptimerobot.com/)"
207.46.13.82 - - [06/May/2018:00:16:36 -0400] "GET /2016/program HTTP/1.1" 200 7919 "-" "Mozilla/5.0 (iPhone; CPU iPhone OS 7_0 like Mac OS X) AppleWebKit/537.51.1 (KHTML, like Gecko) Version/7.0 Mobile/11A465 Safari/9537.53 (compatible; bingbot/2.0; +http://www.bing.com/bingbot.htm)"
182.57.180.209 - - [06/May/2018:00:17:33 -0400] "GET /wp-login.php HTTP/1.1" 404 7484 "-" "Mozilla/5.0 (Windows NT 6.1; WOW64; rv:40.0) Gecko/20100101 Firefox/40.1"
182.57.180.209 - - [06/May/2018:00:17:36 -0400] "GET / HTTP/1.1" 200 8218 "-" "Mozilla/5.0 (Windows NT 6.1; WOW64; rv:40.0) Gecko/20100101 Firefox/40.1"
194.187.170.113 - - [06/May/2018:00:18:40 -0400] "GET /2012/organizers HTTP/1.1" 200 7104 "-" "Mozilla/5.0 (compatible; Qwantify/2.4w; +https://www.qwant.com/)/2.4w"
194.187.170.113 - - [06/May/2018:00:19:29 -0400] "GET /2017/cfp HTTP/1.1" 200 5844 "-" "Mozilla/5.0 (compatible; Qwantify/2.4w; +https://www.qwant.com/)/2.4w"
69.162.124.227 - - [06/May/2018:00:20:06 -0400] "HEAD / HTTP/1.1" 200 3874 "http://nspw.org/" "Mozilla/5.0+(compatible; UptimeRobot/2.0; http://www.uptimerobot.com/)"
194.187.170.113 - - [06/May/2018:00:21:32 -0400] "GET /papers/2010/?C=N;O=A HTTP/1.1" 200 1114 "-" "Mozilla/5.0 (compatible; Qwantify/2.4w; +https://www.qwant.com/)/2.4w"
194.187.170.113 - - [06/May/2018:00:22:49 -0400] "GET /2012/submissions HTTP/1.1" 200 3812 "-" "Mozilla/5.0 (compatible; Qwantify/2.4w; +https://www.qwant.com/)/2.4w"
69.162.124.227 - - [06/May/2018:00:25:06 -0400] "HEAD / HTTP/1.1" 200 3874 "http://nspw.org/" "Mozilla/5.0+(compatible; UptimeRobot/2.0; http://www.uptimerobot.com/)"
66.249.64.215 - - [06/May/2018:00:25:49 -0400] "GET /modules/system/system.base.css?nhfa6e HTTP/1.1" 200 5701 "http://nspw.org/2015/location" "Mozilla/5.0 (compatible; Googlebot/2.1; +http://www.google.com/bot.html)"
66.249.64.217 - - [06/May/2018:00:25:49 -0400] "GET /modules/comment/comment.css?nhfa6e HTTP/1.1" 200 3899 "http://nspw.org/2015/location" "Mozilla/5.0 (compatible; Googlebot/2.1; +http://www.google.com/bot.html)"
14.207.165.31 - - [06/May/2018:00:26:51 -0400] "GET /wp-login.php HTTP/1.1" 404 7491 "-" "Mozilla/5.0 (Windows NT 6.1; WOW64; rv:40.0) Gecko/20100101 Firefox/40.1"
69.162.124.227 - - [06/May/2018:00:30:05 -0400] "HEAD / HTTP/1.1" 200 3874 "http://nspw.org/" "Mozilla/5.0+(compatible; UptimeRobot/2.0; http://www.uptimerobot.com/)"
54.208.102.37 - - [06/May/2018:00:30:13 -0400] "GET / HTTP/1.1" 200 6440 "https://www.nspw.org/" "Mozilla/5.0 (compatible; DuckDuckGo-Favicons-Bot/1.0; +http://duckduckgo.com)"
54.208.102.37 - - [06/May/2018:00:30:13 -0400] "GET /favicon.ico HTTP/1.1" 404 700 "https://www.nspw.org/favicon.ico" "Mozilla/5.0 (compatible; DuckDuckGo-Favicons-Bot/1.0; +http://duckduckgo.com)"
54.208.102.37 - - [06/May/2018:00:30:13 -0400] "GET /favicon.ico HTTP/1.1" 404 700 "https://www.nspw.org/favicon.ico" "Mozilla/5.0 (compatible; DuckDuckGo-Favicons-Bot/1.0; +http://duckduckgo.com)"
77.88.47.40 - - [06/May/2018:00:30:47 -0400] "GET /2004/cfp.content HTTP/1.1" 200 7072 "-" "Mozilla/5.0 (compatible; YandexBot/3.0; +http://yandex.com/bots)"
77.88.47.40 - - [06/May/2018:00:30:50 -0400] "GET /papers/2001/nspw2001-balacheff.pdf HTTP/1.1" 200 710600 "-" "Mozilla/5.0 (compatible; YandexBot/3.0; +http://yandex.com/bots)"
77.88.47.40 - - [06/May/2018:00:32:26 -0400] "GET /papers/1994/ HTTP/1.1" 200 4374 "-" "Mozilla/5.0 (compatible; YandexBot/3.0; +http://yandex.com/bots)"
66.249.64.217 - - [06/May/2018:00:34:35 -0400] "GET /papers/2008/nspw2008-beautement.pdf HTTP/1.1" 304 3605 "-" "Mozilla/5.0 (compatible; Googlebot/2.1; +http://www.google.com/bot.html)"
142.112.242.98 - - [06/May/2018:00:34:44 -0400] "GET /wp-login.php HTTP/1.1" 404 8030 "-" "Mozilla/5.0 (Windows NT 6.1; WOW64; rv:40.0) Gecko/20100101 Firefox/40.1"
142.112.242.98 - - [06/May/2018:00:34:45 -0400] "GET / HTTP/1.1" 200 8218 "-" "Mozilla/5.0 (Windows NT 6.1; WOW64; rv:40.0) Gecko/20100101 Firefox/40.1"
69.162.124.227 - - [06/May/2018:00:35:05 -0400] "HEAD / HTTP/1.1" 200 3874 "http://nspw.org/" "Mozilla/5.0+(compatible; UptimeRobot/2.0; http://www.uptimerobot.com/)"
194.187.170.113 - - [06/May/2018:00:38:04 -0400] "GET /2017/accepted HTTP/1.1" 200 7136 "-" "Mozilla/5.0 (compatible; Qwantify/2.4w; +https://www.qwant.com/)/2.4w"
157.55.39.195 - - [06/May/2018:00:39:30 -0400] "GET /papers/2006/nspw2006-ford.pdf HTTP/1.1" 200 229953 "-" "Mozilla/5.0 (iPhone; CPU iPhone OS 7_0 like Mac OS X) AppleWebKit/537.51.1 (KHTML, like Gecko) Version/7.0 Mobile/11A465 Safari/9537.53 (compatible; bingbot/2.0; +http://www.bing.com/bingbot.htm)"
69.162.124.227 - - [06/May/2018:00:40:05 -0400] "HEAD / HTTP/1.1" 200 3874 "http://nspw.org/" "Mozilla/5.0+(compatible; UptimeRobot/2.0; http://www.uptimerobot.com/)"
77.88.47.40 - - [06/May/2018:00:41:07 -0400] "GET /papers/2007/nspw2007-frontmatter.pdf HTTP/1.1" 200 658233 "-" "Mozilla/5.0 (compatible; YandexBot/3.0; +http://yandex.com/bots)"
167.62.88.151 - - [06/May/2018:00:42:35 -0400] "GET /wp-login.php HTTP/1.1" 404 7907 "-" "Mozilla/5.0 (Windows NT 6.1; WOW64; rv:40.0) Gecko/20100101 Firefox/40.1"
167.62.88.151 - - [06/May/2018:00:42:37 -0400] "GET / HTTP/1.1" 200 8218 "-" "Mozilla/5.0 (Windows NT 6.1; WOW64; rv:40.0) Gecko/20100101 Firefox/40.1"
194.187.170.113 - - [06/May/2018:00:44:33 -0400] "GET /2003/?C=D;O=D HTTP/1.1" 200 5702 "-" "Mozilla/5.0 (compatible; Qwantify/2.4w; +https://www.qwant.com/)/2.4w"
69.162.124.227 - - [06/May/2018:00:45:05 -0400] "HEAD / HTTP/1.1" 200 3874 "http://nspw.org/" "Mozilla/5.0+(compatible; UptimeRobot/2.0; http://www.uptimerobot.com/)"
77.88.47.40 - - [06/May/2018:00:45:47 -0400] "GET /2007/cfp.shtml HTTP/1.1" 200 8420 "-" "Mozilla/5.0 (compatible; YandexBot/3.0; +http://yandex.com/bots)"
88.172.35.163 - - [06/May/2018:00:45:57 -0400] "GET /wp-login.php HTTP/1.1" 404 7839 "-" "Mozilla/5.0 (Windows NT 6.1; WOW64; rv:40.0) Gecko/20100101 Firefox/40.1"
88.172.35.163 - - [06/May/2018:00:45:58 -0400] "GET / HTTP/1.1" 200 8218 "-" "Mozilla/5.0 (Windows NT 6.1; WOW64; rv:40.0) Gecko/20100101 Firefox/40.1"
77.88.47.40 - - [06/May/2018:00:46:01 -0400] "GET /1999/dates.html HTTP/1.1" 200 5061 "-" "Mozilla/5.0 (compatible; YandexBot/3.0; +http://yandex.com/bots)"
77.88.47.40 - - [06/May/2018:00:47:23 -0400] "GET /2009/proceedings.shtml HTTP/1.1" 200 4874 "-" "Mozilla/5.0 (compatible; YandexBot/3.0; +http://yandex.com/bots)"
103.47.66.250 - - [06/May/2018:00:47:40 -0400] "GET /wp-login.php HTTP/1.1" 404 7985 "-" "Mozilla/5.0 (Windows NT 6.1; WOW64; rv:40.0) Gecko/20100101 Firefox/40.1"
103.47.66.250 - - [06/May/2018:00:47:46 -0400] "GET / HTTP/1.1" 200 8316 "-" "Mozilla/5.0 (Windows NT 6.1; WOW64; rv:40.0) Gecko/20100101 Firefox/40.1"
207.46.13.82 - - [06/May/2018:00:47:20 -0400] "GET /papers/2001/nspw2001-sekar.pdf HTTP/1.1" 200 760950 "-" "Mozilla/5.0 (iPhone; CPU iPhone OS 7_0 like Mac OS X) AppleWebKit/537.51.1 (KHTML, like Gecko) Version/7.0 Mobile/11A465 Safari/9537.53 (compatible; bingbot/2.0; +http://www.bing.com/bingbot.htm)"
77.88.47.40 - - [06/May/2018:00:48:05 -0400] "GET /2000/ HTTP/1.1" 200 5424 "-" "Mozilla/5.0 (compatible; YandexBot/3.0; +http://yandex.com/bots)"
194.187.170.113 - - [06/May/2018:00:48:29 -0400] "GET /2003/?C=M;O=D HTTP/1.1" 200 2170 "-" "Mozilla/5.0 (compatible; Qwantify/2.4w; +https://www.qwant.com/)/2.4w"
66.249.64.219 - - [06/May/2018:00:48:46 -0400] "GET /2005/PC/deepak%20chandra.pdf HTTP/1.1" 404 8034 "-" "Googlebot/2.1 (+http://www.google.com/bot.html)"
216.244.66.247 - - [06/May/2018:00:49:06 -0400] "GET /robots.txt HTTP/1.1" 200 5796 "-" "Mozilla/5.0 (compatible; DotBot/1.1; http://www.opensiteexplorer.org/dotbot, help@moz.com)"
69.162.124.227 - - [06/May/2018:00:50:05 -0400] "HEAD / HTTP/1.1" 200 3874 "http://nspw.org/" "Mozilla/5.0+(compatible; UptimeRobot/2.0; http://www.uptimerobot.com/)"
180.76.15.5 - - [06/May/2018:00:50:43 -0400] "GET /cfp/flyer_NSPW_2014.pdf HTTP/1.1" 200 71280 "-" "Mozilla/5.0 (compatible; Baiduspider/2.0; +http://www.baidu.com/search/spider.html)"
194.187.170.113 - - [06/May/2018:00:51:31 -0400] "GET /2017/location HTTP/1.1" 200 6528 "-" "Mozilla/5.0 (compatible; Qwantify/2.4w; +https://www.qwant.com/)/2.4w"
66.249.64.215 - - [06/May/2018:00:51:44 -0400] "GET /2018 HTTP/1.1" 200 6904 "-" "Mozilla/5.0 (compatible; Googlebot/2.1; +http://www.google.com/bot.html)"
14.215.176.16 - - [06/May/2018:00:52:00 -0400] "GET / HTTP/1.1" 200 6636 "-" "Mozilla/5.0 (Windows NT 6.1; WOW64; rv:43.0) Gecko/20100101 Firefox/43.0"
14.215.176.16 - - [06/May/2018:00:52:02 -0400] "GET /modules/system/system.base.css?p7r9uw HTTP/1.1" 200 2307 "https://www.nspw.org/" "Mozilla/5.0 (Windows NT 6.1; WOW64; rv:43.0) Gecko/20100101 Firefox/43.0"
174.255.7.163 - - [06/May/2018:00:52:02 -0400] "GET /wp-login.php HTTP/1.1" 404 7985 "-" "Mozilla/5.0 (Windows NT 6.1; WOW64; rv:40.0) Gecko/20100101 Firefox/40.1"
14.215.176.19 - - [06/May/2018:00:52:03 -0400] "GET /modules/system/system.menus.css?p7r9uw HTTP/1.1" 200 1163 "https://www.nspw.org/" "Mozilla/5.0 (Windows NT 6.1; WOW64; rv:43.0) Gecko/20100101 Firefox/43.0"
14.215.176.15 - - [06/May/2018:00:52:03 -0400] "GET /modules/system/system.messages.css?p7r9uw HTTP/1.1" 200 884 "https://www.nspw.org/" "Mozilla/5.0 (Windows NT 6.1; WOW64; rv:43.0) Gecko/20100101 Firefox/43.0"
14.215.176.15 - - [06/May/2018:00:52:03 -0400] "GET /modules/system/system.theme.css?p7r9uw HTTP/1.1" 200 1723 "https://www.nspw.org/" "Mozilla/5.0 (Windows NT 6.1; WOW64; rv:43.0) Gecko/20100101 Firefox/43.0"
14.215.176.19 - - [06/May/2018:00:52:03 -0400] "GET /modules/comment/comment.css?p7r9uw HTTP/1.1" 200 643 "https://www.nspw.org/" "Mozilla/5.0 (Windows NT 6.1; WOW64; rv:43.0) Gecko/20100101 Firefox/43.0"
174.255.7.163 - - [06/May/2018:00:52:03 -0400] "GET / HTTP/1.1" 200 8206 "-" "Mozilla/5.0 (Windows NT 6.1; WOW64; rv:40.0) Gecko/20100101 Firefox/40.1"
14.215.176.19 - - [06/May/2018:00:52:03 -0400] "GET /modules/field/theme/field.css?p7r9uw HTTP/1.1" 200 599 "https://www.nspw.org/" "Mozilla/5.0 (Windows NT 6.1; WOW64; rv:43.0) Gecko/20100101 Firefox/43.0"
14.215.176.15 - - [06/May/2018:00:52:03 -0400] "GET /modules/node/node.css?p7r9uw HTTP/1.1" 200 472 "https://www.nspw.org/" "Mozilla/5.0 (Windows NT 6.1; WOW64; rv:43.0) Gecko/20100101 Firefox/43.0"
14.215.176.15 - - [06/May/2018:00:52:03 -0400] "GET /modules/user/user.css?p7r9uw HTTP/1.1" 200 1062 "https://www.nspw.org/" "Mozilla/5.0 (Windows NT 6.1; WOW64; rv:43.0) Gecko/20100101 Firefox/43.0"
14.215.176.19 - - [06/May/2018:00:52:03 -0400] "GET /themes/garland/style.css?p7r9uw HTTP/1.1" 200 5370 "https://www.nspw.org/" "Mozilla/5.0 (Windows NT 6.1; WOW64; rv:43.0) Gecko/20100101 Firefox/43.0"
14.215.176.15 - - [06/May/2018:00:52:03 -0400] "GET /themes/garland/print.css?p7r9uw HTTP/1.1" 200 771 "https://www.nspw.org/" "Mozilla/5.0 (Windows NT 6.1; WOW64; rv:43.0) Gecko/20100101 Firefox/43.0"
14.215.176.15 - - [06/May/2018:00:52:03 -0400] "GET /misc/jquery.js?v=1.4.4 HTTP/1.1" 200 27601 "https://www.nspw.org/" "Mozilla/5.0 (Windows NT 6.1; WOW64; rv:43.0) Gecko/20100101 Firefox/43.0"
14.215.176.17 - - [06/May/2018:00:52:04 -0400] "GET /misc/jquery.once.js?v=1.2 HTTP/1.1" 200 1583 "https://www.nspw.org/" "Mozilla/5.0 (Windows NT 6.1; WOW64; rv:43.0) Gecko/20100101 Firefox/43.0"
14.215.176.15 - - [06/May/2018:00:52:04 -0400] "GET /misc/drupal.js?p7r9uw HTTP/1.1" 200 7372 "https://www.nspw.org/" "Mozilla/5.0 (Windows NT 6.1; WOW64; rv:43.0) Gecko/20100101 Firefox/43.0"
216.244.66.200 - - [06/May/2018:00:52:07 -0400] "GET /robots.txt HTTP/1.1" 200 5796 "-" "Mozilla/5.0 (compatible; DotBot/1.1; http://www.opensiteexplorer.org/dotbot, help@moz.com)"
66.249.64.217 - - [06/May/2018:00:52:35 -0400] "GET /papers/2010/nspw2010-alsaleh.pdf HTTP/1.1" 200 1019662 "-" "Googlebot/2.1 (+http://www.google.com/bot.html)"
69.162.124.227 - - [06/May/2018:00:55:05 -0400] "HEAD / HTTP/1.1" 200 3874 "http://nspw.org/" "Mozilla/5.0+(compatible; UptimeRobot/2.0; http://www.uptimerobot.com/)"
199.16.157.180 - - [06/May/2018:00:57:43 -0400] "GET /robots.txt HTTP/1.1" 200 5699 "-" "Twitterbot/1.0"
45.119.59.90 - - [06/May/2018:00:59:16 -0400] "GET /wp-login.php HTTP/1.1" 404 8180 "-" "Mozilla/5.0 (Windows NT 6.1; WOW64; rv:40.0) Gecko/20100101 Firefox/40.1"
45.119.59.90 - - [06/May/2018:00:59:21 -0400] "GET / HTTP/1.1" 200 8298 "-" "Mozilla/5.0 (Windows NT 6.1; WOW64; rv:40.0) Gecko/20100101 Firefox/40.1"
69.162.124.227 - - [06/May/2018:01:00:05 -0400] "HEAD / HTTP/1.1" 200 3874 "http://nspw.org/" "Mozilla/5.0+(compatible; UptimeRobot/2.0; http://www.uptimerobot.com/)"
24.151.198.54 - - [06/May/2018:01:00:32 -0400] "GET /wp-login.php HTTP/1.1" 404 8180 "-" "Mozilla/5.0 (Windows NT 6.1; WOW64; rv:40.0) Gecko/20100101 Firefox/40.1"
24.151.198.54 - - [06/May/2018:01:00:33 -0400] "GET / HTTP/1.1" 200 8298 "-" "Mozilla/5.0 (Windows NT 6.1; WOW64; rv:40.0) Gecko/20100101 Firefox/40.1"
66.249.64.215 - - [06/May/2018:01:01:15 -0400] "GET / HTTP/1.1" 200 6607 "-" "Mozilla/5.0 (Linux; Android 6.0.1; Nexus 5X Build/MMB29P) AppleWebKit/537.36 (KHTML, like Gecko) Chrome/41.0.2272.96 Mobile Safari/537.36 (compatible; Googlebot/2.1; +http://www.google.com/bot.html)"
66.249.64.217 - - [06/May/2018:01:02:52 -0400] "GET /papers/2001/nspw2001-weirich.pdf HTTP/1.1" 200 720355 "-" "Googlebot/2.1 (+http://www.google.com/bot.html)"
40.77.167.64 - - [06/May/2018:01:03:17 -0400] "GET /papers/2009/nspw2009-misra.pdf HTTP/1.1" 200 433230 "-" "Mozilla/5.0 (iPhone; CPU iPhone OS 7_0 like Mac OS X) AppleWebKit/537.51.1 (KHTML, like Gecko) Version/7.0 Mobile/11A465 Safari/9537.53 (compatible; bingbot/2.0; +http://www.bing.com/bingbot.htm)"
69.162.124.227 - - [06/May/2018:01:05:05 -0400] "HEAD / HTTP/1.1" 200 3874 "http://nspw.org/" "Mozilla/5.0+(compatible; UptimeRobot/2.0; http://www.uptimerobot.com/)"
219.159.249.233 - - [06/May/2018:01:08:11 -0400] "GET / HTTP/1.1" 200 6076 "-" "Mozilla/5.0 (Windows NT 6.1; Win64; x64; rv:2.0b13pre) Gecko/20110307 Firefox/4.0b13pre"
138.36.57.5 - - [06/May/2018:01:09:00 -0400] "GET /wp-login.php HTTP/1.1" 404 7839 "-" "Mozilla/5.0 (Windows NT 6.1; WOW64; rv:40.0) Gecko/20100101 Firefox/40.1"
138.36.57.5 - - [06/May/2018:01:09:02 -0400] "GET / HTTP/1.1" 200 8218 "-" "Mozilla/5.0 (Windows NT 6.1; WOW64; rv:40.0) Gecko/20100101 Firefox/40.1"
207.46.13.136 - - [06/May/2018:01:08:04 -0400] "GET /papers/2010/nspw2010-franz.pdf HTTP/1.1" 200 1973895 "-" "Mozilla/5.0 (iPhone; CPU iPhone OS 7_0 like Mac OS X) AppleWebKit/537.51.1 (KHTML, like Gecko) Version/7.0 Mobile/11A465 Safari/9537.53 (compatible; bingbot/2.0; +http://www.bing.com/bingbot.htm)"
69.162.124.227 - - [06/May/2018:01:10:04 -0400] "HEAD / HTTP/1.1" 200 3874 "http://nspw.org/" "Mozilla/5.0+(compatible; UptimeRobot/2.0; http://www.uptimerobot.com/)"
128.114.228.114 - - [06/May/2018:01:10:21 -0400] "GET /current/ HTTP/1.1" 200 6724 "-" "Mozilla/5.0 (iPad; CPU OS 11_3 like Mac OS X) AppleWebKit/605.1.15 (KHTML, like Gecko) Version/11.0 Mobile/15E148 Safari/604.1"
128.114.228.114 - - [06/May/2018:01:10:22 -0400] "GET /apple-touch-icon-152x152-precomposed.png HTTP/1.1" 404 3943 "-" "MobileSafari/604.1 CFNetwork/897.15 Darwin/17.5.0"
128.114.228.114 - - [06/May/2018:01:10:22 -0400] "GET /apple-touch-icon-152x152.png HTTP/1.1" 404 717 "-" "MobileSafari/604.1 CFNetwork/897.15 Darwin/17.5.0"
128.114.228.114 - - [06/May/2018:01:10:22 -0400] "GET /apple-touch-icon-precomposed.png HTTP/1.1" 404 721 "-" "MobileSafari/604.1 CFNetwork/897.15 Darwin/17.5.0"
128.114.228.114 - - [06/May/2018:01:10:22 -0400] "GET /apple-touch-icon.png HTTP/1.1" 404 709 "-" "MobileSafari/604.1 CFNetwork/897.15 Darwin/17.5.0"
128.114.228.114 - - [06/May/2018:01:10:22 -0400] "GET /favicon.ico HTTP/1.1" 404 700 "-" "MobileSafari/604.1 CFNetwork/897.15 Darwin/17.5.0"
128.114.228.114 - - [06/May/2018:01:10:23 -0400] "GET /apple-touch-icon-152x152-precomposed.png HTTP/1.1" 404 729 "-" "MobileSafari/604.1 CFNetwork/897.15 Darwin/17.5.0"
128.114.228.114 - - [06/May/2018:01:10:23 -0400] "GET /apple-touch-icon-152x152.png HTTP/1.1" 404 717 "-" "MobileSafari/604.1 CFNetwork/897.15 Darwin/17.5.0"
128.114.228.114 - - [06/May/2018:01:10:23 -0400] "GET /apple-touch-icon-precomposed.png HTTP/1.1" 404 721 "-" "MobileSafari/604.1 CFNetwork/897.15 Darwin/17.5.0"
128.114.228.114 - - [06/May/2018:01:10:23 -0400] "GET /apple-touch-icon.png HTTP/1.1" 404 709 "-" "MobileSafari/604.1 CFNetwork/897.15 Darwin/17.5.0"
128.114.228.114 - - [06/May/2018:01:10:23 -0400] "GET /favicon.ico HTTP/1.1" 404 700 "-" "MobileSafari/604.1 CFNetwork/897.15 Darwin/17.5.0"
66.249.64.16 - - [06/May/2018:01:11:30 -0400] "GET /2001/cfp.html HTTP/1.1" 200 6336 "-" "Mozilla/5.0 (compatible; Googlebot/2.1; +http://www.google.com/bot.html)"
176.33.237.89 - - [06/May/2018:01:11:34 -0400] "GET /wp-login.php HTTP/1.1" 404 7985 "-" "Mozilla/5.0 (Windows NT 6.1; WOW64; rv:40.0) Gecko/20100101 Firefox/40.1"
176.33.237.89 - - [06/May/2018:01:11:36 -0400] "GET / HTTP/1.1" 200 8316 "-" "Mozilla/5.0 (Windows NT 6.1; WOW64; rv:40.0) Gecko/20100101 Firefox/40.1"
66.249.64.215 - - [06/May/2018:01:12:50 -0400] "GET /papers/2008/nspw2008-julisch.pdf HTTP/1.1" 200 431730 "-" "Googlebot/2.1 (+http://www.google.com/bot.html)"
66.249.64.219 - - [06/May/2018:01:14:36 -0400] "GET /papers/2013/nspw2013-peisert.pdf HTTP/1.1" 200 712024 "-" "Mozilla/5.0 (compatible; Googlebot/2.1; +http://www.google.com/bot.html)"
69.162.124.227 - - [06/May/2018:01:15:04 -0400] "HEAD / HTTP/1.1" 200 3874 "http://nspw.org/" "Mozilla/5.0+(compatible; UptimeRobot/2.0; http://www.uptimerobot.com/)"
77.88.47.40 - - [06/May/2018:01:15:42 -0400] "GET /2009/proceedings/2009/?C=S;O=A HTTP/1.1" 200 4395 "-" "Mozilla/5.0 (compatible; YandexBot/3.0; +http://yandex.com/bots)"
207.46.13.82 - - [06/May/2018:01:15:41 -0400] "GET /2009/proceedings/1998/nspw1998-lin.pdf HTTP/1.1" 200 337233 "-" "Mozilla/5.0 (compatible; bingbot/2.0; +http://www.bing.com/bingbot.htm)"
194.187.170.113 - - [06/May/2018:01:15:59 -0400] "GET /cfp/flyer_NSPW_2013.pdf HTTP/1.1" 200 96052 "-" "Mozilla/5.0 (compatible; Qwantify/2.4w; +https://www.qwant.com/)/2.4w"
42.236.49.16 - - [06/May/2018:01:18:17 -0400] "GET /papers/2008/nspw2008-beautement.pdf HTTP/1.1" 200 145199 "https://www.nspw.org/papers/2008/nspw2008-beautement.pdf" "Mozilla/5.0 (Windows NT 6.1; WOW64) AppleWebKit/537.36 (KHTML, like Gecko) Chrome/50.0.2661.102 Safari/537.36; 360Spider"
42.236.10.76 - - [06/May/2018:01:18:18 -0400] "GET / HTTP/1.1" 200 6511 "https://www.nspw.org/" "Mozilla/5.0 (Windows NT 6.1; WOW64) AppleWebKit/537.36 (KHTML, like Gecko) Chrome/50.4.2661.102 Safari/537.36; 360Spider"
42.236.101.214 - - [06/May/2018:01:18:19 -0400] "GET /robots.txt HTTP/1.1" 200 4406 "https://www.nspw.org/robots.txt" "Mozilla/5.0 (Windows NT 6.1; WOW64) AppleWebKit/537.36 (KHTML, like Gecko) Chrome/50.0.2661.102 Safari/537.36; 360Spider"
66.249.64.215 - - [06/May/2018:01:19:06 -0400] "GET /current/dates.shtml HTTP/1.1" 404 8012 "-" "Mozilla/5.0 (compatible; Googlebot/2.1; +http://www.google.com/bot.html)"
112.206.73.29 - - [06/May/2018:01:19:35 -0400] "GET /wp-login.php HTTP/1.1" 404 7484 "-" "Mozilla/5.0 (Windows NT 6.1; WOW64; rv:40.0) Gecko/20100101 Firefox/40.1"
112.206.73.29 - - [06/May/2018:01:19:36 -0400] "GET / HTTP/1.1" 200 8218 "-" "Mozilla/5.0 (Windows NT 6.1; WOW64; rv:40.0) Gecko/20100101 Firefox/40.1"
69.162.124.227 - - [06/May/2018:01:20:04 -0400] "HEAD / HTTP/1.1" 200 3874 "http://nspw.org/" "Mozilla/5.0+(compatible; UptimeRobot/2.0; http://www.uptimerobot.com/)"
158.69.241.227 - - [06/May/2018:01:20:44 -0400] "GET / HTTP/1.1" 200 6578 "-" "Mozilla/5.0 (Windows NT 6.1) AppleWebKit/537.36 (KHTML, like Gecko) Chrome/41.0.2228.0 Safari/537.36"
158.69.241.227 - - [06/May/2018:01:20:46 -0400] "GET /robots.txt HTTP/1.1" 200 4408 "-" "crawler4j (https://github.com/yasserg/crawler4j/)"
158.69.241.227 - - [06/May/2018:01:20:46 -0400] "GET / HTTP/1.1" 200 3311 "-" "crawler4j (https://github.com/yasserg/crawler4j/)"
158.69.241.227 - - [06/May/2018:01:20:46 -0400] "GET /2018 HTTP/1.1" 200 3615 "-" "crawler4j (https://github.com/yasserg/crawler4j/)"
158.69.241.227 - - [06/May/2018:01:20:46 -0400] "GET /introduction HTTP/1.1" 200 3311 "-" "crawler4j (https://github.com/yasserg/crawler4j/)"
158.69.241.227 - - [06/May/2018:01:20:46 -0400] "GET /node/97 HTTP/1.1" 200 3615 "-" "crawler4j (https://github.com/yasserg/crawler4j/)"
158.69.241.227 - - [06/May/2018:01:20:46 -0400] "GET /misc/jquery.once.js?v=1.2 HTTP/1.1" 200 1477 "-" "crawler4j (https://github.com/yasserg/crawler4j/)"
158.69.241.227 - - [06/May/2018:01:20:46 -0400] "GET /node/2018/cfp HTTP/1.1" 404 4698 "-" "crawler4j (https://github.com/yasserg/crawler4j/)"
158.69.241.227 - - [06/May/2018:01:20:46 -0400] "GET /node/1 HTTP/1.1" 200 3311 "-" "crawler4j (https://github.com/yasserg/crawler4j/)"
158.69.241.227 - - [06/May/2018:01:20:46 -0400] "GET /node/2018/organizers HTTP/1.1" 404 4714 "-" "crawler4j (https://github.com/yasserg/crawler4j/)"
158.69.241.227 - - [06/May/2018:01:20:46 -0400] "GET /node/2018 HTTP/1.1" 404 4682 "-" "crawler4j (https://github.com/yasserg/crawler4j/)"
158.69.241.227 - - [06/May/2018:01:20:47 -0400] "GET /2018/cfp HTTP/1.1" 200 4847 "-" "crawler4j (https://github.com/yasserg/crawler4j/)"
158.69.241.227 - - [06/May/2018:01:20:47 -0400] "GET /node/proceedings HTTP/1.1" 404 4682 "-" "crawler4j (https://github.com/yasserg/crawler4j/)"
158.69.241.227 - - [06/May/2018:01:20:47 -0400] "GET /node/100 HTTP/1.1" 200 4863 "-" "crawler4j (https://github.com/yasserg/crawler4j/)"
158.69.241.227 - - [06/May/2018:01:20:47 -0400] "GET /node/2018/dates HTTP/1.1" 404 4875 "-" "crawler4j (https://github.com/yasserg/crawler4j/)"
158.69.241.227 - - [06/May/2018:01:20:47 -0400] "GET /2018/organizers HTTP/1.1" 200 3663 "-" "crawler4j (https://github.com/yasserg/crawler4j/)"
158.69.241.227 - - [06/May/2018:01:20:47 -0400] "GET /past HTTP/1.1" 200 3103 "-" "crawler4j (https://github.com/yasserg/crawler4j/)"
158.69.241.227 - - [06/May/2018:01:20:47 -0400] "GET /node/dates HTTP/1.1" 404 4666 "-" "crawler4j (https://github.com/yasserg/crawler4j/)"
158.69.241.227 - - [06/May/2018:01:20:47 -0400] "GET /node/99 HTTP/1.1" 200 3663 "-" "crawler4j (https://github.com/yasserg/crawler4j/)"
158.69.241.227 - - [06/May/2018:01:20:47 -0400] "GET /node/organizers HTTP/1.1" 404 4682 "-" "crawler4j (https://github.com/yasserg/crawler4j/)"
158.69.241.227 - - [06/May/2018:01:20:47 -0400] "GET /2016 HTTP/1.1" 200 3679 "-" "crawler4j (https://github.com/yasserg/crawler4j/)"
158.69.241.227 - - [06/May/2018:01:20:48 -0400] "GET /2018/dates HTTP/1.1" 200 2975 "-" "crawler4j (https://github.com/yasserg/crawler4j/)"
158.69.241.227 - - [06/May/2018:01:20:48 -0400] "GET /2016/cfp HTTP/1.1" 200 5263 "-" "crawler4j (https://github.com/yasserg/crawler4j/)"
158.69.241.227 - - [06/May/2018:01:20:48 -0400] "GET /2017 HTTP/1.1" 200 3759 "-" "crawler4j (https://github.com/yasserg/crawler4j/)"
158.69.241.227 - - [06/May/2018:01:20:48 -0400] "GET /node/83 HTTP/1.1" 200 5263 "-" "crawler4j (https://github.com/yasserg/crawler4j/)"
158.69.241.227 - - [06/May/2018:01:20:48 -0400] "GET /2016/sponsors HTTP/1.1" 200 3007 "-" "crawler4j (https://github.com/yasserg/crawler4j/)"
158.69.241.227 - - [06/May/2018:01:20:48 -0400] "GET /node/98 HTTP/1.1" 200 2975 "-" "crawler4j (https://github.com/yasserg/crawler4j/)"
158.69.241.227 - - [06/May/2018:01:20:48 -0400] "GET /proceedings HTTP/1.1" 200 3039 "-" "crawler4j (https://github.com/yasserg/crawler4j/)"
158.69.241.227 - - [06/May/2018:01:20:48 -0400] "GET /node/88 HTTP/1.1" 200 3007 "-" "crawler4j (https://github.com/yasserg/crawler4j/)"
158.69.241.227 - - [06/May/2018:01:20:48 -0400] "GET /node/82 HTTP/1.1" 200 3679 "-" "crawler4j (https://github.com/yasserg/crawler4j/)"
158.69.241.227 - - [06/May/2018:01:20:48 -0400] "GET /2017/location HTTP/1.1" 200 2847 "-" "crawler4j (https://github.com/yasserg/crawler4j/)"
158.69.241.227 - - [06/May/2018:01:20:49 -0400] "GET /2014 HTTP/1.1" 200 3407 "-" "crawler4j (https://github.com/yasserg/crawler4j/)"
158.69.241.227 - - [06/May/2018:01:20:49 -0400] "GET /node/90 HTTP/1.1" 200 3759 "-" "crawler4j (https://github.com/yasserg/crawler4j/)"
158.69.241.227 - - [06/May/2018:01:20:49 -0400] "GET /2016/dates HTTP/1.1" 200 3087 "-" "crawler4j (https://github.com/yasserg/crawler4j/)"
158.69.241.227 - - [06/May/2018:01:20:49 -0400] "GET /misc/drupal.js?p7r9uw HTTP/1.1" 200 7471 "-" "crawler4j (https://github.com/yasserg/crawler4j/)"
158.69.241.227 - - [06/May/2018:01:20:49 -0400] "GET /proceedings/2004 HTTP/1.1" 200 2815 "-" "crawler4j (https://github.com/yasserg/crawler4j/)"
158.69.241.227 - - [06/May/2018:01:20:49 -0400] "GET /2016/program HTTP/1.1" 200 4143 "-" "crawler4j (https://github.com/yasserg/crawler4j/)"
158.69.241.227 - - [06/May/2018:01:20:49 -0400] "GET /2017/organizers HTTP/1.1" 200 3823 "-" "crawler4j (https://github.com/yasserg/crawler4j/)"
158.69.241.227 - - [06/May/2018:01:20:49 -0400] "GET /2015 HTTP/1.1" 200 3631 "-" "crawler4j (https://github.com/yasserg/crawler4j/)"
158.69.241.227 - - [06/May/2018:01:20:49 -0400] "GET /2017/dates HTTP/1.1" 200 3151 "-" "crawler4j (https://github.com/yasserg/crawler4j/)"
158.69.241.227 - - [06/May/2018:01:20:49 -0400] "GET /2016/location HTTP/1.1" 200 4367 "-" "crawler4j (https://github.com/yasserg/crawler4j/)"
158.69.241.227 - - [06/May/2018:01:20:50 -0400] "GET /proceedings/2003 HTTP/1.1" 200 2815 "-" "crawler4j (https://github.com/yasserg/crawler4j/)"
158.69.241.227 - - [06/May/2018:01:20:50 -0400] "GET /misc/jquery.js?v=1.4.4 HTTP/1.1" 200 27822 "-" "crawler4j (https://github.com/yasserg/crawler4j/)"
158.69.241.227 - - [06/May/2018:01:20:50 -0400] "GET /proceedings/1993 HTTP/1.1" 200 4207 "-" "crawler4j (https://github.com/yasserg/crawler4j/)"
158.69.241.227 - - [06/May/2018:01:20:50 -0400] "GET /2016/organizers HTTP/1.1" 200 3871 "-" "crawler4j (https://github.com/yasserg/crawler4j/)"
158.69.241.227 - - [06/May/2018:01:20:50 -0400] "GET /2017/accepted HTTP/1.1" 200 3455 "-" "crawler4j (https://github.com/yasserg/crawler4j/)"
158.69.241.227 - - [06/May/2018:01:20:50 -0400] "GET /2012 HTTP/1.1" 200 3583 "-" "crawler4j (https://github.com/yasserg/crawler4j/)"
158.69.241.227 - - [06/May/2018:01:20:50 -0400] "GET /2017/cfp HTTP/1.1" 200 5695 "-" "crawler4j (https://github.com/yasserg/crawler4j/)"
158.69.241.227 - - [06/May/2018:01:20:50 -0400] "GET /2016/accepted HTTP/1.1" 200 3615 "-" "crawler4j (https://github.com/yasserg/crawler4j/)"
158.69.241.227 - - [06/May/2018:01:20:50 -0400] "GET /proceedings/2006 HTTP/1.1" 200 3455 "-" "crawler4j (https://github.com/yasserg/crawler4j/)"
158.69.241.227 - - [06/May/2018:01:20:50 -0400] "GET /login HTTP/1.1" 200 2975 "-" "crawler4j (https://github.com/yasserg/crawler4j/)"
158.69.241.227 - - [06/May/2018:01:20:51 -0400] "GET /proceedings/1994 HTTP/1.1" 200 2831 "-" "crawler4j (https://github.com/yasserg/crawler4j/)"
158.69.241.227 - - [06/May/2018:01:20:51 -0400] "GET /node/70 HTTP/1.1" 200 3711 "-" "crawler4j (https://github.com/yasserg/crawler4j/)"
158.69.241.227 - - [06/May/2018:01:20:51 -0400] "GET /2013 HTTP/1.1" 200 3503 "-" "crawler4j (https://github.com/yasserg/crawler4j/)"
158.69.241.227 - - [06/May/2018:01:20:51 -0400] "GET /2017/program HTTP/1.1" 200 4047 "-" "crawler4j (https://github.com/yasserg/crawler4j/)"
158.69.241.227 - - [06/May/2018:01:20:51 -0400] "GET /node/65 HTTP/1.1" 200 3407 "-" "crawler4j (https://github.com/yasserg/crawler4j/)"
158.69.241.227 - - [06/May/2018:01:20:51 -0400] "GET /proceedings/2005 HTTP/1.1" 200 3871 "-" "crawler4j (https://github.com/yasserg/crawler4j/)"
158.69.241.227 - - [06/May/2018:01:20:51 -0400] "GET /user/password HTTP/1.1" 200 2703 "-" "crawler4j (https://github.com/yasserg/crawler4j/)"
158.69.241.227 - - [06/May/2018:01:20:51 -0400] "GET /proceedings/1995 HTTP/1.1" 200 2831 "-" "crawler4j (https://github.com/yasserg/crawler4j/)"
158.69.241.227 - - [06/May/2018:01:20:51 -0400] "GET /2014/organizers HTTP/1.1" 200 3775 "-" "crawler4j (https://github.com/yasserg/crawler4j/)"
158.69.241.227 - - [06/May/2018:01:20:52 -0400] "GET /2010 HTTP/1.1" 200 3647 "-" "crawler4j (https://github.com/yasserg/crawler4j/)"
158.69.241.227 - - [06/May/2018:01:20:52 -0400] "GET /node/29 HTTP/1.1" 200 2815 "-" "crawler4j (https://github.com/yasserg/crawler4j/)"
158.69.241.227 - - [06/May/2018:01:20:52 -0400] "GET /2014/sponsors HTTP/1.1" 200 3055 "-" "crawler4j (https://github.com/yasserg/crawler4j/)"
158.69.241.227 - - [06/May/2018:01:20:52 -0400] "GET /proceedings/2008 HTTP/1.1" 200 3599 "-" "crawler4j (https://github.com/yasserg/crawler4j/)"
158.69.241.227 - - [06/May/2018:01:20:52 -0400] "GET /node/3 HTTP/1.1" 200 2975 "-" "crawler4j (https://github.com/yasserg/crawler4j/)"
158.69.241.227 - - [06/May/2018:01:20:52 -0400] "GET /proceedings/1996 HTTP/1.1" 200 2831 "-" "crawler4j (https://github.com/yasserg/crawler4j/)"
158.69.241.227 - - [06/May/2018:01:20:52 -0400] "GET /2014/dates HTTP/1.1" 200 3247 "-" "crawler4j (https://github.com/yasserg/crawler4j/)"
158.69.241.227 - - [06/May/2018:01:20:52 -0400] "GET /registration HTTP/1.1" 200 3407 "-" "crawler4j (https://github.com/yasserg/crawler4j/)"
158.69.241.227 - - [06/May/2018:01:20:52 -0400] "GET /2011 HTTP/1.1" 200 3631 "-" "crawler4j (https://github.com/yasserg/crawler4j/)"
158.69.241.227 - - [06/May/2018:01:20:53 -0400] "GET /2014/cfp HTTP/1.1" 200 4991 "-" "crawler4j (https://github.com/yasserg/crawler4j/)"
158.69.241.227 - - [06/May/2018:01:20:52 -0400] "GET /2013/dates HTTP/1.1" 200 3279 "-" "crawler4j (https://github.com/yasserg/crawler4j/)"
158.69.241.227 - - [06/May/2018:01:20:53 -0400] "GET /proceedings/2007 HTTP/1.1" 200 3535 "-" "crawler4j (https://github.com/yasserg/crawler4j/)"
158.69.241.227 - - [06/May/2018:01:20:53 -0400] "GET /node/16 HTTP/1.1" 200 3455 "-" "crawler4j (https://github.com/yasserg/crawler4j/)"
158.69.241.227 - - [06/May/2018:01:20:53 -0400] "GET /2013/local HTTP/1.1" 200 5887 "-" "crawler4j (https://github.com/yasserg/crawler4j/)"
158.69.241.227 - - [06/May/2018:01:20:53 -0400] "GET /2009 HTTP/1.1" 301 629 "-" "crawler4j (https://github.com/yasserg/crawler4j/)"
158.69.241.227 - - [06/May/2018:01:20:53 -0400] "GET /2014/local HTTP/1.1" 200 4191 "-" "crawler4j (https://github.com/yasserg/crawler4j/)"
158.69.241.227 - - [06/May/2018:01:20:53 -0400] "GET /2013/cfp HTTP/1.1" 200 5503 "-" "crawler4j (https://github.com/yasserg/crawler4j/)"
158.69.241.227 - - [06/May/2018:01:20:53 -0400] "GET /node/17 HTTP/1.1" 200 3871 "-" "crawler4j (https://github.com/yasserg/crawler4j/)"
158.69.241.227 - - [06/May/2018:01:20:53 -0400] "GET /proceedings/1997 HTTP/1.1" 200 2815 "-" "crawler4j (https://github.com/yasserg/crawler4j/)"
158.69.241.227 - - [06/May/2018:01:20:53 -0400] "GET /user HTTP/1.1" 200 2751 "-" "crawler4j (https://github.com/yasserg/crawler4j/)"
158.69.241.227 - - [06/May/2018:01:20:54 -0400] "GET /2013/papers HTTP/1.1" 200 3711 "-" "crawler4j (https://github.com/yasserg/crawler4j/)"
158.69.241.227 - - [06/May/2018:01:20:54 -0400] "GET /2014/program HTTP/1.1" 200 4591 "-" "crawler4j (https://github.com/yasserg/crawler4j/)"
158.69.241.227 - - [06/May/2018:01:20:54 -0400] "GET /1999 HTTP/1.1" 301 629 "-" "crawler4j (https://github.com/yasserg/crawler4j/)"
158.69.241.227 - - [06/May/2018:01:20:54 -0400] "GET /node/54 HTTP/1.1" 200 3503 "-" "crawler4j (https://github.com/yasserg/crawler4j/)"
158.69.241.227 - - [06/May/2018:01:20:54 -0400] "GET /node/28 HTTP/1.1" 200 2831 "-" "crawler4j (https://github.com/yasserg/crawler4j/)"
158.69.241.227 - - [06/May/2018:01:20:54 -0400] "GET /proceedings/1998 HTTP/1.1" 200 2815 "-" "crawler4j (https://github.com/yasserg/crawler4j/)"
158.69.241.227 - - [06/May/2018:01:20:54 -0400] "GET /2013/organizers HTTP/1.1" 200 3455 "-" "crawler4j (https://github.com/yasserg/crawler4j/)"
158.69.241.227 - - [06/May/2018:01:20:54 -0400] "GET /node/19 HTTP/1.1" 200 2831 "-" "crawler4j (https://github.com/yasserg/crawler4j/)"
