66.102.8.23 - - [28/Apr/2018:09:31:43 -0400] "GET /themes/garland/images/body.png HTTP/1.1" 200 993 "https://www.nspw.org/themes/garland/style.css?p7r9uw" "Mozilla/5.0 (Linux; Android 4.2.1; en-us; Nexus 5 Build/JOP40D) AppleWebKit/535.19 (KHTML, like Gecko; googleweblight) Chrome/38.0.1025.166 Mobile Safari/535.19"
66.102.8.25 - - [28/Apr/2018:09:31:43 -0400] "GET /themes/garland/images/bg-content.png HTTP/1.1" 200 798 "https://www.nspw.org/themes/garland/style.css?p7r9uw" "Mozilla/5.0 (Linux; Android 4.2.1; en-us; Nexus 5 Build/JOP40D) AppleWebKit/535.19 (KHTML, like Gecko; googleweblight) Chrome/38.0.1025.166 Mobile Safari/535.19"
66.102.8.27 - - [28/Apr/2018:09:31:44 -0400] "GET /themes/garland/images/bg-content-right.png HTTP/1.1" 200 6556 "https://www.nspw.org/themes/garland/style.css?p7r9uw" "Mozilla/5.0 (Linux; Android 4.2.1; en-us; Nexus 5 Build/JOP40D) AppleWebKit/535.19 (KHTML, like Gecko; googleweblight) Chrome/38.0.1025.166 Mobile Safari/535.19"
66.249.73.89 - - [28/Apr/2018:09:32:05 -0400] "GET /papers/1996/nspw1996-hosmer.pdf HTTP/1.1" 200 814281 "-" "Mozilla/5.0 (compatible; Googlebot/2.1; +http://www.google.com/bot.html)"
66.249.73.89 - - [28/Apr/2018:09:33:39 -0400] "GET /1999/cfp.txt HTTP/1.1" 304 3604 "-" "Mozilla/5.0 (compatible; Googlebot/2.1; +http://www.google.com/bot.html)"
182.177.99.74 - - [28/Apr/2018:09:33:58 -0400] "GET /wp-login.php HTTP/1.1" 404 7985 "-" "Mozilla/5.0 (Windows NT 6.1; WOW64; rv:40.0) Gecko/20100101 Firefox/40.1"
182.177.99.74 - - [28/Apr/2018:09:34:02 -0400] "GET / HTTP/1.1" 200 8206 "-" "Mozilla/5.0 (Windows NT 6.1; WOW64; rv:40.0) Gecko/20100101 Firefox/40.1"
69.80.13.66 - - [28/Apr/2018:09:34:42 -0400] "GET /wp-login.php HTTP/1.1" 404 7491 "-" "Mozilla/5.0 (Windows NT 6.1; WOW64; rv:40.0) Gecko/20100101 Firefox/40.1"
69.80.13.66 - - [28/Apr/2018:09:34:44 -0400] "GET / HTTP/1.1" 200 8218 "-" "Mozilla/5.0 (Windows NT 6.1; WOW64; rv:40.0) Gecko/20100101 Firefox/40.1"
69.162.124.227 - - [28/Apr/2018:09:35:15 -0400] "HEAD / HTTP/1.1" 200 3874 "http://nspw.org/" "Mozilla/5.0+(compatible; UptimeRobot/2.0; http://www.uptimerobot.com/)"
66.249.73.87 - - [28/Apr/2018:09:35:16 -0400] "GET /papers/2013/nspw2013-zhao.pdf HTTP/1.1" 200 1019444 "-" "Mozilla/5.0 (compatible; Googlebot/2.1; +http://www.google.com/bot.html)"
185.10.68.236 - - [28/Apr/2018:09:36:27 -0400] "GET / HTTP/1.1" 200 11592 "-" "Python-urllib/2.7"
66.249.73.87 - - [28/Apr/2018:09:36:50 -0400] "GET /papers/2013/nspw2013-zhao.pdf HTTP/1.1" 200 1019444 "-" "Mozilla/5.0 (Linux; Android 6.0.1; Nexus 5X Build/MMB29P) AppleWebKit/537.36 (KHTML, like Gecko) Chrome/41.0.2272.96 Mobile Safari/537.36 (compatible; Googlebot/2.1; +http://www.google.com/bot.html)"
36.110.211.108 - - [28/Apr/2018:09:37:55 -0400] "GET / HTTP/1.1" 200 11540 "http://www.so.com" "Mozilla/5.0 (Windows NT 6.2; rv:30.0) Gecko/20150101 Firefox/32.0 360Spider 360Spider"
193.62.7.228 - - [28/Apr/2018:09:38:06 -0400] "GET /favicon.ico HTTP/1.1" 404 841 "https://www.nspw.org/papers/2013/nspw2013-somayaji.pdf" "Mozilla/5.0 (Windows NT 6.3; Win64; x64) AppleWebKit/537.36 (KHTML, like Gecko) Chrome/65.0.3325.181 Safari/537.36"
66.249.73.87 - - [28/Apr/2018:09:38:26 -0400] "GET /papers/2011/nspw2011-du.pdf HTTP/1.1" 200 658178 "-" "Mozilla/5.0 (Linux; Android 6.0.1; Nexus 5X Build/MMB29P) AppleWebKit/537.36 (KHTML, like Gecko) Chrome/41.0.2272.96 Mobile Safari/537.36 (compatible; Googlebot/2.1; +http://www.google.com/bot.html)"
193.62.7.228 - - [28/Apr/2018:09:38:37 -0400] "GET /papers/2013/nspw2013-somayaji.pdf HTTP/1.1" 304 352 "https://www.google.co.uk/" "Mozilla/5.0 (Windows NT 6.3; Win64; x64) AppleWebKit/537.36 (KHTML, like Gecko) Chrome/65.0.3325.181 Safari/537.36"
66.249.73.89 - - [28/Apr/2018:09:38:53 -0400] "GET /favicon.ico HTTP/1.1" 404 4094 "-" "Googlebot-Image/1.0"
193.62.7.228 - - [28/Apr/2018:09:39:02 -0400] "GET /papers/2013/nspw2013-somayaji.pdf HTTP/1.1" 206 517 "https://www.google.co.uk/" "Mozilla/5.0 (Windows NT 6.3; Win64; x64) AppleWebKit/537.36 (KHTML, like Gecko) Chrome/65.0.3325.181 Safari/537.36"
193.62.7.228 - - [28/Apr/2018:09:36:23 -0400] "GET /papers/2013/nspw2013-somayaji.pdf HTTP/1.1" 200 250108 "https://www.google.co.uk/" "Mozilla/5.0 (Windows NT 6.3; Win64; x64) AppleWebKit/537.36 (KHTML, like Gecko) Chrome/65.0.3325.181 Safari/537.36"
193.62.7.228 - - [28/Apr/2018:09:39:02 -0400] "GET /papers/2013/nspw2013-somayaji.pdf HTTP/1.1" 206 189599 "https://www.google.co.uk/" "Mozilla/5.0 (Windows NT 6.3; Win64; x64) AppleWebKit/537.36 (KHTML, like Gecko) Chrome/65.0.3325.181 Safari/537.36"
66.249.73.87 - - [28/Apr/2018:09:40:00 -0400] "GET /papers/2008/nspw2008-zhao.pdf HTTP/1.1" 200 568085 "-" "Mozilla/5.0 (Linux; Android 6.0.1; Nexus 5X Build/MMB29P) AppleWebKit/537.36 (KHTML, like Gecko) Chrome/41.0.2272.96 Mobile Safari/537.36 (compatible; Googlebot/2.1; +http://www.google.com/bot.html)"
69.162.124.227 - - [28/Apr/2018:09:40:15 -0400] "HEAD / HTTP/1.1" 200 3874 "http://nspw.org/" "Mozilla/5.0+(compatible; UptimeRobot/2.0; http://www.uptimerobot.com/)"
125.209.235.186 - - [28/Apr/2018:09:40:27 -0400] "GET /2017/organizers HTTP/1.1" 200 7154 "-" "Mozilla/5.0 (compatible; Yeti/1.1; +http://naver.me/spd)"
66.249.73.91 - - [28/Apr/2018:09:41:36 -0400] "GET /papers/2004/nspw2004-hollebeek.pdf HTTP/1.1" 200 120240 "-" "Mozilla/5.0 (Linux; Android 6.0.1; Nexus 5X Build/MMB29P) AppleWebKit/537.36 (KHTML, like Gecko) Chrome/41.0.2272.96 Mobile Safari/537.36 (compatible; Googlebot/2.1; +http://www.google.com/bot.html)"
41.107.59.104 - - [28/Apr/2018:09:43:02 -0400] "GET /wp-login.php HTTP/1.1" 404 7903 "-" "Mozilla/5.0 (Windows NT 6.1; WOW64; rv:40.0) Gecko/20100101 Firefox/40.1"
41.107.59.104 - - [28/Apr/2018:09:43:03 -0400] "GET / HTTP/1.1" 200 8218 "-" "Mozilla/5.0 (Windows NT 6.1; WOW64; rv:40.0) Gecko/20100101 Firefox/40.1"
66.249.73.89 - - [28/Apr/2018:09:43:10 -0400] "GET /2009/proceedings/2003/nspw2003-perrin.pdf HTTP/1.1" 304 3606 "-" "Mozilla/5.0 (compatible; Googlebot/2.1; +http://www.google.com/bot.html)"
66.249.73.89 - - [28/Apr/2018:09:44:45 -0400] "GET /2009/proceedings/2007/nspw2007-gay.pdf HTTP/1.1" 304 3605 "-" "Mozilla/5.0 (compatible; Googlebot/2.1; +http://www.google.com/bot.html)"
69.162.124.227 - - [28/Apr/2018:09:45:15 -0400] "HEAD / HTTP/1.1" 200 3874 "http://nspw.org/" "Mozilla/5.0+(compatible; UptimeRobot/2.0; http://www.uptimerobot.com/)"
66.249.73.87 - - [28/Apr/2018:09:46:21 -0400] "GET /papers/2001/nspw2001-weirich.pdf HTTP/1.1" 200 720355 "-" "Mozilla/5.0 (Linux; Android 6.0.1; Nexus 5X Build/MMB29P) AppleWebKit/537.36 (KHTML, like Gecko) Chrome/41.0.2272.96 Mobile Safari/537.36 (compatible; Googlebot/2.1; +http://www.google.com/bot.html)"
66.249.73.87 - - [28/Apr/2018:09:47:57 -0400] "GET /papers/1993/nspw1993-howe.pdf HTTP/1.1" 200 396733 "-" "Mozilla/5.0 (compatible; Googlebot/2.1; +http://www.google.com/bot.html)"
104.196.56.173 - - [28/Apr/2018:09:47:59 -0400] "GET /2018 HTTP/1.1" 200 6753 "https://www.nspw.org/" "Scrapy/1.4.0 (+http://scrapy.org)"
104.196.56.173 - - [28/Apr/2018:09:47:59 -0400] "GET /proceedings HTTP/1.1" 200 6188 "https://www.nspw.org/" "Scrapy/1.4.0 (+http://scrapy.org)"
104.196.56.173 - - [28/Apr/2018:09:47:59 -0400] "GET /2018/dates HTTP/1.1" 200 6118 "https://www.nspw.org/" "Scrapy/1.4.0 (+http://scrapy.org)"
104.196.56.173 - - [28/Apr/2018:09:47:59 -0400] "GET /login HTTP/1.1" 200 6112 "https://www.nspw.org/" "Scrapy/1.4.0 (+http://scrapy.org)"
104.196.56.173 - - [28/Apr/2018:09:47:59 -0400] "GET /past HTTP/1.1" 200 6233 "https://www.nspw.org/" "Scrapy/1.4.0 (+http://scrapy.org)"
104.196.56.173 - - [28/Apr/2018:09:47:59 -0400] "GET /2018/organizers HTTP/1.1" 200 6806 "https://www.nspw.org/" "Scrapy/1.4.0 (+http://scrapy.org)"
104.196.56.173 - - [28/Apr/2018:09:47:59 -0400] "GET /2018/cfp HTTP/1.1" 200 7997 "https://www.nspw.org/" "Scrapy/1.4.0 (+http://scrapy.org)"
66.249.73.87 - - [28/Apr/2018:09:49:31 -0400] "GET /2007/proceedings.shtml HTTP/1.1" 200 4864 "-" "Mozilla/5.0 (compatible; Googlebot/2.1; +http://www.google.com/bot.html)"
123.125.71.39 - - [28/Apr/2018:09:49:45 -0400] "GET /2013/cfp HTTP/1.1" 200 17935 "-" "Mozilla/5.0 (compatible; Baiduspider/2.0; +http://www.baidu.com/search/spider.html)"
69.162.124.227 - - [28/Apr/2018:09:50:15 -0400] "HEAD / HTTP/1.1" 200 3874 "http://nspw.org/" "Mozilla/5.0+(compatible; UptimeRobot/2.0; http://www.uptimerobot.com/)"
66.249.73.89 - - [28/Apr/2018:09:51:07 -0400] "GET /papers/1993/nspw1993-smith.pdf HTTP/1.1" 200 926357 "-" "Mozilla/5.0 (compatible; Googlebot/2.1; +http://www.google.com/bot.html)"
78.160.253.252 - - [28/Apr/2018:09:51:36 -0400] "GET /wp-login.php HTTP/1.1" 404 7839 "-" "Mozilla/5.0 (Windows NT 6.1; WOW64; rv:40.0) Gecko/20100101 Firefox/40.1"
78.160.253.252 - - [28/Apr/2018:09:51:37 -0400] "GET / HTTP/1.1" 200 8218 "-" "Mozilla/5.0 (Windows NT 6.1; WOW64; rv:40.0) Gecko/20100101 Firefox/40.1"
187.109.109.98 - - [28/Apr/2018:09:52:10 -0400] "GET /wp-login.php HTTP/1.1" 404 7985 "-" "Mozilla/5.0 (Windows NT 6.1; WOW64; rv:40.0) Gecko/20100101 Firefox/40.1"
187.109.109.98 - - [28/Apr/2018:09:52:10 -0400] "GET / HTTP/1.1" 200 8206 "-" "Mozilla/5.0 (Windows NT 6.1; WOW64; rv:40.0) Gecko/20100101 Firefox/40.1"
66.249.73.91 - - [28/Apr/2018:09:52:41 -0400] "GET /2009/proceedings/2007/nspw2007-hunker.pdf HTTP/1.1" 304 3605 "-" "Mozilla/5.0 (compatible; Googlebot/2.1; +http://www.google.com/bot.html)"
14.215.176.9 - - [28/Apr/2018:09:53:17 -0400] "GET / HTTP/1.1" 200 6636 "-" "Mozilla/5.0 (Windows NT 6.1; WOW64; rv:43.0) Gecko/20100101 Firefox/43.0"
14.215.176.9 - - [28/Apr/2018:09:53:18 -0400] "GET /modules/system/system.base.css?p7r9uw HTTP/1.1" 200 2307 "https://www.nspw.org/" "Mozilla/5.0 (Windows NT 6.1; WOW64; rv:43.0) Gecko/20100101 Firefox/43.0"
14.215.176.9 - - [28/Apr/2018:09:53:18 -0400] "GET /modules/system/system.menus.css?p7r9uw HTTP/1.1" 200 1025 "https://www.nspw.org/" "Mozilla/5.0 (Windows NT 6.1; WOW64; rv:43.0) Gecko/20100101 Firefox/43.0"
14.215.176.17 - - [28/Apr/2018:09:53:18 -0400] "GET /modules/system/system.messages.css?p7r9uw HTTP/1.1" 200 884 "https://www.nspw.org/" "Mozilla/5.0 (Windows NT 6.1; WOW64; rv:43.0) Gecko/20100101 Firefox/43.0"
14.215.176.12 - - [28/Apr/2018:09:53:18 -0400] "GET /modules/system/system.theme.css?p7r9uw HTTP/1.1" 200 1723 "https://www.nspw.org/" "Mozilla/5.0 (Windows NT 6.1; WOW64; rv:43.0) Gecko/20100101 Firefox/43.0"
14.215.176.9 - - [28/Apr/2018:09:53:18 -0400] "GET /modules/comment/comment.css?p7r9uw HTTP/1.1" 200 505 "https://www.nspw.org/" "Mozilla/5.0 (Windows NT 6.1; WOW64; rv:43.0) Gecko/20100101 Firefox/43.0"
14.215.176.13 - - [28/Apr/2018:09:53:18 -0400] "GET /modules/field/theme/field.css?p7r9uw HTTP/1.1" 200 737 "https://www.nspw.org/" "Mozilla/5.0 (Windows NT 6.1; WOW64; rv:43.0) Gecko/20100101 Firefox/43.0"
14.215.176.14 - - [28/Apr/2018:09:53:18 -0400] "GET /modules/node/node.css?p7r9uw HTTP/1.1" 200 610 "https://www.nspw.org/" "Mozilla/5.0 (Windows NT 6.1; WOW64; rv:43.0) Gecko/20100101 Firefox/43.0"
14.215.176.19 - - [28/Apr/2018:09:53:18 -0400] "GET /modules/user/user.css?p7r9uw HTTP/1.1" 200 1200 "https://www.nspw.org/" "Mozilla/5.0 (Windows NT 6.1; WOW64; rv:43.0) Gecko/20100101 Firefox/43.0"
14.215.176.17 - - [28/Apr/2018:09:53:18 -0400] "GET /themes/garland/style.css?p7r9uw HTTP/1.1" 200 5370 "https://www.nspw.org/" "Mozilla/5.0 (Windows NT 6.1; WOW64; rv:43.0) Gecko/20100101 Firefox/43.0"
14.215.176.12 - - [28/Apr/2018:09:53:18 -0400] "GET /themes/garland/print.css?p7r9uw HTTP/1.1" 200 771 "https://www.nspw.org/" "Mozilla/5.0 (Windows NT 6.1; WOW64; rv:43.0) Gecko/20100101 Firefox/43.0"
14.215.176.13 - - [28/Apr/2018:09:53:18 -0400] "GET /misc/jquery.once.js?v=1.2 HTTP/1.1" 200 1445 "https://www.nspw.org/" "Mozilla/5.0 (Windows NT 6.1; WOW64; rv:43.0) Gecko/20100101 Firefox/43.0"
14.215.176.9 - - [28/Apr/2018:09:53:18 -0400] "GET /misc/jquery.js?v=1.4.4 HTTP/1.1" 200 27601 "https://www.nspw.org/" "Mozilla/5.0 (Windows NT 6.1; WOW64; rv:43.0) Gecko/20100101 Firefox/43.0"
14.215.176.14 - - [28/Apr/2018:09:53:18 -0400] "GET /misc/drupal.js?p7r9uw HTTP/1.1" 200 7372 "https://www.nspw.org/" "Mozilla/5.0 (Windows NT 6.1; WOW64; rv:43.0) Gecko/20100101 Firefox/43.0"
66.249.73.89 - - [28/Apr/2018:09:54:16 -0400] "GET /papers/1998/nspw1998-kahn.pdf HTTP/1.1" 304 3606 "-" "Mozilla/5.0 (compatible; Googlebot/2.1; +http://www.google.com/bot.html)"
77.88.47.40 - - [28/Apr/2018:09:54:55 -0400] "GET /2005/cfp/cfp.txt.bak HTTP/1.1" 200 8714 "-" "Mozilla/5.0 (compatible; YandexBot/3.0; +http://yandex.com/bots)"
69.162.124.227 - - [28/Apr/2018:09:55:15 -0400] "HEAD / HTTP/1.1" 200 3874 "http://nspw.org/" "Mozilla/5.0+(compatible; UptimeRobot/2.0; http://www.uptimerobot.com/)"
66.249.73.91 - - [28/Apr/2018:09:55:52 -0400] "GET /papers/1996/nspw1996-williams.pdf HTTP/1.1" 200 664500 "-" "Mozilla/5.0 (compatible; Googlebot/2.1; +http://www.google.com/bot.html)"
188.161.187.97 - - [28/Apr/2018:09:56:33 -0400] "GET /wp-login.php HTTP/1.1" 404 7839 "-" "Mozilla/5.0 (Windows NT 6.1; WOW64; rv:40.0) Gecko/20100101 Firefox/40.1"
188.161.187.97 - - [28/Apr/2018:09:56:34 -0400] "GET / HTTP/1.1" 200 8218 "-" "Mozilla/5.0 (Windows NT 6.1; WOW64; rv:40.0) Gecko/20100101 Firefox/40.1"
77.88.47.40 - - [28/Apr/2018:09:56:43 -0400] "GET / HTTP/1.1" 200 6635 "-" "Mozilla/5.0 (compatible; YandexBot/3.0; +http://yandex.com/bots)"
77.88.47.40 - - [28/Apr/2018:09:56:46 -0400] "GET /2004/pc.content HTTP/1.1" 200 2895 "-" "Mozilla/5.0 (compatible; YandexBot/3.0; +http://yandex.com/bots)"
66.249.73.91 - - [28/Apr/2018:09:57:28 -0400] "GET /2006/cfp/cfpExtension.text HTTP/1.1" 200 6593 "-" "Mozilla/5.0 (compatible; Googlebot/2.1; +http://www.google.com/bot.html)"
184.105.247.195 - - [28/Apr/2018:09:57:37 -0400] "GET / HTTP/1.1" 200 11408 "-" "-"
77.88.47.40 - - [28/Apr/2018:09:57:52 -0400] "GET /2017/cfp HTTP/1.1" 200 9019 "-" "Mozilla/5.0 (compatible; YandexBot/3.0; +http://yandex.com/bots)"
94.78.194.100 - - [28/Apr/2018:09:58:16 -0400] "GET /wp-login.php HTTP/1.1" 404 7491 "-" "Mozilla/5.0 (Windows NT 6.1; WOW64; rv:40.0) Gecko/20100101 Firefox/40.1"
94.78.194.100 - - [28/Apr/2018:09:58:17 -0400] "GET / HTTP/1.1" 200 8218 "-" "Mozilla/5.0 (Windows NT 6.1; WOW64; rv:40.0) Gecko/20100101 Firefox/40.1"
173.239.232.168 - - [28/Apr/2018:09:58:40 -0400] "GET /wp-login.php HTTP/1.1" 404 7985 "-" "Mozilla/5.0 (Windows NT 6.1; WOW64; rv:40.0) Gecko/20100101 Firefox/40.1"
173.239.232.168 - - [28/Apr/2018:09:58:40 -0400] "GET / HTTP/1.1" 200 8206 "-" "Mozilla/5.0 (Windows NT 6.1; WOW64; rv:40.0) Gecko/20100101 Firefox/40.1"
157.55.39.100 - - [28/Apr/2018:09:58:42 -0400] "GET /papers/2004/nspw2004-gates.pdf HTTP/1.1" 200 148750 "-" "Mozilla/5.0 (iPhone; CPU iPhone OS 7_0 like Mac OS X) AppleWebKit/537.51.1 (KHTML, like Gecko) Version/7.0 Mobile/11A465 Safari/9537.53 (compatible; bingbot/2.0; +http://www.bing.com/bingbot.htm)"
66.249.73.91 - - [28/Apr/2018:09:59:02 -0400] "GET /papers/2008/nspw2008-crandall.pdf HTTP/1.1" 200 425114 "-" "Mozilla/5.0 (Linux; Android 6.0.1; Nexus 5X Build/MMB29P) AppleWebKit/537.36 (KHTML, like Gecko) Chrome/41.0.2272.96 Mobile Safari/537.36 (compatible; Googlebot/2.1; +http://www.google.com/bot.html)"
69.162.124.227 - - [28/Apr/2018:10:00:15 -0400] "HEAD / HTTP/1.1" 200 3874 "http://nspw.org/" "Mozilla/5.0+(compatible; UptimeRobot/2.0; http://www.uptimerobot.com/)"
66.249.73.87 - - [28/Apr/2018:10:00:38 -0400] "GET /papers/1996/nspw1996-orman.pdf HTTP/1.1" 200 594879 "-" "Mozilla/5.0 (compatible; Googlebot/2.1; +http://www.google.com/bot.html)"
125.209.235.169 - - [28/Apr/2018:10:01:13 -0400] "GET /2013/organizers HTTP/1.1" 200 6786 "-" "Mozilla/5.0 (compatible; Yeti/1.1; +http://naver.me/spd)"
194.187.171.105 - - [28/Apr/2018:10:01:14 -0400] "GET /favicon.ico HTTP/1.1" 404 3940 "-" "Qwantify/1.0"
194.187.171.127 - - [28/Apr/2018:10:01:15 -0400] "GET / HTTP/1.1" 200 6452 "-" "Qwantify/1.0"
194.187.171.4 - - [28/Apr/2018:10:01:30 -0400] "GET /favicon.ico HTTP/1.1" 404 3940 "-" "Qwantify/1.0"
194.187.171.41 - - [28/Apr/2018:10:01:31 -0400] "GET / HTTP/1.1" 200 6451 "-" "Qwantify/1.0"
40.77.167.194 - - [28/Apr/2018:10:01:58 -0400] "GET /papers/2001/nspw2001-schaefer.pdf HTTP/1.1" 200 406300 "-" "Mozilla/5.0 (iPhone; CPU iPhone OS 7_0 like Mac OS X) AppleWebKit/537.51.1 (KHTML, like Gecko) Version/7.0 Mobile/11A465 Safari/9537.53 (compatible; bingbot/2.0; +http://www.bing.com/bingbot.htm)"
66.249.73.89 - - [28/Apr/2018:10:02:12 -0400] "GET /papers/2010/nspw2010-vancleeff.pdf HTTP/1.1" 200 418639 "-" "Mozilla/5.0 (Linux; Android 6.0.1; Nexus 5X Build/MMB29P) AppleWebKit/537.36 (KHTML, like Gecko) Chrome/41.0.2272.96 Mobile Safari/537.36 (compatible; Googlebot/2.1; +http://www.google.com/bot.html)"
84.223.28.158 - - [28/Apr/2018:10:03:01 -0400] "GET /wp-login.php HTTP/1.1" 404 7839 "-" "Mozilla/5.0 (Windows NT 6.1; WOW64; rv:40.0) Gecko/20100101 Firefox/40.1"
84.223.28.158 - - [28/Apr/2018:10:03:03 -0400] "GET / HTTP/1.1" 200 8218 "-" "Mozilla/5.0 (Windows NT 6.1; WOW64; rv:40.0) Gecko/20100101 Firefox/40.1"
40.77.167.167 - - [28/Apr/2018:10:03:21 -0400] "GET /2012/local HTTP/1.1" 200 7099 "-" "Mozilla/5.0 (compatible; bingbot/2.0; +http://www.bing.com/bingbot.htm)"
96.35.69.45 - - [28/Apr/2018:10:03:34 -0400] "GET /wp-login.php HTTP/1.1" 404 7839 "-" "Mozilla/5.0 (Windows NT 6.1; WOW64; rv:40.0) Gecko/20100101 Firefox/40.1"
96.35.69.45 - - [28/Apr/2018:10:03:34 -0400] "GET / HTTP/1.1" 200 8218 "-" "Mozilla/5.0 (Windows NT 6.1; WOW64; rv:40.0) Gecko/20100101 Firefox/40.1"
66.249.73.89 - - [28/Apr/2018:10:03:48 -0400] "GET /papers/2007/nspw2007-solworth.pdf HTTP/1.1" 200 384581 "-" "Mozilla/5.0 (Linux; Android 6.0.1; Nexus 5X Build/MMB29P) AppleWebKit/537.36 (KHTML, like Gecko) Chrome/41.0.2272.96 Mobile Safari/537.36 (compatible; Googlebot/2.1; +http://www.google.com/bot.html)"
184.22.125.202 - - [28/Apr/2018:10:03:59 -0400] "GET /wp-login.php HTTP/1.1" 404 7484 "-" "Mozilla/5.0 (Windows NT 6.1; WOW64; rv:40.0) Gecko/20100101 Firefox/40.1"
184.22.125.202 - - [28/Apr/2018:10:04:00 -0400] "GET / HTTP/1.1" 200 8218 "-" "Mozilla/5.0 (Windows NT 6.1; WOW64; rv:40.0) Gecko/20100101 Firefox/40.1"
69.162.124.227 - - [28/Apr/2018:10:05:14 -0400] "HEAD / HTTP/1.1" 200 3874 "http://nspw.org/" "Mozilla/5.0+(compatible; UptimeRobot/2.0; http://www.uptimerobot.com/)"
66.249.73.87 - - [28/Apr/2018:10:05:22 -0400] "GET / HTTP/1.1" 200 6604 "-" "Mozilla/5.0 (Linux; Android 6.0.1; Nexus 5X Build/MMB29P) AppleWebKit/537.36 (KHTML, like Gecko) Chrome/41.0.2272.96 Mobile Safari/537.36 (compatible; Googlebot/2.1; +http://www.google.com/bot.html)"
216.244.66.236 - - [28/Apr/2018:10:06:25 -0400] "GET /robots.txt HTTP/1.1" 200 5796 "-" "Mozilla/5.0 (compatible; DotBot/1.1; http://www.opensiteexplorer.org/dotbot, help@moz.com)"
86.168.243.210 - - [28/Apr/2018:10:07:06 -0400] "GET /favicon.ico HTTP/1.1" 404 4109 "https://www.nspw.org/papers/2006/nspw2006-gates.pdf" "Mozilla/5.0 (X11; Linux x86_64) AppleWebKit/537.36 (KHTML, like Gecko) Ubuntu Chromium/65.0.3325.181 Chrome/65.0.3325.181 Safari/537.36"
86.168.243.210 - - [28/Apr/2018:10:07:05 -0400] "GET /papers/2006/nspw2006-gates.pdf HTTP/1.1" 200 149513 "https://www.google.co.uk/" "Mozilla/5.0 (X11; Linux x86_64) AppleWebKit/537.36 (KHTML, like Gecko) Ubuntu Chromium/65.0.3325.181 Chrome/65.0.3325.181 Safari/537.36"
66.249.73.91 - - [28/Apr/2018:10:07:09 -0400] "GET /proceedings/2009 HTTP/1.1" 200 6895 "-" "Mozilla/5.0 (Linux; Android 6.0.1; Nexus 5X Build/MMB29P) AppleWebKit/537.36 (KHTML, like Gecko) Chrome/41.0.2272.96 Mobile Safari/537.36 (compatible; Googlebot/2.1; +http://www.google.com/bot.html)"
111.206.59.133 - - [28/Apr/2018:10:08:12 -0400] "GET / HTTP/1.1" 200 11540 "http://www.so.com" "Mozilla/5.0 (Windows NT 6.2; rv:30.0) Gecko/20150101 Firefox/32.0 360Spider 360Spider"
77.88.47.40 - - [28/Apr/2018:10:07:50 -0400] "GET /papers/2010/nspw2010-lilien.pdf HTTP/1.1" 200 740672 "-" "Mozilla/5.0 (compatible; YandexBot/3.0; +http://yandex.com/bots)"
66.249.73.91 - - [28/Apr/2018:10:08:33 -0400] "GET /papers/2004/nspw2004-gates.pdf HTTP/1.1" 200 148275 "-" "Mozilla/5.0 (Linux; Android 6.0.1; Nexus 5X Build/MMB29P) AppleWebKit/537.36 (KHTML, like Gecko) Chrome/41.0.2272.96 Mobile Safari/537.36 (compatible; Googlebot/2.1; +http://www.google.com/bot.html)"
77.88.47.40 - - [28/Apr/2018:10:08:29 -0400] "GET /papers/2010/nspw2010-coles.pdf HTTP/1.1" 200 469770 "-" "Mozilla/5.0 (compatible; YandexBot/3.0; +http://yandex.com/bots)"
188.250.208.238 - - [28/Apr/2018:10:09:11 -0400] "GET /wp-login.php HTTP/1.1" 404 7985 "-" "Mozilla/5.0 (Windows NT 6.1; WOW64; rv:40.0) Gecko/20100101 Firefox/40.1"
188.250.208.238 - - [28/Apr/2018:10:09:11 -0400] "GET / HTTP/1.1" 200 8206 "-" "Mozilla/5.0 (Windows NT 6.1; WOW64; rv:40.0) Gecko/20100101 Firefox/40.1"
180.76.15.142 - - [28/Apr/2018:10:09:56 -0400] "GET /themes/garland/style.css?p7kfx6 HTTP/1.1" 200 24549 "-" "Mozilla/5.0 (compatible; Baiduspider/2.0; +http://www.baidu.com/search/spider.html)"
66.249.73.89 - - [28/Apr/2018:10:10:08 -0400] "GET /papers/2010/nspw2010-bratus.pdf HTTP/1.1" 200 457254 "-" "Mozilla/5.0 (Linux; Android 6.0.1; Nexus 5X Build/MMB29P) AppleWebKit/537.36 (KHTML, like Gecko) Chrome/41.0.2272.96 Mobile Safari/537.36 (compatible; Googlebot/2.1; +http://www.google.com/bot.html)"
69.162.124.227 - - [28/Apr/2018:10:10:14 -0400] "HEAD / HTTP/1.1" 200 3874 "http://nspw.org/" "Mozilla/5.0+(compatible; UptimeRobot/2.0; http://www.uptimerobot.com/)"
200.61.35.120 - - [28/Apr/2018:10:11:26 -0400] "GET /wp-login.php HTTP/1.1" 404 7985 "-" "Mozilla/5.0 (Windows NT 6.1; WOW64; rv:40.0) Gecko/20100101 Firefox/40.1"
200.61.35.120 - - [28/Apr/2018:10:11:26 -0400] "GET / HTTP/1.1" 200 8206 "-" "Mozilla/5.0 (Windows NT 6.1; WOW64; rv:40.0) Gecko/20100101 Firefox/40.1"
66.249.73.91 - - [28/Apr/2018:10:11:43 -0400] "GET /2009/dates.shtml HTTP/1.1" 200 5060 "-" "Mozilla/5.0 (compatible; Googlebot/2.1; +http://www.google.com/bot.html)"
77.88.47.40 - - [28/Apr/2018:10:11:19 -0400] "GET /papers/2010/nspw2010-coles.pdf HTTP/1.1" 200 473193 "-" "Mozilla/5.0 (compatible; YandexBot/3.0; +http://yandex.com/bots)"
93.158.161.149 - - [28/Apr/2018:10:12:29 -0400] "GET /papers/1994/nspw1994-ferris.pdf HTTP/1.1" 200 508585 "-" "Mozilla/5.0 (compatible; YandexBot/3.0; +http://yandex.com/bots)"
66.249.73.91 - - [28/Apr/2018:10:13:19 -0400] "GET /2009/proceedings/1993/nspw1993-dobson.pdf HTTP/1.1" 200 1283187 "-" "Mozilla/5.0 (Linux; Android 6.0.1; Nexus 5X Build/MMB29P) AppleWebKit/537.36 (KHTML, like Gecko) Chrome/41.0.2272.96 Mobile Safari/537.36 (compatible; Googlebot/2.1; +http://www.google.com/bot.html)"
5.255.250.67 - - [28/Apr/2018:10:13:04 -0400] "GET /papers/1994/nspw1994-ferris.pdf HTTP/1.1" 200 508585 "-" "Mozilla/5.0 (compatible; YandexBot/3.0; +http://yandex.com/bots)"
66.249.73.87 - - [28/Apr/2018:10:14:53 -0400] "GET /2002/ HTTP/1.1" 200 5157 "-" "Mozilla/5.0 (compatible; Googlebot/2.1; +http://www.google.com/bot.html)"
69.162.124.227 - - [28/Apr/2018:10:15:15 -0400] "HEAD / HTTP/1.1" 200 3874 "http://nspw.org/" "Mozilla/5.0+(compatible; UptimeRobot/2.0; http://www.uptimerobot.com/)"
77.88.47.40 - - [28/Apr/2018:10:10:19 -0400] "GET /papers/2010/nspw2010-sun.pdf HTTP/1.1" 200 1163762 "-" "Mozilla/5.0 (compatible; YandexBot/3.0; +http://yandex.com/bots)"
66.249.73.87 - - [28/Apr/2018:10:16:29 -0400] "GET /papers/2002/nspw2002-haldar.pdf HTTP/1.1" 200 512210 "-" "Mozilla/5.0 (compatible; Googlebot/2.1; +http://www.google.com/bot.html)"
77.88.47.40 - - [28/Apr/2018:10:11:48 -0400] "GET /papers/2010/nspw2010-sun.pdf HTTP/1.1" 200 652866 "-" "Mozilla/5.0 (compatible; YandexBot/3.0; +http://yandex.com/bots)"
77.88.47.40 - - [28/Apr/2018:10:12:19 -0400] "GET /2009/proceedings/2006/nspw2006-wang.pdf HTTP/1.1" 200 187958 "-" "Mozilla/5.0 (compatible; YandexBot/3.0; +http://yandex.com/bots)"
66.249.73.87 - - [28/Apr/2018:10:18:04 -0400] "GET /2002/cfp.content HTTP/1.1" 304 3603 "-" "Mozilla/5.0 (compatible; Googlebot/2.1; +http://www.google.com/bot.html)"
40.77.167.194 - - [28/Apr/2018:10:17:42 -0400] "GET /papers/2005/nspw2005-ford.pdf HTTP/1.1" 200 2046882 "-" "Mozilla/5.0 (iPhone; CPU iPhone OS 7_0 like Mac OS X) AppleWebKit/537.51.1 (KHTML, like Gecko) Version/7.0 Mobile/11A465 Safari/9537.53 (compatible; bingbot/2.0; +http://www.bing.com/bingbot.htm)"
40.77.167.194 - - [28/Apr/2018:10:18:18 -0400] "GET /papers/2006/nspw2006-naegoe.pdf HTTP/1.1" 200 268415 "-" "Mozilla/5.0 (iPhone; CPU iPhone OS 7_0 like Mac OS X) AppleWebKit/537.51.1 (KHTML, like Gecko) Version/7.0 Mobile/11A465 Safari/9537.53 (compatible; bingbot/2.0; +http://www.bing.com/bingbot.htm)"
77.88.47.40 - - [28/Apr/2018:10:18:27 -0400] "GET /2000/program_print.html HTTP/1.1" 200 5379 "-" "Mozilla/5.0 (compatible; YandexBot/3.0; +http://yandex.com/bots)"
77.88.47.40 - - [28/Apr/2018:10:13:49 -0400] "GET /papers/1994/nspw1994-ovchinnikov.pdf HTTP/1.1" 200 221510 "-" "Mozilla/5.0 (compatible; YandexBot/3.0; +http://yandex.com/bots)"
77.88.47.40 - - [28/Apr/2018:10:14:01 -0400] "GET /papers/2001/nspw2001-taylor.pdf HTTP/1.1" 200 364106 "-" "Mozilla/5.0 (compatible; YandexBot/3.0; +http://yandex.com/bots)"
77.88.47.40 - - [28/Apr/2018:10:14:19 -0400] "GET /papers/2001/nspw2001-weirich.pdf HTTP/1.1" 200 267644 "-" "Mozilla/5.0 (compatible; YandexBot/3.0; +http://yandex.com/bots)"
77.88.47.40 - - [28/Apr/2018:10:19:34 -0400] "GET /node/97 HTTP/1.1" 200 6937 "-" "Mozilla/5.0 (compatible; YandexBot/3.0; +http://yandex.com/bots)"
66.249.73.87 - - [28/Apr/2018:10:19:39 -0400] "GET /2015/accepted HTTP/1.1" 200 6933 "-" "Mozilla/5.0 (Linux; Android 6.0.1; Nexus 5X Build/MMB29P) AppleWebKit/537.36 (KHTML, like Gecko) Chrome/41.0.2272.96 Mobile Safari/537.36 (compatible; Googlebot/2.1; +http://www.google.com/bot.html)"
77.88.47.40 - - [28/Apr/2018:10:14:32 -0400] "GET /papers/1994/nspw1994-spalka.pdf HTTP/1.1" 200 231296 "-" "Mozilla/5.0 (compatible; YandexBot/3.0; +http://yandex.com/bots)"
77.88.47.40 - - [28/Apr/2018:10:14:45 -0400] "GET /papers/2001/nspw2001-brostoff.pdf HTTP/1.1" 200 84506 "-" "Mozilla/5.0 (compatible; YandexBot/3.0; +http://yandex.com/bots)"
77.88.47.40 - - [28/Apr/2018:10:14:48 -0400] "GET /2009/proceedings/2007/nspw2007-chow.pdf HTTP/1.1" 200 180968 "-" "Mozilla/5.0 (compatible; YandexBot/3.0; +http://yandex.com/bots)"
77.88.47.40 - - [28/Apr/2018:10:14:59 -0400] "GET /papers/1994/nspw1994-ovchinnikov.pdf HTTP/1.1" 200 52352 "-" "Mozilla/5.0 (compatible; YandexBot/3.0; +http://yandex.com/bots)"
69.162.124.227 - - [28/Apr/2018:10:20:15 -0400] "HEAD / HTTP/1.1" 200 3874 "http://nspw.org/" "Mozilla/5.0+(compatible; UptimeRobot/2.0; http://www.uptimerobot.com/)"
77.88.47.40 - - [28/Apr/2018:10:15:03 -0400] "GET /2009/proceedings/2007/nspw2007-nali.pdf HTTP/1.1" 200 270440 "-" "Mozilla/5.0 (compatible; YandexBot/3.0; +http://yandex.com/bots)"
77.88.47.40 - - [28/Apr/2018:10:15:17 -0400] "GET /papers/2001/nspw2001-taylor.pdf HTTP/1.1" 200 52352 "-" "Mozilla/5.0 (compatible; YandexBot/3.0; +http://yandex.com/bots)"
77.88.47.40 - - [28/Apr/2018:10:15:21 -0400] "GET /papers/1994/nspw1994-bell.pdf HTTP/1.1" 200 182366 "-" "Mozilla/5.0 (compatible; YandexBot/3.0; +http://yandex.com/bots)"
77.88.47.40 - - [28/Apr/2018:10:15:29 -0400] "GET /papers/2001/nspw2001-weirich.pdf HTTP/1.1" 200 52352 "-" "Mozilla/5.0 (compatible; YandexBot/3.0; +http://yandex.com/bots)"
76.14.16.5 - - [28/Apr/2018:10:20:36 -0400] "GET /robots.txt HTTP/1.0" 200 4818 "-" "VenusCrawler/Nutch-1.12 (crawler@mycompany.com)"
77.88.47.40 - - [28/Apr/2018:10:15:33 -0400] "GET /papers/1994/nspw1994-lin.pdf HTTP/1.1" 200 139028 "-" "Mozilla/5.0 (compatible; YandexBot/3.0; +http://yandex.com/bots)"
77.88.47.40 - - [28/Apr/2018:10:15:40 -0400] "GET /papers/2001/nspw2001-brostoff.pdf HTTP/1.1" 200 171182 "-" "Mozilla/5.0 (compatible; YandexBot/3.0; +http://yandex.com/bots)"
77.88.47.40 - - [28/Apr/2018:10:15:47 -0400] "GET /papers/1994/nspw1994-essin.pdf HTTP/1.1" 200 84506 "-" "Mozilla/5.0 (compatible; YandexBot/3.0; +http://yandex.com/bots)"
77.88.47.40 - - [28/Apr/2018:10:15:53 -0400] "GET /2009/proceedings/2007/nspw2007-chow.pdf HTTP/1.1" 200 84506 "-" "Mozilla/5.0 (compatible; YandexBot/3.0; +http://yandex.com/bots)"
77.88.47.40 - - [28/Apr/2018:10:15:58 -0400] "GET /papers/2007/nspw2007-locasto.pdf HTTP/1.1" 200 84506 "-" "Mozilla/5.0 (compatible; YandexBot/3.0; +http://yandex.com/bots)"
66.249.73.87 - - [28/Apr/2018:10:21:14 -0400] "GET /2004/nspw-footer.html HTTP/1.1" 304 3603 "-" "Mozilla/5.0 (compatible; Googlebot/2.1; +http://www.google.com/bot.html)"
77.88.47.40 - - [28/Apr/2018:10:16:03 -0400] "GET /2009/proceedings/2007/nspw2007-nali.pdf HTTP/1.1" 200 271838 "-" "Mozilla/5.0 (compatible; YandexBot/3.0; +http://yandex.com/bots)"
125.209.235.181 - - [28/Apr/2018:10:21:16 -0400] "GET /2014/organizers HTTP/1.1" 200 7106 "-" "Mozilla/5.0 (compatible; Yeti/1.1; +http://naver.me/spd)"
77.88.47.40 - - [28/Apr/2018:10:16:16 -0400] "GET /papers/2007/nspw2007-frontmatter.pdf HTTP/1.1" 200 84506 "-" "Mozilla/5.0 (compatible; YandexBot/3.0; +http://yandex.com/bots)"
77.88.47.40 - - [28/Apr/2018:10:16:21 -0400] "GET /papers/1999/nspw1999-pancho.pdf HTTP/1.1" 200 52352 "-" "Mozilla/5.0 (compatible; YandexBot/3.0; +http://yandex.com/bots)"
77.88.47.40 - - [28/Apr/2018:10:16:24 -0400] "GET /papers/1994/nspw1994-bell.pdf HTTP/1.1" 200 84506 "-" "Mozilla/5.0 (compatible; YandexBot/3.0; +http://yandex.com/bots)"
77.88.47.40 - - [28/Apr/2018:10:16:28 -0400] "GET /papers/2001/nspw2001-foley.pdf HTTP/1.1" 200 84506 "-" "Mozilla/5.0 (compatible; YandexBot/3.0; +http://yandex.com/bots)"
77.88.47.40 - - [28/Apr/2018:10:16:33 -0400] "GET /papers/2001/nspw2001-yan.pdf HTTP/1.1" 200 136232 "-" "Mozilla/5.0 (compatible; YandexBot/3.0; +http://yandex.com/bots)"
77.88.47.40 - - [28/Apr/2018:10:16:43 -0400] "GET /papers/2001/nspw2001-du.pdf HTTP/1.1" 200 84506 "-" "Mozilla/5.0 (compatible; YandexBot/3.0; +http://yandex.com/bots)"
77.88.47.40 - - [28/Apr/2018:10:16:48 -0400] "GET /papers/1994/nspw1994-essin.pdf HTTP/1.1" 200 127844 "-" "Mozilla/5.0 (compatible; YandexBot/3.0; +http://yandex.com/bots)"
77.88.47.40 - - [28/Apr/2018:10:16:53 -0400] "GET /papers/1999/nspw1999-welch.pdf HTTP/1.1" 200 84506 "-" "Mozilla/5.0 (compatible; YandexBot/3.0; +http://yandex.com/bots)"
77.88.47.40 - - [28/Apr/2018:10:16:57 -0400] "GET /papers/2007/nspw2007-locasto.pdf HTTP/1.1" 200 139028 "-" "Mozilla/5.0 (compatible; YandexBot/3.0; +http://yandex.com/bots)"
77.88.47.40 - - [28/Apr/2018:10:17:03 -0400] "GET /papers/1999/nspw1999-li.pdf HTTP/1.1" 200 84506 "-" "Mozilla/5.0 (compatible; YandexBot/3.0; +http://yandex.com/bots)"
77.88.47.40 - - [28/Apr/2018:10:17:08 -0400] "GET /papers/1999/nspw1999-pancho.pdf HTTP/1.1" 200 281624 "-" "Mozilla/5.0 (compatible; YandexBot/3.0; +http://yandex.com/bots)"
77.88.47.40 - - [28/Apr/2018:10:17:22 -0400] "GET /papers/2001/nspw2001-foley.pdf HTTP/1.1" 200 189356 "-" "Mozilla/5.0 (compatible; YandexBot/3.0; +http://yandex.com/bots)"
157.55.39.100 - - [28/Apr/2018:10:22:12 -0400] "GET /papers/2000/nspw2000-foley.pdf HTTP/1.1" 200 591510 "-" "Mozilla/5.0 (iPhone; CPU iPhone OS 7_0 like Mac OS X) AppleWebKit/537.51.1 (KHTML, like Gecko) Version/7.0 Mobile/11A465 Safari/9537.53 (compatible; bingbot/2.0; +http://www.bing.com/bingbot.htm)"
77.88.47.40 - - [28/Apr/2018:10:17:33 -0400] "GET /papers/2001/nspw2001-yan.pdf HTTP/1.1" 200 127844 "-" "Mozilla/5.0 (compatible; YandexBot/3.0; +http://yandex.com/bots)"
77.88.47.40 - - [28/Apr/2018:10:17:39 -0400] "GET /papers/2001/nspw2001-du.pdf HTTP/1.1" 200 136232 "-" "Mozilla/5.0 (compatible; YandexBot/3.0; +http://yandex.com/bots)"
66.249.73.89 - - [28/Apr/2018:10:22:50 -0400] "GET /papers/1993/nspw1993-gomez.pdf HTTP/1.1" 200 800204 "-" "Mozilla/5.0 (compatible; Googlebot/2.1; +http://www.google.com/bot.html)"
77.88.47.40 - - [28/Apr/2018:10:17:47 -0400] "GET /papers/1999/nspw1999-welch.pdf HTTP/1.1" 200 141824 "-" "Mozilla/5.0 (compatible; YandexBot/3.0; +http://yandex.com/bots)"
77.88.47.40 - - [28/Apr/2018:10:17:56 -0400] "GET /papers/1999/nspw1999-li.pdf HTTP/1.1" 200 187958 "-" "Mozilla/5.0 (compatible; YandexBot/3.0; +http://yandex.com/bots)"
77.88.47.40 - - [28/Apr/2018:10:18:08 -0400] "GET /papers/2001/nspw2001-schaefer.pdf HTTP/1.1" 200 375290 "-" "Mozilla/5.0 (compatible; YandexBot/3.0; +http://yandex.com/bots)"
77.88.47.40 - - [28/Apr/2018:10:18:30 -0400] "GET /2009/proceedings/2007/nspw2007-hunker.pdf HTTP/1.1" 200 141198 "-" "Mozilla/5.0 (compatible; YandexBot/3.0; +http://yandex.com/bots)"
77.88.47.40 - - [28/Apr/2018:10:18:40 -0400] "GET /2009/proceedings/2007/nspw2007-solworth.pdf HTTP/1.1" 200 84506 "-" "Mozilla/5.0 (compatible; YandexBot/3.0; +http://yandex.com/bots)"
77.88.47.40 - - [28/Apr/2018:10:18:46 -0400] "GET /2009/proceedings/2009/nspw2009-misra.pdf HTTP/1.1" 200 90098 "-" "Mozilla/5.0 (compatible; YandexBot/3.0; +http://yandex.com/bots)"
77.88.47.40 - - [28/Apr/2018:10:18:52 -0400] "GET /2009/proceedings/2009/nspw2009-gibson.pdf HTTP/1.1" 200 84506 "-" "Mozilla/5.0 (compatible; YandexBot/3.0; +http://yandex.com/bots)"
77.88.47.40 - - [28/Apr/2018:10:18:57 -0400] "GET /2009/proceedings/1993/nspw1993-slack.pdf HTTP/1.1" 200 341738 "-" "Mozilla/5.0 (compatible; YandexBot/3.0; +http://yandex.com/bots)"
77.88.47.40 - - [28/Apr/2018:10:19:16 -0400] "GET /2009/proceedings/2009/nspw2009-peisert.pdf HTTP/1.1" 200 84506 "-" "Mozilla/5.0 (compatible; YandexBot/3.0; +http://yandex.com/bots)"
77.88.47.40 - - [28/Apr/2018:10:19:19 -0400] "GET /2009/proceedings/2009/nspw2009-gates.pdf HTTP/1.1" 200 52352 "-" "Mozilla/5.0 (compatible; YandexBot/3.0; +http://yandex.com/bots)"
66.249.73.89 - - [28/Apr/2018:10:24:24 -0400] "GET /2008/ HTTP/1.1" 200 5538 "-" "Mozilla/5.0 (compatible; Googlebot/2.1; +http://www.google.com/bot.html)"
77.88.47.40 - - [28/Apr/2018:10:19:23 -0400] "GET /papers/2001/nspw2001-schaefer.pdf HTTP/1.1" 200 84506 "-" "Mozilla/5.0 (compatible; YandexBot/3.0; +http://yandex.com/bots)"
77.88.47.40 - - [28/Apr/2018:10:19:27 -0400] "GET /2009/proceedings/2007/nspw2007-frontmatter.pdf HTTP/1.1" 200 83108 "-" "Mozilla/5.0 (compatible; YandexBot/3.0; +http://yandex.com/bots)"
77.88.47.40 - - [28/Apr/2018:10:19:31 -0400] "GET /2009/proceedings/1993/nspw1993-lin.pdf HTTP/1.1" 200 84506 "-" "Mozilla/5.0 (compatible; YandexBot/3.0; +http://yandex.com/bots)"
77.88.47.40 - - [28/Apr/2018:10:19:37 -0400] "GET /2009/proceedings/2007/nspw2007-hunker.pdf HTTP/1.1" 200 55920 "-" "Mozilla/5.0 (compatible; YandexBot/3.0; +http://yandex.com/bots)"
77.88.47.40 - - [28/Apr/2018:10:19:41 -0400] "GET /2009/proceedings/1999/nspw1999-jonsson.pdf HTTP/1.1" 200 52352 "-" "Mozilla/5.0 (compatible; YandexBot/3.0; +http://yandex.com/bots)"
77.88.47.40 - - [28/Apr/2018:10:19:45 -0400] "GET /2009/proceedings/2007/nspw2007-solworth.pdf HTTP/1.1" 200 52352 "-" "Mozilla/5.0 (compatible; YandexBot/3.0; +http://yandex.com/bots)"
77.88.47.40 - - [28/Apr/2018:10:19:48 -0400] "GET /2009/proceedings/1999/nspw1999-michael.pdf HTTP/1.1" 200 52352 "-" "Mozilla/5.0 (compatible; YandexBot/3.0; +http://yandex.com/bots)"
77.88.47.40 - - [28/Apr/2018:10:19:56 -0400] "GET /2009/proceedings/1993/nspw1993-smith.pdf HTTP/1.1" 200 52352 "-" "Mozilla/5.0 (compatible; YandexBot/3.0; +http://yandex.com/bots)"
69.162.124.227 - - [28/Apr/2018:10:25:15 -0400] "HEAD / HTTP/1.1" 200 3874 "http://nspw.org/" "Mozilla/5.0+(compatible; UptimeRobot/2.0; http://www.uptimerobot.com/)"
77.88.47.40 - - [28/Apr/2018:10:19:59 -0400] "GET /2009/proceedings/2009/nspw2009-misra.pdf HTTP/1.1" 200 364106 "-" "Mozilla/5.0 (compatible; YandexBot/3.0; +http://yandex.com/bots)"
77.88.47.40 - - [28/Apr/2018:10:20:19 -0400] "GET /2009/proceedings/2009/nspw2009-peisert.pdf HTTP/1.1" 200 52352 "-" "Mozilla/5.0 (compatible; YandexBot/3.0; +http://yandex.com/bots)"
77.88.47.40 - - [28/Apr/2018:10:20:22 -0400] "GET /2009/proceedings/2007/nspw2007-frontmatter.pdf HTTP/1.1" 200 189356 "-" "Mozilla/5.0 (compatible; YandexBot/3.0; +http://yandex.com/bots)"
77.88.47.40 - - [28/Apr/2018:10:20:31 -0400] "GET /2009/proceedings/1993/nspw1993-lin.pdf HTTP/1.1" 200 84506 "-" "Mozilla/5.0 (compatible; YandexBot/3.0; +http://yandex.com/bots)"
77.88.47.40 - - [28/Apr/2018:10:20:34 -0400] "GET /2009/proceedings/1999/nspw1999-jonsson.pdf HTTP/1.1" 200 141824 "-" "Mozilla/5.0 (compatible; YandexBot/3.0; +http://yandex.com/bots)"
77.88.47.40 - - [28/Apr/2018:10:20:43 -0400] "GET /2009/proceedings/2009/nspw2009-gibson.pdf HTTP/1.1" 200 84506 "-" "Mozilla/5.0 (compatible; YandexBot/3.0; +http://yandex.com/bots)"
77.88.47.40 - - [28/Apr/2018:10:20:47 -0400] "GET /2009/proceedings/1999/nspw1999-michael.pdf HTTP/1.1" 200 52352 "-" "Mozilla/5.0 (compatible; YandexBot/3.0; +http://yandex.com/bots)"
77.88.47.40 - - [28/Apr/2018:10:20:51 -0400] "GET /2009/proceedings/1999/nspw1999-welch.pdf HTTP/1.1" 200 52352 "-" "Mozilla/5.0 (compatible; YandexBot/3.0; +http://yandex.com/bots)"
77.88.47.40 - - [28/Apr/2018:10:20:54 -0400] "GET /2009/proceedings/1993/nspw1993-smith.pdf HTTP/1.1" 200 52352 "-" "Mozilla/5.0 (compatible; YandexBot/3.0; +http://yandex.com/bots)"
77.88.47.40 - - [28/Apr/2018:10:20:58 -0400] "GET /2009/proceedings/2009/nspw2009-gates.pdf HTTP/1.1" 200 172580 "-" "Mozilla/5.0 (compatible; YandexBot/3.0; +http://yandex.com/bots)"
77.88.47.40 - - [28/Apr/2018:10:21:06 -0400] "GET /2009/proceedings/2009/nspw2009-misra.pdf HTTP/1.1" 200 270440 "-" "Mozilla/5.0 (compatible; YandexBot/3.0; +http://yandex.com/bots)"
77.88.47.40 - - [28/Apr/2018:10:21:19 -0400] "GET /2009/proceedings/1993/nspw1993-rooker-2.pdf HTTP/1.1" 200 366902 "-" "Mozilla/5.0 (compatible; YandexBot/3.0; +http://yandex.com/bots)"
77.88.47.40 - - [28/Apr/2018:10:21:36 -0400] "GET /2009/proceedings/2009/nspw2009-gibson.pdf HTTP/1.1" 200 182366 "-" "Mozilla/5.0 (compatible; YandexBot/3.0; +http://yandex.com/bots)"
77.88.47.40 - - [28/Apr/2018:10:21:47 -0400] "GET /2009/proceedings/1993/nspw1993-shockley.pdf HTTP/1.1" 200 187958 "-" "Mozilla/5.0 (compatible; YandexBot/3.0; +http://yandex.com/bots)"
77.88.47.40 - - [28/Apr/2018:10:21:56 -0400] "GET /2009/proceedings/2009/nspw2009-gates.pdf HTTP/1.1" 200 185162 "-" "Mozilla/5.0 (compatible; YandexBot/3.0; +http://yandex.com/bots)"
77.88.47.40 - - [28/Apr/2018:10:22:05 -0400] "GET /2009/proceedings/1993/nspw1993-lin-2.pdf HTTP/1.1" 200 319370 "-" "Mozilla/5.0 (compatible; YandexBot/3.0; +http://yandex.com/bots)"
77.88.47.40 - - [28/Apr/2018:10:22:18 -0400] "GET /2009/proceedings/1993/nspw1993-mclean.pdf HTTP/1.1" 200 373892 "-" "Mozilla/5.0 (compatible; YandexBot/3.0; +http://yandex.com/bots)"
66.249.73.89 - - [28/Apr/2018:10:27:36 -0400] "GET /papers/2002/nspw2002-blakley.pdf HTTP/1.1" 200 238060 "-" "Mozilla/5.0 (compatible; Googlebot/2.1; +http://www.google.com/bot.html)"
77.88.47.40 - - [28/Apr/2018:10:22:40 -0400] "GET /2009/proceedings/1993/nspw1993-thomas.pdf HTTP/1.1" 200 232694 "-" "Mozilla/5.0 (compatible; YandexBot/3.0; +http://yandex.com/bots)"
77.88.47.40 - - [28/Apr/2018:10:22:53 -0400] "GET /2009/proceedings/1993/nspw1993-shockley.pdf HTTP/1.1" 200 84506 "-" "Mozilla/5.0 (compatible; YandexBot/3.0; +http://yandex.com/bots)"
77.88.47.40 - - [28/Apr/2018:10:22:57 -0400] "GET /2009/proceedings/1993/nspw1993-williams.pdf HTTP/1.1" 200 252266 "-" "Mozilla/5.0 (compatible; YandexBot/3.0; +http://yandex.com/bots)"
77.88.47.40 - - [28/Apr/2018:10:23:10 -0400] "GET /2009/proceedings/1993/nspw1993-lin-2.pdf HTTP/1.1" 200 141824 "-" "Mozilla/5.0 (compatible; YandexBot/3.0; +http://yandex.com/bots)"
77.88.47.40 - - [28/Apr/2018:10:23:17 -0400] "GET /2009/proceedings/1993/nspw1993-mclean.pdf HTTP/1.1" 200 329156 "-" "Mozilla/5.0 (compatible; YandexBot/3.0; +http://yandex.com/bots)"
77.88.47.40 - - [28/Apr/2018:10:23:36 -0400] "GET /2009/proceedings/1993/nspw1993-thomas.pdf HTTP/1.1" 200 277430 "-" "Mozilla/5.0 (compatible; YandexBot/3.0; +http://yandex.com/bots)"
216.244.66.200 - - [28/Apr/2018:10:28:53 -0400] "GET /robots.txt HTTP/1.1" 200 5796 "-" "Mozilla/5.0 (compatible; DotBot/1.1; http://www.opensiteexplorer.org/dotbot, help@moz.com)"
77.88.47.40 - - [28/Apr/2018:10:23:52 -0400] "GET /2009/proceedings/1993/nspw1993-williams.pdf HTTP/1.1" 200 361310 "-" "Mozilla/5.0 (compatible; YandexBot/3.0; +http://yandex.com/bots)"
66.249.73.89 - - [28/Apr/2018:10:29:10 -0400] "GET /2004/cfp2004.txt HTTP/1.1" 200 6055 "-" "Mozilla/5.0 (compatible; Googlebot/2.1; +http://www.google.com/bot.html)"
217.69.143.217 - - [28/Apr/2018:10:29:15 -0400] "GET / HTTP/1.1" 200 6385 "-" "Mozilla/5.0 (X11; Linux x86_64; rv:18.0) Gecko/20100101 Firefox/18.0"
217.69.143.217 - - [28/Apr/2018:10:29:16 -0400] "GET /favicon.ico HTTP/1.1" 404 782 "-" "Mozilla/5.0 (X11; Linux x86_64; rv:18.0) Gecko/20100101 Firefox/18.0"
180.76.15.31 - - [28/Apr/2018:10:29:16 -0400] "GET /papers/2003/?C=M;O=D HTTP/1.1" 200 7257 "-" "Mozilla/5.0 (compatible; Baiduspider/2.0; +http://www.baidu.com/search/spider.html)"
217.69.143.217 - - [28/Apr/2018:10:29:16 -0400] "GET /favicon.png HTTP/1.1" 404 782 "-" "Mozilla/5.0 (X11; Linux x86_64; rv:18.0) Gecko/20100101 Firefox/18.0"
157.55.39.100 - - [28/Apr/2018:10:24:48 -0400] "GET /papers/2010/nspw2010-sun.pdf HTTP/1.1" 200 6651736 "-" "Mozilla/5.0 (iPhone; CPU iPhone OS 7_0 like Mac OS X) AppleWebKit/537.51.1 (KHTML, like Gecko) Version/7.0 Mobile/11A465 Safari/9537.53 (compatible; bingbot/2.0; +http://www.bing.com/bingbot.htm)"
66.249.73.89 - - [28/Apr/2018:10:29:47 -0400] "GET /2017/location HTTP/1.1" 200 6143 "-" "Mozilla/5.0 (Linux; Android 6.0.1; Nexus 5X Build/MMB29P) AppleWebKit/537.36 (KHTML, like Gecko) Chrome/41.0.2272.96 Mobile Safari/537.36 (compatible; Googlebot/2.1; +http://www.google.com/bot.html)"
40.77.167.167 - - [28/Apr/2018:10:30:02 -0400] "GET /papers/2008/nspw2008-bishop.pdf HTTP/1.1" 200 486337 "-" "Mozilla/5.0 (iPhone; CPU iPhone OS 7_0 like Mac OS X) AppleWebKit/537.51.1 (KHTML, like Gecko) Version/7.0 Mobile/11A465 Safari/9537.53 (compatible; bingbot/2.0; +http://www.bing.com/bingbot.htm)"
69.162.124.227 - - [28/Apr/2018:10:30:15 -0400] "HEAD / HTTP/1.1" 200 3874 "http://nspw.org/" "Mozilla/5.0+(compatible; UptimeRobot/2.0; http://www.uptimerobot.com/)"
180.76.15.20 - - [28/Apr/2018:10:30:16 -0400] "GET /papers/2007/nspw2007-gay.pdf HTTP/1.1" 200 268587 "-" "Mozilla/5.0 (compatible; Baiduspider/2.0; +http://www.baidu.com/search/spider.html)"
66.249.73.91 - - [28/Apr/2018:10:30:45 -0400] "GET /2003/dates.shtml HTTP/1.1" 200 4931 "-" "Mozilla/5.0 (Linux; Android 6.0.1; Nexus 5X Build/MMB29P) AppleWebKit/537.36 (KHTML, like Gecko) Chrome/41.0.2272.96 Mobile Safari/537.36 (compatible; Googlebot/2.1; +http://www.google.com/bot.html)"
180.76.15.153 - - [28/Apr/2018:10:32:16 -0400] "GET /papers/1993/ HTTP/1.1" 200 10559 "-" "Mozilla/5.0 (compatible; Baiduspider/2.0; +http://www.baidu.com/search/spider.html)"
66.249.73.91 - - [28/Apr/2018:10:32:20 -0400] "GET /papers/1995/ HTTP/1.1" 200 4083 "-" "Mozilla/5.0 (compatible; Googlebot/2.1; +http://www.google.com/bot.html)"
157.55.39.100 - - [28/Apr/2018:10:31:27 -0400] "GET /papers/2005/nspw2005-frontmatter.pdf HTTP/1.1" 200 1585361 "-" "Mozilla/5.0 (iPhone; CPU iPhone OS 7_0 like Mac OS X) AppleWebKit/537.51.1 (KHTML, like Gecko) Version/7.0 Mobile/11A465 Safari/9537.53 (compatible; bingbot/2.0; +http://www.bing.com/bingbot.htm)"
2.91.142.113 - - [28/Apr/2018:10:33:45 -0400] "GET /papers/2000/nspw2000-mcdermott.pdf HTTP/1.1" 200 377871 "https://www.google.com/" "Mozilla/5.0 (iPad; CPU OS 11_3 like Mac OS X) AppleWebKit/605.1.15 (KHTML, like Gecko) Version/11.0 Mobile/15E148 Safari/604.1"
66.249.73.91 - - [28/Apr/2018:10:33:55 -0400] "GET /2009/proceedings/2007/nspw2007-frontmatter.pdf HTTP/1.1" 304 3605 "-" "Mozilla/5.0 (compatible; Googlebot/2.1; +http://www.google.com/bot.html)"
180.76.15.18 - - [28/Apr/2018:10:34:16 -0400] "GET /papers/1994/nspw1994-schneier.pdf HTTP/1.1" 200 336759 "-" "Mozilla/5.0 (compatible; Baiduspider/2.0; +http://www.baidu.com/search/spider.html)"
69.162.124.227 - - [28/Apr/2018:10:35:14 -0400] "HEAD / HTTP/1.1" 200 3874 "http://nspw.org/" "Mozilla/5.0+(compatible; UptimeRobot/2.0; http://www.uptimerobot.com/)"
180.76.15.14 - - [28/Apr/2018:10:35:16 -0400] "GET /2009/proceedings/1993/nspw1993-shockley.pdf HTTP/1.1" 200 793826 "-" "Mozilla/5.0 (compatible; Baiduspider/2.0; +http://www.baidu.com/search/spider.html)"
77.88.47.40 - - [28/Apr/2018:10:35:28 -0400] "GET /node/72 HTTP/1.1" 200 6380 "-" "Mozilla/5.0 (compatible; YandexBot/3.0; +http://yandex.com/bots)"
66.249.73.91 - - [28/Apr/2018:10:35:31 -0400] "GET /papers/2007/nspw2007-nali.pdf HTTP/1.1" 200 878633 "-" "Mozilla/5.0 (Linux; Android 6.0.1; Nexus 5X Build/MMB29P) AppleWebKit/537.36 (KHTML, like Gecko) Chrome/41.0.2272.96 Mobile Safari/537.36 (compatible; Googlebot/2.1; +http://www.google.com/bot.html)"
180.76.15.31 - - [28/Apr/2018:10:36:16 -0400] "GET /papers/2012/docs/p1.pdf HTTP/1.1" 200 803514 "-" "Mozilla/5.0 (compatible; Baiduspider/2.0; +http://www.baidu.com/search/spider.html)"
66.249.73.89 - - [28/Apr/2018:10:37:05 -0400] "GET /2014/organizers HTTP/1.1" 200 7083 "-" "Mozilla/5.0 (compatible; Googlebot/2.1; +http://www.google.com/bot.html)"
36.110.211.108 - - [28/Apr/2018:10:37:15 -0400] "GET / HTTP/1.1" 200 6621 "http://www.so.com/" "Mozilla/5.0 (Windows NT 6.2; rv:30.0) Gecko/20150101 Firefox/32.0 360Spider 360Spider"
36.110.211.108 - - [28/Apr/2018:10:37:16 -0400] "GET /modules/system/system.base.css?p7r9uw HTTP/1.1" 200 2307 "http://www.so.com/" "Mozilla/5.0 (Windows NT 6.2; rv:30.0) Gecko/20150101 Firefox/32.0 360Spider 360Spider"
36.110.211.108 - - [28/Apr/2018:10:37:16 -0400] "GET /modules/system/system.menus.css?p7r9uw HTTP/1.1" 200 1025 "http://www.so.com/" "Mozilla/5.0 (Windows NT 6.2; rv:30.0) Gecko/20150101 Firefox/32.0 360Spider 360Spider"
180.76.15.5 - - [28/Apr/2018:10:37:16 -0400] "GET /2004/oc.html HTTP/1.1" 404 7969 "-" "Mozilla/5.0 (compatible; Baiduspider/2.0; +http://www.baidu.com/search/spider.html)"
36.110.211.108 - - [28/Apr/2018:10:37:16 -0400] "GET /modules/system/system.messages.css?p7r9uw HTTP/1.1" 200 746 "http://www.so.com/" "Mozilla/5.0 (Windows NT 6.2; rv:30.0) Gecko/20150101 Firefox/32.0 360Spider 360Spider"
36.110.211.108 - - [28/Apr/2018:10:37:16 -0400] "GET /modules/comment/comment.css?p7r9uw HTTP/1.1" 200 662 "http://www.so.com/" "Mozilla/5.0 (Windows NT 6.2; rv:30.0) Gecko/20150101 Firefox/32.0 360Spider 360Spider"
36.110.211.108 - - [28/Apr/2018:10:37:16 -0400] "GET /modules/system/system.theme.css?p7r9uw HTTP/1.1" 200 1742 "http://www.so.com/" "Mozilla/5.0 (Windows NT 6.2; rv:30.0) Gecko/20150101 Firefox/32.0 360Spider 360Spider"
36.110.211.41 - - [28/Apr/2018:10:37:16 -0400] "GET /modules/field/theme/field.css?p7r9uw HTTP/1.1" 200 756 "http://www.so.com/" "Mozilla/5.0 (Windows NT 6.2; rv:30.0) Gecko/20150101 Firefox/32.0 360Spider 360Spider"
36.110.211.41 - - [28/Apr/2018:10:37:16 -0400] "GET /modules/node/node.css?p7r9uw HTTP/1.1" 200 629 "http://www.so.com/" "Mozilla/5.0 (Windows NT 6.2; rv:30.0) Gecko/20150101 Firefox/32.0 360Spider 360Spider"
36.110.211.108 - - [28/Apr/2018:10:37:17 -0400] "GET /modules/user/user.css?p7r9uw HTTP/1.1" 200 1062 "http://www.so.com/" "Mozilla/5.0 (Windows NT 6.2; rv:30.0) Gecko/20150101 Firefox/32.0 360Spider 360Spider"
36.110.211.108 - - [28/Apr/2018:10:37:17 -0400] "GET /themes/garland/print.css?p7r9uw HTTP/1.1" 200 771 "http://www.so.com/" "Mozilla/5.0 (Windows NT 6.2; rv:30.0) Gecko/20150101 Firefox/32.0 360Spider 360Spider"
36.110.211.108 - - [28/Apr/2018:10:37:17 -0400] "GET /themes/garland/style.css?p7r9uw HTTP/1.1" 200 5370 "http://www.so.com/" "Mozilla/5.0 (Windows NT 6.2; rv:30.0) Gecko/20150101 Firefox/32.0 360Spider 360Spider"
36.110.211.42 - - [28/Apr/2018:10:37:17 -0400] "GET /misc/jquery.js?v=1.4.4 HTTP/1.1" 200 27758 "http://www.so.com/" "Mozilla/5.0 (Windows NT 6.2; rv:30.0) Gecko/20150101 Firefox/32.0 360Spider 360Spider"
36.110.211.108 - - [28/Apr/2018:10:37:17 -0400] "GET /misc/jquery.once.js?v=1.2 HTTP/1.1" 200 1445 "http://www.so.com/" "Mozilla/5.0 (Windows NT 6.2; rv:30.0) Gecko/20150101 Firefox/32.0 360Spider 360Spider"
36.110.211.108 - - [28/Apr/2018:10:37:17 -0400] "GET /misc/drupal.js?p7r9uw HTTP/1.1" 200 7372 "http://www.so.com/" "Mozilla/5.0 (Windows NT 6.2; rv:30.0) Gecko/20150101 Firefox/32.0 360Spider 360Spider"
77.88.47.40 - - [28/Apr/2018:10:32:17 -0400] "GET /2009/proceedings/1993/nspw1993-hosmer-2.pdf HTTP/1.1" 200 1181936 "-" "Mozilla/5.0 (compatible; YandexBot/3.0; +http://yandex.com/bots)"
180.76.15.30 - - [28/Apr/2018:10:38:16 -0400] "GET /papers/2003/?C=S;O=D HTTP/1.1" 200 7257 "-" "Mozilla/5.0 (compatible; Baiduspider/2.0; +http://www.baidu.com/search/spider.html)"
31.223.149.208 - - [28/Apr/2018:10:38:23 -0400] "GET /wp-login.php HTTP/1.1" 404 7484 "-" "Mozilla/5.0 (Windows NT 6.1; WOW64; rv:40.0) Gecko/20100101 Firefox/40.1"
31.223.149.208 - - [28/Apr/2018:10:38:24 -0400] "GET / HTTP/1.1" 200 8218 "-" "Mozilla/5.0 (Windows NT 6.1; WOW64; rv:40.0) Gecko/20100101 Firefox/40.1"
77.88.47.40 - - [28/Apr/2018:10:33:17 -0400] "GET /2009/proceedings/1993/nspw1993-denning.pdf HTTP/1.1" 200 271838 "-" "Mozilla/5.0 (compatible; YandexBot/3.0; +http://yandex.com/bots)"
66.249.73.91 - - [28/Apr/2018:10:38:42 -0400] "GET /papers/2005/nspw2005-taylor-panel.pdf HTTP/1.1" 200 1269405 "-" "Mozilla/5.0 (Linux; Android 6.0.1; Nexus 5X Build/MMB29P) AppleWebKit/537.36 (KHTML, like Gecko) Chrome/41.0.2272.96 Mobile Safari/537.36 (compatible; Googlebot/2.1; +http://www.google.com/bot.html)"
77.88.47.40 - - [28/Apr/2018:10:33:31 -0400] "GET /2009/proceedings/1993/nspw1993-hammonds.pdf HTTP/1.1" 200 271838 "-" "Mozilla/5.0 (compatible; YandexBot/3.0; +http://yandex.com/bots)"
66.160.140.182 - - [28/Apr/2018:10:38:50 -0400] "GET /robots.txt HTTP/1.1" 200 4444 "-" "The Knowledge AI"
77.88.47.40 - - [28/Apr/2018:10:33:45 -0400] "GET /2009/proceedings/1993/nspw1993-rooker.pdf HTTP/1.1" 200 264848 "-" "Mozilla/5.0 (compatible; YandexBot/3.0; +http://yandex.com/bots)"
77.88.47.40 - - [28/Apr/2018:10:33:58 -0400] "GET /2009/proceedings/1993/nspw1993-hosmer.pdf HTTP/1.1" 200 228500 "-" "Mozilla/5.0 (compatible; YandexBot/3.0; +http://yandex.com/bots)"
