157.55.39.228 - - [25/Apr/2018:06:26:52 -0400] "GET /papers/1993/nspw1993-gomez.pdf HTTP/1.1" 200 800679 "-" "Mozilla/5.0 (iPhone; CPU iPhone OS 7_0 like Mac OS X) AppleWebKit/537.51.1 (KHTML, like Gecko) Version/7.0 Mobile/11A465 Safari/9537.53 (compatible; bingbot/2.0; +http://www.bing.com/bingbot.htm)"
69.162.124.227 - - [25/Apr/2018:06:29:42 -0400] "HEAD / HTTP/1.1" 200 3874 "http://nspw.org/" "Mozilla/5.0+(compatible; UptimeRobot/2.0; http://www.uptimerobot.com/)"
114.32.148.176 - - [25/Apr/2018:06:30:52 -0400] "GET /wp-login.php HTTP/1.1" 404 7907 "-" "Mozilla/5.0 (Windows NT 6.1; WOW64; rv:40.0) Gecko/20100101 Firefox/40.1"
114.32.148.176 - - [25/Apr/2018:06:30:54 -0400] "GET / HTTP/1.1" 200 8218 "-" "Mozilla/5.0 (Windows NT 6.1; WOW64; rv:40.0) Gecko/20100101 Firefox/40.1"
40.77.167.107 - - [25/Apr/2018:06:31:00 -0400] "GET /papers/1994/nspw1994-bertino.pdf HTTP/1.1" 200 542554 "-" "Mozilla/5.0 (iPhone; CPU iPhone OS 7_0 like Mac OS X) AppleWebKit/537.51.1 (KHTML, like Gecko) Version/7.0 Mobile/11A465 Safari/9537.53 (compatible; bingbot/2.0; +http://www.bing.com/bingbot.htm)"
54.147.194.86 - - [25/Apr/2018:06:32:51 -0400] "GET /robots.txt HTTP/1.1" 200 4282 "http://nspw.org/robots.txt" "Go 1.1 package http"
115.132.160.137 - - [25/Apr/2018:06:33:25 -0400] "GET /wp-login.php HTTP/1.1" 404 7839 "-" "Mozilla/5.0 (Windows NT 6.1; WOW64; rv:40.0) Gecko/20100101 Firefox/40.1"
115.132.160.137 - - [25/Apr/2018:06:33:26 -0400] "GET / HTTP/1.1" 200 8218 "-" "Mozilla/5.0 (Windows NT 6.1; WOW64; rv:40.0) Gecko/20100101 Firefox/40.1"
69.162.124.227 - - [25/Apr/2018:06:34:42 -0400] "HEAD / HTTP/1.1" 200 3874 "http://nspw.org/" "Mozilla/5.0+(compatible; UptimeRobot/2.0; http://www.uptimerobot.com/)"
157.32.120.4 - - [25/Apr/2018:06:35:38 -0400] "GET /papers/2001/nspw2001-yan.pdf HTTP/1.1" 200 510148 "https://www.google.com/" "Mozilla/5.0 (Windows NT 10.0; Win64; x64) AppleWebKit/537.36 (KHTML, like Gecko) Chrome/65.0.3325.181 Safari/537.36"
157.32.120.4 - - [25/Apr/2018:06:35:43 -0400] "GET /favicon.ico HTTP/1.1" 404 4109 "https://www.nspw.org/papers/2001/nspw2001-yan.pdf" "Mozilla/5.0 (Windows NT 10.0; Win64; x64) AppleWebKit/537.36 (KHTML, like Gecko) Chrome/65.0.3325.181 Safari/537.36"
69.162.124.227 - - [25/Apr/2018:06:39:42 -0400] "HEAD / HTTP/1.1" 200 3874 "http://nspw.org/" "Mozilla/5.0+(compatible; UptimeRobot/2.0; http://www.uptimerobot.com/)"
207.46.13.140 - - [25/Apr/2018:06:40:35 -0400] "GET /papers/1993/nspw1993-bailey.pdf HTTP/1.1" 200 506903 "-" "Mozilla/5.0 (iPhone; CPU iPhone OS 7_0 like Mac OS X) AppleWebKit/537.51.1 (KHTML, like Gecko) Version/7.0 Mobile/11A465 Safari/9537.53 (compatible; bingbot/2.0; +http://www.bing.com/bingbot.htm)"
49.149.47.106 - - [25/Apr/2018:06:42:50 -0400] "GET /wp-login.php HTTP/1.1" 404 8176 "-" "Mozilla/5.0 (Windows NT 6.1; WOW64; rv:40.0) Gecko/20100101 Firefox/40.1"
49.149.47.106 - - [25/Apr/2018:06:42:50 -0400] "GET / HTTP/1.1" 200 8298 "-" "Mozilla/5.0 (Windows NT 6.1; WOW64; rv:40.0) Gecko/20100101 Firefox/40.1"
130.188.94.31 - - [25/Apr/2018:06:43:22 -0400] "GET /2018/dates HTTP/1.1" 200 6286 "-" "Mozilla/5.0 (Windows NT 6.1; WOW64) AppleWebKit/537.36 (KHTML, like Gecko) Chrome/65.0.3325.181 Safari/537.36 OPR/52.0.2871.64"
130.188.94.31 - - [25/Apr/2018:06:43:22 -0400] "GET /favicon.ico HTTP/1.1" 404 700 "-" "Mozilla/5.0 (Windows NT 6.1; WOW64) AppleWebKit/537.36 (KHTML, like Gecko) Chrome/65.0.3325.181 Safari/537.36 OPR/52.0.2871.64"
130.188.94.31 - - [25/Apr/2018:06:43:23 -0400] "GET /favicon.ico HTTP/1.1" 404 700 "-" "Mozilla/5.0 (Windows NT 6.1; WOW64) AppleWebKit/537.36 (KHTML, like Gecko) Chrome/65.0.3325.181 Safari/537.36 OPR/52.0.2871.64"
69.162.124.227 - - [25/Apr/2018:06:44:42 -0400] "HEAD / HTTP/1.1" 200 3874 "http://nspw.org/" "Mozilla/5.0+(compatible; UptimeRobot/2.0; http://www.uptimerobot.com/)"
216.244.66.236 - - [25/Apr/2018:06:46:07 -0400] "GET /robots.txt HTTP/1.1" 200 5796 "-" "Mozilla/5.0 (compatible; DotBot/1.1; http://www.opensiteexplorer.org/dotbot, help@moz.com)"
86.49.236.161 - - [25/Apr/2018:06:47:03 -0400] "GET /wp-login.php HTTP/1.1" 404 7495 "-" "Mozilla/5.0 (Windows NT 6.1; WOW64; rv:40.0) Gecko/20100101 Firefox/40.1"
86.49.236.161 - - [25/Apr/2018:06:47:04 -0400] "GET / HTTP/1.1" 200 8218 "-" "Mozilla/5.0 (Windows NT 6.1; WOW64; rv:40.0) Gecko/20100101 Firefox/40.1"
40.77.167.107 - - [25/Apr/2018:06:48:05 -0400] "GET /papers/1997/nspw1997-meadows.pdf HTTP/1.1" 200 432416 "-" "Mozilla/5.0 (compatible; bingbot/2.0; +http://www.bing.com/bingbot.htm)"
69.162.124.227 - - [25/Apr/2018:06:49:42 -0400] "HEAD / HTTP/1.1" 200 3874 "http://nspw.org/" "Mozilla/5.0+(compatible; UptimeRobot/2.0; http://www.uptimerobot.com/)"
139.162.116.133 - - [25/Apr/2018:06:50:36 -0400] "GET / HTTP/1.1" 200 11427 "-" "Mozilla/5.0 (Windows NT 10.0; WOW64) AppleWebKit/537.36 (KHTML, like Gecko) Chrome/50.0.2661.102 Safari/537.36"
5.255.250.67 - - [25/Apr/2018:06:52:00 -0400] "GET /2009/proceedings/?C=S;O=A HTTP/1.1" 403 3973 "-" "Mozilla/5.0 (compatible; YandexBot/3.0; +http://yandex.com/bots)"
77.64.197.182 - - [25/Apr/2018:06:53:17 -0400] "GET /wp-login.php HTTP/1.1" 404 7491 "-" "Mozilla/5.0 (Windows NT 6.1; WOW64; rv:40.0) Gecko/20100101 Firefox/40.1"
77.64.197.182 - - [25/Apr/2018:06:53:17 -0400] "GET / HTTP/1.1" 200 8218 "-" "Mozilla/5.0 (Windows NT 6.1; WOW64; rv:40.0) Gecko/20100101 Firefox/40.1"
69.162.124.227 - - [25/Apr/2018:06:54:42 -0400] "HEAD / HTTP/1.1" 200 3874 "http://nspw.org/" "Mozilla/5.0+(compatible; UptimeRobot/2.0; http://www.uptimerobot.com/)"
112.134.238.211 - - [25/Apr/2018:06:55:37 -0400] "GET /wp-login.php HTTP/1.1" 404 7985 "-" "Mozilla/5.0 (Windows NT 6.1; WOW64; rv:40.0) Gecko/20100101 Firefox/40.1"
112.134.238.211 - - [25/Apr/2018:06:55:39 -0400] "GET / HTTP/1.1" 200 8206 "-" "Mozilla/5.0 (Windows NT 6.1; WOW64; rv:40.0) Gecko/20100101 Firefox/40.1"
69.162.124.227 - - [25/Apr/2018:06:59:42 -0400] "HEAD / HTTP/1.1" 200 3874 "http://nspw.org/" "Mozilla/5.0+(compatible; UptimeRobot/2.0; http://www.uptimerobot.com/)"
66.249.73.87 - - [25/Apr/2018:07:01:11 -0400] "GET /2008/CA_Labs_v_3c_index_small.gif HTTP/1.1" 200 4720 "-" "Googlebot-Image/1.0"
125.209.235.182 - - [25/Apr/2018:07:03:12 -0400] "GET /modules/system/system.messages.css?nhfa6e HTTP/1.1" 200 4072 "http://nspw.org/" "Mozilla/5.0 (compatible; Yeti/1.1; +http://naver.me/spd)"
125.209.235.173 - - [25/Apr/2018:07:03:12 -0400] "GET /modules/system/system.base.css?nhfa6e HTTP/1.1" 200 5730 "http://nspw.org/" "Mozilla/5.0 (compatible; Yeti/1.1; +http://naver.me/spd)"
125.209.235.180 - - [25/Apr/2018:07:03:12 -0400] "GET /modules/system/system.theme.css?nhfa6e HTTP/1.1" 200 4920 "http://nspw.org/" "Mozilla/5.0 (compatible; Yeti/1.1; +http://naver.me/spd)"
125.209.235.173 - - [25/Apr/2018:07:03:12 -0400] "GET /modules/system/system.menus.css?nhfa6e HTTP/1.1" 200 4360 "http://nspw.org/" "Mozilla/5.0 (compatible; Yeti/1.1; +http://naver.me/spd)"
125.209.235.180 - - [25/Apr/2018:07:03:12 -0400] "GET /modules/field/theme/field.css?nhfa6e HTTP/1.1" 200 3928 "http://nspw.org/" "Mozilla/5.0 (compatible; Yeti/1.1; +http://naver.me/spd)"
125.209.235.179 - - [25/Apr/2018:07:03:13 -0400] "GET /modules/node/node.css?nhfa6e HTTP/1.1" 200 3800 "http://nspw.org/" "Mozilla/5.0 (compatible; Yeti/1.1; +http://naver.me/spd)"
125.209.235.174 - - [25/Apr/2018:07:03:13 -0400] "GET /modules/user/user.css?nhfa6e HTTP/1.1" 200 4392 "http://nspw.org/" "Mozilla/5.0 (compatible; Yeti/1.1; +http://naver.me/spd)"
125.209.235.174 - - [25/Apr/2018:07:03:13 -0400] "GET /themes/garland/style.css?nhfa6e HTTP/1.1" 200 8802 "http://nspw.org/" "Mozilla/5.0 (compatible; Yeti/1.1; +http://naver.me/spd)"
125.209.235.185 - - [25/Apr/2018:07:03:13 -0400] "GET /themes/garland/print.css?nhfa6e HTTP/1.1" 200 4104 "http://nspw.org/" "Mozilla/5.0 (compatible; Yeti/1.1; +http://naver.me/spd)"
125.209.235.185 - - [25/Apr/2018:07:03:13 -0400] "GET /misc/jquery.js?v=1.4.4 HTTP/1.1" 200 31201 "http://nspw.org/" "Mozilla/5.0 (compatible; Yeti/1.1; +http://naver.me/spd)"
125.209.235.169 - - [25/Apr/2018:07:03:14 -0400] "GET /modules/comment/comment.css?nhfa6e HTTP/1.1" 200 3832 "http://nspw.org/" "Mozilla/5.0 (compatible; Yeti/1.1; +http://naver.me/spd)"
125.209.235.169 - - [25/Apr/2018:07:03:14 -0400] "GET /misc/jquery.once.js?v=1.2 HTTP/1.1" 200 1686 "http://nspw.org/" "Mozilla/5.0 (compatible; Yeti/1.1; +http://naver.me/spd)"
125.209.235.180 - - [25/Apr/2018:07:03:15 -0400] "GET /misc/drupal.js?nhfa6e HTTP/1.1" 200 7712 "http://nspw.org/" "Mozilla/5.0 (compatible; Yeti/1.1; +http://naver.me/spd)"
125.209.235.171 - - [25/Apr/2018:07:03:15 -0400] "GET /sites/default/files/nspw-logo-smaller.jpg HTTP/1.1" 200 5901 "http://nspw.org/" "Mozilla/5.0 (compatible; Yeti/1.1; +http://naver.me/spd)"
125.209.235.181 - - [25/Apr/2018:07:03:16 -0400] "GET /themes/garland/images/body.png HTTP/1.1" 200 4328 "http://nspw.org/themes/garland/style.css?nhfa6e" "Mozilla/5.0 (compatible; Yeti/1.1; +http://naver.me/spd)"
125.209.235.179 - - [25/Apr/2018:07:03:16 -0400] "GET /themes/garland/images/bg-navigation-item.png HTTP/1.1" 200 1062 "http://nspw.org/themes/garland/style.css?nhfa6e" "Mozilla/5.0 (compatible; Yeti/1.1; +http://naver.me/spd)"
125.209.235.167 - - [25/Apr/2018:07:03:16 -0400] "GET /themes/garland/images/bg-navigation-item-hover.png HTTP/1.1" 200 4088 "http://nspw.org/themes/garland/style.css?nhfa6e" "Mozilla/5.0 (compatible; Yeti/1.1; +http://naver.me/spd)"
125.209.235.181 - - [25/Apr/2018:07:03:16 -0400] "GET /themes/garland/images/menu-expanded.gif HTTP/1.1" 200 3832 "http://nspw.org/themes/garland/style.css?nhfa6e" "Mozilla/5.0 (compatible; Yeti/1.1; +http://naver.me/spd)"
125.209.235.184 - - [25/Apr/2018:07:03:17 -0400] "GET /themes/garland/images/menu-leaf.gif HTTP/1.1" 200 3816 "http://nspw.org/themes/garland/style.css?nhfa6e" "Mozilla/5.0 (compatible; Yeti/1.1; +http://naver.me/spd)"
125.209.235.169 - - [25/Apr/2018:07:03:17 -0400] "GET /themes/garland/images/bg-content.png HTTP/1.1" 200 1046 "http://nspw.org/themes/garland/style.css?nhfa6e" "Mozilla/5.0 (compatible; Yeti/1.1; +http://naver.me/spd)"
125.209.235.185 - - [25/Apr/2018:07:03:17 -0400] "GET /themes/garland/images/bg-content-right.png HTTP/1.1" 200 3451 "http://nspw.org/themes/garland/style.css?nhfa6e" "Mozilla/5.0 (compatible; Yeti/1.1; +http://naver.me/spd)"
125.209.235.168 - - [25/Apr/2018:07:03:18 -0400] "GET /themes/garland/images/menu-collapsed.gif HTTP/1.1" 200 3816 "http://nspw.org/themes/garland/style.css?nhfa6e" "Mozilla/5.0 (compatible; Yeti/1.1; +http://naver.me/spd)"
125.209.235.169 - - [25/Apr/2018:07:03:18 -0400] "GET /themes/garland/images/bg-content-left.png HTTP/1.1" 200 3515 "http://nspw.org/themes/garland/style.css?nhfa6e" "Mozilla/5.0 (compatible; Yeti/1.1; +http://naver.me/spd)"
72.130.45.255 - - [25/Apr/2018:07:04:24 -0400] "GET /wp-login.php HTTP/1.1" 404 7839 "-" "Mozilla/5.0 (Windows NT 6.1; WOW64; rv:40.0) Gecko/20100101 Firefox/40.1"
72.130.45.255 - - [25/Apr/2018:07:04:25 -0400] "GET / HTTP/1.1" 200 8218 "-" "Mozilla/5.0 (Windows NT 6.1; WOW64; rv:40.0) Gecko/20100101 Firefox/40.1"
69.162.124.227 - - [25/Apr/2018:07:04:42 -0400] "HEAD / HTTP/1.1" 200 3874 "http://nspw.org/" "Mozilla/5.0+(compatible; UptimeRobot/2.0; http://www.uptimerobot.com/)"
184.163.103.71 - - [25/Apr/2018:07:06:27 -0400] "GET /wp-login.php HTTP/1.1" 404 7839 "-" "Mozilla/5.0 (Windows NT 6.1; WOW64; rv:40.0) Gecko/20100101 Firefox/40.1"
184.163.103.71 - - [25/Apr/2018:07:06:27 -0400] "GET / HTTP/1.1" 200 8218 "-" "Mozilla/5.0 (Windows NT 6.1; WOW64; rv:40.0) Gecko/20100101 Firefox/40.1"
69.162.124.227 - - [25/Apr/2018:07:09:42 -0400] "HEAD / HTTP/1.1" 200 3874 "http://nspw.org/" "Mozilla/5.0+(compatible; UptimeRobot/2.0; http://www.uptimerobot.com/)"
216.244.66.236 - - [25/Apr/2018:07:09:51 -0400] "GET /robots.txt HTTP/1.1" 200 5796 "-" "Mozilla/5.0 (compatible; DotBot/1.1; http://www.opensiteexplorer.org/dotbot, help@moz.com)"
66.249.73.87 - - [25/Apr/2018:07:11:02 -0400] "GET /2008/NSPWtrans.gif HTTP/1.1" 200 12337 "-" "Googlebot-Image/1.0"
216.244.66.236 - - [25/Apr/2018:07:11:15 -0400] "GET /papers/2011/nspw2011-bohme.pdf HTTP/1.1" 200 651578 "-" "Mozilla/5.0 (compatible; DotBot/1.1; http://www.opensiteexplorer.org/dotbot, help@moz.com)"
69.162.124.227 - - [25/Apr/2018:07:14:42 -0400] "HEAD / HTTP/1.1" 200 3874 "http://nspw.org/" "Mozilla/5.0+(compatible; UptimeRobot/2.0; http://www.uptimerobot.com/)"
113.188.94.188 - - [25/Apr/2018:07:15:22 -0400] "GET /wp-login.php HTTP/1.1" 404 7491 "-" "Mozilla/5.0 (Windows NT 6.1; WOW64; rv:40.0) Gecko/20100101 Firefox/40.1"
113.188.94.188 - - [25/Apr/2018:07:15:24 -0400] "GET / HTTP/1.1" 200 8218 "-" "Mozilla/5.0 (Windows NT 6.1; WOW64; rv:40.0) Gecko/20100101 Firefox/40.1"
180.76.15.19 - - [25/Apr/2018:07:17:24 -0400] "GET / HTTP/1.1" 200 11573 "-" "Mozilla/5.0 (compatible; Baiduspider/2.0; +http://www.baidu.com/search/spider.html)"
69.162.124.227 - - [25/Apr/2018:07:19:42 -0400] "HEAD / HTTP/1.1" 200 3874 "http://nspw.org/" "Mozilla/5.0+(compatible; UptimeRobot/2.0; http://www.uptimerobot.com/)"
95.216.0.43 - - [25/Apr/2018:07:21:43 -0400] "GET /robots.txt HTTP/1.1" 200 5950 "-" "Mozilla/5.0 (compatible; MJ12bot/v1.4.8; http://mj12bot.com/)"
107.147.48.199 - - [25/Apr/2018:07:21:44 -0400] "GET /wp-login.php HTTP/1.1" 404 7985 "-" "Mozilla/5.0 (Windows NT 6.1; WOW64; rv:40.0) Gecko/20100101 Firefox/40.1"
107.147.48.199 - - [25/Apr/2018:07:21:44 -0400] "GET / HTTP/1.1" 200 8206 "-" "Mozilla/5.0 (Windows NT 6.1; WOW64; rv:40.0) Gecko/20100101 Firefox/40.1"
40.77.167.107 - - [25/Apr/2018:07:22:04 -0400] "GET /2017/cfp HTTP/1.1" 200 9463 "-" "Mozilla/5.0 (iPhone; CPU iPhone OS 7_0 like Mac OS X) AppleWebKit/537.51.1 (KHTML, like Gecko) Version/7.0 Mobile/11A465 Safari/9537.53 (compatible; bingbot/2.0; +http://www.bing.com/bingbot.htm)"
95.216.0.43 - - [25/Apr/2018:07:22:05 -0400] "GET /2005/pre-proceedings//%22$new/%22 HTTP/1.1" 404 8045 "-" "Mozilla/5.0 (compatible; MJ12bot/v1.4.8; http://mj12bot.com/)"
66.249.73.91 - - [25/Apr/2018:07:22:27 -0400] "GET /2017 HTTP/1.1" 200 7052 "-" "Mozilla/5.0 (compatible; Googlebot/2.1; +http://www.google.com/bot.html)"
69.162.124.227 - - [25/Apr/2018:07:24:42 -0400] "HEAD / HTTP/1.1" 200 3874 "http://nspw.org/" "Mozilla/5.0+(compatible; UptimeRobot/2.0; http://www.uptimerobot.com/)"
150.109.48.144 - - [25/Apr/2018:07:25:16 -0400] "GET /CHANGELOG.txt HTTP/1.1" 403 3969 "-" "python-requests/2.9.1"
66.249.73.87 - - [25/Apr/2018:07:28:41 -0400] "GET /2006/cfp.shtml HTTP/1.1" 200 7568 "-" "Mozilla/5.0 (Linux; Android 6.0.1; Nexus 5X Build/MMB29P) AppleWebKit/537.36 (KHTML, like Gecko) Chrome/41.0.2272.96 Mobile Safari/537.36 (compatible; Googlebot/2.1; +http://www.google.com/bot.html)"
69.162.124.227 - - [25/Apr/2018:07:29:42 -0400] "HEAD / HTTP/1.1" 200 3874 "http://nspw.org/" "Mozilla/5.0+(compatible; UptimeRobot/2.0; http://www.uptimerobot.com/)"
164.77.56.234 - - [25/Apr/2018:07:29:55 -0400] "GET /wp-login.php HTTP/1.1" 404 7985 "-" "Mozilla/5.0 (Windows NT 6.1; WOW64; rv:40.0) Gecko/20100101 Firefox/40.1"
164.77.56.234 - - [25/Apr/2018:07:29:56 -0400] "GET / HTTP/1.1" 200 8206 "-" "Mozilla/5.0 (Windows NT 6.1; WOW64; rv:40.0) Gecko/20100101 Firefox/40.1"
207.46.13.114 - - [25/Apr/2018:07:30:19 -0400] "GET /papers/2000/nspw2000-marceau.pdf HTTP/1.1" 200 1077157 "-" "Mozilla/5.0 (compatible; bingbot/2.0; +http://www.bing.com/bingbot.htm)"
66.249.73.89 - - [25/Apr/2018:07:31:14 -0400] "GET /2008/jmu_infosec_logo.gif HTTP/1.1" 200 9195 "-" "Googlebot-Image/1.0"
151.32.82.217 - - [25/Apr/2018:07:32:07 -0400] "GET /wp-login.php HTTP/1.1" 404 7985 "-" "Mozilla/5.0 (Windows NT 6.1; WOW64; rv:40.0) Gecko/20100101 Firefox/40.1"
151.32.82.217 - - [25/Apr/2018:07:32:10 -0400] "GET / HTTP/1.1" 200 8206 "-" "Mozilla/5.0 (Windows NT 6.1; WOW64; rv:40.0) Gecko/20100101 Firefox/40.1"
154.241.139.226 - - [25/Apr/2018:07:32:27 -0400] "GET /wp-login.php HTTP/1.1" 404 7839 "-" "Mozilla/5.0 (Windows NT 6.1; WOW64; rv:40.0) Gecko/20100101 Firefox/40.1"
154.241.139.226 - - [25/Apr/2018:07:32:31 -0400] "GET / HTTP/1.1" 200 8218 "-" "Mozilla/5.0 (Windows NT 6.1; WOW64; rv:40.0) Gecko/20100101 Firefox/40.1"
216.244.66.236 - - [25/Apr/2018:07:34:11 -0400] "GET /robots.txt HTTP/1.1" 200 5796 "-" "Mozilla/5.0 (compatible; DotBot/1.1; http://www.opensiteexplorer.org/dotbot, help@moz.com)"
69.162.124.227 - - [25/Apr/2018:07:34:42 -0400] "HEAD / HTTP/1.1" 200 3874 "http://nspw.org/" "Mozilla/5.0+(compatible; UptimeRobot/2.0; http://www.uptimerobot.com/)"
46.153.83.116 - - [25/Apr/2018:07:34:47 -0400] "GET /wp-login.php HTTP/1.1" 404 7839 "-" "Mozilla/5.0 (Windows NT 6.1; WOW64; rv:40.0) Gecko/20100101 Firefox/40.1"
46.153.83.116 - - [25/Apr/2018:07:34:48 -0400] "GET / HTTP/1.1" 200 8218 "-" "Mozilla/5.0 (Windows NT 6.1; WOW64; rv:40.0) Gecko/20100101 Firefox/40.1"
190.17.80.247 - - [25/Apr/2018:07:35:50 -0400] "GET /wp-login.php HTTP/1.1" 404 7484 "-" "Mozilla/5.0 (Windows NT 6.1; WOW64; rv:40.0) Gecko/20100101 Firefox/40.1"
190.17.80.247 - - [25/Apr/2018:07:35:51 -0400] "GET / HTTP/1.1" 200 8218 "-" "Mozilla/5.0 (Windows NT 6.1; WOW64; rv:40.0) Gecko/20100101 Firefox/40.1"
91.200.12.78 - - [25/Apr/2018:07:38:30 -0400] "GET /components/com_sexycontactform/fileupload/index.php HTTP/1.1" 404 7983 "http://www.nspw.org/components/com_sexycontactform/fileupload/index.php" "Mozilla/5.0 (Windows NT 6.1; WOW64) AppleWebKit/537.36 (KHTML, like Gecko) Chrome/42.0.2311.152 Safari/537.36"
69.162.124.227 - - [25/Apr/2018:07:39:42 -0400] "HEAD / HTTP/1.1" 200 3874 "http://nspw.org/" "Mozilla/5.0+(compatible; UptimeRobot/2.0; http://www.uptimerobot.com/)"
103.70.202.155 - - [25/Apr/2018:07:39:46 -0400] "GET /wp-login.php HTTP/1.1" 404 7985 "-" "Mozilla/5.0 (Windows NT 6.1; WOW64; rv:40.0) Gecko/20100101 Firefox/40.1"
103.70.202.155 - - [25/Apr/2018:07:39:46 -0400] "GET / HTTP/1.1" 200 8206 "-" "Mozilla/5.0 (Windows NT 6.1; WOW64; rv:40.0) Gecko/20100101 Firefox/40.1"
31.25.136.16 - - [25/Apr/2018:07:42:06 -0400] "GET /wp-login.php HTTP/1.1" 404 7686 "-" "Mozilla/5.0 (Windows NT 6.1; WOW64; rv:40.0) Gecko/20100101 Firefox/40.1"
31.25.136.16 - - [25/Apr/2018:07:42:09 -0400] "GET / HTTP/1.1" 200 8218 "-" "Mozilla/5.0 (Windows NT 6.1; WOW64; rv:40.0) Gecko/20100101 Firefox/40.1"
185.246.78.159 - - [25/Apr/2018:07:43:51 -0400] "GET /wp-login.php HTTP/1.1" 404 7491 "-" "Mozilla/5.0 (Windows NT 6.1; WOW64; rv:40.0) Gecko/20100101 Firefox/40.1"
185.246.78.159 - - [25/Apr/2018:07:43:52 -0400] "GET / HTTP/1.1" 200 8218 "-" "Mozilla/5.0 (Windows NT 6.1; WOW64; rv:40.0) Gecko/20100101 Firefox/40.1"
69.162.124.227 - - [25/Apr/2018:07:44:42 -0400] "HEAD / HTTP/1.1" 200 3874 "http://nspw.org/" "Mozilla/5.0+(compatible; UptimeRobot/2.0; http://www.uptimerobot.com/)"
69.162.124.227 - - [25/Apr/2018:07:49:42 -0400] "HEAD / HTTP/1.1" 200 3874 "http://nspw.org/" "Mozilla/5.0+(compatible; UptimeRobot/2.0; http://www.uptimerobot.com/)"
111.235.150.119 - - [25/Apr/2018:07:52:59 -0400] "GET /wp-login.php HTTP/1.1" 404 7491 "-" "Mozilla/5.0 (Windows NT 6.1; WOW64; rv:40.0) Gecko/20100101 Firefox/40.1"
111.235.150.119 - - [25/Apr/2018:07:53:01 -0400] "GET / HTTP/1.1" 200 8218 "-" "Mozilla/5.0 (Windows NT 6.1; WOW64; rv:40.0) Gecko/20100101 Firefox/40.1"
69.162.124.227 - - [25/Apr/2018:07:54:42 -0400] "HEAD / HTTP/1.1" 200 3874 "http://nspw.org/" "Mozilla/5.0+(compatible; UptimeRobot/2.0; http://www.uptimerobot.com/)"
5.196.87.138 - - [25/Apr/2018:07:54:59 -0400] "GET /robots.txt HTTP/1.1" 200 4297 "-" "Mozilla/5.0 (compatible; AhrefsBot/5.2; +http://ahrefs.com/robot/)"
207.46.13.140 - - [25/Apr/2018:07:55:50 -0400] "GET /papers/1994/nspw1994-ovchinnikov.pdf HTTP/1.1" 200 796760 "-" "Mozilla/5.0 (iPhone; CPU iPhone OS 7_0 like Mac OS X) AppleWebKit/537.51.1 (KHTML, like Gecko) Version/7.0 Mobile/11A465 Safari/9537.53 (compatible; bingbot/2.0; +http://www.bing.com/bingbot.htm)"
40.77.167.107 - - [25/Apr/2018:07:56:54 -0400] "GET /papers/1994/nspw1994-castano.pdf HTTP/1.1" 200 639376 "-" "Mozilla/5.0 (iPhone; CPU iPhone OS 7_0 like Mac OS X) AppleWebKit/537.51.1 (KHTML, like Gecko) Version/7.0 Mobile/11A465 Safari/9537.53 (compatible; bingbot/2.0; +http://www.bing.com/bingbot.htm)"
207.46.13.114 - - [25/Apr/2018:07:57:02 -0400] "GET /2009/proceedings/2013/nspw2013-rowe.pdf HTTP/1.1" 200 609508 "-" "Mozilla/5.0 (compatible; bingbot/2.0; +http://www.bing.com/bingbot.htm)"
69.162.124.227 - - [25/Apr/2018:07:59:42 -0400] "HEAD / HTTP/1.1" 200 3874 "http://nspw.org/" "Mozilla/5.0+(compatible; UptimeRobot/2.0; http://www.uptimerobot.com/)"
89.123.182.174 - - [25/Apr/2018:07:59:58 -0400] "GET /wp-login.php HTTP/1.1" 404 7985 "-" "Mozilla/5.0 (Windows NT 6.1; WOW64; rv:40.0) Gecko/20100101 Firefox/40.1"
89.123.182.174 - - [25/Apr/2018:07:59:58 -0400] "GET / HTTP/1.1" 200 8206 "-" "Mozilla/5.0 (Windows NT 6.1; WOW64; rv:40.0) Gecko/20100101 Firefox/40.1"
69.162.124.227 - - [25/Apr/2018:08:04:42 -0400] "HEAD / HTTP/1.1" 200 3874 "http://nspw.org/" "Mozilla/5.0+(compatible; UptimeRobot/2.0; http://www.uptimerobot.com/)"
197.136.131.3 - - [25/Apr/2018:08:05:12 -0400] "GET /favicon.ico HTTP/1.1" 404 4109 "https://www.nspw.org/papers/1997/nspw1997-meadows.pdf" "Mozilla/5.0 (Windows NT 6.3; Win64; x64) AppleWebKit/537.36 (KHTML, like Gecko) Chrome/65.0.3325.181 Safari/537.36"
197.136.131.3 - - [25/Apr/2018:08:05:10 -0400] "GET /papers/1997/nspw1997-meadows.pdf HTTP/1.1" 200 431956 "https://www.google.com/" "Mozilla/5.0 (Windows NT 6.3; Win64; x64) AppleWebKit/537.36 (KHTML, like Gecko) Chrome/65.0.3325.181 Safari/537.36"
222.254.34.129 - - [25/Apr/2018:08:08:07 -0400] "GET / HTTP/1.1" 200 11650 "-" "Mozilla/5.0 (Windows; U; Windows NT 5.1; en-US; rv:x.x.x) Gecko/20041107 Firefox/x.x"
40.77.167.107 - - [25/Apr/2018:08:07:26 -0400] "GET /papers/2005/nspw2005-thorpe.pdf HTTP/1.1" 200 3949567 "-" "Mozilla/5.0 (iPhone; CPU iPhone OS 7_0 like Mac OS X) AppleWebKit/537.51.1 (KHTML, like Gecko) Version/7.0 Mobile/11A465 Safari/9537.53 (compatible; bingbot/2.0; +http://www.bing.com/bingbot.htm)"
151.73.51.162 - - [25/Apr/2018:08:08:45 -0400] "GET /wp-login.php HTTP/1.1" 404 7985 "-" "Mozilla/5.0 (Windows NT 6.1; WOW64; rv:40.0) Gecko/20100101 Firefox/40.1"
151.73.51.162 - - [25/Apr/2018:08:08:46 -0400] "GET / HTTP/1.1" 200 8206 "-" "Mozilla/5.0 (Windows NT 6.1; WOW64; rv:40.0) Gecko/20100101 Firefox/40.1"
40.77.167.107 - - [25/Apr/2018:08:08:56 -0400] "GET /papers/1993/nspw1993-howe.pdf HTTP/1.1" 200 397208 "-" "Mozilla/5.0 (iPhone; CPU iPhone OS 7_0 like Mac OS X) AppleWebKit/537.51.1 (KHTML, like Gecko) Version/7.0 Mobile/11A465 Safari/9537.53 (compatible; bingbot/2.0; +http://www.bing.com/bingbot.htm)"
91.161.221.82 - - [25/Apr/2018:08:09:24 -0400] "GET /wp-login.php HTTP/1.1" 404 8180 "-" "Mozilla/5.0 (Windows NT 6.1; WOW64; rv:40.0) Gecko/20100101 Firefox/40.1"
91.161.221.82 - - [25/Apr/2018:08:09:25 -0400] "GET / HTTP/1.1" 200 8298 "-" "Mozilla/5.0 (Windows NT 6.1; WOW64; rv:40.0) Gecko/20100101 Firefox/40.1"
105.93.63.133 - - [25/Apr/2018:08:09:42 -0400] "GET /wp-login.php HTTP/1.1" 404 7491 "-" "Mozilla/5.0 (Windows NT 6.1; WOW64; rv:40.0) Gecko/20100101 Firefox/40.1"
207.46.13.114 - - [25/Apr/2018:08:09:40 -0400] "GET /cfp/nspw2018-cfp.pdf HTTP/1.1" 200 99689 "-" "Mozilla/5.0 (compatible; bingbot/2.0; +http://www.bing.com/bingbot.htm)"
69.162.124.227 - - [25/Apr/2018:08:09:42 -0400] "HEAD / HTTP/1.1" 200 3874 "http://nspw.org/" "Mozilla/5.0+(compatible; UptimeRobot/2.0; http://www.uptimerobot.com/)"
105.93.63.133 - - [25/Apr/2018:08:09:42 -0400] "GET / HTTP/1.1" 200 8218 "-" "Mozilla/5.0 (Windows NT 6.1; WOW64; rv:40.0) Gecko/20100101 Firefox/40.1"
82.76.68.246 - - [25/Apr/2018:08:10:19 -0400] "GET /wp-login.php HTTP/1.1" 404 7839 "-" "Mozilla/5.0 (Windows NT 6.1; WOW64; rv:40.0) Gecko/20100101 Firefox/40.1"
82.76.68.246 - - [25/Apr/2018:08:10:20 -0400] "GET / HTTP/1.1" 200 8218 "-" "Mozilla/5.0 (Windows NT 6.1; WOW64; rv:40.0) Gecko/20100101 Firefox/40.1"
66.249.73.89 - - [25/Apr/2018:08:14:02 -0400] "GET /2002/program.content HTTP/1.1" 200 14656 "-" "Mozilla/5.0 (compatible; Googlebot/2.1; +http://www.google.com/bot.html)"
69.162.124.227 - - [25/Apr/2018:08:14:42 -0400] "HEAD / HTTP/1.1" 200 3874 "http://nspw.org/" "Mozilla/5.0+(compatible; UptimeRobot/2.0; http://www.uptimerobot.com/)"
61.69.101.226 - - [25/Apr/2018:08:17:00 -0400] "GET /papers/2007/nspw2007-vidyaraman.pdf HTTP/1.1" 200 259144 "-" "Mozilla/5.0 (iPhone; CPU iPhone OS 11_3 like Mac OS X) AppleWebKit/605.1.15 (KHTML, like Gecko) Version/11.0 Mobile/15E148 Safari/604.1"
61.69.101.226 - - [25/Apr/2018:08:17:04 -0400] "GET /apple-touch-icon-120x120-precomposed.png HTTP/1.1" 404 3943 "-" "MobileSafari/604.1 CFNetwork/897.15 Darwin/17.5.0"
61.69.101.226 - - [25/Apr/2018:08:17:05 -0400] "GET /apple-touch-icon-120x120.png HTTP/1.1" 404 717 "-" "MobileSafari/604.1 CFNetwork/897.15 Darwin/17.5.0"
61.69.101.226 - - [25/Apr/2018:08:17:05 -0400] "GET /apple-touch-icon-precomposed.png HTTP/1.1" 404 721 "-" "MobileSafari/604.1 CFNetwork/897.15 Darwin/17.5.0"
61.69.101.226 - - [25/Apr/2018:08:17:06 -0400] "GET /apple-touch-icon.png HTTP/1.1" 404 709 "-" "MobileSafari/604.1 CFNetwork/897.15 Darwin/17.5.0"
61.69.101.226 - - [25/Apr/2018:08:17:06 -0400] "GET /favicon.ico HTTP/1.1" 404 700 "-" "MobileSafari/604.1 CFNetwork/897.15 Darwin/17.5.0"
61.69.101.226 - - [25/Apr/2018:08:17:07 -0400] "GET /apple-touch-icon-120x120-precomposed.png HTTP/1.1" 404 729 "-" "MobileSafari/604.1 CFNetwork/897.15 Darwin/17.5.0"
61.69.101.226 - - [25/Apr/2018:08:17:07 -0400] "GET /apple-touch-icon-120x120.png HTTP/1.1" 404 717 "-" "MobileSafari/604.1 CFNetwork/897.15 Darwin/17.5.0"
61.69.101.226 - - [25/Apr/2018:08:17:07 -0400] "GET /apple-touch-icon-precomposed.png HTTP/1.1" 404 721 "-" "MobileSafari/604.1 CFNetwork/897.15 Darwin/17.5.0"
61.69.101.226 - - [25/Apr/2018:08:17:08 -0400] "GET /apple-touch-icon.png HTTP/1.1" 404 709 "-" "MobileSafari/604.1 CFNetwork/897.15 Darwin/17.5.0"
61.69.101.226 - - [25/Apr/2018:08:17:08 -0400] "GET /favicon.ico HTTP/1.1" 404 700 "-" "MobileSafari/604.1 CFNetwork/897.15 Darwin/17.5.0"
207.46.13.140 - - [25/Apr/2018:08:17:52 -0400] "GET /papers/1994/nspw1994-lin.pdf HTTP/1.1" 200 704625 "-" "Mozilla/5.0 (iPhone; CPU iPhone OS 7_0 like Mac OS X) AppleWebKit/537.51.1 (KHTML, like Gecko) Version/7.0 Mobile/11A465 Safari/9537.53 (compatible; bingbot/2.0; +http://www.bing.com/bingbot.htm)"
66.249.73.89 - - [25/Apr/2018:08:19:04 -0400] "GET /registration HTTP/1.1" 200 6713 "-" "Mozilla/5.0 (compatible; Googlebot/2.1; +http://www.google.com/bot.html)"
69.162.124.227 - - [25/Apr/2018:08:19:42 -0400] "HEAD / HTTP/1.1" 200 3874 "http://nspw.org/" "Mozilla/5.0+(compatible; UptimeRobot/2.0; http://www.uptimerobot.com/)"
216.244.66.200 - - [25/Apr/2018:08:21:38 -0400] "GET /robots.txt HTTP/1.1" 200 5796 "-" "Mozilla/5.0 (compatible; DotBot/1.1; http://www.opensiteexplorer.org/dotbot, help@moz.com)"
180.76.15.17 - - [25/Apr/2018:08:24:04 -0400] "GET /cfp/flyer_NSPW_2013.pdf HTTP/1.1" 200 95478 "-" "Mozilla/5.0 (compatible; Baiduspider/2.0; +http://www.baidu.com/search/spider.html)"
216.244.66.236 - - [25/Apr/2018:08:24:25 -0400] "GET /robots.txt HTTP/1.1" 200 5796 "-" "Mozilla/5.0 (compatible; DotBot/1.1; http://www.opensiteexplorer.org/dotbot, help@moz.com)"
69.162.124.227 - - [25/Apr/2018:08:24:42 -0400] "HEAD / HTTP/1.1" 200 3874 "http://nspw.org/" "Mozilla/5.0+(compatible; UptimeRobot/2.0; http://www.uptimerobot.com/)"
207.46.13.114 - - [25/Apr/2018:08:26:13 -0400] "GET /papers/2001/nspw2001-blakley.pdf HTTP/1.1" 200 762045 "-" "Mozilla/5.0 (iPhone; CPU iPhone OS 7_0 like Mac OS X) AppleWebKit/537.51.1 (KHTML, like Gecko) Version/7.0 Mobile/11A465 Safari/9537.53 (compatible; bingbot/2.0; +http://www.bing.com/bingbot.htm)"
193.61.180.161 - - [25/Apr/2018:08:27:40 -0400] "GET / HTTP/1.1" 200 6621 "https://www.google.co.uk/" "Mozilla/5.0 (Windows NT 10.0; Win64; x64) AppleWebKit/537.36 (KHTML, like Gecko) Chrome/65.0.3325.181 Safari/537.36"
193.61.180.161 - - [25/Apr/2018:08:27:40 -0400] "GET /modules/system/system.base.css?p7kfx6 HTTP/1.1" 200 2307 "-" "Mozilla/5.0 (Windows NT 10.0; Win64; x64) AppleWebKit/537.36 (KHTML, like Gecko) Chrome/65.0.3325.181 Safari/537.36"
193.61.180.161 - - [25/Apr/2018:08:27:41 -0400] "GET /modules/system/system.menus.css?p7kfx6 HTTP/1.1" 200 4434 "-" "Mozilla/5.0 (Windows NT 10.0; Win64; x64) AppleWebKit/537.36 (KHTML, like Gecko) Chrome/65.0.3325.181 Safari/537.36"
193.61.180.161 - - [25/Apr/2018:08:27:41 -0400] "GET /modules/system/system.messages.css?p7kfx6 HTTP/1.1" 200 746 "-" "Mozilla/5.0 (Windows NT 10.0; Win64; x64) AppleWebKit/537.36 (KHTML, like Gecko) Chrome/65.0.3325.181 Safari/537.36"
193.61.180.161 - - [25/Apr/2018:08:27:41 -0400] "GET /modules/system/system.theme.css?p7kfx6 HTTP/1.1" 200 1585 "-" "Mozilla/5.0 (Windows NT 10.0; Win64; x64) AppleWebKit/537.36 (KHTML, like Gecko) Chrome/65.0.3325.181 Safari/537.36"
193.61.180.161 - - [25/Apr/2018:08:27:41 -0400] "GET /modules/comment/comment.css?p7kfx6 HTTP/1.1" 200 662 "-" "Mozilla/5.0 (Windows NT 10.0; Win64; x64) AppleWebKit/537.36 (KHTML, like Gecko) Chrome/65.0.3325.181 Safari/537.36"
193.61.180.161 - - [25/Apr/2018:08:27:41 -0400] "GET /modules/node/node.css?p7kfx6 HTTP/1.1" 200 629 "-" "Mozilla/5.0 (Windows NT 10.0; Win64; x64) AppleWebKit/537.36 (KHTML, like Gecko) Chrome/65.0.3325.181 Safari/537.36"
193.61.180.161 - - [25/Apr/2018:08:27:41 -0400] "GET /modules/field/theme/field.css?p7kfx6 HTTP/1.1" 200 756 "-" "Mozilla/5.0 (Windows NT 10.0; Win64; x64) AppleWebKit/537.36 (KHTML, like Gecko) Chrome/65.0.3325.181 Safari/537.36"
193.61.180.161 - - [25/Apr/2018:08:27:41 -0400] "GET /modules/user/user.css?p7kfx6 HTTP/1.1" 200 1219 "-" "Mozilla/5.0 (Windows NT 10.0; Win64; x64) AppleWebKit/537.36 (KHTML, like Gecko) Chrome/65.0.3325.181 Safari/537.36"
193.61.180.161 - - [25/Apr/2018:08:27:41 -0400] "GET /themes/garland/style.css?p7kfx6 HTTP/1.1" 200 5370 "-" "Mozilla/5.0 (Windows NT 10.0; Win64; x64) AppleWebKit/537.36 (KHTML, like Gecko) Chrome/65.0.3325.181 Safari/537.36"
193.61.180.161 - - [25/Apr/2018:08:27:41 -0400] "GET /themes/garland/print.css?p7kfx6 HTTP/1.1" 200 771 "-" "Mozilla/5.0 (Windows NT 10.0; Win64; x64) AppleWebKit/537.36 (KHTML, like Gecko) Chrome/65.0.3325.181 Safari/537.36"
193.61.180.161 - - [25/Apr/2018:08:27:41 -0400] "GET /misc/jquery.js?v=1.4.4 HTTP/1.1" 200 27601 "https://www.nspw.org/" "Mozilla/5.0 (Windows NT 10.0; Win64; x64) AppleWebKit/537.36 (KHTML, like Gecko) Chrome/65.0.3325.181 Safari/537.36"
193.61.180.161 - - [25/Apr/2018:08:27:41 -0400] "GET /misc/drupal.js?p7kfx6 HTTP/1.1" 200 7372 "https://www.nspw.org/" "Mozilla/5.0 (Windows NT 10.0; Win64; x64) AppleWebKit/537.36 (KHTML, like Gecko) Chrome/65.0.3325.181 Safari/537.36"
193.61.180.161 - - [25/Apr/2018:08:27:41 -0400] "GET /sites/default/files/nspw-logo-smaller.jpg HTTP/1.1" 200 2534 "https://www.nspw.org/" "Mozilla/5.0 (Windows NT 10.0; Win64; x64) AppleWebKit/537.36 (KHTML, like Gecko) Chrome/65.0.3325.181 Safari/537.36"
193.61.180.161 - - [25/Apr/2018:08:27:41 -0400] "GET /misc/jquery.once.js?v=1.2 HTTP/1.1" 200 1445 "https://www.nspw.org/" "Mozilla/5.0 (Windows NT 10.0; Win64; x64) AppleWebKit/537.36 (KHTML, like Gecko) Chrome/65.0.3325.181 Safari/537.36"
193.61.180.161 - - [25/Apr/2018:08:27:41 -0400] "GET /themes/garland/images/body.png HTTP/1.1" 200 993 "https://www.nspw.org/themes/garland/style.css?p7kfx6" "Mozilla/5.0 (Windows NT 10.0; Win64; x64) AppleWebKit/537.36 (KHTML, like Gecko) Chrome/65.0.3325.181 Safari/537.36"
193.61.180.161 - - [25/Apr/2018:08:27:41 -0400] "GET /themes/garland/images/bg-content-right.png HTTP/1.1" 200 3162 "https://www.nspw.org/themes/garland/style.css?p7kfx6" "Mozilla/5.0 (Windows NT 10.0; Win64; x64) AppleWebKit/537.36 (KHTML, like Gecko) Chrome/65.0.3325.181 Safari/537.36"
193.61.180.161 - - [25/Apr/2018:08:27:41 -0400] "GET /themes/garland/images/bg-content-left.png HTTP/1.1" 200 3232 "https://www.nspw.org/themes/garland/style.css?p7kfx6" "Mozilla/5.0 (Windows NT 10.0; Win64; x64) AppleWebKit/537.36 (KHTML, like Gecko) Chrome/65.0.3325.181 Safari/537.36"
193.61.180.161 - - [25/Apr/2018:08:27:41 -0400] "GET /themes/garland/images/menu-leaf.gif HTTP/1.1" 200 486 "https://www.nspw.org/themes/garland/style.css?p7kfx6" "Mozilla/5.0 (Windows NT 10.0; Win64; x64) AppleWebKit/537.36 (KHTML, like Gecko) Chrome/65.0.3325.181 Safari/537.36"
193.61.180.161 - - [25/Apr/2018:08:27:41 -0400] "GET /themes/garland/images/bg-content.png HTTP/1.1" 200 798 "https://www.nspw.org/themes/garland/style.css?p7kfx6" "Mozilla/5.0 (Windows NT 10.0; Win64; x64) AppleWebKit/537.36 (KHTML, like Gecko) Chrome/65.0.3325.181 Safari/537.36"
193.61.180.161 - - [25/Apr/2018:08:27:41 -0400] "GET /themes/garland/images/menu-collapsed.gif HTTP/1.1" 200 488 "https://www.nspw.org/themes/garland/style.css?p7kfx6" "Mozilla/5.0 (Windows NT 10.0; Win64; x64) AppleWebKit/537.36 (KHTML, like Gecko) Chrome/65.0.3325.181 Safari/537.36"
193.61.180.161 - - [25/Apr/2018:08:27:41 -0400] "GET /themes/garland/images/bg-navigation-item.png HTTP/1.1" 200 812 "https://www.nspw.org/themes/garland/style.css?p7kfx6" "Mozilla/5.0 (Windows NT 10.0; Win64; x64) AppleWebKit/537.36 (KHTML, like Gecko) Chrome/65.0.3325.181 Safari/537.36"
193.61.180.161 - - [25/Apr/2018:08:27:41 -0400] "GET /themes/garland/images/menu-expanded.gif HTTP/1.1" 200 495 "https://www.nspw.org/themes/garland/style.css?p7kfx6" "Mozilla/5.0 (Windows NT 10.0; Win64; x64) AppleWebKit/537.36 (KHTML, like Gecko) Chrome/65.0.3325.181 Safari/537.36"
193.61.180.161 - - [25/Apr/2018:08:27:41 -0400] "GET /themes/garland/images/bg-navigation-item-hover.png HTTP/1.1" 200 754 "https://www.nspw.org/themes/garland/style.css?p7kfx6" "Mozilla/5.0 (Windows NT 10.0; Win64; x64) AppleWebKit/537.36 (KHTML, like Gecko) Chrome/65.0.3325.181 Safari/537.36"
193.61.180.161 - - [25/Apr/2018:08:27:42 -0400] "GET /favicon.ico HTTP/1.1" 404 700 "https://www.nspw.org/" "Mozilla/5.0 (Windows NT 10.0; Win64; x64) AppleWebKit/537.36 (KHTML, like Gecko) Chrome/65.0.3325.181 Safari/537.36"
193.61.180.161 - - [25/Apr/2018:08:27:55 -0400] "GET /2018/cfp HTTP/1.1" 200 4917 "https://www.nspw.org/" "Mozilla/5.0 (Windows NT 10.0; Win64; x64) AppleWebKit/537.36 (KHTML, like Gecko) Chrome/65.0.3325.181 Safari/537.36"
193.61.180.161 - - [25/Apr/2018:08:27:57 -0400] "GET /2018/dates HTTP/1.1" 200 2876 "https://www.nspw.org/2018/cfp" "Mozilla/5.0 (Windows NT 10.0; Win64; x64) AppleWebKit/537.36 (KHTML, like Gecko) Chrome/65.0.3325.181 Safari/537.36"
193.61.180.161 - - [25/Apr/2018:08:28:07 -0400] "GET / HTTP/1.1" 200 3368 "https://www.nspw.org/2018/dates" "Mozilla/5.0 (Windows NT 10.0; Win64; x64) AppleWebKit/537.36 (KHTML, like Gecko) Chrome/65.0.3325.181 Safari/537.36"
69.162.124.227 - - [25/Apr/2018:08:29:42 -0400] "HEAD / HTTP/1.1" 200 3874 "http://nspw.org/" "Mozilla/5.0+(compatible; UptimeRobot/2.0; http://www.uptimerobot.com/)"
66.249.73.91 - - [25/Apr/2018:08:34:15 -0400] "GET /papers/2006/ HTTP/1.1" 403 3939 "-" "Mozilla/5.0 (compatible; Googlebot/2.1; +http://www.google.com/bot.html)"
69.162.124.227 - - [25/Apr/2018:08:34:42 -0400] "HEAD / HTTP/1.1" 200 3874 "http://nspw.org/" "Mozilla/5.0+(compatible; UptimeRobot/2.0; http://www.uptimerobot.com/)"
194.187.170.154 - - [25/Apr/2018:08:35:33 -0400] "GET /robots.txt HTTP/1.1" 200 4822 "-" "Mozilla/5.0 (compatible; Qwantify/2.4w; +https://www.qwant.com/)/2.4w"
194.187.170.154 - - [25/Apr/2018:08:35:34 -0400] "GET /robots.txt HTTP/1.1" 200 1290 "-" "Mozilla/5.0 (compatible; Qwantify/2.4w; +https://www.qwant.com/)/2.4w"
194.187.170.154 - - [25/Apr/2018:08:35:34 -0400] "GET /2018 HTTP/1.1" 200 3748 "-" "Mozilla/5.0 (compatible; Qwantify/2.4w; +https://www.qwant.com/)/2.4w"
194.187.170.154 - - [25/Apr/2018:08:36:11 -0400] "GET / HTTP/1.1" 200 3460 "-" "Mozilla/5.0 (compatible; Qwantify/2.4w; +https://www.qwant.com/)/2.4w"
66.249.73.87 - - [25/Apr/2018:08:38:14 -0400] "GET /2014 HTTP/1.1" 200 6694 "-" "Mozilla/5.0 (compatible; Googlebot/2.1; +http://www.google.com/bot.html)"
66.249.73.87 - - [25/Apr/2018:08:39:11 -0400] "GET /papers/2003/ HTTP/1.1" 403 3939 "-" "Mozilla/5.0 (compatible; Googlebot/2.1; +http://www.google.com/bot.html)"
69.162.124.227 - - [25/Apr/2018:08:39:42 -0400] "HEAD / HTTP/1.1" 200 3874 "http://nspw.org/" "Mozilla/5.0+(compatible; UptimeRobot/2.0; http://www.uptimerobot.com/)"
83.110.221.4 - - [25/Apr/2018:08:41:01 -0400] "GET /wp-login.php HTTP/1.1" 404 7839 "-" "Mozilla/5.0 (Windows NT 6.1; WOW64; rv:40.0) Gecko/20100101 Firefox/40.1"
83.110.221.4 - - [25/Apr/2018:08:41:04 -0400] "GET / HTTP/1.1" 200 8218 "-" "Mozilla/5.0 (Windows NT 6.1; WOW64; rv:40.0) Gecko/20100101 Firefox/40.1"
5.210.100.176 - - [25/Apr/2018:08:42:10 -0400] "GET /favicon.ico HTTP/1.1" 404 4093 "https://www.nspw.org/papers/1996/nspw1996-wulf.pdf" "Mozilla/5.0 (Windows NT 6.1; Win64; x64) AppleWebKit/537.36 (KHTML, like Gecko) Chrome/65.0.3325.181 Safari/537.36"
5.210.100.176 - - [25/Apr/2018:08:42:09 -0400] "GET /papers/1996/nspw1996-wulf.pdf HTTP/1.1" 200 1104021 "https://www.google.com/" "Mozilla/5.0 (Windows NT 6.1; Win64; x64) AppleWebKit/537.36 (KHTML, like Gecko) Chrome/65.0.3325.181 Safari/537.36"
114.29.227.91 - - [25/Apr/2018:08:42:13 -0400] "GET /wp-login.php HTTP/1.1" 404 7484 "-" "Mozilla/5.0 (Windows NT 6.1; WOW64; rv:40.0) Gecko/20100101 Firefox/40.1"
114.29.227.91 - - [25/Apr/2018:08:42:14 -0400] "GET / HTTP/1.1" 200 8218 "-" "Mozilla/5.0 (Windows NT 6.1; WOW64; rv:40.0) Gecko/20100101 Firefox/40.1"
168.1.128.35 - - [25/Apr/2018:08:44:31 -0400] "GET / HTTP/1.1" 400 3231 "-" "-"
69.162.124.227 - - [25/Apr/2018:08:44:42 -0400] "HEAD / HTTP/1.1" 200 3874 "http://nspw.org/" "Mozilla/5.0+(compatible; UptimeRobot/2.0; http://www.uptimerobot.com/)"
62.103.227.102 - - [25/Apr/2018:08:46:26 -0400] "GET /wp-login.php HTTP/1.1" 404 7491 "-" "Mozilla/5.0 (Windows NT 6.1; WOW64; rv:40.0) Gecko/20100101 Firefox/40.1"
62.103.227.102 - - [25/Apr/2018:08:46:28 -0400] "GET / HTTP/1.1" 200 8218 "-" "Mozilla/5.0 (Windows NT 6.1; WOW64; rv:40.0) Gecko/20100101 Firefox/40.1"
216.244.66.236 - - [25/Apr/2018:08:48:48 -0400] "GET /robots.txt HTTP/1.1" 200 5796 "-" "Mozilla/5.0 (compatible; DotBot/1.1; http://www.opensiteexplorer.org/dotbot, help@moz.com)"
78.233.198.81 - - [25/Apr/2018:08:49:12 -0400] "GET /wp-login.php HTTP/1.1" 404 7985 "-" "Mozilla/5.0 (Windows NT 6.1; WOW64; rv:40.0) Gecko/20100101 Firefox/40.1"
78.233.198.81 - - [25/Apr/2018:08:49:13 -0400] "GET / HTTP/1.1" 200 8206 "-" "Mozilla/5.0 (Windows NT 6.1; WOW64; rv:40.0) Gecko/20100101 Firefox/40.1"
66.249.73.87 - - [25/Apr/2018:08:49:34 -0400] "GET /user/password HTTP/1.1" 200 6005 "-" "Mozilla/5.0 (compatible; Googlebot/2.1; +http://www.google.com/bot.html)"
66.249.73.87 - - [25/Apr/2018:08:49:35 -0400] "GET /2015/dates HTTP/1.1" 200 3029 "-" "Mozilla/5.0 (compatible; Googlebot/2.1; +http://www.google.com/bot.html)"
69.162.124.227 - - [25/Apr/2018:08:49:42 -0400] "HEAD / HTTP/1.1" 200 3874 "http://nspw.org/" "Mozilla/5.0+(compatible; UptimeRobot/2.0; http://www.uptimerobot.com/)"
103.242.120.119 - - [25/Apr/2018:08:52:53 -0400] "GET /wp-login.php HTTP/1.1" 404 7839 "-" "Mozilla/5.0 (Windows NT 6.1; WOW64; rv:40.0) Gecko/20100101 Firefox/40.1"
103.242.120.119 - - [25/Apr/2018:08:52:56 -0400] "GET / HTTP/1.1" 200 8218 "-" "Mozilla/5.0 (Windows NT 6.1; WOW64; rv:40.0) Gecko/20100101 Firefox/40.1"
69.162.124.227 - - [25/Apr/2018:08:54:42 -0400] "HEAD / HTTP/1.1" 200 3874 "http://nspw.org/" "Mozilla/5.0+(compatible; UptimeRobot/2.0; http://www.uptimerobot.com/)"
66.249.73.87 - - [25/Apr/2018:08:55:48 -0400] "GET /papers/1994/ HTTP/1.1" 403 3939 "-" "Mozilla/5.0 (compatible; Googlebot/2.1; +http://www.google.com/bot.html)"
66.249.73.89 - - [25/Apr/2018:08:55:50 -0400] "GET /2007/submission.shtml HTTP/1.1" 200 5396 "-" "Mozilla/5.0 (compatible; Googlebot/2.1; +http://www.google.com/bot.html)"
66.249.73.91 - - [25/Apr/2018:08:58:45 -0400] "GET / HTTP/1.1" 200 6609 "-" "Mozilla/5.0 (compatible; Googlebot/2.1; +http://www.google.com/bot.html)"
69.162.124.227 - - [25/Apr/2018:08:59:42 -0400] "HEAD / HTTP/1.1" 200 3874 "http://nspw.org/" "Mozilla/5.0+(compatible; UptimeRobot/2.0; http://www.uptimerobot.com/)"
66.249.73.87 - - [25/Apr/2018:08:59:53 -0400] "GET /papers/2012/docs/organization.pdf HTTP/1.1" 200 93801 "-" "Mozilla/5.0 (compatible; Googlebot/2.1; +http://www.google.com/bot.html)"
66.249.73.87 - - [25/Apr/2018:08:59:54 -0400] "GET /2005/tmp/ HTTP/1.1" 403 542 "-" "Mozilla/5.0 (compatible; Googlebot/2.1; +http://www.google.com/bot.html)"
207.46.13.45 - - [25/Apr/2018:09:01:44 -0400] "GET /robots.txt HTTP/1.1" 200 4623 "-" "Mozilla/5.0 (compatible; bingbot/2.0; +http://www.bing.com/bingbot.htm)"
157.55.39.228 - - [25/Apr/2018:09:01:16 -0400] "GET /papers/2003/nspw2003-flechais.pdf HTTP/1.1" 200 905137 "-" "Mozilla/5.0 (compatible; bingbot/2.0; +http://www.bing.com/bingbot.htm)"
104.238.32.166 - - [25/Apr/2018:09:03:13 -0400] "GET /wp-login.php HTTP/1.1" 404 7839 "-" "Mozilla/5.0 (Windows NT 6.1; WOW64; rv:40.0) Gecko/20100101 Firefox/40.1"
69.162.124.227 - - [25/Apr/2018:09:04:42 -0400] "HEAD / HTTP/1.1" 200 3874 "http://nspw.org/" "Mozilla/5.0+(compatible; UptimeRobot/2.0; http://www.uptimerobot.com/)"
66.249.73.89 - - [25/Apr/2018:09:05:05 -0400] "GET /2005/cfp/cfp.txt HTTP/1.1" 200 6115 "-" "Mozilla/5.0 (compatible; Googlebot/2.1; +http://www.google.com/bot.html)"
66.249.73.89 - - [25/Apr/2018:09:05:05 -0400] "GET /2006/program.content HTTP/1.1" 200 10588 "-" "Mozilla/5.0 (compatible; Googlebot/2.1; +http://www.google.com/bot.html)"
82.35.81.229 - - [25/Apr/2018:09:05:06 -0400] "GET /papers/2013/nspw2013-somayaji.pdf HTTP/1.1" 200 373404 "-" "Mozilla/5.0 (iPad; CPU OS 11_3 like Mac OS X) AppleWebKit/605.1.15 (KHTML, like Gecko) Version/11.0 Mobile/15E148 Safari/604.1"
82.35.81.229 - - [25/Apr/2018:09:05:08 -0400] "GET /apple-touch-icon-152x152-precomposed.png HTTP/1.1" 404 3943 "-" "MobileSafari/604.1 CFNetwork/897.15 Darwin/17.5.0"
82.35.81.229 - - [25/Apr/2018:09:05:08 -0400] "GET /apple-touch-icon-152x152.png HTTP/1.1" 404 717 "-" "MobileSafari/604.1 CFNetwork/897.15 Darwin/17.5.0"
82.35.81.229 - - [25/Apr/2018:09:05:08 -0400] "GET /apple-touch-icon-precomposed.png HTTP/1.1" 404 721 "-" "MobileSafari/604.1 CFNetwork/897.15 Darwin/17.5.0"
82.35.81.229 - - [25/Apr/2018:09:05:08 -0400] "GET /apple-touch-icon.png HTTP/1.1" 404 709 "-" "MobileSafari/604.1 CFNetwork/897.15 Darwin/17.5.0"
82.35.81.229 - - [25/Apr/2018:09:05:08 -0400] "GET /favicon.ico HTTP/1.1" 404 700 "-" "MobileSafari/604.1 CFNetwork/897.15 Darwin/17.5.0"
82.35.81.229 - - [25/Apr/2018:09:05:09 -0400] "GET /apple-touch-icon-152x152-precomposed.png HTTP/1.1" 404 729 "-" "MobileSafari/604.1 CFNetwork/897.15 Darwin/17.5.0"
82.35.81.229 - - [25/Apr/2018:09:05:09 -0400] "GET /apple-touch-icon-152x152.png HTTP/1.1" 404 717 "-" "MobileSafari/604.1 CFNetwork/897.15 Darwin/17.5.0"
82.35.81.229 - - [25/Apr/2018:09:05:09 -0400] "GET /apple-touch-icon-precomposed.png HTTP/1.1" 404 721 "-" "MobileSafari/604.1 CFNetwork/897.15 Darwin/17.5.0"
82.35.81.229 - - [25/Apr/2018:09:05:09 -0400] "GET /apple-touch-icon.png HTTP/1.1" 404 709 "-" "MobileSafari/604.1 CFNetwork/897.15 Darwin/17.5.0"
82.35.81.229 - - [25/Apr/2018:09:05:09 -0400] "GET /favicon.ico HTTP/1.1" 404 700 "-" "MobileSafari/604.1 CFNetwork/897.15 Darwin/17.5.0"
77.88.47.40 - - [25/Apr/2018:09:06:25 -0400] "GET /robots.txt HTTP/1.1" 200 5979 "-" "Mozilla/5.0 (compatible; YandexBot/3.0; +http://yandex.com/bots)"
5.255.250.67 - - [25/Apr/2018:09:06:29 -0400] "GET / HTTP/1.1" 200 6633 "-" "Mozilla/5.0 (compatible; YandexBot/3.0; +http://yandex.com/bots)"
119.86.38.144 - - [25/Apr/2018:09:07:05 -0400] "GET /wp-login.php HTTP/1.1" 404 7985 "-" "Mozilla/5.0 (Windows NT 6.1; WOW64; rv:40.0) Gecko/20100101 Firefox/40.1"
119.86.38.144 - - [25/Apr/2018:09:07:06 -0400] "GET / HTTP/1.1" 200 8206 "-" "Mozilla/5.0 (Windows NT 6.1; WOW64; rv:40.0) Gecko/20100101 Firefox/40.1"
218.30.103.143 - - [25/Apr/2018:09:07:08 -0400] "GET / HTTP/1.0" 400 0 "-" "-"
218.30.103.143 - - [25/Apr/2018:09:07:09 -0400] "GET /papers/2008/nspw2008-laurie.pdf HTTP/1.1" 200 424230 "-" "Sogou web spider/4.0(+http://www.sogou.com/docs/help/webmasters.htm#07)"
69.162.124.227 - - [25/Apr/2018:09:09:42 -0400] "HEAD / HTTP/1.1" 200 3874 "http://nspw.org/" "Mozilla/5.0+(compatible; UptimeRobot/2.0; http://www.uptimerobot.com/)"
66.249.65.106 - - [25/Apr/2018:09:10:12 -0400] "GET /robots.txt HTTP/1.1" 200 4504 "-" "Mozilla/5.0 (compatible; Googlebot/2.1; +http://www.google.com/bot.html)"
66.249.65.106 - - [25/Apr/2018:09:10:12 -0400] "GET / HTTP/1.1" 200 3211 "-" "Mozilla/5.0 (compatible; Googlebot/2.1; +http://www.google.com/bot.html)"
66.249.65.108 - - [25/Apr/2018:09:10:16 -0400] "GET /modules/field/theme/field.css?p7kfx6 HTTP/1.1" 200 3993 "https://nspw.org/" "Mozilla/5.0 (compatible; Googlebot/2.1; +http://www.google.com/bot.html)"
66.249.65.106 - - [25/Apr/2018:09:10:16 -0400] "GET /modules/node/node.css?p7kfx6 HTTP/1.1" 200 472 "https://nspw.org/" "Mozilla/5.0 (compatible; Googlebot/2.1; +http://www.google.com/bot.html)"
66.249.65.104 - - [25/Apr/2018:09:10:17 -0400] "GET /themes/garland/print.css?p7kfx6 HTTP/1.1" 200 4165 "https://nspw.org/" "Mozilla/5.0 (compatible; Googlebot/2.1; +http://www.google.com/bot.html)"
66.249.65.104 - - [25/Apr/2018:09:10:17 -0400] "GET /misc/drupal.js?p7kfx6 HTTP/1.1" 200 7372 "https://nspw.org/" "Mozilla/5.0 (compatible; Googlebot/2.1; +http://www.google.com/bot.html)"
66.249.65.106 - - [25/Apr/2018:09:10:17 -0400] "GET /modules/user/user.css?p7kfx6 HTTP/1.1" 200 1062 "https://nspw.org/" "Mozilla/5.0 (compatible; Googlebot/2.1; +http://www.google.com/bot.html)"
66.249.65.106 - - [25/Apr/2018:09:10:18 -0400] "GET /modules/system/system.base.css?p7kfx6 HTTP/1.1" 200 2307 "https://nspw.org/" "Mozilla/5.0 (compatible; Googlebot/2.1; +http://www.google.com/bot.html)"
66.249.65.104 - - [25/Apr/2018:09:10:18 -0400] "GET /modules/system/system.theme.css?p7kfx6 HTTP/1.1" 200 1585 "https://nspw.org/" "Mozilla/5.0 (compatible; Googlebot/2.1; +http://www.google.com/bot.html)"
66.249.65.106 - - [25/Apr/2018:09:10:19 -0400] "GET /misc/jquery.js?v=1.4.4 HTTP/1.1" 200 27601 "https://nspw.org/" "Mozilla/5.0 (compatible; Googlebot/2.1; +http://www.google.com/bot.html)"
66.249.65.106 - - [25/Apr/2018:09:10:19 -0400] "GET /modules/comment/comment.css?p7kfx6 HTTP/1.1" 200 505 "https://nspw.org/" "Mozilla/5.0 (compatible; Googlebot/2.1; +http://www.google.com/bot.html)"
66.249.65.104 - - [25/Apr/2018:09:10:20 -0400] "GET /modules/system/system.messages.css?p7kfx6 HTTP/1.1" 200 746 "https://nspw.org/" "Mozilla/5.0 (compatible; Googlebot/2.1; +http://www.google.com/bot.html)"
66.249.65.104 - - [25/Apr/2018:09:10:20 -0400] "GET /themes/garland/style.css?p7kfx6 HTTP/1.1" 200 5370 "https://nspw.org/" "Mozilla/5.0 (compatible; Googlebot/2.1; +http://www.google.com/bot.html)"
66.249.65.104 - - [25/Apr/2018:09:10:21 -0400] "GET /misc/jquery.once.js?v=1.2 HTTP/1.1" 200 1445 "https://nspw.org/" "Mozilla/5.0 (compatible; Googlebot/2.1; +http://www.google.com/bot.html)"
66.249.65.104 - - [25/Apr/2018:09:10:21 -0400] "GET /modules/system/system.menus.css?p7kfx6 HTTP/1.1" 200 1025 "https://nspw.org/" "Mozilla/5.0 (compatible; Googlebot/2.1; +http://www.google.com/bot.html)"
66.249.65.104 - - [25/Apr/2018:09:10:37 -0400] "GET /2018/dates HTTP/1.1" 200 6268 "-" "Mozilla/5.0 (compatible; Googlebot/2.1; +http://www.google.com/bot.html)"
66.249.73.89 - - [25/Apr/2018:09:10:39 -0400] "GET /2007/index.shtml HTTP/1.1" 200 5435 "-" "Mozilla/5.0 (compatible; Googlebot/2.1; +http://www.google.com/bot.html)"
66.249.65.104 - - [25/Apr/2018:09:10:50 -0400] "GET /2018 HTTP/1.1" 200 6905 "-" "Mozilla/5.0 (compatible; Googlebot/2.1; +http://www.google.com/bot.html)"
66.249.65.104 - - [25/Apr/2018:09:11:04 -0400] "GET /past HTTP/1.1" 200 6387 "-" "Mozilla/5.0 (compatible; Googlebot/2.1; +http://www.google.com/bot.html)"
66.249.65.106 - - [25/Apr/2018:09:11:18 -0400] "GET /login HTTP/1.1" 200 6266 "-" "Mozilla/5.0 (compatible; Googlebot/2.1; +http://www.google.com/bot.html)"
66.249.65.104 - - [25/Apr/2018:09:11:22 -0400] "GET /modules/system/system.menus.css?p7kfx6 HTTP/1.1" 200 4419 "https://nspw.org/login" "Mozilla/5.0 (compatible; Googlebot/2.1; +http://www.google.com/bot.html)"
66.249.65.104 - - [25/Apr/2018:09:11:22 -0400] "GET /misc/jquery.js?v=1.4.4 HTTP/1.1" 200 27601 "https://nspw.org/login" "Mozilla/5.0 (compatible; Googlebot/2.1; +http://www.google.com/bot.html)"
66.249.65.104 - - [25/Apr/2018:09:11:23 -0400] "GET /misc/drupal.js?p7kfx6 HTTP/1.1" 200 7372 "https://nspw.org/login" "Mozilla/5.0 (compatible; Googlebot/2.1; +http://www.google.com/bot.html)"
66.249.65.104 - - [25/Apr/2018:09:11:23 -0400] "GET /themes/garland/style.css?p7kfx6 HTTP/1.1" 200 5370 "https://nspw.org/login" "Mozilla/5.0 (compatible; Googlebot/2.1; +http://www.google.com/bot.html)"
66.249.65.104 - - [25/Apr/2018:09:11:24 -0400] "GET /modules/system/system.theme.css?p7kfx6 HTTP/1.1" 200 1585 "https://nspw.org/login" "Mozilla/5.0 (compatible; Googlebot/2.1; +http://www.google.com/bot.html)"
66.249.65.104 - - [25/Apr/2018:09:11:24 -0400] "GET /modules/field/theme/field.css?p7kfx6 HTTP/1.1" 200 599 "https://nspw.org/login" "Mozilla/5.0 (compatible; Googlebot/2.1; +http://www.google.com/bot.html)"
66.249.65.104 - - [25/Apr/2018:09:11:25 -0400] "GET /modules/comment/comment.css?p7kfx6 HTTP/1.1" 200 505 "https://nspw.org/login" "Mozilla/5.0 (compatible; Googlebot/2.1; +http://www.google.com/bot.html)"
66.249.65.104 - - [25/Apr/2018:09:11:25 -0400] "GET /themes/garland/print.css?p7kfx6 HTTP/1.1" 200 771 "https://nspw.org/login" "Mozilla/5.0 (compatible; Googlebot/2.1; +http://www.google.com/bot.html)"
66.249.65.104 - - [25/Apr/2018:09:11:26 -0400] "GET /modules/system/system.base.css?p7kfx6 HTTP/1.1" 200 2307 "https://nspw.org/login" "Mozilla/5.0 (compatible; Googlebot/2.1; +http://www.google.com/bot.html)"
66.249.65.104 - - [25/Apr/2018:09:11:26 -0400] "GET /modules/user/user.css?p7kfx6 HTTP/1.1" 200 1062 "https://nspw.org/login" "Mozilla/5.0 (compatible; Googlebot/2.1; +http://www.google.com/bot.html)"
