95.216.19.59 - - [25/Apr/2018:12:32:25 -0400] "GET /2009/proceedings/2012/ HTTP/1.1" 200 6272 "-" "Mozilla/5.0 (compatible; MJ12bot/v1.4.8; http://mj12bot.com/)"
95.216.19.59 - - [25/Apr/2018:12:32:46 -0400] "GET /2009/proceedings/2012/forms/index.htm HTTP/1.1" 200 6272 "-" "Mozilla/5.0 (compatible; MJ12bot/v1.4.8; http://mj12bot.com/)"
95.216.19.59 - - [25/Apr/2018:12:33:08 -0400] "GET /2009/submission.content HTTP/1.1" 200 4350 "-" "Mozilla/5.0 (compatible; MJ12bot/v1.4.8; http://mj12bot.com/)"
95.216.19.59 - - [25/Apr/2018:12:33:30 -0400] "GET /2010/ HTTP/1.1" 200 6887 "-" "Mozilla/5.0 (compatible; MJ12bot/v1.4.8; http://mj12bot.com/)"
95.216.19.59 - - [25/Apr/2018:12:33:52 -0400] "GET /2010/cfp HTTP/1.1" 200 8274 "-" "Mozilla/5.0 (compatible; MJ12bot/v1.4.8; http://mj12bot.com/)"
95.216.19.59 - - [25/Apr/2018:12:34:14 -0400] "GET /2010/dates HTTP/1.1" 200 6639 "-" "Mozilla/5.0 (compatible; MJ12bot/v1.4.8; http://mj12bot.com/)"
95.216.19.59 - - [25/Apr/2018:12:34:36 -0400] "GET /2010/local HTTP/1.1" 200 9839 "-" "Mozilla/5.0 (compatible; MJ12bot/v1.4.8; http://mj12bot.com/)"
66.249.73.89 - - [25/Apr/2018:12:34:40 -0400] "GET /2005/cfp/latex/?C=D;O=A HTTP/1.1" 403 3942 "-" "Mozilla/5.0 (compatible; Googlebot/2.1; +http://www.google.com/bot.html)"
69.162.124.227 - - [25/Apr/2018:12:34:41 -0400] "HEAD / HTTP/1.1" 200 3874 "http://nspw.org/" "Mozilla/5.0+(compatible; UptimeRobot/2.0; http://www.uptimerobot.com/)"
95.216.19.59 - - [25/Apr/2018:12:34:58 -0400] "GET /2010/submissions HTTP/1.1" 200 6865 "-" "Mozilla/5.0 (compatible; MJ12bot/v1.4.8; http://mj12bot.com/)"
95.216.19.59 - - [25/Apr/2018:12:35:20 -0400] "GET /2011/dates HTTP/1.1" 200 6463 "-" "Mozilla/5.0 (compatible; MJ12bot/v1.4.8; http://mj12bot.com/)"
95.216.19.59 - - [25/Apr/2018:12:35:42 -0400] "GET /2011/local HTTP/1.1" 200 8216 "-" "Mozilla/5.0 (compatible; MJ12bot/v1.4.8; http://mj12bot.com/)"
95.216.19.59 - - [25/Apr/2018:12:36:04 -0400] "GET /2011/sponsors HTTP/1.1" 200 6421 "-" "Mozilla/5.0 (compatible; MJ12bot/v1.4.8; http://mj12bot.com/)"
221.196.23.188 - - [25/Apr/2018:12:36:07 -0400] "GET / HTTP/1.1" 200 6634 "-" "Mozilla/5.0 (Windows NT 6.1; Win64; x64) AppleWebKit/537.36 (KHTML, like Gecko) Chrome/63.0.3239.132 Safari/537.36"
95.216.19.59 - - [25/Apr/2018:12:36:25 -0400] "GET /2012/cfp HTTP/1.1" 200 7747 "-" "Mozilla/5.0 (compatible; MJ12bot/v1.4.8; http://mj12bot.com/)"
49.205.221.42 - - [25/Apr/2018:12:36:42 -0400] "GET /wp-login.php HTTP/1.1" 404 7985 "-" "Mozilla/5.0 (Windows NT 6.1; WOW64; rv:40.0) Gecko/20100101 Firefox/40.1"
49.205.221.42 - - [25/Apr/2018:12:36:43 -0400] "GET / HTTP/1.1" 200 8206 "-" "Mozilla/5.0 (Windows NT 6.1; WOW64; rv:40.0) Gecko/20100101 Firefox/40.1"
150.249.214.251 - - [25/Apr/2018:12:36:46 -0400] "GET / HTTP/1.1" 200 6841 "-" "Mozilla/5.0 (Windows NT 6.3; WOW64; Trident/7.0; rv:11.0) like Gecko"
95.216.19.59 - - [25/Apr/2018:12:36:47 -0400] "GET /2012/dates HTTP/1.1" 200 6531 "-" "Mozilla/5.0 (compatible; MJ12bot/v1.4.8; http://mj12bot.com/)"
39.32.1.27 - - [25/Apr/2018:12:36:50 -0400] "GET /wp-login.php HTTP/1.1" 404 7484 "-" "Mozilla/5.0 (Windows NT 6.1; WOW64; rv:40.0) Gecko/20100101 Firefox/40.1"
39.32.1.27 - - [25/Apr/2018:12:36:50 -0400] "GET / HTTP/1.1" 200 8218 "-" "Mozilla/5.0 (Windows NT 6.1; WOW64; rv:40.0) Gecko/20100101 Firefox/40.1"
95.216.19.59 - - [25/Apr/2018:12:37:09 -0400] "GET /2012/local HTTP/1.1" 200 6571 "-" "Mozilla/5.0 (compatible; MJ12bot/v1.4.8; http://mj12bot.com/)"
95.216.19.59 - - [25/Apr/2018:12:37:31 -0400] "GET /2013/dates HTTP/1.1" 200 6524 "-" "Mozilla/5.0 (compatible; MJ12bot/v1.4.8; http://mj12bot.com/)"
95.216.19.59 - - [25/Apr/2018:12:37:52 -0400] "GET /2013/local HTTP/1.1" 200 9134 "-" "Mozilla/5.0 (compatible; MJ12bot/v1.4.8; http://mj12bot.com/)"
95.216.19.59 - - [25/Apr/2018:12:38:14 -0400] "GET /2014/ HTTP/1.1" 200 6640 "-" "Mozilla/5.0 (compatible; MJ12bot/v1.4.8; http://mj12bot.com/)"
95.216.19.59 - - [25/Apr/2018:12:38:36 -0400] "GET /2014/cfp HTTP/1.1" 200 8229 "-" "Mozilla/5.0 (compatible; MJ12bot/v1.4.8; http://mj12bot.com/)"
95.216.19.59 - - [25/Apr/2018:12:38:58 -0400] "GET /2014/dates HTTP/1.1" 200 6497 "-" "Mozilla/5.0 (compatible; MJ12bot/v1.4.8; http://mj12bot.com/)"
178.220.160.240 - - [25/Apr/2018:12:39:17 -0400] "GET /wp-login.php HTTP/1.1" 404 7839 "-" "Mozilla/5.0 (Windows NT 6.1; WOW64; rv:40.0) Gecko/20100101 Firefox/40.1"
178.220.160.240 - - [25/Apr/2018:12:39:18 -0400] "GET / HTTP/1.1" 200 8218 "-" "Mozilla/5.0 (Windows NT 6.1; WOW64; rv:40.0) Gecko/20100101 Firefox/40.1"
95.216.19.59 - - [25/Apr/2018:12:39:19 -0400] "GET /2014/local HTTP/1.1" 200 7440 "-" "Mozilla/5.0 (compatible; MJ12bot/v1.4.8; http://mj12bot.com/)"
66.249.73.89 - - [25/Apr/2018:12:39:36 -0400] "GET /2009/cfp2009.pdf HTTP/1.1" 200 61580 "-" "Mozilla/5.0 (compatible; Googlebot/2.1; +http://www.google.com/bot.html)"
69.162.124.227 - - [25/Apr/2018:12:39:41 -0400] "HEAD / HTTP/1.1" 200 3874 "http://nspw.org/" "Mozilla/5.0+(compatible; UptimeRobot/2.0; http://www.uptimerobot.com/)"
95.216.19.59 - - [25/Apr/2018:12:39:41 -0400] "GET /2014/program HTTP/1.1" 200 7839 "-" "Mozilla/5.0 (compatible; MJ12bot/v1.4.8; http://mj12bot.com/)"
190.251.242.230 - - [25/Apr/2018:12:40:00 -0400] "GET /wp-login.php HTTP/1.1" 404 7985 "-" "Mozilla/5.0 (Windows NT 6.1; WOW64; rv:40.0) Gecko/20100101 Firefox/40.1"
190.251.242.230 - - [25/Apr/2018:12:40:00 -0400] "GET / HTTP/1.1" 200 8206 "-" "Mozilla/5.0 (Windows NT 6.1; WOW64; rv:40.0) Gecko/20100101 Firefox/40.1"
95.216.19.59 - - [25/Apr/2018:12:40:03 -0400] "GET /2014/sponsors HTTP/1.1" 200 6295 "-" "Mozilla/5.0 (compatible; MJ12bot/v1.4.8; http://mj12bot.com/)"
95.216.19.59 - - [25/Apr/2018:12:40:25 -0400] "GET /2015/dates HTTP/1.1" 200 6365 "-" "Mozilla/5.0 (compatible; MJ12bot/v1.4.8; http://mj12bot.com/)"
95.216.19.59 - - [25/Apr/2018:12:40:46 -0400] "GET /2015/location HTTP/1.1" 200 7221 "-" "Mozilla/5.0 (compatible; MJ12bot/v1.4.8; http://mj12bot.com/)"
95.216.19.59 - - [25/Apr/2018:12:41:08 -0400] "GET /2015/sponsors HTTP/1.1" 200 6261 "-" "Mozilla/5.0 (compatible; MJ12bot/v1.4.8; http://mj12bot.com/)"
95.216.19.59 - - [25/Apr/2018:12:41:30 -0400] "GET /2016/ HTTP/1.1" 200 6909 "-" "Mozilla/5.0 (compatible; MJ12bot/v1.4.8; http://mj12bot.com/)"
187.75.221.59 - - [25/Apr/2018:12:41:37 -0400] "GET /favicon.ico HTTP/1.1" 404 4093 "https://www.nspw.org/papers/1999/nspw1999-henning.pdf" "Mozilla/5.0 (Windows NT 10.0; Win64; x64) AppleWebKit/537.36 (KHTML, like Gecko) Chrome/65.0.3325.181 Safari/537.36"
187.75.221.59 - - [25/Apr/2018:12:41:36 -0400] "GET /papers/1999/nspw1999-henning.pdf HTTP/1.1" 200 666601 "https://www.google.com.br/" "Mozilla/5.0 (Windows NT 10.0; Win64; x64) AppleWebKit/537.36 (KHTML, like Gecko) Chrome/65.0.3325.181 Safari/537.36"
95.216.19.59 - - [25/Apr/2018:12:41:52 -0400] "GET /2016/cfp HTTP/1.1" 200 8506 "-" "Mozilla/5.0 (compatible; MJ12bot/v1.4.8; http://mj12bot.com/)"
95.216.19.59 - - [25/Apr/2018:12:42:13 -0400] "GET /2016/dates HTTP/1.1" 200 6327 "-" "Mozilla/5.0 (compatible; MJ12bot/v1.4.8; http://mj12bot.com/)"
95.216.19.59 - - [25/Apr/2018:12:42:35 -0400] "GET /2016/location HTTP/1.1" 200 7616 "-" "Mozilla/5.0 (compatible; MJ12bot/v1.4.8; http://mj12bot.com/)"
95.216.19.59 - - [25/Apr/2018:12:42:57 -0400] "GET /2016/sponsors HTTP/1.1" 200 6249 "-" "Mozilla/5.0 (compatible; MJ12bot/v1.4.8; http://mj12bot.com/)"
95.216.19.59 - - [25/Apr/2018:12:43:19 -0400] "GET /2017/ HTTP/1.1" 200 6996 "-" "Mozilla/5.0 (compatible; MJ12bot/v1.4.8; http://mj12bot.com/)"
95.216.19.59 - - [25/Apr/2018:12:43:41 -0400] "GET /2017/dates HTTP/1.1" 200 6386 "-" "Mozilla/5.0 (compatible; MJ12bot/v1.4.8; http://mj12bot.com/)"
37.211.27.150 - - [25/Apr/2018:12:43:42 -0400] "GET /wp-login.php HTTP/1.1" 404 7839 "-" "Mozilla/5.0 (Windows NT 6.1; WOW64; rv:40.0) Gecko/20100101 Firefox/40.1"
37.211.27.150 - - [25/Apr/2018:12:43:42 -0400] "GET / HTTP/1.1" 200 8218 "-" "Mozilla/5.0 (Windows NT 6.1; WOW64; rv:40.0) Gecko/20100101 Firefox/40.1"
209.232.147.221 - - [25/Apr/2018:12:43:55 -0400] "GET /wp-login.php HTTP/1.1" 404 7985 "-" "Mozilla/5.0 (Windows NT 6.1; WOW64; rv:40.0) Gecko/20100101 Firefox/40.1"
209.232.147.221 - - [25/Apr/2018:12:43:55 -0400] "GET / HTTP/1.1" 200 8206 "-" "Mozilla/5.0 (Windows NT 6.1; WOW64; rv:40.0) Gecko/20100101 Firefox/40.1"
95.216.19.59 - - [25/Apr/2018:12:44:02 -0400] "GET /2017/location HTTP/1.1" 200 6088 "-" "Mozilla/5.0 (compatible; MJ12bot/v1.4.8; http://mj12bot.com/)"
180.97.106.164 - - [25/Apr/2018:12:44:14 -0400] "GET / HTTP/1.0" 400 0 "-" "-"
95.216.19.59 - - [25/Apr/2018:12:44:24 -0400] "GET /2018 HTTP/1.1" 200 6850 "-" "Mozilla/5.0 (compatible; MJ12bot/v1.4.8; http://mj12bot.com/)"
66.249.73.91 - - [25/Apr/2018:12:44:32 -0400] "GET /2011 HTTP/1.1" 200 6923 "-" "Mozilla/5.0 (compatible; Googlebot/2.1; +http://www.google.com/bot.html)"
66.249.73.91 - - [25/Apr/2018:12:44:33 -0400] "GET /modules/system/system.base.css?p7kfx6 HTTP/1.1" 200 2307 "https://www.nspw.org/2011" "Mozilla/5.0 (compatible; Googlebot/2.1; +http://www.google.com/bot.html)"
66.249.73.91 - - [25/Apr/2018:12:44:34 -0400] "GET /themes/garland/print.css?p7kfx6 HTTP/1.1" 200 771 "https://www.nspw.org/2011" "Mozilla/5.0 (compatible; Googlebot/2.1; +http://www.google.com/bot.html)"
66.249.73.87 - - [25/Apr/2018:12:44:34 -0400] "GET /modules/system/system.theme.css?p7kfx6 HTTP/1.1" 200 4979 "https://www.nspw.org/2011" "Mozilla/5.0 (compatible; Googlebot/2.1; +http://www.google.com/bot.html)"
66.249.73.89 - - [25/Apr/2018:12:44:35 -0400] "GET /modules/field/theme/field.css?p7kfx6 HTTP/1.1" 200 3993 "https://www.nspw.org/2011" "Mozilla/5.0 (compatible; Googlebot/2.1; +http://www.google.com/bot.html)"
66.249.73.87 - - [25/Apr/2018:12:44:35 -0400] "GET /modules/comment/comment.css?p7kfx6 HTTP/1.1" 200 505 "https://www.nspw.org/2011" "Mozilla/5.0 (compatible; Googlebot/2.1; +http://www.google.com/bot.html)"
217.209.150.94 - - [25/Apr/2018:12:44:36 -0400] "GET /wp-login.php HTTP/1.1" 404 7491 "-" "Mozilla/5.0 (Windows NT 6.1; WOW64; rv:40.0) Gecko/20100101 Firefox/40.1"
66.249.73.89 - - [25/Apr/2018:12:44:36 -0400] "GET /modules/node/node.css?p7kfx6 HTTP/1.1" 200 472 "https://www.nspw.org/2011" "Mozilla/5.0 (compatible; Googlebot/2.1; +http://www.google.com/bot.html)"
217.209.150.94 - - [25/Apr/2018:12:44:36 -0400] "GET / HTTP/1.1" 200 8218 "-" "Mozilla/5.0 (Windows NT 6.1; WOW64; rv:40.0) Gecko/20100101 Firefox/40.1"
66.249.73.87 - - [25/Apr/2018:12:44:36 -0400] "GET /modules/user/user.css?p7kfx6 HTTP/1.1" 200 1062 "https://www.nspw.org/2011" "Mozilla/5.0 (compatible; Googlebot/2.1; +http://www.google.com/bot.html)"
66.249.73.89 - - [25/Apr/2018:12:44:37 -0400] "GET /modules/system/system.menus.css?p7kfx6 HTTP/1.1" 200 1025 "https://www.nspw.org/2011" "Mozilla/5.0 (compatible; Googlebot/2.1; +http://www.google.com/bot.html)"
66.249.73.89 - - [25/Apr/2018:12:44:37 -0400] "GET /modules/system/system.messages.css?p7kfx6 HTTP/1.1" 200 746 "https://www.nspw.org/2011" "Mozilla/5.0 (compatible; Googlebot/2.1; +http://www.google.com/bot.html)"
66.249.73.87 - - [25/Apr/2018:12:44:38 -0400] "GET /themes/garland/style.css?p7kfx6 HTTP/1.1" 200 5370 "https://www.nspw.org/2011" "Mozilla/5.0 (compatible; Googlebot/2.1; +http://www.google.com/bot.html)"
69.162.124.227 - - [25/Apr/2018:12:44:41 -0400] "HEAD / HTTP/1.1" 200 3874 "http://nspw.org/" "Mozilla/5.0+(compatible; UptimeRobot/2.0; http://www.uptimerobot.com/)"
95.216.19.59 - - [25/Apr/2018:12:44:46 -0400] "GET /2018/cfp HTTP/1.1" 200 8095 "-" "Mozilla/5.0 (compatible; MJ12bot/v1.4.8; http://mj12bot.com/)"
78.168.87.28 - - [25/Apr/2018:12:45:07 -0400] "GET /wp-login.php HTTP/1.1" 404 7839 "-" "Mozilla/5.0 (Windows NT 6.1; WOW64; rv:40.0) Gecko/20100101 Firefox/40.1"
95.216.19.59 - - [25/Apr/2018:12:45:07 -0400] "GET /2018/dates HTTP/1.1" 200 6213 "-" "Mozilla/5.0 (compatible; MJ12bot/v1.4.8; http://mj12bot.com/)"
78.168.87.28 - - [25/Apr/2018:12:45:10 -0400] "GET / HTTP/1.1" 200 8218 "-" "Mozilla/5.0 (Windows NT 6.1; WOW64; rv:40.0) Gecko/20100101 Firefox/40.1"
207.46.13.239 - - [25/Apr/2018:12:44:40 -0400] "GET /2009/proceedings/1993/nspw1993-lin.pdf HTTP/1.1" 200 1019039 "-" "Mozilla/5.0 (compatible; bingbot/2.0; +http://www.bing.com/bingbot.htm)"
95.216.19.59 - - [25/Apr/2018:12:45:29 -0400] "GET /?-ezp-4.html/ HTTP/1.1" 200 6551 "-" "Mozilla/5.0 (compatible; MJ12bot/v1.4.8; http://mj12bot.com/)"
95.216.19.59 - - [25/Apr/2018:12:45:51 -0400] "GET /introduction HTTP/1.1" 200 6552 "-" "Mozilla/5.0 (compatible; MJ12bot/v1.4.8; http://mj12bot.com/)"
95.216.19.59 - - [25/Apr/2018:12:46:13 -0400] "GET /node/5 HTTP/1.1" 200 6333 "-" "Mozilla/5.0 (compatible; MJ12bot/v1.4.8; http://mj12bot.com/)"
216.244.66.236 - - [25/Apr/2018:12:46:32 -0400] "GET /robots.txt HTTP/1.1" 200 5796 "-" "Mozilla/5.0 (compatible; DotBot/1.1; http://www.opensiteexplorer.org/dotbot, help@moz.com)"
95.216.19.59 - - [25/Apr/2018:12:46:35 -0400] "GET /papers/2012/ HTTP/1.1" 200 6272 "-" "Mozilla/5.0 (compatible; MJ12bot/v1.4.8; http://mj12bot.com/)"
95.216.19.59 - - [25/Apr/2018:12:46:56 -0400] "GET /papers/2012/forms/index.htm HTTP/1.1" 200 6272 "-" "Mozilla/5.0 (compatible; MJ12bot/v1.4.8; http://mj12bot.com/)"
95.216.19.59 - - [25/Apr/2018:12:47:18 -0400] "GET /past HTTP/1.1" 200 6330 "-" "Mozilla/5.0 (compatible; MJ12bot/v1.4.8; http://mj12bot.com/)"
95.216.19.59 - - [25/Apr/2018:12:47:40 -0400] "GET /proceedings HTTP/1.1" 200 6287 "-" "Mozilla/5.0 (compatible; MJ12bot/v1.4.8; http://mj12bot.com/)"
95.216.10.16 - - [25/Apr/2018:12:47:51 -0400] "GET /robots.txt HTTP/1.1" 200 5950 "-" "Mozilla/5.0 (compatible; MJ12bot/v1.4.8; http://mj12bot.com/)"
95.216.19.59 - - [25/Apr/2018:12:48:02 -0400] "GET /registration HTTP/1.1" 200 6655 "-" "Mozilla/5.0 (compatible; MJ12bot/v1.4.8; http://mj12bot.com/)"
95.216.10.16 - - [25/Apr/2018:12:48:02 -0400] "GET /2002/cfp.shtml HTTP/1.1" 200 9902 "-" "Mozilla/5.0 (compatible; MJ12bot/v1.4.8; http://mj12bot.com/)"
95.216.10.16 - - [25/Apr/2018:12:48:13 -0400] "GET /2002/dates.shtml HTTP/1.1" 200 4821 "-" "Mozilla/5.0 (compatible; MJ12bot/v1.4.8; http://mj12bot.com/)"
95.216.19.59 - - [25/Apr/2018:12:48:24 -0400] "GET /sponsors-2010 HTTP/1.1" 200 6410 "-" "Mozilla/5.0 (compatible; MJ12bot/v1.4.8; http://mj12bot.com/)"
95.216.10.16 - - [25/Apr/2018:12:48:25 -0400] "GET /2002/index.shtml HTTP/1.1" 200 5101 "-" "Mozilla/5.0 (compatible; MJ12bot/v1.4.8; http://mj12bot.com/)"
207.46.13.239 - - [25/Apr/2018:12:48:32 -0400] "GET /2016/program HTTP/1.1" 200 7921 "-" "Mozilla/5.0 (iPhone; CPU iPhone OS 7_0 like Mac OS X) AppleWebKit/537.51.1 (KHTML, like Gecko) Version/7.0 Mobile/11A465 Safari/9537.53 (compatible; bingbot/2.0; +http://www.bing.com/bingbot.htm)"
95.216.10.16 - - [25/Apr/2018:12:48:36 -0400] "GET /2002/local.shtml HTTP/1.1" 200 4696 "-" "Mozilla/5.0 (compatible; MJ12bot/v1.4.8; http://mj12bot.com/)"
95.216.10.16 - - [25/Apr/2018:12:48:47 -0400] "GET /2002/oc.shtml HTTP/1.1" 200 5346 "-" "Mozilla/5.0 (compatible; MJ12bot/v1.4.8; http://mj12bot.com/)"
188.146.106.154 - - [25/Apr/2018:12:48:52 -0400] "GET /wp-login.php HTTP/1.1" 404 7491 "-" "Mozilla/5.0 (Windows NT 6.1; WOW64; rv:40.0) Gecko/20100101 Firefox/40.1"
188.146.106.154 - - [25/Apr/2018:12:48:57 -0400] "GET / HTTP/1.1" 200 8363 "-" "Mozilla/5.0 (Windows NT 6.1; WOW64; rv:40.0) Gecko/20100101 Firefox/40.1"
95.216.10.16 - - [25/Apr/2018:12:48:58 -0400] "GET /2002/papers.shtml HTTP/1.1" 200 5581 "-" "Mozilla/5.0 (compatible; MJ12bot/v1.4.8; http://mj12bot.com/)"
204.102.225.251 - - [25/Apr/2018:12:49:02 -0400] "GET / HTTP/1.1" 200 6623 "https://www.google.com/" "Mozilla/5.0 (Macintosh; Intel Mac OS X 10_13_3) AppleWebKit/537.36 (KHTML, like Gecko) Chrome/65.0.3325.181 Safari/537.36"
204.102.225.251 - - [25/Apr/2018:12:49:02 -0400] "GET /2018 HTTP/1.1" 200 6920 "https://www.google.com/" "Mozilla/5.0 (Macintosh; Intel Mac OS X 10_13_3) AppleWebKit/537.36 (KHTML, like Gecko) Chrome/65.0.3325.181 Safari/537.36"
204.102.225.251 - - [25/Apr/2018:12:49:02 -0400] "GET /modules/system/system.base.css?p7kfx6 HTTP/1.1" 200 2307 "-" "Mozilla/5.0 (Macintosh; Intel Mac OS X 10_13_3) AppleWebKit/537.36 (KHTML, like Gecko) Chrome/65.0.3325.181 Safari/537.36"
204.102.225.251 - - [25/Apr/2018:12:49:02 -0400] "GET /modules/node/node.css?p7kfx6 HTTP/1.1" 200 472 "-" "Mozilla/5.0 (Macintosh; Intel Mac OS X 10_13_3) AppleWebKit/537.36 (KHTML, like Gecko) Chrome/65.0.3325.181 Safari/537.36"
204.102.225.251 - - [25/Apr/2018:12:49:02 -0400] "GET /misc/jquery.once.js?v=1.2 HTTP/1.1" 200 1445 "https://www.nspw.org/2018" "Mozilla/5.0 (Macintosh; Intel Mac OS X 10_13_3) AppleWebKit/537.36 (KHTML, like Gecko) Chrome/65.0.3325.181 Safari/537.36"
204.102.225.251 - - [25/Apr/2018:12:49:02 -0400] "GET /themes/garland/print.css?p7kfx6 HTTP/1.1" 200 928 "-" "Mozilla/5.0 (Macintosh; Intel Mac OS X 10_13_3) AppleWebKit/537.36 (KHTML, like Gecko) Chrome/65.0.3325.181 Safari/537.36"
204.102.225.251 - - [25/Apr/2018:12:49:02 -0400] "GET /modules/user/user.css?p7kfx6 HTTP/1.1" 200 1219 "-" "Mozilla/5.0 (Macintosh; Intel Mac OS X 10_13_3) AppleWebKit/537.36 (KHTML, like Gecko) Chrome/65.0.3325.181 Safari/537.36"
204.102.225.251 - - [25/Apr/2018:12:49:02 -0400] "GET /themes/garland/style.css?p7kfx6 HTTP/1.1" 200 5527 "-" "Mozilla/5.0 (Macintosh; Intel Mac OS X 10_13_3) AppleWebKit/537.36 (KHTML, like Gecko) Chrome/65.0.3325.181 Safari/537.36"
204.102.225.251 - - [25/Apr/2018:12:49:02 -0400] "GET /misc/jquery.js?v=1.4.4 HTTP/1.1" 200 27758 "https://www.nspw.org/2018" "Mozilla/5.0 (Macintosh; Intel Mac OS X 10_13_3) AppleWebKit/537.36 (KHTML, like Gecko) Chrome/65.0.3325.181 Safari/537.36"
204.102.225.251 - - [25/Apr/2018:12:49:02 -0400] "GET /modules/system/system.theme.css?p7kfx6 HTTP/1.1" 200 1585 "-" "Mozilla/5.0 (Macintosh; Intel Mac OS X 10_13_3) AppleWebKit/537.36 (KHTML, like Gecko) Chrome/65.0.3325.181 Safari/537.36"
204.102.225.251 - - [25/Apr/2018:12:49:02 -0400] "GET /modules/comment/comment.css?p7kfx6 HTTP/1.1" 200 505 "-" "Mozilla/5.0 (Macintosh; Intel Mac OS X 10_13_3) AppleWebKit/537.36 (KHTML, like Gecko) Chrome/65.0.3325.181 Safari/537.36"
204.102.225.251 - - [25/Apr/2018:12:49:02 -0400] "GET /modules/system/system.messages.css?p7kfx6 HTTP/1.1" 200 746 "-" "Mozilla/5.0 (Macintosh; Intel Mac OS X 10_13_3) AppleWebKit/537.36 (KHTML, like Gecko) Chrome/65.0.3325.181 Safari/537.36"
204.102.225.251 - - [25/Apr/2018:12:49:02 -0400] "GET /misc/drupal.js?p7kfx6 HTTP/1.1" 200 7372 "https://www.nspw.org/2018" "Mozilla/5.0 (Macintosh; Intel Mac OS X 10_13_3) AppleWebKit/537.36 (KHTML, like Gecko) Chrome/65.0.3325.181 Safari/537.36"
204.102.225.251 - - [25/Apr/2018:12:49:02 -0400] "GET /modules/field/theme/field.css?p7kfx6 HTTP/1.1" 200 599 "-" "Mozilla/5.0 (Macintosh; Intel Mac OS X 10_13_3) AppleWebKit/537.36 (KHTML, like Gecko) Chrome/65.0.3325.181 Safari/537.36"
204.102.225.251 - - [25/Apr/2018:12:49:02 -0400] "GET /sites/default/files/nspw-logo-smaller.jpg HTTP/1.1" 200 2534 "https://www.nspw.org/" "Mozilla/5.0 (Macintosh; Intel Mac OS X 10_13_3) AppleWebKit/537.36 (KHTML, like Gecko) Chrome/65.0.3325.181 Safari/537.36"
204.102.225.251 - - [25/Apr/2018:12:49:02 -0400] "GET /modules/system/system.menus.css?p7kfx6 HTTP/1.1" 200 1025 "-" "Mozilla/5.0 (Macintosh; Intel Mac OS X 10_13_3) AppleWebKit/537.36 (KHTML, like Gecko) Chrome/65.0.3325.181 Safari/537.36"
204.102.225.251 - - [25/Apr/2018:12:49:02 -0400] "GET /themes/garland/images/body.png HTTP/1.1" 200 993 "https://www.nspw.org/themes/garland/style.css?p7kfx6" "Mozilla/5.0 (Macintosh; Intel Mac OS X 10_13_3) AppleWebKit/537.36 (KHTML, like Gecko) Chrome/65.0.3325.181 Safari/537.36"
204.102.225.251 - - [25/Apr/2018:12:49:02 -0400] "GET /themes/garland/images/bg-content.png HTTP/1.1" 200 798 "https://www.nspw.org/themes/garland/style.css?p7kfx6" "Mozilla/5.0 (Macintosh; Intel Mac OS X 10_13_3) AppleWebKit/537.36 (KHTML, like Gecko) Chrome/65.0.3325.181 Safari/537.36"
204.102.225.251 - - [25/Apr/2018:12:49:02 -0400] "GET /themes/garland/images/menu-leaf.gif HTTP/1.1" 200 486 "https://www.nspw.org/themes/garland/style.css?p7kfx6" "Mozilla/5.0 (Macintosh; Intel Mac OS X 10_13_3) AppleWebKit/537.36 (KHTML, like Gecko) Chrome/65.0.3325.181 Safari/537.36"
204.102.225.251 - - [25/Apr/2018:12:49:02 -0400] "GET /themes/garland/images/menu-collapsed.gif HTTP/1.1" 200 488 "https://www.nspw.org/themes/garland/style.css?p7kfx6" "Mozilla/5.0 (Macintosh; Intel Mac OS X 10_13_3) AppleWebKit/537.36 (KHTML, like Gecko) Chrome/65.0.3325.181 Safari/537.36"
204.102.225.251 - - [25/Apr/2018:12:49:02 -0400] "GET /themes/garland/images/bg-content-left.png HTTP/1.1" 200 3232 "https://www.nspw.org/themes/garland/style.css?p7kfx6" "Mozilla/5.0 (Macintosh; Intel Mac OS X 10_13_3) AppleWebKit/537.36 (KHTML, like Gecko) Chrome/65.0.3325.181 Safari/537.36"
204.102.225.251 - - [25/Apr/2018:12:49:02 -0400] "GET /themes/garland/images/bg-content-right.png HTTP/1.1" 200 3162 "https://www.nspw.org/themes/garland/style.css?p7kfx6" "Mozilla/5.0 (Macintosh; Intel Mac OS X 10_13_3) AppleWebKit/537.36 (KHTML, like Gecko) Chrome/65.0.3325.181 Safari/537.36"
204.102.225.251 - - [25/Apr/2018:12:49:03 -0400] "GET /themes/garland/images/bg-navigation-item-hover.png HTTP/1.1" 200 754 "https://www.nspw.org/themes/garland/style.css?p7kfx6" "Mozilla/5.0 (Macintosh; Intel Mac OS X 10_13_3) AppleWebKit/537.36 (KHTML, like Gecko) Chrome/65.0.3325.181 Safari/537.36"
204.102.225.251 - - [25/Apr/2018:12:49:03 -0400] "GET /themes/garland/images/bg-navigation-item.png HTTP/1.1" 200 812 "https://www.nspw.org/themes/garland/style.css?p7kfx6" "Mozilla/5.0 (Macintosh; Intel Mac OS X 10_13_3) AppleWebKit/537.36 (KHTML, like Gecko) Chrome/65.0.3325.181 Safari/537.36"
204.102.225.251 - - [25/Apr/2018:12:49:04 -0400] "GET /themes/garland/images/menu-expanded.gif HTTP/1.1" 200 495 "https://www.nspw.org/themes/garland/style.css?p7kfx6" "Mozilla/5.0 (Macintosh; Intel Mac OS X 10_13_3) AppleWebKit/537.36 (KHTML, like Gecko) Chrome/65.0.3325.181 Safari/537.36"
204.102.225.251 - - [25/Apr/2018:12:49:04 -0400] "GET /favicon.ico HTTP/1.1" 404 700 "https://www.nspw.org/2018" "Mozilla/5.0 (Macintosh; Intel Mac OS X 10_13_3) AppleWebKit/537.36 (KHTML, like Gecko) Chrome/65.0.3325.181 Safari/537.36"
95.216.10.16 - - [25/Apr/2018:12:49:09 -0400] "GET /2002/past.shtml HTTP/1.1" 200 5277 "-" "Mozilla/5.0 (compatible; MJ12bot/v1.4.8; http://mj12bot.com/)"
216.244.66.236 - - [25/Apr/2018:12:49:12 -0400] "GET /papers/2010/paper%2008.pdf HTTP/1.1" 404 7894 "-" "Mozilla/5.0 (compatible; DotBot/1.1; http://www.opensiteexplorer.org/dotbot, help@moz.com)"
95.216.10.16 - - [25/Apr/2018:12:49:20 -0400] "GET /2002/pc.shtml HTTP/1.1" 200 5284 "-" "Mozilla/5.0 (compatible; MJ12bot/v1.4.8; http://mj12bot.com/)"
216.244.66.236 - - [25/Apr/2018:12:49:23 -0400] "GET /papers/2010/paper%2012.pdf HTTP/1.1" 404 7894 "-" "Mozilla/5.0 (compatible; DotBot/1.1; http://www.opensiteexplorer.org/dotbot, help@moz.com)"
66.249.73.87 - - [25/Apr/2018:12:49:27 -0400] "GET /papers/2012/docs/p53.pdf HTTP/1.1" 200 2129743 "-" "Mozilla/5.0 (compatible; Googlebot/2.1; +http://www.google.com/bot.html)"
95.216.10.16 - - [25/Apr/2018:12:49:31 -0400] "GET /2002/program.pdf HTTP/1.1" 200 10209 "-" "Mozilla/5.0 (compatible; MJ12bot/v1.4.8; http://mj12bot.com/)"
69.162.124.227 - - [25/Apr/2018:12:49:41 -0400] "HEAD / HTTP/1.1" 200 3874 "http://nspw.org/" "Mozilla/5.0+(compatible; UptimeRobot/2.0; http://www.uptimerobot.com/)"
95.216.10.16 - - [25/Apr/2018:12:49:42 -0400] "GET /2002/program.shtml HTTP/1.1" 200 6650 "-" "Mozilla/5.0 (compatible; MJ12bot/v1.4.8; http://mj12bot.com/)"
41.251.82.122 - - [25/Apr/2018:12:50:08 -0400] "GET /wp-login.php HTTP/1.1" 404 7491 "-" "Mozilla/5.0 (Windows NT 6.1; WOW64; rv:40.0) Gecko/20100101 Firefox/40.1"
41.251.82.122 - - [25/Apr/2018:12:50:09 -0400] "GET / HTTP/1.1" 200 8218 "-" "Mozilla/5.0 (Windows NT 6.1; WOW64; rv:40.0) Gecko/20100101 Firefox/40.1"
14.215.176.19 - - [25/Apr/2018:12:52:25 -0400] "GET / HTTP/1.1" 200 6636 "-" "Mozilla/5.0 (Windows NT 6.1; WOW64; rv:43.0) Gecko/20100101 Firefox/43.0"
14.215.176.19 - - [25/Apr/2018:12:52:25 -0400] "GET /modules/system/system.base.css?p7kfx6 HTTP/1.1" 200 2307 "https://www.nspw.org/" "Mozilla/5.0 (Windows NT 6.1; WOW64; rv:43.0) Gecko/20100101 Firefox/43.0"
14.215.176.19 - - [25/Apr/2018:12:52:26 -0400] "GET /modules/system/system.menus.css?p7kfx6 HTTP/1.1" 200 1025 "https://www.nspw.org/" "Mozilla/5.0 (Windows NT 6.1; WOW64; rv:43.0) Gecko/20100101 Firefox/43.0"
14.215.176.17 - - [25/Apr/2018:12:52:26 -0400] "GET /modules/system/system.theme.css?p7kfx6 HTTP/1.1" 200 1723 "https://www.nspw.org/" "Mozilla/5.0 (Windows NT 6.1; WOW64; rv:43.0) Gecko/20100101 Firefox/43.0"
14.215.176.17 - - [25/Apr/2018:12:52:26 -0400] "GET /modules/system/system.messages.css?p7kfx6 HTTP/1.1" 200 884 "https://www.nspw.org/" "Mozilla/5.0 (Windows NT 6.1; WOW64; rv:43.0) Gecko/20100101 Firefox/43.0"
14.215.176.17 - - [25/Apr/2018:12:52:26 -0400] "GET /modules/comment/comment.css?p7kfx6 HTTP/1.1" 200 643 "https://www.nspw.org/" "Mozilla/5.0 (Windows NT 6.1; WOW64; rv:43.0) Gecko/20100101 Firefox/43.0"
14.215.176.13 - - [25/Apr/2018:12:52:26 -0400] "GET /modules/field/theme/field.css?p7kfx6 HTTP/1.1" 200 737 "https://www.nspw.org/" "Mozilla/5.0 (Windows NT 6.1; WOW64; rv:43.0) Gecko/20100101 Firefox/43.0"
14.215.176.19 - - [25/Apr/2018:12:52:26 -0400] "GET /modules/node/node.css?p7kfx6 HTTP/1.1" 200 472 "https://www.nspw.org/" "Mozilla/5.0 (Windows NT 6.1; WOW64; rv:43.0) Gecko/20100101 Firefox/43.0"
14.215.176.12 - - [25/Apr/2018:12:52:26 -0400] "GET /modules/user/user.css?p7kfx6 HTTP/1.1" 200 1200 "https://www.nspw.org/" "Mozilla/5.0 (Windows NT 6.1; WOW64; rv:43.0) Gecko/20100101 Firefox/43.0"
14.215.176.17 - - [25/Apr/2018:12:52:26 -0400] "GET /themes/garland/print.css?p7kfx6 HTTP/1.1" 200 771 "https://www.nspw.org/" "Mozilla/5.0 (Windows NT 6.1; WOW64; rv:43.0) Gecko/20100101 Firefox/43.0"
14.215.176.17 - - [25/Apr/2018:12:52:26 -0400] "GET /themes/garland/style.css?p7kfx6 HTTP/1.1" 200 5370 "https://www.nspw.org/" "Mozilla/5.0 (Windows NT 6.1; WOW64; rv:43.0) Gecko/20100101 Firefox/43.0"
14.215.176.17 - - [25/Apr/2018:12:52:26 -0400] "GET /misc/jquery.js?v=1.4.4 HTTP/1.1" 200 27601 "https://www.nspw.org/" "Mozilla/5.0 (Windows NT 6.1; WOW64; rv:43.0) Gecko/20100101 Firefox/43.0"
14.215.176.13 - - [25/Apr/2018:12:52:26 -0400] "GET /misc/jquery.once.js?v=1.2 HTTP/1.1" 200 1445 "https://www.nspw.org/" "Mozilla/5.0 (Windows NT 6.1; WOW64; rv:43.0) Gecko/20100101 Firefox/43.0"
14.215.176.19 - - [25/Apr/2018:12:52:26 -0400] "GET /misc/drupal.js?p7kfx6 HTTP/1.1" 200 7372 "https://www.nspw.org/" "Mozilla/5.0 (Windows NT 6.1; WOW64; rv:43.0) Gecko/20100101 Firefox/43.0"
109.163.228.35 - - [25/Apr/2018:12:52:30 -0400] "GET / HTTP/1.1" 200 11644 "-" "Mozilla/5.0 (Windows NT 6.1; Win64; x64; rv:25.0) Gecko/20100101 Firefox/25.0"
88.98.217.109 - - [25/Apr/2018:12:53:10 -0400] "GET /2013/cfp HTTP/1.1" 200 8615 "-" "Mozilla/5.0 (iPhone; CPU iPhone OS 11_2_6 like Mac OS X) AppleWebKit/604.5.6 (KHTML, like Gecko) Version/11.0 Mobile/15D100 Safari/604.1"
88.98.217.109 - - [25/Apr/2018:12:53:10 -0400] "GET /apple-touch-icon-120x120-precomposed.png HTTP/1.1" 404 3943 "-" "MobileSafari/604.1 CFNetwork/894 Darwin/17.4.0"
88.98.217.109 - - [25/Apr/2018:12:53:10 -0400] "GET /apple-touch-icon-120x120.png HTTP/1.1" 404 717 "-" "MobileSafari/604.1 CFNetwork/894 Darwin/17.4.0"
88.98.217.109 - - [25/Apr/2018:12:53:10 -0400] "GET /apple-touch-icon-precomposed.png HTTP/1.1" 404 721 "-" "MobileSafari/604.1 CFNetwork/894 Darwin/17.4.0"
88.98.217.109 - - [25/Apr/2018:12:53:10 -0400] "GET /apple-touch-icon.png HTTP/1.1" 404 709 "-" "MobileSafari/604.1 CFNetwork/894 Darwin/17.4.0"
88.98.217.109 - - [25/Apr/2018:12:53:11 -0400] "GET /favicon.ico HTTP/1.1" 404 700 "-" "MobileSafari/604.1 CFNetwork/894 Darwin/17.4.0"
88.98.217.109 - - [25/Apr/2018:12:53:11 -0400] "GET /apple-touch-icon-120x120-precomposed.png HTTP/1.1" 404 729 "-" "MobileSafari/604.1 CFNetwork/894 Darwin/17.4.0"
88.98.217.109 - - [25/Apr/2018:12:53:11 -0400] "GET /apple-touch-icon-120x120.png HTTP/1.1" 404 717 "-" "MobileSafari/604.1 CFNetwork/894 Darwin/17.4.0"
88.98.217.109 - - [25/Apr/2018:12:53:11 -0400] "GET /apple-touch-icon-precomposed.png HTTP/1.1" 404 721 "-" "MobileSafari/604.1 CFNetwork/894 Darwin/17.4.0"
88.98.217.109 - - [25/Apr/2018:12:53:11 -0400] "GET /apple-touch-icon.png HTTP/1.1" 404 709 "-" "MobileSafari/604.1 CFNetwork/894 Darwin/17.4.0"
88.98.217.109 - - [25/Apr/2018:12:53:11 -0400] "GET /favicon.ico HTTP/1.1" 404 700 "-" "MobileSafari/604.1 CFNetwork/894 Darwin/17.4.0"
66.249.73.91 - - [25/Apr/2018:12:54:23 -0400] "GET /2001/past.html HTTP/1.1" 200 5304 "-" "Mozilla/5.0 (compatible; Googlebot/2.1; +http://www.google.com/bot.html)"
69.162.124.227 - - [25/Apr/2018:12:54:41 -0400] "HEAD / HTTP/1.1" 200 3874 "http://nspw.org/" "Mozilla/5.0+(compatible; UptimeRobot/2.0; http://www.uptimerobot.com/)"
177.221.165.104 - - [25/Apr/2018:12:55:07 -0400] "GET /wp-login.php HTTP/1.1" 404 7985 "-" "Mozilla/5.0 (Windows NT 6.1; WOW64; rv:40.0) Gecko/20100101 Firefox/40.1"
177.221.165.104 - - [25/Apr/2018:12:55:08 -0400] "GET / HTTP/1.1" 200 8206 "-" "Mozilla/5.0 (Windows NT 6.1; WOW64; rv:40.0) Gecko/20100101 Firefox/40.1"
137.112.228.196 - - [25/Apr/2018:12:55:15 -0400] "GET /papers/2007/nspw2007-mannan.pdf HTTP/1.1" 200 502385 "-" "Mozilla/5.0 (iPhone; CPU iPhone OS 11_2_5 like Mac OS X) AppleWebKit/604.5.6 (KHTML, like Gecko) Version/11.0 Mobile/15D60 Safari/604.1"
137.112.228.196 - - [25/Apr/2018:12:55:16 -0400] "GET /apple-touch-icon-120x120-precomposed.png HTTP/1.1" 404 3943 "-" "MobileSafari/604.1 CFNetwork/894 Darwin/17.4.0"
137.112.228.196 - - [25/Apr/2018:12:55:16 -0400] "GET /apple-touch-icon-120x120.png HTTP/1.1" 404 717 "-" "MobileSafari/604.1 CFNetwork/894 Darwin/17.4.0"
137.112.228.196 - - [25/Apr/2018:12:55:16 -0400] "GET /apple-touch-icon-precomposed.png HTTP/1.1" 404 721 "-" "MobileSafari/604.1 CFNetwork/894 Darwin/17.4.0"
137.112.228.196 - - [25/Apr/2018:12:55:16 -0400] "GET /apple-touch-icon.png HTTP/1.1" 404 709 "-" "MobileSafari/604.1 CFNetwork/894 Darwin/17.4.0"
137.112.228.196 - - [25/Apr/2018:12:55:16 -0400] "GET /favicon.ico HTTP/1.1" 404 700 "-" "MobileSafari/604.1 CFNetwork/894 Darwin/17.4.0"
137.112.228.196 - - [25/Apr/2018:12:55:16 -0400] "GET /apple-touch-icon-120x120-precomposed.png HTTP/1.1" 404 729 "-" "MobileSafari/604.1 CFNetwork/894 Darwin/17.4.0"
137.112.228.196 - - [25/Apr/2018:12:55:16 -0400] "GET /apple-touch-icon-120x120.png HTTP/1.1" 404 717 "-" "MobileSafari/604.1 CFNetwork/894 Darwin/17.4.0"
137.112.228.196 - - [25/Apr/2018:12:55:16 -0400] "GET /apple-touch-icon-precomposed.png HTTP/1.1" 404 721 "-" "MobileSafari/604.1 CFNetwork/894 Darwin/17.4.0"
137.112.228.196 - - [25/Apr/2018:12:55:16 -0400] "GET /apple-touch-icon.png HTTP/1.1" 404 709 "-" "MobileSafari/604.1 CFNetwork/894 Darwin/17.4.0"
137.112.228.196 - - [25/Apr/2018:12:55:16 -0400] "GET /favicon.ico HTTP/1.1" 404 700 "-" "MobileSafari/604.1 CFNetwork/894 Darwin/17.4.0"
14.215.176.18 - - [25/Apr/2018:12:56:33 -0400] "GET / HTTP/1.1" 200 6637 "-" "Mozilla/5.0 (Windows NT 6.1; WOW64; rv:43.0) Gecko/20100101 Firefox/43.0"
14.215.176.18 - - [25/Apr/2018:12:56:34 -0400] "GET /modules/system/system.base.css?p7kfx6 HTTP/1.1" 200 2307 "https://www.nspw.org/" "Mozilla/5.0 (Windows NT 6.1; WOW64; rv:43.0) Gecko/20100101 Firefox/43.0"
14.215.176.18 - - [25/Apr/2018:12:56:34 -0400] "GET /modules/system/system.menus.css?p7kfx6 HTTP/1.1" 200 1025 "https://www.nspw.org/" "Mozilla/5.0 (Windows NT 6.1; WOW64; rv:43.0) Gecko/20100101 Firefox/43.0"
14.215.176.17 - - [25/Apr/2018:12:56:34 -0400] "GET /modules/system/system.messages.css?p7kfx6 HTTP/1.1" 200 884 "https://www.nspw.org/" "Mozilla/5.0 (Windows NT 6.1; WOW64; rv:43.0) Gecko/20100101 Firefox/43.0"
14.215.176.18 - - [25/Apr/2018:12:56:34 -0400] "GET /modules/system/system.theme.css?p7kfx6 HTTP/1.1" 200 1585 "https://www.nspw.org/" "Mozilla/5.0 (Windows NT 6.1; WOW64; rv:43.0) Gecko/20100101 Firefox/43.0"
14.215.176.19 - - [25/Apr/2018:12:56:34 -0400] "GET /modules/comment/comment.css?p7kfx6 HTTP/1.1" 200 643 "https://www.nspw.org/" "Mozilla/5.0 (Windows NT 6.1; WOW64; rv:43.0) Gecko/20100101 Firefox/43.0"
14.215.176.7 - - [25/Apr/2018:12:56:34 -0400] "GET /modules/field/theme/field.css?p7kfx6 HTTP/1.1" 200 737 "https://www.nspw.org/" "Mozilla/5.0 (Windows NT 6.1; WOW64; rv:43.0) Gecko/20100101 Firefox/43.0"
14.215.176.11 - - [25/Apr/2018:12:56:34 -0400] "GET /modules/node/node.css?p7kfx6 HTTP/1.1" 200 610 "https://www.nspw.org/" "Mozilla/5.0 (Windows NT 6.1; WOW64; rv:43.0) Gecko/20100101 Firefox/43.0"
14.215.176.17 - - [25/Apr/2018:12:56:34 -0400] "GET /modules/user/user.css?p7kfx6 HTTP/1.1" 200 1062 "https://www.nspw.org/" "Mozilla/5.0 (Windows NT 6.1; WOW64; rv:43.0) Gecko/20100101 Firefox/43.0"
14.215.176.18 - - [25/Apr/2018:12:56:34 -0400] "GET /themes/garland/style.css?p7kfx6 HTTP/1.1" 200 5370 "https://www.nspw.org/" "Mozilla/5.0 (Windows NT 6.1; WOW64; rv:43.0) Gecko/20100101 Firefox/43.0"
14.215.176.19 - - [25/Apr/2018:12:56:34 -0400] "GET /themes/garland/print.css?p7kfx6 HTTP/1.1" 200 771 "https://www.nspw.org/" "Mozilla/5.0 (Windows NT 6.1; WOW64; rv:43.0) Gecko/20100101 Firefox/43.0"
14.215.176.7 - - [25/Apr/2018:12:56:34 -0400] "GET /misc/jquery.js?v=1.4.4 HTTP/1.1" 200 27601 "https://www.nspw.org/" "Mozilla/5.0 (Windows NT 6.1; WOW64; rv:43.0) Gecko/20100101 Firefox/43.0"
14.215.176.11 - - [25/Apr/2018:12:56:34 -0400] "GET /misc/jquery.once.js?v=1.2 HTTP/1.1" 200 1445 "https://www.nspw.org/" "Mozilla/5.0 (Windows NT 6.1; WOW64; rv:43.0) Gecko/20100101 Firefox/43.0"
14.215.176.17 - - [25/Apr/2018:12:56:35 -0400] "GET /misc/drupal.js?p7kfx6 HTTP/1.1" 200 7372 "https://www.nspw.org/" "Mozilla/5.0 (Windows NT 6.1; WOW64; rv:43.0) Gecko/20100101 Firefox/43.0"
177.201.68.118 - - [25/Apr/2018:12:56:42 -0400] "GET /wp-login.php HTTP/1.1" 404 8018 "-" "Mozilla/5.0 (Windows NT 6.1; WOW64; rv:40.0) Gecko/20100101 Firefox/40.1"
78.66.128.159 - - [25/Apr/2018:12:57:22 -0400] "GET /wp-login.php HTTP/1.1" 404 7839 "-" "Mozilla/5.0 (Windows NT 6.1; WOW64; rv:40.0) Gecko/20100101 Firefox/40.1"
78.66.128.159 - - [25/Apr/2018:12:57:23 -0400] "GET / HTTP/1.1" 200 8218 "-" "Mozilla/5.0 (Windows NT 6.1; WOW64; rv:40.0) Gecko/20100101 Firefox/40.1"
194.187.170.156 - - [25/Apr/2018:12:57:48 -0400] "GET /robots.txt HTTP/1.1" 200 4822 "-" "Mozilla/5.0 (compatible; Qwantify/2.4w; +https://www.qwant.com/)/2.4w"
194.187.170.156 - - [25/Apr/2018:12:57:49 -0400] "GET /robots.txt HTTP/1.1" 200 1290 "-" "Mozilla/5.0 (compatible; Qwantify/2.4w; +https://www.qwant.com/)/2.4w"
194.187.170.156 - - [25/Apr/2018:12:57:49 -0400] "GET /2018 HTTP/1.1" 200 3748 "-" "Mozilla/5.0 (compatible; Qwantify/2.4w; +https://www.qwant.com/)/2.4w"
194.187.170.156 - - [25/Apr/2018:12:57:59 -0400] "GET /2015/ HTTP/1.1" 200 3764 "-" "Mozilla/5.0 (compatible; Qwantify/2.4w; +https://www.qwant.com/)/2.4w"
194.187.170.156 - - [25/Apr/2018:12:58:09 -0400] "GET /2017/ HTTP/1.1" 200 3892 "-" "Mozilla/5.0 (compatible; Qwantify/2.4w; +https://www.qwant.com/)/2.4w"
219.159.249.233 - - [25/Apr/2018:12:58:18 -0400] "GET / HTTP/1.1" 200 6076 "-" "Mozilla/5.0 (Windows NT 6.1; WOW64) AppleWebKit/537.11 (KHTML, like Gecko) Chrome/23.0.1271.64 Safari/537.11"
194.187.170.156 - - [25/Apr/2018:12:58:34 -0400] "GET / HTTP/1.1" 200 3460 "-" "Mozilla/5.0 (compatible; Qwantify/2.4w; +https://www.qwant.com/)/2.4w"
80.61.89.189 - - [25/Apr/2018:12:58:44 -0400] "GET /2018/cfp HTTP/1.1" 200 7971 "https://www.linkedin.com/" "Mozilla/5.0 (iPhone; CPU iPhone OS 11_3 like Mac OS X) AppleWebKit/605.1.15 (KHTML, like Gecko) Mobile/15E216"
80.61.89.189 - - [25/Apr/2018:12:58:44 -0400] "GET /modules/system/system.base.css?p7kfx6 HTTP/1.1" 200 2307 "https://www.nspw.org/2018/cfp" "Mozilla/5.0 (iPhone; CPU iPhone OS 11_3 like Mac OS X) AppleWebKit/605.1.15 (KHTML, like Gecko) Mobile/15E216"
80.61.89.189 - - [25/Apr/2018:12:58:45 -0400] "GET /modules/comment/comment.css?p7kfx6 HTTP/1.1" 200 505 "https://www.nspw.org/2018/cfp" "Mozilla/5.0 (iPhone; CPU iPhone OS 11_3 like Mac OS X) AppleWebKit/605.1.15 (KHTML, like Gecko) Mobile/15E216"
80.61.89.189 - - [25/Apr/2018:12:58:45 -0400] "GET /modules/field/theme/field.css?p7kfx6 HTTP/1.1" 200 599 "https://www.nspw.org/2018/cfp" "Mozilla/5.0 (iPhone; CPU iPhone OS 11_3 like Mac OS X) AppleWebKit/605.1.15 (KHTML, like Gecko) Mobile/15E216"
80.61.89.189 - - [25/Apr/2018:12:58:45 -0400] "GET /modules/system/system.menus.css?p7kfx6 HTTP/1.1" 200 1167 "https://www.nspw.org/2018/cfp" "Mozilla/5.0 (iPhone; CPU iPhone OS 11_3 like Mac OS X) AppleWebKit/605.1.15 (KHTML, like Gecko) Mobile/15E216"
80.61.89.189 - - [25/Apr/2018:12:58:45 -0400] "GET /modules/system/system.messages.css?p7kfx6 HTTP/1.1" 200 888 "https://www.nspw.org/2018/cfp" "Mozilla/5.0 (iPhone; CPU iPhone OS 11_3 like Mac OS X) AppleWebKit/605.1.15 (KHTML, like Gecko) Mobile/15E216"
80.61.89.189 - - [25/Apr/2018:12:58:45 -0400] "GET /modules/system/system.theme.css?p7kfx6 HTTP/1.1" 200 1727 "https://www.nspw.org/2018/cfp" "Mozilla/5.0 (iPhone; CPU iPhone OS 11_3 like Mac OS X) AppleWebKit/605.1.15 (KHTML, like Gecko) Mobile/15E216"
80.61.89.189 - - [25/Apr/2018:12:58:45 -0400] "GET /modules/user/user.css?p7kfx6 HTTP/1.1" 200 1062 "https://www.nspw.org/2018/cfp" "Mozilla/5.0 (iPhone; CPU iPhone OS 11_3 like Mac OS X) AppleWebKit/605.1.15 (KHTML, like Gecko) Mobile/15E216"
80.61.89.189 - - [25/Apr/2018:12:58:45 -0400] "GET /modules/node/node.css?p7kfx6 HTTP/1.1" 200 472 "https://www.nspw.org/2018/cfp" "Mozilla/5.0 (iPhone; CPU iPhone OS 11_3 like Mac OS X) AppleWebKit/605.1.15 (KHTML, like Gecko) Mobile/15E216"
80.61.89.189 - - [25/Apr/2018:12:58:45 -0400] "GET /themes/garland/style.css?p7kfx6 HTTP/1.1" 200 5370 "https://www.nspw.org/2018/cfp" "Mozilla/5.0 (iPhone; CPU iPhone OS 11_3 like Mac OS X) AppleWebKit/605.1.15 (KHTML, like Gecko) Mobile/15E216"
80.61.89.189 - - [25/Apr/2018:12:58:45 -0400] "GET /themes/garland/print.css?p7kfx6 HTTP/1.1" 200 771 "https://www.nspw.org/2018/cfp" "Mozilla/5.0 (iPhone; CPU iPhone OS 11_3 like Mac OS X) AppleWebKit/605.1.15 (KHTML, like Gecko) Mobile/15E216"
80.61.89.189 - - [25/Apr/2018:12:58:45 -0400] "GET /misc/jquery.once.js?v=1.2 HTTP/1.1" 200 1445 "https://www.nspw.org/2018/cfp" "Mozilla/5.0 (iPhone; CPU iPhone OS 11_3 like Mac OS X) AppleWebKit/605.1.15 (KHTML, like Gecko) Mobile/15E216"
80.61.89.189 - - [25/Apr/2018:12:58:45 -0400] "GET /misc/jquery.js?v=1.4.4 HTTP/1.1" 200 27601 "https://www.nspw.org/2018/cfp" "Mozilla/5.0 (iPhone; CPU iPhone OS 11_3 like Mac OS X) AppleWebKit/605.1.15 (KHTML, like Gecko) Mobile/15E216"
80.61.89.189 - - [25/Apr/2018:12:58:45 -0400] "GET /misc/drupal.js?p7kfx6 HTTP/1.1" 200 7372 "https://www.nspw.org/2018/cfp" "Mozilla/5.0 (iPhone; CPU iPhone OS 11_3 like Mac OS X) AppleWebKit/605.1.15 (KHTML, like Gecko) Mobile/15E216"
80.61.89.189 - - [25/Apr/2018:12:58:45 -0400] "GET /sites/default/files/nspw-logo-smaller.jpg HTTP/1.1" 200 2534 "https://www.nspw.org/2018/cfp" "Mozilla/5.0 (iPhone; CPU iPhone OS 11_3 like Mac OS X) AppleWebKit/605.1.15 (KHTML, like Gecko) Mobile/15E216"
80.61.89.189 - - [25/Apr/2018:12:58:46 -0400] "GET /themes/garland/images/body.png HTTP/1.1" 200 993 "https://www.nspw.org/2018/cfp" "Mozilla/5.0 (iPhone; CPU iPhone OS 11_3 like Mac OS X) AppleWebKit/605.1.15 (KHTML, like Gecko) Mobile/15E216"
80.61.89.189 - - [25/Apr/2018:12:58:46 -0400] "GET /themes/garland/images/menu-leaf.gif HTTP/1.1" 200 486 "https://www.nspw.org/2018/cfp" "Mozilla/5.0 (iPhone; CPU iPhone OS 11_3 like Mac OS X) AppleWebKit/605.1.15 (KHTML, like Gecko) Mobile/15E216"
80.61.89.189 - - [25/Apr/2018:12:58:46 -0400] "GET /themes/garland/images/bg-navigation-item.png HTTP/1.1" 200 812 "https://www.nspw.org/2018/cfp" "Mozilla/5.0 (iPhone; CPU iPhone OS 11_3 like Mac OS X) AppleWebKit/605.1.15 (KHTML, like Gecko) Mobile/15E216"
80.61.89.189 - - [25/Apr/2018:12:58:46 -0400] "GET /themes/garland/images/menu-expanded.gif HTTP/1.1" 200 495 "https://www.nspw.org/2018/cfp" "Mozilla/5.0 (iPhone; CPU iPhone OS 11_3 like Mac OS X) AppleWebKit/605.1.15 (KHTML, like Gecko) Mobile/15E216"
80.61.89.189 - - [25/Apr/2018:12:58:46 -0400] "GET /themes/garland/images/menu-collapsed.gif HTTP/1.1" 200 488 "https://www.nspw.org/2018/cfp" "Mozilla/5.0 (iPhone; CPU iPhone OS 11_3 like Mac OS X) AppleWebKit/605.1.15 (KHTML, like Gecko) Mobile/15E216"
80.61.89.189 - - [25/Apr/2018:12:58:46 -0400] "GET /themes/garland/images/bg-content.png HTTP/1.1" 200 798 "https://www.nspw.org/2018/cfp" "Mozilla/5.0 (iPhone; CPU iPhone OS 11_3 like Mac OS X) AppleWebKit/605.1.15 (KHTML, like Gecko) Mobile/15E216"
80.61.89.189 - - [25/Apr/2018:12:58:46 -0400] "GET /themes/garland/images/bg-content-right.png HTTP/1.1" 200 3162 "https://www.nspw.org/2018/cfp" "Mozilla/5.0 (iPhone; CPU iPhone OS 11_3 like Mac OS X) AppleWebKit/605.1.15 (KHTML, like Gecko) Mobile/15E216"
80.61.89.189 - - [25/Apr/2018:12:58:46 -0400] "GET /themes/garland/images/bg-content-left.png HTTP/1.1" 200 3232 "https://www.nspw.org/2018/cfp" "Mozilla/5.0 (iPhone; CPU iPhone OS 11_3 like Mac OS X) AppleWebKit/605.1.15 (KHTML, like Gecko) Mobile/15E216"
66.249.73.89 - - [25/Apr/2018:12:59:19 -0400] "GET /2005/program.content.old HTTP/1.1" 200 29023 "-" "Mozilla/5.0 (compatible; Googlebot/2.1; +http://www.google.com/bot.html)"
69.162.124.227 - - [25/Apr/2018:12:59:41 -0400] "HEAD / HTTP/1.1" 200 3874 "http://nspw.org/" "Mozilla/5.0+(compatible; UptimeRobot/2.0; http://www.uptimerobot.com/)"
103.255.7.61 - - [25/Apr/2018:13:02:40 -0400] "GET /wp-login.php HTTP/1.1" 404 8034 "-" "Mozilla/5.0 (Windows NT 6.1; WOW64; rv:40.0) Gecko/20100101 Firefox/40.1"
103.255.7.61 - - [25/Apr/2018:13:02:40 -0400] "GET / HTTP/1.1" 200 8218 "-" "Mozilla/5.0 (Windows NT 6.1; WOW64; rv:40.0) Gecko/20100101 Firefox/40.1"
207.46.13.239 - - [25/Apr/2018:13:03:21 -0400] "GET /2009/proceedings/2006/nspw2006-locasto.pdf HTTP/1.1" 200 166737 "-" "Mozilla/5.0 (compatible; bingbot/2.0; +http://www.bing.com/bingbot.htm)"
207.46.13.140 - - [25/Apr/2018:13:03:07 -0400] "GET /papers/1996/nspw1996-josang.pdf HTTP/1.1" 200 1238999 "-" "Mozilla/5.0 (compatible; bingbot/2.0; +http://www.bing.com/bingbot.htm)"
66.249.73.89 - - [25/Apr/2018:13:04:15 -0400] "GET /papers/2007/nspw2007-chow.pdf HTTP/1.1" 200 420040 "-" "Mozilla/5.0 (compatible; Googlebot/2.1; +http://www.google.com/bot.html)"
207.46.13.239 - - [25/Apr/2018:13:03:41 -0400] "GET /papers/1998/nspw1998-beaver.pdf HTTP/1.1" 200 1131613 "-" "Mozilla/5.0 (compatible; bingbot/2.0; +http://www.bing.com/bingbot.htm)"
69.162.124.227 - - [25/Apr/2018:13:04:41 -0400] "HEAD / HTTP/1.1" 200 3874 "http://nspw.org/" "Mozilla/5.0+(compatible; UptimeRobot/2.0; http://www.uptimerobot.com/)"
194.187.170.156 - - [25/Apr/2018:13:04:45 -0400] "GET /2010/ HTTP/1.1" 200 7312 "-" "Mozilla/5.0 (compatible; Qwantify/2.4w; +https://www.qwant.com/)/2.4w"
177.41.157.155 - - [25/Apr/2018:13:06:39 -0400] "GET /wp-login.php HTTP/1.1" 404 7839 "-" "Mozilla/5.0 (Windows NT 6.1; WOW64; rv:40.0) Gecko/20100101 Firefox/40.1"
177.41.157.155 - - [25/Apr/2018:13:06:41 -0400] "GET / HTTP/1.1" 200 8218 "-" "Mozilla/5.0 (Windows NT 6.1; WOW64; rv:40.0) Gecko/20100101 Firefox/40.1"
149.43.80.25 - - [25/Apr/2018:13:08:46 -0400] "GET / HTTP/1.1" 200 6334 "http://nspw.org" "Mozilla/5.0 (Windows NT 10.0) AppleWebKit/537.36 (KHTML, like Gecko) Chrome/42..2311.135 Safari/537.36 Edge/12.10136"
103.51.208.61 - - [25/Apr/2018:13:09:08 -0400] "GET /wp-login.php HTTP/1.1" 404 7985 "-" "Mozilla/5.0 (Windows NT 6.1; WOW64; rv:40.0) Gecko/20100101 Firefox/40.1"
103.51.208.61 - - [25/Apr/2018:13:09:10 -0400] "GET / HTTP/1.1" 200 8206 "-" "Mozilla/5.0 (Windows NT 6.1; WOW64; rv:40.0) Gecko/20100101 Firefox/40.1"
66.249.73.91 - - [25/Apr/2018:13:09:11 -0400] "GET /2005/past.shtml HTTP/1.1" 200 5582 "-" "Mozilla/5.0 (compatible; Googlebot/2.1; +http://www.google.com/bot.html)"
69.162.124.227 - - [25/Apr/2018:13:09:41 -0400] "HEAD / HTTP/1.1" 200 3874 "http://nspw.org/" "Mozilla/5.0+(compatible; UptimeRobot/2.0; http://www.uptimerobot.com/)"
80.102.119.216 - - [25/Apr/2018:13:10:33 -0400] "GET /favicon.ico HTTP/1.1" 404 4093 "https://www.nspw.org/papers/2010/nspw2010-coles.pdf" "Mozilla/5.0 (Windows NT 10.0; Win64; x64) AppleWebKit/537.36 (KHTML, like Gecko) Chrome/66.0.3359.117 Safari/537.36"
80.102.119.216 - - [25/Apr/2018:13:10:33 -0400] "GET /papers/2010/nspw2010-coles.pdf HTTP/1.1" 200 472931 "https://www.google.es/" "Mozilla/5.0 (Windows NT 10.0; Win64; x64) AppleWebKit/537.36 (KHTML, like Gecko) Chrome/66.0.3359.117 Safari/537.36"
216.244.66.236 - - [25/Apr/2018:13:11:45 -0400] "GET /robots.txt HTTP/1.1" 200 5796 "-" "Mozilla/5.0 (compatible; DotBot/1.1; http://www.opensiteexplorer.org/dotbot, help@moz.com)"
216.244.66.236 - - [25/Apr/2018:13:13:59 -0400] "GET /papers/2012/docs/sponsors.pdf HTTP/1.1" 200 153899 "-" "Mozilla/5.0 (compatible; DotBot/1.1; http://www.opensiteexplorer.org/dotbot, help@moz.com)"
66.249.73.87 - - [25/Apr/2018:13:14:07 -0400] "GET /proceedings/2004 HTTP/1.1" 200 6130 "-" "Mozilla/5.0 (compatible; Googlebot/2.1; +http://www.google.com/bot.html)"
69.162.124.227 - - [25/Apr/2018:13:14:41 -0400] "HEAD / HTTP/1.1" 200 3874 "http://nspw.org/" "Mozilla/5.0+(compatible; UptimeRobot/2.0; http://www.uptimerobot.com/)"
216.244.66.236 - - [25/Apr/2018:13:15:30 -0400] "GET /papers/2010/paper%2027.pdf HTTP/1.1" 404 7894 "-" "Mozilla/5.0 (compatible; DotBot/1.1; http://www.opensiteexplorer.org/dotbot, help@moz.com)"
207.46.13.114 - - [25/Apr/2018:13:16:10 -0400] "GET /2009/proceedings/2008/nspw2008-crandall.pdf HTTP/1.1" 200 425589 "-" "Mozilla/5.0 (compatible; bingbot/2.0; +http://www.bing.com/bingbot.htm)"
77.88.47.40 - - [25/Apr/2018:13:18:02 -0400] "GET /robots.txt HTTP/1.1" 200 5979 "-" "Mozilla/5.0 (compatible; YandexBot/3.0; +http://yandex.com/bots)"
5.255.250.67 - - [25/Apr/2018:13:18:06 -0400] "GET /2009/proceedings/2006/?C=D;O=A HTTP/1.1" 403 3978 "-" "Mozilla/5.0 (compatible; YandexBot/3.0; +http://yandex.com/bots)"
66.249.73.89 - - [25/Apr/2018:13:19:03 -0400] "GET /2002/ HTTP/1.1" 200 5157 "-" "Mozilla/5.0 (compatible; Googlebot/2.1; +http://www.google.com/bot.html)"
69.162.124.227 - - [25/Apr/2018:13:19:41 -0400] "HEAD / HTTP/1.1" 200 3874 "http://nspw.org/" "Mozilla/5.0+(compatible; UptimeRobot/2.0; http://www.uptimerobot.com/)"
104.131.147.112 - - [25/Apr/2018:13:20:54 -0400] "GET / HTTP/1.1" 200 6646 "-" "Mozilla/5.0 (compatible; Gluten Free Crawler/1.0; +http://glutenfreepleasure.com/)"
66.249.73.87 - - [25/Apr/2018:13:21:32 -0400] "GET /2005/jmu_infosec_logo.gif HTTP/1.1" 200 9195 "-" "Googlebot-Image/1.0"
103.42.192.48 - - [25/Apr/2018:13:22:43 -0400] "GET /wp-login.php HTTP/1.1" 404 7491 "-" "Mozilla/5.0 (Windows NT 6.1; WOW64; rv:40.0) Gecko/20100101 Firefox/40.1"
103.42.192.48 - - [25/Apr/2018:13:22:44 -0400] "GET / HTTP/1.1" 200 8218 "-" "Mozilla/5.0 (Windows NT 6.1; WOW64; rv:40.0) Gecko/20100101 Firefox/40.1"
123.231.125.63 - - [25/Apr/2018:13:23:13 -0400] "GET /wp-login.php HTTP/1.1" 404 7985 "-" "Mozilla/5.0 (Windows NT 6.1; WOW64; rv:40.0) Gecko/20100101 Firefox/40.1"
123.231.125.63 - - [25/Apr/2018:13:23:13 -0400] "GET / HTTP/1.1" 200 8206 "-" "Mozilla/5.0 (Windows NT 6.1; WOW64; rv:40.0) Gecko/20100101 Firefox/40.1"
66.249.73.91 - - [25/Apr/2018:13:23:59 -0400] "GET /papers/2002/nspw2002-haldar.pdf HTTP/1.1" 200 512210 "-" "Mozilla/5.0 (compatible; Googlebot/2.1; +http://www.google.com/bot.html)"
69.162.124.227 - - [25/Apr/2018:13:24:41 -0400] "HEAD / HTTP/1.1" 200 3874 "http://nspw.org/" "Mozilla/5.0+(compatible; UptimeRobot/2.0; http://www.uptimerobot.com/)"
66.249.73.89 - - [25/Apr/2018:13:25:05 -0400] "GET /current/past.shtml HTTP/1.1" 404 8010 "-" "Mozilla/5.0 (compatible; Googlebot/2.1; +http://www.google.com/bot.html)"
27.34.16.115 - - [25/Apr/2018:13:25:23 -0400] "GET /wp-login.php HTTP/1.1" 404 7782 "-" "Mozilla/5.0 (Windows NT 6.1; WOW64; rv:40.0) Gecko/20100101 Firefox/40.1"
27.34.16.115 - - [25/Apr/2018:13:25:26 -0400] "GET / HTTP/1.1" 200 8266 "-" "Mozilla/5.0 (Windows NT 6.1; WOW64; rv:40.0) Gecko/20100101 Firefox/40.1"
109.101.204.61 - - [25/Apr/2018:13:26:46 -0400] "GET /wp-login.php HTTP/1.1" 404 7839 "-" "Mozilla/5.0 (Windows NT 6.1; WOW64; rv:40.0) Gecko/20100101 Firefox/40.1"
109.101.204.61 - - [25/Apr/2018:13:26:46 -0400] "GET / HTTP/1.1" 200 8218 "-" "Mozilla/5.0 (Windows NT 6.1; WOW64; rv:40.0) Gecko/20100101 Firefox/40.1"
121.116.107.85 - - [25/Apr/2018:13:27:16 -0400] "GET /wp-login.php HTTP/1.1" 404 7839 "-" "Mozilla/5.0 (Windows NT 6.1; WOW64; rv:40.0) Gecko/20100101 Firefox/40.1"
121.116.107.85 - - [25/Apr/2018:13:27:18 -0400] "GET / HTTP/1.1" 200 8218 "-" "Mozilla/5.0 (Windows NT 6.1; WOW64; rv:40.0) Gecko/20100101 Firefox/40.1"
62.193.61.190 - - [25/Apr/2018:13:27:33 -0400] "GET /wp-login.php HTTP/1.1" 404 7491 "-" "Mozilla/5.0 (Windows NT 6.1; WOW64; rv:40.0) Gecko/20100101 Firefox/40.1"
62.193.61.190 - - [25/Apr/2018:13:27:34 -0400] "GET / HTTP/1.1" 200 8218 "-" "Mozilla/5.0 (Windows NT 6.1; WOW64; rv:40.0) Gecko/20100101 Firefox/40.1"
66.249.73.87 - - [25/Apr/2018:13:28:55 -0400] "GET /2009/ HTTP/1.1" 200 5381 "-" "Mozilla/5.0 (compatible; Googlebot/2.1; +http://www.google.com/bot.html)"
69.162.124.227 - - [25/Apr/2018:13:29:41 -0400] "HEAD / HTTP/1.1" 200 3874 "http://nspw.org/" "Mozilla/5.0+(compatible; UptimeRobot/2.0; http://www.uptimerobot.com/)"
5.255.250.124 - - [25/Apr/2018:13:30:01 -0400] "GET /current/papers.shtml HTTP/1.1" 404 8043 "-" "Mozilla/5.0 (compatible; YandexBot/3.0; +http://yandex.com/bots)"
207.46.13.239 - - [25/Apr/2018:13:30:35 -0400] "GET /papers/2009/nspw2009-jakobsson.pdf HTTP/1.1" 200 294209 "-" "Mozilla/5.0 (compatible; bingbot/2.0; +http://www.bing.com/bingbot.htm)"
123.125.143.144 - - [25/Apr/2018:13:32:29 -0400] "GET /modules/system/system.base.css?p7kfx6 HTTP/1.1" 200 9624 "-" "Python-urllib/2.7"
123.125.143.137 - - [25/Apr/2018:13:32:31 -0400] "GET /modules/comment/comment.css?p7kfx6 HTTP/1.1" 200 4339 "-" "Python-urllib/2.7"
