112.201.166.156 - - [09/May/2018:06:25:47 -0400] "GET /wp-login.php HTTP/1.1" 404 8176 "-" "Mozilla/5.0 (Windows NT 6.1; WOW64; rv:40.0) Gecko/20100101 Firefox/40.1"
112.201.166.156 - - [09/May/2018:06:25:49 -0400] "GET / HTTP/1.1" 200 8298 "-" "Mozilla/5.0 (Windows NT 6.1; WOW64; rv:40.0) Gecko/20100101 Firefox/40.1"
207.46.13.89 - - [09/May/2018:06:25:53 -0400] "GET /robots.txt HTTP/1.1" 200 4979 "-" "Mozilla/5.0 (compatible; bingbot/2.0; +http://www.bing.com/bingbot.htm)"
37.56.8.194 - - [09/May/2018:06:25:54 -0400] "GET /wp-login.php HTTP/1.1" 404 7839 "-" "Mozilla/5.0 (Windows NT 6.1; WOW64; rv:40.0) Gecko/20100101 Firefox/40.1"
37.56.8.194 - - [09/May/2018:06:25:54 -0400] "GET / HTTP/1.1" 200 8218 "-" "Mozilla/5.0 (Windows NT 6.1; WOW64; rv:40.0) Gecko/20100101 Firefox/40.1"
207.46.13.89 - - [09/May/2018:06:26:02 -0400] "GET /robots.txt HTTP/1.1" 200 4979 "-" "Mozilla/5.0 (compatible; bingbot/2.0; +http://www.bing.com/bingbot.htm)"
109.92.163.67 - - [09/May/2018:06:26:08 -0400] "GET /wp-login.php HTTP/1.1" 404 7491 "-" "Mozilla/5.0 (Windows NT 6.1; WOW64; rv:40.0) Gecko/20100101 Firefox/40.1"
109.92.163.67 - - [09/May/2018:06:26:09 -0400] "GET / HTTP/1.1" 200 8218 "-" "Mozilla/5.0 (Windows NT 6.1; WOW64; rv:40.0) Gecko/20100101 Firefox/40.1"
207.46.13.89 - - [09/May/2018:06:26:11 -0400] "GET /robots.txt HTTP/1.1" 200 4979 "-" "Mozilla/5.0 (compatible; bingbot/2.0; +http://www.bing.com/bingbot.htm)"
207.46.13.89 - - [09/May/2018:06:26:22 -0400] "GET /robots.txt HTTP/1.1" 200 4979 "-" "Mozilla/5.0 (compatible; bingbot/2.0; +http://www.bing.com/bingbot.htm)"
207.46.13.89 - - [09/May/2018:06:26:32 -0400] "GET /robots.txt HTTP/1.1" 200 4979 "-" "Mozilla/5.0 (compatible; bingbot/2.0; +http://www.bing.com/bingbot.htm)"
207.46.13.89 - - [09/May/2018:06:26:41 -0400] "GET /robots.txt HTTP/1.1" 200 4979 "-" "Mozilla/5.0 (compatible; bingbot/2.0; +http://www.bing.com/bingbot.htm)"
66.249.75.135 - - [09/May/2018:06:27:06 -0400] "GET /papers/2009/nspw2009-gates.pdf HTTP/1.1" 200 398465 "-" "Mozilla/5.0 (compatible; Googlebot/2.1; +http://www.google.com/bot.html)"
77.88.47.40 - - [09/May/2018:06:28:17 -0400] "GET /registration HTTP/1.1" 200 6740 "-" "Mozilla/5.0 (compatible; YandexBot/3.0; +http://yandex.com/bots)"
207.46.13.89 - - [09/May/2018:06:29:16 -0400] "GET /papers/1996/nspw1996-filman.pdf HTTP/1.1" 200 760228 "-" "Mozilla/5.0 (iPhone; CPU iPhone OS 7_0 like Mac OS X) AppleWebKit/537.51.1 (KHTML, like Gecko) Version/7.0 Mobile/11A465 Safari/9537.53 (compatible; bingbot/2.0; +http://www.bing.com/bingbot.htm)"
69.162.124.227 - - [09/May/2018:06:29:51 -0400] "HEAD / HTTP/1.1" 200 3874 "http://nspw.org/" "Mozilla/5.0+(compatible; UptimeRobot/2.0; http://www.uptimerobot.com/)"
77.88.47.40 - - [09/May/2018:06:29:44 -0400] "GET /2009/proceedings/2001/nspw2001-balacheff.pdf HTTP/1.1" 200 714023 "-" "Mozilla/5.0 (compatible; YandexBot/3.0; +http://yandex.com/bots)"
66.249.75.133 - - [09/May/2018:06:30:33 -0400] "GET /papers/2006/nspw2006-wang.pdf HTTP/1.1" 200 512250 "-" "Googlebot/2.1 (+http://www.google.com/bot.html)"
54.211.20.172 - - [09/May/2018:06:31:36 -0400] "GET /robots.txt HTTP/1.1" 200 4282 "http://nspw.org/robots.txt" "Go 1.1 package http"
66.249.75.133 - - [09/May/2018:06:31:39 -0400] "GET /2009/pc-gen.pl HTTP/1.1" 200 4849 "-" "Mozilla/5.0 (compatible; Googlebot/2.1; +http://www.google.com/bot.html)"
207.46.13.141 - - [09/May/2018:06:31:22 -0400] "GET /papers/2005/nspw2005-van_oorschot.pdf HTTP/1.1" 200 2314259 "-" "Mozilla/5.0 (compatible; bingbot/2.0; +http://www.bing.com/bingbot.htm)"
66.249.75.133 - - [09/May/2018:06:32:38 -0400] "GET /2009/proceedings/2000/nspw2000-atallah.pdf HTTP/1.1" 200 1294936 "-" "Googlebot/2.1 (+http://www.google.com/bot.html)"
193.255.220.62 - - [09/May/2018:06:33:08 -0400] "GET /wp-login.php HTTP/1.1" 404 8180 "-" "Mozilla/5.0 (Windows NT 6.1; WOW64; rv:40.0) Gecko/20100101 Firefox/40.1"
193.255.220.62 - - [09/May/2018:06:33:08 -0400] "GET / HTTP/1.1" 200 8298 "-" "Mozilla/5.0 (Windows NT 6.1; WOW64; rv:40.0) Gecko/20100101 Firefox/40.1"
66.249.75.135 - - [09/May/2018:06:33:29 -0400] "GET /2001/oc.html HTTP/1.1" 200 5363 "-" "Mozilla/5.0 (compatible; Googlebot/2.1; +http://www.google.com/bot.html)"
66.249.75.133 - - [09/May/2018:06:33:38 -0400] "GET /papers/2005/nspw2005-marceau.pdf HTTP/1.1" 200 2503464 "-" "Googlebot/2.1 (+http://www.google.com/bot.html)"
66.249.75.133 - - [09/May/2018:06:34:11 -0400] "GET /papers/2013/nspw2013-ard.pdf HTTP/1.1" 200 740529 "-" "Mozilla/5.0 (compatible; Googlebot/2.1; +http://www.google.com/bot.html)"
66.249.75.135 - - [09/May/2018:06:34:14 -0400] "GET /papers/2007/nspw2007-kursawe.pdf HTTP/1.1" 200 192252 "-" "Googlebot/2.1 (+http://www.google.com/bot.html)"
81.218.140.93 - - [09/May/2018:06:34:24 -0400] "GET /wp-login.php HTTP/1.1" 404 7985 "-" "Mozilla/5.0 (Windows NT 6.1; WOW64; rv:40.0) Gecko/20100101 Firefox/40.1"
81.218.140.93 - - [09/May/2018:06:34:24 -0400] "GET / HTTP/1.1" 200 8206 "-" "Mozilla/5.0 (Windows NT 6.1; WOW64; rv:40.0) Gecko/20100101 Firefox/40.1"
69.162.124.227 - - [09/May/2018:06:34:50 -0400] "HEAD / HTTP/1.1" 200 3874 "http://nspw.org/" "Mozilla/5.0+(compatible; UptimeRobot/2.0; http://www.uptimerobot.com/)"
66.249.75.133 - - [09/May/2018:06:34:57 -0400] "GET /2009/proceedings/2000/nspw2000-irvine.pdf HTTP/1.1" 200 689480 "-" "Googlebot/2.1 (+http://www.google.com/bot.html)"
54.197.81.111 - - [09/May/2018:06:35:01 -0400] "GET /robots.txt HTTP/1.1" 200 4282 "http://nspw.org/robots.txt" "Go 1.1 package http"
77.88.47.40 - - [09/May/2018:06:35:24 -0400] "GET /robots.txt HTTP/1.1" 200 5979 "-" "Mozilla/5.0 (compatible; YandexBot/3.0; +http://yandex.com/bots)"
77.88.47.40 - - [09/May/2018:06:35:27 -0400] "GET /2015/location HTTP/1.1" 200 3883 "-" "Mozilla/5.0 (compatible; YandexBot/3.0; +http://yandex.com/bots)"
199.16.157.182 - - [09/May/2018:06:36:18 -0400] "GET /robots.txt HTTP/1.1" 200 5699 "-" "Twitterbot/1.0"
185.104.185.79 - - [09/May/2018:06:37:28 -0400] "GET /wp-login.php HTTP/1.1" 404 7985 "-" "Mozilla/5.0 (Windows NT 6.1; WOW64; rv:40.0) Gecko/20100101 Firefox/40.1"
185.104.185.79 - - [09/May/2018:06:37:29 -0400] "GET / HTTP/1.1" 200 8206 "-" "Mozilla/5.0 (Windows NT 6.1; WOW64; rv:40.0) Gecko/20100101 Firefox/40.1"
66.249.75.135 - - [09/May/2018:06:37:32 -0400] "GET /2009/proceedings/1997/nspw1997-moskowitz.pdf HTTP/1.1" 200 1361656 "-" "Googlebot/2.1 (+http://www.google.com/bot.html)"
77.88.47.40 - - [09/May/2018:06:37:49 -0400] "GET /2000/program.html HTTP/1.1" 200 6080 "-" "Mozilla/5.0 (compatible; YandexBot/3.0; +http://yandex.com/bots)"
183.82.17.111 - - [09/May/2018:06:39:18 -0400] "GET /wp-login.php HTTP/1.1" 404 7491 "-" "Mozilla/5.0 (Windows NT 6.1; WOW64; rv:40.0) Gecko/20100101 Firefox/40.1"
183.82.17.111 - - [09/May/2018:06:39:18 -0400] "GET / HTTP/1.1" 200 8218 "-" "Mozilla/5.0 (Windows NT 6.1; WOW64; rv:40.0) Gecko/20100101 Firefox/40.1"
69.162.124.227 - - [09/May/2018:06:39:50 -0400] "HEAD / HTTP/1.1" 200 3874 "http://nspw.org/" "Mozilla/5.0+(compatible; UptimeRobot/2.0; http://www.uptimerobot.com/)"
92.249.220.32 - - [09/May/2018:06:40:26 -0400] "GET /wp-login.php HTTP/1.1" 404 7484 "-" "Mozilla/5.0 (Windows NT 6.1; WOW64; rv:40.0) Gecko/20100101 Firefox/40.1"
92.249.220.32 - - [09/May/2018:06:40:27 -0400] "GET / HTTP/1.1" 200 8218 "-" "Mozilla/5.0 (Windows NT 6.1; WOW64; rv:40.0) Gecko/20100101 Firefox/40.1"
77.88.47.40 - - [09/May/2018:06:41:03 -0400] "GET /papers/2012/ HTTP/1.1" 200 6357 "-" "Mozilla/5.0 (compatible; YandexBot/3.0; +http://yandex.com/bots)"
77.88.47.40 - - [09/May/2018:06:41:46 -0400] "GET /2008/dates.shtml HTTP/1.1" 200 5158 "-" "Mozilla/5.0 (compatible; YandexBot/3.0; +http://yandex.com/bots)"
77.88.47.40 - - [09/May/2018:06:42:36 -0400] "GET /2007/program.shtml HTTP/1.1" 200 6587 "-" "Mozilla/5.0 (compatible; YandexBot/3.0; +http://yandex.com/bots)"
197.231.64.57 - - [09/May/2018:06:43:23 -0400] "GET /wp-login.php HTTP/1.1" 404 8180 "-" "Mozilla/5.0 (Windows NT 6.1; WOW64; rv:40.0) Gecko/20100101 Firefox/40.1"
197.231.64.57 - - [09/May/2018:06:43:23 -0400] "GET / HTTP/1.1" 200 8298 "-" "Mozilla/5.0 (Windows NT 6.1; WOW64; rv:40.0) Gecko/20100101 Firefox/40.1"
66.249.75.135 - - [09/May/2018:06:43:29 -0400] "GET /2009/proceedings/2005/nspw2005-taylor-pos.pdf HTTP/1.1" 200 464271 "-" "Googlebot/2.1 (+http://www.google.com/bot.html)"
77.88.47.40 - - [09/May/2018:06:43:49 -0400] "GET /proceedings/2005 HTTP/1.1" 200 7199 "-" "Mozilla/5.0 (compatible; YandexBot/3.0; +http://yandex.com/bots)"
41.189.179.238 - - [09/May/2018:06:44:08 -0400] "GET /wp-login.php HTTP/1.1" 404 7985 "-" "Mozilla/5.0 (Windows NT 6.1; WOW64; rv:40.0) Gecko/20100101 Firefox/40.1"
41.189.179.238 - - [09/May/2018:06:44:11 -0400] "GET / HTTP/1.1" 200 8206 "-" "Mozilla/5.0 (Windows NT 6.1; WOW64; rv:40.0) Gecko/20100101 Firefox/40.1"
204.79.180.23 - - [09/May/2018:06:44:33 -0400] "GET / HTTP/1.1" 200 6108 "-" "Mozilla/5.0 (compatible; MSIE 9.0; Windows NT 6.1; Trident/5.0;  Trident/5.0)"
204.79.180.23 - - [09/May/2018:06:44:33 -0400] "GET /modules/system/system.base.css?p7r9uw HTTP/1.1" 200 2303 "https://www.nspw.org/" "Mozilla/5.0 (compatible; MSIE 9.0; Windows NT 6.1; Trident/5.0;  Trident/5.0)"
204.79.180.23 - - [09/May/2018:06:44:35 -0400] "GET /modules/comment/comment.css?p7r9uw HTTP/1.1" 200 517 "https://www.nspw.org/" "Mozilla/5.0 (compatible; MSIE 9.0; Windows NT 6.1; Trident/5.0;  Trident/5.0)"
204.79.180.23 - - [09/May/2018:06:44:35 -0400] "GET /modules/field/theme/field.css?p7r9uw HTTP/1.1" 200 597 "https://www.nspw.org/" "Mozilla/5.0 (compatible; MSIE 9.0; Windows NT 6.1; Trident/5.0;  Trident/5.0)"
204.79.180.23 - - [09/May/2018:06:44:35 -0400] "GET /modules/node/node.css?p7r9uw HTTP/1.1" 200 469 "https://www.nspw.org/" "Mozilla/5.0 (compatible; MSIE 9.0; Windows NT 6.1; Trident/5.0;  Trident/5.0)"
204.79.180.15 - - [09/May/2018:06:44:35 -0400] "GET /modules/system/system.messages.css?p7r9uw HTTP/1.1" 200 906 "https://www.nspw.org/" "Mozilla/5.0 (compatible; MSIE 9.0; Windows NT 6.1; Trident/5.0;  Trident/5.0)"
204.79.180.23 - - [09/May/2018:06:44:35 -0400] "GET /modules/user/user.css?p7r9uw HTTP/1.1" 200 1061 "https://www.nspw.org/" "Mozilla/5.0 (compatible; MSIE 9.0; Windows NT 6.1; Trident/5.0;  Trident/5.0)"
204.79.180.23 - - [09/May/2018:06:44:36 -0400] "GET /themes/garland/style.css?p7r9uw HTTP/1.1" 200 5375 "https://www.nspw.org/" "Mozilla/5.0 (compatible; MSIE 9.0; Windows NT 6.1; Trident/5.0;  Trident/5.0)"
204.79.180.15 - - [09/May/2018:06:44:36 -0400] "GET /themes/garland/print.css?p7r9uw HTTP/1.1" 200 773 "https://www.nspw.org/" "Mozilla/5.0 (compatible; MSIE 9.0; Windows NT 6.1; Trident/5.0;  Trident/5.0)"
204.79.180.15 - - [09/May/2018:06:44:36 -0400] "GET /misc/jquery.once.js?v=1.2 HTTP/1.1" 200 1445 "https://www.nspw.org/" "Mozilla/5.0 (compatible; MSIE 9.0; Windows NT 6.1; Trident/5.0;  Trident/5.0)"
204.79.180.23 - - [09/May/2018:06:44:36 -0400] "GET /misc/jquery.js?v=1.4.4 HTTP/1.1" 200 27630 "https://www.nspw.org/" "Mozilla/5.0 (compatible; MSIE 9.0; Windows NT 6.1; Trident/5.0;  Trident/5.0)"
204.79.180.23 - - [09/May/2018:06:44:37 -0400] "GET /misc/drupal.js?p7r9uw HTTP/1.1" 200 7375 "https://www.nspw.org/" "Mozilla/5.0 (compatible; MSIE 9.0; Windows NT 6.1; Trident/5.0;  Trident/5.0)"
204.79.180.23 - - [09/May/2018:06:44:37 -0400] "GET /sites/default/files/nspw-logo-smaller.jpg HTTP/1.1" 200 2554 "https://www.nspw.org/" "Mozilla/5.0 (compatible; MSIE 9.0; Windows NT 6.1; Trident/5.0;  Trident/5.0)"
204.79.180.3 - - [09/May/2018:06:44:38 -0400] "GET /modules/system/system.theme.css?p7r9uw HTTP/1.1" 200 1738 "https://www.nspw.org/" "Mozilla/5.0 (compatible; MSIE 9.0; Windows NT 6.1; Trident/5.0;  Trident/5.0)"
77.88.47.40 - - [09/May/2018:06:44:50 -0400] "GET /papers/2013/?C=S;O=D HTTP/1.1" 200 4381 "-" "Mozilla/5.0 (compatible; YandexBot/3.0; +http://yandex.com/bots)"
69.162.124.227 - - [09/May/2018:06:44:51 -0400] "HEAD / HTTP/1.1" 200 3874 "http://nspw.org/" "Mozilla/5.0+(compatible; UptimeRobot/2.0; http://www.uptimerobot.com/)"
204.79.180.8 - - [09/May/2018:06:44:56 -0400] "GET /modules/system/system.menus.css?p7r9uw HTTP/1.1" 200 1178 "https://www.nspw.org/" "Mozilla/5.0 (compatible; MSIE 9.0; Windows NT 6.1; Trident/5.0;  Trident/5.0)"
204.79.180.8 - - [09/May/2018:06:44:57 -0400] "GET /themes/garland/images/body.png HTTP/1.1" 200 997 "https://www.nspw.org/" "Mozilla/5.0 (compatible; MSIE 9.0; Windows NT 6.1; Trident/5.0;  Trident/5.0)"
204.79.180.8 - - [09/May/2018:06:44:57 -0400] "GET /themes/garland/images/bg-navigation-item-hover.png HTTP/1.1" 200 757 "https://www.nspw.org/" "Mozilla/5.0 (compatible; MSIE 9.0; Windows NT 6.1; Trident/5.0;  Trident/5.0)"
204.79.180.8 - - [09/May/2018:06:44:57 -0400] "GET /themes/garland/images/bg-navigation-item.png HTTP/1.1" 200 821 "https://www.nspw.org/" "Mozilla/5.0 (compatible; MSIE 9.0; Windows NT 6.1; Trident/5.0;  Trident/5.0)"
204.79.180.8 - - [09/May/2018:06:44:57 -0400] "GET /themes/garland/images/bg-content.png HTTP/1.1" 200 805 "https://www.nspw.org/" "Mozilla/5.0 (compatible; MSIE 9.0; Windows NT 6.1; Trident/5.0;  Trident/5.0)"
204.79.180.8 - - [09/May/2018:06:44:57 -0400] "GET /themes/garland/images/bg-content-right.png HTTP/1.1" 200 3178 "https://www.nspw.org/" "Mozilla/5.0 (compatible; MSIE 9.0; Windows NT 6.1; Trident/5.0;  Trident/5.0)"
204.79.180.8 - - [09/May/2018:06:44:58 -0400] "GET /themes/garland/images/bg-content-left.png HTTP/1.1" 200 3242 "https://www.nspw.org/" "Mozilla/5.0 (compatible; MSIE 9.0; Windows NT 6.1; Trident/5.0;  Trident/5.0)"
204.79.180.3 - - [09/May/2018:06:44:58 -0400] "GET /themes/garland/images/menu-expanded.gif HTTP/1.1" 200 650 "https://www.nspw.org/" "Mozilla/5.0 (compatible; MSIE 9.0; Windows NT 6.1; Trident/5.0;  Trident/5.0)"
204.79.180.0 - - [09/May/2018:06:44:58 -0400] "GET /themes/garland/images/menu-leaf.gif HTTP/1.1" 200 634 "https://www.nspw.org/" "Mozilla/5.0 (compatible; MSIE 9.0; Windows NT 6.1; Trident/5.0;  Trident/5.0)"
204.79.180.6 - - [09/May/2018:06:45:00 -0400] "GET /themes/garland/images/menu-collapsed.gif HTTP/1.1" 200 650 "https://www.nspw.org/" "Mozilla/5.0 (compatible; MSIE 9.0; Windows NT 6.1; Trident/5.0;  Trident/5.0)"
124.189.4.110 - - [09/May/2018:06:45:05 -0400] "GET /wp-login.php HTTP/1.1" 404 8180 "-" "Mozilla/5.0 (Windows NT 6.1; WOW64; rv:40.0) Gecko/20100101 Firefox/40.1"
124.189.4.110 - - [09/May/2018:06:45:06 -0400] "GET / HTTP/1.1" 200 8298 "-" "Mozilla/5.0 (Windows NT 6.1; WOW64; rv:40.0) Gecko/20100101 Firefox/40.1"
73.41.227.33 - - [09/May/2018:06:45:10 -0400] "GET /wp-login.php HTTP/1.1" 404 7985 "-" "Mozilla/5.0 (Windows NT 6.1; WOW64; rv:40.0) Gecko/20100101 Firefox/40.1"
73.41.227.33 - - [09/May/2018:06:45:10 -0400] "GET / HTTP/1.1" 200 8206 "-" "Mozilla/5.0 (Windows NT 6.1; WOW64; rv:40.0) Gecko/20100101 Firefox/40.1"
66.249.75.133 - - [09/May/2018:06:45:58 -0400] "GET /papers/2010/nspw2010-raskin.pdf HTTP/1.1" 200 610901 "-" "Googlebot/2.1 (+http://www.google.com/bot.html)"
207.46.13.141 - - [09/May/2018:06:47:43 -0400] "GET /2009/proceedings/1997/nspw1997-somayaji.pdf HTTP/1.1" 200 53864 "-" "Mozilla/5.0 (compatible; bingbot/2.0; +http://www.bing.com/bingbot.htm)"
77.88.47.40 - - [09/May/2018:06:47:21 -0400] "GET /papers/2001/nspw2001-sekar.pdf HTTP/1.1" 200 760504 "-" "Mozilla/5.0 (compatible; YandexBot/3.0; +http://yandex.com/bots)"
77.88.47.40 - - [09/May/2018:06:47:58 -0400] "GET /papers/2010/?C=D;O=D HTTP/1.1" 200 940 "-" "Mozilla/5.0 (compatible; YandexBot/3.0; +http://yandex.com/bots)"
66.249.75.135 - - [09/May/2018:06:48:36 -0400] "GET /papers/2001/nspw2001-yan.pdf HTTP/1.1" 200 510133 "-" "Mozilla/5.0 (Linux; Android 6.0.1; Nexus 5X Build/MMB29P) AppleWebKit/537.36 (KHTML, like Gecko) Chrome/41.0.2272.96 Mobile Safari/537.36 (compatible; Googlebot/2.1; +http://www.google.com/bot.html)"
139.162.116.133 - - [09/May/2018:06:49:33 -0400] "GET / HTTP/1.1" 200 11394 "-" "Go-http-client/1.1"
220.181.51.79 - - [09/May/2018:06:49:48 -0400] "GET / HTTP/1.1" 200 11573 "-" "Mozilla/5.0 (Windows NT 10.0; WOW64) AppleWebKit/537.36 (KHTML, like Gecko) Chrome/45.0.2454.93 Safari/537.36"
69.162.124.227 - - [09/May/2018:06:49:51 -0400] "HEAD / HTTP/1.1" 200 3874 "http://nspw.org/" "Mozilla/5.0+(compatible; UptimeRobot/2.0; http://www.uptimerobot.com/)"
66.249.75.137 - - [09/May/2018:06:50:18 -0400] "GET /2004/cfp2004.txt HTTP/1.1" 200 6055 "-" "Mozilla/5.0 (compatible; Googlebot/2.1; +http://www.google.com/bot.html)"
66.249.75.133 - - [09/May/2018:06:51:47 -0400] "GET /2000/pc.html HTTP/1.1" 200 5221 "-" "Mozilla/5.0 (compatible; Googlebot/2.1; +http://www.google.com/bot.html)"
77.88.47.40 - - [09/May/2018:06:52:35 -0400] "GET /2003/nspw-footer.html HTTP/1.1" 200 4234 "-" "Mozilla/5.0 (compatible; YandexBot/3.0; +http://yandex.com/bots)"
170.83.225.27 - - [09/May/2018:06:53:47 -0400] "GET /wp-login.php HTTP/1.1" 404 7484 "-" "Mozilla/5.0 (Windows NT 6.1; WOW64; rv:40.0) Gecko/20100101 Firefox/40.1"
170.83.225.27 - - [09/May/2018:06:53:49 -0400] "GET / HTTP/1.1" 200 8218 "-" "Mozilla/5.0 (Windows NT 6.1; WOW64; rv:40.0) Gecko/20100101 Firefox/40.1"
77.88.47.40 - - [09/May/2018:06:54:38 -0400] "GET /2002/oc.shtml HTTP/1.1" 200 5431 "-" "Mozilla/5.0 (compatible; YandexBot/3.0; +http://yandex.com/bots)"
69.162.124.227 - - [09/May/2018:06:54:50 -0400] "HEAD / HTTP/1.1" 200 3874 "http://nspw.org/" "Mozilla/5.0+(compatible; UptimeRobot/2.0; http://www.uptimerobot.com/)"
66.249.75.133 - - [09/May/2018:06:55:08 -0400] "GET /2009/proceedings/2003/nspw2003-flechais.pdf HTTP/1.1" 200 904662 "-" "Googlebot/2.1 (+http://www.google.com/bot.html)"
66.249.75.135 - - [09/May/2018:06:55:28 -0400] "GET /cfp/nspw2010-cfp.pdf HTTP/1.1" 200 60166 "-" "Googlebot/2.1 (+http://www.google.com/bot.html)"
66.249.75.133 - - [09/May/2018:06:55:43 -0400] "GET /papers/2006/nspw2006-gutmann.pdf HTTP/1.1" 200 103440 "-" "Mozilla/5.0 (compatible; Googlebot/2.1; +http://www.google.com/bot.html)"
66.249.75.133 - - [09/May/2018:06:55:59 -0400] "GET /2009/proceedings/2009/nspw2009-probst.pdf HTTP/1.1" 200 205895 "-" "Googlebot/2.1 (+http://www.google.com/bot.html)"
77.88.47.40 - - [09/May/2018:06:56:01 -0400] "GET /2010/papers HTTP/1.1" 200 7323 "-" "Mozilla/5.0 (compatible; YandexBot/3.0; +http://yandex.com/bots)"
208.94.232.6 - - [09/May/2018:06:57:02 -0400] "HEAD /papers/1993/nspw1993-hosmer.pdf HTTP/1.1" 200 3787 "-" "Mozilla/5.0 (Windows NT 10.0; Win64; x64; rv:58.0) Gecko/20100101 Firefox/58.0"
77.88.47.40 - - [09/May/2018:06:58:01 -0400] "GET /2005/pc-gen.pl HTTP/1.1" 200 4878 "-" "Mozilla/5.0 (compatible; YandexBot/3.0; +http://yandex.com/bots)"
207.46.13.165 - - [09/May/2018:06:57:55 -0400] "GET /papers/2010/nspw2010-franz.pdf HTTP/1.1" 200 1973895 "-" "Mozilla/5.0 (iPhone; CPU iPhone OS 7_0 like Mac OS X) AppleWebKit/537.51.1 (KHTML, like Gecko) Version/7.0 Mobile/11A465 Safari/9537.53 (compatible; bingbot/2.0; +http://www.bing.com/bingbot.htm)"
66.249.75.133 - - [09/May/2018:06:59:17 -0400] "GET /papers/1999/nspw1999-markham.pdf HTTP/1.1" 200 447561 "-" "Googlebot/2.1 (+http://www.google.com/bot.html)"
66.249.75.133 - - [09/May/2018:06:59:32 -0400] "GET /2009/proceedings/2004/nspw2004-popescu.pdf HTTP/1.1" 200 131364 "-" "Googlebot/2.1 (+http://www.google.com/bot.html)"
41.203.157.31 - - [09/May/2018:06:59:42 -0400] "GET /wp-login.php HTTP/1.1" 404 7495 "-" "Mozilla/5.0 (Windows NT 6.1; WOW64; rv:40.0) Gecko/20100101 Firefox/40.1"
41.203.157.31 - - [09/May/2018:06:59:43 -0400] "GET / HTTP/1.1" 200 8218 "-" "Mozilla/5.0 (Windows NT 6.1; WOW64; rv:40.0) Gecko/20100101 Firefox/40.1"
69.162.124.227 - - [09/May/2018:06:59:51 -0400] "HEAD / HTTP/1.1" 200 3874 "http://nspw.org/" "Mozilla/5.0+(compatible; UptimeRobot/2.0; http://www.uptimerobot.com/)"
66.249.75.135 - - [09/May/2018:07:00:32 -0400] "GET /papers/2005/nspw2005-bishop-panel.pdf HTTP/1.1" 200 354905 "-" "Googlebot/2.1 (+http://www.google.com/bot.html)"
66.249.75.137 - - [09/May/2018:07:01:24 -0400] "GET /2009/proceedings/2013/nspw2013-zhao.pdf HTTP/1.1" 200 1019444 "-" "Googlebot/2.1 (+http://www.google.com/bot.html)"
66.249.75.133 - - [09/May/2018:07:01:42 -0400] "GET /2009/proceedings/1998/nspw1998-riechmann.pdf HTTP/1.1" 200 727618 "-" "Googlebot/2.1 (+http://www.google.com/bot.html)"
66.249.75.133 - - [09/May/2018:07:02:17 -0400] "GET /2000/oc.html HTTP/1.1" 200 5310 "-" "Mozilla/5.0 (compatible; Googlebot/2.1; +http://www.google.com/bot.html)"
66.249.75.133 - - [09/May/2018:07:02:22 -0400] "GET /papers/2008/nspw2008-herley.pdf HTTP/1.1" 200 408970 "-" "Googlebot/2.1 (+http://www.google.com/bot.html)"
66.249.75.135 - - [09/May/2018:07:03:05 -0400] "GET /papers/2003/nspw2003-alkassar.pdf HTTP/1.1" 200 787955 "-" "Googlebot/2.1 (+http://www.google.com/bot.html)"
77.88.47.40 - - [09/May/2018:07:03:06 -0400] "GET /2009/proceedings/2005/?C=S;O=A HTTP/1.1" 200 4489 "-" "Mozilla/5.0 (compatible; YandexBot/3.0; +http://yandex.com/bots)"
66.249.75.133 - - [09/May/2018:07:03:30 -0400] "GET /2009/proceedings/2010/nspw2010-raskin.pdf HTTP/1.1" 200 610901 "-" "Googlebot/2.1 (+http://www.google.com/bot.html)"
5.45.136.35 - - [09/May/2018:07:04:04 -0400] "GET /wp-login.php HTTP/1.1" 404 7985 "-" "Mozilla/5.0 (Windows NT 6.1; WOW64; rv:40.0) Gecko/20100101 Firefox/40.1"
5.45.136.35 - - [09/May/2018:07:04:04 -0400] "GET / HTTP/1.1" 200 8206 "-" "Mozilla/5.0 (Windows NT 6.1; WOW64; rv:40.0) Gecko/20100101 Firefox/40.1"
66.249.75.135 - - [09/May/2018:07:04:39 -0400] "GET /papers/2009/nspw2009-probst.pdf HTTP/1.1" 200 205895 "-" "Mozilla/5.0 (compatible; Googlebot/2.1; +http://www.google.com/bot.html)"
69.162.124.227 - - [09/May/2018:07:04:50 -0400] "HEAD / HTTP/1.1" 200 3874 "http://nspw.org/" "Mozilla/5.0+(compatible; UptimeRobot/2.0; http://www.uptimerobot.com/)"
119.95.80.251 - - [09/May/2018:07:05:19 -0400] "GET /wp-login.php HTTP/1.1" 404 7491 "-" "Mozilla/5.0 (Windows NT 6.1; WOW64; rv:40.0) Gecko/20100101 Firefox/40.1"
119.95.80.251 - - [09/May/2018:07:05:20 -0400] "GET / HTTP/1.1" 200 8218 "-" "Mozilla/5.0 (Windows NT 6.1; WOW64; rv:40.0) Gecko/20100101 Firefox/40.1"
66.249.75.135 - - [09/May/2018:07:05:29 -0400] "GET /2009/proceedings/1994/nspw1994-hamilton.pdf HTTP/1.1" 200 632530 "-" "Googlebot/2.1 (+http://www.google.com/bot.html)"
66.249.75.133 - - [09/May/2018:07:05:30 -0400] "GET /papers/2006/nspw2006-wang.pdf HTTP/1.1" 200 512250 "-" "Googlebot/2.1 (+http://www.google.com/bot.html)"
66.249.75.133 - - [09/May/2018:07:05:34 -0400] "GET /papers/2001/nspw2001-zhang.pdf HTTP/1.1" 200 601879 "-" "Googlebot/2.1 (+http://www.google.com/bot.html)"
66.249.75.133 - - [09/May/2018:07:05:35 -0400] "GET /papers/1996/nspw1996-josang.pdf HTTP/1.1" 200 1235130 "-" "Googlebot/2.1 (+http://www.google.com/bot.html)"
66.249.75.133 - - [09/May/2018:07:06:22 -0400] "GET /papers/2003/nspw2003-jones.pdf HTTP/1.1" 200 723305 "-" "Googlebot/2.1 (+http://www.google.com/bot.html)"
66.249.75.133 - - [09/May/2018:07:06:44 -0400] "GET /2009/proceedings/1993/nspw1993-baker.pdf HTTP/1.1" 200 537824 "-" "Googlebot/2.1 (+http://www.google.com/bot.html)"
164.160.12.37 - - [09/May/2018:07:08:22 -0400] "GET /wp-login.php HTTP/1.1" 404 7484 "-" "Mozilla/5.0 (Windows NT 6.1; WOW64; rv:40.0) Gecko/20100101 Firefox/40.1"
164.160.12.37 - - [09/May/2018:07:08:22 -0400] "GET / HTTP/1.1" 200 8218 "-" "Mozilla/5.0 (Windows NT 6.1; WOW64; rv:40.0) Gecko/20100101 Firefox/40.1"
66.249.75.137 - - [09/May/2018:07:09:32 -0400] "GET /papers/2002/nspw2002-moskowitz.pdf HTTP/1.1" 200 2048989 "-" "Googlebot/2.1 (+http://www.google.com/bot.html)"
69.162.124.227 - - [09/May/2018:07:09:50 -0400] "HEAD / HTTP/1.1" 200 3874 "http://nspw.org/" "Mozilla/5.0+(compatible; UptimeRobot/2.0; http://www.uptimerobot.com/)"
66.249.75.135 - - [09/May/2018:07:10:41 -0400] "GET /2009/proceedings/2005/nspw2005-flechais.pdf HTTP/1.1" 200 2796418 "-" "Googlebot/2.1 (+http://www.google.com/bot.html)"
66.249.75.133 - - [09/May/2018:07:10:51 -0400] "GET /2009/proceedings/2009/nspw2009-herley.pdf HTTP/1.1" 200 189194 "-" "Googlebot/2.1 (+http://www.google.com/bot.html)"
117.216.125.110 - - [09/May/2018:07:11:35 -0400] "GET /wp-login.php HTTP/1.1" 404 7484 "-" "Mozilla/5.0 (Windows NT 6.1; WOW64; rv:40.0) Gecko/20100101 Firefox/40.1"
117.216.125.110 - - [09/May/2018:07:11:39 -0400] "GET / HTTP/1.1" 200 8218 "-" "Mozilla/5.0 (Windows NT 6.1; WOW64; rv:40.0) Gecko/20100101 Firefox/40.1"
66.249.75.137 - - [09/May/2018:07:12:16 -0400] "GET /2009/proceedings/1997/nspw1997-mambo.pdf HTTP/1.1" 200 1056899 "-" "Googlebot/2.1 (+http://www.google.com/bot.html)"
207.46.13.165 - - [09/May/2018:07:12:05 -0400] "GET /papers/1993/nspw1993-rooker.pdf HTTP/1.1" 200 463284 "-" "Mozilla/5.0 (iPhone; CPU iPhone OS 7_0 like Mac OS X) AppleWebKit/537.51.1 (KHTML, like Gecko) Version/7.0 Mobile/11A465 Safari/9537.53 (compatible; bingbot/2.0; +http://www.bing.com/bingbot.htm)"
66.249.75.133 - - [09/May/2018:07:13:06 -0400] "GET /2009/proceedings/2004/nspw2004-zhou.pdf HTTP/1.1" 200 198793 "-" "Googlebot/2.1 (+http://www.google.com/bot.html)"
66.249.75.133 - - [09/May/2018:07:13:26 -0400] "GET /cfp/nspw2012-cfp.pdf HTTP/1.1" 200 51448 "-" "Mozilla/5.0 (compatible; Googlebot/2.1; +http://www.google.com/bot.html)"
66.249.75.133 - - [09/May/2018:07:13:38 -0400] "GET /2009/proceedings/1993/nspw1993-howe.pdf HTTP/1.1" 200 396733 "-" "Googlebot/2.1 (+http://www.google.com/bot.html)"
66.249.75.133 - - [09/May/2018:07:13:40 -0400] "GET /papers/2009/nspw2009-church.pdf HTTP/1.1" 200 280249 "-" "Googlebot/2.1 (+http://www.google.com/bot.html)"
66.249.75.133 - - [09/May/2018:07:13:53 -0400] "GET /2009/proceedings/1998/nspw1998-slater.pdf HTTP/1.1" 200 863914 "-" "Googlebot/2.1 (+http://www.google.com/bot.html)"
66.249.75.135 - - [09/May/2018:07:14:43 -0400] "GET /2009/proceedings/2007/nspw2007-nali.pdf HTTP/1.1" 200 878633 "-" "Googlebot/2.1 (+http://www.google.com/bot.html)"
66.249.75.133 - - [09/May/2018:07:14:47 -0400] "GET /papers/1997/nspw1997-somayaji.pdf HTTP/1.1" 200 53389 "-" "Googlebot/2.1 (+http://www.google.com/bot.html)"
69.162.124.227 - - [09/May/2018:07:14:50 -0400] "HEAD / HTTP/1.1" 200 3874 "http://nspw.org/" "Mozilla/5.0+(compatible; UptimeRobot/2.0; http://www.uptimerobot.com/)"
66.249.75.133 - - [09/May/2018:07:14:59 -0400] "GET /papers/2006/nspw2006-conti.pdf HTTP/1.1" 200 142706 "-" "Googlebot/2.1 (+http://www.google.com/bot.html)"
181.10.81.33 - - [09/May/2018:07:15:27 -0400] "GET /wp-login.php HTTP/1.1" 404 7484 "-" "Mozilla/5.0 (Windows NT 6.1; WOW64; rv:40.0) Gecko/20100101 Firefox/40.1"
86.173.188.208 - - [09/May/2018:07:15:28 -0400] "GET /wp-login.php HTTP/1.1" 404 7839 "-" "Mozilla/5.0 (Windows NT 6.1; WOW64; rv:40.0) Gecko/20100101 Firefox/40.1"
181.10.81.33 - - [09/May/2018:07:15:28 -0400] "GET / HTTP/1.1" 200 8218 "-" "Mozilla/5.0 (Windows NT 6.1; WOW64; rv:40.0) Gecko/20100101 Firefox/40.1"
86.173.188.208 - - [09/May/2018:07:15:28 -0400] "GET / HTTP/1.1" 200 8218 "-" "Mozilla/5.0 (Windows NT 6.1; WOW64; rv:40.0) Gecko/20100101 Firefox/40.1"
66.249.75.135 - - [09/May/2018:07:15:33 -0400] "GET /papers/2011/nspw2011-gutmann.pdf HTTP/1.1" 200 454650 "-" "Googlebot/2.1 (+http://www.google.com/bot.html)"
66.249.75.133 - - [09/May/2018:07:15:43 -0400] "GET /papers/2006/nspw2006-gates.pdf HTTP/1.1" 200 149498 "-" "Googlebot/2.1 (+http://www.google.com/bot.html)"
207.46.13.141 - - [09/May/2018:07:15:33 -0400] "GET /papers/1994/nspw1994-castano.pdf HTTP/1.1" 200 639376 "-" "Mozilla/5.0 (iPhone; CPU iPhone OS 7_0 like Mac OS X) AppleWebKit/537.51.1 (KHTML, like Gecko) Version/7.0 Mobile/11A465 Safari/9537.53 (compatible; bingbot/2.0; +http://www.bing.com/bingbot.htm)"
103.47.66.30 - - [09/May/2018:07:16:30 -0400] "GET /wp-login.php HTTP/1.1" 404 7484 "-" "Mozilla/5.0 (Windows NT 6.1; WOW64; rv:40.0) Gecko/20100101 Firefox/40.1"
103.47.66.30 - - [09/May/2018:07:16:32 -0400] "GET / HTTP/1.1" 200 8218 "-" "Mozilla/5.0 (Windows NT 6.1; WOW64; rv:40.0) Gecko/20100101 Firefox/40.1"
107.21.1.8 - - [09/May/2018:07:16:51 -0400] "GET / HTTP/1.1" 200 6440 "https://www.nspw.org/" "Mozilla/5.0 (compatible; DuckDuckGo-Favicons-Bot/1.0; +http://duckduckgo.com)"
107.21.1.8 - - [09/May/2018:07:16:51 -0400] "GET /favicon.ico HTTP/1.1" 404 700 "https://www.nspw.org/favicon.ico" "Mozilla/5.0 (compatible; DuckDuckGo-Favicons-Bot/1.0; +http://duckduckgo.com)"
107.21.1.8 - - [09/May/2018:07:16:51 -0400] "GET /favicon.ico HTTP/1.1" 404 700 "https://www.nspw.org/favicon.ico" "Mozilla/5.0 (compatible; DuckDuckGo-Favicons-Bot/1.0; +http://duckduckgo.com)"
66.249.75.133 - - [09/May/2018:07:16:54 -0400] "GET /2006/pre-proceedings/greenwald.pdf HTTP/1.1" 404 8061 "-" "Googlebot/2.1 (+http://www.google.com/bot.html)"
66.249.75.135 - - [09/May/2018:07:17:47 -0400] "GET /papers/1994/nspw1994-castano.pdf HTTP/1.1" 200 638901 "-" "Googlebot/2.1 (+http://www.google.com/bot.html)"
14.34.77.200 - - [09/May/2018:07:18:24 -0400] "GET /wp-login.php HTTP/1.1" 404 8176 "-" "Mozilla/5.0 (Windows NT 6.1; WOW64; rv:40.0) Gecko/20100101 Firefox/40.1"
14.34.77.200 - - [09/May/2018:07:18:25 -0400] "GET / HTTP/1.1" 200 8298 "-" "Mozilla/5.0 (Windows NT 6.1; WOW64; rv:40.0) Gecko/20100101 Firefox/40.1"
207.46.13.165 - - [09/May/2018:07:18:03 -0400] "GET /papers/1994/nspw1994-ovchinnikov.pdf HTTP/1.1" 200 796760 "-" "Mozilla/5.0 (iPhone; CPU iPhone OS 7_0 like Mac OS X) AppleWebKit/537.51.1 (KHTML, like Gecko) Version/7.0 Mobile/11A465 Safari/9537.53 (compatible; bingbot/2.0; +http://www.bing.com/bingbot.htm)"
66.249.75.135 - - [09/May/2018:07:19:03 -0400] "GET /2009/proceedings/2013-pre/waste-style.pdf HTTP/1.1" 404 8097 "-" "Googlebot/2.1 (+http://www.google.com/bot.html)"
94.35.160.133 - - [09/May/2018:07:19:30 -0400] "GET /wp-login.php HTTP/1.1" 404 7907 "-" "Mozilla/5.0 (Windows NT 6.1; WOW64; rv:40.0) Gecko/20100101 Firefox/40.1"
94.35.160.133 - - [09/May/2018:07:19:31 -0400] "GET / HTTP/1.1" 200 8218 "-" "Mozilla/5.0 (Windows NT 6.1; WOW64; rv:40.0) Gecko/20100101 Firefox/40.1"
66.249.75.133 - - [09/May/2018:07:19:50 -0400] "GET /papers/2000/nspw2000-kahn.pdf HTTP/1.1" 200 592892 "-" "Googlebot/2.1 (+http://www.google.com/bot.html)"
69.162.124.227 - - [09/May/2018:07:19:51 -0400] "HEAD / HTTP/1.1" 200 3874 "http://nspw.org/" "Mozilla/5.0+(compatible; UptimeRobot/2.0; http://www.uptimerobot.com/)"
66.249.69.42 - - [09/May/2018:07:20:49 -0400] "GET /2002/local.shtml HTTP/1.1" 200 4752 "-" "Mozilla/5.0 (compatible; Googlebot/2.1; +http://www.google.com/bot.html)"
103.84.144.185 - - [09/May/2018:07:20:50 -0400] "GET /wp-login.php HTTP/1.1" 404 7985 "-" "Mozilla/5.0 (Windows NT 6.1; WOW64; rv:40.0) Gecko/20100101 Firefox/40.1"
66.249.75.133 - - [09/May/2018:07:20:57 -0400] "GET /papers/2004/nspw2004-sadeghi.pdf HTTP/1.1" 200 226318 "-" "Googlebot/2.1 (+http://www.google.com/bot.html)"
66.249.75.137 - - [09/May/2018:07:21:14 -0400] "GET /2009/proceedings/2001/nspw2001-foley.pdf HTTP/1.1" 200 722674 "-" "Googlebot/2.1 (+http://www.google.com/bot.html)"
66.249.75.133 - - [09/May/2018:07:22:04 -0400] "GET /2005/cfp/latex/macros.sty HTTP/1.1" 200 14425 "-" "Mozilla/5.0 (compatible; Googlebot/2.1; +http://www.google.com/bot.html)"
66.249.75.133 - - [09/May/2018:07:22:58 -0400] "GET /papers/2000/nspw2000-atallah.pdf HTTP/1.1" 200 1294936 "-" "Googlebot/2.1 (+http://www.google.com/bot.html)"
66.249.75.133 - - [09/May/2018:07:23:21 -0400] "GET /2004/pre-proceedings/haldar.pdf HTTP/1.1" 404 8055 "-" "Googlebot/2.1 (+http://www.google.com/bot.html)"
66.249.75.135 - - [09/May/2018:07:23:27 -0400] "GET /2009/proceedings/2004/nspw2004-flinn.pdf HTTP/1.1" 200 246222 "-" "Googlebot/2.1 (+http://www.google.com/bot.html)"
66.249.75.137 - - [09/May/2018:07:24:05 -0400] "GET /papers/1998/nspw1998-kahn.pdf HTTP/1.1" 200 1162793 "-" "Googlebot/2.1 (+http://www.google.com/bot.html)"
66.249.75.133 - - [09/May/2018:07:24:10 -0400] "GET /2009/proceedings/1998/nspw1998-cowan.pdf HTTP/1.1" 200 1091375 "-" "Googlebot/2.1 (+http://www.google.com/bot.html)"
77.88.47.40 - - [09/May/2018:07:24:23 -0400] "GET /2014/dates HTTP/1.1" 200 6577 "-" "Mozilla/5.0 (compatible; YandexBot/3.0; +http://yandex.com/bots)"
66.249.75.133 - - [09/May/2018:07:24:33 -0400] "GET /2009/proceedings/1994/nspw1994-lin.pdf HTTP/1.1" 200 704150 "-" "Googlebot/2.1 (+http://www.google.com/bot.html)"
66.249.75.133 - - [09/May/2018:07:24:41 -0400] "GET /papers/2009/nspw2009-jakobsson.pdf HTTP/1.1" 200 293734 "-" "Googlebot/2.1 (+http://www.google.com/bot.html)"
69.162.124.227 - - [09/May/2018:07:24:50 -0400] "HEAD / HTTP/1.1" 200 3874 "http://nspw.org/" "Mozilla/5.0+(compatible; UptimeRobot/2.0; http://www.uptimerobot.com/)"
66.249.75.133 - - [09/May/2018:07:25:14 -0400] "GET /papers/1993/nspw1993-shockley.pdf HTTP/1.1" 200 793853 "-" "Googlebot/2.1 (+http://www.google.com/bot.html)"
66.249.75.133 - - [09/May/2018:07:25:35 -0400] "GET /2009/proceedings/2005/nspw2005-beznosov.pdf HTTP/1.1" 200 1827053 "-" "Googlebot/2.1 (+http://www.google.com/bot.html)"
66.249.75.133 - - [09/May/2018:07:26:00 -0400] "GET /2009/proceedings/1996/nspw1996-serban.pdf HTTP/1.1" 200 510809 "-" "Googlebot/2.1 (+http://www.google.com/bot.html)"
103.57.134.10 - - [09/May/2018:07:26:12 -0400] "GET /wp-login.php HTTP/1.1" 404 8180 "-" "Mozilla/5.0 (Windows NT 6.1; WOW64; rv:40.0) Gecko/20100101 Firefox/40.1"
103.57.134.10 - - [09/May/2018:07:26:13 -0400] "GET / HTTP/1.1" 200 8298 "-" "Mozilla/5.0 (Windows NT 6.1; WOW64; rv:40.0) Gecko/20100101 Firefox/40.1"
66.249.75.133 - - [09/May/2018:07:26:49 -0400] "GET /papers/2011/nspw2011-feigenbaum.pdf HTTP/1.1" 200 601758 "-" "Googlebot/2.1 (+http://www.google.com/bot.html)"
66.249.75.135 - - [09/May/2018:07:27:23 -0400] "GET /papers/2012/docs/p87.pdf HTTP/1.1" 200 1631129 "-" "Googlebot/2.1 (+http://www.google.com/bot.html)"
77.88.47.40 - - [09/May/2018:07:27:31 -0400] "GET /user HTTP/1.1" 200 6076 "-" "Mozilla/5.0 (compatible; YandexBot/3.0; +http://yandex.com/bots)"
66.249.75.133 - - [09/May/2018:07:27:36 -0400] "GET /papers/2012/docs/p87.pdf HTTP/1.1" 200 1631129 "-" "Googlebot/2.1 (+http://www.google.com/bot.html)"
207.46.13.155 - - [09/May/2018:07:27:46 -0400] "GET /papers/1998/nspw1998-abrams.pdf HTTP/1.1" 200 735473 "-" "Mozilla/5.0 (iPhone; CPU iPhone OS 7_0 like Mac OS X) AppleWebKit/537.51.1 (KHTML, like Gecko) Version/7.0 Mobile/11A465 Safari/9537.53 (compatible; bingbot/2.0; +http://www.bing.com/bingbot.htm)"
77.88.47.40 - - [09/May/2018:07:28:33 -0400] "GET /proceedings/1999 HTTP/1.1" 200 6157 "-" "Mozilla/5.0 (compatible; YandexBot/3.0; +http://yandex.com/bots)"
103.247.48.39 - - [09/May/2018:07:28:53 -0400] "GET /wp-login.php HTTP/1.1" 404 8176 "-" "Mozilla/5.0 (Windows NT 6.1; WOW64; rv:40.0) Gecko/20100101 Firefox/40.1"
103.247.48.39 - - [09/May/2018:07:28:54 -0400] "GET / HTTP/1.1" 200 8298 "-" "Mozilla/5.0 (Windows NT 6.1; WOW64; rv:40.0) Gecko/20100101 Firefox/40.1"
69.162.124.227 - - [09/May/2018:07:29:51 -0400] "HEAD / HTTP/1.1" 200 3874 "http://nspw.org/" "Mozilla/5.0+(compatible; UptimeRobot/2.0; http://www.uptimerobot.com/)"
112.134.77.156 - - [09/May/2018:07:30:34 -0400] "GET /wp-login.php HTTP/1.1" 404 7491 "-" "Mozilla/5.0 (Windows NT 6.1; WOW64; rv:40.0) Gecko/20100101 Firefox/40.1"
112.134.77.156 - - [09/May/2018:07:30:36 -0400] "GET / HTTP/1.1" 200 8218 "-" "Mozilla/5.0 (Windows NT 6.1; WOW64; rv:40.0) Gecko/20100101 Firefox/40.1"
66.249.75.133 - - [09/May/2018:07:30:54 -0400] "GET /papers/2011/nspw2011-friedland.pdf HTTP/1.1" 200 437587 "-" "Mozilla/5.0 (compatible; Googlebot/2.1; +http://www.google.com/bot.html)"
180.76.15.152 - - [09/May/2018:07:33:31 -0400] "GET /papers/2005/nspw2005-backmatter.pdf HTTP/1.1" 200 108395 "-" "Mozilla/5.0 (compatible; Baiduspider/2.0; +http://www.baidu.com/search/spider.html)"
160.179.173.249 - - [09/May/2018:07:34:35 -0400] "GET /wp-login.php HTTP/1.1" 404 7839 "-" "Mozilla/5.0 (Windows NT 6.1; WOW64; rv:40.0) Gecko/20100101 Firefox/40.1"
160.179.173.249 - - [09/May/2018:07:34:39 -0400] "GET / HTTP/1.1" 200 8218 "-" "Mozilla/5.0 (Windows NT 6.1; WOW64; rv:40.0) Gecko/20100101 Firefox/40.1"
69.162.124.227 - - [09/May/2018:07:34:50 -0400] "HEAD / HTTP/1.1" 200 3874 "http://nspw.org/" "Mozilla/5.0+(compatible; UptimeRobot/2.0; http://www.uptimerobot.com/)"
103.80.113.140 - - [09/May/2018:07:36:57 -0400] "GET /wp-login.php HTTP/1.1" 404 7782 "-" "Mozilla/5.0 (Windows NT 6.1; WOW64; rv:40.0) Gecko/20100101 Firefox/40.1"
103.80.113.140 - - [09/May/2018:07:36:59 -0400] "GET / HTTP/1.1" 200 8266 "-" "Mozilla/5.0 (Windows NT 6.1; WOW64; rv:40.0) Gecko/20100101 Firefox/40.1"
145.94.146.118 - - [09/May/2018:07:37:37 -0400] "GET / HTTP/1.1" 200 6455 "-" "Mozilla/5.0 (Macintosh; Intel Mac OS X 10_11_6) AppleWebKit/605.1.15 (KHTML, like Gecko) Version/11.1 Safari/605.1.15"
145.94.146.118 - - [09/May/2018:07:37:37 -0400] "GET /modules/system/system.base.css?p7r9uw HTTP/1.1" 200 2307 "https://www.nspw.org/" "Mozilla/5.0 (Macintosh; Intel Mac OS X 10_11_6) AppleWebKit/605.1.15 (KHTML, like Gecko) Version/11.1 Safari/605.1.15"
145.94.146.118 - - [09/May/2018:07:37:37 -0400] "GET /modules/node/node.css?p7r9uw HTTP/1.1" 200 472 "https://www.nspw.org/" "Mozilla/5.0 (Macintosh; Intel Mac OS X 10_11_6) AppleWebKit/605.1.15 (KHTML, like Gecko) Version/11.1 Safari/605.1.15"
145.94.146.118 - - [09/May/2018:07:37:37 -0400] "GET /modules/user/user.css?p7r9uw HTTP/1.1" 200 1062 "https://www.nspw.org/" "Mozilla/5.0 (Macintosh; Intel Mac OS X 10_11_6) AppleWebKit/605.1.15 (KHTML, like Gecko) Version/11.1 Safari/605.1.15"
145.94.146.118 - - [09/May/2018:07:37:38 -0400] "GET /modules/system/system.messages.css?p7r9uw HTTP/1.1" 200 884 "https://www.nspw.org/" "Mozilla/5.0 (Macintosh; Intel Mac OS X 10_11_6) AppleWebKit/605.1.15 (KHTML, like Gecko) Version/11.1 Safari/605.1.15"
145.94.146.118 - - [09/May/2018:07:37:38 -0400] "GET /modules/field/theme/field.css?p7r9uw HTTP/1.1" 200 737 "https://www.nspw.org/" "Mozilla/5.0 (Macintosh; Intel Mac OS X 10_11_6) AppleWebKit/605.1.15 (KHTML, like Gecko) Version/11.1 Safari/605.1.15"
145.94.146.118 - - [09/May/2018:07:37:38 -0400] "GET /modules/comment/comment.css?p7r9uw HTTP/1.1" 200 643 "https://www.nspw.org/" "Mozilla/5.0 (Macintosh; Intel Mac OS X 10_11_6) AppleWebKit/605.1.15 (KHTML, like Gecko) Version/11.1 Safari/605.1.15"
145.94.146.118 - - [09/May/2018:07:37:38 -0400] "GET /modules/system/system.menus.css?p7r9uw HTTP/1.1" 200 1163 "https://www.nspw.org/" "Mozilla/5.0 (Macintosh; Intel Mac OS X 10_11_6) AppleWebKit/605.1.15 (KHTML, like Gecko) Version/11.1 Safari/605.1.15"
145.94.146.118 - - [09/May/2018:07:37:38 -0400] "GET /modules/system/system.theme.css?p7r9uw HTTP/1.1" 200 1723 "https://www.nspw.org/" "Mozilla/5.0 (Macintosh; Intel Mac OS X 10_11_6) AppleWebKit/605.1.15 (KHTML, like Gecko) Version/11.1 Safari/605.1.15"
145.94.146.118 - - [09/May/2018:07:37:38 -0400] "GET /themes/garland/style.css?p7r9uw HTTP/1.1" 200 5370 "https://www.nspw.org/" "Mozilla/5.0 (Macintosh; Intel Mac OS X 10_11_6) AppleWebKit/605.1.15 (KHTML, like Gecko) Version/11.1 Safari/605.1.15"
145.94.146.118 - - [09/May/2018:07:37:38 -0400] "GET /themes/garland/print.css?p7r9uw HTTP/1.1" 200 771 "https://www.nspw.org/" "Mozilla/5.0 (Macintosh; Intel Mac OS X 10_11_6) AppleWebKit/605.1.15 (KHTML, like Gecko) Version/11.1 Safari/605.1.15"
145.94.146.118 - - [09/May/2018:07:37:38 -0400] "GET /misc/jquery.once.js?v=1.2 HTTP/1.1" 200 1445 "https://www.nspw.org/" "Mozilla/5.0 (Macintosh; Intel Mac OS X 10_11_6) AppleWebKit/605.1.15 (KHTML, like Gecko) Version/11.1 Safari/605.1.15"
145.94.146.118 - - [09/May/2018:07:37:38 -0400] "GET /sites/default/files/nspw-logo-smaller.jpg HTTP/1.1" 200 2534 "https://www.nspw.org/" "Mozilla/5.0 (Macintosh; Intel Mac OS X 10_11_6) AppleWebKit/605.1.15 (KHTML, like Gecko) Version/11.1 Safari/605.1.15"
145.94.146.118 - - [09/May/2018:07:37:38 -0400] "GET /misc/drupal.js?p7r9uw HTTP/1.1" 200 7372 "https://www.nspw.org/" "Mozilla/5.0 (Macintosh; Intel Mac OS X 10_11_6) AppleWebKit/605.1.15 (KHTML, like Gecko) Version/11.1 Safari/605.1.15"
145.94.146.118 - - [09/May/2018:07:37:38 -0400] "GET /misc/jquery.js?v=1.4.4 HTTP/1.1" 200 27601 "https://www.nspw.org/" "Mozilla/5.0 (Macintosh; Intel Mac OS X 10_11_6) AppleWebKit/605.1.15 (KHTML, like Gecko) Version/11.1 Safari/605.1.15"
145.94.146.118 - - [09/May/2018:07:37:38 -0400] "GET /themes/garland/images/body.png HTTP/1.1" 200 993 "https://www.nspw.org/" "Mozilla/5.0 (Macintosh; Intel Mac OS X 10_11_6) AppleWebKit/605.1.15 (KHTML, like Gecko) Version/11.1 Safari/605.1.15"
145.94.146.118 - - [09/May/2018:07:37:38 -0400] "GET /themes/garland/images/bg-navigation-item-hover.png HTTP/1.1" 200 754 "https://www.nspw.org/" "Mozilla/5.0 (Macintosh; Intel Mac OS X 10_11_6) AppleWebKit/605.1.15 (KHTML, like Gecko) Version/11.1 Safari/605.1.15"
145.94.146.118 - - [09/May/2018:07:37:38 -0400] "GET /themes/garland/images/bg-navigation-item.png HTTP/1.1" 200 812 "https://www.nspw.org/" "Mozilla/5.0 (Macintosh; Intel Mac OS X 10_11_6) AppleWebKit/605.1.15 (KHTML, like Gecko) Version/11.1 Safari/605.1.15"
145.94.146.118 - - [09/May/2018:07:37:38 -0400] "GET /themes/garland/images/menu-expanded.gif HTTP/1.1" 200 495 "https://www.nspw.org/" "Mozilla/5.0 (Macintosh; Intel Mac OS X 10_11_6) AppleWebKit/605.1.15 (KHTML, like Gecko) Version/11.1 Safari/605.1.15"
145.94.146.118 - - [09/May/2018:07:37:38 -0400] "GET /themes/garland/images/menu-leaf.gif HTTP/1.1" 200 486 "https://www.nspw.org/" "Mozilla/5.0 (Macintosh; Intel Mac OS X 10_11_6) AppleWebKit/605.1.15 (KHTML, like Gecko) Version/11.1 Safari/605.1.15"
145.94.146.118 - - [09/May/2018:07:37:38 -0400] "GET /themes/garland/images/bg-content.png HTTP/1.1" 200 798 "https://www.nspw.org/" "Mozilla/5.0 (Macintosh; Intel Mac OS X 10_11_6) AppleWebKit/605.1.15 (KHTML, like Gecko) Version/11.1 Safari/605.1.15"
145.94.146.118 - - [09/May/2018:07:37:38 -0400] "GET /themes/garland/images/menu-collapsed.gif HTTP/1.1" 200 488 "https://www.nspw.org/" "Mozilla/5.0 (Macintosh; Intel Mac OS X 10_11_6) AppleWebKit/605.1.15 (KHTML, like Gecko) Version/11.1 Safari/605.1.15"
145.94.146.118 - - [09/May/2018:07:37:38 -0400] "GET /themes/garland/images/bg-content-left.png HTTP/1.1" 200 3232 "https://www.nspw.org/" "Mozilla/5.0 (Macintosh; Intel Mac OS X 10_11_6) AppleWebKit/605.1.15 (KHTML, like Gecko) Version/11.1 Safari/605.1.15"
145.94.146.118 - - [09/May/2018:07:37:38 -0400] "GET /themes/garland/images/bg-content-right.png HTTP/1.1" 200 3162 "https://www.nspw.org/" "Mozilla/5.0 (Macintosh; Intel Mac OS X 10_11_6) AppleWebKit/605.1.15 (KHTML, like Gecko) Version/11.1 Safari/605.1.15"
145.94.146.118 - - [09/May/2018:07:37:38 -0400] "GET /favicon.ico HTTP/1.1" 404 700 "https://www.nspw.org/" "Mozilla/5.0 (Macintosh; Intel Mac OS X 10_11_6) AppleWebKit/605.1.15 (KHTML, like Gecko) Version/11.1 Safari/605.1.15"
194.187.170.103 - - [09/May/2018:07:38:32 -0400] "GET /2006/cfp/?C=N;O=D HTTP/1.1" 403 4246 "-" "Mozilla/5.0 (compatible; Qwantify/2.4w; +https://www.qwant.com/)/2.4w"
95.227.248.64 - - [09/May/2018:07:38:53 -0400] "GET /wp-login.php HTTP/1.1" 404 7907 "-" "Mozilla/5.0 (Windows NT 6.1; WOW64; rv:40.0) Gecko/20100101 Firefox/40.1"
95.227.248.64 - - [09/May/2018:07:38:55 -0400] "GET / HTTP/1.1" 200 8218 "-" "Mozilla/5.0 (Windows NT 6.1; WOW64; rv:40.0) Gecko/20100101 Firefox/40.1"
66.249.75.135 - - [09/May/2018:07:39:07 -0400] "GET /papers/1994/nspw1994-limoges.pdf HTTP/1.1" 200 983974 "-" "Mozilla/5.0 (compatible; Googlebot/2.1; +http://www.google.com/bot.html)"
199.16.157.181 - - [09/May/2018:07:39:43 -0400] "GET /robots.txt HTTP/1.1" 200 5699 "-" "Twitterbot/1.0"
199.16.157.183 - - [09/May/2018:07:39:43 -0400] "GET /robots.txt HTTP/1.1" 200 5699 "-" "Twitterbot/1.0"
69.162.124.227 - - [09/May/2018:07:39:50 -0400] "HEAD / HTTP/1.1" 200 3874 "http://nspw.org/" "Mozilla/5.0+(compatible; UptimeRobot/2.0; http://www.uptimerobot.com/)"
216.244.66.236 - - [09/May/2018:07:40:48 -0400] "GET /robots.txt HTTP/1.1" 200 5796 "-" "Mozilla/5.0 (compatible; DotBot/1.1; http://www.opensiteexplorer.org/dotbot, help@moz.com)"
40.77.167.36 - - [09/May/2018:07:44:29 -0400] "GET /papers/1996/nspw1996-williams.pdf HTTP/1.1" 200 664975 "-" "Mozilla/5.0 (iPhone; CPU iPhone OS 7_0 like Mac OS X) AppleWebKit/537.51.1 (KHTML, like Gecko) Version/7.0 Mobile/11A465 Safari/9537.53 (compatible; bingbot/2.0; +http://www.bing.com/bingbot.htm)"
54.213.91.117 - - [09/May/2018:07:44:46 -0400] "GET /papers/2004/nspw2004-dragovic.pdf HTTP/1.1" 200 143588 "-" "python-requests/2.18.4"
69.162.124.227 - - [09/May/2018:07:44:50 -0400] "HEAD / HTTP/1.1" 200 3874 "http://nspw.org/" "Mozilla/5.0+(compatible; UptimeRobot/2.0; http://www.uptimerobot.com/)"
73.110.34.139 - - [09/May/2018:07:46:47 -0400] "GET /wp-login.php HTTP/1.1" 404 7985 "-" "Mozilla/5.0 (Windows NT 6.1; WOW64; rv:40.0) Gecko/20100101 Firefox/40.1"
73.110.34.139 - - [09/May/2018:07:46:48 -0400] "GET / HTTP/1.1" 200 8206 "-" "Mozilla/5.0 (Windows NT 6.1; WOW64; rv:40.0) Gecko/20100101 Firefox/40.1"
207.46.13.141 - - [09/May/2018:07:46:35 -0400] "GET /papers/1996/nspw1996-wulf.pdf HTTP/1.1" 200 1105041 "-" "Mozilla/5.0 (iPhone; CPU iPhone OS 7_0 like Mac OS X) AppleWebKit/537.51.1 (KHTML, like Gecko) Version/7.0 Mobile/11A465 Safari/9537.53 (compatible; bingbot/2.0; +http://www.bing.com/bingbot.htm)"
194.187.170.103 - - [09/May/2018:07:47:36 -0400] "GET /2006/?C=D;O=D HTTP/1.1" 200 5670 "-" "Mozilla/5.0 (compatible; Qwantify/2.4w; +https://www.qwant.com/)/2.4w"
77.88.47.40 - - [09/May/2018:07:42:55 -0400] "GET /2005/cfp/latex/all.bib HTTP/1.1" 200 84506 "-" "Mozilla/5.0 (compatible; YandexBot/3.0; +http://yandex.com/bots)"
66.249.75.135 - - [09/May/2018:07:48:13 -0400] "GET /cfp/nspw2011-cfp.pdf HTTP/1.1" 200 50834 "-" "Mozilla/5.0 (compatible; Googlebot/2.1; +http://www.google.com/bot.html)"
69.162.124.227 - - [09/May/2018:07:49:50 -0400] "HEAD / HTTP/1.1" 200 3874 "http://nspw.org/" "Mozilla/5.0+(compatible; UptimeRobot/2.0; http://www.uptimerobot.com/)"
182.177.19.112 - - [09/May/2018:07:51:49 -0400] "GET /wp-login.php HTTP/1.1" 404 7484 "-" "Mozilla/5.0 (Windows NT 6.1; WOW64; rv:40.0) Gecko/20100101 Firefox/40.1"
182.177.19.112 - - [09/May/2018:07:51:54 -0400] "GET / HTTP/1.1" 200 8218 "-" "Mozilla/5.0 (Windows NT 6.1; WOW64; rv:40.0) Gecko/20100101 Firefox/40.1"
69.162.124.227 - - [09/May/2018:07:54:50 -0400] "HEAD / HTTP/1.1" 200 3874 "http://nspw.org/" "Mozilla/5.0+(compatible; UptimeRobot/2.0; http://www.uptimerobot.com/)"
177.133.197.203 - - [09/May/2018:07:57:06 -0400] "GET /wp-login.php HTTP/1.1" 404 7985 "-" "Mozilla/5.0 (Windows NT 6.1; WOW64; rv:40.0) Gecko/20100101 Firefox/40.1"
177.133.197.203 - - [09/May/2018:07:57:08 -0400] "GET / HTTP/1.1" 200 8206 "-" "Mozilla/5.0 (Windows NT 6.1; WOW64; rv:40.0) Gecko/20100101 Firefox/40.1"
66.249.75.133 - - [09/May/2018:07:57:13 -0400] "GET /2009/proceedings/2009/nspw2009-tuerpe.pdf HTTP/1.1" 200 375576 "-" "Mozilla/5.0 (compatible; Googlebot/2.1; +http://www.google.com/bot.html)"
69.162.124.227 - - [09/May/2018:07:59:50 -0400] "HEAD / HTTP/1.1" 200 3874 "http://nspw.org/" "Mozilla/5.0+(compatible; UptimeRobot/2.0; http://www.uptimerobot.com/)"
185.134.176.195 - - [09/May/2018:07:59:54 -0400] "GET /wp-login.php HTTP/1.1" 404 7839 "-" "Mozilla/5.0 (Windows NT 6.1; WOW64; rv:40.0) Gecko/20100101 Firefox/40.1"
185.134.176.195 - - [09/May/2018:07:59:55 -0400] "GET / HTTP/1.1" 200 8218 "-" "Mozilla/5.0 (Windows NT 6.1; WOW64; rv:40.0) Gecko/20100101 Firefox/40.1"
94.110.74.57 - - [09/May/2018:08:00:51 -0400] "GET /wp-login.php HTTP/1.1" 404 7985 "-" "Mozilla/5.0 (Windows NT 6.1; WOW64; rv:40.0) Gecko/20100101 Firefox/40.1"
94.110.74.57 - - [09/May/2018:08:00:52 -0400] "GET / HTTP/1.1" 200 8206 "-" "Mozilla/5.0 (Windows NT 6.1; WOW64; rv:40.0) Gecko/20100101 Firefox/40.1"
41.37.38.238 - - [09/May/2018:08:02:45 -0400] "GET /wp-login.php HTTP/1.1" 404 7491 "-" "Mozilla/5.0 (Windows NT 6.1; WOW64; rv:40.0) Gecko/20100101 Firefox/40.1"
41.37.38.238 - - [09/May/2018:08:02:55 -0400] "GET / HTTP/1.1" 200 8363 "-" "Mozilla/5.0 (Windows NT 6.1; WOW64; rv:40.0) Gecko/20100101 Firefox/40.1"
45.112.59.94 - - [09/May/2018:08:02:57 -0400] "GET /wp-login.php HTTP/1.1" 404 7484 "-" "Mozilla/5.0 (Windows NT 6.1; WOW64; rv:40.0) Gecko/20100101 Firefox/40.1"
45.112.59.94 - - [09/May/2018:08:02:58 -0400] "GET / HTTP/1.1" 200 8218 "-" "Mozilla/5.0 (Windows NT 6.1; WOW64; rv:40.0) Gecko/20100101 Firefox/40.1"
201.75.171.184 - - [09/May/2018:08:03:27 -0400] "GET /wp-login.php HTTP/1.1" 404 7985 "-" "Mozilla/5.0 (Windows NT 6.1; WOW64; rv:40.0) Gecko/20100101 Firefox/40.1"
201.75.171.184 - - [09/May/2018:08:03:27 -0400] "GET / HTTP/1.1" 200 8206 "-" "Mozilla/5.0 (Windows NT 6.1; WOW64; rv:40.0) Gecko/20100101 Firefox/40.1"
77.88.47.40 - - [09/May/2018:08:03:32 -0400] "GET /2007/past.shtml HTTP/1.1" 200 5744 "-" "Mozilla/5.0 (compatible; YandexBot/3.0; +http://yandex.com/bots)"
182.188.69.180 - - [09/May/2018:08:04:16 -0400] "GET /wp-login.php HTTP/1.1" 404 7484 "-" "Mozilla/5.0 (Windows NT 6.1; WOW64; rv:40.0) Gecko/20100101 Firefox/40.1"
182.188.69.180 - - [09/May/2018:08:04:26 -0400] "GET / HTTP/1.1" 200 8356 "-" "Mozilla/5.0 (Windows NT 6.1; WOW64; rv:40.0) Gecko/20100101 Firefox/40.1"
213.127.114.254 - - [09/May/2018:08:04:40 -0400] "GET /wp-login.php HTTP/1.1" 404 7491 "-" "Mozilla/5.0 (Windows NT 6.1; WOW64; rv:40.0) Gecko/20100101 Firefox/40.1"
216.244.66.236 - - [09/May/2018:08:04:42 -0400] "GET /robots.txt HTTP/1.1" 200 5796 "-" "Mozilla/5.0 (compatible; DotBot/1.1; http://www.opensiteexplorer.org/dotbot, help@moz.com)"
213.127.114.254 - - [09/May/2018:08:04:42 -0400] "GET / HTTP/1.1" 200 8218 "-" "Mozilla/5.0 (Windows NT 6.1; WOW64; rv:40.0) Gecko/20100101 Firefox/40.1"
69.162.124.227 - - [09/May/2018:08:04:50 -0400] "HEAD / HTTP/1.1" 200 3874 "http://nspw.org/" "Mozilla/5.0+(compatible; UptimeRobot/2.0; http://www.uptimerobot.com/)"
18.232.58.164 - - [09/May/2018:08:05:07 -0400] "GET / HTTP/1.1" 200 6646 "-" "Apache-HttpClient/4.5.3 (Java/1.8.0_161)"
54.144.93.250 - - [09/May/2018:08:05:09 -0400] "GET /robots.txt HTTP/1.1" 200 4444 "-" "Apache-HttpClient/4.5.3 (Java/1.8.0_161)"
