217.12.119.130 - - [04/May/2018:02:05:51 -0400] "GET / HTTP/1.1" 200 8218 "-" "Mozilla/5.0 (Windows NT 6.1; WOW64; rv:40.0) Gecko/20100101 Firefox/40.1"
69.162.124.227 - - [04/May/2018:02:07:43 -0400] "HEAD / HTTP/1.1" 200 3874 "http://nspw.org/" "Mozilla/5.0+(compatible; UptimeRobot/2.0; http://www.uptimerobot.com/)"
157.55.39.1 - - [04/May/2018:02:08:06 -0400] "GET /robots.txt HTTP/1.1" 200 4639 "-" "Mozilla/5.0 (compatible; bingbot/2.0; +http://www.bing.com/bingbot.htm)"
130.188.94.179 - - [04/May/2018:02:08:19 -0400] "GET /2018/dates HTTP/1.1" 200 6285 "-" "Mozilla/5.0 (Windows NT 6.1; WOW64) AppleWebKit/537.36 (KHTML, like Gecko) Chrome/65.0.3325.181 Safari/537.36 OPR/52.0.2871.64"
130.188.94.179 - - [04/May/2018:02:08:20 -0400] "GET /favicon.ico HTTP/1.1" 404 700 "-" "Mozilla/5.0 (Windows NT 6.1; WOW64) AppleWebKit/537.36 (KHTML, like Gecko) Chrome/65.0.3325.181 Safari/537.36 OPR/52.0.2871.64"
207.46.13.59 - - [04/May/2018:02:07:50 -0400] "GET /papers/1997/nspw1997-hinton.pdf HTTP/1.1" 200 1248201 "-" "Mozilla/5.0 (iPhone; CPU iPhone OS 7_0 like Mac OS X) AppleWebKit/537.51.1 (KHTML, like Gecko) Version/7.0 Mobile/11A465 Safari/9537.53 (compatible; bingbot/2.0; +http://www.bing.com/bingbot.htm)"
82.79.144.218 - - [04/May/2018:02:09:10 -0400] "GET / HTTP/1.0" 400 0 "-" "-"
66.249.64.215 - - [04/May/2018:02:09:37 -0400] "GET /2009/proceedings/1997/nspw1997-somayaji.pdf HTTP/1.1" 200 53389 "-" "Googlebot/2.1 (+http://www.google.com/bot.html)"
66.249.64.215 - - [04/May/2018:02:09:40 -0400] "GET /papers/2011/nspw2011-locasto.pdf HTTP/1.1" 200 551726 "-" "Googlebot/2.1 (+http://www.google.com/bot.html)"
117.240.209.194 - - [04/May/2018:02:11:34 -0400] "GET /wp-login.php HTTP/1.1" 404 7985 "-" "Mozilla/5.0 (Windows NT 6.1; WOW64; rv:40.0) Gecko/20100101 Firefox/40.1"
117.240.209.194 - - [04/May/2018:02:11:35 -0400] "GET / HTTP/1.1" 200 8206 "-" "Mozilla/5.0 (Windows NT 6.1; WOW64; rv:40.0) Gecko/20100101 Firefox/40.1"
69.162.124.227 - - [04/May/2018:02:12:42 -0400] "HEAD / HTTP/1.1" 200 3874 "http://nspw.org/" "Mozilla/5.0+(compatible; UptimeRobot/2.0; http://www.uptimerobot.com/)"
196.52.43.90 - - [04/May/2018:02:14:15 -0400] "GET / HTTP/1.1\n" 400 3227 "-" "-"
66.249.64.217 - - [04/May/2018:02:14:57 -0400] "GET /papers/2007/nspw2007-gay.pdf HTTP/1.1" 200 268614 "-" "Mozilla/5.0 (Linux; Android 6.0.1; Nexus 5X Build/MMB29P) AppleWebKit/537.36 (KHTML, like Gecko) Chrome/41.0.2272.96 Mobile Safari/537.36 (compatible; Googlebot/2.1; +http://www.google.com/bot.html)"
207.46.13.141 - - [04/May/2018:02:14:33 -0400] "GET /papers/1996/nspw1996-zurko.pdf HTTP/1.1" 200 887570 "-" "Mozilla/5.0 (iPhone; CPU iPhone OS 7_0 like Mac OS X) AppleWebKit/537.51.1 (KHTML, like Gecko) Version/7.0 Mobile/11A465 Safari/9537.53 (compatible; bingbot/2.0; +http://www.bing.com/bingbot.htm)"
69.162.124.227 - - [04/May/2018:02:17:42 -0400] "HEAD / HTTP/1.1" 200 3874 "http://nspw.org/" "Mozilla/5.0+(compatible; UptimeRobot/2.0; http://www.uptimerobot.com/)"
157.42.66.151 - - [04/May/2018:02:19:13 -0400] "GET /wp-login.php HTTP/1.1" 404 7484 "-" "Mozilla/5.0 (Windows NT 6.1; WOW64; rv:40.0) Gecko/20100101 Firefox/40.1"
157.42.66.151 - - [04/May/2018:02:19:15 -0400] "GET / HTTP/1.1" 200 8218 "-" "Mozilla/5.0 (Windows NT 6.1; WOW64; rv:40.0) Gecko/20100101 Firefox/40.1"
92.191.65.44 - - [04/May/2018:02:19:59 -0400] "GET /wp-login.php HTTP/1.1" 404 7985 "-" "Mozilla/5.0 (Windows NT 6.1; WOW64; rv:40.0) Gecko/20100101 Firefox/40.1"
92.191.65.44 - - [04/May/2018:02:19:59 -0400] "GET / HTTP/1.1" 200 8206 "-" "Mozilla/5.0 (Windows NT 6.1; WOW64; rv:40.0) Gecko/20100101 Firefox/40.1"
157.55.39.142 - - [04/May/2018:02:19:56 -0400] "GET /papers/1997/nspw1997-meadows.pdf HTTP/1.1" 200 432416 "-" "Mozilla/5.0 (iPhone; CPU iPhone OS 7_0 like Mac OS X) AppleWebKit/537.51.1 (KHTML, like Gecko) Version/7.0 Mobile/11A465 Safari/9537.53 (compatible; bingbot/2.0; +http://www.bing.com/bingbot.htm)"
185.20.6.84 - - [04/May/2018:02:20:17 -0400] "GET / HTTP/1.1" 200 6349 "-" "Mozilla/5.0 (TweetmemeBot/4.0; +http://datasift.com/bot.html) Gecko/20100101 Firefox/31.0"
157.55.39.195 - - [04/May/2018:02:20:29 -0400] "GET /2009/proceedings/2012/ HTTP/1.1" 200 6803 "-" "Mozilla/5.0 (compatible; bingbot/2.0; +http://www.bing.com/bingbot.htm)"
175.137.66.143 - - [04/May/2018:02:21:39 -0400] "GET /wp-login.php HTTP/1.1" 404 8176 "-" "Mozilla/5.0 (Windows NT 6.1; WOW64; rv:40.0) Gecko/20100101 Firefox/40.1"
175.137.66.143 - - [04/May/2018:02:21:41 -0400] "GET / HTTP/1.1" 200 8298 "-" "Mozilla/5.0 (Windows NT 6.1; WOW64; rv:40.0) Gecko/20100101 Firefox/40.1"
61.181.142.69 - - [04/May/2018:02:22:28 -0400] "GET / HTTP/1.1" 200 6637 "-" "Mozilla/5.0 (Windows NT 10.0; WOW64) AppleWebKit/537.36 (KHTML, like Gecko) Chrome/63.0.3239.132 Safari/537.36"
69.162.124.227 - - [04/May/2018:02:22:42 -0400] "HEAD / HTTP/1.1" 200 3874 "http://nspw.org/" "Mozilla/5.0+(compatible; UptimeRobot/2.0; http://www.uptimerobot.com/)"
216.244.66.247 - - [04/May/2018:02:23:38 -0400] "GET /robots.txt HTTP/1.1" 200 5796 "-" "Mozilla/5.0 (compatible; DotBot/1.1; http://www.opensiteexplorer.org/dotbot, help@moz.com)"
46.229.173.66 - - [04/May/2018:02:23:54 -0400] "GET /robots.txt HTTP/1.1" 200 5937 "-" "Mozilla/5.0 (compatible; SemrushBot-SA/0.97; +http://www.semrush.com/bot.html)"
66.249.64.215 - - [04/May/2018:02:24:23 -0400] "GET /papers/2006/nspw2006-crawford.pdf HTTP/1.1" 200 401281 "-" "Googlebot/2.1 (+http://www.google.com/bot.html)"
144.76.76.104 - - [04/May/2018:02:25:20 -0400] "GET /robots.txt HTTP/1.1" 200 5950 "-" "Mozilla/5.0 (compatible; MJ12bot/v1.4.8; http://mj12bot.com/)"
144.76.76.104 - - [04/May/2018:02:25:42 -0400] "GET /2011 HTTP/1.1" 200 13521 "-" "Mozilla/5.0 (compatible; MJ12bot/v1.4.8; http://mj12bot.com/)"
144.76.76.104 - - [04/May/2018:02:25:53 -0400] "GET /robots.txt HTTP/1.1" 200 5894 "-" "Mozilla/5.0 (compatible; MJ12bot/v1.4.8; http://mj12bot.com/)"
144.76.76.104 - - [04/May/2018:02:26:15 -0400] "GET /2007/cfp/?C=S;O=A HTTP/1.1" 403 3880 "-" "Mozilla/5.0 (compatible; MJ12bot/v1.4.8; http://mj12bot.com/)"
144.76.76.104 - - [04/May/2018:02:26:36 -0400] "GET /2007/tmp/?C=N;O=A HTTP/1.1" 403 3880 "-" "Mozilla/5.0 (compatible; MJ12bot/v1.4.8; http://mj12bot.com/)"
41.221.109.48 - - [04/May/2018:02:26:51 -0400] "GET /wp-login.php HTTP/1.1" 404 7484 "-" "Mozilla/5.0 (Windows NT 6.1; WOW64; rv:40.0) Gecko/20100101 Firefox/40.1"
66.249.64.215 - - [04/May/2018:02:26:51 -0400] "GET /2009/proceedings/2007/nspw2007-mannan.pdf HTTP/1.1" 200 502565 "-" "Googlebot/2.1 (+http://www.google.com/bot.html)"
41.221.109.48 - - [04/May/2018:02:27:03 -0400] "GET / HTTP/1.1" 200 8356 "-" "Mozilla/5.0 (Windows NT 6.1; WOW64; rv:40.0) Gecko/20100101 Firefox/40.1"
66.249.64.219 - - [04/May/2018:02:27:22 -0400] "GET /2018/dates HTTP/1.1" 200 6270 "-" "Mozilla/5.0 (compatible; Googlebot/2.1; +http://www.google.com/bot.html)"
69.162.124.227 - - [04/May/2018:02:27:42 -0400] "HEAD / HTTP/1.1" 200 3874 "http://nspw.org/" "Mozilla/5.0+(compatible; UptimeRobot/2.0; http://www.uptimerobot.com/)"
66.249.64.217 - - [04/May/2018:02:28:10 -0400] "GET /2009/proceedings/2010/nspw2010-alsaleh.pdf HTTP/1.1" 200 1019662 "-" "Googlebot/2.1 (+http://www.google.com/bot.html)"
66.249.64.217 - - [04/May/2018:02:28:49 -0400] "GET /papers/2002/nspw2002-smetters.pdf HTTP/1.1" 200 800258 "-" "Googlebot/2.1 (+http://www.google.com/bot.html)"
157.55.39.195 - - [04/May/2018:02:28:34 -0400] "GET /papers/1993/nspw1993-yazdanian.pdf HTTP/1.1" 200 559009 "-" "Mozilla/5.0 (iPhone; CPU iPhone OS 7_0 like Mac OS X) AppleWebKit/537.51.1 (KHTML, like Gecko) Version/7.0 Mobile/11A465 Safari/9537.53 (compatible; bingbot/2.0; +http://www.bing.com/bingbot.htm)"
216.244.66.236 - - [04/May/2018:02:29:38 -0400] "GET /robots.txt HTTP/1.1" 200 5796 "-" "Mozilla/5.0 (compatible; DotBot/1.1; http://www.opensiteexplorer.org/dotbot, help@moz.com)"
96.127.158.234 - - [04/May/2018:02:29:48 -0400] "GET / HTTP/1.1" 200 6383 "http://www.nspw.org:80/" "Mozilla/5.0 (Windows NT 10.0; WOW64) AppleWebKit/537.36 (KHTML, like Gecko) Chrome/66.0.3359.117 Safari/537.36"
92.85.149.11 - - [04/May/2018:02:30:13 -0400] "GET /wp-login.php HTTP/1.1" 404 7839 "-" "Mozilla/5.0 (Windows NT 6.1; WOW64; rv:40.0) Gecko/20100101 Firefox/40.1"
92.85.149.11 - - [04/May/2018:02:30:13 -0400] "GET / HTTP/1.1" 200 8218 "-" "Mozilla/5.0 (Windows NT 6.1; WOW64; rv:40.0) Gecko/20100101 Firefox/40.1"
180.76.15.30 - - [04/May/2018:02:30:49 -0400] "GET /1999/pc.html HTTP/1.1" 200 7212 "-" "Mozilla/5.0 (compatible; Baiduspider/2.0; +http://www.baidu.com/search/spider.html)"
203.217.186.31 - - [04/May/2018:02:31:46 -0400] "GET /wp-login.php HTTP/1.1" 404 7985 "-" "Mozilla/5.0 (Windows NT 6.1; WOW64; rv:40.0) Gecko/20100101 Firefox/40.1"
203.217.186.31 - - [04/May/2018:02:31:46 -0400] "GET / HTTP/1.1" 200 8206 "-" "Mozilla/5.0 (Windows NT 6.1; WOW64; rv:40.0) Gecko/20100101 Firefox/40.1"
216.244.66.236 - - [04/May/2018:02:32:22 -0400] "GET /2009/proceedings/2007/nspw2007-mannan.pdf HTTP/1.1" 200 502411 "-" "Mozilla/5.0 (compatible; DotBot/1.1; http://www.opensiteexplorer.org/dotbot, help@moz.com)"
69.162.124.227 - - [04/May/2018:02:32:42 -0400] "HEAD / HTTP/1.1" 200 3874 "http://nspw.org/" "Mozilla/5.0+(compatible; UptimeRobot/2.0; http://www.uptimerobot.com/)"
77.88.47.40 - - [04/May/2018:02:33:57 -0400] "GET /2009/proceedings/2008/?C=M;O=D HTTP/1.1" 200 4363 "-" "Mozilla/5.0 (compatible; YandexBot/3.0; +http://yandex.com/bots)"
96.127.158.237 - - [04/May/2018:02:36:07 -0400] "GET / HTTP/1.1" 200 6391 "-" "Mozilla/5.0 (Windows NT 10.0; WOW64) AppleWebKit/537.36 (KHTML, like Gecko) Chrome/66.0.3359.117 Safari/537.36"
66.249.64.215 - - [04/May/2018:02:36:34 -0400] "GET /2009/proceedings/2001/nspw2001-zhang.pdf HTTP/1.1" 200 605273 "-" "Googlebot/2.1 (+http://www.google.com/bot.html)"
66.249.64.215 - - [04/May/2018:02:36:55 -0400] "GET /papers/2013/nspw2013-egelman.pdf HTTP/1.1" 200 444745 "-" "Googlebot/2.1 (+http://www.google.com/bot.html)"
69.162.124.227 - - [04/May/2018:02:37:42 -0400] "HEAD / HTTP/1.1" 200 3874 "http://nspw.org/" "Mozilla/5.0+(compatible; UptimeRobot/2.0; http://www.uptimerobot.com/)"
66.249.64.215 - - [04/May/2018:02:39:47 -0400] "GET /papers/1999/nspw1999-henning.pdf HTTP/1.1" 304 3605 "-" "Mozilla/5.0 (compatible; Googlebot/2.1; +http://www.google.com/bot.html)"
66.249.64.215 - - [04/May/2018:02:39:59 -0400] "GET /papers/1998/nspw1998-cowan.pdf HTTP/1.1" 200 1091375 "-" "Googlebot/2.1 (+http://www.google.com/bot.html)"
137.112.228.195 - - [04/May/2018:02:41:21 -0400] "GET /papers/2007/nspw2007-mannan.pdf HTTP/1.1" 200 502385 "-" "Mozilla/5.0 (iPhone; CPU iPhone OS 11_2_5 like Mac OS X) AppleWebKit/604.5.6 (KHTML, like Gecko) Version/11.0 Mobile/15D60 Safari/604.1"
137.112.228.195 - - [04/May/2018:02:41:22 -0400] "GET /apple-touch-icon-120x120-precomposed.png HTTP/1.1" 404 3943 "-" "MobileSafari/604.1 CFNetwork/894 Darwin/17.4.0"
137.112.228.195 - - [04/May/2018:02:41:22 -0400] "GET /apple-touch-icon-120x120.png HTTP/1.1" 404 717 "-" "MobileSafari/604.1 CFNetwork/894 Darwin/17.4.0"
137.112.228.195 - - [04/May/2018:02:41:22 -0400] "GET /apple-touch-icon-precomposed.png HTTP/1.1" 404 721 "-" "MobileSafari/604.1 CFNetwork/894 Darwin/17.4.0"
137.112.228.195 - - [04/May/2018:02:41:22 -0400] "GET /apple-touch-icon.png HTTP/1.1" 404 709 "-" "MobileSafari/604.1 CFNetwork/894 Darwin/17.4.0"
137.112.228.195 - - [04/May/2018:02:41:22 -0400] "GET /favicon.ico HTTP/1.1" 404 700 "-" "MobileSafari/604.1 CFNetwork/894 Darwin/17.4.0"
137.112.228.195 - - [04/May/2018:02:41:22 -0400] "GET /apple-touch-icon-120x120-precomposed.png HTTP/1.1" 404 729 "-" "MobileSafari/604.1 CFNetwork/894 Darwin/17.4.0"
137.112.228.195 - - [04/May/2018:02:41:22 -0400] "GET /apple-touch-icon-120x120.png HTTP/1.1" 404 717 "-" "MobileSafari/604.1 CFNetwork/894 Darwin/17.4.0"
137.112.228.195 - - [04/May/2018:02:41:22 -0400] "GET /apple-touch-icon-precomposed.png HTTP/1.1" 404 721 "-" "MobileSafari/604.1 CFNetwork/894 Darwin/17.4.0"
137.112.228.195 - - [04/May/2018:02:41:22 -0400] "GET /apple-touch-icon.png HTTP/1.1" 404 709 "-" "MobileSafari/604.1 CFNetwork/894 Darwin/17.4.0"
137.112.228.195 - - [04/May/2018:02:41:22 -0400] "GET /favicon.ico HTTP/1.1" 404 700 "-" "MobileSafari/604.1 CFNetwork/894 Darwin/17.4.0"
66.249.64.217 - - [04/May/2018:02:41:33 -0400] "GET /papers/1996/nspw1996-nelson.pdf HTTP/1.1" 200 384436 "-" "Googlebot/2.1 (+http://www.google.com/bot.html)"
69.162.124.227 - - [04/May/2018:02:42:42 -0400] "HEAD / HTTP/1.1" 200 3874 "http://nspw.org/" "Mozilla/5.0+(compatible; UptimeRobot/2.0; http://www.uptimerobot.com/)"
66.249.64.219 - - [04/May/2018:02:44:11 -0400] "GET /current/local.shtml HTTP/1.1" 404 8012 "-" "Mozilla/5.0 (compatible; Googlebot/2.1; +http://www.google.com/bot.html)"
66.249.64.17 - - [04/May/2018:02:44:52 -0400] "GET /2017/cfp HTTP/1.1" 200 8990 "-" "Mozilla/5.0 (compatible; Googlebot/2.1; +http://www.google.com/bot.html)"
66.249.64.217 - - [04/May/2018:02:46:14 -0400] "GET /2009/proceedings/2007/nspw2007-locasto.pdf HTTP/1.1" 200 192518 "-" "Googlebot/2.1 (+http://www.google.com/bot.html)"
66.249.64.217 - - [04/May/2018:02:46:31 -0400] "GET /2009/proceedings/2003/nspw2003-mchugh.pdf HTTP/1.1" 200 765834 "-" "Googlebot/2.1 (+http://www.google.com/bot.html)"
199.59.150.180 - - [04/May/2018:02:46:42 -0400] "GET /robots.txt HTTP/1.1" 200 5699 "-" "Twitterbot/1.0"
199.59.150.182 - - [04/May/2018:02:46:42 -0400] "GET /robots.txt HTTP/1.1" 200 5699 "-" "Twitterbot/1.0"
69.162.124.227 - - [04/May/2018:02:47:42 -0400] "HEAD / HTTP/1.1" 200 3874 "http://nspw.org/" "Mozilla/5.0+(compatible; UptimeRobot/2.0; http://www.uptimerobot.com/)"
66.249.64.217 - - [04/May/2018:02:49:01 -0400] "GET /papers/2010/nspw2010-maxion.pdf HTTP/1.1" 200 409311 "-" "Googlebot/2.1 (+http://www.google.com/bot.html)"
66.249.64.217 - - [04/May/2018:02:49:06 -0400] "GET /papers/1996/nspw1996-wulf.pdf HTTP/1.1" 200 1104566 "-" "Googlebot/2.1 (+http://www.google.com/bot.html)"
66.249.64.215 - - [04/May/2018:02:50:49 -0400] "GET /2009/proceedings/1997/nspw1997-hinton.pdf HTTP/1.1" 200 1247726 "-" "Googlebot/2.1 (+http://www.google.com/bot.html)"
66.249.64.217 - - [04/May/2018:02:50:51 -0400] "GET /2009/proceedings/2002/nspw2002-venkatakrishnan.pdf HTTP/1.1" 200 858581 "-" "Googlebot/2.1 (+http://www.google.com/bot.html)"
66.249.64.215 - - [04/May/2018:02:51:21 -0400] "GET /2009/proceedings/2004/nspw2004-haldar.pdf HTTP/1.1" 200 80720 "-" "Googlebot/2.1 (+http://www.google.com/bot.html)"
66.249.64.215 - - [04/May/2018:02:51:26 -0400] "GET /2009/proceedings/1999/nspw1999-henning.pdf HTTP/1.1" 200 663536 "-" "Googlebot/2.1 (+http://www.google.com/bot.html)"
66.249.64.215 - - [04/May/2018:02:52:11 -0400] "GET /papers/2007/nspw2007-locasto.pdf HTTP/1.1" 200 192518 "-" "Mozilla/5.0 (Linux; Android 6.0.1; Nexus 5X Build/MMB29P) AppleWebKit/537.36 (KHTML, like Gecko) Chrome/41.0.2272.96 Mobile Safari/537.36 (compatible; Googlebot/2.1; +http://www.google.com/bot.html)"
66.249.64.215 - - [04/May/2018:02:52:25 -0400] "GET /papers/2003/nspw2003-alkassar.pdf HTTP/1.1" 200 787955 "-" "Googlebot/2.1 (+http://www.google.com/bot.html)"
69.162.124.227 - - [04/May/2018:02:52:42 -0400] "HEAD / HTTP/1.1" 200 3874 "http://nspw.org/" "Mozilla/5.0+(compatible; UptimeRobot/2.0; http://www.uptimerobot.com/)"
34.207.211.181 - - [04/May/2018:02:54:40 -0400] "GET /robots.txt HTTP/1.1" 200 4444 "-" "MauiBot (crawler.feedback+wc@gmail.com)"
207.46.13.59 - - [04/May/2018:02:54:15 -0400] "GET /papers/2002/nspw2002-williams.pdf HTTP/1.1" 200 1180193 "-" "Mozilla/5.0 (compatible; bingbot/2.0; +http://www.bing.com/bingbot.htm)"
157.55.39.142 - - [04/May/2018:02:54:41 -0400] "GET /papers/1994/nspw1994-castano.pdf HTTP/1.1" 200 639376 "-" "Mozilla/5.0 (iPhone; CPU iPhone OS 7_0 like Mac OS X) AppleWebKit/537.51.1 (KHTML, like Gecko) Version/7.0 Mobile/11A465 Safari/9537.53 (compatible; bingbot/2.0; +http://www.bing.com/bingbot.htm)"
207.46.13.141 - - [04/May/2018:02:55:01 -0400] "GET /papers/2008/nspw2008-beautement.pdf HTTP/1.1" 200 769875 "-" "Mozilla/5.0 (iPhone; CPU iPhone OS 7_0 like Mac OS X) AppleWebKit/537.51.1 (KHTML, like Gecko) Version/7.0 Mobile/11A465 Safari/9537.53 (compatible; bingbot/2.0; +http://www.bing.com/bingbot.htm)"
66.249.64.217 - - [04/May/2018:02:56:40 -0400] "GET /2009/proceedings/1999/nspw1999-li.pdf HTTP/1.1" 200 587543 "-" "Googlebot/2.1 (+http://www.google.com/bot.html)"
69.162.124.227 - - [04/May/2018:02:57:42 -0400] "HEAD / HTTP/1.1" 200 3874 "http://nspw.org/" "Mozilla/5.0+(compatible; UptimeRobot/2.0; http://www.uptimerobot.com/)"
66.249.64.215 - - [04/May/2018:02:58:03 -0400] "GET /2009/proceedings/2001/nspw2001-brostoff.pdf HTTP/1.1" 200 1048585 "-" "Googlebot/2.1 (+http://www.google.com/bot.html)"
66.249.64.215 - - [04/May/2018:02:58:24 -0400] "GET /2009/proceedings/2008/nspw2008-shirley.pdf HTTP/1.1" 200 558791 "-" "Googlebot/2.1 (+http://www.google.com/bot.html)"
207.46.13.141 - - [04/May/2018:02:57:59 -0400] "GET /papers/1994/nspw1994-ovchinnikov.pdf HTTP/1.1" 200 796760 "-" "Mozilla/5.0 (iPhone; CPU iPhone OS 7_0 like Mac OS X) AppleWebKit/537.51.1 (KHTML, like Gecko) Version/7.0 Mobile/11A465 Safari/9537.53 (compatible; bingbot/2.0; +http://www.bing.com/bingbot.htm)"
66.249.64.215 - - [04/May/2018:02:58:33 -0400] "GET /2005/cfp/latex/talk.pdf HTTP/1.1" 200 99977 "-" "Googlebot/2.1 (+http://www.google.com/bot.html)"
52.35.45.2 - - [04/May/2018:02:58:35 -0400] "HEAD / HTTP/1.1" 200 3907 "-" "Mozilla/5.0 (Macintosh; Intel Mac OS X 10_7_5) AppleWebKit/536.26.17 (KHTML like Gecko) Version/6.0.2 Safari/536.26.17"
157.55.39.195 - - [04/May/2018:02:57:49 -0400] "GET /papers/1996/nspw1996-de_capitani_di_vimercati.pdf HTTP/1.1" 200 1459047 "-" "Mozilla/5.0 (iPhone; CPU iPhone OS 7_0 like Mac OS X) AppleWebKit/537.51.1 (KHTML, like Gecko) Version/7.0 Mobile/11A465 Safari/9537.53 (compatible; bingbot/2.0; +http://www.bing.com/bingbot.htm)"
66.249.64.219 - - [04/May/2018:02:59:01 -0400] "GET /papers/1999/nspw1999-olthoff.pdf HTTP/1.1" 200 859981 "-" "Googlebot/2.1 (+http://www.google.com/bot.html)"
45.112.8.86 - - [04/May/2018:02:59:16 -0400] "GET /wp-login.php HTTP/1.1" 404 7839 "-" "Mozilla/5.0 (Windows NT 6.1; WOW64; rv:40.0) Gecko/20100101 Firefox/40.1"
45.112.8.86 - - [04/May/2018:02:59:17 -0400] "GET / HTTP/1.1" 200 8218 "-" "Mozilla/5.0 (Windows NT 6.1; WOW64; rv:40.0) Gecko/20100101 Firefox/40.1"
66.249.64.215 - - [04/May/2018:02:59:28 -0400] "GET /2009/proceedings/2008/nspw2008-bishop.pdf HTTP/1.1" 200 485862 "-" "Googlebot/2.1 (+http://www.google.com/bot.html)"
34.207.211.181 - - [04/May/2018:03:00:13 -0400] "GET /robots.txt HTTP/1.1" 200 4444 "-" "MauiBot (crawler.feedback+wc@gmail.com)"
34.207.211.181 - - [04/May/2018:03:01:14 -0400] "GET /node/100 HTTP/1.1" 200 8198 "-" "MauiBot (crawler.feedback+wc@gmail.com)"
66.249.64.219 - - [04/May/2018:03:01:25 -0400] "GET /2009/proceedings/2003/nspw2003-beres.pdf HTTP/1.1" 200 732428 "-" "Googlebot/2.1 (+http://www.google.com/bot.html)"
195.97.110.210 - - [04/May/2018:03:01:28 -0400] "GET /wp-login.php HTTP/1.1" 404 7839 "-" "Mozilla/5.0 (Windows NT 6.1; WOW64; rv:40.0) Gecko/20100101 Firefox/40.1"
195.97.110.210 - - [04/May/2018:03:01:30 -0400] "GET / HTTP/1.1" 200 8218 "-" "Mozilla/5.0 (Windows NT 6.1; WOW64; rv:40.0) Gecko/20100101 Firefox/40.1"
103.109.57.39 - - [04/May/2018:03:02:08 -0400] "GET /wp-login.php HTTP/1.1" 404 8018 "-" "Mozilla/5.0 (Windows NT 6.1; WOW64; rv:40.0) Gecko/20100101 Firefox/40.1"
34.207.211.181 - - [04/May/2018:03:02:15 -0400] "GET /2018/ HTTP/1.1" 200 6950 "-" "MauiBot (crawler.feedback+wc@gmail.com)"
66.249.64.215 - - [04/May/2018:03:02:24 -0400] "GET /2009/proceedings/2003/nspw2003-alkassar.pdf HTTP/1.1" 200 787955 "-" "Googlebot/2.1 (+http://www.google.com/bot.html)"
66.249.64.215 - - [04/May/2018:03:02:27 -0400] "GET /papers/2010/nspw2010-bishop.pdf HTTP/1.1" 200 656695 "-" "Googlebot/2.1 (+http://www.google.com/bot.html)"
157.55.39.195 - - [04/May/2018:03:02:12 -0400] "GET /papers/1998/nspw1998-abrams.pdf HTTP/1.1" 200 735473 "-" "Mozilla/5.0 (iPhone; CPU iPhone OS 7_0 like Mac OS X) AppleWebKit/537.51.1 (KHTML, like Gecko) Version/7.0 Mobile/11A465 Safari/9537.53 (compatible; bingbot/2.0; +http://www.bing.com/bingbot.htm)"
69.162.124.227 - - [04/May/2018:03:02:42 -0400] "HEAD / HTTP/1.1" 200 3874 "http://nspw.org/" "Mozilla/5.0+(compatible; UptimeRobot/2.0; http://www.uptimerobot.com/)"
157.55.39.195 - - [04/May/2018:03:02:56 -0400] "GET /2017 HTTP/1.1" 200 7528 "-" "Mozilla/5.0 (iPhone; CPU iPhone OS 7_0 like Mac OS X) AppleWebKit/537.51.1 (KHTML, like Gecko) Version/7.0 Mobile/11A465 Safari/9537.53 (compatible; bingbot/2.0; +http://www.bing.com/bingbot.htm)"
66.249.64.215 - - [04/May/2018:03:03:38 -0400] "GET /2009/proceedings/1993/nspw1993-lin-2.pdf HTTP/1.1" 200 981242 "-" "Googlebot/2.1 (+http://www.google.com/bot.html)"
66.249.64.215 - - [04/May/2018:03:03:51 -0400] "GET /papers/2004/nspw2004-hollebeek.pdf HTTP/1.1" 200 120240 "-" "Googlebot/2.1 (+http://www.google.com/bot.html)"
77.88.47.40 - - [04/May/2018:03:02:53 -0400] "GET /papers/1997/nspw1997-hinton.pdf HTTP/1.1" 200 1247755 "-" "Mozilla/5.0 (compatible; YandexBot/3.0; +http://yandex.com/bots)"
180.76.15.20 - - [04/May/2018:03:04:09 -0400] "GET /2009/proceedings/2002/nspw2002-du.pdf HTTP/1.1" 200 864877 "-" "Mozilla/5.0 (compatible; Baiduspider/2.0; +http://www.baidu.com/search/spider.html)"
66.249.64.217 - - [04/May/2018:03:04:21 -0400] "GET /papers/2002/nspw2002-dourish.pdf HTTP/1.1" 200 730866 "-" "Googlebot/2.1 (+http://www.google.com/bot.html)"
77.88.47.40 - - [04/May/2018:03:04:05 -0400] "GET /papers/2008/nspw2008-shirley.pdf HTTP/1.1" 200 558820 "-" "Mozilla/5.0 (compatible; YandexBot/3.0; +http://yandex.com/bots)"
66.249.64.215 - - [04/May/2018:03:04:36 -0400] "GET / HTTP/1.1" 200 6607 "-" "Mozilla/5.0 (Linux; Android 6.0.1; Nexus 5X Build/MMB29P) AppleWebKit/537.36 (KHTML, like Gecko) Chrome/41.0.2272.96 Mobile Safari/537.36 (compatible; Googlebot/2.1; +http://www.google.com/bot.html)"
125.209.235.174 - - [04/May/2018:03:04:54 -0400] "GET /2017 HTTP/1.1" 200 7090 "-" "Mozilla/5.0 (iPhone; CPU iPhone OS 9_1 like Mac OS X) AppleWebKit/601.1.46 (KHTML, like Gecko) Version/9.0 Mobile/13B143 Safari/601.1"
125.209.235.171 - - [04/May/2018:03:04:59 -0400] "GET /2017 HTTP/1.1" 200 7090 "-" "Mozilla/5.0 (Windows NT 6.1; WOW64) AppleWebKit/537.36 (KHTML, like Gecko) Chrome/52.0.2743.116 Safari/537.36"
66.249.64.217 - - [04/May/2018:03:06:14 -0400] "GET /papers/1993/nspw1993-shockley.pdf HTTP/1.1" 200 793853 "-" "Googlebot/2.1 (+http://www.google.com/bot.html)"
77.88.47.40 - - [04/May/2018:03:06:32 -0400] "GET /papers/2012/docs/organization.pdf HTTP/1.1" 200 93830 "-" "Mozilla/5.0 (compatible; YandexBot/3.0; +http://yandex.com/bots)"
66.249.64.219 - - [04/May/2018:03:07:13 -0400] "GET /2009/proceedings/2000/nspw2000-marceau.pdf HTTP/1.1" 200 1076682 "-" "Googlebot/2.1 (+http://www.google.com/bot.html)"
66.249.64.217 - - [04/May/2018:03:07:30 -0400] "GET /2009/proceedings/2012/docs/p27.pdf HTTP/1.1" 200 1088219 "-" "Googlebot/2.1 (+http://www.google.com/bot.html)"
66.249.64.217 - - [04/May/2018:03:07:30 -0400] "GET /2009/proceedings/1993/nspw1993-denning.pdf HTTP/1.1" 200 632960 "-" "Googlebot/2.1 (+http://www.google.com/bot.html)"
69.162.124.227 - - [04/May/2018:03:07:42 -0400] "HEAD / HTTP/1.1" 200 3874 "http://nspw.org/" "Mozilla/5.0+(compatible; UptimeRobot/2.0; http://www.uptimerobot.com/)"
66.249.64.217 - - [04/May/2018:03:08:14 -0400] "GET /papers/2002/nspw2002-toyoizumi.pdf HTTP/1.1" 200 530914 "-" "Googlebot/2.1 (+http://www.google.com/bot.html)"
66.249.64.215 - - [04/May/2018:03:08:26 -0400] "GET /2009/proceedings/2010/nspw2010-sun.pdf HTTP/1.1" 200 6651261 "-" "Googlebot/2.1 (+http://www.google.com/bot.html)"
77.88.47.40 - - [04/May/2018:03:08:31 -0400] "GET /2007/pc.shtml HTTP/1.1" 200 5946 "-" "Mozilla/5.0 (compatible; YandexBot/3.0; +http://yandex.com/bots)"
66.249.64.215 - - [04/May/2018:03:08:48 -0400] "GET /papers/1994/nspw1994-bell.pdf HTTP/1.1" 200 628830 "-" "Googlebot/2.1 (+http://www.google.com/bot.html)"
197.224.80.189 - - [04/May/2018:03:08:50 -0400] "GET /wp-login.php HTTP/1.1" 404 7484 "-" "Mozilla/5.0 (Windows NT 6.1; WOW64; rv:40.0) Gecko/20100101 Firefox/40.1"
197.224.80.189 - - [04/May/2018:03:08:52 -0400] "GET / HTTP/1.1" 200 8218 "-" "Mozilla/5.0 (Windows NT 6.1; WOW64; rv:40.0) Gecko/20100101 Firefox/40.1"
66.249.64.215 - - [04/May/2018:03:09:19 -0400] "GET /papers/1993/nspw1993-strens.pdf HTTP/1.1" 200 721049 "-" "Googlebot/2.1 (+http://www.google.com/bot.html)"
66.249.64.217 - - [04/May/2018:03:10:03 -0400] "GET /2009/proceedings/2009/nspw2009-johnson.pdf HTTP/1.1" 200 458528 "-" "Googlebot/2.1 (+http://www.google.com/bot.html)"
66.249.64.215 - - [04/May/2018:03:10:08 -0400] "GET /papers/2012/docs/p53.pdf HTTP/1.1" 200 2129743 "-" "Googlebot/2.1 (+http://www.google.com/bot.html)"
66.249.64.215 - - [04/May/2018:03:10:11 -0400] "GET /2009/proceedings/2001/nspw2001-yan.pdf HTTP/1.1" 200 506739 "-" "Googlebot/2.1 (+http://www.google.com/bot.html)"
77.88.47.40 - - [04/May/2018:03:10:47 -0400] "GET /2017/organizers HTTP/1.1" 200 7162 "-" "Mozilla/5.0 (compatible; YandexBot/3.0; +http://yandex.com/bots)"
66.249.64.215 - - [04/May/2018:03:10:52 -0400] "GET /2009/proceedings/2009/nspw2009-tuerpe.pdf HTTP/1.1" 200 375576 "-" "Googlebot/2.1 (+http://www.google.com/bot.html)"
66.249.64.217 - - [04/May/2018:03:11:28 -0400] "GET /papers/1996/nspw1996-filman.pdf HTTP/1.1" 200 759753 "-" "Googlebot/2.1 (+http://www.google.com/bot.html)"
66.249.64.215 - - [04/May/2018:03:12:21 -0400] "GET /2009/proceedings/2009/nspw2009-gibson.pdf HTTP/1.1" 200 3915774 "-" "Googlebot/2.1 (+http://www.google.com/bot.html)"
69.162.124.227 - - [04/May/2018:03:12:42 -0400] "HEAD / HTTP/1.1" 200 3874 "http://nspw.org/" "Mozilla/5.0+(compatible; UptimeRobot/2.0; http://www.uptimerobot.com/)"
66.249.64.215 - - [04/May/2018:03:13:01 -0400] "GET /2009/proceedings/2010/nspw2010-parkin.pdf HTTP/1.1" 200 920844 "-" "Googlebot/2.1 (+http://www.google.com/bot.html)"
66.249.64.215 - - [04/May/2018:03:13:15 -0400] "GET /papers/2008/nspw2008-mannan.pdf HTTP/1.1" 200 387310 "-" "Googlebot/2.1 (+http://www.google.com/bot.html)"
66.249.64.215 - - [04/May/2018:03:13:52 -0400] "GET /papers/2004/nspw2004-beznosov.pdf HTTP/1.1" 200 171609 "-" "Googlebot/2.1 (+http://www.google.com/bot.html)"
77.88.47.40 - - [04/May/2018:03:14:18 -0400] "GET /2017/accepted HTTP/1.1" 200 6789 "-" "Mozilla/5.0 (compatible; YandexBot/3.0; +http://yandex.com/bots)"
66.249.64.215 - - [04/May/2018:03:14:18 -0400] "GET /papers/2000/nspw2000-perrine.pdf HTTP/1.1" 200 521216 "-" "Googlebot/2.1 (+http://www.google.com/bot.html)"
66.249.64.215 - - [04/May/2018:03:14:27 -0400] "GET /2009/proceedings/2001/nspw2001-taylor.pdf HTTP/1.1" 200 714077 "-" "Googlebot/2.1 (+http://www.google.com/bot.html)"
66.249.64.217 - - [04/May/2018:03:15:03 -0400] "GET /2009/proceedings/2007/nspw2007-kursawe.pdf HTTP/1.1" 200 192252 "-" "Googlebot/2.1 (+http://www.google.com/bot.html)"
66.249.64.215 - - [04/May/2018:03:15:17 -0400] "GET /papers/1997/nspw1997-hinton.pdf HTTP/1.1" 200 1247726 "-" "Googlebot/2.1 (+http://www.google.com/bot.html)"
66.249.64.215 - - [04/May/2018:03:15:27 -0400] "GET /2009/proceedings/2008/nspw2008-herley.pdf HTTP/1.1" 200 408970 "-" "Googlebot/2.1 (+http://www.google.com/bot.html)"
77.88.47.40 - - [04/May/2018:03:15:28 -0400] "GET /1999/pc.html HTTP/1.1" 200 5364 "-" "Mozilla/5.0 (compatible; YandexBot/3.0; +http://yandex.com/bots)"
183.82.148.200 - - [04/May/2018:03:15:44 -0400] "GET /wp-login.php HTTP/1.1" 404 7985 "-" "Mozilla/5.0 (Windows NT 6.1; WOW64; rv:40.0) Gecko/20100101 Firefox/40.1"
183.82.148.200 - - [04/May/2018:03:15:44 -0400] "GET / HTTP/1.1" 200 8206 "-" "Mozilla/5.0 (Windows NT 6.1; WOW64; rv:40.0) Gecko/20100101 Firefox/40.1"
66.249.64.215 - - [04/May/2018:03:15:51 -0400] "GET /papers/1998/nspw1998-lin.pdf HTTP/1.1" 200 336758 "-" "Googlebot/2.1 (+http://www.google.com/bot.html)"
66.249.64.217 - - [04/May/2018:03:16:08 -0400] "GET /2016/sponsors HTTP/1.1" 200 6306 "-" "Mozilla/5.0 (Linux; Android 6.0.1; Nexus 5X Build/MMB29P) AppleWebKit/537.36 (KHTML, like Gecko) Chrome/41.0.2272.96 Mobile Safari/537.36 (compatible; Googlebot/2.1; +http://www.google.com/bot.html)"
137.112.228.195 - - [04/May/2018:03:16:08 -0400] "GET /papers/2007/nspw2007-mannan.pdf HTTP/1.1" 200 502385 "-" "Mozilla/5.0 (iPhone; CPU iPhone OS 11_2_5 like Mac OS X) AppleWebKit/604.5.6 (KHTML, like Gecko) Version/11.0 Mobile/15D60 Safari/604.1"
137.112.228.195 - - [04/May/2018:03:16:09 -0400] "GET /apple-touch-icon-120x120-precomposed.png HTTP/1.1" 404 3943 "-" "MobileSafari/604.1 CFNetwork/894 Darwin/17.4.0"
137.112.228.195 - - [04/May/2018:03:16:09 -0400] "GET /apple-touch-icon-120x120.png HTTP/1.1" 404 717 "-" "MobileSafari/604.1 CFNetwork/894 Darwin/17.4.0"
137.112.228.195 - - [04/May/2018:03:16:09 -0400] "GET /apple-touch-icon-precomposed.png HTTP/1.1" 404 721 "-" "MobileSafari/604.1 CFNetwork/894 Darwin/17.4.0"
137.112.228.195 - - [04/May/2018:03:16:09 -0400] "GET /apple-touch-icon.png HTTP/1.1" 404 709 "-" "MobileSafari/604.1 CFNetwork/894 Darwin/17.4.0"
137.112.228.195 - - [04/May/2018:03:16:09 -0400] "GET /favicon.ico HTTP/1.1" 404 700 "-" "MobileSafari/604.1 CFNetwork/894 Darwin/17.4.0"
137.112.228.195 - - [04/May/2018:03:16:09 -0400] "GET /apple-touch-icon-120x120-precomposed.png HTTP/1.1" 404 729 "-" "MobileSafari/604.1 CFNetwork/894 Darwin/17.4.0"
137.112.228.195 - - [04/May/2018:03:16:10 -0400] "GET /apple-touch-icon-120x120.png HTTP/1.1" 404 717 "-" "MobileSafari/604.1 CFNetwork/894 Darwin/17.4.0"
137.112.228.195 - - [04/May/2018:03:16:10 -0400] "GET /apple-touch-icon-precomposed.png HTTP/1.1" 404 721 "-" "MobileSafari/604.1 CFNetwork/894 Darwin/17.4.0"
137.112.228.195 - - [04/May/2018:03:16:10 -0400] "GET /apple-touch-icon.png HTTP/1.1" 404 709 "-" "MobileSafari/604.1 CFNetwork/894 Darwin/17.4.0"
137.112.228.195 - - [04/May/2018:03:16:10 -0400] "GET /favicon.ico HTTP/1.1" 404 700 "-" "MobileSafari/604.1 CFNetwork/894 Darwin/17.4.0"
216.244.66.236 - - [04/May/2018:03:16:29 -0400] "GET /robots.txt HTTP/1.1" 200 5796 "-" "Mozilla/5.0 (compatible; DotBot/1.1; http://www.opensiteexplorer.org/dotbot, help@moz.com)"
66.249.64.215 - - [04/May/2018:03:17:01 -0400] "GET /2013/local HTTP/1.1" 200 9190 "-" "Mozilla/5.0 (Linux; Android 6.0.1; Nexus 5X Build/MMB29P) AppleWebKit/537.36 (KHTML, like Gecko) Chrome/41.0.2272.96 Mobile Safari/537.36 (compatible; Googlebot/2.1; +http://www.google.com/bot.html)"
69.162.124.227 - - [04/May/2018:03:17:42 -0400] "HEAD / HTTP/1.1" 200 3874 "http://nspw.org/" "Mozilla/5.0+(compatible; UptimeRobot/2.0; http://www.uptimerobot.com/)"
216.244.66.236 - - [04/May/2018:03:17:56 -0400] "GET /2006/cfp.contentQQ HTTP/1.1" 200 8777 "-" "Mozilla/5.0 (compatible; DotBot/1.1; http://www.opensiteexplorer.org/dotbot, help@moz.com)"
66.249.64.219 - - [04/May/2018:03:18:22 -0400] "GET /papers/2005/nspw2005-maxion.pdf HTTP/1.1" 200 683223 "-" "Googlebot/2.1 (+http://www.google.com/bot.html)"
66.249.64.215 - - [04/May/2018:03:18:49 -0400] "GET /papers/1993/nspw1993-hosmer-2.pdf HTTP/1.1" 200 1353313 "-" "Googlebot/2.1 (+http://www.google.com/bot.html)"
66.249.64.215 - - [04/May/2018:03:19:36 -0400] "GET /2009/proceedings/2006/nspw2006-conti.pdf HTTP/1.1" 200 142706 "-" "Googlebot/2.1 (+http://www.google.com/bot.html)"
207.46.13.59 - - [04/May/2018:03:22:19 -0400] "GET /proceedings/2010 HTTP/1.1" 200 7834 "-" "Mozilla/5.0 (compatible; bingbot/2.0; +http://www.bing.com/bingbot.htm)"
69.162.124.227 - - [04/May/2018:03:22:42 -0400] "HEAD / HTTP/1.1" 200 3874 "http://nspw.org/" "Mozilla/5.0+(compatible; UptimeRobot/2.0; http://www.uptimerobot.com/)"
69.162.124.227 - - [04/May/2018:03:27:42 -0400] "HEAD / HTTP/1.1" 200 3874 "http://nspw.org/" "Mozilla/5.0+(compatible; UptimeRobot/2.0; http://www.uptimerobot.com/)"
93.213.229.214 - - [04/May/2018:03:29:24 -0400] "GET /papers/2005/nspw2005-bishop-panel.pdf HTTP/1.1" 206 66182 "http://scholar.google.de/" "Mozilla/5.0 (Macintosh; Intel Mac OS X 10.13; rv:59.0) Gecko/20100101 Firefox/59.0"
66.249.64.215 - - [04/May/2018:03:29:26 -0400] "GET /2017 HTTP/1.1" 200 7050 "-" "Mozilla/5.0 (compatible; Googlebot/2.1; +http://www.google.com/bot.html)"
93.213.229.214 - - [04/May/2018:03:29:27 -0400] "GET /papers/2005/nspw2005-bishop-panel.pdf HTTP/1.1" 206 23463 "http://scholar.google.de/" "Mozilla/5.0 (Macintosh; Intel Mac OS X 10.13; rv:59.0) Gecko/20100101 Firefox/59.0"
93.213.229.214 - - [04/May/2018:03:29:29 -0400] "GET /papers/2005/nspw2005-bishop-panel.pdf HTTP/1.1" 206 66031 "http://scholar.google.de/" "Mozilla/5.0 (Macintosh; Intel Mac OS X 10.13; rv:59.0) Gecko/20100101 Firefox/59.0"
93.213.229.214 - - [04/May/2018:03:29:33 -0400] "GET /papers/2005/nspw2005-bishop-panel.pdf HTTP/1.1" 206 197335 "http://scholar.google.de/" "Mozilla/5.0 (Macintosh; Intel Mac OS X 10.13; rv:59.0) Gecko/20100101 Firefox/59.0"
93.213.229.214 - - [04/May/2018:03:29:22 -0400] "GET /papers/2005/nspw2005-bishop-panel.pdf HTTP/1.1" 200 354920 "http://scholar.google.de/" "Mozilla/5.0 (Macintosh; Intel Mac OS X 10.13; rv:59.0) Gecko/20100101 Firefox/59.0"
93.213.229.214 - - [04/May/2018:03:29:46 -0400] "GET /favicon.ico HTTP/1.1" 404 857 "-" "Mozilla/5.0 (Macintosh; Intel Mac OS X 10.13; rv:59.0) Gecko/20100101 Firefox/59.0"
93.213.229.214 - - [04/May/2018:03:29:46 -0400] "GET /favicon.ico HTTP/1.1" 404 857 "-" "Mozilla/5.0 (Macintosh; Intel Mac OS X 10.13; rv:59.0) Gecko/20100101 Firefox/59.0"
219.92.6.218 - - [04/May/2018:03:30:53 -0400] "GET /wp-login.php HTTP/1.1" 404 7484 "-" "Mozilla/5.0 (Windows NT 6.1; WOW64; rv:40.0) Gecko/20100101 Firefox/40.1"
219.92.6.218 - - [04/May/2018:03:30:53 -0400] "GET / HTTP/1.1" 200 8218 "-" "Mozilla/5.0 (Windows NT 6.1; WOW64; rv:40.0) Gecko/20100101 Firefox/40.1"
69.162.124.227 - - [04/May/2018:03:32:42 -0400] "HEAD / HTTP/1.1" 200 3874 "http://nspw.org/" "Mozilla/5.0+(compatible; UptimeRobot/2.0; http://www.uptimerobot.com/)"
223.228.154.73 - - [04/May/2018:03:32:59 -0400] "GET /wp-login.php HTTP/1.1" 404 7491 "-" "Mozilla/5.0 (Windows NT 6.1; WOW64; rv:40.0) Gecko/20100101 Firefox/40.1"
223.228.154.73 - - [04/May/2018:03:33:00 -0400] "GET / HTTP/1.1" 200 8218 "-" "Mozilla/5.0 (Windows NT 6.1; WOW64; rv:40.0) Gecko/20100101 Firefox/40.1"
61.6.238.70 - - [04/May/2018:03:34:30 -0400] "GET /wp-login.php HTTP/1.1" 404 7839 "-" "Mozilla/5.0 (Windows NT 6.1; WOW64; rv:40.0) Gecko/20100101 Firefox/40.1"
61.6.238.70 - - [04/May/2018:03:34:31 -0400] "GET / HTTP/1.1" 200 8218 "-" "Mozilla/5.0 (Windows NT 6.1; WOW64; rv:40.0) Gecko/20100101 Firefox/40.1"
66.249.64.217 - - [04/May/2018:03:36:08 -0400] "GET /papers/2010/nspw2010-moore.pdf HTTP/1.1" 200 741159 "-" "Mozilla/5.0 (compatible; Googlebot/2.1; +http://www.google.com/bot.html)"
66.249.64.215 - - [04/May/2018:03:36:20 -0400] "GET /favicon.ico HTTP/1.1" 404 4094 "-" "Googlebot-Image/1.0"
180.76.15.12 - - [04/May/2018:03:37:29 -0400] "GET /2009/proceedings/2012/forms/index_files/factemplate.css HTTP/1.1" 200 6631 "-" "Mozilla/5.0 (compatible; Baiduspider/2.0; +http://www.baidu.com/search/spider.html)"
69.162.124.227 - - [04/May/2018:03:37:42 -0400] "HEAD / HTTP/1.1" 200 3874 "http://nspw.org/" "Mozilla/5.0+(compatible; UptimeRobot/2.0; http://www.uptimerobot.com/)"
178.77.16.79 - - [04/May/2018:03:37:43 -0400] "GET /wp-login.php HTTP/1.1" 404 7491 "-" "Mozilla/5.0 (Windows NT 6.1; WOW64; rv:40.0) Gecko/20100101 Firefox/40.1"
178.77.16.79 - - [04/May/2018:03:37:43 -0400] "GET / HTTP/1.1" 200 8218 "-" "Mozilla/5.0 (Windows NT 6.1; WOW64; rv:40.0) Gecko/20100101 Firefox/40.1"
157.55.39.142 - - [04/May/2018:03:38:16 -0400] "GET /2013/papers HTTP/1.1" 200 7491 "-" "Mozilla/5.0 (compatible; bingbot/2.0; +http://www.bing.com/bingbot.htm)"
157.55.39.1 - - [04/May/2018:03:38:31 -0400] "GET /robots.txt HTTP/1.1" 200 4623 "-" "Mozilla/5.0 (compatible; bingbot/2.0; +http://www.bing.com/bingbot.htm)"
207.46.13.141 - - [04/May/2018:03:38:32 -0400] "GET /misc/jquery.once.js?v=1.2 HTTP/1.1" 200 5314 "-" "Mozilla/5.0 (compatible; bingbot/2.0; +http://www.bing.com/bingbot.htm)"
157.55.39.195 - - [04/May/2018:03:38:34 -0400] "GET /misc/menu-collapsed.png HTTP/1.1" 200 4286 "-" "Mozilla/5.0 (compatible; bingbot/2.0; +http://www.bing.com/bingbot.htm)"
157.55.39.195 - - [04/May/2018:03:38:34 -0400] "GET /misc/menu-leaf.png HTTP/1.1" 200 438 "-" "Mozilla/5.0 (compatible; bingbot/2.0; +http://www.bing.com/bingbot.htm)"
157.55.39.195 - - [04/May/2018:03:38:34 -0400] "GET /modules/node/node.css?p7r9uw HTTP/1.1" 200 472 "-" "Mozilla/5.0 (compatible; bingbot/2.0; +http://www.bing.com/bingbot.htm)"
157.55.39.195 - - [04/May/2018:03:38:34 -0400] "GET /modules/system/system.messages.css?p7r9uw HTTP/1.1" 200 746 "-" "Mozilla/5.0 (compatible; bingbot/2.0; +http://www.bing.com/bingbot.htm)"
157.55.39.142 - - [04/May/2018:03:38:38 -0400] "GET /misc/jquery.js?v=1.4.4 HTTP/1.1" 200 31470 "-" "Mozilla/5.0 (compatible; bingbot/2.0; +http://www.bing.com/bingbot.htm)"
157.55.39.142 - - [04/May/2018:03:38:49 -0400] "GET /misc/menu-expanded.png HTTP/1.1" 200 4287 "-" "Mozilla/5.0 (compatible; bingbot/2.0; +http://www.bing.com/bingbot.htm)"
157.55.39.142 - - [04/May/2018:03:38:58 -0400] "GET /modules/system/system.theme.css?p7r9uw HTTP/1.1" 200 5454 "-" "Mozilla/5.0 (compatible; bingbot/2.0; +http://www.bing.com/bingbot.htm)"
34.207.211.181 - - [04/May/2018:03:38:58 -0400] "GET /robots.txt HTTP/1.1" 200 4444 "-" "MauiBot (crawler.feedback+wc@gmail.com)"
207.46.13.59 - - [04/May/2018:03:39:08 -0400] "GET /misc/drupal.js?p7r9uw HTTP/1.1" 200 11241 "-" "Mozilla/5.0 (compatible; bingbot/2.0; +http://www.bing.com/bingbot.htm)"
207.46.13.59 - - [04/May/2018:03:39:18 -0400] "GET /modules/comment/comment.css?p7r9uw HTTP/1.1" 200 4374 "-" "Mozilla/5.0 (compatible; bingbot/2.0; +http://www.bing.com/bingbot.htm)"
207.46.13.59 - - [04/May/2018:03:39:29 -0400] "GET /modules/user/user.css?p7r9uw HTTP/1.1" 200 4931 "-" "Mozilla/5.0 (compatible; bingbot/2.0; +http://www.bing.com/bingbot.htm)"
207.46.13.59 - - [04/May/2018:03:39:38 -0400] "GET /themes/garland/style.css?p7r9uw HTTP/1.1" 200 9239 "-" "Mozilla/5.0 (compatible; bingbot/2.0; +http://www.bing.com/bingbot.htm)"
207.46.13.59 - - [04/May/2018:03:39:49 -0400] "GET /themes/garland/print.css?p7r9uw HTTP/1.1" 200 4640 "-" "Mozilla/5.0 (compatible; bingbot/2.0; +http://www.bing.com/bingbot.htm)"
216.244.66.236 - - [04/May/2018:03:40:05 -0400] "GET /robots.txt HTTP/1.1" 200 5796 "-" "Mozilla/5.0 (compatible; DotBot/1.1; http://www.opensiteexplorer.org/dotbot, help@moz.com)"
49.207.82.235 - - [04/May/2018:03:40:08 -0400] "GET /wp-login.php HTTP/1.1" 404 7907 "-" "Mozilla/5.0 (Windows NT 6.1; WOW64; rv:40.0) Gecko/20100101 Firefox/40.1"
49.207.82.235 - - [04/May/2018:03:40:10 -0400] "GET / HTTP/1.1" 200 8218 "-" "Mozilla/5.0 (Windows NT 6.1; WOW64; rv:40.0) Gecko/20100101 Firefox/40.1"
66.249.64.215 - - [04/May/2018:03:41:51 -0400] "GET / HTTP/1.1" 200 6607 "-" "Mozilla/5.0 (Linux; Android 6.0.1; Nexus 5X Build/MMB29P) AppleWebKit/537.36 (KHTML, like Gecko) Chrome/41.0.2272.96 Mobile Safari/537.36 (compatible; Googlebot/2.1; +http://www.google.com/bot.html)"
69.162.124.227 - - [04/May/2018:03:42:42 -0400] "HEAD / HTTP/1.1" 200 3874 "http://nspw.org/" "Mozilla/5.0+(compatible; UptimeRobot/2.0; http://www.uptimerobot.com/)"
216.244.66.236 - - [04/May/2018:03:43:03 -0400] "GET /2009/proceedings/1994/nspw1994-castano.pdf HTTP/1.1" 200 638747 "-" "Mozilla/5.0 (compatible; DotBot/1.1; http://www.opensiteexplorer.org/dotbot, help@moz.com)"
216.244.66.200 - - [04/May/2018:03:44:07 -0400] "GET /robots.txt HTTP/1.1" 200 5796 "-" "Mozilla/5.0 (compatible; DotBot/1.1; http://www.opensiteexplorer.org/dotbot, help@moz.com)"
60.225.132.52 - - [04/May/2018:03:45:26 -0400] "GET /wp-login.php HTTP/1.1" 404 7839 "-" "Mozilla/5.0 (Windows NT 6.1; WOW64; rv:40.0) Gecko/20100101 Firefox/40.1"
60.225.132.52 - - [04/May/2018:03:45:27 -0400] "GET / HTTP/1.1" 200 8218 "-" "Mozilla/5.0 (Windows NT 6.1; WOW64; rv:40.0) Gecko/20100101 Firefox/40.1"
223.136.182.1 - - [04/May/2018:03:45:36 -0400] "GET /papers/2002/nspw2002-inoue.pdf HTTP/1.1" 200 872515 "https://www.google.com/" "Mozilla/5.0 (Linux; Android 7.0; HUAWEI VNS-L21 Build/HUAWEIVNS-L21) AppleWebKit/537.36 (KHTML, like Gecko) Chrome/66.0.3359.106 Mobile Safari/537.36"
223.136.182.1 - - [04/May/2018:03:45:56 -0400] "-" 408 3408 "-" "-"
207.46.13.141 - - [04/May/2018:03:45:55 -0400] "GET /papers/1999/nspw1999-timmerman.pdf HTTP/1.1" 200 871771 "-" "Mozilla/5.0 (compatible; bingbot/2.0; +http://www.bing.com/bingbot.htm)"
180.23.174.51 - - [04/May/2018:03:46:50 -0400] "GET /2018 HTTP/1.1" 200 12606 "-" "LWP::Simple/6.29 libwww-perl/6.29"
119.153.245.99 - - [04/May/2018:03:47:09 -0400] "GET /wp-login.php HTTP/1.1" 404 7903 "-" "Mozilla/5.0 (Windows NT 6.1; WOW64; rv:40.0) Gecko/20100101 Firefox/40.1"
119.153.245.99 - - [04/May/2018:03:47:13 -0400] "GET / HTTP/1.1" 200 8218 "-" "Mozilla/5.0 (Windows NT 6.1; WOW64; rv:40.0) Gecko/20100101 Firefox/40.1"
69.162.124.227 - - [04/May/2018:03:47:42 -0400] "HEAD / HTTP/1.1" 200 3874 "http://nspw.org/" "Mozilla/5.0+(compatible; UptimeRobot/2.0; http://www.uptimerobot.com/)"
49.150.38.140 - - [04/May/2018:03:50:50 -0400] "GET /wp-login.php HTTP/1.1" 404 7985 "-" "Mozilla/5.0 (Windows NT 6.1; WOW64; rv:40.0) Gecko/20100101 Firefox/40.1"
49.150.38.140 - - [04/May/2018:03:50:50 -0400] "GET / HTTP/1.1" 200 8206 "-" "Mozilla/5.0 (Windows NT 6.1; WOW64; rv:40.0) Gecko/20100101 Firefox/40.1"
123.125.143.151 - - [04/May/2018:03:51:52 -0400] "GET / HTTP/1.1" 200 6634 "-" "Mozilla/5.0 (Windows NT 6.1; WOW64; rv:43.0) Gecko/20100101 Firefox/43.0"
123.125.143.151 - - [04/May/2018:03:51:52 -0400] "GET /modules/system/system.base.css?p7r9uw HTTP/1.1" 200 2307 "https://www.nspw.org/" "Mozilla/5.0 (Windows NT 6.1; WOW64; rv:43.0) Gecko/20100101 Firefox/43.0"
123.125.143.151 - - [04/May/2018:03:51:52 -0400] "GET /modules/system/system.menus.css?p7r9uw HTTP/1.1" 200 1025 "https://www.nspw.org/" "Mozilla/5.0 (Windows NT 6.1; WOW64; rv:43.0) Gecko/20100101 Firefox/43.0"
123.125.143.151 - - [04/May/2018:03:51:52 -0400] "GET /modules/system/system.messages.css?p7r9uw HTTP/1.1" 200 746 "https://www.nspw.org/" "Mozilla/5.0 (Windows NT 6.1; WOW64; rv:43.0) Gecko/20100101 Firefox/43.0"
123.125.143.10 - - [04/May/2018:03:51:53 -0400] "GET /modules/system/system.theme.css?p7r9uw HTTP/1.1" 200 1723 "https://www.nspw.org/" "Mozilla/5.0 (Windows NT 6.1; WOW64; rv:43.0) Gecko/20100101 Firefox/43.0"
123.125.143.147 - - [04/May/2018:03:51:53 -0400] "GET /modules/comment/comment.css?p7r9uw HTTP/1.1" 200 643 "https://www.nspw.org/" "Mozilla/5.0 (Windows NT 6.1; WOW64; rv:43.0) Gecko/20100101 Firefox/43.0"
123.125.143.21 - - [04/May/2018:03:51:53 -0400] "GET /modules/node/node.css?p7r9uw HTTP/1.1" 200 610 "https://www.nspw.org/" "Mozilla/5.0 (Windows NT 6.1; WOW64; rv:43.0) Gecko/20100101 Firefox/43.0"
123.125.143.139 - - [04/May/2018:03:51:53 -0400] "GET /modules/user/user.css?p7r9uw HTTP/1.1" 200 1200 "https://www.nspw.org/" "Mozilla/5.0 (Windows NT 6.1; WOW64; rv:43.0) Gecko/20100101 Firefox/43.0"
123.125.143.24 - - [04/May/2018:03:51:53 -0400] "GET /modules/field/theme/field.css?p7r9uw HTTP/1.1" 200 737 "https://www.nspw.org/" "Mozilla/5.0 (Windows NT 6.1; WOW64; rv:43.0) Gecko/20100101 Firefox/43.0"
123.125.143.151 - - [04/May/2018:03:51:53 -0400] "GET /themes/garland/style.css?p7r9uw HTTP/1.1" 200 5370 "https://www.nspw.org/" "Mozilla/5.0 (Windows NT 6.1; WOW64; rv:43.0) Gecko/20100101 Firefox/43.0"
123.125.143.10 - - [04/May/2018:03:51:53 -0400] "GET /themes/garland/print.css?p7r9uw HTTP/1.1" 200 771 "https://www.nspw.org/" "Mozilla/5.0 (Windows NT 6.1; WOW64; rv:43.0) Gecko/20100101 Firefox/43.0"
123.125.143.147 - - [04/May/2018:03:51:53 -0400] "GET /misc/jquery.js?v=1.4.4 HTTP/1.1" 200 27601 "https://www.nspw.org/" "Mozilla/5.0 (Windows NT 6.1; WOW64; rv:43.0) Gecko/20100101 Firefox/43.0"
123.125.143.21 - - [04/May/2018:03:51:53 -0400] "GET /misc/jquery.once.js?v=1.2 HTTP/1.1" 200 1445 "https://www.nspw.org/" "Mozilla/5.0 (Windows NT 6.1; WOW64; rv:43.0) Gecko/20100101 Firefox/43.0"
123.125.143.24 - - [04/May/2018:03:51:53 -0400] "GET /misc/drupal.js?p7r9uw HTTP/1.1" 200 7372 "https://www.nspw.org/" "Mozilla/5.0 (Windows NT 6.1; WOW64; rv:43.0) Gecko/20100101 Firefox/43.0"
69.162.124.227 - - [04/May/2018:03:52:42 -0400] "HEAD / HTTP/1.1" 200 3874 "http://nspw.org/" "Mozilla/5.0+(compatible; UptimeRobot/2.0; http://www.uptimerobot.com/)"
35.232.100.166 - - [04/May/2018:03:52:43 -0400] "GET /robots.txt HTTP/1.1" 200 4496 "-" "ltx71 - (http://ltx71.com/)"
145.94.181.47 - - [04/May/2018:03:53:28 -0400] "GET /2018 HTTP/1.1" 200 6922 "https://www.google.nl/" "Mozilla/5.0 (Windows NT 6.1; WOW64) AppleWebKit/537.36 (KHTML, like Gecko) Chrome/63.0.3239.84 Safari/537.36"
145.94.181.47 - - [04/May/2018:03:53:29 -0400] "GET /modules/system/system.base.css?p7r9uw HTTP/1.1" 200 2307 "-" "Mozilla/5.0 (Windows NT 6.1; WOW64) AppleWebKit/537.36 (KHTML, like Gecko) Chrome/63.0.3239.84 Safari/537.36"
145.94.181.47 - - [04/May/2018:03:53:29 -0400] "GET /modules/system/system.menus.css?p7r9uw HTTP/1.1" 200 1182 "-" "Mozilla/5.0 (Windows NT 6.1; WOW64) AppleWebKit/537.36 (KHTML, like Gecko) Chrome/63.0.3239.84 Safari/537.36"
145.94.181.47 - - [04/May/2018:03:53:29 -0400] "GET /modules/system/system.messages.css?p7r9uw HTTP/1.1" 200 746 "-" "Mozilla/5.0 (Windows NT 6.1; WOW64) AppleWebKit/537.36 (KHTML, like Gecko) Chrome/63.0.3239.84 Safari/537.36"
145.94.181.47 - - [04/May/2018:03:53:29 -0400] "GET /modules/field/theme/field.css?p7r9uw HTTP/1.1" 200 756 "-" "Mozilla/5.0 (Windows NT 6.1; WOW64) AppleWebKit/537.36 (KHTML, like Gecko) Chrome/63.0.3239.84 Safari/537.36"
145.94.181.47 - - [04/May/2018:03:53:29 -0400] "GET /modules/node/node.css?p7r9uw HTTP/1.1" 200 629 "-" "Mozilla/5.0 (Windows NT 6.1; WOW64) AppleWebKit/537.36 (KHTML, like Gecko) Chrome/63.0.3239.84 Safari/537.36"
145.94.181.47 - - [04/May/2018:03:53:29 -0400] "GET /modules/comment/comment.css?p7r9uw HTTP/1.1" 200 662 "-" "Mozilla/5.0 (Windows NT 6.1; WOW64) AppleWebKit/537.36 (KHTML, like Gecko) Chrome/63.0.3239.84 Safari/537.36"
145.94.181.47 - - [04/May/2018:03:53:29 -0400] "GET /modules/user/user.css?p7r9uw HTTP/1.1" 200 1062 "-" "Mozilla/5.0 (Windows NT 6.1; WOW64) AppleWebKit/537.36 (KHTML, like Gecko) Chrome/63.0.3239.84 Safari/537.36"
145.94.181.47 - - [04/May/2018:03:53:29 -0400] "GET /modules/system/system.theme.css?p7r9uw HTTP/1.1" 200 1742 "-" "Mozilla/5.0 (Windows NT 6.1; WOW64) AppleWebKit/537.36 (KHTML, like Gecko) Chrome/63.0.3239.84 Safari/537.36"
145.94.181.47 - - [04/May/2018:03:53:29 -0400] "GET /themes/garland/style.css?p7r9uw HTTP/1.1" 200 5370 "-" "Mozilla/5.0 (Windows NT 6.1; WOW64) AppleWebKit/537.36 (KHTML, like Gecko) Chrome/63.0.3239.84 Safari/537.36"
145.94.181.47 - - [04/May/2018:03:53:29 -0400] "GET /themes/garland/print.css?p7r9uw HTTP/1.1" 200 771 "-" "Mozilla/5.0 (Windows NT 6.1; WOW64) AppleWebKit/537.36 (KHTML, like Gecko) Chrome/63.0.3239.84 Safari/537.36"
145.94.181.47 - - [04/May/2018:03:53:29 -0400] "GET /misc/jquery.once.js?v=1.2 HTTP/1.1" 200 1445 "https://www.nspw.org/2018" "Mozilla/5.0 (Windows NT 6.1; WOW64) AppleWebKit/537.36 (KHTML, like Gecko) Chrome/63.0.3239.84 Safari/537.36"
145.94.181.47 - - [04/May/2018:03:53:29 -0400] "GET /misc/drupal.js?p7r9uw HTTP/1.1" 200 7372 "https://www.nspw.org/2018" "Mozilla/5.0 (Windows NT 6.1; WOW64) AppleWebKit/537.36 (KHTML, like Gecko) Chrome/63.0.3239.84 Safari/537.36"
145.94.181.47 - - [04/May/2018:03:53:29 -0400] "GET /misc/jquery.js?v=1.4.4 HTTP/1.1" 200 27601 "https://www.nspw.org/2018" "Mozilla/5.0 (Windows NT 6.1; WOW64) AppleWebKit/537.36 (KHTML, like Gecko) Chrome/63.0.3239.84 Safari/537.36"
145.94.181.47 - - [04/May/2018:03:53:29 -0400] "GET /sites/default/files/nspw-logo-smaller.jpg HTTP/1.1" 200 2534 "https://www.nspw.org/2018" "Mozilla/5.0 (Windows NT 6.1; WOW64) AppleWebKit/537.36 (KHTML, like Gecko) Chrome/63.0.3239.84 Safari/537.36"
145.94.181.47 - - [04/May/2018:03:53:29 -0400] "GET /themes/garland/images/body.png HTTP/1.1" 200 993 "https://www.nspw.org/themes/garland/style.css?p7r9uw" "Mozilla/5.0 (Windows NT 6.1; WOW64) AppleWebKit/537.36 (KHTML, like Gecko) Chrome/63.0.3239.84 Safari/537.36"
145.94.181.47 - - [04/May/2018:03:53:29 -0400] "GET /themes/garland/images/bg-navigation-item.png HTTP/1.1" 200 812 "https://www.nspw.org/themes/garland/style.css?p7r9uw" "Mozilla/5.0 (Windows NT 6.1; WOW64) AppleWebKit/537.36 (KHTML, like Gecko) Chrome/63.0.3239.84 Safari/537.36"
145.94.181.47 - - [04/May/2018:03:53:29 -0400] "GET /themes/garland/images/bg-navigation-item-hover.png HTTP/1.1" 200 754 "https://www.nspw.org/themes/garland/style.css?p7r9uw" "Mozilla/5.0 (Windows NT 6.1; WOW64) AppleWebKit/537.36 (KHTML, like Gecko) Chrome/63.0.3239.84 Safari/537.36"
145.94.181.47 - - [04/May/2018:03:53:29 -0400] "GET /themes/garland/images/menu-expanded.gif HTTP/1.1" 200 495 "https://www.nspw.org/themes/garland/style.css?p7r9uw" "Mozilla/5.0 (Windows NT 6.1; WOW64) AppleWebKit/537.36 (KHTML, like Gecko) Chrome/63.0.3239.84 Safari/537.36"
145.94.181.47 - - [04/May/2018:03:53:29 -0400] "GET /themes/garland/images/menu-collapsed.gif HTTP/1.1" 200 488 "https://www.nspw.org/themes/garland/style.css?p7r9uw" "Mozilla/5.0 (Windows NT 6.1; WOW64) AppleWebKit/537.36 (KHTML, like Gecko) Chrome/63.0.3239.84 Safari/537.36"
145.94.181.47 - - [04/May/2018:03:53:29 -0400] "GET /themes/garland/images/menu-leaf.gif HTTP/1.1" 200 486 "https://www.nspw.org/themes/garland/style.css?p7r9uw" "Mozilla/5.0 (Windows NT 6.1; WOW64) AppleWebKit/537.36 (KHTML, like Gecko) Chrome/63.0.3239.84 Safari/537.36"
145.94.181.47 - - [04/May/2018:03:53:29 -0400] "GET /themes/garland/images/bg-content-right.png HTTP/1.1" 200 3162 "https://www.nspw.org/themes/garland/style.css?p7r9uw" "Mozilla/5.0 (Windows NT 6.1; WOW64) AppleWebKit/537.36 (KHTML, like Gecko) Chrome/63.0.3239.84 Safari/537.36"
