83.100.143.238 - - [26/Apr/2018:10:21:06 -0400] "GET /2009/proceedings/1999/nspw1999-lipson.pdf HTTP/1.1" 200 223728 "https://scholar.google.co.uk/" "Mozilla/5.0 (Macintosh; Intel Mac OS X 10_11_6) AppleWebKit/537.36 (KHTML, like Gecko) Chrome/65.0.3325.181 Safari/537.36"
40.77.167.65 - - [26/Apr/2018:10:21:31 -0400] "GET /papers/2009/nspw2009-verendel.pdf HTTP/1.1" 200 159900 "-" "Mozilla/5.0 (compatible; bingbot/2.0; +http://www.bing.com/bingbot.htm)"
66.249.73.87 - - [26/Apr/2018:10:21:39 -0400] "GET /papers/2001/nspw2001-yan.pdf HTTP/1.1" 200 510133 "-" "Mozilla/5.0 (Linux; Android 6.0.1; Nexus 5X Build/MMB29P) AppleWebKit/537.36 (KHTML, like Gecko) Chrome/41.0.2272.96 Mobile Safari/537.36 (compatible; Googlebot/2.1; +http://www.google.com/bot.html)"
69.162.124.227 - - [26/Apr/2018:10:22:20 -0400] "HEAD / HTTP/1.1" 200 3874 "http://nspw.org/" "Mozilla/5.0+(compatible; UptimeRobot/2.0; http://www.uptimerobot.com/)"
66.249.73.91 - - [26/Apr/2018:10:22:31 -0400] "GET /papers/2006/nspw2006-naegoe.pdf HTTP/1.1" 200 267940 "-" "Mozilla/5.0 (compatible; Googlebot/2.1; +http://www.google.com/bot.html)"
122.170.66.112 - - [26/Apr/2018:10:22:45 -0400] "GET /wp-login.php HTTP/1.1" 404 7985 "-" "Mozilla/5.0 (Windows NT 6.1; WOW64; rv:40.0) Gecko/20100101 Firefox/40.1"
66.249.73.89 - - [26/Apr/2018:10:22:46 -0400] "GET /papers/2007/nspw2007-mannan.pdf HTTP/1.1" 200 502565 "-" "Mozilla/5.0 (compatible; Googlebot/2.1; +http://www.google.com/bot.html)"
122.170.66.112 - - [26/Apr/2018:10:22:47 -0400] "GET / HTTP/1.1" 200 8206 "-" "Mozilla/5.0 (Windows NT 6.1; WOW64; rv:40.0) Gecko/20100101 Firefox/40.1"
66.96.183.78 - - [26/Apr/2018:10:24:15 -0400] "HEAD / HTTP/1.1" 200 3679 "http://konstantin.beznosov.net/professional" "Mozilla/5.0 (compatible; MSIE 9.0; Windows NT 6.1; WOW64; Trident/5.0)"
66.249.73.87 - - [26/Apr/2018:10:25:07 -0400] "GET /papers/2002/nspw2002-williams.pdf HTTP/1.1" 200 1179718 "-" "Mozilla/5.0 (compatible; Googlebot/2.1; +http://www.google.com/bot.html)"
157.55.39.221 - - [26/Apr/2018:10:24:53 -0400] "GET /papers/1998/nspw1998-beaver.pdf HTTP/1.1" 200 1131613 "-" "Mozilla/5.0 (iPhone; CPU iPhone OS 7_0 like Mac OS X) AppleWebKit/537.51.1 (KHTML, like Gecko) Version/7.0 Mobile/11A465 Safari/9537.53 (compatible; bingbot/2.0; +http://www.bing.com/bingbot.htm)"
66.249.73.89 - - [26/Apr/2018:10:25:58 -0400] "GET /papers/1993/nspw1993-thomas.pdf HTTP/1.1" 200 494350 "-" "Mozilla/5.0 (compatible; Googlebot/2.1; +http://www.google.com/bot.html)"
180.76.15.163 - - [26/Apr/2018:10:26:43 -0400] "GET /2016/location HTTP/1.1" 200 15026 "-" "Mozilla/5.0 (compatible; Baiduspider/2.0; +http://www.baidu.com/search/spider.html)"
66.249.73.89 - - [26/Apr/2018:10:26:49 -0400] "GET /2016 HTTP/1.1" 200 6966 "-" "Mozilla/5.0 (Linux; Android 6.0.1; Nexus 5X Build/MMB29P) AppleWebKit/537.36 (KHTML, like Gecko) Chrome/41.0.2272.96 Mobile Safari/537.36 (compatible; Googlebot/2.1; +http://www.google.com/bot.html)"
69.162.124.227 - - [26/Apr/2018:10:27:20 -0400] "HEAD / HTTP/1.1" 200 3874 "http://nspw.org/" "Mozilla/5.0+(compatible; UptimeRobot/2.0; http://www.uptimerobot.com/)"
66.249.73.91 - - [26/Apr/2018:10:27:41 -0400] "GET /papers/1997/nspw1997-timmerman.pdf HTTP/1.1" 200 1288232 "-" "Mozilla/5.0 (compatible; Googlebot/2.1; +http://www.google.com/bot.html)"
66.249.73.89 - - [26/Apr/2018:10:28:33 -0400] "GET /papers/2013/nspw2013-ard.pdf HTTP/1.1" 200 740529 "-" "Mozilla/5.0 (compatible; Googlebot/2.1; +http://www.google.com/bot.html)"
66.249.73.87 - - [26/Apr/2018:10:29:24 -0400] "GET /2002/past.shtml HTTP/1.1" 200 5333 "-" "Mozilla/5.0 (Linux; Android 6.0.1; Nexus 5X Build/MMB29P) AppleWebKit/537.36 (KHTML, like Gecko) Chrome/41.0.2272.96 Mobile Safari/537.36 (compatible; Googlebot/2.1; +http://www.google.com/bot.html)"
66.249.73.87 - - [26/Apr/2018:10:30:17 -0400] "GET /papers/2005/nspw2005-van_oorschot.pdf HTTP/1.1" 200 2313784 "-" "Mozilla/5.0 (compatible; Googlebot/2.1; +http://www.google.com/bot.html)"
66.249.73.87 - - [26/Apr/2018:10:31:08 -0400] "GET /2007/cfp.shtml HTTP/1.1" 200 8391 "-" "Mozilla/5.0 (Linux; Android 6.0.1; Nexus 5X Build/MMB29P) AppleWebKit/537.36 (KHTML, like Gecko) Chrome/41.0.2272.96 Mobile Safari/537.36 (compatible; Googlebot/2.1; +http://www.google.com/bot.html)"
59.106.108.116 - - [26/Apr/2018:10:31:49 -0400] "GET /current/ HTTP/1.1" 200 12401 "-" "Hatena Antenna/0.5 (http://a.hatena.ne.jp/help)"
66.249.73.87 - - [26/Apr/2018:10:32:00 -0400] "GET /papers/2011/nspw2011-pieters.pdf HTTP/1.1" 200 2771026 "-" "Mozilla/5.0 (compatible; Googlebot/2.1; +http://www.google.com/bot.html)"
40.77.178.0 - - [26/Apr/2018:10:32:01 -0400] "GET /sites/default/files/nspw-logo-smaller.jpg HTTP/1.1" 200 5928 "-" "Mozilla/5.0 (iPhone; CPU iPhone OS 7_0 like Mac OS X) AppleWebKit/537.51.1 (KHTML, like Gecko) Version/7.0 Mobile/11A465 Safari/9537.53 BingPreview/1.0b"
69.162.124.227 - - [26/Apr/2018:10:32:20 -0400] "HEAD / HTTP/1.1" 200 3874 "http://nspw.org/" "Mozilla/5.0+(compatible; UptimeRobot/2.0; http://www.uptimerobot.com/)"
49.206.92.197 - - [26/Apr/2018:10:33:04 -0400] "GET /wp-login.php HTTP/1.1" 404 7491 "-" "Mozilla/5.0 (Windows NT 6.1; WOW64; rv:40.0) Gecko/20100101 Firefox/40.1"
49.206.92.197 - - [26/Apr/2018:10:33:06 -0400] "GET / HTTP/1.1" 200 8218 "-" "Mozilla/5.0 (Windows NT 6.1; WOW64; rv:40.0) Gecko/20100101 Firefox/40.1"
66.249.65.108 - - [26/Apr/2018:10:33:34 -0400] "GET /papers/2012/docs/p105.pdf HTTP/1.1" 200 12456290 "-" "Mozilla/5.0 (compatible; Googlebot/2.1; +http://www.google.com/bot.html)"
66.249.65.104 - - [26/Apr/2018:10:34:03 -0400] "GET /papers/2012/docs/p115.pdf HTTP/1.1" 200 841801 "-" "Mozilla/5.0 (compatible; Googlebot/2.1; +http://www.google.com/bot.html)"
77.88.47.40 - - [26/Apr/2018:10:34:35 -0400] "GET /2009/proceedings/2008/?C=S;O=A HTTP/1.1" 200 4364 "-" "Mozilla/5.0 (compatible; YandexBot/3.0; +http://yandex.com/bots)"
66.249.73.89 - - [26/Apr/2018:10:34:36 -0400] "GET /papers/2010/nspw2010-raskin.pdf HTTP/1.1" 200 610901 "-" "Mozilla/5.0 (compatible; Googlebot/2.1; +http://www.google.com/bot.html)"
66.249.65.104 - - [26/Apr/2018:10:34:51 -0400] "GET /papers/2012/docs/p127.pdf HTTP/1.1" 200 3716613 "-" "Mozilla/5.0 (compatible; Googlebot/2.1; +http://www.google.com/bot.html)"
197.88.171.190 - - [26/Apr/2018:10:35:06 -0400] "GET /wp-login.php HTTP/1.1" 404 7985 "-" "Mozilla/5.0 (Windows NT 6.1; WOW64; rv:40.0) Gecko/20100101 Firefox/40.1"
197.88.171.190 - - [26/Apr/2018:10:35:09 -0400] "GET / HTTP/1.1" 200 8206 "-" "Mozilla/5.0 (Windows NT 6.1; WOW64; rv:40.0) Gecko/20100101 Firefox/40.1"
66.249.73.87 - - [26/Apr/2018:10:35:28 -0400] "GET /papers/2005/nspw2005-flechais.pdf HTTP/1.1" 200 2796418 "-" "Mozilla/5.0 (compatible; Googlebot/2.1; +http://www.google.com/bot.html)"
66.249.65.108 - - [26/Apr/2018:10:35:49 -0400] "GET /papers/2012/docs/welcome2.pdf HTTP/1.1" 200 82795 "-" "Mozilla/5.0 (compatible; Googlebot/2.1; +http://www.google.com/bot.html)"
158.140.163.5 - - [26/Apr/2018:10:36:23 -0400] "GET /wp-login.php HTTP/1.1" 404 8180 "-" "Mozilla/5.0 (Windows NT 6.1; WOW64; rv:40.0) Gecko/20100101 Firefox/40.1"
158.140.163.5 - - [26/Apr/2018:10:36:23 -0400] "GET / HTTP/1.1" 200 8298 "-" "Mozilla/5.0 (Windows NT 6.1; WOW64; rv:40.0) Gecko/20100101 Firefox/40.1"
40.77.167.125 - - [26/Apr/2018:10:35:37 -0400] "GET /2009/proceedings/2009/nspw2009-gibson.pdf HTTP/1.1" 200 3916249 "-" "Mozilla/5.0 (iPhone; CPU iPhone OS 7_0 like Mac OS X) AppleWebKit/537.51.1 (KHTML, like Gecko) Version/7.0 Mobile/11A465 Safari/9537.53 (compatible; bingbot/2.0; +http://www.bing.com/bingbot.htm)"
66.249.65.104 - - [26/Apr/2018:10:36:49 -0400] "GET /papers/2012/docs/welcome1.pdf HTTP/1.1" 200 90304 "-" "Mozilla/5.0 (compatible; Googlebot/2.1; +http://www.google.com/bot.html)"
66.249.73.91 - - [26/Apr/2018:10:37:11 -0400] "GET /2017/program HTTP/1.1" 200 7340 "-" "Mozilla/5.0 (compatible; Googlebot/2.1; +http://www.google.com/bot.html)"
69.162.124.227 - - [26/Apr/2018:10:37:20 -0400] "HEAD / HTTP/1.1" 200 3874 "http://nspw.org/" "Mozilla/5.0+(compatible; UptimeRobot/2.0; http://www.uptimerobot.com/)"
66.249.73.89 - - [26/Apr/2018:10:37:32 -0400] "GET /modules/user/user.css?nhfa6e HTTP/1.1" 200 4456 "http://www.nspw.org/2014/" "Mozilla/5.0 (compatible; Googlebot/2.1; +http://www.google.com/bot.html)"
66.249.73.87 - - [26/Apr/2018:10:37:32 -0400] "GET /modules/node/node.css?nhfa6e HTTP/1.1" 200 3866 "http://www.nspw.org/2014/" "Mozilla/5.0 (compatible; Googlebot/2.1; +http://www.google.com/bot.html)"
66.249.73.87 - - [26/Apr/2018:10:37:33 -0400] "GET /themes/garland/style.css?nhfa6e HTTP/1.1" 200 5370 "http://www.nspw.org/2014/" "Mozilla/5.0 (compatible; Googlebot/2.1; +http://www.google.com/bot.html)"
66.249.73.87 - - [26/Apr/2018:10:37:33 -0400] "GET /modules/system/system.menus.css?nhfa6e HTTP/1.1" 200 1025 "http://www.nspw.org/2014/" "Mozilla/5.0 (compatible; Googlebot/2.1; +http://www.google.com/bot.html)"
66.249.73.87 - - [26/Apr/2018:10:37:34 -0400] "GET /modules/system/system.base.css?nhfa6e HTTP/1.1" 200 2307 "http://www.nspw.org/2014/" "Mozilla/5.0 (compatible; Googlebot/2.1; +http://www.google.com/bot.html)"
66.249.73.87 - - [26/Apr/2018:10:37:35 -0400] "GET /modules/system/system.theme.css?nhfa6e HTTP/1.1" 200 1585 "http://www.nspw.org/2014/" "Mozilla/5.0 (compatible; Googlebot/2.1; +http://www.google.com/bot.html)"
66.249.73.87 - - [26/Apr/2018:10:37:35 -0400] "GET /modules/field/theme/field.css?nhfa6e HTTP/1.1" 200 599 "http://www.nspw.org/2014/" "Mozilla/5.0 (compatible; Googlebot/2.1; +http://www.google.com/bot.html)"
66.249.73.87 - - [26/Apr/2018:10:37:36 -0400] "GET /modules/system/system.messages.css?nhfa6e HTTP/1.1" 200 746 "http://www.nspw.org/2014/" "Mozilla/5.0 (compatible; Googlebot/2.1; +http://www.google.com/bot.html)"
66.249.73.87 - - [26/Apr/2018:10:37:36 -0400] "GET /themes/garland/print.css?nhfa6e HTTP/1.1" 200 771 "http://www.nspw.org/2014/" "Mozilla/5.0 (compatible; Googlebot/2.1; +http://www.google.com/bot.html)"
66.249.65.104 - - [26/Apr/2018:10:37:57 -0400] "GET /papers/2012/docs/organization.pdf HTTP/1.1" 200 93801 "-" "Mozilla/5.0 (compatible; Googlebot/2.1; +http://www.google.com/bot.html)"
66.249.73.89 - - [26/Apr/2018:10:38:03 -0400] "GET /papers/2007/nspw2007-backmatter.pdf HTTP/1.1" 200 65915 "-" "Mozilla/5.0 (compatible; Googlebot/2.1; +http://www.google.com/bot.html)"
66.249.73.87 - - [26/Apr/2018:10:38:54 -0400] "GET /papers/2012/forms/authors.htm HTTP/1.1" 304 3604 "-" "Mozilla/5.0 (compatible; Googlebot/2.1; +http://www.google.com/bot.html)"
207.46.13.90 - - [26/Apr/2018:10:36:54 -0400] "GET /2009/proceedings/2009/nspw2009-gibson.pdf HTTP/1.1" 200 3916249 "-" "Mozilla/5.0 (iPhone; CPU iPhone OS 7_0 like Mac OS X) AppleWebKit/537.51.1 (KHTML, like Gecko) Version/7.0 Mobile/11A465 Safari/9537.53 (compatible; bingbot/2.0; +http://www.bing.com/bingbot.htm)"
66.249.73.89 - - [26/Apr/2018:10:39:46 -0400] "GET /2011/organizers HTTP/1.1" 200 6732 "-" "Mozilla/5.0 (compatible; Googlebot/2.1; +http://www.google.com/bot.html)"
66.249.73.91 - - [26/Apr/2018:10:40:03 -0400] "GET /papers/2012/forms/index_files/factemplate.css HTTP/1.1" 200 4178 "https://www.nspw.org/papers/2012/forms/authors.htm" "Mozilla/5.0 (compatible; Googlebot/2.1; +http://www.google.com/bot.html)"
5.13.41.159 - - [26/Apr/2018:10:40:33 -0400] "GET /wp-login.php HTTP/1.1" 404 7484 "-" "Mozilla/5.0 (Windows NT 6.1; WOW64; rv:40.0) Gecko/20100101 Firefox/40.1"
5.13.41.159 - - [26/Apr/2018:10:40:34 -0400] "GET / HTTP/1.1" 200 8218 "-" "Mozilla/5.0 (Windows NT 6.1; WOW64; rv:40.0) Gecko/20100101 Firefox/40.1"
66.249.73.89 - - [26/Apr/2018:10:40:38 -0400] "GET /2004/cfp.shtml HTTP/1.1" 200 6340 "-" "Mozilla/5.0 (compatible; Googlebot/2.1; +http://www.google.com/bot.html)"
74.82.47.4 - - [26/Apr/2018:10:40:39 -0400] "GET / HTTP/1.1" 200 11408 "-" "-"
88.171.61.41 - - [26/Apr/2018:10:40:42 -0400] "GET /wp-login.php HTTP/1.1" 404 7985 "-" "Mozilla/5.0 (Windows NT 6.1; WOW64; rv:40.0) Gecko/20100101 Firefox/40.1"
88.171.61.41 - - [26/Apr/2018:10:40:42 -0400] "GET / HTTP/1.1" 200 8206 "-" "Mozilla/5.0 (Windows NT 6.1; WOW64; rv:40.0) Gecko/20100101 Firefox/40.1"
180.76.15.5 - - [26/Apr/2018:10:40:52 -0400] "GET /papers/2000/nspw2000-rannenberg.pdf HTTP/1.1" 200 1059109 "-" "Mozilla/5.0 (compatible; Baiduspider/2.0; +http://www.baidu.com/search/spider.html)"
5.102.173.71 - - [26/Apr/2018:10:41:07 -0400] "GET /robots.txt HTTP/1.1" 200 4496 "-" "Mozilla/5.0 (compatible; MojeekBot/0.6; +https://www.mojeek.com/bot.html)"
5.102.173.71 - - [26/Apr/2018:10:41:07 -0400] "GET /2016/organizers HTTP/1.1" 200 3722 "-" "Mozilla/5.0 (compatible; MojeekBot/0.6; +https://www.mojeek.com/bot.html)"
125.209.235.177 - - [26/Apr/2018:10:41:17 -0400] "GET /2010 HTTP/1.1" 200 6978 "-" "Mozilla/5.0 (compatible; Yeti/1.1; +http://naver.me/spd)"
66.249.73.87 - - [26/Apr/2018:10:41:30 -0400] "GET /papers/2012/docs/welcome2.pdf HTTP/1.1" 304 3605 "-" "Mozilla/5.0 (compatible; Googlebot/2.1; +http://www.google.com/bot.html)"
141.212.122.128 - - [26/Apr/2018:10:41:51 -0400] "GET / HTTP/1.1" 200 6383 "http://134.117.225.39:80/" "Mozilla/5.0 zgrab/0.x"
180.76.15.16 - - [26/Apr/2018:10:41:52 -0400] "GET /2012 HTTP/1.1" 200 13347 "-" "Mozilla/5.0 (compatible; Baiduspider/2.0; +http://www.baidu.com/search/spider.html)"
69.162.124.227 - - [26/Apr/2018:10:42:20 -0400] "HEAD / HTTP/1.1" 200 3874 "http://nspw.org/" "Mozilla/5.0+(compatible; UptimeRobot/2.0; http://www.uptimerobot.com/)"
66.249.73.91 - - [26/Apr/2018:10:42:22 -0400] "GET /2013/papers HTTP/1.1" 200 7016 "-" "Mozilla/5.0 (compatible; Googlebot/2.1; +http://www.google.com/bot.html)"
180.76.15.150 - - [26/Apr/2018:10:42:52 -0400] "GET /papers/2009/nspw2009-gibson.pdf HTTP/1.1" 200 1792710 "-" "Mozilla/5.0 (compatible; Baiduspider/2.0; +http://www.baidu.com/search/spider.html)"
66.249.73.89 - - [26/Apr/2018:10:43:14 -0400] "GET /papers/2012/docs/p127.pdf HTTP/1.1" 200 3716613 "-" "Mozilla/5.0 (compatible; Googlebot/2.1; +http://www.google.com/bot.html)"
93.150.11.34 - - [26/Apr/2018:10:43:47 -0400] "GET /wp-login.php HTTP/1.1" 404 7985 "-" "Mozilla/5.0 (Windows NT 6.1; WOW64; rv:40.0) Gecko/20100101 Firefox/40.1"
93.150.11.34 - - [26/Apr/2018:10:43:47 -0400] "GET / HTTP/1.1" 200 8206 "-" "Mozilla/5.0 (Windows NT 6.1; WOW64; rv:40.0) Gecko/20100101 Firefox/40.1"
180.76.15.8 - - [26/Apr/2018:10:43:52 -0400] "GET /papers/2010/nspw2010-moore.pdf HTTP/1.1" 200 741132 "-" "Mozilla/5.0 (compatible; Baiduspider/2.0; +http://www.baidu.com/search/spider.html)"
66.249.73.91 - - [26/Apr/2018:10:44:06 -0400] "GET /2005/cfp/latex/tr.tex HTTP/1.1" 200 144868 "-" "Mozilla/5.0 (compatible; Googlebot/2.1; +http://www.google.com/bot.html)"
180.76.15.146 - - [26/Apr/2018:10:44:52 -0400] "GET /2006/past.shtml HTTP/1.1" 200 8749 "-" "Mozilla/5.0 (compatible; Baiduspider/2.0; +http://www.baidu.com/search/spider.html)"
66.249.73.87 - - [26/Apr/2018:10:44:57 -0400] "GET /papers/1993/nspw1993-baker.pdf HTTP/1.1" 200 537824 "-" "Mozilla/5.0 (Linux; Android 6.0.1; Nexus 5X Build/MMB29P) AppleWebKit/537.36 (KHTML, like Gecko) Chrome/41.0.2272.96 Mobile Safari/537.36 (compatible; Googlebot/2.1; +http://www.google.com/bot.html)"
112.206.78.25 - - [26/Apr/2018:10:45:40 -0400] "GET /wp-login.php HTTP/1.1" 404 7491 "-" "Mozilla/5.0 (Windows NT 6.1; WOW64; rv:40.0) Gecko/20100101 Firefox/40.1"
112.206.78.25 - - [26/Apr/2018:10:45:40 -0400] "GET / HTTP/1.1" 200 8218 "-" "Mozilla/5.0 (Windows NT 6.1; WOW64; rv:40.0) Gecko/20100101 Firefox/40.1"
66.249.73.87 - - [26/Apr/2018:10:45:49 -0400] "GET /2010/2010/submissions HTTP/1.1" 404 8026 "-" "Mozilla/5.0 (Linux; Android 6.0.1; Nexus 5X Build/MMB29P) AppleWebKit/537.36 (KHTML, like Gecko) Chrome/41.0.2272.96 Mobile Safari/537.36 (compatible; Googlebot/2.1; +http://www.google.com/bot.html)"
180.76.15.7 - - [26/Apr/2018:10:45:52 -0400] "GET /papers/2006/nspw2006-bond.pdf HTTP/1.1" 200 116715 "-" "Mozilla/5.0 (compatible; Baiduspider/2.0; +http://www.baidu.com/search/spider.html)"
66.249.73.91 - - [26/Apr/2018:10:46:41 -0400] "GET /papers/1993/nspw1993-desmedt.pdf HTTP/1.1" 200 694330 "-" "Mozilla/5.0 (Linux; Android 6.0.1; Nexus 5X Build/MMB29P) AppleWebKit/537.36 (KHTML, like Gecko) Chrome/41.0.2272.96 Mobile Safari/537.36 (compatible; Googlebot/2.1; +http://www.google.com/bot.html)"
180.76.15.31 - - [26/Apr/2018:10:46:52 -0400] "GET /2014/ HTTP/1.1" 200 12887 "-" "Mozilla/5.0 (compatible; Baiduspider/2.0; +http://www.baidu.com/search/spider.html)"
69.162.124.227 - - [26/Apr/2018:10:47:20 -0400] "HEAD / HTTP/1.1" 200 3874 "http://nspw.org/" "Mozilla/5.0+(compatible; UptimeRobot/2.0; http://www.uptimerobot.com/)"
40.77.167.131 - - [26/Apr/2018:10:47:10 -0400] "GET /2009/proceedings/2008/nspw2008-beautement.pdf HTTP/1.1" 200 769875 "-" "Mozilla/5.0 (iPhone; CPU iPhone OS 7_0 like Mac OS X) AppleWebKit/537.51.1 (KHTML, like Gecko) Version/7.0 Mobile/11A465 Safari/9537.53 (compatible; bingbot/2.0; +http://www.bing.com/bingbot.htm)"
66.249.73.87 - - [26/Apr/2018:10:47:32 -0400] "GET /2017 HTTP/1.1" 200 7051 "-" "Mozilla/5.0 (compatible; Googlebot/2.1; +http://www.google.com/bot.html)"
180.76.15.147 - - [26/Apr/2018:10:47:52 -0400] "GET /papers/2005/nspw2005-flechais.pdf HTTP/1.1" 200 2006079 "-" "Mozilla/5.0 (compatible; Baiduspider/2.0; +http://www.baidu.com/search/spider.html)"
66.249.73.91 - - [26/Apr/2018:10:48:04 -0400] "GET /current/index.shtml HTTP/1.1" 404 8012 "-" "Mozilla/5.0 (compatible; Googlebot/2.1; +http://www.google.com/bot.html)"
66.249.73.87 - - [26/Apr/2018:10:48:25 -0400] "GET /papers/2001/nspw2001-blakley.pdf HTTP/1.1" 200 761570 "-" "Mozilla/5.0 (compatible; Googlebot/2.1; +http://www.google.com/bot.html)"
180.76.15.163 - - [26/Apr/2018:10:48:52 -0400] "GET /papers/2006/nspw2006-conti.pdf HTTP/1.1" 200 142679 "-" "Mozilla/5.0 (compatible; Baiduspider/2.0; +http://www.baidu.com/search/spider.html)"
66.249.73.89 - - [26/Apr/2018:10:49:16 -0400] "GET /papers/2010/nspw2010-bishop.pdf HTTP/1.1" 200 660089 "-" "Mozilla/5.0 (compatible; Googlebot/2.1; +http://www.google.com/bot.html)"
66.249.73.87 - - [26/Apr/2018:10:50:08 -0400] "GET /papers/2005/nspw2005-taylor-panel.pdf HTTP/1.1" 200 1269405 "-" "Mozilla/5.0 (compatible; Googlebot/2.1; +http://www.google.com/bot.html)"
80.65.28.181 - - [26/Apr/2018:10:50:18 -0400] "GET /wp-login.php HTTP/1.1" 404 7839 "-" "Mozilla/5.0 (Windows NT 6.1; WOW64; rv:40.0) Gecko/20100101 Firefox/40.1"
80.65.28.181 - - [26/Apr/2018:10:50:19 -0400] "GET / HTTP/1.1" 200 8218 "-" "Mozilla/5.0 (Windows NT 6.1; WOW64; rv:40.0) Gecko/20100101 Firefox/40.1"
180.76.15.138 - - [26/Apr/2018:10:50:52 -0400] "GET /papers/2008/nspw2008-beautement.pdf HTTP/1.1" 200 769373 "-" "Mozilla/5.0 (compatible; Baiduspider/2.0; +http://www.baidu.com/search/spider.html)"
66.249.73.87 - - [26/Apr/2018:10:51:00 -0400] "GET /papers/2013/nspw2013-rowe.pdf HTTP/1.1" 200 609033 "-" "Mozilla/5.0 (compatible; Googlebot/2.1; +http://www.google.com/bot.html)"
45.4.88.27 - - [26/Apr/2018:10:51:29 -0400] "GET /wp-login.php HTTP/1.1" 404 7839 "-" "Mozilla/5.0 (Windows NT 6.1; WOW64; rv:40.0) Gecko/20100101 Firefox/40.1"
45.4.88.27 - - [26/Apr/2018:10:51:30 -0400] "GET / HTTP/1.1" 200 8218 "-" "Mozilla/5.0 (Windows NT 6.1; WOW64; rv:40.0) Gecko/20100101 Firefox/40.1"
66.249.73.87 - - [26/Apr/2018:10:51:51 -0400] "GET /node/70 HTTP/1.1" 200 7007 "-" "Mozilla/5.0 (compatible; Googlebot/2.1; +http://www.google.com/bot.html)"
180.76.15.30 - - [26/Apr/2018:10:51:52 -0400] "GET /2009/proceedings/?C=M;O=A HTTP/1.1" 403 3917 "-" "Mozilla/5.0 (compatible; Baiduspider/2.0; +http://www.baidu.com/search/spider.html)"
122.173.140.79 - - [26/Apr/2018:10:51:59 -0400] "GET /favicon.ico HTTP/1.1" 404 857 "https://www.nspw.org/papers/2001/nspw2001-blakley.pdf" "Mozilla/5.0 (Windows NT 10.0; Win64; x64) AppleWebKit/537.36 (KHTML, like Gecko) Chrome/65.0.3325.181 Safari/537.36"
69.162.124.227 - - [26/Apr/2018:10:52:20 -0400] "HEAD / HTTP/1.1" 200 3874 "http://nspw.org/" "Mozilla/5.0+(compatible; UptimeRobot/2.0; http://www.uptimerobot.com/)"
66.249.73.87 - - [26/Apr/2018:10:52:43 -0400] "GET /papers/2012/docs/p43.pdf HTTP/1.1" 304 3605 "-" "Mozilla/5.0 (compatible; Googlebot/2.1; +http://www.google.com/bot.html)"
180.76.15.6 - - [26/Apr/2018:10:52:52 -0400] "GET /papers/2009/?C=N;O=D HTTP/1.1" 200 7035 "-" "Mozilla/5.0 (compatible; Baiduspider/2.0; +http://www.baidu.com/search/spider.html)"
216.244.66.200 - - [26/Apr/2018:10:53:22 -0400] "GET /robots.txt HTTP/1.1" 200 5796 "-" "Mozilla/5.0 (compatible; DotBot/1.1; http://www.opensiteexplorer.org/dotbot, help@moz.com)"
216.244.66.200 - - [26/Apr/2018:10:53:23 -0400] "GET /robots.txt HTTP/1.1" 200 5796 "-" "Mozilla/5.0 (compatible; DotBot/1.1; http://www.opensiteexplorer.org/dotbot, help@moz.com)"
40.77.167.131 - - [26/Apr/2018:10:53:15 -0400] "GET /2009/proceedings/2013/nspw2013-chen.pdf HTTP/1.1" 200 978512 "-" "Mozilla/5.0 (compatible; bingbot/2.0; +http://www.bing.com/bingbot.htm)"
66.249.73.91 - - [26/Apr/2018:10:53:35 -0400] "GET /papers/2000/nspw2000-marceau.pdf HTTP/1.1" 200 1076682 "-" "Mozilla/5.0 (compatible; Googlebot/2.1; +http://www.google.com/bot.html)"
122.173.140.79 - - [26/Apr/2018:10:51:57 -0400] "GET /papers/2001/nspw2001-blakley.pdf HTTP/1.1" 200 761585 "https://www.google.co.in/" "Mozilla/5.0 (Windows NT 10.0; Win64; x64) AppleWebKit/537.36 (KHTML, like Gecko) Chrome/65.0.3325.181 Safari/537.36"
180.76.15.29 - - [26/Apr/2018:10:53:52 -0400] "GET /papers/2013/?C=S;O=D HTTP/1.1" 200 7471 "-" "Mozilla/5.0 (compatible; Baiduspider/2.0; +http://www.baidu.com/search/spider.html)"
66.249.73.87 - - [26/Apr/2018:10:54:27 -0400] "GET /2003/dates.shtml HTTP/1.1" 200 4931 "-" "Mozilla/5.0 (Linux; Android 6.0.1; Nexus 5X Build/MMB29P) AppleWebKit/537.36 (KHTML, like Gecko) Chrome/41.0.2272.96 Mobile Safari/537.36 (compatible; Googlebot/2.1; +http://www.google.com/bot.html)"
180.76.15.5 - - [26/Apr/2018:10:54:52 -0400] "GET /papers/2007/?C=S;O=A HTTP/1.1" 200 7271 "-" "Mozilla/5.0 (compatible; Baiduspider/2.0; +http://www.baidu.com/search/spider.html)"
66.249.73.89 - - [26/Apr/2018:10:55:19 -0400] "GET /1999/oc.html HTTP/1.1" 200 5340 "-" "Mozilla/5.0 (Linux; Android 6.0.1; Nexus 5X Build/MMB29P) AppleWebKit/537.36 (KHTML, like Gecko) Chrome/41.0.2272.96 Mobile Safari/537.36 (compatible; Googlebot/2.1; +http://www.google.com/bot.html)"
180.76.15.144 - - [26/Apr/2018:10:55:52 -0400] "GET /papers/2006/nspw2006-locasto.pdf HTTP/1.1" 200 166235 "-" "Mozilla/5.0 (compatible; Baiduspider/2.0; +http://www.baidu.com/search/spider.html)"
66.249.73.91 - - [26/Apr/2018:10:56:10 -0400] "GET /2014/program HTTP/1.1" 200 7893 "-" "Mozilla/5.0 (compatible; Googlebot/2.1; +http://www.google.com/bot.html)"
180.76.15.23 - - [26/Apr/2018:10:56:52 -0400] "GET /2009/proceedings/2010/?C=M;O=D HTTP/1.1" 200 7487 "-" "Mozilla/5.0 (compatible; Baiduspider/2.0; +http://www.baidu.com/search/spider.html)"
66.249.73.91 - - [26/Apr/2018:10:57:04 -0400] "GET /papers/2005/nspw2005-ford.pdf HTTP/1.1" 200 2046407 "-" "Mozilla/5.0 (compatible; Googlebot/2.1; +http://www.google.com/bot.html)"
69.162.124.227 - - [26/Apr/2018:10:57:20 -0400] "HEAD / HTTP/1.1" 200 3874 "http://nspw.org/" "Mozilla/5.0+(compatible; UptimeRobot/2.0; http://www.uptimerobot.com/)"
66.249.73.89 - - [26/Apr/2018:10:57:54 -0400] "GET /papers/2012/docs/p15.pdf HTTP/1.1" 304 3605 "-" "Mozilla/5.0 (compatible; Googlebot/2.1; +http://www.google.com/bot.html)"
194.187.170.153 - - [26/Apr/2018:10:58:07 -0400] "GET /robots.txt HTTP/1.1" 200 4822 "-" "Mozilla/5.0 (compatible; Qwantify/2.4w; +https://www.qwant.com/)/2.4w"
194.187.170.153 - - [26/Apr/2018:10:58:07 -0400] "GET /robots.txt HTTP/1.1" 200 1290 "-" "Mozilla/5.0 (compatible; Qwantify/2.4w; +https://www.qwant.com/)/2.4w"
194.187.170.153 - - [26/Apr/2018:10:58:08 -0400] "GET /2018/ HTTP/1.1" 200 3748 "-" "Mozilla/5.0 (compatible; Qwantify/2.4w; +https://www.qwant.com/)/2.4w"
66.249.73.87 - - [26/Apr/2018:10:58:46 -0400] "GET /2018/cfp HTTP/1.1" 200 8152 "-" "Mozilla/5.0 (compatible; Googlebot/2.1; +http://www.google.com/bot.html)"
178.199.251.128 - - [26/Apr/2018:10:59:05 -0400] "GET / HTTP/1.1" 200 6427 "-" "Mozilla/5.0 (Macintosh; Intel Mac OS X 10_13_4) AppleWebKit/605.1.15 (KHTML, like Gecko)"
178.199.251.128 - - [26/Apr/2018:10:59:06 -0400] "GET /apple-touch-icon-precomposed.png HTTP/1.1" 404 3935 "-" "Safari/13605.1.33.1.2 CFNetwork/897.15 Darwin/17.5.0 (x86_64)"
178.199.251.128 - - [26/Apr/2018:10:59:06 -0400] "GET /apple-touch-icon.png HTTP/1.1" 404 709 "-" "Safari/13605.1.33.1.2 CFNetwork/897.15 Darwin/17.5.0 (x86_64)"
178.199.251.128 - - [26/Apr/2018:10:59:06 -0400] "GET /favicon.ico HTTP/1.1" 404 700 "-" "Safari/13605.1.33.1.2 CFNetwork/897.15 Darwin/17.5.0 (x86_64)"
178.199.251.128 - - [26/Apr/2018:10:59:06 -0400] "GET /apple-touch-icon-precomposed.png HTTP/1.1" 404 721 "-" "Safari/13605.1.33.1.2 CFNetwork/897.15 Darwin/17.5.0 (x86_64)"
178.199.251.128 - - [26/Apr/2018:10:59:06 -0400] "GET /apple-touch-icon.png HTTP/1.1" 404 709 "-" "Safari/13605.1.33.1.2 CFNetwork/897.15 Darwin/17.5.0 (x86_64)"
178.199.251.128 - - [26/Apr/2018:10:59:07 -0400] "GET /favicon.ico HTTP/1.1" 404 700 "-" "Safari/13605.1.33.1.2 CFNetwork/897.15 Darwin/17.5.0 (x86_64)"
178.199.251.128 - - [26/Apr/2018:10:59:07 -0400] "GET / HTTP/1.1" 200 3213 "-" "\"Mozilla/5.0 (iPhone; CPU iPhone OS 11_0 like Mac OS X) AppleWebKit/604.1.38 (KHTML, like Gecko) Version/11.0 Mobile/15A372 Safari/604.1\""
178.199.251.128 - - [26/Apr/2018:10:59:07 -0400] "GET /apple-touch-icon-precomposed.png HTTP/1.1" 404 721 "-" "Safari/13605.1.33.1.2 CFNetwork/897.15 Darwin/17.5.0 (x86_64)"
178.199.251.128 - - [26/Apr/2018:10:59:07 -0400] "GET /apple-touch-icon.png HTTP/1.1" 404 709 "-" "Safari/13605.1.33.1.2 CFNetwork/897.15 Darwin/17.5.0 (x86_64)"
178.199.251.128 - - [26/Apr/2018:10:59:07 -0400] "GET /favicon.ico HTTP/1.1" 404 700 "-" "Safari/13605.1.33.1.2 CFNetwork/897.15 Darwin/17.5.0 (x86_64)"
178.199.251.128 - - [26/Apr/2018:10:59:07 -0400] "GET /apple-touch-icon-precomposed.png HTTP/1.1" 404 721 "-" "Safari/13605.1.33.1.2 CFNetwork/897.15 Darwin/17.5.0 (x86_64)"
178.199.251.128 - - [26/Apr/2018:10:59:08 -0400] "GET /apple-touch-icon.png HTTP/1.1" 404 709 "-" "Safari/13605.1.33.1.2 CFNetwork/897.15 Darwin/17.5.0 (x86_64)"
178.199.251.128 - - [26/Apr/2018:10:59:08 -0400] "GET /favicon.ico HTTP/1.1" 404 700 "-" "Safari/13605.1.33.1.2 CFNetwork/897.15 Darwin/17.5.0 (x86_64)"
66.249.73.87 - - [26/Apr/2018:10:59:38 -0400] "GET /papers/2003/nspw2003-alkassar.pdf HTTP/1.1" 200 787955 "-" "Mozilla/5.0 (compatible; Googlebot/2.1; +http://www.google.com/bot.html)"
66.249.73.91 - - [26/Apr/2018:11:00:30 -0400] "GET /papers/2009/nspw2009-church.pdf HTTP/1.1" 200 283643 "-" "Mozilla/5.0 (compatible; Googlebot/2.1; +http://www.google.com/bot.html)"
41.101.147.148 - - [26/Apr/2018:11:00:54 -0400] "GET /wp-login.php HTTP/1.1" 404 7491 "-" "Mozilla/5.0 (Windows NT 6.1; WOW64; rv:40.0) Gecko/20100101 Firefox/40.1"
41.101.147.148 - - [26/Apr/2018:11:01:08 -0400] "GET / HTTP/1.1" 200 8363 "-" "Mozilla/5.0 (Windows NT 6.1; WOW64; rv:40.0) Gecko/20100101 Firefox/40.1"
194.187.170.153 - - [26/Apr/2018:11:01:21 -0400] "GET /2008/ HTTP/1.1" 200 2266 "-" "Mozilla/5.0 (compatible; Qwantify/2.4w; +https://www.qwant.com/)/2.4w"
66.249.73.87 - - [26/Apr/2018:11:01:22 -0400] "GET /papers/2001/nspw2001-brostoff.pdf HTTP/1.1" 200 1048585 "-" "Mozilla/5.0 (compatible; Googlebot/2.1; +http://www.google.com/bot.html)"
66.249.73.87 - - [26/Apr/2018:11:02:13 -0400] "GET /2017/accepted HTTP/1.1" 200 6760 "-" "Mozilla/5.0 (compatible; Googlebot/2.1; +http://www.google.com/bot.html)"
69.162.124.227 - - [26/Apr/2018:11:02:20 -0400] "HEAD / HTTP/1.1" 200 3874 "http://nspw.org/" "Mozilla/5.0+(compatible; UptimeRobot/2.0; http://www.uptimerobot.com/)"
66.249.73.91 - - [26/Apr/2018:11:03:05 -0400] "GET /2009/proceedings/2013/nspw2013-zhao.pdf HTTP/1.1" 304 3605 "-" "Mozilla/5.0 (compatible; Googlebot/2.1; +http://www.google.com/bot.html)"
66.249.73.89 - - [26/Apr/2018:11:03:57 -0400] "GET /papers/2010/nspw2010-moore.pdf HTTP/1.1" 200 741159 "-" "Mozilla/5.0 (compatible; Googlebot/2.1; +http://www.google.com/bot.html)"
66.249.73.89 - - [26/Apr/2018:11:04:49 -0400] "GET /papers/1993/nspw1993-hosmer.pdf HTTP/1.1" 200 1025715 "-" "Mozilla/5.0 (compatible; Googlebot/2.1; +http://www.google.com/bot.html)"
66.249.73.91 - - [26/Apr/2018:11:05:40 -0400] "GET /papers/1993/nspw1993-slack.pdf HTTP/1.1" 200 519861 "-" "Mozilla/5.0 (compatible; Googlebot/2.1; +http://www.google.com/bot.html)"
66.249.73.91 - - [26/Apr/2018:11:06:32 -0400] "GET /2009/proceedings/1993/nspw1993-lin.pdf HTTP/1.1" 200 1018564 "-" "Mozilla/5.0 (compatible; Googlebot/2.1; +http://www.google.com/bot.html)"
77.88.47.40 - - [26/Apr/2018:11:06:54 -0400] "GET /robots.txt HTTP/1.1" 200 5979 "-" "Mozilla/5.0 (compatible; YandexBot/3.0; +http://yandex.com/bots)"
77.88.47.40 - - [26/Apr/2018:11:06:57 -0400] "GET /2009/proceedings/2004/?C=N;O=D HTTP/1.1" 200 948 "-" "Mozilla/5.0 (compatible; YandexBot/3.0; +http://yandex.com/bots)"
69.162.124.227 - - [26/Apr/2018:11:07:20 -0400] "HEAD / HTTP/1.1" 200 3874 "http://nspw.org/" "Mozilla/5.0+(compatible; UptimeRobot/2.0; http://www.uptimerobot.com/)"
66.249.73.87 - - [26/Apr/2018:11:07:24 -0400] "GET /2016 HTTP/1.1" 200 6965 "-" "Mozilla/5.0 (compatible; Googlebot/2.1; +http://www.google.com/bot.html)"
41.13.52.108 - - [26/Apr/2018:11:08:08 -0400] "GET /papers/1999/nspw1999-henning.pdf HTTP/1.1" 200 669371 "https://www.bing.com/" "Mozilla/5.0 (Windows NT 6.3; WOW64; Trident/7.0; rv:11.0) like Gecko"
66.249.73.87 - - [26/Apr/2018:11:08:16 -0400] "GET /papers/1999/nspw1999-povey.pdf HTTP/1.1" 200 587393 "-" "Mozilla/5.0 (compatible; Googlebot/2.1; +http://www.google.com/bot.html)"
66.249.73.91 - - [26/Apr/2018:11:09:07 -0400] "GET /2009/proceedings/2013/nspw2013-ashenden.pdf HTTP/1.1" 304 3605 "-" "Mozilla/5.0 (compatible; Googlebot/2.1; +http://www.google.com/bot.html)"
79.44.148.59 - - [26/Apr/2018:11:09:47 -0400] "GET /wp-login.php HTTP/1.1" 404 7484 "-" "Mozilla/5.0 (Windows NT 6.1; WOW64; rv:40.0) Gecko/20100101 Firefox/40.1"
79.44.148.59 - - [26/Apr/2018:11:09:47 -0400] "GET / HTTP/1.1" 200 8218 "-" "Mozilla/5.0 (Windows NT 6.1; WOW64; rv:40.0) Gecko/20100101 Firefox/40.1"
66.249.73.87 - - [26/Apr/2018:11:09:48 -0400] "GET /node/52 HTTP/1.1" 200 7013 "-" "Mozilla/5.0 (compatible; Googlebot/2.1; +http://www.google.com/bot.html)"
66.249.73.87 - - [26/Apr/2018:11:09:59 -0400] "GET /2009/local.content HTTP/1.1" 304 3604 "-" "Mozilla/5.0 (compatible; Googlebot/2.1; +http://www.google.com/bot.html)"
115.186.140.180 - - [26/Apr/2018:11:10:43 -0400] "GET /wp-login.php HTTP/1.1" 404 7839 "-" "Mozilla/5.0 (Windows NT 6.1; WOW64; rv:40.0) Gecko/20100101 Firefox/40.1"
115.186.140.180 - - [26/Apr/2018:11:10:45 -0400] "GET / HTTP/1.1" 200 8218 "-" "Mozilla/5.0 (Windows NT 6.1; WOW64; rv:40.0) Gecko/20100101 Firefox/40.1"
66.249.73.87 - - [26/Apr/2018:11:10:51 -0400] "GET /2007/dates.content HTTP/1.1" 304 3603 "-" "Mozilla/5.0 (compatible; Googlebot/2.1; +http://www.google.com/bot.html)"
192.44.77.246 - - [26/Apr/2018:11:11:30 -0400] "GET / HTTP/1.1" 200 6620 "-" "Mozilla/5.0 (Macintosh; Intel Mac OS X 10.12; rv:59.0) Gecko/20100101 Firefox/59.0"
192.44.77.246 - - [26/Apr/2018:11:11:30 -0400] "GET /misc/jquery.js?v=1.4.4 HTTP/1.1" 200 27601 "https://www.nspw.org/" "Mozilla/5.0 (Macintosh; Intel Mac OS X 10.12; rv:59.0) Gecko/20100101 Firefox/59.0"
192.44.77.246 - - [26/Apr/2018:11:11:31 -0400] "GET /modules/system/system.menus.css?p7r9uw HTTP/1.1" 200 1182 "https://www.nspw.org/" "Mozilla/5.0 (Macintosh; Intel Mac OS X 10.12; rv:59.0) Gecko/20100101 Firefox/59.0"
192.44.77.246 - - [26/Apr/2018:11:11:31 -0400] "GET /modules/system/system.messages.css?p7r9uw HTTP/1.1" 200 903 "https://www.nspw.org/" "Mozilla/5.0 (Macintosh; Intel Mac OS X 10.12; rv:59.0) Gecko/20100101 Firefox/59.0"
192.44.77.246 - - [26/Apr/2018:11:11:31 -0400] "GET /misc/jquery.once.js?v=1.2 HTTP/1.1" 200 1602 "https://www.nspw.org/" "Mozilla/5.0 (Macintosh; Intel Mac OS X 10.12; rv:59.0) Gecko/20100101 Firefox/59.0"
192.44.77.246 - - [26/Apr/2018:11:11:31 -0400] "GET /modules/system/system.base.css?p7r9uw HTTP/1.1" 200 2464 "https://www.nspw.org/" "Mozilla/5.0 (Macintosh; Intel Mac OS X 10.12; rv:59.0) Gecko/20100101 Firefox/59.0"
192.44.77.246 - - [26/Apr/2018:11:11:31 -0400] "GET /modules/system/system.theme.css?p7r9uw HTTP/1.1" 200 1585 "https://www.nspw.org/" "Mozilla/5.0 (Macintosh; Intel Mac OS X 10.12; rv:59.0) Gecko/20100101 Firefox/59.0"
192.44.77.246 - - [26/Apr/2018:11:11:31 -0400] "GET /misc/drupal.js?p7r9uw HTTP/1.1" 200 7529 "https://www.nspw.org/" "Mozilla/5.0 (Macintosh; Intel Mac OS X 10.12; rv:59.0) Gecko/20100101 Firefox/59.0"
192.44.77.246 - - [26/Apr/2018:11:11:31 -0400] "GET /modules/comment/comment.css?p7r9uw HTTP/1.1" 200 505 "https://www.nspw.org/" "Mozilla/5.0 (Macintosh; Intel Mac OS X 10.12; rv:59.0) Gecko/20100101 Firefox/59.0"
192.44.77.246 - - [26/Apr/2018:11:11:31 -0400] "GET /modules/field/theme/field.css?p7r9uw HTTP/1.1" 200 599 "https://www.nspw.org/" "Mozilla/5.0 (Macintosh; Intel Mac OS X 10.12; rv:59.0) Gecko/20100101 Firefox/59.0"
192.44.77.246 - - [26/Apr/2018:11:11:31 -0400] "GET /modules/node/node.css?p7r9uw HTTP/1.1" 200 472 "https://www.nspw.org/" "Mozilla/5.0 (Macintosh; Intel Mac OS X 10.12; rv:59.0) Gecko/20100101 Firefox/59.0"
192.44.77.246 - - [26/Apr/2018:11:11:31 -0400] "GET /themes/garland/style.css?p7r9uw HTTP/1.1" 200 5370 "https://www.nspw.org/" "Mozilla/5.0 (Macintosh; Intel Mac OS X 10.12; rv:59.0) Gecko/20100101 Firefox/59.0"
192.44.77.246 - - [26/Apr/2018:11:11:31 -0400] "GET /modules/user/user.css?p7r9uw HTTP/1.1" 200 1062 "https://www.nspw.org/" "Mozilla/5.0 (Macintosh; Intel Mac OS X 10.12; rv:59.0) Gecko/20100101 Firefox/59.0"
192.44.77.246 - - [26/Apr/2018:11:11:31 -0400] "GET /themes/garland/print.css?p7r9uw HTTP/1.1" 200 771 "https://www.nspw.org/" "Mozilla/5.0 (Macintosh; Intel Mac OS X 10.12; rv:59.0) Gecko/20100101 Firefox/59.0"
192.44.77.246 - - [26/Apr/2018:11:11:31 -0400] "GET /sites/default/files/nspw-logo-smaller.jpg HTTP/1.1" 200 2534 "https://www.nspw.org/" "Mozilla/5.0 (Macintosh; Intel Mac OS X 10.12; rv:59.0) Gecko/20100101 Firefox/59.0"
192.44.77.246 - - [26/Apr/2018:11:11:31 -0400] "GET /themes/garland/images/bg-navigation-item.png HTTP/1.1" 200 812 "https://www.nspw.org/themes/garland/style.css?p7r9uw" "Mozilla/5.0 (Macintosh; Intel Mac OS X 10.12; rv:59.0) Gecko/20100101 Firefox/59.0"
192.44.77.246 - - [26/Apr/2018:11:11:31 -0400] "GET /themes/garland/images/bg-navigation-item-hover.png HTTP/1.1" 200 754 "https://www.nspw.org/themes/garland/style.css?p7r9uw" "Mozilla/5.0 (Macintosh; Intel Mac OS X 10.12; rv:59.0) Gecko/20100101 Firefox/59.0"
192.44.77.246 - - [26/Apr/2018:11:11:31 -0400] "GET /themes/garland/images/body.png HTTP/1.1" 200 993 "https://www.nspw.org/themes/garland/style.css?p7r9uw" "Mozilla/5.0 (Macintosh; Intel Mac OS X 10.12; rv:59.0) Gecko/20100101 Firefox/59.0"
192.44.77.246 - - [26/Apr/2018:11:11:31 -0400] "GET /themes/garland/images/menu-leaf.gif HTTP/1.1" 200 486 "https://www.nspw.org/themes/garland/style.css?p7r9uw" "Mozilla/5.0 (Macintosh; Intel Mac OS X 10.12; rv:59.0) Gecko/20100101 Firefox/59.0"
192.44.77.246 - - [26/Apr/2018:11:11:31 -0400] "GET /themes/garland/images/menu-expanded.gif HTTP/1.1" 200 495 "https://www.nspw.org/themes/garland/style.css?p7r9uw" "Mozilla/5.0 (Macintosh; Intel Mac OS X 10.12; rv:59.0) Gecko/20100101 Firefox/59.0"
192.44.77.246 - - [26/Apr/2018:11:11:31 -0400] "GET /themes/garland/images/menu-collapsed.gif HTTP/1.1" 200 488 "https://www.nspw.org/themes/garland/style.css?p7r9uw" "Mozilla/5.0 (Macintosh; Intel Mac OS X 10.12; rv:59.0) Gecko/20100101 Firefox/59.0"
192.44.77.246 - - [26/Apr/2018:11:11:31 -0400] "GET /themes/garland/images/bg-content-right.png HTTP/1.1" 200 3162 "https://www.nspw.org/themes/garland/style.css?p7r9uw" "Mozilla/5.0 (Macintosh; Intel Mac OS X 10.12; rv:59.0) Gecko/20100101 Firefox/59.0"
192.44.77.246 - - [26/Apr/2018:11:11:31 -0400] "GET /themes/garland/images/bg-content.png HTTP/1.1" 200 798 "https://www.nspw.org/themes/garland/style.css?p7r9uw" "Mozilla/5.0 (Macintosh; Intel Mac OS X 10.12; rv:59.0) Gecko/20100101 Firefox/59.0"
192.44.77.246 - - [26/Apr/2018:11:11:31 -0400] "GET /themes/garland/images/bg-content-left.png HTTP/1.1" 200 3232 "https://www.nspw.org/themes/garland/style.css?p7r9uw" "Mozilla/5.0 (Macintosh; Intel Mac OS X 10.12; rv:59.0) Gecko/20100101 Firefox/59.0"
192.44.77.246 - - [26/Apr/2018:11:11:31 -0400] "GET /favicon.ico HTTP/1.1" 404 700 "-" "Mozilla/5.0 (Macintosh; Intel Mac OS X 10.12; rv:59.0) Gecko/20100101 Firefox/59.0"
192.44.77.246 - - [26/Apr/2018:11:11:31 -0400] "GET /favicon.ico HTTP/1.1" 404 700 "-" "Mozilla/5.0 (Macintosh; Intel Mac OS X 10.12; rv:59.0) Gecko/20100101 Firefox/59.0"
192.44.77.246 - - [26/Apr/2018:11:11:32 -0400] "GET /2018/dates HTTP/1.1" 200 2876 "https://www.nspw.org/" "Mozilla/5.0 (Macintosh; Intel Mac OS X 10.12; rv:59.0) Gecko/20100101 Firefox/59.0"
66.249.73.91 - - [26/Apr/2018:11:11:43 -0400] "GET /2006/pc.content HTTP/1.1" 304 3603 "-" "Mozilla/5.0 (compatible; Googlebot/2.1; +http://www.google.com/bot.html)"
196.191.101.43 - - [26/Apr/2018:11:11:59 -0400] "GET /wp-login.php HTTP/1.1" 404 7484 "-" "Mozilla/5.0 (Windows NT 6.1; WOW64; rv:40.0) Gecko/20100101 Firefox/40.1"
196.191.101.43 - - [26/Apr/2018:11:12:00 -0400] "GET / HTTP/1.1" 200 8218 "-" "Mozilla/5.0 (Windows NT 6.1; WOW64; rv:40.0) Gecko/20100101 Firefox/40.1"
69.162.124.227 - - [26/Apr/2018:11:12:20 -0400] "HEAD / HTTP/1.1" 200 3874 "http://nspw.org/" "Mozilla/5.0+(compatible; UptimeRobot/2.0; http://www.uptimerobot.com/)"
66.249.73.87 - - [26/Apr/2018:11:12:35 -0400] "GET /papers/1993/nspw1993-lapadula-2.pdf HTTP/1.1" 200 611628 "-" "Mozilla/5.0 (compatible; Googlebot/2.1; +http://www.google.com/bot.html)"
66.249.73.89 - - [26/Apr/2018:11:13:26 -0400] "GET /2005/submission.shtml HTTP/1.1" 200 5568 "-" "Mozilla/5.0 (compatible; Googlebot/2.1; +http://www.google.com/bot.html)"
101.199.108.120 - - [26/Apr/2018:11:13:56 -0400] "GET / HTTP/1.1" 200 6643 "-" "Mozilla/5.0 (Linux; U; Android 5.0.2; zh-CN; Redmi Note 3 Build/LRX22G) AppleWebKit/537.36 (KHTML, like Gecko) Version/4.0 OPR/11.2.3.102637 Mobile Safari/537.36"
101.199.108.120 - - [26/Apr/2018:11:13:57 -0400] "GET /modules/system/system.base.css?p7r9uw HTTP/1.1" 200 2303 "https://www.nspw.org/" "Mozilla/5.0 (Linux; U; Android 5.0.2; zh-CN; Redmi Note 3 Build/LRX22G) AppleWebKit/537.36 (KHTML, like Gecko) Version/4.0 OPR/11.2.3.102637 Mobile Safari/537.36"
101.199.108.120 - - [26/Apr/2018:11:13:58 -0400] "GET /modules/system/system.menus.css?p7r9uw HTTP/1.1" 200 1174 "https://www.nspw.org/" "Mozilla/5.0 (Linux; U; Android 5.0.2; zh-CN; Redmi Note 3 Build/LRX22G) AppleWebKit/537.36 (KHTML, like Gecko) Version/4.0 OPR/11.2.3.102637 Mobile Safari/537.36"
101.199.108.120 - - [26/Apr/2018:11:13:58 -0400] "GET /modules/system/system.messages.css?p7r9uw HTTP/1.1" 200 757 "https://www.nspw.org/" "Mozilla/5.0 (Linux; U; Android 5.0.2; zh-CN; Redmi Note 3 Build/LRX22G) AppleWebKit/537.36 (KHTML, like Gecko) Version/4.0 OPR/11.2.3.102637 Mobile Safari/537.36"
101.199.108.120 - - [26/Apr/2018:11:13:58 -0400] "GET /modules/node/node.css?p7r9uw HTTP/1.1" 200 469 "https://www.nspw.org/" "Mozilla/5.0 (Linux; U; Android 5.0.2; zh-CN; Redmi Note 3 Build/LRX22G) AppleWebKit/537.36 (KHTML, like Gecko) Version/4.0 OPR/11.2.3.102637 Mobile Safari/537.36"
101.199.108.120 - - [26/Apr/2018:11:13:58 -0400] "GET /modules/field/theme/field.css?p7r9uw HTTP/1.1" 200 742 "https://www.nspw.org/" "Mozilla/5.0 (Linux; U; Android 5.0.2; zh-CN; Redmi Note 3 Build/LRX22G) AppleWebKit/537.36 (KHTML, like Gecko) Version/4.0 OPR/11.2.3.102637 Mobile Safari/537.36"
101.199.108.120 - - [26/Apr/2018:11:13:58 -0400] "GET /modules/comment/comment.css?p7r9uw HTTP/1.1" 200 662 "https://www.nspw.org/" "Mozilla/5.0 (Linux; U; Android 5.0.2; zh-CN; Redmi Note 3 Build/LRX22G) AppleWebKit/537.36 (KHTML, like Gecko) Version/4.0 OPR/11.2.3.102637 Mobile Safari/537.36"
101.199.108.120 - - [26/Apr/2018:11:13:58 -0400] "GET /modules/system/system.theme.css?p7r9uw HTTP/1.1" 200 1734 "https://www.nspw.org/" "Mozilla/5.0 (Linux; U; Android 5.0.2; zh-CN; Redmi Note 3 Build/LRX22G) AppleWebKit/537.36 (KHTML, like Gecko) Version/4.0 OPR/11.2.3.102637 Mobile Safari/537.36"
101.199.108.120 - - [26/Apr/2018:11:13:58 -0400] "GET /modules/user/user.css?p7r9uw HTTP/1.1" 200 1061 "https://www.nspw.org/" "Mozilla/5.0 (Linux; U; Android 5.0.2; zh-CN; Redmi Note 3 Build/LRX22G) AppleWebKit/537.36 (KHTML, like Gecko) Version/4.0 OPR/11.2.3.102637 Mobile Safari/537.36"
101.199.108.120 - - [26/Apr/2018:11:13:58 -0400] "GET /themes/garland/print.css?p7r9uw HTTP/1.1" 200 773 "https://www.nspw.org/" "Mozilla/5.0 (Linux; U; Android 5.0.2; zh-CN; Redmi Note 3 Build/LRX22G) AppleWebKit/537.36 (KHTML, like Gecko) Version/4.0 OPR/11.2.3.102637 Mobile Safari/537.36"
101.199.108.120 - - [26/Apr/2018:11:13:58 -0400] "GET /themes/garland/style.css?p7r9uw HTTP/1.1" 200 5375 "https://www.nspw.org/" "Mozilla/5.0 (Linux; U; Android 5.0.2; zh-CN; Redmi Note 3 Build/LRX22G) AppleWebKit/537.36 (KHTML, like Gecko) Version/4.0 OPR/11.2.3.102637 Mobile Safari/537.36"
101.199.108.120 - - [26/Apr/2018:11:13:58 -0400] "GET /misc/jquery.once.js?v=1.2 HTTP/1.1" 200 1445 "https://www.nspw.org/" "Mozilla/5.0 (Linux; U; Android 5.0.2; zh-CN; Redmi Note 3 Build/LRX22G) AppleWebKit/537.36 (KHTML, like Gecko) Version/4.0 OPR/11.2.3.102637 Mobile Safari/537.36"
101.199.108.120 - - [26/Apr/2018:11:13:58 -0400] "GET /misc/jquery.js?v=1.4.4 HTTP/1.1" 200 27630 "https://www.nspw.org/" "Mozilla/5.0 (Linux; U; Android 5.0.2; zh-CN; Redmi Note 3 Build/LRX22G) AppleWebKit/537.36 (KHTML, like Gecko) Version/4.0 OPR/11.2.3.102637 Mobile Safari/537.36"
101.199.108.120 - - [26/Apr/2018:11:13:58 -0400] "GET /misc/drupal.js?p7r9uw HTTP/1.1" 200 7375 "https://www.nspw.org/" "Mozilla/5.0 (Linux; U; Android 5.0.2; zh-CN; Redmi Note 3 Build/LRX22G) AppleWebKit/537.36 (KHTML, like Gecko) Version/4.0 OPR/11.2.3.102637 Mobile Safari/537.36"
94.54.56.124 - - [26/Apr/2018:11:13:59 -0400] "GET /wp-login.php HTTP/1.1" 404 7839 "-" "Mozilla/5.0 (Windows NT 6.1; WOW64; rv:40.0) Gecko/20100101 Firefox/40.1"
94.54.56.124 - - [26/Apr/2018:11:13:59 -0400] "GET / HTTP/1.1" 200 8218 "-" "Mozilla/5.0 (Windows NT 6.1; WOW64; rv:40.0) Gecko/20100101 Firefox/40.1"
66.249.73.91 - - [26/Apr/2018:11:14:18 -0400] "GET /2003/oc.shtml HTTP/1.1" 200 5608 "-" "Mozilla/5.0 (compatible; Googlebot/2.1; +http://www.google.com/bot.html)"
66.249.73.91 - - [26/Apr/2018:11:15:10 -0400] "GET /2009/proceedings/2000/nspw2000-schudel.pdf HTTP/1.1" 200 923269 "-" "Mozilla/5.0 (compatible; Googlebot/2.1; +http://www.google.com/bot.html)"
66.249.73.87 - - [26/Apr/2018:11:16:02 -0400] "GET /2008/cfp2008.pdf HTTP/1.1" 200 19120 "-" "Mozilla/5.0 (compatible; Googlebot/2.1; +http://www.google.com/bot.html)"
66.249.73.87 - - [26/Apr/2018:11:16:54 -0400] "GET /2008/cfp/?C=S;O=D HTTP/1.1" 403 3936 "-" "Mozilla/5.0 (compatible; Googlebot/2.1; +http://www.google.com/bot.html)"
85.207.128.3 - - [26/Apr/2018:11:17:15 -0400] "GET /wp-login.php HTTP/1.1" 404 7985 "-" "Mozilla/5.0 (Windows NT 6.1; WOW64; rv:40.0) Gecko/20100101 Firefox/40.1"
85.207.128.3 - - [26/Apr/2018:11:17:15 -0400] "GET / HTTP/1.1" 200 8206 "-" "Mozilla/5.0 (Windows NT 6.1; WOW64; rv:40.0) Gecko/20100101 Firefox/40.1"
69.162.124.227 - - [26/Apr/2018:11:17:20 -0400] "HEAD / HTTP/1.1" 200 3874 "http://nspw.org/" "Mozilla/5.0+(compatible; UptimeRobot/2.0; http://www.uptimerobot.com/)"
66.249.73.89 - - [26/Apr/2018:11:17:46 -0400] "GET /papers/1996/nspw1996-chuang.pdf HTTP/1.1" 200 746119 "-" "Mozilla/5.0 (compatible; Googlebot/2.1; +http://www.google.com/bot.html)"
66.249.73.91 - - [26/Apr/2018:11:18:37 -0400] "GET /papers/2008/ HTTP/1.1" 200 4326 "-" "Mozilla/5.0 (compatible; Googlebot/2.1; +http://www.google.com/bot.html)"
66.249.73.87 - - [26/Apr/2018:11:19:29 -0400] "GET /2009/proceedings/1999/nspw1999-olthoff-2.pdf HTTP/1.1" 200 162187 "-" "Mozilla/5.0 (compatible; Googlebot/2.1; +http://www.google.com/bot.html)"
66.249.73.89 - - [26/Apr/2018:11:20:21 -0400] "GET /2009/proceedings/1994/ HTTP/1.1" 200 4352 "-" "Mozilla/5.0 (compatible; Googlebot/2.1; +http://www.google.com/bot.html)"
66.249.73.89 - - [26/Apr/2018:11:20:38 -0400] "GET /2009/proceedings/1994/nspw1994-lincoln.pdf HTTP/1.1" 200 353394 "-" "Mozilla/5.0 (compatible; Googlebot/2.1; +http://www.google.com/bot.html)"
66.249.73.87 - - [26/Apr/2018:11:20:46 -0400] "GET /2009/proceedings/1994/nspw1994-bell.pdf HTTP/1.1" 200 628830 "-" "Mozilla/5.0 (compatible; Googlebot/2.1; +http://www.google.com/bot.html)"
66.249.73.87 - - [26/Apr/2018:11:20:53 -0400] "GET /2009/proceedings/1994/nspw1994-essin.pdf HTTP/1.1" 200 933640 "-" "Mozilla/5.0 (compatible; Googlebot/2.1; +http://www.google.com/bot.html)"
66.249.73.89 - - [26/Apr/2018:11:21:01 -0400] "GET /2009/proceedings/1994/nspw1994-ferris.pdf HTTP/1.1" 200 508556 "-" "Mozilla/5.0 (compatible; Googlebot/2.1; +http://www.google.com/bot.html)"
66.249.73.89 - - [26/Apr/2018:11:21:09 -0400] "GET /2009/proceedings/1994/nspw1994-spalka.pdf HTTP/1.1" 200 982509 "-" "Mozilla/5.0 (compatible; Googlebot/2.1; +http://www.google.com/bot.html)"
125.209.235.182 - - [26/Apr/2018:11:21:20 -0400] "GET /2000 HTTP/1.1" 301 3944 "-" "Mozilla/5.0 (compatible; Yeti/1.1; +http://naver.me/spd)"
66.249.73.87 - - [26/Apr/2018:11:21:23 -0400] "GET /2009/proceedings/1994/nspw1994-dobson.pdf HTTP/1.1" 200 710567 "-" "Mozilla/5.0 (compatible; Googlebot/2.1; +http://www.google.com/bot.html)"
5.255.250.67 - - [26/Apr/2018:11:21:26 -0400] "GET /2009/proceedings/2004/?C=M;O=A HTTP/1.1" 200 4375 "-" "Mozilla/5.0 (compatible; YandexBot/3.0; +http://yandex.com/bots)"
66.249.73.87 - - [26/Apr/2018:11:21:40 -0400] "GET /2009/proceedings/1994/nspw1994-nelson.pdf HTTP/1.1" 200 580083 "-" "Mozilla/5.0 (compatible; Googlebot/2.1; +http://www.google.com/bot.html)"
66.249.73.87 - - [26/Apr/2018:11:21:56 -0400] "GET /2009/proceedings/1994/nspw1994-castano.pdf HTTP/1.1" 200 638901 "-" "Mozilla/5.0 (compatible; Googlebot/2.1; +http://www.google.com/bot.html)"
178.213.245.204 - - [26/Apr/2018:11:21:59 -0400] "GET /wp-login.php HTTP/1.1" 404 8180 "-" "Mozilla/5.0 (Windows NT 6.1; WOW64; rv:40.0) Gecko/20100101 Firefox/40.1"
178.213.245.204 - - [26/Apr/2018:11:22:00 -0400] "GET / HTTP/1.1" 200 8463 "-" "Mozilla/5.0 (Windows NT 6.1; WOW64; rv:40.0) Gecko/20100101 Firefox/40.1"
66.249.73.91 - - [26/Apr/2018:11:22:05 -0400] "GET /papers/2008/nspw2008-wurster.pdf HTTP/1.1" 200 372523 "-" "Mozilla/5.0 (compatible; Googlebot/2.1; +http://www.google.com/bot.html)"
66.249.73.89 - - [26/Apr/2018:11:22:11 -0400] "GET /2009/proceedings/1994/nspw1994-limoges.pdf HTTP/1.1" 200 983974 "-" "Mozilla/5.0 (compatible; Googlebot/2.1; +http://www.google.com/bot.html)"
157.55.39.221 - - [26/Apr/2018:11:22:12 -0400] "GET /2013/local HTTP/1.1" 200 9665 "-" "Mozilla/5.0 (compatible; bingbot/2.0; +http://www.bing.com/bingbot.htm)"
69.162.124.227 - - [26/Apr/2018:11:22:20 -0400] "HEAD / HTTP/1.1" 200 3874 "http://nspw.org/" "Mozilla/5.0+(compatible; UptimeRobot/2.0; http://www.uptimerobot.com/)"
66.249.73.87 - - [26/Apr/2018:11:22:30 -0400] "GET /2009/proceedings/1994/nspw1994-bertino.pdf HTTP/1.1" 200 542079 "-" "Mozilla/5.0 (compatible; Googlebot/2.1; +http://www.google.com/bot.html)"
66.249.73.87 - - [26/Apr/2018:11:22:46 -0400] "GET /2009/proceedings/1994/nspw1994-schneier.pdf HTTP/1.1" 200 336786 "-" "Mozilla/5.0 (compatible; Googlebot/2.1; +http://www.google.com/bot.html)"
5.255.250.67 - - [26/Apr/2018:11:22:54 -0400] "GET /2009/proceedings/2005/?C=M;O=A HTTP/1.1" 200 4489 "-" "Mozilla/5.0 (compatible; YandexBot/3.0; +http://yandex.com/bots)"
66.249.73.87 - - [26/Apr/2018:11:22:56 -0400] "GET /2005/cfp/latex/talk.tin HTTP/1.1" 200 19582 "-" "Mozilla/5.0 (compatible; Googlebot/2.1; +http://www.google.com/bot.html)"
66.249.73.87 - - [26/Apr/2018:11:22:59 -0400] "GET /2009/proceedings/1994/nspw1994-hamilton.pdf HTTP/1.1" 200 629136 "-" "Mozilla/5.0 (compatible; Googlebot/2.1; +http://www.google.com/bot.html)"
66.249.73.87 - - [26/Apr/2018:11:23:31 -0400] "GET /2009/proceedings/1994/nspw1994-ovchinnikov.pdf HTTP/1.1" 200 796285 "-" "Mozilla/5.0 (compatible; Googlebot/2.1; +http://www.google.com/bot.html)"
66.249.73.89 - - [26/Apr/2018:11:23:48 -0400] "GET /cfp/nspw2016-cfp.pdf HTTP/1.1" 200 83806 "-" "Mozilla/5.0 (compatible; Googlebot/2.1; +http://www.google.com/bot.html)"
66.249.73.87 - - [26/Apr/2018:11:24:40 -0400] "GET /papers/1999/nspw1999-michael.pdf HTTP/1.1" 200 596849 "-" "Mozilla/5.0 (compatible; Googlebot/2.1; +http://www.google.com/bot.html)"
103.205.149.104 - - [26/Apr/2018:11:24:58 -0400] "GET /wp-login.php HTTP/1.1" 404 7985 "-" "Mozilla/5.0 (Windows NT 6.1; WOW64; rv:40.0) Gecko/20100101 Firefox/40.1"
103.205.149.104 - - [26/Apr/2018:11:24:59 -0400] "GET / HTTP/1.1" 200 8206 "-" "Mozilla/5.0 (Windows NT 6.1; WOW64; rv:40.0) Gecko/20100101 Firefox/40.1"
66.249.73.87 - - [26/Apr/2018:11:25:32 -0400] "GET /proceedings/1998 HTTP/1.1" 200 6128 "-" "Mozilla/5.0 (compatible; Googlebot/2.1; +http://www.google.com/bot.html)"
45.246.25.115 - - [26/Apr/2018:11:26:04 -0400] "GET /wp-login.php HTTP/1.1" 404 7491 "-" "Mozilla/5.0 (Windows NT 6.1; WOW64; rv:40.0) Gecko/20100101 Firefox/40.1"
45.246.25.115 - - [26/Apr/2018:11:26:08 -0400] "GET / HTTP/1.1" 200 8218 "-" "Mozilla/5.0 (Windows NT 6.1; WOW64; rv:40.0) Gecko/20100101 Firefox/40.1"
66.249.73.87 - - [26/Apr/2018:11:26:24 -0400] "GET /2004/oc.content HTTP/1.1" 200 6164 "-" "Mozilla/5.0 (compatible; Googlebot/2.1; +http://www.google.com/bot.html)"
66.249.73.91 - - [26/Apr/2018:11:27:15 -0400] "GET / HTTP/1.1" 200 6607 "-" "Mozilla/5.0 (Linux; Android 6.0.1; Nexus 5X Build/MMB29P) AppleWebKit/537.36 (KHTML, like Gecko) Chrome/41.0.2272.96 Mobile Safari/537.36 (compatible; Googlebot/2.1; +http://www.google.com/bot.html)"
69.162.124.227 - - [26/Apr/2018:11:27:20 -0400] "HEAD / HTTP/1.1" 200 3874 "http://nspw.org/" "Mozilla/5.0+(compatible; UptimeRobot/2.0; http://www.uptimerobot.com/)"
