66.249.64.219 - - [04/May/2018:14:25:04 -0400] "GET /2017 HTTP/1.1" 200 7051 "-" "Mozilla/5.0 (compatible; Googlebot/2.1; +http://www.google.com/bot.html)"
66.249.64.217 - - [04/May/2018:14:25:09 -0400] "GET /papers/2009/nspw2009-church.pdf HTTP/1.1" 200 283643 "-" "Mozilla/5.0 (compatible; Googlebot/2.1; +http://www.google.com/bot.html)"
77.88.47.40 - - [04/May/2018:14:25:40 -0400] "GET /robots.txt HTTP/1.1" 200 5979 "-" "Mozilla/5.0 (compatible; YandexBot/3.0; +http://yandex.com/bots)"
62.46.164.229 - - [04/May/2018:14:25:40 -0400] "GET /wp-login.php HTTP/1.1" 404 7839 "-" "Mozilla/5.0 (Windows NT 6.1; WOW64; rv:40.0) Gecko/20100101 Firefox/40.1"
62.46.164.229 - - [04/May/2018:14:25:41 -0400] "GET / HTTP/1.1" 200 8218 "-" "Mozilla/5.0 (Windows NT 6.1; WOW64; rv:40.0) Gecko/20100101 Firefox/40.1"
77.88.47.40 - - [04/May/2018:14:25:43 -0400] "GET /2016/dates HTTP/1.1" 200 2993 "-" "Mozilla/5.0 (compatible; YandexBot/3.0; +http://yandex.com/bots)"
77.88.47.40 - - [04/May/2018:14:26:20 -0400] "GET /node/100 HTTP/1.1" 200 8179 "-" "Mozilla/5.0 (compatible; YandexBot/3.0; +http://yandex.com/bots)"
168.228.218.237 - - [04/May/2018:14:26:26 -0400] "GET /wp-login.php HTTP/1.1" 404 7839 "-" "Mozilla/5.0 (Windows NT 6.1; WOW64; rv:40.0) Gecko/20100101 Firefox/40.1"
168.228.218.237 - - [04/May/2018:14:26:27 -0400] "GET / HTTP/1.1" 200 8218 "-" "Mozilla/5.0 (Windows NT 6.1; WOW64; rv:40.0) Gecko/20100101 Firefox/40.1"
69.162.124.227 - - [04/May/2018:14:27:41 -0400] "HEAD / HTTP/1.1" 200 3874 "http://nspw.org/" "Mozilla/5.0+(compatible; UptimeRobot/2.0; http://www.uptimerobot.com/)"
201.224.26.187 - - [04/May/2018:14:28:57 -0400] "GET /wp-login.php HTTP/1.1" 404 7907 "-" "Mozilla/5.0 (Windows NT 6.1; WOW64; rv:40.0) Gecko/20100101 Firefox/40.1"
201.224.26.187 - - [04/May/2018:14:28:57 -0400] "GET / HTTP/1.1" 200 8218 "-" "Mozilla/5.0 (Windows NT 6.1; WOW64; rv:40.0) Gecko/20100101 Firefox/40.1"
94.64.34.160 - - [04/May/2018:14:31:05 -0400] "GET /wp-login.php HTTP/1.1" 404 8180 "-" "Mozilla/5.0 (Windows NT 6.1; WOW64; rv:40.0) Gecko/20100101 Firefox/40.1"
94.64.34.160 - - [04/May/2018:14:31:05 -0400] "GET / HTTP/1.1" 200 8298 "-" "Mozilla/5.0 (Windows NT 6.1; WOW64; rv:40.0) Gecko/20100101 Firefox/40.1"
66.249.64.219 - - [04/May/2018:14:31:44 -0400] "GET /papers/2001/nspw2001-blakley.pdf HTTP/1.1" 304 3605 "-" "Mozilla/5.0 (compatible; Googlebot/2.1; +http://www.google.com/bot.html)"
69.162.124.227 - - [04/May/2018:14:32:41 -0400] "HEAD / HTTP/1.1" 200 3874 "http://nspw.org/" "Mozilla/5.0+(compatible; UptimeRobot/2.0; http://www.uptimerobot.com/)"
186.90.79.216 - - [04/May/2018:14:34:42 -0400] "GET /wp-login.php HTTP/1.1" 404 7491 "-" "Mozilla/5.0 (Windows NT 6.1; WOW64; rv:40.0) Gecko/20100101 Firefox/40.1"
186.90.79.216 - - [04/May/2018:14:34:43 -0400] "GET / HTTP/1.1" 200 8218 "-" "Mozilla/5.0 (Windows NT 6.1; WOW64; rv:40.0) Gecko/20100101 Firefox/40.1"
79.157.145.131 - - [04/May/2018:14:35:15 -0400] "GET /wp-login.php HTTP/1.1" 404 8180 "-" "Mozilla/5.0 (Windows NT 6.1; WOW64; rv:40.0) Gecko/20100101 Firefox/40.1"
79.157.145.131 - - [04/May/2018:14:35:16 -0400] "GET / HTTP/1.1" 200 8298 "-" "Mozilla/5.0 (Windows NT 6.1; WOW64; rv:40.0) Gecko/20100101 Firefox/40.1"
93.117.139.248 - - [04/May/2018:14:35:27 -0400] "GET /wp-login.php HTTP/1.1" 404 7985 "-" "Mozilla/5.0 (Windows NT 6.1; WOW64; rv:40.0) Gecko/20100101 Firefox/40.1"
93.117.139.248 - - [04/May/2018:14:35:28 -0400] "GET / HTTP/1.1" 200 8206 "-" "Mozilla/5.0 (Windows NT 6.1; WOW64; rv:40.0) Gecko/20100101 Firefox/40.1"
109.122.84.208 - - [04/May/2018:14:35:31 -0400] "GET /wp-login.php HTTP/1.1" 404 7484 "-" "Mozilla/5.0 (Windows NT 6.1; WOW64; rv:40.0) Gecko/20100101 Firefox/40.1"
109.122.84.208 - - [04/May/2018:14:35:31 -0400] "GET / HTTP/1.1" 200 8218 "-" "Mozilla/5.0 (Windows NT 6.1; WOW64; rv:40.0) Gecko/20100101 Firefox/40.1"
207.46.13.59 - - [04/May/2018:14:35:47 -0400] "GET /papers/2003/nspw2003-flechais.pdf HTTP/1.1" 200 905137 "-" "Mozilla/5.0 (iPhone; CPU iPhone OS 7_0 like Mac OS X) AppleWebKit/537.51.1 (KHTML, like Gecko) Version/7.0 Mobile/11A465 Safari/9537.53 (compatible; bingbot/2.0; +http://www.bing.com/bingbot.htm)"
190.149.48.117 - - [04/May/2018:14:36:44 -0400] "GET /wp-login.php HTTP/1.1" 404 7839 "-" "Mozilla/5.0 (Windows NT 6.1; WOW64; rv:40.0) Gecko/20100101 Firefox/40.1"
190.149.48.117 - - [04/May/2018:14:36:46 -0400] "GET / HTTP/1.1" 200 8218 "-" "Mozilla/5.0 (Windows NT 6.1; WOW64; rv:40.0) Gecko/20100101 Firefox/40.1"
66.249.64.215 - - [04/May/2018:14:37:37 -0400] "GET /2009/proceedings/1996/nspw1996-chuang.pdf HTTP/1.1" 200 746119 "-" "Googlebot/2.1 (+http://www.google.com/bot.html)"
69.162.124.227 - - [04/May/2018:14:37:41 -0400] "HEAD / HTTP/1.1" 200 3874 "http://nspw.org/" "Mozilla/5.0+(compatible; UptimeRobot/2.0; http://www.uptimerobot.com/)"
77.88.47.40 - - [04/May/2018:14:36:49 -0400] "GET /2009/proceedings/1998/nspw1998-kahn.pdf HTTP/1.1" 200 1162822 "-" "Mozilla/5.0 (compatible; YandexBot/3.0; +http://yandex.com/bots)"
66.249.64.217 - - [04/May/2018:14:38:24 -0400] "GET /papers/2007/nspw2007-vidyaraman.pdf HTTP/1.1" 200 259324 "-" "Mozilla/5.0 (Linux; Android 6.0.1; Nexus 5X Build/MMB29P) AppleWebKit/537.36 (KHTML, like Gecko) Chrome/41.0.2272.96 Mobile Safari/537.36 (compatible; Googlebot/2.1; +http://www.google.com/bot.html)"
77.88.47.40 - - [04/May/2018:14:40:01 -0400] "GET /2002/pc.shtml HTTP/1.1" 200 5369 "-" "Mozilla/5.0 (compatible; YandexBot/3.0; +http://yandex.com/bots)"
66.249.64.215 - - [04/May/2018:14:40:23 -0400] "GET /2009/proceedings/1996/nspw1996-blakley.pdf HTTP/1.1" 200 1412335 "-" "Googlebot/2.1 (+http://www.google.com/bot.html)"
66.249.64.215 - - [04/May/2018:14:40:55 -0400] "GET /papers/2013-pre/go-flow.pdf HTTP/1.1" 404 8048 "-" "Googlebot/2.1 (+http://www.google.com/bot.html)"
216.244.66.236 - - [04/May/2018:14:41:06 -0400] "GET /robots.txt HTTP/1.1" 200 5796 "-" "Mozilla/5.0 (compatible; DotBot/1.1; http://www.opensiteexplorer.org/dotbot, help@moz.com)"
216.244.66.236 - - [04/May/2018:14:42:36 -0400] "GET /2007/registration.content HTTP/1.1" 200 12132 "-" "Mozilla/5.0 (compatible; DotBot/1.1; http://www.opensiteexplorer.org/dotbot, help@moz.com)"
69.162.124.227 - - [04/May/2018:14:42:41 -0400] "HEAD / HTTP/1.1" 200 3874 "http://nspw.org/" "Mozilla/5.0+(compatible; UptimeRobot/2.0; http://www.uptimerobot.com/)"
157.55.39.195 - - [04/May/2018:14:42:43 -0400] "GET /papers/1996/nspw1996-chuang.pdf HTTP/1.1" 200 746594 "-" "Mozilla/5.0 (iPhone; CPU iPhone OS 7_0 like Mac OS X) AppleWebKit/537.51.1 (KHTML, like Gecko) Version/7.0 Mobile/11A465 Safari/9537.53 (compatible; bingbot/2.0; +http://www.bing.com/bingbot.htm)"
77.88.47.40 - - [04/May/2018:14:43:52 -0400] "GET /2009/proceedings/2006/nspw2006-gutmann.pdf HTTP/1.1" 200 103469 "-" "Mozilla/5.0 (compatible; YandexBot/3.0; +http://yandex.com/bots)"
77.88.47.40 - - [04/May/2018:14:44:04 -0400] "GET /cfp/nspw2018-cfp.pdf HTTP/1.1" 200 99243 "-" "Mozilla/5.0 (compatible; YandexBot/3.0; +http://yandex.com/bots)"
66.249.64.215 - - [04/May/2018:14:45:04 -0400] "GET /2003/local.shtml HTTP/1.1" 200 5006 "-" "Mozilla/5.0 (Linux; Android 6.0.1; Nexus 5X Build/MMB29P) AppleWebKit/537.36 (KHTML, like Gecko) Chrome/41.0.2272.96 Mobile Safari/537.36 (compatible; Googlebot/2.1; +http://www.google.com/bot.html)"
66.249.64.217 - - [04/May/2018:14:45:35 -0400] "GET /2009/proceedings/1996/nspw1996-baker.pdf HTTP/1.1" 200 482949 "-" "Googlebot/2.1 (+http://www.google.com/bot.html)"
190.7.197.106 - - [04/May/2018:14:47:31 -0400] "GET /wp-login.php HTTP/1.1" 404 8018 "-" "Mozilla/5.0 (Windows NT 6.1; WOW64; rv:40.0) Gecko/20100101 Firefox/40.1"
190.7.197.106 - - [04/May/2018:14:47:31 -0400] "GET / HTTP/1.1" 200 8206 "-" "Mozilla/5.0 (Windows NT 6.1; WOW64; rv:40.0) Gecko/20100101 Firefox/40.1"
69.162.124.227 - - [04/May/2018:14:47:41 -0400] "HEAD / HTTP/1.1" 200 3874 "http://nspw.org/" "Mozilla/5.0+(compatible; UptimeRobot/2.0; http://www.uptimerobot.com/)"
84.114.91.142 - - [04/May/2018:14:49:51 -0400] "GET /wp-login.php HTTP/1.1" 404 7985 "-" "Mozilla/5.0 (Windows NT 6.1; WOW64; rv:40.0) Gecko/20100101 Firefox/40.1"
84.114.91.142 - - [04/May/2018:14:49:51 -0400] "GET / HTTP/1.1" 200 8206 "-" "Mozilla/5.0 (Windows NT 6.1; WOW64; rv:40.0) Gecko/20100101 Firefox/40.1"
66.249.64.219 - - [04/May/2018:14:50:04 -0400] "GET /2005/PC/vivek%20haldar.pdf HTTP/1.1" 404 8030 "-" "Googlebot/2.1 (+http://www.google.com/bot.html)"
77.88.47.40 - - [04/May/2018:14:50:09 -0400] "GET /2004/index.content HTTP/1.1" 200 5083 "-" "Mozilla/5.0 (compatible; YandexBot/3.0; +http://yandex.com/bots)"
77.88.47.40 - - [04/May/2018:14:50:19 -0400] "GET /2009/proceedings/2006/?C=S;O=D HTTP/1.1" 200 4321 "-" "Mozilla/5.0 (compatible; YandexBot/3.0; +http://yandex.com/bots)"
101.10.49.85 - - [04/May/2018:14:50:51 -0400] "GET /wp-login.php HTTP/1.1" 404 7907 "-" "Mozilla/5.0 (Windows NT 6.1; WOW64; rv:40.0) Gecko/20100101 Firefox/40.1"
101.10.49.85 - - [04/May/2018:14:50:51 -0400] "GET / HTTP/1.1" 200 8218 "-" "Mozilla/5.0 (Windows NT 6.1; WOW64; rv:40.0) Gecko/20100101 Firefox/40.1"
204.79.180.16 - - [04/May/2018:14:51:30 -0400] "GET /2017/cfp HTTP/1.1" 200 8492 "http://www.bing.com/search?q=EasyChair+PROCEEDINGS+AUTHOR+ROLE+for+ICAER+2017&form=MSNH14&sc=8-4&sp=-1&qs=n&sk=" "Mozilla/5.0 (compatible; MSIE 9.0; Windows NT 6.1; Trident/5.0;  Trident/5.0)"
66.249.64.215 - - [04/May/2018:14:51:30 -0400] "GET /papers/1998/nspw1998-slater.pdf HTTP/1.1" 200 863914 "-" "Googlebot/2.1 (+http://www.google.com/bot.html)"
204.79.180.16 - - [04/May/2018:14:51:32 -0400] "GET /modules/system/system.base.css?p7r9uw HTTP/1.1" 200 2303 "https://www.nspw.org/2017/cfp" "Mozilla/5.0 (compatible; MSIE 9.0; Windows NT 6.1; Trident/5.0;  Trident/5.0)"
204.79.180.16 - - [04/May/2018:14:51:32 -0400] "GET /modules/comment/comment.css?p7r9uw HTTP/1.1" 200 517 "https://www.nspw.org/2017/cfp" "Mozilla/5.0 (compatible; MSIE 9.0; Windows NT 6.1; Trident/5.0;  Trident/5.0)"
204.79.180.16 - - [04/May/2018:14:51:33 -0400] "GET /modules/field/theme/field.css?p7r9uw HTTP/1.1" 200 597 "https://www.nspw.org/2017/cfp" "Mozilla/5.0 (compatible; MSIE 9.0; Windows NT 6.1; Trident/5.0;  Trident/5.0)"
204.79.180.15 - - [04/May/2018:14:51:33 -0400] "GET /modules/system/system.messages.css?p7r9uw HTTP/1.1" 200 906 "https://www.nspw.org/2017/cfp" "Mozilla/5.0 (compatible; MSIE 9.0; Windows NT 6.1; Trident/5.0;  Trident/5.0)"
204.79.180.16 - - [04/May/2018:14:51:33 -0400] "GET /modules/node/node.css?p7r9uw HTTP/1.1" 200 469 "https://www.nspw.org/2017/cfp" "Mozilla/5.0 (compatible; MSIE 9.0; Windows NT 6.1; Trident/5.0;  Trident/5.0)"
204.79.180.13 - - [04/May/2018:14:51:33 -0400] "GET /modules/system/system.theme.css?p7r9uw HTTP/1.1" 200 1738 "https://www.nspw.org/2017/cfp" "Mozilla/5.0 (compatible; MSIE 9.0; Windows NT 6.1; Trident/5.0;  Trident/5.0)"
204.79.180.16 - - [04/May/2018:14:51:33 -0400] "GET /modules/user/user.css?p7r9uw HTTP/1.1" 200 1061 "https://www.nspw.org/2017/cfp" "Mozilla/5.0 (compatible; MSIE 9.0; Windows NT 6.1; Trident/5.0;  Trident/5.0)"
204.79.180.16 - - [04/May/2018:14:51:33 -0400] "GET /themes/garland/print.css?p7r9uw HTTP/1.1" 200 773 "https://www.nspw.org/2017/cfp" "Mozilla/5.0 (compatible; MSIE 9.0; Windows NT 6.1; Trident/5.0;  Trident/5.0)"
204.79.180.15 - - [04/May/2018:14:51:33 -0400] "GET /themes/garland/style.css?p7r9uw HTTP/1.1" 200 5375 "https://www.nspw.org/2017/cfp" "Mozilla/5.0 (compatible; MSIE 9.0; Windows NT 6.1; Trident/5.0;  Trident/5.0)"
204.79.180.16 - - [04/May/2018:14:51:34 -0400] "GET /misc/jquery.js?v=1.4.4 HTTP/1.1" 200 27630 "https://www.nspw.org/2017/cfp" "Mozilla/5.0 (compatible; MSIE 9.0; Windows NT 6.1; Trident/5.0;  Trident/5.0)"
204.79.180.13 - - [04/May/2018:14:51:34 -0400] "GET /modules/system/system.menus.css?p7r9uw HTTP/1.1" 200 1178 "https://www.nspw.org/2017/cfp" "Mozilla/5.0 (compatible; MSIE 9.0; Windows NT 6.1; Trident/5.0;  Trident/5.0)"
204.79.180.16 - - [04/May/2018:14:51:34 -0400] "GET /sites/default/files/nspw-logo-smaller.jpg HTTP/1.1" 200 2554 "https://www.nspw.org/2017/cfp" "Mozilla/5.0 (compatible; MSIE 9.0; Windows NT 6.1; Trident/5.0;  Trident/5.0)"
204.79.180.13 - - [04/May/2018:14:51:34 -0400] "GET /misc/drupal.js?p7r9uw HTTP/1.1" 200 7375 "https://www.nspw.org/2017/cfp" "Mozilla/5.0 (compatible; MSIE 9.0; Windows NT 6.1; Trident/5.0;  Trident/5.0)"
204.79.180.15 - - [04/May/2018:14:51:34 -0400] "GET /misc/jquery.once.js?v=1.2 HTTP/1.1" 200 1445 "https://www.nspw.org/2017/cfp" "Mozilla/5.0 (compatible; MSIE 9.0; Windows NT 6.1; Trident/5.0;  Trident/5.0)"
204.79.180.16 - - [04/May/2018:14:51:36 -0400] "GET /themes/garland/images/menu-leaf.gif HTTP/1.1" 200 485 "https://www.nspw.org/2017/cfp" "Mozilla/5.0 (compatible; MSIE 9.0; Windows NT 6.1; Trident/5.0;  Trident/5.0)"
204.79.180.13 - - [04/May/2018:14:51:36 -0400] "GET /themes/garland/images/body.png HTTP/1.1" 200 997 "https://www.nspw.org/2017/cfp" "Mozilla/5.0 (compatible; MSIE 9.0; Windows NT 6.1; Trident/5.0;  Trident/5.0)"
204.79.180.15 - - [04/May/2018:14:51:36 -0400] "GET /themes/garland/images/menu-collapsed.gif HTTP/1.1" 200 485 "https://www.nspw.org/2017/cfp" "Mozilla/5.0 (compatible; MSIE 9.0; Windows NT 6.1; Trident/5.0;  Trident/5.0)"
204.79.180.13 - - [04/May/2018:14:51:36 -0400] "GET /themes/garland/images/menu-expanded.gif HTTP/1.1" 200 501 "https://www.nspw.org/2017/cfp" "Mozilla/5.0 (compatible; MSIE 9.0; Windows NT 6.1; Trident/5.0;  Trident/5.0)"
204.79.180.16 - - [04/May/2018:14:51:36 -0400] "GET /themes/garland/images/bg-content.png HTTP/1.1" 200 805 "https://www.nspw.org/2017/cfp" "Mozilla/5.0 (compatible; MSIE 9.0; Windows NT 6.1; Trident/5.0;  Trident/5.0)"
204.79.180.13 - - [04/May/2018:14:51:36 -0400] "GET /themes/garland/images/bg-content-right.png HTTP/1.1" 200 3178 "https://www.nspw.org/2017/cfp" "Mozilla/5.0 (compatible; MSIE 9.0; Windows NT 6.1; Trident/5.0;  Trident/5.0)"
204.79.180.15 - - [04/May/2018:14:51:36 -0400] "GET /themes/garland/images/bg-navigation-item.png HTTP/1.1" 200 821 "https://www.nspw.org/2017/cfp" "Mozilla/5.0 (compatible; MSIE 9.0; Windows NT 6.1; Trident/5.0;  Trident/5.0)"
204.79.180.16 - - [04/May/2018:14:51:36 -0400] "GET /themes/garland/images/bg-content-left.png HTTP/1.1" 200 3242 "https://www.nspw.org/2017/cfp" "Mozilla/5.0 (compatible; MSIE 9.0; Windows NT 6.1; Trident/5.0;  Trident/5.0)"
66.249.64.215 - - [04/May/2018:14:51:44 -0400] "GET /2007/program.shtml HTTP/1.1" 200 6558 "-" "Mozilla/5.0 (Linux; Android 6.0.1; Nexus 5X Build/MMB29P) AppleWebKit/537.36 (KHTML, like Gecko) Chrome/41.0.2272.96 Mobile Safari/537.36 (compatible; Googlebot/2.1; +http://www.google.com/bot.html)"
66.102.6.197 - - [04/May/2018:14:52:18 -0400] "GET / HTTP/1.1" 200 6608 "-" "Mozilla/5.0 (X11; Linux x86_64) AppleWebKit/537.36 (KHTML, like Gecko) Chrome/49.0.2623.75 Safari/537.36 Google Favicon"
66.102.6.199 - - [04/May/2018:14:52:19 -0400] "GET /favicon.ico HTTP/1.1" 404 4094 "-" "Mozilla/5.0 (X11; Linux x86_64) AppleWebKit/537.36 (KHTML, like Gecko) Chrome/49.0.2623.75 Safari/537.36 Google Favicon"
69.162.124.227 - - [04/May/2018:14:52:41 -0400] "HEAD / HTTP/1.1" 200 3874 "http://nspw.org/" "Mozilla/5.0+(compatible; UptimeRobot/2.0; http://www.uptimerobot.com/)"
66.249.64.215 - - [04/May/2018:14:52:43 -0400] "GET /2009/proceedings/2015pre/hill-nspw2015pre.pdf HTTP/1.1" 404 8104 "-" "Googlebot/2.1 (+http://www.google.com/bot.html)"
77.88.47.40 - - [04/May/2018:14:51:56 -0400] "GET /papers/2013/nspw2013-chen.pdf HTTP/1.1" 200 978066 "-" "Mozilla/5.0 (compatible; YandexBot/3.0; +http://yandex.com/bots)"
77.88.47.40 - - [04/May/2018:14:53:07 -0400] "GET /1999/cfp.html HTTP/1.1" 200 6238 "-" "Mozilla/5.0 (compatible; YandexBot/3.0; +http://yandex.com/bots)"
178.153.97.121 - - [04/May/2018:14:54:21 -0400] "GET /wp-login.php HTTP/1.1" 404 8018 "-" "Mozilla/5.0 (Windows NT 6.1; WOW64; rv:40.0) Gecko/20100101 Firefox/40.1"
178.153.97.121 - - [04/May/2018:14:54:21 -0400] "GET / HTTP/1.1" 200 8206 "-" "Mozilla/5.0 (Windows NT 6.1; WOW64; rv:40.0) Gecko/20100101 Firefox/40.1"
77.88.47.40 - - [04/May/2018:14:54:34 -0400] "GET /2008/invite/reg.html HTTP/1.1" 200 6886 "-" "Mozilla/5.0 (compatible; YandexBot/3.0; +http://yandex.com/bots)"
27.34.104.149 - - [04/May/2018:14:55:02 -0400] "GET /wp-login.php HTTP/1.1" 404 7985 "-" "Mozilla/5.0 (Windows NT 6.1; WOW64; rv:40.0) Gecko/20100101 Firefox/40.1"
27.34.104.149 - - [04/May/2018:14:55:05 -0400] "GET / HTTP/1.1" 200 8206 "-" "Mozilla/5.0 (Windows NT 6.1; WOW64; rv:40.0) Gecko/20100101 Firefox/40.1"
149.0.145.1 - - [04/May/2018:14:55:22 -0400] "GET /wp-login.php HTTP/1.1" 404 7839 "-" "Mozilla/5.0 (Windows NT 6.1; WOW64; rv:40.0) Gecko/20100101 Firefox/40.1"
149.0.145.1 - - [04/May/2018:14:55:24 -0400] "GET / HTTP/1.1" 200 8218 "-" "Mozilla/5.0 (Windows NT 6.1; WOW64; rv:40.0) Gecko/20100101 Firefox/40.1"
66.249.64.215 - - [04/May/2018:14:56:05 -0400] "GET /2009/proceedings/2013/nspw2013-peisert.pdf HTTP/1.1" 200 712024 "-" "Googlebot/2.1 (+http://www.google.com/bot.html)"
77.88.47.40 - - [04/May/2018:14:56:06 -0400] "GET /2008/NSPWtrans.gif HTTP/1.1" 304 3633 "-" "Mozilla/5.0 (compatible; YandexImages/3.0; +http://yandex.com/bots)"
69.162.124.227 - - [04/May/2018:14:57:41 -0400] "HEAD / HTTP/1.1" 200 3874 "http://nspw.org/" "Mozilla/5.0+(compatible; UptimeRobot/2.0; http://www.uptimerobot.com/)"
77.88.47.40 - - [04/May/2018:14:57:49 -0400] "GET /2009/proceedings/2001/nspw2001-hosmer.pdf HTTP/1.1" 200 70458 "-" "Mozilla/5.0 (compatible; YandexBot/3.0; +http://yandex.com/bots)"
66.249.64.215 - - [04/May/2018:14:57:52 -0400] "GET /2009/proceedings/1998/nspw1998-abrams.pdf HTTP/1.1" 200 734998 "-" "Googlebot/2.1 (+http://www.google.com/bot.html)"
66.249.64.217 - - [04/May/2018:14:57:58 -0400] "GET /favicon.ico HTTP/1.1" 404 4094 "-" "Googlebot-Image/1.0"
66.249.64.217 - - [04/May/2018:14:58:24 -0400] "GET /papers/1993/nspw1993-lapadula.pdf HTTP/1.1" 200 730603 "-" "Mozilla/5.0 (Linux; Android 6.0.1; Nexus 5X Build/MMB29P) AppleWebKit/537.36 (KHTML, like Gecko) Chrome/41.0.2272.96 Mobile Safari/537.36 (compatible; Googlebot/2.1; +http://www.google.com/bot.html)"
66.249.64.215 - - [04/May/2018:14:58:29 -0400] "GET /2005/cfp/latex/toplas.ps HTTP/1.1" 200 637888 "-" "Googlebot/2.1 (+http://www.google.com/bot.html)"
66.249.64.215 - - [04/May/2018:14:58:48 -0400] "GET /2009/proceedings/2003/nspw2003-duvarney.pdf HTTP/1.1" 200 1060171 "-" "Googlebot/2.1 (+http://www.google.com/bot.html)"
66.249.64.215 - - [04/May/2018:14:58:53 -0400] "GET /2009/proceedings/2013-pre/forgive.pdf HTTP/1.1" 404 8089 "-" "Googlebot/2.1 (+http://www.google.com/bot.html)"
66.249.64.215 - - [04/May/2018:14:59:42 -0400] "GET /2009/proceedings/2013-pre/nsphd-anthro.pdf HTTP/1.1" 404 8099 "-" "Googlebot/2.1 (+http://www.google.com/bot.html)"
66.249.64.219 - - [04/May/2018:15:00:01 -0400] "GET /papers/2008/nspw2008-julisch.pdf HTTP/1.1" 200 431730 "-" "Googlebot/2.1 (+http://www.google.com/bot.html)"
66.249.64.215 - - [04/May/2018:15:00:36 -0400] "GET /2009/proceedings/2000/nspw2000-moskowitz.pdf HTTP/1.1" 200 1052619 "-" "Googlebot/2.1 (+http://www.google.com/bot.html)"
66.249.64.215 - - [04/May/2018:15:00:55 -0400] "GET /papers/2013/nspw2013-bishop.pdf HTTP/1.1" 200 509744 "-" "Googlebot/2.1 (+http://www.google.com/bot.html)"
66.249.64.215 - - [04/May/2018:15:01:42 -0400] "GET /2005/PC/Hoon%20Wei.pdf HTTP/1.1" 404 8022 "-" "Googlebot/2.1 (+http://www.google.com/bot.html)"
66.249.64.217 - - [04/May/2018:15:02:19 -0400] "GET /2008/papers.shtml HTTP/1.1" 200 5701 "-" "Googlebot/2.1 (+http://www.google.com/bot.html)"
207.46.13.141 - - [04/May/2018:15:02:21 -0400] "GET /2018/cfp HTTP/1.1" 200 8628 "-" "Mozilla/5.0 (compatible; bingbot/2.0; +http://www.bing.com/bingbot.htm)"
131.253.25.241 - - [04/May/2018:15:02:22 -0400] "GET /modules/system/system.base.css?p7r9uw HTTP/1.1" 200 9188 "-" "Mozilla/5.0 (Windows NT 6.1; WOW64) AppleWebKit/534+ (KHTML, like Gecko) BingPreview/1.0b"
131.253.25.241 - - [04/May/2018:15:02:22 -0400] "GET /modules/system/system.menus.css?p7r9uw HTTP/1.1" 200 2400 "-" "Mozilla/5.0 (Windows NT 6.1; WOW64) AppleWebKit/534+ (KHTML, like Gecko) BingPreview/1.0b"
131.253.25.241 - - [04/May/2018:15:02:22 -0400] "GET /modules/system/system.messages.css?p7r9uw HTTP/1.1" 200 1296 "-" "Mozilla/5.0 (Windows NT 6.1; WOW64) AppleWebKit/534+ (KHTML, like Gecko) BingPreview/1.0b"
131.253.27.122 - - [04/May/2018:15:02:22 -0400] "GET /modules/system/system.theme.css?p7r9uw HTTP/1.1" 200 7470 "-" "Mozilla/5.0 (Windows NT 6.1; WOW64) AppleWebKit/534+ (KHTML, like Gecko) BingPreview/1.0b"
131.253.27.61 - - [04/May/2018:15:02:23 -0400] "GET /modules/comment/comment.css?p7r9uw HTTP/1.1" 200 3912 "-" "Mozilla/5.0 (Windows NT 6.1; WOW64) AppleWebKit/534+ (KHTML, like Gecko) BingPreview/1.0b"
131.253.25.208 - - [04/May/2018:15:02:23 -0400] "GET /modules/field/theme/field.css?p7r9uw HTTP/1.1" 200 4279 "-" "Mozilla/5.0 (Windows NT 6.1; WOW64) AppleWebKit/534+ (KHTML, like Gecko) BingPreview/1.0b"
131.253.27.61 - - [04/May/2018:15:02:23 -0400] "GET /modules/node/node.css?p7r9uw HTTP/1.1" 200 478 "-" "Mozilla/5.0 (Windows NT 6.1; WOW64) AppleWebKit/534+ (KHTML, like Gecko) BingPreview/1.0b"
131.253.25.149 - - [04/May/2018:15:02:23 -0400] "GET /modules/user/user.css?p7r9uw HTTP/1.1" 200 5586 "-" "Mozilla/5.0 (Windows NT 6.1; WOW64) AppleWebKit/534+ (KHTML, like Gecko) BingPreview/1.0b"
131.253.27.111 - - [04/May/2018:15:02:24 -0400] "GET /themes/garland/style.css?p7r9uw HTTP/1.1" 200 24576 "-" "Mozilla/5.0 (Windows NT 6.1; WOW64) AppleWebKit/534+ (KHTML, like Gecko) BingPreview/1.0b"
131.253.25.149 - - [04/May/2018:15:02:24 -0400] "GET /themes/garland/print.css?p7r9uw HTTP/1.1" 200 1383 "-" "Mozilla/5.0 (Windows NT 6.1; WOW64) AppleWebKit/534+ (KHTML, like Gecko) BingPreview/1.0b"
131.253.27.111 - - [04/May/2018:15:02:24 -0400] "GET /misc/jquery.js?v=1.4.4 HTTP/1.1" 200 79100 "-" "Mozilla/5.0 (Windows NT 6.1; WOW64) AppleWebKit/534+ (KHTML, like Gecko) BingPreview/1.0b"
131.253.25.149 - - [04/May/2018:15:02:25 -0400] "GET /misc/jquery.once.js?v=1.2 HTTP/1.1" 200 3353 "-" "Mozilla/5.0 (Windows NT 6.1; WOW64) AppleWebKit/534+ (KHTML, like Gecko) BingPreview/1.0b"
131.253.25.241 - - [04/May/2018:15:02:25 -0400] "GET /misc/drupal.js?p7r9uw HTTP/1.1" 200 20629 "-" "Mozilla/5.0 (Windows NT 6.1; WOW64) AppleWebKit/534+ (KHTML, like Gecko) BingPreview/1.0b"
69.162.124.227 - - [04/May/2018:15:02:41 -0400] "HEAD / HTTP/1.1" 200 3874 "http://nspw.org/" "Mozilla/5.0+(compatible; UptimeRobot/2.0; http://www.uptimerobot.com/)"
66.249.64.215 - - [04/May/2018:15:03:24 -0400] "GET /2009/proceedings/2014-pre/dunphy-nspw2014pre.pdf HTTP/1.1" 404 8111 "-" "Googlebot/2.1 (+http://www.google.com/bot.html)"
66.249.64.215 - - [04/May/2018:15:03:50 -0400] "GET /papers/2007/nspw2007-locasto.pdf HTTP/1.1" 200 192518 "-" "Googlebot/2.1 (+http://www.google.com/bot.html)"
194.187.170.141 - - [04/May/2018:15:04:06 -0400] "GET /robots.txt HTTP/1.1" 200 4822 "-" "Mozilla/5.0 (compatible; Qwantify/2.4w; +https://www.qwant.com/)/2.4w"
194.187.170.141 - - [04/May/2018:15:04:08 -0400] "GET /robots.txt HTTP/1.1" 200 1290 "-" "Mozilla/5.0 (compatible; Qwantify/2.4w; +https://www.qwant.com/)/2.4w"
194.187.170.141 - - [04/May/2018:15:04:08 -0400] "GET /2008/oc.content.2008 HTTP/1.1" 200 2431 "-" "Mozilla/5.0 (compatible; Qwantify/2.4w; +https://www.qwant.com/)/2.4w"
66.249.64.217 - - [04/May/2018:15:04:17 -0400] "GET /papers/1994/nspw1994-dobson.pdf HTTP/1.1" 200 710567 "-" "Googlebot/2.1 (+http://www.google.com/bot.html)"
66.249.64.217 - - [04/May/2018:15:04:18 -0400] "GET /papers/2013-pre/forgive.pdf HTTP/1.1" 404 4654 "-" "Googlebot/2.1 (+http://www.google.com/bot.html)"
194.187.170.141 - - [04/May/2018:15:04:19 -0400] "GET /robots.txt HTTP/1.1" 200 1290 "-" "Mozilla/5.0 (compatible; Qwantify/2.4w; +https://www.qwant.com/)/2.4w"
194.187.170.141 - - [04/May/2018:15:04:19 -0400] "GET /2017 HTTP/1.1" 200 3892 "-" "Mozilla/5.0 (compatible; Qwantify/2.4w; +https://www.qwant.com/)/2.4w"
194.187.170.141 - - [04/May/2018:15:04:24 -0400] "GET /cfp/nspw2015-cfp.pdf HTTP/1.1" 200 73187 "-" "Mozilla/5.0 (compatible; Qwantify/2.4w; +https://www.qwant.com/)/2.4w"
216.244.66.236 - - [04/May/2018:15:04:53 -0400] "GET /robots.txt HTTP/1.1" 200 5796 "-" "Mozilla/5.0 (compatible; DotBot/1.1; http://www.opensiteexplorer.org/dotbot, help@moz.com)"
194.187.170.141 - - [04/May/2018:15:04:57 -0400] "GET /2008/papers.content HTTP/1.1" 200 2090 "-" "Mozilla/5.0 (compatible; Qwantify/2.4w; +https://www.qwant.com/)/2.4w"
66.249.64.215 - - [04/May/2018:15:04:58 -0400] "GET /papers/2003/nspw2003-mchugh.pdf HTTP/1.1" 200 765834 "-" "Googlebot/2.1 (+http://www.google.com/bot.html)"
66.249.64.215 - - [04/May/2018:15:05:04 -0400] "GET /papers/2007/nspw2007-vidyaraman.pdf HTTP/1.1" 304 3605 "-" "Mozilla/5.0 (compatible; Googlebot/2.1; +http://www.google.com/bot.html)"
66.249.64.217 - - [04/May/2018:15:05:25 -0400] "GET /2005/PC/alex%20iliev.pdf HTTP/1.1" 404 8026 "-" "Googlebot/2.1 (+http://www.google.com/bot.html)"
66.249.64.215 - - [04/May/2018:15:05:37 -0400] "GET /papers/2012/docs/p115.pdf HTTP/1.1" 200 841801 "-" "Googlebot/2.1 (+http://www.google.com/bot.html)"
37.131.138.99 - - [04/May/2018:15:05:52 -0400] "GET /wp-login.php HTTP/1.1" 404 7839 "-" "Mozilla/5.0 (Windows NT 6.1; WOW64; rv:40.0) Gecko/20100101 Firefox/40.1"
37.131.138.99 - - [04/May/2018:15:05:52 -0400] "GET / HTTP/1.1" 200 8218 "-" "Mozilla/5.0 (Windows NT 6.1; WOW64; rv:40.0) Gecko/20100101 Firefox/40.1"
216.244.66.236 - - [04/May/2018:15:06:21 -0400] "GET /2002/program.content HTTP/1.1" 200 14502 "-" "Mozilla/5.0 (compatible; DotBot/1.1; http://www.opensiteexplorer.org/dotbot, help@moz.com)"
66.249.64.219 - - [04/May/2018:15:07:07 -0400] "GET /papers/2013/nspw2013-ashenden.pdf HTTP/1.1" 200 684762 "-" "Googlebot/2.1 (+http://www.google.com/bot.html)"
77.88.47.40 - - [04/May/2018:15:07:18 -0400] "GET /2009/proceedings/2007/?C=N;O=D HTTP/1.1" 200 4364 "-" "Mozilla/5.0 (compatible; YandexBot/3.0; +http://yandex.com/bots)"
66.249.64.215 - - [04/May/2018:15:07:24 -0400] "GET /papers/1996/nspw1996-de_capitani_di_vimercati.pdf HTTP/1.1" 200 1458572 "-" "Googlebot/2.1 (+http://www.google.com/bot.html)"
66.249.64.215 - - [04/May/2018:15:07:26 -0400] "GET /papers/1993/nspw1993-smith.pdf HTTP/1.1" 200 922963 "-" "Googlebot/2.1 (+http://www.google.com/bot.html)"
194.187.170.141 - - [04/May/2018:15:07:28 -0400] "GET /papers/2006/?C=N;O=D HTTP/1.1" 200 1066 "-" "Mozilla/5.0 (compatible; Qwantify/2.4w; +https://www.qwant.com/)/2.4w"
69.162.124.227 - - [04/May/2018:15:07:41 -0400] "HEAD / HTTP/1.1" 200 3874 "http://nspw.org/" "Mozilla/5.0+(compatible; UptimeRobot/2.0; http://www.uptimerobot.com/)"
77.88.47.40 - - [04/May/2018:15:07:52 -0400] "GET /papers/1994/?C=N;O=D HTTP/1.1" 200 4373 "-" "Mozilla/5.0 (compatible; YandexBot/3.0; +http://yandex.com/bots)"
77.88.47.40 - - [04/May/2018:15:08:06 -0400] "GET /2009/proceedings/1993/?C=D;O=D HTTP/1.1" 200 4570 "-" "Mozilla/5.0 (compatible; YandexBot/3.0; +http://yandex.com/bots)"
143.137.160.122 - - [04/May/2018:15:08:19 -0400] "GET /wp-login.php HTTP/1.1" 404 7985 "-" "Mozilla/5.0 (Windows NT 6.1; WOW64; rv:40.0) Gecko/20100101 Firefox/40.1"
143.137.160.122 - - [04/May/2018:15:08:21 -0400] "GET / HTTP/1.1" 200 8206 "-" "Mozilla/5.0 (Windows NT 6.1; WOW64; rv:40.0) Gecko/20100101 Firefox/40.1"
66.249.64.217 - - [04/May/2018:15:08:42 -0400] "GET /papers/2013/nspw2013-zhao.pdf HTTP/1.1" 200 1019444 "-" "Googlebot/2.1 (+http://www.google.com/bot.html)"
77.88.47.40 - - [04/May/2018:15:08:53 -0400] "GET /papers/2007/nspw2007-chow.pdf HTTP/1.1" 200 420069 "-" "Mozilla/5.0 (compatible; YandexBot/3.0; +http://yandex.com/bots)"
177.40.230.243 - - [04/May/2018:15:09:45 -0400] "GET /wp-login.php HTTP/1.1" 404 7491 "-" "Mozilla/5.0 (Windows NT 6.1; WOW64; rv:40.0) Gecko/20100101 Firefox/40.1"
177.40.230.243 - - [04/May/2018:15:09:47 -0400] "GET / HTTP/1.1" 200 8218 "-" "Mozilla/5.0 (Windows NT 6.1; WOW64; rv:40.0) Gecko/20100101 Firefox/40.1"
66.249.64.219 - - [04/May/2018:15:09:52 -0400] "GET /papers/2012/docs/p1.pdf HTTP/1.1" 200 803541 "-" "Googlebot/2.1 (+http://www.google.com/bot.html)"
66.249.64.215 - - [04/May/2018:15:10:01 -0400] "GET /papers/2003/nspw2003-ray.pdf HTTP/1.1" 200 813684 "-" "Googlebot/2.1 (+http://www.google.com/bot.html)"
5.36.179.114 - - [04/May/2018:15:10:09 -0400] "GET /wp-login.php HTTP/1.1" 404 7985 "-" "Mozilla/5.0 (Windows NT 6.1; WOW64; rv:40.0) Gecko/20100101 Firefox/40.1"
5.36.179.114 - - [04/May/2018:15:10:10 -0400] "GET / HTTP/1.1" 200 8206 "-" "Mozilla/5.0 (Windows NT 6.1; WOW64; rv:40.0) Gecko/20100101 Firefox/40.1"
66.249.64.215 - - [04/May/2018:15:10:42 -0400] "GET /papers/2013-pre/nsphd-anthro.pdf HTTP/1.1" 404 8058 "-" "Googlebot/2.1 (+http://www.google.com/bot.html)"
66.249.64.217 - - [04/May/2018:15:11:20 -0400] "GET /papers/2013/nspw2013-mathur.pdf HTTP/1.1" 200 1319255 "-" "Googlebot/2.1 (+http://www.google.com/bot.html)"
66.249.64.217 - - [04/May/2018:15:11:44 -0400] "GET /papers/1993/nspw1993-thuraisingham.pdf HTTP/1.1" 200 531515 "-" "Mozilla/5.0 (Linux; Android 6.0.1; Nexus 5X Build/MMB29P) AppleWebKit/537.36 (KHTML, like Gecko) Chrome/41.0.2272.96 Mobile Safari/537.36 (compatible; Googlebot/2.1; +http://www.google.com/bot.html)"
66.249.64.217 - - [04/May/2018:15:11:47 -0400] "GET /robots.txt HTTP/1.1" 200 1110 "-" "Mozilla/5.0 (compatible; Googlebot/2.1; +http://www.google.com/bot.html)"
66.249.64.217 - - [04/May/2018:15:12:03 -0400] "GET /papers/2002/nspw2002-ahamad.pdf HTTP/1.1" 200 923862 "-" "Googlebot/2.1 (+http://www.google.com/bot.html)"
69.162.124.227 - - [04/May/2018:15:12:41 -0400] "HEAD / HTTP/1.1" 200 3874 "http://nspw.org/" "Mozilla/5.0+(compatible; UptimeRobot/2.0; http://www.uptimerobot.com/)"
66.249.64.215 - - [04/May/2018:15:12:52 -0400] "GET /papers/1997/nspw1997-somayaji.pdf HTTP/1.1" 200 53389 "-" "Googlebot/2.1 (+http://www.google.com/bot.html)"
66.249.64.217 - - [04/May/2018:15:13:40 -0400] "GET /2018 HTTP/1.1" 200 6907 "-" "Mozilla/5.0 (compatible; Googlebot/2.1; +http://www.google.com/bot.html)"
194.187.170.141 - - [04/May/2018:15:13:46 -0400] "GET /2008/index.content HTTP/1.1" 200 5206 "-" "Mozilla/5.0 (compatible; Qwantify/2.4w; +https://www.qwant.com/)/2.4w"
216.244.66.247 - - [04/May/2018:15:15:26 -0400] "GET /robots.txt HTTP/1.1" 200 5796 "-" "Mozilla/5.0 (compatible; DotBot/1.1; http://www.opensiteexplorer.org/dotbot, help@moz.com)"
173.66.81.56 - - [04/May/2018:15:16:01 -0400] "GET / HTTP/1.1" 200 6620 "-" "Mozilla/5.0 (Android 4.4.4; Mobile; rv:59.0) Gecko/59.0 Firefox/59.0"
173.66.81.56 - - [04/May/2018:15:16:01 -0400] "GET /misc/jquery.js?v=1.4.4 HTTP/1.1" 200 27601 "https://www.nspw.org/" "Mozilla/5.0 (Android 4.4.4; Mobile; rv:59.0) Gecko/59.0 Firefox/59.0"
173.66.81.56 - - [04/May/2018:15:16:02 -0400] "GET /misc/jquery.once.js?v=1.2 HTTP/1.1" 200 1602 "https://www.nspw.org/" "Mozilla/5.0 (Android 4.4.4; Mobile; rv:59.0) Gecko/59.0 Firefox/59.0"
173.66.81.56 - - [04/May/2018:15:16:02 -0400] "GET /misc/drupal.js?p7r9uw HTTP/1.1" 200 7372 "https://www.nspw.org/" "Mozilla/5.0 (Android 4.4.4; Mobile; rv:59.0) Gecko/59.0 Firefox/59.0"
173.66.81.56 - - [04/May/2018:15:16:03 -0400] "GET /modules/system/system.base.css?p7r9uw HTTP/1.1" 200 2464 "https://www.nspw.org/" "Mozilla/5.0 (Android 4.4.4; Mobile; rv:59.0) Gecko/59.0 Firefox/59.0"
173.66.81.56 - - [04/May/2018:15:16:03 -0400] "GET /modules/system/system.menus.css?p7r9uw HTTP/1.1" 200 1025 "https://www.nspw.org/" "Mozilla/5.0 (Android 4.4.4; Mobile; rv:59.0) Gecko/59.0 Firefox/59.0"
173.66.81.56 - - [04/May/2018:15:16:03 -0400] "GET /modules/system/system.messages.css?p7r9uw HTTP/1.1" 200 746 "https://www.nspw.org/" "Mozilla/5.0 (Android 4.4.4; Mobile; rv:59.0) Gecko/59.0 Firefox/59.0"
173.66.81.56 - - [04/May/2018:15:16:04 -0400] "GET /modules/system/system.theme.css?p7r9uw HTTP/1.1" 200 1585 "https://www.nspw.org/" "Mozilla/5.0 (Android 4.4.4; Mobile; rv:59.0) Gecko/59.0 Firefox/59.0"
173.66.81.56 - - [04/May/2018:15:16:04 -0400] "GET /modules/comment/comment.css?p7r9uw HTTP/1.1" 200 505 "https://www.nspw.org/" "Mozilla/5.0 (Android 4.4.4; Mobile; rv:59.0) Gecko/59.0 Firefox/59.0"
173.66.81.56 - - [04/May/2018:15:16:04 -0400] "GET /modules/field/theme/field.css?p7r9uw HTTP/1.1" 200 599 "https://www.nspw.org/" "Mozilla/5.0 (Android 4.4.4; Mobile; rv:59.0) Gecko/59.0 Firefox/59.0"
173.66.81.56 - - [04/May/2018:15:16:05 -0400] "GET /modules/node/node.css?p7r9uw HTTP/1.1" 200 472 "https://www.nspw.org/" "Mozilla/5.0 (Android 4.4.4; Mobile; rv:59.0) Gecko/59.0 Firefox/59.0"
173.66.81.56 - - [04/May/2018:15:16:05 -0400] "GET /modules/user/user.css?p7r9uw HTTP/1.1" 200 1062 "https://www.nspw.org/" "Mozilla/5.0 (Android 4.4.4; Mobile; rv:59.0) Gecko/59.0 Firefox/59.0"
173.66.81.56 - - [04/May/2018:15:16:05 -0400] "GET /themes/garland/style.css?p7r9uw HTTP/1.1" 200 5370 "https://www.nspw.org/" "Mozilla/5.0 (Android 4.4.4; Mobile; rv:59.0) Gecko/59.0 Firefox/59.0"
173.66.81.56 - - [04/May/2018:15:16:06 -0400] "GET /themes/garland/print.css?p7r9uw HTTP/1.1" 200 771 "https://www.nspw.org/" "Mozilla/5.0 (Android 4.4.4; Mobile; rv:59.0) Gecko/59.0 Firefox/59.0"
173.66.81.56 - - [04/May/2018:15:16:14 -0400] "GET /themes/garland/images/body.png HTTP/1.1" 200 1150 "https://www.nspw.org/themes/garland/style.css?p7r9uw" "Mozilla/5.0 (Android 4.4.4; Mobile; rv:59.0) Gecko/59.0 Firefox/59.0"
173.66.81.56 - - [04/May/2018:15:16:14 -0400] "GET /themes/garland/images/menu-expanded.gif HTTP/1.1" 200 652 "https://www.nspw.org/themes/garland/style.css?p7r9uw" "Mozilla/5.0 (Android 4.4.4; Mobile; rv:59.0) Gecko/59.0 Firefox/59.0"
173.66.81.56 - - [04/May/2018:15:16:14 -0400] "GET /themes/garland/images/bg-navigation-item-hover.png HTTP/1.1" 200 754 "https://www.nspw.org/themes/garland/style.css?p7r9uw" "Mozilla/5.0 (Android 4.4.4; Mobile; rv:59.0) Gecko/59.0 Firefox/59.0"
173.66.81.56 - - [04/May/2018:15:16:15 -0400] "GET /themes/garland/images/bg-content.png HTTP/1.1" 200 798 "https://www.nspw.org/themes/garland/style.css?p7r9uw" "Mozilla/5.0 (Android 4.4.4; Mobile; rv:59.0) Gecko/59.0 Firefox/59.0"
173.66.81.56 - - [04/May/2018:15:16:15 -0400] "GET /themes/garland/images/menu-collapsed.gif HTTP/1.1" 200 645 "https://www.nspw.org/themes/garland/style.css?p7r9uw" "Mozilla/5.0 (Android 4.4.4; Mobile; rv:59.0) Gecko/59.0 Firefox/59.0"
173.66.81.56 - - [04/May/2018:15:16:15 -0400] "GET /themes/garland/images/bg-content-right.png HTTP/1.1" 200 3162 "https://www.nspw.org/themes/garland/style.css?p7r9uw" "Mozilla/5.0 (Android 4.4.4; Mobile; rv:59.0) Gecko/59.0 Firefox/59.0"
173.66.81.56 - - [04/May/2018:15:16:15 -0400] "GET /themes/garland/images/bg-content-left.png HTTP/1.1" 200 3232 "https://www.nspw.org/themes/garland/style.css?p7r9uw" "Mozilla/5.0 (Android 4.4.4; Mobile; rv:59.0) Gecko/59.0 Firefox/59.0"
173.66.81.56 - - [04/May/2018:15:16:15 -0400] "GET /themes/garland/images/bg-navigation-item.png HTTP/1.1" 200 969 "https://www.nspw.org/themes/garland/style.css?p7r9uw" "Mozilla/5.0 (Android 4.4.4; Mobile; rv:59.0) Gecko/59.0 Firefox/59.0"
173.66.81.56 - - [04/May/2018:15:16:18 -0400] "GET /sites/default/files/nspw-logo-smaller.jpg HTTP/1.1" 200 2691 "https://www.nspw.org/" "Mozilla/5.0 (Android 4.4.4; Mobile; rv:59.0) Gecko/59.0 Firefox/59.0"
173.66.81.56 - - [04/May/2018:15:16:19 -0400] "GET /themes/garland/images/menu-leaf.gif HTTP/1.1" 200 643 "https://www.nspw.org/themes/garland/style.css?p7r9uw" "Mozilla/5.0 (Android 4.4.4; Mobile; rv:59.0) Gecko/59.0 Firefox/59.0"
173.66.81.56 - - [04/May/2018:15:16:20 -0400] "GET /favicon.ico HTTP/1.1" 404 3793 "-" "Mozilla/5.0 (Android 4.4.4; Mobile; rv:59.0.2) Gecko/59.0.2 Firefox/59.0.2"
149.3.125.59 - - [04/May/2018:15:17:34 -0400] "GET /wp-login.php HTTP/1.1" 404 7839 "-" "Mozilla/5.0 (Windows NT 6.1; WOW64; rv:40.0) Gecko/20100101 Firefox/40.1"
149.3.125.59 - - [04/May/2018:15:17:34 -0400] "GET / HTTP/1.1" 200 8218 "-" "Mozilla/5.0 (Windows NT 6.1; WOW64; rv:40.0) Gecko/20100101 Firefox/40.1"
69.162.124.227 - - [04/May/2018:15:17:41 -0400] "HEAD / HTTP/1.1" 200 3874 "http://nspw.org/" "Mozilla/5.0+(compatible; UptimeRobot/2.0; http://www.uptimerobot.com/)"
39.51.212.44 - - [04/May/2018:15:18:23 -0400] "GET /wp-login.php HTTP/1.1" 404 7985 "-" "Mozilla/5.0 (Windows NT 6.1; WOW64; rv:40.0) Gecko/20100101 Firefox/40.1"
190.163.93.14 - - [04/May/2018:15:19:00 -0400] "GET /wp-login.php HTTP/1.1" 404 8176 "-" "Mozilla/5.0 (Windows NT 6.1; WOW64; rv:40.0) Gecko/20100101 Firefox/40.1"
190.163.93.14 - - [04/May/2018:15:19:00 -0400] "GET / HTTP/1.1" 200 8298 "-" "Mozilla/5.0 (Windows NT 6.1; WOW64; rv:40.0) Gecko/20100101 Firefox/40.1"
194.187.170.141 - - [04/May/2018:15:19:19 -0400] "GET /papers/2008/?C=N;O=D HTTP/1.1" 200 4646 "-" "Mozilla/5.0 (compatible; Qwantify/2.4w; +https://www.qwant.com/)/2.4w"
77.88.47.40 - - [04/May/2018:15:22:02 -0400] "GET /2009/proceedings/2008/?C=S;O=A HTTP/1.1" 200 4364 "-" "Mozilla/5.0 (compatible; YandexBot/3.0; +http://yandex.com/bots)"
69.162.124.227 - - [04/May/2018:15:22:41 -0400] "HEAD / HTTP/1.1" 200 3874 "http://nspw.org/" "Mozilla/5.0+(compatible; UptimeRobot/2.0; http://www.uptimerobot.com/)"
66.249.64.15 - - [04/May/2018:15:22:46 -0400] "GET /2017/dates HTTP/1.1" 200 6437 "-" "Mozilla/5.0 (compatible; Googlebot/2.1; +http://www.google.com/bot.html)"
77.88.47.40 - - [04/May/2018:15:22:58 -0400] "GET /node/11 HTTP/1.1" 200 6721 "-" "Mozilla/5.0 (compatible; YandexBot/3.0; +http://yandex.com/bots)"
66.249.64.217 - - [04/May/2018:15:25:04 -0400] "GET /2000/dates.html HTTP/1.1" 200 5022 "-" "Mozilla/5.0 (Linux; Android 6.0.1; Nexus 5X Build/MMB29P) AppleWebKit/537.36 (KHTML, like Gecko) Chrome/41.0.2272.96 Mobile Safari/537.36 (compatible; Googlebot/2.1; +http://www.google.com/bot.html)"
69.162.124.227 - - [04/May/2018:15:27:41 -0400] "HEAD / HTTP/1.1" 200 3874 "http://nspw.org/" "Mozilla/5.0+(compatible; UptimeRobot/2.0; http://www.uptimerobot.com/)"
40.77.167.202 - - [04/May/2018:15:28:12 -0400] "GET /papers/2010/nspw2010-bishop.pdf HTTP/1.1" 200 660564 "-" "Mozilla/5.0 (compatible; bingbot/2.0; +http://www.bing.com/bingbot.htm)"
194.187.170.141 - - [04/May/2018:15:30:02 -0400] "GET /2008/nspw2008-cfpTwk.html HTTP/1.1" 200 7968 "-" "Mozilla/5.0 (compatible; Qwantify/2.4w; +https://www.qwant.com/)/2.4w"
79.45.174.246 - - [04/May/2018:15:31:22 -0400] "GET /wp-login.php HTTP/1.1" 404 7491 "-" "Mozilla/5.0 (Windows NT 6.1; WOW64; rv:40.0) Gecko/20100101 Firefox/40.1"
79.45.174.246 - - [04/May/2018:15:31:23 -0400] "GET / HTTP/1.1" 200 8218 "-" "Mozilla/5.0 (Windows NT 6.1; WOW64; rv:40.0) Gecko/20100101 Firefox/40.1"
66.249.64.219 - - [04/May/2018:15:31:44 -0400] "GET /papers/1993/nspw1993-williams.pdf HTTP/1.1" 200 539677 "-" "Mozilla/5.0 (Linux; Android 6.0.1; Nexus 5X Build/MMB29P) AppleWebKit/537.36 (KHTML, like Gecko) Chrome/41.0.2272.96 Mobile Safari/537.36 (compatible; Googlebot/2.1; +http://www.google.com/bot.html)"
66.249.64.217 - - [04/May/2018:15:32:07 -0400] "GET /current/oc.shtml HTTP/1.1" 404 8006 "-" "Mozilla/5.0 (compatible; Googlebot/2.1; +http://www.google.com/bot.html)"
69.162.124.227 - - [04/May/2018:15:32:41 -0400] "HEAD / HTTP/1.1" 200 3874 "http://nspw.org/" "Mozilla/5.0+(compatible; UptimeRobot/2.0; http://www.uptimerobot.com/)"
220.181.125.142 - - [04/May/2018:15:33:33 -0400] "GET / HTTP/1.0" 400 0 "-" "-"
220.181.125.142 - - [04/May/2018:15:33:40 -0400] "GET /papers/2011/nspw2011-bishop.pdf HTTP/1.1" 200 572775 "-" "Sogou web spider/4.0(+http://www.sogou.com/docs/help/webmasters.htm#07)"
220.181.125.142 - - [04/May/2018:15:33:42 -0400] "GET / HTTP/1.1" 200 6666 "-" "Sogou web spider/4.0(+http://www.sogou.com/docs/help/webmasters.htm#07)"
194.187.170.141 - - [04/May/2018:15:35:20 -0400] "GET /2008/oc.tba HTTP/1.1" 200 4006 "-" "Mozilla/5.0 (compatible; Qwantify/2.4w; +https://www.qwant.com/)/2.4w"
216.244.66.200 - - [04/May/2018:15:36:03 -0400] "GET /robots.txt HTTP/1.1" 200 5796 "-" "Mozilla/5.0 (compatible; DotBot/1.1; http://www.opensiteexplorer.org/dotbot, help@moz.com)"
77.88.47.40 - - [04/May/2018:15:36:33 -0400] "GET /papers/1994/?C=D;O=D HTTP/1.1" 200 4373 "-" "Mozilla/5.0 (compatible; YandexBot/3.0; +http://yandex.com/bots)"
77.88.47.40 - - [04/May/2018:15:36:47 -0400] "GET /2008/papers.shtml HTTP/1.1" 200 5730 "-" "Mozilla/5.0 (compatible; YandexBot/3.0; +http://yandex.com/bots)"
69.162.124.227 - - [04/May/2018:15:37:41 -0400] "HEAD / HTTP/1.1" 200 3874 "http://nspw.org/" "Mozilla/5.0+(compatible; UptimeRobot/2.0; http://www.uptimerobot.com/)"
66.249.64.217 - - [04/May/2018:15:38:24 -0400] "GET /papers/1993/nspw1993-shockley.pdf HTTP/1.1" 200 793853 "-" "Mozilla/5.0 (Linux; Android 6.0.1; Nexus 5X Build/MMB29P) AppleWebKit/537.36 (KHTML, like Gecko) Chrome/41.0.2272.96 Mobile Safari/537.36 (compatible; Googlebot/2.1; +http://www.google.com/bot.html)"
77.88.47.40 - - [04/May/2018:15:39:02 -0400] "GET /2009/proceedings/1999/nspw1999-erlingsson.pdf HTTP/1.1" 200 867423 "-" "Mozilla/5.0 (compatible; YandexBot/3.0; +http://yandex.com/bots)"
194.187.170.141 - - [04/May/2018:15:39:45 -0400] "GET /2008/pc.content.2008 HTTP/1.1" 200 4815 "-" "Mozilla/5.0 (compatible; Qwantify/2.4w; +https://www.qwant.com/)/2.4w"
66.249.64.217 - - [04/May/2018:15:40:08 -0400] "GET /current/pc.shtml HTTP/1.1" 404 8006 "-" "Mozilla/5.0 (compatible; Googlebot/2.1; +http://www.google.com/bot.html)"
69.162.124.227 - - [04/May/2018:15:42:41 -0400] "HEAD / HTTP/1.1" 200 3874 "http://nspw.org/" "Mozilla/5.0+(compatible; UptimeRobot/2.0; http://www.uptimerobot.com/)"
66.249.64.219 - - [04/May/2018:15:45:04 -0400] "GET /papers/2012/docs/welcome1.pdf HTTP/1.1" 200 90304 "-" "Mozilla/5.0 (Linux; Android 6.0.1; Nexus 5X Build/MMB29P) AppleWebKit/537.36 (KHTML, like Gecko) Chrome/41.0.2272.96 Mobile Safari/537.36 (compatible; Googlebot/2.1; +http://www.google.com/bot.html)"
89.79.88.55 - - [04/May/2018:15:45:58 -0400] "GET /wp-login.php HTTP/1.1" 404 7839 "-" "Mozilla/5.0 (Windows NT 6.1; WOW64; rv:40.0) Gecko/20100101 Firefox/40.1"
89.79.88.55 - - [04/May/2018:15:45:58 -0400] "GET / HTTP/1.1" 200 8218 "-" "Mozilla/5.0 (Windows NT 6.1; WOW64; rv:40.0) Gecko/20100101 Firefox/40.1"
69.162.124.227 - - [04/May/2018:15:47:41 -0400] "HEAD / HTTP/1.1" 200 3874 "http://nspw.org/" "Mozilla/5.0+(compatible; UptimeRobot/2.0; http://www.uptimerobot.com/)"
86.41.112.85 - - [04/May/2018:15:47:49 -0400] "GET /wp-login.php HTTP/1.1" 404 7839 "-" "Mozilla/5.0 (Windows NT 6.1; WOW64; rv:40.0) Gecko/20100101 Firefox/40.1"
86.41.112.85 - - [04/May/2018:15:47:49 -0400] "GET / HTTP/1.1" 200 8218 "-" "Mozilla/5.0 (Windows NT 6.1; WOW64; rv:40.0) Gecko/20100101 Firefox/40.1"
128.227.229.211 - - [04/May/2018:15:49:24 -0400] "GET / HTTP/1.1" 200 6622 "https://www.google.com/" "Mozilla/5.0 (Windows NT 10.0; Win64; x64) AppleWebKit/537.36 (KHTML, like Gecko) Chrome/65.0.3325.181 Safari/537.36"
128.227.229.211 - - [04/May/2018:15:49:24 -0400] "GET /modules/system/system.base.css?p7r9uw HTTP/1.1" 200 2307 "-" "Mozilla/5.0 (Windows NT 10.0; Win64; x64) AppleWebKit/537.36 (KHTML, like Gecko) Chrome/65.0.3325.181 Safari/537.36"
128.227.229.211 - - [04/May/2018:15:49:24 -0400] "GET /modules/system/system.menus.css?p7r9uw HTTP/1.1" 200 4434 "-" "Mozilla/5.0 (Windows NT 10.0; Win64; x64) AppleWebKit/537.36 (KHTML, like Gecko) Chrome/65.0.3325.181 Safari/537.36"
128.227.229.211 - - [04/May/2018:15:49:24 -0400] "GET /modules/system/system.messages.css?p7r9uw HTTP/1.1" 200 746 "-" "Mozilla/5.0 (Windows NT 10.0; Win64; x64) AppleWebKit/537.36 (KHTML, like Gecko) Chrome/65.0.3325.181 Safari/537.36"
128.227.229.211 - - [04/May/2018:15:49:24 -0400] "GET /modules/system/system.theme.css?p7r9uw HTTP/1.1" 200 1585 "-" "Mozilla/5.0 (Windows NT 10.0; Win64; x64) AppleWebKit/537.36 (KHTML, like Gecko) Chrome/65.0.3325.181 Safari/537.36"
128.227.229.211 - - [04/May/2018:15:49:24 -0400] "GET /modules/comment/comment.css?p7r9uw HTTP/1.1" 200 505 "-" "Mozilla/5.0 (Windows NT 10.0; Win64; x64) AppleWebKit/537.36 (KHTML, like Gecko) Chrome/65.0.3325.181 Safari/537.36"
128.227.229.211 - - [04/May/2018:15:49:24 -0400] "GET /modules/user/user.css?p7r9uw HTTP/1.1" 200 1219 "-" "Mozilla/5.0 (Windows NT 10.0; Win64; x64) AppleWebKit/537.36 (KHTML, like Gecko) Chrome/65.0.3325.181 Safari/537.36"
128.227.229.211 - - [04/May/2018:15:49:24 -0400] "GET /themes/garland/style.css?p7r9uw HTTP/1.1" 200 5527 "-" "Mozilla/5.0 (Windows NT 10.0; Win64; x64) AppleWebKit/537.36 (KHTML, like Gecko) Chrome/65.0.3325.181 Safari/537.36"
128.227.229.211 - - [04/May/2018:15:49:24 -0400] "GET /themes/garland/print.css?p7r9uw HTTP/1.1" 200 771 "-" "Mozilla/5.0 (Windows NT 10.0; Win64; x64) AppleWebKit/537.36 (KHTML, like Gecko) Chrome/65.0.3325.181 Safari/537.36"
128.227.229.211 - - [04/May/2018:15:49:24 -0400] "GET /modules/node/node.css?p7r9uw HTTP/1.1" 200 629 "-" "Mozilla/5.0 (Windows NT 10.0; Win64; x64) AppleWebKit/537.36 (KHTML, like Gecko) Chrome/65.0.3325.181 Safari/537.36"
128.227.229.211 - - [04/May/2018:15:49:24 -0400] "GET /modules/field/theme/field.css?p7r9uw HTTP/1.1" 200 756 "-" "Mozilla/5.0 (Windows NT 10.0; Win64; x64) AppleWebKit/537.36 (KHTML, like Gecko) Chrome/65.0.3325.181 Safari/537.36"
128.227.229.211 - - [04/May/2018:15:49:24 -0400] "GET /misc/jquery.js?v=1.4.4 HTTP/1.1" 200 27601 "https://www.nspw.org/" "Mozilla/5.0 (Windows NT 10.0; Win64; x64) AppleWebKit/537.36 (KHTML, like Gecko) Chrome/65.0.3325.181 Safari/537.36"
128.227.229.211 - - [04/May/2018:15:49:24 -0400] "GET /misc/jquery.once.js?v=1.2 HTTP/1.1" 200 1445 "https://www.nspw.org/" "Mozilla/5.0 (Windows NT 10.0; Win64; x64) AppleWebKit/537.36 (KHTML, like Gecko) Chrome/65.0.3325.181 Safari/537.36"
128.227.229.211 - - [04/May/2018:15:49:24 -0400] "GET /sites/default/files/nspw-logo-smaller.jpg HTTP/1.1" 200 2534 "https://www.nspw.org/" "Mozilla/5.0 (Windows NT 10.0; Win64; x64) AppleWebKit/537.36 (KHTML, like Gecko) Chrome/65.0.3325.181 Safari/537.36"
128.227.229.211 - - [04/May/2018:15:49:24 -0400] "GET /misc/drupal.js?p7r9uw HTTP/1.1" 200 7372 "https://www.nspw.org/" "Mozilla/5.0 (Windows NT 10.0; Win64; x64) AppleWebKit/537.36 (KHTML, like Gecko) Chrome/65.0.3325.181 Safari/537.36"
128.227.229.211 - - [04/May/2018:15:49:38 -0400] "GET / HTTP/1.1" 200 3371 "https://www.google.com/" "Mozilla/5.0 (Windows NT 10.0; Win64; x64) AppleWebKit/537.36 (KHTML, like Gecko) Chrome/65.0.3325.181 Safari/537.36"
128.227.229.211 - - [04/May/2018:15:49:38 -0400] "GET /themes/garland/images/bg-content-right.png HTTP/1.1" 200 3319 "https://www.nspw.org/themes/garland/style.css?p7r9uw" "Mozilla/5.0 (Windows NT 10.0; Win64; x64) AppleWebKit/537.36 (KHTML, like Gecko) Chrome/65.0.3325.181 Safari/537.36"
128.227.229.211 - - [04/May/2018:15:49:38 -0400] "GET /themes/garland/images/bg-content-left.png HTTP/1.1" 200 3389 "https://www.nspw.org/themes/garland/style.css?p7r9uw" "Mozilla/5.0 (Windows NT 10.0; Win64; x64) AppleWebKit/537.36 (KHTML, like Gecko) Chrome/65.0.3325.181 Safari/537.36"
128.227.229.211 - - [04/May/2018:15:49:38 -0400] "GET /themes/garland/images/menu-leaf.gif HTTP/1.1" 200 643 "https://www.nspw.org/themes/garland/style.css?p7r9uw" "Mozilla/5.0 (Windows NT 10.0; Win64; x64) AppleWebKit/537.36 (KHTML, like Gecko) Chrome/65.0.3325.181 Safari/537.36"
128.227.229.211 - - [04/May/2018:15:49:38 -0400] "GET /themes/garland/images/bg-content.png HTTP/1.1" 200 955 "https://www.nspw.org/themes/garland/style.css?p7r9uw" "Mozilla/5.0 (Windows NT 10.0; Win64; x64) AppleWebKit/537.36 (KHTML, like Gecko) Chrome/65.0.3325.181 Safari/537.36"
128.227.229.211 - - [04/May/2018:15:49:38 -0400] "GET /themes/garland/images/body.png HTTP/1.1" 200 993 "https://www.nspw.org/themes/garland/style.css?p7r9uw" "Mozilla/5.0 (Windows NT 10.0; Win64; x64) AppleWebKit/537.36 (KHTML, like Gecko) Chrome/65.0.3325.181 Safari/537.36"
128.227.229.211 - - [04/May/2018:15:49:38 -0400] "GET /themes/garland/images/bg-navigation-item.png HTTP/1.1" 200 812 "https://www.nspw.org/themes/garland/style.css?p7r9uw" "Mozilla/5.0 (Windows NT 10.0; Win64; x64) AppleWebKit/537.36 (KHTML, like Gecko) Chrome/65.0.3325.181 Safari/537.36"
128.227.229.211 - - [04/May/2018:15:49:38 -0400] "GET /themes/garland/images/bg-navigation-item-hover.png HTTP/1.1" 200 754 "https://www.nspw.org/themes/garland/style.css?p7r9uw" "Mozilla/5.0 (Windows NT 10.0; Win64; x64) AppleWebKit/537.36 (KHTML, like Gecko) Chrome/65.0.3325.181 Safari/537.36"
128.227.229.211 - - [04/May/2018:15:49:38 -0400] "GET /themes/garland/images/menu-expanded.gif HTTP/1.1" 200 495 "https://www.nspw.org/themes/garland/style.css?p7r9uw" "Mozilla/5.0 (Windows NT 10.0; Win64; x64) AppleWebKit/537.36 (KHTML, like Gecko) Chrome/65.0.3325.181 Safari/537.36"
128.227.229.211 - - [04/May/2018:15:49:38 -0400] "GET /themes/garland/images/menu-collapsed.gif HTTP/1.1" 200 488 "https://www.nspw.org/themes/garland/style.css?p7r9uw" "Mozilla/5.0 (Windows NT 10.0; Win64; x64) AppleWebKit/537.36 (KHTML, like Gecko) Chrome/65.0.3325.181 Safari/537.36"
128.227.229.211 - - [04/May/2018:15:49:38 -0400] "GET /favicon.ico HTTP/1.1" 404 700 "https://www.nspw.org/" "Mozilla/5.0 (Windows NT 10.0; Win64; x64) AppleWebKit/537.36 (KHTML, like Gecko) Chrome/65.0.3325.181 Safari/537.36"
128.227.229.211 - - [04/May/2018:15:49:45 -0400] "GET / HTTP/1.1" 200 3369 "https://www.google.com/" "Mozilla/5.0 (Windows NT 10.0; Win64; x64) AppleWebKit/537.36 (KHTML, like Gecko) Chrome/65.0.3325.181 Safari/537.36"
77.88.47.40 - - [04/May/2018:15:49:50 -0400] "GET /registration/payment HTTP/1.1" 200 6650 "-" "Mozilla/5.0 (compatible; YandexBot/3.0; +http://yandex.com/bots)"
128.227.229.211 - - [04/May/2018:15:50:05 -0400] "-" 408 156 "-" "-"
128.227.229.211 - - [04/May/2018:15:50:05 -0400] "-" 408 156 "-" "-"
128.227.229.211 - - [04/May/2018:15:50:05 -0400] "-" 408 156 "-" "-"
128.227.229.211 - - [04/May/2018:15:50:05 -0400] "-" 408 156 "-" "-"
128.227.229.211 - - [04/May/2018:15:50:05 -0400] "-" 408 156 "-" "-"
14.215.176.10 - - [04/May/2018:15:50:57 -0400] "GET / HTTP/1.1" 200 6636 "-" "Mozilla/5.0 (Windows NT 6.1; WOW64; rv:43.0) Gecko/20100101 Firefox/43.0"
