66.249.73.87 - - [27/Apr/2018:06:26:00 -0400] "GET /2009/proceedings/1996/nspw1996-nelson.pdf HTTP/1.1" 304 3605 "-" "Mozilla/5.0 (compatible; Googlebot/2.1; +http://www.google.com/bot.html)"
49.205.138.236 - - [27/Apr/2018:06:26:44 -0400] "GET /wp-login.php HTTP/1.1" 404 7491 "-" "Mozilla/5.0 (Windows NT 6.1; WOW64; rv:40.0) Gecko/20100101 Firefox/40.1"
49.205.138.236 - - [27/Apr/2018:06:26:46 -0400] "GET / HTTP/1.1" 200 8218 "-" "Mozilla/5.0 (Windows NT 6.1; WOW64; rv:40.0) Gecko/20100101 Firefox/40.1"
66.249.73.87 - - [27/Apr/2018:06:27:05 -0400] "GET /papers/2011/nspw2011-friedland.pdf HTTP/1.1" 200 437587 "-" "Mozilla/5.0 (compatible; Googlebot/2.1; +http://www.google.com/bot.html)"
66.249.73.87 - - [27/Apr/2018:06:28:09 -0400] "GET /2002/cfp.shtml HTTP/1.1" 200 6341 "-" "Mozilla/5.0 (compatible; Googlebot/2.1; +http://www.google.com/bot.html)"
66.249.73.89 - - [27/Apr/2018:06:29:14 -0400] "GET /2005/past.shtml HTTP/1.1" 200 5582 "-" "Mozilla/5.0 (compatible; Googlebot/2.1; +http://www.google.com/bot.html)"
69.162.124.227 - - [27/Apr/2018:06:29:21 -0400] "HEAD / HTTP/1.1" 200 3874 "http://nspw.org/" "Mozilla/5.0+(compatible; UptimeRobot/2.0; http://www.uptimerobot.com/)"
66.249.73.89 - - [27/Apr/2018:06:30:19 -0400] "GET /2011/organizers HTTP/1.1" 200 6730 "-" "Mozilla/5.0 (compatible; Googlebot/2.1; +http://www.google.com/bot.html)"
195.155.229.107 - - [27/Apr/2018:06:30:26 -0400] "GET /wp-login.php HTTP/1.1" 404 7839 "-" "Mozilla/5.0 (Windows NT 6.1; WOW64; rv:40.0) Gecko/20100101 Firefox/40.1"
195.155.229.107 - - [27/Apr/2018:06:30:28 -0400] "GET / HTTP/1.1" 200 8218 "-" "Mozilla/5.0 (Windows NT 6.1; WOW64; rv:40.0) Gecko/20100101 Firefox/40.1"
45.242.71.1 - - [27/Apr/2018:06:30:30 -0400] "GET /wp-login.php HTTP/1.1" 404 7907 "-" "Mozilla/5.0 (Windows NT 6.1; WOW64; rv:40.0) Gecko/20100101 Firefox/40.1"
66.249.73.87 - - [27/Apr/2018:06:31:24 -0400] "GET /2011/submissions HTTP/1.1" 200 7002 "-" "Mozilla/5.0 (compatible; Googlebot/2.1; +http://www.google.com/bot.html)"
59.28.124.2 - - [27/Apr/2018:06:31:47 -0400] "GET /wp-login.php HTTP/1.1" 404 7839 "-" "Mozilla/5.0 (Windows NT 6.1; WOW64; rv:40.0) Gecko/20100101 Firefox/40.1"
59.28.124.2 - - [27/Apr/2018:06:31:48 -0400] "GET / HTTP/1.1" 200 8218 "-" "Mozilla/5.0 (Windows NT 6.1; WOW64; rv:40.0) Gecko/20100101 Firefox/40.1"
66.249.73.91 - - [27/Apr/2018:06:32:29 -0400] "GET /2009/proceedings/1996/ HTTP/1.1" 200 4398 "-" "Mozilla/5.0 (compatible; Googlebot/2.1; +http://www.google.com/bot.html)"
66.249.73.89 - - [27/Apr/2018:06:33:34 -0400] "GET /papers/1993/nspw1993-yazdanian.pdf HTTP/1.1" 200 558534 "-" "Mozilla/5.0 (compatible; Googlebot/2.1; +http://www.google.com/bot.html)"
69.162.124.227 - - [27/Apr/2018:06:34:21 -0400] "HEAD / HTTP/1.1" 200 3874 "http://nspw.org/" "Mozilla/5.0+(compatible; UptimeRobot/2.0; http://www.uptimerobot.com/)"
66.249.73.91 - - [27/Apr/2018:06:34:39 -0400] "GET /papers/1998/nspw1998-beaver.pdf HTTP/1.1" 304 3606 "-" "Mozilla/5.0 (compatible; Googlebot/2.1; +http://www.google.com/bot.html)"
194.187.170.138 - - [27/Apr/2018:06:34:46 -0400] "GET /proceedings/1994 HTTP/1.1" 200 6512 "-" "Mozilla/5.0 (compatible; Qwantify/2.4w; +https://www.qwant.com/)/2.4w"
66.249.73.87 - - [27/Apr/2018:06:35:44 -0400] "GET /papers/2001/nspw2001-raskin.pdf HTTP/1.1" 200 512638 "-" "Mozilla/5.0 (compatible; Googlebot/2.1; +http://www.google.com/bot.html)"
207.46.13.144 - - [27/Apr/2018:06:36:17 -0400] "GET /1999/local.html HTTP/1.1" 200 6293 "-" "Mozilla/5.0 (compatible; bingbot/2.0; +http://www.bing.com/bingbot.htm)"
66.249.73.87 - - [27/Apr/2018:06:36:49 -0400] "GET /papers/2003/nspw2003-mchugh.pdf HTTP/1.1" 200 765834 "-" "Mozilla/5.0 (compatible; Googlebot/2.1; +http://www.google.com/bot.html)"
77.88.47.40 - - [27/Apr/2018:06:37:09 -0400] "GET /2009/past.shtml HTTP/1.1" 200 5572 "-" "Mozilla/5.0 (compatible; YandexBot/3.0; +http://yandex.com/bots)"
77.88.47.40 - - [27/Apr/2018:06:37:47 -0400] "GET /2013/organizers HTTP/1.1" 200 6789 "-" "Mozilla/5.0 (compatible; YandexBot/3.0; +http://yandex.com/bots)"
66.249.73.89 - - [27/Apr/2018:06:37:53 -0400] "GET /papers/2012/docs/p77.pdf HTTP/1.1" 304 3605 "-" "Mozilla/5.0 (compatible; Googlebot/2.1; +http://www.google.com/bot.html)"
207.46.13.144 - - [27/Apr/2018:06:37:59 -0400] "GET /2001/cfp.html HTTP/1.1" 200 6811 "-" "Mozilla/5.0 (compatible; bingbot/2.0; +http://www.bing.com/bingbot.htm)"
66.249.73.91 - - [27/Apr/2018:06:38:59 -0400] "GET /papers/2013/nspw2013-ard.pdf HTTP/1.1" 200 740529 "-" "Mozilla/5.0 (compatible; Googlebot/2.1; +http://www.google.com/bot.html)"
91.244.4.188 - - [27/Apr/2018:06:38:47 -0400] "GET /papers/2001/nspw2001-raskin.pdf HTTP/1.1" 200 299491 "https://www.google.com/" "Mozilla/5.0 (Windows NT 10.0; Win64; x64) AppleWebKit/537.36 (KHTML, like Gecko) Chrome/60.0.3112.78 Safari/537.36 OPR/47.0.2631.55"
183.82.122.218 - - [27/Apr/2018:06:39:11 -0400] "GET /wp-login.php HTTP/1.1" 404 7839 "-" "Mozilla/5.0 (Windows NT 6.1; WOW64; rv:40.0) Gecko/20100101 Firefox/40.1"
183.82.122.218 - - [27/Apr/2018:06:39:11 -0400] "GET / HTTP/1.1" 200 8218 "-" "Mozilla/5.0 (Windows NT 6.1; WOW64; rv:40.0) Gecko/20100101 Firefox/40.1"
69.162.124.227 - - [27/Apr/2018:06:39:21 -0400] "HEAD / HTTP/1.1" 200 3874 "http://nspw.org/" "Mozilla/5.0+(compatible; UptimeRobot/2.0; http://www.uptimerobot.com/)"
109.69.7.240 - - [27/Apr/2018:06:39:34 -0400] "GET /wp-login.php HTTP/1.1" 404 8176 "-" "Mozilla/5.0 (Windows NT 6.1; WOW64; rv:40.0) Gecko/20100101 Firefox/40.1"
109.69.7.240 - - [27/Apr/2018:06:39:35 -0400] "GET / HTTP/1.1" 200 8298 "-" "Mozilla/5.0 (Windows NT 6.1; WOW64; rv:40.0) Gecko/20100101 Firefox/40.1"
5.172.235.154 - - [27/Apr/2018:06:39:58 -0400] "GET /wp-login.php HTTP/1.1" 404 7839 "-" "Mozilla/5.0 (Windows NT 6.1; WOW64; rv:40.0) Gecko/20100101 Firefox/40.1"
5.172.235.154 - - [27/Apr/2018:06:39:59 -0400] "GET / HTTP/1.1" 200 8218 "-" "Mozilla/5.0 (Windows NT 6.1; WOW64; rv:40.0) Gecko/20100101 Firefox/40.1"
66.249.73.89 - - [27/Apr/2018:06:40:03 -0400] "GET /papers/2009/nspw2009-misra.pdf HTTP/1.1" 200 432755 "-" "Mozilla/5.0 (compatible; Googlebot/2.1; +http://www.google.com/bot.html)"
106.120.161.66 - - [27/Apr/2018:06:41:01 -0400] "GET /2016 HTTP/1.1" 200 13794 "https://www.nspw.org/2016" "Mozilla/4.0 (compatible; MSIE 8.0; Windows NT 6.1; Trident/4.0; SLCC2; .NET CLR 2.0.50727; .NET CLR 3.5.30729; .NET CLR 3.0.30729; Media Center PC 6.0; Tablet PC 2.0)"
66.249.73.89 - - [27/Apr/2018:06:41:08 -0400] "GET /papers/1993/nspw1993-denning.pdf HTTP/1.1" 200 636354 "-" "Mozilla/5.0 (compatible; Googlebot/2.1; +http://www.google.com/bot.html)"
101.199.112.45 - - [27/Apr/2018:06:41:25 -0400] "GET /2016 HTTP/1.1" 200 7011 "-" "Mozilla/5.0 (Windows NT 6.1) AppleWebKit/537.36 (KHTML, like Gecko) Chrome/36.0.1985.125 Safari/537.36"
101.199.112.45 - - [27/Apr/2018:06:41:26 -0400] "GET /modules/system/system.base.css?p7r9uw HTTP/1.1" 200 2303 "https://www.nspw.org/2016" "Mozilla/5.0 (Windows NT 6.1) AppleWebKit/537.36 (KHTML, like Gecko) Chrome/36.0.1985.125 Safari/537.36"
101.199.112.45 - - [27/Apr/2018:06:41:26 -0400] "GET /modules/system/system.messages.css?p7r9uw HTTP/1.1" 200 757 "https://www.nspw.org/2016" "Mozilla/5.0 (Windows NT 6.1) AppleWebKit/537.36 (KHTML, like Gecko) Chrome/36.0.1985.125 Safari/537.36"
101.199.112.45 - - [27/Apr/2018:06:41:26 -0400] "GET /modules/system/system.menus.css?p7r9uw HTTP/1.1" 200 1174 "https://www.nspw.org/2016" "Mozilla/5.0 (Windows NT 6.1) AppleWebKit/537.36 (KHTML, like Gecko) Chrome/36.0.1985.125 Safari/537.36"
101.199.112.45 - - [27/Apr/2018:06:41:26 -0400] "GET /modules/comment/comment.css?p7r9uw HTTP/1.1" 200 662 "https://www.nspw.org/2016" "Mozilla/5.0 (Windows NT 6.1) AppleWebKit/537.36 (KHTML, like Gecko) Chrome/36.0.1985.125 Safari/537.36"
101.199.112.45 - - [27/Apr/2018:06:41:26 -0400] "GET /modules/system/system.theme.css?p7r9uw HTTP/1.1" 200 1734 "https://www.nspw.org/2016" "Mozilla/5.0 (Windows NT 6.1) AppleWebKit/537.36 (KHTML, like Gecko) Chrome/36.0.1985.125 Safari/537.36"
101.199.112.45 - - [27/Apr/2018:06:41:26 -0400] "GET /themes/garland/style.css?p7r9uw HTTP/1.1" 200 5375 "https://www.nspw.org/2016" "Mozilla/5.0 (Windows NT 6.1) AppleWebKit/537.36 (KHTML, like Gecko) Chrome/36.0.1985.125 Safari/537.36"
101.199.112.45 - - [27/Apr/2018:06:41:26 -0400] "GET /modules/node/node.css?p7r9uw HTTP/1.1" 200 469 "https://www.nspw.org/2016" "Mozilla/5.0 (Windows NT 6.1) AppleWebKit/537.36 (KHTML, like Gecko) Chrome/36.0.1985.125 Safari/537.36"
101.199.112.45 - - [27/Apr/2018:06:41:26 -0400] "GET /modules/user/user.css?p7r9uw HTTP/1.1" 200 1206 "https://www.nspw.org/2016" "Mozilla/5.0 (Windows NT 6.1) AppleWebKit/537.36 (KHTML, like Gecko) Chrome/36.0.1985.125 Safari/537.36"
101.199.112.45 - - [27/Apr/2018:06:41:26 -0400] "GET /modules/field/theme/field.css?p7r9uw HTTP/1.1" 200 742 "https://www.nspw.org/2016" "Mozilla/5.0 (Windows NT 6.1) AppleWebKit/537.36 (KHTML, like Gecko) Chrome/36.0.1985.125 Safari/537.36"
101.199.112.45 - - [27/Apr/2018:06:41:26 -0400] "GET /themes/garland/print.css?p7r9uw HTTP/1.1" 200 773 "https://www.nspw.org/2016" "Mozilla/5.0 (Windows NT 6.1) AppleWebKit/537.36 (KHTML, like Gecko) Chrome/36.0.1985.125 Safari/537.36"
101.199.112.45 - - [27/Apr/2018:06:41:26 -0400] "GET /misc/jquery.js?v=1.4.4 HTTP/1.1" 200 27630 "https://www.nspw.org/2016" "Mozilla/5.0 (Windows NT 6.1) AppleWebKit/537.36 (KHTML, like Gecko) Chrome/36.0.1985.125 Safari/537.36"
101.199.112.45 - - [27/Apr/2018:06:41:26 -0400] "GET /misc/drupal.js?p7r9uw HTTP/1.1" 200 7375 "https://www.nspw.org/2016" "Mozilla/5.0 (Windows NT 6.1) AppleWebKit/537.36 (KHTML, like Gecko) Chrome/36.0.1985.125 Safari/537.36"
101.199.112.45 - - [27/Apr/2018:06:41:26 -0400] "GET /misc/jquery.once.js?v=1.2 HTTP/1.1" 200 1445 "https://www.nspw.org/2016" "Mozilla/5.0 (Windows NT 6.1) AppleWebKit/537.36 (KHTML, like Gecko) Chrome/36.0.1985.125 Safari/537.36"
194.187.170.138 - - [27/Apr/2018:06:41:28 -0400] "GET /2016/accepted HTTP/1.1" 200 7296 "-" "Mozilla/5.0 (compatible; Qwantify/2.4w; +https://www.qwant.com/)/2.4w"
36.8.83.102 - - [27/Apr/2018:06:42:00 -0400] "GET /wp-login.php HTTP/1.1" 404 7839 "-" "Mozilla/5.0 (Windows NT 6.1; WOW64; rv:40.0) Gecko/20100101 Firefox/40.1"
36.8.83.102 - - [27/Apr/2018:06:42:01 -0400] "GET / HTTP/1.1" 200 8218 "-" "Mozilla/5.0 (Windows NT 6.1; WOW64; rv:40.0) Gecko/20100101 Firefox/40.1"
66.249.73.89 - - [27/Apr/2018:06:42:13 -0400] "GET /1999/photos.html HTTP/1.1" 304 3603 "-" "Mozilla/5.0 (compatible; Googlebot/2.1; +http://www.google.com/bot.html)"
191.250.238.166 - - [27/Apr/2018:06:42:39 -0400] "GET /wp-login.php HTTP/1.1" 404 7985 "-" "Mozilla/5.0 (Windows NT 6.1; WOW64; rv:40.0) Gecko/20100101 Firefox/40.1"
191.250.238.166 - - [27/Apr/2018:06:42:41 -0400] "GET / HTTP/1.1" 200 8206 "-" "Mozilla/5.0 (Windows NT 6.1; WOW64; rv:40.0) Gecko/20100101 Firefox/40.1"
66.249.73.91 - - [27/Apr/2018:06:43:17 -0400] "GET /2014/program HTTP/1.1" 200 7895 "-" "Mozilla/5.0 (compatible; Googlebot/2.1; +http://www.google.com/bot.html)"
193.65.157.254 - - [27/Apr/2018:06:44:04 -0400] "GET /modules/system/system.menus.css?p7r9uw HTTP/1.1" 200 4434 "-" "Mozilla/5.0 (Windows NT 6.1; WOW64) AppleWebKit/537.36 (KHTML, like Gecko) Chrome/65.0.3325.181 Safari/537.36 OPR/52.0.2871.64"
193.65.157.254 - - [27/Apr/2018:06:44:04 -0400] "GET /modules/system/system.base.css?p7r9uw HTTP/1.1" 200 5716 "-" "Mozilla/5.0 (Windows NT 6.1; WOW64) AppleWebKit/537.36 (KHTML, like Gecko) Chrome/65.0.3325.181 Safari/537.36 OPR/52.0.2871.64"
193.65.157.254 - - [27/Apr/2018:06:44:04 -0400] "GET /modules/system/system.messages.css?p7r9uw HTTP/1.1" 200 4155 "-" "Mozilla/5.0 (Windows NT 6.1; WOW64) AppleWebKit/537.36 (KHTML, like Gecko) Chrome/65.0.3325.181 Safari/537.36 OPR/52.0.2871.64"
193.65.157.254 - - [27/Apr/2018:06:44:04 -0400] "GET /modules/system/system.theme.css?p7r9uw HTTP/1.1" 200 1585 "-" "Mozilla/5.0 (Windows NT 6.1; WOW64) AppleWebKit/537.36 (KHTML, like Gecko) Chrome/65.0.3325.181 Safari/537.36 OPR/52.0.2871.64"
193.65.157.254 - - [27/Apr/2018:06:44:04 -0400] "GET /modules/comment/comment.css?p7r9uw HTTP/1.1" 200 505 "-" "Mozilla/5.0 (Windows NT 6.1; WOW64) AppleWebKit/537.36 (KHTML, like Gecko) Chrome/65.0.3325.181 Safari/537.36 OPR/52.0.2871.64"
193.65.157.254 - - [27/Apr/2018:06:44:04 -0400] "GET /modules/node/node.css?p7r9uw HTTP/1.1" 200 3881 "-" "Mozilla/5.0 (Windows NT 6.1; WOW64) AppleWebKit/537.36 (KHTML, like Gecko) Chrome/65.0.3325.181 Safari/537.36 OPR/52.0.2871.64"
193.65.157.254 - - [27/Apr/2018:06:44:04 -0400] "GET /themes/garland/style.css?p7r9uw HTTP/1.1" 200 5370 "-" "Mozilla/5.0 (Windows NT 6.1; WOW64) AppleWebKit/537.36 (KHTML, like Gecko) Chrome/65.0.3325.181 Safari/537.36 OPR/52.0.2871.64"
193.65.157.254 - - [27/Apr/2018:06:44:04 -0400] "GET /modules/user/user.css?p7r9uw HTTP/1.1" 200 4471 "-" "Mozilla/5.0 (Windows NT 6.1; WOW64) AppleWebKit/537.36 (KHTML, like Gecko) Chrome/65.0.3325.181 Safari/537.36 OPR/52.0.2871.64"
193.65.157.254 - - [27/Apr/2018:06:44:04 -0400] "GET /modules/field/theme/field.css?p7r9uw HTTP/1.1" 200 4008 "-" "Mozilla/5.0 (Windows NT 6.1; WOW64) AppleWebKit/537.36 (KHTML, like Gecko) Chrome/65.0.3325.181 Safari/537.36 OPR/52.0.2871.64"
193.65.157.254 - - [27/Apr/2018:06:44:04 -0400] "GET /themes/garland/print.css?p7r9uw HTTP/1.1" 200 771 "-" "Mozilla/5.0 (Windows NT 6.1; WOW64) AppleWebKit/537.36 (KHTML, like Gecko) Chrome/65.0.3325.181 Safari/537.36 OPR/52.0.2871.64"
193.65.157.254 - - [27/Apr/2018:06:44:04 -0400] "GET /misc/jquery.js?v=1.4.4 HTTP/1.1" 200 27601 "https://www.nspw.org/2018/dates" "Mozilla/5.0 (Windows NT 6.1; WOW64) AppleWebKit/537.36 (KHTML, like Gecko) Chrome/65.0.3325.181 Safari/537.36 OPR/52.0.2871.64"
193.65.157.254 - - [27/Apr/2018:06:44:04 -0400] "GET /misc/jquery.once.js?v=1.2 HTTP/1.1" 200 1445 "https://www.nspw.org/2018/dates" "Mozilla/5.0 (Windows NT 6.1; WOW64) AppleWebKit/537.36 (KHTML, like Gecko) Chrome/65.0.3325.181 Safari/537.36 OPR/52.0.2871.64"
193.65.157.254 - - [27/Apr/2018:06:44:04 -0400] "GET /misc/drupal.js?p7r9uw HTTP/1.1" 200 7372 "https://www.nspw.org/2018/dates" "Mozilla/5.0 (Windows NT 6.1; WOW64) AppleWebKit/537.36 (KHTML, like Gecko) Chrome/65.0.3325.181 Safari/537.36 OPR/52.0.2871.64"
193.65.157.254 - - [27/Apr/2018:06:44:04 -0400] "GET /sites/default/files/nspw-logo-smaller.jpg HTTP/1.1" 200 2534 "https://www.nspw.org/2018/dates" "Mozilla/5.0 (Windows NT 6.1; WOW64) AppleWebKit/537.36 (KHTML, like Gecko) Chrome/65.0.3325.181 Safari/537.36 OPR/52.0.2871.64"
193.65.157.254 - - [27/Apr/2018:06:44:04 -0400] "GET /themes/garland/images/bg-content.png HTTP/1.1" 200 798 "https://www.nspw.org/themes/garland/style.css?p7r9uw" "Mozilla/5.0 (Windows NT 6.1; WOW64) AppleWebKit/537.36 (KHTML, like Gecko) Chrome/65.0.3325.181 Safari/537.36 OPR/52.0.2871.64"
193.65.157.254 - - [27/Apr/2018:06:44:04 -0400] "GET /themes/garland/images/bg-content-right.png HTTP/1.1" 200 3162 "https://www.nspw.org/themes/garland/style.css?p7r9uw" "Mozilla/5.0 (Windows NT 6.1; WOW64) AppleWebKit/537.36 (KHTML, like Gecko) Chrome/65.0.3325.181 Safari/537.36 OPR/52.0.2871.64"
193.65.157.254 - - [27/Apr/2018:06:44:04 -0400] "GET /themes/garland/images/bg-content-left.png HTTP/1.1" 200 3232 "https://www.nspw.org/themes/garland/style.css?p7r9uw" "Mozilla/5.0 (Windows NT 6.1; WOW64) AppleWebKit/537.36 (KHTML, like Gecko) Chrome/65.0.3325.181 Safari/537.36 OPR/52.0.2871.64"
193.65.157.254 - - [27/Apr/2018:06:44:04 -0400] "GET /themes/garland/images/menu-leaf.gif HTTP/1.1" 200 486 "https://www.nspw.org/themes/garland/style.css?p7r9uw" "Mozilla/5.0 (Windows NT 6.1; WOW64) AppleWebKit/537.36 (KHTML, like Gecko) Chrome/65.0.3325.181 Safari/537.36 OPR/52.0.2871.64"
193.65.157.254 - - [27/Apr/2018:06:44:04 -0400] "GET /themes/garland/images/body.png HTTP/1.1" 200 993 "https://www.nspw.org/themes/garland/style.css?p7r9uw" "Mozilla/5.0 (Windows NT 6.1; WOW64) AppleWebKit/537.36 (KHTML, like Gecko) Chrome/65.0.3325.181 Safari/537.36 OPR/52.0.2871.64"
193.65.157.254 - - [27/Apr/2018:06:44:04 -0400] "GET /themes/garland/images/menu-expanded.gif HTTP/1.1" 200 495 "https://www.nspw.org/themes/garland/style.css?p7r9uw" "Mozilla/5.0 (Windows NT 6.1; WOW64) AppleWebKit/537.36 (KHTML, like Gecko) Chrome/65.0.3325.181 Safari/537.36 OPR/52.0.2871.64"
193.65.157.254 - - [27/Apr/2018:06:44:04 -0400] "GET /themes/garland/images/menu-collapsed.gif HTTP/1.1" 200 488 "https://www.nspw.org/themes/garland/style.css?p7r9uw" "Mozilla/5.0 (Windows NT 6.1; WOW64) AppleWebKit/537.36 (KHTML, like Gecko) Chrome/65.0.3325.181 Safari/537.36 OPR/52.0.2871.64"
193.65.157.254 - - [27/Apr/2018:06:44:04 -0400] "GET /themes/garland/images/bg-navigation-item.png HTTP/1.1" 200 812 "https://www.nspw.org/themes/garland/style.css?p7r9uw" "Mozilla/5.0 (Windows NT 6.1; WOW64) AppleWebKit/537.36 (KHTML, like Gecko) Chrome/65.0.3325.181 Safari/537.36 OPR/52.0.2871.64"
193.65.157.254 - - [27/Apr/2018:06:44:04 -0400] "GET /favicon.ico HTTP/1.1" 404 700 "https://www.nspw.org/2018/dates" "Mozilla/5.0 (Windows NT 6.1; WOW64) AppleWebKit/537.36 (KHTML, like Gecko) Chrome/65.0.3325.181 Safari/537.36 OPR/52.0.2871.64"
69.162.124.227 - - [27/Apr/2018:06:44:21 -0400] "HEAD / HTTP/1.1" 200 3874 "http://nspw.org/" "Mozilla/5.0+(compatible; UptimeRobot/2.0; http://www.uptimerobot.com/)"
66.249.73.89 - - [27/Apr/2018:06:44:22 -0400] "GET /2009/proceedings/1997/nspw1997-nelson.pdf HTTP/1.1" 304 3605 "-" "Mozilla/5.0 (compatible; Googlebot/2.1; +http://www.google.com/bot.html)"
66.249.73.89 - - [27/Apr/2018:06:45:28 -0400] "GET /papers/2005/nspw2005-mcdermott.pdf HTTP/1.1" 200 4280145 "-" "Mozilla/5.0 (compatible; Googlebot/2.1; +http://www.google.com/bot.html)"
5.255.250.67 - - [27/Apr/2018:06:45:37 -0400] "GET /papers/2001/?C=N;O=D HTTP/1.1" 200 4409 "-" "Mozilla/5.0 (compatible; YandexBot/3.0; +http://yandex.com/bots)"
66.249.73.87 - - [27/Apr/2018:06:46:33 -0400] "GET /papers/2005/nspw2005-locasto.pdf HTTP/1.1" 200 2008772 "-" "Mozilla/5.0 (compatible; Googlebot/2.1; +http://www.google.com/bot.html)"
207.46.13.144 - - [27/Apr/2018:06:46:38 -0400] "GET /papers/1997/nspw1997-mambo.pdf HTTP/1.1" 200 1057374 "-" "Mozilla/5.0 (iPhone; CPU iPhone OS 7_0 like Mac OS X) AppleWebKit/537.51.1 (KHTML, like Gecko) Version/7.0 Mobile/11A465 Safari/9537.53 (compatible; bingbot/2.0; +http://www.bing.com/bingbot.htm)"
66.249.73.87 - - [27/Apr/2018:06:47:37 -0400] "GET /papers/2013/nspw2013-castro.pdf HTTP/1.1" 200 347010 "-" "Mozilla/5.0 (compatible; Googlebot/2.1; +http://www.google.com/bot.html)"
194.187.170.138 - - [27/Apr/2018:06:48:02 -0400] "GET /proceedings/1995 HTTP/1.1" 200 6512 "-" "Mozilla/5.0 (compatible; Qwantify/2.4w; +https://www.qwant.com/)/2.4w"
204.79.180.20 - - [27/Apr/2018:06:48:30 -0400] "GET /2017 HTTP/1.1" 200 6556 "-" "Mozilla/5.0 (compatible; MSIE 9.0; Windows NT 6.1; Trident/5.0;  Trident/5.0)"
204.79.180.20 - - [27/Apr/2018:06:48:31 -0400] "GET /modules/system/system.base.css?p7r9uw HTTP/1.1" 200 2303 "https://www.nspw.org/2017" "Mozilla/5.0 (compatible; MSIE 9.0; Windows NT 6.1; Trident/5.0;  Trident/5.0)"
204.79.180.22 - - [27/Apr/2018:06:48:32 -0400] "GET /modules/system/system.messages.css?p7r9uw HTTP/1.1" 200 906 "https://www.nspw.org/2017" "Mozilla/5.0 (compatible; MSIE 9.0; Windows NT 6.1; Trident/5.0;  Trident/5.0)"
204.79.180.22 - - [27/Apr/2018:06:48:32 -0400] "GET /modules/comment/comment.css?p7r9uw HTTP/1.1" 200 517 "https://www.nspw.org/2017" "Mozilla/5.0 (compatible; MSIE 9.0; Windows NT 6.1; Trident/5.0;  Trident/5.0)"
204.79.180.20 - - [27/Apr/2018:06:48:32 -0400] "GET /modules/field/theme/field.css?p7r9uw HTTP/1.1" 200 597 "https://www.nspw.org/2017" "Mozilla/5.0 (compatible; MSIE 9.0; Windows NT 6.1; Trident/5.0;  Trident/5.0)"
204.79.180.20 - - [27/Apr/2018:06:48:32 -0400] "GET /modules/node/node.css?p7r9uw HTTP/1.1" 200 469 "https://www.nspw.org/2017" "Mozilla/5.0 (compatible; MSIE 9.0; Windows NT 6.1; Trident/5.0;  Trident/5.0)"
204.79.180.0 - - [27/Apr/2018:06:48:32 -0400] "GET /modules/system/system.menus.css?p7r9uw HTTP/1.1" 200 1178 "https://www.nspw.org/2017" "Mozilla/5.0 (compatible; MSIE 9.0; Windows NT 6.1; Trident/5.0;  Trident/5.0)"
204.79.180.22 - - [27/Apr/2018:06:48:33 -0400] "GET /modules/user/user.css?p7r9uw HTTP/1.1" 200 1061 "https://www.nspw.org/2017" "Mozilla/5.0 (compatible; MSIE 9.0; Windows NT 6.1; Trident/5.0;  Trident/5.0)"
204.79.180.0 - - [27/Apr/2018:06:48:33 -0400] "GET /themes/garland/print.css?p7r9uw HTTP/1.1" 200 773 "https://www.nspw.org/2017" "Mozilla/5.0 (compatible; MSIE 9.0; Windows NT 6.1; Trident/5.0;  Trident/5.0)"
204.79.180.20 - - [27/Apr/2018:06:48:33 -0400] "GET /themes/garland/style.css?p7r9uw HTTP/1.1" 200 5375 "https://www.nspw.org/2017" "Mozilla/5.0 (compatible; MSIE 9.0; Windows NT 6.1; Trident/5.0;  Trident/5.0)"
204.79.180.20 - - [27/Apr/2018:06:48:33 -0400] "GET /misc/drupal.js?p7r9uw HTTP/1.1" 200 7375 "https://www.nspw.org/2017" "Mozilla/5.0 (compatible; MSIE 9.0; Windows NT 6.1; Trident/5.0;  Trident/5.0)"
204.79.180.22 - - [27/Apr/2018:06:48:33 -0400] "GET /misc/jquery.js?v=1.4.4 HTTP/1.1" 200 27630 "https://www.nspw.org/2017" "Mozilla/5.0 (compatible; MSIE 9.0; Windows NT 6.1; Trident/5.0;  Trident/5.0)"
204.79.180.0 - - [27/Apr/2018:06:48:33 -0400] "GET /misc/jquery.once.js?v=1.2 HTTP/1.1" 200 1445 "https://www.nspw.org/2017" "Mozilla/5.0 (compatible; MSIE 9.0; Windows NT 6.1; Trident/5.0;  Trident/5.0)"
204.79.180.22 - - [27/Apr/2018:06:48:33 -0400] "GET /sites/default/files/nspw-logo-smaller.jpg HTTP/1.1" 200 2554 "https://www.nspw.org/2017" "Mozilla/5.0 (compatible; MSIE 9.0; Windows NT 6.1; Trident/5.0;  Trident/5.0)"
40.77.167.73 - - [27/Apr/2018:06:48:39 -0400] "GET /2009/proceedings/2012/ HTTP/1.1" 200 6803 "-" "Mozilla/5.0 (compatible; bingbot/2.0; +http://www.bing.com/bingbot.htm)"
66.249.73.89 - - [27/Apr/2018:06:48:42 -0400] "GET /papers/1998/nspw1998-foley.pdf HTTP/1.1" 200 652888 "-" "Mozilla/5.0 (compatible; Googlebot/2.1; +http://www.google.com/bot.html)"
207.46.13.144 - - [27/Apr/2018:06:48:48 -0400] "GET /2009/proceedings/2012/forms/index_files/factemplate.css HTTP/1.1" 200 4653 "-" "Mozilla/5.0 (compatible; bingbot/2.0; +http://www.bing.com/bingbot.htm)"
204.79.180.10 - - [27/Apr/2018:06:48:53 -0400] "GET /modules/system/system.theme.css?p7r9uw HTTP/1.1" 200 1738 "https://www.nspw.org/2017" "Mozilla/5.0 (compatible; MSIE 9.0; Windows NT 6.1; Trident/5.0;  Trident/5.0)"
204.79.180.10 - - [27/Apr/2018:06:48:55 -0400] "GET /themes/garland/images/body.png HTTP/1.1" 200 997 "https://www.nspw.org/2017" "Mozilla/5.0 (compatible; MSIE 9.0; Windows NT 6.1; Trident/5.0;  Trident/5.0)"
204.79.180.10 - - [27/Apr/2018:06:48:55 -0400] "GET /themes/garland/images/bg-content.png HTTP/1.1" 200 805 "https://www.nspw.org/2017" "Mozilla/5.0 (compatible; MSIE 9.0; Windows NT 6.1; Trident/5.0;  Trident/5.0)"
204.79.180.10 - - [27/Apr/2018:06:48:56 -0400] "GET /themes/garland/images/bg-content-right.png HTTP/1.1" 200 3178 "https://www.nspw.org/2017" "Mozilla/5.0 (compatible; MSIE 9.0; Windows NT 6.1; Trident/5.0;  Trident/5.0)"
204.79.180.10 - - [27/Apr/2018:06:48:56 -0400] "GET /themes/garland/images/bg-content-left.png HTTP/1.1" 200 3242 "https://www.nspw.org/2017" "Mozilla/5.0 (compatible; MSIE 9.0; Windows NT 6.1; Trident/5.0;  Trident/5.0)"
204.79.180.10 - - [27/Apr/2018:06:48:56 -0400] "GET /themes/garland/images/bg-navigation-item.png HTTP/1.1" 200 821 "https://www.nspw.org/2017" "Mozilla/5.0 (compatible; MSIE 9.0; Windows NT 6.1; Trident/5.0;  Trident/5.0)"
204.79.180.21 - - [27/Apr/2018:06:48:56 -0400] "GET /themes/garland/images/menu-collapsed.gif HTTP/1.1" 200 650 "https://www.nspw.org/2017" "Mozilla/5.0 (compatible; MSIE 9.0; Windows NT 6.1; Trident/5.0;  Trident/5.0)"
204.79.180.11 - - [27/Apr/2018:06:48:57 -0400] "GET /themes/garland/images/menu-leaf.gif HTTP/1.1" 200 634 "https://www.nspw.org/2017" "Mozilla/5.0 (compatible; MSIE 9.0; Windows NT 6.1; Trident/5.0;  Trident/5.0)"
207.46.13.144 - - [27/Apr/2018:06:48:59 -0400] "GET /2009/proceedings/2012/forms/index_files/topbck.gif HTTP/1.1" 200 4282 "-" "Mozilla/5.0 (compatible; bingbot/2.0; +http://www.bing.com/bingbot.htm)"
204.79.180.11 - - [27/Apr/2018:06:48:59 -0400] "GET /themes/garland/images/menu-expanded.gif HTTP/1.1" 200 650 "https://www.nspw.org/2017" "Mozilla/5.0 (compatible; MSIE 9.0; Windows NT 6.1; Trident/5.0;  Trident/5.0)"
34.201.66.224 - - [27/Apr/2018:06:49:07 -0400] "GET / HTTP/1.1" 200 6636 "-" "Mozilla/5.0 (Macintosh; Intel Mac OS X 10_12_6) AppleWebKit/537.36 (KHTML, like Gecko) Chrome/65.0.3325.181 Safari/537.36"
34.201.66.224 - - [27/Apr/2018:06:49:07 -0400] "GET /modules/system/system.base.css?p7r9uw HTTP/1.1" 200 2307 "https://www.nspw.org/" "Mozilla/5.0 (Macintosh; Intel Mac OS X 10_12_6) AppleWebKit/537.36 (KHTML, like Gecko) Chrome/65.0.3325.181 Safari/537.36"
34.201.66.224 - - [27/Apr/2018:06:49:07 -0400] "GET /modules/system/system.menus.css?p7r9uw HTTP/1.1" 200 1025 "https://www.nspw.org/" "Mozilla/5.0 (Macintosh; Intel Mac OS X 10_12_6) AppleWebKit/537.36 (KHTML, like Gecko) Chrome/65.0.3325.181 Safari/537.36"
34.201.66.224 - - [27/Apr/2018:06:49:07 -0400] "GET /modules/node/node.css?p7r9uw HTTP/1.1" 200 610 "https://www.nspw.org/" "Mozilla/5.0 (Macintosh; Intel Mac OS X 10_12_6) AppleWebKit/537.36 (KHTML, like Gecko) Chrome/65.0.3325.181 Safari/537.36"
34.201.66.224 - - [27/Apr/2018:06:49:07 -0400] "GET /modules/field/theme/field.css?p7r9uw HTTP/1.1" 200 737 "https://www.nspw.org/" "Mozilla/5.0 (Macintosh; Intel Mac OS X 10_12_6) AppleWebKit/537.36 (KHTML, like Gecko) Chrome/65.0.3325.181 Safari/537.36"
34.201.66.224 - - [27/Apr/2018:06:49:07 -0400] "GET /modules/comment/comment.css?p7r9uw HTTP/1.1" 200 643 "https://www.nspw.org/" "Mozilla/5.0 (Macintosh; Intel Mac OS X 10_12_6) AppleWebKit/537.36 (KHTML, like Gecko) Chrome/65.0.3325.181 Safari/537.36"
34.201.66.224 - - [27/Apr/2018:06:49:07 -0400] "GET /modules/system/system.theme.css?p7r9uw HTTP/1.1" 200 1723 "https://www.nspw.org/" "Mozilla/5.0 (Macintosh; Intel Mac OS X 10_12_6) AppleWebKit/537.36 (KHTML, like Gecko) Chrome/65.0.3325.181 Safari/537.36"
34.201.66.224 - - [27/Apr/2018:06:49:07 -0400] "GET /modules/user/user.css?p7r9uw HTTP/1.1" 200 1062 "https://www.nspw.org/" "Mozilla/5.0 (Macintosh; Intel Mac OS X 10_12_6) AppleWebKit/537.36 (KHTML, like Gecko) Chrome/65.0.3325.181 Safari/537.36"
34.201.66.224 - - [27/Apr/2018:06:49:07 -0400] "GET /modules/system/system.messages.css?p7r9uw HTTP/1.1" 200 884 "https://www.nspw.org/" "Mozilla/5.0 (Macintosh; Intel Mac OS X 10_12_6) AppleWebKit/537.36 (KHTML, like Gecko) Chrome/65.0.3325.181 Safari/537.36"
34.201.66.224 - - [27/Apr/2018:06:49:07 -0400] "GET /themes/garland/print.css?p7r9uw HTTP/1.1" 200 771 "https://www.nspw.org/" "Mozilla/5.0 (Macintosh; Intel Mac OS X 10_12_6) AppleWebKit/537.36 (KHTML, like Gecko) Chrome/65.0.3325.181 Safari/537.36"
34.201.66.224 - - [27/Apr/2018:06:49:07 -0400] "GET /misc/drupal.js?p7r9uw HTTP/1.1" 200 7372 "https://www.nspw.org/" "Mozilla/5.0 (Macintosh; Intel Mac OS X 10_12_6) AppleWebKit/537.36 (KHTML, like Gecko) Chrome/65.0.3325.181 Safari/537.36"
34.201.66.224 - - [27/Apr/2018:06:49:07 -0400] "GET /themes/garland/style.css?p7r9uw HTTP/1.1" 200 5370 "https://www.nspw.org/" "Mozilla/5.0 (Macintosh; Intel Mac OS X 10_12_6) AppleWebKit/537.36 (KHTML, like Gecko) Chrome/65.0.3325.181 Safari/537.36"
34.201.66.224 - - [27/Apr/2018:06:49:07 -0400] "GET /misc/jquery.once.js?v=1.2 HTTP/1.1" 200 1445 "https://www.nspw.org/" "Mozilla/5.0 (Macintosh; Intel Mac OS X 10_12_6) AppleWebKit/537.36 (KHTML, like Gecko) Chrome/65.0.3325.181 Safari/537.36"
34.201.66.224 - - [27/Apr/2018:06:49:07 -0400] "GET /misc/jquery.js?v=1.4.4 HTTP/1.1" 200 27601 "https://www.nspw.org/" "Mozilla/5.0 (Macintosh; Intel Mac OS X 10_12_6) AppleWebKit/537.36 (KHTML, like Gecko) Chrome/65.0.3325.181 Safari/537.36"
34.201.66.224 - - [27/Apr/2018:06:49:07 -0400] "GET /themes/garland/images/body.png HTTP/1.1" 200 993 "https://www.nspw.org/" "Mozilla/5.0 (Macintosh; Intel Mac OS X 10_12_6) AppleWebKit/537.36 (KHTML, like Gecko) Chrome/65.0.3325.181 Safari/537.36"
34.201.66.224 - - [27/Apr/2018:06:49:07 -0400] "GET /themes/garland/images/menu-leaf.gif HTTP/1.1" 200 486 "https://www.nspw.org/" "Mozilla/5.0 (Macintosh; Intel Mac OS X 10_12_6) AppleWebKit/537.36 (KHTML, like Gecko) Chrome/65.0.3325.181 Safari/537.36"
34.201.66.224 - - [27/Apr/2018:06:49:07 -0400] "GET /themes/garland/images/bg-navigation-item-hover.png HTTP/1.1" 200 754 "https://www.nspw.org/" "Mozilla/5.0 (Macintosh; Intel Mac OS X 10_12_6) AppleWebKit/537.36 (KHTML, like Gecko) Chrome/65.0.3325.181 Safari/537.36"
34.201.66.224 - - [27/Apr/2018:06:49:07 -0400] "GET /themes/garland/images/menu-expanded.gif HTTP/1.1" 200 495 "https://www.nspw.org/" "Mozilla/5.0 (Macintosh; Intel Mac OS X 10_12_6) AppleWebKit/537.36 (KHTML, like Gecko) Chrome/65.0.3325.181 Safari/537.36"
34.201.66.224 - - [27/Apr/2018:06:49:07 -0400] "GET /sites/default/files/nspw-logo-smaller.jpg HTTP/1.1" 200 2534 "https://www.nspw.org/" "Mozilla/5.0 (Macintosh; Intel Mac OS X 10_12_6) AppleWebKit/537.36 (KHTML, like Gecko) Chrome/65.0.3325.181 Safari/537.36"
34.201.66.224 - - [27/Apr/2018:06:49:07 -0400] "GET /themes/garland/images/bg-navigation-item.png HTTP/1.1" 200 812 "https://www.nspw.org/" "Mozilla/5.0 (Macintosh; Intel Mac OS X 10_12_6) AppleWebKit/537.36 (KHTML, like Gecko) Chrome/65.0.3325.181 Safari/537.36"
34.201.66.224 - - [27/Apr/2018:06:49:08 -0400] "GET /themes/garland/images/menu-collapsed.gif HTTP/1.1" 200 488 "https://www.nspw.org/" "Mozilla/5.0 (Macintosh; Intel Mac OS X 10_12_6) AppleWebKit/537.36 (KHTML, like Gecko) Chrome/65.0.3325.181 Safari/537.36"
34.201.66.224 - - [27/Apr/2018:06:49:08 -0400] "GET /themes/garland/images/bg-content.png HTTP/1.1" 200 798 "https://www.nspw.org/" "Mozilla/5.0 (Macintosh; Intel Mac OS X 10_12_6) AppleWebKit/537.36 (KHTML, like Gecko) Chrome/65.0.3325.181 Safari/537.36"
34.201.66.224 - - [27/Apr/2018:06:49:08 -0400] "GET /themes/garland/images/bg-content-right.png HTTP/1.1" 200 3162 "https://www.nspw.org/" "Mozilla/5.0 (Macintosh; Intel Mac OS X 10_12_6) AppleWebKit/537.36 (KHTML, like Gecko) Chrome/65.0.3325.181 Safari/537.36"
34.201.66.224 - - [27/Apr/2018:06:49:08 -0400] "GET /themes/garland/images/bg-content-left.png HTTP/1.1" 200 3232 "https://www.nspw.org/" "Mozilla/5.0 (Macintosh; Intel Mac OS X 10_12_6) AppleWebKit/537.36 (KHTML, like Gecko) Chrome/65.0.3325.181 Safari/537.36"
40.77.167.73 - - [27/Apr/2018:06:49:10 -0400] "GET /2009/proceedings/2012/forms/index_files/banner.jpg HTTP/1.1" 200 55574 "-" "Mozilla/5.0 (compatible; bingbot/2.0; +http://www.bing.com/bingbot.htm)"
69.162.124.227 - - [27/Apr/2018:06:49:21 -0400] "HEAD / HTTP/1.1" 200 3874 "http://nspw.org/" "Mozilla/5.0+(compatible; UptimeRobot/2.0; http://www.uptimerobot.com/)"
40.77.167.38 - - [27/Apr/2018:06:49:21 -0400] "GET /2009/proceedings/2012/forms/index_files/acm_2s_grad_pos.jpg HTTP/1.1" 200 21402 "-" "Mozilla/5.0 (compatible; bingbot/2.0; +http://www.bing.com/bingbot.htm)"
40.77.167.38 - - [27/Apr/2018:06:49:29 -0400] "GET /2009/proceedings/2012/forms/index_files/sidebarbackground.gif HTTP/1.1" 200 4272 "-" "Mozilla/5.0 (compatible; bingbot/2.0; +http://www.bing.com/bingbot.htm)"
66.249.73.91 - - [27/Apr/2018:06:49:47 -0400] "GET /papers/2012/docs/p15.pdf HTTP/1.1" 304 3605 "-" "Mozilla/5.0 (compatible; Googlebot/2.1; +http://www.google.com/bot.html)"
66.249.73.91 - - [27/Apr/2018:06:50:52 -0400] "GET /cfp/nspw2017-cfp.pdf HTTP/1.1" 304 3605 "-" "Mozilla/5.0 (compatible; Googlebot/2.1; +http://www.google.com/bot.html)"
66.249.73.87 - - [27/Apr/2018:06:51:56 -0400] "GET /2006/program.shtml HTTP/1.1" 200 6273 "-" "Mozilla/5.0 (compatible; Googlebot/2.1; +http://www.google.com/bot.html)"
66.249.73.89 - - [27/Apr/2018:06:52:38 -0400] "GET /papers/2000/ HTTP/1.1" 200 4372 "-" "Mozilla/5.0 (compatible; Googlebot/2.1; +http://www.google.com/bot.html)"
111.125.230.217 - - [27/Apr/2018:06:52:51 -0400] "GET /wp-login.php HTTP/1.1" 404 7985 "-" "Mozilla/5.0 (Windows NT 6.1; WOW64; rv:40.0) Gecko/20100101 Firefox/40.1"
111.125.230.217 - - [27/Apr/2018:06:52:53 -0400] "GET / HTTP/1.1" 200 8206 "-" "Mozilla/5.0 (Windows NT 6.1; WOW64; rv:40.0) Gecko/20100101 Firefox/40.1"
66.249.73.91 - - [27/Apr/2018:06:53:01 -0400] "GET /papers/2012/docs/p67.pdf HTTP/1.1" 304 3605 "-" "Mozilla/5.0 (compatible; Googlebot/2.1; +http://www.google.com/bot.html)"
180.76.15.151 - - [27/Apr/2018:06:53:06 -0400] "GET /proceedings/2002 HTTP/1.1" 200 12193 "-" "Mozilla/5.0 (compatible; Baiduspider/2.0; +http://www.baidu.com/search/spider.html)"
66.249.73.87 - - [27/Apr/2018:06:54:07 -0400] "GET /papers/1999/nspw1999-michael.pdf HTTP/1.1" 200 596849 "-" "Mozilla/5.0 (compatible; Googlebot/2.1; +http://www.google.com/bot.html)"
207.46.13.144 - - [27/Apr/2018:06:54:21 -0400] "GET /papers/1999/nspw1999-henning.pdf HTTP/1.1" 200 667405 "-" "Mozilla/5.0 (compatible; bingbot/2.0; +http://www.bing.com/bingbot.htm)"
66.249.73.91 - - [27/Apr/2018:06:55:11 -0400] "GET /2006/dates.shtml HTTP/1.1" 200 4949 "-" "Mozilla/5.0 (compatible; Googlebot/2.1; +http://www.google.com/bot.html)"
182.185.24.98 - - [27/Apr/2018:06:55:36 -0400] "GET /wp-login.php HTTP/1.1" 404 7839 "-" "Mozilla/5.0 (Windows NT 6.1; WOW64; rv:40.0) Gecko/20100101 Firefox/40.1"
182.185.24.98 - - [27/Apr/2018:06:55:38 -0400] "GET / HTTP/1.1" 200 8218 "-" "Mozilla/5.0 (Windows NT 6.1; WOW64; rv:40.0) Gecko/20100101 Firefox/40.1"
216.244.66.200 - - [27/Apr/2018:06:55:49 -0400] "GET /robots.txt HTTP/1.1" 200 5796 "-" "Mozilla/5.0 (compatible; DotBot/1.1; http://www.opensiteexplorer.org/dotbot, help@moz.com)"
66.249.73.91 - - [27/Apr/2018:06:56:16 -0400] "GET /2005/dates.shtml HTTP/1.1" 200 4968 "-" "Mozilla/5.0 (compatible; Googlebot/2.1; +http://www.google.com/bot.html)"
66.249.73.89 - - [27/Apr/2018:06:56:42 -0400] "GET /papers/2009/nspw2009-gates.pdf HTTP/1.1" 200 398465 "-" "Mozilla/5.0 (compatible; Googlebot/2.1; +http://www.google.com/bot.html)"
66.249.73.91 - - [27/Apr/2018:06:57:21 -0400] "GET /2001/pc.html HTTP/1.1" 304 3603 "-" "Mozilla/5.0 (compatible; Googlebot/2.1; +http://www.google.com/bot.html)"
66.249.73.89 - - [27/Apr/2018:06:58:26 -0400] "GET /papers/2010/nspw2010-faily.pdf HTTP/1.1" 200 539853 "-" "Mozilla/5.0 (compatible; Googlebot/2.1; +http://www.google.com/bot.html)"
216.244.66.236 - - [27/Apr/2018:06:59:12 -0400] "GET /robots.txt HTTP/1.1" 200 5796 "-" "Mozilla/5.0 (compatible; DotBot/1.1; http://www.opensiteexplorer.org/dotbot, help@moz.com)"
66.249.73.87 - - [27/Apr/2018:06:59:30 -0400] "GET /2014/cfp HTTP/1.1" 200 8283 "-" "Mozilla/5.0 (compatible; Googlebot/2.1; +http://www.google.com/bot.html)"
125.209.235.173 - - [27/Apr/2018:07:00:27 -0400] "GET /2012/cfp HTTP/1.1" 200 7842 "-" "Mozilla/5.0 (compatible; Yeti/1.1; +http://naver.me/spd)"
66.249.73.87 - - [27/Apr/2018:07:00:35 -0400] "GET /2011/sponsors HTTP/1.1" 200 6479 "-" "Mozilla/5.0 (compatible; Googlebot/2.1; +http://www.google.com/bot.html)"
221.219.205.65 - - [27/Apr/2018:07:00:59 -0400] "GET /favicon.ico HTTP/1.1" 404 4142 "-" "Mozilla/5.0 (Windows NT 6.1; WOW64) AppleWebKit/537.36 (KHTML, like Gecko) Chrome/49.0.2623.75 Safari/537.36 LBBROWSER"
66.249.73.91 - - [27/Apr/2018:07:01:41 -0400] "GET /papers/2000/nspw2000-mcdermott.pdf HTTP/1.1" 200 378051 "-" "Mozilla/5.0 (compatible; Googlebot/2.1; +http://www.google.com/bot.html)"
194.187.170.138 - - [27/Apr/2018:07:01:59 -0400] "GET /proceedings/1996 HTTP/1.1" 200 6496 "-" "Mozilla/5.0 (compatible; Qwantify/2.4w; +https://www.qwant.com/)/2.4w"
66.249.73.89 - - [27/Apr/2018:07:02:46 -0400] "GET /papers/2010/nspw2010-raskin.pdf HTTP/1.1" 200 610901 "-" "Mozilla/5.0 (compatible; Googlebot/2.1; +http://www.google.com/bot.html)"
194.187.170.138 - - [27/Apr/2018:07:03:20 -0400] "GET /2016/organizers HTTP/1.1" 200 4020 "-" "Mozilla/5.0 (compatible; Qwantify/2.4w; +https://www.qwant.com/)/2.4w"
221.219.205.65 - - [27/Apr/2018:07:03:28 -0400] "GET /favicon.ico HTTP/1.1" 404 4142 "-" "Mozilla/5.0 (Windows NT 6.1; WOW64) AppleWebKit/537.36 (KHTML, like Gecko) Chrome/49.0.2623.75 Safari/537.36 LBBROWSER"
221.219.205.65 - - [27/Apr/2018:07:03:30 -0400] "GET /favicon.ico HTTP/1.1" 404 700 "-" "Mozilla/5.0 (Windows NT 6.1; WOW64) AppleWebKit/537.36 (KHTML, like Gecko) Chrome/49.0.2623.75 Safari/537.36 LBBROWSER"
66.249.73.87 - - [27/Apr/2018:07:03:50 -0400] "GET /papers/1993/nspw1993-slack.pdf HTTP/1.1" 200 519861 "-" "Mozilla/5.0 (compatible; Googlebot/2.1; +http://www.google.com/bot.html)"
69.162.124.227 - - [27/Apr/2018:07:04:38 -0400] "HEAD / HTTP/1.1" 200 3874 "http://nspw.org/" "Mozilla/5.0+(compatible; UptimeRobot/2.0; http://www.uptimerobot.com/)"
66.249.73.91 - - [27/Apr/2018:07:04:55 -0400] "GET /papers/2009/nspw2009-church.pdf HTTP/1.1" 200 283643 "-" "Mozilla/5.0 (compatible; Googlebot/2.1; +http://www.google.com/bot.html)"
37.142.2.18 - - [27/Apr/2018:07:05:20 -0400] "GET /favicon.ico HTTP/1.1" 404 4109 "https://www.nspw.org/papers/2012/docs/p105.pdf" "Mozilla/5.0 (Macintosh; Intel Mac OS X 10_9_5) AppleWebKit/537.36 (KHTML, like Gecko) Chrome/65.0.3325.181 Safari/537.36"
37.142.2.18 - - [27/Apr/2018:07:05:20 -0400] "GET /papers/2012/docs/p105.pdf HTTP/1.1" 200 12456305 "https://www.google.co.il/" "Mozilla/5.0 (Macintosh; Intel Mac OS X 10_9_5) AppleWebKit/537.36 (KHTML, like Gecko) Chrome/65.0.3325.181 Safari/537.36"
66.249.73.91 - - [27/Apr/2018:07:06:00 -0400] "GET /papers/1996/nspw1996-josang.pdf HTTP/1.1" 200 1238524 "-" "Mozilla/5.0 (compatible; Googlebot/2.1; +http://www.google.com/bot.html)"
77.88.47.40 - - [27/Apr/2018:07:06:36 -0400] "GET /2010/dates HTTP/1.1" 200 6722 "-" "Mozilla/5.0 (compatible; YandexBot/3.0; +http://yandex.com/bots)"
66.249.73.89 - - [27/Apr/2018:07:07:06 -0400] "GET /papers/2013/nspw2013-mathur.pdf HTTP/1.1" 200 1319255 "-" "Mozilla/5.0 (compatible; Googlebot/2.1; +http://www.google.com/bot.html)"
42.236.48.156 - - [27/Apr/2018:07:07:53 -0400] "GET /papers/1999/nspw1999-henning.pdf HTTP/1.1" 200 137959 "https://www.nspw.org/papers/1999/nspw1999-henning.pdf" "Mozilla/5.0 (Windows NT 6.1; WOW64) AppleWebKit/537.36 (KHTML, like Gecko) Chrome/50.0.2661.102 Safari/537.36; 360Spider"
66.249.73.89 - - [27/Apr/2018:07:08:09 -0400] "GET /2009/proceedings/1997/nspw1997-hinton.pdf HTTP/1.1" 304 3606 "-" "Mozilla/5.0 (compatible; Googlebot/2.1; +http://www.google.com/bot.html)"
40.77.167.73 - - [27/Apr/2018:07:08:14 -0400] "GET /papers/2001/nspw2001-blakley.pdf HTTP/1.1" 200 762045 "-" "Mozilla/5.0 (iPhone; CPU iPhone OS 7_0 like Mac OS X) AppleWebKit/537.51.1 (KHTML, like Gecko) Version/7.0 Mobile/11A465 Safari/9537.53 (compatible; bingbot/2.0; +http://www.bing.com/bingbot.htm)"
66.249.73.87 - - [27/Apr/2018:07:09:14 -0400] "GET /2009/proceedings/2010/nspw2010-coles.pdf HTTP/1.1" 304 3605 "-" "Mozilla/5.0 (compatible; Googlebot/2.1; +http://www.google.com/bot.html)"
77.88.47.40 - - [27/Apr/2018:07:09:36 -0400] "GET /past.html HTTP/1.1" 404 8008 "-" "Mozilla/5.0 (compatible; YandexBot/3.0; +http://yandex.com/bots)"
77.88.47.40 - - [27/Apr/2018:07:09:38 -0400] "GET /1999/pc.html HTTP/1.1" 200 1941 "-" "Mozilla/5.0 (compatible; YandexBot/3.0; +http://yandex.com/bots)"
69.162.124.227 - - [27/Apr/2018:07:09:38 -0400] "HEAD / HTTP/1.1" 200 3874 "http://nspw.org/" "Mozilla/5.0+(compatible; UptimeRobot/2.0; http://www.uptimerobot.com/)"
77.88.47.40 - - [27/Apr/2018:07:09:40 -0400] "GET /1999/local.html HTTP/1.1" 200 2424 "-" "Mozilla/5.0 (compatible; YandexBot/3.0; +http://yandex.com/bots)"
77.88.47.40 - - [27/Apr/2018:07:09:42 -0400] "GET /1999/dates.html HTTP/1.1" 200 1638 "-" "Mozilla/5.0 (compatible; YandexBot/3.0; +http://yandex.com/bots)"
77.88.47.40 - - [27/Apr/2018:07:09:45 -0400] "GET /2001/program_print.html HTTP/1.1" 200 859 "-" "Mozilla/5.0 (compatible; YandexBot/3.0; +http://yandex.com/bots)"
77.88.47.40 - - [27/Apr/2018:07:09:47 -0400] "GET /1999/oc.html HTTP/1.1" 200 1946 "-" "Mozilla/5.0 (compatible; YandexBot/3.0; +http://yandex.com/bots)"
77.88.47.40 - - [27/Apr/2018:07:09:49 -0400] "GET /1999/photos.html HTTP/1.1" 200 1601 "-" "Mozilla/5.0 (compatible; YandexBot/3.0; +http://yandex.com/bots)"
77.88.47.40 - - [27/Apr/2018:07:09:51 -0400] "GET /1999/program.html HTTP/1.1" 200 2926 "-" "Mozilla/5.0 (compatible; YandexBot/3.0; +http://yandex.com/bots)"
77.88.47.40 - - [27/Apr/2018:07:10:01 -0400] "GET /1999/cfp.html HTTP/1.1" 200 6238 "-" "Mozilla/5.0 (compatible; YandexBot/3.0; +http://yandex.com/bots)"
179.187.238.75 - - [27/Apr/2018:07:10:07 -0400] "GET /wp-login.php HTTP/1.1" 404 7491 "-" "Mozilla/5.0 (Windows NT 6.1; WOW64; rv:40.0) Gecko/20100101 Firefox/40.1"
179.187.238.75 - - [27/Apr/2018:07:10:08 -0400] "GET / HTTP/1.1" 200 8218 "-" "Mozilla/5.0 (Windows NT 6.1; WOW64; rv:40.0) Gecko/20100101 Firefox/40.1"
66.249.73.89 - - [27/Apr/2018:07:10:19 -0400] "GET /2009/proceedings/2010/nspw2010-bishop.pdf HTTP/1.1" 304 3605 "-" "Mozilla/5.0 (compatible; Googlebot/2.1; +http://www.google.com/bot.html)"
77.88.47.40 - - [27/Apr/2018:07:10:21 -0400] "GET /1999/index.html HTTP/1.1" 200 5214 "-" "Mozilla/5.0 (compatible; YandexBot/3.0; +http://yandex.com/bots)"
77.88.47.40 - - [27/Apr/2018:07:10:42 -0400] "GET /node/9 HTTP/1.1" 200 8360 "-" "Mozilla/5.0 (compatible; YandexBot/3.0; +http://yandex.com/bots)"
66.249.73.89 - - [27/Apr/2018:07:11:24 -0400] "GET /2009/proceedings/1998/nspw1998-chang.pdf HTTP/1.1" 304 3605 "-" "Mozilla/5.0 (compatible; Googlebot/2.1; +http://www.google.com/bot.html)"
77.88.47.40 - - [27/Apr/2018:07:12:14 -0400] "GET /2008 HTTP/1.1" 301 4027 "-" "Mozilla/5.0 (compatible; YandexBot/3.0; +http://yandex.com/bots)"
194.187.170.138 - - [27/Apr/2018:07:12:23 -0400] "GET /papers/1995/?C=M;O=A HTTP/1.1" 200 4406 "-" "Mozilla/5.0 (compatible; Qwantify/2.4w; +https://www.qwant.com/)/2.4w"
66.249.73.87 - - [27/Apr/2018:07:12:29 -0400] "GET /papers/1999/nspw1999-lipson.pdf HTTP/1.1" 200 653276 "-" "Mozilla/5.0 (compatible; Googlebot/2.1; +http://www.google.com/bot.html)"
66.249.73.89 - - [27/Apr/2018:07:13:34 -0400] "GET /2013 HTTP/1.1" 200 6795 "-" "Mozilla/5.0 (compatible; Googlebot/2.1; +http://www.google.com/bot.html)"
175.136.0.222 - - [27/Apr/2018:07:14:28 -0400] "GET /wp-login.php HTTP/1.1" 404 7484 "-" "Mozilla/5.0 (Windows NT 6.1; WOW64; rv:40.0) Gecko/20100101 Firefox/40.1"
175.136.0.222 - - [27/Apr/2018:07:14:30 -0400] "GET / HTTP/1.1" 200 8218 "-" "Mozilla/5.0 (Windows NT 6.1; WOW64; rv:40.0) Gecko/20100101 Firefox/40.1"
87.215.98.186 - - [27/Apr/2018:07:14:37 -0400] "GET /wp-login.php HTTP/1.1" 404 7903 "-" "Mozilla/5.0 (Windows NT 6.1; WOW64; rv:40.0) Gecko/20100101 Firefox/40.1"
87.215.98.186 - - [27/Apr/2018:07:14:37 -0400] "GET / HTTP/1.1" 200 8218 "-" "Mozilla/5.0 (Windows NT 6.1; WOW64; rv:40.0) Gecko/20100101 Firefox/40.1"
69.162.124.227 - - [27/Apr/2018:07:14:38 -0400] "HEAD / HTTP/1.1" 200 3874 "http://nspw.org/" "Mozilla/5.0+(compatible; UptimeRobot/2.0; http://www.uptimerobot.com/)"
66.249.73.89 - - [27/Apr/2018:07:14:39 -0400] "GET /papers/2005/nspw2005-thorpe.pdf HTTP/1.1" 200 3949092 "-" "Mozilla/5.0 (compatible; Googlebot/2.1; +http://www.google.com/bot.html)"
77.88.47.40 - - [27/Apr/2018:07:15:12 -0400] "GET /2009 HTTP/1.1" 301 4027 "-" "Mozilla/5.0 (compatible; YandexBot/3.0; +http://yandex.com/bots)"
77.88.47.40 - - [27/Apr/2018:07:15:13 -0400] "GET /2009/ HTTP/1.1" 200 1987 "-" "Mozilla/5.0 (compatible; YandexBot/3.0; +http://yandex.com/bots)"
122.53.111.158 - - [27/Apr/2018:07:15:20 -0400] "GET /wp-login.php HTTP/1.1" 404 7839 "-" "Mozilla/5.0 (Windows NT 6.1; WOW64; rv:40.0) Gecko/20100101 Firefox/40.1"
122.53.111.158 - - [27/Apr/2018:07:15:21 -0400] "GET / HTTP/1.1" 200 8218 "-" "Mozilla/5.0 (Windows NT 6.1; WOW64; rv:40.0) Gecko/20100101 Firefox/40.1"
194.187.170.138 - - [27/Apr/2018:07:15:22 -0400] "GET /proceedings/2000 HTTP/1.1" 200 2980 "-" "Mozilla/5.0 (compatible; Qwantify/2.4w; +https://www.qwant.com/)/2.4w"
40.77.167.73 - - [27/Apr/2018:07:15:06 -0400] "GET /papers/1999/nspw1999-olthoff-3.pdf HTTP/1.1" 200 1120149 "-" "Mozilla/5.0 (iPhone; CPU iPhone OS 7_0 like Mac OS X) AppleWebKit/537.51.1 (KHTML, like Gecko) Version/7.0 Mobile/11A465 Safari/9537.53 (compatible; bingbot/2.0; +http://www.bing.com/bingbot.htm)"
77.88.47.40 - - [27/Apr/2018:07:15:34 -0400] "GET /node/5 HTTP/1.1" 200 6417 "-" "Mozilla/5.0 (compatible; YandexBot/3.0; +http://yandex.com/bots)"
194.187.170.138 - - [27/Apr/2018:07:15:36 -0400] "GET /proceedings/1997 HTTP/1.1" 200 2964 "-" "Mozilla/5.0 (compatible; Qwantify/2.4w; +https://www.qwant.com/)/2.4w"
66.249.73.87 - - [27/Apr/2018:07:15:44 -0400] "GET /papers/2001/nspw2001-weirich.pdf HTTP/1.1" 200 720355 "-" "Mozilla/5.0 (compatible; Googlebot/2.1; +http://www.google.com/bot.html)"
77.88.47.40 - - [27/Apr/2018:07:15:51 -0400] "GET /node/7 HTTP/1.1" 200 6927 "-" "Mozilla/5.0 (compatible; YandexBot/3.0; +http://yandex.com/bots)"
66.249.73.91 - - [27/Apr/2018:07:16:49 -0400] "GET /papers/2010/nspw2010-vancleeff.pdf HTTP/1.1" 200 418639 "-" "Mozilla/5.0 (compatible; Googlebot/2.1; +http://www.google.com/bot.html)"
193.240.172.125 - - [27/Apr/2018:07:17:23 -0400] "GET /papers/2008/nspw2008-beautement.pdf HTTP/1.1" 200 769433 "https://www.google.co.uk/" "Mozilla/5.0 (Windows NT 6.1; Win64; x64) AppleWebKit/537.36 (KHTML, like Gecko) Chrome/65.0.3325.181 Safari/537.36; SWRInfo: 3129:DAC.MOD.UK:14-01495"
193.240.172.125 - - [27/Apr/2018:07:17:24 -0400] "GET /favicon.ico HTTP/1.1" 404 700 "https://www.nspw.org/papers/2008/nspw2008-beautement.pdf" "Mozilla/5.0 (Windows NT 6.1; Win64; x64) AppleWebKit/537.36 (KHTML, like Gecko) Chrome/65.0.3325.181 Safari/537.36; SWRInfo: 3129:DAC.MOD.UK:14-01495"
193.240.172.125 - - [27/Apr/2018:07:17:32 -0400] "GET /papers/2008/ HTTP/1.1" 200 1074 "-" "Mozilla/5.0 (Windows NT 6.1; Win64; x64) AppleWebKit/537.36 (KHTML, like Gecko) Chrome/65.0.3325.181 Safari/537.36; SWRInfo: 3129:DAC.MOD.UK:14-01495"
193.240.172.125 - - [27/Apr/2018:07:17:33 -0400] "GET /icons/back.gif HTTP/1.1" 200 670 "https://www.nspw.org/papers/2008/" "Mozilla/5.0 (Windows NT 6.1; Win64; x64) AppleWebKit/537.36 (KHTML, like Gecko) Chrome/65.0.3325.181 Safari/537.36; SWRInfo: 3129:DAC.MOD.UK:14-01495"
193.240.172.125 - - [27/Apr/2018:07:17:33 -0400] "GET /icons/layout.gif HTTP/1.1" 200 731 "https://www.nspw.org/papers/2008/" "Mozilla/5.0 (Windows NT 6.1; Win64; x64) AppleWebKit/537.36 (KHTML, like Gecko) Chrome/65.0.3325.181 Safari/537.36; SWRInfo: 3129:DAC.MOD.UK:14-01495"
193.240.172.125 - - [27/Apr/2018:07:17:33 -0400] "GET /icons/blank.gif HTTP/1.1" 200 460 "https://www.nspw.org/papers/2008/" "Mozilla/5.0 (Windows NT 6.1; Win64; x64) AppleWebKit/537.36 (KHTML, like Gecko) Chrome/65.0.3325.181 Safari/537.36; SWRInfo: 3129:DAC.MOD.UK:14-01495"
193.240.172.125 - - [27/Apr/2018:07:17:40 -0400] "GET /papers/ HTTP/1.1" 403 682 "-" "Mozilla/5.0 (Windows NT 6.1; Win64; x64) AppleWebKit/537.36 (KHTML, like Gecko) Chrome/65.0.3325.181 Safari/537.36; SWRInfo: 3129:DAC.MOD.UK:14-01495"
193.240.172.125 - - [27/Apr/2018:07:17:43 -0400] "GET / HTTP/1.1" 200 3212 "-" "Mozilla/5.0 (Windows NT 6.1; Win64; x64) AppleWebKit/537.36 (KHTML, like Gecko) Chrome/65.0.3325.181 Safari/537.36; SWRInfo: 3129:DAC.MOD.UK:14-01495"
193.240.172.125 - - [27/Apr/2018:07:17:44 -0400] "GET /modules/system/system.theme.css?p7r9uw HTTP/1.1" 200 1727 "-" "Mozilla/5.0 (Windows NT 6.1; Win64; x64) AppleWebKit/537.36 (KHTML, like Gecko) Chrome/65.0.3325.181 Safari/537.36; SWRInfo: 3129:DAC.MOD.UK:14-01495"
193.240.172.125 - - [27/Apr/2018:07:17:44 -0400] "GET /modules/system/system.messages.css?p7r9uw HTTP/1.1" 200 888 "-" "Mozilla/5.0 (Windows NT 6.1; Win64; x64) AppleWebKit/537.36 (KHTML, like Gecko) Chrome/65.0.3325.181 Safari/537.36; SWRInfo: 3129:DAC.MOD.UK:14-01495"
193.240.172.125 - - [27/Apr/2018:07:17:44 -0400] "GET /modules/system/system.menus.css?p7r9uw HTTP/1.1" 200 1167 "-" "Mozilla/5.0 (Windows NT 6.1; Win64; x64) AppleWebKit/537.36 (KHTML, like Gecko) Chrome/65.0.3325.181 Safari/537.36; SWRInfo: 3129:DAC.MOD.UK:14-01495"
193.240.172.125 - - [27/Apr/2018:07:17:44 -0400] "GET /modules/system/system.base.css?p7r9uw HTTP/1.1" 200 2307 "-" "Mozilla/5.0 (Windows NT 6.1; Win64; x64) AppleWebKit/537.36 (KHTML, like Gecko) Chrome/65.0.3325.181 Safari/537.36; SWRInfo: 3129:DAC.MOD.UK:14-01495"
77.88.47.40 - - [27/Apr/2018:07:17:44 -0400] "GET /node/14 HTTP/1.1" 200 6952 "-" "Mozilla/5.0 (compatible; YandexBot/3.0; +http://yandex.com/bots)"
193.240.172.125 - - [27/Apr/2018:07:17:44 -0400] "GET /modules/comment/comment.css?p7r9uw HTTP/1.1" 200 505 "-" "Mozilla/5.0 (Windows NT 6.1; Win64; x64) AppleWebKit/537.36 (KHTML, like Gecko) Chrome/65.0.3325.181 Safari/537.36; SWRInfo: 3129:DAC.MOD.UK:14-01495"
193.240.172.125 - - [27/Apr/2018:07:17:44 -0400] "GET /modules/field/theme/field.css?p7r9uw HTTP/1.1" 200 599 "-" "Mozilla/5.0 (Windows NT 6.1; Win64; x64) AppleWebKit/537.36 (KHTML, like Gecko) Chrome/65.0.3325.181 Safari/537.36; SWRInfo: 3129:DAC.MOD.UK:14-01495"
193.240.172.125 - - [27/Apr/2018:07:17:44 -0400] "GET /modules/node/node.css?p7r9uw HTTP/1.1" 200 472 "-" "Mozilla/5.0 (Windows NT 6.1; Win64; x64) AppleWebKit/537.36 (KHTML, like Gecko) Chrome/65.0.3325.181 Safari/537.36; SWRInfo: 3129:DAC.MOD.UK:14-01495"
193.240.172.125 - - [27/Apr/2018:07:17:44 -0400] "GET /modules/user/user.css?p7r9uw HTTP/1.1" 200 1062 "-" "Mozilla/5.0 (Windows NT 6.1; Win64; x64) AppleWebKit/537.36 (KHTML, like Gecko) Chrome/65.0.3325.181 Safari/537.36; SWRInfo: 3129:DAC.MOD.UK:14-01495"
193.240.172.125 - - [27/Apr/2018:07:17:44 -0400] "GET /misc/jquery.once.js?v=1.2 HTTP/1.1" 200 1445 "https://www.nspw.org/" "Mozilla/5.0 (Windows NT 6.1; Win64; x64) AppleWebKit/537.36 (KHTML, like Gecko) Chrome/65.0.3325.181 Safari/537.36; SWRInfo: 3129:DAC.MOD.UK:14-01495"
193.240.172.125 - - [27/Apr/2018:07:17:44 -0400] "GET /misc/drupal.js?p7r9uw HTTP/1.1" 200 7372 "https://www.nspw.org/" "Mozilla/5.0 (Windows NT 6.1; Win64; x64) AppleWebKit/537.36 (KHTML, like Gecko) Chrome/65.0.3325.181 Safari/537.36; SWRInfo: 3129:DAC.MOD.UK:14-01495"
