162.210.196.98 - - [09/May/2018:01:32:47 -0400] "GET / HTTP/1.1" 200 11520 "-" "Mozilla/5.0 (compatible; MJ12bot/v1.4.8; http://mj12bot.com/)"
109.102.40.48 - - [09/May/2018:01:32:48 -0400] "GET /wp-login.php HTTP/1.1" 404 7985 "-" "Mozilla/5.0 (Windows NT 6.1; WOW64; rv:40.0) Gecko/20100101 Firefox/40.1"
109.102.40.48 - - [09/May/2018:01:32:49 -0400] "GET / HTTP/1.1" 200 8206 "-" "Mozilla/5.0 (Windows NT 6.1; WOW64; rv:40.0) Gecko/20100101 Firefox/40.1"
77.88.47.40 - - [09/May/2018:01:32:37 -0400] "GET /papers/1994/nspw1994-schneier.pdf HTTP/1.1" 200 336815 "-" "Mozilla/5.0 (compatible; YandexBot/3.0; +http://yandex.com/bots)"
84.205.227.59 - - [09/May/2018:01:32:58 -0400] "-" 408 3408 "-" "-"
84.205.227.59 - - [09/May/2018:01:32:58 -0400] "-" 408 3408 "-" "-"
207.46.13.152 - - [09/May/2018:01:34:10 -0400] "GET /papers/2007/nspw2007-somayaji.pdf HTTP/1.1" 200 180309 "-" "Mozilla/5.0 (iPhone; CPU iPhone OS 7_0 like Mac OS X) AppleWebKit/537.51.1 (KHTML, like Gecko) Version/7.0 Mobile/11A465 Safari/9537.53 (compatible; bingbot/2.0; +http://www.bing.com/bingbot.htm)"
69.162.124.227 - - [09/May/2018:01:34:52 -0400] "HEAD / HTTP/1.1" 200 3874 "http://nspw.org/" "Mozilla/5.0+(compatible; UptimeRobot/2.0; http://www.uptimerobot.com/)"
66.249.69.44 - - [09/May/2018:01:35:14 -0400] "GET /2012 HTTP/1.1" 200 6876 "-" "Mozilla/5.0 (compatible; Googlebot/2.1; +http://www.google.com/bot.html)"
84.245.15.191 - - [09/May/2018:01:35:16 -0400] "GET / HTTP/1.1" 200 6425 "-" "Mozilla/5.0 (iPad; CPU OS 11_3 like Mac OS X) AppleWebKit/605.1.15 (KHTML, like Gecko) Version/11.0 Mobile/15E148 Safari/604.1"
84.245.15.191 - - [09/May/2018:01:35:17 -0400] "GET /apple-touch-icon-152x152-precomposed.png HTTP/1.1" 404 3943 "-" "MobileSafari/604.1 CFNetwork/897.15 Darwin/17.5.0"
84.245.15.191 - - [09/May/2018:01:35:17 -0400] "GET /apple-touch-icon-152x152.png HTTP/1.1" 404 717 "-" "MobileSafari/604.1 CFNetwork/897.15 Darwin/17.5.0"
84.245.15.191 - - [09/May/2018:01:35:17 -0400] "GET /apple-touch-icon-precomposed.png HTTP/1.1" 404 721 "-" "MobileSafari/604.1 CFNetwork/897.15 Darwin/17.5.0"
84.245.15.191 - - [09/May/2018:01:35:17 -0400] "GET /apple-touch-icon.png HTTP/1.1" 404 709 "-" "MobileSafari/604.1 CFNetwork/897.15 Darwin/17.5.0"
84.245.15.191 - - [09/May/2018:01:35:18 -0400] "GET /favicon.ico HTTP/1.1" 404 700 "-" "MobileSafari/604.1 CFNetwork/897.15 Darwin/17.5.0"
84.245.15.191 - - [09/May/2018:01:35:18 -0400] "GET /apple-touch-icon-152x152-precomposed.png HTTP/1.1" 404 729 "-" "MobileSafari/604.1 CFNetwork/897.15 Darwin/17.5.0"
84.245.15.191 - - [09/May/2018:01:35:18 -0400] "GET /apple-touch-icon-152x152.png HTTP/1.1" 404 717 "-" "MobileSafari/604.1 CFNetwork/897.15 Darwin/17.5.0"
84.245.15.191 - - [09/May/2018:01:35:18 -0400] "GET /apple-touch-icon-precomposed.png HTTP/1.1" 404 721 "-" "MobileSafari/604.1 CFNetwork/897.15 Darwin/17.5.0"
84.245.15.191 - - [09/May/2018:01:35:18 -0400] "GET /apple-touch-icon.png HTTP/1.1" 404 709 "-" "MobileSafari/604.1 CFNetwork/897.15 Darwin/17.5.0"
84.245.15.191 - - [09/May/2018:01:35:18 -0400] "GET /favicon.ico HTTP/1.1" 404 700 "-" "MobileSafari/604.1 CFNetwork/897.15 Darwin/17.5.0"
213.233.109.97 - - [09/May/2018:01:35:19 -0400] "GET /wp-login.php HTTP/1.1" 404 7839 "-" "Mozilla/5.0 (Windows NT 6.1; WOW64; rv:40.0) Gecko/20100101 Firefox/40.1"
213.233.109.97 - - [09/May/2018:01:35:20 -0400] "GET / HTTP/1.1" 200 8218 "-" "Mozilla/5.0 (Windows NT 6.1; WOW64; rv:40.0) Gecko/20100101 Firefox/40.1"
211.252.151.28 - - [09/May/2018:01:37:27 -0400] "GET /2018/?utm_source=infosec-conferences-com&utm_medium=directory&utm_campaign=free-listing HTTP/1.1" 200 6950 "-" "Mozilla/5.0 (Windows NT 6.1; WOW64; APCPMS=^N20140115041946137138498B2B92A4C5B53F_1067^; Trident/7.0; rv:11.0) like Gecko"
211.252.151.28 - - [09/May/2018:01:37:28 -0400] "GET /modules/system/system.base.css?p7r9uw HTTP/1.1" 200 2447 "https://www.nspw.org/2018/?utm_source=infosec-conferences-com&utm_medium=directory&utm_campaign=free-listing" "Mozilla/5.0 (Windows NT 6.1; WOW64; APCPMS=^N20140115041946137138498B2B92A4C5B53F_1067^; Trident/7.0; rv:11.0) like Gecko"
211.252.151.28 - - [09/May/2018:01:37:28 -0400] "GET /modules/system/system.menus.css?p7r9uw HTTP/1.1" 200 1274 "https://www.nspw.org/2018/?utm_source=infosec-conferences-com&utm_medium=directory&utm_campaign=free-listing" "Mozilla/5.0 (Windows NT 6.1; WOW64; APCPMS=^N20140115041946137138498B2B92A4C5B53F_1067^; Trident/7.0; rv:11.0) like Gecko"
211.252.151.28 - - [09/May/2018:01:37:28 -0400] "GET /modules/comment/comment.css?p7r9uw HTTP/1.1" 200 746 "https://www.nspw.org/2018/?utm_source=infosec-conferences-com&utm_medium=directory&utm_campaign=free-listing" "Mozilla/5.0 (Windows NT 6.1; WOW64; APCPMS=^N20140115041946137138498B2B92A4C5B53F_1067^; Trident/7.0; rv:11.0) like Gecko"
211.252.151.28 - - [09/May/2018:01:37:28 -0400] "GET /modules/field/theme/field.css?p7r9uw HTTP/1.1" 200 842 "https://www.nspw.org/2018/?utm_source=infosec-conferences-com&utm_medium=directory&utm_campaign=free-listing" "Mozilla/5.0 (Windows NT 6.1; WOW64; APCPMS=^N20140115041946137138498B2B92A4C5B53F_1067^; Trident/7.0; rv:11.0) like Gecko"
211.252.151.28 - - [09/May/2018:01:37:28 -0400] "GET /modules/system/system.theme.css?p7r9uw HTTP/1.1" 200 1834 "https://www.nspw.org/2018/?utm_source=infosec-conferences-com&utm_medium=directory&utm_campaign=free-listing" "Mozilla/5.0 (Windows NT 6.1; WOW64; APCPMS=^N20140115041946137138498B2B92A4C5B53F_1067^; Trident/7.0; rv:11.0) like Gecko"
211.252.151.28 - - [09/May/2018:01:37:28 -0400] "GET /modules/system/system.messages.css?p7r9uw HTTP/1.1" 200 986 "https://www.nspw.org/2018/?utm_source=infosec-conferences-com&utm_medium=directory&utm_campaign=free-listing" "Mozilla/5.0 (Windows NT 6.1; WOW64; APCPMS=^N20140115041946137138498B2B92A4C5B53F_1067^; Trident/7.0; rv:11.0) like Gecko"
211.252.151.28 - - [09/May/2018:01:37:28 -0400] "GET /themes/garland/style.css?p7r9uw HTTP/1.1" 200 5519 "https://www.nspw.org/2018/?utm_source=infosec-conferences-com&utm_medium=directory&utm_campaign=free-listing" "Mozilla/5.0 (Windows NT 6.1; WOW64; APCPMS=^N20140115041946137138498B2B92A4C5B53F_1067^; Trident/7.0; rv:11.0) like Gecko"
211.252.151.28 - - [09/May/2018:01:37:28 -0400] "GET /themes/garland/print.css?p7r9uw HTTP/1.1" 200 821 "https://www.nspw.org/2018/?utm_source=infosec-conferences-com&utm_medium=directory&utm_campaign=free-listing" "Mozilla/5.0 (Windows NT 6.1; WOW64; APCPMS=^N20140115041946137138498B2B92A4C5B53F_1067^; Trident/7.0; rv:11.0) like Gecko"
211.252.151.28 - - [09/May/2018:01:37:28 -0400] "GET /misc/jquery.js?v=1.4.4 HTTP/1.1" 200 27918 "https://www.nspw.org/2018/?utm_source=infosec-conferences-com&utm_medium=directory&utm_campaign=free-listing" "Mozilla/5.0 (Windows NT 6.1; WOW64; APCPMS=^N20140115041946137138498B2B92A4C5B53F_1067^; Trident/7.0; rv:11.0) like Gecko"
211.252.151.28 - - [09/May/2018:01:37:28 -0400] "GET /misc/jquery.once.js?v=1.2 HTTP/1.1" 200 1493 "https://www.nspw.org/2018/?utm_source=infosec-conferences-com&utm_medium=directory&utm_campaign=free-listing" "Mozilla/5.0 (Windows NT 6.1; WOW64; APCPMS=^N20140115041946137138498B2B92A4C5B53F_1067^; Trident/7.0; rv:11.0) like Gecko"
211.252.151.28 - - [09/May/2018:01:37:28 -0400] "GET /misc/drupal.js?p7r9uw HTTP/1.1" 200 7519 "https://www.nspw.org/2018/?utm_source=infosec-conferences-com&utm_medium=directory&utm_campaign=free-listing" "Mozilla/5.0 (Windows NT 6.1; WOW64; APCPMS=^N20140115041946137138498B2B92A4C5B53F_1067^; Trident/7.0; rv:11.0) like Gecko"
211.252.151.28 - - [09/May/2018:01:37:29 -0400] "GET /sites/default/files/nspw-logo-smaller.jpg HTTP/1.1" 200 2618 "https://www.nspw.org/2018/?utm_source=infosec-conferences-com&utm_medium=directory&utm_campaign=free-listing" "Mozilla/5.0 (Windows NT 6.1; WOW64; APCPMS=^N20140115041946137138498B2B92A4C5B53F_1067^; Trident/7.0; rv:11.0) like Gecko"
211.252.151.28 - - [09/May/2018:01:37:29 -0400] "GET /modules/node/node.css?p7r9uw HTTP/1.1" 200 714 "https://www.nspw.org/2018/?utm_source=infosec-conferences-com&utm_medium=directory&utm_campaign=free-listing" "Mozilla/5.0 (Windows NT 6.1; WOW64; APCPMS=^N20140115041946137138498B2B92A4C5B53F_1067^; Trident/7.0; rv:11.0) like Gecko"
211.252.151.28 - - [09/May/2018:01:37:29 -0400] "GET /modules/user/user.css?p7r9uw HTTP/1.1" 200 1306 "https://www.nspw.org/2018/?utm_source=infosec-conferences-com&utm_medium=directory&utm_campaign=free-listing" "Mozilla/5.0 (Windows NT 6.1; WOW64; APCPMS=^N20140115041946137138498B2B92A4C5B53F_1067^; Trident/7.0; rv:11.0) like Gecko"
211.252.151.28 - - [09/May/2018:01:37:29 -0400] "GET /themes/garland/images/bg-navigation-item.png HTTP/1.1" 200 853 "https://www.nspw.org/2018/?utm_source=infosec-conferences-com&utm_medium=directory&utm_campaign=free-listing" "Mozilla/5.0 (Windows NT 6.1; WOW64; APCPMS=^N20140115041946137138498B2B92A4C5B53F_1067^; Trident/7.0; rv:11.0) like Gecko"
211.252.151.28 - - [09/May/2018:01:37:29 -0400] "GET /themes/garland/images/bg-navigation-item-hover.png HTTP/1.1" 200 805 "https://www.nspw.org/2018/?utm_source=infosec-conferences-com&utm_medium=directory&utm_campaign=free-listing" "Mozilla/5.0 (Windows NT 6.1; WOW64; APCPMS=^N20140115041946137138498B2B92A4C5B53F_1067^; Trident/7.0; rv:11.0) like Gecko"
211.252.151.28 - - [09/May/2018:01:37:29 -0400] "GET /themes/garland/images/bg-content-left.png HTTP/1.1" 200 3322 "https://www.nspw.org/2018/?utm_source=infosec-conferences-com&utm_medium=directory&utm_campaign=free-listing" "Mozilla/5.0 (Windows NT 6.1; WOW64; APCPMS=^N20140115041946137138498B2B92A4C5B53F_1067^; Trident/7.0; rv:11.0) like Gecko"
211.252.151.28 - - [09/May/2018:01:37:29 -0400] "GET /themes/garland/images/menu-expanded.gif HTTP/1.1" 200 549 "https://www.nspw.org/2018/?utm_source=infosec-conferences-com&utm_medium=directory&utm_campaign=free-listing" "Mozilla/5.0 (Windows NT 6.1; WOW64; APCPMS=^N20140115041946137138498B2B92A4C5B53F_1067^; Trident/7.0; rv:11.0) like Gecko"
211.252.151.28 - - [09/May/2018:01:37:29 -0400] "GET /themes/garland/images/menu-leaf.gif HTTP/1.1" 200 533 "https://www.nspw.org/2018/?utm_source=infosec-conferences-com&utm_medium=directory&utm_campaign=free-listing" "Mozilla/5.0 (Windows NT 6.1; WOW64; APCPMS=^N20140115041946137138498B2B92A4C5B53F_1067^; Trident/7.0; rv:11.0) like Gecko"
211.252.151.28 - - [09/May/2018:01:37:29 -0400] "GET /favicon.ico HTTP/1.1" 404 741 "-" "Mozilla/5.0 (Windows NT 6.1; WOW64; APCPMS=^N20140115041946137138498B2B92A4C5B53F_1067^; Trident/7.0; rv:11.0) like Gecko"
211.252.151.28 - - [09/May/2018:01:37:30 -0400] "GET /themes/garland/images/bg-content.png HTTP/1.1" 200 853 "https://www.nspw.org/2018/?utm_source=infosec-conferences-com&utm_medium=directory&utm_campaign=free-listing" "Mozilla/5.0 (Windows NT 6.1; WOW64; APCPMS=^N20140115041946137138498B2B92A4C5B53F_1067^; Trident/7.0; rv:11.0) like Gecko"
211.252.151.28 - - [09/May/2018:01:37:30 -0400] "GET /themes/garland/images/menu-collapsed.gif HTTP/1.1" 200 533 "https://www.nspw.org/2018/?utm_source=infosec-conferences-com&utm_medium=directory&utm_campaign=free-listing" "Mozilla/5.0 (Windows NT 6.1; WOW64; APCPMS=^N20140115041946137138498B2B92A4C5B53F_1067^; Trident/7.0; rv:11.0) like Gecko"
211.252.151.28 - - [09/May/2018:01:37:30 -0400] "GET /themes/garland/images/bg-content-right.png HTTP/1.1" 200 3258 "https://www.nspw.org/2018/?utm_source=infosec-conferences-com&utm_medium=directory&utm_campaign=free-listing" "Mozilla/5.0 (Windows NT 6.1; WOW64; APCPMS=^N20140115041946137138498B2B92A4C5B53F_1067^; Trident/7.0; rv:11.0) like Gecko"
211.252.151.28 - - [09/May/2018:01:37:30 -0400] "GET /themes/garland/images/body.png HTTP/1.1" 200 1045 "https://www.nspw.org/2018/?utm_source=infosec-conferences-com&utm_medium=directory&utm_campaign=free-listing" "Mozilla/5.0 (Windows NT 6.1; WOW64; APCPMS=^N20140115041946137138498B2B92A4C5B53F_1067^; Trident/7.0; rv:11.0) like Gecko"
218.45.244.213 - - [09/May/2018:01:37:39 -0400] "GET / HTTP/1.1" 200 6620 "-" "Mozilla/5.0 (Macintosh; Intel Mac OS X 10_13_4) AppleWebKit/537.36 (KHTML, like Gecko) Chrome/66.0.3359.139 Safari/537.36"
69.162.124.227 - - [09/May/2018:01:39:52 -0400] "HEAD / HTTP/1.1" 200 3874 "http://nspw.org/" "Mozilla/5.0+(compatible; UptimeRobot/2.0; http://www.uptimerobot.com/)"
69.162.124.227 - - [09/May/2018:01:44:52 -0400] "HEAD / HTTP/1.1" 200 3874 "http://nspw.org/" "Mozilla/5.0+(compatible; UptimeRobot/2.0; http://www.uptimerobot.com/)"
66.249.75.137 - - [09/May/2018:01:44:58 -0400] "GET /papers/1999/nspw1999-povey.pdf HTTP/1.1" 304 3605 "-" "Mozilla/5.0 (compatible; Googlebot/2.1; +http://www.google.com/bot.html)"
66.249.69.42 - - [09/May/2018:01:45:29 -0400] "GET /1999 HTTP/1.1" 301 3986 "-" "Mozilla/5.0 (compatible; Googlebot/2.1; +http://www.google.com/bot.html)"
66.249.69.44 - - [09/May/2018:01:45:29 -0400] "GET /1999/ HTTP/1.1" 200 5185 "-" "Mozilla/5.0 (compatible; Googlebot/2.1; +http://www.google.com/bot.html)"
62.82.211.50 - - [09/May/2018:01:46:02 -0400] "GET /wp-login.php HTTP/1.1" 404 7839 "-" "Mozilla/5.0 (Windows NT 6.1; WOW64; rv:40.0) Gecko/20100101 Firefox/40.1"
62.82.211.50 - - [09/May/2018:01:46:03 -0400] "GET / HTTP/1.1" 200 8218 "-" "Mozilla/5.0 (Windows NT 6.1; WOW64; rv:40.0) Gecko/20100101 Firefox/40.1"
64.238.147.125 - - [09/May/2018:01:48:12 -0400] "GET /sites/nspw/images/nspw-logo-smaller.jpg HTTP/1.1" 404 4060 "-" "Java/1.8.0_162"
116.111.107.146 - - [09/May/2018:01:49:04 -0400] "GET /wp-login.php HTTP/1.1" 404 7839 "-" "Mozilla/5.0 (Windows NT 6.1; WOW64; rv:40.0) Gecko/20100101 Firefox/40.1"
116.111.107.146 - - [09/May/2018:01:49:07 -0400] "GET / HTTP/1.1" 200 8218 "-" "Mozilla/5.0 (Windows NT 6.1; WOW64; rv:40.0) Gecko/20100101 Firefox/40.1"
66.249.75.133 - - [09/May/2018:01:49:45 -0400] "GET /2018 HTTP/1.1" 200 6904 "-" "Mozilla/5.0 (compatible; Googlebot/2.1; +http://www.google.com/bot.html)"
66.249.69.44 - - [09/May/2018:01:49:52 -0400] "GET /1999/18.jpg HTTP/1.1" 200 33293 "-" "Googlebot-Image/1.0"
69.162.124.227 - - [09/May/2018:01:49:52 -0400] "HEAD / HTTP/1.1" 200 3874 "http://nspw.org/" "Mozilla/5.0+(compatible; UptimeRobot/2.0; http://www.uptimerobot.com/)"
69.162.124.227 - - [09/May/2018:01:54:52 -0400] "HEAD / HTTP/1.1" 200 3874 "http://nspw.org/" "Mozilla/5.0+(compatible; UptimeRobot/2.0; http://www.uptimerobot.com/)"
66.249.75.137 - - [09/May/2018:01:56:53 -0400] "GET /papers/1994/nspw1994-limoges.pdf HTTP/1.1" 200 983974 "-" "Mozilla/5.0 (compatible; Googlebot/2.1; +http://www.google.com/bot.html)"
117.199.139.125 - - [09/May/2018:01:58:41 -0400] "GET /wp-login.php HTTP/1.1" 404 7907 "-" "Mozilla/5.0 (Windows NT 6.1; WOW64; rv:40.0) Gecko/20100101 Firefox/40.1"
117.199.139.125 - - [09/May/2018:01:58:44 -0400] "GET / HTTP/1.1" 200 8218 "-" "Mozilla/5.0 (Windows NT 6.1; WOW64; rv:40.0) Gecko/20100101 Firefox/40.1"
77.88.47.40 - - [09/May/2018:01:58:43 -0400] "GET /2009/proceedings/1993/nspw1993-shockley.pdf HTTP/1.1" 200 793882 "-" "Mozilla/5.0 (compatible; YandexBot/3.0; +http://yandex.com/bots)"
77.88.47.40 - - [09/May/2018:01:59:24 -0400] "GET /2005/ HTTP/1.1" 200 2016 "-" "Mozilla/5.0 (compatible; YandexBot/3.0; +http://yandex.com/bots)"
77.88.47.40 - - [09/May/2018:01:59:31 -0400] "GET /2009/local.shtml HTTP/1.1" 200 6939 "-" "Mozilla/5.0 (compatible; YandexBot/3.0; +http://yandex.com/bots)"
69.162.124.227 - - [09/May/2018:01:59:52 -0400] "HEAD / HTTP/1.1" 200 3874 "http://nspw.org/" "Mozilla/5.0+(compatible; UptimeRobot/2.0; http://www.uptimerobot.com/)"
66.249.75.135 - - [09/May/2018:01:59:54 -0400] "GET /2006/index.shtml HTTP/1.1" 200 5348 "-" "Mozilla/5.0 (compatible; Googlebot/2.1; +http://www.google.com/bot.html)"
58.51.31.234 - - [09/May/2018:01:58:37 -0400] "GET /papers/1996/nspw1996-rasmusson.pdf HTTP/1.1" 200 1005481 "-" "Mozilla/5.0 (Windows NT 10.0; Win64; x64) AppleWebKit/537.36 (KHTML, like Gecko) Chrome/51.0.2704.106 Safari/537.36"
59.92.217.96 - - [09/May/2018:02:01:59 -0400] "GET /wp-login.php HTTP/1.1" 404 7484 "-" "Mozilla/5.0 (Windows NT 6.1; WOW64; rv:40.0) Gecko/20100101 Firefox/40.1"
59.92.217.96 - - [09/May/2018:02:02:01 -0400] "GET / HTTP/1.1" 200 8218 "-" "Mozilla/5.0 (Windows NT 6.1; WOW64; rv:40.0) Gecko/20100101 Firefox/40.1"
207.46.13.155 - - [09/May/2018:02:02:03 -0400] "GET /2018 HTTP/1.1" 200 7379 "-" "Mozilla/5.0 (compatible; bingbot/2.0; +http://www.bing.com/bingbot.htm)"
77.88.47.40 - - [09/May/2018:02:02:43 -0400] "GET /2005/program.shtml HTTP/1.1" 200 8317 "-" "Mozilla/5.0 (compatible; YandexBot/3.0; +http://yandex.com/bots)"
77.88.47.40 - - [09/May/2018:02:02:43 -0400] "GET /2017 HTTP/1.1" 200 3657 "-" "Mozilla/5.0 (compatible; YandexBot/3.0; +http://yandex.com/bots)"
66.249.75.133 - - [09/May/2018:02:04:03 -0400] "GET /2013/ HTTP/1.1" 200 6796 "-" "Mozilla/5.0 (compatible; Googlebot/2.1; +http://www.google.com/bot.html)"
204.79.180.23 - - [09/May/2018:02:04:02 -0400] "GET /papers/2004/nspw2004-sadeghi.pdf HTTP/1.1" 200 225928 "-" "Mozilla/5.0 (compatible; MSIE 9.0; Windows NT 6.0; Trident/5.0;  Trident/5.0)"
79.113.240.227 - - [09/May/2018:02:04:33 -0400] "GET /wp-login.php HTTP/1.1" 404 7491 "-" "Mozilla/5.0 (Windows NT 6.1; WOW64; rv:40.0) Gecko/20100101 Firefox/40.1"
79.113.240.227 - - [09/May/2018:02:04:34 -0400] "GET / HTTP/1.1" 200 8218 "-" "Mozilla/5.0 (Windows NT 6.1; WOW64; rv:40.0) Gecko/20100101 Firefox/40.1"
77.88.47.40 - - [09/May/2018:02:04:45 -0400] "GET /2009/cfp.shtml HTTP/1.1" 200 7654 "-" "Mozilla/5.0 (compatible; YandexBot/3.0; +http://yandex.com/bots)"
69.162.124.227 - - [09/May/2018:02:04:52 -0400] "HEAD / HTTP/1.1" 200 3874 "http://nspw.org/" "Mozilla/5.0+(compatible; UptimeRobot/2.0; http://www.uptimerobot.com/)"
77.88.47.40 - - [09/May/2018:02:07:12 -0400] "GET /papers/1994/nspw1994-bell.pdf HTTP/1.1" 200 628859 "-" "Mozilla/5.0 (compatible; YandexBot/3.0; +http://yandex.com/bots)"
66.249.75.137 - - [09/May/2018:02:08:23 -0400] "GET /cfp/nspw2011-cfp.pdf HTTP/1.1" 200 50834 "-" "Mozilla/5.0 (compatible; Googlebot/2.1; +http://www.google.com/bot.html)"
58.51.31.234 - - [09/May/2018:02:07:47 -0400] "GET /papers/1996/nspw1996-rasmusson.pdf HTTP/1.1" 200 1005481 "-" "Mozilla/5.0 (Windows NT 10.0; Win64; x64) AppleWebKit/537.36 (KHTML, like Gecko) Chrome/51.0.2704.106 Safari/537.36"
69.162.124.227 - - [09/May/2018:02:09:52 -0400] "HEAD / HTTP/1.1" 200 3874 "http://nspw.org/" "Mozilla/5.0+(compatible; UptimeRobot/2.0; http://www.uptimerobot.com/)"
75.76.109.135 - - [09/May/2018:02:13:03 -0400] "GET /wp-login.php HTTP/1.1" 404 7985 "-" "Mozilla/5.0 (Windows NT 6.1; WOW64; rv:40.0) Gecko/20100101 Firefox/40.1"
75.76.109.135 - - [09/May/2018:02:13:03 -0400] "GET / HTTP/1.1" 200 8206 "-" "Mozilla/5.0 (Windows NT 6.1; WOW64; rv:40.0) Gecko/20100101 Firefox/40.1"
5.14.83.170 - - [09/May/2018:02:14:06 -0400] "GET /wp-login.php HTTP/1.1" 404 7985 "-" "Mozilla/5.0 (Windows NT 6.1; WOW64; rv:40.0) Gecko/20100101 Firefox/40.1"
5.14.83.170 - - [09/May/2018:02:14:07 -0400] "GET / HTTP/1.1" 200 8206 "-" "Mozilla/5.0 (Windows NT 6.1; WOW64; rv:40.0) Gecko/20100101 Firefox/40.1"
66.249.75.133 - - [09/May/2018:02:14:17 -0400] "GET /2006/pc.shtml HTTP/1.1" 200 5685 "-" "Mozilla/5.0 (compatible; Googlebot/2.1; +http://www.google.com/bot.html)"
178.62.208.24 - - [09/May/2018:02:14:46 -0400] "GET /favicon.ico HTTP/1.1" 404 841 "https://www.nspw.org/2009/proceedings/2006/nspw2006-wang.pdf" "Mozilla/5.0 (Windows NT 6.1; Win64; x64) AppleWebKit/537.36 (KHTML, like Gecko) Chrome/66.0.3359.139 Safari/537.36"
69.162.124.227 - - [09/May/2018:02:14:52 -0400] "HEAD / HTTP/1.1" 200 3874 "http://nspw.org/" "Mozilla/5.0+(compatible; UptimeRobot/2.0; http://www.uptimerobot.com/)"
178.62.208.24 - - [09/May/2018:02:14:37 -0400] "GET /2009/proceedings/2006/nspw2006-wang.pdf HTTP/1.1" 200 512001 "https://scholar.google.nl/" "Mozilla/5.0 (Windows NT 6.1; Win64; x64) AppleWebKit/537.36 (KHTML, like Gecko) Chrome/66.0.3359.139 Safari/537.36"
117.214.38.235 - - [09/May/2018:02:15:44 -0400] "GET /wp-login.php HTTP/1.1" 404 7839 "-" "Mozilla/5.0 (Windows NT 6.1; WOW64; rv:40.0) Gecko/20100101 Firefox/40.1"
117.214.38.235 - - [09/May/2018:02:15:46 -0400] "GET / HTTP/1.1" 200 8218 "-" "Mozilla/5.0 (Windows NT 6.1; WOW64; rv:40.0) Gecko/20100101 Firefox/40.1"
66.249.69.42 - - [09/May/2018:02:17:40 -0400] "GET /2005/local.shtml HTTP/1.1" 200 4964 "-" "Mozilla/5.0 (compatible; Googlebot/2.1; +http://www.google.com/bot.html)"
66.249.75.135 - - [09/May/2018:02:18:26 -0400] "GET /2017 HTTP/1.1" 200 7052 "-" "Mozilla/5.0 (compatible; Googlebot/2.1; +http://www.google.com/bot.html)"
66.249.69.42 - - [09/May/2018:02:18:40 -0400] "GET /1999/13.jpg HTTP/1.1" 200 43430 "-" "Googlebot-Image/1.0"
66.249.75.133 - - [09/May/2018:02:18:47 -0400] "GET /papers/1996/nspw1996-hosmer.pdf HTTP/1.1" 200 814281 "-" "Mozilla/5.0 (compatible; Googlebot/2.1; +http://www.google.com/bot.html)"
69.162.124.227 - - [09/May/2018:02:19:52 -0400] "HEAD / HTTP/1.1" 200 3874 "http://nspw.org/" "Mozilla/5.0+(compatible; UptimeRobot/2.0; http://www.uptimerobot.com/)"
180.76.15.16 - - [09/May/2018:02:20:54 -0400] "GET /2014/ HTTP/1.1" 200 12887 "-" "Mozilla/5.0 (compatible; Baiduspider/2.0; +http://www.baidu.com/search/spider.html)"
207.46.13.154 - - [09/May/2018:02:22:06 -0400] "GET /past HTTP/1.1" 200 6863 "-" "Mozilla/5.0 (compatible; bingbot/2.0; +http://www.bing.com/bingbot.htm)"
59.106.108.116 - - [09/May/2018:02:24:00 -0400] "HEAD /current/ HTTP/1.1" 200 3904 "-" "Hatena Antenna/0.5 (http://a.hatena.ne.jp/help)"
59.106.108.116 - - [09/May/2018:02:24:04 -0400] "GET /current/ HTTP/1.1" 200 12401 "-" "Hatena Antenna/0.5 (http://a.hatena.ne.jp/help)"
69.162.124.227 - - [09/May/2018:02:24:52 -0400] "HEAD / HTTP/1.1" 200 3874 "http://nspw.org/" "Mozilla/5.0+(compatible; UptimeRobot/2.0; http://www.uptimerobot.com/)"
207.46.13.155 - - [09/May/2018:02:25:08 -0400] "GET /2018/organizers HTTP/1.1" 200 7436 "-" "Mozilla/5.0 (compatible; bingbot/2.0; +http://www.bing.com/bingbot.htm)"
103.46.233.22 - - [09/May/2018:02:26:29 -0400] "GET /wp-login.php HTTP/1.1" 404 7484 "-" "Mozilla/5.0 (Windows NT 6.1; WOW64; rv:40.0) Gecko/20100101 Firefox/40.1"
103.46.233.22 - - [09/May/2018:02:26:31 -0400] "GET / HTTP/1.1" 200 8218 "-" "Mozilla/5.0 (Windows NT 6.1; WOW64; rv:40.0) Gecko/20100101 Firefox/40.1"
199.16.157.181 - - [09/May/2018:02:27:43 -0400] "GET /robots.txt HTTP/1.1" 200 5699 "-" "Twitterbot/1.0"
61.205.226.233 - - [09/May/2018:02:27:47 -0400] "GET /papers/1996/nspw1996-olawsky.pdf HTTP/1.1" 206 66184 "https://www.google.co.jp/" "Mozilla/5.0 (X11; Linux x86_64; rv:59.0) Gecko/20100101 Firefox/59.0"
61.205.226.233 - - [09/May/2018:02:27:51 -0400] "GET /papers/1996/nspw1996-olawsky.pdf HTTP/1.1" 206 24329 "https://www.google.co.jp/" "Mozilla/5.0 (X11; Linux x86_64; rv:59.0) Gecko/20100101 Firefox/59.0"
61.205.226.233 - - [09/May/2018:02:27:54 -0400] "GET /papers/1996/nspw1996-olawsky.pdf HTTP/1.1" 206 66032 "https://www.google.co.jp/" "Mozilla/5.0 (X11; Linux x86_64; rv:59.0) Gecko/20100101 Firefox/59.0"
61.205.226.233 - - [09/May/2018:02:27:44 -0400] "GET /papers/1996/nspw1996-olawsky.pdf HTTP/1.1" 200 174452 "https://www.google.co.jp/" "Mozilla/5.0 (X11; Linux x86_64; rv:59.0) Gecko/20100101 Firefox/59.0"
199.58.86.211 - - [09/May/2018:02:28:16 -0400] "GET /robots.txt HTTP/1.1" 200 5926 "-" "Mozilla/5.0 (compatible; MJ12bot/v1.4.8; http://mj12bot.com/)"
199.58.86.211 - - [09/May/2018:02:28:39 -0400] "GET / HTTP/1.1" 200 11520 "-" "Mozilla/5.0 (compatible; MJ12bot/v1.4.8; http://mj12bot.com/)"
66.249.75.135 - - [09/May/2018:02:28:42 -0400] "GET /2018 HTTP/1.1" 200 6903 "-" "Mozilla/5.0 (compatible; Googlebot/2.1; +http://www.google.com/bot.html)"
66.249.75.135 - - [09/May/2018:02:29:18 -0400] "GET /2009/proceedings/2013/nspw2013-sundaramurthy.pdf HTTP/1.1" 200 355688 "-" "Mozilla/5.0 (compatible; Googlebot/2.1; +http://www.google.com/bot.html)"
69.162.124.227 - - [09/May/2018:02:29:52 -0400] "HEAD / HTTP/1.1" 200 3874 "http://nspw.org/" "Mozilla/5.0+(compatible; UptimeRobot/2.0; http://www.uptimerobot.com/)"
204.79.180.7 - - [09/May/2018:02:31:46 -0400] "GET /papers/1999/nspw1999-henning.pdf HTTP/1.1" 200 666751 "-" "Mozilla/5.0 (compatible; MSIE 9.0; Windows NT 6.0; Trident/5.0;  Trident/5.0)"
66.249.75.133 - - [09/May/2018:02:32:51 -0400] "GET /2005/ HTTP/1.1" 200 5410 "-" "Mozilla/5.0 (compatible; Googlebot/2.1; +http://www.google.com/bot.html)"
69.162.124.227 - - [09/May/2018:02:34:52 -0400] "HEAD / HTTP/1.1" 200 3874 "http://nspw.org/" "Mozilla/5.0+(compatible; UptimeRobot/2.0; http://www.uptimerobot.com/)"
112.200.202.51 - - [09/May/2018:02:35:37 -0400] "GET /wp-login.php HTTP/1.1" 404 7491 "-" "Mozilla/5.0 (Windows NT 6.1; WOW64; rv:40.0) Gecko/20100101 Firefox/40.1"
112.200.202.51 - - [09/May/2018:02:35:37 -0400] "GET / HTTP/1.1" 200 8218 "-" "Mozilla/5.0 (Windows NT 6.1; WOW64; rv:40.0) Gecko/20100101 Firefox/40.1"
77.88.47.40 - - [09/May/2018:02:36:47 -0400] "GET /robots.txt HTTP/1.1" 200 5979 "-" "Mozilla/5.0 (compatible; YandexBot/3.0; +http://yandex.com/bots)"
77.88.47.40 - - [09/May/2018:02:36:50 -0400] "GET /2014/sponsors HTTP/1.1" 200 2956 "-" "Mozilla/5.0 (compatible; YandexBot/3.0; +http://yandex.com/bots)"
39.50.206.44 - - [09/May/2018:02:38:30 -0400] "GET /wp-login.php HTTP/1.1" 404 7484 "-" "Mozilla/5.0 (Windows NT 6.1; WOW64; rv:40.0) Gecko/20100101 Firefox/40.1"
39.50.206.44 - - [09/May/2018:02:38:31 -0400] "GET / HTTP/1.1" 200 8218 "-" "Mozilla/5.0 (Windows NT 6.1; WOW64; rv:40.0) Gecko/20100101 Firefox/40.1"
77.88.47.40 - - [09/May/2018:02:39:01 -0400] "GET /2000/ HTTP/1.1" 200 5424 "-" "Mozilla/5.0 (compatible; YandexBot/3.0; +http://yandex.com/bots)"
66.249.75.133 - - [09/May/2018:02:39:09 -0400] "GET /2009/proceedings/2009/nspw2009-tuerpe.pdf HTTP/1.1" 200 375576 "-" "Mozilla/5.0 (compatible; Googlebot/2.1; +http://www.google.com/bot.html)"
69.162.124.227 - - [09/May/2018:02:39:52 -0400] "HEAD / HTTP/1.1" 200 3874 "http://nspw.org/" "Mozilla/5.0+(compatible; UptimeRobot/2.0; http://www.uptimerobot.com/)"
66.249.75.137 - - [09/May/2018:02:43:06 -0400] "GET /2013/ HTTP/1.1" 200 6797 "-" "Mozilla/5.0 (compatible; Googlebot/2.1; +http://www.google.com/bot.html)"
66.249.75.133 - - [09/May/2018:02:44:08 -0400] "GET /current/local.shtml HTTP/1.1" 404 8012 "-" "Mozilla/5.0 (compatible; Googlebot/2.1; +http://www.google.com/bot.html)"
69.162.124.227 - - [09/May/2018:02:44:52 -0400] "HEAD / HTTP/1.1" 200 3874 "http://nspw.org/" "Mozilla/5.0+(compatible; UptimeRobot/2.0; http://www.uptimerobot.com/)"
129.217.242.56 - - [09/May/2018:02:45:39 -0400] "GET / HTTP/1.1" 200 6621 "https://duckduckgo.com/" "Mozilla/5.0 (Windows NT 6.1; Win64; x64; rv:59.0) Gecko/20100101 Firefox/59.0"
129.217.242.56 - - [09/May/2018:02:45:39 -0400] "GET /misc/jquery.js?v=1.4.4 HTTP/1.1" 200 27601 "https://www.nspw.org/" "Mozilla/5.0 (Windows NT 6.1; Win64; x64; rv:59.0) Gecko/20100101 Firefox/59.0"
129.217.242.56 - - [09/May/2018:02:45:40 -0400] "GET /misc/jquery.once.js?v=1.2 HTTP/1.1" 200 1602 "https://www.nspw.org/" "Mozilla/5.0 (Windows NT 6.1; Win64; x64; rv:59.0) Gecko/20100101 Firefox/59.0"
129.217.242.56 - - [09/May/2018:02:45:40 -0400] "GET /misc/drupal.js?p7r9uw HTTP/1.1" 200 7529 "https://www.nspw.org/" "Mozilla/5.0 (Windows NT 6.1; Win64; x64; rv:59.0) Gecko/20100101 Firefox/59.0"
129.217.242.56 - - [09/May/2018:02:45:40 -0400] "GET /modules/system/system.base.css?p7r9uw HTTP/1.1" 200 2464 "https://www.nspw.org/" "Mozilla/5.0 (Windows NT 6.1; Win64; x64; rv:59.0) Gecko/20100101 Firefox/59.0"
129.217.242.56 - - [09/May/2018:02:45:40 -0400] "GET /modules/system/system.messages.css?p7r9uw HTTP/1.1" 200 903 "https://www.nspw.org/" "Mozilla/5.0 (Windows NT 6.1; Win64; x64; rv:59.0) Gecko/20100101 Firefox/59.0"
129.217.242.56 - - [09/May/2018:02:45:40 -0400] "GET /modules/system/system.menus.css?p7r9uw HTTP/1.1" 200 1182 "https://www.nspw.org/" "Mozilla/5.0 (Windows NT 6.1; Win64; x64; rv:59.0) Gecko/20100101 Firefox/59.0"
129.217.242.56 - - [09/May/2018:02:45:40 -0400] "GET /modules/system/system.theme.css?p7r9uw HTTP/1.1" 200 1585 "https://www.nspw.org/" "Mozilla/5.0 (Windows NT 6.1; Win64; x64; rv:59.0) Gecko/20100101 Firefox/59.0"
129.217.242.56 - - [09/May/2018:02:45:40 -0400] "GET /modules/comment/comment.css?p7r9uw HTTP/1.1" 200 505 "https://www.nspw.org/" "Mozilla/5.0 (Windows NT 6.1; Win64; x64; rv:59.0) Gecko/20100101 Firefox/59.0"
129.217.242.56 - - [09/May/2018:02:45:40 -0400] "GET /modules/field/theme/field.css?p7r9uw HTTP/1.1" 200 599 "https://www.nspw.org/" "Mozilla/5.0 (Windows NT 6.1; Win64; x64; rv:59.0) Gecko/20100101 Firefox/59.0"
129.217.242.56 - - [09/May/2018:02:45:40 -0400] "GET /modules/node/node.css?p7r9uw HTTP/1.1" 200 472 "https://www.nspw.org/" "Mozilla/5.0 (Windows NT 6.1; Win64; x64; rv:59.0) Gecko/20100101 Firefox/59.0"
129.217.242.56 - - [09/May/2018:02:45:40 -0400] "GET /modules/user/user.css?p7r9uw HTTP/1.1" 200 1062 "https://www.nspw.org/" "Mozilla/5.0 (Windows NT 6.1; Win64; x64; rv:59.0) Gecko/20100101 Firefox/59.0"
129.217.242.56 - - [09/May/2018:02:45:40 -0400] "GET /themes/garland/style.css?p7r9uw HTTP/1.1" 200 5370 "https://www.nspw.org/" "Mozilla/5.0 (Windows NT 6.1; Win64; x64; rv:59.0) Gecko/20100101 Firefox/59.0"
129.217.242.56 - - [09/May/2018:02:45:40 -0400] "GET /themes/garland/print.css?p7r9uw HTTP/1.1" 200 771 "https://www.nspw.org/" "Mozilla/5.0 (Windows NT 6.1; Win64; x64; rv:59.0) Gecko/20100101 Firefox/59.0"
129.217.242.56 - - [09/May/2018:02:45:42 -0400] "GET /sites/default/files/nspw-logo-smaller.jpg HTTP/1.1" 200 2534 "https://www.nspw.org/" "Mozilla/5.0 (Windows NT 6.1; Win64; x64; rv:59.0) Gecko/20100101 Firefox/59.0"
129.217.242.56 - - [09/May/2018:02:45:42 -0400] "GET /themes/garland/images/body.png HTTP/1.1" 200 993 "https://www.nspw.org/themes/garland/style.css?p7r9uw" "Mozilla/5.0 (Windows NT 6.1; Win64; x64; rv:59.0) Gecko/20100101 Firefox/59.0"
129.217.242.56 - - [09/May/2018:02:45:42 -0400] "GET /themes/garland/images/bg-navigation-item.png HTTP/1.1" 200 812 "https://www.nspw.org/themes/garland/style.css?p7r9uw" "Mozilla/5.0 (Windows NT 6.1; Win64; x64; rv:59.0) Gecko/20100101 Firefox/59.0"
129.217.242.56 - - [09/May/2018:02:45:42 -0400] "GET /themes/garland/images/menu-leaf.gif HTTP/1.1" 200 486 "https://www.nspw.org/themes/garland/style.css?p7r9uw" "Mozilla/5.0 (Windows NT 6.1; Win64; x64; rv:59.0) Gecko/20100101 Firefox/59.0"
129.217.242.56 - - [09/May/2018:02:45:42 -0400] "GET /themes/garland/images/bg-navigation-item-hover.png HTTP/1.1" 200 754 "https://www.nspw.org/themes/garland/style.css?p7r9uw" "Mozilla/5.0 (Windows NT 6.1; Win64; x64; rv:59.0) Gecko/20100101 Firefox/59.0"
129.217.242.56 - - [09/May/2018:02:45:42 -0400] "GET /themes/garland/images/menu-expanded.gif HTTP/1.1" 200 495 "https://www.nspw.org/themes/garland/style.css?p7r9uw" "Mozilla/5.0 (Windows NT 6.1; Win64; x64; rv:59.0) Gecko/20100101 Firefox/59.0"
129.217.242.56 - - [09/May/2018:02:45:42 -0400] "GET /themes/garland/images/menu-collapsed.gif HTTP/1.1" 200 488 "https://www.nspw.org/themes/garland/style.css?p7r9uw" "Mozilla/5.0 (Windows NT 6.1; Win64; x64; rv:59.0) Gecko/20100101 Firefox/59.0"
129.217.242.56 - - [09/May/2018:02:45:42 -0400] "GET /themes/garland/images/bg-content-left.png HTTP/1.1" 200 3232 "https://www.nspw.org/themes/garland/style.css?p7r9uw" "Mozilla/5.0 (Windows NT 6.1; Win64; x64; rv:59.0) Gecko/20100101 Firefox/59.0"
129.217.242.56 - - [09/May/2018:02:45:42 -0400] "GET /themes/garland/images/bg-content-right.png HTTP/1.1" 200 3162 "https://www.nspw.org/themes/garland/style.css?p7r9uw" "Mozilla/5.0 (Windows NT 6.1; Win64; x64; rv:59.0) Gecko/20100101 Firefox/59.0"
129.217.242.56 - - [09/May/2018:02:45:42 -0400] "GET /themes/garland/images/bg-content.png HTTP/1.1" 200 798 "https://www.nspw.org/themes/garland/style.css?p7r9uw" "Mozilla/5.0 (Windows NT 6.1; Win64; x64; rv:59.0) Gecko/20100101 Firefox/59.0"
129.217.242.56 - - [09/May/2018:02:45:43 -0400] "GET /favicon.ico HTTP/1.1" 404 700 "-" "Mozilla/5.0 (Windows NT 6.1; Win64; x64; rv:59.0) Gecko/20100101 Firefox/59.0"
129.217.242.56 - - [09/May/2018:02:45:43 -0400] "GET /favicon.ico HTTP/1.1" 404 700 "-" "Mozilla/5.0 (Windows NT 6.1; Win64; x64; rv:59.0) Gecko/20100101 Firefox/59.0"
66.249.75.137 - - [09/May/2018:02:47:15 -0400] "GET /2017/ HTTP/1.1" 200 7052 "-" "Mozilla/5.0 (compatible; Googlebot/2.1; +http://www.google.com/bot.html)"
129.217.242.56 - - [09/May/2018:02:47:21 -0400] "GET /2018 HTTP/1.1" 200 3668 "https://www.nspw.org/" "Mozilla/5.0 (Windows NT 6.1; Win64; x64; rv:59.0) Gecko/20100101 Firefox/59.0"
66.249.69.44 - - [09/May/2018:02:47:28 -0400] "GET /1999/11.jpg HTTP/1.1" 200 88787 "-" "Googlebot-Image/1.0"
129.217.242.56 - - [09/May/2018:02:47:45 -0400] "GET /2018/cfp HTTP/1.1" 200 4916 "https://www.nspw.org/2018" "Mozilla/5.0 (Windows NT 6.1; Win64; x64; rv:59.0) Gecko/20100101 Firefox/59.0"
129.217.242.56 - - [09/May/2018:02:47:55 -0400] "GET /2018/dates HTTP/1.1" 200 3031 "https://www.nspw.org/2018/cfp" "Mozilla/5.0 (Windows NT 6.1; Win64; x64; rv:59.0) Gecko/20100101 Firefox/59.0"
77.88.47.40 - - [09/May/2018:02:41:00 -0400] "GET /papers/2010/nspw2010-sun.pdf HTTP/1.1" 200 3137738 "-" "Mozilla/5.0 (compatible; YandexBot/3.0; +http://yandex.com/bots)"
66.249.75.135 - - [09/May/2018:02:48:44 -0400] "GET /papers/2011/nspw2011-du.pdf HTTP/1.1" 200 658178 "-" "Mozilla/5.0 (compatible; Googlebot/2.1; +http://www.google.com/bot.html)"
77.88.47.40 - - [09/May/2018:02:48:30 -0400] "GET /2009/proceedings/2001/nspw2001-weirich.pdf HTTP/1.1" 200 720384 "-" "Mozilla/5.0 (compatible; YandexBot/3.0; +http://yandex.com/bots)"
77.88.47.40 - - [09/May/2018:02:49:10 -0400] "GET /2015/accepted HTTP/1.1" 200 3534 "-" "Mozilla/5.0 (compatible; YandexBot/3.0; +http://yandex.com/bots)"
69.162.124.227 - - [09/May/2018:02:49:52 -0400] "HEAD / HTTP/1.1" 200 3874 "http://nspw.org/" "Mozilla/5.0+(compatible; UptimeRobot/2.0; http://www.uptimerobot.com/)"
77.88.47.40 - - [09/May/2018:02:43:30 -0400] "GET /papers/2010/nspw2010-sun.pdf HTTP/1.1" 200 3144728 "-" "Mozilla/5.0 (compatible; YandexBot/3.0; +http://yandex.com/bots)"
77.88.47.40 - - [09/May/2018:02:46:00 -0400] "GET /papers/2010/nspw2010-sun.pdf HTTP/1.1" 200 3011918 "-" "Mozilla/5.0 (compatible; YandexBot/3.0; +http://yandex.com/bots)"
178.197.234.238 - - [09/May/2018:02:54:00 -0400] "GET /2018/cfp HTTP/1.1" 200 8195 "-" "Mozilla/5.0 (Windows NT 10.0; Win64; x64) AppleWebKit/537.36 (KHTML, like Gecko) Chrome/66.0.3359.139 Safari/537.36"
178.197.234.238 - - [09/May/2018:02:54:00 -0400] "GET /modules/system/system.menus.css?p7r9uw HTTP/1.1" 200 4463 "-" "Mozilla/5.0 (Windows NT 10.0; Win64; x64) AppleWebKit/537.36 (KHTML, like Gecko) Chrome/66.0.3359.139 Safari/537.36"
178.197.234.238 - - [09/May/2018:02:54:00 -0400] "GET /modules/system/system.base.css?p7r9uw HTTP/1.1" 200 2307 "-" "Mozilla/5.0 (Windows NT 10.0; Win64; x64) AppleWebKit/537.36 (KHTML, like Gecko) Chrome/66.0.3359.139 Safari/537.36"
178.197.234.238 - - [09/May/2018:02:54:00 -0400] "GET /modules/system/system.messages.css?p7r9uw HTTP/1.1" 200 746 "-" "Mozilla/5.0 (Windows NT 10.0; Win64; x64) AppleWebKit/537.36 (KHTML, like Gecko) Chrome/66.0.3359.139 Safari/537.36"
178.197.234.238 - - [09/May/2018:02:54:00 -0400] "GET /modules/system/system.theme.css?p7r9uw HTTP/1.1" 200 1585 "-" "Mozilla/5.0 (Windows NT 10.0; Win64; x64) AppleWebKit/537.36 (KHTML, like Gecko) Chrome/66.0.3359.139 Safari/537.36"
178.197.234.238 - - [09/May/2018:02:54:00 -0400] "GET /modules/comment/comment.css?p7r9uw HTTP/1.1" 200 658 "-" "Mozilla/5.0 (Windows NT 10.0; Win64; x64) AppleWebKit/537.36 (KHTML, like Gecko) Chrome/66.0.3359.139 Safari/537.36"
178.197.234.238 - - [09/May/2018:02:54:01 -0400] "GET /modules/field/theme/field.css?p7r9uw HTTP/1.1" 200 599 "-" "Mozilla/5.0 (Windows NT 10.0; Win64; x64) AppleWebKit/537.36 (KHTML, like Gecko) Chrome/66.0.3359.139 Safari/537.36"
178.197.234.238 - - [09/May/2018:02:54:01 -0400] "GET /modules/node/node.css?p7r9uw HTTP/1.1" 200 472 "-" "Mozilla/5.0 (Windows NT 10.0; Win64; x64) AppleWebKit/537.36 (KHTML, like Gecko) Chrome/66.0.3359.139 Safari/537.36"
178.197.234.238 - - [09/May/2018:02:54:01 -0400] "GET /modules/user/user.css?p7r9uw HTTP/1.1" 200 4500 "-" "Mozilla/5.0 (Windows NT 10.0; Win64; x64) AppleWebKit/537.36 (KHTML, like Gecko) Chrome/66.0.3359.139 Safari/537.36"
178.197.234.238 - - [09/May/2018:02:54:01 -0400] "GET /themes/garland/style.css?p7r9uw HTTP/1.1" 200 5370 "-" "Mozilla/5.0 (Windows NT 10.0; Win64; x64) AppleWebKit/537.36 (KHTML, like Gecko) Chrome/66.0.3359.139 Safari/537.36"
178.197.234.238 - - [09/May/2018:02:54:01 -0400] "GET /misc/jquery.once.js?v=1.2 HTTP/1.1" 200 1445 "https://www.nspw.org/2018/cfp" "Mozilla/5.0 (Windows NT 10.0; Win64; x64) AppleWebKit/537.36 (KHTML, like Gecko) Chrome/66.0.3359.139 Safari/537.36"
178.197.234.238 - - [09/May/2018:02:54:01 -0400] "GET /misc/drupal.js?p7r9uw HTTP/1.1" 200 7372 "https://www.nspw.org/2018/cfp" "Mozilla/5.0 (Windows NT 10.0; Win64; x64) AppleWebKit/537.36 (KHTML, like Gecko) Chrome/66.0.3359.139 Safari/537.36"
178.197.234.238 - - [09/May/2018:02:54:01 -0400] "GET /themes/garland/print.css?p7r9uw HTTP/1.1" 200 4209 "-" "Mozilla/5.0 (Windows NT 10.0; Win64; x64) AppleWebKit/537.36 (KHTML, like Gecko) Chrome/66.0.3359.139 Safari/537.36"
178.197.234.238 - - [09/May/2018:02:54:01 -0400] "GET /misc/jquery.js?v=1.4.4 HTTP/1.1" 200 31039 "https://www.nspw.org/2018/cfp" "Mozilla/5.0 (Windows NT 10.0; Win64; x64) AppleWebKit/537.36 (KHTML, like Gecko) Chrome/66.0.3359.139 Safari/537.36"
178.197.234.238 - - [09/May/2018:02:54:01 -0400] "GET /sites/default/files/nspw-logo-smaller.jpg HTTP/1.1" 200 2534 "https://www.nspw.org/2018/cfp" "Mozilla/5.0 (Windows NT 10.0; Win64; x64) AppleWebKit/537.36 (KHTML, like Gecko) Chrome/66.0.3359.139 Safari/537.36"
178.197.234.238 - - [09/May/2018:02:54:01 -0400] "GET /themes/garland/images/menu-leaf.gif HTTP/1.1" 200 486 "https://www.nspw.org/themes/garland/style.css?p7r9uw" "Mozilla/5.0 (Windows NT 10.0; Win64; x64) AppleWebKit/537.36 (KHTML, like Gecko) Chrome/66.0.3359.139 Safari/537.36"
178.197.234.238 - - [09/May/2018:02:54:01 -0400] "GET /themes/garland/images/body.png HTTP/1.1" 200 993 "https://www.nspw.org/themes/garland/style.css?p7r9uw" "Mozilla/5.0 (Windows NT 10.0; Win64; x64) AppleWebKit/537.36 (KHTML, like Gecko) Chrome/66.0.3359.139 Safari/537.36"
178.197.234.238 - - [09/May/2018:02:54:01 -0400] "GET /themes/garland/images/menu-collapsed.gif HTTP/1.1" 200 488 "https://www.nspw.org/themes/garland/style.css?p7r9uw" "Mozilla/5.0 (Windows NT 10.0; Win64; x64) AppleWebKit/537.36 (KHTML, like Gecko) Chrome/66.0.3359.139 Safari/537.36"
178.197.234.238 - - [09/May/2018:02:54:01 -0400] "GET /themes/garland/images/bg-content-left.png HTTP/1.1" 200 3232 "https://www.nspw.org/themes/garland/style.css?p7r9uw" "Mozilla/5.0 (Windows NT 10.0; Win64; x64) AppleWebKit/537.36 (KHTML, like Gecko) Chrome/66.0.3359.139 Safari/537.36"
178.197.234.238 - - [09/May/2018:02:54:01 -0400] "GET /themes/garland/images/bg-content-right.png HTTP/1.1" 200 3162 "https://www.nspw.org/themes/garland/style.css?p7r9uw" "Mozilla/5.0 (Windows NT 10.0; Win64; x64) AppleWebKit/537.36 (KHTML, like Gecko) Chrome/66.0.3359.139 Safari/537.36"
178.197.234.238 - - [09/May/2018:02:54:01 -0400] "GET /themes/garland/images/bg-content.png HTTP/1.1" 200 798 "https://www.nspw.org/themes/garland/style.css?p7r9uw" "Mozilla/5.0 (Windows NT 10.0; Win64; x64) AppleWebKit/537.36 (KHTML, like Gecko) Chrome/66.0.3359.139 Safari/537.36"
178.197.234.238 - - [09/May/2018:02:54:01 -0400] "GET /themes/garland/images/bg-navigation-item.png HTTP/1.1" 200 812 "https://www.nspw.org/themes/garland/style.css?p7r9uw" "Mozilla/5.0 (Windows NT 10.0; Win64; x64) AppleWebKit/537.36 (KHTML, like Gecko) Chrome/66.0.3359.139 Safari/537.36"
178.197.234.238 - - [09/May/2018:02:54:01 -0400] "GET /themes/garland/images/menu-expanded.gif HTTP/1.1" 200 495 "https://www.nspw.org/themes/garland/style.css?p7r9uw" "Mozilla/5.0 (Windows NT 10.0; Win64; x64) AppleWebKit/537.36 (KHTML, like Gecko) Chrome/66.0.3359.139 Safari/537.36"
178.197.234.238 - - [09/May/2018:02:54:01 -0400] "GET /favicon.ico HTTP/1.1" 404 700 "https://www.nspw.org/2018/cfp" "Mozilla/5.0 (Windows NT 10.0; Win64; x64) AppleWebKit/537.36 (KHTML, like Gecko) Chrome/66.0.3359.139 Safari/537.36"
180.76.15.146 - - [09/May/2018:02:54:14 -0400] "GET /papers/2009/nspw2009-herley.pdf HTTP/1.1" 200 189167 "-" "Mozilla/5.0 (compatible; Baiduspider/2.0; +http://www.baidu.com/search/spider.html)"
207.46.13.136 - - [09/May/2018:02:54:08 -0400] "GET /papers/1998/nspw1998-phillips.pdf HTTP/1.1" 200 754912 "-" "Mozilla/5.0 (iPhone; CPU iPhone OS 7_0 like Mac OS X) AppleWebKit/537.51.1 (KHTML, like Gecko) Version/7.0 Mobile/11A465 Safari/9537.53 (compatible; bingbot/2.0; +http://www.bing.com/bingbot.htm)"
69.162.124.227 - - [09/May/2018:02:54:52 -0400] "HEAD / HTTP/1.1" 200 3874 "http://nspw.org/" "Mozilla/5.0+(compatible; UptimeRobot/2.0; http://www.uptimerobot.com/)"
192.8.190.10 - - [09/May/2018:02:56:16 -0400] "GET /papers/2013/nspw2013-peisert.pdf HTTP/1.1" 200 712039 "http://www.google.co.in/url?sa=t&rct=j&q=&esrc=s&source=web&cd=2&ved=0ahUKEwjwqOiphvjaAhXHNY8KHb3ICVIQFggrMAE&url=http%3A%2F%2Fwww.nspw.org%2Fpapers%2F2013%2Fnspw2013-peisert.pdf&usg=AOvVaw09fLTguc7M7-xQiCv7wE2M" "Mozilla/5.0 (Windows NT 10.0; WOW64; Trident/7.0; rv:11.0) like Gecko"
66.249.75.133 - - [09/May/2018:02:57:30 -0400] "GET /2005/ HTTP/1.1" 200 5410 "-" "Mozilla/5.0 (compatible; Googlebot/2.1; +http://www.google.com/bot.html)"
193.106.30.99 - - [09/May/2018:02:58:08 -0400] "GET /db_z.php HTTP/1.1" 404 7977 "-" "Mozilla/5.0 (Windows NT 6.1; rv:34.0) Gecko/20100101 Firefox/34.0"
66.249.75.137 - - [09/May/2018:02:58:30 -0400] "GET /papers/2011/nspw2011-locasto.pdf HTTP/1.1" 200 555120 "-" "Mozilla/5.0 (compatible; Googlebot/2.1; +http://www.google.com/bot.html)"
207.46.13.136 - - [09/May/2018:02:59:14 -0400] "GET /papers/1998/nspw1998-chang.pdf HTTP/1.1" 200 679601 "-" "Mozilla/5.0 (iPhone; CPU iPhone OS 7_0 like Mac OS X) AppleWebKit/537.51.1 (KHTML, like Gecko) Version/7.0 Mobile/11A465 Safari/9537.53 (compatible; bingbot/2.0; +http://www.bing.com/bingbot.htm)"
69.162.124.227 - - [09/May/2018:02:59:52 -0400] "HEAD / HTTP/1.1" 200 3874 "http://nspw.org/" "Mozilla/5.0+(compatible; UptimeRobot/2.0; http://www.uptimerobot.com/)"
66.249.75.137 - - [09/May/2018:03:01:39 -0400] "GET /2012/ HTTP/1.1" 200 6877 "-" "Mozilla/5.0 (compatible; Googlebot/2.1; +http://www.google.com/bot.html)"
223.181.57.241 - - [09/May/2018:03:03:39 -0400] "GET /wp-login.php HTTP/1.1" 404 7484 "-" "Mozilla/5.0 (Windows NT 6.1; WOW64; rv:40.0) Gecko/20100101 Firefox/40.1"
223.181.57.241 - - [09/May/2018:03:03:39 -0400] "GET / HTTP/1.1" 200 8218 "-" "Mozilla/5.0 (Windows NT 6.1; WOW64; rv:40.0) Gecko/20100101 Firefox/40.1"
69.162.124.227 - - [09/May/2018:03:04:52 -0400] "HEAD / HTTP/1.1" 200 3874 "http://nspw.org/" "Mozilla/5.0+(compatible; UptimeRobot/2.0; http://www.uptimerobot.com/)"
207.46.13.152 - - [09/May/2018:03:04:44 -0400] "GET /papers/2001/nspw2001-yan.pdf HTTP/1.1" 200 510608 "-" "Mozilla/5.0 (compatible; bingbot/2.0; +http://www.bing.com/bingbot.htm)"
207.46.13.136 - - [09/May/2018:03:05:01 -0400] "GET /papers/1997/nspw1997-hinton.pdf HTTP/1.1" 200 1248201 "-" "Mozilla/5.0 (iPhone; CPU iPhone OS 7_0 like Mac OS X) AppleWebKit/537.51.1 (KHTML, like Gecko) Version/7.0 Mobile/11A465 Safari/9537.53 (compatible; bingbot/2.0; +http://www.bing.com/bingbot.htm)"
66.249.75.133 - - [09/May/2018:03:08:34 -0400] "GET /2015 HTTP/1.1" 200 6921 "-" "Mozilla/5.0 (compatible; Googlebot/2.1; +http://www.google.com/bot.html)"
101.255.9.83 - - [09/May/2018:03:09:26 -0400] "GET /wp-login.php HTTP/1.1" 404 7484 "-" "Mozilla/5.0 (Windows NT 6.1; WOW64; rv:40.0) Gecko/20100101 Firefox/40.1"
101.255.9.83 - - [09/May/2018:03:09:27 -0400] "GET / HTTP/1.1" 200 8218 "-" "Mozilla/5.0 (Windows NT 6.1; WOW64; rv:40.0) Gecko/20100101 Firefox/40.1"
69.162.124.227 - - [09/May/2018:03:09:52 -0400] "HEAD / HTTP/1.1" 200 3874 "http://nspw.org/" "Mozilla/5.0+(compatible; UptimeRobot/2.0; http://www.uptimerobot.com/)"
66.249.75.133 - - [09/May/2018:03:11:54 -0400] "GET /2017/ HTTP/1.1" 200 7049 "-" "Mozilla/5.0 (compatible; Googlebot/2.1; +http://www.google.com/bot.html)"
66.249.75.135 - - [09/May/2018:03:13:41 -0400] "GET /papers/2001/nspw2001-yan.pdf HTTP/1.1" 200 510133 "-" "Mozilla/5.0 (compatible; Googlebot/2.1; +http://www.google.com/bot.html)"
69.162.124.227 - - [09/May/2018:03:14:52 -0400] "HEAD / HTTP/1.1" 200 3874 "http://nspw.org/" "Mozilla/5.0+(compatible; UptimeRobot/2.0; http://www.uptimerobot.com/)"
66.249.75.133 - - [09/May/2018:03:16:03 -0400] "GET /2006/ HTTP/1.1" 200 5348 "-" "Mozilla/5.0 (compatible; Googlebot/2.1; +http://www.google.com/bot.html)"
138.197.7.134 - - [09/May/2018:03:16:14 -0400] "GET / HTTP/1.1" 200 6638 "http://www.nspw.org/" "Mozilla/5.0 (X11; Datanyze; Linux x86_64) AppleWebKit/537.36 (KHTML, like Gecko) Chrome/65.0.3325.181 Safari/537.36"
138.197.7.134 - - [09/May/2018:03:16:15 -0400] "GET /misc/jquery.once.js?v=1.2 HTTP/1.1" 200 6776 "-" "Mozilla/5.0 (X11; Datanyze; Linux x86_64) AppleWebKit/537.36 (KHTML, like Gecko) Chrome/65.0.3325.181 Safari/537.36"
138.197.7.134 - - [09/May/2018:03:16:15 -0400] "GET /misc/drupal.js?p7r9uw HTTP/1.1" 200 24052 "-" "Mozilla/5.0 (X11; Datanyze; Linux x86_64) AppleWebKit/537.36 (KHTML, like Gecko) Chrome/65.0.3325.181 Safari/537.36"
138.197.7.134 - - [09/May/2018:03:16:15 -0400] "GET /misc/jquery.js?v=1.4.4 HTTP/1.1" 200 82523 "-" "Mozilla/5.0 (X11; Datanyze; Linux x86_64) AppleWebKit/537.36 (KHTML, like Gecko) Chrome/65.0.3325.181 Safari/537.36"
66.249.69.42 - - [09/May/2018:03:16:18 -0400] "GET /1999/12.jpg HTTP/1.1" 200 51437 "-" "Googlebot-Image/1.0"
138.197.7.134 - - [09/May/2018:03:16:20 -0400] "GET /robots.txt HTTP/1.1" 200 4533 "-" "Mozilla/5.0 (Windows NT 6.1; WOW64; rv:21.0) Gecko/20100101 Firefox/21.0"
138.197.7.134 - - [09/May/2018:03:16:28 -0400] "GET /2018 HTTP/1.1" 200 6934 "https://www.nspw.org" "Mozilla/5.0 (X11; Datanyze; Linux x86_64) AppleWebKit/537.36 (KHTML, like Gecko) Chrome/65.0.3325.181 Safari/537.36"
138.197.7.134 - - [09/May/2018:03:16:28 -0400] "GET /past HTTP/1.1" 200 6418 "https://www.nspw.org" "Mozilla/5.0 (X11; Datanyze; Linux x86_64) AppleWebKit/537.36 (KHTML, like Gecko) Chrome/65.0.3325.181 Safari/537.36"
138.197.7.134 - - [09/May/2018:03:16:28 -0400] "GET /2016/organizers HTTP/1.1" 200 7203 "http://nspw.org/2016/organizers" "Mozilla/5.0 (X11; Datanyze; Linux x86_64) AppleWebKit/537.36 (KHTML, like Gecko) Chrome/65.0.3325.181 Safari/537.36"
138.197.7.134 - - [09/May/2018:03:16:28 -0400] "GET /proceedings HTTP/1.1" 200 6373 "https://www.nspw.org" "Mozilla/5.0 (X11; Datanyze; Linux x86_64) AppleWebKit/537.36 (KHTML, like Gecko) Chrome/65.0.3325.181 Safari/537.36"
138.197.7.134 - - [09/May/2018:03:16:28 -0400] "GET /login HTTP/1.1" 200 6294 "https://www.nspw.org" "Mozilla/5.0 (X11; Datanyze; Linux x86_64) AppleWebKit/537.36 (KHTML, like Gecko) Chrome/65.0.3325.181 Safari/537.36"
138.197.7.134 - - [09/May/2018:03:16:29 -0400] "GET /2018/cfp HTTP/1.1" 200 8179 "https://www.nspw.org" "Mozilla/5.0 (X11; Datanyze; Linux x86_64) AppleWebKit/537.36 (KHTML, like Gecko) Chrome/65.0.3325.181 Safari/537.36"
138.197.7.134 - - [09/May/2018:03:16:29 -0400] "GET /2018/dates HTTP/1.1" 200 6299 "https://www.nspw.org" "Mozilla/5.0 (X11; Datanyze; Linux x86_64) AppleWebKit/537.36 (KHTML, like Gecko) Chrome/65.0.3325.181 Safari/537.36"
138.197.7.134 - - [09/May/2018:03:16:30 -0400] "GET /2018/organizers HTTP/1.1" 200 6989 "https://www.nspw.org" "Mozilla/5.0 (X11; Datanyze; Linux x86_64) AppleWebKit/537.36 (KHTML, like Gecko) Chrome/65.0.3325.181 Safari/537.36"
141.212.122.96 - - [09/May/2018:03:17:07 -0400] "GET / HTTP/1.1" 200 6385 "http://134.117.225.17:80/" "Mozilla/5.0 zgrab/0.x"
103.102.120.229 - - [09/May/2018:03:18:23 -0400] "GET /wp-login.php HTTP/1.1" 404 7491 "-" "Mozilla/5.0 (Windows NT 6.1; WOW64; rv:40.0) Gecko/20100101 Firefox/40.1"
103.102.120.229 - - [09/May/2018:03:18:24 -0400] "GET / HTTP/1.1" 200 8218 "-" "Mozilla/5.0 (Windows NT 6.1; WOW64; rv:40.0) Gecko/20100101 Firefox/40.1"
94.101.187.210 - - [09/May/2018:03:19:34 -0400] "GET /wp-login.php HTTP/1.1" 404 7985 "-" "Mozilla/5.0 (Windows NT 6.1; WOW64; rv:40.0) Gecko/20100101 Firefox/40.1"
94.101.187.210 - - [09/May/2018:03:19:36 -0400] "GET / HTTP/1.1" 200 8206 "-" "Mozilla/5.0 (Windows NT 6.1; WOW64; rv:40.0) Gecko/20100101 Firefox/40.1"
58.124.14.186 - - [09/May/2018:03:19:44 -0400] "GET /2018/?utm_source=infosec-conferences-com&utm_medium=directory&utm_campaign=free-listing HTTP/1.1" 200 6920 "-" "Mozilla/5.0 (Windows NT 10.0; Win64; x64) AppleWebKit/537.36 (KHTML, like Gecko) Chrome/66.0.3359.139 Safari/537.36"
58.124.14.186 - - [09/May/2018:03:19:45 -0400] "GET /modules/system/system.base.css?p7r9uw HTTP/1.1" 200 2307 "-" "Mozilla/5.0 (Windows NT 10.0; Win64; x64) AppleWebKit/537.36 (KHTML, like Gecko) Chrome/66.0.3359.139 Safari/537.36"
58.124.14.186 - - [09/May/2018:03:19:45 -0400] "GET /modules/system/system.menus.css?p7r9uw HTTP/1.1" 200 4434 "-" "Mozilla/5.0 (Windows NT 10.0; Win64; x64) AppleWebKit/537.36 (KHTML, like Gecko) Chrome/66.0.3359.139 Safari/537.36"
58.124.14.186 - - [09/May/2018:03:19:45 -0400] "GET /modules/system/system.messages.css?p7r9uw HTTP/1.1" 200 746 "-" "Mozilla/5.0 (Windows NT 10.0; Win64; x64) AppleWebKit/537.36 (KHTML, like Gecko) Chrome/66.0.3359.139 Safari/537.36"
58.124.14.186 - - [09/May/2018:03:19:45 -0400] "GET /modules/system/system.theme.css?p7r9uw HTTP/1.1" 200 1585 "-" "Mozilla/5.0 (Windows NT 10.0; Win64; x64) AppleWebKit/537.36 (KHTML, like Gecko) Chrome/66.0.3359.139 Safari/537.36"
58.124.14.186 - - [09/May/2018:03:19:46 -0400] "GET /themes/garland/style.css?p7r9uw HTTP/1.1" 200 5370 "-" "Mozilla/5.0 (Windows NT 10.0; Win64; x64) AppleWebKit/537.36 (KHTML, like Gecko) Chrome/66.0.3359.139 Safari/537.36"
58.124.14.186 - - [09/May/2018:03:19:46 -0400] "GET /themes/garland/print.css?p7r9uw HTTP/1.1" 200 771 "-" "Mozilla/5.0 (Windows NT 10.0; Win64; x64) AppleWebKit/537.36 (KHTML, like Gecko) Chrome/66.0.3359.139 Safari/537.36"
