77.88.47.40 - - [07/May/2018:14:46:44 -0400] "GET /papers/1993/ HTTP/1.1" 200 4564 "-" "Mozilla/5.0 (compatible; YandexBot/3.0; +http://yandex.com/bots)"
54.208.102.37 - - [07/May/2018:14:48:19 -0400] "GET / HTTP/1.1" 200 6440 "https://www.nspw.org/" "Mozilla/5.0 (compatible; DuckDuckGo-Favicons-Bot/1.0; +http://duckduckgo.com)"
54.208.102.37 - - [07/May/2018:14:48:19 -0400] "GET /favicon.ico HTTP/1.1" 404 700 "https://www.nspw.org/favicon.ico" "Mozilla/5.0 (compatible; DuckDuckGo-Favicons-Bot/1.0; +http://duckduckgo.com)"
54.208.102.37 - - [07/May/2018:14:48:19 -0400] "GET /favicon.ico HTTP/1.1" 404 700 "https://www.nspw.org/favicon.ico" "Mozilla/5.0 (compatible; DuckDuckGo-Favicons-Bot/1.0; +http://duckduckgo.com)"
66.249.64.215 - - [07/May/2018:14:48:50 -0400] "GET /2018/dates HTTP/1.1" 200 6272 "-" "Mozilla/5.0 (compatible; Googlebot/2.1; +http://www.google.com/bot.html)"
190.192.254.185 - - [07/May/2018:14:49:01 -0400] "GET /wp-login.php HTTP/1.1" 404 7903 "-" "Mozilla/5.0 (Windows NT 6.1; WOW64; rv:40.0) Gecko/20100101 Firefox/40.1"
190.192.254.185 - - [07/May/2018:14:49:01 -0400] "GET / HTTP/1.1" 200 8218 "-" "Mozilla/5.0 (Windows NT 6.1; WOW64; rv:40.0) Gecko/20100101 Firefox/40.1"
69.162.124.227 - - [07/May/2018:14:49:11 -0400] "HEAD / HTTP/1.1" 200 3874 "http://nspw.org/" "Mozilla/5.0+(compatible; UptimeRobot/2.0; http://www.uptimerobot.com/)"
199.30.24.34 - - [07/May/2018:14:47:58 -0400] "GET /papers/2012/docs/p105.pdf HTTP/1.1" 200 4259133 "-" "Mozilla/5.0 (Windows NT 6.1; WOW64) AppleWebKit/534+ (KHTML, like Gecko) BingPreview/1.0b"
196.92.1.109 - - [07/May/2018:14:51:32 -0400] "GET /wp-login.php HTTP/1.1" 404 7985 "-" "Mozilla/5.0 (Windows NT 6.1; WOW64; rv:40.0) Gecko/20100101 Firefox/40.1"
196.92.1.109 - - [07/May/2018:14:51:32 -0400] "GET / HTTP/1.1" 200 8206 "-" "Mozilla/5.0 (Windows NT 6.1; WOW64; rv:40.0) Gecko/20100101 Firefox/40.1"
66.249.64.215 - - [07/May/2018:14:54:03 -0400] "GET /papers/1993/nspw1993-lin.pdf HTTP/1.1" 200 1018564 "-" "Googlebot/2.1 (+http://www.google.com/bot.html)"
40.77.167.204 - - [07/May/2018:14:53:59 -0400] "GET /2009/proceedings/1999/nspw1999-henning.pdf HTTP/1.1" 200 667405 "-" "Mozilla/5.0 (iPhone; CPU iPhone OS 7_0 like Mac OS X) AppleWebKit/537.51.1 (KHTML, like Gecko) Version/7.0 Mobile/11A465 Safari/9537.53 (compatible; bingbot/2.0; +http://www.bing.com/bingbot.htm)"
69.162.124.227 - - [07/May/2018:14:54:11 -0400] "HEAD / HTTP/1.1" 200 3874 "http://nspw.org/" "Mozilla/5.0+(compatible; UptimeRobot/2.0; http://www.uptimerobot.com/)"
69.162.124.227 - - [07/May/2018:14:59:11 -0400] "HEAD / HTTP/1.1" 200 3874 "http://nspw.org/" "Mozilla/5.0+(compatible; UptimeRobot/2.0; http://www.uptimerobot.com/)"
216.244.66.247 - - [07/May/2018:15:01:16 -0400] "GET /robots.txt HTTP/1.1" 200 5796 "-" "Mozilla/5.0 (compatible; DotBot/1.1; http://www.opensiteexplorer.org/dotbot, help@moz.com)"
66.249.64.219 - - [07/May/2018:15:03:54 -0400] "GET /2009/proceedings/1996/nspw1996-wulf.pdf HTTP/1.1" 304 3606 "-" "Mozilla/5.0 (compatible; Googlebot/2.1; +http://www.google.com/bot.html)"
69.162.124.227 - - [07/May/2018:15:04:11 -0400] "HEAD / HTTP/1.1" 200 3874 "http://nspw.org/" "Mozilla/5.0+(compatible; UptimeRobot/2.0; http://www.uptimerobot.com/)"
77.88.47.40 - - [07/May/2018:15:04:25 -0400] "GET /robots.txt HTTP/1.1" 200 5979 "-" "Mozilla/5.0 (compatible; YandexBot/3.0; +http://yandex.com/bots)"
77.88.47.40 - - [07/May/2018:15:04:28 -0400] "GET /2009/proceedings/1993/nspw1993-denning.pdf HTTP/1.1" 200 632960 "-" "Mozilla/5.0 (compatible; YandexBot/3.0; +http://yandex.com/bots)"
77.88.47.40 - - [07/May/2018:15:05:09 -0400] "GET /node/53 HTTP/1.1" 200 3528 "-" "Mozilla/5.0 (compatible; YandexBot/3.0; +http://yandex.com/bots)"
40.77.167.204 - - [07/May/2018:15:08:07 -0400] "GET /2002/ HTTP/1.1" 200 5632 "-" "Mozilla/5.0 (compatible; bingbot/2.0; +http://www.bing.com/bingbot.htm)"
66.249.64.215 - - [07/May/2018:15:08:56 -0400] "GET /2003/pc.shtml HTTP/1.1" 200 5290 "-" "Mozilla/5.0 (compatible; Googlebot/2.1; +http://www.google.com/bot.html)"
103.195.2.22 - - [07/May/2018:15:08:58 -0400] "GET /2009/proceedings/2009/nspw2009-herley.pdf HTTP/1.1" 200 189209 "https://scholar.google.com/" "Mozilla/5.0 (Linux; Android 6.0.1; SM-G930F Build/MMB29M) AppleWebKit/537.36 (KHTML, like Gecko) Chrome/66.0.3359.126 Mobile Safari/537.36"
66.160.140.181 - - [07/May/2018:15:09:10 -0400] "GET /robots.txt HTTP/1.1" 200 4444 "-" "The Knowledge AI"
69.162.124.227 - - [07/May/2018:15:09:11 -0400] "HEAD / HTTP/1.1" 200 3874 "http://nspw.org/" "Mozilla/5.0+(compatible; UptimeRobot/2.0; http://www.uptimerobot.com/)"
103.195.2.22 - - [07/May/2018:15:09:18 -0400] "-" 408 3408 "-" "-"
216.244.66.236 - - [07/May/2018:15:09:23 -0400] "GET /robots.txt HTTP/1.1" 200 5796 "-" "Mozilla/5.0 (compatible; DotBot/1.1; http://www.opensiteexplorer.org/dotbot, help@moz.com)"
40.77.167.204 - - [07/May/2018:15:09:26 -0400] "GET /papers/2003/nspw2003-duvarney.pdf HTTP/1.1" 200 1060646 "-" "Mozilla/5.0 (iPhone; CPU iPhone OS 7_0 like Mac OS X) AppleWebKit/537.51.1 (KHTML, like Gecko) Version/7.0 Mobile/11A465 Safari/9537.53 (compatible; bingbot/2.0; +http://www.bing.com/bingbot.htm)"
180.76.15.158 - - [07/May/2018:15:10:40 -0400] "GET /papers/1998/nspw1998-slater.pdf HTTP/1.1" 200 863887 "-" "Mozilla/5.0 (compatible; Baiduspider/2.0; +http://www.baidu.com/search/spider.html)"
169.233.192.35 - - [07/May/2018:15:11:08 -0400] "GET /current/ HTTP/1.1" 200 6729 "-" "Mozilla/5.0 (iPad; CPU OS 11_3 like Mac OS X) AppleWebKit/605.1.15 (KHTML, like Gecko) Version/11.0 Mobile/15E148 Safari/604.1"
169.233.192.35 - - [07/May/2018:15:11:09 -0400] "GET /apple-touch-icon-152x152-precomposed.png HTTP/1.1" 404 3943 "-" "MobileSafari/604.1 CFNetwork/897.15 Darwin/17.5.0"
169.233.192.35 - - [07/May/2018:15:11:09 -0400] "GET /apple-touch-icon-152x152.png HTTP/1.1" 404 717 "-" "MobileSafari/604.1 CFNetwork/897.15 Darwin/17.5.0"
169.233.192.35 - - [07/May/2018:15:11:09 -0400] "GET /apple-touch-icon-precomposed.png HTTP/1.1" 404 721 "-" "MobileSafari/604.1 CFNetwork/897.15 Darwin/17.5.0"
169.233.192.35 - - [07/May/2018:15:11:09 -0400] "GET /apple-touch-icon.png HTTP/1.1" 404 709 "-" "MobileSafari/604.1 CFNetwork/897.15 Darwin/17.5.0"
169.233.192.35 - - [07/May/2018:15:11:09 -0400] "GET /favicon.ico HTTP/1.1" 404 700 "-" "MobileSafari/604.1 CFNetwork/897.15 Darwin/17.5.0"
169.233.192.35 - - [07/May/2018:15:11:09 -0400] "GET /apple-touch-icon-152x152-precomposed.png HTTP/1.1" 404 729 "-" "MobileSafari/604.1 CFNetwork/897.15 Darwin/17.5.0"
169.233.192.35 - - [07/May/2018:15:11:09 -0400] "GET /apple-touch-icon-152x152.png HTTP/1.1" 404 717 "-" "MobileSafari/604.1 CFNetwork/897.15 Darwin/17.5.0"
169.233.192.35 - - [07/May/2018:15:11:09 -0400] "GET /apple-touch-icon-precomposed.png HTTP/1.1" 404 721 "-" "MobileSafari/604.1 CFNetwork/897.15 Darwin/17.5.0"
169.233.192.35 - - [07/May/2018:15:11:09 -0400] "GET /apple-touch-icon.png HTTP/1.1" 404 709 "-" "MobileSafari/604.1 CFNetwork/897.15 Darwin/17.5.0"
169.233.192.35 - - [07/May/2018:15:11:09 -0400] "GET /favicon.ico HTTP/1.1" 404 700 "-" "MobileSafari/604.1 CFNetwork/897.15 Darwin/17.5.0"
66.102.6.197 - - [07/May/2018:15:11:49 -0400] "GET /papers/2011/nspw2011-pieters.pdf HTTP/1.1" 200 2771026 "http://www.google.com/search" "Mozilla/5.0 (X11; Linux x86_64) AppleWebKit/537.36 (KHTML, like Gecko; Google Web Preview) Chrome/41.0.2272.118 Safari/537.36"
66.249.64.17 - - [07/May/2018:15:11:49 -0400] "GET /2017/organizers HTTP/1.1" 200 7130 "-" "Mozilla/5.0 (compatible; Googlebot/2.1; +http://www.google.com/bot.html)"
2.154.30.190 - - [07/May/2018:15:11:57 -0400] "GET /wp-login.php HTTP/1.1" 404 8180 "-" "Mozilla/5.0 (Windows NT 6.1; WOW64; rv:40.0) Gecko/20100101 Firefox/40.1"
2.154.30.190 - - [07/May/2018:15:11:57 -0400] "GET / HTTP/1.1" 200 8298 "-" "Mozilla/5.0 (Windows NT 6.1; WOW64; rv:40.0) Gecko/20100101 Firefox/40.1"
191.189.22.70 - - [07/May/2018:15:12:43 -0400] "GET /wp-login.php HTTP/1.1" 404 7839 "-" "Mozilla/5.0 (Windows NT 6.1; WOW64; rv:40.0) Gecko/20100101 Firefox/40.1"
191.189.22.70 - - [07/May/2018:15:12:44 -0400] "GET / HTTP/1.1" 200 8218 "-" "Mozilla/5.0 (Windows NT 6.1; WOW64; rv:40.0) Gecko/20100101 Firefox/40.1"
40.77.167.185 - - [07/May/2018:15:12:14 -0400] "GET /papers/2005/nspw2005-van_oorschot.pdf HTTP/1.1" 200 2314259 "-" "Mozilla/5.0 (iPhone; CPU iPhone OS 7_0 like Mac OS X) AppleWebKit/537.51.1 (KHTML, like Gecko) Version/7.0 Mobile/11A465 Safari/9537.53 (compatible; bingbot/2.0; +http://www.bing.com/bingbot.htm)"
66.249.64.215 - - [07/May/2018:15:13:57 -0400] "GET /2018/cfp HTTP/1.1" 200 8151 "-" "Mozilla/5.0 (compatible; Googlebot/2.1; +http://www.google.com/bot.html)"
69.162.124.227 - - [07/May/2018:15:14:11 -0400] "HEAD / HTTP/1.1" 200 3874 "http://nspw.org/" "Mozilla/5.0+(compatible; UptimeRobot/2.0; http://www.uptimerobot.com/)"
188.146.192.134 - - [07/May/2018:15:16:55 -0400] "GET /wp-login.php HTTP/1.1" 404 7839 "-" "Mozilla/5.0 (Windows NT 6.1; WOW64; rv:40.0) Gecko/20100101 Firefox/40.1"
188.146.192.134 - - [07/May/2018:15:16:56 -0400] "GET / HTTP/1.1" 200 8218 "-" "Mozilla/5.0 (Windows NT 6.1; WOW64; rv:40.0) Gecko/20100101 Firefox/40.1"
50.68.28.235 - - [07/May/2018:15:17:16 -0400] "HEAD /papers/2000/nspw2000-rannenberg.pdf HTTP/1.1" 200 3720 "-" "Microsoft Office Word 2014"
50.68.28.235 - - [07/May/2018:15:17:17 -0400] "GET /papers/2000/nspw2000-rannenberg.pdf HTTP/1.1" 200 1059136 "-" "Mozilla/5.0 (Windows NT 10.0; WOW64; Trident/7.0; LCTE; rv:11.0) like Gecko"
50.68.28.235 - - [07/May/2018:15:17:24 -0400] "GET /papers/2000/nspw2000-rannenberg.pdf HTTP/1.1" 200 1059151 "-" "Mozilla/5.0 (Windows NT 10.0; Win64; x64) AppleWebKit/537.36 (KHTML, like Gecko) Chrome/58.0.3029.110 Safari/537.36 Edge/16.16299"
180.76.15.19 - - [07/May/2018:15:17:25 -0400] "GET /papers/2012/docs/p1.pdf HTTP/1.1" 200 803514 "-" "Mozilla/5.0 (compatible; Baiduspider/2.0; +http://www.baidu.com/search/spider.html)"
50.68.28.235 - - [07/May/2018:15:17:27 -0400] "GET /papers/2000/nspw2000-rannenberg.pdf HTTP/1.1" 206 1059204 "https://www.nspw.org/papers/2000/nspw2000-rannenberg.pdf" "Mozilla/5.0 (Windows NT 10.0; Win64; x64) AppleWebKit/537.36 (KHTML, like Gecko) Chrome/58.0.3029.110 Safari/537.36 Edge/16.16299"
50.68.28.235 - - [07/May/2018:15:17:28 -0400] "GET /papers/2000/nspw2000-rannenberg.pdf HTTP/1.1" 206 727664 "https://www.nspw.org/papers/2000/nspw2000-rannenberg.pdf" "Mozilla/5.0 (Windows NT 10.0; Win64; x64) AppleWebKit/537.36 (KHTML, like Gecko) Chrome/58.0.3029.110 Safari/537.36 Edge/16.16299"
50.68.28.235 - - [07/May/2018:15:17:28 -0400] "GET /papers/2000/nspw2000-rannenberg.pdf HTTP/1.1" 206 1055795 "https://www.nspw.org/papers/2000/nspw2000-rannenberg.pdf" "Mozilla/5.0 (Windows NT 10.0; Win64; x64) AppleWebKit/537.36 (KHTML, like Gecko) Chrome/58.0.3029.110 Safari/537.36 Edge/16.16299"
50.68.28.235 - - [07/May/2018:15:17:29 -0400] "GET /papers/2000/nspw2000-rannenberg.pdf HTTP/1.1" 206 9587 "https://www.nspw.org/papers/2000/nspw2000-rannenberg.pdf" "Mozilla/5.0 (Windows NT 10.0; Win64; x64) AppleWebKit/537.36 (KHTML, like Gecko) Chrome/58.0.3029.110 Safari/537.36 Edge/16.16299"
50.68.28.235 - - [07/May/2018:15:17:29 -0400] "GET /papers/2000/nspw2000-rannenberg.pdf HTTP/1.1" 206 33207 "https://www.nspw.org/papers/2000/nspw2000-rannenberg.pdf" "Mozilla/5.0 (Windows NT 10.0; Win64; x64) AppleWebKit/537.36 (KHTML, like Gecko) Chrome/58.0.3029.110 Safari/537.36 Edge/16.16299"
50.68.28.235 - - [07/May/2018:15:17:44 -0400] "-" 408 3408 "-" "-"
180.76.15.150 - - [07/May/2018:15:18:25 -0400] "GET /papers/2009/nspw2009-gates.pdf HTTP/1.1" 200 398438 "-" "Mozilla/5.0 (compatible; Baiduspider/2.0; +http://www.baidu.com/search/spider.html)"
77.88.47.40 - - [07/May/2018:15:19:11 -0400] "GET /2004/nspw2004program.pdf HTTP/1.1" 200 30975 "-" "Mozilla/5.0 (compatible; YandexBot/3.0; +http://yandex.com/bots)"
69.162.124.227 - - [07/May/2018:15:19:11 -0400] "HEAD / HTTP/1.1" 200 3874 "http://nspw.org/" "Mozilla/5.0+(compatible; UptimeRobot/2.0; http://www.uptimerobot.com/)"
50.68.28.235 - - [07/May/2018:15:19:24 -0400] "GET /papers/2000/nspw2000-rannenberg.pdf HTTP/1.1" 200 1059151 "-" "Mozilla/5.0 (Windows NT 10.0; Win64; x64) AppleWebKit/537.36 (KHTML, like Gecko) Chrome/66.0.3359.139 Safari/537.36"
50.68.28.235 - - [07/May/2018:15:19:25 -0400] "GET /favicon.ico HTTP/1.1" 404 700 "https://www.nspw.org/papers/2000/nspw2000-rannenberg.pdf" "Mozilla/5.0 (Windows NT 10.0; Win64; x64) AppleWebKit/537.36 (KHTML, like Gecko) Chrome/66.0.3359.139 Safari/537.36"
50.68.28.235 - - [07/May/2018:15:19:44 -0400] "-" 408 3408 "-" "-"
180.76.15.28 - - [07/May/2018:15:20:35 -0400] "GET /papers/2006/nspw2006-crawford.pdf HTTP/1.1" 200 401254 "-" "Mozilla/5.0 (compatible; Baiduspider/2.0; +http://www.baidu.com/search/spider.html)"
77.88.47.40 - - [07/May/2018:15:19:59 -0400] "GET /papers/1998/nspw1998-phillips.pdf HTTP/1.1" 200 754466 "-" "Mozilla/5.0 (compatible; YandexBot/3.0; +http://yandex.com/bots)"
77.88.47.40 - - [07/May/2018:15:20:41 -0400] "GET /2005/cfp/latex/ieee.clo HTTP/1.1" 200 9855 "-" "Mozilla/5.0 (compatible; YandexBot/3.0; +http://yandex.com/bots)"
216.244.66.236 - - [07/May/2018:15:23:33 -0400] "GET /papers/2010/?C=M;O=D HTTP/1.1" 200 7330 "-" "Mozilla/5.0 (compatible; DotBot/1.1; http://www.opensiteexplorer.org/dotbot, help@moz.com)"
69.162.124.227 - - [07/May/2018:15:24:11 -0400] "HEAD / HTTP/1.1" 200 3874 "http://nspw.org/" "Mozilla/5.0+(compatible; UptimeRobot/2.0; http://www.uptimerobot.com/)"
66.249.64.217 - - [07/May/2018:15:24:19 -0400] "GET /papers/1996/nspw1996-zurko.pdf HTTP/1.1" 200 887095 "-" "Mozilla/5.0 (compatible; Googlebot/2.1; +http://www.google.com/bot.html)"
180.76.15.150 - - [07/May/2018:15:24:48 -0400] "GET /2006/nspw2006program.pdf HTTP/1.1" 404 7993 "-" "Mozilla/5.0 (compatible; Baiduspider/2.0; +http://www.baidu.com/search/spider.html)"
180.76.15.18 - - [07/May/2018:15:25:28 -0400] "GET /papers/2007/nspw2007-gay.pdf HTTP/1.1" 200 268587 "-" "Mozilla/5.0 (compatible; Baiduspider/2.0; +http://www.baidu.com/search/spider.html)"
27.6.145.87 - - [07/May/2018:15:25:42 -0400] "GET /wp-login.php HTTP/1.1" 404 7491 "-" "Mozilla/5.0 (Windows NT 6.1; WOW64; rv:40.0) Gecko/20100101 Firefox/40.1"
27.6.145.87 - - [07/May/2018:15:25:42 -0400] "GET / HTTP/1.1" 200 8218 "-" "Mozilla/5.0 (Windows NT 6.1; WOW64; rv:40.0) Gecko/20100101 Firefox/40.1"
180.76.15.138 - - [07/May/2018:15:26:29 -0400] "GET /2005/cfp/latex/index.html%3fN=D?S=A HTTP/1.1" 200 7005 "-" "Mozilla/5.0 (compatible; Baiduspider/2.0; +http://www.baidu.com/search/spider.html)"
180.76.15.32 - - [07/May/2018:15:27:29 -0400] "GET /2000/local.html HTTP/1.1" 200 7769 "-" "Mozilla/5.0 (compatible; Baiduspider/2.0; +http://www.baidu.com/search/spider.html)"
186.214.216.161 - - [07/May/2018:15:28:26 -0400] "GET /wp-login.php HTTP/1.1" 404 7839 "-" "Mozilla/5.0 (Windows NT 6.1; WOW64; rv:40.0) Gecko/20100101 Firefox/40.1"
186.214.216.161 - - [07/May/2018:15:28:28 -0400] "GET / HTTP/1.1" 200 8218 "-" "Mozilla/5.0 (Windows NT 6.1; WOW64; rv:40.0) Gecko/20100101 Firefox/40.1"
180.76.15.11 - - [07/May/2018:15:28:29 -0400] "GET /2009/proceedings/1997/nspw1997-riechmann.pdf HTTP/1.1" 200 818102 "-" "Mozilla/5.0 (compatible; Baiduspider/2.0; +http://www.baidu.com/search/spider.html)"
77.88.47.40 - - [07/May/2018:15:21:08 -0400] "GET /2009/proceedings/2005/nspw2005-mcdermott.pdf HTTP/1.1" 200 2949008 "-" "Mozilla/5.0 (compatible; YandexBot/3.0; +http://yandex.com/bots)"
69.162.124.227 - - [07/May/2018:15:29:11 -0400] "HEAD / HTTP/1.1" 200 3874 "http://nspw.org/" "Mozilla/5.0+(compatible; UptimeRobot/2.0; http://www.uptimerobot.com/)"
180.76.15.158 - - [07/May/2018:15:29:29 -0400] "GET /papers/2007/nspw2007-solworth.pdf HTTP/1.1" 200 384554 "-" "Mozilla/5.0 (compatible; Baiduspider/2.0; +http://www.baidu.com/search/spider.html)"
109.92.81.180 - - [07/May/2018:15:29:38 -0400] "GET /wp-login.php HTTP/1.1" 404 7484 "-" "Mozilla/5.0 (Windows NT 6.1; WOW64; rv:40.0) Gecko/20100101 Firefox/40.1"
109.92.81.180 - - [07/May/2018:15:29:39 -0400] "GET / HTTP/1.1" 200 8218 "-" "Mozilla/5.0 (Windows NT 6.1; WOW64; rv:40.0) Gecko/20100101 Firefox/40.1"
77.88.47.40 - - [07/May/2018:15:23:38 -0400] "GET /2009/proceedings/2005/nspw2005-mcdermott.pdf HTTP/1.1" 200 2687582 "-" "Mozilla/5.0 (compatible; YandexBot/3.0; +http://yandex.com/bots)"
180.76.15.8 - - [07/May/2018:15:31:29 -0400] "GET /2009/submission.shtml HTTP/1.1" 200 8032 "-" "Mozilla/5.0 (compatible; Baiduspider/2.0; +http://www.baidu.com/search/spider.html)"
66.249.64.217 - - [07/May/2018:15:32:06 -0400] "GET /current/oc.shtml HTTP/1.1" 404 8006 "-" "Mozilla/5.0 (compatible; Googlebot/2.1; +http://www.google.com/bot.html)"
77.88.47.40 - - [07/May/2018:15:32:11 -0400] "GET /2011/local HTTP/1.1" 200 8300 "-" "Mozilla/5.0 (compatible; YandexBot/3.0; +http://yandex.com/bots)"
216.244.66.236 - - [07/May/2018:15:32:30 -0400] "GET /robots.txt HTTP/1.1" 200 5796 "-" "Mozilla/5.0 (compatible; DotBot/1.1; http://www.opensiteexplorer.org/dotbot, help@moz.com)"
77.88.47.40 - - [07/May/2018:15:33:13 -0400] "GET /2007/ HTTP/1.1" 200 5464 "-" "Mozilla/5.0 (compatible; YandexBot/3.0; +http://yandex.com/bots)"
180.76.15.155 - - [07/May/2018:15:33:29 -0400] "GET /past.html HTTP/1.1" 404 7952 "-" "Mozilla/5.0 (compatible; Baiduspider/2.0; +http://www.baidu.com/search/spider.html)"
77.88.47.40 - - [07/May/2018:15:26:08 -0400] "GET /2009/proceedings/2005/nspw2005-mcdermott.pdf HTTP/1.1" 200 3133544 "-" "Mozilla/5.0 (compatible; YandexBot/3.0; +http://yandex.com/bots)"
77.88.47.40 - - [07/May/2018:15:33:31 -0400] "GET /papers/2011/nspw2011-bicakci.pdf HTTP/1.1" 200 493614 "-" "Mozilla/5.0 (compatible; YandexBot/3.0; +http://yandex.com/bots)"
69.162.124.227 - - [07/May/2018:15:34:11 -0400] "HEAD / HTTP/1.1" 200 3874 "http://nspw.org/" "Mozilla/5.0+(compatible; UptimeRobot/2.0; http://www.uptimerobot.com/)"
180.76.15.19 - - [07/May/2018:15:34:29 -0400] "GET /2008/program.content.2007 HTTP/1.1" 200 3660 "-" "Mozilla/5.0 (compatible; Baiduspider/2.0; +http://www.baidu.com/search/spider.html)"
66.249.64.217 - - [07/May/2018:15:34:31 -0400] "GET /papers/2000/nspw2000-mcdermott.pdf HTTP/1.1" 304 3605 "-" "Mozilla/5.0 (compatible; Googlebot/2.1; +http://www.google.com/bot.html)"
216.244.66.236 - - [07/May/2018:15:35:03 -0400] "GET /2009/proceedings/2010/nspw2010-parkin.pdf HTTP/1.1" 200 920690 "-" "Mozilla/5.0 (compatible; DotBot/1.1; http://www.opensiteexplorer.org/dotbot, help@moz.com)"
180.76.15.15 - - [07/May/2018:15:35:29 -0400] "GET /2016/2016/dates HTTP/1.1" 404 7987 "-" "Mozilla/5.0 (compatible; Baiduspider/2.0; +http://www.baidu.com/search/spider.html)"
40.77.177.212 - - [07/May/2018:15:37:16 -0400] "GET /papers/2010/nspw2010-sun.pdf HTTP/1.1" 200 142975 "-" "Mozilla/5.0 (iPhone; CPU iPhone OS 7_0 like Mac OS X) AppleWebKit/537.51.1 (KHTML, like Gecko) Version/7.0 Mobile/11A465 Safari/9537.53 BingPreview/1.0b"
180.76.15.10 - - [07/May/2018:15:37:29 -0400] "GET /2008/cfp.shtml HTTP/1.1" 200 17473 "-" "Mozilla/5.0 (compatible; Baiduspider/2.0; +http://www.baidu.com/search/spider.html)"
180.76.15.8 - - [07/May/2018:15:38:29 -0400] "GET /papers/2013/nspw2013-ashenden.pdf HTTP/1.1" 200 684735 "-" "Mozilla/5.0 (compatible; Baiduspider/2.0; +http://www.baidu.com/search/spider.html)"
69.162.124.227 - - [07/May/2018:15:39:11 -0400] "HEAD / HTTP/1.1" 200 3874 "http://nspw.org/" "Mozilla/5.0+(compatible; UptimeRobot/2.0; http://www.uptimerobot.com/)"
66.249.64.215 - - [07/May/2018:15:39:25 -0400] "GET /papers/2007/nspw2007-vidyaraman.pdf HTTP/1.1" 304 3605 "-" "Mozilla/5.0 (compatible; Googlebot/2.1; +http://www.google.com/bot.html)"
180.76.15.31 - - [07/May/2018:15:39:29 -0400] "GET /papers/2001/nspw2001-taylor.pdf HTTP/1.1" 200 714050 "-" "Mozilla/5.0 (compatible; Baiduspider/2.0; +http://www.baidu.com/search/spider.html)"
66.249.64.215 - - [07/May/2018:15:40:08 -0400] "GET /current/pc.shtml HTTP/1.1" 404 8006 "-" "Mozilla/5.0 (compatible; Googlebot/2.1; +http://www.google.com/bot.html)"
180.76.15.7 - - [07/May/2018:15:40:29 -0400] "GET /papers/2004/?C=D;O=A HTTP/1.1" 200 7281 "-" "Mozilla/5.0 (compatible; Baiduspider/2.0; +http://www.baidu.com/search/spider.html)"
27.34.20.147 - - [07/May/2018:15:41:24 -0400] "GET /wp-login.php HTTP/1.1" 404 8034 "-" "Mozilla/5.0 (Windows NT 6.1; WOW64; rv:40.0) Gecko/20100101 Firefox/40.1"
27.34.20.147 - - [07/May/2018:15:41:25 -0400] "GET / HTTP/1.1" 200 8218 "-" "Mozilla/5.0 (Windows NT 6.1; WOW64; rv:40.0) Gecko/20100101 Firefox/40.1"
180.76.15.152 - - [07/May/2018:15:41:29 -0400] "GET /node/26 HTTP/1.1" 200 12193 "-" "Mozilla/5.0 (compatible; Baiduspider/2.0; +http://www.baidu.com/search/spider.html)"
180.76.15.151 - - [07/May/2018:15:42:29 -0400] "GET /papers/1993/nspw1993-dobson.pdf HTTP/1.1" 200 1283160 "-" "Mozilla/5.0 (compatible; Baiduspider/2.0; +http://www.baidu.com/search/spider.html)"
82.1.126.92 - - [07/May/2018:15:43:25 -0400] "GET /2018/?utm_source=infosec-conferences-com&utm_medium=directory&utm_campaign=free-listing HTTP/1.1" 200 6918 "-" "Mozilla/5.0 (Windows NT 10.0; Win64; x64) AppleWebKit/537.36 (KHTML, like Gecko) Chrome/66.0.3359.139 Safari/537.36"
82.1.126.92 - - [07/May/2018:15:43:25 -0400] "GET /modules/system/system.base.css?p7r9uw HTTP/1.1" 200 2307 "-" "Mozilla/5.0 (Windows NT 10.0; Win64; x64) AppleWebKit/537.36 (KHTML, like Gecko) Chrome/66.0.3359.139 Safari/537.36"
82.1.126.92 - - [07/May/2018:15:43:25 -0400] "GET /modules/system/system.menus.css?p7r9uw HTTP/1.1" 200 4434 "-" "Mozilla/5.0 (Windows NT 10.0; Win64; x64) AppleWebKit/537.36 (KHTML, like Gecko) Chrome/66.0.3359.139 Safari/537.36"
82.1.126.92 - - [07/May/2018:15:43:25 -0400] "GET /modules/system/system.messages.css?p7r9uw HTTP/1.1" 200 746 "-" "Mozilla/5.0 (Windows NT 10.0; Win64; x64) AppleWebKit/537.36 (KHTML, like Gecko) Chrome/66.0.3359.139 Safari/537.36"
82.1.126.92 - - [07/May/2018:15:43:25 -0400] "GET /modules/system/system.theme.css?p7r9uw HTTP/1.1" 200 1585 "-" "Mozilla/5.0 (Windows NT 10.0; Win64; x64) AppleWebKit/537.36 (KHTML, like Gecko) Chrome/66.0.3359.139 Safari/537.36"
82.1.126.92 - - [07/May/2018:15:43:25 -0400] "GET /modules/comment/comment.css?p7r9uw HTTP/1.1" 200 505 "-" "Mozilla/5.0 (Windows NT 10.0; Win64; x64) AppleWebKit/537.36 (KHTML, like Gecko) Chrome/66.0.3359.139 Safari/537.36"
82.1.126.92 - - [07/May/2018:15:43:25 -0400] "GET /modules/field/theme/field.css?p7r9uw HTTP/1.1" 200 599 "-" "Mozilla/5.0 (Windows NT 10.0; Win64; x64) AppleWebKit/537.36 (KHTML, like Gecko) Chrome/66.0.3359.139 Safari/537.36"
82.1.126.92 - - [07/May/2018:15:43:26 -0400] "GET /themes/garland/style.css?p7r9uw HTTP/1.1" 200 5370 "-" "Mozilla/5.0 (Windows NT 10.0; Win64; x64) AppleWebKit/537.36 (KHTML, like Gecko) Chrome/66.0.3359.139 Safari/537.36"
82.1.126.92 - - [07/May/2018:15:43:26 -0400] "GET /modules/node/node.css?p7r9uw HTTP/1.1" 200 629 "-" "Mozilla/5.0 (Windows NT 10.0; Win64; x64) AppleWebKit/537.36 (KHTML, like Gecko) Chrome/66.0.3359.139 Safari/537.36"
82.1.126.92 - - [07/May/2018:15:43:26 -0400] "GET /themes/garland/print.css?p7r9uw HTTP/1.1" 200 928 "-" "Mozilla/5.0 (Windows NT 10.0; Win64; x64) AppleWebKit/537.36 (KHTML, like Gecko) Chrome/66.0.3359.139 Safari/537.36"
82.1.126.92 - - [07/May/2018:15:43:26 -0400] "GET /modules/user/user.css?p7r9uw HTTP/1.1" 200 1219 "-" "Mozilla/5.0 (Windows NT 10.0; Win64; x64) AppleWebKit/537.36 (KHTML, like Gecko) Chrome/66.0.3359.139 Safari/537.36"
82.1.126.92 - - [07/May/2018:15:43:26 -0400] "GET /misc/jquery.once.js?v=1.2 HTTP/1.1" 200 1445 "https://www.nspw.org/2018/?utm_source=infosec-conferences-com&utm_medium=directory&utm_campaign=free-listing" "Mozilla/5.0 (Windows NT 10.0; Win64; x64) AppleWebKit/537.36 (KHTML, like Gecko) Chrome/66.0.3359.139 Safari/537.36"
82.1.126.92 - - [07/May/2018:15:43:26 -0400] "GET /misc/jquery.js?v=1.4.4 HTTP/1.1" 200 27758 "https://www.nspw.org/2018/?utm_source=infosec-conferences-com&utm_medium=directory&utm_campaign=free-listing" "Mozilla/5.0 (Windows NT 10.0; Win64; x64) AppleWebKit/537.36 (KHTML, like Gecko) Chrome/66.0.3359.139 Safari/537.36"
82.1.126.92 - - [07/May/2018:15:43:26 -0400] "GET /misc/drupal.js?p7r9uw HTTP/1.1" 200 7372 "https://www.nspw.org/2018/?utm_source=infosec-conferences-com&utm_medium=directory&utm_campaign=free-listing" "Mozilla/5.0 (Windows NT 10.0; Win64; x64) AppleWebKit/537.36 (KHTML, like Gecko) Chrome/66.0.3359.139 Safari/537.36"
82.1.126.92 - - [07/May/2018:15:43:26 -0400] "GET /sites/default/files/nspw-logo-smaller.jpg HTTP/1.1" 200 2534 "https://www.nspw.org/2018/?utm_source=infosec-conferences-com&utm_medium=directory&utm_campaign=free-listing" "Mozilla/5.0 (Windows NT 10.0; Win64; x64) AppleWebKit/537.36 (KHTML, like Gecko) Chrome/66.0.3359.139 Safari/537.36"
82.1.126.92 - - [07/May/2018:15:43:26 -0400] "GET /themes/garland/images/body.png HTTP/1.1" 200 993 "https://www.nspw.org/themes/garland/style.css?p7r9uw" "Mozilla/5.0 (Windows NT 10.0; Win64; x64) AppleWebKit/537.36 (KHTML, like Gecko) Chrome/66.0.3359.139 Safari/537.36"
82.1.126.92 - - [07/May/2018:15:43:26 -0400] "GET /themes/garland/images/bg-content.png HTTP/1.1" 200 798 "https://www.nspw.org/themes/garland/style.css?p7r9uw" "Mozilla/5.0 (Windows NT 10.0; Win64; x64) AppleWebKit/537.36 (KHTML, like Gecko) Chrome/66.0.3359.139 Safari/537.36"
82.1.126.92 - - [07/May/2018:15:43:26 -0400] "GET /themes/garland/images/bg-content-left.png HTTP/1.1" 200 3232 "https://www.nspw.org/themes/garland/style.css?p7r9uw" "Mozilla/5.0 (Windows NT 10.0; Win64; x64) AppleWebKit/537.36 (KHTML, like Gecko) Chrome/66.0.3359.139 Safari/537.36"
82.1.126.92 - - [07/May/2018:15:43:26 -0400] "GET /themes/garland/images/bg-content-right.png HTTP/1.1" 200 3162 "https://www.nspw.org/themes/garland/style.css?p7r9uw" "Mozilla/5.0 (Windows NT 10.0; Win64; x64) AppleWebKit/537.36 (KHTML, like Gecko) Chrome/66.0.3359.139 Safari/537.36"
82.1.126.92 - - [07/May/2018:15:43:26 -0400] "GET /themes/garland/images/menu-leaf.gif HTTP/1.1" 200 486 "https://www.nspw.org/themes/garland/style.css?p7r9uw" "Mozilla/5.0 (Windows NT 10.0; Win64; x64) AppleWebKit/537.36 (KHTML, like Gecko) Chrome/66.0.3359.139 Safari/537.36"
82.1.126.92 - - [07/May/2018:15:43:26 -0400] "GET /themes/garland/images/menu-expanded.gif HTTP/1.1" 200 495 "https://www.nspw.org/themes/garland/style.css?p7r9uw" "Mozilla/5.0 (Windows NT 10.0; Win64; x64) AppleWebKit/537.36 (KHTML, like Gecko) Chrome/66.0.3359.139 Safari/537.36"
82.1.126.92 - - [07/May/2018:15:43:26 -0400] "GET /themes/garland/images/bg-navigation-item.png HTTP/1.1" 200 812 "https://www.nspw.org/themes/garland/style.css?p7r9uw" "Mozilla/5.0 (Windows NT 10.0; Win64; x64) AppleWebKit/537.36 (KHTML, like Gecko) Chrome/66.0.3359.139 Safari/537.36"
82.1.126.92 - - [07/May/2018:15:43:26 -0400] "GET /themes/garland/images/menu-collapsed.gif HTTP/1.1" 200 488 "https://www.nspw.org/themes/garland/style.css?p7r9uw" "Mozilla/5.0 (Windows NT 10.0; Win64; x64) AppleWebKit/537.36 (KHTML, like Gecko) Chrome/66.0.3359.139 Safari/537.36"
82.1.126.92 - - [07/May/2018:15:43:26 -0400] "GET /themes/garland/images/bg-navigation-item-hover.png HTTP/1.1" 200 754 "https://www.nspw.org/themes/garland/style.css?p7r9uw" "Mozilla/5.0 (Windows NT 10.0; Win64; x64) AppleWebKit/537.36 (KHTML, like Gecko) Chrome/66.0.3359.139 Safari/537.36"
82.1.126.92 - - [07/May/2018:15:43:26 -0400] "GET /favicon.ico HTTP/1.1" 404 700 "https://www.nspw.org/2018/?utm_source=infosec-conferences-com&utm_medium=directory&utm_campaign=free-listing" "Mozilla/5.0 (Windows NT 10.0; Win64; x64) AppleWebKit/537.36 (KHTML, like Gecko) Chrome/66.0.3359.139 Safari/537.36"
180.76.15.162 - - [07/May/2018:15:43:29 -0400] "GET /papers/2014-pre/cappos-nspw2014pre.pdf HTTP/1.1" 404 8043 "-" "Mozilla/5.0 (compatible; Baiduspider/2.0; +http://www.baidu.com/search/spider.html)"
69.162.124.227 - - [07/May/2018:15:44:11 -0400] "HEAD / HTTP/1.1" 200 3874 "http://nspw.org/" "Mozilla/5.0+(compatible; UptimeRobot/2.0; http://www.uptimerobot.com/)"
180.76.15.149 - - [07/May/2018:15:44:29 -0400] "GET /2009/proceedings/2012/ HTTP/1.1" 200 11916 "-" "Mozilla/5.0 (compatible; Baiduspider/2.0; +http://www.baidu.com/search/spider.html)"
85.69.217.130 - - [07/May/2018:15:44:33 -0400] "GET /wp-login.php HTTP/1.1" 404 7839 "-" "Mozilla/5.0 (Windows NT 6.1; WOW64; rv:40.0) Gecko/20100101 Firefox/40.1"
85.69.217.130 - - [07/May/2018:15:44:33 -0400] "GET / HTTP/1.1" 200 8218 "-" "Mozilla/5.0 (Windows NT 6.1; WOW64; rv:40.0) Gecko/20100101 Firefox/40.1"
66.249.64.217 - - [07/May/2018:15:44:44 -0400] "GET / HTTP/1.1" 200 6606 "-" "Mozilla/5.0 (Linux; Android 6.0.1; Nexus 5X Build/MMB29P) AppleWebKit/537.36 (KHTML, like Gecko) Chrome/41.0.2272.96 Mobile Safari/537.36 (compatible; Googlebot/2.1; +http://www.google.com/bot.html)"
180.76.15.134 - - [07/May/2018:15:45:29 -0400] "GET /papers/2000/?C=D;O=D HTTP/1.1" 200 7719 "-" "Mozilla/5.0 (compatible; Baiduspider/2.0; +http://www.baidu.com/search/spider.html)"
82.1.126.92 - - [07/May/2018:15:45:45 -0400] "GET /2018/cfp HTTP/1.1" 200 4917 "https://www.nspw.org/2018/?utm_source=infosec-conferences-com&utm_medium=directory&utm_campaign=free-listing" "Mozilla/5.0 (Windows NT 10.0; Win64; x64) AppleWebKit/537.36 (KHTML, like Gecko) Chrome/66.0.3359.139 Safari/537.36"
82.1.126.92 - - [07/May/2018:15:45:47 -0400] "GET /2018/dates HTTP/1.1" 200 2874 "https://www.nspw.org/2018/cfp" "Mozilla/5.0 (Windows NT 10.0; Win64; x64) AppleWebKit/537.36 (KHTML, like Gecko) Chrome/66.0.3359.139 Safari/537.36"
180.76.15.17 - - [07/May/2018:15:47:29 -0400] "GET /2004/?C=S;O=A HTTP/1.1" 200 8404 "-" "Mozilla/5.0 (compatible; Baiduspider/2.0; +http://www.baidu.com/search/spider.html)"
77.75.79.54 - - [07/May/2018:15:47:42 -0400] "GET /robots.txt HTTP/1.1" 200 4601 "-" "Mozilla/5.0 (compatible; SeznamBot/3.2; +http://napoveda.seznam.cz/en/seznambot-intro/)"
77.75.79.54 - - [07/May/2018:15:47:53 -0400] "GET /2006/cfp.content HTTP/1.1" 200 10196 "-" "Mozilla/5.0 (compatible; SeznamBot/3.2; +http://napoveda.seznam.cz/en/seznambot-intro/)"
77.75.79.54 - - [07/May/2018:15:48:03 -0400] "GET /2001/dates.html HTTP/1.1" 200 5175 "-" "Mozilla/5.0 (compatible; SeznamBot/3.2; +http://napoveda.seznam.cz/en/seznambot-intro/)"
77.75.79.54 - - [07/May/2018:15:48:14 -0400] "GET /2014/local HTTP/1.1" 200 7592 "-" "Mozilla/5.0 (compatible; SeznamBot/3.2; +http://napoveda.seznam.cz/en/seznambot-intro/)"
77.75.79.54 - - [07/May/2018:15:48:24 -0400] "GET /2006/cfp/ HTTP/1.1" 403 4033 "-" "Mozilla/5.0 (compatible; SeznamBot/3.2; +http://napoveda.seznam.cz/en/seznambot-intro/)"
180.76.15.8 - - [07/May/2018:15:48:29 -0400] "GET /node/32 HTTP/1.1" 200 15336 "-" "Mozilla/5.0 (compatible; Baiduspider/2.0; +http://www.baidu.com/search/spider.html)"
77.75.79.54 - - [07/May/2018:15:48:35 -0400] "GET /2009/cfp/ HTTP/1.1" 403 4033 "-" "Mozilla/5.0 (compatible; SeznamBot/3.2; +http://napoveda.seznam.cz/en/seznambot-intro/)"
77.88.47.40 - - [07/May/2018:15:48:45 -0400] "GET /2001/cfp.html HTTP/1.1" 200 6365 "-" "Mozilla/5.0 (compatible; YandexBot/3.0; +http://yandex.com/bots)"
66.249.64.215 - - [07/May/2018:15:48:53 -0400] "GET /papers/2010/nspw2010-raskin.pdf HTTP/1.1" 200 610901 "-" "Googlebot/2.1 (+http://www.google.com/bot.html)"
69.162.124.227 - - [07/May/2018:15:49:11 -0400] "HEAD / HTTP/1.1" 200 3874 "http://nspw.org/" "Mozilla/5.0+(compatible; UptimeRobot/2.0; http://www.uptimerobot.com/)"
180.76.15.142 - - [07/May/2018:15:49:29 -0400] "GET /2008/registration.content.2007 HTTP/1.1" 200 12259 "-" "Mozilla/5.0 (compatible; Baiduspider/2.0; +http://www.baidu.com/search/spider.html)"
188.153.67.190 - - [07/May/2018:15:49:32 -0400] "GET /wp-login.php HTTP/1.1" 404 7985 "-" "Mozilla/5.0 (Windows NT 6.1; WOW64; rv:40.0) Gecko/20100101 Firefox/40.1"
180.76.15.5 - - [07/May/2018:15:50:29 -0400] "GET /2009/proceedings/1996/?C=S;O=A HTTP/1.1" 200 8193 "-" "Mozilla/5.0 (compatible; Baiduspider/2.0; +http://www.baidu.com/search/spider.html)"
105.157.233.5 - - [07/May/2018:15:51:13 -0400] "GET /wp-login.php HTTP/1.1" 404 7491 "-" "Mozilla/5.0 (Windows NT 6.1; WOW64; rv:40.0) Gecko/20100101 Firefox/40.1"
2.89.151.83 - - [07/May/2018:15:51:21 -0400] "GET / HTTP/1.1" 200 6620 "https://www.google.com.sa/" "Mozilla/5.0 (Macintosh; Intel Mac OS X 10_13_4) AppleWebKit/537.36 (KHTML, like Gecko) Chrome/65.0.3325.181 Safari/537.36"
2.89.151.83 - - [07/May/2018:15:51:22 -0400] "GET /modules/system/system.base.css?p7r9uw HTTP/1.1" 200 2307 "-" "Mozilla/5.0 (Macintosh; Intel Mac OS X 10_13_4) AppleWebKit/537.36 (KHTML, like Gecko) Chrome/65.0.3325.181 Safari/537.36"
2.89.151.83 - - [07/May/2018:15:51:22 -0400] "GET /modules/system/system.menus.css?p7r9uw HTTP/1.1" 200 4434 "-" "Mozilla/5.0 (Macintosh; Intel Mac OS X 10_13_4) AppleWebKit/537.36 (KHTML, like Gecko) Chrome/65.0.3325.181 Safari/537.36"
2.89.151.83 - - [07/May/2018:15:51:22 -0400] "GET /modules/system/system.messages.css?p7r9uw HTTP/1.1" 200 746 "-" "Mozilla/5.0 (Macintosh; Intel Mac OS X 10_13_4) AppleWebKit/537.36 (KHTML, like Gecko) Chrome/65.0.3325.181 Safari/537.36"
2.89.151.83 - - [07/May/2018:15:51:22 -0400] "GET /modules/comment/comment.css?p7r9uw HTTP/1.1" 200 505 "-" "Mozilla/5.0 (Macintosh; Intel Mac OS X 10_13_4) AppleWebKit/537.36 (KHTML, like Gecko) Chrome/65.0.3325.181 Safari/537.36"
2.89.151.83 - - [07/May/2018:15:51:22 -0400] "GET /modules/system/system.theme.css?p7r9uw HTTP/1.1" 200 1742 "-" "Mozilla/5.0 (Macintosh; Intel Mac OS X 10_13_4) AppleWebKit/537.36 (KHTML, like Gecko) Chrome/65.0.3325.181 Safari/537.36"
2.89.151.83 - - [07/May/2018:15:51:22 -0400] "GET /modules/field/theme/field.css?p7r9uw HTTP/1.1" 200 756 "-" "Mozilla/5.0 (Macintosh; Intel Mac OS X 10_13_4) AppleWebKit/537.36 (KHTML, like Gecko) Chrome/65.0.3325.181 Safari/537.36"
2.89.151.83 - - [07/May/2018:15:51:22 -0400] "GET /modules/node/node.css?p7r9uw HTTP/1.1" 200 629 "-" "Mozilla/5.0 (Macintosh; Intel Mac OS X 10_13_4) AppleWebKit/537.36 (KHTML, like Gecko) Chrome/65.0.3325.181 Safari/537.36"
2.89.151.83 - - [07/May/2018:15:51:22 -0400] "GET /modules/user/user.css?p7r9uw HTTP/1.1" 200 1062 "-" "Mozilla/5.0 (Macintosh; Intel Mac OS X 10_13_4) AppleWebKit/537.36 (KHTML, like Gecko) Chrome/65.0.3325.181 Safari/537.36"
2.89.151.83 - - [07/May/2018:15:51:22 -0400] "GET /themes/garland/style.css?p7r9uw HTTP/1.1" 200 5527 "-" "Mozilla/5.0 (Macintosh; Intel Mac OS X 10_13_4) AppleWebKit/537.36 (KHTML, like Gecko) Chrome/65.0.3325.181 Safari/537.36"
2.89.151.83 - - [07/May/2018:15:51:22 -0400] "GET /misc/jquery.once.js?v=1.2 HTTP/1.1" 200 1445 "https://www.nspw.org/" "Mozilla/5.0 (Macintosh; Intel Mac OS X 10_13_4) AppleWebKit/537.36 (KHTML, like Gecko) Chrome/65.0.3325.181 Safari/537.36"
2.89.151.83 - - [07/May/2018:15:51:22 -0400] "GET /themes/garland/print.css?p7r9uw HTTP/1.1" 200 771 "-" "Mozilla/5.0 (Macintosh; Intel Mac OS X 10_13_4) AppleWebKit/537.36 (KHTML, like Gecko) Chrome/65.0.3325.181 Safari/537.36"
2.89.151.83 - - [07/May/2018:15:51:22 -0400] "GET /misc/drupal.js?p7r9uw HTTP/1.1" 200 7372 "https://www.nspw.org/" "Mozilla/5.0 (Macintosh; Intel Mac OS X 10_13_4) AppleWebKit/537.36 (KHTML, like Gecko) Chrome/65.0.3325.181 Safari/537.36"
2.89.151.83 - - [07/May/2018:15:51:22 -0400] "GET /sites/default/files/nspw-logo-smaller.jpg HTTP/1.1" 200 2534 "https://www.nspw.org/" "Mozilla/5.0 (Macintosh; Intel Mac OS X 10_13_4) AppleWebKit/537.36 (KHTML, like Gecko) Chrome/65.0.3325.181 Safari/537.36"
2.89.151.83 - - [07/May/2018:15:51:22 -0400] "GET /misc/jquery.js?v=1.4.4 HTTP/1.1" 200 27601 "https://www.nspw.org/" "Mozilla/5.0 (Macintosh; Intel Mac OS X 10_13_4) AppleWebKit/537.36 (KHTML, like Gecko) Chrome/65.0.3325.181 Safari/537.36"
2.89.151.83 - - [07/May/2018:15:51:23 -0400] "GET /themes/garland/images/body.png HTTP/1.1" 200 993 "https://www.nspw.org/themes/garland/style.css?p7r9uw" "Mozilla/5.0 (Macintosh; Intel Mac OS X 10_13_4) AppleWebKit/537.36 (KHTML, like Gecko) Chrome/65.0.3325.181 Safari/537.36"
2.89.151.83 - - [07/May/2018:15:51:23 -0400] "GET /themes/garland/images/bg-content-left.png HTTP/1.1" 200 3232 "https://www.nspw.org/themes/garland/style.css?p7r9uw" "Mozilla/5.0 (Macintosh; Intel Mac OS X 10_13_4) AppleWebKit/537.36 (KHTML, like Gecko) Chrome/65.0.3325.181 Safari/537.36"
2.89.151.83 - - [07/May/2018:15:51:23 -0400] "GET /themes/garland/images/bg-content.png HTTP/1.1" 200 798 "https://www.nspw.org/themes/garland/style.css?p7r9uw" "Mozilla/5.0 (Macintosh; Intel Mac OS X 10_13_4) AppleWebKit/537.36 (KHTML, like Gecko) Chrome/65.0.3325.181 Safari/537.36"
2.89.151.83 - - [07/May/2018:15:51:23 -0400] "GET /themes/garland/images/bg-content-right.png HTTP/1.1" 200 3162 "https://www.nspw.org/themes/garland/style.css?p7r9uw" "Mozilla/5.0 (Macintosh; Intel Mac OS X 10_13_4) AppleWebKit/537.36 (KHTML, like Gecko) Chrome/65.0.3325.181 Safari/537.36"
2.89.151.83 - - [07/May/2018:15:51:23 -0400] "GET /themes/garland/images/menu-leaf.gif HTTP/1.1" 200 486 "https://www.nspw.org/themes/garland/style.css?p7r9uw" "Mozilla/5.0 (Macintosh; Intel Mac OS X 10_13_4) AppleWebKit/537.36 (KHTML, like Gecko) Chrome/65.0.3325.181 Safari/537.36"
2.89.151.83 - - [07/May/2018:15:51:23 -0400] "GET /themes/garland/images/menu-collapsed.gif HTTP/1.1" 200 488 "https://www.nspw.org/themes/garland/style.css?p7r9uw" "Mozilla/5.0 (Macintosh; Intel Mac OS X 10_13_4) AppleWebKit/537.36 (KHTML, like Gecko) Chrome/65.0.3325.181 Safari/537.36"
2.89.151.83 - - [07/May/2018:15:51:24 -0400] "GET /themes/garland/images/bg-navigation-item-hover.png HTTP/1.1" 200 754 "https://www.nspw.org/themes/garland/style.css?p7r9uw" "Mozilla/5.0 (Macintosh; Intel Mac OS X 10_13_4) AppleWebKit/537.36 (KHTML, like Gecko) Chrome/65.0.3325.181 Safari/537.36"
2.89.151.83 - - [07/May/2018:15:51:24 -0400] "GET /themes/garland/images/menu-expanded.gif HTTP/1.1" 200 495 "https://www.nspw.org/themes/garland/style.css?p7r9uw" "Mozilla/5.0 (Macintosh; Intel Mac OS X 10_13_4) AppleWebKit/537.36 (KHTML, like Gecko) Chrome/65.0.3325.181 Safari/537.36"
2.89.151.83 - - [07/May/2018:15:51:24 -0400] "GET /themes/garland/images/bg-navigation-item.png HTTP/1.1" 200 812 "https://www.nspw.org/themes/garland/style.css?p7r9uw" "Mozilla/5.0 (Macintosh; Intel Mac OS X 10_13_4) AppleWebKit/537.36 (KHTML, like Gecko) Chrome/65.0.3325.181 Safari/537.36"
2.89.151.83 - - [07/May/2018:15:51:24 -0400] "GET /favicon.ico HTTP/1.1" 404 700 "https://www.nspw.org/" "Mozilla/5.0 (Macintosh; Intel Mac OS X 10_13_4) AppleWebKit/537.36 (KHTML, like Gecko) Chrome/65.0.3325.181 Safari/537.36"
93.169.17.135 - - [07/May/2018:15:51:28 -0400] "GET / HTTP/1.1" 200 6621 "https://www.google.com.sa/" "Mozilla/5.0 (Macintosh; Intel Mac OS X 10_11_6) AppleWebKit/537.36 (KHTML, like Gecko) Chrome/65.0.3325.181 Safari/537.36"
93.169.17.135 - - [07/May/2018:15:51:28 -0400] "GET /modules/system/system.menus.css?p7r9uw HTTP/1.1" 200 4434 "-" "Mozilla/5.0 (Macintosh; Intel Mac OS X 10_11_6) AppleWebKit/537.36 (KHTML, like Gecko) Chrome/65.0.3325.181 Safari/537.36"
93.169.17.135 - - [07/May/2018:15:51:28 -0400] "GET /modules/system/system.base.css?p7r9uw HTTP/1.1" 200 2307 "-" "Mozilla/5.0 (Macintosh; Intel Mac OS X 10_11_6) AppleWebKit/537.36 (KHTML, like Gecko) Chrome/65.0.3325.181 Safari/537.36"
93.169.17.135 - - [07/May/2018:15:51:28 -0400] "GET /modules/system/system.messages.css?p7r9uw HTTP/1.1" 200 746 "-" "Mozilla/5.0 (Macintosh; Intel Mac OS X 10_11_6) AppleWebKit/537.36 (KHTML, like Gecko) Chrome/65.0.3325.181 Safari/537.36"
93.169.17.135 - - [07/May/2018:15:51:28 -0400] "GET /modules/system/system.theme.css?p7r9uw HTTP/1.1" 200 1585 "-" "Mozilla/5.0 (Macintosh; Intel Mac OS X 10_11_6) AppleWebKit/537.36 (KHTML, like Gecko) Chrome/65.0.3325.181 Safari/537.36"
93.169.17.135 - - [07/May/2018:15:51:28 -0400] "GET /modules/comment/comment.css?p7r9uw HTTP/1.1" 200 662 "-" "Mozilla/5.0 (Macintosh; Intel Mac OS X 10_11_6) AppleWebKit/537.36 (KHTML, like Gecko) Chrome/65.0.3325.181 Safari/537.36"
93.169.17.135 - - [07/May/2018:15:51:28 -0400] "GET /modules/field/theme/field.css?p7r9uw HTTP/1.1" 200 599 "-" "Mozilla/5.0 (Macintosh; Intel Mac OS X 10_11_6) AppleWebKit/537.36 (KHTML, like Gecko) Chrome/65.0.3325.181 Safari/537.36"
93.169.17.135 - - [07/May/2018:15:51:28 -0400] "GET /modules/node/node.css?p7r9uw HTTP/1.1" 200 472 "-" "Mozilla/5.0 (Macintosh; Intel Mac OS X 10_11_6) AppleWebKit/537.36 (KHTML, like Gecko) Chrome/65.0.3325.181 Safari/537.36"
93.169.17.135 - - [07/May/2018:15:51:28 -0400] "GET /themes/garland/print.css?p7r9uw HTTP/1.1" 200 928 "-" "Mozilla/5.0 (Macintosh; Intel Mac OS X 10_11_6) AppleWebKit/537.36 (KHTML, like Gecko) Chrome/65.0.3325.181 Safari/537.36"
93.169.17.135 - - [07/May/2018:15:51:28 -0400] "GET /themes/garland/style.css?p7r9uw HTTP/1.1" 200 5527 "-" "Mozilla/5.0 (Macintosh; Intel Mac OS X 10_11_6) AppleWebKit/537.36 (KHTML, like Gecko) Chrome/65.0.3325.181 Safari/537.36"
93.169.17.135 - - [07/May/2018:15:51:28 -0400] "GET /modules/user/user.css?p7r9uw HTTP/1.1" 200 1219 "-" "Mozilla/5.0 (Macintosh; Intel Mac OS X 10_11_6) AppleWebKit/537.36 (KHTML, like Gecko) Chrome/65.0.3325.181 Safari/537.36"
93.169.17.135 - - [07/May/2018:15:51:29 -0400] "GET /sites/default/files/nspw-logo-smaller.jpg HTTP/1.1" 200 2534 "https://www.nspw.org/" "Mozilla/5.0 (Macintosh; Intel Mac OS X 10_11_6) AppleWebKit/537.36 (KHTML, like Gecko) Chrome/65.0.3325.181 Safari/537.36"
93.169.17.135 - - [07/May/2018:15:51:29 -0400] "GET /misc/jquery.once.js?v=1.2 HTTP/1.1" 200 1445 "https://www.nspw.org/" "Mozilla/5.0 (Macintosh; Intel Mac OS X 10_11_6) AppleWebKit/537.36 (KHTML, like Gecko) Chrome/65.0.3325.181 Safari/537.36"
93.169.17.135 - - [07/May/2018:15:51:29 -0400] "GET /misc/drupal.js?p7r9uw HTTP/1.1" 200 7372 "https://www.nspw.org/" "Mozilla/5.0 (Macintosh; Intel Mac OS X 10_11_6) AppleWebKit/537.36 (KHTML, like Gecko) Chrome/65.0.3325.181 Safari/537.36"
93.169.17.135 - - [07/May/2018:15:51:29 -0400] "GET /misc/jquery.js?v=1.4.4 HTTP/1.1" 200 27601 "https://www.nspw.org/" "Mozilla/5.0 (Macintosh; Intel Mac OS X 10_11_6) AppleWebKit/537.36 (KHTML, like Gecko) Chrome/65.0.3325.181 Safari/537.36"
93.169.17.135 - - [07/May/2018:15:51:29 -0400] "GET /themes/garland/images/body.png HTTP/1.1" 200 993 "https://www.nspw.org/themes/garland/style.css?p7r9uw" "Mozilla/5.0 (Macintosh; Intel Mac OS X 10_11_6) AppleWebKit/537.36 (KHTML, like Gecko) Chrome/65.0.3325.181 Safari/537.36"
93.169.17.135 - - [07/May/2018:15:51:29 -0400] "GET /themes/garland/images/menu-collapsed.gif HTTP/1.1" 200 488 "https://www.nspw.org/themes/garland/style.css?p7r9uw" "Mozilla/5.0 (Macintosh; Intel Mac OS X 10_11_6) AppleWebKit/537.36 (KHTML, like Gecko) Chrome/65.0.3325.181 Safari/537.36"
93.169.17.135 - - [07/May/2018:15:51:29 -0400] "GET /themes/garland/images/bg-content-left.png HTTP/1.1" 200 3232 "https://www.nspw.org/themes/garland/style.css?p7r9uw" "Mozilla/5.0 (Macintosh; Intel Mac OS X 10_11_6) AppleWebKit/537.36 (KHTML, like Gecko) Chrome/65.0.3325.181 Safari/537.36"
93.169.17.135 - - [07/May/2018:15:51:29 -0400] "GET /themes/garland/images/menu-leaf.gif HTTP/1.1" 200 486 "https://www.nspw.org/themes/garland/style.css?p7r9uw" "Mozilla/5.0 (Macintosh; Intel Mac OS X 10_11_6) AppleWebKit/537.36 (KHTML, like Gecko) Chrome/65.0.3325.181 Safari/537.36"
93.169.17.135 - - [07/May/2018:15:51:29 -0400] "GET /themes/garland/images/bg-content-right.png HTTP/1.1" 200 3162 "https://www.nspw.org/themes/garland/style.css?p7r9uw" "Mozilla/5.0 (Macintosh; Intel Mac OS X 10_11_6) AppleWebKit/537.36 (KHTML, like Gecko) Chrome/65.0.3325.181 Safari/537.36"
93.169.17.135 - - [07/May/2018:15:51:29 -0400] "GET /themes/garland/images/bg-content.png HTTP/1.1" 200 798 "https://www.nspw.org/themes/garland/style.css?p7r9uw" "Mozilla/5.0 (Macintosh; Intel Mac OS X 10_11_6) AppleWebKit/537.36 (KHTML, like Gecko) Chrome/65.0.3325.181 Safari/537.36"
93.169.17.135 - - [07/May/2018:15:51:29 -0400] "GET /themes/garland/images/menu-expanded.gif HTTP/1.1" 200 495 "https://www.nspw.org/themes/garland/style.css?p7r9uw" "Mozilla/5.0 (Macintosh; Intel Mac OS X 10_11_6) AppleWebKit/537.36 (KHTML, like Gecko) Chrome/65.0.3325.181 Safari/537.36"
93.169.17.135 - - [07/May/2018:15:51:29 -0400] "GET /themes/garland/images/bg-navigation-item-hover.png HTTP/1.1" 200 754 "https://www.nspw.org/themes/garland/style.css?p7r9uw" "Mozilla/5.0 (Macintosh; Intel Mac OS X 10_11_6) AppleWebKit/537.36 (KHTML, like Gecko) Chrome/65.0.3325.181 Safari/537.36"
93.169.17.135 - - [07/May/2018:15:51:29 -0400] "GET /themes/garland/images/bg-navigation-item.png HTTP/1.1" 200 812 "https://www.nspw.org/themes/garland/style.css?p7r9uw" "Mozilla/5.0 (Macintosh; Intel Mac OS X 10_11_6) AppleWebKit/537.36 (KHTML, like Gecko) Chrome/65.0.3325.181 Safari/537.36"
93.169.17.135 - - [07/May/2018:15:51:30 -0400] "GET /favicon.ico HTTP/1.1" 404 700 "https://www.nspw.org/" "Mozilla/5.0 (Macintosh; Intel Mac OS X 10_11_6) AppleWebKit/537.36 (KHTML, like Gecko) Chrome/65.0.3325.181 Safari/537.36"
2.89.151.83 - - [07/May/2018:15:51:36 -0400] "GET /2018/cfp HTTP/1.1" 200 4914 "https://www.nspw.org/" "Mozilla/5.0 (Macintosh; Intel Mac OS X 10_13_4) AppleWebKit/537.36 (KHTML, like Gecko) Chrome/65.0.3325.181 Safari/537.36"
93.169.17.135 - - [07/May/2018:15:51:38 -0400] "GET /proceedings HTTP/1.1" 200 3103 "https://www.nspw.org/" "Mozilla/5.0 (Macintosh; Intel Mac OS X 10_11_6) AppleWebKit/537.36 (KHTML, like Gecko) Chrome/65.0.3325.181 Safari/537.36"
66.249.64.217 - - [07/May/2018:15:51:47 -0400] "GET /papers/2008/nspw2008-wurster.pdf HTTP/1.1" 200 372523 "-" "Googlebot/2.1 (+http://www.google.com/bot.html)"
2.89.151.83 - - [07/May/2018:15:51:57 -0400] "GET /2018/dates HTTP/1.1" 200 3034 "https://www.nspw.org/2018/cfp" "Mozilla/5.0 (Macintosh; Intel Mac OS X 10_13_4) AppleWebKit/537.36 (KHTML, like Gecko) Chrome/65.0.3325.181 Safari/537.36"
93.169.17.135 - - [07/May/2018:15:52:01 -0400] "GET /2018/dates HTTP/1.1" 200 3033 "https://www.nspw.org/" "Mozilla/5.0 (Macintosh; Intel Mac OS X 10_11_6) AppleWebKit/537.36 (KHTML, like Gecko) Chrome/65.0.3325.181 Safari/537.36"
2.89.151.83 - - [07/May/2018:15:52:29 -0400] "GET /2017 HTTP/1.1" 200 3813 "-" "Mozilla/5.0 (Macintosh; Intel Mac OS X 10_13_4) AppleWebKit/537.36 (KHTML, like Gecko) Chrome/65.0.3325.181 Safari/537.36"
180.76.15.7 - - [07/May/2018:15:52:29 -0400] "GET /2008/local.shtml HTTP/1.1" 200 9964 "-" "Mozilla/5.0 (compatible; Baiduspider/2.0; +http://www.baidu.com/search/spider.html)"
2.89.151.83 - - [07/May/2018:15:52:36 -0400] "GET /2017/accepted HTTP/1.1" 200 3522 "https://www.nspw.org/2017" "Mozilla/5.0 (Macintosh; Intel Mac OS X 10_13_4) AppleWebKit/537.36 (KHTML, like Gecko) Chrome/65.0.3325.181 Safari/537.36"
2.89.151.83 - - [07/May/2018:15:52:49 -0400] "-" 408 156 "-" "-"
2.89.151.83 - - [07/May/2018:15:52:49 -0400] "-" 408 156 "-" "-"
2.89.151.83 - - [07/May/2018:15:52:49 -0400] "-" 408 156 "-" "-"
2.89.151.83 - - [07/May/2018:15:52:49 -0400] "-" 408 156 "-" "-"
93.169.17.135 - - [07/May/2018:15:52:50 -0400] "GET /2017/accepted HTTP/1.1" 200 3523 "-" "Mozilla/5.0 (Macintosh; Intel Mac OS X 10_11_6) AppleWebKit/537.36 (KHTML, like Gecko) Chrome/65.0.3325.181 Safari/537.36"
111.206.36.132 - - [07/May/2018:15:52:56 -0400] "GET / HTTP/1.1" 200 7085 "-" "Mozilla/5.0 (Windows NT 6.1; WOW64; rv:43.0) Gecko/20100101 Firefox/43.0"
111.206.36.132 - - [07/May/2018:15:52:56 -0400] "GET /modules/system/system.base.css?p7r9uw HTTP/1.1" 200 2303 "https://www.nspw.org/" "Mozilla/5.0 (Windows NT 6.1; WOW64; rv:43.0) Gecko/20100101 Firefox/43.0"
111.206.36.132 - - [07/May/2018:15:52:57 -0400] "GET /modules/system/system.menus.css?p7r9uw HTTP/1.1" 200 1029 "https://www.nspw.org/" "Mozilla/5.0 (Windows NT 6.1; WOW64; rv:43.0) Gecko/20100101 Firefox/43.0"
111.206.36.14 - - [07/May/2018:15:52:57 -0400] "GET /modules/system/system.theme.css?p7r9uw HTTP/1.1" 200 1734 "https://www.nspw.org/" "Mozilla/5.0 (Windows NT 6.1; WOW64; rv:43.0) Gecko/20100101 Firefox/43.0"
111.206.36.132 - - [07/May/2018:15:52:57 -0400] "GET /modules/system/system.messages.css?p7r9uw HTTP/1.1" 200 757 "https://www.nspw.org/" "Mozilla/5.0 (Windows NT 6.1; WOW64; rv:43.0) Gecko/20100101 Firefox/43.0"
111.206.36.136 - - [07/May/2018:15:52:57 -0400] "GET /modules/comment/comment.css?p7r9uw HTTP/1.1" 200 662 "https://www.nspw.org/" "Mozilla/5.0 (Windows NT 6.1; WOW64; rv:43.0) Gecko/20100101 Firefox/43.0"
111.206.36.147 - - [07/May/2018:15:52:57 -0400] "GET /modules/field/theme/field.css?p7r9uw HTTP/1.1" 200 742 "https://www.nspw.org/" "Mozilla/5.0 (Windows NT 6.1; WOW64; rv:43.0) Gecko/20100101 Firefox/43.0"
111.206.36.19 - - [07/May/2018:15:52:57 -0400] "GET /modules/node/node.css?p7r9uw HTTP/1.1" 200 630 "https://www.nspw.org/" "Mozilla/5.0 (Windows NT 6.1; WOW64; rv:43.0) Gecko/20100101 Firefox/43.0"
111.206.36.11 - - [07/May/2018:15:52:57 -0400] "GET /modules/user/user.css?p7r9uw HTTP/1.1" 200 1206 "https://www.nspw.org/" "Mozilla/5.0 (Windows NT 6.1; WOW64; rv:43.0) Gecko/20100101 Firefox/43.0"
111.206.36.14 - - [07/May/2018:15:52:57 -0400] "GET /themes/garland/print.css?p7r9uw HTTP/1.1" 200 773 "https://www.nspw.org/" "Mozilla/5.0 (Windows NT 6.1; WOW64; rv:43.0) Gecko/20100101 Firefox/43.0"
111.206.36.132 - - [07/May/2018:15:52:57 -0400] "GET /themes/garland/style.css?p7r9uw HTTP/1.1" 200 5375 "https://www.nspw.org/" "Mozilla/5.0 (Windows NT 6.1; WOW64; rv:43.0) Gecko/20100101 Firefox/43.0"
111.206.36.136 - - [07/May/2018:15:52:57 -0400] "GET /misc/jquery.js?v=1.4.4 HTTP/1.1" 200 27630 "https://www.nspw.org/" "Mozilla/5.0 (Windows NT 6.1; WOW64; rv:43.0) Gecko/20100101 Firefox/43.0"
111.206.36.147 - - [07/May/2018:15:52:57 -0400] "GET /misc/jquery.once.js?v=1.2 HTTP/1.1" 200 1445 "https://www.nspw.org/" "Mozilla/5.0 (Windows NT 6.1; WOW64; rv:43.0) Gecko/20100101 Firefox/43.0"
111.206.36.19 - - [07/May/2018:15:52:57 -0400] "GET /misc/drupal.js?p7r9uw HTTP/1.1" 200 7375 "https://www.nspw.org/" "Mozilla/5.0 (Windows NT 6.1; WOW64; rv:43.0) Gecko/20100101 Firefox/43.0"
93.169.17.135 - - [07/May/2018:15:53:05 -0400] "-" 408 156 "-" "-"
93.169.17.135 - - [07/May/2018:15:53:05 -0400] "-" 408 156 "-" "-"
93.169.17.135 - - [07/May/2018:15:53:05 -0400] "-" 408 156 "-" "-"
