23.237.4.26 - - [28/Apr/2018:13:47:58 -0400] "GET /2008 HTTP/1.1" 301 4009 "-" "Mozilla/5.0 (compatible; AlphaBot/3.2; +http://alphaseobot.com/bot.html)"
23.237.4.26 - - [28/Apr/2018:13:48:01 -0400] "GET /2007 HTTP/1.1" 301 4009 "-" "Mozilla/5.0 (compatible; AlphaBot/3.2; +http://alphaseobot.com/bot.html)"
23.237.4.26 - - [28/Apr/2018:13:48:03 -0400] "GET /2006 HTTP/1.1" 301 4009 "-" "Mozilla/5.0 (compatible; AlphaBot/3.2; +http://alphaseobot.com/bot.html)"
23.237.4.26 - - [28/Apr/2018:13:48:05 -0400] "GET /2005 HTTP/1.1" 301 4009 "-" "Mozilla/5.0 (compatible; AlphaBot/3.2; +http://alphaseobot.com/bot.html)"
23.237.4.26 - - [28/Apr/2018:13:48:08 -0400] "GET /2004 HTTP/1.1" 301 4009 "-" "Mozilla/5.0 (compatible; AlphaBot/3.2; +http://alphaseobot.com/bot.html)"
66.249.73.87 - - [28/Apr/2018:13:48:35 -0400] "GET /papers/2011/nspw2011-friedland.pdf HTTP/1.1" 200 437587 "-" "Mozilla/5.0 (compatible; Googlebot/2.1; +http://www.google.com/bot.html)"
66.249.73.89 - - [28/Apr/2018:13:49:47 -0400] "GET /papers/2008/nspw2008-beautement.pdf HTTP/1.1" 200 769400 "-" "Mozilla/5.0 (compatible; Googlebot/2.1; +http://www.google.com/bot.html)"
69.162.124.227 - - [28/Apr/2018:13:50:14 -0400] "HEAD / HTTP/1.1" 200 3874 "http://nspw.org/" "Mozilla/5.0+(compatible; UptimeRobot/2.0; http://www.uptimerobot.com/)"
81.196.250.116 - - [28/Apr/2018:13:50:47 -0400] "GET /wp-login.php HTTP/1.1" 404 7491 "-" "Mozilla/5.0 (Windows NT 6.1; WOW64; rv:40.0) Gecko/20100101 Firefox/40.1"
81.196.250.116 - - [28/Apr/2018:13:50:48 -0400] "GET / HTTP/1.1" 200 8218 "-" "Mozilla/5.0 (Windows NT 6.1; WOW64; rv:40.0) Gecko/20100101 Firefox/40.1"
66.249.73.89 - - [28/Apr/2018:13:50:58 -0400] "GET /papers/2013/nspw2013-peisert.pdf HTTP/1.1" 200 712024 "-" "Mozilla/5.0 (compatible; Googlebot/2.1; +http://www.google.com/bot.html)"
77.88.47.40 - - [28/Apr/2018:13:45:39 -0400] "GET /papers/2012/docs/p115.pdf HTTP/1.1" 200 409614 "-" "Mozilla/5.0 (compatible; YandexBot/3.0; +http://yandex.com/bots)"
77.88.47.40 - - [28/Apr/2018:13:46:02 -0400] "GET /papers/2012/docs/p15.pdf HTTP/1.1" 200 485732 "-" "Mozilla/5.0 (compatible; YandexBot/3.0; +http://yandex.com/bots)"
186.123.138.213 - - [28/Apr/2018:13:51:40 -0400] "GET /wp-login.php HTTP/1.1" 404 7491 "-" "Mozilla/5.0 (Windows NT 6.1; WOW64; rv:40.0) Gecko/20100101 Firefox/40.1"
186.123.138.213 - - [28/Apr/2018:13:51:41 -0400] "GET / HTTP/1.1" 200 8218 "-" "Mozilla/5.0 (Windows NT 6.1; WOW64; rv:40.0) Gecko/20100101 Firefox/40.1"
77.88.47.40 - - [28/Apr/2018:13:46:30 -0400] "GET /papers/2012/docs/p53.pdf HTTP/1.1" 200 274634 "-" "Mozilla/5.0 (compatible; YandexBot/3.0; +http://yandex.com/bots)"
77.88.47.40 - - [28/Apr/2018:13:46:48 -0400] "GET /papers/2012/docs/p115.pdf HTTP/1.1" 200 212496 "-" "Mozilla/5.0 (compatible; YandexBot/3.0; +http://yandex.com/bots)"
66.249.73.89 - - [28/Apr/2018:13:52:09 -0400] "GET /2009/proceedings/1996/nspw1996-nelson.pdf HTTP/1.1" 304 3605 "-" "Mozilla/5.0 (Linux; Android 6.0.1; Nexus 5X Build/MMB29P) AppleWebKit/537.36 (KHTML, like Gecko) Chrome/41.0.2272.96 Mobile Safari/537.36 (compatible; Googlebot/2.1; +http://www.google.com/bot.html)"
207.46.13.52 - - [28/Apr/2018:13:52:11 -0400] "GET /2016/ HTTP/1.1" 200 7441 "-" "Mozilla/5.0 (compatible; bingbot/2.0; +http://www.bing.com/bingbot.htm)"
40.77.190.156 - - [28/Apr/2018:13:52:12 -0400] "GET /misc/jquery.js?v=1.4.4 HTTP/1.1" 200 30841 "https://www.nspw.org/2016/" "Mozilla/5.0 (Windows NT 6.1; WOW64) AppleWebKit/534+ (KHTML, like Gecko) BingPreview/1.0b"
40.77.190.156 - - [28/Apr/2018:13:52:13 -0400] "GET /misc/jquery.once.js?v=1.2 HTTP/1.1" 200 1390 "https://www.nspw.org/2016/" "Mozilla/5.0 (Windows NT 6.1; WOW64) AppleWebKit/534+ (KHTML, like Gecko) BingPreview/1.0b"
40.77.190.156 - - [28/Apr/2018:13:52:13 -0400] "GET /themes/garland/images/body.png HTTP/1.1" 200 938 "https://www.nspw.org/2016/" "Mozilla/5.0 (Windows NT 6.1; WOW64) AppleWebKit/534+ (KHTML, like Gecko) BingPreview/1.0b"
40.77.190.156 - - [28/Apr/2018:13:52:13 -0400] "GET /themes/garland/images/menu-expanded.gif HTTP/1.1" 200 440 "https://www.nspw.org/2016/" "Mozilla/5.0 (Windows NT 6.1; WOW64) AppleWebKit/534+ (KHTML, like Gecko) BingPreview/1.0b"
40.77.190.156 - - [28/Apr/2018:13:52:13 -0400] "GET /themes/garland/images/menu-collapsed.gif HTTP/1.1" 200 433 "https://www.nspw.org/2016/" "Mozilla/5.0 (Windows NT 6.1; WOW64) AppleWebKit/534+ (KHTML, like Gecko) BingPreview/1.0b"
40.77.190.156 - - [28/Apr/2018:13:52:13 -0400] "GET /themes/garland/images/bg-content.png HTTP/1.1" 200 743 "https://www.nspw.org/2016/" "Mozilla/5.0 (Windows NT 6.1; WOW64) AppleWebKit/534+ (KHTML, like Gecko) BingPreview/1.0b"
40.77.190.156 - - [28/Apr/2018:13:52:13 -0400] "GET /themes/garland/images/menu-leaf.gif HTTP/1.1" 200 3726 "https://www.nspw.org/2016/" "Mozilla/5.0 (Windows NT 6.1; WOW64) AppleWebKit/534+ (KHTML, like Gecko) BingPreview/1.0b"
40.77.190.156 - - [28/Apr/2018:13:52:13 -0400] "GET /themes/garland/images/bg-content-right.png HTTP/1.1" 200 3107 "https://www.nspw.org/2016/" "Mozilla/5.0 (Windows NT 6.1; WOW64) AppleWebKit/534+ (KHTML, like Gecko) BingPreview/1.0b"
40.77.190.156 - - [28/Apr/2018:13:52:13 -0400] "GET /themes/garland/images/bg-content-left.png HTTP/1.1" 200 3177 "https://www.nspw.org/2016/" "Mozilla/5.0 (Windows NT 6.1; WOW64) AppleWebKit/534+ (KHTML, like Gecko) BingPreview/1.0b"
40.77.190.156 - - [28/Apr/2018:13:52:13 -0400] "GET /themes/garland/images/bg-navigation-item.png HTTP/1.1" 200 4052 "https://www.nspw.org/2016/" "Mozilla/5.0 (Windows NT 6.1; WOW64) AppleWebKit/534+ (KHTML, like Gecko) BingPreview/1.0b"
77.88.47.40 - - [28/Apr/2018:13:47:01 -0400] "GET /2009/proceedings/1993/nspw1993-lin.pdf HTTP/1.1" 200 276032 "-" "Mozilla/5.0 (compatible; YandexBot/3.0; +http://yandex.com/bots)"
77.88.47.40 - - [28/Apr/2018:13:47:16 -0400] "GET /2009/proceedings/1997/nspw1997-cheung.pdf HTTP/1.1" 200 139028 "-" "Mozilla/5.0 (compatible; YandexBot/3.0; +http://yandex.com/bots)"
77.88.47.40 - - [28/Apr/2018:13:47:24 -0400] "GET /papers/2012/docs/p15.pdf HTTP/1.1" 200 189356 "-" "Mozilla/5.0 (compatible; YandexBot/3.0; +http://yandex.com/bots)"
41.160.46.33 - - [28/Apr/2018:13:52:32 -0400] "GET /wp-login.php HTTP/1.1" 404 7491 "-" "Mozilla/5.0 (Windows NT 6.1; WOW64; rv:40.0) Gecko/20100101 Firefox/40.1"
41.160.46.33 - - [28/Apr/2018:13:52:33 -0400] "GET / HTTP/1.1" 200 8218 "-" "Mozilla/5.0 (Windows NT 6.1; WOW64; rv:40.0) Gecko/20100101 Firefox/40.1"
77.88.47.40 - - [28/Apr/2018:13:47:34 -0400] "GET /papers/2012/docs/p141.pdf HTTP/1.1" 200 389270 "-" "Mozilla/5.0 (compatible; YandexBot/3.0; +http://yandex.com/bots)"
131.253.25.154 - - [28/Apr/2018:13:53:13 -0400] "GET /sites/default/files/nspw-logo-smaller.jpg HTTP/1.1" 200 5928 "-" "Mozilla/5.0 (Windows NT 6.1; WOW64) AppleWebKit/534+ (KHTML, like Gecko) BingPreview/1.0b"
77.88.47.40 - - [28/Apr/2018:13:47:56 -0400] "GET /papers/2012/docs/p67.pdf HTTP/1.1" 200 340340 "-" "Mozilla/5.0 (compatible; YandexBot/3.0; +http://yandex.com/bots)"
66.249.73.87 - - [28/Apr/2018:13:53:20 -0400] "GET /2009/proceedings/1996/nspw1996-wulf.pdf HTTP/1.1" 304 3606 "-" "Mozilla/5.0 (compatible; Googlebot/2.1; +http://www.google.com/bot.html)"
77.88.47.40 - - [28/Apr/2018:13:48:14 -0400] "GET /2009/proceedings/1997/nspw1997-cheung.pdf HTTP/1.1" 200 218714 "-" "Mozilla/5.0 (compatible; YandexBot/3.0; +http://yandex.com/bots)"
77.88.47.40 - - [28/Apr/2018:13:48:24 -0400] "GET /papers/2012/docs/p15.pdf HTTP/1.1" 200 183764 "-" "Mozilla/5.0 (compatible; YandexBot/3.0; +http://yandex.com/bots)"
77.88.47.40 - - [28/Apr/2018:13:48:34 -0400] "GET /papers/2012/docs/p141.pdf HTTP/1.1" 200 414434 "-" "Mozilla/5.0 (compatible; YandexBot/3.0; +http://yandex.com/bots)"
77.88.47.40 - - [28/Apr/2018:13:48:56 -0400] "GET /papers/2012/docs/p67.pdf HTTP/1.1" 200 364106 "-" "Mozilla/5.0 (compatible; YandexBot/3.0; +http://yandex.com/bots)"
123.125.143.140 - - [28/Apr/2018:13:54:30 -0400] "GET /modules/system/system.base.css?p7r9uw HTTP/1.1" 200 9624 "-" "Python-urllib/2.7"
123.125.143.17 - - [28/Apr/2018:13:54:31 -0400] "GET /modules/comment/comment.css?p7r9uw HTTP/1.1" 200 4339 "-" "Python-urllib/2.7"
66.249.73.89 - - [28/Apr/2018:13:54:32 -0400] "GET /cfp/nspw2010-cfp.pdf HTTP/1.1" 200 60166 "-" "Mozilla/5.0 (compatible; Googlebot/2.1; +http://www.google.com/bot.html)"
123.125.143.5 - - [28/Apr/2018:13:54:33 -0400] "GET /themes/garland/style.css?p7r9uw HTTP/1.1" 200 25021 "-" "Python-urllib/2.7"
123.125.143.8 - - [28/Apr/2018:13:54:34 -0400] "GET /themes/garland/print.css?p7r9uw HTTP/1.1" 200 5203 "-" "Python-urllib/2.7"
123.125.143.149 - - [28/Apr/2018:13:54:36 -0400] "GET /sites/default/files/nspw-logo-smaller.jpg HTTP/1.1" 200 6165 "-" "Mozilla/5.0 (Windows NT 6.1; WOW64; rv:43.0) Gecko/20100101 Firefox/43.0"
123.125.143.149 - - [28/Apr/2018:13:54:38 -0400] "GET /themes/garland/images/bg-navigation-item-hover.png HTTP/1.1" 200 709 "-" "Mozilla/5.0 (Windows NT 6.1; WOW64; rv:43.0) Gecko/20100101 Firefox/43.0"
123.125.143.149 - - [28/Apr/2018:13:54:39 -0400] "GET /themes/garland/images/bg-navigation-item.png HTTP/1.1" 200 757 "-" "Mozilla/5.0 (Windows NT 6.1; WOW64; rv:43.0) Gecko/20100101 Firefox/43.0"
123.125.143.149 - - [28/Apr/2018:13:54:40 -0400] "GET /themes/garland/images/menu-leaf.gif HTTP/1.1" 200 437 "-" "Mozilla/5.0 (Windows NT 6.1; WOW64; rv:43.0) Gecko/20100101 Firefox/43.0"
123.125.143.149 - - [28/Apr/2018:13:54:41 -0400] "GET /themes/garland/images/menu-expanded.gif HTTP/1.1" 200 437 "-" "Mozilla/5.0 (Windows NT 6.1; WOW64; rv:43.0) Gecko/20100101 Firefox/43.0"
123.125.143.149 - - [28/Apr/2018:13:54:42 -0400] "GET /themes/garland/images/menu-collapsed.gif HTTP/1.1" 200 437 "-" "Mozilla/5.0 (Windows NT 6.1; WOW64; rv:43.0) Gecko/20100101 Firefox/43.0"
69.162.124.227 - - [28/Apr/2018:13:55:14 -0400] "HEAD / HTTP/1.1" 200 3874 "http://nspw.org/" "Mozilla/5.0+(compatible; UptimeRobot/2.0; http://www.uptimerobot.com/)"
77.88.47.40 - - [28/Apr/2018:13:55:36 -0400] "GET /2003 HTTP/1.1" 301 4027 "-" "Mozilla/5.0 (compatible; YandexBot/3.0; +http://yandex.com/bots)"
77.88.47.40 - - [28/Apr/2018:13:55:38 -0400] "GET /2003/ HTTP/1.1" 200 1987 "-" "Mozilla/5.0 (compatible; YandexBot/3.0; +http://yandex.com/bots)"
66.249.73.91 - - [28/Apr/2018:13:55:43 -0400] "GET /papers/1999/ HTTP/1.1" 200 4357 "-" "Mozilla/5.0 (compatible; Googlebot/2.1; +http://www.google.com/bot.html)"
66.249.73.87 - - [28/Apr/2018:13:56:54 -0400] "GET /papers/1993/nspw1993-lapadula-2.pdf HTTP/1.1" 200 611628 "-" "Mozilla/5.0 (compatible; Googlebot/2.1; +http://www.google.com/bot.html)"
77.88.47.40 - - [28/Apr/2018:13:57:29 -0400] "GET /node/97 HTTP/1.1" 200 6936 "-" "Mozilla/5.0 (compatible; YandexBot/3.0; +http://yandex.com/bots)"
66.249.73.89 - - [28/Apr/2018:13:58:05 -0400] "GET /papers/2008/ HTTP/1.1" 200 4326 "-" "Mozilla/5.0 (compatible; Googlebot/2.1; +http://www.google.com/bot.html)"
93.73.250.119 - - [28/Apr/2018:13:58:05 -0400] "GET /wp-login.php HTTP/1.1" 404 7839 "-" "Mozilla/5.0 (Windows NT 6.1; WOW64; rv:40.0) Gecko/20100101 Firefox/40.1"
93.73.250.119 - - [28/Apr/2018:13:58:06 -0400] "GET / HTTP/1.1" 200 8218 "-" "Mozilla/5.0 (Windows NT 6.1; WOW64; rv:40.0) Gecko/20100101 Firefox/40.1"
77.88.47.40 - - [28/Apr/2018:13:57:45 -0400] "GET /2009/proceedings/1993/nspw1993-mclean.pdf HTTP/1.1" 200 609176 "-" "Mozilla/5.0 (compatible; YandexBot/3.0; +http://yandex.com/bots)"
157.55.39.100 - - [28/Apr/2018:13:58:26 -0400] "GET /2009/proceedings/2000/nspw2000-marceau.pdf HTTP/1.1" 200 1077157 "-" "Mozilla/5.0 (compatible; bingbot/2.0; +http://www.bing.com/bingbot.htm)"
66.249.73.91 - - [28/Apr/2018:13:59:17 -0400] "GET /papers/2004/nspw2004-zhou.pdf HTTP/1.1" 200 198793 "-" "Mozilla/5.0 (compatible; Googlebot/2.1; +http://www.google.com/bot.html)"
69.162.124.227 - - [28/Apr/2018:14:00:14 -0400] "HEAD / HTTP/1.1" 200 3874 "http://nspw.org/" "Mozilla/5.0+(compatible; UptimeRobot/2.0; http://www.uptimerobot.com/)"
66.249.73.91 - - [28/Apr/2018:14:00:28 -0400] "GET /papers/2012/docs/p87.pdf HTTP/1.1" 304 3606 "-" "Mozilla/5.0 (compatible; Googlebot/2.1; +http://www.google.com/bot.html)"
66.249.73.89 - - [28/Apr/2018:14:01:40 -0400] "GET /papers/2003/nspw2003-mchugh.pdf HTTP/1.1" 200 765834 "-" "Mozilla/5.0 (compatible; Googlebot/2.1; +http://www.google.com/bot.html)"
157.55.39.100 - - [28/Apr/2018:14:01:31 -0400] "GET /papers/2001/nspw2001-zhang.pdf HTTP/1.1" 200 605748 "-" "Mozilla/5.0 (iPhone; CPU iPhone OS 7_0 like Mac OS X) AppleWebKit/537.51.1 (KHTML, like Gecko) Version/7.0 Mobile/11A465 Safari/9537.53 (compatible; bingbot/2.0; +http://www.bing.com/bingbot.htm)"
66.249.73.91 - - [28/Apr/2018:14:02:51 -0400] "GET /2005/cfp/latex/macros.sty HTTP/1.1" 200 14425 "-" "Mozilla/5.0 (Linux; Android 6.0.1; Nexus 5X Build/MMB29P) AppleWebKit/537.36 (KHTML, like Gecko) Chrome/41.0.2272.96 Mobile Safari/537.36 (compatible; Googlebot/2.1; +http://www.google.com/bot.html)"
77.88.47.40 - - [28/Apr/2018:13:58:20 -0400] "GET /2009/proceedings/1993/nspw1993-hosmer.pdf HTTP/1.1" 200 679428 "-" "Mozilla/5.0 (compatible; YandexBot/3.0; +http://yandex.com/bots)"
66.249.73.87 - - [28/Apr/2018:14:04:02 -0400] "GET /papers/1993/nspw1993-rooker-2.pdf HTTP/1.1" 200 572187 "-" "Mozilla/5.0 (Linux; Android 6.0.1; Nexus 5X Build/MMB29P) AppleWebKit/537.36 (KHTML, like Gecko) Chrome/41.0.2272.96 Mobile Safari/537.36 (compatible; Googlebot/2.1; +http://www.google.com/bot.html)"
77.88.47.40 - - [28/Apr/2018:13:58:56 -0400] "GET /2009/proceedings/1993/nspw1993-denning.pdf HTTP/1.1" 200 443792 "-" "Mozilla/5.0 (compatible; YandexBot/3.0; +http://yandex.com/bots)"
77.88.47.40 - - [28/Apr/2018:14:03:50 -0400] "GET /2009/proceedings/1993/nspw1993-williams.pdf HTTP/1.1" 200 539706 "-" "Mozilla/5.0 (compatible; YandexBot/3.0; +http://yandex.com/bots)"
77.88.47.40 - - [28/Apr/2018:14:04:24 -0400] "GET /2009/proceedings/1993/nspw1993-hammonds.pdf HTTP/1.1" 200 434347 "-" "Mozilla/5.0 (compatible; YandexBot/3.0; +http://yandex.com/bots)"
77.88.47.40 - - [28/Apr/2018:13:59:21 -0400] "GET /2009/proceedings/1993/nspw1993-hosmer.pdf HTTP/1.1" 200 653492 "-" "Mozilla/5.0 (compatible; YandexBot/3.0; +http://yandex.com/bots)"
196.15.170.18 - - [28/Apr/2018:14:05:12 -0400] "GET /wp-login.php HTTP/1.1" 404 7985 "-" "Mozilla/5.0 (Windows NT 6.1; WOW64; rv:40.0) Gecko/20100101 Firefox/40.1"
196.15.170.18 - - [28/Apr/2018:14:05:12 -0400] "GET / HTTP/1.1" 200 8206 "-" "Mozilla/5.0 (Windows NT 6.1; WOW64; rv:40.0) Gecko/20100101 Firefox/40.1"
66.249.73.87 - - [28/Apr/2018:14:05:13 -0400] "GET /papers/2012/docs/p87.pdf HTTP/1.1" 304 3606 "-" "Mozilla/5.0 (Linux; Android 6.0.1; Nexus 5X Build/MMB29P) AppleWebKit/537.36 (KHTML, like Gecko) Chrome/41.0.2272.96 Mobile Safari/537.36 (compatible; Googlebot/2.1; +http://www.google.com/bot.html)"
69.162.124.227 - - [28/Apr/2018:14:05:14 -0400] "HEAD / HTTP/1.1" 200 3874 "http://nspw.org/" "Mozilla/5.0+(compatible; UptimeRobot/2.0; http://www.uptimerobot.com/)"
77.88.47.40 - - [28/Apr/2018:13:59:55 -0400] "GET /2009/proceedings/1993/nspw1993-denning.pdf HTTP/1.1" 200 495518 "-" "Mozilla/5.0 (compatible; YandexBot/3.0; +http://yandex.com/bots)"
77.88.47.40 - - [28/Apr/2018:14:05:36 -0400] "GET /2009/proceedings/1993/nspw1993-meadows.pdf HTTP/1.1" 200 322252 "-" "Mozilla/5.0 (compatible; YandexBot/3.0; +http://yandex.com/bots)"
77.88.47.40 - - [28/Apr/2018:14:05:54 -0400] "GET /2009/proceedings/1993/nspw1993-rooker.pdf HTTP/1.1" 200 459415 "-" "Mozilla/5.0 (compatible; YandexBot/3.0; +http://yandex.com/bots)"
66.249.73.91 - - [28/Apr/2018:14:06:25 -0400] "GET /papers/2013/nspw2013-ard.pdf HTTP/1.1" 200 740529 "-" "Mozilla/5.0 (compatible; Googlebot/2.1; +http://www.google.com/bot.html)"
66.249.73.87 - - [28/Apr/2018:14:06:43 -0400] "GET /robots.txt HTTP/1.1" 200 4504 "-" "Mozilla/5.0 (compatible; Googlebot/2.1; +http://www.google.com/bot.html)"
66.249.73.87 - - [28/Apr/2018:14:06:44 -0400] "GET /sites/default/files/nspw-logo-smaller.jpg HTTP/1.1" 200 2534 "-" "Googlebot-Image/1.0"
77.88.47.40 - - [28/Apr/2018:14:06:18 -0400] "GET /2009/proceedings/1993/nspw1993-lapadula.pdf HTTP/1.1" 200 727209 "-" "Mozilla/5.0 (compatible; YandexBot/3.0; +http://yandex.com/bots)"
66.249.73.91 - - [28/Apr/2018:14:07:36 -0400] "GET /papers/2012/docs/p77.pdf HTTP/1.1" 304 3605 "-" "Mozilla/5.0 (compatible; Googlebot/2.1; +http://www.google.com/bot.html)"
66.249.73.87 - - [28/Apr/2018:14:08:47 -0400] "GET /papers/2005/nspw2005-locasto.pdf HTTP/1.1" 200 2008772 "-" "Mozilla/5.0 (compatible; Googlebot/2.1; +http://www.google.com/bot.html)"
77.88.47.40 - - [28/Apr/2018:14:08:58 -0400] "GET /2009/proceedings/1993/nspw1993-thuraisingham.pdf HTTP/1.1" 200 531544 "-" "Mozilla/5.0 (compatible; YandexBot/3.0; +http://yandex.com/bots)"
77.88.47.40 - - [28/Apr/2018:14:09:30 -0400] "GET /2009/proceedings/1993/nspw1993-rooker-2.pdf HTTP/1.1" 200 568793 "-" "Mozilla/5.0 (compatible; YandexBot/3.0; +http://yandex.com/bots)"
66.249.73.91 - - [28/Apr/2018:14:09:58 -0400] "GET /papers/2012/docs/p15.pdf HTTP/1.1" 304 3605 "-" "Mozilla/5.0 (compatible; Googlebot/2.1; +http://www.google.com/bot.html)"
69.162.124.227 - - [28/Apr/2018:14:10:14 -0400] "HEAD / HTTP/1.1" 200 3874 "http://nspw.org/" "Mozilla/5.0+(compatible; UptimeRobot/2.0; http://www.uptimerobot.com/)"
66.249.73.87 - - [28/Apr/2018:14:10:38 -0400] "GET /oc.html HTTP/1.1" 404 7975 "-" "Mozilla/5.0 (compatible; Googlebot/2.1; +http://www.google.com/bot.html)"
66.249.73.89 - - [28/Apr/2018:14:11:10 -0400] "GET /papers/1998/nspw1998-foley.pdf HTTP/1.1" 200 652888 "-" "Mozilla/5.0 (compatible; Googlebot/2.1; +http://www.google.com/bot.html)"
89.7.140.18 - - [28/Apr/2018:14:11:16 -0400] "GET /wp-login.php HTTP/1.1" 404 7484 "-" "Mozilla/5.0 (Windows NT 6.1; WOW64; rv:40.0) Gecko/20100101 Firefox/40.1"
89.7.140.18 - - [28/Apr/2018:14:11:19 -0400] "GET / HTTP/1.1" 200 8218 "-" "Mozilla/5.0 (Windows NT 6.1; WOW64; rv:40.0) Gecko/20100101 Firefox/40.1"
77.88.47.40 - - [28/Apr/2018:14:06:57 -0400] "GET /2009/proceedings/1993/nspw1993-shockley.pdf HTTP/1.1" 200 198516 "-" "Mozilla/5.0 (compatible; YandexBot/3.0; +http://yandex.com/bots)"
77.88.47.40 - - [28/Apr/2018:14:07:08 -0400] "GET /2009/proceedings/1993/nspw1993-thomas.pdf HTTP/1.1" 200 187958 "-" "Mozilla/5.0 (compatible; YandexBot/3.0; +http://yandex.com/bots)"
66.249.73.91 - - [28/Apr/2018:14:12:21 -0400] "GET /papers/2005/nspw2005-mcdermott.pdf HTTP/1.1" 200 4280145 "-" "Mozilla/5.0 (compatible; Googlebot/2.1; +http://www.google.com/bot.html)"
77.88.47.40 - - [28/Apr/2018:14:07:17 -0400] "GET /2009/proceedings/1993/nspw1993-lin-2.pdf HTTP/1.1" 200 326360 "-" "Mozilla/5.0 (compatible; YandexBot/3.0; +http://yandex.com/bots)"
77.88.47.40 - - [28/Apr/2018:14:07:34 -0400] "GET /2009/proceedings/1993/nspw1993-smith.pdf HTTP/1.1" 200 52352 "-" "Mozilla/5.0 (compatible; YandexBot/3.0; +http://yandex.com/bots)"
77.88.47.40 - - [28/Apr/2018:14:07:37 -0400] "GET /2009/proceedings/1993/nspw1993-hosmer-2.pdf HTTP/1.1" 200 127844 "-" "Mozilla/5.0 (compatible; YandexBot/3.0; +http://yandex.com/bots)"
207.46.13.52 - - [28/Apr/2018:14:12:34 -0400] "GET /2009/proceedings/1993/nspw1993-thomas.pdf HTTP/1.1" 200 494825 "-" "Mozilla/5.0 (compatible; bingbot/2.0; +http://www.bing.com/bingbot.htm)"
77.88.47.40 - - [28/Apr/2018:14:07:45 -0400] "GET /2009/proceedings/1993/nspw1993-shockley.pdf HTTP/1.1" 200 371096 "-" "Mozilla/5.0 (compatible; YandexBot/3.0; +http://yandex.com/bots)"
77.88.47.40 - - [28/Apr/2018:14:08:07 -0400] "GET /2009/proceedings/1993/nspw1993-thomas.pdf HTTP/1.1" 200 187958 "-" "Mozilla/5.0 (compatible; YandexBot/3.0; +http://yandex.com/bots)"
66.249.73.87 - - [28/Apr/2018:14:13:32 -0400] "GET /papers/1999/nspw1999-michael.pdf HTTP/1.1" 200 596849 "-" "Mozilla/5.0 (compatible; Googlebot/2.1; +http://www.google.com/bot.html)"
77.88.47.40 - - [28/Apr/2018:14:08:17 -0400] "GET /2009/proceedings/1993/nspw1993-smith.pdf HTTP/1.1" 200 365504 "-" "Mozilla/5.0 (compatible; YandexBot/3.0; +http://yandex.com/bots)"
77.88.47.40 - - [28/Apr/2018:14:08:36 -0400] "GET /2009/proceedings/1993/nspw1993-hosmer-2.pdf HTTP/1.1" 200 151610 "-" "Mozilla/5.0 (compatible; YandexBot/3.0; +http://yandex.com/bots)"
77.88.47.40 - - [28/Apr/2018:14:08:45 -0400] "GET /2009/proceedings/1993/nspw1993-rooker-2.pdf HTTP/1.1" 200 208928 "-" "Mozilla/5.0 (compatible; YandexBot/3.0; +http://yandex.com/bots)"
66.249.73.91 - - [28/Apr/2018:14:14:44 -0400] "GET /papers/2013/nspw2013-castro.pdf HTTP/1.1" 200 347010 "-" "Mozilla/5.0 (compatible; Googlebot/2.1; +http://www.google.com/bot.html)"
77.88.47.40 - - [28/Apr/2018:14:14:21 -0400] "GET /2009/proceedings/1993/nspw1993-yazdanian.pdf HTTP/1.1" 200 558563 "-" "Mozilla/5.0 (compatible; YandexBot/3.0; +http://yandex.com/bots)"
69.162.124.227 - - [28/Apr/2018:14:15:14 -0400] "HEAD / HTTP/1.1" 200 3874 "http://nspw.org/" "Mozilla/5.0+(compatible; UptimeRobot/2.0; http://www.uptimerobot.com/)"
77.88.47.40 - - [28/Apr/2018:14:14:57 -0400] "GET /2009/proceedings/1999/nspw1999-welch.pdf HTTP/1.1" 200 572847 "-" "Mozilla/5.0 (compatible; YandexBot/3.0; +http://yandex.com/bots)"
66.249.73.87 - - [28/Apr/2018:14:15:55 -0400] "GET /2009/proceedings/1997/nspw1997-nelson.pdf HTTP/1.1" 304 3605 "-" "Mozilla/5.0 (Linux; Android 6.0.1; Nexus 5X Build/MMB29P) AppleWebKit/537.36 (KHTML, like Gecko) Chrome/41.0.2272.96 Mobile Safari/537.36 (compatible; Googlebot/2.1; +http://www.google.com/bot.html)"
77.88.47.40 - - [28/Apr/2018:14:15:29 -0400] "GET /2009/proceedings/1999/nspw1999-michael.pdf HTTP/1.1" 200 593455 "-" "Mozilla/5.0 (compatible; YandexBot/3.0; +http://yandex.com/bots)"
77.88.47.40 - - [28/Apr/2018:14:16:49 -0400] "GET /node/72 HTTP/1.1" 200 6379 "-" "Mozilla/5.0 (compatible; YandexBot/3.0; +http://yandex.com/bots)"
66.249.73.87 - - [28/Apr/2018:14:17:07 -0400] "GET /cfp/nspw2017-cfp.pdf HTTP/1.1" 304 3605 "-" "Mozilla/5.0 (Linux; Android 6.0.1; Nexus 5X Build/MMB29P) AppleWebKit/537.36 (KHTML, like Gecko) Chrome/41.0.2272.96 Mobile Safari/537.36 (compatible; Googlebot/2.1; +http://www.google.com/bot.html)"
66.249.73.87 - - [28/Apr/2018:14:18:17 -0400] "GET /2005/dates.shtml HTTP/1.1" 200 4968 "-" "Mozilla/5.0 (Linux; Android 6.0.1; Nexus 5X Build/MMB29P) AppleWebKit/537.36 (KHTML, like Gecko) Chrome/41.0.2272.96 Mobile Safari/537.36 (compatible; Googlebot/2.1; +http://www.google.com/bot.html)"
125.209.235.181 - - [28/Apr/2018:14:18:57 -0400] "GET / HTTP/1.1" 200 6642 "-" "Mozilla/5.0 (iPhone; CPU iPhone OS 9_1 like Mac OS X) AppleWebKit/601.1.46 (KHTML, like Gecko) Version/9.0 Mobile/13B143 Safari/601.1"
125.209.235.179 - - [28/Apr/2018:14:19:02 -0400] "GET / HTTP/1.1" 200 6642 "-" "Mozilla/5.0 (Windows NT 6.1; WOW64) AppleWebKit/537.36 (KHTML, like Gecko) Chrome/52.0.2743.116 Safari/537.36"
125.209.235.177 - - [28/Apr/2018:14:19:04 -0400] "GET /2011 HTTP/1.1" 200 6962 "-" "Mozilla/5.0 (iPhone; CPU iPhone OS 9_1 like Mac OS X) AppleWebKit/601.1.46 (KHTML, like Gecko) Version/9.0 Mobile/13B143 Safari/601.1"
125.209.235.176 - - [28/Apr/2018:14:19:09 -0400] "GET /2011 HTTP/1.1" 200 6962 "-" "Mozilla/5.0 (Windows NT 6.1; WOW64) AppleWebKit/537.36 (KHTML, like Gecko) Chrome/52.0.2743.116 Safari/537.36"
125.209.235.169 - - [28/Apr/2018:14:19:11 -0400] "GET /2013 HTTP/1.1" 200 6834 "-" "Mozilla/5.0 (iPhone; CPU iPhone OS 9_1 like Mac OS X) AppleWebKit/601.1.46 (KHTML, like Gecko) Version/9.0 Mobile/13B143 Safari/601.1"
125.209.235.183 - - [28/Apr/2018:14:19:16 -0400] "GET /2013 HTTP/1.1" 200 6834 "-" "Mozilla/5.0 (Windows NT 6.1; WOW64) AppleWebKit/537.36 (KHTML, like Gecko) Chrome/52.0.2743.116 Safari/537.36"
125.209.235.186 - - [28/Apr/2018:14:19:18 -0400] "GET /2014/dates HTTP/1.1" 200 6578 "-" "Mozilla/5.0 (iPhone; CPU iPhone OS 9_1 like Mac OS X) AppleWebKit/601.1.46 (KHTML, like Gecko) Version/9.0 Mobile/13B143 Safari/601.1"
125.209.235.172 - - [28/Apr/2018:14:19:25 -0400] "GET /2014/dates HTTP/1.1" 200 6578 "-" "Mozilla/5.0 (Windows NT 6.1; WOW64) AppleWebKit/537.36 (KHTML, like Gecko) Chrome/52.0.2743.116 Safari/537.36"
125.209.235.171 - - [28/Apr/2018:14:19:27 -0400] "GET /2015 HTTP/1.1" 200 6962 "-" "Mozilla/5.0 (iPhone; CPU iPhone OS 9_1 like Mac OS X) AppleWebKit/601.1.46 (KHTML, like Gecko) Version/9.0 Mobile/13B143 Safari/601.1"
66.249.73.87 - - [28/Apr/2018:14:19:29 -0400] "GET /papers/2010/nspw2010-faily.pdf HTTP/1.1" 200 539853 "-" "Mozilla/5.0 (Linux; Android 6.0.1; Nexus 5X Build/MMB29P) AppleWebKit/537.36 (KHTML, like Gecko) Chrome/41.0.2272.96 Mobile Safari/537.36 (compatible; Googlebot/2.1; +http://www.google.com/bot.html)"
125.209.235.169 - - [28/Apr/2018:14:19:31 -0400] "GET /2015 HTTP/1.1" 200 3872 "-" "Mozilla/5.0 (Windows NT 6.1; WOW64) AppleWebKit/537.36 (KHTML, like Gecko) Chrome/52.0.2743.116 Safari/537.36"
125.209.235.176 - - [28/Apr/2018:14:19:33 -0400] "GET / HTTP/1.1" 200 3552 "-" "Mozilla/5.0 (iPhone; CPU iPhone OS 9_1 like Mac OS X) AppleWebKit/601.1.46 (KHTML, like Gecko) Version/9.0 Mobile/13B143 Safari/601.1"
125.209.235.175 - - [28/Apr/2018:14:19:36 -0400] "GET / HTTP/1.1" 200 6642 "-" "Mozilla/5.0 (Windows NT 6.1; WOW64) AppleWebKit/537.36 (KHTML, like Gecko) Chrome/52.0.2743.116 Safari/537.36"
69.162.124.227 - - [28/Apr/2018:14:20:14 -0400] "HEAD / HTTP/1.1" 200 3874 "http://nspw.org/" "Mozilla/5.0+(compatible; UptimeRobot/2.0; http://www.uptimerobot.com/)"
77.88.47.40 - - [28/Apr/2018:14:20:17 -0400] "GET /2009/proceedings/1997/nspw1997-somayaji.pdf HTTP/1.1" 200 53418 "-" "Mozilla/5.0 (compatible; YandexBot/3.0; +http://yandex.com/bots)"
125.209.235.170 - - [28/Apr/2018:14:20:26 -0400] "GET /cfp/nspw2017-cfp.pdf HTTP/1.1" 200 78017 "-" "Mozilla/5.0 (compatible; Yeti/1.1; +http://naver.me/spd)"
66.249.73.89 - - [28/Apr/2018:14:20:40 -0400] "GET /papers/2000/nspw2000-mcdermott.pdf HTTP/1.1" 200 378051 "-" "Mozilla/5.0 (compatible; Googlebot/2.1; +http://www.google.com/bot.html)"
77.88.47.40 - - [28/Apr/2018:14:20:21 -0400] "GET /2009/proceedings/1997/nspw1997-meadows.pdf HTTP/1.1" 200 428547 "-" "Mozilla/5.0 (compatible; YandexBot/3.0; +http://yandex.com/bots)"
77.88.47.40 - - [28/Apr/2018:14:16:04 -0400] "GET /2009/proceedings/1999/nspw1999-jonsson.pdf HTTP/1.1" 200 274634 "-" "Mozilla/5.0 (compatible; YandexBot/3.0; +http://yandex.com/bots)"
77.88.47.40 - - [28/Apr/2018:14:16:20 -0400] "GET /2009/proceedings/1999/nspw1999-erlingsson.pdf HTTP/1.1" 200 322166 "-" "Mozilla/5.0 (compatible; YandexBot/3.0; +http://yandex.com/bots)"
77.88.47.40 - - [28/Apr/2018:14:16:35 -0400] "GET /2009/proceedings/1998/nspw1998-kahn.pdf HTTP/1.1" 200 250868 "-" "Mozilla/5.0 (compatible; YandexBot/3.0; +http://yandex.com/bots)"
66.249.73.91 - - [28/Apr/2018:14:21:51 -0400] "GET /cfp/nspw2011-cfp.pdf HTTP/1.1" 200 50834 "-" "Mozilla/5.0 (compatible; Googlebot/2.1; +http://www.google.com/bot.html)"
77.88.47.40 - - [28/Apr/2018:14:16:51 -0400] "GET /2009/proceedings/1997/nspw1997-hinton.pdf HTTP/1.1" 200 538230 "-" "Mozilla/5.0 (compatible; YandexBot/3.0; +http://yandex.com/bots)"
77.88.47.40 - - [28/Apr/2018:14:17:16 -0400] "GET /2009/proceedings/1999/nspw1999-jonsson.pdf HTTP/1.1" 200 84506 "-" "Mozilla/5.0 (compatible; YandexBot/3.0; +http://yandex.com/bots)"
77.88.47.40 - - [28/Apr/2018:14:17:20 -0400] "GET /2009/proceedings/1998/nspw1998-kahn.pdf HTTP/1.1" 200 628328 "-" "Mozilla/5.0 (compatible; YandexBot/3.0; +http://yandex.com/bots)"
66.249.73.89 - - [28/Apr/2018:14:23:02 -0400] "GET /2001/pc.html HTTP/1.1" 304 3603 "-" "Mozilla/5.0 (Linux; Android 6.0.1; Nexus 5X Build/MMB29P) AppleWebKit/537.36 (KHTML, like Gecko) Chrome/41.0.2272.96 Mobile Safari/537.36 (compatible; Googlebot/2.1; +http://www.google.com/bot.html)"
77.88.47.40 - - [28/Apr/2018:14:17:48 -0400] "GET /2009/proceedings/1999/nspw1999-erlingsson.pdf HTTP/1.1" 200 466160 "-" "Mozilla/5.0 (compatible; YandexBot/3.0; +http://yandex.com/bots)"
77.88.47.40 - - [28/Apr/2018:14:18:11 -0400] "GET /2009/proceedings/1997/nspw1997-hinton.pdf HTTP/1.1" 200 83108 "-" "Mozilla/5.0 (compatible; YandexBot/3.0; +http://yandex.com/bots)"
77.88.47.40 - - [28/Apr/2018:14:18:16 -0400] "GET /2009/proceedings/1998/nspw1998-phillips.pdf HTTP/1.1" 200 407444 "-" "Mozilla/5.0 (compatible; YandexBot/3.0; +http://yandex.com/bots)"
77.88.47.40 - - [28/Apr/2018:14:18:38 -0400] "GET /2009/proceedings/1997/nspw1997-nelson.pdf HTTP/1.1" 200 397658 "-" "Mozilla/5.0 (compatible; YandexBot/3.0; +http://yandex.com/bots)"
77.88.47.40 - - [28/Apr/2018:14:18:57 -0400] "GET /2009/proceedings/1999/nspw1999-erlingsson.pdf HTTP/1.1" 200 243878 "-" "Mozilla/5.0 (compatible; YandexBot/3.0; +http://yandex.com/bots)"
77.88.47.40 - - [28/Apr/2018:14:19:11 -0400] "GET /2009/proceedings/1997/nspw1997-essin.pdf HTTP/1.1" 200 84506 "-" "Mozilla/5.0 (compatible; YandexBot/3.0; +http://yandex.com/bots)"
66.249.73.89 - - [28/Apr/2018:14:24:14 -0400] "GET /2009/proceedings/1993/nspw1993-lin.pdf HTTP/1.1" 200 1018564 "-" "Mozilla/5.0 (compatible; Googlebot/2.1; +http://www.google.com/bot.html)"
77.88.47.40 - - [28/Apr/2018:14:19:17 -0400] "GET /2009/proceedings/1998/nspw1998-phillips.pdf HTTP/1.1" 200 359912 "-" "Mozilla/5.0 (compatible; YandexBot/3.0; +http://yandex.com/bots)"
77.88.47.40 - - [28/Apr/2018:14:19:38 -0400] "GET /2009/proceedings/1997/nspw1997-nelson.pdf HTTP/1.1" 200 303992 "-" "Mozilla/5.0 (compatible; YandexBot/3.0; +http://yandex.com/bots)"
77.88.47.40 - - [28/Apr/2018:14:19:57 -0400] "GET /2009/proceedings/1997/nspw1997-mambo.pdf HTTP/1.1" 200 246674 "-" "Mozilla/5.0 (compatible; YandexBot/3.0; +http://yandex.com/bots)"
69.162.124.227 - - [28/Apr/2018:14:25:14 -0400] "HEAD / HTTP/1.1" 200 3874 "http://nspw.org/" "Mozilla/5.0+(compatible; UptimeRobot/2.0; http://www.uptimerobot.com/)"
77.88.47.40 - - [28/Apr/2018:14:20:13 -0400] "GET /2009/proceedings/1997/nspw1997-essin.pdf HTTP/1.1" 200 84506 "-" "Mozilla/5.0 (compatible; YandexBot/3.0; +http://yandex.com/bots)"
66.249.73.91 - - [28/Apr/2018:14:25:25 -0400] "GET /2005/cfp/latex/macros.sty HTTP/1.1" 200 14425 "-" "Mozilla/5.0 (compatible; Googlebot/2.1; +http://www.google.com/bot.html)"
77.88.47.40 - - [28/Apr/2018:14:20:43 -0400] "GET /2009/proceedings/1998/nspw1998-slater.pdf HTTP/1.1" 200 529842 "-" "Mozilla/5.0 (compatible; YandexBot/3.0; +http://yandex.com/bots)"
220.181.125.142 - - [28/Apr/2018:14:26:11 -0400] "GET /2009/proceedings/2012/docs/p77.pdf HTTP/1.1" 304 3665 "-" "Sogou web spider/4.0(+http://www.sogou.com/docs/help/webmasters.htm#07)"
220.181.125.142 - - [28/Apr/2018:14:26:21 -0400] "GET /2009/cfp2009.pdf HTTP/1.1" 304 3664 "-" "Sogou web spider/4.0(+http://www.sogou.com/docs/help/webmasters.htm#07)"
77.88.47.40 - - [28/Apr/2018:14:21:08 -0400] "GET /2009/proceedings/1997/nspw1997-mambo.pdf HTTP/1.1" 200 317972 "-" "Mozilla/5.0 (compatible; YandexBot/3.0; +http://yandex.com/bots)"
220.181.125.142 - - [28/Apr/2018:14:26:31 -0400] "GET /papers/1993/nspw1993-lin-2.pdf HTTP/1.1" 304 3665 "-" "Sogou web spider/4.0(+http://www.sogou.com/docs/help/webmasters.htm#07)"
66.249.73.87 - - [28/Apr/2018:14:26:36 -0400] "GET /papers/1993/nspw1993-rooker-2.pdf HTTP/1.1" 200 572187 "-" "Mozilla/5.0 (compatible; Googlebot/2.1; +http://www.google.com/bot.html)"
95.82.169.51 - - [28/Apr/2018:14:26:47 -0400] "GET /wp-login.php HTTP/1.1" 404 7985 "-" "Mozilla/5.0 (Windows NT 6.1; WOW64; rv:40.0) Gecko/20100101 Firefox/40.1"
95.82.169.51 - - [28/Apr/2018:14:26:47 -0400] "GET / HTTP/1.1" 200 8206 "-" "Mozilla/5.0 (Windows NT 6.1; WOW64; rv:40.0) Gecko/20100101 Firefox/40.1"
77.88.47.40 - - [28/Apr/2018:14:21:23 -0400] "GET /2009/proceedings/1998/nspw1998-slater.pdf HTTP/1.1" 200 811466 "-" "Mozilla/5.0 (compatible; YandexBot/3.0; +http://yandex.com/bots)"
77.88.47.40 - - [28/Apr/2018:14:27:12 -0400] "GET /2015 HTTP/1.1" 200 6952 "-" "Mozilla/5.0 (compatible; YandexBot/3.0; +http://yandex.com/bots)"
77.88.47.40 - - [28/Apr/2018:14:22:08 -0400] "GET /2009/proceedings/1997/nspw1997-mambo.pdf HTTP/1.1" 200 257858 "-" "Mozilla/5.0 (compatible; YandexBot/3.0; +http://yandex.com/bots)"
66.249.73.87 - - [28/Apr/2018:14:27:48 -0400] "GET /papers/2013/nspw2013-crane.pdf HTTP/1.1" 304 3606 "-" "Mozilla/5.0 (compatible; Googlebot/2.1; +http://www.google.com/bot.html)"
66.249.73.89 - - [28/Apr/2018:14:28:59 -0400] "GET /papers/2006/nspw2006-porras.pdf HTTP/1.1" 200 157580 "-" "Mozilla/5.0 (compatible; Googlebot/2.1; +http://www.google.com/bot.html)"
66.249.73.91 - - [28/Apr/2018:14:30:10 -0400] "GET /papers/1998/nspw1998-slater.pdf HTTP/1.1" 304 3605 "-" "Mozilla/5.0 (compatible; Googlebot/2.1; +http://www.google.com/bot.html)"
69.162.124.227 - - [28/Apr/2018:14:30:14 -0400] "HEAD / HTTP/1.1" 200 3874 "http://nspw.org/" "Mozilla/5.0+(compatible; UptimeRobot/2.0; http://www.uptimerobot.com/)"
216.244.66.236 - - [28/Apr/2018:14:30:34 -0400] "GET /robots.txt HTTP/1.1" 200 5796 "-" "Mozilla/5.0 (compatible; DotBot/1.1; http://www.opensiteexplorer.org/dotbot, help@moz.com)"
66.249.73.87 - - [28/Apr/2018:14:31:22 -0400] "GET /papers/2004/nspw2004-hollebeek.pdf HTTP/1.1" 200 120240 "-" "Mozilla/5.0 (compatible; Googlebot/2.1; +http://www.google.com/bot.html)"
116.34.64.197 - - [28/Apr/2018:14:31:50 -0400] "GET /wp-login.php HTTP/1.1" 404 7985 "-" "Mozilla/5.0 (Windows NT 6.1; WOW64; rv:40.0) Gecko/20100101 Firefox/40.1"
116.34.64.197 - - [28/Apr/2018:14:31:51 -0400] "GET / HTTP/1.1" 200 8206 "-" "Mozilla/5.0 (Windows NT 6.1; WOW64; rv:40.0) Gecko/20100101 Firefox/40.1"
66.249.73.87 - - [28/Apr/2018:14:32:33 -0400] "GET /papers/2008/nspw2008-zhao.pdf HTTP/1.1" 200 568085 "-" "Mozilla/5.0 (compatible; Googlebot/2.1; +http://www.google.com/bot.html)"
66.249.73.89 - - [28/Apr/2018:14:33:44 -0400] "GET /papers/2004/nspw2004-allwein.pdf HTTP/1.1" 200 275009 "-" "Mozilla/5.0 (Linux; Android 6.0.1; Nexus 5X Build/MMB29P) AppleWebKit/537.36 (KHTML, like Gecko) Chrome/41.0.2272.96 Mobile Safari/537.36 (compatible; Googlebot/2.1; +http://www.google.com/bot.html)"
66.249.73.91 - - [28/Apr/2018:14:34:56 -0400] "GET /papers/2004/nspw2004-gates.pdf HTTP/1.1" 200 148275 "-" "Mozilla/5.0 (compatible; Googlebot/2.1; +http://www.google.com/bot.html)"
66.249.73.91 - - [28/Apr/2018:14:35:06 -0400] "GET /papers/2007/nspw2007-gay.pdf HTTP/1.1" 200 268614 "-" "Mozilla/5.0 (compatible; Googlebot/2.1; +http://www.google.com/bot.html)"
69.162.124.227 - - [28/Apr/2018:14:35:14 -0400] "HEAD / HTTP/1.1" 200 3874 "http://nspw.org/" "Mozilla/5.0+(compatible; UptimeRobot/2.0; http://www.uptimerobot.com/)"
196.217.66.103 - - [28/Apr/2018:14:35:58 -0400] "GET /wp-login.php HTTP/1.1" 404 7985 "-" "Mozilla/5.0 (Windows NT 6.1; WOW64; rv:40.0) Gecko/20100101 Firefox/40.1"
196.217.66.103 - - [28/Apr/2018:14:35:59 -0400] "GET / HTTP/1.1" 200 8206 "-" "Mozilla/5.0 (Windows NT 6.1; WOW64; rv:40.0) Gecko/20100101 Firefox/40.1"
66.249.73.91 - - [28/Apr/2018:14:36:07 -0400] "GET /papers/2010/nspw2010-bratus.pdf HTTP/1.1" 200 457254 "-" "Mozilla/5.0 (compatible; Googlebot/2.1; +http://www.google.com/bot.html)"
66.249.73.91 - - [28/Apr/2018:14:37:18 -0400] "GET /papers/2012/docs/p67.pdf HTTP/1.1" 304 3605 "-" "Mozilla/5.0 (compatible; Googlebot/2.1; +http://www.google.com/bot.html)"
66.160.140.182 - - [28/Apr/2018:14:37:37 -0400] "GET /robots.txt HTTP/1.1" 200 4444 "-" "The Knowledge AI"
221.219.69.89 - - [28/Apr/2018:14:37:56 -0400] "GET /wp-login.php HTTP/1.1" 404 7839 "-" "Mozilla/5.0 (Windows NT 6.1; WOW64; rv:40.0) Gecko/20100101 Firefox/40.1"
221.219.69.89 - - [28/Apr/2018:14:37:56 -0400] "GET / HTTP/1.1" 200 8218 "-" "Mozilla/5.0 (Windows NT 6.1; WOW64; rv:40.0) Gecko/20100101 Firefox/40.1"
66.249.73.87 - - [28/Apr/2018:14:38:29 -0400] "GET /papers/2010/nspw2010-faily.pdf HTTP/1.1" 200 539853 "-" "Mozilla/5.0 (compatible; Googlebot/2.1; +http://www.google.com/bot.html)"
66.249.73.91 - - [28/Apr/2018:14:39:41 -0400] "GET /papers/2010/nspw2010-vancleeff.pdf HTTP/1.1" 200 418639 "-" "Mozilla/5.0 (compatible; Googlebot/2.1; +http://www.google.com/bot.html)"
69.162.124.227 - - [28/Apr/2018:14:40:14 -0400] "HEAD / HTTP/1.1" 200 3874 "http://nspw.org/" "Mozilla/5.0+(compatible; UptimeRobot/2.0; http://www.uptimerobot.com/)"
66.249.73.89 - - [28/Apr/2018:14:40:52 -0400] "GET /papers/2007/nspw2007-solworth.pdf HTTP/1.1" 200 384581 "-" "Mozilla/5.0 (compatible; Googlebot/2.1; +http://www.google.com/bot.html)"
125.209.235.170 - - [28/Apr/2018:14:41:18 -0400] "GET /cfp/nspw2015-cfp.pdf HTTP/1.1" 200 76417 "-" "Mozilla/5.0 (compatible; Yeti/1.1; +http://naver.me/spd)"
66.249.73.87 - - [28/Apr/2018:14:42:03 -0400] "GET /papers/2007/nspw2007-nali.pdf HTTP/1.1" 200 878633 "-" "Mozilla/5.0 (compatible; Googlebot/2.1; +http://www.google.com/bot.html)"
77.88.47.40 - - [28/Apr/2018:14:37:10 -0400] "GET /2009/proceedings/1997/nspw1997-rahman.pdf HTTP/1.1" 200 1030952 "-" "Mozilla/5.0 (compatible; YandexBot/3.0; +http://yandex.com/bots)"
66.249.73.87 - - [28/Apr/2018:14:43:15 -0400] "GET /papers/2009/nspw2009-probst.pdf HTTP/1.1" 200 205895 "-" "Mozilla/5.0 (compatible; Googlebot/2.1; +http://www.google.com/bot.html)"
77.88.47.40 - - [28/Apr/2018:14:38:09 -0400] "GET /papers/2012/docs/p1.pdf HTTP/1.1" 200 257858 "-" "Mozilla/5.0 (compatible; YandexBot/3.0; +http://yandex.com/bots)"
207.46.13.52 - - [28/Apr/2018:14:43:32 -0400] "GET /2017/location HTTP/1.1" 200 6616 "-" "Mozilla/5.0 (compatible; bingbot/2.0; +http://www.bing.com/bingbot.htm)"
77.88.47.40 - - [28/Apr/2018:14:38:24 -0400] "GET /2009/proceedings/1997/nspw1997-rahman.pdf HTTP/1.1" 200 748556 "-" "Mozilla/5.0 (compatible; YandexBot/3.0; +http://yandex.com/bots)"
77.88.47.40 - - [28/Apr/2018:14:39:08 -0400] "GET /papers/2012/docs/p1.pdf HTTP/1.1" 200 329156 "-" "Mozilla/5.0 (compatible; YandexBot/3.0; +http://yandex.com/bots)"
66.249.73.91 - - [28/Apr/2018:14:44:26 -0400] "GET /papers/1993/nspw1993-yazdanian.pdf HTTP/1.1" 200 558534 "-" "Mozilla/5.0 (compatible; Googlebot/2.1; +http://www.google.com/bot.html)"
77.88.47.40 - - [28/Apr/2018:14:39:23 -0400] "GET /papers/2012/docs/p27.pdf HTTP/1.1" 200 330554 "-" "Mozilla/5.0 (compatible; YandexBot/3.0; +http://yandex.com/bots)"
37.107.83.246 - - [28/Apr/2018:14:45:04 -0400] "GET /wp-login.php HTTP/1.1" 404 7491 "-" "Mozilla/5.0 (Windows NT 6.1; WOW64; rv:40.0) Gecko/20100101 Firefox/40.1"
37.107.83.246 - - [28/Apr/2018:14:45:04 -0400] "GET / HTTP/1.1" 200 8218 "-" "Mozilla/5.0 (Windows NT 6.1; WOW64; rv:40.0) Gecko/20100101 Firefox/40.1"
69.162.124.227 - - [28/Apr/2018:14:45:14 -0400] "HEAD / HTTP/1.1" 200 3874 "http://nspw.org/" "Mozilla/5.0+(compatible; UptimeRobot/2.0; http://www.uptimerobot.com/)"
66.249.73.91 - - [28/Apr/2018:14:45:37 -0400] "GET /papers/1999/nspw1999-henning.pdf HTTP/1.1" 200 666930 "-" "Mozilla/5.0 (compatible; Googlebot/2.1; +http://www.google.com/bot.html)"
77.88.47.40 - - [28/Apr/2018:14:39:46 -0400] "GET /papers/2012/docs/p27.pdf HTTP/1.1" 200 1056116 "-" "Mozilla/5.0 (compatible; YandexBot/3.0; +http://yandex.com/bots)"
66.249.73.89 - - [28/Apr/2018:14:46:48 -0400] "GET /2017 HTTP/1.1" 200 7049 "-" "Mozilla/5.0 (compatible; Googlebot/2.1; +http://www.google.com/bot.html)"
66.249.73.87 - - [28/Apr/2018:14:48:00 -0400] "GET /papers/2010/nspw2010-moore.pdf HTTP/1.1" 200 741159 "-" "Mozilla/5.0 (compatible; Googlebot/2.1; +http://www.google.com/bot.html)"
163.158.34.251 - - [28/Apr/2018:14:48:50 -0400] "GET /wp-login.php HTTP/1.1" 404 7491 "-" "Mozilla/5.0 (Windows NT 6.1; WOW64; rv:40.0) Gecko/20100101 Firefox/40.1"
163.158.34.251 - - [28/Apr/2018:14:48:50 -0400] "GET / HTTP/1.1" 200 8218 "-" "Mozilla/5.0 (Windows NT 6.1; WOW64; rv:40.0) Gecko/20100101 Firefox/40.1"
66.249.73.91 - - [28/Apr/2018:14:49:11 -0400] "GET /papers/2010/nspw2010-lilien.pdf HTTP/1.1" 200 740643 "-" "Mozilla/5.0 (compatible; Googlebot/2.1; +http://www.google.com/bot.html)"
207.46.13.52 - - [28/Apr/2018:14:49:39 -0400] "GET /2014/dates HTTP/1.1" 200 7024 "-" "Mozilla/5.0 (compatible; bingbot/2.0; +http://www.bing.com/bingbot.htm)"
51.15.246.111 - - [28/Apr/2018:14:50:05 -0400] "GET /xmlrpc.php HTTP/1.1" 200 3756 "-" "PycURL/7.19.5 libcurl/7.38.0 GnuTLS/3.3.8 zlib/1.2.8 libidn/1.29 libssh2/1.4.3 librtmp/2.3"
51.15.246.111 - - [28/Apr/2018:14:50:05 -0400] "GET /?feed=rss2 HTTP/1.1" 200 8151 "-" "PycURL/7.19.5 libcurl/7.38.0 GnuTLS/3.3.8 zlib/1.2.8 libidn/1.29 libssh2/1.4.3 librtmp/2.3"
77.88.47.40 - - [28/Apr/2018:14:44:10 -0400] "GET /papers/2012/docs/p127.pdf HTTP/1.1" 200 1156772 "-" "Mozilla/5.0 (compatible; YandexBot/3.0; +http://yandex.com/bots)"
69.162.124.227 - - [28/Apr/2018:14:50:14 -0400] "HEAD / HTTP/1.1" 200 3874 "http://nspw.org/" "Mozilla/5.0+(compatible; UptimeRobot/2.0; http://www.uptimerobot.com/)"
77.88.47.40 - - [28/Apr/2018:14:49:30 -0400] "GET /papers/1999/nspw1999-olthoff.pdf HTTP/1.1" 200 860010 "-" "Mozilla/5.0 (compatible; YandexBot/3.0; +http://yandex.com/bots)"
66.249.73.89 - - [28/Apr/2018:14:50:22 -0400] "GET /papers/2011/nspw2011-bicakci.pdf HTTP/1.1" 200 493585 "-" "Mozilla/5.0 (compatible; Googlebot/2.1; +http://www.google.com/bot.html)"
77.88.47.40 - - [28/Apr/2018:14:50:24 -0400] "GET /2009/proceedings/1998/?C=D;O=A HTTP/1.1" 200 939 "-" "Mozilla/5.0 (compatible; YandexBot/3.0; +http://yandex.com/bots)"
77.88.47.40 - - [28/Apr/2018:14:45:10 -0400] "GET /papers/2012/docs/p87.pdf HTTP/1.1" 200 309584 "-" "Mozilla/5.0 (compatible; YandexBot/3.0; +http://yandex.com/bots)"
66.249.73.91 - - [28/Apr/2018:14:51:34 -0400] "GET /papers/1993/nspw1993-meadows.pdf HTTP/1.1" 200 322223 "-" "Mozilla/5.0 (compatible; Googlebot/2.1; +http://www.google.com/bot.html)"
77.88.47.40 - - [28/Apr/2018:14:50:53 -0400] "GET /2009/proceedings/1998/nspw1998-riechmann.pdf HTTP/1.1" 200 727647 "-" "Mozilla/5.0 (compatible; YandexBot/3.0; +http://yandex.com/bots)"
77.88.47.40 - - [28/Apr/2018:14:46:02 -0400] "GET /papers/2012/docs/p105.pdf HTTP/1.1" 200 1025360 "-" "Mozilla/5.0 (compatible; YandexBot/3.0; +http://yandex.com/bots)"
77.88.47.40 - - [28/Apr/2018:14:51:59 -0400] "GET /papers/2013/?C=D;O=D HTTP/1.1" 200 4384 "-" "Mozilla/5.0 (compatible; YandexBot/3.0; +http://yandex.com/bots)"
77.88.47.40 - - [28/Apr/2018:14:52:01 -0400] "GET /papers/2013/?C=N;O=D HTTP/1.1" 200 961 "-" "Mozilla/5.0 (compatible; YandexBot/3.0; +http://yandex.com/bots)"
77.88.47.40 - - [28/Apr/2018:14:47:02 -0400] "GET /papers/1999/nspw1999-olthoff-3.pdf HTTP/1.1" 200 232694 "-" "Mozilla/5.0 (compatible; YandexBot/3.0; +http://yandex.com/bots)"
157.55.39.30 - - [28/Apr/2018:14:52:00 -0400] "GET /papers/1997/nspw1997-nelson.pdf HTTP/1.1" 200 544703 "-" "Mozilla/5.0 (compatible; bingbot/2.0; +http://www.bing.com/bingbot.htm)"
66.249.73.87 - - [28/Apr/2018:14:52:45 -0400] "GET /papers/2005/nspw2005-taylor-panel.pdf HTTP/1.1" 200 1269405 "-" "Mozilla/5.0 (compatible; Googlebot/2.1; +http://www.google.com/bot.html)"
77.88.47.40 - - [28/Apr/2018:14:52:57 -0400] "GET /papers/2013/?C=M;O=D HTTP/1.1" 200 4383 "-" "Mozilla/5.0 (compatible; YandexBot/3.0; +http://yandex.com/bots)"
77.88.47.40 - - [28/Apr/2018:14:52:58 -0400] "GET /2009/proceedings/1997/?C=N;O=A HTTP/1.1" 200 935 "-" "Mozilla/5.0 (compatible; YandexBot/3.0; +http://yandex.com/bots)"
77.88.47.40 - - [28/Apr/2018:14:47:14 -0400] "GET /papers/2012/docs/p105.pdf HTTP/1.1" 200 821252 "-" "Mozilla/5.0 (compatible; YandexBot/3.0; +http://yandex.com/bots)"
77.88.47.40 - - [28/Apr/2018:14:48:02 -0400] "GET /papers/1999/nspw1999-olthoff-3.pdf HTTP/1.1" 200 182366 "-" "Mozilla/5.0 (compatible; YandexBot/3.0; +http://yandex.com/bots)"
40.77.190.156 - - [28/Apr/2018:14:53:31 -0400] "GET /sites/default/files/nspw-logo-smaller.jpg HTTP/1.1" 200 5774 "https://www.nspw.org/2016/" "Mozilla/5.0 (Windows NT 6.1; WOW64) AppleWebKit/534+ (KHTML, like Gecko) BingPreview/1.0b"
66.249.73.89 - - [28/Apr/2018:14:53:56 -0400] "GET /papers/2011/nspw2011-hamacher.pdf HTTP/1.1" 200 700592 "-" "Mozilla/5.0 (compatible; Googlebot/2.1; +http://www.google.com/bot.html)"
216.244.66.236 - - [28/Apr/2018:14:54:37 -0400] "GET /robots.txt HTTP/1.1" 200 5796 "-" "Mozilla/5.0 (compatible; DotBot/1.1; http://www.opensiteexplorer.org/dotbot, help@moz.com)"
66.249.73.87 - - [28/Apr/2018:14:55:07 -0400] "GET /papers/2011/nspw2011-du.pdf HTTP/1.1" 200 658178 "-" "Mozilla/5.0 (compatible; Googlebot/2.1; +http://www.google.com/bot.html)"
69.162.124.227 - - [28/Apr/2018:14:55:14 -0400] "HEAD / HTTP/1.1" 200 3874 "http://nspw.org/" "Mozilla/5.0+(compatible; UptimeRobot/2.0; http://www.uptimerobot.com/)"
151.231.94.149 - - [28/Apr/2018:14:55:32 -0400] "GET /papers/2008/nspw2008-beautement.pdf HTTP/1.1" 200 769253 "-" "Mozilla/5.0 (Macintosh; Intel Mac OS X 10_12_6) AppleWebKit/605.1.15 (KHTML, like Gecko) Version/11.1 Safari/605.1.15"
151.231.94.149 - - [28/Apr/2018:14:55:34 -0400] "GET /favicon.ico HTTP/1.1" 404 3947 "https://www.nspw.org/papers/2008/nspw2008-beautement.pdf" "Mozilla/5.0 (Macintosh; Intel Mac OS X 10_12_6) AppleWebKit/605.1.15 (KHTML, like Gecko) Version/11.1 Safari/605.1.15"
77.88.47.40 - - [28/Apr/2018:14:50:26 -0400] "GET /2009/proceedings/1998/nspw1998-riechmann.pdf HTTP/1.1" 200 253038 "-" "Mozilla/5.0 (compatible; YandexBot/3.0; +http://yandex.com/bots)"
77.88.47.40 - - [28/Apr/2018:14:50:41 -0400] "GET /2009/proceedings/1997/nspw1997-riechmann.pdf HTTP/1.1" 200 180968 "-" "Mozilla/5.0 (compatible; YandexBot/3.0; +http://yandex.com/bots)"
66.249.73.87 - - [28/Apr/2018:14:56:19 -0400] "GET /papers/2010/nspw2010-alsaleh.pdf HTTP/1.1" 200 1019662 "-" "Mozilla/5.0 (compatible; Googlebot/2.1; +http://www.google.com/bot.html)"
157.55.39.100 - - [28/Apr/2018:14:56:00 -0400] "GET /papers/2000/nspw2000-irvine.pdf HTTP/1.1" 200 689955 "-" "Mozilla/5.0 (iPhone; CPU iPhone OS 7_0 like Mac OS X) AppleWebKit/537.51.1 (KHTML, like Gecko) Version/7.0 Mobile/11A465 Safari/9537.53 (compatible; bingbot/2.0; +http://www.bing.com/bingbot.htm)"
77.88.47.40 - - [28/Apr/2018:14:51:37 -0400] "GET /2009/proceedings/1997/nspw1997-riechmann.pdf HTTP/1.1" 200 269814 "-" "Mozilla/5.0 (compatible; YandexBot/3.0; +http://yandex.com/bots)"
77.88.47.40 - - [28/Apr/2018:14:51:52 -0400] "GET /2009/proceedings/1999/nspw1999-olthoff-3.pdf HTTP/1.1" 200 141824 "-" "Mozilla/5.0 (compatible; YandexBot/3.0; +http://yandex.com/bots)"
207.46.13.52 - - [28/Apr/2018:14:56:59 -0400] "GET /papers/2000/nspw2000-daniels.pdf HTTP/1.1" 200 522982 "-" "Mozilla/5.0 (iPhone; CPU iPhone OS 7_0 like Mac OS X) AppleWebKit/537.51.1 (KHTML, like Gecko) Version/7.0 Mobile/11A465 Safari/9537.53 (compatible; bingbot/2.0; +http://www.bing.com/bingbot.htm)"
216.244.66.200 - - [28/Apr/2018:14:57:21 -0400] "GET /robots.txt HTTP/1.1" 200 5796 "-" "Mozilla/5.0 (compatible; DotBot/1.1; http://www.opensiteexplorer.org/dotbot, help@moz.com)"
66.249.73.89 - - [28/Apr/2018:14:57:30 -0400] "GET /papers/2013/nspw2013-rowe.pdf HTTP/1.1" 200 609033 "-" "Mozilla/5.0 (compatible; Googlebot/2.1; +http://www.google.com/bot.html)"
77.88.47.40 - - [28/Apr/2018:14:52:03 -0400] "GET /2009/proceedings/1999/nspw1999-olthoff-3.pdf HTTP/1.1" 200 989784 "-" "Mozilla/5.0 (compatible; YandexBot/3.0; +http://yandex.com/bots)"
66.249.73.91 - - [28/Apr/2018:14:58:41 -0400] "GET /papers/1993/nspw1993-thuraisingham.pdf HTTP/1.1" 200 531515 "-" "Mozilla/5.0 (compatible; Googlebot/2.1; +http://www.google.com/bot.html)"
149.56.142.185 - - [28/Apr/2018:14:58:50 -0400] "GET /robots.txt HTTP/1.1" 200 3998 "-" "Mozilla/5.0 (compatible; ExtLinksBot/1.5; +https://extlinks.com/Bot.html)"
89.231.3.181 - - [28/Apr/2018:14:58:55 -0400] "GET /wp-login.php HTTP/1.1" 404 7839 "-" "Mozilla/5.0 (Windows NT 6.1; WOW64; rv:40.0) Gecko/20100101 Firefox/40.1"
89.231.3.181 - - [28/Apr/2018:14:58:55 -0400] "GET / HTTP/1.1" 200 8218 "-" "Mozilla/5.0 (Windows NT 6.1; WOW64; rv:40.0) Gecko/20100101 Firefox/40.1"
149.56.142.185 - - [28/Apr/2018:14:59:01 -0400] "GET /proceedings HTTP/1.1" 200 3088 "-" "Mozilla/5.0 (compatible; ExtLinksBot/1.5; +https://extlinks.com/Bot.html)"
149.56.142.185 - - [28/Apr/2018:14:59:23 -0400] "GET /2018/organizers HTTP/1.1" 200 3728 "-" "Mozilla/5.0 (compatible; ExtLinksBot/1.5; +https://extlinks.com/Bot.html)"
149.56.142.185 - - [28/Apr/2018:14:59:34 -0400] "GET /2018/cfp HTTP/1.1" 200 4912 "-" "Mozilla/5.0 (compatible; ExtLinksBot/1.5; +https://extlinks.com/Bot.html)"
73.190.121.155 - - [28/Apr/2018:14:59:36 -0400] "GET /wp-login.php HTTP/1.1" 404 8180 "-" "Mozilla/5.0 (Windows NT 6.1; WOW64; rv:40.0) Gecko/20100101 Firefox/40.1"
73.190.121.155 - - [28/Apr/2018:14:59:36 -0400] "GET / HTTP/1.1" 200 8298 "-" "Mozilla/5.0 (Windows NT 6.1; WOW64; rv:40.0) Gecko/20100101 Firefox/40.1"
66.249.73.87 - - [28/Apr/2018:14:59:53 -0400] "GET /papers/2006/nspw2006-gutmann.pdf HTTP/1.1" 200 103440 "-" "Mozilla/5.0 (compatible; Googlebot/2.1; +http://www.google.com/bot.html)"
149.56.142.185 - - [28/Apr/2018:14:59:56 -0400] "GET /past HTTP/1.1" 200 3152 "-" "Mozilla/5.0 (compatible; ExtLinksBot/1.5; +https://extlinks.com/Bot.html)"
69.162.124.227 - - [28/Apr/2018:15:00:14 -0400] "HEAD / HTTP/1.1" 200 3874 "http://nspw.org/" "Mozilla/5.0+(compatible; UptimeRobot/2.0; http://www.uptimerobot.com/)"
151.228.109.68 - - [28/Apr/2018:15:00:28 -0400] "GET /wp-login.php HTTP/1.1" 404 7839 "-" "Mozilla/5.0 (Windows NT 6.1; WOW64; rv:40.0) Gecko/20100101 Firefox/40.1"
151.228.109.68 - - [28/Apr/2018:15:00:28 -0400] "GET / HTTP/1.1" 200 8218 "-" "Mozilla/5.0 (Windows NT 6.1; WOW64; rv:40.0) Gecko/20100101 Firefox/40.1"
173.239.214.19 - - [28/Apr/2018:15:00:57 -0400] "GET /2009/proceedings/2006/nspw2006-gates.pdf HTTP/1.1" 200 149513 "-" "Mozilla/5.0 (Windows NT 10.0; Win64; x64; rv:59.0) Gecko/20100101 Firefox/59.0"
173.239.214.19 - - [28/Apr/2018:15:00:58 -0400] "GET /favicon.ico HTTP/1.1" 404 700 "-" "Mozilla/5.0 (Windows NT 10.0; Win64; x64; rv:59.0) Gecko/20100101 Firefox/59.0"
173.239.214.19 - - [28/Apr/2018:15:00:58 -0400] "GET /2009/proceedings/2006/nspw2006-gates.pdf HTTP/1.1" 206 66025 "-" "Mozilla/5.0 (Windows NT 10.0; Win64; x64; rv:59.0) Gecko/20100101 Firefox/59.0"
66.249.73.89 - - [28/Apr/2018:15:01:04 -0400] "GET /papers/2005/nspw2005-ford.pdf HTTP/1.1" 200 2046407 "-" "Mozilla/5.0 (compatible; Googlebot/2.1; +http://www.google.com/bot.html)"
66.249.73.89 - - [28/Apr/2018:15:02:15 -0400] "GET /papers/2005/nspw2005-maxion.pdf HTTP/1.1" 200 683223 "-" "Mozilla/5.0 (compatible; Googlebot/2.1; +http://www.google.com/bot.html)"
