14.215.176.10 - - [04/May/2018:15:50:57 -0400] "GET /modules/system/system.base.css?p7r9uw HTTP/1.1" 200 2307 "https://www.nspw.org/" "Mozilla/5.0 (Windows NT 6.1; WOW64; rv:43.0) Gecko/20100101 Firefox/43.0"
14.215.176.10 - - [04/May/2018:15:50:57 -0400] "GET /modules/system/system.menus.css?p7r9uw HTTP/1.1" 200 1025 "https://www.nspw.org/" "Mozilla/5.0 (Windows NT 6.1; WOW64; rv:43.0) Gecko/20100101 Firefox/43.0"
14.215.176.10 - - [04/May/2018:15:50:58 -0400] "GET /modules/system/system.messages.css?p7r9uw HTTP/1.1" 200 746 "https://www.nspw.org/" "Mozilla/5.0 (Windows NT 6.1; WOW64; rv:43.0) Gecko/20100101 Firefox/43.0"
14.215.176.18 - - [04/May/2018:15:50:58 -0400] "GET /modules/system/system.theme.css?p7r9uw HTTP/1.1" 200 1723 "https://www.nspw.org/" "Mozilla/5.0 (Windows NT 6.1; WOW64; rv:43.0) Gecko/20100101 Firefox/43.0"
14.215.176.19 - - [04/May/2018:15:50:58 -0400] "GET /modules/comment/comment.css?p7r9uw HTTP/1.1" 200 643 "https://www.nspw.org/" "Mozilla/5.0 (Windows NT 6.1; WOW64; rv:43.0) Gecko/20100101 Firefox/43.0"
14.215.176.19 - - [04/May/2018:15:50:58 -0400] "GET /modules/field/theme/field.css?p7r9uw HTTP/1.1" 200 737 "https://www.nspw.org/" "Mozilla/5.0 (Windows NT 6.1; WOW64; rv:43.0) Gecko/20100101 Firefox/43.0"
14.215.176.17 - - [04/May/2018:15:50:58 -0400] "GET /modules/node/node.css?p7r9uw HTTP/1.1" 200 610 "https://www.nspw.org/" "Mozilla/5.0 (Windows NT 6.1; WOW64; rv:43.0) Gecko/20100101 Firefox/43.0"
14.215.176.10 - - [04/May/2018:15:50:58 -0400] "GET /modules/user/user.css?p7r9uw HTTP/1.1" 200 1062 "https://www.nspw.org/" "Mozilla/5.0 (Windows NT 6.1; WOW64; rv:43.0) Gecko/20100101 Firefox/43.0"
14.215.176.18 - - [04/May/2018:15:50:58 -0400] "GET /themes/garland/style.css?p7r9uw HTTP/1.1" 200 5370 "https://www.nspw.org/" "Mozilla/5.0 (Windows NT 6.1; WOW64; rv:43.0) Gecko/20100101 Firefox/43.0"
14.215.176.10 - - [04/May/2018:15:50:58 -0400] "GET /themes/garland/print.css?p7r9uw HTTP/1.1" 200 771 "https://www.nspw.org/" "Mozilla/5.0 (Windows NT 6.1; WOW64; rv:43.0) Gecko/20100101 Firefox/43.0"
14.215.176.19 - - [04/May/2018:15:50:58 -0400] "GET /misc/jquery.once.js?v=1.2 HTTP/1.1" 200 1445 "https://www.nspw.org/" "Mozilla/5.0 (Windows NT 6.1; WOW64; rv:43.0) Gecko/20100101 Firefox/43.0"
14.215.176.19 - - [04/May/2018:15:50:58 -0400] "GET /misc/jquery.js?v=1.4.4 HTTP/1.1" 200 27601 "https://www.nspw.org/" "Mozilla/5.0 (Windows NT 6.1; WOW64; rv:43.0) Gecko/20100101 Firefox/43.0"
14.215.176.17 - - [04/May/2018:15:50:58 -0400] "GET /misc/drupal.js?p7r9uw HTTP/1.1" 200 7372 "https://www.nspw.org/" "Mozilla/5.0 (Windows NT 6.1; WOW64; rv:43.0) Gecko/20100101 Firefox/43.0"
180.76.15.5 - - [04/May/2018:15:51:03 -0400] "GET / HTTP/1.1" 200 11573 "-" "Mozilla/5.0 (compatible; Baiduspider/2.0; +http://www.baidu.com/search/spider.html)"
66.249.64.219 - - [04/May/2018:15:51:44 -0400] "GET /2003/panel.html HTTP/1.1" 200 4192 "-" "Mozilla/5.0 (Linux; Android 6.0.1; Nexus 5X Build/MMB29P) AppleWebKit/537.36 (KHTML, like Gecko) Chrome/41.0.2272.96 Mobile Safari/537.36 (compatible; Googlebot/2.1; +http://www.google.com/bot.html)"
180.76.15.148 - - [04/May/2018:15:52:03 -0400] "GET /papers/1998/nspw1998-phillips.pdf HTTP/1.1" 200 754410 "-" "Mozilla/5.0 (compatible; Baiduspider/2.0; +http://www.baidu.com/search/spider.html)"
177.106.120.171 - - [04/May/2018:15:52:37 -0400] "GET /wp-login.php HTTP/1.1" 404 7985 "-" "Mozilla/5.0 (Windows NT 6.1; WOW64; rv:40.0) Gecko/20100101 Firefox/40.1"
177.106.120.171 - - [04/May/2018:15:52:39 -0400] "GET / HTTP/1.1" 200 8206 "-" "Mozilla/5.0 (Windows NT 6.1; WOW64; rv:40.0) Gecko/20100101 Firefox/40.1"
69.162.124.227 - - [04/May/2018:15:52:41 -0400] "HEAD / HTTP/1.1" 200 3874 "http://nspw.org/" "Mozilla/5.0+(compatible; UptimeRobot/2.0; http://www.uptimerobot.com/)"
77.88.47.40 - - [04/May/2018:15:52:12 -0400] "GET /papers/2003/nspw2003-jones.pdf HTTP/1.1" 200 723334 "-" "Mozilla/5.0 (compatible; YandexBot/3.0; +http://yandex.com/bots)"
77.88.47.40 - - [04/May/2018:15:52:51 -0400] "GET /2014 HTTP/1.1" 200 3301 "-" "Mozilla/5.0 (compatible; YandexBot/3.0; +http://yandex.com/bots)"
180.76.15.139 - - [04/May/2018:15:53:03 -0400] "GET /2005/?C=N;O=D HTTP/1.1" 200 8137 "-" "Mozilla/5.0 (compatible; Baiduspider/2.0; +http://www.baidu.com/search/spider.html)"
194.187.170.141 - - [04/May/2018:15:54:03 -0400] "GET /2008/cfp2008.pdf HTTP/1.1" 200 19467 "-" "Mozilla/5.0 (compatible; Qwantify/2.4w; +https://www.qwant.com/)/2.4w"
14.215.176.8 - - [04/May/2018:15:54:31 -0400] "GET / HTTP/1.1" 200 6638 "-" "Mozilla/5.0 (Windows NT 6.1; WOW64; rv:43.0) Gecko/20100101 Firefox/43.0"
14.215.176.8 - - [04/May/2018:15:54:31 -0400] "GET /modules/system/system.base.css?p7r9uw HTTP/1.1" 200 2307 "https://www.nspw.org/" "Mozilla/5.0 (Windows NT 6.1; WOW64; rv:43.0) Gecko/20100101 Firefox/43.0"
14.215.176.8 - - [04/May/2018:15:54:32 -0400] "GET /modules/system/system.menus.css?p7r9uw HTTP/1.1" 200 1025 "https://www.nspw.org/" "Mozilla/5.0 (Windows NT 6.1; WOW64; rv:43.0) Gecko/20100101 Firefox/43.0"
14.215.176.8 - - [04/May/2018:15:54:32 -0400] "GET /modules/system/system.messages.css?p7r9uw HTTP/1.1" 200 884 "https://www.nspw.org/" "Mozilla/5.0 (Windows NT 6.1; WOW64; rv:43.0) Gecko/20100101 Firefox/43.0"
14.215.176.8 - - [04/May/2018:15:54:32 -0400] "GET /modules/system/system.theme.css?p7r9uw HTTP/1.1" 200 1585 "https://www.nspw.org/" "Mozilla/5.0 (Windows NT 6.1; WOW64; rv:43.0) Gecko/20100101 Firefox/43.0"
14.215.176.11 - - [04/May/2018:15:54:32 -0400] "GET /modules/comment/comment.css?p7r9uw HTTP/1.1" 200 643 "https://www.nspw.org/" "Mozilla/5.0 (Windows NT 6.1; WOW64; rv:43.0) Gecko/20100101 Firefox/43.0"
14.215.176.4 - - [04/May/2018:15:54:32 -0400] "GET /modules/field/theme/field.css?p7r9uw HTTP/1.1" 200 737 "https://www.nspw.org/" "Mozilla/5.0 (Windows NT 6.1; WOW64; rv:43.0) Gecko/20100101 Firefox/43.0"
14.215.176.9 - - [04/May/2018:15:54:32 -0400] "GET /modules/node/node.css?p7r9uw HTTP/1.1" 200 610 "https://www.nspw.org/" "Mozilla/5.0 (Windows NT 6.1; WOW64; rv:43.0) Gecko/20100101 Firefox/43.0"
14.215.176.9 - - [04/May/2018:15:54:32 -0400] "GET /modules/user/user.css?p7r9uw HTTP/1.1" 200 1200 "https://www.nspw.org/" "Mozilla/5.0 (Windows NT 6.1; WOW64; rv:43.0) Gecko/20100101 Firefox/43.0"
14.215.176.8 - - [04/May/2018:15:54:32 -0400] "GET /themes/garland/style.css?p7r9uw HTTP/1.1" 200 5370 "https://www.nspw.org/" "Mozilla/5.0 (Windows NT 6.1; WOW64; rv:43.0) Gecko/20100101 Firefox/43.0"
14.215.176.8 - - [04/May/2018:15:54:32 -0400] "GET /themes/garland/print.css?p7r9uw HTTP/1.1" 200 771 "https://www.nspw.org/" "Mozilla/5.0 (Windows NT 6.1; WOW64; rv:43.0) Gecko/20100101 Firefox/43.0"
14.215.176.11 - - [04/May/2018:15:54:32 -0400] "GET /misc/jquery.js?v=1.4.4 HTTP/1.1" 200 27601 "https://www.nspw.org/" "Mozilla/5.0 (Windows NT 6.1; WOW64; rv:43.0) Gecko/20100101 Firefox/43.0"
14.215.176.8 - - [04/May/2018:15:54:32 -0400] "GET /misc/jquery.once.js?v=1.2 HTTP/1.1" 200 1445 "https://www.nspw.org/" "Mozilla/5.0 (Windows NT 6.1; WOW64; rv:43.0) Gecko/20100101 Firefox/43.0"
14.215.176.8 - - [04/May/2018:15:54:32 -0400] "GET /misc/drupal.js?p7r9uw HTTP/1.1" 200 7372 "https://www.nspw.org/" "Mozilla/5.0 (Windows NT 6.1; WOW64; rv:43.0) Gecko/20100101 Firefox/43.0"
194.187.170.141 - - [04/May/2018:15:54:39 -0400] "GET /2008/?C=D;O=A HTTP/1.1" 200 2266 "-" "Mozilla/5.0 (compatible; Qwantify/2.4w; +https://www.qwant.com/)/2.4w"
169.233.213.43 - - [04/May/2018:15:54:45 -0400] "GET /current/ HTTP/1.1" 200 6723 "-" "Mozilla/5.0 (Macintosh; Intel Mac OS X 10_13_4) AppleWebKit/605.1.15 (KHTML, like Gecko)"
169.233.213.43 - - [04/May/2018:15:54:46 -0400] "GET /apple-touch-icon-precomposed.png HTTP/1.1" 404 3935 "-" "Safari/13605.1.33.1.2 CFNetwork/897.15 Darwin/17.5.0 (x86_64)"
169.233.213.43 - - [04/May/2018:15:54:46 -0400] "GET /apple-touch-icon.png HTTP/1.1" 404 709 "-" "Safari/13605.1.33.1.2 CFNetwork/897.15 Darwin/17.5.0 (x86_64)"
169.233.213.43 - - [04/May/2018:15:54:46 -0400] "GET /favicon.ico HTTP/1.1" 404 700 "-" "Safari/13605.1.33.1.2 CFNetwork/897.15 Darwin/17.5.0 (x86_64)"
169.233.213.43 - - [04/May/2018:15:54:46 -0400] "GET /apple-touch-icon-precomposed.png HTTP/1.1" 404 721 "-" "Safari/13605.1.33.1.2 CFNetwork/897.15 Darwin/17.5.0 (x86_64)"
169.233.213.43 - - [04/May/2018:15:54:46 -0400] "GET /apple-touch-icon.png HTTP/1.1" 404 709 "-" "Safari/13605.1.33.1.2 CFNetwork/897.15 Darwin/17.5.0 (x86_64)"
169.233.213.43 - - [04/May/2018:15:54:46 -0400] "GET /favicon.ico HTTP/1.1" 404 700 "-" "Safari/13605.1.33.1.2 CFNetwork/897.15 Darwin/17.5.0 (x86_64)"
169.233.213.43 - - [04/May/2018:15:54:46 -0400] "GET /current/ HTTP/1.1" 200 3512 "-" "\"Mozilla/5.0 (iPhone; CPU iPhone OS 11_0 like Mac OS X) AppleWebKit/604.1.38 (KHTML, like Gecko) Version/11.0 Mobile/15A372 Safari/604.1\""
169.233.213.43 - - [04/May/2018:15:54:47 -0400] "GET /apple-touch-icon-precomposed.png HTTP/1.1" 404 721 "-" "Safari/13605.1.33.1.2 CFNetwork/897.15 Darwin/17.5.0 (x86_64)"
169.233.213.43 - - [04/May/2018:15:54:47 -0400] "GET /apple-touch-icon.png HTTP/1.1" 404 709 "-" "Safari/13605.1.33.1.2 CFNetwork/897.15 Darwin/17.5.0 (x86_64)"
169.233.213.43 - - [04/May/2018:15:54:47 -0400] "GET /favicon.ico HTTP/1.1" 404 700 "-" "Safari/13605.1.33.1.2 CFNetwork/897.15 Darwin/17.5.0 (x86_64)"
169.233.213.43 - - [04/May/2018:15:54:47 -0400] "GET /apple-touch-icon-precomposed.png HTTP/1.1" 404 721 "-" "Safari/13605.1.33.1.2 CFNetwork/897.15 Darwin/17.5.0 (x86_64)"
169.233.213.43 - - [04/May/2018:15:54:47 -0400] "GET /apple-touch-icon.png HTTP/1.1" 404 709 "-" "Safari/13605.1.33.1.2 CFNetwork/897.15 Darwin/17.5.0 (x86_64)"
169.233.213.43 - - [04/May/2018:15:54:47 -0400] "GET /favicon.ico HTTP/1.1" 404 700 "-" "Safari/13605.1.33.1.2 CFNetwork/897.15 Darwin/17.5.0 (x86_64)"
77.88.47.40 - - [04/May/2018:15:50:54 -0400] "GET /2005/cfp/latex/all.bib HTTP/1.1" 200 84506 "-" "Mozilla/5.0 (compatible; YandexBot/3.0; +http://yandex.com/bots)"
180.76.15.30 - - [04/May/2018:15:56:03 -0400] "GET /2004/nspw2004program.pdf HTTP/1.1" 200 30919 "-" "Mozilla/5.0 (compatible; Baiduspider/2.0; +http://www.baidu.com/search/spider.html)"
110.54.244.224 - - [04/May/2018:15:56:22 -0400] "GET /wp-login.php HTTP/1.1" 404 7484 "-" "Mozilla/5.0 (Windows NT 6.1; WOW64; rv:40.0) Gecko/20100101 Firefox/40.1"
110.54.244.224 - - [04/May/2018:15:56:29 -0400] "GET / HTTP/1.1" 200 8356 "-" "Mozilla/5.0 (Windows NT 6.1; WOW64; rv:40.0) Gecko/20100101 Firefox/40.1"
194.187.170.141 - - [04/May/2018:15:56:48 -0400] "GET /2008/invite-old/ HTTP/1.1" 200 1418 "-" "Mozilla/5.0 (compatible; Qwantify/2.4w; +https://www.qwant.com/)/2.4w"
180.76.15.31 - - [04/May/2018:15:57:03 -0400] "GET /papers/2008/nspw2008-beautement.pdf HTTP/1.1" 200 769373 "-" "Mozilla/5.0 (compatible; Baiduspider/2.0; +http://www.baidu.com/search/spider.html)"
69.162.124.227 - - [04/May/2018:15:57:41 -0400] "HEAD / HTTP/1.1" 200 3874 "http://nspw.org/" "Mozilla/5.0+(compatible; UptimeRobot/2.0; http://www.uptimerobot.com/)"
146.120.56.182 - - [04/May/2018:15:57:55 -0400] "GET /wp-login.php HTTP/1.1" 404 8176 "-" "Mozilla/5.0 (Windows NT 6.1; WOW64; rv:40.0) Gecko/20100101 Firefox/40.1"
146.120.56.182 - - [04/May/2018:15:57:55 -0400] "GET / HTTP/1.1" 200 8298 "-" "Mozilla/5.0 (Windows NT 6.1; WOW64; rv:40.0) Gecko/20100101 Firefox/40.1"
180.76.15.158 - - [04/May/2018:15:58:03 -0400] "GET /papers/2005/nspw2005-backmatter.pdf HTTP/1.1" 200 108395 "-" "Mozilla/5.0 (compatible; Baiduspider/2.0; +http://www.baidu.com/search/spider.html)"
183.82.215.30 - - [04/May/2018:15:58:21 -0400] "GET /wp-login.php HTTP/1.1" 404 7985 "-" "Mozilla/5.0 (Windows NT 6.1; WOW64; rv:40.0) Gecko/20100101 Firefox/40.1"
183.82.215.30 - - [04/May/2018:15:58:22 -0400] "GET / HTTP/1.1" 200 8206 "-" "Mozilla/5.0 (Windows NT 6.1; WOW64; rv:40.0) Gecko/20100101 Firefox/40.1"
66.249.64.217 - - [04/May/2018:15:58:24 -0400] "GET /2009/proceedings/2003/ HTTP/1.1" 200 4340 "-" "Mozilla/5.0 (Linux; Android 6.0.1; Nexus 5X Build/MMB29P) AppleWebKit/537.36 (KHTML, like Gecko) Chrome/41.0.2272.96 Mobile Safari/537.36 (compatible; Googlebot/2.1; +http://www.google.com/bot.html)"
159.146.45.124 - - [04/May/2018:15:58:54 -0400] "GET /wp-login.php HTTP/1.1" 404 7839 "-" "Mozilla/5.0 (Windows NT 6.1; WOW64; rv:40.0) Gecko/20100101 Firefox/40.1"
159.146.45.124 - - [04/May/2018:15:58:55 -0400] "GET / HTTP/1.1" 200 8218 "-" "Mozilla/5.0 (Windows NT 6.1; WOW64; rv:40.0) Gecko/20100101 Firefox/40.1"
180.76.15.162 - - [04/May/2018:15:59:03 -0400] "GET /2014/cfp HTTP/1.1" 200 16650 "-" "Mozilla/5.0 (compatible; Baiduspider/2.0; +http://www.baidu.com/search/spider.html)"
194.187.170.141 - - [04/May/2018:15:59:29 -0400] "GET /2008/?C=M;O=A HTTP/1.1" 200 5798 "-" "Mozilla/5.0 (compatible; Qwantify/2.4w; +https://www.qwant.com/)/2.4w"
51.179.108.177 - - [04/May/2018:15:59:51 -0400] "GET /wp-login.php HTTP/1.1" 404 7839 "-" "Mozilla/5.0 (Windows NT 6.1; WOW64; rv:40.0) Gecko/20100101 Firefox/40.1"
51.179.108.177 - - [04/May/2018:15:59:52 -0400] "GET / HTTP/1.1" 200 8218 "-" "Mozilla/5.0 (Windows NT 6.1; WOW64; rv:40.0) Gecko/20100101 Firefox/40.1"
46.177.112.185 - - [04/May/2018:16:00:39 -0400] "GET /2009/proceedings/1998/nspw1998-chang.pdf HTTP/1.1" 200 679141 "https://www.google.com/" "Mozilla/5.0 (Windows NT 10.0; Win64; x64; rv:59.0) Gecko/20100101 Firefox/59.0"
46.177.112.185 - - [04/May/2018:16:00:40 -0400] "GET /2009/proceedings/1998/nspw1998-chang.pdf HTTP/1.1" 206 66182 "https://www.google.com/" "Mozilla/5.0 (Windows NT 10.0; Win64; x64; rv:59.0) Gecko/20100101 Firefox/59.0"
46.177.112.185 - - [04/May/2018:16:00:40 -0400] "GET /2009/proceedings/1998/nspw1998-chang.pdf HTTP/1.1" 206 19424 "https://www.google.com/" "Mozilla/5.0 (Windows NT 10.0; Win64; x64; rv:59.0) Gecko/20100101 Firefox/59.0"
46.177.112.185 - - [04/May/2018:16:00:40 -0400] "GET /favicon.ico HTTP/1.1" 404 700 "-" "Mozilla/5.0 (Windows NT 10.0; Win64; x64; rv:59.0) Gecko/20100101 Firefox/59.0"
46.177.112.185 - - [04/May/2018:16:00:40 -0400] "GET /favicon.ico HTTP/1.1" 404 700 "-" "Mozilla/5.0 (Windows NT 10.0; Win64; x64; rv:59.0) Gecko/20100101 Firefox/59.0"
180.76.15.30 - - [04/May/2018:16:01:03 -0400] "GET /2006/dates.shtml HTTP/1.1" 200 7511 "-" "Mozilla/5.0 (compatible; Baiduspider/2.0; +http://www.baidu.com/search/spider.html)"
180.76.15.19 - - [04/May/2018:16:02:03 -0400] "GET /papers/2010/?C=S;O=A HTTP/1.1" 200 7457 "-" "Mozilla/5.0 (compatible; Baiduspider/2.0; +http://www.baidu.com/search/spider.html)"
199.16.157.183 - - [04/May/2018:16:02:06 -0400] "GET /robots.txt HTTP/1.1" 200 5699 "-" "Twitterbot/1.0"
194.187.170.141 - - [04/May/2018:16:02:33 -0400] "GET /2008/?C=S;O=A HTTP/1.1" 200 2266 "-" "Mozilla/5.0 (compatible; Qwantify/2.4w; +https://www.qwant.com/)/2.4w"
69.162.124.227 - - [04/May/2018:16:02:41 -0400] "HEAD / HTTP/1.1" 200 3874 "http://nspw.org/" "Mozilla/5.0+(compatible; UptimeRobot/2.0; http://www.uptimerobot.com/)"
194.187.170.141 - - [04/May/2018:16:03:51 -0400] "GET /papers/1995/?C=D;O=D HTTP/1.1" 200 858 "-" "Mozilla/5.0 (compatible; Qwantify/2.4w; +https://www.qwant.com/)/2.4w"
66.249.64.215 - - [04/May/2018:16:05:04 -0400] "GET /2018/dates HTTP/1.1" 200 6270 "-" "Mozilla/5.0 (compatible; Googlebot/2.1; +http://www.google.com/bot.html)"
77.88.47.40 - - [04/May/2018:16:05:45 -0400] "GET /2012/submissions HTTP/1.1" 200 7002 "-" "Mozilla/5.0 (compatible; YandexBot/3.0; +http://yandex.com/bots)"
123.125.143.15 - - [04/May/2018:16:06:01 -0400] "GET /modules/system/system.base.css?p7r9uw HTTP/1.1" 200 9624 "-" "Python-urllib/2.7"
123.125.143.144 - - [04/May/2018:16:06:03 -0400] "GET /modules/comment/comment.css?p7r9uw HTTP/1.1" 200 4339 "-" "Python-urllib/2.7"
123.125.143.26 - - [04/May/2018:16:06:04 -0400] "GET /themes/garland/style.css?p7r9uw HTTP/1.1" 200 25021 "-" "Python-urllib/2.7"
123.125.143.22 - - [04/May/2018:16:06:06 -0400] "GET /themes/garland/print.css?p7r9uw HTTP/1.1" 200 5203 "-" "Python-urllib/2.7"
123.125.143.149 - - [04/May/2018:16:06:08 -0400] "GET /sites/default/files/nspw-logo-smaller.jpg HTTP/1.1" 200 6165 "-" "Mozilla/5.0 (Windows NT 6.1; WOW64; rv:43.0) Gecko/20100101 Firefox/43.0"
123.125.143.149 - - [04/May/2018:16:06:09 -0400] "GET /themes/garland/images/bg-navigation-item-hover.png HTTP/1.1" 200 709 "-" "Mozilla/5.0 (Windows NT 6.1; WOW64; rv:43.0) Gecko/20100101 Firefox/43.0"
123.125.143.149 - - [04/May/2018:16:06:10 -0400] "GET /themes/garland/images/bg-navigation-item.png HTTP/1.1" 200 757 "-" "Mozilla/5.0 (Windows NT 6.1; WOW64; rv:43.0) Gecko/20100101 Firefox/43.0"
123.125.143.149 - - [04/May/2018:16:06:12 -0400] "GET /themes/garland/images/menu-leaf.gif HTTP/1.1" 200 437 "-" "Mozilla/5.0 (Windows NT 6.1; WOW64; rv:43.0) Gecko/20100101 Firefox/43.0"
123.125.143.149 - - [04/May/2018:16:06:13 -0400] "GET /themes/garland/images/menu-expanded.gif HTTP/1.1" 200 437 "-" "Mozilla/5.0 (Windows NT 6.1; WOW64; rv:43.0) Gecko/20100101 Firefox/43.0"
123.125.143.149 - - [04/May/2018:16:06:14 -0400] "GET /themes/garland/images/menu-collapsed.gif HTTP/1.1" 200 437 "-" "Mozilla/5.0 (Windows NT 6.1; WOW64; rv:43.0) Gecko/20100101 Firefox/43.0"
86.137.104.111 - - [04/May/2018:16:06:36 -0400] "GET /papers/2013/nspw2013-ard.pdf HTTP/1.1" 200 505813 "-" "Mozilla/5.0 (iPhone; CPU iPhone OS 11_3 like Mac OS X) AppleWebKit/605.1.15 (KHTML, like Gecko) Version/11.0 Mobile/15E148 Safari/604.1"
77.88.47.40 - - [04/May/2018:16:06:33 -0400] "GET /papers/2013/nspw2013-mathur.pdf HTTP/1.1" 200 1319284 "-" "Mozilla/5.0 (compatible; YandexBot/3.0; +http://yandex.com/bots)"
69.162.124.227 - - [04/May/2018:16:07:41 -0400] "HEAD / HTTP/1.1" 200 3874 "http://nspw.org/" "Mozilla/5.0+(compatible; UptimeRobot/2.0; http://www.uptimerobot.com/)"
77.88.47.40 - - [04/May/2018:16:07:39 -0400] "GET /papers/2007/nspw2007-locasto.pdf HTTP/1.1" 200 189124 "-" "Mozilla/5.0 (compatible; YandexBot/3.0; +http://yandex.com/bots)"
60.116.73.196 - - [04/May/2018:16:08:14 -0400] "GET /proceedings HTTP/1.1" 200 6370 "-" "Mozilla/5.0 (Macintosh; Intel Mac OS X 10_10_4) AppleWebKit/600.7.12 (KHTML, like Gecko) Version/8.0.7 Safari/600.7.12"
60.116.73.196 - - [04/May/2018:16:08:15 -0400] "GET /favicon.ico HTTP/1.1" 404 741 "https://www.nspw.org/proceedings" "Mozilla/5.0 (Macintosh; Intel Mac OS X 10_10_4) AppleWebKit/600.7.12 (KHTML, like Gecko) Version/8.0.7 Safari/600.7.12"
60.116.73.196 - - [04/May/2018:16:08:16 -0400] "GET /proceedings HTTP/1.1" 200 3087 "-" "Mozilla/5.0 (iPhone; CPU iPhone OS 8_1 like Mac OS X) AppleWebKit/600.1.4 (KHTML, like Gecko) Version/8.0 Mobile/12B410 Safari/600.1.4"
60.116.73.196 - - [04/May/2018:16:08:17 -0400] "GET /apple-touch-icon-precomposed.png HTTP/1.1" 404 4056 "-" "com.apple.WebKit.WebContent/10600.7.12 CFNetwork/720.4.4 Darwin/14.4.0 (x86_64)"
60.116.73.196 - - [04/May/2018:16:08:18 -0400] "GET /apple-touch-icon.png HTTP/1.1" 404 757 "-" "com.apple.WebKit.WebContent/10600.7.12 CFNetwork/720.4.4 Darwin/14.4.0 (x86_64)"
216.244.66.247 - - [04/May/2018:16:10:24 -0400] "GET /robots.txt HTTP/1.1" 200 5796 "-" "Mozilla/5.0 (compatible; DotBot/1.1; http://www.opensiteexplorer.org/dotbot, help@moz.com)"
123.125.143.23 - - [04/May/2018:16:11:09 -0400] "GET /modules/system/system.base.css?p7r9uw HTTP/1.1" 200 9624 "-" "Python-urllib/2.7"
123.125.143.138 - - [04/May/2018:16:11:11 -0400] "GET /modules/comment/comment.css?p7r9uw HTTP/1.1" 200 4339 "-" "Python-urllib/2.7"
123.125.143.144 - - [04/May/2018:16:11:12 -0400] "GET /themes/garland/style.css?p7r9uw HTTP/1.1" 200 25021 "-" "Python-urllib/2.7"
123.125.143.138 - - [04/May/2018:16:11:13 -0400] "GET /themes/garland/print.css?p7r9uw HTTP/1.1" 200 5203 "-" "Python-urllib/2.7"
123.125.143.19 - - [04/May/2018:16:11:16 -0400] "GET /sites/default/files/nspw-logo-smaller.jpg HTTP/1.1" 200 6165 "-" "Mozilla/5.0 (Windows NT 6.1; WOW64; rv:43.0) Gecko/20100101 Firefox/43.0"
123.125.143.19 - - [04/May/2018:16:11:17 -0400] "GET /themes/garland/images/bg-navigation-item-hover.png HTTP/1.1" 200 709 "-" "Mozilla/5.0 (Windows NT 6.1; WOW64; rv:43.0) Gecko/20100101 Firefox/43.0"
123.125.143.19 - - [04/May/2018:16:11:19 -0400] "GET /themes/garland/images/bg-navigation-item.png HTTP/1.1" 200 757 "-" "Mozilla/5.0 (Windows NT 6.1; WOW64; rv:43.0) Gecko/20100101 Firefox/43.0"
123.125.143.19 - - [04/May/2018:16:11:20 -0400] "GET /themes/garland/images/menu-leaf.gif HTTP/1.1" 200 437 "-" "Mozilla/5.0 (Windows NT 6.1; WOW64; rv:43.0) Gecko/20100101 Firefox/43.0"
123.125.143.19 - - [04/May/2018:16:11:22 -0400] "GET /themes/garland/images/menu-expanded.gif HTTP/1.1" 200 437 "-" "Mozilla/5.0 (Windows NT 6.1; WOW64; rv:43.0) Gecko/20100101 Firefox/43.0"
123.125.143.19 - - [04/May/2018:16:11:23 -0400] "GET /themes/garland/images/menu-collapsed.gif HTTP/1.1" 200 437 "-" "Mozilla/5.0 (Windows NT 6.1; WOW64; rv:43.0) Gecko/20100101 Firefox/43.0"
66.249.64.217 - - [04/May/2018:16:11:45 -0400] "GET /papers/2006/nspw2006-gates.pdf HTTP/1.1" 200 149498 "-" "Mozilla/5.0 (compatible; Googlebot/2.1; +http://www.google.com/bot.html)"
194.187.170.141 - - [04/May/2018:16:12:14 -0400] "GET /papers/2001/?C=N;O=D HTTP/1.1" 200 4694 "-" "Mozilla/5.0 (compatible; Qwantify/2.4w; +https://www.qwant.com/)/2.4w"
69.162.124.227 - - [04/May/2018:16:12:41 -0400] "HEAD / HTTP/1.1" 200 3874 "http://nspw.org/" "Mozilla/5.0+(compatible; UptimeRobot/2.0; http://www.uptimerobot.com/)"
77.88.47.40 - - [04/May/2018:16:13:13 -0400] "GET /2009/proceedings/1999/nspw1999-markham.pdf HTTP/1.1" 200 447590 "-" "Mozilla/5.0 (compatible; YandexBot/3.0; +http://yandex.com/bots)"
27.7.107.130 - - [04/May/2018:16:14:37 -0400] "GET /wp-login.php HTTP/1.1" 404 7985 "-" "Mozilla/5.0 (Windows NT 6.1; WOW64; rv:40.0) Gecko/20100101 Firefox/40.1"
27.7.107.130 - - [04/May/2018:16:14:38 -0400] "GET / HTTP/1.1" 200 8206 "-" "Mozilla/5.0 (Windows NT 6.1; WOW64; rv:40.0) Gecko/20100101 Firefox/40.1"
194.187.170.141 - - [04/May/2018:16:15:16 -0400] "GET /2008/proceedings.shtml HTTP/1.1" 200 1690 "-" "Mozilla/5.0 (compatible; Qwantify/2.4w; +https://www.qwant.com/)/2.4w"
45.248.160.61 - - [04/May/2018:16:15:36 -0400] "GET /wp-login.php HTTP/1.1" 404 7985 "-" "Mozilla/5.0 (Windows NT 6.1; WOW64; rv:40.0) Gecko/20100101 Firefox/40.1"
45.248.160.61 - - [04/May/2018:16:15:36 -0400] "GET / HTTP/1.1" 200 8206 "-" "Mozilla/5.0 (Windows NT 6.1; WOW64; rv:40.0) Gecko/20100101 Firefox/40.1"
37.157.99.240 - - [04/May/2018:16:15:40 -0400] "GET /wp-login.php HTTP/1.1" 404 7491 "-" "Mozilla/5.0 (Windows NT 6.1; WOW64; rv:40.0) Gecko/20100101 Firefox/40.1"
37.157.99.240 - - [04/May/2018:16:15:40 -0400] "GET / HTTP/1.1" 200 8218 "-" "Mozilla/5.0 (Windows NT 6.1; WOW64; rv:40.0) Gecko/20100101 Firefox/40.1"
69.162.124.227 - - [04/May/2018:16:17:41 -0400] "HEAD / HTTP/1.1" 200 3874 "http://nspw.org/" "Mozilla/5.0+(compatible; UptimeRobot/2.0; http://www.uptimerobot.com/)"
66.249.64.219 - - [04/May/2018:16:18:24 -0400] "GET /2018 HTTP/1.1" 200 6907 "-" "Mozilla/5.0 (compatible; Googlebot/2.1; +http://www.google.com/bot.html)"
66.249.64.215 - - [04/May/2018:16:18:29 -0400] "GET /themes/garland/print.css?p7r9uw HTTP/1.1" 200 4165 "https://www.nspw.org/2018" "Mozilla/5.0 (compatible; Googlebot/2.1; +http://www.google.com/bot.html)"
66.249.64.215 - - [04/May/2018:16:18:29 -0400] "GET /modules/user/user.css?p7r9uw HTTP/1.1" 200 1062 "https://www.nspw.org/2018" "Mozilla/5.0 (compatible; Googlebot/2.1; +http://www.google.com/bot.html)"
66.249.64.215 - - [04/May/2018:16:18:30 -0400] "GET /modules/system/system.messages.css?p7r9uw HTTP/1.1" 200 746 "https://www.nspw.org/2018" "Mozilla/5.0 (compatible; Googlebot/2.1; +http://www.google.com/bot.html)"
66.249.64.217 - - [04/May/2018:16:18:30 -0400] "GET /themes/garland/style.css?p7r9uw HTTP/1.1" 200 8764 "https://www.nspw.org/2018" "Mozilla/5.0 (compatible; Googlebot/2.1; +http://www.google.com/bot.html)"
66.249.64.215 - - [04/May/2018:16:18:31 -0400] "GET /modules/comment/comment.css?p7r9uw HTTP/1.1" 200 505 "https://www.nspw.org/2018" "Mozilla/5.0 (compatible; Googlebot/2.1; +http://www.google.com/bot.html)"
66.249.64.215 - - [04/May/2018:16:18:31 -0400] "GET /modules/system/system.base.css?p7r9uw HTTP/1.1" 200 2307 "https://www.nspw.org/2018" "Mozilla/5.0 (compatible; Googlebot/2.1; +http://www.google.com/bot.html)"
66.249.64.215 - - [04/May/2018:16:18:32 -0400] "GET /modules/field/theme/field.css?p7r9uw HTTP/1.1" 200 599 "https://www.nspw.org/2018" "Mozilla/5.0 (compatible; Googlebot/2.1; +http://www.google.com/bot.html)"
66.249.64.217 - - [04/May/2018:16:18:32 -0400] "GET /modules/system/system.theme.css?p7r9uw HTTP/1.1" 200 1585 "https://www.nspw.org/2018" "Mozilla/5.0 (compatible; Googlebot/2.1; +http://www.google.com/bot.html)"
66.249.64.217 - - [04/May/2018:16:18:33 -0400] "GET /modules/system/system.menus.css?p7r9uw HTTP/1.1" 200 1025 "https://www.nspw.org/2018" "Mozilla/5.0 (compatible; Googlebot/2.1; +http://www.google.com/bot.html)"
66.249.64.215 - - [04/May/2018:16:18:33 -0400] "GET /modules/node/node.css?p7r9uw HTTP/1.1" 200 472 "https://www.nspw.org/2018" "Mozilla/5.0 (compatible; Googlebot/2.1; +http://www.google.com/bot.html)"
207.46.13.141 - - [04/May/2018:16:18:53 -0400] "GET /papers/2002/nspw2002-ahamad.pdf HTTP/1.1" 200 924337 "-" "Mozilla/5.0 (compatible; bingbot/2.0; +http://www.bing.com/bingbot.htm)"
194.187.170.141 - - [04/May/2018:16:20:17 -0400] "GET /2010/local HTTP/1.1" 200 10272 "-" "Mozilla/5.0 (compatible; Qwantify/2.4w; +https://www.qwant.com/)/2.4w"
66.249.64.217 - - [04/May/2018:16:21:08 -0400] "GET /current/ HTTP/1.1" 200 6906 "-" "Mozilla/5.0 (compatible; Googlebot/2.1; +http://www.google.com/bot.html)"
123.125.71.55 - - [04/May/2018:16:21:48 -0400] "GET /2014/cfp HTTP/1.1" 200 16650 "-" "Mozilla/5.0 (compatible; Baiduspider/2.0; +http://www.baidu.com/search/spider.html)"
194.187.170.141 - - [04/May/2018:16:22:15 -0400] "GET /2010/cfp HTTP/1.1" 200 5188 "-" "Mozilla/5.0 (compatible; Qwantify/2.4w; +https://www.qwant.com/)/2.4w"
69.162.124.227 - - [04/May/2018:16:22:41 -0400] "HEAD / HTTP/1.1" 200 3874 "http://nspw.org/" "Mozilla/5.0+(compatible; UptimeRobot/2.0; http://www.uptimerobot.com/)"
66.249.64.219 - - [04/May/2018:16:25:04 -0400] "GET /papers/1998/ HTTP/1.1" 200 4327 "-" "Mozilla/5.0 (Linux; Android 6.0.1; Nexus 5X Build/MMB29P) AppleWebKit/537.36 (KHTML, like Gecko) Chrome/41.0.2272.96 Mobile Safari/537.36 (compatible; Googlebot/2.1; +http://www.google.com/bot.html)"
59.188.232.220 - - [04/May/2018:16:27:01 -0400] "POST /sites/default/files/water.php HTTP/1.0" 404 8318 "http://nspw.org/sites/default/files/water.php" "Mozilla/5.0 (iPad; CPU OS 10_3_2 like Mac OS X) AppleWebKit/603.2.4 (KHTML, like Gecko) Version/10.0 Mobile/14F89 Safari/602.1"
36.66.198.52 - - [04/May/2018:16:27:06 -0400] "GET /sites/default/files/water.php HTTP/1.0" 404 8325 "http://nspw.org/sites/default/files/water.php" "Mozilla/5.0 (Windows NT 6.3; Win64; x64) AppleWebKit/537.36 (KHTML, like Gecko) Chrome/59.0.3071.115 Safari/537.36"
69.162.124.227 - - [04/May/2018:16:27:41 -0400] "HEAD / HTTP/1.1" 200 3874 "http://nspw.org/" "Mozilla/5.0+(compatible; UptimeRobot/2.0; http://www.uptimerobot.com/)"
194.187.170.141 - - [04/May/2018:16:29:29 -0400] "GET /2008/nspw2008-cfp.html HTTP/1.1" 200 7968 "-" "Mozilla/5.0 (compatible; Qwantify/2.4w; +https://www.qwant.com/)/2.4w"
194.187.170.141 - - [04/May/2018:16:29:40 -0400] "GET /2008/panel.htmlQQ HTTP/1.1" 200 1610 "-" "Mozilla/5.0 (compatible; Qwantify/2.4w; +https://www.qwant.com/)/2.4w"
201.20.103.138 - - [04/May/2018:16:29:47 -0400] "GET /wp-login.php HTTP/1.1" 404 7839 "-" "Mozilla/5.0 (Windows NT 6.1; WOW64; rv:40.0) Gecko/20100101 Firefox/40.1"
201.20.103.138 - - [04/May/2018:16:29:49 -0400] "GET / HTTP/1.1" 200 8218 "-" "Mozilla/5.0 (Windows NT 6.1; WOW64; rv:40.0) Gecko/20100101 Firefox/40.1"
194.187.170.141 - - [04/May/2018:16:30:21 -0400] "GET /2010/program HTTP/1.1" 200 4324 "-" "Mozilla/5.0 (compatible; Qwantify/2.4w; +https://www.qwant.com/)/2.4w"
66.249.64.215 - - [04/May/2018:16:31:44 -0400] "GET /papers/1999/nspw1999-henning.pdf HTTP/1.1" 304 3605 "-" "Mozilla/5.0 (compatible; Googlebot/2.1; +http://www.google.com/bot.html)"
69.162.124.227 - - [04/May/2018:16:32:41 -0400] "HEAD / HTTP/1.1" 200 3874 "http://nspw.org/" "Mozilla/5.0+(compatible; UptimeRobot/2.0; http://www.uptimerobot.com/)"
69.162.124.227 - - [04/May/2018:16:37:41 -0400] "HEAD / HTTP/1.1" 200 3874 "http://nspw.org/" "Mozilla/5.0+(compatible; UptimeRobot/2.0; http://www.uptimerobot.com/)"
5.255.250.67 - - [04/May/2018:16:36:49 -0400] "GET /2009/proceedings/1993/nspw1993-lin.pdf HTTP/1.1" 200 1018593 "-" "Mozilla/5.0 (compatible; YandexBot/3.0; +http://yandex.com/bots)"
77.88.47.40 - - [04/May/2018:16:37:53 -0400] "GET /proceedings/2000 HTTP/1.1" 200 6158 "-" "Mozilla/5.0 (compatible; YandexBot/3.0; +http://yandex.com/bots)"
77.88.47.40 - - [04/May/2018:16:37:55 -0400] "GET /proceedings/1997 HTTP/1.1" 200 2734 "-" "Mozilla/5.0 (compatible; YandexBot/3.0; +http://yandex.com/bots)"
66.249.64.219 - - [04/May/2018:16:38:24 -0400] "GET /2010/submissions HTTP/1.1" 200 6922 "-" "Mozilla/5.0 (Linux; Android 6.0.1; Nexus 5X Build/MMB29P) AppleWebKit/537.36 (KHTML, like Gecko) Chrome/41.0.2272.96 Mobile Safari/537.36 (compatible; Googlebot/2.1; +http://www.google.com/bot.html)"
180.76.15.155 - - [04/May/2018:16:38:25 -0400] "GET /node/67 HTTP/1.1" 200 16650 "-" "Mozilla/5.0 (compatible; Baiduspider/2.0; +http://www.baidu.com/search/spider.html)"
66.249.64.15 - - [04/May/2018:16:38:34 -0400] "GET /2015/dates HTTP/1.1" 200 6419 "-" "Mozilla/5.0 (compatible; Googlebot/2.1; +http://www.google.com/bot.html)"
66.249.64.219 - - [04/May/2018:16:40:13 -0400] "GET /modules/system/system.base.css?p7r9uw HTTP/1.1" 200 5701 "https://www.nspw.org/2010/submissions" "Mozilla/5.0 (compatible; Googlebot/2.1; +http://www.google.com/bot.html)"
66.249.64.215 - - [04/May/2018:16:40:13 -0400] "GET /modules/system/system.theme.css?p7r9uw HTTP/1.1" 200 4979 "https://www.nspw.org/2010/submissions" "Mozilla/5.0 (compatible; Googlebot/2.1; +http://www.google.com/bot.html)"
66.249.64.217 - - [04/May/2018:16:40:14 -0400] "GET /modules/node/node.css?p7r9uw HTTP/1.1" 200 3866 "https://www.nspw.org/2010/submissions" "Mozilla/5.0 (compatible; Googlebot/2.1; +http://www.google.com/bot.html)"
66.249.64.217 - - [04/May/2018:16:40:14 -0400] "GET /modules/comment/comment.css?p7r9uw HTTP/1.1" 200 505 "https://www.nspw.org/2010/submissions" "Mozilla/5.0 (compatible; Googlebot/2.1; +http://www.google.com/bot.html)"
66.249.64.219 - - [04/May/2018:16:40:14 -0400] "GET /modules/field/theme/field.css?p7r9uw HTTP/1.1" 200 599 "https://www.nspw.org/2010/submissions" "Mozilla/5.0 (compatible; Googlebot/2.1; +http://www.google.com/bot.html)"
66.249.64.215 - - [04/May/2018:16:40:15 -0400] "GET /modules/system/system.messages.css?p7r9uw HTTP/1.1" 200 746 "https://www.nspw.org/2010/submissions" "Mozilla/5.0 (compatible; Googlebot/2.1; +http://www.google.com/bot.html)"
66.249.64.217 - - [04/May/2018:16:40:15 -0400] "GET /themes/garland/style.css?p7r9uw HTTP/1.1" 200 5370 "https://www.nspw.org/2010/submissions" "Mozilla/5.0 (compatible; Googlebot/2.1; +http://www.google.com/bot.html)"
66.249.64.215 - - [04/May/2018:16:40:16 -0400] "GET /themes/garland/print.css?p7r9uw HTTP/1.1" 200 771 "https://www.nspw.org/2010/submissions" "Mozilla/5.0 (compatible; Googlebot/2.1; +http://www.google.com/bot.html)"
66.249.64.219 - - [04/May/2018:16:40:16 -0400] "GET /modules/user/user.css?p7r9uw HTTP/1.1" 200 1062 "https://www.nspw.org/2010/submissions" "Mozilla/5.0 (compatible; Googlebot/2.1; +http://www.google.com/bot.html)"
66.249.64.217 - - [04/May/2018:16:40:17 -0400] "GET /modules/system/system.menus.css?p7r9uw HTTP/1.1" 200 1025 "https://www.nspw.org/2010/submissions" "Mozilla/5.0 (compatible; Googlebot/2.1; +http://www.google.com/bot.html)"
216.244.66.200 - - [04/May/2018:16:40:32 -0400] "GET /robots.txt HTTP/1.1" 200 5796 "-" "Mozilla/5.0 (compatible; DotBot/1.1; http://www.opensiteexplorer.org/dotbot, help@moz.com)"
194.187.170.141 - - [04/May/2018:16:41:14 -0400] "GET /papers/2013/?C=N;O=D HTTP/1.1" 200 4678 "-" "Mozilla/5.0 (compatible; Qwantify/2.4w; +https://www.qwant.com/)/2.4w"
69.162.124.227 - - [04/May/2018:16:42:41 -0400] "HEAD / HTTP/1.1" 200 3874 "http://nspw.org/" "Mozilla/5.0+(compatible; UptimeRobot/2.0; http://www.uptimerobot.com/)"
194.187.170.141 - - [04/May/2018:16:42:48 -0400] "GET /2008/local.content HTTP/1.1" 200 2911 "-" "Mozilla/5.0 (compatible; Qwantify/2.4w; +https://www.qwant.com/)/2.4w"
77.88.47.40 - - [04/May/2018:16:43:10 -0400] "GET /2005/oc.content HTTP/1.1" 200 6227 "-" "Mozilla/5.0 (compatible; YandexBot/3.0; +http://yandex.com/bots)"
5.255.250.67 - - [04/May/2018:16:43:15 -0400] "GET /node/8 HTTP/1.1" 200 6932 "-" "Mozilla/5.0 (compatible; YandexBot/3.0; +http://yandex.com/bots)"
66.249.64.215 - - [04/May/2018:16:44:20 -0400] "GET /current/cfp.shtml HTTP/1.1" 404 8008 "-" "Mozilla/5.0 (compatible; Googlebot/2.1; +http://www.google.com/bot.html)"
190.0.34.34 - - [04/May/2018:16:44:30 -0400] "GET /wp-login.php HTTP/1.1" 404 7907 "-" "Mozilla/5.0 (Windows NT 6.1; WOW64; rv:40.0) Gecko/20100101 Firefox/40.1"
190.0.34.34 - - [04/May/2018:16:44:31 -0400] "GET / HTTP/1.1" 200 8218 "-" "Mozilla/5.0 (Windows NT 6.1; WOW64; rv:40.0) Gecko/20100101 Firefox/40.1"
46.229.168.83 - - [04/May/2018:16:44:56 -0400] "GET /robots.txt HTTP/1.1" 200 4209 "-" "Mozilla/5.0 (compatible; SemrushBot/1.2~bl; +http://www.semrush.com/bot.html)"
66.249.64.219 - - [04/May/2018:16:45:04 -0400] "GET /papers/2007/nspw2007-somayaji.pdf HTTP/1.1" 304 3605 "-" "Mozilla/5.0 (compatible; Googlebot/2.1; +http://www.google.com/bot.html)"
66.249.64.215 - - [04/May/2018:16:45:07 -0400] "GET /current/program.shtml HTTP/1.1" 404 8016 "-" "Mozilla/5.0 (compatible; Googlebot/2.1; +http://www.google.com/bot.html)"
40.77.167.202 - - [04/May/2018:16:45:37 -0400] "GET /papers/1998/nspw1998-mcdermott.pdf HTTP/1.1" 200 297423 "-" "Mozilla/5.0 (iPhone; CPU iPhone OS 7_0 like Mac OS X) AppleWebKit/537.51.1 (KHTML, like Gecko) Version/7.0 Mobile/11A465 Safari/9537.53 (compatible; bingbot/2.0; +http://www.bing.com/bingbot.htm)"
77.88.47.40 - - [04/May/2018:16:46:00 -0400] "GET /2009/proceedings/1999/nspw1999-henning.pdf HTTP/1.1" 200 666959 "-" "Mozilla/5.0 (compatible; YandexBot/3.0; +http://yandex.com/bots)"
69.162.124.227 - - [04/May/2018:16:47:41 -0400] "HEAD / HTTP/1.1" 200 3874 "http://nspw.org/" "Mozilla/5.0+(compatible; UptimeRobot/2.0; http://www.uptimerobot.com/)"
194.187.170.141 - - [04/May/2018:16:50:19 -0400] "GET /papers/2007/?C=N;O=D HTTP/1.1" 200 4646 "-" "Mozilla/5.0 (compatible; Qwantify/2.4w; +https://www.qwant.com/)/2.4w"
78.22.52.42 - - [04/May/2018:16:51:34 -0400] "GET /wp-login.php HTTP/1.1" 404 7985 "-" "Mozilla/5.0 (Windows NT 6.1; WOW64; rv:40.0) Gecko/20100101 Firefox/40.1"
78.22.52.42 - - [04/May/2018:16:51:34 -0400] "GET / HTTP/1.1" 200 8206 "-" "Mozilla/5.0 (Windows NT 6.1; WOW64; rv:40.0) Gecko/20100101 Firefox/40.1"
66.249.64.215 - - [04/May/2018:16:51:44 -0400] "GET /2018/cfp HTTP/1.1" 200 8150 "-" "Mozilla/5.0 (compatible; Googlebot/2.1; +http://www.google.com/bot.html)"
45.117.236.150 - - [04/May/2018:16:51:49 -0400] "GET /wp-login.php HTTP/1.1" 404 7839 "-" "Mozilla/5.0 (Windows NT 6.1; WOW64; rv:40.0) Gecko/20100101 Firefox/40.1"
45.117.236.150 - - [04/May/2018:16:51:50 -0400] "GET / HTTP/1.1" 200 8218 "-" "Mozilla/5.0 (Windows NT 6.1; WOW64; rv:40.0) Gecko/20100101 Firefox/40.1"
205.131.188.5 - - [04/May/2018:16:52:08 -0400] "GET /papers/2004/nspw2004-greenwald.pdf HTTP/1.1" 200 275066 "http://www.dogpile.com/search/web?fcoid=417&fcop=topnav&fpid=27&om_nextpage=True&q=Kenneth+G.+Olthoff&ql=&topSearchSubmit=Go+Fetch%21" "Mozilla/5.0 (Windows NT 6.1; WOW64; Trident/7.0; rv:11.0) like Gecko"
154.117.135.218 - - [04/May/2018:16:52:22 -0400] "GET /wp-login.php HTTP/1.1" 404 7491 "-" "Mozilla/5.0 (Windows NT 6.1; WOW64; rv:40.0) Gecko/20100101 Firefox/40.1"
154.117.135.218 - - [04/May/2018:16:52:23 -0400] "GET / HTTP/1.1" 200 8218 "-" "Mozilla/5.0 (Windows NT 6.1; WOW64; rv:40.0) Gecko/20100101 Firefox/40.1"
123.136.180.148 - - [04/May/2018:16:52:28 -0400] "GET /wp-login.php HTTP/1.1" 404 7491 "-" "Mozilla/5.0 (Windows NT 6.1; WOW64; rv:40.0) Gecko/20100101 Firefox/40.1"
123.136.180.148 - - [04/May/2018:16:52:29 -0400] "GET / HTTP/1.1" 200 8218 "-" "Mozilla/5.0 (Windows NT 6.1; WOW64; rv:40.0) Gecko/20100101 Firefox/40.1"
86.126.42.180 - - [04/May/2018:16:52:40 -0400] "GET / HTTP/1.0" 400 0 "-" "-"
69.162.124.227 - - [04/May/2018:16:52:41 -0400] "HEAD / HTTP/1.1" 200 3874 "http://nspw.org/" "Mozilla/5.0+(compatible; UptimeRobot/2.0; http://www.uptimerobot.com/)"
93.87.4.113 - - [04/May/2018:16:56:01 -0400] "GET /wp-login.php HTTP/1.1" 404 7985 "-" "Mozilla/5.0 (Windows NT 6.1; WOW64; rv:40.0) Gecko/20100101 Firefox/40.1"
93.87.4.113 - - [04/May/2018:16:56:02 -0400] "GET / HTTP/1.1" 200 8206 "-" "Mozilla/5.0 (Windows NT 6.1; WOW64; rv:40.0) Gecko/20100101 Firefox/40.1"
78.96.82.170 - - [04/May/2018:16:56:08 -0400] "GET /wp-login.php HTTP/1.1" 404 7903 "-" "Mozilla/5.0 (Windows NT 6.1; WOW64; rv:40.0) Gecko/20100101 Firefox/40.1"
78.96.82.170 - - [04/May/2018:16:56:09 -0400] "GET / HTTP/1.1" 200 8218 "-" "Mozilla/5.0 (Windows NT 6.1; WOW64; rv:40.0) Gecko/20100101 Firefox/40.1"
178.220.204.231 - - [04/May/2018:16:56:43 -0400] "GET /wp-login.php HTTP/1.1" 404 7907 "-" "Mozilla/5.0 (Windows NT 6.1; WOW64; rv:40.0) Gecko/20100101 Firefox/40.1"
178.220.204.231 - - [04/May/2018:16:56:46 -0400] "GET / HTTP/1.1" 200 8218 "-" "Mozilla/5.0 (Windows NT 6.1; WOW64; rv:40.0) Gecko/20100101 Firefox/40.1"
69.162.124.227 - - [04/May/2018:16:57:41 -0400] "HEAD / HTTP/1.1" 200 3874 "http://nspw.org/" "Mozilla/5.0+(compatible; UptimeRobot/2.0; http://www.uptimerobot.com/)"
194.187.170.141 - - [04/May/2018:16:57:42 -0400] "GET /robots.txt HTTP/1.1" 200 4822 "-" "Mozilla/5.0 (compatible; Qwantify/2.4w; +https://www.qwant.com/)/2.4w"
91.161.164.21 - - [04/May/2018:16:57:49 -0400] "GET /wp-login.php HTTP/1.1" 404 7839 "-" "Mozilla/5.0 (Windows NT 6.1; WOW64; rv:40.0) Gecko/20100101 Firefox/40.1"
91.161.164.21 - - [04/May/2018:16:57:49 -0400] "GET / HTTP/1.1" 200 8218 "-" "Mozilla/5.0 (Windows NT 6.1; WOW64; rv:40.0) Gecko/20100101 Firefox/40.1"
194.187.170.141 - - [04/May/2018:16:57:45 -0400] "GET /papers/2008/nspw2008-beautement.pdf HTTP/1.1" 200 768053 "-" "Mozilla/5.0 (compatible; Qwantify/2.4w; +https://www.qwant.com/)/2.4w"
178.253.227.243 - - [04/May/2018:16:58:11 -0400] "GET /wp-login.php HTTP/1.1" 404 7839 "-" "Mozilla/5.0 (Windows NT 6.1; WOW64; rv:40.0) Gecko/20100101 Firefox/40.1"
178.253.227.243 - - [04/May/2018:16:58:12 -0400] "GET / HTTP/1.1" 200 8218 "-" "Mozilla/5.0 (Windows NT 6.1; WOW64; rv:40.0) Gecko/20100101 Firefox/40.1"
66.249.64.215 - - [04/May/2018:16:58:24 -0400] "GET /2009/proceedings/1997/nspw1997-rahman.pdf HTTP/1.1" 304 3606 "-" "Mozilla/5.0 (compatible; Googlebot/2.1; +http://www.google.com/bot.html)"
199.16.157.182 - - [04/May/2018:16:59:37 -0400] "GET /robots.txt HTTP/1.1" 200 5699 "-" "Twitterbot/1.0"
194.187.170.141 - - [04/May/2018:16:59:43 -0400] "GET /2008/past.content HTTP/1.1" 200 2058 "-" "Mozilla/5.0 (compatible; Qwantify/2.4w; +https://www.qwant.com/)/2.4w"
66.102.6.197 - - [04/May/2018:17:00:40 -0400] "GET /papers/2011/nspw2011-pieters.pdf HTTP/1.1" 200 2771026 "http://www.google.com/search" "Mozilla/5.0 (X11; Linux x86_64) AppleWebKit/537.36 (KHTML, like Gecko; Google Web Preview) Chrome/41.0.2272.118 Safari/537.36"
77.88.47.40 - - [04/May/2018:16:53:17 -0400] "GET /papers/2012/docs/p105.pdf HTTP/1.1" 200 3017510 "-" "Mozilla/5.0 (compatible; YandexBot/3.0; +http://yandex.com/bots)"
100.43.85.179 - - [04/May/2018:17:00:48 -0400] "GET /2018 HTTP/1.1" 200 6935 "-" "Mozilla/5.0 (compatible; YandexBot/3.0; +http://yandex.com/bots)"
77.88.47.40 - - [04/May/2018:17:00:50 -0400] "GET /node/67 HTTP/1.1" 200 8317 "-" "Mozilla/5.0 (compatible; YandexBot/3.0; +http://yandex.com/bots)"
69.162.124.227 - - [04/May/2018:17:02:41 -0400] "HEAD / HTTP/1.1" 200 3874 "http://nspw.org/" "Mozilla/5.0+(compatible; UptimeRobot/2.0; http://www.uptimerobot.com/)"
194.187.170.141 - - [04/May/2018:17:03:08 -0400] "GET /2008/proceedings.content HTTP/1.1" 200 4006 "-" "Mozilla/5.0 (compatible; Qwantify/2.4w; +https://www.qwant.com/)/2.4w"
77.88.47.40 - - [04/May/2018:16:55:47 -0400] "GET /papers/2012/docs/p105.pdf HTTP/1.1" 200 3021704 "-" "Mozilla/5.0 (compatible; YandexBot/3.0; +http://yandex.com/bots)"
194.187.170.141 - - [04/May/2018:17:03:20 -0400] "GET /papers/1996/?C=N;O=D HTTP/1.1" 200 1178 "-" "Mozilla/5.0 (compatible; Qwantify/2.4w; +https://www.qwant.com/)/2.4w"
66.249.64.219 - - [04/May/2018:17:05:05 -0400] "GET /papers/2009/nspw2009-verendel.pdf HTTP/1.1" 200 159425 "-" "Mozilla/5.0 (compatible; Googlebot/2.1; +http://www.google.com/bot.html)"
77.88.47.40 - - [04/May/2018:17:05:13 -0400] "GET /2014/sponsors HTTP/1.1" 200 6379 "-" "Mozilla/5.0 (compatible; YandexBot/3.0; +http://yandex.com/bots)"
106.207.22.97 - - [04/May/2018:17:05:30 -0400] "GET /wp-login.php HTTP/1.1" 404 7491 "-" "Mozilla/5.0 (Windows NT 6.1; WOW64; rv:40.0) Gecko/20100101 Firefox/40.1"
106.207.22.97 - - [04/May/2018:17:05:31 -0400] "GET / HTTP/1.1" 200 8218 "-" "Mozilla/5.0 (Windows NT 6.1; WOW64; rv:40.0) Gecko/20100101 Firefox/40.1"
93.158.161.75 - - [04/May/2018:16:58:17 -0400] "GET /papers/2012/docs/p105.pdf HTTP/1.1" 200 2473692 "-" "Mozilla/5.0 (compatible; YandexBot/3.0; +http://yandex.com/bots)"
69.162.124.227 - - [04/May/2018:17:07:41 -0400] "HEAD / HTTP/1.1" 200 3874 "http://nspw.org/" "Mozilla/5.0+(compatible; UptimeRobot/2.0; http://www.uptimerobot.com/)"
197.210.166.50 - - [04/May/2018:17:07:58 -0400] "GET /wp-login.php HTTP/1.1" 404 8034 "-" "Mozilla/5.0 (Windows NT 6.1; WOW64; rv:40.0) Gecko/20100101 Firefox/40.1"
197.210.166.50 - - [04/May/2018:17:08:00 -0400] "GET / HTTP/1.1" 200 8218 "-" "Mozilla/5.0 (Windows NT 6.1; WOW64; rv:40.0) Gecko/20100101 Firefox/40.1"
41.220.122.154 - - [04/May/2018:17:10:21 -0400] "GET /wp-login.php HTTP/1.1" 404 7839 "-" "Mozilla/5.0 (Windows NT 6.1; WOW64; rv:40.0) Gecko/20100101 Firefox/40.1"
41.220.122.154 - - [04/May/2018:17:10:22 -0400] "GET / HTTP/1.1" 200 8218 "-" "Mozilla/5.0 (Windows NT 6.1; WOW64; rv:40.0) Gecko/20100101 Firefox/40.1"
180.76.15.11 - - [04/May/2018:17:11:45 -0400] "GET /node/70 HTTP/1.1" 200 13316 "-" "Mozilla/5.0 (compatible; Baiduspider/2.0; +http://www.baidu.com/search/spider.html)"
66.249.64.217 - - [04/May/2018:17:11:45 -0400] "GET /papers/2011/nspw2011-bishop.pdf HTTP/1.1" 200 572715 "-" "Mozilla/5.0 (compatible; Googlebot/2.1; +http://www.google.com/bot.html)"
196.229.162.48 - - [04/May/2018:17:12:27 -0400] "GET /wp-login.php HTTP/1.1" 404 7839 "-" "Mozilla/5.0 (Windows NT 6.1; WOW64; rv:40.0) Gecko/20100101 Firefox/40.1"
196.229.162.48 - - [04/May/2018:17:12:29 -0400] "GET / HTTP/1.1" 200 8218 "-" "Mozilla/5.0 (Windows NT 6.1; WOW64; rv:40.0) Gecko/20100101 Firefox/40.1"
69.162.124.227 - - [04/May/2018:17:12:40 -0400] "HEAD / HTTP/1.1" 200 3874 "http://nspw.org/" "Mozilla/5.0+(compatible; UptimeRobot/2.0; http://www.uptimerobot.com/)"
137.97.138.172 - - [04/May/2018:17:13:34 -0400] "GET /wp-login.php HTTP/1.1" 404 7985 "-" "Mozilla/5.0 (Windows NT 6.1; WOW64; rv:40.0) Gecko/20100101 Firefox/40.1"
137.97.138.172 - - [04/May/2018:17:13:34 -0400] "GET / HTTP/1.1" 200 8206 "-" "Mozilla/5.0 (Windows NT 6.1; WOW64; rv:40.0) Gecko/20100101 Firefox/40.1"
194.187.170.141 - - [04/May/2018:17:14:52 -0400] "GET /2016 HTTP/1.1" 200 7344 "-" "Mozilla/5.0 (compatible; Qwantify/2.4w; +https://www.qwant.com/)/2.4w"
194.187.170.141 - - [04/May/2018:17:15:51 -0400] "GET /2017/dates HTTP/1.1" 200 3300 "-" "Mozilla/5.0 (compatible; Qwantify/2.4w; +https://www.qwant.com/)/2.4w"
197.33.59.71 - - [04/May/2018:17:16:10 -0400] "GET /wp-login.php HTTP/1.1" 404 7491 "-" "Mozilla/5.0 (Windows NT 6.1; WOW64; rv:40.0) Gecko/20100101 Firefox/40.1"
197.33.59.71 - - [04/May/2018:17:16:13 -0400] "GET / HTTP/1.1" 200 8218 "-" "Mozilla/5.0 (Windows NT 6.1; WOW64; rv:40.0) Gecko/20100101 Firefox/40.1"
54.70.40.11 - - [04/May/2018:17:17:39 -0400] "GET /robots.txt HTTP/1.1" 200 4282 "-" "Mozilla/5.0 (compatible) SemanticScholarBot (+https://www.semanticscholar.org/crawler)"
69.162.124.227 - - [04/May/2018:17:17:40 -0400] "HEAD / HTTP/1.1" 200 3874 "http://nspw.org/" "Mozilla/5.0+(compatible; UptimeRobot/2.0; http://www.uptimerobot.com/)"
66.249.64.215 - - [04/May/2018:17:18:25 -0400] "GET /papers/2005/nspw2005-probst.pdf HTTP/1.1" 200 2422881 "-" "Mozilla/5.0 (compatible; Googlebot/2.1; +http://www.google.com/bot.html)"
66.249.64.16 - - [04/May/2018:17:19:24 -0400] "GET /2014/local HTTP/1.1" 200 7496 "-" "Mozilla/5.0 (compatible; Googlebot/2.1; +http://www.google.com/bot.html)"
66.249.64.17 - - [04/May/2018:17:20:26 -0400] "GET /2013/local HTTP/1.1" 200 9187 "-" "Mozilla/5.0 (compatible; Googlebot/2.1; +http://www.google.com/bot.html)"
184.168.27.60 - - [04/May/2018:17:21:02 -0400] "GET /sites/default/files/right.php HTTP/1.0" 404 8134 "http://nspw.org/sites/default/files/right.php" "Mozilla/5.0 (Windows NT 6.1) AppleWebKit/537.36 (KHTML, like Gecko) Chrome/59.0.3071.115 Safari/537.36"
104.238.120.36 - - [04/May/2018:17:21:03 -0400] "GET /sites/default/files/right.php HTTP/1.0" 404 8134 "http://nspw.org/sites/default/files/right.php" "Mozilla/5.0 (Windows NT 6.3; Win64; x64) AppleWebKit/537.36 (KHTML, like Gecko) Chrome/59.0.3071.115 Safari/537.36"
66.249.64.15 - - [04/May/2018:17:21:23 -0400] "GET /2010/dates HTTP/1.1" 200 6687 "-" "Mozilla/5.0 (compatible; Googlebot/2.1; +http://www.google.com/bot.html)"
157.55.39.195 - - [04/May/2018:17:21:00 -0400] "GET /papers/1999/nspw1999-erlingsson.pdf HTTP/1.1" 200 867869 "-" "Mozilla/5.0 (iPhone; CPU iPhone OS 7_0 like Mac OS X) AppleWebKit/537.51.1 (KHTML, like Gecko) Version/7.0 Mobile/11A465 Safari/9537.53 (compatible; bingbot/2.0; +http://www.bing.com/bingbot.htm)"
66.249.64.15 - - [04/May/2018:17:22:29 -0400] "GET /2010/local HTTP/1.1" 200 9890 "-" "Mozilla/5.0 (compatible; Googlebot/2.1; +http://www.google.com/bot.html)"
69.162.124.227 - - [04/May/2018:17:22:39 -0400] "HEAD / HTTP/1.1" 200 3874 "http://nspw.org/" "Mozilla/5.0+(compatible; UptimeRobot/2.0; http://www.uptimerobot.com/)"
5.255.250.67 - - [04/May/2018:17:22:38 -0400] "GET /papers/2007/nspw2007-hunker.pdf HTTP/1.1" 200 284550 "-" "Mozilla/5.0 (compatible; YandexBot/3.0; +http://yandex.com/bots)"
66.249.64.15 - - [04/May/2018:17:23:22 -0400] "GET /2013/dates HTTP/1.1" 200 6573 "-" "Mozilla/5.0 (compatible; Googlebot/2.1; +http://www.google.com/bot.html)"
77.88.47.40 - - [04/May/2018:17:24:09 -0400] "GET /2009/proceedings/2001/?C=D;O=A HTTP/1.1" 200 4418 "-" "Mozilla/5.0 (compatible; YandexBot/3.0; +http://yandex.com/bots)"
194.187.170.141 - - [04/May/2018:17:24:52 -0400] "GET /2008/panel.html HTTP/1.1" 200 4566 "-" "Mozilla/5.0 (compatible; Qwantify/2.4w; +https://www.qwant.com/)/2.4w"
152.238.162.228 - - [04/May/2018:17:25:02 -0400] "GET /wp-login.php HTTP/1.1" 404 7491 "-" "Mozilla/5.0 (Windows NT 6.1; WOW64; rv:40.0) Gecko/20100101 Firefox/40.1"
152.238.162.228 - - [04/May/2018:17:25:04 -0400] "GET / HTTP/1.1" 200 8218 "-" "Mozilla/5.0 (Windows NT 6.1; WOW64; rv:40.0) Gecko/20100101 Firefox/40.1"
66.249.64.219 - - [04/May/2018:17:25:04 -0400] "GET /papers/1996/nspw1996-zurko.pdf HTTP/1.1" 200 887095 "-" "Mozilla/5.0 (compatible; Googlebot/2.1; +http://www.google.com/bot.html)"
77.88.47.40 - - [04/May/2018:17:26:30 -0400] "GET /2009/proceedings/2008/?C=M;O=A HTTP/1.1" 200 4364 "-" "Mozilla/5.0 (compatible; YandexBot/3.0; +http://yandex.com/bots)"
77.88.47.40 - - [04/May/2018:17:26:32 -0400] "GET /2009/proceedings/2004/?C=S;O=A HTTP/1.1" 200 949 "-" "Mozilla/5.0 (compatible; YandexBot/3.0; +http://yandex.com/bots)"
66.102.6.201 - - [04/May/2018:17:26:35 -0400] "GET /papers/2011/nspw2011-pieters.pdf HTTP/1.1" 200 2771026 "-" "Mozilla/5.0 (X11; Linux x86_64) AppleWebKit/537.36 (KHTML, like Gecko) Chrome/49.0.2623.75 Safari/537.36 Google Favicon"
66.102.6.201 - - [04/May/2018:17:26:35 -0400] "GET /favicon.ico HTTP/1.1" 404 4094 "-" "Mozilla/5.0 (X11; Linux x86_64) AppleWebKit/537.36 (KHTML, like Gecko) Chrome/49.0.2623.75 Safari/537.36 Google Favicon"
69.162.124.227 - - [04/May/2018:17:27:39 -0400] "HEAD / HTTP/1.1" 200 3874 "http://nspw.org/" "Mozilla/5.0+(compatible; UptimeRobot/2.0; http://www.uptimerobot.com/)"
194.187.170.141 - - [04/May/2018:17:31:30 -0400] "GET /2008/cfp/ HTTP/1.1" 403 4246 "-" "Mozilla/5.0 (compatible; Qwantify/2.4w; +https://www.qwant.com/)/2.4w"
66.249.64.217 - - [04/May/2018:17:31:44 -0400] "GET /papers/2001/nspw2001-yan.pdf HTTP/1.1" 304 3605 "-" "Mozilla/5.0 (compatible; Googlebot/2.1; +http://www.google.com/bot.html)"
194.187.170.141 - - [04/May/2018:17:32:23 -0400] "GET /2010/dates HTTP/1.1" 200 3540 "-" "Mozilla/5.0 (compatible; Qwantify/2.4w; +https://www.qwant.com/)/2.4w"
69.162.124.227 - - [04/May/2018:17:32:39 -0400] "HEAD / HTTP/1.1" 200 3874 "http://nspw.org/" "Mozilla/5.0+(compatible; UptimeRobot/2.0; http://www.uptimerobot.com/)"
156.223.68.208 - - [04/May/2018:17:32:54 -0400] "GET /favicon.ico HTTP/1.1" 404 4093 "https://www.nspw.org/2009/proceedings/1996/nspw1996-wulf.pdf" "Mozilla/5.0 (Windows NT 10.0; Win64; x64) AppleWebKit/537.36 (KHTML, like Gecko) Chrome/66.0.3359.139 Safari/537.36"
66.249.64.16 - - [04/May/2018:17:32:58 -0400] "GET /2014/dates HTTP/1.1" 200 6548 "-" "Mozilla/5.0 (compatible; Googlebot/2.1; +http://www.google.com/bot.html)"
216.244.66.236 - - [04/May/2018:17:33:59 -0400] "GET /robots.txt HTTP/1.1" 200 5796 "-" "Mozilla/5.0 (compatible; DotBot/1.1; http://www.opensiteexplorer.org/dotbot, help@moz.com)"
156.223.68.208 - - [04/May/2018:17:32:50 -0400] "GET /2009/proceedings/1996/nspw1996-wulf.pdf HTTP/1.1" 200 1104021 "https://www.google.com.eg/" "Mozilla/5.0 (Windows NT 10.0; Win64; x64) AppleWebKit/537.36 (KHTML, like Gecko) Chrome/66.0.3359.139 Safari/537.36"
216.244.66.236 - - [04/May/2018:17:35:28 -0400] "GET /2008/local.content.2008 HTTP/1.1" 200 5949 "-" "Mozilla/5.0 (compatible; DotBot/1.1; http://www.opensiteexplorer.org/dotbot, help@moz.com)"
