www.nspw.org:80 49.205.138.236 - - [27/Apr/2018:06:26:42 -0400] "GET /wp-login.php HTTP/1.1" 302 553 "-" "Mozilla/5.0 (Windows NT 6.1; WOW64; rv:40.0) Gecko/20100101 Firefox/40.1"
www.nspw.org:80 49.205.138.236 - - [27/Apr/2018:06:26:46 -0400] "GET / HTTP/1.1" 302 528 "-" "Mozilla/5.0 (Windows NT 6.1; WOW64; rv:40.0) Gecko/20100101 Firefox/40.1"
www.nspw.org:80 66.249.73.82 - - [27/Apr/2018:06:27:04 -0400] "GET /papers/2011/nspw2011-friedland.pdf HTTP/1.1" 302 597 "-" "Mozilla/5.0 (compatible; Googlebot/2.1; +http://www.google.com/bot.html)"
www.nspw.org:80 69.162.124.227 - - [27/Apr/2018:06:29:21 -0400] "HEAD / HTTP/1.1" 302 188 "http://nspw.org/" "Mozilla/5.0+(compatible; UptimeRobot/2.0; http://www.uptimerobot.com/)"
www.nspw.org:80 195.155.229.107 - - [27/Apr/2018:06:30:25 -0400] "GET /wp-login.php HTTP/1.1" 302 553 "-" "Mozilla/5.0 (Windows NT 6.1; WOW64; rv:40.0) Gecko/20100101 Firefox/40.1"
www.nspw.org:80 195.155.229.107 - - [27/Apr/2018:06:30:28 -0400] "GET / HTTP/1.1" 302 528 "-" "Mozilla/5.0 (Windows NT 6.1; WOW64; rv:40.0) Gecko/20100101 Firefox/40.1"
www.nspw.org:80 45.242.71.1 - - [27/Apr/2018:06:30:28 -0400] "GET /wp-login.php HTTP/1.1" 302 553 "-" "Mozilla/5.0 (Windows NT 6.1; WOW64; rv:40.0) Gecko/20100101 Firefox/40.1"
www.nspw.org:80 59.28.124.2 - - [27/Apr/2018:06:31:46 -0400] "GET /wp-login.php HTTP/1.1" 302 553 "-" "Mozilla/5.0 (Windows NT 6.1; WOW64; rv:40.0) Gecko/20100101 Firefox/40.1"
www.nspw.org:80 59.28.124.2 - - [27/Apr/2018:06:31:48 -0400] "GET / HTTP/1.1" 302 528 "-" "Mozilla/5.0 (Windows NT 6.1; WOW64; rv:40.0) Gecko/20100101 Firefox/40.1"
www.nspw.org:80 66.249.73.78 - - [27/Apr/2018:06:33:34 -0400] "GET /papers/1993/nspw1993-yazdanian.pdf HTTP/1.1" 302 597 "-" "Mozilla/5.0 (compatible; Googlebot/2.1; +http://www.google.com/bot.html)"
www.nspw.org:80 69.162.124.227 - - [27/Apr/2018:06:34:21 -0400] "HEAD / HTTP/1.1" 302 188 "http://nspw.org/" "Mozilla/5.0+(compatible; UptimeRobot/2.0; http://www.uptimerobot.com/)"
www.nspw.org:80 194.187.170.138 - - [27/Apr/2018:06:34:45 -0400] "GET /proceedings/1994 HTTP/1.1" 302 524 "-" "Mozilla/5.0 (compatible; Qwantify/2.4w; +https://www.qwant.com/)/2.4w"
www.nspw.org:80 35.226.23.240 - - [27/Apr/2018:06:35:40 -0400] "GET /robots.txt HTTP/1.1" 302 512 "-" "ltx71 - (http://ltx71.com/)"
www.nspw.org:80 66.249.73.80 - - [27/Apr/2018:06:35:43 -0400] "GET /papers/2001/nspw2001-raskin.pdf HTTP/1.1" 302 591 "-" "Mozilla/5.0 (compatible; Googlebot/2.1; +http://www.google.com/bot.html)"
www.nspw.org:80 216.244.66.200 - - [27/Apr/2018:06:36:45 -0400] "GET /2000/past.html HTTP/1.1" 302 501 "-" "Mozilla/5.0 (compatible; DotBot/1.1; http://www.opensiteexplorer.org/dotbot, help@moz.com)"
www.nspw.org:80 66.249.73.80 - - [27/Apr/2018:06:36:48 -0400] "GET /papers/2003/nspw2003-mchugh.pdf HTTP/1.1" 302 591 "-" "Mozilla/5.0 (compatible; Googlebot/2.1; +http://www.google.com/bot.html)"
www.nspw.org:80 91.244.4.188 - - [27/Apr/2018:06:38:46 -0400] "GET /papers/2001/nspw2001-raskin.pdf HTTP/1.1" 302 535 "https://www.google.com/" "Mozilla/5.0 (Windows NT 10.0; Win64; x64) AppleWebKit/537.36 (KHTML, like Gecko) Chrome/60.0.3112.78 Safari/537.36 OPR/47.0.2631.55"
www.nspw.org:80 66.249.73.78 - - [27/Apr/2018:06:38:58 -0400] "GET /papers/2013/nspw2013-ard.pdf HTTP/1.1" 302 585 "-" "Mozilla/5.0 (compatible; Googlebot/2.1; +http://www.google.com/bot.html)"
www.nspw.org:80 183.82.122.218 - - [27/Apr/2018:06:39:09 -0400] "GET /wp-login.php HTTP/1.1" 302 553 "-" "Mozilla/5.0 (Windows NT 6.1; WOW64; rv:40.0) Gecko/20100101 Firefox/40.1"
www.nspw.org:80 183.82.122.218 - - [27/Apr/2018:06:39:11 -0400] "GET / HTTP/1.1" 302 528 "-" "Mozilla/5.0 (Windows NT 6.1; WOW64; rv:40.0) Gecko/20100101 Firefox/40.1"
www.nspw.org:80 69.162.124.227 - - [27/Apr/2018:06:39:21 -0400] "HEAD / HTTP/1.1" 302 188 "http://nspw.org/" "Mozilla/5.0+(compatible; UptimeRobot/2.0; http://www.uptimerobot.com/)"
www.nspw.org:80 109.69.7.240 - - [27/Apr/2018:06:39:33 -0400] "GET /wp-login.php HTTP/1.1" 302 553 "-" "Mozilla/5.0 (Windows NT 6.1; WOW64; rv:40.0) Gecko/20100101 Firefox/40.1"
www.nspw.org:80 109.69.7.240 - - [27/Apr/2018:06:39:35 -0400] "GET / HTTP/1.1" 302 528 "-" "Mozilla/5.0 (Windows NT 6.1; WOW64; rv:40.0) Gecko/20100101 Firefox/40.1"
www.nspw.org:80 5.172.235.154 - - [27/Apr/2018:06:39:58 -0400] "GET /wp-login.php HTTP/1.1" 302 553 "-" "Mozilla/5.0 (Windows NT 6.1; WOW64; rv:40.0) Gecko/20100101 Firefox/40.1"
www.nspw.org:80 5.172.235.154 - - [27/Apr/2018:06:39:59 -0400] "GET / HTTP/1.1" 302 528 "-" "Mozilla/5.0 (Windows NT 6.1; WOW64; rv:40.0) Gecko/20100101 Firefox/40.1"
www.nspw.org:80 66.249.73.82 - - [27/Apr/2018:06:40:03 -0400] "GET /papers/2009/nspw2009-misra.pdf HTTP/1.1" 302 589 "-" "Mozilla/5.0 (compatible; Googlebot/2.1; +http://www.google.com/bot.html)"
www.nspw.org:80 66.249.73.82 - - [27/Apr/2018:06:41:08 -0400] "GET /papers/1993/nspw1993-denning.pdf HTTP/1.1" 302 593 "-" "Mozilla/5.0 (compatible; Googlebot/2.1; +http://www.google.com/bot.html)"
www.nspw.org:80 194.187.170.138 - - [27/Apr/2018:06:41:27 -0400] "GET /2016/accepted HTTP/1.1" 302 518 "-" "Mozilla/5.0 (compatible; Qwantify/2.4w; +https://www.qwant.com/)/2.4w"
www.nspw.org:80 36.8.83.102 - - [27/Apr/2018:06:41:59 -0400] "GET /wp-login.php HTTP/1.1" 302 553 "-" "Mozilla/5.0 (Windows NT 6.1; WOW64; rv:40.0) Gecko/20100101 Firefox/40.1"
www.nspw.org:80 36.8.83.102 - - [27/Apr/2018:06:42:01 -0400] "GET / HTTP/1.1" 302 528 "-" "Mozilla/5.0 (Windows NT 6.1; WOW64; rv:40.0) Gecko/20100101 Firefox/40.1"
www.nspw.org:80 191.250.238.166 - - [27/Apr/2018:06:42:38 -0400] "GET /wp-login.php HTTP/1.1" 302 553 "-" "Mozilla/5.0 (Windows NT 6.1; WOW64; rv:40.0) Gecko/20100101 Firefox/40.1"
www.nspw.org:80 191.250.238.166 - - [27/Apr/2018:06:42:41 -0400] "GET / HTTP/1.1" 302 528 "-" "Mozilla/5.0 (Windows NT 6.1; WOW64; rv:40.0) Gecko/20100101 Firefox/40.1"
www.nspw.org:80 ::1 - - [27/Apr/2018:06:44:12 -0400] "OPTIONS * HTTP/1.0" 200 126 "-" "Apache/2.4.29 (Ubuntu) OpenSSL/1.1.0g (internal dummy connection)"
www.nspw.org:80 69.162.124.227 - - [27/Apr/2018:06:44:21 -0400] "HEAD / HTTP/1.1" 302 188 "http://nspw.org/" "Mozilla/5.0+(compatible; UptimeRobot/2.0; http://www.uptimerobot.com/)"
www.nspw.org:80 66.249.73.78 - - [27/Apr/2018:06:45:27 -0400] "GET /papers/2005/nspw2005-mcdermott.pdf HTTP/1.1" 302 597 "-" "Mozilla/5.0 (compatible; Googlebot/2.1; +http://www.google.com/bot.html)"
www.nspw.org:80 5.255.250.67 - - [27/Apr/2018:06:45:36 -0400] "GET /papers/2001/?C=N;O=D HTTP/1.1" 302 569 "-" "Mozilla/5.0 (compatible; YandexBot/3.0; +http://yandex.com/bots)"
www.nspw.org:80 66.249.73.82 - - [27/Apr/2018:06:46:32 -0400] "GET /papers/2005/nspw2005-locasto.pdf HTTP/1.1" 302 593 "-" "Mozilla/5.0 (compatible; Googlebot/2.1; +http://www.google.com/bot.html)"
www.nspw.org:80 207.46.13.144 - - [27/Apr/2018:06:46:32 -0400] "GET /papers/1997/nspw1997-mambo.pdf HTTP/1.1" 302 585 "-" "Mozilla/5.0 (iPhone; CPU iPhone OS 7_0 like Mac OS X) AppleWebKit/537.51.1 (KHTML, like Gecko) Version/7.0 Mobile/11A465 Safari/9537.53 (compatible; bingbot/2.0; +http://www.bing.com/bingbot.htm)"
www.nspw.org:80 66.249.73.80 - - [27/Apr/2018:06:47:37 -0400] "GET /papers/2013/nspw2013-castro.pdf HTTP/1.1" 302 591 "-" "Mozilla/5.0 (compatible; Googlebot/2.1; +http://www.google.com/bot.html)"
www.nspw.org:80 194.187.170.138 - - [27/Apr/2018:06:48:01 -0400] "GET /proceedings/1995 HTTP/1.1" 302 524 "-" "Mozilla/5.0 (compatible; Qwantify/2.4w; +https://www.qwant.com/)/2.4w"
www.nspw.org:80 204.79.180.16 - - [27/Apr/2018:06:48:21 -0400] "GET /2017 HTTP/1.1" 302 537 "-" "Mozilla/5.0 (compatible; MSIE 9.0; Windows NT 6.1; Trident/5.0;  Trident/5.0)"
www.nspw.org:80 40.77.167.73 - - [27/Apr/2018:06:48:36 -0400] "GET /2009/proceedings/2012/ HTTP/1.1" 302 573 "-" "Mozilla/5.0 (compatible; bingbot/2.0; +http://www.bing.com/bingbot.htm)"
www.nspw.org:80 66.249.73.80 - - [27/Apr/2018:06:48:42 -0400] "GET /papers/1998/nspw1998-foley.pdf HTTP/1.1" 302 589 "-" "Mozilla/5.0 (compatible; Googlebot/2.1; +http://www.google.com/bot.html)"
www.nspw.org:80 34.201.66.224 - - [27/Apr/2018:06:49:07 -0400] "GET / HTTP/1.1" 302 525 "-" "Mozilla/5.0 (Macintosh; Intel Mac OS X 10_12_6) AppleWebKit/537.36 (KHTML, like Gecko) Chrome/65.0.3325.181 Safari/537.36"
www.nspw.org:80 ::1 - - [27/Apr/2018:06:49:09 -0400] "OPTIONS * HTTP/1.0" 200 126 "-" "Apache/2.4.29 (Ubuntu) OpenSSL/1.1.0g (internal dummy connection)"
www.nspw.org:80 69.162.124.227 - - [27/Apr/2018:06:49:21 -0400] "HEAD / HTTP/1.1" 302 188 "http://nspw.org/" "Mozilla/5.0+(compatible; UptimeRobot/2.0; http://www.uptimerobot.com/)"
www.nspw.org:80 216.244.66.200 - - [27/Apr/2018:06:50:28 -0400] "GET /2002/dates.content HTTP/1.1" 302 509 "-" "Mozilla/5.0 (compatible; DotBot/1.1; http://www.opensiteexplorer.org/dotbot, help@moz.com)"
www.nspw.org:80 216.244.66.200 - - [27/Apr/2018:06:50:38 -0400] "GET /2002/nspw-header.html HTTP/1.1" 302 515 "-" "Mozilla/5.0 (compatible; DotBot/1.1; http://www.opensiteexplorer.org/dotbot, help@moz.com)"
www.nspw.org:80 111.125.230.217 - - [27/Apr/2018:06:52:49 -0400] "GET /wp-login.php HTTP/1.1" 302 553 "-" "Mozilla/5.0 (Windows NT 6.1; WOW64; rv:40.0) Gecko/20100101 Firefox/40.1"
www.nspw.org:80 111.125.230.217 - - [27/Apr/2018:06:52:53 -0400] "GET / HTTP/1.1" 302 528 "-" "Mozilla/5.0 (Windows NT 6.1; WOW64; rv:40.0) Gecko/20100101 Firefox/40.1"
www.nspw.org:80 180.76.15.162 - - [27/Apr/2018:06:53:05 -0400] "GET /proceedings/2002 HTTP/1.1" 302 535 "-" "Mozilla/5.0 (compatible; Baiduspider/2.0; +http://www.baidu.com/search/spider.html)"
www.nspw.org:80 66.249.73.82 - - [27/Apr/2018:06:54:06 -0400] "GET /papers/1999/nspw1999-michael.pdf HTTP/1.1" 302 593 "-" "Mozilla/5.0 (compatible; Googlebot/2.1; +http://www.google.com/bot.html)"
www.nspw.org:80 207.46.13.144 - - [27/Apr/2018:06:54:11 -0400] "GET /papers/1999/nspw1999-henning.pdf HTTP/1.1" 302 593 "-" "Mozilla/5.0 (compatible; bingbot/2.0; +http://www.bing.com/bingbot.htm)"
www.nspw.org:80 182.185.24.98 - - [27/Apr/2018:06:55:34 -0400] "GET /wp-login.php HTTP/1.1" 302 553 "-" "Mozilla/5.0 (Windows NT 6.1; WOW64; rv:40.0) Gecko/20100101 Firefox/40.1"
www.nspw.org:80 182.185.24.98 - - [27/Apr/2018:06:55:37 -0400] "GET / HTTP/1.1" 302 528 "-" "Mozilla/5.0 (Windows NT 6.1; WOW64; rv:40.0) Gecko/20100101 Firefox/40.1"
www.nspw.org:80 216.244.66.200 - - [27/Apr/2018:06:55:48 -0400] "GET /robots.txt HTTP/1.1" 302 493 "-" "Mozilla/5.0 (compatible; DotBot/1.1; http://www.opensiteexplorer.org/dotbot, help@moz.com)"
www.nspw.org:80 66.249.73.78 - - [27/Apr/2018:06:56:42 -0400] "GET /papers/2009/nspw2009-gates.pdf HTTP/1.1" 302 589 "-" "Mozilla/5.0 (compatible; Googlebot/2.1; +http://www.google.com/bot.html)"
www.nspw.org:80 66.249.73.80 - - [27/Apr/2018:06:58:26 -0400] "GET /papers/2010/nspw2010-faily.pdf HTTP/1.1" 302 589 "-" "Mozilla/5.0 (compatible; Googlebot/2.1; +http://www.google.com/bot.html)"
www.nspw.org:80 216.244.66.236 - - [27/Apr/2018:06:59:11 -0400] "GET /robots.txt HTTP/1.1" 302 493 "-" "Mozilla/5.0 (compatible; DotBot/1.1; http://www.opensiteexplorer.org/dotbot, help@moz.com)"
www.nspw.org:80 221.219.205.65 - - [27/Apr/2018:07:00:58 -0400] "GET /favicon.ico HTTP/1.1" 302 551 "-" "Mozilla/5.0 (Windows NT 6.1; WOW64) AppleWebKit/537.36 (KHTML, like Gecko) Chrome/49.0.2623.75 Safari/537.36 LBBROWSER"
www.nspw.org:80 66.249.73.82 - - [27/Apr/2018:07:01:40 -0400] "GET /papers/2000/nspw2000-mcdermott.pdf HTTP/1.1" 302 597 "-" "Mozilla/5.0 (compatible; Googlebot/2.1; +http://www.google.com/bot.html)"
www.nspw.org:80 194.187.170.138 - - [27/Apr/2018:07:01:58 -0400] "GET /proceedings/1996 HTTP/1.1" 302 524 "-" "Mozilla/5.0 (compatible; Qwantify/2.4w; +https://www.qwant.com/)/2.4w"
www.nspw.org:80 66.249.73.82 - - [27/Apr/2018:07:02:45 -0400] "GET /papers/2010/nspw2010-raskin.pdf HTTP/1.1" 302 591 "-" "Mozilla/5.0 (compatible; Googlebot/2.1; +http://www.google.com/bot.html)"
www.nspw.org:80 194.187.170.138 - - [27/Apr/2018:07:03:19 -0400] "GET /2016/organizers HTTP/1.1" 302 522 "-" "Mozilla/5.0 (compatible; Qwantify/2.4w; +https://www.qwant.com/)/2.4w"
www.nspw.org:80 221.219.205.65 - - [27/Apr/2018:07:03:28 -0400] "GET /favicon.ico HTTP/1.1" 302 551 "-" "Mozilla/5.0 (Windows NT 6.1; WOW64) AppleWebKit/537.36 (KHTML, like Gecko) Chrome/49.0.2623.75 Safari/537.36 LBBROWSER"
www.nspw.org:80 221.219.205.65 - - [27/Apr/2018:07:03:29 -0400] "GET /favicon.ico HTTP/1.1" 302 550 "-" "Mozilla/5.0 (Windows NT 6.1; WOW64) AppleWebKit/537.36 (KHTML, like Gecko) Chrome/49.0.2623.75 Safari/537.36 LBBROWSER"
www.nspw.org:80 66.249.73.82 - - [27/Apr/2018:07:03:50 -0400] "GET /papers/1993/nspw1993-slack.pdf HTTP/1.1" 302 589 "-" "Mozilla/5.0 (compatible; Googlebot/2.1; +http://www.google.com/bot.html)"
www.nspw.org:80 69.162.124.227 - - [27/Apr/2018:07:04:37 -0400] "HEAD / HTTP/1.1" 302 188 "http://nspw.org/" "Mozilla/5.0+(compatible; UptimeRobot/2.0; http://www.uptimerobot.com/)"
www.nspw.org:80 66.249.73.80 - - [27/Apr/2018:07:04:55 -0400] "GET /papers/2009/nspw2009-church.pdf HTTP/1.1" 302 591 "-" "Mozilla/5.0 (compatible; Googlebot/2.1; +http://www.google.com/bot.html)"
www.nspw.org:80 37.142.2.18 - - [27/Apr/2018:07:05:19 -0400] "GET /papers/2012/docs/p105.pdf HTTP/1.1" 302 579 "https://www.google.co.il/" "Mozilla/5.0 (Macintosh; Intel Mac OS X 10_9_5) AppleWebKit/537.36 (KHTML, like Gecko) Chrome/65.0.3325.181 Safari/537.36"
www.nspw.org:80 66.249.73.80 - - [27/Apr/2018:07:06:00 -0400] "GET /papers/1996/nspw1996-josang.pdf HTTP/1.1" 302 591 "-" "Mozilla/5.0 (compatible; Googlebot/2.1; +http://www.google.com/bot.html)"
www.nspw.org:80 66.249.73.78 - - [27/Apr/2018:07:07:05 -0400] "GET /papers/2013/nspw2013-mathur.pdf HTTP/1.1" 302 591 "-" "Mozilla/5.0 (compatible; Googlebot/2.1; +http://www.google.com/bot.html)"
www.nspw.org:80 40.77.167.73 - - [27/Apr/2018:07:07:49 -0400] "GET /papers/2001/nspw2001-blakley.pdf HTTP/1.1" 302 589 "-" "Mozilla/5.0 (iPhone; CPU iPhone OS 7_0 like Mac OS X) AppleWebKit/537.51.1 (KHTML, like Gecko) Version/7.0 Mobile/11A465 Safari/9537.53 (compatible; bingbot/2.0; +http://www.bing.com/bingbot.htm)"
www.nspw.org:80 42.236.48.156 - - [27/Apr/2018:07:07:51 -0400] "GET /papers/1999/nspw1999-henning.pdf HTTP/1.1" 302 593 "http://www.nspw.org/papers/1999/nspw1999-henning.pdf" "Mozilla/5.0 (Windows NT 6.1; WOW64) AppleWebKit/537.36 (KHTML, like Gecko) Chrome/50.0.2661.102 Safari/537.36; 360Spider"
www.nspw.org:80 69.162.124.227 - - [27/Apr/2018:07:09:37 -0400] "HEAD / HTTP/1.1" 302 188 "http://nspw.org/" "Mozilla/5.0+(compatible; UptimeRobot/2.0; http://www.uptimerobot.com/)"
www.nspw.org:80 179.187.238.75 - - [27/Apr/2018:07:10:05 -0400] "GET /wp-login.php HTTP/1.1" 302 553 "-" "Mozilla/5.0 (Windows NT 6.1; WOW64; rv:40.0) Gecko/20100101 Firefox/40.1"
www.nspw.org:80 179.187.238.75 - - [27/Apr/2018:07:10:08 -0400] "GET / HTTP/1.1" 302 528 "-" "Mozilla/5.0 (Windows NT 6.1; WOW64; rv:40.0) Gecko/20100101 Firefox/40.1"
www.nspw.org:80 216.244.66.200 - - [27/Apr/2018:07:10:33 -0400] "GET /2007/ieee.clo HTTP/1.1" 302 499 "-" "Mozilla/5.0 (compatible; DotBot/1.1; http://www.opensiteexplorer.org/dotbot, help@moz.com)"
www.nspw.org:80 194.187.170.138 - - [27/Apr/2018:07:12:22 -0400] "GET /papers/1995/?C=M;O=A HTTP/1.1" 302 532 "-" "Mozilla/5.0 (compatible; Qwantify/2.4w; +https://www.qwant.com/)/2.4w"
www.nspw.org:80 66.249.73.78 - - [27/Apr/2018:07:12:29 -0400] "GET /papers/1999/nspw1999-lipson.pdf HTTP/1.1" 302 591 "-" "Mozilla/5.0 (compatible; Googlebot/2.1; +http://www.google.com/bot.html)"
www.nspw.org:80 175.136.0.222 - - [27/Apr/2018:07:14:27 -0400] "GET /wp-login.php HTTP/1.1" 302 553 "-" "Mozilla/5.0 (Windows NT 6.1; WOW64; rv:40.0) Gecko/20100101 Firefox/40.1"
www.nspw.org:80 175.136.0.222 - - [27/Apr/2018:07:14:29 -0400] "GET / HTTP/1.1" 302 528 "-" "Mozilla/5.0 (Windows NT 6.1; WOW64; rv:40.0) Gecko/20100101 Firefox/40.1"
www.nspw.org:80 87.215.98.186 - - [27/Apr/2018:07:14:36 -0400] "GET /wp-login.php HTTP/1.1" 302 553 "-" "Mozilla/5.0 (Windows NT 6.1; WOW64; rv:40.0) Gecko/20100101 Firefox/40.1"
www.nspw.org:80 87.215.98.186 - - [27/Apr/2018:07:14:37 -0400] "GET / HTTP/1.1" 302 528 "-" "Mozilla/5.0 (Windows NT 6.1; WOW64; rv:40.0) Gecko/20100101 Firefox/40.1"
www.nspw.org:80 69.162.124.227 - - [27/Apr/2018:07:14:37 -0400] "HEAD / HTTP/1.1" 302 188 "http://nspw.org/" "Mozilla/5.0+(compatible; UptimeRobot/2.0; http://www.uptimerobot.com/)"
www.nspw.org:80 40.77.167.73 - - [27/Apr/2018:07:14:38 -0400] "GET /papers/1999/nspw1999-olthoff-3.pdf HTTP/1.1" 302 593 "-" "Mozilla/5.0 (iPhone; CPU iPhone OS 7_0 like Mac OS X) AppleWebKit/537.51.1 (KHTML, like Gecko) Version/7.0 Mobile/11A465 Safari/9537.53 (compatible; bingbot/2.0; +http://www.bing.com/bingbot.htm)"
www.nspw.org:80 66.249.73.80 - - [27/Apr/2018:07:14:39 -0400] "GET /papers/2005/nspw2005-thorpe.pdf HTTP/1.1" 302 591 "-" "Mozilla/5.0 (compatible; Googlebot/2.1; +http://www.google.com/bot.html)"
www.nspw.org:80 122.53.111.158 - - [27/Apr/2018:07:15:19 -0400] "GET /wp-login.php HTTP/1.1" 302 549 "-" "Mozilla/5.0 (Windows NT 6.1; WOW64; rv:40.0) Gecko/20100101 Firefox/40.1"
www.nspw.org:80 122.53.111.158 - - [27/Apr/2018:07:15:21 -0400] "GET / HTTP/1.1" 302 524 "-" "Mozilla/5.0 (Windows NT 6.1; WOW64; rv:40.0) Gecko/20100101 Firefox/40.1"
www.nspw.org:80 194.187.170.138 - - [27/Apr/2018:07:15:22 -0400] "GET /proceedings/2000 HTTP/1.1" 302 524 "-" "Mozilla/5.0 (compatible; Qwantify/2.4w; +https://www.qwant.com/)/2.4w"
www.nspw.org:80 194.187.170.138 - - [27/Apr/2018:07:15:36 -0400] "GET /proceedings/1997 HTTP/1.1" 302 524 "-" "Mozilla/5.0 (compatible; Qwantify/2.4w; +https://www.qwant.com/)/2.4w"
www.nspw.org:80 66.249.73.82 - - [27/Apr/2018:07:15:43 -0400] "GET /papers/2001/nspw2001-weirich.pdf HTTP/1.1" 302 593 "-" "Mozilla/5.0 (compatible; Googlebot/2.1; +http://www.google.com/bot.html)"
www.nspw.org:80 66.249.73.80 - - [27/Apr/2018:07:16:48 -0400] "GET /papers/2010/nspw2010-vancleeff.pdf HTTP/1.1" 302 597 "-" "Mozilla/5.0 (compatible; Googlebot/2.1; +http://www.google.com/bot.html)"
www.nspw.org:80 193.240.172.125 - - [27/Apr/2018:07:17:22 -0400] "GET /papers/2008/nspw2008-beautement.pdf HTTP/1.1" 302 599 "https://www.google.co.uk/" "Mozilla/5.0 (Windows NT 6.1; Win64; x64) AppleWebKit/537.36 (KHTML, like Gecko) Chrome/65.0.3325.181 Safari/537.36; SWRInfo: 3129:DAC.MOD.UK:14-01495"
www.nspw.org:80 ::1 - - [27/Apr/2018:07:17:50 -0400] "OPTIONS * HTTP/1.0" 200 126 "-" "Apache/2.4.29 (Ubuntu) OpenSSL/1.1.0g (internal dummy connection)"
www.nspw.org:80 ::1 - - [27/Apr/2018:07:17:58 -0400] "OPTIONS * HTTP/1.0" 200 126 "-" "Apache/2.4.29 (Ubuntu) OpenSSL/1.1.0g (internal dummy connection)"
www.nspw.org:80 193.240.172.125 - - [27/Apr/2018:07:18:06 -0400] "GET /papers/2008/nspw2008-beautement.pdf HTTP/1.1" 302 599 "-" "Mozilla/5.0 (Windows NT 6.1; Win64; x64) AppleWebKit/537.36 (KHTML, like Gecko) Chrome/65.0.3325.181 Safari/537.36; SWRInfo: 3129:DAC.MOD.UK:14-01495"
www.nspw.org:80 40.77.167.73 - - [27/Apr/2018:07:18:14 -0400] "GET /2017 HTTP/1.1" 302 533 "-" "Mozilla/5.0 (compatible; bingbot/2.0; +http://www.bing.com/bingbot.htm)"
www.nspw.org:80 117.247.225.157 - - [27/Apr/2018:07:18:24 -0400] "GET /wp-login.php HTTP/1.1" 302 553 "-" "Mozilla/5.0 (Windows NT 6.1; WOW64; rv:40.0) Gecko/20100101 Firefox/40.1"
www.nspw.org:80 ::1 - - [27/Apr/2018:07:18:27 -0400] "OPTIONS * HTTP/1.0" 200 126 "-" "Apache/2.4.29 (Ubuntu) OpenSSL/1.1.0g (internal dummy connection)"
www.nspw.org:80 117.247.225.157 - - [27/Apr/2018:07:18:28 -0400] "GET / HTTP/1.1" 302 528 "-" "Mozilla/5.0 (Windows NT 6.1; WOW64; rv:40.0) Gecko/20100101 Firefox/40.1"
www.nspw.org:80 ::1 - - [27/Apr/2018:07:18:34 -0400] "OPTIONS * HTTP/1.0" 200 126 "-" "Apache/2.4.29 (Ubuntu) OpenSSL/1.1.0g (internal dummy connection)"
www.nspw.org:80 ::1 - - [27/Apr/2018:07:18:35 -0400] "OPTIONS * HTTP/1.0" 200 126 "-" "Apache/2.4.29 (Ubuntu) OpenSSL/1.1.0g (internal dummy connection)"
www.nspw.org:80 103.66.79.160 - - [27/Apr/2018:07:18:42 -0400] "GET /wp-login.php HTTP/1.1" 302 553 "-" "Mozilla/5.0 (Windows NT 6.1; WOW64; rv:40.0) Gecko/20100101 Firefox/40.1"
www.nspw.org:80 103.66.79.160 - - [27/Apr/2018:07:18:47 -0400] "GET / HTTP/1.1" 302 528 "-" "Mozilla/5.0 (Windows NT 6.1; WOW64; rv:40.0) Gecko/20100101 Firefox/40.1"
www.nspw.org:80 216.244.66.200 - - [27/Apr/2018:07:18:54 -0400] "GET /2010/cfp HTTP/1.1" 302 489 "-" "Mozilla/5.0 (compatible; DotBot/1.1; http://www.opensiteexplorer.org/dotbot, help@moz.com)"
www.nspw.org:80 66.249.73.80 - - [27/Apr/2018:07:18:58 -0400] "GET /2009/proceedings/1993/nspw1993-dobson.pdf HTTP/1.1" 302 611 "-" "Mozilla/5.0 (compatible; Googlebot/2.1; +http://www.google.com/bot.html)"
www.nspw.org:80 216.244.66.200 - - [27/Apr/2018:07:19:24 -0400] "GET /2002/ HTTP/1.1" 302 483 "-" "Mozilla/5.0 (compatible; DotBot/1.1; http://www.opensiteexplorer.org/dotbot, help@moz.com)"
www.nspw.org:80 17.58.101.70 - - [27/Apr/2018:07:19:30 -0400] "GET /robots.txt HTTP/1.1" 302 549 "-" "Mozilla/5.0 (Macintosh; Intel Mac OS X 10_10_1) AppleWebKit/600.2.5 (KHTML, like Gecko) Version/8.0.2 Safari/600.2.5 (Applebot/0.1; +http://www.apple.com/go/applebot)"
www.nspw.org:80 17.58.101.70 - - [27/Apr/2018:07:19:30 -0400] "GET /2009/ HTTP/1.1" 302 538 "-" "Mozilla/5.0 (Macintosh; Intel Mac OS X 10_10_1) AppleWebKit/600.2.5 (KHTML, like Gecko) Version/8.0.2 Safari/600.2.5 (Applebot/0.1; +http://www.apple.com/go/applebot)"
www.nspw.org:80 69.162.124.227 - - [27/Apr/2018:07:19:38 -0400] "HEAD / HTTP/1.1" 302 188 "http://nspw.org/" "Mozilla/5.0+(compatible; UptimeRobot/2.0; http://www.uptimerobot.com/)"
www.nspw.org:80 192.76.8.84 - - [27/Apr/2018:07:21:28 -0400] "GET /2018/cfp HTTP/1.1" 302 545 "-" "Mozilla/5.0 (Windows NT 10.0; Win64; x64) AppleWebKit/537.36 (KHTML, like Gecko) Chrome/65.0.3325.181 Safari/537.36"
www.nspw.org:80 ::1 - - [27/Apr/2018:07:21:35 -0400] "OPTIONS * HTTP/1.0" 200 126 "-" "Apache/2.4.29 (Ubuntu) OpenSSL/1.1.0g (internal dummy connection)"
www.nspw.org:80 ::1 - - [27/Apr/2018:07:21:36 -0400] "OPTIONS * HTTP/1.0" 200 126 "-" "Apache/2.4.29 (Ubuntu) OpenSSL/1.1.0g (internal dummy connection)"
www.nspw.org:80 ::1 - - [27/Apr/2018:07:21:37 -0400] "OPTIONS * HTTP/1.0" 200 126 "-" "Apache/2.4.29 (Ubuntu) OpenSSL/1.1.0g (internal dummy connection)"
www.nspw.org:80 66.249.73.82 - - [27/Apr/2018:07:23:17 -0400] "GET /papers/2007/nspw2007-nali.pdf HTTP/1.1" 302 587 "-" "Mozilla/5.0 (compatible; Googlebot/2.1; +http://www.google.com/bot.html)"
www.nspw.org:80 216.244.66.200 - - [27/Apr/2018:07:23:34 -0400] "GET /2005/?C=S;O=D HTTP/1.1" 302 499 "-" "Mozilla/5.0 (compatible; DotBot/1.1; http://www.opensiteexplorer.org/dotbot, help@moz.com)"
www.nspw.org:80 216.244.66.200 - - [27/Apr/2018:07:23:44 -0400] "GET /2005/local.shtml HTTP/1.1" 302 505 "-" "Mozilla/5.0 (compatible; DotBot/1.1; http://www.opensiteexplorer.org/dotbot, help@moz.com)"
www.nspw.org:80 66.249.73.78 - - [27/Apr/2018:07:24:22 -0400] "GET /papers/2007/nspw2007-solworth.pdf HTTP/1.1" 302 595 "-" "Mozilla/5.0 (compatible; Googlebot/2.1; +http://www.google.com/bot.html)"
www.nspw.org:80 69.162.124.227 - - [27/Apr/2018:07:24:38 -0400] "HEAD / HTTP/1.1" 302 188 "http://nspw.org/" "Mozilla/5.0+(compatible; UptimeRobot/2.0; http://www.uptimerobot.com/)"
www.nspw.org:80 194.187.170.138 - - [27/Apr/2018:07:26:17 -0400] "GET /papers/1995/?C=N;O=A HTTP/1.1" 302 532 "-" "Mozilla/5.0 (compatible; Qwantify/2.4w; +https://www.qwant.com/)/2.4w"
www.nspw.org:80 180.76.15.34 - - [27/Apr/2018:07:26:25 -0400] "GET /proceedings/2006 HTTP/1.1" 302 535 "-" "Mozilla/5.0 (compatible; Baiduspider/2.0; +http://www.baidu.com/search/spider.html)"
www.nspw.org:80 66.249.73.82 - - [27/Apr/2018:07:26:32 -0400] "GET /papers/2007/nspw2007-chow.pdf HTTP/1.1" 302 587 "-" "Mozilla/5.0 (compatible; Googlebot/2.1; +http://www.google.com/bot.html)"
www.nspw.org:80 64.222.89.184 - - [27/Apr/2018:07:26:39 -0400] "GET / HTTP/1.1" 302 529 "-" "Mozilla/5.0 (Windows NT 10.0; Win64; x64; rv:59.0) Gecko/20100101 Firefox/59.0"
www.nspw.org:80 ::1 - - [27/Apr/2018:07:26:46 -0400] "OPTIONS * HTTP/1.0" 200 126 "-" "Apache/2.4.29 (Ubuntu) OpenSSL/1.1.0g (internal dummy connection)"
www.nspw.org:80 66.249.73.78 - - [27/Apr/2018:07:28:42 -0400] "GET /proceedings/2003 HTTP/1.1" 302 561 "-" "Mozilla/5.0 (compatible; Googlebot/2.1; +http://www.google.com/bot.html)"
www.nspw.org:80 49.145.93.154 - - [27/Apr/2018:07:28:42 -0400] "GET /wp-login.php HTTP/1.1" 302 553 "-" "Mozilla/5.0 (Windows NT 6.1; WOW64; rv:40.0) Gecko/20100101 Firefox/40.1"
www.nspw.org:80 49.145.93.154 - - [27/Apr/2018:07:28:43 -0400] "GET / HTTP/1.1" 302 528 "-" "Mozilla/5.0 (Windows NT 6.1; WOW64; rv:40.0) Gecko/20100101 Firefox/40.1"
www.nspw.org:80 105.103.3.149 - - [27/Apr/2018:07:29:14 -0400] "GET /wp-login.php HTTP/1.1" 302 553 "-" "Mozilla/5.0 (Windows NT 6.1; WOW64; rv:40.0) Gecko/20100101 Firefox/40.1"
www.nspw.org:80 105.103.3.149 - - [27/Apr/2018:07:29:16 -0400] "GET / HTTP/1.1" 302 528 "-" "Mozilla/5.0 (Windows NT 6.1; WOW64; rv:40.0) Gecko/20100101 Firefox/40.1"
www.nspw.org:80 194.187.170.138 - - [27/Apr/2018:07:29:26 -0400] "GET /proceedings/2001 HTTP/1.1" 302 524 "-" "Mozilla/5.0 (compatible; Qwantify/2.4w; +https://www.qwant.com/)/2.4w"
www.nspw.org:80 69.162.124.227 - - [27/Apr/2018:07:29:38 -0400] "HEAD / HTTP/1.1" 302 188 "http://nspw.org/" "Mozilla/5.0+(compatible; UptimeRobot/2.0; http://www.uptimerobot.com/)"
www.nspw.org:80 194.187.170.138 - - [27/Apr/2018:07:29:40 -0400] "GET /proceedings/1998 HTTP/1.1" 302 524 "-" "Mozilla/5.0 (compatible; Qwantify/2.4w; +https://www.qwant.com/)/2.4w"
www.nspw.org:80 66.249.73.78 - - [27/Apr/2018:07:31:36 -0400] "GET /2009/nspw-header.html HTTP/1.1" 302 571 "-" "Mozilla/5.0 (Linux; Android 6.0.1; Nexus 5X Build/MMB29P) AppleWebKit/537.36 (KHTML, like Gecko) Chrome/41.0.2272.96 Mobile Safari/537.36 (compatible; Googlebot/2.1; +http://www.google.com/bot.html)"
www.nspw.org:80 194.187.170.138 - - [27/Apr/2018:07:33:24 -0400] "GET /2014/cfp HTTP/1.1" 302 508 "-" "Mozilla/5.0 (compatible; Qwantify/2.4w; +https://www.qwant.com/)/2.4w"
www.nspw.org:80 69.162.124.227 - - [27/Apr/2018:07:34:38 -0400] "HEAD / HTTP/1.1" 302 188 "http://nspw.org/" "Mozilla/5.0+(compatible; UptimeRobot/2.0; http://www.uptimerobot.com/)"
www.nspw.org:80 66.249.73.82 - - [27/Apr/2018:07:35:11 -0400] "GET /2005/cfp/latex/macros.sty HTTP/1.1" 302 579 "-" "Mozilla/5.0 (compatible; Googlebot/2.1; +http://www.google.com/bot.html)"
www.nspw.org:80 66.249.73.78 - - [27/Apr/2018:07:36:16 -0400] "GET /papers/1993/nspw1993-rooker-2.pdf HTTP/1.1" 302 595 "-" "Mozilla/5.0 (compatible; Googlebot/2.1; +http://www.google.com/bot.html)"
www.nspw.org:80 62.6.234.79 - - [27/Apr/2018:07:37:10 -0400] "GET /papers/2008/nspw2008-beautement.pdf HTTP/1.1" 302 599 "https://www.google.co.uk/" "Mozilla/5.0 (Windows NT 6.1; Win64; x64) AppleWebKit/537.36 (KHTML, like Gecko) Chrome/63.0.3239.84 Safari/537.36"
www.nspw.org:80 101.254.149.136 - - [27/Apr/2018:07:37:26 -0400] "GET / HTTP/1.1" 302 531 "-" "User-Agent:Mozilla/4.0 (compatible; MSIE 6.0; Windows NT 5.2; .NET CLR 1.0.3705"
www.nspw.org:80 180.190.174.16 - - [27/Apr/2018:07:38:33 -0400] "GET /wp-login.php HTTP/1.1" 302 553 "-" "Mozilla/5.0 (Windows NT 6.1; WOW64; rv:40.0) Gecko/20100101 Firefox/40.1"
www.nspw.org:80 35.171.154.172 - - [27/Apr/2018:07:39:04 -0400] "GET /cfp/nspw2015-cfp.pdf HTTP/1.1" 302 565 "-" "python-requests/2.18.4"
www.nspw.org:80 69.162.124.227 - - [27/Apr/2018:07:39:38 -0400] "HEAD / HTTP/1.1" 302 188 "http://nspw.org/" "Mozilla/5.0+(compatible; UptimeRobot/2.0; http://www.uptimerobot.com/)"
www.nspw.org:80 223.72.84.19 - - [27/Apr/2018:07:39:45 -0400] "GET /2016/cfp HTTP/1.1" 302 545 "http://www.nspw.org/" "Mozilla/5.0 (compatible; MSIE 9.0; Windows NT 6.0; Trident/5.0;  Trident/5.0)"
www.nspw.org:80 139.5.252.99 - - [27/Apr/2018:07:40:02 -0400] "GET /wp-login.php HTTP/1.1" 302 553 "-" "Mozilla/5.0 (Windows NT 6.1; WOW64; rv:40.0) Gecko/20100101 Firefox/40.1"
www.nspw.org:80 139.5.252.99 - - [27/Apr/2018:07:40:05 -0400] "GET / HTTP/1.1" 302 528 "-" "Mozilla/5.0 (Windows NT 6.1; WOW64; rv:40.0) Gecko/20100101 Firefox/40.1"
www.nspw.org:80 66.249.73.78 - - [27/Apr/2018:07:40:35 -0400] "GET /papers/2004/nspw2004-hollebeek.pdf HTTP/1.1" 302 597 "-" "Mozilla/5.0 (compatible; Googlebot/2.1; +http://www.google.com/bot.html)"
www.nspw.org:80 45.112.145.195 - - [27/Apr/2018:07:41:36 -0400] "GET /wp-login.php HTTP/1.1" 302 553 "-" "Mozilla/5.0 (Windows NT 6.1; WOW64; rv:40.0) Gecko/20100101 Firefox/40.1"
www.nspw.org:80 45.112.145.195 - - [27/Apr/2018:07:41:40 -0400] "GET / HTTP/1.1" 302 528 "-" "Mozilla/5.0 (Windows NT 6.1; WOW64; rv:40.0) Gecko/20100101 Firefox/40.1"
www.nspw.org:80 66.249.73.80 - - [27/Apr/2018:07:41:40 -0400] "GET /papers/2006/nspw2006-porras.pdf HTTP/1.1" 302 591 "-" "Mozilla/5.0 (compatible; Googlebot/2.1; +http://www.google.com/bot.html)"
www.nspw.org:80 216.244.66.200 - - [27/Apr/2018:07:42:44 -0400] "GET /2004/?C=N;O=A HTTP/1.1" 302 499 "-" "Mozilla/5.0 (compatible; DotBot/1.1; http://www.opensiteexplorer.org/dotbot, help@moz.com)"
www.nspw.org:80 194.187.170.138 - - [27/Apr/2018:07:43:29 -0400] "GET /proceedings/2002 HTTP/1.1" 302 524 "-" "Mozilla/5.0 (compatible; Qwantify/2.4w; +https://www.qwant.com/)/2.4w"
www.nspw.org:80 194.187.170.138 - - [27/Apr/2018:07:43:41 -0400] "GET /proceedings/1999 HTTP/1.1" 302 524 "-" "Mozilla/5.0 (compatible; Qwantify/2.4w; +https://www.qwant.com/)/2.4w"
www.nspw.org:80 66.249.73.78 - - [27/Apr/2018:07:43:50 -0400] "GET /papers/2004/nspw2004-gates.pdf HTTP/1.1" 302 589 "-" "Mozilla/5.0 (compatible; Googlebot/2.1; +http://www.google.com/bot.html)"
www.nspw.org:80 91.244.4.188 - - [27/Apr/2018:07:44:26 -0400] "GET /papers/2001/nspw2001-raskin.pdf HTTP/1.1" 302 535 "https://www.google.com/" "Mozilla/5.0 (X11; Linux x86_64) AppleWebKit/537.36 (KHTML, like Gecko) Chrome/59.0.3071.115 Safari/537.36"
www.nspw.org:80 69.162.124.227 - - [27/Apr/2018:07:44:38 -0400] "HEAD / HTTP/1.1" 302 188 "http://nspw.org/" "Mozilla/5.0+(compatible; UptimeRobot/2.0; http://www.uptimerobot.com/)"
www.nspw.org:80 66.249.73.80 - - [27/Apr/2018:07:44:55 -0400] "GET /papers/2010/nspw2010-bratus.pdf HTTP/1.1" 302 591 "-" "Mozilla/5.0 (compatible; Googlebot/2.1; +http://www.google.com/bot.html)"
www.nspw.org:80 66.249.73.82 - - [27/Apr/2018:07:46:00 -0400] "GET /papers/1997/nspw1997-somayaji-scanned.pdf HTTP/1.1" 302 611 "-" "Mozilla/5.0 (compatible; Googlebot/2.1; +http://www.google.com/bot.html)"
www.nspw.org:80 194.187.170.138 - - [27/Apr/2018:07:46:38 -0400] "GET /2016/program HTTP/1.1" 302 516 "-" "Mozilla/5.0 (compatible; Qwantify/2.4w; +https://www.qwant.com/)/2.4w"
www.nspw.org:80 66.249.73.78 - - [27/Apr/2018:07:48:09 -0400] "GET /papers/1994/nspw1994-bell.pdf HTTP/1.1" 302 587 "-" "Mozilla/5.0 (compatible; Googlebot/2.1; +http://www.google.com/bot.html)"
www.nspw.org:80 69.162.124.227 - - [27/Apr/2018:07:49:38 -0400] "HEAD / HTTP/1.1" 302 188 "http://nspw.org/" "Mozilla/5.0+(compatible; UptimeRobot/2.0; http://www.uptimerobot.com/)"
www.nspw.org:80 216.244.66.200 - - [27/Apr/2018:07:49:53 -0400] "GET /2006/cfp.shtml HTTP/1.1" 302 501 "-" "Mozilla/5.0 (compatible; DotBot/1.1; http://www.opensiteexplorer.org/dotbot, help@moz.com)"
www.nspw.org:80 207.46.13.144 - - [27/Apr/2018:07:49:53 -0400] "GET /robots.txt HTTP/1.1" 302 549 "-" "Mozilla/5.0 (compatible; bingbot/2.0; +http://www.bing.com/bingbot.htm)"
www.nspw.org:80 207.46.13.144 - - [27/Apr/2018:07:49:54 -0400] "GET /robots.txt HTTP/1.1" 302 549 "-" "Mozilla/5.0 (compatible; bingbot/2.0; +http://www.bing.com/bingbot.htm)"
www.nspw.org:80 207.46.13.144 - - [27/Apr/2018:07:49:55 -0400] "GET /robots.txt HTTP/1.1" 302 549 "-" "Mozilla/5.0 (compatible; bingbot/2.0; +http://www.bing.com/bingbot.htm)"
www.nspw.org:80 207.46.13.144 - - [27/Apr/2018:07:50:09 -0400] "GET /robots.txt HTTP/1.1" 302 549 "-" "Mozilla/5.0 (compatible; bingbot/2.0; +http://www.bing.com/bingbot.htm)"
www.nspw.org:80 207.46.13.144 - - [27/Apr/2018:07:50:28 -0400] "GET /robots.txt HTTP/1.1" 302 549 "-" "Mozilla/5.0 (compatible; bingbot/2.0; +http://www.bing.com/bingbot.htm)"
www.nspw.org:80 157.55.39.48 - - [27/Apr/2018:07:50:44 -0400] "GET /robots.txt HTTP/1.1" 302 549 "-" "Mozilla/5.0 (compatible; bingbot/2.0; +http://www.bing.com/bingbot.htm)"
www.nspw.org:80 219.159.249.233 - - [27/Apr/2018:07:52:43 -0400] "GET / HTTP/1.1" 302 492 "-" "Mozilla/5.0 (compatible; MSIE 9.0; Windows NT 6.1; Win64; x64; Trident/5.0)"
www.nspw.org:80 69.162.124.227 - - [27/Apr/2018:07:54:38 -0400] "HEAD / HTTP/1.1" 302 188 "http://nspw.org/" "Mozilla/5.0+(compatible; UptimeRobot/2.0; http://www.uptimerobot.com/)"
www.nspw.org:80 66.249.73.82 - - [27/Apr/2018:07:54:39 -0400] "GET /papers/2001/nspw2001-hosmer.pdf HTTP/1.1" 302 591 "-" "Mozilla/5.0 (compatible; Googlebot/2.1; +http://www.google.com/bot.html)"
www.nspw.org:80 103.74.111.231 - - [27/Apr/2018:07:56:18 -0400] "GET /wp-login.php HTTP/1.1" 302 553 "-" "Mozilla/5.0 (Windows NT 6.1; WOW64; rv:40.0) Gecko/20100101 Firefox/40.1"
www.nspw.org:80 103.74.111.231 - - [27/Apr/2018:07:56:22 -0400] "GET / HTTP/1.1" 302 528 "-" "Mozilla/5.0 (Windows NT 6.1; WOW64; rv:40.0) Gecko/20100101 Firefox/40.1"
www.nspw.org:80 194.187.170.138 - - [27/Apr/2018:07:57:07 -0400] "GET /proceedings/2003 HTTP/1.1" 302 524 "-" "Mozilla/5.0 (compatible; Qwantify/2.4w; +https://www.qwant.com/)/2.4w"
www.nspw.org:80 212.171.81.92 - - [27/Apr/2018:07:58:01 -0400] "GET /wp-login.php HTTP/1.1" 302 553 "-" "Mozilla/5.0 (Windows NT 6.1; WOW64; rv:40.0) Gecko/20100101 Firefox/40.1"
www.nspw.org:80 212.171.81.92 - - [27/Apr/2018:07:58:04 -0400] "GET / HTTP/1.1" 302 528 "-" "Mozilla/5.0 (Windows NT 6.1; WOW64; rv:40.0) Gecko/20100101 Firefox/40.1"
www.nspw.org:80 ::1 - - [27/Apr/2018:07:58:30 -0400] "OPTIONS * HTTP/1.0" 200 126 "-" "Apache/2.4.29 (Ubuntu) OpenSSL/1.1.0g (internal dummy connection)"
www.nspw.org:80 ::1 - - [27/Apr/2018:07:58:31 -0400] "OPTIONS * HTTP/1.0" 200 126 "-" "Apache/2.4.29 (Ubuntu) OpenSSL/1.1.0g (internal dummy connection)"
www.nspw.org:80 207.46.13.144 - - [27/Apr/2018:07:58:48 -0400] "GET /papers/2013/nspw2013-bishop.pdf HTTP/1.1" 302 587 "-" "Mozilla/5.0 (compatible; bingbot/2.0; +http://www.bing.com/bingbot.htm)"
www.nspw.org:80 69.162.124.227 - - [27/Apr/2018:07:59:37 -0400] "HEAD / HTTP/1.1" 302 188 "http://nspw.org/" "Mozilla/5.0+(compatible; UptimeRobot/2.0; http://www.uptimerobot.com/)"
www.nspw.org:80 66.249.73.80 - - [27/Apr/2018:08:01:08 -0400] "GET /2018/organizers HTTP/1.1" 302 559 "-" "Mozilla/5.0 (compatible; Googlebot/2.1; +http://www.google.com/bot.html)"
www.nspw.org:80 216.244.66.200 - - [27/Apr/2018:08:01:44 -0400] "GET /2008/dates.content HTTP/1.1" 302 509 "-" "Mozilla/5.0 (compatible; DotBot/1.1; http://www.opensiteexplorer.org/dotbot, help@moz.com)"
www.nspw.org:80 66.249.73.78 - - [27/Apr/2018:08:02:13 -0400] "GET /papers/2007/nspw2007-gay.pdf HTTP/1.1" 302 585 "-" "Mozilla/5.0 (compatible; Googlebot/2.1; +http://www.google.com/bot.html)"
www.nspw.org:80 66.249.73.82 - - [27/Apr/2018:08:03:17 -0400] "GET /papers/1998/nspw1998-slater.pdf HTTP/1.1" 302 591 "-" "Mozilla/5.0 (compatible; Googlebot/2.1; +http://www.google.com/bot.html)"
www.nspw.org:80 35.226.23.240 - - [27/Apr/2018:08:03:21 -0400] "GET /robots.txt HTTP/1.1" 302 512 "-" "ltx71 - (http://ltx71.com/)"
www.nspw.org:80 66.249.73.78 - - [27/Apr/2018:08:04:22 -0400] "GET /2009/proceedings/1993/nspw1993-lin.pdf HTTP/1.1" 302 605 "-" "Mozilla/5.0 (compatible; Googlebot/2.1; +http://www.google.com/bot.html)"
www.nspw.org:80 69.162.124.227 - - [27/Apr/2018:08:04:38 -0400] "HEAD / HTTP/1.1" 302 188 "http://nspw.org/" "Mozilla/5.0+(compatible; UptimeRobot/2.0; http://www.uptimerobot.com/)"
www.nspw.org:80 66.249.73.78 - - [27/Apr/2018:08:05:27 -0400] "GET /papers/1994/nspw1994-castano.pdf HTTP/1.1" 302 593 "-" "Mozilla/5.0 (compatible; Googlebot/2.1; +http://www.google.com/bot.html)"
www.nspw.org:80 66.249.73.82 - - [27/Apr/2018:08:06:32 -0400] "GET /papers/2013/nspw2013-bishop.pdf HTTP/1.1" 302 591 "-" "Mozilla/5.0 (compatible; Googlebot/2.1; +http://www.google.com/bot.html)"
www.nspw.org:80 216.244.66.200 - - [27/Apr/2018:08:06:36 -0400] "GET /2009/nspw-footer.html HTTP/1.1" 302 515 "-" "Mozilla/5.0 (compatible; DotBot/1.1; http://www.opensiteexplorer.org/dotbot, help@moz.com)"
www.nspw.org:80 119.154.206.195 - - [27/Apr/2018:08:07:06 -0400] "GET /wp-login.php HTTP/1.1" 302 553 "-" "Mozilla/5.0 (Windows NT 6.1; WOW64; rv:40.0) Gecko/20100101 Firefox/40.1"
www.nspw.org:80 119.154.206.195 - - [27/Apr/2018:08:07:08 -0400] "GET / HTTP/1.1" 302 528 "-" "Mozilla/5.0 (Windows NT 6.1; WOW64; rv:40.0) Gecko/20100101 Firefox/40.1"
www.nspw.org:80 194.187.170.138 - - [27/Apr/2018:08:08:14 -0400] "GET /papers/1995/?C=D;O=A HTTP/1.1" 302 532 "-" "Mozilla/5.0 (compatible; Qwantify/2.4w; +https://www.qwant.com/)/2.4w"
www.nspw.org:80 66.249.73.82 - - [27/Apr/2018:08:08:42 -0400] "GET /papers/2005/nspw2005-taylor-panel.pdf HTTP/1.1" 302 603 "-" "Mozilla/5.0 (compatible; Googlebot/2.1; +http://www.google.com/bot.html)"
www.nspw.org:80 194.187.170.138 - - [27/Apr/2018:08:09:12 -0400] "GET /robots.txt HTTP/1.1" 302 508 "-" "Mozilla/5.0 (compatible; Qwantify/2.4w; +https://www.qwant.com/)/2.4w"
www.nspw.org:80 194.187.170.138 - - [27/Apr/2018:08:09:12 -0400] "GET /2016 HTTP/1.1" 302 496 "-" "Mozilla/5.0 (compatible; Qwantify/2.4w; +https://www.qwant.com/)/2.4w"
www.nspw.org:80 69.162.124.227 - - [27/Apr/2018:08:09:38 -0400] "HEAD / HTTP/1.1" 302 188 "http://nspw.org/" "Mozilla/5.0+(compatible; UptimeRobot/2.0; http://www.uptimerobot.com/)"
www.nspw.org:80 66.249.73.80 - - [27/Apr/2018:08:09:47 -0400] "GET /papers/2013/nspw2013-rowe.pdf HTTP/1.1" 302 587 "-" "Mozilla/5.0 (compatible; Googlebot/2.1; +http://www.google.com/bot.html)"
www.nspw.org:80 187.40.124.214 - - [27/Apr/2018:08:10:21 -0400] "GET /wp-login.php HTTP/1.1" 302 553 "-" "Mozilla/5.0 (Windows NT 6.1; WOW64; rv:40.0) Gecko/20100101 Firefox/40.1"
www.nspw.org:80 187.40.124.214 - - [27/Apr/2018:08:10:25 -0400] "GET / HTTP/1.1" 302 528 "-" "Mozilla/5.0 (Windows NT 6.1; WOW64; rv:40.0) Gecko/20100101 Firefox/40.1"
www.nspw.org:80 66.249.73.80 - - [27/Apr/2018:08:10:51 -0400] "GET /papers/2010/nspw2010-alsaleh.pdf HTTP/1.1" 302 593 "-" "Mozilla/5.0 (compatible; Googlebot/2.1; +http://www.google.com/bot.html)"
www.nspw.org:80 194.187.170.138 - - [27/Apr/2018:08:11:03 -0400] "GET /proceedings/2004 HTTP/1.1" 302 524 "-" "Mozilla/5.0 (compatible; Qwantify/2.4w; +https://www.qwant.com/)/2.4w"
www.nspw.org:80 66.249.73.78 - - [27/Apr/2018:08:11:56 -0400] "GET /papers/2011/nspw2011-hamacher.pdf HTTP/1.1" 302 595 "-" "Mozilla/5.0 (compatible; Googlebot/2.1; +http://www.google.com/bot.html)"
www.nspw.org:80 69.162.124.227 - - [27/Apr/2018:08:14:38 -0400] "HEAD / HTTP/1.1" 302 188 "http://nspw.org/" "Mozilla/5.0+(compatible; UptimeRobot/2.0; http://www.uptimerobot.com/)"
www.nspw.org:80 82.60.158.157 - - [27/Apr/2018:08:14:50 -0400] "GET /wp-login.php HTTP/1.1" 302 553 "-" "Mozilla/5.0 (Windows NT 6.1; WOW64; rv:40.0) Gecko/20100101 Firefox/40.1"
www.nspw.org:80 82.60.158.157 - - [27/Apr/2018:08:14:52 -0400] "GET / HTTP/1.1" 302 528 "-" "Mozilla/5.0 (Windows NT 6.1; WOW64; rv:40.0) Gecko/20100101 Firefox/40.1"
www.nspw.org:80 66.249.73.78 - - [27/Apr/2018:08:15:11 -0400] "GET /papers/2011/nspw2011-wash.pdf HTTP/1.1" 302 587 "-" "Mozilla/5.0 (compatible; Googlebot/2.1; +http://www.google.com/bot.html)"
www.nspw.org:80 194.187.170.138 - - [27/Apr/2018:08:15:15 -0400] "GET /2016/location HTTP/1.1" 302 518 "-" "Mozilla/5.0 (compatible; Qwantify/2.4w; +https://www.qwant.com/)/2.4w"
www.nspw.org:80 157.55.39.56 - - [27/Apr/2018:08:16:08 -0400] "GET /papers/2002/nspw2002-capkun.pdf HTTP/1.1" 302 587 "-" "Mozilla/5.0 (iPhone; CPU iPhone OS 7_0 like Mac OS X) AppleWebKit/537.51.1 (KHTML, like Gecko) Version/7.0 Mobile/11A465 Safari/9537.53 (compatible; bingbot/2.0; +http://www.bing.com/bingbot.htm)"
www.nspw.org:80 66.249.73.82 - - [27/Apr/2018:08:16:16 -0400] "GET /papers/2008/nspw2008-greenwald.pdf HTTP/1.1" 302 597 "-" "Mozilla/5.0 (compatible; Googlebot/2.1; +http://www.google.com/bot.html)"
www.nspw.org:80 185.232.20.242 - - [27/Apr/2018:08:17:06 -0400] "GET /user/login HTTP/1.1" 302 489 "http://nspw.org/user/login" "Mozilla/5.0 (Windows NT 10.0; WOW64) AppleWebKit/537.36 (KHTML, like Gecko) Chrome/62.0.3198.0 Safari/537.36 OPR/49.0.2711.0"
www.nspw.org:80 185.232.20.242 - - [27/Apr/2018:08:17:06 -0400] "GET /user/login HTTP/1.1" 302 489 "http://nspw.org/user/login" "Mozilla/5.0 (Windows NT 10.0; WOW64) AppleWebKit/537.36 (KHTML, like Gecko) Chrome/62.0.3198.0 Safari/537.36 OPR/49.0.2711.0"
www.nspw.org:80 185.232.20.242 - - [27/Apr/2018:08:17:06 -0400] "GET /user/login HTTP/1.1" 302 489 "http://nspw.org/user/login" "Mozilla/5.0 (Windows NT 10.0; WOW64) AppleWebKit/537.36 (KHTML, like Gecko) Chrome/62.0.3198.0 Safari/537.36 OPR/49.0.2711.0"
www.nspw.org:80 66.249.73.82 - - [27/Apr/2018:08:18:26 -0400] "GET /papers/2011/nspw2011-du.pdf HTTP/1.1" 302 583 "-" "Mozilla/5.0 (compatible; Googlebot/2.1; +http://www.google.com/bot.html)"
www.nspw.org:80 66.249.73.80 - - [27/Apr/2018:08:19:30 -0400] "GET /papers/1997/nspw1997-riechmann.pdf HTTP/1.1" 302 597 "-" "Mozilla/5.0 (compatible; Googlebot/2.1; +http://www.google.com/bot.html)"
www.nspw.org:80 69.162.124.227 - - [27/Apr/2018:08:19:37 -0400] "HEAD / HTTP/1.1" 302 188 "http://nspw.org/" "Mozilla/5.0+(compatible; UptimeRobot/2.0; http://www.uptimerobot.com/)"
www.nspw.org:80 40.77.167.73 - - [27/Apr/2018:08:20:12 -0400] "GET /2009/proceedings/2013/nspw2013-ashenden.pdf HTTP/1.1" 302 615 "-" "Mozilla/5.0 (iPhone; CPU iPhone OS 7_0 like Mac OS X) AppleWebKit/537.51.1 (KHTML, like Gecko) Version/7.0 Mobile/11A465 Safari/9537.53 (compatible; bingbot/2.0; +http://www.bing.com/bingbot.htm)"
www.nspw.org:80 66.249.73.80 - - [27/Apr/2018:08:20:35 -0400] "GET /papers/2005/nspw2005-maxion.pdf HTTP/1.1" 302 591 "-" "Mozilla/5.0 (compatible; Googlebot/2.1; +http://www.google.com/bot.html)"
www.nspw.org:80 46.53.12.10 - - [27/Apr/2018:08:21:21 -0400] "GET /wp-login.php HTTP/1.1" 302 553 "-" "Mozilla/5.0 (Windows NT 6.1; WOW64; rv:40.0) Gecko/20100101 Firefox/40.1"
www.nspw.org:80 46.53.12.10 - - [27/Apr/2018:08:21:28 -0400] "GET / HTTP/1.1" 302 529 "-" "Mozilla/5.0 (Windows NT 6.1; WOW64; rv:40.0) Gecko/20100101 Firefox/40.1"
www.nspw.org:80 69.162.124.227 - - [27/Apr/2018:08:24:37 -0400] "HEAD / HTTP/1.1" 302 188 "http://nspw.org/" "Mozilla/5.0+(compatible; UptimeRobot/2.0; http://www.uptimerobot.com/)"
www.nspw.org:80 189.73.199.100 - - [27/Apr/2018:08:24:46 -0400] "GET /wp-login.php HTTP/1.1" 302 553 "-" "Mozilla/5.0 (Windows NT 6.1; WOW64; rv:40.0) Gecko/20100101 Firefox/40.1"
www.nspw.org:80 178.255.215.92 - - [27/Apr/2018:08:24:48 -0400] "GET /robots.txt HTTP/1.1" 302 512 "-" "Mozilla/5.0 (compatible; Exabot/3.0; +http://www.exabot.com/go/robot)"
www.nspw.org:80 178.255.215.92 - - [27/Apr/2018:08:24:48 -0400] "GET /2013/organizers HTTP/1.1" 302 522 "-" "Mozilla/5.0 (compatible; Exabot/3.0; +http://www.exabot.com/go/robot)"
www.nspw.org:80 189.73.199.100 - - [27/Apr/2018:08:24:49 -0400] "GET / HTTP/1.1" 302 528 "-" "Mozilla/5.0 (Windows NT 6.1; WOW64; rv:40.0) Gecko/20100101 Firefox/40.1"
www.nspw.org:80 110.54.238.103 - - [27/Apr/2018:08:25:49 -0400] "GET /wp-login.php HTTP/1.1" 302 553 "-" "Mozilla/5.0 (Windows NT 6.1; WOW64; rv:40.0) Gecko/20100101 Firefox/40.1"
www.nspw.org:80 110.54.238.103 - - [27/Apr/2018:08:25:51 -0400] "GET / HTTP/1.1" 302 528 "-" "Mozilla/5.0 (Windows NT 6.1; WOW64; rv:40.0) Gecko/20100101 Firefox/40.1"
www.nspw.org:80 66.249.73.82 - - [27/Apr/2018:08:28:09 -0400] "GET /papers/1999/nspw1999-olthoff-3.pdf HTTP/1.1" 302 597 "-" "Mozilla/5.0 (compatible; Googlebot/2.1; +http://www.google.com/bot.html)"
www.nspw.org:80 223.223.140.223 - - [27/Apr/2018:08:28:43 -0400] "GET /wp-login.php HTTP/1.1" 302 553 "-" "Mozilla/5.0 (Windows NT 6.1; WOW64; rv:40.0) Gecko/20100101 Firefox/40.1"
www.nspw.org:80 223.223.140.223 - - [27/Apr/2018:08:28:45 -0400] "GET / HTTP/1.1" 302 528 "-" "Mozilla/5.0 (Windows NT 6.1; WOW64; rv:40.0) Gecko/20100101 Firefox/40.1"
www.nspw.org:80 69.162.124.227 - - [27/Apr/2018:08:29:37 -0400] "HEAD / HTTP/1.1" 302 188 "http://nspw.org/" "Mozilla/5.0+(compatible; UptimeRobot/2.0; http://www.uptimerobot.com/)"
www.nspw.org:80 45.77.71.214 - - [27/Apr/2018:08:30:15 -0400] "GET /papers/2003/nspw2003-duvarney.pdf HTTP/1.1" 302 558 "https://www.google.com.hk/" "Mozilla/5.0 (Windows NT 10.0; WOW64) AppleWebKit/537.36 (KHTML, like Gecko) Chrome/66.0.3359.139 Safari/537.36"
www.nspw.org:80 66.249.73.82 - - [27/Apr/2018:08:31:24 -0400] "GET /papers/2011/nspw2011-bicakci.pdf HTTP/1.1" 302 593 "-" "Mozilla/5.0 (Linux; Android 6.0.1; Nexus 5X Build/MMB29P) AppleWebKit/537.36 (KHTML, like Gecko) Chrome/41.0.2272.96 Mobile Safari/537.36 (compatible; Googlebot/2.1; +http://www.google.com/bot.html)"
www.nspw.org:80 177.74.210.36 - - [27/Apr/2018:08:31:33 -0400] "GET /wp-login.php HTTP/1.1" 302 553 "-" "Mozilla/5.0 (Windows NT 6.1; WOW64; rv:40.0) Gecko/20100101 Firefox/40.1"
www.nspw.org:80 177.74.210.36 - - [27/Apr/2018:08:31:36 -0400] "GET / HTTP/1.1" 302 528 "-" "Mozilla/5.0 (Windows NT 6.1; WOW64; rv:40.0) Gecko/20100101 Firefox/40.1"
www.nspw.org:80 210.186.25.199 - - [27/Apr/2018:08:32:19 -0400] "GET /wp-login.php HTTP/1.1" 302 553 "-" "Mozilla/5.0 (Windows NT 6.1; WOW64; rv:40.0) Gecko/20100101 Firefox/40.1"
www.nspw.org:80 210.186.25.199 - - [27/Apr/2018:08:32:21 -0400] "GET / HTTP/1.1" 302 528 "-" "Mozilla/5.0 (Windows NT 6.1; WOW64; rv:40.0) Gecko/20100101 Firefox/40.1"
www.nspw.org:80 197.206.187.53 - - [27/Apr/2018:08:32:50 -0400] "GET /wp-login.php HTTP/1.1" 302 553 "-" "Mozilla/5.0 (Windows NT 6.1; WOW64; rv:40.0) Gecko/20100101 Firefox/40.1"
www.nspw.org:80 197.206.187.53 - - [27/Apr/2018:08:32:52 -0400] "GET / HTTP/1.1" 302 528 "-" "Mozilla/5.0 (Windows NT 6.1; WOW64; rv:40.0) Gecko/20100101 Firefox/40.1"
www.nspw.org:80 69.162.124.227 - - [27/Apr/2018:08:34:37 -0400] "HEAD / HTTP/1.1" 302 188 "http://nspw.org/" "Mozilla/5.0+(compatible; UptimeRobot/2.0; http://www.uptimerobot.com/)"
www.nspw.org:80 181.220.25.204 - - [27/Apr/2018:08:34:52 -0400] "GET /wp-login.php HTTP/1.1" 302 553 "-" "Mozilla/5.0 (Windows NT 6.1; WOW64; rv:40.0) Gecko/20100101 Firefox/40.1"
www.nspw.org:80 181.220.25.204 - - [27/Apr/2018:08:34:53 -0400] "GET / HTTP/1.1" 302 528 "-" "Mozilla/5.0 (Windows NT 6.1; WOW64; rv:40.0) Gecko/20100101 Firefox/40.1"
www.nspw.org:80 31.184.193.154 - - [27/Apr/2018:08:34:53 -0400] "GET / HTTP/1.0" 302 492 "-" "Mozilla/5.0 (Windows NT 6.1; Win64; x64) AppleWebKit/537.36 (KHTML, like Gecko) Chrome/65.0.3325.181 Safari/537.36"
www.nspw.org:80 66.249.73.78 - - [27/Apr/2018:08:35:43 -0400] "GET /papers/2009/nspw2009-tuerpe.pdf HTTP/1.1" 302 591 "-" "Mozilla/5.0 (compatible; Googlebot/2.1; +http://www.google.com/bot.html)"
www.nspw.org:80 35.226.23.240 - - [27/Apr/2018:08:35:51 -0400] "GET /robots.txt HTTP/1.1" 302 512 "-" "ltx71 - (http://ltx71.com/)"
www.nspw.org:80 194.187.170.138 - - [27/Apr/2018:08:35:51 -0400] "GET /papers/1995/?C=S;O=A HTTP/1.1" 302 532 "-" "Mozilla/5.0 (compatible; Qwantify/2.4w; +https://www.qwant.com/)/2.4w"
www.nspw.org:80 77.165.231.212 - - [27/Apr/2018:08:35:54 -0400] "GET /2015 HTTP/1.1" 302 537 "-" "Mozilla/5.0 (Windows NT 10.0; Win64; x64) AppleWebKit/537.36 (KHTML, like Gecko) Chrome/65.0.3325.181 Safari/537.36"
www.nspw.org:80 ::1 - - [27/Apr/2018:08:36:02 -0400] "OPTIONS * HTTP/1.0" 200 126 "-" "Apache/2.4.29 (Ubuntu) OpenSSL/1.1.0g (internal dummy connection)"
www.nspw.org:80 ::1 - - [27/Apr/2018:08:36:03 -0400] "OPTIONS * HTTP/1.0" 200 126 "-" "Apache/2.4.29 (Ubuntu) OpenSSL/1.1.0g (internal dummy connection)"
www.nspw.org:80 ::1 - - [27/Apr/2018:08:36:04 -0400] "OPTIONS * HTTP/1.0" 200 126 "-" "Apache/2.4.29 (Ubuntu) OpenSSL/1.1.0g (internal dummy connection)"
www.nspw.org:80 66.249.73.80 - - [27/Apr/2018:08:36:48 -0400] "GET /papers/2006/nspw2006-gutmann.pdf HTTP/1.1" 302 593 "-" "Mozilla/5.0 (compatible; Googlebot/2.1; +http://www.google.com/bot.html)"
www.nspw.org:80 141.8.142.151 - - [27/Apr/2018:08:36:52 -0400] "GET /papers/1996/nspw1996-josang.pdf HTTP/1.1" 302 591 "-" "Mozilla/5.0 (iPhone; CPU iPhone OS 8_1 like Mac OS X) AppleWebKit/600.1.4 (KHTML, like Gecko) Version/8.0 Mobile/12B411 Safari/600.1.4 (compatible; YandexMobileBot/3.0; +http://yandex.com/bots)"
www.nspw.org:80 66.249.73.82 - - [27/Apr/2018:08:37:53 -0400] "GET /papers/2010/nspw2010-parkin.pdf HTTP/1.1" 302 591 "-" "Mozilla/5.0 (compatible; Googlebot/2.1; +http://www.google.com/bot.html)"
www.nspw.org:80 66.249.73.78 - - [27/Apr/2018:08:38:58 -0400] "GET /papers/1993/nspw1993-thuraisingham.pdf HTTP/1.1" 302 605 "-" "Mozilla/5.0 (compatible; Googlebot/2.1; +http://www.google.com/bot.html)"
www.nspw.org:80 69.162.124.227 - - [27/Apr/2018:08:39:37 -0400] "HEAD / HTTP/1.1" 302 188 "http://nspw.org/" "Mozilla/5.0+(compatible; UptimeRobot/2.0; http://www.uptimerobot.com/)"
www.nspw.org:80 66.249.73.78 - - [27/Apr/2018:08:41:08 -0400] "GET /papers/2002/nspw2002-inoue.pdf HTTP/1.1" 302 589 "-" "Mozilla/5.0 (compatible; Googlebot/2.1; +http://www.google.com/bot.html)"
www.nspw.org:80 81.40.140.218 - - [27/Apr/2018:08:41:08 -0400] "GET /wp-login.php HTTP/1.1" 302 553 "-" "Mozilla/5.0 (Windows NT 6.1; WOW64; rv:40.0) Gecko/20100101 Firefox/40.1"
www.nspw.org:80 81.40.140.218 - - [27/Apr/2018:08:41:10 -0400] "GET / HTTP/1.1" 302 528 "-" "Mozilla/5.0 (Windows NT 6.1; WOW64; rv:40.0) Gecko/20100101 Firefox/40.1"
www.nspw.org:80 114.109.252.206 - - [27/Apr/2018:08:41:36 -0400] "GET /wp-login.php HTTP/1.1" 302 553 "-" "Mozilla/5.0 (Windows NT 6.1; WOW64; rv:40.0) Gecko/20100101 Firefox/40.1"
www.nspw.org:80 114.109.252.206 - - [27/Apr/2018:08:41:38 -0400] "GET / HTTP/1.1" 302 528 "-" "Mozilla/5.0 (Windows NT 6.1; WOW64; rv:40.0) Gecko/20100101 Firefox/40.1"
www.nspw.org:80 66.249.73.82 - - [27/Apr/2018:08:42:13 -0400] "GET /papers/2002/nspw2002-connelly.pdf HTTP/1.1" 302 595 "-" "Mozilla/5.0 (compatible; Googlebot/2.1; +http://www.google.com/bot.html)"
