www.nspw.org:80 66.249.73.78 - - [29/Apr/2018:06:25:25 -0400] "GET /papers/2013/nspw2013-castro.pdf HTTP/1.1" 302 591 "-" "Mozilla/5.0 (compatible; Googlebot/2.1; +http://www.google.com/bot.html)"
www.nspw.org:80 69.162.124.227 - - [29/Apr/2018:06:26:21 -0400] "HEAD / HTTP/1.1" 302 188 "http://nspw.org/" "Mozilla/5.0+(compatible; UptimeRobot/2.0; http://www.uptimerobot.com/)"
www.nspw.org:80 66.249.73.78 - - [29/Apr/2018:06:26:36 -0400] "GET /papers/2005/nspw2005-mcdermott.pdf HTTP/1.1" 302 597 "-" "Mozilla/5.0 (compatible; Googlebot/2.1; +http://www.google.com/bot.html)"
www.nspw.org:80 204.79.180.3 - - [29/Apr/2018:06:29:26 -0400] "GET /papers/2007/nspw2007-somayaji.pdf HTTP/1.1" 302 595 "-" "Mozilla/5.0 (compatible; MSIE 9.0; Windows NT 6.1; Trident/5.0;  Trident/5.0)"
www.nspw.org:80 66.249.73.82 - - [29/Apr/2018:06:30:10 -0400] "GET /papers/2013/nspw2013-peisert.pdf HTTP/1.1" 302 593 "-" "Mozilla/5.0 (compatible; Googlebot/2.1; +http://www.google.com/bot.html)"
www.nspw.org:80 94.103.232.82 - - [29/Apr/2018:06:30:48 -0400] "GET /papers/1993/nspw1993-shockley.pdf HTTP/1.1" 302 595 "http://www.nspw.org/" "Mozilla/5.0 (X11; Linux x86_64; rv:52.0) Gecko/20100101 Firefox/52.0"
www.nspw.org:80 94.103.232.82 - - [29/Apr/2018:06:31:18 -0400] "GET / HTTP/1.1" 302 529 "http://www.nspw.org" "Mozilla/5.0 (X11; Linux x86_64; rv:52.0) Gecko/20100101 Firefox/52.0"
www.nspw.org:80 69.162.124.227 - - [29/Apr/2018:06:31:21 -0400] "HEAD / HTTP/1.1" 302 188 "http://nspw.org/" "Mozilla/5.0+(compatible; UptimeRobot/2.0; http://www.uptimerobot.com/)"
www.nspw.org:80 185.232.20.242 - - [29/Apr/2018:06:31:22 -0400] "GET /user/login HTTP/1.1" 302 489 "http://nspw.org/user/login" "Mozilla/5.0 (Windows NT 10.0; WOW64) AppleWebKit/537.36 (KHTML, like Gecko) Chrome/62.0.3198.0 Safari/537.36 OPR/49.0.2711.0"
www.nspw.org:80 185.232.20.242 - - [29/Apr/2018:06:31:22 -0400] "GET /user/login HTTP/1.1" 302 489 "http://nspw.org/user/login" "Mozilla/5.0 (Windows NT 10.0; WOW64) AppleWebKit/537.36 (KHTML, like Gecko) Chrome/62.0.3198.0 Safari/537.36 OPR/49.0.2711.0"
www.nspw.org:80 185.232.20.242 - - [29/Apr/2018:06:31:22 -0400] "GET /user/login HTTP/1.1" 302 489 "http://nspw.org/user/login" "Mozilla/5.0 (Windows NT 10.0; WOW64) AppleWebKit/537.36 (KHTML, like Gecko) Chrome/62.0.3198.0 Safari/537.36 OPR/49.0.2711.0"
www.nspw.org:80 66.249.73.82 - - [29/Apr/2018:06:32:32 -0400] "GET /papers/1996/nspw1996-zurko.pdf HTTP/1.1" 302 589 "-" "Mozilla/5.0 (compatible; Googlebot/2.1; +http://www.google.com/bot.html)"
www.nspw.org:80 66.249.73.78 - - [29/Apr/2018:06:33:44 -0400] "GET /papers/2004/nspw2004-haldar.pdf HTTP/1.1" 302 591 "-" "Mozilla/5.0 (compatible; Googlebot/2.1; +http://www.google.com/bot.html)"
www.nspw.org:80 66.249.73.78 - - [29/Apr/2018:06:34:55 -0400] "GET /papers/2005/nspw2005-frontmatter.pdf HTTP/1.1" 302 601 "-" "Mozilla/5.0 (compatible; Googlebot/2.1; +http://www.google.com/bot.html)"
www.nspw.org:80 66.249.73.78 - - [29/Apr/2018:06:36:06 -0400] "GET /papers/2008/nspw2008-crandall.pdf HTTP/1.1" 302 595 "-" "Mozilla/5.0 (compatible; Googlebot/2.1; +http://www.google.com/bot.html)"
www.nspw.org:80 69.162.124.227 - - [29/Apr/2018:06:36:21 -0400] "HEAD / HTTP/1.1" 302 188 "http://nspw.org/" "Mozilla/5.0+(compatible; UptimeRobot/2.0; http://www.uptimerobot.com/)"
www.nspw.org:80 54.163.145.168 - - [29/Apr/2018:06:36:58 -0400] "GET /robots.txt HTTP/1.1" 302 489 "-" "Googlebot (gocrawl v0.4)"
www.nspw.org:80 54.163.145.168 - - [29/Apr/2018:06:37:15 -0400] "GET / HTTP/1.1" 302 473 "-" "Mozilla/5.0 (Windows NT 6.1; rv:15.0) Gecko/20120716 Firefox/15.0a2"
www.nspw.org:80 66.249.73.80 - - [29/Apr/2018:06:37:18 -0400] "GET /papers/2003/nspw2003-eustice.pdf HTTP/1.1" 302 593 "-" "Mozilla/5.0 (compatible; Googlebot/2.1; +http://www.google.com/bot.html)"
www.nspw.org:80 36.110.211.41 - - [29/Apr/2018:06:37:50 -0400] "GET / HTTP/1.1" 302 529 "http://www.so.com/" "Mozilla/5.0 (Windows NT 6.2; rv:30.0) Gecko/20150101 Firefox/32.0 360Spider 360Spider"
www.nspw.org:80 ::1 - - [29/Apr/2018:06:37:59 -0400] "OPTIONS * HTTP/1.0" 200 126 "-" "Apache/2.4.29 (Ubuntu) OpenSSL/1.1.0g (internal dummy connection)"
www.nspw.org:80 199.16.157.181 - - [29/Apr/2018:06:38:23 -0400] "GET /robots.txt HTTP/1.1" 302 489 "-" "Twitterbot/1.0"
www.nspw.org:80 199.16.157.181 - - [29/Apr/2018:06:38:23 -0400] "GET /2018/cfp HTTP/1.1" 302 485 "-" "Twitterbot/1.0"
www.nspw.org:80 66.249.73.78 - - [29/Apr/2018:06:38:29 -0400] "GET /papers/2005/nspw2005-littlewood.pdf HTTP/1.1" 302 599 "-" "Mozilla/5.0 (compatible; Googlebot/2.1; +http://www.google.com/bot.html)"
www.nspw.org:80 5.155.86.149 - - [29/Apr/2018:06:39:18 -0400] "GET /wp-login.php HTTP/1.1" 302 497 "-" "Mozilla/5.0 (Windows NT 6.1; WOW64; rv:40.0) Gecko/20100101 Firefox/40.1"
www.nspw.org:80 5.155.86.149 - - [29/Apr/2018:06:39:19 -0400] "GET / HTTP/1.1" 302 473 "-" "Mozilla/5.0 (Windows NT 6.1; WOW64; rv:40.0) Gecko/20100101 Firefox/40.1"
www.nspw.org:80 66.249.73.82 - - [29/Apr/2018:06:40:52 -0400] "GET /papers/1993/nspw1993-michael.pdf HTTP/1.1" 302 593 "-" "Mozilla/5.0 (compatible; Googlebot/2.1; +http://www.google.com/bot.html)"
www.nspw.org:80 69.162.124.227 - - [29/Apr/2018:06:41:21 -0400] "HEAD / HTTP/1.1" 302 188 "http://nspw.org/" "Mozilla/5.0+(compatible; UptimeRobot/2.0; http://www.uptimerobot.com/)"
www.nspw.org:80 66.249.73.78 - - [29/Apr/2018:06:43:14 -0400] "GET /papers/1994/nspw1994-nelson.pdf HTTP/1.1" 302 591 "-" "Mozilla/5.0 (compatible; Googlebot/2.1; +http://www.google.com/bot.html)"
www.nspw.org:80 66.249.73.80 - - [29/Apr/2018:06:44:25 -0400] "GET /papers/1993/nspw1993-lapadula.pdf HTTP/1.1" 302 595 "-" "Mozilla/5.0 (compatible; Googlebot/2.1; +http://www.google.com/bot.html)"
www.nspw.org:80 66.249.73.80 - - [29/Apr/2018:06:45:37 -0400] "GET /papers/1994/nspw1994-schneier.pdf HTTP/1.1" 302 595 "-" "Mozilla/5.0 (compatible; Googlebot/2.1; +http://www.google.com/bot.html)"
www.nspw.org:80 107.170.228.101 - - [29/Apr/2018:06:45:43 -0400] "GET / HTTP/1.1" 302 475 "-" "Mozilla/5.0 zgrab/0.x"
www.nspw.org:80 107.170.228.101 - - [29/Apr/2018:06:46:07 -0400] "GET / HTTP/1.1" 302 475 "-" "Mozilla/5.0 zgrab/0.x"
www.nspw.org:80 69.162.124.227 - - [29/Apr/2018:06:46:21 -0400] "HEAD / HTTP/1.1" 302 188 "http://nspw.org/" "Mozilla/5.0+(compatible; UptimeRobot/2.0; http://www.uptimerobot.com/)"
www.nspw.org:80 216.244.66.200 - - [29/Apr/2018:06:46:29 -0400] "GET /2005/cfp/?C=D;O=A HTTP/1.1" 302 507 "-" "Mozilla/5.0 (compatible; DotBot/1.1; http://www.opensiteexplorer.org/dotbot, help@moz.com)"
www.nspw.org:80 66.249.73.82 - - [29/Apr/2018:06:46:48 -0400] "GET /papers/2013/nspw2013-sundaramurthy.pdf HTTP/1.1" 302 605 "-" "Mozilla/5.0 (compatible; Googlebot/2.1; +http://www.google.com/bot.html)"
www.nspw.org:80 216.244.66.200 - - [29/Apr/2018:06:49:34 -0400] "GET /2005/?C=N;O=A HTTP/1.1" 302 499 "-" "Mozilla/5.0 (compatible; DotBot/1.1; http://www.opensiteexplorer.org/dotbot, help@moz.com)"
www.nspw.org:80 66.160.140.182 - - [29/Apr/2018:06:50:14 -0400] "GET /robots.txt HTTP/1.1" 302 549 "-" "The Knowledge AI"
www.nspw.org:80 100.43.91.123 - - [29/Apr/2018:06:50:18 -0400] "GET /papers/2010/nspw2010-raskin.pdf HTTP/1.1" 302 591 "-" "Mozilla/5.0 (compatible; YandexBot/3.0; +http://yandex.com/bots)"
www.nspw.org:80 66.249.73.80 - - [29/Apr/2018:06:50:22 -0400] "GET /papers/2008/nspw2008-mannan.pdf HTTP/1.1" 302 591 "-" "Mozilla/5.0 (compatible; Googlebot/2.1; +http://www.google.com/bot.html)"
www.nspw.org:80 66.160.140.182 - - [29/Apr/2018:06:50:30 -0400] "GET /2015 HTTP/1.1" 302 537 "-" "The Knowledge AI"
www.nspw.org:80 216.244.66.200 - - [29/Apr/2018:06:51:18 -0400] "GET /robots.txt HTTP/1.1" 302 493 "-" "Mozilla/5.0 (compatible; DotBot/1.1; http://www.opensiteexplorer.org/dotbot, help@moz.com)"
www.nspw.org:80 69.162.124.227 - - [29/Apr/2018:06:51:21 -0400] "HEAD / HTTP/1.1" 302 188 "http://nspw.org/" "Mozilla/5.0+(compatible; UptimeRobot/2.0; http://www.uptimerobot.com/)"
www.nspw.org:80 66.249.73.82 - - [29/Apr/2018:06:51:33 -0400] "GET /papers/1994/nspw1994-ovchinnikov.pdf HTTP/1.1" 302 601 "-" "Mozilla/5.0 (compatible; Googlebot/2.1; +http://www.google.com/bot.html)"
www.nspw.org:80 178.134.70.113 - - [29/Apr/2018:06:52:57 -0400] "GET /wp-login.php HTTP/1.1" 302 553 "-" "Mozilla/5.0 (Windows NT 6.1; WOW64; rv:40.0) Gecko/20100101 Firefox/40.1"
www.nspw.org:80 178.134.70.113 - - [29/Apr/2018:06:52:58 -0400] "GET / HTTP/1.1" 302 528 "-" "Mozilla/5.0 (Windows NT 6.1; WOW64; rv:40.0) Gecko/20100101 Firefox/40.1"
www.nspw.org:80 66.249.73.78 - - [29/Apr/2018:06:53:56 -0400] "GET /papers/1993/nspw1993-howe.pdf HTTP/1.1" 302 587 "-" "Mozilla/5.0 (compatible; Googlebot/2.1; +http://www.google.com/bot.html)"
www.nspw.org:80 66.249.73.82 - - [29/Apr/2018:06:56:18 -0400] "GET /papers/2009/nspw2009-probst.pdf HTTP/1.1" 302 591 "-" "Mozilla/5.0 (compatible; Googlebot/2.1; +http://www.google.com/bot.html)"
www.nspw.org:80 69.162.124.227 - - [29/Apr/2018:06:56:21 -0400] "HEAD / HTTP/1.1" 302 188 "http://nspw.org/" "Mozilla/5.0+(compatible; UptimeRobot/2.0; http://www.uptimerobot.com/)"
www.nspw.org:80 66.249.73.82 - - [29/Apr/2018:06:57:30 -0400] "GET /papers/2005/nspw2005-beznosov.pdf HTTP/1.1" 302 595 "-" "Mozilla/5.0 (compatible; Googlebot/2.1; +http://www.google.com/bot.html)"
www.nspw.org:80 54.36.149.90 - - [29/Apr/2018:06:58:06 -0400] "GET /papers/2004/?C=M;O=A HTTP/1.1" 302 513 "-" "Mozilla/5.0 (compatible; AhrefsBot/5.2; +http://ahrefs.com/robot/)"
www.nspw.org:80 66.249.73.80 - - [29/Apr/2018:06:59:52 -0400] "GET /papers/2009/nspw2009-verendel.pdf HTTP/1.1" 302 595 "-" "Mozilla/5.0 (compatible; Googlebot/2.1; +http://www.google.com/bot.html)"
www.nspw.org:80 66.249.73.78 - - [29/Apr/2018:07:00:31 -0400] "GET /2015/2015/organizers HTTP/1.1" 302 569 "-" "Mozilla/5.0 (compatible; Googlebot/2.1; +http://www.google.com/bot.html)"
www.nspw.org:80 66.249.73.82 - - [29/Apr/2018:07:01:03 -0400] "GET /2009/pc-gen.pl HTTP/1.1" 302 557 "-" "Mozilla/5.0 (compatible; Googlebot/2.1; +http://www.google.com/bot.html)"
www.nspw.org:80 69.162.124.227 - - [29/Apr/2018:07:01:21 -0400] "HEAD / HTTP/1.1" 302 188 "http://nspw.org/" "Mozilla/5.0+(compatible; UptimeRobot/2.0; http://www.uptimerobot.com/)"
www.nspw.org:80 89.39.121.57 - - [29/Apr/2018:07:01:27 -0400] "GET /wp-login.php HTTP/1.1" 302 553 "-" "Mozilla/5.0 (Windows NT 6.1; WOW64; rv:40.0) Gecko/20100101 Firefox/40.1"
www.nspw.org:80 197.89.234.80 - - [29/Apr/2018:07:01:28 -0400] "GET /wp-login.php HTTP/1.1" 302 553 "-" "Mozilla/5.0 (Windows NT 6.1; WOW64; rv:40.0) Gecko/20100101 Firefox/40.1"
www.nspw.org:80 89.39.121.57 - - [29/Apr/2018:07:01:29 -0400] "GET / HTTP/1.1" 302 528 "-" "Mozilla/5.0 (Windows NT 6.1; WOW64; rv:40.0) Gecko/20100101 Firefox/40.1"
www.nspw.org:80 197.89.234.80 - - [29/Apr/2018:07:01:32 -0400] "GET / HTTP/1.1" 302 528 "-" "Mozilla/5.0 (Windows NT 6.1; WOW64; rv:40.0) Gecko/20100101 Firefox/40.1"
www.nspw.org:80 66.249.73.82 - - [29/Apr/2018:07:02:15 -0400] "GET /papers/1999/nspw1999-olthoff-3.pdf HTTP/1.1" 302 597 "-" "Mozilla/5.0 (compatible; Googlebot/2.1; +http://www.google.com/bot.html)"
www.nspw.org:80 100.43.85.163 - - [29/Apr/2018:07:02:58 -0400] "GET /2009/ HTTP/1.1" 302 539 "-" "Mozilla/5.0 (compatible; YandexBot/3.0; +http://yandex.com/bots)"
www.nspw.org:80 88.112.92.30 - - [29/Apr/2018:07:03:21 -0400] "GET /wp-login.php HTTP/1.1" 302 553 "-" "Mozilla/5.0 (Windows NT 6.1; WOW64; rv:40.0) Gecko/20100101 Firefox/40.1"
www.nspw.org:80 88.112.92.30 - - [29/Apr/2018:07:03:22 -0400] "GET / HTTP/1.1" 302 528 "-" "Mozilla/5.0 (Windows NT 6.1; WOW64; rv:40.0) Gecko/20100101 Firefox/40.1"
www.nspw.org:80 66.249.73.80 - - [29/Apr/2018:07:03:26 -0400] "GET /papers/2008/nspw2008-shirley.pdf HTTP/1.1" 302 593 "-" "Mozilla/5.0 (compatible; Googlebot/2.1; +http://www.google.com/bot.html)"
www.nspw.org:80 66.249.73.80 - - [29/Apr/2018:07:04:37 -0400] "GET /papers/1999/nspw1999-henning.pdf HTTP/1.1" 302 593 "-" "Mozilla/5.0 (compatible; Googlebot/2.1; +http://www.google.com/bot.html)"
www.nspw.org:80 69.162.124.227 - - [29/Apr/2018:07:06:21 -0400] "HEAD / HTTP/1.1" 302 188 "http://nspw.org/" "Mozilla/5.0+(compatible; UptimeRobot/2.0; http://www.uptimerobot.com/)"
www.nspw.org:80 66.249.73.80 - - [29/Apr/2018:07:07:09 -0400] "GET /papers/2004/nspw2004-allwein.pdf HTTP/1.1" 302 593 "-" "Mozilla/5.0 (compatible; Googlebot/2.1; +http://www.google.com/bot.html)"
www.nspw.org:80 84.168.145.195 - - [29/Apr/2018:07:07:32 -0400] "GET /wp-login.php HTTP/1.1" 302 553 "-" "Mozilla/5.0 (Windows NT 6.1; WOW64; rv:40.0) Gecko/20100101 Firefox/40.1"
www.nspw.org:80 84.168.145.195 - - [29/Apr/2018:07:07:34 -0400] "GET / HTTP/1.1" 302 528 "-" "Mozilla/5.0 (Windows NT 6.1; WOW64; rv:40.0) Gecko/20100101 Firefox/40.1"
www.nspw.org:80 49.149.50.119 - - [29/Apr/2018:07:07:58 -0400] "GET /wp-login.php HTTP/1.1" 302 553 "-" "Mozilla/5.0 (Windows NT 6.1; WOW64; rv:40.0) Gecko/20100101 Firefox/40.1"
www.nspw.org:80 36.110.211.42 - - [29/Apr/2018:07:08:00 -0400] "GET / HTTP/1.1" 302 473 "http://www.so.com" "Mozilla/5.0 (Windows NT 6.2; rv:30.0) Gecko/20150101 Firefox/32.0 360Spider 360Spider"
www.nspw.org:80 49.149.50.119 - - [29/Apr/2018:07:08:01 -0400] "GET / HTTP/1.1" 302 528 "-" "Mozilla/5.0 (Windows NT 6.1; WOW64; rv:40.0) Gecko/20100101 Firefox/40.1"
www.nspw.org:80 66.249.73.82 - - [29/Apr/2018:07:08:11 -0400] "GET /papers/2010/nspw2010-moore.pdf HTTP/1.1" 302 589 "-" "Mozilla/5.0 (compatible; Googlebot/2.1; +http://www.google.com/bot.html)"
www.nspw.org:80 66.249.73.80 - - [29/Apr/2018:07:09:22 -0400] "GET /papers/1999/nspw1999-schneider.pdf HTTP/1.1" 302 597 "-" "Mozilla/5.0 (compatible; Googlebot/2.1; +http://www.google.com/bot.html)"
www.nspw.org:80 141.212.122.144 - - [29/Apr/2018:07:10:26 -0400] "GET /x HTTP/1.1" 400 0 "-" "Telesphoreo"
www.nspw.org:80 66.249.73.78 - - [29/Apr/2018:07:10:38 -0400] "GET /2005/cfp/latex/talk.ps HTTP/1.1" 302 573 "-" "Mozilla/5.0 (compatible; Googlebot/2.1; +http://www.google.com/bot.html)"
www.nspw.org:80 69.162.124.227 - - [29/Apr/2018:07:11:21 -0400] "HEAD / HTTP/1.1" 302 188 "http://nspw.org/" "Mozilla/5.0+(compatible; UptimeRobot/2.0; http://www.uptimerobot.com/)"
www.nspw.org:80 66.249.73.82 - - [29/Apr/2018:07:11:45 -0400] "GET /papers/2002/nspw2002-marceau.pdf HTTP/1.1" 302 593 "-" "Mozilla/5.0 (compatible; Googlebot/2.1; +http://www.google.com/bot.html)"
www.nspw.org:80 66.249.73.80 - - [29/Apr/2018:07:12:56 -0400] "GET /papers/2000/nspw2000-bruschi.pdf HTTP/1.1" 302 593 "-" "Mozilla/5.0 (compatible; Googlebot/2.1; +http://www.google.com/bot.html)"
www.nspw.org:80 66.249.73.82 - - [29/Apr/2018:07:14:07 -0400] "GET /papers/1999/nspw1999-timmerman.pdf HTTP/1.1" 302 597 "-" "Mozilla/5.0 (compatible; Googlebot/2.1; +http://www.google.com/bot.html)"
www.nspw.org:80 121.7.63.22 - - [29/Apr/2018:07:14:48 -0400] "GET /papers/1999/nspw1999-henning.pdf HTTP/1.1" 302 593 "https://www.google.com.sg/" "Mozilla/5.0 (Macintosh; Intel Mac OS X 10_11_6) AppleWebKit/537.36 (KHTML, like Gecko) Chrome/66.0.3359.139 Safari/537.36"
www.nspw.org:80 69.162.124.227 - - [29/Apr/2018:07:16:21 -0400] "HEAD / HTTP/1.1" 302 188 "http://nspw.org/" "Mozilla/5.0+(compatible; UptimeRobot/2.0; http://www.uptimerobot.com/)"
www.nspw.org:80 66.249.73.82 - - [29/Apr/2018:07:16:30 -0400] "GET /papers/1993/nspw1993-hammonds.pdf HTTP/1.1" 302 595 "-" "Mozilla/5.0 (compatible; Googlebot/2.1; +http://www.google.com/bot.html)"
www.nspw.org:80 47.29.190.164 - - [29/Apr/2018:07:17:38 -0400] "GET /wp-login.php HTTP/1.1" 302 553 "-" "Mozilla/5.0 (Windows NT 6.1; WOW64; rv:40.0) Gecko/20100101 Firefox/40.1"
www.nspw.org:80 47.29.190.164 - - [29/Apr/2018:07:17:40 -0400] "GET / HTTP/1.1" 302 528 "-" "Mozilla/5.0 (Windows NT 6.1; WOW64; rv:40.0) Gecko/20100101 Firefox/40.1"
www.nspw.org:80 66.249.73.82 - - [29/Apr/2018:07:17:41 -0400] "GET /papers/2003/nspw2003-backes.pdf HTTP/1.1" 302 591 "-" "Mozilla/5.0 (compatible; Googlebot/2.1; +http://www.google.com/bot.html)"
www.nspw.org:80 185.161.168.144 - - [29/Apr/2018:07:18:22 -0400] "GET /wp-login.php HTTP/1.1" 302 553 "-" "Mozilla/5.0 (Windows NT 6.1; WOW64; rv:40.0) Gecko/20100101 Firefox/40.1"
www.nspw.org:80 185.161.168.144 - - [29/Apr/2018:07:18:22 -0400] "GET / HTTP/1.1" 302 528 "-" "Mozilla/5.0 (Windows NT 6.1; WOW64; rv:40.0) Gecko/20100101 Firefox/40.1"
www.nspw.org:80 199.16.157.183 - - [29/Apr/2018:07:18:49 -0400] "GET /2018/organizers HTTP/1.1" 302 499 "-" "Twitterbot/1.0"
www.nspw.org:80 199.16.157.180 - - [29/Apr/2018:07:18:49 -0400] "GET /2018/organizers HTTP/1.1" 302 499 "-" "Twitterbot/1.0"
www.nspw.org:80 199.16.157.180 - - [29/Apr/2018:07:18:49 -0400] "GET /2018/cfp HTTP/1.1" 302 485 "-" "Twitterbot/1.0"
www.nspw.org:80 66.249.73.78 - - [29/Apr/2018:07:21:15 -0400] "GET /papers/2005/nspw2005-schwarting.pdf HTTP/1.1" 302 599 "-" "Mozilla/5.0 (compatible; Googlebot/2.1; +http://www.google.com/bot.html)"
www.nspw.org:80 69.162.124.227 - - [29/Apr/2018:07:21:21 -0400] "HEAD / HTTP/1.1" 302 188 "http://nspw.org/" "Mozilla/5.0+(compatible; UptimeRobot/2.0; http://www.uptimerobot.com/)"
www.nspw.org:80 220.181.125.142 - - [29/Apr/2018:07:21:24 -0400] "GET /2009/proceedings/2006/nspw2006-bond.pdf HTTP/1.1" 302 570 "-" "Sogou web spider/4.0(+http://www.sogou.com/docs/help/webmasters.htm#07)"
www.nspw.org:80 220.181.125.142 - - [29/Apr/2018:07:21:24 -0400] "GET /robots.txt HTTP/1.1" 302 512 "-" "Sogou web spider/4.0(+http://www.sogou.com/docs/help/webmasters.htm#07)"
www.nspw.org:80 220.181.125.142 - - [29/Apr/2018:07:21:34 -0400] "GET /papers/1997/nspw1997-nelson.pdf HTTP/1.1" 302 554 "-" "Sogou web spider/4.0(+http://www.sogou.com/docs/help/webmasters.htm#07)"
www.nspw.org:80 220.181.125.142 - - [29/Apr/2018:07:21:44 -0400] "GET /cfp/nspw2011-cfp.pdf HTTP/1.1" 302 532 "-" "Sogou web spider/4.0(+http://www.sogou.com/docs/help/webmasters.htm#07)"
www.nspw.org:80 220.181.125.142 - - [29/Apr/2018:07:21:54 -0400] "GET /papers/2007/nspw2007-solworth.pdf HTTP/1.1" 302 558 "-" "Sogou web spider/4.0(+http://www.sogou.com/docs/help/webmasters.htm#07)"
www.nspw.org:80 106.71.12.56 - - [29/Apr/2018:07:22:01 -0400] "GET /wp-login.php HTTP/1.1" 302 553 "-" "Mozilla/5.0 (Windows NT 6.1; WOW64; rv:40.0) Gecko/20100101 Firefox/40.1"
www.nspw.org:80 106.71.12.56 - - [29/Apr/2018:07:22:02 -0400] "GET / HTTP/1.1" 302 528 "-" "Mozilla/5.0 (Windows NT 6.1; WOW64; rv:40.0) Gecko/20100101 Firefox/40.1"
www.nspw.org:80 220.181.125.142 - - [29/Apr/2018:07:22:04 -0400] "GET /papers/2001/nspw2001-taylor.pdf HTTP/1.1" 302 554 "-" "Sogou web spider/4.0(+http://www.sogou.com/docs/help/webmasters.htm#07)"
www.nspw.org:80 220.181.125.142 - - [29/Apr/2018:07:22:14 -0400] "GET /2006/cfp2006.pdf HTTP/1.1" 302 524 "-" "Sogou web spider/4.0(+http://www.sogou.com/docs/help/webmasters.htm#07)"
www.nspw.org:80 66.249.73.82 - - [29/Apr/2018:07:23:38 -0400] "GET /papers/1993/nspw1993-lin-2.pdf HTTP/1.1" 302 589 "-" "Mozilla/5.0 (compatible; Googlebot/2.1; +http://www.google.com/bot.html)"
www.nspw.org:80 66.249.73.80 - - [29/Apr/2018:07:24:49 -0400] "GET /papers/1993/nspw1993-smith.pdf HTTP/1.1" 302 589 "-" "Mozilla/5.0 (compatible; Googlebot/2.1; +http://www.google.com/bot.html)"
www.nspw.org:80 66.249.73.78 - - [29/Apr/2018:07:26:00 -0400] "GET /2004/cfp2004.txt HTTP/1.1" 302 561 "-" "Mozilla/5.0 (compatible; Googlebot/2.1; +http://www.google.com/bot.html)"
www.nspw.org:80 69.162.124.227 - - [29/Apr/2018:07:26:21 -0400] "HEAD / HTTP/1.1" 302 188 "http://nspw.org/" "Mozilla/5.0+(compatible; UptimeRobot/2.0; http://www.uptimerobot.com/)"
www.nspw.org:80 66.249.73.82 - - [29/Apr/2018:07:27:12 -0400] "GET /2009/stats.txt HTTP/1.1" 302 557 "-" "Mozilla/5.0 (compatible; Googlebot/2.1; +http://www.google.com/bot.html)"
www.nspw.org:80 129.78.110.124 - - [29/Apr/2018:07:28:50 -0400] "GET / HTTP/1.1" 302 488 "-" "-"
www.nspw.org:80 66.249.65.119 - - [29/Apr/2018:07:30:07 -0400] "GET /modules/system/system.menus.css?nhfa6e HTTP/1.1" 302 601 "http://nspw.org/2018" "Mozilla/5.0 (compatible; Googlebot/2.1; +http://www.google.com/bot.html)"
www.nspw.org:80 66.249.65.117 - - [29/Apr/2018:07:30:08 -0400] "GET /modules/system/system.theme.css?nhfa6e HTTP/1.1" 302 601 "http://nspw.org/2018" "Mozilla/5.0 (compatible; Googlebot/2.1; +http://www.google.com/bot.html)"
www.nspw.org:80 66.249.65.119 - - [29/Apr/2018:07:30:08 -0400] "GET /modules/node/node.css?nhfa6e HTTP/1.1" 302 580 "http://nspw.org/2018" "Mozilla/5.0 (compatible; Googlebot/2.1; +http://www.google.com/bot.html)"
www.nspw.org:80 66.249.65.119 - - [29/Apr/2018:07:30:09 -0400] "GET /modules/system/system.base.css?nhfa6e HTTP/1.1" 302 598 "http://nspw.org/2018" "Mozilla/5.0 (compatible; Googlebot/2.1; +http://www.google.com/bot.html)"
www.nspw.org:80 66.249.65.115 - - [29/Apr/2018:07:30:09 -0400] "GET /modules/comment/comment.css?nhfa6e HTTP/1.1" 302 593 "http://nspw.org/2018" "Mozilla/5.0 (compatible; Googlebot/2.1; +http://www.google.com/bot.html)"
www.nspw.org:80 66.249.65.119 - - [29/Apr/2018:07:30:10 -0400] "GET /themes/garland/print.css?nhfa6e HTTP/1.1" 302 586 "http://nspw.org/2018" "Mozilla/5.0 (compatible; Googlebot/2.1; +http://www.google.com/bot.html)"
www.nspw.org:80 66.249.65.117 - - [29/Apr/2018:07:30:10 -0400] "GET /modules/field/theme/field.css?nhfa6e HTTP/1.1" 302 596 "http://nspw.org/2018" "Mozilla/5.0 (compatible; Googlebot/2.1; +http://www.google.com/bot.html)"
www.nspw.org:80 66.249.65.115 - - [29/Apr/2018:07:30:10 -0400] "GET /modules/system/system.messages.css?nhfa6e HTTP/1.1" 302 606 "http://nspw.org/2018" "Mozilla/5.0 (compatible; Googlebot/2.1; +http://www.google.com/bot.html)"
www.nspw.org:80 66.249.65.117 - - [29/Apr/2018:07:30:11 -0400] "GET /themes/garland/style.css?nhfa6e HTTP/1.1" 302 586 "http://nspw.org/2018" "Mozilla/5.0 (compatible; Googlebot/2.1; +http://www.google.com/bot.html)"
www.nspw.org:80 66.249.65.117 - - [29/Apr/2018:07:30:13 -0400] "GET /modules/user/user.css?nhfa6e HTTP/1.1" 302 580 "http://nspw.org/2018" "Mozilla/5.0 (compatible; Googlebot/2.1; +http://www.google.com/bot.html)"
www.nspw.org:80 ::1 - - [29/Apr/2018:07:30:21 -0400] "OPTIONS * HTTP/1.0" 200 126 "-" "Apache/2.4.29 (Ubuntu) OpenSSL/1.1.0g (internal dummy connection)"
www.nspw.org:80 66.249.73.78 - - [29/Apr/2018:07:30:46 -0400] "GET /papers/1993/nspw1993-bailey.pdf HTTP/1.1" 302 591 "-" "Mozilla/5.0 (compatible; Googlebot/2.1; +http://www.google.com/bot.html)"
www.nspw.org:80 89.229.129.107 - - [29/Apr/2018:07:30:57 -0400] "GET /wp-login.php HTTP/1.1" 302 553 "-" "Mozilla/5.0 (Windows NT 6.1; WOW64; rv:40.0) Gecko/20100101 Firefox/40.1"
www.nspw.org:80 89.229.129.107 - - [29/Apr/2018:07:30:57 -0400] "GET / HTTP/1.1" 302 528 "-" "Mozilla/5.0 (Windows NT 6.1; WOW64; rv:40.0) Gecko/20100101 Firefox/40.1"
www.nspw.org:80 69.162.124.227 - - [29/Apr/2018:07:31:21 -0400] "HEAD / HTTP/1.1" 302 188 "http://nspw.org/" "Mozilla/5.0+(compatible; UptimeRobot/2.0; http://www.uptimerobot.com/)"
www.nspw.org:80 172.56.10.140 - - [29/Apr/2018:07:31:26 -0400] "GET /papers/2007/nspw2007-mannan.pdf HTTP/1.1" 302 591 "-" "Mozilla/5.0 (iPhone; CPU iPhone OS 11_2_5 like Mac OS X) AppleWebKit/604.5.6 (KHTML, like Gecko) Version/11.0 Mobile/15D60 Safari/604.1"
www.nspw.org:80 78.188.46.125 - - [29/Apr/2018:07:31:40 -0400] "GET /wp-login.php HTTP/1.1" 302 553 "-" "Mozilla/5.0 (Windows NT 6.1; WOW64; rv:40.0) Gecko/20100101 Firefox/40.1"
www.nspw.org:80 78.188.46.125 - - [29/Apr/2018:07:31:41 -0400] "GET / HTTP/1.1" 302 528 "-" "Mozilla/5.0 (Windows NT 6.1; WOW64; rv:40.0) Gecko/20100101 Firefox/40.1"
www.nspw.org:80 66.249.73.80 - - [29/Apr/2018:07:31:57 -0400] "GET /papers/2002/nspw2002-haldar.pdf HTTP/1.1" 302 591 "-" "Mozilla/5.0 (compatible; Googlebot/2.1; +http://www.google.com/bot.html)"
www.nspw.org:80 66.249.73.78 - - [29/Apr/2018:07:33:08 -0400] "GET /papers/1994/nspw1994-dobson.pdf HTTP/1.1" 302 591 "-" "Mozilla/5.0 (compatible; Googlebot/2.1; +http://www.google.com/bot.html)"
www.nspw.org:80 66.249.73.82 - - [29/Apr/2018:07:34:19 -0400] "GET /papers/2000/nspw2000-perrine.pdf HTTP/1.1" 302 593 "-" "Mozilla/5.0 (compatible; Googlebot/2.1; +http://www.google.com/bot.html)"
www.nspw.org:80 66.249.73.82 - - [29/Apr/2018:07:35:31 -0400] "GET /papers/2010/nspw2010-lilien.pdf HTTP/1.1" 302 591 "-" "Mozilla/5.0 (compatible; Googlebot/2.1; +http://www.google.com/bot.html)"
www.nspw.org:80 157.55.39.190 - - [29/Apr/2018:07:35:36 -0400] "GET /papers/1998/nspw1998-kahn.pdf HTTP/1.1" 302 587 "-" "Mozilla/5.0 (iPhone; CPU iPhone OS 7_0 like Mac OS X) AppleWebKit/537.51.1 (KHTML, like Gecko) Version/7.0 Mobile/11A465 Safari/9537.53 (compatible; bingbot/2.0; +http://www.bing.com/bingbot.htm)"
www.nspw.org:80 69.162.124.227 - - [29/Apr/2018:07:36:21 -0400] "HEAD / HTTP/1.1" 302 188 "http://nspw.org/" "Mozilla/5.0+(compatible; UptimeRobot/2.0; http://www.uptimerobot.com/)"
www.nspw.org:80 157.55.39.190 - - [29/Apr/2018:07:37:10 -0400] "GET /papers/2013/nspw2013-durmuth.pdf HTTP/1.1" 302 589 "-" "Mozilla/5.0 (iPhone; CPU iPhone OS 7_0 like Mac OS X) AppleWebKit/537.51.1 (KHTML, like Gecko) Version/7.0 Mobile/11A465 Safari/9537.53 (compatible; bingbot/2.0; +http://www.bing.com/bingbot.htm)"
www.nspw.org:80 36.110.211.107 - - [29/Apr/2018:07:37:33 -0400] "GET / HTTP/1.1" 302 473 "http://www.so.com" "Mozilla/5.0 (Windows NT 6.2; rv:30.0) Gecko/20150101 Firefox/32.0 360Spider 360Spider"
www.nspw.org:80 37.11.249.121 - - [29/Apr/2018:07:38:40 -0400] "GET /wp-login.php HTTP/1.1" 302 553 "-" "Mozilla/5.0 (Windows NT 6.1; WOW64; rv:40.0) Gecko/20100101 Firefox/40.1"
www.nspw.org:80 37.11.249.121 - - [29/Apr/2018:07:38:41 -0400] "GET / HTTP/1.1" 302 528 "-" "Mozilla/5.0 (Windows NT 6.1; WOW64; rv:40.0) Gecko/20100101 Firefox/40.1"
www.nspw.org:80 77.104.218.13 - - [29/Apr/2018:07:39:13 -0400] "GET /wp-login.php HTTP/1.1" 302 553 "-" "Mozilla/5.0 (Windows NT 6.1; WOW64; rv:40.0) Gecko/20100101 Firefox/40.1"
www.nspw.org:80 77.104.218.13 - - [29/Apr/2018:07:39:14 -0400] "GET / HTTP/1.1" 302 528 "-" "Mozilla/5.0 (Windows NT 6.1; WOW64; rv:40.0) Gecko/20100101 Firefox/40.1"
www.nspw.org:80 66.249.73.80 - - [29/Apr/2018:07:40:16 -0400] "GET /papers/2013/nspw2013-peisert.pdf HTTP/1.1" 302 593 "-" "Mozilla/5.0 (compatible; Googlebot/2.1; +http://www.google.com/bot.html)"
www.nspw.org:80 180.118.86.47 - - [29/Apr/2018:07:40:25 -0400] "-" 408 0 "-" "-"
www.nspw.org:80 69.162.124.227 - - [29/Apr/2018:07:41:21 -0400] "HEAD / HTTP/1.1" 302 188 "http://nspw.org/" "Mozilla/5.0+(compatible; UptimeRobot/2.0; http://www.uptimerobot.com/)"
www.nspw.org:80 66.249.73.80 - - [29/Apr/2018:07:42:38 -0400] "GET /papers/2007/nspw2007-kursawe.pdf HTTP/1.1" 302 593 "-" "Mozilla/5.0 (compatible; Googlebot/2.1; +http://www.google.com/bot.html)"
www.nspw.org:80 66.249.73.80 - - [29/Apr/2018:07:43:50 -0400] "GET /papers/1996/nspw1996-orman.pdf HTTP/1.1" 302 589 "-" "Mozilla/5.0 (compatible; Googlebot/2.1; +http://www.google.com/bot.html)"
www.nspw.org:80 66.249.73.82 - - [29/Apr/2018:07:45:01 -0400] "GET /papers/2000/nspw2000-mcdermott.pdf HTTP/1.1" 302 597 "-" "Mozilla/5.0 (compatible; Googlebot/2.1; +http://www.google.com/bot.html)"
www.nspw.org:80 66.249.73.78 - - [29/Apr/2018:07:46:12 -0400] "GET /papers/2007/nspw2007-somayaji.pdf HTTP/1.1" 302 595 "-" "Mozilla/5.0 (Linux; Android 6.0.1; Nexus 5X Build/MMB29P) AppleWebKit/537.36 (KHTML, like Gecko) Chrome/41.0.2272.96 Mobile Safari/537.36 (compatible; Googlebot/2.1; +http://www.google.com/bot.html)"
www.nspw.org:80 69.162.124.227 - - [29/Apr/2018:07:46:21 -0400] "HEAD / HTTP/1.1" 302 188 "http://nspw.org/" "Mozilla/5.0+(compatible; UptimeRobot/2.0; http://www.uptimerobot.com/)"
www.nspw.org:80 157.55.39.190 - - [29/Apr/2018:07:49:38 -0400] "GET /papers/1994/nspw1994-hamilton.pdf HTTP/1.1" 302 595 "-" "Mozilla/5.0 (iPhone; CPU iPhone OS 7_0 like Mac OS X) AppleWebKit/537.51.1 (KHTML, like Gecko) Version/7.0 Mobile/11A465 Safari/9537.53 (compatible; bingbot/2.0; +http://www.bing.com/bingbot.htm)"
www.nspw.org:80 66.249.73.82 - - [29/Apr/2018:07:49:46 -0400] "GET /papers/2008/nspw2008-julisch.pdf HTTP/1.1" 302 593 "-" "Mozilla/5.0 (compatible; Googlebot/2.1; +http://www.google.com/bot.html)"
www.nspw.org:80 69.162.124.227 - - [29/Apr/2018:07:51:21 -0400] "HEAD / HTTP/1.1" 302 188 "http://nspw.org/" "Mozilla/5.0+(compatible; UptimeRobot/2.0; http://www.uptimerobot.com/)"
www.nspw.org:80 66.249.73.82 - - [29/Apr/2018:07:51:30 -0400] "GET /papers/2003/nspw2003-duvarney.pdf HTTP/1.1" 302 595 "-" "Mozilla/5.0 (compatible; Googlebot/2.1; +http://www.google.com/bot.html)"
www.nspw.org:80 66.249.73.80 - - [29/Apr/2018:07:54:56 -0400] "GET /papers/2011/nspw2011-bishop.pdf HTTP/1.1" 302 591 "-" "Mozilla/5.0 (compatible; Googlebot/2.1; +http://www.google.com/bot.html)"
www.nspw.org:80 177.129.226.6 - - [29/Apr/2018:07:54:59 -0400] "GET /wp-login.php HTTP/1.1" 302 553 "-" "Mozilla/5.0 (Windows NT 6.1; WOW64; rv:40.0) Gecko/20100101 Firefox/40.1"
www.nspw.org:80 177.129.226.6 - - [29/Apr/2018:07:55:03 -0400] "GET / HTTP/1.1" 302 528 "-" "Mozilla/5.0 (Windows NT 6.1; WOW64; rv:40.0) Gecko/20100101 Firefox/40.1"
www.nspw.org:80 185.232.20.242 - - [29/Apr/2018:07:55:29 -0400] "GET /user/login HTTP/1.1" 302 489 "http://nspw.org/user/login" "Mozilla/5.0 (Windows NT 10.0; WOW64) AppleWebKit/537.36 (KHTML, like Gecko) Chrome/62.0.3198.0 Safari/537.36 OPR/49.0.2711.0"
www.nspw.org:80 185.232.20.242 - - [29/Apr/2018:07:55:29 -0400] "GET /user/login HTTP/1.1" 302 489 "http://nspw.org/user/login" "Mozilla/5.0 (Windows NT 10.0; WOW64) AppleWebKit/537.36 (KHTML, like Gecko) Chrome/62.0.3198.0 Safari/537.36 OPR/49.0.2711.0"
www.nspw.org:80 185.232.20.242 - - [29/Apr/2018:07:55:29 -0400] "GET /user/login HTTP/1.1" 302 489 "http://nspw.org/user/login" "Mozilla/5.0 (Windows NT 10.0; WOW64) AppleWebKit/537.36 (KHTML, like Gecko) Chrome/62.0.3198.0 Safari/537.36 OPR/49.0.2711.0"
www.nspw.org:80 69.162.124.227 - - [29/Apr/2018:07:56:21 -0400] "HEAD / HTTP/1.1" 302 188 "http://nspw.org/" "Mozilla/5.0+(compatible; UptimeRobot/2.0; http://www.uptimerobot.com/)"
www.nspw.org:80 207.241.231.118 - - [29/Apr/2018:07:57:27 -0400] "GET /robots.txt HTTP/1.0" 302 508 "-" "Mozilla/5.0 (compatible; archive.org_bot +http://www.archive.org/details/archive.org_bot)"
www.nspw.org:80 35.226.23.240 - - [29/Apr/2018:07:57:33 -0400] "GET /robots.txt HTTP/1.1" 302 512 "-" "ltx71 - (http://ltx71.com/)"
www.nspw.org:80 207.241.231.118 - - [29/Apr/2018:07:57:35 -0400] "GET /themes/garland/print.css?nhfa6e HTTP/1.0" 302 550 "http://nspw.org/" "Mozilla/5.0 (compatible; archive.org_bot +http://www.archive.org/details/archive.org_bot)"
www.nspw.org:80 195.168.241.155 - - [29/Apr/2018:07:58:00 -0400] "GET /wp-login.php HTTP/1.1" 302 553 "-" "Mozilla/5.0 (Windows NT 6.1; WOW64; rv:40.0) Gecko/20100101 Firefox/40.1"
www.nspw.org:80 195.168.241.155 - - [29/Apr/2018:07:58:02 -0400] "GET / HTTP/1.1" 302 528 "-" "Mozilla/5.0 (Windows NT 6.1; WOW64; rv:40.0) Gecko/20100101 Firefox/40.1"
www.nspw.org:80 113.190.244.106 - - [29/Apr/2018:07:58:13 -0400] "GET /papers/1999/nspw1999-henning.pdf HTTP/1.1" 302 593 "http://www.nspw.org/" "Mozilla/5.0 (X11; Linux x86_64) AppleWebKit/537.36 (KHTML, like Gecko) Chrome/63.0.3239.84 Safari/537.36"
www.nspw.org:80 35.226.23.240 - - [29/Apr/2018:07:58:37 -0400] "GET /proceedings/2007 HTTP/1.1" 302 524 "-" "ltx71 - (http://ltx71.com/)"
www.nspw.org:80 69.162.124.227 - - [29/Apr/2018:08:01:21 -0400] "HEAD / HTTP/1.1" 302 188 "http://nspw.org/" "Mozilla/5.0+(compatible; UptimeRobot/2.0; http://www.uptimerobot.com/)"
www.nspw.org:80 158.69.133.31 - - [29/Apr/2018:08:03:36 -0400] "POST /ps.php HTTP/1.1" 302 485 "-" "curl/7.47.0"
www.nspw.org:80 158.69.133.31 - - [29/Apr/2018:08:03:36 -0400] "POST /ps.php HTTP/1.1" 302 485 "-" "curl/7.47.0"
www.nspw.org:80 79.16.30.117 - - [29/Apr/2018:08:04:31 -0400] "GET /wp-login.php HTTP/1.1" 302 553 "-" "Mozilla/5.0 (Windows NT 6.1; WOW64; rv:40.0) Gecko/20100101 Firefox/40.1"
www.nspw.org:80 79.16.30.117 - - [29/Apr/2018:08:04:34 -0400] "GET / HTTP/1.1" 302 528 "-" "Mozilla/5.0 (Windows NT 6.1; WOW64; rv:40.0) Gecko/20100101 Firefox/40.1"
www.nspw.org:80 211.36.133.107 - - [29/Apr/2018:08:05:42 -0400] "GET /wp-login.php HTTP/1.1" 302 553 "-" "Mozilla/5.0 (Windows NT 6.1; WOW64; rv:40.0) Gecko/20100101 Firefox/40.1"
www.nspw.org:80 211.36.133.107 - - [29/Apr/2018:08:05:45 -0400] "GET / HTTP/1.1" 302 528 "-" "Mozilla/5.0 (Windows NT 6.1; WOW64; rv:40.0) Gecko/20100101 Firefox/40.1"
www.nspw.org:80 216.244.66.200 - - [29/Apr/2018:08:06:06 -0400] "GET /papers/2005/?C=S;O=D HTTP/1.1" 302 513 "-" "Mozilla/5.0 (compatible; DotBot/1.1; http://www.opensiteexplorer.org/dotbot, help@moz.com)"
www.nspw.org:80 69.162.124.227 - - [29/Apr/2018:08:06:21 -0400] "HEAD / HTTP/1.1" 302 188 "http://nspw.org/" "Mozilla/5.0+(compatible; UptimeRobot/2.0; http://www.uptimerobot.com/)"
www.nspw.org:80 36.110.211.41 - - [29/Apr/2018:08:07:15 -0400] "GET / HTTP/1.1" 302 529 "http://www.so.com/" "Mozilla/5.0 (Windows NT 6.2; rv:30.0) Gecko/20150101 Firefox/32.0 360Spider 360Spider"
www.nspw.org:80 ::1 - - [29/Apr/2018:08:07:25 -0400] "OPTIONS * HTTP/1.0" 200 126 "-" "Apache/2.4.29 (Ubuntu) OpenSSL/1.1.0g (internal dummy connection)"
www.nspw.org:80 216.244.66.200 - - [29/Apr/2018:08:10:03 -0400] "GET /2005/cfp/latex/?C=N;O=A HTTP/1.1" 302 519 "-" "Mozilla/5.0 (compatible; DotBot/1.1; http://www.opensiteexplorer.org/dotbot, help@moz.com)"
www.nspw.org:80 66.249.73.82 - - [29/Apr/2018:08:10:26 -0400] "GET /papers/2009/nspw2009-church.pdf HTTP/1.1" 302 591 "-" "Mozilla/5.0 (Linux; Android 6.0.1; Nexus 5X Build/MMB29P) AppleWebKit/537.36 (KHTML, like Gecko) Chrome/41.0.2272.96 Mobile Safari/537.36 (compatible; Googlebot/2.1; +http://www.google.com/bot.html)"
www.nspw.org:80 69.162.124.227 - - [29/Apr/2018:08:11:21 -0400] "HEAD / HTTP/1.1" 302 188 "http://nspw.org/" "Mozilla/5.0+(compatible; UptimeRobot/2.0; http://www.uptimerobot.com/)"
www.nspw.org:80 216.244.66.200 - - [29/Apr/2018:08:11:33 -0400] "GET /2009/proceedings/1999/?C=S;O=A HTTP/1.1" 302 533 "-" "Mozilla/5.0 (compatible; DotBot/1.1; http://www.opensiteexplorer.org/dotbot, help@moz.com)"
www.nspw.org:80 66.249.73.80 - - [29/Apr/2018:08:12:10 -0400] "GET /2009/proceedings/2009/nspw2009-church.pdf HTTP/1.1" 302 611 "-" "Mozilla/5.0 (compatible; Googlebot/2.1; +http://www.google.com/bot.html)"
www.nspw.org:80 216.244.66.200 - - [29/Apr/2018:08:12:13 -0400] "GET /2005/local.content HTTP/1.1" 302 509 "-" "Mozilla/5.0 (compatible; DotBot/1.1; http://www.opensiteexplorer.org/dotbot, help@moz.com)"
www.nspw.org:80 5.13.52.93 - - [29/Apr/2018:08:13:08 -0400] "GET /wp-login.php HTTP/1.1" 302 553 "-" "Mozilla/5.0 (Windows NT 6.1; WOW64; rv:40.0) Gecko/20100101 Firefox/40.1"
www.nspw.org:80 5.13.52.93 - - [29/Apr/2018:08:13:11 -0400] "GET / HTTP/1.1" 302 528 "-" "Mozilla/5.0 (Windows NT 6.1; WOW64; rv:40.0) Gecko/20100101 Firefox/40.1"
www.nspw.org:80 39.60.213.190 - - [29/Apr/2018:08:13:13 -0400] "GET /wp-login.php HTTP/1.1" 302 553 "-" "Mozilla/5.0 (Windows NT 6.1; WOW64; rv:40.0) Gecko/20100101 Firefox/40.1"
www.nspw.org:80 39.60.213.190 - - [29/Apr/2018:08:13:22 -0400] "GET / HTTP/1.1" 302 529 "-" "Mozilla/5.0 (Windows NT 6.1; WOW64; rv:40.0) Gecko/20100101 Firefox/40.1"
www.nspw.org:80 66.249.73.78 - - [29/Apr/2018:08:13:53 -0400] "GET /papers/1994/nspw1994-castano.pdf HTTP/1.1" 302 593 "-" "Mozilla/5.0 (Linux; Android 6.0.1; Nexus 5X Build/MMB29P) AppleWebKit/537.36 (KHTML, like Gecko) Chrome/41.0.2272.96 Mobile Safari/537.36 (compatible; Googlebot/2.1; +http://www.google.com/bot.html)"
www.nspw.org:80 5.255.250.133 - - [29/Apr/2018:08:15:01 -0400] "GET /papers/1994/nspw1994-lincoln.pdf HTTP/1.1" 302 593 "-" "Mozilla/5.0 (compatible; YandexBot/3.0; +http://yandex.com/bots)"
www.nspw.org:80 73.33.180.120 - - [29/Apr/2018:08:15:14 -0400] "GET /2009/proceedings/2000/nspw2000-mcdermott.pdf HTTP/1.1" 302 617 "https://scholar.google.com/" "Mozilla/5.0 (Windows NT 10.0; Win64; x64) AppleWebKit/537.36 (KHTML, like Gecko) Chrome/65.0.3325.181 Safari/537.36"
www.nspw.org:80 66.249.73.82 - - [29/Apr/2018:08:15:36 -0400] "GET /papers/2006/nspw2006-wang.pdf HTTP/1.1" 302 587 "-" "Mozilla/5.0 (compatible; Googlebot/2.1; +http://www.google.com/bot.html)"
www.nspw.org:80 73.33.180.120 - - [29/Apr/2018:08:16:06 -0400] "-" 408 0 "-" "-"
www.nspw.org:80 69.162.124.227 - - [29/Apr/2018:08:16:21 -0400] "HEAD / HTTP/1.1" 302 188 "http://nspw.org/" "Mozilla/5.0+(compatible; UptimeRobot/2.0; http://www.uptimerobot.com/)"
www.nspw.org:80 199.16.157.182 - - [29/Apr/2018:08:16:43 -0400] "GET /robots.txt HTTP/1.1" 302 489 "-" "Twitterbot/1.0"
www.nspw.org:80 199.16.157.182 - - [29/Apr/2018:08:16:43 -0400] "GET /2018/cfp HTTP/1.1" 302 485 "-" "Twitterbot/1.0"
www.nspw.org:80 66.249.73.82 - - [29/Apr/2018:08:17:20 -0400] "GET /2009/proceedings/2000/nspw2000-mcdermott.pdf HTTP/1.1" 302 617 "-" "Mozilla/5.0 (compatible; Googlebot/2.1; +http://www.google.com/bot.html)"
www.nspw.org:80 66.249.73.82 - - [29/Apr/2018:08:19:03 -0400] "GET /papers/1997/nspw1997-meadows.pdf HTTP/1.1" 302 593 "-" "Mozilla/5.0 (compatible; Googlebot/2.1; +http://www.google.com/bot.html)"
www.nspw.org:80 223.237.209.180 - - [29/Apr/2018:08:19:08 -0400] "GET /wp-login.php HTTP/1.1" 302 553 "-" "Mozilla/5.0 (Windows NT 6.1; WOW64; rv:40.0) Gecko/20100101 Firefox/40.1"
www.nspw.org:80 223.237.209.180 - - [29/Apr/2018:08:19:10 -0400] "GET / HTTP/1.1" 302 528 "-" "Mozilla/5.0 (Windows NT 6.1; WOW64; rv:40.0) Gecko/20100101 Firefox/40.1"
www.nspw.org:80 106.120.188.142 - - [29/Apr/2018:08:20:49 -0400] "GET /robots.txt HTTP/1.1" 302 512 "-" "Sogou web spider/4.0(+http://www.sogou.com/docs/help/webmasters.htm#07)"
www.nspw.org:80 203.90.94.25 - - [29/Apr/2018:08:20:56 -0400] "GET /wp-login.php HTTP/1.1" 302 553 "-" "Mozilla/5.0 (Windows NT 6.1; WOW64; rv:40.0) Gecko/20100101 Firefox/40.1"
www.nspw.org:80 203.90.94.25 - - [29/Apr/2018:08:20:58 -0400] "GET / HTTP/1.1" 302 528 "-" "Mozilla/5.0 (Windows NT 6.1; WOW64; rv:40.0) Gecko/20100101 Firefox/40.1"
www.nspw.org:80 69.162.124.227 - - [29/Apr/2018:08:21:21 -0400] "HEAD / HTTP/1.1" 302 188 "http://nspw.org/" "Mozilla/5.0+(compatible; UptimeRobot/2.0; http://www.uptimerobot.com/)"
www.nspw.org:80 216.244.66.236 - - [29/Apr/2018:08:21:42 -0400] "GET /robots.txt HTTP/1.1" 302 493 "-" "Mozilla/5.0 (compatible; DotBot/1.1; http://www.opensiteexplorer.org/dotbot, help@moz.com)"
www.nspw.org:80 89.101.121.132 - - [29/Apr/2018:08:22:07 -0400] "GET /papers/1997/nspw1997-meadows.pdf HTTP/1.1" 302 593 "https://www.google.ie/" "Mozilla/5.0 (Windows NT 10.0; Win64; x64) AppleWebKit/537.36 (KHTML, like Gecko) Chrome/66.0.3359.139 Safari/537.36"
www.nspw.org:80 66.249.73.80 - - [29/Apr/2018:08:22:30 -0400] "GET /papers/1993/nspw1993-hosmer.pdf HTTP/1.1" 302 591 "-" "Mozilla/5.0 (compatible; Googlebot/2.1; +http://www.google.com/bot.html)"
www.nspw.org:80 195.22.127.231 - - [29/Apr/2018:08:22:41 -0400] "GET /.git/HEAD HTTP/1.1" 302 549 "-" "Mozilla/5.0 (Windows NT 6.3; Win64; x64) AppleWebKit/537.36 (KHTML, like Gecko) Chrome/62.0.3202.94 Safari/537.36"
www.nspw.org:80 89.101.121.132 - - [29/Apr/2018:08:22:59 -0400] "-" 408 0 "-" "-"
www.nspw.org:80 89.101.121.132 - - [29/Apr/2018:08:22:59 -0400] "-" 408 0 "-" "-"
www.nspw.org:80 66.249.73.80 - - [29/Apr/2018:08:24:13 -0400] "GET /papers/1997/nspw1997-meadows.pdf HTTP/1.1" 302 593 "-" "Mozilla/5.0 (Linux; Android 6.0.1; Nexus 5X Build/MMB29P) AppleWebKit/537.36 (KHTML, like Gecko) Chrome/41.0.2272.96 Mobile Safari/537.36 (compatible; Googlebot/2.1; +http://www.google.com/bot.html)"
www.nspw.org:80 216.244.66.200 - - [29/Apr/2018:08:25:35 -0400] "GET /robots.txt HTTP/1.1" 302 493 "-" "Mozilla/5.0 (compatible; DotBot/1.1; http://www.opensiteexplorer.org/dotbot, help@moz.com)"
www.nspw.org:80 66.249.73.78 - - [29/Apr/2018:08:25:56 -0400] "GET /2009/proceedings/2001/nspw2001-brostoff.pdf HTTP/1.1" 302 615 "-" "Mozilla/5.0 (compatible; Googlebot/2.1; +http://www.google.com/bot.html)"
www.nspw.org:80 130.83.217.192 - - [29/Apr/2018:08:26:13 -0400] "GET /papers/1996/nspw1996-zurko.pdf HTTP/1.1" 302 589 "https://www.google.de/" "Mozilla/5.0 (X11; Linux x86_64) AppleWebKit/537.36 (KHTML, like Gecko) Ubuntu Chromium/65.0.3325.181 Chrome/65.0.3325.181 Safari/537.36"
www.nspw.org:80 69.162.124.227 - - [29/Apr/2018:08:26:21 -0400] "HEAD / HTTP/1.1" 302 188 "http://nspw.org/" "Mozilla/5.0+(compatible; UptimeRobot/2.0; http://www.uptimerobot.com/)"
www.nspw.org:80 66.249.73.80 - - [29/Apr/2018:08:27:40 -0400] "GET /papers/1996/nspw1996-zurko.pdf HTTP/1.1" 302 589 "-" "Mozilla/5.0 (Linux; Android 6.0.1; Nexus 5X Build/MMB29P) AppleWebKit/537.36 (KHTML, like Gecko) Chrome/41.0.2272.96 Mobile Safari/537.36 (compatible; Googlebot/2.1; +http://www.google.com/bot.html)"
www.nspw.org:80 182.65.127.187 - - [29/Apr/2018:08:29:22 -0400] "GET /wp-login.php HTTP/1.1" 302 553 "-" "Mozilla/5.0 (Windows NT 6.1; WOW64; rv:40.0) Gecko/20100101 Firefox/40.1"
www.nspw.org:80 182.65.127.187 - - [29/Apr/2018:08:29:26 -0400] "GET / HTTP/1.1" 302 528 "-" "Mozilla/5.0 (Windows NT 6.1; WOW64; rv:40.0) Gecko/20100101 Firefox/40.1"
www.nspw.org:80 178.255.215.92 - - [29/Apr/2018:08:30:11 -0400] "GET /robots.txt HTTP/1.1" 302 508 "-" "Mozilla/5.0 (compatible; Exabot/3.0; +http://www.exabot.com/go/robot)"
www.nspw.org:80 178.255.215.92 - - [29/Apr/2018:08:30:12 -0400] "GET /proceedings/2009 HTTP/1.1" 302 520 "-" "Mozilla/5.0 (compatible; Exabot/3.0; +http://www.exabot.com/go/robot)"
www.nspw.org:80 66.249.73.80 - - [29/Apr/2018:08:31:07 -0400] "GET /papers/2007/nspw2007-somayaji.pdf HTTP/1.1" 302 595 "-" "Mozilla/5.0 (compatible; Googlebot/2.1; +http://www.google.com/bot.html)"
www.nspw.org:80 69.162.124.227 - - [29/Apr/2018:08:31:21 -0400] "HEAD / HTTP/1.1" 302 188 "http://nspw.org/" "Mozilla/5.0+(compatible; UptimeRobot/2.0; http://www.uptimerobot.com/)"
www.nspw.org:80 92.53.44.243 - - [29/Apr/2018:08:32:39 -0400] "GET /wp-login.php HTTP/1.1" 302 553 "-" "Mozilla/5.0 (Windows NT 6.1; WOW64; rv:40.0) Gecko/20100101 Firefox/40.1"
www.nspw.org:80 92.53.44.243 - - [29/Apr/2018:08:32:39 -0400] "GET / HTTP/1.1" 302 528 "-" "Mozilla/5.0 (Windows NT 6.1; WOW64; rv:40.0) Gecko/20100101 Firefox/40.1"
www.nspw.org:80 66.249.73.78 - - [29/Apr/2018:08:32:50 -0400] "GET /papers/2003/nspw2003-alkassar.pdf HTTP/1.1" 302 595 "-" "Mozilla/5.0 (compatible; Googlebot/2.1; +http://www.google.com/bot.html)"
www.nspw.org:80 66.249.73.78 - - [29/Apr/2018:08:34:33 -0400] "GET /papers/2010/nspw2010-raskin.pdf HTTP/1.1" 302 591 "-" "Mozilla/5.0 (compatible; Googlebot/2.1; +http://www.google.com/bot.html)"
www.nspw.org:80 108.15.18.31 - - [29/Apr/2018:08:35:18 -0400] "GET /wp-login.php HTTP/1.1" 302 553 "-" "Mozilla/5.0 (Windows NT 6.1; WOW64; rv:40.0) Gecko/20100101 Firefox/40.1"
www.nspw.org:80 108.15.18.31 - - [29/Apr/2018:08:35:18 -0400] "GET / HTTP/1.1" 302 528 "-" "Mozilla/5.0 (Windows NT 6.1; WOW64; rv:40.0) Gecko/20100101 Firefox/40.1"
www.nspw.org:80 66.249.73.80 - - [29/Apr/2018:08:36:17 -0400] "GET /papers/1996/nspw1996-zurko.pdf HTTP/1.1" 302 589 "-" "Mozilla/5.0 (compatible; Googlebot/2.1; +http://www.google.com/bot.html)"
www.nspw.org:80 69.162.124.227 - - [29/Apr/2018:08:36:21 -0400] "HEAD / HTTP/1.1" 302 188 "http://nspw.org/" "Mozilla/5.0+(compatible; UptimeRobot/2.0; http://www.uptimerobot.com/)"
www.nspw.org:80 180.118.86.47 - - [29/Apr/2018:08:37:30 -0400] "-" 408 0 "-" "-"
www.nspw.org:80 111.206.59.133 - - [29/Apr/2018:08:37:44 -0400] "GET / HTTP/1.1" 302 529 "http://www.so.com/" "Mozilla/5.0 (Windows NT 6.2; rv:30.0) Gecko/20150101 Firefox/32.0 360Spider 360Spider"
www.nspw.org:80 ::1 - - [29/Apr/2018:08:37:55 -0400] "OPTIONS * HTTP/1.0" 200 126 "-" "Apache/2.4.29 (Ubuntu) OpenSSL/1.1.0g (internal dummy connection)"
www.nspw.org:80 66.249.73.80 - - [29/Apr/2018:08:38:00 -0400] "GET /papers/2001/nspw2001-blakley.pdf HTTP/1.1" 302 593 "-" "Mozilla/5.0 (compatible; Googlebot/2.1; +http://www.google.com/bot.html)"
www.nspw.org:80 111.206.52.98 - - [29/Apr/2018:08:38:05 -0400] "GET / HTTP/1.1" 302 473 "http://www.so.com" "Mozilla/5.0 (Windows NT 6.2; rv:30.0) Gecko/20150101 Firefox/32.0 360Spider 360Spider"
www.nspw.org:80 77.151.16.11 - - [29/Apr/2018:08:39:13 -0400] "GET /wp-login.php HTTP/1.1" 302 553 "-" "Mozilla/5.0 (Windows NT 6.1; WOW64; rv:40.0) Gecko/20100101 Firefox/40.1"
www.nspw.org:80 77.151.16.11 - - [29/Apr/2018:08:39:14 -0400] "GET / HTTP/1.1" 302 528 "-" "Mozilla/5.0 (Windows NT 6.1; WOW64; rv:40.0) Gecko/20100101 Firefox/40.1"
www.nspw.org:80 171.36.8.57 - - [29/Apr/2018:08:40:39 -0400] "GET /wp-login.php HTTP/1.1" 302 553 "-" "Mozilla/5.0 (Windows NT 6.1; WOW64; rv:40.0) Gecko/20100101 Firefox/40.1"
www.nspw.org:80 171.36.8.57 - - [29/Apr/2018:08:40:41 -0400] "GET / HTTP/1.1" 302 528 "-" "Mozilla/5.0 (Windows NT 6.1; WOW64; rv:40.0) Gecko/20100101 Firefox/40.1"
www.nspw.org:80 41.44.250.31 - - [29/Apr/2018:08:41:08 -0400] "GET /wp-login.php HTTP/1.1" 302 553 "-" "Mozilla/5.0 (Windows NT 6.1; WOW64; rv:40.0) Gecko/20100101 Firefox/40.1"
www.nspw.org:80 41.44.250.31 - - [29/Apr/2018:08:41:11 -0400] "GET / HTTP/1.1" 302 528 "-" "Mozilla/5.0 (Windows NT 6.1; WOW64; rv:40.0) Gecko/20100101 Firefox/40.1"
www.nspw.org:80 69.162.124.227 - - [29/Apr/2018:08:41:21 -0400] "HEAD / HTTP/1.1" 302 188 "http://nspw.org/" "Mozilla/5.0+(compatible; UptimeRobot/2.0; http://www.uptimerobot.com/)"
www.nspw.org:80 106.120.188.142 - - [29/Apr/2018:08:41:26 -0400] "GET / HTTP/1.1" 302 529 "-" "Mozilla/5.0 (Linux; Android 4.0; GT-I9300 Build/IMM76D) AppleWebKit/534.30 (KHTML, like Gecko) Chrome/59.0.3071.92"
www.nspw.org:80 ::1 - - [29/Apr/2018:08:41:38 -0400] "OPTIONS * HTTP/1.0" 200 126 "-" "Apache/2.4.29 (Ubuntu) OpenSSL/1.1.0g (internal dummy connection)"
www.nspw.org:80 ::1 - - [29/Apr/2018:08:41:39 -0400] "OPTIONS * HTTP/1.0" 200 126 "-" "Apache/2.4.29 (Ubuntu) OpenSSL/1.1.0g (internal dummy connection)"
www.nspw.org:80 157.55.39.190 - - [29/Apr/2018:08:42:05 -0400] "GET /papers/1993/nspw1993-rooker-2.pdf HTTP/1.1" 302 591 "-" "Mozilla/5.0 (iPhone; CPU iPhone OS 7_0 like Mac OS X) AppleWebKit/537.51.1 (KHTML, like Gecko) Version/7.0 Mobile/11A465 Safari/9537.53 (compatible; bingbot/2.0; +http://www.bing.com/bingbot.htm)"
www.nspw.org:80 37.26.41.245 - - [29/Apr/2018:08:42:38 -0400] "GET /wp-login.php HTTP/1.1" 302 553 "-" "Mozilla/5.0 (Windows NT 6.1; WOW64; rv:40.0) Gecko/20100101 Firefox/40.1"
www.nspw.org:80 37.26.41.245 - - [29/Apr/2018:08:42:39 -0400] "GET / HTTP/1.1" 302 528 "-" "Mozilla/5.0 (Windows NT 6.1; WOW64; rv:40.0) Gecko/20100101 Firefox/40.1"
www.nspw.org:80 183.171.74.218 - - [29/Apr/2018:08:42:40 -0400] "GET /wp-login.php HTTP/1.1" 302 553 "-" "Mozilla/5.0 (Windows NT 6.1; WOW64; rv:40.0) Gecko/20100101 Firefox/40.1"
www.nspw.org:80 183.171.74.218 - - [29/Apr/2018:08:42:44 -0400] "GET / HTTP/1.1" 302 528 "-" "Mozilla/5.0 (Windows NT 6.1; WOW64; rv:40.0) Gecko/20100101 Firefox/40.1"
www.nspw.org:80 66.249.73.78 - - [29/Apr/2018:08:43:10 -0400] "GET /2007/cfp/?C=D;O=D HTTP/1.1" 302 563 "-" "Mozilla/5.0 (compatible; Googlebot/2.1; +http://www.google.com/bot.html)"
www.nspw.org:80 40.77.167.108 - - [29/Apr/2018:08:44:51 -0400] "GET /2009/proceedings/2002/nspw2002-blakley.pdf HTTP/1.1" 302 613 "-" "Mozilla/5.0 (compatible; bingbot/2.0; +http://www.bing.com/bingbot.htm)"
www.nspw.org:80 39.50.183.244 - - [29/Apr/2018:08:45:43 -0400] "GET /wp-login.php HTTP/1.1" 302 553 "-" "Mozilla/5.0 (Windows NT 6.1; WOW64; rv:40.0) Gecko/20100101 Firefox/40.1"
www.nspw.org:80 39.50.183.244 - - [29/Apr/2018:08:45:45 -0400] "GET / HTTP/1.1" 302 528 "-" "Mozilla/5.0 (Windows NT 6.1; WOW64; rv:40.0) Gecko/20100101 Firefox/40.1"
www.nspw.org:80 157.55.39.190 - - [29/Apr/2018:08:46:17 -0400] "GET /papers/2000/nspw2000-atallah.pdf HTTP/1.1" 302 593 "-" "Mozilla/5.0 (compatible; bingbot/2.0; +http://www.bing.com/bingbot.htm)"
www.nspw.org:80 69.162.124.227 - - [29/Apr/2018:08:46:21 -0400] "HEAD / HTTP/1.1" 302 188 "http://nspw.org/" "Mozilla/5.0+(compatible; UptimeRobot/2.0; http://www.uptimerobot.com/)"
www.nspw.org:80 157.55.39.253 - - [29/Apr/2018:08:47:32 -0400] "GET /papers/1993/nspw1993-shockley.pdf HTTP/1.1" 302 595 "-" "Mozilla/5.0 (iPhone; CPU iPhone OS 7_0 like Mac OS X) AppleWebKit/537.51.1 (KHTML, like Gecko) Version/7.0 Mobile/11A465 Safari/9537.53 (compatible; bingbot/2.0; +http://www.bing.com/bingbot.htm)"
www.nspw.org:80 184.168.224.163 - - [29/Apr/2018:08:47:42 -0400] "GET /wp-admin/ HTTP/1.1" 302 506 "-" "-"
www.nspw.org:80 153.120.13.149 - - [29/Apr/2018:08:49:48 -0400] "HEAD /current/ HTTP/1.1" 302 233 "-" "Hatena Antenna/0.5 (http://a.hatena.ne.jp/help)"
www.nspw.org:80 153.120.13.149 - - [29/Apr/2018:08:49:51 -0400] "GET /current/ HTTP/1.1" 302 545 "-" "Hatena Antenna/0.5 (http://a.hatena.ne.jp/help)"
www.nspw.org:80 69.162.124.227 - - [29/Apr/2018:08:51:21 -0400] "HEAD / HTTP/1.1" 302 188 "http://nspw.org/" "Mozilla/5.0+(compatible; UptimeRobot/2.0; http://www.uptimerobot.com/)"
www.nspw.org:80 216.244.66.200 - - [29/Apr/2018:08:53:50 -0400] "GET /2006/panel.html HTTP/1.1" 302 503 "-" "Mozilla/5.0 (compatible; DotBot/1.1; http://www.opensiteexplorer.org/dotbot, help@moz.com)"
www.nspw.org:80 146.255.26.241 - - [29/Apr/2018:08:54:10 -0400] "GET /test/wp-admin/ HTTP/1.1" 302 516 "-" "-"
www.nspw.org:80 80.227.108.70 - - [29/Apr/2018:08:54:11 -0400] "GET /wp-login.php HTTP/1.1" 302 553 "-" "Mozilla/5.0 (Windows NT 6.1; WOW64; rv:40.0) Gecko/20100101 Firefox/40.1"
www.nspw.org:80 80.227.108.70 - - [29/Apr/2018:08:54:12 -0400] "GET / HTTP/1.1" 302 528 "-" "Mozilla/5.0 (Windows NT 6.1; WOW64; rv:40.0) Gecko/20100101 Firefox/40.1"
www.nspw.org:80 117.1.169.249 - - [29/Apr/2018:08:55:50 -0400] "GET / HTTP/1.1" 302 525 "-" "Mozilla/5.0 (Windows; U; Windows NT 5.1; en-US; rv:x.x.x) Gecko/20041107 Firefox/x.x"
www.nspw.org:80 ::1 - - [29/Apr/2018:08:56:04 -0400] "OPTIONS * HTTP/1.0" 200 126 "-" "Apache/2.4.29 (Ubuntu) OpenSSL/1.1.0g (internal dummy connection)"
www.nspw.org:80 ::1 - - [29/Apr/2018:08:56:05 -0400] "OPTIONS * HTTP/1.0" 200 126 "-" "Apache/2.4.29 (Ubuntu) OpenSSL/1.1.0g (internal dummy connection)"
