www.nspw.org:80 66.249.64.208 - - [05/May/2018:06:25:04 -0400] "GET /papers/2009/nspw2009-verendel.pdf HTTP/1.1" 302 595 "-" "Mozilla/5.0 (compatible; Googlebot/2.1; +http://www.google.com/bot.html)"
www.nspw.org:80 46.252.43.147 - - [05/May/2018:06:25:20 -0400] "GET /wp-login.php HTTP/1.1" 302 553 "-" "Mozilla/5.0 (Windows NT 6.1; WOW64; rv:40.0) Gecko/20100101 Firefox/40.1"
www.nspw.org:80 46.252.43.147 - - [05/May/2018:06:25:22 -0400] "GET / HTTP/1.1" 302 528 "-" "Mozilla/5.0 (Windows NT 6.1; WOW64; rv:40.0) Gecko/20100101 Firefox/40.1"
www.nspw.org:80 216.244.66.200 - - [05/May/2018:06:25:26 -0400] "GET /2002/dates.shtml HTTP/1.1" 302 505 "-" "Mozilla/5.0 (compatible; DotBot/1.1; http://www.opensiteexplorer.org/dotbot, help@moz.com)"
www.nspw.org:80 69.162.124.227 - - [05/May/2018:06:25:42 -0400] "HEAD / HTTP/1.1" 302 188 "http://nspw.org/" "Mozilla/5.0+(compatible; UptimeRobot/2.0; http://www.uptimerobot.com/)"
www.nspw.org:80 47.15.176.100 - - [05/May/2018:06:27:18 -0400] "GET /wp-login.php HTTP/1.1" 302 553 "-" "Mozilla/5.0 (Windows NT 6.1; WOW64; rv:40.0) Gecko/20100101 Firefox/40.1"
www.nspw.org:80 117.193.67.40 - - [05/May/2018:06:28:19 -0400] "GET /wp-login.php HTTP/1.1" 302 553 "-" "Mozilla/5.0 (Windows NT 6.1; WOW64; rv:40.0) Gecko/20100101 Firefox/40.1"
www.nspw.org:80 117.193.67.40 - - [05/May/2018:06:28:27 -0400] "GET / HTTP/1.1" 302 529 "-" "Mozilla/5.0 (Windows NT 6.1; WOW64; rv:40.0) Gecko/20100101 Firefox/40.1"
www.nspw.org:80 216.244.66.247 - - [05/May/2018:06:29:28 -0400] "GET /robots.txt HTTP/1.1" 302 493 "-" "Mozilla/5.0 (compatible; DotBot/1.1; http://www.opensiteexplorer.org/dotbot, help@moz.com)"
www.nspw.org:80 69.162.124.227 - - [05/May/2018:06:30:42 -0400] "HEAD / HTTP/1.1" 302 188 "http://nspw.org/" "Mozilla/5.0+(compatible; UptimeRobot/2.0; http://www.uptimerobot.com/)"
www.nspw.org:80 216.244.66.200 - - [05/May/2018:06:31:26 -0400] "GET /2011 HTTP/1.1" 302 481 "-" "Mozilla/5.0 (compatible; DotBot/1.1; http://www.opensiteexplorer.org/dotbot, help@moz.com)"
www.nspw.org:80 54.36.149.95 - - [05/May/2018:06:32:24 -0400] "GET /2006/?C=M;O=A HTTP/1.1" 302 499 "-" "Mozilla/5.0 (compatible; AhrefsBot/5.2; +http://ahrefs.com/robot/)"
www.nspw.org:80 40.77.167.13 - - [05/May/2018:06:32:35 -0400] "GET /papers/2007/nspw2007-mannan.pdf HTTP/1.1" 302 591 "-" "Mozilla/5.0 (iPhone; CPU iPhone OS 7_0 like Mac OS X) AppleWebKit/537.51.1 (KHTML, like Gecko) Version/7.0 Mobile/11A465 Safari/9537.53 (compatible; bingbot/2.0; +http://www.bing.com/bingbot.htm)"
www.nspw.org:80 159.224.92.95 - - [05/May/2018:06:32:40 -0400] "GET /wp-login.php HTTP/1.1" 302 553 "-" "Mozilla/5.0 (Windows NT 6.1; WOW64; rv:40.0) Gecko/20100101 Firefox/40.1"
www.nspw.org:80 159.224.92.95 - - [05/May/2018:06:32:41 -0400] "GET / HTTP/1.1" 302 528 "-" "Mozilla/5.0 (Windows NT 6.1; WOW64; rv:40.0) Gecko/20100101 Firefox/40.1"
www.nspw.org:80 54.36.149.77 - - [05/May/2018:06:34:58 -0400] "GET /2016/ HTTP/1.1" 302 483 "-" "Mozilla/5.0 (compatible; AhrefsBot/5.2; +http://ahrefs.com/robot/)"
www.nspw.org:80 40.77.167.13 - - [05/May/2018:06:35:22 -0400] "GET /papers/2009/nspw2009-gates.pdf HTTP/1.1" 302 589 "-" "Mozilla/5.0 (compatible; bingbot/2.0; +http://www.bing.com/bingbot.htm)"
www.nspw.org:80 69.162.124.227 - - [05/May/2018:06:35:42 -0400] "HEAD / HTTP/1.1" 302 188 "http://nspw.org/" "Mozilla/5.0+(compatible; UptimeRobot/2.0; http://www.uptimerobot.com/)"
www.nspw.org:80 43.254.163.136 - - [05/May/2018:06:35:44 -0400] "GET /wp-login.php HTTP/1.1" 302 553 "-" "Mozilla/5.0 (Windows NT 6.1; WOW64; rv:40.0) Gecko/20100101 Firefox/40.1"
www.nspw.org:80 43.254.163.136 - - [05/May/2018:06:35:48 -0400] "GET / HTTP/1.1" 302 528 "-" "Mozilla/5.0 (Windows NT 6.1; WOW64; rv:40.0) Gecko/20100101 Firefox/40.1"
www.nspw.org:80 66.249.64.206 - - [05/May/2018:06:38:24 -0400] "GET /papers/1993/nspw1993-slack.pdf HTTP/1.1" 302 589 "-" "Mozilla/5.0 (compatible; Googlebot/2.1; +http://www.google.com/bot.html)"
www.nspw.org:80 46.32.120.226 - - [05/May/2018:06:39:22 -0400] "GET /wp-login.php HTTP/1.1" 302 553 "-" "Mozilla/5.0 (Windows NT 6.1; WOW64; rv:40.0) Gecko/20100101 Firefox/40.1"
www.nspw.org:80 46.32.120.226 - - [05/May/2018:06:39:23 -0400] "GET / HTTP/1.1" 302 528 "-" "Mozilla/5.0 (Windows NT 6.1; WOW64; rv:40.0) Gecko/20100101 Firefox/40.1"
www.nspw.org:80 54.36.148.49 - - [05/May/2018:06:39:42 -0400] "GET /2009/proceedings/1996/?C=N;O=D HTTP/1.1" 302 533 "-" "Mozilla/5.0 (compatible; AhrefsBot/5.2; +http://ahrefs.com/robot/)"
www.nspw.org:80 69.162.124.227 - - [05/May/2018:06:40:42 -0400] "HEAD / HTTP/1.1" 302 188 "http://nspw.org/" "Mozilla/5.0+(compatible; UptimeRobot/2.0; http://www.uptimerobot.com/)"
www.nspw.org:80 185.212.171.186 - - [05/May/2018:06:41:34 -0400] "GET /user/login HTTP/1.1" 302 489 "http://nspw.org/user/login" "Mozilla/5.0 (Windows NT 10.0; WOW64) AppleWebKit/537.36 (KHTML, like Gecko) Chrome/62.0.3198.0 Safari/537.36 OPR/49.0.2711.0"
www.nspw.org:80 185.212.171.186 - - [05/May/2018:06:41:34 -0400] "GET /user/login HTTP/1.1" 302 489 "http://nspw.org/user/login" "Mozilla/5.0 (Windows NT 10.0; WOW64) AppleWebKit/537.36 (KHTML, like Gecko) Chrome/62.0.3198.0 Safari/537.36 OPR/49.0.2711.0"
www.nspw.org:80 185.212.171.186 - - [05/May/2018:06:41:34 -0400] "GET /user/login HTTP/1.1" 302 489 "http://nspw.org/user/login" "Mozilla/5.0 (Windows NT 10.0; WOW64) AppleWebKit/537.36 (KHTML, like Gecko) Chrome/62.0.3198.0 Safari/537.36 OPR/49.0.2711.0"
www.nspw.org:80 207.46.13.171 - - [05/May/2018:06:42:03 -0400] "GET /papers/2009/nspw2009-jakobsson.pdf HTTP/1.1" 302 597 "-" "Mozilla/5.0 (iPhone; CPU iPhone OS 7_0 like Mac OS X) AppleWebKit/537.51.1 (KHTML, like Gecko) Version/7.0 Mobile/11A465 Safari/9537.53 (compatible; bingbot/2.0; +http://www.bing.com/bingbot.htm)"
www.nspw.org:80 207.46.13.171 - - [05/May/2018:06:43:50 -0400] "GET /papers/2007/nspw2007-gay.pdf HTTP/1.1" 302 585 "-" "Mozilla/5.0 (iPhone; CPU iPhone OS 7_0 like Mac OS X) AppleWebKit/537.51.1 (KHTML, like Gecko) Version/7.0 Mobile/11A465 Safari/9537.53 (compatible; bingbot/2.0; +http://www.bing.com/bingbot.htm)"
www.nspw.org:80 54.36.148.195 - - [05/May/2018:06:44:51 -0400] "GET /2008/papers.content HTTP/1.1" 302 511 "-" "Mozilla/5.0 (compatible; AhrefsBot/5.2; +http://ahrefs.com/robot/)"
www.nspw.org:80 106.201.148.31 - - [05/May/2018:06:45:29 -0400] "GET /wp-login.php HTTP/1.1" 302 553 "-" "Mozilla/5.0 (Windows NT 6.1; WOW64; rv:40.0) Gecko/20100101 Firefox/40.1"
www.nspw.org:80 106.201.148.31 - - [05/May/2018:06:45:34 -0400] "GET / HTTP/1.1" 302 528 "-" "Mozilla/5.0 (Windows NT 6.1; WOW64; rv:40.0) Gecko/20100101 Firefox/40.1"
www.nspw.org:80 69.162.124.227 - - [05/May/2018:06:45:42 -0400] "HEAD / HTTP/1.1" 302 188 "http://nspw.org/" "Mozilla/5.0+(compatible; UptimeRobot/2.0; http://www.uptimerobot.com/)"
www.nspw.org:80 39.38.49.205 - - [05/May/2018:06:45:47 -0400] "GET /wp-login.php HTTP/1.1" 302 553 "-" "Mozilla/5.0 (Windows NT 6.1; WOW64; rv:40.0) Gecko/20100101 Firefox/40.1"
www.nspw.org:80 39.38.49.205 - - [05/May/2018:06:45:51 -0400] "GET / HTTP/1.1" 302 528 "-" "Mozilla/5.0 (Windows NT 6.1; WOW64; rv:40.0) Gecko/20100101 Firefox/40.1"
www.nspw.org:80 194.187.170.102 - - [05/May/2018:06:47:05 -0400] "GET /robots.txt HTTP/1.1" 302 508 "-" "Mozilla/5.0 (compatible; Qwantify/2.4w; +https://www.qwant.com/)/2.4w"
www.nspw.org:80 194.187.170.102 - - [05/May/2018:06:47:06 -0400] "GET /2017/program HTTP/1.1" 302 512 "-" "Mozilla/5.0 (compatible; Qwantify/2.4w; +https://www.qwant.com/)/2.4w"
www.nspw.org:80 54.70.40.11 - - [05/May/2018:06:47:09 -0400] "GET /2012 HTTP/1.1" 302 481 "-" "Mozilla/5.0 (compatible) SemanticScholarBot (+https://www.semanticscholar.org/crawler)"
www.nspw.org:80 194.187.170.102 - - [05/May/2018:06:47:17 -0400] "GET /robots.txt HTTP/1.1" 302 512 "-" "Mozilla/5.0 (compatible; Qwantify/2.4w; +https://www.qwant.com/)/2.4w"
www.nspw.org:80 194.187.170.102 - - [05/May/2018:06:47:18 -0400] "GET /papers/1996/?C=S;O=D HTTP/1.1" 302 532 "-" "Mozilla/5.0 (compatible; Qwantify/2.4w; +https://www.qwant.com/)/2.4w"
www.nspw.org:80 194.187.170.102 - - [05/May/2018:06:50:16 -0400] "GET /papers/1993/?C=N;O=D HTTP/1.1" 302 532 "-" "Mozilla/5.0 (compatible; Qwantify/2.4w; +https://www.qwant.com/)/2.4w"
www.nspw.org:80 69.162.124.227 - - [05/May/2018:06:50:42 -0400] "HEAD / HTTP/1.1" 302 188 "http://nspw.org/" "Mozilla/5.0+(compatible; UptimeRobot/2.0; http://www.uptimerobot.com/)"
www.nspw.org:80 66.249.64.206 - - [05/May/2018:06:51:44 -0400] "GET /papers/2011/nspw2011-bishop.pdf HTTP/1.1" 302 591 "-" "Mozilla/5.0 (compatible; Googlebot/2.1; +http://www.google.com/bot.html)"
www.nspw.org:80 54.36.149.70 - - [05/May/2018:06:52:04 -0400] "GET /dates.shtml HTTP/1.1" 302 495 "-" "Mozilla/5.0 (compatible; AhrefsBot/5.2; +http://ahrefs.com/robot/)"
www.nspw.org:80 185.15.170.92 - - [05/May/2018:06:52:55 -0400] "GET /wp-login.php HTTP/1.1" 302 553 "-" "Mozilla/5.0 (Windows NT 6.1; WOW64; rv:40.0) Gecko/20100101 Firefox/40.1"
www.nspw.org:80 185.15.170.92 - - [05/May/2018:06:52:58 -0400] "GET / HTTP/1.1" 302 528 "-" "Mozilla/5.0 (Windows NT 6.1; WOW64; rv:40.0) Gecko/20100101 Firefox/40.1"
www.nspw.org:80 223.104.131.170 - - [05/May/2018:06:53:14 -0400] "GET /favicon.ico HTTP/1.1" 302 551 "-" "Mozilla/5.0 (Windows NT 10.0; WOW64) AppleWebKit/537.36 (KHTML, like Gecko) Chrome/55.0.2883.87 Safari/537.36"
www.nspw.org:80 54.36.148.187 - - [05/May/2018:06:53:26 -0400] "GET /2007/pc.content.2006 HTTP/1.1" 302 513 "-" "Mozilla/5.0 (compatible; AhrefsBot/5.2; +http://ahrefs.com/robot/)"
www.nspw.org:80 69.162.124.227 - - [05/May/2018:06:55:42 -0400] "HEAD / HTTP/1.1" 302 188 "http://nspw.org/" "Mozilla/5.0+(compatible; UptimeRobot/2.0; http://www.uptimerobot.com/)"
www.nspw.org:80 216.244.66.200 - - [05/May/2018:06:56:35 -0400] "GET /proceedings/2011 HTTP/1.1" 302 505 "-" "Mozilla/5.0 (compatible; DotBot/1.1; http://www.opensiteexplorer.org/dotbot, help@moz.com)"
www.nspw.org:80 194.187.170.102 - - [05/May/2018:06:58:09 -0400] "GET /papers/2000/?C=D;O=D HTTP/1.1" 302 532 "-" "Mozilla/5.0 (compatible; Qwantify/2.4w; +https://www.qwant.com/)/2.4w"
www.nspw.org:80 35.226.23.240 - - [05/May/2018:06:58:30 -0400] "GET /robots.txt HTTP/1.1" 302 512 "-" "ltx71 - (http://ltx71.com/)"
www.nspw.org:80 207.46.13.171 - - [05/May/2018:06:58:33 -0400] "GET /2006/pre-proceedings/guttman.pdf HTTP/1.1" 302 589 "-" "Mozilla/5.0 (compatible; bingbot/2.0; +http://www.bing.com/bingbot.htm)"
www.nspw.org:80 194.187.170.102 - - [05/May/2018:06:59:02 -0400] "GET /papers/1998/?C=S;O=D HTTP/1.1" 302 532 "-" "Mozilla/5.0 (compatible; Qwantify/2.4w; +https://www.qwant.com/)/2.4w"
www.nspw.org:80 54.36.148.216 - - [05/May/2018:06:59:07 -0400] "GET /2002/oc.shtml HTTP/1.1" 302 499 "-" "Mozilla/5.0 (compatible; AhrefsBot/5.2; +http://ahrefs.com/robot/)"
www.nspw.org:80 194.187.170.102 - - [05/May/2018:07:00:17 -0400] "GET /papers/1997/?C=M;O=D HTTP/1.1" 302 532 "-" "Mozilla/5.0 (compatible; Qwantify/2.4w; +https://www.qwant.com/)/2.4w"
www.nspw.org:80 69.162.124.227 - - [05/May/2018:07:00:42 -0400] "HEAD / HTTP/1.1" 302 188 "http://nspw.org/" "Mozilla/5.0+(compatible; UptimeRobot/2.0; http://www.uptimerobot.com/)"
www.nspw.org:80 207.46.13.171 - - [05/May/2018:07:05:30 -0400] "GET /papers/2010/nspw2010-vancleeff.pdf HTTP/1.1" 302 597 "-" "Mozilla/5.0 (compatible; bingbot/2.0; +http://www.bing.com/bingbot.htm)"
www.nspw.org:80 69.162.124.227 - - [05/May/2018:07:05:42 -0400] "HEAD / HTTP/1.1" 302 188 "http://nspw.org/" "Mozilla/5.0+(compatible; UptimeRobot/2.0; http://www.uptimerobot.com/)"
www.nspw.org:80 185.143.222.2 - - [05/May/2018:07:07:37 -0400] "GET /user/login HTTP/1.1" 302 489 "http://NSPW.ORG/user/login" "Mozilla/5.0 (Windows NT 10.0; WOW64) AppleWebKit/537.36 (KHTML, like Gecko) Chrome/62.0.3198.0 Safari/537.36 OPR/49.0.2711.0"
www.nspw.org:80 185.143.222.2 - - [05/May/2018:07:07:37 -0400] "GET /user/login HTTP/1.1" 302 489 "http://NSPW.ORG/user/login" "Mozilla/5.0 (Windows NT 10.0; WOW64) AppleWebKit/537.36 (KHTML, like Gecko) Chrome/62.0.3198.0 Safari/537.36 OPR/49.0.2711.0"
www.nspw.org:80 185.143.222.2 - - [05/May/2018:07:07:37 -0400] "GET /user/login HTTP/1.1" 302 489 "http://NSPW.ORG/user/login" "Mozilla/5.0 (Windows NT 10.0; WOW64) AppleWebKit/537.36 (KHTML, like Gecko) Chrome/62.0.3198.0 Safari/537.36 OPR/49.0.2711.0"
www.nspw.org:80 40.77.167.13 - - [05/May/2018:07:08:40 -0400] "GET /papers/2008/nspw2008-herley.pdf HTTP/1.1" 302 591 "-" "Mozilla/5.0 (iPhone; CPU iPhone OS 7_0 like Mac OS X) AppleWebKit/537.51.1 (KHTML, like Gecko) Version/7.0 Mobile/11A465 Safari/9537.53 (compatible; bingbot/2.0; +http://www.bing.com/bingbot.htm)"
www.nspw.org:80 194.187.170.102 - - [05/May/2018:07:10:33 -0400] "GET /2003/hold/?C=D;O=D HTTP/1.1" 302 528 "-" "Mozilla/5.0 (compatible; Qwantify/2.4w; +https://www.qwant.com/)/2.4w"
www.nspw.org:80 69.162.124.227 - - [05/May/2018:07:10:42 -0400] "HEAD / HTTP/1.1" 302 188 "http://nspw.org/" "Mozilla/5.0+(compatible; UptimeRobot/2.0; http://www.uptimerobot.com/)"
www.nspw.org:80 40.77.167.13 - - [05/May/2018:07:10:49 -0400] "GET /papers/2000/nspw2000-mcdermott.pdf HTTP/1.1" 302 597 "-" "Mozilla/5.0 (iPhone; CPU iPhone OS 7_0 like Mac OS X) AppleWebKit/537.51.1 (KHTML, like Gecko) Version/7.0 Mobile/11A465 Safari/9537.53 (compatible; bingbot/2.0; +http://www.bing.com/bingbot.htm)"
www.nspw.org:80 52.34.86.253 - - [05/May/2018:07:11:50 -0400] "HEAD /current/ HTTP/1.1" 302 177 "-" "Mozilla/5.0 (Windows; U; Windows NT 6.2; es-US ) AppleWebKit/540.0 (KHTML like Gecko) Version/6.0 Safari/8900.00"
www.nspw.org:80 194.187.170.102 - - [05/May/2018:07:12:14 -0400] "GET /papers/1999/?C=M;O=D HTTP/1.1" 302 532 "-" "Mozilla/5.0 (compatible; Qwantify/2.4w; +https://www.qwant.com/)/2.4w"
www.nspw.org:80 216.244.66.200 - - [05/May/2018:07:13:48 -0400] "GET /papers/1993/?C=N;O=A HTTP/1.1" 302 513 "-" "Mozilla/5.0 (compatible; DotBot/1.1; http://www.opensiteexplorer.org/dotbot, help@moz.com)"
www.nspw.org:80 216.244.66.200 - - [05/May/2018:07:13:57 -0400] "GET /2009/proceedings/2008/?C=M;O=D HTTP/1.1" 302 533 "-" "Mozilla/5.0 (compatible; DotBot/1.1; http://www.opensiteexplorer.org/dotbot, help@moz.com)"
www.nspw.org:80 163.172.71.23 - - [05/May/2018:07:14:23 -0400] "GET /robots.txt HTTP/1.1" 302 549 "-" "Mozilla/5.0 ((Windows; U; Windows NT 6.1; fr; rv:1.9.2) Gecko/20100115 Firefox/3.6)"
www.nspw.org:80 163.172.71.23 - - [05/May/2018:07:14:23 -0400] "GET /2010 HTTP/1.1" 302 536 "-" "Mozilla/5.0 ((Windows; U; Windows NT 6.1; fr; rv:1.9.2) Gecko/20100115 Firefox/3.6)"
www.nspw.org:80 71.40.186.50 - - [05/May/2018:07:15:06 -0400] "GET /wp-login.php HTTP/1.1" 302 497 "-" "Mozilla/5.0 (Windows NT 6.1; WOW64; rv:40.0) Gecko/20100101 Firefox/40.1"
www.nspw.org:80 71.40.186.50 - - [05/May/2018:07:15:06 -0400] "GET / HTTP/1.1" 302 473 "-" "Mozilla/5.0 (Windows NT 6.1; WOW64; rv:40.0) Gecko/20100101 Firefox/40.1"
www.nspw.org:80 194.187.170.102 - - [05/May/2018:07:15:13 -0400] "GET /2017/accepted HTTP/1.1" 302 514 "-" "Mozilla/5.0 (compatible; Qwantify/2.4w; +https://www.qwant.com/)/2.4w"
www.nspw.org:80 216.244.66.200 - - [05/May/2018:07:15:29 -0400] "GET /2009/proceedings/?C=D;O=A HTTP/1.1" 302 523 "-" "Mozilla/5.0 (compatible; DotBot/1.1; http://www.opensiteexplorer.org/dotbot, help@moz.com)"
www.nspw.org:80 69.162.124.227 - - [05/May/2018:07:15:42 -0400] "HEAD / HTTP/1.1" 302 188 "http://nspw.org/" "Mozilla/5.0+(compatible; UptimeRobot/2.0; http://www.uptimerobot.com/)"
www.nspw.org:80 197.1.228.35 - - [05/May/2018:07:16:46 -0400] "GET /wp-login.php HTTP/1.1" 302 553 "-" "Mozilla/5.0 (Windows NT 6.1; WOW64; rv:40.0) Gecko/20100101 Firefox/40.1"
www.nspw.org:80 197.1.228.35 - - [05/May/2018:07:16:49 -0400] "GET / HTTP/1.1" 302 528 "-" "Mozilla/5.0 (Windows NT 6.1; WOW64; rv:40.0) Gecko/20100101 Firefox/40.1"
www.nspw.org:80 216.244.66.200 - - [05/May/2018:07:16:57 -0400] "GET /robots.txt HTTP/1.1" 302 493 "-" "Mozilla/5.0 (compatible; DotBot/1.1; http://www.opensiteexplorer.org/dotbot, help@moz.com)"
www.nspw.org:80 199.16.157.180 - - [05/May/2018:07:18:27 -0400] "GET /robots.txt HTTP/1.1" 302 489 "-" "Twitterbot/1.0"
www.nspw.org:80 199.16.157.180 - - [05/May/2018:07:18:28 -0400] "GET /2018/cfp HTTP/1.1" 302 485 "-" "Twitterbot/1.0"
www.nspw.org:80 43.243.123.239 - - [05/May/2018:07:18:32 -0400] "PROPFIND / HTTP/1.1" 302 489 "-" "-"
www.nspw.org:80 43.243.123.239 - - [05/May/2018:07:18:32 -0400] "PROPFIND / HTTP/1.1" 302 489 "-" "-"
www.nspw.org:80 43.243.123.239 - - [05/May/2018:07:18:32 -0400] "POST /wls-wsat/CoordinatorPortType HTTP/1.1" 302 550 "-" "Mozilla/5.0 (Windows NT 6.1; rv:5.0) Gecko/20100101 Firefox/5.0"
www.nspw.org:80 43.243.123.239 - - [05/May/2018:07:18:32 -0400] "POST /wls-wsat/CoordinatorPortType HTTP/1.1" 302 550 "-" "Mozilla/5.0 (Windows NT 6.1; rv:5.0) Gecko/20100101 Firefox/5.0"
www.nspw.org:80 43.243.123.239 - - [05/May/2018:07:18:48 -0400] "GET /index.php HTTP/1.1" 302 549 "-" "Mozilla/5.0"
www.nspw.org:80 43.243.123.239 - - [05/May/2018:07:18:48 -0400] "GET /index.php HTTP/1.1" 302 549 "-" "Mozilla/5.0"
www.nspw.org:80 43.243.123.239 - - [05/May/2018:07:18:48 -0400] "GET /phpmyadmin/index.php HTTP/1.1" 302 570 "-" "Mozilla/5.0"
www.nspw.org:80 43.243.123.239 - - [05/May/2018:07:18:48 -0400] "GET /phpmyadmin/index.php HTTP/1.1" 302 570 "-" "Mozilla/5.0"
www.nspw.org:80 43.243.123.239 - - [05/May/2018:07:18:48 -0400] "GET /phpMyAdmin/index.php HTTP/1.1" 302 570 "-" "Mozilla/5.0"
www.nspw.org:80 43.243.123.239 - - [05/May/2018:07:18:48 -0400] "GET /phpMyAdmin/index.php HTTP/1.1" 302 570 "-" "Mozilla/5.0"
www.nspw.org:80 43.243.123.239 - - [05/May/2018:07:18:48 -0400] "GET /pmd/index.php HTTP/1.1" 302 556 "-" "Mozilla/5.0"
www.nspw.org:80 43.243.123.239 - - [05/May/2018:07:18:48 -0400] "GET /pmd/index.php HTTP/1.1" 302 556 "-" "Mozilla/5.0"
www.nspw.org:80 43.243.123.239 - - [05/May/2018:07:18:48 -0400] "GET /pma/index.php HTTP/1.1" 302 556 "-" "Mozilla/5.0"
www.nspw.org:80 43.243.123.239 - - [05/May/2018:07:18:49 -0400] "GET /pma/index.php HTTP/1.1" 302 556 "-" "Mozilla/5.0"
www.nspw.org:80 43.243.123.239 - - [05/May/2018:07:18:49 -0400] "GET /PMA/index.php HTTP/1.1" 302 556 "-" "Mozilla/5.0"
www.nspw.org:80 43.243.123.239 - - [05/May/2018:07:18:49 -0400] "GET /PMA/index.php HTTP/1.1" 302 556 "-" "Mozilla/5.0"
www.nspw.org:80 43.243.123.239 - - [05/May/2018:07:18:49 -0400] "GET /PMA2/index.php HTTP/1.1" 302 558 "-" "Mozilla/5.0"
www.nspw.org:80 43.243.123.239 - - [05/May/2018:07:18:49 -0400] "GET /PMA2/index.php HTTP/1.1" 302 558 "-" "Mozilla/5.0"
www.nspw.org:80 43.243.123.239 - - [05/May/2018:07:18:49 -0400] "GET /pmamy/index.php HTTP/1.1" 302 560 "-" "Mozilla/5.0"
www.nspw.org:80 43.243.123.239 - - [05/May/2018:07:18:49 -0400] "GET /pmamy/index.php HTTP/1.1" 302 560 "-" "Mozilla/5.0"
www.nspw.org:80 43.243.123.239 - - [05/May/2018:07:18:49 -0400] "GET /pmamy2/index.php HTTP/1.1" 302 562 "-" "Mozilla/5.0"
www.nspw.org:80 43.243.123.239 - - [05/May/2018:07:18:50 -0400] "GET /pmamy2/index.php HTTP/1.1" 302 562 "-" "Mozilla/5.0"
www.nspw.org:80 43.243.123.239 - - [05/May/2018:07:18:50 -0400] "GET /mysql/index.php HTTP/1.1" 302 560 "-" "Mozilla/5.0"
www.nspw.org:80 43.243.123.239 - - [05/May/2018:07:18:50 -0400] "GET /mysql/index.php HTTP/1.1" 302 560 "-" "Mozilla/5.0"
www.nspw.org:80 43.243.123.239 - - [05/May/2018:07:18:50 -0400] "GET /admin/index.php HTTP/1.1" 302 560 "-" "Mozilla/5.0"
www.nspw.org:80 43.243.123.239 - - [05/May/2018:07:18:50 -0400] "GET /db/index.php HTTP/1.1" 302 554 "-" "Mozilla/5.0"
www.nspw.org:80 43.243.123.239 - - [05/May/2018:07:18:50 -0400] "GET /admin/index.php HTTP/1.1" 302 560 "-" "Mozilla/5.0"
www.nspw.org:80 43.243.123.239 - - [05/May/2018:07:18:50 -0400] "GET /dbadmin/index.php HTTP/1.1" 302 564 "-" "Mozilla/5.0"
www.nspw.org:80 43.243.123.239 - - [05/May/2018:07:18:50 -0400] "GET /db/index.php HTTP/1.1" 302 554 "-" "Mozilla/5.0"
www.nspw.org:80 43.243.123.239 - - [05/May/2018:07:18:50 -0400] "GET /web/phpMyAdmin/index.php HTTP/1.1" 302 578 "-" "Mozilla/5.0"
www.nspw.org:80 43.243.123.239 - - [05/May/2018:07:18:50 -0400] "GET /dbadmin/index.php HTTP/1.1" 302 564 "-" "Mozilla/5.0"
www.nspw.org:80 43.243.123.239 - - [05/May/2018:07:18:51 -0400] "GET /admin/pma/index.php HTTP/1.1" 302 568 "-" "Mozilla/5.0"
www.nspw.org:80 43.243.123.239 - - [05/May/2018:07:18:51 -0400] "GET /web/phpMyAdmin/index.php HTTP/1.1" 302 578 "-" "Mozilla/5.0"
www.nspw.org:80 43.243.123.239 - - [05/May/2018:07:18:51 -0400] "GET /admin/PMA/index.php HTTP/1.1" 302 568 "-" "Mozilla/5.0"
www.nspw.org:80 43.243.123.239 - - [05/May/2018:07:18:51 -0400] "GET /admin/pma/index.php HTTP/1.1" 302 568 "-" "Mozilla/5.0"
www.nspw.org:80 43.243.123.239 - - [05/May/2018:07:18:51 -0400] "GET /admin/mysql/index.php HTTP/1.1" 302 572 "-" "Mozilla/5.0"
www.nspw.org:80 43.243.123.239 - - [05/May/2018:07:18:51 -0400] "GET /admin/PMA/index.php HTTP/1.1" 302 568 "-" "Mozilla/5.0"
www.nspw.org:80 43.243.123.239 - - [05/May/2018:07:18:51 -0400] "GET /admin/mysql2/index.php HTTP/1.1" 302 574 "-" "Mozilla/5.0"
www.nspw.org:80 43.243.123.239 - - [05/May/2018:07:18:51 -0400] "GET /admin/mysql/index.php HTTP/1.1" 302 572 "-" "Mozilla/5.0"
www.nspw.org:80 43.243.123.239 - - [05/May/2018:07:18:51 -0400] "GET /admin/phpmyadmin/index.php HTTP/1.1" 302 582 "-" "Mozilla/5.0"
www.nspw.org:80 43.243.123.239 - - [05/May/2018:07:18:52 -0400] "GET /admin/mysql2/index.php HTTP/1.1" 302 574 "-" "Mozilla/5.0"
www.nspw.org:80 43.243.123.239 - - [05/May/2018:07:18:52 -0400] "GET /admin/phpMyAdmin/index.php HTTP/1.1" 302 582 "-" "Mozilla/5.0"
www.nspw.org:80 43.243.123.239 - - [05/May/2018:07:18:52 -0400] "GET /admin/phpmyadmin/index.php HTTP/1.1" 302 582 "-" "Mozilla/5.0"
www.nspw.org:80 43.243.123.239 - - [05/May/2018:07:18:52 -0400] "GET /admin/phpmyadmin2/index.php HTTP/1.1" 302 584 "-" "Mozilla/5.0"
www.nspw.org:80 43.243.123.239 - - [05/May/2018:07:18:52 -0400] "GET /admin/phpMyAdmin/index.php HTTP/1.1" 302 582 "-" "Mozilla/5.0"
www.nspw.org:80 43.243.123.239 - - [05/May/2018:07:18:52 -0400] "GET /mysqladmin/index.php HTTP/1.1" 302 570 "-" "Mozilla/5.0"
www.nspw.org:80 43.243.123.239 - - [05/May/2018:07:18:52 -0400] "GET /admin/phpmyadmin2/index.php HTTP/1.1" 302 584 "-" "Mozilla/5.0"
www.nspw.org:80 43.243.123.239 - - [05/May/2018:07:18:52 -0400] "GET /mysql-admin/index.php HTTP/1.1" 302 572 "-" "Mozilla/5.0"
www.nspw.org:80 43.243.123.239 - - [05/May/2018:07:18:53 -0400] "GET /mysqladmin/index.php HTTP/1.1" 302 570 "-" "Mozilla/5.0"
www.nspw.org:80 43.243.123.239 - - [05/May/2018:07:18:53 -0400] "GET /phpadmin/index.php HTTP/1.1" 302 566 "-" "Mozilla/5.0"
www.nspw.org:80 43.243.123.239 - - [05/May/2018:07:18:53 -0400] "GET /mysql-admin/index.php HTTP/1.1" 302 572 "-" "Mozilla/5.0"
www.nspw.org:80 43.243.123.239 - - [05/May/2018:07:18:53 -0400] "GET /phpmyadmin0/index.php HTTP/1.1" 302 572 "-" "Mozilla/5.0"
www.nspw.org:80 43.243.123.239 - - [05/May/2018:07:18:53 -0400] "GET /phpmyadmin1/index.php HTTP/1.1" 302 572 "-" "Mozilla/5.0"
www.nspw.org:80 43.243.123.239 - - [05/May/2018:07:18:53 -0400] "GET /phpadmin/index.php HTTP/1.1" 302 566 "-" "Mozilla/5.0"
www.nspw.org:80 43.243.123.239 - - [05/May/2018:07:18:53 -0400] "GET /phpmyadmin2/index.php HTTP/1.1" 302 572 "-" "Mozilla/5.0"
www.nspw.org:80 43.243.123.239 - - [05/May/2018:07:18:53 -0400] "GET /phpmyadmin0/index.php HTTP/1.1" 302 572 "-" "Mozilla/5.0"
www.nspw.org:80 43.243.123.239 - - [05/May/2018:07:18:53 -0400] "GET /myadmin/index.php HTTP/1.1" 302 564 "-" "Mozilla/5.0"
www.nspw.org:80 43.243.123.239 - - [05/May/2018:07:18:53 -0400] "GET /phpmyadmin1/index.php HTTP/1.1" 302 572 "-" "Mozilla/5.0"
www.nspw.org:80 43.243.123.239 - - [05/May/2018:07:18:54 -0400] "GET /myadmin2/index.php HTTP/1.1" 302 566 "-" "Mozilla/5.0"
www.nspw.org:80 43.243.123.239 - - [05/May/2018:07:18:54 -0400] "GET /phpmyadmin2/index.php HTTP/1.1" 302 572 "-" "Mozilla/5.0"
www.nspw.org:80 43.243.123.239 - - [05/May/2018:07:18:54 -0400] "GET /xampp/phpmyadmin/index.php HTTP/1.1" 302 582 "-" "Mozilla/5.0"
www.nspw.org:80 43.243.123.239 - - [05/May/2018:07:18:54 -0400] "GET /myadmin/index.php HTTP/1.1" 302 564 "-" "Mozilla/5.0"
www.nspw.org:80 43.243.123.239 - - [05/May/2018:07:18:54 -0400] "GET /phpMyadmin_bak/index.php HTTP/1.1" 302 578 "-" "Mozilla/5.0"
www.nspw.org:80 43.243.123.239 - - [05/May/2018:07:18:54 -0400] "GET /myadmin2/index.php HTTP/1.1" 302 566 "-" "Mozilla/5.0"
www.nspw.org:80 43.243.123.239 - - [05/May/2018:07:18:54 -0400] "GET /www/phpMyAdmin/index.php HTTP/1.1" 302 578 "-" "Mozilla/5.0"
www.nspw.org:80 43.243.123.239 - - [05/May/2018:07:18:54 -0400] "GET /xampp/phpmyadmin/index.php HTTP/1.1" 302 582 "-" "Mozilla/5.0"
www.nspw.org:80 43.243.123.239 - - [05/May/2018:07:18:55 -0400] "GET /tools/phpMyAdmin/index.php HTTP/1.1" 302 582 "-" "Mozilla/5.0"
www.nspw.org:80 43.243.123.239 - - [05/May/2018:07:18:55 -0400] "GET /phpMyadmin_bak/index.php HTTP/1.1" 302 578 "-" "Mozilla/5.0"
www.nspw.org:80 43.243.123.239 - - [05/May/2018:07:18:55 -0400] "GET /phpmyadmin-old/index.php HTTP/1.1" 302 578 "-" "Mozilla/5.0"
www.nspw.org:80 43.243.123.239 - - [05/May/2018:07:18:55 -0400] "GET /www/phpMyAdmin/index.php HTTP/1.1" 302 578 "-" "Mozilla/5.0"
www.nspw.org:80 43.243.123.239 - - [05/May/2018:07:18:55 -0400] "GET /phpMyAdminold/index.php HTTP/1.1" 302 576 "-" "Mozilla/5.0"
www.nspw.org:80 194.187.170.102 - - [05/May/2018:07:18:55 -0400] "GET /2008/oc.content.qq HTTP/1.1" 302 528 "-" "Mozilla/5.0 (compatible; Qwantify/2.4w; +https://www.qwant.com/)/2.4w"
www.nspw.org:80 43.243.123.239 - - [05/May/2018:07:18:55 -0400] "GET /tools/phpMyAdmin/index.php HTTP/1.1" 302 582 "-" "Mozilla/5.0"
www.nspw.org:80 43.243.123.239 - - [05/May/2018:07:18:55 -0400] "GET /pma-old/index.php HTTP/1.1" 302 564 "-" "Mozilla/5.0"
www.nspw.org:80 43.243.123.239 - - [05/May/2018:07:18:55 -0400] "GET /phpmyadmin-old/index.php HTTP/1.1" 302 578 "-" "Mozilla/5.0"
www.nspw.org:80 43.243.123.239 - - [05/May/2018:07:18:55 -0400] "GET /claroline/phpMyAdmin/index.php HTTP/1.1" 302 590 "-" "Mozilla/5.0"
www.nspw.org:80 43.243.123.239 - - [05/May/2018:07:18:56 -0400] "GET /phpMyAdminold/index.php HTTP/1.1" 302 576 "-" "Mozilla/5.0"
www.nspw.org:80 43.243.123.239 - - [05/May/2018:07:18:56 -0400] "GET /typo3/phpmyadmin/index.php HTTP/1.1" 302 582 "-" "Mozilla/5.0"
www.nspw.org:80 43.243.123.239 - - [05/May/2018:07:18:56 -0400] "GET /pma-old/index.php HTTP/1.1" 302 564 "-" "Mozilla/5.0"
www.nspw.org:80 43.243.123.239 - - [05/May/2018:07:18:56 -0400] "GET /phpma/index.php HTTP/1.1" 302 560 "-" "Mozilla/5.0"
www.nspw.org:80 43.243.123.239 - - [05/May/2018:07:18:57 -0400] "GET /claroline/phpMyAdmin/index.php HTTP/1.1" 302 590 "-" "Mozilla/5.0"
www.nspw.org:80 43.243.123.239 - - [05/May/2018:07:18:57 -0400] "GET /phpmyadmin/phpmyadmin/index.php HTTP/1.1" 302 592 "-" "Mozilla/5.0"
www.nspw.org:80 43.243.123.239 - - [05/May/2018:07:18:57 -0400] "GET /typo3/phpmyadmin/index.php HTTP/1.1" 302 582 "-" "Mozilla/5.0"
www.nspw.org:80 43.243.123.239 - - [05/May/2018:07:18:57 -0400] "GET /phpMyAdmin/phpMyAdmin/index.php HTTP/1.1" 302 592 "-" "Mozilla/5.0"
www.nspw.org:80 43.243.123.239 - - [05/May/2018:07:18:57 -0400] "GET /phpma/index.php HTTP/1.1" 302 560 "-" "Mozilla/5.0"
www.nspw.org:80 43.243.123.239 - - [05/May/2018:07:18:57 -0400] "GET /phpmyadmin/phpmyadmin/index.php HTTP/1.1" 302 592 "-" "Mozilla/5.0"
www.nspw.org:80 43.243.123.239 - - [05/May/2018:07:18:57 -0400] "GET /phpMyAdmin/phpMyAdmin/index.php HTTP/1.1" 302 592 "-" "Mozilla/5.0"
www.nspw.org:80 39.60.48.171 - - [05/May/2018:07:19:41 -0400] "GET /wp-login.php HTTP/1.1" 302 553 "-" "Mozilla/5.0 (Windows NT 6.1; WOW64; rv:40.0) Gecko/20100101 Firefox/40.1"
www.nspw.org:80 39.60.48.171 - - [05/May/2018:07:19:48 -0400] "GET / HTTP/1.1" 302 529 "-" "Mozilla/5.0 (Windows NT 6.1; WOW64; rv:40.0) Gecko/20100101 Firefox/40.1"
www.nspw.org:80 54.86.1.44 - - [05/May/2018:07:20:05 -0400] "GET / HTTP/1.1" 302 525 "-" "Apache-HttpClient/4.5.3 (Java/1.8.0_161)"
www.nspw.org:80 34.230.2.129 - - [05/May/2018:07:20:05 -0400] "GET /robots.txt HTTP/1.1" 302 545 "-" "Apache-HttpClient/4.5.3 (Java/1.8.0_161)"
www.nspw.org:80 69.162.124.227 - - [05/May/2018:07:20:42 -0400] "HEAD / HTTP/1.1" 302 188 "http://nspw.org/" "Mozilla/5.0+(compatible; UptimeRobot/2.0; http://www.uptimerobot.com/)"
www.nspw.org:80 40.77.167.13 - - [05/May/2018:07:20:50 -0400] "GET /papers/2006/nspw2006-wang.pdf HTTP/1.1" 302 587 "-" "Mozilla/5.0 (iPhone; CPU iPhone OS 7_0 like Mac OS X) AppleWebKit/537.51.1 (KHTML, like Gecko) Version/7.0 Mobile/11A465 Safari/9537.53 (compatible; bingbot/2.0; +http://www.bing.com/bingbot.htm)"
www.nspw.org:80 194.187.170.102 - - [05/May/2018:07:21:37 -0400] "GET /papers/2004/?C=D;O=D HTTP/1.1" 302 532 "-" "Mozilla/5.0 (compatible; Qwantify/2.4w; +https://www.qwant.com/)/2.4w"
www.nspw.org:80 194.187.170.102 - - [05/May/2018:07:23:49 -0400] "GET /papers/2009/?C=D;O=A HTTP/1.1" 302 532 "-" "Mozilla/5.0 (compatible; Qwantify/2.4w; +https://www.qwant.com/)/2.4w"
www.nspw.org:80 42.236.102.146 - - [05/May/2018:07:25:14 -0400] "GET /papers/2001/nspw2001-du.pdf HTTP/1.1" 302 583 "http://www.nspw.org/papers/2001/nspw2001-du.pdf" "Mozilla/5.0 (Windows NT 6.1; WOW64) AppleWebKit/537.36 (KHTML, like Gecko) Chrome/50.0.2661.102 Safari/537.36; 360Spider"
www.nspw.org:80 216.244.66.247 - - [05/May/2018:07:25:32 -0400] "GET /node/53 HTTP/1.1" 302 487 "-" "Mozilla/5.0 (compatible; DotBot/1.1; http://www.opensiteexplorer.org/dotbot, help@moz.com)"
www.nspw.org:80 69.162.124.227 - - [05/May/2018:07:25:42 -0400] "HEAD / HTTP/1.1" 302 188 "http://nspw.org/" "Mozilla/5.0+(compatible; UptimeRobot/2.0; http://www.uptimerobot.com/)"
www.nspw.org:80 194.187.170.102 - - [05/May/2018:07:26:01 -0400] "GET /2010/organizers HTTP/1.1" 302 522 "-" "Mozilla/5.0 (compatible; Qwantify/2.4w; +https://www.qwant.com/)/2.4w"
www.nspw.org:80 49.149.45.247 - - [05/May/2018:07:27:18 -0400] "GET /wp-login.php HTTP/1.1" 302 553 "-" "Mozilla/5.0 (Windows NT 6.1; WOW64; rv:40.0) Gecko/20100101 Firefox/40.1"
www.nspw.org:80 49.149.45.247 - - [05/May/2018:07:27:31 -0400] "GET / HTTP/1.1" 302 529 "-" "Mozilla/5.0 (Windows NT 6.1; WOW64; rv:40.0) Gecko/20100101 Firefox/40.1"
www.nspw.org:80 194.187.170.102 - - [05/May/2018:07:29:37 -0400] "GET /robots.txt HTTP/1.1" 302 512 "-" "Mozilla/5.0 (compatible; Qwantify/2.4w; +https://www.qwant.com/)/2.4w"
www.nspw.org:80 194.187.170.102 - - [05/May/2018:07:29:38 -0400] "GET /2017/dates HTTP/1.1" 302 512 "-" "Mozilla/5.0 (compatible; Qwantify/2.4w; +https://www.qwant.com/)/2.4w"
www.nspw.org:80 69.162.124.227 - - [05/May/2018:07:30:42 -0400] "HEAD / HTTP/1.1" 302 188 "http://nspw.org/" "Mozilla/5.0+(compatible; UptimeRobot/2.0; http://www.uptimerobot.com/)"
www.nspw.org:80 194.187.170.102 - - [05/May/2018:07:30:48 -0400] "GET /2010/submissions HTTP/1.1" 302 524 "-" "Mozilla/5.0 (compatible; Qwantify/2.4w; +https://www.qwant.com/)/2.4w"
www.nspw.org:80 157.55.39.195 - - [05/May/2018:07:31:26 -0400] "GET /papers/2003/nspw2003-mirkovic.pdf HTTP/1.1" 302 595 "-" "Mozilla/5.0 (iPhone; CPU iPhone OS 7_0 like Mac OS X) AppleWebKit/537.51.1 (KHTML, like Gecko) Version/7.0 Mobile/11A465 Safari/9537.53 (compatible; bingbot/2.0; +http://www.bing.com/bingbot.htm)"
www.nspw.org:80 216.244.66.247 - - [05/May/2018:07:31:39 -0400] "GET / HTTP/1.1" 302 473 "-" "Mozilla/5.0 (compatible; DotBot/1.1; http://www.opensiteexplorer.org/dotbot, help@moz.com)"
www.nspw.org:80 194.187.170.102 - - [05/May/2018:07:32:01 -0400] "GET /2008/cfp2008-old.pdf HTTP/1.1" 302 532 "-" "Mozilla/5.0 (compatible; Qwantify/2.4w; +https://www.qwant.com/)/2.4w"
www.nspw.org:80 216.244.66.247 - - [05/May/2018:07:34:59 -0400] "GET /robots.txt HTTP/1.1" 302 493 "-" "Mozilla/5.0 (compatible; DotBot/1.1; http://www.opensiteexplorer.org/dotbot, help@moz.com)"
www.nspw.org:80 69.162.124.227 - - [05/May/2018:07:35:12 -0400] "HEAD / HTTP/1.1" 302 188 "http://nspw.org/" "Mozilla/5.0+(compatible; UptimeRobot/2.0; http://www.uptimerobot.com/)"
www.nspw.org:80 216.244.66.247 - - [05/May/2018:07:36:34 -0400] "GET /2006/tmp/?C=S;O=D HTTP/1.1" 302 507 "-" "Mozilla/5.0 (compatible; DotBot/1.1; http://www.opensiteexplorer.org/dotbot, help@moz.com)"
www.nspw.org:80 194.187.170.102 - - [05/May/2018:07:39:28 -0400] "GET /papers/2001/?C=M;O=D HTTP/1.1" 302 532 "-" "Mozilla/5.0 (compatible; Qwantify/2.4w; +https://www.qwant.com/)/2.4w"
www.nspw.org:80 157.55.39.195 - - [05/May/2018:07:39:34 -0400] "GET /papers/1999/nspw1999-olthoff-3.pdf HTTP/1.1" 302 597 "-" "Mozilla/5.0 (iPhone; CPU iPhone OS 7_0 like Mac OS X) AppleWebKit/537.51.1 (KHTML, like Gecko) Version/7.0 Mobile/11A465 Safari/9537.53 (compatible; bingbot/2.0; +http://www.bing.com/bingbot.htm)"
www.nspw.org:80 69.162.124.227 - - [05/May/2018:07:40:12 -0400] "HEAD / HTTP/1.1" 302 188 "http://nspw.org/" "Mozilla/5.0+(compatible; UptimeRobot/2.0; http://www.uptimerobot.com/)"
www.nspw.org:80 40.77.167.13 - - [05/May/2018:07:41:07 -0400] "GET /papers/2009/nspw2009-gates.pdf HTTP/1.1" 302 589 "-" "Mozilla/5.0 (iPhone; CPU iPhone OS 7_0 like Mac OS X) AppleWebKit/537.51.1 (KHTML, like Gecko) Version/7.0 Mobile/11A465 Safari/9537.53 (compatible; bingbot/2.0; +http://www.bing.com/bingbot.htm)"
www.nspw.org:80 40.77.167.13 - - [05/May/2018:07:43:08 -0400] "GET /papers/2002/nspw2002-williams.pdf HTTP/1.1" 302 595 "-" "Mozilla/5.0 (iPhone; CPU iPhone OS 7_0 like Mac OS X) AppleWebKit/537.51.1 (KHTML, like Gecko) Version/7.0 Mobile/11A465 Safari/9537.53 (compatible; bingbot/2.0; +http://www.bing.com/bingbot.htm)"
www.nspw.org:80 216.244.66.247 - - [05/May/2018:07:44:04 -0400] "GET /2007/cfp/ HTTP/1.1" 302 491 "-" "Mozilla/5.0 (compatible; DotBot/1.1; http://www.opensiteexplorer.org/dotbot, help@moz.com)"
www.nspw.org:80 207.46.13.171 - - [05/May/2018:07:44:17 -0400] "GET /papers/2001/nspw2001-bruschi.pdf HTTP/1.1" 302 593 "-" "Mozilla/5.0 (iPhone; CPU iPhone OS 7_0 like Mac OS X) AppleWebKit/537.51.1 (KHTML, like Gecko) Version/7.0 Mobile/11A465 Safari/9537.53 (compatible; bingbot/2.0; +http://www.bing.com/bingbot.htm)"
www.nspw.org:80 54.36.148.140 - - [05/May/2018:07:44:54 -0400] "GET /papers/2000/?C=S;O=A HTTP/1.1" 302 513 "-" "Mozilla/5.0 (compatible; AhrefsBot/5.2; +http://ahrefs.com/robot/)"
www.nspw.org:80 40.77.167.13 - - [05/May/2018:07:45:03 -0400] "GET /papers/2005/nspw2005-maxion.pdf HTTP/1.1" 302 591 "-" "Mozilla/5.0 (iPhone; CPU iPhone OS 7_0 like Mac OS X) AppleWebKit/537.51.1 (KHTML, like Gecko) Version/7.0 Mobile/11A465 Safari/9537.53 (compatible; bingbot/2.0; +http://www.bing.com/bingbot.htm)"
www.nspw.org:80 194.187.170.102 - - [05/May/2018:07:45:08 -0400] "GET /2017/location HTTP/1.1" 302 514 "-" "Mozilla/5.0 (compatible; Qwantify/2.4w; +https://www.qwant.com/)/2.4w"
www.nspw.org:80 69.162.124.227 - - [05/May/2018:07:45:12 -0400] "HEAD / HTTP/1.1" 302 188 "http://nspw.org/" "Mozilla/5.0+(compatible; UptimeRobot/2.0; http://www.uptimerobot.com/)"
www.nspw.org:80 54.36.148.79 - - [05/May/2018:07:47:22 -0400] "GET /2008/local.shtml HTTP/1.1" 302 505 "-" "Mozilla/5.0 (compatible; AhrefsBot/5.2; +http://ahrefs.com/robot/)"
www.nspw.org:80 42.190.182.148 - - [05/May/2018:07:47:31 -0400] "GET /wp-login.php HTTP/1.1" 302 553 "-" "Mozilla/5.0 (Windows NT 6.1; WOW64; rv:40.0) Gecko/20100101 Firefox/40.1"
www.nspw.org:80 42.190.182.148 - - [05/May/2018:07:47:34 -0400] "GET / HTTP/1.1" 302 528 "-" "Mozilla/5.0 (Windows NT 6.1; WOW64; rv:40.0) Gecko/20100101 Firefox/40.1"
www.nspw.org:80 27.32.24.125 - - [05/May/2018:07:50:07 -0400] "GET /papers/2007/nspw2007-vidyaraman.pdf HTTP/1.1" 302 599 "-" "Mozilla/5.0 (iPhone; CPU iPhone OS 11_3 like Mac OS X) AppleWebKit/605.1.15 (KHTML, like Gecko) Version/11.0 Mobile/15E148 Safari/604.1"
www.nspw.org:80 194.187.170.102 - - [05/May/2018:07:50:09 -0400] "GET /papers/2004/?C=S;O=D HTTP/1.1" 302 532 "-" "Mozilla/5.0 (compatible; Qwantify/2.4w; +https://www.qwant.com/)/2.4w"
www.nspw.org:80 69.162.124.227 - - [05/May/2018:07:50:12 -0400] "HEAD / HTTP/1.1" 302 188 "http://nspw.org/" "Mozilla/5.0+(compatible; UptimeRobot/2.0; http://www.uptimerobot.com/)"
www.nspw.org:80 157.55.39.195 - - [05/May/2018:07:51:17 -0400] "GET / HTTP/1.1" 302 525 "-" "Mozilla/5.0 (compatible; bingbot/2.0; +http://www.bing.com/bingbot.htm)"
www.nspw.org:80 194.187.170.102 - - [05/May/2018:07:51:38 -0400] "GET /papers/2003/?C=M;O=D HTTP/1.1" 302 532 "-" "Mozilla/5.0 (compatible; Qwantify/2.4w; +https://www.qwant.com/)/2.4w"
www.nspw.org:80 194.187.170.102 - - [05/May/2018:07:52:29 -0400] "GET /papers/2009/?C=S;O=A HTTP/1.1" 302 532 "-" "Mozilla/5.0 (compatible; Qwantify/2.4w; +https://www.qwant.com/)/2.4w"
www.nspw.org:80 69.162.124.227 - - [05/May/2018:07:55:12 -0400] "HEAD / HTTP/1.1" 302 188 "http://nspw.org/" "Mozilla/5.0+(compatible; UptimeRobot/2.0; http://www.uptimerobot.com/)"
www.nspw.org:80 194.187.170.102 - - [05/May/2018:07:56:28 -0400] "GET /papers/2006/?C=N;O=A HTTP/1.1" 302 532 "-" "Mozilla/5.0 (compatible; Qwantify/2.4w; +https://www.qwant.com/)/2.4w"
www.nspw.org:80 40.77.167.13 - - [05/May/2018:07:57:21 -0400] "GET /papers/1999/nspw1999-jonsson.pdf HTTP/1.1" 302 593 "-" "Mozilla/5.0 (iPhone; CPU iPhone OS 7_0 like Mac OS X) AppleWebKit/537.51.1 (KHTML, like Gecko) Version/7.0 Mobile/11A465 Safari/9537.53 (compatible; bingbot/2.0; +http://www.bing.com/bingbot.htm)"
www.nspw.org:80 194.187.170.102 - - [05/May/2018:07:58:20 -0400] "GET /papers/1997/?C=D;O=D HTTP/1.1" 302 532 "-" "Mozilla/5.0 (compatible; Qwantify/2.4w; +https://www.qwant.com/)/2.4w"
www.nspw.org:80 213.205.198.107 - - [05/May/2018:07:58:46 -0400] "GET /papers/2013/nspw2013-ard.pdf HTTP/1.1" 302 585 "-" "Mozilla/5.0 (iPhone; CPU iPhone OS 11_3 like Mac OS X) AppleWebKit/605.1.15 (KHTML, like Gecko) Version/11.0 Mobile/15E148 Safari/604.1"
www.nspw.org:80 69.162.124.227 - - [05/May/2018:08:00:12 -0400] "HEAD / HTTP/1.1" 302 188 "http://nspw.org/" "Mozilla/5.0+(compatible; UptimeRobot/2.0; http://www.uptimerobot.com/)"
www.nspw.org:80 66.249.64.208 - - [05/May/2018:08:00:18 -0400] "GET /robots.txt HTTP/1.1" 302 549 "-" "Mozilla/5.0 (compatible; Googlebot/2.1; +http://www.google.com/bot.html)"
www.nspw.org:80 66.249.64.208 - - [05/May/2018:08:00:19 -0400] "GET /papers/2001/nspw2001-blakley.pdf HTTP/1.1" 302 592 "-" "Mozilla/5.0 (compatible; Googlebot/2.1; +http://www.google.com/bot.html)"
www.nspw.org:80 216.244.66.236 - - [05/May/2018:08:00:29 -0400] "GET /robots.txt HTTP/1.1" 302 493 "-" "Mozilla/5.0 (compatible; DotBot/1.1; http://www.opensiteexplorer.org/dotbot, help@moz.com)"
www.nspw.org:80 194.187.170.102 - - [05/May/2018:08:00:39 -0400] "GET /2008/cfp.content HTTP/1.1" 302 524 "-" "Mozilla/5.0 (compatible; Qwantify/2.4w; +https://www.qwant.com/)/2.4w"
www.nspw.org:80 185.212.171.186 - - [05/May/2018:08:00:45 -0400] "GET /user/login HTTP/1.1" 302 489 "http://nspw.org/user/login" "Mozilla/5.0 (Windows NT 10.0; WOW64) AppleWebKit/537.36 (KHTML, like Gecko) Chrome/62.0.3198.0 Safari/537.36 OPR/49.0.2711.0"
www.nspw.org:80 185.212.171.186 - - [05/May/2018:08:00:45 -0400] "GET /user/login HTTP/1.1" 302 489 "http://nspw.org/user/login" "Mozilla/5.0 (Windows NT 10.0; WOW64) AppleWebKit/537.36 (KHTML, like Gecko) Chrome/62.0.3198.0 Safari/537.36 OPR/49.0.2711.0"
www.nspw.org:80 185.212.171.186 - - [05/May/2018:08:00:45 -0400] "GET /user/login HTTP/1.1" 302 489 "http://nspw.org/user/login" "Mozilla/5.0 (Windows NT 10.0; WOW64) AppleWebKit/537.36 (KHTML, like Gecko) Chrome/62.0.3198.0 Safari/537.36 OPR/49.0.2711.0"
www.nspw.org:80 180.76.15.154 - - [05/May/2018:08:01:47 -0400] "GET /papers/2013/nspw2013-bishop.pdf HTTP/1.1" 302 554 "-" "Mozilla/5.0 (compatible; Baiduspider/2.0; +http://www.baidu.com/search/spider.html)"
www.nspw.org:80 180.76.15.162 - - [05/May/2018:08:02:47 -0400] "GET /papers/2007/nspw2007-kursawe.pdf HTTP/1.1" 302 556 "-" "Mozilla/5.0 (compatible; Baiduspider/2.0; +http://www.baidu.com/search/spider.html)"
www.nspw.org:80 163.172.71.23 - - [05/May/2018:08:03:06 -0400] "GET /2017/ HTTP/1.1" 302 539 "-" "Mozilla/5.0 ((Windows; U; Windows NT 6.1; fr; rv:1.9.2) Gecko/20100115 Firefox/3.6)"
www.nspw.org:80 185.143.222.2 - - [05/May/2018:08:03:16 -0400] "GET /user/login HTTP/1.1" 302 489 "http://NSPW.ORG/user/login" "Mozilla/5.0 (Windows NT 10.0; WOW64) AppleWebKit/537.36 (KHTML, like Gecko) Chrome/62.0.3198.0 Safari/537.36 OPR/49.0.2711.0"
www.nspw.org:80 185.143.222.2 - - [05/May/2018:08:03:16 -0400] "GET /user/login HTTP/1.1" 302 489 "http://NSPW.ORG/user/login" "Mozilla/5.0 (Windows NT 10.0; WOW64) AppleWebKit/537.36 (KHTML, like Gecko) Chrome/62.0.3198.0 Safari/537.36 OPR/49.0.2711.0"
www.nspw.org:80 185.143.222.2 - - [05/May/2018:08:03:16 -0400] "GET /user/login HTTP/1.1" 302 489 "http://NSPW.ORG/user/login" "Mozilla/5.0 (Windows NT 10.0; WOW64) AppleWebKit/537.36 (KHTML, like Gecko) Chrome/62.0.3198.0 Safari/537.36 OPR/49.0.2711.0"
www.nspw.org:80 180.76.15.145 - - [05/May/2018:08:03:47 -0400] "GET /papers/2003/nspw2003-eustice.pdf HTTP/1.1" 302 556 "-" "Mozilla/5.0 (compatible; Baiduspider/2.0; +http://www.baidu.com/search/spider.html)"
www.nspw.org:80 163.172.71.23 - - [05/May/2018:08:04:17 -0400] "GET /2005/ HTTP/1.1" 302 539 "-" "Mozilla/5.0 ((Windows; U; Windows NT 6.1; fr; rv:1.9.2) Gecko/20100115 Firefox/3.6)"
www.nspw.org:80 180.76.15.155 - - [05/May/2018:08:04:47 -0400] "GET /papers/2009/nspw2009-verendel.pdf HTTP/1.1" 302 558 "-" "Mozilla/5.0 (compatible; Baiduspider/2.0; +http://www.baidu.com/search/spider.html)"
www.nspw.org:80 69.162.124.227 - - [05/May/2018:08:05:12 -0400] "HEAD / HTTP/1.1" 302 188 "http://nspw.org/" "Mozilla/5.0+(compatible; UptimeRobot/2.0; http://www.uptimerobot.com/)"
www.nspw.org:80 163.172.71.23 - - [05/May/2018:08:05:22 -0400] "GET /2018 HTTP/1.1" 302 537 "-" "Mozilla/5.0 ((Windows; U; Windows NT 6.1; fr; rv:1.9.2) Gecko/20100115 Firefox/3.6)"
www.nspw.org:80 180.76.15.152 - - [05/May/2018:08:05:47 -0400] "GET /papers/1999/nspw1999-olthoff-3.pdf HTTP/1.1" 302 560 "-" "Mozilla/5.0 (compatible; Baiduspider/2.0; +http://www.baidu.com/search/spider.html)"
www.nspw.org:80 163.172.68.99 - - [05/May/2018:08:06:36 -0400] "GET /2013/ HTTP/1.1" 302 539 "-" "Mozilla/5.0 ((Windows; U; Windows NT 6.1; fr; rv:1.9.2) Gecko/20100115 Firefox/3.6)"
www.nspw.org:80 180.76.15.5 - - [05/May/2018:08:06:47 -0400] "GET /papers/2013/nspw2013-somayaji.pdf HTTP/1.1" 302 558 "-" "Mozilla/5.0 (compatible; Baiduspider/2.0; +http://www.baidu.com/search/spider.html)"
www.nspw.org:80 42.191.106.194 - - [05/May/2018:08:06:49 -0400] "GET /wp-login.php HTTP/1.1" 302 553 "-" "Mozilla/5.0 (Windows NT 6.1; WOW64; rv:40.0) Gecko/20100101 Firefox/40.1"
www.nspw.org:80 42.191.106.194 - - [05/May/2018:08:06:52 -0400] "GET / HTTP/1.1" 302 528 "-" "Mozilla/5.0 (Windows NT 6.1; WOW64; rv:40.0) Gecko/20100101 Firefox/40.1"
www.nspw.org:80 163.172.71.23 - - [05/May/2018:08:07:47 -0400] "GET / HTTP/1.1" 302 529 "-" "Mozilla/5.0 ((Windows; U; Windows NT 6.1; fr; rv:1.9.2) Gecko/20100115 Firefox/3.6)"
www.nspw.org:80 180.76.15.27 - - [05/May/2018:08:07:47 -0400] "GET /papers/2008/nspw2008-molloy.pdf HTTP/1.1" 302 554 "-" "Mozilla/5.0 (compatible; Baiduspider/2.0; +http://www.baidu.com/search/spider.html)"
www.nspw.org:80 194.187.170.102 - - [05/May/2018:08:08:02 -0400] "GET /2012/local HTTP/1.1" 302 512 "-" "Mozilla/5.0 (compatible; Qwantify/2.4w; +https://www.qwant.com/)/2.4w"
www.nspw.org:80 207.46.13.136 - - [05/May/2018:08:08:30 -0400] "GET /papers/2003/nspw2003-mcdermott.pdf HTTP/1.1" 302 597 "-" "Mozilla/5.0 (iPhone; CPU iPhone OS 7_0 like Mac OS X) AppleWebKit/537.51.1 (KHTML, like Gecko) Version/7.0 Mobile/11A465 Safari/9537.53 (compatible; bingbot/2.0; +http://www.bing.com/bingbot.htm)"
www.nspw.org:80 180.76.15.144 - - [05/May/2018:08:08:47 -0400] "GET /papers/2002/nspw2002-connelly.pdf HTTP/1.1" 302 558 "-" "Mozilla/5.0 (compatible; Baiduspider/2.0; +http://www.baidu.com/search/spider.html)"
www.nspw.org:80 194.187.170.102 - - [05/May/2018:08:08:50 -0400] "GET /papers/2008/?C=N;O=A HTTP/1.1" 302 532 "-" "Mozilla/5.0 (compatible; Qwantify/2.4w; +https://www.qwant.com/)/2.4w"
www.nspw.org:80 163.172.71.23 - - [05/May/2018:08:08:51 -0400] "GET /2012/ HTTP/1.1" 302 539 "-" "Mozilla/5.0 ((Windows; U; Windows NT 6.1; fr; rv:1.9.2) Gecko/20100115 Firefox/3.6)"
www.nspw.org:80 194.187.170.102 - - [05/May/2018:08:09:44 -0400] "GET /papers/?C=M;O=D HTTP/1.1" 302 522 "-" "Mozilla/5.0 (compatible; Qwantify/2.4w; +https://www.qwant.com/)/2.4w"
www.nspw.org:80 180.76.15.16 - - [05/May/2018:08:09:48 -0400] "GET /current HTTP/1.1" 302 506 "-" "Mozilla/5.0 (compatible; Baiduspider/2.0; +http://www.baidu.com/search/spider.html)"
www.nspw.org:80 194.187.170.102 - - [05/May/2018:08:09:56 -0400] "GET /2012/cfp HTTP/1.1" 302 508 "-" "Mozilla/5.0 (compatible; Qwantify/2.4w; +https://www.qwant.com/)/2.4w"
www.nspw.org:80 157.55.39.195 - - [05/May/2018:08:10:02 -0400] "GET /papers/2004/nspw2004-zhou.pdf HTTP/1.1" 302 587 "-" "Mozilla/5.0 (iPhone; CPU iPhone OS 7_0 like Mac OS X) AppleWebKit/537.51.1 (KHTML, like Gecko) Version/7.0 Mobile/11A465 Safari/9537.53 (compatible; bingbot/2.0; +http://www.bing.com/bingbot.htm)"
www.nspw.org:80 69.162.124.227 - - [05/May/2018:08:10:12 -0400] "HEAD / HTTP/1.1" 302 188 "http://nspw.org/" "Mozilla/5.0+(compatible; UptimeRobot/2.0; http://www.uptimerobot.com/)"
www.nspw.org:80 194.187.170.102 - - [05/May/2018:08:10:36 -0400] "GET /papers/1999/?C=D;O=D HTTP/1.1" 302 532 "-" "Mozilla/5.0 (compatible; Qwantify/2.4w; +https://www.qwant.com/)/2.4w"
www.nspw.org:80 180.76.15.16 - - [05/May/2018:08:10:48 -0400] "GET /2005/NSPWtrans.gif HTTP/1.1" 302 528 "-" "Mozilla/5.0 (compatible; Baiduspider/2.0; +http://www.baidu.com/search/spider.html)"
www.nspw.org:80 123.125.71.85 - - [05/May/2018:08:11:05 -0400] "GET /2015/cfp HTTP/1.1" 302 508 "-" "Mozilla/5.0 (compatible; Baiduspider/2.0; +http://www.baidu.com/search/spider.html)"
www.nspw.org:80 180.76.15.10 - - [05/May/2018:08:11:48 -0400] "GET /2009/proceedings/1993/?C=D;O=A HTTP/1.1" 302 552 "-" "Mozilla/5.0 (compatible; Baiduspider/2.0; +http://www.baidu.com/search/spider.html)"
www.nspw.org:80 180.76.15.12 - - [05/May/2018:08:12:48 -0400] "GET /2009/proceedings/2008/ HTTP/1.1" 302 536 "-" "Mozilla/5.0 (compatible; Baiduspider/2.0; +http://www.baidu.com/search/spider.html)"
www.nspw.org:80 180.76.15.159 - - [05/May/2018:08:13:48 -0400] "GET /2011/submissions HTTP/1.1" 302 524 "-" "Mozilla/5.0 (compatible; Baiduspider/2.0; +http://www.baidu.com/search/spider.html)"
www.nspw.org:80 180.76.15.28 - - [05/May/2018:08:14:48 -0400] "GET /2009/proceedings/2008/?C=M;O=D HTTP/1.1" 302 552 "-" "Mozilla/5.0 (compatible; Baiduspider/2.0; +http://www.baidu.com/search/spider.html)"
www.nspw.org:80 69.162.124.227 - - [05/May/2018:08:15:12 -0400] "HEAD / HTTP/1.1" 302 188 "http://nspw.org/" "Mozilla/5.0+(compatible; UptimeRobot/2.0; http://www.uptimerobot.com/)"
www.nspw.org:80 180.76.15.150 - - [05/May/2018:08:15:48 -0400] "GET /2009/proceedings/1993/?C=D;O=D HTTP/1.1" 302 552 "-" "Mozilla/5.0 (compatible; Baiduspider/2.0; +http://www.baidu.com/search/spider.html)"
www.nspw.org:80 194.187.170.102 - - [05/May/2018:08:16:19 -0400] "GET /papers/1994/?C=M;O=D HTTP/1.1" 302 532 "-" "Mozilla/5.0 (compatible; Qwantify/2.4w; +https://www.qwant.com/)/2.4w"
www.nspw.org:80 180.76.15.24 - - [05/May/2018:08:16:48 -0400] "GET /2009/proceedings/1999/?C=S;O=D HTTP/1.1" 302 552 "-" "Mozilla/5.0 (compatible; Baiduspider/2.0; +http://www.baidu.com/search/spider.html)"
www.nspw.org:80 66.249.64.210 - - [05/May/2018:08:17:27 -0400] "GET /2009/proceedings/1997/nspw1997-rahman.pdf HTTP/1.1" 302 611 "-" "Mozilla/5.0 (compatible; Googlebot/2.1; +http://www.google.com/bot.html)"
www.nspw.org:80 180.76.15.14 - - [05/May/2018:08:17:48 -0400] "GET /2003/hold/local.shtml HTTP/1.1" 302 534 "-" "Mozilla/5.0 (compatible; Baiduspider/2.0; +http://www.baidu.com/search/spider.html)"
www.nspw.org:80 194.187.170.102 - - [05/May/2018:08:18:21 -0400] "GET /papers/2005/?C=N;O=D HTTP/1.1" 302 532 "-" "Mozilla/5.0 (compatible; Qwantify/2.4w; +https://www.qwant.com/)/2.4w"
www.nspw.org:80 180.76.15.159 - - [05/May/2018:08:18:54 -0400] "GET /proceedings/1994 HTTP/1.1" 302 520 "-" "Mozilla/5.0 (compatible; Baiduspider/2.0; +http://www.baidu.com/search/spider.html)"
www.nspw.org:80 207.46.13.95 - - [05/May/2018:08:19:01 -0400] "GET /2009/proceedings/2013/nspw2013-bishop.pdf HTTP/1.1" 302 611 "-" "Mozilla/5.0 (compatible; bingbot/2.0; +http://www.bing.com/bingbot.htm)"
www.nspw.org:80 103.206.105.190 - - [05/May/2018:08:19:47 -0400] "GET /wp-login.php HTTP/1.1" 302 553 "-" "Mozilla/5.0 (Windows NT 6.1; WOW64; rv:40.0) Gecko/20100101 Firefox/40.1"
www.nspw.org:80 103.206.105.190 - - [05/May/2018:08:19:55 -0400] "GET / HTTP/1.1" 302 529 "-" "Mozilla/5.0 (Windows NT 6.1; WOW64; rv:40.0) Gecko/20100101 Firefox/40.1"
www.nspw.org:80 69.162.124.227 - - [05/May/2018:08:20:12 -0400] "HEAD / HTTP/1.1" 302 188 "http://nspw.org/" "Mozilla/5.0+(compatible; UptimeRobot/2.0; http://www.uptimerobot.com/)"
www.nspw.org:80 106.207.170.81 - - [05/May/2018:08:20:56 -0400] "GET /wp-login.php HTTP/1.1" 302 553 "-" "Mozilla/5.0 (Windows NT 6.1; WOW64; rv:40.0) Gecko/20100101 Firefox/40.1"
www.nspw.org:80 106.207.170.81 - - [05/May/2018:08:20:59 -0400] "GET / HTTP/1.1" 302 528 "-" "Mozilla/5.0 (Windows NT 6.1; WOW64; rv:40.0) Gecko/20100101 Firefox/40.1"
www.nspw.org:80 194.187.170.102 - - [05/May/2018:08:22:20 -0400] "GET /2017/organizers HTTP/1.1" 302 518 "-" "Mozilla/5.0 (compatible; Qwantify/2.4w; +https://www.qwant.com/)/2.4w"
www.nspw.org:80 216.244.66.236 - - [05/May/2018:08:23:27 -0400] "GET /robots.txt HTTP/1.1" 302 493 "-" "Mozilla/5.0 (compatible; DotBot/1.1; http://www.opensiteexplorer.org/dotbot, help@moz.com)"
www.nspw.org:80 207.46.13.136 - - [05/May/2018:08:23:59 -0400] "GET /papers/2006/nspw2006-gates.pdf HTTP/1.1" 302 589 "-" "Mozilla/5.0 (iPhone; CPU iPhone OS 7_0 like Mac OS X) AppleWebKit/537.51.1 (KHTML, like Gecko) Version/7.0 Mobile/11A465 Safari/9537.53 (compatible; bingbot/2.0; +http://www.bing.com/bingbot.htm)"
www.nspw.org:80 69.162.124.227 - - [05/May/2018:08:25:11 -0400] "HEAD / HTTP/1.1" 302 188 "http://nspw.org/" "Mozilla/5.0+(compatible; UptimeRobot/2.0; http://www.uptimerobot.com/)"
