www.nspw.org:80 66.249.73.78 - - [27/Apr/2018:20:12:46 -0400] "GET /papers/2004/nspw2004-hollebeek.pdf HTTP/1.1" 302 597 "-" "Mozilla/5.0 (compatible; Googlebot/2.1; +http://www.google.com/bot.html)"
www.nspw.org:80 66.249.73.80 - - [27/Apr/2018:20:14:21 -0400] "GET /papers/2008/nspw2008-zhao.pdf HTTP/1.1" 302 587 "-" "Mozilla/5.0 (compatible; Googlebot/2.1; +http://www.google.com/bot.html)"
www.nspw.org:80 69.162.124.227 - - [27/Apr/2018:20:15:19 -0400] "HEAD / HTTP/1.1" 302 188 "http://nspw.org/" "Mozilla/5.0+(compatible; UptimeRobot/2.0; http://www.uptimerobot.com/)"
www.nspw.org:80 66.249.73.80 - - [27/Apr/2018:20:15:57 -0400] "GET /papers/2004/nspw2004-gates.pdf HTTP/1.1" 302 589 "-" "Mozilla/5.0 (compatible; Googlebot/2.1; +http://www.google.com/bot.html)"
www.nspw.org:80 69.162.124.227 - - [27/Apr/2018:20:20:18 -0400] "HEAD / HTTP/1.1" 302 188 "http://nspw.org/" "Mozilla/5.0+(compatible; UptimeRobot/2.0; http://www.uptimerobot.com/)"
www.nspw.org:80 66.249.73.80 - - [27/Apr/2018:20:20:42 -0400] "GET /papers/2010/nspw2010-bratus.pdf HTTP/1.1" 302 591 "-" "Mozilla/5.0 (compatible; Googlebot/2.1; +http://www.google.com/bot.html)"
www.nspw.org:80 69.162.124.227 - - [27/Apr/2018:20:25:18 -0400] "HEAD / HTTP/1.1" 302 188 "http://nspw.org/" "Mozilla/5.0+(compatible; UptimeRobot/2.0; http://www.uptimerobot.com/)"
www.nspw.org:80 66.249.73.78 - - [27/Apr/2018:20:25:28 -0400] "GET /papers/2008/nspw2008-crandall.pdf HTTP/1.1" 302 595 "-" "Mozilla/5.0 (compatible; Googlebot/2.1; +http://www.google.com/bot.html)"
www.nspw.org:80 66.249.73.80 - - [27/Apr/2018:20:29:05 -0400] "GET / HTTP/1.1" 302 529 "-" "Mozilla/5.0 (compatible; Googlebot/2.1; +http://www.google.com/bot.html)"
www.nspw.org:80 94.10.212.175 - - [27/Apr/2018:20:29:56 -0400] "GET /wp-login.php HTTP/1.1" 302 553 "-" "Mozilla/5.0 (Windows NT 6.1; WOW64; rv:40.0) Gecko/20100101 Firefox/40.1"
www.nspw.org:80 94.10.212.175 - - [27/Apr/2018:20:29:56 -0400] "GET / HTTP/1.1" 302 528 "-" "Mozilla/5.0 (Windows NT 6.1; WOW64; rv:40.0) Gecko/20100101 Firefox/40.1"
www.nspw.org:80 66.249.73.82 - - [27/Apr/2018:20:30:13 -0400] "GET /papers/2008/nspw2008-mannan.pdf HTTP/1.1" 302 591 "-" "Mozilla/5.0 (compatible; Googlebot/2.1; +http://www.google.com/bot.html)"
www.nspw.org:80 69.162.124.227 - - [27/Apr/2018:20:30:18 -0400] "HEAD / HTTP/1.1" 302 188 "http://nspw.org/" "Mozilla/5.0+(compatible; UptimeRobot/2.0; http://www.uptimerobot.com/)"
www.nspw.org:80 216.244.66.236 - - [27/Apr/2018:20:31:51 -0400] "GET /robots.txt HTTP/1.1" 302 493 "-" "Mozilla/5.0 (compatible; DotBot/1.1; http://www.opensiteexplorer.org/dotbot, help@moz.com)"
www.nspw.org:80 128.69.213.75 - - [27/Apr/2018:20:32:29 -0400] "GET /2018/organizers HTTP/1.1" 302 522 "http://yandex.ru/clck/jsredir?from=yandex.ru%3Bsearch%3Bweb%3B%3B&text=&etext=1771.70n0Nh5kcv77EwB00el-gnsd42HVDtzrb5x3lMF1UioGI8-ugGpIQfkMsjx3vBwh.24e536f9c900397875f5ec975665e31306c724bb&uuid=&state=_BLhILn4SxNIvvL0W45KSic66uCIg23qh8iRG98qeIXmeppkgUc0YLeQVNu7TCjFWhspMNrg36Y&data=UlNrNmk5WktYejR0eWJFYk1LdmtxbmR5dGQ2d1RBcTAyMTlFcGZHWE1CM01IRDAyRHduUDRsVGhoeGdkd24teUJGX2czX1o5SkVEZndlaURRYl9ESHRqTUR1THlZOUN4cXNiTjYzM0ZJWmptU2swRWlmZGM1dw&b64e=2&sign=3a2c5010a1a6237dc6354eb9ede1edfc&keyno=0&cst=AiuY0DBWFJ7IXge4WdYJQYpgPUyh7uQlBgqixETLD3ujfEFXUwWuZlG5Pm3TnJlITdD8tPxxNnQiKzp-9otHe22mtDFa6p1efUuNaFXk_IDcYmIO5EGbTGzCoV4LuTH0XVxDwS2jdnqn2UsUZ9449lwfmXizqXFc&ref=orjY4mGPRjk5boDnW0uvlrrd71vZw9kp5uQozpMtKCWLmUMpz38pRG61KyS_7sBgO3bO9NudiOs82mpj-dlAVhu5wzDKz8Mh-KVFo5_EF0Qfn-7fEo6L3g&l10n=ru&cts=1524875545126&mc=2.90191876725" "Mozilla/5.0 (compatible; MSIE 10.0; Windows NT 6.1; WOW64; Trident/6.0; MATMJS)"
www.nspw.org:80 36.89.24.225 - - [27/Apr/2018:20:33:18 -0400] "GET /wp-login.php HTTP/1.1" 302 553 "-" "Mozilla/5.0 (Windows NT 6.1; WOW64; rv:40.0) Gecko/20100101 Firefox/40.1"
www.nspw.org:80 66.249.73.82 - - [27/Apr/2018:20:33:23 -0400] "GET /papers/2007/nspw2007-chow.pdf HTTP/1.1" 302 587 "-" "Mozilla/5.0 (compatible; Googlebot/2.1; +http://www.google.com/bot.html)"
www.nspw.org:80 36.89.24.225 - - [27/Apr/2018:20:33:24 -0400] "GET / HTTP/1.1" 302 529 "-" "Mozilla/5.0 (Windows NT 6.1; WOW64; rv:40.0) Gecko/20100101 Firefox/40.1"
www.nspw.org:80 69.162.124.227 - - [27/Apr/2018:20:35:18 -0400] "HEAD / HTTP/1.1" 302 188 "http://nspw.org/" "Mozilla/5.0+(compatible; UptimeRobot/2.0; http://www.uptimerobot.com/)"
www.nspw.org:80 209.19.138.103 - - [27/Apr/2018:20:36:15 -0400] "GET /papers/1996/nspw1996-millen.pdf HTTP/1.1" 302 591 "-" "Mozilla/5.0 (Windows NT 5.1; rv:31.0) Gecko/20100101 Firefox/31.0"
www.nspw.org:80 209.19.138.103 - - [27/Apr/2018:20:36:16 -0400] "GET /papers/1996/nspw1996-millen.pdf HTTP/1.1" 302 590 "-" "Mozilla/5.0 (Windows NT 5.1; rv:31.0) Gecko/20100101 Firefox/31.0"
www.nspw.org:80 209.19.138.103 - - [27/Apr/2018:20:36:17 -0400] "GET /papers/1996/nspw1996-millen.pdf HTTP/1.1" 302 590 "-" "Mozilla/5.0 (Windows NT 5.1; rv:31.0) Gecko/20100101 Firefox/31.0"
www.nspw.org:80 209.19.138.103 - - [27/Apr/2018:20:36:17 -0400] "GET /papers/1996/nspw1996-millen.pdf HTTP/1.1" 302 590 "-" "Mozilla/5.0 (Windows NT 5.1; rv:31.0) Gecko/20100101 Firefox/31.0"
www.nspw.org:80 66.249.73.78 - - [27/Apr/2018:20:36:34 -0400] "GET /2009/proceedings/1993/nspw1993-lin.pdf HTTP/1.1" 302 605 "-" "Mozilla/5.0 (compatible; Googlebot/2.1; +http://www.google.com/bot.html)"
www.nspw.org:80 112.79.129.225 - - [27/Apr/2018:20:36:52 -0400] "GET /wp-login.php HTTP/1.1" 302 553 "-" "Mozilla/5.0 (Windows NT 6.1; WOW64; rv:40.0) Gecko/20100101 Firefox/40.1"
www.nspw.org:80 112.79.129.225 - - [27/Apr/2018:20:36:53 -0400] "GET / HTTP/1.1" 302 528 "-" "Mozilla/5.0 (Windows NT 6.1; WOW64; rv:40.0) Gecko/20100101 Firefox/40.1"
www.nspw.org:80 66.249.73.78 - - [27/Apr/2018:20:38:09 -0400] "GET /papers/2013/nspw2013-bishop.pdf HTTP/1.1" 302 591 "-" "Mozilla/5.0 (compatible; Googlebot/2.1; +http://www.google.com/bot.html)"
www.nspw.org:80 125.161.24.75 - - [27/Apr/2018:20:38:14 -0400] "GET /wp-login.php HTTP/1.1" 302 553 "-" "Mozilla/5.0 (Windows NT 6.1; WOW64; rv:40.0) Gecko/20100101 Firefox/40.1"
www.nspw.org:80 125.161.24.75 - - [27/Apr/2018:20:38:20 -0400] "GET / HTTP/1.1" 302 529 "-" "Mozilla/5.0 (Windows NT 6.1; WOW64; rv:40.0) Gecko/20100101 Firefox/40.1"
www.nspw.org:80 111.206.59.141 - - [27/Apr/2018:20:39:06 -0400] "GET / HTTP/1.1" 302 473 "http://www.so.com" "Mozilla/5.0 (Windows NT 6.2; rv:30.0) Gecko/20150101 Firefox/32.0 360Spider 360Spider"
www.nspw.org:80 178.135.134.21 - - [27/Apr/2018:20:39:39 -0400] "GET /wp-login.php HTTP/1.1" 302 553 "-" "Mozilla/5.0 (Windows NT 6.1; WOW64; rv:40.0) Gecko/20100101 Firefox/40.1"
www.nspw.org:80 178.135.134.21 - - [27/Apr/2018:20:39:42 -0400] "GET / HTTP/1.1" 302 528 "-" "Mozilla/5.0 (Windows NT 6.1; WOW64; rv:40.0) Gecko/20100101 Firefox/40.1"
www.nspw.org:80 66.249.73.78 - - [27/Apr/2018:20:39:44 -0400] "GET /papers/1994/nspw1994-castano.pdf HTTP/1.1" 302 593 "-" "Mozilla/5.0 (compatible; Googlebot/2.1; +http://www.google.com/bot.html)"
www.nspw.org:80 69.162.124.227 - - [27/Apr/2018:20:40:18 -0400] "HEAD / HTTP/1.1" 302 188 "http://nspw.org/" "Mozilla/5.0+(compatible; UptimeRobot/2.0; http://www.uptimerobot.com/)"
www.nspw.org:80 66.249.73.78 - - [27/Apr/2018:20:41:19 -0400] "GET /papers/2011/nspw2011-wash.pdf HTTP/1.1" 302 587 "-" "Mozilla/5.0 (compatible; Googlebot/2.1; +http://www.google.com/bot.html)"
www.nspw.org:80 66.249.73.80 - - [27/Apr/2018:20:42:54 -0400] "GET /papers/2005/nspw2005-taylor-panel.pdf HTTP/1.1" 302 603 "-" "Mozilla/5.0 (compatible; Googlebot/2.1; +http://www.google.com/bot.html)"
www.nspw.org:80 ::1 - - [27/Apr/2018:20:44:07 -0400] "OPTIONS * HTTP/1.0" 200 126 "-" "Apache/2.4.29 (Ubuntu) OpenSSL/1.1.0g (internal dummy connection)"
www.nspw.org:80 ::1 - - [27/Apr/2018:20:44:08 -0400] "OPTIONS * HTTP/1.0" 200 126 "-" "Apache/2.4.29 (Ubuntu) OpenSSL/1.1.0g (internal dummy connection)"
www.nspw.org:80 ::1 - - [27/Apr/2018:20:44:09 -0400] "OPTIONS * HTTP/1.0" 200 126 "-" "Apache/2.4.29 (Ubuntu) OpenSSL/1.1.0g (internal dummy connection)"
www.nspw.org:80 ::1 - - [27/Apr/2018:20:44:10 -0400] "OPTIONS * HTTP/1.0" 200 126 "-" "Apache/2.4.29 (Ubuntu) OpenSSL/1.1.0g (internal dummy connection)"
www.nspw.org:80 ::1 - - [27/Apr/2018:20:44:11 -0400] "OPTIONS * HTTP/1.0" 200 126 "-" "Apache/2.4.29 (Ubuntu) OpenSSL/1.1.0g (internal dummy connection)"
www.nspw.org:80 ::1 - - [27/Apr/2018:20:44:12 -0400] "OPTIONS * HTTP/1.0" 200 126 "-" "Apache/2.4.29 (Ubuntu) OpenSSL/1.1.0g (internal dummy connection)"
www.nspw.org:80 ::1 - - [27/Apr/2018:20:44:13 -0400] "OPTIONS * HTTP/1.0" 200 126 "-" "Apache/2.4.29 (Ubuntu) OpenSSL/1.1.0g (internal dummy connection)"
www.nspw.org:80 ::1 - - [27/Apr/2018:20:44:14 -0400] "OPTIONS * HTTP/1.0" 200 126 "-" "Apache/2.4.29 (Ubuntu) OpenSSL/1.1.0g (internal dummy connection)"
www.nspw.org:80 ::1 - - [27/Apr/2018:20:44:15 -0400] "OPTIONS * HTTP/1.0" 200 126 "-" "Apache/2.4.29 (Ubuntu) OpenSSL/1.1.0g (internal dummy connection)"
www.nspw.org:80 ::1 - - [27/Apr/2018:20:44:16 -0400] "OPTIONS * HTTP/1.0" 200 126 "-" "Apache/2.4.29 (Ubuntu) OpenSSL/1.1.0g (internal dummy connection)"
www.nspw.org:80 ::1 - - [27/Apr/2018:20:44:17 -0400] "OPTIONS * HTTP/1.0" 200 126 "-" "Apache/2.4.29 (Ubuntu) OpenSSL/1.1.0g (internal dummy connection)"
www.nspw.org:80 ::1 - - [27/Apr/2018:20:44:18 -0400] "OPTIONS * HTTP/1.0" 200 126 "-" "Apache/2.4.29 (Ubuntu) OpenSSL/1.1.0g (internal dummy connection)"
www.nspw.org:80 ::1 - - [27/Apr/2018:20:44:19 -0400] "OPTIONS * HTTP/1.0" 200 126 "-" "Apache/2.4.29 (Ubuntu) OpenSSL/1.1.0g (internal dummy connection)"
www.nspw.org:80 ::1 - - [27/Apr/2018:20:44:20 -0400] "OPTIONS * HTTP/1.0" 200 126 "-" "Apache/2.4.29 (Ubuntu) OpenSSL/1.1.0g (internal dummy connection)"
www.nspw.org:80 ::1 - - [27/Apr/2018:20:44:21 -0400] "OPTIONS * HTTP/1.0" 200 126 "-" "Apache/2.4.29 (Ubuntu) OpenSSL/1.1.0g (internal dummy connection)"
www.nspw.org:80 66.249.73.82 - - [27/Apr/2018:20:44:30 -0400] "GET /papers/2011/nspw2011-hamacher.pdf HTTP/1.1" 302 595 "-" "Mozilla/5.0 (compatible; Googlebot/2.1; +http://www.google.com/bot.html)"
www.nspw.org:80 66.102.6.212 - - [27/Apr/2018:20:44:56 -0400] "-" 408 0 "-" "-"
www.nspw.org:80 ::1 - - [27/Apr/2018:20:45:17 -0400] "OPTIONS * HTTP/1.0" 200 126 "-" "Apache/2.4.29 (Ubuntu) OpenSSL/1.1.0g (internal dummy connection)"
www.nspw.org:80 69.162.124.227 - - [27/Apr/2018:20:45:18 -0400] "HEAD / HTTP/1.1" 302 188 "http://nspw.org/" "Mozilla/5.0+(compatible; UptimeRobot/2.0; http://www.uptimerobot.com/)"
www.nspw.org:80 66.249.73.80 - - [27/Apr/2018:20:46:05 -0400] "GET /papers/2010/nspw2010-alsaleh.pdf HTTP/1.1" 302 593 "-" "Mozilla/5.0 (compatible; Googlebot/2.1; +http://www.google.com/bot.html)"
www.nspw.org:80 71.239.145.123 - - [27/Apr/2018:20:47:06 -0400] "GET /2009/proceedings/1996/nspw1996-wulf.pdf HTTP/1.1" 302 607 "https://www.google.com/" "Mozilla/5.0 (Windows NT 10.0; Win64; x64) AppleWebKit/537.36 (KHTML, like Gecko) Chrome/58.0.3029.110 Safari/537.36 Edge/16.16299"
www.nspw.org:80 66.160.140.182 - - [27/Apr/2018:20:47:38 -0400] "GET /robots.txt HTTP/1.1" 302 549 "-" "The Knowledge AI"
www.nspw.org:80 66.249.73.82 - - [27/Apr/2018:20:47:40 -0400] "GET /papers/2013/nspw2013-rowe.pdf HTTP/1.1" 302 587 "-" "Mozilla/5.0 (compatible; Googlebot/2.1; +http://www.google.com/bot.html)"
www.nspw.org:80 66.160.140.182 - - [27/Apr/2018:20:47:50 -0400] "GET / HTTP/1.1" 302 529 "-" "The Knowledge AI"
www.nspw.org:80 71.239.145.123 - - [27/Apr/2018:20:47:57 -0400] "-" 408 0 "-" "-"
www.nspw.org:80 66.249.73.80 - - [27/Apr/2018:20:49:15 -0400] "GET /papers/2008/nspw2008-greenwald.pdf HTTP/1.1" 302 597 "-" "Mozilla/5.0 (compatible; Googlebot/2.1; +http://www.google.com/bot.html)"
www.nspw.org:80 69.162.124.227 - - [27/Apr/2018:20:50:18 -0400] "HEAD / HTTP/1.1" 302 188 "http://nspw.org/" "Mozilla/5.0+(compatible; UptimeRobot/2.0; http://www.uptimerobot.com/)"
www.nspw.org:80 157.55.39.133 - - [27/Apr/2018:20:50:18 -0400] "GET /robots.txt HTTP/1.1" 302 549 "-" "Mozilla/5.0 (compatible; bingbot/2.0; +http://www.bing.com/bingbot.htm)"
www.nspw.org:80 40.77.167.194 - - [27/Apr/2018:20:50:19 -0400] "GET /2009/proceedings/2013/nspw2013-mathur.pdf HTTP/1.1" 302 611 "-" "Mozilla/5.0 (compatible; bingbot/2.0; +http://www.bing.com/bingbot.htm)"
www.nspw.org:80 66.249.73.82 - - [27/Apr/2018:20:50:50 -0400] "GET /papers/2011/nspw2011-du.pdf HTTP/1.1" 302 583 "-" "Mozilla/5.0 (compatible; Googlebot/2.1; +http://www.google.com/bot.html)"
www.nspw.org:80 66.249.73.78 - - [27/Apr/2018:20:54:00 -0400] "GET /papers/1997/nspw1997-riechmann.pdf HTTP/1.1" 302 597 "-" "Mozilla/5.0 (compatible; Googlebot/2.1; +http://www.google.com/bot.html)"
www.nspw.org:80 185.232.20.242 - - [27/Apr/2018:20:55:18 -0400] "GET /user/login HTTP/1.1" 302 489 "http://nspw.org/user/login" "Mozilla/5.0 (Windows NT 10.0; WOW64) AppleWebKit/537.36 (KHTML, like Gecko) Chrome/62.0.3198.0 Safari/537.36 OPR/49.0.2711.0"
www.nspw.org:80 69.162.124.227 - - [27/Apr/2018:20:55:18 -0400] "HEAD / HTTP/1.1" 302 188 "http://nspw.org/" "Mozilla/5.0+(compatible; UptimeRobot/2.0; http://www.uptimerobot.com/)"
www.nspw.org:80 185.232.20.242 - - [27/Apr/2018:20:55:18 -0400] "GET /user/login HTTP/1.1" 302 489 "http://nspw.org/user/login" "Mozilla/5.0 (Windows NT 10.0; WOW64) AppleWebKit/537.36 (KHTML, like Gecko) Chrome/62.0.3198.0 Safari/537.36 OPR/49.0.2711.0"
www.nspw.org:80 185.232.20.242 - - [27/Apr/2018:20:55:18 -0400] "GET /user/login HTTP/1.1" 302 489 "http://nspw.org/user/login" "Mozilla/5.0 (Windows NT 10.0; WOW64) AppleWebKit/537.36 (KHTML, like Gecko) Chrome/62.0.3198.0 Safari/537.36 OPR/49.0.2711.0"
www.nspw.org:80 216.244.66.200 - - [27/Apr/2018:20:55:36 -0400] "GET /robots.txt HTTP/1.1" 302 493 "-" "Mozilla/5.0 (compatible; DotBot/1.1; http://www.opensiteexplorer.org/dotbot, help@moz.com)"
www.nspw.org:80 54.36.149.87 - - [27/Apr/2018:20:56:57 -0400] "GET /2017/dates HTTP/1.1" 302 493 "-" "Mozilla/5.0 (compatible; AhrefsBot/5.2; +http://ahrefs.com/robot/)"
www.nspw.org:80 66.249.73.80 - - [27/Apr/2018:20:57:11 -0400] "GET /papers/2008/nspw2008-shirley.pdf HTTP/1.1" 302 593 "-" "Mozilla/5.0 (compatible; Googlebot/2.1; +http://www.google.com/bot.html)"
www.nspw.org:80 194.187.170.143 - - [27/Apr/2018:20:57:41 -0400] "GET /robots.txt HTTP/1.1" 302 512 "-" "Mozilla/5.0 (compatible; Qwantify/2.4w; +https://www.qwant.com/)/2.4w"
www.nspw.org:80 194.187.170.143 - - [27/Apr/2018:20:57:41 -0400] "GET /2015/cfp HTTP/1.1" 302 508 "-" "Mozilla/5.0 (compatible; Qwantify/2.4w; +https://www.qwant.com/)/2.4w"
www.nspw.org:80 162.213.121.249 - - [27/Apr/2018:20:58:00 -0400] "GET /modules/node/node.css?nhfa6e HTTP/1.1" 302 585 "-" "Mr.4x3 Powered"
www.nspw.org:80 162.213.121.249 - - [27/Apr/2018:20:58:01 -0400] "GET /modules/field/theme/field.css?nhfa6e HTTP/1.1" 302 601 "-" "Mr.4x3 Powered"
www.nspw.org:80 162.213.121.249 - - [27/Apr/2018:20:58:03 -0400] "GET /modules/system/system.menus.css?nhfa6e HTTP/1.1" 302 605 "-" "Mr.4x3 Powered"
www.nspw.org:80 162.213.121.249 - - [27/Apr/2018:20:58:03 -0400] "GET /themes/garland/style.css?nhfa6e HTTP/1.1" 302 591 "-" "Mr.4x3 Powered"
www.nspw.org:80 162.213.121.249 - - [27/Apr/2018:20:58:04 -0400] "GET /modules/user/user.css?nhfa6e HTTP/1.1" 302 585 "-" "Mr.4x3 Powered"
www.nspw.org:80 54.210.190.43 - - [27/Apr/2018:20:59:48 -0400] "GET /2018 HTTP/1.1" 302 481 "-" "Mozilla/5.0 (Macintosh; Intel Mac OS X 10.11; rv:49.0) Gecko/20100101 Firefox/49.0 (FlipboardProxy/1.2; +http://flipboard.com/browserproxy)"
www.nspw.org:80 69.162.124.227 - - [27/Apr/2018:21:00:18 -0400] "HEAD / HTTP/1.1" 302 188 "http://nspw.org/" "Mozilla/5.0+(compatible; UptimeRobot/2.0; http://www.uptimerobot.com/)"
www.nspw.org:80 52.205.232.47 - - [27/Apr/2018:21:01:00 -0400] "GET /robots.txt HTTP/1.1" 302 549 "-" "queuedriver/1.0 (eng@linqia.com)"
www.nspw.org:80 52.205.232.47 - - [27/Apr/2018:21:01:01 -0400] "GET / HTTP/1.1" 302 529 "-" "queuedriver/1.0 (eng@linqia.com)"
www.nspw.org:80 194.187.170.143 - - [27/Apr/2018:21:01:25 -0400] "GET /2017/cfp HTTP/1.1" 302 508 "-" "Mozilla/5.0 (compatible; Qwantify/2.4w; +https://www.qwant.com/)/2.4w"
www.nspw.org:80 110.138.170.84 - - [27/Apr/2018:21:02:30 -0400] "GET /wp-login.php HTTP/1.1" 302 553 "-" "Mozilla/5.0 (Windows NT 6.1; WOW64; rv:40.0) Gecko/20100101 Firefox/40.1"
www.nspw.org:80 110.138.170.84 - - [27/Apr/2018:21:02:32 -0400] "GET / HTTP/1.1" 302 528 "-" "Mozilla/5.0 (Windows NT 6.1; WOW64; rv:40.0) Gecko/20100101 Firefox/40.1"
www.nspw.org:80 177.228.104.62 - - [27/Apr/2018:21:03:53 -0400] "GET /wp-login.php HTTP/1.1" 302 553 "-" "Mozilla/5.0 (Windows NT 6.1; WOW64; rv:40.0) Gecko/20100101 Firefox/40.1"
www.nspw.org:80 177.228.104.62 - - [27/Apr/2018:21:03:54 -0400] "GET / HTTP/1.1" 302 528 "-" "Mozilla/5.0 (Windows NT 6.1; WOW64; rv:40.0) Gecko/20100101 Firefox/40.1"
www.nspw.org:80 66.249.73.78 - - [27/Apr/2018:21:05:06 -0400] "GET /papers/1999/nspw1999-henning.pdf HTTP/1.1" 302 593 "-" "Mozilla/5.0 (compatible; Googlebot/2.1; +http://www.google.com/bot.html)"
www.nspw.org:80 69.162.124.227 - - [27/Apr/2018:21:05:18 -0400] "HEAD / HTTP/1.1" 302 188 "http://nspw.org/" "Mozilla/5.0+(compatible; UptimeRobot/2.0; http://www.uptimerobot.com/)"
www.nspw.org:80 54.70.40.11 - - [27/Apr/2018:21:06:47 -0400] "GET /robots.txt HTTP/1.1" 302 493 "-" "Mozilla/5.0 (compatible) SemanticScholarBot (+https://www.semanticscholar.org/crawler)"
www.nspw.org:80 36.110.211.42 - - [27/Apr/2018:21:07:32 -0400] "GET / HTTP/1.1" 302 473 "http://www.so.com" "Mozilla/5.0 (Windows NT 6.2; rv:30.0) Gecko/20150101 Firefox/32.0 360Spider 360Spider"
www.nspw.org:80 90.151.147.135 - - [27/Apr/2018:21:07:37 -0400] "GET /forward?path=tranwordmarro HTTP/1.1" 302 521 "-" "Mozilla/5.0 (Windows NT 10.0; WOW64; rv:45.0) Gecko/20100101 Firefox/45.0"
www.nspw.org:80 194.187.170.143 - - [27/Apr/2018:21:07:48 -0400] "GET /2017/program HTTP/1.1" 302 516 "-" "Mozilla/5.0 (compatible; Qwantify/2.4w; +https://www.qwant.com/)/2.4w"
www.nspw.org:80 54.70.40.11 - - [27/Apr/2018:21:08:00 -0400] "GET /papers/2005/nspw2005-peisert.pdf HTTP/1.1" 302 537 "-" "Mozilla/5.0 (compatible) SemanticScholarBot (+https://www.semanticscholar.org/crawler)"
www.nspw.org:80 66.249.73.80 - - [27/Apr/2018:21:08:17 -0400] "GET /papers/2001/nspw2001-yan.pdf HTTP/1.1" 302 585 "-" "Mozilla/5.0 (compatible; Googlebot/2.1; +http://www.google.com/bot.html)"
www.nspw.org:80 120.29.65.31 - - [27/Apr/2018:21:08:37 -0400] "GET /wp-login.php HTTP/1.1" 302 553 "-" "Mozilla/5.0 (Windows NT 6.1; WOW64; rv:40.0) Gecko/20100101 Firefox/40.1"
www.nspw.org:80 120.29.65.31 - - [27/Apr/2018:21:08:39 -0400] "GET / HTTP/1.1" 302 528 "-" "Mozilla/5.0 (Windows NT 6.1; WOW64; rv:40.0) Gecko/20100101 Firefox/40.1"
www.nspw.org:80 54.70.40.11 - - [27/Apr/2018:21:08:51 -0400] "GET /papers/2008/nspw2008-bishop.pdf HTTP/1.1" 302 535 "-" "Mozilla/5.0 (compatible) SemanticScholarBot (+https://www.semanticscholar.org/crawler)"
www.nspw.org:80 111.206.36.15 - - [27/Apr/2018:21:08:57 -0400] "GET / HTTP/1.1" 302 529 "http://www.baidu.com/s?wd=X3O" "Mozilla/5.0 (Windows NT 6.1; WOW64; rv:43.0) Gecko/20100101 Firefox/43.0"
www.nspw.org:80 ::1 - - [27/Apr/2018:21:09:03 -0400] "OPTIONS * HTTP/1.0" 200 126 "-" "Apache/2.4.29 (Ubuntu) OpenSSL/1.1.0g (internal dummy connection)"
www.nspw.org:80 ::1 - - [27/Apr/2018:21:09:04 -0400] "OPTIONS * HTTP/1.0" 200 126 "-" "Apache/2.4.29 (Ubuntu) OpenSSL/1.1.0g (internal dummy connection)"
www.nspw.org:80 ::1 - - [27/Apr/2018:21:09:05 -0400] "OPTIONS * HTTP/1.0" 200 126 "-" "Apache/2.4.29 (Ubuntu) OpenSSL/1.1.0g (internal dummy connection)"
www.nspw.org:80 54.70.40.11 - - [27/Apr/2018:21:09:49 -0400] "GET /papers/2009/nspw2009-peisert.pdf HTTP/1.1" 302 537 "-" "Mozilla/5.0 (compatible) SemanticScholarBot (+https://www.semanticscholar.org/crawler)"
www.nspw.org:80 66.249.73.80 - - [27/Apr/2018:21:09:52 -0400] "GET /papers/2009/nspw2009-tuerpe.pdf HTTP/1.1" 302 591 "-" "Mozilla/5.0 (compatible; Googlebot/2.1; +http://www.google.com/bot.html)"
www.nspw.org:80 69.162.124.227 - - [27/Apr/2018:21:10:18 -0400] "HEAD / HTTP/1.1" 302 188 "http://nspw.org/" "Mozilla/5.0+(compatible; UptimeRobot/2.0; http://www.uptimerobot.com/)"
www.nspw.org:80 54.70.40.11 - - [27/Apr/2018:21:11:00 -0400] "GET /2018/ HTTP/1.1" 302 483 "-" "Mozilla/5.0 (compatible) SemanticScholarBot (+https://www.semanticscholar.org/crawler)"
www.nspw.org:80 66.249.73.82 - - [27/Apr/2018:21:11:27 -0400] "GET /papers/2010/nspw2010-sun.pdf HTTP/1.1" 302 585 "-" "Mozilla/5.0 (compatible; Googlebot/2.1; +http://www.google.com/bot.html)"
www.nspw.org:80 126.7.221.161 - - [27/Apr/2018:21:11:43 -0400] "GET /wp-login.php HTTP/1.1" 302 553 "-" "Mozilla/5.0 (Windows NT 6.1; WOW64; rv:40.0) Gecko/20100101 Firefox/40.1"
www.nspw.org:80 126.7.221.161 - - [27/Apr/2018:21:11:46 -0400] "GET / HTTP/1.1" 302 528 "-" "Mozilla/5.0 (Windows NT 6.1; WOW64; rv:40.0) Gecko/20100101 Firefox/40.1"
www.nspw.org:80 105.225.186.133 - - [27/Apr/2018:21:11:47 -0400] "GET /wp-login.php HTTP/1.1" 302 553 "-" "Mozilla/5.0 (Windows NT 6.1; WOW64; rv:40.0) Gecko/20100101 Firefox/40.1"
www.nspw.org:80 105.225.186.133 - - [27/Apr/2018:21:11:52 -0400] "GET / HTTP/1.1" 302 528 "-" "Mozilla/5.0 (Windows NT 6.1; WOW64; rv:40.0) Gecko/20100101 Firefox/40.1"
www.nspw.org:80 54.70.40.11 - - [27/Apr/2018:21:12:16 -0400] "GET /2015/ HTTP/1.1" 302 483 "-" "Mozilla/5.0 (compatible) SemanticScholarBot (+https://www.semanticscholar.org/crawler)"
www.nspw.org:80 168.1.128.50 - - [27/Apr/2018:21:12:39 -0400] "GET / HTTP/1.1" 400 0 "-" "-"
www.nspw.org:80 66.249.73.80 - - [27/Apr/2018:21:13:02 -0400] "GET /papers/2002/nspw2002-inoue.pdf HTTP/1.1" 302 589 "-" "Mozilla/5.0 (compatible; Googlebot/2.1; +http://www.google.com/bot.html)"
www.nspw.org:80 54.70.40.11 - - [27/Apr/2018:21:13:21 -0400] "GET /2016/ HTTP/1.1" 302 483 "-" "Mozilla/5.0 (compatible) SemanticScholarBot (+https://www.semanticscholar.org/crawler)"
www.nspw.org:80 200.91.60.58 - - [27/Apr/2018:21:13:40 -0400] "GET /wp-login.php HTTP/1.1" 302 553 "-" "Mozilla/5.0 (Windows NT 6.1; WOW64; rv:40.0) Gecko/20100101 Firefox/40.1"
www.nspw.org:80 200.91.60.58 - - [27/Apr/2018:21:13:51 -0400] "GET / HTTP/1.1" 302 529 "-" "Mozilla/5.0 (Windows NT 6.1; WOW64; rv:40.0) Gecko/20100101 Firefox/40.1"
www.nspw.org:80 223.218.104.68 - - [27/Apr/2018:21:14:24 -0400] "GET / HTTP/1.1" 302 525 "-" "Mozilla/5.0 (Macintosh; Intel Mac OS X 10_13_4) AppleWebKit/537.36 (KHTML, like Gecko) Chrome/65.0.3325.181 Safari/537.36"
www.nspw.org:80 54.70.40.11 - - [27/Apr/2018:21:14:35 -0400] "GET /current/ HTTP/1.1" 302 489 "-" "Mozilla/5.0 (compatible) SemanticScholarBot (+https://www.semanticscholar.org/crawler)"
www.nspw.org:80 69.162.124.227 - - [27/Apr/2018:21:15:18 -0400] "HEAD / HTTP/1.1" 302 188 "http://nspw.org/" "Mozilla/5.0+(compatible; UptimeRobot/2.0; http://www.uptimerobot.com/)"
www.nspw.org:80 54.70.40.11 - - [27/Apr/2018:21:15:26 -0400] "GET /papers/2010/nspw2010-bishop.pdf HTTP/1.1" 302 535 "-" "Mozilla/5.0 (compatible) SemanticScholarBot (+https://www.semanticscholar.org/crawler)"
www.nspw.org:80 54.70.40.11 - - [27/Apr/2018:21:16:09 -0400] "GET /2006/ HTTP/1.1" 302 483 "-" "Mozilla/5.0 (compatible) SemanticScholarBot (+https://www.semanticscholar.org/crawler)"
www.nspw.org:80 216.244.66.200 - - [27/Apr/2018:21:16:41 -0400] "GET /robots.txt HTTP/1.1" 302 493 "-" "Mozilla/5.0 (compatible; DotBot/1.1; http://www.opensiteexplorer.org/dotbot, help@moz.com)"
www.nspw.org:80 54.70.40.11 - - [27/Apr/2018:21:17:10 -0400] "GET /2008/ HTTP/1.1" 302 483 "-" "Mozilla/5.0 (compatible) SemanticScholarBot (+https://www.semanticscholar.org/crawler)"
www.nspw.org:80 66.249.73.78 - - [27/Apr/2018:21:17:48 -0400] "GET /papers/2005/nspw2005-maxion.pdf HTTP/1.1" 302 591 "-" "Mozilla/5.0 (compatible; Googlebot/2.1; +http://www.google.com/bot.html)"
www.nspw.org:80 54.70.40.11 - - [27/Apr/2018:21:18:27 -0400] "GET /2009/ HTTP/1.1" 302 483 "-" "Mozilla/5.0 (compatible) SemanticScholarBot (+https://www.semanticscholar.org/crawler)"
www.nspw.org:80 54.70.40.11 - - [27/Apr/2018:21:19:19 -0400] "GET /2010/ HTTP/1.1" 302 483 "-" "Mozilla/5.0 (compatible) SemanticScholarBot (+https://www.semanticscholar.org/crawler)"
www.nspw.org:80 54.36.148.251 - - [27/Apr/2018:21:20:17 -0400] "GET /2006/?C=M;O=A HTTP/1.1" 302 499 "-" "Mozilla/5.0 (compatible; AhrefsBot/5.2; +http://ahrefs.com/robot/)"
www.nspw.org:80 69.162.124.227 - - [27/Apr/2018:21:20:18 -0400] "HEAD / HTTP/1.1" 302 188 "http://nspw.org/" "Mozilla/5.0+(compatible; UptimeRobot/2.0; http://www.uptimerobot.com/)"
www.nspw.org:80 54.70.40.11 - - [27/Apr/2018:21:20:25 -0400] "GET /2011/ HTTP/1.1" 302 483 "-" "Mozilla/5.0 (compatible) SemanticScholarBot (+https://www.semanticscholar.org/crawler)"
www.nspw.org:80 54.70.40.11 - - [27/Apr/2018:21:21:14 -0400] "GET /2014/ HTTP/1.1" 302 483 "-" "Mozilla/5.0 (compatible) SemanticScholarBot (+https://www.semanticscholar.org/crawler)"
www.nspw.org:80 47.8.62.185 - - [27/Apr/2018:21:23:22 -0400] "GET /wp-login.php HTTP/1.1" 302 553 "-" "Mozilla/5.0 (Windows NT 6.1; WOW64; rv:40.0) Gecko/20100101 Firefox/40.1"
www.nspw.org:80 47.8.62.185 - - [27/Apr/2018:21:23:24 -0400] "GET / HTTP/1.1" 302 528 "-" "Mozilla/5.0 (Windows NT 6.1; WOW64; rv:40.0) Gecko/20100101 Firefox/40.1"
www.nspw.org:80 100.43.85.163 - - [27/Apr/2018:21:24:30 -0400] "GET /2003/nspw-footer.html HTTP/1.1" 302 571 "-" "Mozilla/5.0 (compatible; YandexBot/3.0; +http://yandex.com/bots)"
www.nspw.org:80 69.162.124.227 - - [27/Apr/2018:21:25:18 -0400] "HEAD / HTTP/1.1" 302 188 "http://nspw.org/" "Mozilla/5.0+(compatible; UptimeRobot/2.0; http://www.uptimerobot.com/)"
www.nspw.org:80 179.155.101.250 - - [27/Apr/2018:21:27:06 -0400] "GET /wp-login.php HTTP/1.1" 302 553 "-" "Mozilla/5.0 (Windows NT 6.1; WOW64; rv:40.0) Gecko/20100101 Firefox/40.1"
www.nspw.org:80 179.155.101.250 - - [27/Apr/2018:21:27:08 -0400] "GET / HTTP/1.1" 302 528 "-" "Mozilla/5.0 (Windows NT 6.1; WOW64; rv:40.0) Gecko/20100101 Firefox/40.1"
www.nspw.org:80 194.187.170.143 - - [27/Apr/2018:21:27:21 -0400] "GET /2015/location HTTP/1.1" 302 518 "-" "Mozilla/5.0 (compatible; Qwantify/2.4w; +https://www.qwant.com/)/2.4w"
www.nspw.org:80 216.244.66.200 - - [27/Apr/2018:21:27:50 -0400] "GET /2002/papers.shtml HTTP/1.1" 302 507 "-" "Mozilla/5.0 (compatible; DotBot/1.1; http://www.opensiteexplorer.org/dotbot, help@moz.com)"
www.nspw.org:80 178.255.215.92 - - [27/Apr/2018:21:29:36 -0400] "GET /robots.txt HTTP/1.1" 302 512 "-" "Mozilla/5.0 (compatible; Exabot/3.0; +http://www.exabot.com/go/robot)"
www.nspw.org:80 178.255.215.92 - - [27/Apr/2018:21:29:36 -0400] "GET /papers/2003/nspw2003-alkassar.pdf HTTP/1.1" 302 558 "-" "Mozilla/5.0 (compatible; Exabot/3.0; +http://www.exabot.com/go/robot)"
www.nspw.org:80 69.162.124.227 - - [27/Apr/2018:21:30:18 -0400] "HEAD / HTTP/1.1" 302 188 "http://nspw.org/" "Mozilla/5.0+(compatible; UptimeRobot/2.0; http://www.uptimerobot.com/)"
www.nspw.org:80 194.187.170.143 - - [27/Apr/2018:21:32:40 -0400] "GET /2017/location HTTP/1.1" 302 518 "-" "Mozilla/5.0 (compatible; Qwantify/2.4w; +https://www.qwant.com/)/2.4w"
www.nspw.org:80 54.36.148.109 - - [27/Apr/2018:21:32:56 -0400] "GET /papers/1996/ HTTP/1.1" 302 497 "-" "Mozilla/5.0 (compatible; AhrefsBot/5.2; +http://ahrefs.com/robot/)"
www.nspw.org:80 66.249.73.80 - - [27/Apr/2018:21:33:39 -0400] "GET /papers/2001/nspw2001-hosmer.pdf HTTP/1.1" 302 591 "-" "Mozilla/5.0 (compatible; Googlebot/2.1; +http://www.google.com/bot.html)"
www.nspw.org:80 168.197.194.64 - - [27/Apr/2018:21:34:26 -0400] "GET /wp-login.php HTTP/1.1" 302 553 "-" "Mozilla/5.0 (Windows NT 6.1; WOW64; rv:40.0) Gecko/20100101 Firefox/40.1"
www.nspw.org:80 168.197.194.64 - - [27/Apr/2018:21:34:30 -0400] "GET / HTTP/1.1" 302 528 "-" "Mozilla/5.0 (Windows NT 6.1; WOW64; rv:40.0) Gecko/20100101 Firefox/40.1"
www.nspw.org:80 121.52.157.222 - - [27/Apr/2018:21:34:47 -0400] "GET /wp-login.php HTTP/1.1" 302 553 "-" "Mozilla/5.0 (Windows NT 6.1; WOW64; rv:40.0) Gecko/20100101 Firefox/40.1"
www.nspw.org:80 121.52.157.222 - - [27/Apr/2018:21:34:49 -0400] "GET / HTTP/1.1" 302 528 "-" "Mozilla/5.0 (Windows NT 6.1; WOW64; rv:40.0) Gecko/20100101 Firefox/40.1"
www.nspw.org:80 66.249.73.82 - - [27/Apr/2018:21:35:14 -0400] "GET /papers/2006/nspw2006-gutmann.pdf HTTP/1.1" 302 593 "-" "Mozilla/5.0 (compatible; Googlebot/2.1; +http://www.google.com/bot.html)"
www.nspw.org:80 69.162.124.227 - - [27/Apr/2018:21:35:18 -0400] "HEAD / HTTP/1.1" 302 188 "http://nspw.org/" "Mozilla/5.0+(compatible; UptimeRobot/2.0; http://www.uptimerobot.com/)"
www.nspw.org:80 122.166.157.178 - - [27/Apr/2018:21:35:44 -0400] "GET /wp-login.php HTTP/1.1" 302 553 "-" "Mozilla/5.0 (Windows NT 6.1; WOW64; rv:40.0) Gecko/20100101 Firefox/40.1"
www.nspw.org:80 122.166.157.178 - - [27/Apr/2018:21:35:48 -0400] "GET / HTTP/1.1" 302 528 "-" "Mozilla/5.0 (Windows NT 6.1; WOW64; rv:40.0) Gecko/20100101 Firefox/40.1"
www.nspw.org:80 66.249.73.78 - - [27/Apr/2018:21:36:50 -0400] "GET /papers/1993/nspw1993-thuraisingham.pdf HTTP/1.1" 302 605 "-" "Mozilla/5.0 (compatible; Googlebot/2.1; +http://www.google.com/bot.html)"
www.nspw.org:80 36.110.211.108 - - [27/Apr/2018:21:37:58 -0400] "GET / HTTP/1.1" 302 473 "http://www.so.com" "Mozilla/5.0 (Windows NT 6.2; rv:30.0) Gecko/20150101 Firefox/32.0 360Spider 360Spider"
www.nspw.org:80 54.36.148.191 - - [27/Apr/2018:21:38:33 -0400] "GET /2003/jmu_infosec_logo.gif HTTP/1.1" 302 523 "-" "Mozilla/5.0 (compatible; AhrefsBot/5.2; +http://ahrefs.com/robot/)"
www.nspw.org:80 139.199.200.90 - - [27/Apr/2018:21:39:03 -0400] "HEAD /wwwroot.rar HTTP/1.1" 302 180 "-" "Mozilla/4.0 (compatible; MSIE 8.0; Windows NT 6.1; Trident/4.0)"
www.nspw.org:80 139.199.200.90 - - [27/Apr/2018:21:39:07 -0400] "HEAD /wwwroot.tar.gz HTTP/1.1" 302 183 "-" "Mozilla/4.0 (compatible; MSIE 8.0; Windows NT 6.1; Trident/4.0)"
www.nspw.org:80 139.199.200.90 - - [27/Apr/2018:21:39:08 -0400] "HEAD /wwwroot.zip HTTP/1.1" 302 180 "-" "Mozilla/4.0 (compatible; MSIE 8.0; Windows NT 6.1; Trident/4.0)"
www.nspw.org:80 139.199.200.90 - - [27/Apr/2018:21:39:08 -0400] "HEAD /\xd0\xc2\xbd\xa8\xce\xc4\xbc\xfe\xbc\xd0.rar HTTP/1.1" 302 203 "-" "Mozilla/4.0 (compatible; MSIE 8.0; Windows NT 6.1; Trident/4.0)"
www.nspw.org:80 139.199.200.90 - - [27/Apr/2018:21:39:09 -0400] "HEAD /\xd0\xc2\xbd\xa8\xce\xc4\xbc\xfe\xbc\xd0.zip HTTP/1.1" 302 203 "-" "Mozilla/4.0 (compatible; MSIE 8.0; Windows NT 6.1; Trident/4.0)"
www.nspw.org:80 139.199.200.90 - - [27/Apr/2018:21:39:10 -0400] "HEAD /\xd0\xc2\xbd\xa8\xce\xc4\xbc\xfe\xbc\xd0.tar.gz HTTP/1.1" 302 206 "-" "Mozilla/4.0 (compatible; MSIE 8.0; Windows NT 6.1; Trident/4.0)"
www.nspw.org:80 139.199.200.90 - - [27/Apr/2018:21:39:12 -0400] "HEAD /www.rar HTTP/1.1" 302 176 "-" "Mozilla/4.0 (compatible; MSIE 8.0; Windows NT 6.1; Trident/4.0)"
www.nspw.org:80 139.199.200.90 - - [27/Apr/2018:21:39:16 -0400] "HEAD /www.zip HTTP/1.1" 302 176 "-" "Mozilla/4.0 (compatible; MSIE 8.0; Windows NT 6.1; Trident/4.0)"
www.nspw.org:80 139.199.200.90 - - [27/Apr/2018:21:39:17 -0400] "HEAD /www.tar.gz HTTP/1.1" 302 179 "-" "Mozilla/4.0 (compatible; MSIE 8.0; Windows NT 6.1; Trident/4.0)"
www.nspw.org:80 139.199.200.90 - - [27/Apr/2018:21:39:17 -0400] "HEAD /web.rar HTTP/1.1" 302 176 "-" "Mozilla/4.0 (compatible; MSIE 8.0; Windows NT 6.1; Trident/4.0)"
www.nspw.org:80 139.199.200.90 - - [27/Apr/2018:21:39:18 -0400] "HEAD /web.zip HTTP/1.1" 302 176 "-" "Mozilla/4.0 (compatible; MSIE 8.0; Windows NT 6.1; Trident/4.0)"
www.nspw.org:80 139.199.200.90 - - [27/Apr/2018:21:39:19 -0400] "HEAD /web.tar.gz HTTP/1.1" 302 179 "-" "Mozilla/4.0 (compatible; MSIE 8.0; Windows NT 6.1; Trident/4.0)"
www.nspw.org:80 139.199.200.90 - - [27/Apr/2018:21:39:19 -0400] "HEAD /nspw.org.rar HTTP/1.1" 302 181 "-" "Mozilla/4.0 (compatible; MSIE 8.0; Windows NT 6.1; Trident/4.0)"
www.nspw.org:80 139.199.200.90 - - [27/Apr/2018:21:39:21 -0400] "HEAD /nspw.org.zip HTTP/1.1" 302 181 "-" "Mozilla/4.0 (compatible; MSIE 8.0; Windows NT 6.1; Trident/4.0)"
www.nspw.org:80 139.199.200.90 - - [27/Apr/2018:21:39:22 -0400] "HEAD /nspw.org.tar.gz HTTP/1.1" 302 184 "-" "Mozilla/4.0 (compatible; MSIE 8.0; Windows NT 6.1; Trident/4.0)"
www.nspw.org:80 139.199.200.90 - - [27/Apr/2018:21:39:26 -0400] "HEAD /nspw_org.rar HTTP/1.1" 302 181 "-" "Mozilla/4.0 (compatible; MSIE 8.0; Windows NT 6.1; Trident/4.0)"
www.nspw.org:80 139.199.200.90 - - [27/Apr/2018:21:39:26 -0400] "HEAD /nspw_org.zip HTTP/1.1" 302 181 "-" "Mozilla/4.0 (compatible; MSIE 8.0; Windows NT 6.1; Trident/4.0)"
www.nspw.org:80 139.199.200.90 - - [27/Apr/2018:21:39:27 -0400] "HEAD /nspw_org.tar.gz HTTP/1.1" 302 184 "-" "Mozilla/4.0 (compatible; MSIE 8.0; Windows NT 6.1; Trident/4.0)"
www.nspw.org:80 139.199.200.90 - - [27/Apr/2018:21:39:28 -0400] "HEAD /nspworg.rar HTTP/1.1" 302 180 "-" "Mozilla/4.0 (compatible; MSIE 8.0; Windows NT 6.1; Trident/4.0)"
www.nspw.org:80 139.199.200.90 - - [27/Apr/2018:21:39:28 -0400] "HEAD /nspworg.zip HTTP/1.1" 302 180 "-" "Mozilla/4.0 (compatible; MSIE 8.0; Windows NT 6.1; Trident/4.0)"
www.nspw.org:80 139.199.200.90 - - [27/Apr/2018:21:39:29 -0400] "HEAD /nspworg.tar.gz HTTP/1.1" 302 183 "-" "Mozilla/4.0 (compatible; MSIE 8.0; Windows NT 6.1; Trident/4.0)"
www.nspw.org:80 139.199.200.90 - - [27/Apr/2018:21:39:29 -0400] "HEAD /nspw.org.rar HTTP/1.1" 302 181 "-" "Mozilla/4.0 (compatible; MSIE 8.0; Windows NT 6.1; Trident/4.0)"
www.nspw.org:80 139.199.200.90 - - [27/Apr/2018:21:39:30 -0400] "HEAD /nspw.org.zip HTTP/1.1" 302 181 "-" "Mozilla/4.0 (compatible; MSIE 8.0; Windows NT 6.1; Trident/4.0)"
www.nspw.org:80 139.199.200.90 - - [27/Apr/2018:21:39:30 -0400] "HEAD /nspw.org.tar.gz HTTP/1.1" 302 184 "-" "Mozilla/4.0 (compatible; MSIE 8.0; Windows NT 6.1; Trident/4.0)"
www.nspw.org:80 139.199.200.90 - - [27/Apr/2018:21:39:31 -0400] "HEAD /nspw.rar HTTP/1.1" 302 177 "-" "Mozilla/4.0 (compatible; MSIE 8.0; Windows NT 6.1; Trident/4.0)"
www.nspw.org:80 139.199.200.90 - - [27/Apr/2018:21:39:31 -0400] "HEAD /nspw.zip HTTP/1.1" 302 177 "-" "Mozilla/4.0 (compatible; MSIE 8.0; Windows NT 6.1; Trident/4.0)"
www.nspw.org:80 139.199.200.90 - - [27/Apr/2018:21:39:32 -0400] "HEAD /nspw.tar.gz HTTP/1.1" 302 180 "-" "Mozilla/4.0 (compatible; MSIE 8.0; Windows NT 6.1; Trident/4.0)"
www.nspw.org:80 43.241.58.23 - - [27/Apr/2018:21:39:42 -0400] "GET /2017 HTTP/1.0" 302 500 "-" "Mozilla/5.0 (compatible; AhrefsBot/5.2; +http://ahrefs.com/robot/)"
www.nspw.org:80 66.249.73.82 - - [27/Apr/2018:21:40:00 -0400] "GET /papers/2002/nspw2002-connelly.pdf HTTP/1.1" 302 595 "-" "Mozilla/5.0 (compatible; Googlebot/2.1; +http://www.google.com/bot.html)"
www.nspw.org:80 69.162.124.227 - - [27/Apr/2018:21:40:18 -0400] "HEAD / HTTP/1.1" 302 188 "http://nspw.org/" "Mozilla/5.0+(compatible; UptimeRobot/2.0; http://www.uptimerobot.com/)"
www.nspw.org:80 66.249.73.78 - - [27/Apr/2018:21:41:35 -0400] "GET /papers/2005/nspw2005-peisert.pdf HTTP/1.1" 302 593 "-" "Mozilla/5.0 (compatible; Googlebot/2.1; +http://www.google.com/bot.html)"
www.nspw.org:80 66.249.73.82 - - [27/Apr/2018:21:43:10 -0400] "GET /papers/2005/nspw2005-ford.pdf HTTP/1.1" 302 587 "-" "Mozilla/5.0 (compatible; Googlebot/2.1; +http://www.google.com/bot.html)"
www.nspw.org:80 194.187.170.143 - - [27/Apr/2018:21:44:06 -0400] "GET /robots.txt HTTP/1.1" 302 508 "-" "Mozilla/5.0 (compatible; Qwantify/2.4w; +https://www.qwant.com/)/2.4w"
www.nspw.org:80 194.187.170.143 - - [27/Apr/2018:21:44:07 -0400] "GET /proceedings HTTP/1.1" 302 510 "-" "Mozilla/5.0 (compatible; Qwantify/2.4w; +https://www.qwant.com/)/2.4w"
www.nspw.org:80 111.230.59.86 - - [27/Apr/2018:21:44:59 -0400] "GET /xmlrpc.php HTTP/1.1" 302 545 "-" "Mozilla/5.0 (Windows NT 6.1; WOW64; rv:45.0) Gecko/20100101 Firefox/45.0"
www.nspw.org:80 111.230.59.86 - - [27/Apr/2018:21:45:03 -0400] "GET /wp-login.php HTTP/1.1" 302 549 "-" "Mozilla/5.0 (Windows NT 6.1; WOW64; rv:45.0) Gecko/20100101 Firefox/45.0"
www.nspw.org:80 69.162.124.227 - - [27/Apr/2018:21:45:18 -0400] "HEAD / HTTP/1.1" 302 188 "http://nspw.org/" "Mozilla/5.0+(compatible; UptimeRobot/2.0; http://www.uptimerobot.com/)"
www.nspw.org:80 172.58.83.182 - - [27/Apr/2018:21:47:50 -0400] "GET /papers/2007/nspw2007-mannan.pdf HTTP/1.1" 302 591 "-" "Mozilla/5.0 (iPhone; CPU iPhone OS 11_2_5 like Mac OS X) AppleWebKit/604.5.6 (KHTML, like Gecko) Version/11.0 Mobile/15D60 Safari/604.1"
www.nspw.org:80 180.76.15.136 - - [27/Apr/2018:21:49:22 -0400] "GET /papers/?C=S;O=A HTTP/1.1" 302 518 "-" "Mozilla/5.0 (compatible; Baiduspider/2.0; +http://www.baidu.com/search/spider.html)"
www.nspw.org:80 69.162.124.227 - - [27/Apr/2018:21:50:18 -0400] "HEAD / HTTP/1.1" 302 188 "http://nspw.org/" "Mozilla/5.0+(compatible; UptimeRobot/2.0; http://www.uptimerobot.com/)"
www.nspw.org:80 66.249.73.78 - - [27/Apr/2018:21:52:41 -0400] "GET /papers/1999/nspw1999-olthoff-3.pdf HTTP/1.1" 302 597 "-" "Mozilla/5.0 (compatible; Googlebot/2.1; +http://www.google.com/bot.html)"
www.nspw.org:80 54.36.148.234 - - [27/Apr/2018:21:52:47 -0400] "GET /proceedings/2001 HTTP/1.1" 302 501 "-" "Mozilla/5.0 (compatible; AhrefsBot/5.2; +http://ahrefs.com/robot/)"
www.nspw.org:80 194.187.170.143 - - [27/Apr/2018:21:53:29 -0400] "GET /2015/dates HTTP/1.1" 302 512 "-" "Mozilla/5.0 (compatible; Qwantify/2.4w; +https://www.qwant.com/)/2.4w"
www.nspw.org:80 186.79.164.10 - - [27/Apr/2018:21:53:41 -0400] "GET /wp-login.php HTTP/1.1" 302 553 "-" "Mozilla/5.0 (Windows NT 6.1; WOW64; rv:40.0) Gecko/20100101 Firefox/40.1"
www.nspw.org:80 186.79.164.10 - - [27/Apr/2018:21:53:44 -0400] "GET / HTTP/1.1" 302 528 "-" "Mozilla/5.0 (Windows NT 6.1; WOW64; rv:40.0) Gecko/20100101 Firefox/40.1"
www.nspw.org:80 69.162.124.227 - - [27/Apr/2018:21:55:18 -0400] "HEAD / HTTP/1.1" 302 188 "http://nspw.org/" "Mozilla/5.0+(compatible; UptimeRobot/2.0; http://www.uptimerobot.com/)"
www.nspw.org:80 162.210.196.130 - - [27/Apr/2018:21:58:43 -0400] "GET /robots.txt HTTP/1.1" 302 549 "-" "Mozilla/5.0 (compatible; MJ12bot/v1.4.8; http://mj12bot.com/)"
www.nspw.org:80 194.187.170.143 - - [27/Apr/2018:21:58:55 -0400] "GET /2017/dates HTTP/1.1" 302 512 "-" "Mozilla/5.0 (compatible; Qwantify/2.4w; +https://www.qwant.com/)/2.4w"
www.nspw.org:80 162.210.196.130 - - [27/Apr/2018:21:59:01 -0400] "GET / HTTP/1.1" 302 473 "-" "Mozilla/5.0 (compatible; MJ12bot/v1.4.8; http://mj12bot.com/)"
www.nspw.org:80 69.162.124.227 - - [27/Apr/2018:22:00:18 -0400] "HEAD / HTTP/1.1" 302 188 "http://nspw.org/" "Mozilla/5.0+(compatible; UptimeRobot/2.0; http://www.uptimerobot.com/)"
www.nspw.org:80 186.108.215.159 - - [27/Apr/2018:22:00:46 -0400] "GET /wp-login.php HTTP/1.1" 302 553 "-" "Mozilla/5.0 (Windows NT 6.1; WOW64; rv:40.0) Gecko/20100101 Firefox/40.1"
www.nspw.org:80 186.108.215.159 - - [27/Apr/2018:22:00:49 -0400] "GET / HTTP/1.1" 302 528 "-" "Mozilla/5.0 (Windows NT 6.1; WOW64; rv:40.0) Gecko/20100101 Firefox/40.1"
www.nspw.org:80 66.160.140.183 - - [27/Apr/2018:22:03:41 -0400] "GET /robots.txt HTTP/1.1" 302 549 "-" "The Knowledge AI"
www.nspw.org:80 66.160.140.183 - - [27/Apr/2018:22:03:42 -0400] "GET / HTTP/1.1" 302 529 "-" "The Knowledge AI"
www.nspw.org:80 66.249.73.82 - - [27/Apr/2018:22:03:47 -0400] "GET /papers/2001/nspw2001-blakley.pdf HTTP/1.1" 302 593 "-" "Mozilla/5.0 (compatible; Googlebot/2.1; +http://www.google.com/bot.html)"
www.nspw.org:80 69.162.124.227 - - [27/Apr/2018:22:05:18 -0400] "HEAD / HTTP/1.1" 302 188 "http://nspw.org/" "Mozilla/5.0+(compatible; UptimeRobot/2.0; http://www.uptimerobot.com/)"
www.nspw.org:80 66.249.73.78 - - [27/Apr/2018:22:05:22 -0400] "GET /papers/2011/nspw2011-bishop.pdf HTTP/1.1" 302 591 "-" "Mozilla/5.0 (compatible; Googlebot/2.1; +http://www.google.com/bot.html)"
www.nspw.org:80 139.199.200.90 - - [27/Apr/2018:22:07:09 -0400] "HEAD / HTTP/1.1" 302 225 "http://nspw.org" "Mozilla/5.0 (compatible; Baiduspider/2.0; +http://www.baidu.com/search/spider.html"
www.nspw.org:80 139.199.200.90 - - [27/Apr/2018:22:07:12 -0400] "HEAD /admin/_content/_About/AspCms_AboutEdit.asp HTTP/1.1" 302 211 "http://nspw.org/admin/_content/_About/AspCms_AboutEdit.asp" "Mozilla/5.0 (compatible; Baiduspider/2.0; +http://www.baidu.com/search/spider.html"
www.nspw.org:80 139.199.200.90 - - [27/Apr/2018:22:07:14 -0400] "HEAD /admin_aspcms/_system/AspCms_SiteSetting.asp HTTP/1.1" 302 212 "http://nspw.org/admin_aspcms/_system/AspCms_SiteSetting.asp" "Mozilla/5.0 (compatible; Baiduspider/2.0; +http://www.baidu.com/search/spider.html"
www.nspw.org:80 139.199.200.90 - - [27/Apr/2018:22:07:21 -0400] "HEAD /install.php HTTP/1.1" 302 180 "http://nspw.org/install.php" "Mozilla/5.0 (compatible; Baiduspider/2.0; +http://www.baidu.com/search/spider.html"
www.nspw.org:80 139.199.200.90 - - [27/Apr/2018:22:07:23 -0400] "GET /install.php HTTP/1.1" 302 491 "http://nspw.org/install.php" "Mozilla/5.0 (compatible; Baiduspider/2.0; +http://www.baidu.com/search/spider.html"
www.nspw.org:80 139.199.200.90 - - [27/Apr/2018:22:07:24 -0400] "HEAD /login.php HTTP/1.1" 302 178 "http://nspw.org/login.php" "Mozilla/5.0 (compatible; Baiduspider/2.0; +http://www.baidu.com/search/spider.html"
www.nspw.org:80 216.244.66.236 - - [27/Apr/2018:22:07:55 -0400] "GET /robots.txt HTTP/1.1" 302 493 "-" "Mozilla/5.0 (compatible; DotBot/1.1; http://www.opensiteexplorer.org/dotbot, help@moz.com)"
www.nspw.org:80 66.249.73.82 - - [27/Apr/2018:22:08:33 -0400] "GET /papers/2006/nspw2006-crawford.pdf HTTP/1.1" 302 595 "-" "Mozilla/5.0 (compatible; Googlebot/2.1; +http://www.google.com/bot.html)"
www.nspw.org:80 36.110.211.107 - - [27/Apr/2018:22:08:53 -0400] "GET / HTTP/1.1" 302 473 "http://www.so.com" "Mozilla/5.0 (Windows NT 6.2; rv:30.0) Gecko/20150101 Firefox/32.0 360Spider 360Spider"
www.nspw.org:80 51.254.208.48 - - [27/Apr/2018:22:08:57 -0400] "GET / HTTP/1.1" 302 473 "-" "Mozilla/5.0 (Windows NT 10.0; WOW64; rv:50.0) Gecko/20100101 Firefox/50.0"
www.nspw.org:80 69.162.124.227 - - [27/Apr/2018:22:10:18 -0400] "HEAD / HTTP/1.1" 302 188 "http://nspw.org/" "Mozilla/5.0+(compatible; UptimeRobot/2.0; http://www.uptimerobot.com/)"
www.nspw.org:80 116.85.12.82 - - [27/Apr/2018:22:11:27 -0400] "GET /xmlrpc.php HTTP/1.1" 302 549 "-" "Mozilla/5.0 (Windows NT 6.1; WOW64; rv:45.0) Gecko/20100101 Firefox/45.0"
www.nspw.org:80 116.85.12.82 - - [27/Apr/2018:22:11:28 -0400] "GET /wp-login.php HTTP/1.1" 302 553 "-" "Mozilla/5.0 (Windows NT 6.1; WOW64; rv:45.0) Gecko/20100101 Firefox/45.0"
www.nspw.org:80 35.226.23.240 - - [27/Apr/2018:22:12:06 -0400] "GET /robots.txt HTTP/1.1" 302 512 "-" "ltx71 - (http://ltx71.com/)"
www.nspw.org:80 66.249.73.82 - - [27/Apr/2018:22:13:18 -0400] "GET /papers/1996/nspw1996-olawsky.pdf HTTP/1.1" 302 593 "-" "Mozilla/5.0 (compatible; Googlebot/2.1; +http://www.google.com/bot.html)"
www.nspw.org:80 194.187.170.143 - - [27/Apr/2018:22:13:23 -0400] "GET /papers/1997/nspw1997-timmerman.pdf HTTP/1.1" 302 560 "-" "Mozilla/5.0 (compatible; Qwantify/2.4w; +https://www.qwant.com/)/2.4w"
www.nspw.org:80 69.162.124.227 - - [27/Apr/2018:22:15:18 -0400] "HEAD / HTTP/1.1" 302 188 "http://nspw.org/" "Mozilla/5.0+(compatible; UptimeRobot/2.0; http://www.uptimerobot.com/)"
www.nspw.org:80 54.36.149.73 - - [27/Apr/2018:22:15:43 -0400] "GET /2017/accepted HTTP/1.1" 302 499 "-" "Mozilla/5.0 (compatible; AhrefsBot/5.2; +http://ahrefs.com/robot/)"
www.nspw.org:80 66.249.73.80 - - [27/Apr/2018:22:16:28 -0400] "GET /papers/1996/nspw1996-millen.pdf HTTP/1.1" 302 591 "-" "Mozilla/5.0 (compatible; Googlebot/2.1; +http://www.google.com/bot.html)"
www.nspw.org:80 216.244.66.200 - - [27/Apr/2018:22:18:32 -0400] "GET /papers/1995/?C=N;O=D HTTP/1.1" 302 513 "-" "Mozilla/5.0 (compatible; DotBot/1.1; http://www.opensiteexplorer.org/dotbot, help@moz.com)"
www.nspw.org:80 216.244.66.200 - - [27/Apr/2018:22:18:42 -0400] "GET /papers/1995/?C=D;O=A HTTP/1.1" 302 513 "-" "Mozilla/5.0 (compatible; DotBot/1.1; http://www.opensiteexplorer.org/dotbot, help@moz.com)"
www.nspw.org:80 66.249.73.80 - - [27/Apr/2018:22:19:39 -0400] "GET /papers/2005/nspw2005-frontmatter.pdf HTTP/1.1" 302 601 "-" "Mozilla/5.0 (compatible; Googlebot/2.1; +http://www.google.com/bot.html)"
www.nspw.org:80 180.76.15.19 - - [27/Apr/2018:22:20:03 -0400] "GET /current HTTP/1.1" 302 506 "-" "Mozilla/5.0 (compatible; Baiduspider/2.0; +http://www.baidu.com/search/spider.html)"
www.nspw.org:80 69.162.124.227 - - [27/Apr/2018:22:20:18 -0400] "HEAD / HTTP/1.1" 302 188 "http://nspw.org/" "Mozilla/5.0+(compatible; UptimeRobot/2.0; http://www.uptimerobot.com/)"
www.nspw.org:80 180.76.15.146 - - [27/Apr/2018:22:21:03 -0400] "GET /node/97 HTTP/1.1" 302 506 "-" "Mozilla/5.0 (compatible; Baiduspider/2.0; +http://www.baidu.com/search/spider.html)"
www.nspw.org:80 216.244.66.200 - - [27/Apr/2018:22:21:27 -0400] "GET /papers/2007/?C=D;O=D HTTP/1.1" 302 513 "-" "Mozilla/5.0 (compatible; DotBot/1.1; http://www.opensiteexplorer.org/dotbot, help@moz.com)"
www.nspw.org:80 194.187.170.143 - - [27/Apr/2018:22:22:02 -0400] "GET /2014/program HTTP/1.1" 302 516 "-" "Mozilla/5.0 (compatible; Qwantify/2.4w; +https://www.qwant.com/)/2.4w"
www.nspw.org:80 180.76.15.150 - - [27/Apr/2018:22:22:03 -0400] "GET /2009/proceedings/2012/forms/index.htm HTTP/1.1" 302 566 "-" "Mozilla/5.0 (compatible; Baiduspider/2.0; +http://www.baidu.com/search/spider.html)"
www.nspw.org:80 180.76.15.134 - - [27/Apr/2018:22:22:04 -0400] "GET /2009/proceedings/2012/forms/ HTTP/1.1" 302 548 "-" "Mozilla/5.0 (compatible; Baiduspider/2.0; +http://www.baidu.com/search/spider.html)"
www.nspw.org:80 216.244.66.200 - - [27/Apr/2018:22:22:59 -0400] "GET /2009/proceedings/2007/?C=S;O=A HTTP/1.1" 302 533 "-" "Mozilla/5.0 (compatible; DotBot/1.1; http://www.opensiteexplorer.org/dotbot, help@moz.com)"
www.nspw.org:80 180.76.15.20 - - [27/Apr/2018:22:23:03 -0400] "GET /2005/cfp2005.pdf HTTP/1.1" 302 524 "-" "Mozilla/5.0 (compatible; Baiduspider/2.0; +http://www.baidu.com/search/spider.html)"
www.nspw.org:80 180.76.15.148 - - [27/Apr/2018:22:24:03 -0400] "GET /2004/index.html HTTP/1.1" 302 522 "-" "Mozilla/5.0 (compatible; Baiduspider/2.0; +http://www.baidu.com/search/spider.html)"
www.nspw.org:80 66.249.73.78 - - [27/Apr/2018:22:24:24 -0400] "GET /papers/2013/nspw2013-sundaramurthy.pdf HTTP/1.1" 302 605 "-" "Mozilla/5.0 (compatible; Googlebot/2.1; +http://www.google.com/bot.html)"
www.nspw.org:80 216.244.66.200 - - [27/Apr/2018:22:24:44 -0400] "GET /2009/proceedings/2002/?C=N;O=D HTTP/1.1" 302 533 "-" "Mozilla/5.0 (compatible; DotBot/1.1; http://www.opensiteexplorer.org/dotbot, help@moz.com)"
www.nspw.org:80 185.232.20.242 - - [27/Apr/2018:22:25:11 -0400] "GET /user/login HTTP/1.1" 302 489 "http://nspw.org/user/login" "Mozilla/5.0 (Windows NT 10.0; WOW64) AppleWebKit/537.36 (KHTML, like Gecko) Chrome/62.0.3198.0 Safari/537.36 OPR/49.0.2711.0"
www.nspw.org:80 185.232.20.242 - - [27/Apr/2018:22:25:11 -0400] "GET /user/login HTTP/1.1" 302 489 "http://nspw.org/user/login" "Mozilla/5.0 (Windows NT 10.0; WOW64) AppleWebKit/537.36 (KHTML, like Gecko) Chrome/62.0.3198.0 Safari/537.36 OPR/49.0.2711.0"
www.nspw.org:80 185.232.20.242 - - [27/Apr/2018:22:25:11 -0400] "GET /user/login HTTP/1.1" 302 489 "http://nspw.org/user/login" "Mozilla/5.0 (Windows NT 10.0; WOW64) AppleWebKit/537.36 (KHTML, like Gecko) Chrome/62.0.3198.0 Safari/537.36 OPR/49.0.2711.0"
www.nspw.org:80 103.212.116.184 - - [27/Apr/2018:22:25:11 -0400] "GET /wp-login.php HTTP/1.1" 302 553 "-" "Mozilla/5.0 (Windows NT 6.1; WOW64; rv:40.0) Gecko/20100101 Firefox/40.1"
www.nspw.org:80 103.212.116.184 - - [27/Apr/2018:22:25:13 -0400] "GET / HTTP/1.1" 302 529 "-" "Mozilla/5.0 (Windows NT 6.1; WOW64; rv:40.0) Gecko/20100101 Firefox/40.1"
www.nspw.org:80 69.162.124.227 - - [27/Apr/2018:22:25:18 -0400] "HEAD / HTTP/1.1" 302 188 "http://nspw.org/" "Mozilla/5.0+(compatible; UptimeRobot/2.0; http://www.uptimerobot.com/)"
www.nspw.org:80 180.76.15.151 - - [27/Apr/2018:22:26:03 -0400] "GET /2000/pc.html HTTP/1.1" 302 516 "-" "Mozilla/5.0 (compatible; Baiduspider/2.0; +http://www.baidu.com/search/spider.html)"
www.nspw.org:80 66.249.73.80 - - [27/Apr/2018:22:27:34 -0400] "GET /papers/2005/nspw2005-beznosov.pdf HTTP/1.1" 302 595 "-" "Mozilla/5.0 (compatible; Googlebot/2.1; +http://www.google.com/bot.html)"
www.nspw.org:80 66.249.73.82 - - [27/Apr/2018:22:29:10 -0400] "GET /papers/2005/nspw2005-schwarting.pdf HTTP/1.1" 302 599 "-" "Mozilla/5.0 (compatible; Googlebot/2.1; +http://www.google.com/bot.html)"
www.nspw.org:80 216.244.66.200 - - [27/Apr/2018:22:29:14 -0400] "GET /2008/cfp/?C=S;O=D HTTP/1.1" 302 507 "-" "Mozilla/5.0 (compatible; DotBot/1.1; http://www.opensiteexplorer.org/dotbot, help@moz.com)"
www.nspw.org:80 216.244.66.200 - - [27/Apr/2018:22:29:44 -0400] "GET /2009/nspw-header.shtml HTTP/1.1" 302 517 "-" "Mozilla/5.0 (compatible; DotBot/1.1; http://www.opensiteexplorer.org/dotbot, help@moz.com)"
www.nspw.org:80 69.162.124.227 - - [27/Apr/2018:22:30:18 -0400] "HEAD / HTTP/1.1" 302 188 "http://nspw.org/" "Mozilla/5.0+(compatible; UptimeRobot/2.0; http://www.uptimerobot.com/)"
www.nspw.org:80 216.244.66.236 - - [27/Apr/2018:22:32:07 -0400] "GET /robots.txt HTTP/1.1" 302 493 "-" "Mozilla/5.0 (compatible; DotBot/1.1; http://www.opensiteexplorer.org/dotbot, help@moz.com)"
www.nspw.org:80 216.244.66.200 - - [27/Apr/2018:22:32:32 -0400] "GET /2005/cfp/?C=S;O=A HTTP/1.1" 302 507 "-" "Mozilla/5.0 (compatible; DotBot/1.1; http://www.opensiteexplorer.org/dotbot, help@moz.com)"
www.nspw.org:80 54.36.148.26 - - [27/Apr/2018:22:33:58 -0400] "GET /2005/cfp/CFP.dvi HTTP/1.1" 302 505 "-" "Mozilla/5.0 (compatible; AhrefsBot/5.2; +http://ahrefs.com/robot/)"
www.nspw.org:80 216.244.66.200 - - [27/Apr/2018:22:34:35 -0400] "GET /2009/proceedings/?C=M;O=D HTTP/1.1" 302 523 "-" "Mozilla/5.0 (compatible; DotBot/1.1; http://www.opensiteexplorer.org/dotbot, help@moz.com)"
www.nspw.org:80 216.244.66.200 - - [27/Apr/2018:22:34:45 -0400] "GET /2009/proceedings/1993/?C=D;O=D HTTP/1.1" 302 533 "-" "Mozilla/5.0 (compatible; DotBot/1.1; http://www.opensiteexplorer.org/dotbot, help@moz.com)"
www.nspw.org:80 216.244.66.200 - - [27/Apr/2018:22:34:55 -0400] "GET /2009/proceedings/1994/?C=N;O=D HTTP/1.1" 302 533 "-" "Mozilla/5.0 (compatible; DotBot/1.1; http://www.opensiteexplorer.org/dotbot, help@moz.com)"
