www.nspw.org:80 194.187.170.113 - - [06/May/2018:02:08:35 -0400] "GET /papers/2007/?C=N;O=A HTTP/1.1" 302 532 "-" "Mozilla/5.0 (compatible; Qwantify/2.4w; +https://www.qwant.com/)/2.4w"
www.nspw.org:80 194.187.170.113 - - [06/May/2018:02:10:51 -0400] "GET /2008/local.content.2008 HTTP/1.1" 302 538 "-" "Mozilla/5.0 (compatible; Qwantify/2.4w; +https://www.qwant.com/)/2.4w"
www.nspw.org:80 194.187.170.113 - - [06/May/2018:02:11:40 -0400] "GET /papers/2010/?C=N;O=D HTTP/1.1" 302 532 "-" "Mozilla/5.0 (compatible; Qwantify/2.4w; +https://www.qwant.com/)/2.4w"
www.nspw.org:80 216.244.66.247 - - [06/May/2018:02:12:26 -0400] "GET /2007/papers.content HTTP/1.1" 302 511 "-" "Mozilla/5.0 (compatible; DotBot/1.1; http://www.opensiteexplorer.org/dotbot, help@moz.com)"
www.nspw.org:80 54.36.148.93 - - [06/May/2018:02:12:31 -0400] "GET /2009/proceedings/2003/?C=S;O=D HTTP/1.1" 302 533 "-" "Mozilla/5.0 (compatible; AhrefsBot/5.2; +http://ahrefs.com/robot/)"
www.nspw.org:80 216.244.66.247 - - [06/May/2018:02:12:36 -0400] "GET /2007/papers.contentQQ HTTP/1.1" 302 515 "-" "Mozilla/5.0 (compatible; DotBot/1.1; http://www.opensiteexplorer.org/dotbot, help@moz.com)"
www.nspw.org:80 69.162.124.227 - - [06/May/2018:02:13:27 -0400] "HEAD / HTTP/1.1" 302 188 "http://nspw.org/" "Mozilla/5.0+(compatible; UptimeRobot/2.0; http://www.uptimerobot.com/)"
www.nspw.org:80 199.59.150.180 - - [06/May/2018:02:13:37 -0400] "GET /2018/cfp HTTP/1.1" 302 485 "-" "Twitterbot/1.0"
www.nspw.org:80 199.16.157.183 - - [06/May/2018:02:13:37 -0400] "GET /robots.txt HTTP/1.1" 302 489 "-" "Twitterbot/1.0"
www.nspw.org:80 199.16.157.183 - - [06/May/2018:02:13:37 -0400] "GET /2018/cfp HTTP/1.1" 302 485 "-" "Twitterbot/1.0"
www.nspw.org:80 194.187.170.113 - - [06/May/2018:02:14:07 -0400] "GET /papers/1998/?C=D;O=D HTTP/1.1" 302 532 "-" "Mozilla/5.0 (compatible; Qwantify/2.4w; +https://www.qwant.com/)/2.4w"
www.nspw.org:80 216.244.66.200 - - [06/May/2018:02:14:39 -0400] "GET /papers/1994/?C=S;O=A HTTP/1.1" 302 513 "-" "Mozilla/5.0 (compatible; DotBot/1.1; http://www.opensiteexplorer.org/dotbot, help@moz.com)"
www.nspw.org:80 194.187.170.113 - - [06/May/2018:02:16:56 -0400] "GET /2008/pc.content HTTP/1.1" 302 522 "-" "Mozilla/5.0 (compatible; Qwantify/2.4w; +https://www.qwant.com/)/2.4w"
www.nspw.org:80 216.244.66.200 - - [06/May/2018:02:18:12 -0400] "GET /papers/2007/?C=D;O=A HTTP/1.1" 302 513 "-" "Mozilla/5.0 (compatible; DotBot/1.1; http://www.opensiteexplorer.org/dotbot, help@moz.com)"
www.nspw.org:80 117.213.55.193 - - [06/May/2018:02:18:27 -0400] "GET /wp-login.php HTTP/1.1" 302 553 "-" "Mozilla/5.0 (Windows NT 6.1; WOW64; rv:40.0) Gecko/20100101 Firefox/40.1"
www.nspw.org:80 69.162.124.227 - - [06/May/2018:02:18:27 -0400] "HEAD / HTTP/1.1" 302 188 "http://nspw.org/" "Mozilla/5.0+(compatible; UptimeRobot/2.0; http://www.uptimerobot.com/)"
www.nspw.org:80 117.213.55.193 - - [06/May/2018:02:18:31 -0400] "GET / HTTP/1.1" 302 528 "-" "Mozilla/5.0 (Windows NT 6.1; WOW64; rv:40.0) Gecko/20100101 Firefox/40.1"
www.nspw.org:80 216.244.66.200 - - [06/May/2018:02:19:00 -0400] "GET /2009/proceedings/1997/?C=S;O=D HTTP/1.1" 302 533 "-" "Mozilla/5.0 (compatible; DotBot/1.1; http://www.opensiteexplorer.org/dotbot, help@moz.com)"
www.nspw.org:80 222.131.147.41 - - [06/May/2018:02:19:15 -0400] "GET /favicon.ico HTTP/1.1" 302 551 "-" "Mozilla/5.0 (Windows NT 10.0; WOW64) AppleWebKit/537.36 (KHTML, like Gecko) Chrome/55.0.2883.87 Safari/537.36"
www.nspw.org:80 216.244.66.200 - - [06/May/2018:02:20:02 -0400] "GET /2009/proceedings/2007/?C=S;O=D HTTP/1.1" 302 533 "-" "Mozilla/5.0 (compatible; DotBot/1.1; http://www.opensiteexplorer.org/dotbot, help@moz.com)"
www.nspw.org:80 64.62.252.169 - - [06/May/2018:02:20:18 -0400] "GET /robots.txt HTTP/1.1" 302 549 "-" "The Knowledge AI"
www.nspw.org:80 64.62.252.169 - - [06/May/2018:02:20:32 -0400] "GET /2009/ HTTP/1.1" 302 539 "-" "The Knowledge AI"
www.nspw.org:80 216.244.66.200 - - [06/May/2018:02:21:36 -0400] "GET /2009/local.content HTTP/1.1" 302 509 "-" "Mozilla/5.0 (compatible; DotBot/1.1; http://www.opensiteexplorer.org/dotbot, help@moz.com)"
www.nspw.org:80 176.88.69.116 - - [06/May/2018:02:22:10 -0400] "GET /wp-login.php HTTP/1.1" 302 553 "-" "Mozilla/5.0 (Windows NT 6.1; WOW64; rv:40.0) Gecko/20100101 Firefox/40.1"
www.nspw.org:80 176.88.69.116 - - [06/May/2018:02:22:12 -0400] "GET / HTTP/1.1" 302 528 "-" "Mozilla/5.0 (Windows NT 6.1; WOW64; rv:40.0) Gecko/20100101 Firefox/40.1"
www.nspw.org:80 69.162.124.227 - - [06/May/2018:02:23:27 -0400] "HEAD / HTTP/1.1" 302 188 "http://nspw.org/" "Mozilla/5.0+(compatible; UptimeRobot/2.0; http://www.uptimerobot.com/)"
www.nspw.org:80 83.110.77.44 - - [06/May/2018:02:23:43 -0400] "GET /wp-login.php HTTP/1.1" 302 553 "-" "Mozilla/5.0 (Windows NT 6.1; WOW64; rv:40.0) Gecko/20100101 Firefox/40.1"
www.nspw.org:80 83.110.77.44 - - [06/May/2018:02:23:47 -0400] "GET / HTTP/1.1" 302 528 "-" "Mozilla/5.0 (Windows NT 6.1; WOW64; rv:40.0) Gecko/20100101 Firefox/40.1"
www.nspw.org:80 216.244.66.200 - - [06/May/2018:02:25:18 -0400] "GET /papers/1996/?C=M;O=D HTTP/1.1" 302 513 "-" "Mozilla/5.0 (compatible; DotBot/1.1; http://www.opensiteexplorer.org/dotbot, help@moz.com)"
www.nspw.org:80 34.217.24.160 - - [06/May/2018:02:26:13 -0400] "GET / HTTP/1.1" 302 529 "-" "A6-Indexer"
www.nspw.org:80 194.187.170.113 - - [06/May/2018:02:26:53 -0400] "GET /2014/sponsors HTTP/1.1" 302 518 "-" "Mozilla/5.0 (compatible; Qwantify/2.4w; +https://www.qwant.com/)/2.4w"
www.nspw.org:80 69.162.124.227 - - [06/May/2018:02:28:27 -0400] "HEAD / HTTP/1.1" 302 188 "http://nspw.org/" "Mozilla/5.0+(compatible; UptimeRobot/2.0; http://www.uptimerobot.com/)"
www.nspw.org:80 34.217.106.253 - - [06/May/2018:02:28:45 -0400] "GET /2006/ HTTP/1.1" 302 539 "-" "Mozilla/5.0 (Macintosh; PPC Mac OS X 10.9; rv:49.0) Gecko/20100101 Firefox/49.0"
www.nspw.org:80 66.249.64.206 - - [06/May/2018:02:28:48 -0400] "GET /2009/proceedings/2013-pre/booby-trap.pdf HTTP/1.1" 302 609 "-" "Googlebot/2.1 (+http://www.google.com/bot.html)"
www.nspw.org:80 66.249.64.206 - - [06/May/2018:02:29:18 -0400] "GET /2009/proceedings/2015pre/elliott-nspw2015pre.pdf HTTP/1.1" 302 625 "-" "Googlebot/2.1 (+http://www.google.com/bot.html)"
www.nspw.org:80 110.138.46.25 - - [06/May/2018:02:29:31 -0400] "GET /wp-login.php HTTP/1.1" 302 553 "-" "Mozilla/5.0 (Windows NT 6.1; WOW64; rv:40.0) Gecko/20100101 Firefox/40.1"
www.nspw.org:80 110.138.46.25 - - [06/May/2018:02:29:34 -0400] "GET / HTTP/1.1" 302 529 "-" "Mozilla/5.0 (Windows NT 6.1; WOW64; rv:40.0) Gecko/20100101 Firefox/40.1"
www.nspw.org:80 114.244.128.173 - - [06/May/2018:02:29:42 -0400] "GET /favicon.ico HTTP/1.1" 302 551 "-" "Mozilla/5.0 (Windows NT 6.1; WOW64) AppleWebKit/537.36 (KHTML, like Gecko) Chrome/49.0.2623.75 Safari/537.36 LBBROWSER"
www.nspw.org:80 194.187.170.113 - - [06/May/2018:02:30:08 -0400] "GET /papers/1994/?C=S;O=D HTTP/1.1" 302 532 "-" "Mozilla/5.0 (compatible; Qwantify/2.4w; +https://www.qwant.com/)/2.4w"
www.nspw.org:80 185.212.171.186 - - [06/May/2018:02:31:34 -0400] "GET /user/login HTTP/1.1" 302 489 "http://nspw.org/user/login" "Mozilla/5.0 (Windows NT 10.0; WOW64) AppleWebKit/537.36 (KHTML, like Gecko) Chrome/62.0.3198.0 Safari/537.36 OPR/49.0.2711.0"
www.nspw.org:80 185.212.171.186 - - [06/May/2018:02:31:35 -0400] "GET /user/login HTTP/1.1" 302 489 "http://nspw.org/user/login" "Mozilla/5.0 (Windows NT 10.0; WOW64) AppleWebKit/537.36 (KHTML, like Gecko) Chrome/62.0.3198.0 Safari/537.36 OPR/49.0.2711.0"
www.nspw.org:80 185.212.171.186 - - [06/May/2018:02:31:35 -0400] "GET /user/login HTTP/1.1" 302 489 "http://nspw.org/user/login" "Mozilla/5.0 (Windows NT 10.0; WOW64) AppleWebKit/537.36 (KHTML, like Gecko) Chrome/62.0.3198.0 Safari/537.36 OPR/49.0.2711.0"
www.nspw.org:80 69.162.124.227 - - [06/May/2018:02:33:27 -0400] "HEAD / HTTP/1.1" 302 188 "http://nspw.org/" "Mozilla/5.0+(compatible; UptimeRobot/2.0; http://www.uptimerobot.com/)"
www.nspw.org:80 66.249.64.208 - - [06/May/2018:02:34:35 -0400] "GET /papers/2009/nspw2009-herley.pdf HTTP/1.1" 302 591 "-" "Mozilla/5.0 (compatible; Googlebot/2.1; +http://www.google.com/bot.html)"
www.nspw.org:80 194.187.170.113 - - [06/May/2018:02:35:55 -0400] "GET /2008/cfp.content.2007 HTTP/1.1" 302 534 "-" "Mozilla/5.0 (compatible; Qwantify/2.4w; +https://www.qwant.com/)/2.4w"
www.nspw.org:80 77.42.129.117 - - [06/May/2018:02:37:38 -0400] "GET /wp-login.php HTTP/1.1" 302 553 "-" "Mozilla/5.0 (Windows NT 6.1; WOW64; rv:40.0) Gecko/20100101 Firefox/40.1"
www.nspw.org:80 77.42.129.117 - - [06/May/2018:02:37:41 -0400] "GET / HTTP/1.1" 302 528 "-" "Mozilla/5.0 (Windows NT 6.1; WOW64; rv:40.0) Gecko/20100101 Firefox/40.1"
www.nspw.org:80 180.179.142.108 - - [06/May/2018:02:37:52 -0400] "GET / HTTP/1.1" 302 531 "-" "Mozilla/4.0 (compatible; MSIE 7.0; Windows NT 5.1; InfoPath.1; .NET CLR 2.0.50727; .NET CLR 1.1.4322; MS-RTC LM 8; .NET CLR 3.0.4506.2152; .NET CLR 3.5.30729)"
www.nspw.org:80 69.162.124.227 - - [06/May/2018:02:38:27 -0400] "HEAD / HTTP/1.1" 302 188 "http://nspw.org/" "Mozilla/5.0+(compatible; UptimeRobot/2.0; http://www.uptimerobot.com/)"
www.nspw.org:80 77.42.129.117 - - [06/May/2018:02:38:43 -0400] "-" 408 0 "-" "-"
www.nspw.org:80 185.143.222.2 - - [06/May/2018:02:42:29 -0400] "GET /user/login HTTP/1.1" 302 489 "http://NSPW.ORG/user/login" "Mozilla/5.0 (Windows NT 10.0; WOW64) AppleWebKit/537.36 (KHTML, like Gecko) Chrome/62.0.3198.0 Safari/537.36 OPR/49.0.2711.0"
www.nspw.org:80 185.143.222.2 - - [06/May/2018:02:42:29 -0400] "GET /user/login HTTP/1.1" 302 489 "http://NSPW.ORG/user/login" "Mozilla/5.0 (Windows NT 10.0; WOW64) AppleWebKit/537.36 (KHTML, like Gecko) Chrome/62.0.3198.0 Safari/537.36 OPR/49.0.2711.0"
www.nspw.org:80 185.143.222.2 - - [06/May/2018:02:42:30 -0400] "GET /user/login HTTP/1.1" 302 489 "http://NSPW.ORG/user/login" "Mozilla/5.0 (Windows NT 10.0; WOW64) AppleWebKit/537.36 (KHTML, like Gecko) Chrome/62.0.3198.0 Safari/537.36 OPR/49.0.2711.0"
www.nspw.org:80 66.249.64.206 - - [06/May/2018:02:43:06 -0400] "GET /current/local.shtml HTTP/1.1" 302 567 "-" "Mozilla/5.0 (compatible; Googlebot/2.1; +http://www.google.com/bot.html)"
www.nspw.org:80 69.162.124.227 - - [06/May/2018:02:43:27 -0400] "HEAD / HTTP/1.1" 302 188 "http://nspw.org/" "Mozilla/5.0+(compatible; UptimeRobot/2.0; http://www.uptimerobot.com/)"
www.nspw.org:80 36.73.58.232 - - [06/May/2018:02:44:16 -0400] "GET /wp-login.php HTTP/1.1" 302 553 "-" "Mozilla/5.0 (Windows NT 6.1; WOW64; rv:40.0) Gecko/20100101 Firefox/40.1"
www.nspw.org:80 36.73.58.232 - - [06/May/2018:02:44:23 -0400] "GET / HTTP/1.1" 302 529 "-" "Mozilla/5.0 (Windows NT 6.1; WOW64; rv:40.0) Gecko/20100101 Firefox/40.1"
www.nspw.org:80 216.244.66.200 - - [06/May/2018:02:44:24 -0400] "GET /robots.txt HTTP/1.1" 302 493 "-" "Mozilla/5.0 (compatible; DotBot/1.1; http://www.opensiteexplorer.org/dotbot, help@moz.com)"
www.nspw.org:80 66.249.64.208 - - [06/May/2018:02:47:33 -0400] "GET /2005/pre-proceedings/michael_locasto.pdf HTTP/1.1" 302 609 "-" "Googlebot/2.1 (+http://www.google.com/bot.html)"
www.nspw.org:80 66.249.64.206 - - [06/May/2018:02:47:55 -0400] "GET /papers/1999/nspw1999-henning.pdf HTTP/1.1" 302 593 "-" "Mozilla/5.0 (compatible; Googlebot/2.1; +http://www.google.com/bot.html)"
www.nspw.org:80 216.244.66.247 - - [06/May/2018:02:48:12 -0400] "GET /robots.txt HTTP/1.1" 302 493 "-" "Mozilla/5.0 (compatible; DotBot/1.1; http://www.opensiteexplorer.org/dotbot, help@moz.com)"
www.nspw.org:80 69.162.124.227 - - [06/May/2018:02:48:27 -0400] "HEAD / HTTP/1.1" 302 188 "http://nspw.org/" "Mozilla/5.0+(compatible; UptimeRobot/2.0; http://www.uptimerobot.com/)"
www.nspw.org:80 5.196.87.138 - - [06/May/2018:02:50:09 -0400] "GET /robots.txt HTTP/1.1" 302 493 "-" "Mozilla/5.0 (compatible; AhrefsBot/5.2; +http://ahrefs.com/robot/)"
www.nspw.org:80 54.36.148.211 - - [06/May/2018:02:50:20 -0400] "GET /papers/2012/forms/authors.htm HTTP/1.1" 302 531 "-" "Mozilla/5.0 (compatible; AhrefsBot/5.2; +http://ahrefs.com/robot/)"
www.nspw.org:80 77.88.47.40 - - [06/May/2018:02:50:28 -0400] "GET /robots.txt HTTP/1.1" 302 549 "-" "Mozilla/5.0 (compatible; YandexBot/3.0; +http://yandex.com/bots)"
www.nspw.org:80 77.88.47.40 - - [06/May/2018:02:50:32 -0400] "GET /2013/program HTTP/1.1" 302 552 "-" "Mozilla/5.0 (compatible; YandexBot/3.0; +http://yandex.com/bots)"
www.nspw.org:80 207.46.13.136 - - [06/May/2018:02:53:18 -0400] "GET /papers/2010/nspw2010-lilien.pdf HTTP/1.1" 302 591 "-" "Mozilla/5.0 (iPhone; CPU iPhone OS 7_0 like Mac OS X) AppleWebKit/537.51.1 (KHTML, like Gecko) Version/7.0 Mobile/11A465 Safari/9537.53 (compatible; bingbot/2.0; +http://www.bing.com/bingbot.htm)"
www.nspw.org:80 69.162.124.227 - - [06/May/2018:02:53:27 -0400] "HEAD / HTTP/1.1" 302 188 "http://nspw.org/" "Mozilla/5.0+(compatible; UptimeRobot/2.0; http://www.uptimerobot.com/)"
www.nspw.org:80 66.249.64.210 - - [06/May/2018:02:54:47 -0400] "GET /papers/2002/nspw2002-ahamad.pdf HTTP/1.1" 302 591 "-" "Googlebot/2.1 (+http://www.google.com/bot.html)"
www.nspw.org:80 54.36.148.197 - - [06/May/2018:02:55:29 -0400] "GET /2015/cfp HTTP/1.1" 302 485 "-" "Mozilla/5.0 (compatible; AhrefsBot/5.2; +http://ahrefs.com/robot/)"
www.nspw.org:80 69.162.124.227 - - [06/May/2018:02:58:27 -0400] "HEAD / HTTP/1.1" 302 188 "http://nspw.org/" "Mozilla/5.0+(compatible; UptimeRobot/2.0; http://www.uptimerobot.com/)"
www.nspw.org:80 64.62.252.169 - - [06/May/2018:02:59:23 -0400] "GET /current/cfp.shtml HTTP/1.1" 302 563 "-" "The Knowledge AI"
www.nspw.org:80 54.36.148.18 - - [06/May/2018:03:00:50 -0400] "GET /2006/cfp/cfpExtension.text HTTP/1.1" 302 525 "-" "Mozilla/5.0 (compatible; AhrefsBot/5.2; +http://ahrefs.com/robot/)"
www.nspw.org:80 103.247.48.124 - - [06/May/2018:03:01:38 -0400] "GET /wp-login.php HTTP/1.1" 302 553 "-" "Mozilla/5.0 (Windows NT 6.1; WOW64; rv:40.0) Gecko/20100101 Firefox/40.1"
www.nspw.org:80 103.247.48.124 - - [06/May/2018:03:01:42 -0400] "GET / HTTP/1.1" 302 528 "-" "Mozilla/5.0 (Windows NT 6.1; WOW64; rv:40.0) Gecko/20100101 Firefox/40.1"
www.nspw.org:80 111.119.227.86 - - [06/May/2018:03:01:59 -0400] "GET /wp-login.php HTTP/1.1" 302 553 "-" "Mozilla/5.0 (Windows NT 6.1; WOW64; rv:40.0) Gecko/20100101 Firefox/40.1"
www.nspw.org:80 111.119.227.86 - - [06/May/2018:03:02:03 -0400] "GET / HTTP/1.1" 302 528 "-" "Mozilla/5.0 (Windows NT 6.1; WOW64; rv:40.0) Gecko/20100101 Firefox/40.1"
www.nspw.org:80 66.249.64.206 - - [06/May/2018:03:02:39 -0400] "GET /2005/pre-proceedings/paul_van_oorschot.pdf HTTP/1.1" 302 613 "-" "Googlebot/2.1 (+http://www.google.com/bot.html)"
www.nspw.org:80 69.162.124.227 - - [06/May/2018:03:03:27 -0400] "HEAD / HTTP/1.1" 302 188 "http://nspw.org/" "Mozilla/5.0+(compatible; UptimeRobot/2.0; http://www.uptimerobot.com/)"
www.nspw.org:80 66.160.140.182 - - [06/May/2018:03:04:03 -0400] "GET /robots.txt HTTP/1.1" 302 549 "-" "The Knowledge AI"
www.nspw.org:80 66.249.64.210 - - [06/May/2018:03:04:16 -0400] "GET /2009/proceedings/2005/nspw2005-bishop-pos.pdf HTTP/1.1" 302 619 "-" "Googlebot/2.1 (+http://www.google.com/bot.html)"
www.nspw.org:80 66.160.140.182 - - [06/May/2018:03:04:20 -0400] "GET /2006/ HTTP/1.1" 302 539 "-" "The Knowledge AI"
www.nspw.org:80 54.36.148.225 - - [06/May/2018:03:05:16 -0400] "GET /2005/cfp/latex/?C=N;O=D HTTP/1.1" 302 519 "-" "Mozilla/5.0 (compatible; AhrefsBot/5.2; +http://ahrefs.com/robot/)"
www.nspw.org:80 77.75.78.160 - - [06/May/2018:03:05:32 -0400] "GET /robots.txt HTTP/1.1" 302 549 "-" "Mozilla/5.0 (compatible; SeznamBot/3.2; +http://napoveda.seznam.cz/en/seznambot-intro/)"
www.nspw.org:80 77.75.78.160 - - [06/May/2018:03:05:33 -0400] "GET /papers/2004/ HTTP/1.1" 302 552 "-" "Mozilla/5.0 (compatible; SeznamBot/3.2; +http://napoveda.seznam.cz/en/seznambot-intro/)"
www.nspw.org:80 77.75.78.160 - - [06/May/2018:03:05:33 -0400] "GET /2013/papers HTTP/1.1" 302 550 "-" "Mozilla/5.0 (compatible; SeznamBot/3.2; +http://napoveda.seznam.cz/en/seznambot-intro/)"
www.nspw.org:80 77.75.78.160 - - [06/May/2018:03:05:34 -0400] "GET /node/52 HTTP/1.1" 302 542 "-" "Mozilla/5.0 (compatible; SeznamBot/3.2; +http://napoveda.seznam.cz/en/seznambot-intro/)"
www.nspw.org:80 77.75.78.160 - - [06/May/2018:03:05:34 -0400] "GET /2011/pc HTTP/1.1" 302 542 "-" "Mozilla/5.0 (compatible; SeznamBot/3.2; +http://napoveda.seznam.cz/en/seznambot-intro/)"
www.nspw.org:80 106.208.235.58 - - [06/May/2018:03:06:52 -0400] "GET /wp-login.php HTTP/1.1" 302 553 "-" "Mozilla/5.0 (Windows NT 6.1; WOW64; rv:40.0) Gecko/20100101 Firefox/40.1"
www.nspw.org:80 106.208.235.58 - - [06/May/2018:03:06:54 -0400] "GET / HTTP/1.1" 302 528 "-" "Mozilla/5.0 (Windows NT 6.1; WOW64; rv:40.0) Gecko/20100101 Firefox/40.1"
www.nspw.org:80 14.139.123.36 - - [06/May/2018:03:07:01 -0400] "GET /wp-login.php HTTP/1.1" 302 553 "-" "Mozilla/5.0 (Windows NT 6.1; WOW64; rv:40.0) Gecko/20100101 Firefox/40.1"
www.nspw.org:80 14.139.123.36 - - [06/May/2018:03:07:03 -0400] "GET / HTTP/1.1" 302 528 "-" "Mozilla/5.0 (Windows NT 6.1; WOW64; rv:40.0) Gecko/20100101 Firefox/40.1"
www.nspw.org:80 69.162.124.227 - - [06/May/2018:03:08:27 -0400] "HEAD / HTTP/1.1" 302 188 "http://nspw.org/" "Mozilla/5.0+(compatible; UptimeRobot/2.0; http://www.uptimerobot.com/)"
www.nspw.org:80 54.36.148.18 - - [06/May/2018:03:08:44 -0400] "GET /2009/ HTTP/1.1" 302 483 "-" "Mozilla/5.0 (compatible; AhrefsBot/5.2; +http://ahrefs.com/robot/)"
www.nspw.org:80 109.122.99.174 - - [06/May/2018:03:08:46 -0400] "GET /wp-login.php HTTP/1.1" 302 553 "-" "Mozilla/5.0 (Windows NT 6.1; WOW64; rv:40.0) Gecko/20100101 Firefox/40.1"
www.nspw.org:80 109.122.99.174 - - [06/May/2018:03:08:46 -0400] "GET / HTTP/1.1" 302 528 "-" "Mozilla/5.0 (Windows NT 6.1; WOW64; rv:40.0) Gecko/20100101 Firefox/40.1"
www.nspw.org:80 66.249.64.210 - - [06/May/2018:03:09:31 -0400] "GET /2009/proceedings/2013-pre/soap.pdf HTTP/1.1" 302 597 "-" "Googlebot/2.1 (+http://www.google.com/bot.html)"
www.nspw.org:80 158.69.133.31 - - [06/May/2018:03:09:41 -0400] "POST /ps.php HTTP/1.1" 302 487 "-" "curl/7.47.0"
www.nspw.org:80 158.69.133.31 - - [06/May/2018:03:09:41 -0400] "POST /ps.php HTTP/1.1" 302 487 "-" "curl/7.47.0"
www.nspw.org:80 158.69.133.31 - - [06/May/2018:03:09:41 -0400] "POST /ps.php HTTP/1.1" 302 487 "-" "curl/7.47.0"
www.nspw.org:80 158.69.133.31 - - [06/May/2018:03:09:41 -0400] "POST /ps.php HTTP/1.1" 302 487 "-" "curl/7.47.0"
www.nspw.org:80 66.249.64.208 - - [06/May/2018:03:10:50 -0400] "GET /papers/1997/nspw1997-moskowitz.pdf HTTP/1.1" 302 597 "-" "Googlebot/2.1 (+http://www.google.com/bot.html)"
www.nspw.org:80 216.244.66.200 - - [06/May/2018:03:12:20 -0400] "GET /2010 HTTP/1.1" 302 481 "-" "Mozilla/5.0 (compatible; DotBot/1.1; http://www.opensiteexplorer.org/dotbot, help@moz.com)"
www.nspw.org:80 66.249.64.210 - - [06/May/2018:03:12:28 -0400] "GET /papers/2005/nspw2005-taylor-panel.pdf HTTP/1.1" 302 603 "-" "Googlebot/2.1 (+http://www.google.com/bot.html)"
www.nspw.org:80 180.76.15.16 - - [06/May/2018:03:12:59 -0400] "GET /papers/2003/nspw2003-jones.pdf HTTP/1.1" 302 548 "-" "Mozilla/5.0 (compatible; Baiduspider/2.0; +http://www.baidu.com/search/spider.html)"
www.nspw.org:80 69.162.124.227 - - [06/May/2018:03:13:27 -0400] "HEAD / HTTP/1.1" 302 188 "http://nspw.org/" "Mozilla/5.0+(compatible; UptimeRobot/2.0; http://www.uptimerobot.com/)"
www.nspw.org:80 66.249.64.208 - - [06/May/2018:03:14:43 -0400] "GET /papers/2009/nspw2009-herley.pdf HTTP/1.1" 302 591 "-" "Mozilla/5.0 (compatible; Googlebot/2.1; +http://www.google.com/bot.html)"
www.nspw.org:80 66.249.64.210 - - [06/May/2018:03:15:38 -0400] "GET /2005/pre-proceedings/andreas_gal.pdf HTTP/1.1" 302 601 "-" "Googlebot/2.1 (+http://www.google.com/bot.html)"
www.nspw.org:80 66.249.64.210 - - [06/May/2018:03:16:03 -0400] "GET /2005/pre-proceedings/john_mcdermott.pdf HTTP/1.1" 302 607 "-" "Googlebot/2.1 (+http://www.google.com/bot.html)"
www.nspw.org:80 64.62.252.164 - - [06/May/2018:03:16:11 -0400] "GET /robots.txt HTTP/1.1" 302 549 "-" "The Knowledge AI"
www.nspw.org:80 64.62.252.164 - - [06/May/2018:03:16:12 -0400] "GET /2018/cfp HTTP/1.1" 302 545 "-" "The Knowledge AI"
www.nspw.org:80 66.249.64.210 - - [06/May/2018:03:17:24 -0400] "GET /papers/2013-pre/nsphd-polyglot.pdf HTTP/1.1" 302 597 "-" "Googlebot/2.1 (+http://www.google.com/bot.html)"
www.nspw.org:80 180.191.71.185 - - [06/May/2018:03:17:28 -0400] "GET /wp-login.php HTTP/1.1" 302 553 "-" "Mozilla/5.0 (Windows NT 6.1; WOW64; rv:40.0) Gecko/20100101 Firefox/40.1"
www.nspw.org:80 180.191.71.185 - - [06/May/2018:03:17:32 -0400] "GET / HTTP/1.1" 302 528 "-" "Mozilla/5.0 (Windows NT 6.1; WOW64; rv:40.0) Gecko/20100101 Firefox/40.1"
www.nspw.org:80 66.249.64.206 - - [06/May/2018:03:17:55 -0400] "GET /papers/1997/nspw1997-mambo.pdf HTTP/1.1" 302 589 "-" "Googlebot/2.1 (+http://www.google.com/bot.html)"
www.nspw.org:80 69.162.124.227 - - [06/May/2018:03:18:27 -0400] "HEAD / HTTP/1.1" 302 188 "http://nspw.org/" "Mozilla/5.0+(compatible; UptimeRobot/2.0; http://www.uptimerobot.com/)"
www.nspw.org:80 207.46.13.136 - - [06/May/2018:03:18:59 -0400] "GET /login HTTP/1.1" 302 539 "-" "Mozilla/5.0 (compatible; bingbot/2.0; +http://www.bing.com/bingbot.htm)"
www.nspw.org:80 216.244.66.200 - - [06/May/2018:03:19:17 -0400] "GET /2008/cfp.shtml HTTP/1.1" 302 501 "-" "Mozilla/5.0 (compatible; DotBot/1.1; http://www.opensiteexplorer.org/dotbot, help@moz.com)"
www.nspw.org:80 192.248.24.51 - - [06/May/2018:03:19:33 -0400] "GET /papers/2003/nspw2003-flechais.pdf HTTP/1.1" 302 539 "https://scholar.google.com/" "Mozilla/5.0 (Windows NT 10.0; Win64; x64) AppleWebKit/537.36 (KHTML, like Gecko) Chrome/66.0.3359.139 Safari/537.36"
www.nspw.org:80 66.249.64.208 - - [06/May/2018:03:20:31 -0400] "GET /2005/PC/paul%20van%20oorschot.pdf HTTP/1.1" 302 595 "-" "Googlebot/2.1 (+http://www.google.com/bot.html)"
www.nspw.org:80 66.249.64.206 - - [06/May/2018:03:20:35 -0400] "GET /papers/1993/nspw1993-yazdanian.pdf HTTP/1.1" 302 597 "-" "Googlebot/2.1 (+http://www.google.com/bot.html)"
www.nspw.org:80 216.244.66.200 - - [06/May/2018:03:20:42 -0400] "GET /2008/past.shtml HTTP/1.1" 302 503 "-" "Mozilla/5.0 (compatible; DotBot/1.1; http://www.opensiteexplorer.org/dotbot, help@moz.com)"
www.nspw.org:80 66.249.64.208 - - [06/May/2018:03:21:35 -0400] "GET /2005/PC/vivek%20haldar%20deepak%20chandra%20important%20note.pdf HTTP/1.1" 302 657 "-" "Googlebot/2.1 (+http://www.google.com/bot.html)"
www.nspw.org:80 185.234.218.67 - - [06/May/2018:03:22:31 -0400] "GET /.ftpconfig HTTP/1.1" 302 545 "-" "Mozilla/5.0 (Windows NT 6.3; Win64; x64) AppleWebKit/537.36 (KHTML, like Gecko) Chrome/62.0.3202.94 Safari/537.36"
www.nspw.org:80 185.234.218.67 - - [06/May/2018:03:22:32 -0400] "GET /.remote-sync.json HTTP/1.1" 302 559 "-" "Mozilla/5.0 (Windows NT 6.3; Win64; x64) AppleWebKit/537.36 (KHTML, like Gecko) Chrome/62.0.3202.94 Safari/537.36"
www.nspw.org:80 185.234.218.67 - - [06/May/2018:03:22:33 -0400] "GET /.vscode/ftp-sync.json HTTP/1.1" 302 567 "-" "Mozilla/5.0 (Windows NT 6.3; Win64; x64) AppleWebKit/537.36 (KHTML, like Gecko) Chrome/62.0.3202.94 Safari/537.36"
www.nspw.org:80 185.234.218.67 - - [06/May/2018:03:22:34 -0400] "GET /sftp-config.json HTTP/1.1" 302 557 "-" "Mozilla/5.0 (Windows NT 6.3; Win64; x64) AppleWebKit/537.36 (KHTML, like Gecko) Chrome/62.0.3202.94 Safari/537.36"
www.nspw.org:80 185.234.218.67 - - [06/May/2018:03:22:34 -0400] "GET /deployment-config.json HTTP/1.1" 302 569 "-" "Mozilla/5.0 (Windows NT 6.3; Win64; x64) AppleWebKit/537.36 (KHTML, like Gecko) Chrome/62.0.3202.94 Safari/537.36"
www.nspw.org:80 185.234.218.67 - - [06/May/2018:03:22:35 -0400] "GET /.ftpconfig HTTP/1.1" 302 549 "-" "Mozilla/5.0 (Windows NT 6.3; Win64; x64) AppleWebKit/537.36 (KHTML, like Gecko) Chrome/62.0.3202.94 Safari/537.36"
www.nspw.org:80 185.234.218.67 - - [06/May/2018:03:22:36 -0400] "GET /.remote-sync.json HTTP/1.1" 302 563 "-" "Mozilla/5.0 (Windows NT 6.3; Win64; x64) AppleWebKit/537.36 (KHTML, like Gecko) Chrome/62.0.3202.94 Safari/537.36"
www.nspw.org:80 185.234.218.67 - - [06/May/2018:03:22:37 -0400] "GET /.vscode/ftp-sync.json HTTP/1.1" 302 571 "-" "Mozilla/5.0 (Windows NT 6.3; Win64; x64) AppleWebKit/537.36 (KHTML, like Gecko) Chrome/62.0.3202.94 Safari/537.36"
www.nspw.org:80 185.234.218.67 - - [06/May/2018:03:22:37 -0400] "GET /sftp-config.json HTTP/1.1" 302 561 "-" "Mozilla/5.0 (Windows NT 6.3; Win64; x64) AppleWebKit/537.36 (KHTML, like Gecko) Chrome/62.0.3202.94 Safari/537.36"
www.nspw.org:80 185.234.218.67 - - [06/May/2018:03:22:38 -0400] "GET /deployment-config.json HTTP/1.1" 302 573 "-" "Mozilla/5.0 (Windows NT 6.3; Win64; x64) AppleWebKit/537.36 (KHTML, like Gecko) Chrome/62.0.3202.94 Safari/537.36"
www.nspw.org:80 69.162.124.227 - - [06/May/2018:03:23:27 -0400] "HEAD / HTTP/1.1" 302 188 "http://nspw.org/" "Mozilla/5.0+(compatible; UptimeRobot/2.0; http://www.uptimerobot.com/)"
www.nspw.org:80 54.36.148.250 - - [06/May/2018:03:23:41 -0400] "GET /2008/tmp/ HTTP/1.1" 302 491 "-" "Mozilla/5.0 (compatible; AhrefsBot/5.2; +http://ahrefs.com/robot/)"
www.nspw.org:80 5.9.94.207 - - [06/May/2018:03:25:10 -0400] "GET /2016/accepted HTTP/1.1" 302 555 "-" "Mozilla/5.0 (Windows NT 6.1) AppleWebKit/537.36 (KHTML, like Gecko) Chrome/63.0.3239.132 Safari/537.36"
www.nspw.org:80 216.244.66.247 - - [06/May/2018:03:27:08 -0400] "GET /2006/?C=N;O=D HTTP/1.1" 302 499 "-" "Mozilla/5.0 (compatible; DotBot/1.1; http://www.opensiteexplorer.org/dotbot, help@moz.com)"
www.nspw.org:80 66.249.64.17 - - [06/May/2018:03:27:57 -0400] "GET /2016 HTTP/1.1" 302 533 "-" "Mozilla/5.0 (compatible; Googlebot/2.1; +http://www.google.com/bot.html)"
www.nspw.org:80 216.244.66.200 - - [06/May/2018:03:27:59 -0400] "GET /1999/program.html HTTP/1.1" 302 507 "-" "Mozilla/5.0 (compatible; DotBot/1.1; http://www.opensiteexplorer.org/dotbot, help@moz.com)"
www.nspw.org:80 180.76.15.152 - - [06/May/2018:03:28:12 -0400] "GET /current/cfp/nspw2018-cfp.pdf HTTP/1.1" 302 548 "-" "Mozilla/5.0 (compatible; Baiduspider/2.0; +http://www.baidu.com/search/spider.html)"
www.nspw.org:80 69.162.124.227 - - [06/May/2018:03:28:27 -0400] "HEAD / HTTP/1.1" 302 188 "http://nspw.org/" "Mozilla/5.0+(compatible; UptimeRobot/2.0; http://www.uptimerobot.com/)"
www.nspw.org:80 199.16.157.181 - - [06/May/2018:03:31:57 -0400] "GET /robots.txt HTTP/1.1" 302 489 "-" "Twitterbot/1.0"
www.nspw.org:80 199.16.157.181 - - [06/May/2018:03:31:58 -0400] "GET /2018/cfp HTTP/1.1" 302 485 "-" "Twitterbot/1.0"
www.nspw.org:80 103.12.163.94 - - [06/May/2018:03:32:43 -0400] "GET /wp-login.php HTTP/1.1" 302 553 "-" "Mozilla/5.0 (Windows NT 6.1; WOW64; rv:40.0) Gecko/20100101 Firefox/40.1"
www.nspw.org:80 103.12.163.94 - - [06/May/2018:03:32:46 -0400] "GET / HTTP/1.1" 302 528 "-" "Mozilla/5.0 (Windows NT 6.1; WOW64; rv:40.0) Gecko/20100101 Firefox/40.1"
www.nspw.org:80 42.112.239.176 - - [06/May/2018:03:32:52 -0400] "GET /wp-login.php HTTP/1.1" 302 553 "-" "Mozilla/5.0 (Windows NT 6.1; WOW64; rv:40.0) Gecko/20100101 Firefox/40.1"
www.nspw.org:80 42.112.239.176 - - [06/May/2018:03:32:56 -0400] "GET / HTTP/1.1" 302 528 "-" "Mozilla/5.0 (Windows NT 6.1; WOW64; rv:40.0) Gecko/20100101 Firefox/40.1"
www.nspw.org:80 69.162.124.227 - - [06/May/2018:03:33:27 -0400] "HEAD / HTTP/1.1" 302 188 "http://nspw.org/" "Mozilla/5.0+(compatible; UptimeRobot/2.0; http://www.uptimerobot.com/)"
www.nspw.org:80 196.207.83.14 - - [06/May/2018:03:33:30 -0400] "GET /papers/2006/nspw2006-gates.pdf HTTP/1.1" 302 589 "http://www.nspw.org/" "Mozilla/5.0 (X11; Linux x86_64; rv:52.0) Gecko/20100101 Firefox/52.0"
www.nspw.org:80 54.36.148.218 - - [06/May/2018:03:34:17 -0400] "GET /2009/invite-old/preproc.html HTTP/1.1" 302 529 "-" "Mozilla/5.0 (compatible; AhrefsBot/5.2; +http://ahrefs.com/robot/)"
www.nspw.org:80 216.244.66.247 - - [06/May/2018:03:35:02 -0400] "GET /2008/ HTTP/1.1" 302 483 "-" "Mozilla/5.0 (compatible; DotBot/1.1; http://www.opensiteexplorer.org/dotbot, help@moz.com)"
www.nspw.org:80 69.162.124.227 - - [06/May/2018:03:38:27 -0400] "HEAD / HTTP/1.1" 302 188 "http://nspw.org/" "Mozilla/5.0+(compatible; UptimeRobot/2.0; http://www.uptimerobot.com/)"
www.nspw.org:80 217.131.84.2 - - [06/May/2018:03:39:01 -0400] "GET /wp-login.php HTTP/1.1" 302 553 "-" "Mozilla/5.0 (Windows NT 6.1; WOW64; rv:40.0) Gecko/20100101 Firefox/40.1"
www.nspw.org:80 217.131.84.2 - - [06/May/2018:03:39:04 -0400] "GET / HTTP/1.1" 302 528 "-" "Mozilla/5.0 (Windows NT 6.1; WOW64; rv:40.0) Gecko/20100101 Firefox/40.1"
www.nspw.org:80 185.143.222.2 - - [06/May/2018:03:39:57 -0400] "GET /user/login HTTP/1.1" 302 489 "http://NSPW.ORG/user/login" "Mozilla/5.0 (Windows NT 10.0; WOW64) AppleWebKit/537.36 (KHTML, like Gecko) Chrome/62.0.3198.0 Safari/537.36 OPR/49.0.2711.0"
www.nspw.org:80 185.143.222.2 - - [06/May/2018:03:39:58 -0400] "GET /user/login HTTP/1.1" 302 489 "http://NSPW.ORG/user/login" "Mozilla/5.0 (Windows NT 10.0; WOW64) AppleWebKit/537.36 (KHTML, like Gecko) Chrome/62.0.3198.0 Safari/537.36 OPR/49.0.2711.0"
www.nspw.org:80 185.143.222.2 - - [06/May/2018:03:39:58 -0400] "GET /user/login HTTP/1.1" 302 489 "http://NSPW.ORG/user/login" "Mozilla/5.0 (Windows NT 10.0; WOW64) AppleWebKit/537.36 (KHTML, like Gecko) Chrome/62.0.3198.0 Safari/537.36 OPR/49.0.2711.0"
www.nspw.org:80 66.249.64.206 - - [06/May/2018:03:41:15 -0400] "GET /papers/2013/nspw2013-peisert.pdf HTTP/1.1" 302 593 "-" "Mozilla/5.0 (compatible; Googlebot/2.1; +http://www.google.com/bot.html)"
www.nspw.org:80 54.36.149.106 - - [06/May/2018:03:42:00 -0400] "GET /introduction HTTP/1.1" 302 497 "-" "Mozilla/5.0 (compatible; AhrefsBot/5.2; +http://ahrefs.com/robot/)"
www.nspw.org:80 69.162.124.227 - - [06/May/2018:03:43:27 -0400] "HEAD / HTTP/1.1" 302 188 "http://nspw.org/" "Mozilla/5.0+(compatible; UptimeRobot/2.0; http://www.uptimerobot.com/)"
www.nspw.org:80 180.76.15.146 - - [06/May/2018:03:46:19 -0400] "GET /papers/2001/nspw2001-yan.pdf HTTP/1.1" 302 548 "-" "Mozilla/5.0 (compatible; Baiduspider/2.0; +http://www.baidu.com/search/spider.html)"
www.nspw.org:80 54.36.148.185 - - [06/May/2018:03:46:19 -0400] "GET /2009/proceedings/1997/?C=N;O=D HTTP/1.1" 302 533 "-" "Mozilla/5.0 (compatible; AhrefsBot/5.2; +http://ahrefs.com/robot/)"
www.nspw.org:80 180.23.174.51 - - [06/May/2018:03:46:48 -0400] "GET /2018 HTTP/1.1" 302 500 "-" "LWP::Simple/6.29 libwww-perl/6.29"
www.nspw.org:80 123.207.95.146 - - [06/May/2018:03:47:30 -0400] "GET / HTTP/1.1" 302 492 "-" "Mozilla/4.0 (compatible; MSIE 6.1; Windows NT)"
www.nspw.org:80 153.120.13.148 - - [06/May/2018:03:47:39 -0400] "HEAD /current/ HTTP/1.1" 302 233 "-" "Hatena Antenna/0.5 (http://a.hatena.ne.jp/help)"
www.nspw.org:80 153.120.13.148 - - [06/May/2018:03:47:41 -0400] "GET /current/ HTTP/1.1" 302 545 "-" "Hatena Antenna/0.5 (http://a.hatena.ne.jp/help)"
www.nspw.org:80 69.162.124.227 - - [06/May/2018:03:48:27 -0400] "HEAD / HTTP/1.1" 302 188 "http://nspw.org/" "Mozilla/5.0+(compatible; UptimeRobot/2.0; http://www.uptimerobot.com/)"
www.nspw.org:80 86.137.104.111 - - [06/May/2018:03:48:53 -0400] "GET /papers/2013/nspw2013-ard.pdf HTTP/1.1" 302 585 "-" "Mozilla/5.0 (iPhone; CPU iPhone OS 11_3 like Mac OS X) AppleWebKit/605.1.15 (KHTML, like Gecko) Version/11.0 Mobile/15E148 Safari/604.1"
www.nspw.org:80 14.215.176.6 - - [06/May/2018:03:52:00 -0400] "GET / HTTP/1.1" 302 525 "http://www.baidu.com/s?wd=3PG" "Mozilla/5.0 (Windows NT 6.1; WOW64; rv:43.0) Gecko/20100101 Firefox/43.0"
www.nspw.org:80 ::1 - - [06/May/2018:03:52:06 -0400] "OPTIONS * HTTP/1.0" 200 126 "-" "Apache/2.4.29 (Ubuntu) OpenSSL/1.1.0g (internal dummy connection)"
www.nspw.org:80 ::1 - - [06/May/2018:03:52:07 -0400] "OPTIONS * HTTP/1.0" 200 126 "-" "Apache/2.4.29 (Ubuntu) OpenSSL/1.1.0g (internal dummy connection)"
www.nspw.org:80 ::1 - - [06/May/2018:03:52:08 -0400] "OPTIONS * HTTP/1.0" 200 126 "-" "Apache/2.4.29 (Ubuntu) OpenSSL/1.1.0g (internal dummy connection)"
www.nspw.org:80 216.244.66.200 - - [06/May/2018:03:52:48 -0400] "GET /2016/location HTTP/1.1" 302 499 "-" "Mozilla/5.0 (compatible; DotBot/1.1; http://www.opensiteexplorer.org/dotbot, help@moz.com)"
www.nspw.org:80 69.162.124.227 - - [06/May/2018:03:53:27 -0400] "HEAD / HTTP/1.1" 302 188 "http://nspw.org/" "Mozilla/5.0+(compatible; UptimeRobot/2.0; http://www.uptimerobot.com/)"
www.nspw.org:80 66.249.64.210 - - [06/May/2018:03:54:35 -0400] "GET /papers/2009/nspw2009-verendel.pdf HTTP/1.1" 302 595 "-" "Mozilla/5.0 (compatible; Googlebot/2.1; +http://www.google.com/bot.html)"
www.nspw.org:80 1.126.105.157 - - [06/May/2018:03:55:04 -0400] "GET /wp-login.php HTTP/1.1" 302 553 "-" "Mozilla/5.0 (Windows NT 6.1; WOW64; rv:40.0) Gecko/20100101 Firefox/40.1"
www.nspw.org:80 1.126.105.157 - - [06/May/2018:03:55:07 -0400] "GET / HTTP/1.1" 302 528 "-" "Mozilla/5.0 (Windows NT 6.1; WOW64; rv:40.0) Gecko/20100101 Firefox/40.1"
www.nspw.org:80 216.244.66.200 - - [06/May/2018:03:55:33 -0400] "GET /proceedings/2010 HTTP/1.1" 302 505 "-" "Mozilla/5.0 (compatible; DotBot/1.1; http://www.opensiteexplorer.org/dotbot, help@moz.com)"
www.nspw.org:80 216.244.66.236 - - [06/May/2018:03:58:08 -0400] "GET /robots.txt HTTP/1.1" 302 493 "-" "Mozilla/5.0 (compatible; DotBot/1.1; http://www.opensiteexplorer.org/dotbot, help@moz.com)"
www.nspw.org:80 69.162.124.227 - - [06/May/2018:03:58:27 -0400] "HEAD / HTTP/1.1" 302 188 "http://nspw.org/" "Mozilla/5.0+(compatible; UptimeRobot/2.0; http://www.uptimerobot.com/)"
www.nspw.org:80 123.22.81.198 - - [06/May/2018:03:59:25 -0400] "GET /wp-login.php HTTP/1.1" 302 553 "-" "Mozilla/5.0 (Windows NT 6.1; WOW64; rv:40.0) Gecko/20100101 Firefox/40.1"
www.nspw.org:80 123.22.81.198 - - [06/May/2018:03:59:29 -0400] "GET / HTTP/1.1" 302 528 "-" "Mozilla/5.0 (Windows NT 6.1; WOW64; rv:40.0) Gecko/20100101 Firefox/40.1"
www.nspw.org:80 216.244.66.247 - - [06/May/2018:03:59:51 -0400] "GET /2004/nspw-header.html HTTP/1.1" 302 515 "-" "Mozilla/5.0 (compatible; DotBot/1.1; http://www.opensiteexplorer.org/dotbot, help@moz.com)"
www.nspw.org:80 216.244.66.247 - - [06/May/2018:04:00:04 -0400] "GET /2004/submission.content HTTP/1.1" 302 519 "-" "Mozilla/5.0 (compatible; DotBot/1.1; http://www.opensiteexplorer.org/dotbot, help@moz.com)"
www.nspw.org:80 69.162.124.227 - - [06/May/2018:04:03:27 -0400] "HEAD / HTTP/1.1" 302 188 "http://nspw.org/" "Mozilla/5.0+(compatible; UptimeRobot/2.0; http://www.uptimerobot.com/)"
www.nspw.org:80 77.75.76.161 - - [06/May/2018:04:03:28 -0400] "GET /robots.txt HTTP/1.1" 302 549 "-" "Mozilla/5.0 (compatible; SeznamBot/3.2; +http://napoveda.seznam.cz/en/seznambot-intro/)"
www.nspw.org:80 77.75.76.161 - - [06/May/2018:04:03:29 -0400] "GET /cfp/nspw2016-cfp.pdf HTTP/1.1" 302 568 "-" "Mozilla/5.0 (compatible; SeznamBot/3.2; +http://napoveda.seznam.cz/en/seznambot-intro/)"
www.nspw.org:80 77.75.76.161 - - [06/May/2018:04:03:29 -0400] "GET /proceedings/1996 HTTP/1.1" 302 560 "-" "Mozilla/5.0 (compatible; SeznamBot/3.2; +http://napoveda.seznam.cz/en/seznambot-intro/)"
www.nspw.org:80 77.75.76.161 - - [06/May/2018:04:03:30 -0400] "GET /2001/local.html HTTP/1.1" 302 558 "-" "Mozilla/5.0 (compatible; SeznamBot/3.2; +http://napoveda.seznam.cz/en/seznambot-intro/)"
www.nspw.org:80 77.75.76.161 - - [06/May/2018:04:03:30 -0400] "GET /2010/cfp HTTP/1.1" 302 544 "-" "Mozilla/5.0 (compatible; SeznamBot/3.2; +http://napoveda.seznam.cz/en/seznambot-intro/)"
www.nspw.org:80 216.244.66.200 - - [06/May/2018:04:06:11 -0400] "GET /papers/1994/?C=S;O=A HTTP/1.1" 302 513 "-" "Mozilla/5.0 (compatible; DotBot/1.1; http://www.opensiteexplorer.org/dotbot, help@moz.com)"
www.nspw.org:80 216.244.66.247 - - [06/May/2018:04:06:18 -0400] "GET /2006/invite/local.html HTTP/1.1" 302 517 "-" "Mozilla/5.0 (compatible; DotBot/1.1; http://www.opensiteexplorer.org/dotbot, help@moz.com)"
www.nspw.org:80 86.4.205.144 - - [06/May/2018:04:06:48 -0400] "GET /papers/2009/nspw2009-gibson.pdf HTTP/1.1" 302 591 "https://www.google.co.uk/" "Mozilla/5.0 (Windows NT 10.0; Win64; x64) AppleWebKit/537.36 (KHTML, like Gecko) Chrome/65.0.3325.181 Safari/537.36"
www.nspw.org:80 162.247.20.202 - - [06/May/2018:04:07:41 -0400] "GET /wp-login.php HTTP/1.1" 302 553 "-" "Mozilla/5.0 (Windows NT 6.1; WOW64; rv:40.0) Gecko/20100101 Firefox/40.1"
www.nspw.org:80 103.53.109.164 - - [06/May/2018:04:07:41 -0400] "GET /wp-login.php HTTP/1.1" 302 553 "-" "Mozilla/5.0 (Windows NT 6.1; WOW64; rv:40.0) Gecko/20100101 Firefox/40.1"
www.nspw.org:80 162.247.20.202 - - [06/May/2018:04:07:41 -0400] "GET / HTTP/1.1" 302 528 "-" "Mozilla/5.0 (Windows NT 6.1; WOW64; rv:40.0) Gecko/20100101 Firefox/40.1"
www.nspw.org:80 103.53.109.164 - - [06/May/2018:04:07:50 -0400] "GET / HTTP/1.1" 302 529 "-" "Mozilla/5.0 (Windows NT 6.1; WOW64; rv:40.0) Gecko/20100101 Firefox/40.1"
www.nspw.org:80 66.249.64.210 - - [06/May/2018:04:07:55 -0400] "GET /papers/2009/nspw2009-verendel.pdf HTTP/1.1" 302 595 "-" "Mozilla/5.0 (Linux; Android 6.0.1; Nexus 5X Build/MMB29P) AppleWebKit/537.36 (KHTML, like Gecko) Chrome/41.0.2272.96 Mobile Safari/537.36 (compatible; Googlebot/2.1; +http://www.google.com/bot.html)"
www.nspw.org:80 216.244.66.200 - - [06/May/2018:04:08:08 -0400] "GET /2008/proceedings.shtml HTTP/1.1" 302 517 "-" "Mozilla/5.0 (compatible; DotBot/1.1; http://www.opensiteexplorer.org/dotbot, help@moz.com)"
www.nspw.org:80 69.162.124.227 - - [06/May/2018:04:08:27 -0400] "HEAD / HTTP/1.1" 302 188 "http://nspw.org/" "Mozilla/5.0+(compatible; UptimeRobot/2.0; http://www.uptimerobot.com/)"
www.nspw.org:80 216.244.66.200 - - [06/May/2018:04:09:34 -0400] "GET /papers/2007/?C=D;O=A HTTP/1.1" 302 513 "-" "Mozilla/5.0 (compatible; DotBot/1.1; http://www.opensiteexplorer.org/dotbot, help@moz.com)"
www.nspw.org:80 189.216.18.124 - - [06/May/2018:04:10:06 -0400] "GET /wp-login.php HTTP/1.1" 302 553 "-" "Mozilla/5.0 (Windows NT 6.1; WOW64; rv:40.0) Gecko/20100101 Firefox/40.1"
www.nspw.org:80 189.216.18.124 - - [06/May/2018:04:10:07 -0400] "GET / HTTP/1.1" 302 528 "-" "Mozilla/5.0 (Windows NT 6.1; WOW64; rv:40.0) Gecko/20100101 Firefox/40.1"
www.nspw.org:80 216.244.66.200 - - [06/May/2018:04:10:24 -0400] "GET /2009/proceedings/1997/?C=S;O=D HTTP/1.1" 302 533 "-" "Mozilla/5.0 (compatible; DotBot/1.1; http://www.opensiteexplorer.org/dotbot, help@moz.com)"
www.nspw.org:80 216.244.66.200 - - [06/May/2018:04:11:21 -0400] "GET /2009/proceedings/2007/?C=S;O=D HTTP/1.1" 302 533 "-" "Mozilla/5.0 (compatible; DotBot/1.1; http://www.opensiteexplorer.org/dotbot, help@moz.com)"
www.nspw.org:80 216.244.66.200 - - [06/May/2018:04:13:00 -0400] "GET /2009/local.content HTTP/1.1" 302 509 "-" "Mozilla/5.0 (compatible; DotBot/1.1; http://www.opensiteexplorer.org/dotbot, help@moz.com)"
www.nspw.org:80 69.162.124.227 - - [06/May/2018:04:13:27 -0400] "HEAD / HTTP/1.1" 302 188 "http://nspw.org/" "Mozilla/5.0+(compatible; UptimeRobot/2.0; http://www.uptimerobot.com/)"
www.nspw.org:80 216.244.66.247 - - [06/May/2018:04:13:33 -0400] "GET /2007/papers.content HTTP/1.1" 302 511 "-" "Mozilla/5.0 (compatible; DotBot/1.1; http://www.opensiteexplorer.org/dotbot, help@moz.com)"
www.nspw.org:80 216.244.66.247 - - [06/May/2018:04:13:45 -0400] "GET /2007/papers.contentQQ HTTP/1.1" 302 515 "-" "Mozilla/5.0 (compatible; DotBot/1.1; http://www.opensiteexplorer.org/dotbot, help@moz.com)"
www.nspw.org:80 103.217.245.68 - - [06/May/2018:04:15:37 -0400] "GET /wp-login.php HTTP/1.1" 302 553 "-" "Mozilla/5.0 (Windows NT 6.1; WOW64; rv:40.0) Gecko/20100101 Firefox/40.1"
www.nspw.org:80 103.217.245.68 - - [06/May/2018:04:15:39 -0400] "GET / HTTP/1.1" 302 528 "-" "Mozilla/5.0 (Windows NT 6.1; WOW64; rv:40.0) Gecko/20100101 Firefox/40.1"
www.nspw.org:80 216.244.66.200 - - [06/May/2018:04:15:47 -0400] "GET /papers/2006/ HTTP/1.1" 302 497 "-" "Mozilla/5.0 (compatible; DotBot/1.1; http://www.opensiteexplorer.org/dotbot, help@moz.com)"
www.nspw.org:80 136.243.17.161 - - [06/May/2018:04:16:27 -0400] "GET /papers/2010/nspw2010-maxion.pdf HTTP/1.1" 302 591 "-" "Mozilla/5.0 (Windows NT 6.1; Win64; x64) AppleWebKit/537.36 (KHTML, like Gecko) Chrome/63.0.3239.84 Safari/537.36"
www.nspw.org:80 216.244.66.200 - - [06/May/2018:04:16:37 -0400] "GET /papers/1996/?C=M;O=D HTTP/1.1" 302 513 "-" "Mozilla/5.0 (compatible; DotBot/1.1; http://www.opensiteexplorer.org/dotbot, help@moz.com)"
www.nspw.org:80 92.191.120.134 - - [06/May/2018:04:17:58 -0400] "GET /wp-login.php HTTP/1.1" 302 553 "-" "Mozilla/5.0 (Windows NT 6.1; WOW64; rv:40.0) Gecko/20100101 Firefox/40.1"
www.nspw.org:80 92.191.120.134 - - [06/May/2018:04:18:00 -0400] "GET / HTTP/1.1" 302 528 "-" "Mozilla/5.0 (Windows NT 6.1; WOW64; rv:40.0) Gecko/20100101 Firefox/40.1"
www.nspw.org:80 69.162.124.227 - - [06/May/2018:04:18:27 -0400] "HEAD / HTTP/1.1" 302 188 "http://nspw.org/" "Mozilla/5.0+(compatible; UptimeRobot/2.0; http://www.uptimerobot.com/)"
www.nspw.org:80 216.244.66.247 - - [06/May/2018:04:20:32 -0400] "GET /2008/registration.content.2007 HTTP/1.1" 302 533 "-" "Mozilla/5.0 (compatible; DotBot/1.1; http://www.opensiteexplorer.org/dotbot, help@moz.com)"
www.nspw.org:80 220.181.125.142 - - [06/May/2018:04:21:31 -0400] "GET /papers/2010/nspw2010-parkin.pdf HTTP/1.1" 302 554 "-" "Sogou web spider/4.0(+http://www.sogou.com/docs/help/webmasters.htm#07)"
www.nspw.org:80 220.181.125.142 - - [06/May/2018:04:21:32 -0400] "GET /robots.txt HTTP/1.1" 302 512 "-" "Sogou web spider/4.0(+http://www.sogou.com/docs/help/webmasters.htm#07)"
www.nspw.org:80 220.181.125.142 - - [06/May/2018:04:21:41 -0400] "GET /2018/cfp HTTP/1.1" 302 508 "-" "Sogou web spider/4.0(+http://www.sogou.com/docs/help/webmasters.htm#07)"
www.nspw.org:80 216.244.66.236 - - [06/May/2018:04:21:59 -0400] "GET /robots.txt HTTP/1.1" 302 493 "-" "Mozilla/5.0 (compatible; DotBot/1.1; http://www.opensiteexplorer.org/dotbot, help@moz.com)"
www.nspw.org:80 73.180.84.52 - - [06/May/2018:04:23:21 -0400] "GET /wp-login.php HTTP/1.1" 302 553 "-" "Mozilla/5.0 (Windows NT 6.1; WOW64; rv:40.0) Gecko/20100101 Firefox/40.1"
www.nspw.org:80 73.180.84.52 - - [06/May/2018:04:23:21 -0400] "GET / HTTP/1.1" 302 528 "-" "Mozilla/5.0 (Windows NT 6.1; WOW64; rv:40.0) Gecko/20100101 Firefox/40.1"
www.nspw.org:80 69.162.124.227 - - [06/May/2018:04:23:27 -0400] "HEAD / HTTP/1.1" 302 188 "http://nspw.org/" "Mozilla/5.0+(compatible; UptimeRobot/2.0; http://www.uptimerobot.com/)"
www.nspw.org:80 54.171.50.20 - - [06/May/2018:04:25:50 -0400] "HEAD /papers/2008/nspw2008-beautement.pdf HTTP/1.1" 302 223 "https://resources.cybsafe.com" "Mozilla/5.0 (compatible; MSIE 9.0; Windows NT 6.1; WOW64; Trident/5.0)"
www.nspw.org:80 54.171.50.20 - - [06/May/2018:04:26:20 -0400] "HEAD /papers/2009/nspw2009-herley.pdf HTTP/1.1" 302 219 "https://resources.cybsafe.com" "Mozilla/5.0 (compatible; MSIE 9.0; Windows NT 6.1; WOW64; Trident/5.0)"
www.nspw.org:80 216.244.66.247 - - [06/May/2018:04:27:46 -0400] "GET /papers/2012/ HTTP/1.1" 302 497 "-" "Mozilla/5.0 (compatible; DotBot/1.1; http://www.opensiteexplorer.org/dotbot, help@moz.com)"
www.nspw.org:80 157.39.155.163 - - [06/May/2018:04:28:17 -0400] "GET /wp-login.php HTTP/1.1" 302 553 "-" "Mozilla/5.0 (Windows NT 6.1; WOW64; rv:40.0) Gecko/20100101 Firefox/40.1"
www.nspw.org:80 157.39.155.163 - - [06/May/2018:04:28:19 -0400] "GET / HTTP/1.1" 302 528 "-" "Mozilla/5.0 (Windows NT 6.1; WOW64; rv:40.0) Gecko/20100101 Firefox/40.1"
www.nspw.org:80 54.36.148.14 - - [06/May/2018:04:28:26 -0400] "GET /2008/papers.shtml HTTP/1.1" 302 507 "-" "Mozilla/5.0 (compatible; AhrefsBot/5.2; +http://ahrefs.com/robot/)"
www.nspw.org:80 69.162.124.227 - - [06/May/2018:04:28:27 -0400] "HEAD / HTTP/1.1" 302 188 "http://nspw.org/" "Mozilla/5.0+(compatible; UptimeRobot/2.0; http://www.uptimerobot.com/)"
www.nspw.org:80 157.37.229.62 - - [06/May/2018:04:29:04 -0400] "GET /wp-login.php HTTP/1.1" 302 553 "-" "Mozilla/5.0 (Windows NT 6.1; WOW64; rv:40.0) Gecko/20100101 Firefox/40.1"
www.nspw.org:80 157.37.229.62 - - [06/May/2018:04:29:06 -0400] "GET / HTTP/1.1" 302 528 "-" "Mozilla/5.0 (Windows NT 6.1; WOW64; rv:40.0) Gecko/20100101 Firefox/40.1"
www.nspw.org:80 180.76.15.142 - - [06/May/2018:04:31:06 -0400] "GET / HTTP/1.1" 302 503 "-" "Mozilla/5.0 (compatible; Baiduspider/2.0; +http://www.baidu.com/search/spider.html)"
www.nspw.org:80 54.36.148.92 - - [06/May/2018:04:33:06 -0400] "GET / HTTP/1.1" 302 473 "-" "Mozilla/5.0 (compatible; AhrefsBot/5.2; +http://ahrefs.com/robot/)"
www.nspw.org:80 69.162.124.227 - - [06/May/2018:04:33:27 -0400] "HEAD / HTTP/1.1" 302 188 "http://nspw.org/" "Mozilla/5.0+(compatible; UptimeRobot/2.0; http://www.uptimerobot.com/)"
www.nspw.org:80 185.143.222.2 - - [06/May/2018:04:37:25 -0400] "GET /user/login HTTP/1.1" 302 489 "http://NSPW.ORG/user/login" "Mozilla/5.0 (Windows NT 10.0; WOW64) AppleWebKit/537.36 (KHTML, like Gecko) Chrome/62.0.3198.0 Safari/537.36 OPR/49.0.2711.0"
www.nspw.org:80 185.143.222.2 - - [06/May/2018:04:37:26 -0400] "GET /user/login HTTP/1.1" 302 489 "http://NSPW.ORG/user/login" "Mozilla/5.0 (Windows NT 10.0; WOW64) AppleWebKit/537.36 (KHTML, like Gecko) Chrome/62.0.3198.0 Safari/537.36 OPR/49.0.2711.0"
www.nspw.org:80 185.143.222.2 - - [06/May/2018:04:37:26 -0400] "GET /user/login HTTP/1.1" 302 489 "http://NSPW.ORG/user/login" "Mozilla/5.0 (Windows NT 10.0; WOW64) AppleWebKit/537.36 (KHTML, like Gecko) Chrome/62.0.3198.0 Safari/537.36 OPR/49.0.2711.0"
www.nspw.org:80 190.210.186.71 - - [06/May/2018:04:37:57 -0400] "GET /papers/2011/nspw2011-du.pdf&amp;sa=U&amp;ved=0ahUKEwjBgIX11fDaAhWLIpAKHSBkB2oQFgiPAjA2&amp;usg=AOvVaw1DpYuvxS7Yy2QFK0hvnUxu/js/lib/ccard.js HTTP/1.1" 302 782 "-" "Mozilla/5.0 (Windows; U; Windows NT 5.1; en-US; rv:1.9.2) Gecko/20100115 Firefox/3.6"
www.nspw.org:80 190.210.186.71 - - [06/May/2018:04:37:58 -0400] "GET /papers/2011/nspw2011-du.pdf&amp;sa=U&amp;ved=0ahUKEwjBgIX11fDaAhWLIpAKHSBkB2oQFgiPAjA2&amp;usg=AOvVaw1DpYuvxS7Yy2QFK0hvnUxu//app/etc/local.xml HTTP/1.1" 302 788 "-" "Mozilla/5.0 (Windows; U; Windows NT 5.1; en-US; rv:1.9.2) Gecko/20100115 Firefox/3.6"
www.nspw.org:80 190.210.186.71 - - [06/May/2018:04:38:00 -0400] "GET /js/lib/ccard.js HTTP/1.1" 302 522 "-" "Mozilla/5.0 (Windows; U; Windows NT 5.1; en-US; rv:1.9.2) Gecko/20100115 Firefox/3.6"
www.nspw.org:80 190.210.186.71 - - [06/May/2018:04:38:06 -0400] "GET //app/etc/local.xml HTTP/1.1" 302 526 "-" "Mozilla/5.0 (Windows; U; Windows NT 5.1; en-US; rv:1.9.2) Gecko/20100115 Firefox/3.6"
www.nspw.org:80 190.210.186.71 - - [06/May/2018:04:38:08 -0400] "GET /papers/2011/js/lib/ccard.js HTTP/1.1" 302 546 "-" "Mozilla/5.0 (Windows; U; Windows NT 5.1; en-US; rv:1.9.2) Gecko/20100115 Firefox/3.6"
www.nspw.org:80 190.210.186.71 - - [06/May/2018:04:38:09 -0400] "GET /papers/2011//app/etc/local.xml HTTP/1.1" 302 552 "-" "Mozilla/5.0 (Windows; U; Windows NT 5.1; en-US; rv:1.9.2) Gecko/20100115 Firefox/3.6"
www.nspw.org:80 69.162.124.227 - - [06/May/2018:04:38:27 -0400] "HEAD / HTTP/1.1" 302 188 "http://nspw.org/" "Mozilla/5.0+(compatible; UptimeRobot/2.0; http://www.uptimerobot.com/)"
www.nspw.org:80 82.102.25.228 - - [06/May/2018:04:39:02 -0400] "GET / HTTP/1.1" 302 492 "-" "Mozilla/4.0 (compatible; MSIE 5.0; Windows NT; DigExt; DTS Agent"
www.nspw.org:80 34.229.167.12 - - [06/May/2018:04:40:14 -0400] "GET /2018 HTTP/1.1" 302 481 "-" "Mozilla/5.0 (Macintosh; Intel Mac OS X 10.11; rv:49.0) Gecko/20100101 Firefox/49.0 (FlipboardProxy/1.2; +http://flipboard.com/browserproxy)"
www.nspw.org:80 183.80.96.49 - - [06/May/2018:04:40:18 -0400] "GET /wp-login.php HTTP/1.1" 302 553 "-" "Mozilla/5.0 (Windows NT 6.1; WOW64; rv:40.0) Gecko/20100101 Firefox/40.1"
www.nspw.org:80 183.80.96.49 - - [06/May/2018:04:40:21 -0400] "GET / HTTP/1.1" 302 528 "-" "Mozilla/5.0 (Windows NT 6.1; WOW64; rv:40.0) Gecko/20100101 Firefox/40.1"
www.nspw.org:80 141.212.122.32 - - [06/May/2018:04:40:43 -0400] "GET /x HTTP/1.1" 400 0 "-" "Telesphoreo"
www.nspw.org:80 190.210.186.71 - - [06/May/2018:04:42:00 -0400] "GET /papers/2011/nspw2011-du.pdf&amp;sa=U&amp;ved=0ahUKEwj115331fDaAhXDfZAKHeSyC4Q4MhAWCCkwBA&amp;usg=AOvVaw0WqXPZpsaO1u7xIDvObtbS/js/lib/ccard.js HTTP/1.1" 302 786 "-" "Mozilla/5.0 (Windows; U; Windows NT 5.1; en-US; rv:1.9.2) Gecko/20100115 Firefox/3.6"
www.nspw.org:80 190.210.186.71 - - [06/May/2018:04:42:02 -0400] "GET /papers/2011/nspw2011-du.pdf&amp;sa=U&amp;ved=0ahUKEwj115331fDaAhXDfZAKHeSyC4Q4MhAWCCkwBA&amp;usg=AOvVaw0WqXPZpsaO1u7xIDvObtbS//app/etc/local.xml HTTP/1.1" 302 792 "-" "Mozilla/5.0 (Windows; U; Windows NT 5.1; en-US; rv:1.9.2) Gecko/20100115 Firefox/3.6"
www.nspw.org:80 69.162.124.227 - - [06/May/2018:04:43:27 -0400] "HEAD / HTTP/1.1" 302 188 "http://nspw.org/" "Mozilla/5.0+(compatible; UptimeRobot/2.0; http://www.uptimerobot.com/)"
www.nspw.org:80 66.249.64.206 - - [06/May/2018:04:43:52 -0400] "GET /modules/system/system.base.css?nhfa6e HTTP/1.1" 302 603 "http://www.nspw.org/2013/" "Mozilla/5.0 (compatible; Googlebot/2.1; +http://www.google.com/bot.html)"
www.nspw.org:80 66.249.64.206 - - [06/May/2018:04:43:53 -0400] "GET /themes/garland/print.css?nhfa6e HTTP/1.1" 302 590 "http://www.nspw.org/2013/" "Mozilla/5.0 (compatible; Googlebot/2.1; +http://www.google.com/bot.html)"
www.nspw.org:80 66.249.64.210 - - [06/May/2018:04:43:53 -0400] "GET /modules/system/system.menus.css?nhfa6e HTTP/1.1" 302 605 "http://www.nspw.org/2013/" "Mozilla/5.0 (compatible; Googlebot/2.1; +http://www.google.com/bot.html)"
www.nspw.org:80 66.249.64.206 - - [06/May/2018:04:43:54 -0400] "GET /modules/field/theme/field.css?nhfa6e HTTP/1.1" 302 600 "http://www.nspw.org/2013/" "Mozilla/5.0 (compatible; Googlebot/2.1; +http://www.google.com/bot.html)"
www.nspw.org:80 66.249.64.210 - - [06/May/2018:04:43:54 -0400] "GET /modules/system/system.messages.css?nhfa6e HTTP/1.1" 302 610 "http://www.nspw.org/2013/" "Mozilla/5.0 (compatible; Googlebot/2.1; +http://www.google.com/bot.html)"
www.nspw.org:80 66.249.64.210 - - [06/May/2018:04:43:55 -0400] "GET /modules/system/system.theme.css?nhfa6e HTTP/1.1" 302 604 "http://www.nspw.org/2013/" "Mozilla/5.0 (compatible; Googlebot/2.1; +http://www.google.com/bot.html)"
www.nspw.org:80 66.249.64.210 - - [06/May/2018:04:43:55 -0400] "GET /modules/user/user.css?nhfa6e HTTP/1.1" 302 584 "http://www.nspw.org/2013/" "Mozilla/5.0 (compatible; Googlebot/2.1; +http://www.google.com/bot.html)"
