www.nspw.org:80 180.76.15.19 - - [07/May/2018:06:25:53 -0400] "GET /node/48 HTTP/1.1" 302 506 "-" "Mozilla/5.0 (compatible; Baiduspider/2.0; +http://www.baidu.com/search/spider.html)"
www.nspw.org:80 203.133.169.137 - - [07/May/2018:06:25:57 -0400] "GET /robots.txt HTTP/1.1" 302 512 "-" "Mozilla/5.0 (compatible; Daum/4.1; +http://cs.daum.net/faq/15/4118.html?faqId=28966)"
www.nspw.org:80 203.133.169.137 - - [07/May/2018:06:25:58 -0400] "GET /2007/local.content HTTP/1.1" 302 528 "-" "Mozilla/5.0 (compatible; Daum/4.1; +http://cs.daum.net/faq/15/4118.html?faqId=28966)"
www.nspw.org:80 203.133.169.137 - - [07/May/2018:06:26:15 -0400] "GET /2005/ HTTP/1.1" 302 502 "-" "Mozilla/5.0 (compatible; Daum/4.1; +http://cs.daum.net/faq/15/4118.html?faqId=28966)"
www.nspw.org:80 203.133.169.137 - - [07/May/2018:06:26:25 -0400] "GET /2012/ HTTP/1.1" 302 502 "-" "Mozilla/5.0 (compatible; Daum/4.1; +http://cs.daum.net/faq/15/4118.html?faqId=28966)"
www.nspw.org:80 203.133.169.137 - - [07/May/2018:06:26:58 -0400] "GET /2013/ HTTP/1.1" 302 502 "-" "Mozilla/5.0 (compatible; Daum/4.1; +http://cs.daum.net/faq/15/4118.html?faqId=28966)"
www.nspw.org:80 203.133.169.137 - - [07/May/2018:06:27:20 -0400] "GET /2017/ HTTP/1.1" 302 502 "-" "Mozilla/5.0 (compatible; Daum/4.1; +http://cs.daum.net/faq/15/4118.html?faqId=28966)"
www.nspw.org:80 203.133.169.137 - - [07/May/2018:06:27:41 -0400] "GET /2017/program HTTP/1.1" 302 516 "-" "Mozilla/5.0 (compatible; Daum/4.1; +http://cs.daum.net/faq/15/4118.html?faqId=28966)"
www.nspw.org:80 203.133.169.137 - - [07/May/2018:06:28:03 -0400] "GET /2018 HTTP/1.1" 302 500 "-" "Mozilla/5.0 (compatible; Daum/4.1; +http://cs.daum.net/faq/15/4118.html?faqId=28966)"
www.nspw.org:80 203.133.169.137 - - [07/May/2018:06:28:24 -0400] "GET /cfp/flyer_NSPW_2013.pdf HTTP/1.1" 302 538 "-" "Mozilla/5.0 (compatible; Daum/4.1; +http://cs.daum.net/faq/15/4118.html?faqId=28966)"
www.nspw.org:80 203.133.169.137 - - [07/May/2018:06:28:46 -0400] "GET /cfp/nspw2015-cfp.pdf HTTP/1.1" 302 532 "-" "Mozilla/5.0 (compatible; Daum/4.1; +http://cs.daum.net/faq/15/4118.html?faqId=28966)"
www.nspw.org:80 203.133.169.137 - - [07/May/2018:06:29:08 -0400] "GET /papers/2000/nspw2000-marceau.pdf HTTP/1.1" 302 556 "-" "Mozilla/5.0 (compatible; Daum/4.1; +http://cs.daum.net/faq/15/4118.html?faqId=28966)"
www.nspw.org:80 69.162.124.227 - - [07/May/2018:06:29:16 -0400] "HEAD / HTTP/1.1" 302 188 "http://nspw.org/" "Mozilla/5.0+(compatible; UptimeRobot/2.0; http://www.uptimerobot.com/)"
www.nspw.org:80 203.133.169.137 - - [07/May/2018:06:29:32 -0400] "GET /papers/2001/nspw2001-blakley.pdf HTTP/1.1" 302 556 "-" "Mozilla/5.0 (compatible; Daum/4.1; +http://cs.daum.net/faq/15/4118.html?faqId=28966)"
www.nspw.org:80 203.133.169.137 - - [07/May/2018:06:29:56 -0400] "GET /papers/2005/nspw2005-marceau.pdf HTTP/1.1" 302 556 "-" "Mozilla/5.0 (compatible; Daum/4.1; +http://cs.daum.net/faq/15/4118.html?faqId=28966)"
www.nspw.org:80 54.36.148.46 - - [07/May/2018:06:30:03 -0400] "GET /proceedings/1997 HTTP/1.1" 302 501 "-" "Mozilla/5.0 (compatible; AhrefsBot/5.2; +http://ahrefs.com/robot/)"
www.nspw.org:80 203.133.169.137 - - [07/May/2018:06:30:20 -0400] "GET /papers/2011/nspw2011-feigenbaum.pdf HTTP/1.1" 302 562 "-" "Mozilla/5.0 (compatible; Daum/4.1; +http://cs.daum.net/faq/15/4118.html?faqId=28966)"
www.nspw.org:80 203.133.169.137 - - [07/May/2018:06:30:30 -0400] "GET /papers/2012/ HTTP/1.1" 302 516 "-" "Mozilla/5.0 (compatible; Daum/4.1; +http://cs.daum.net/faq/15/4118.html?faqId=28966)"
www.nspw.org:80 177.156.23.23 - - [07/May/2018:06:30:47 -0400] "GET /wp-login.php HTTP/1.1" 302 553 "-" "Mozilla/5.0 (Windows NT 6.1; WOW64; rv:40.0) Gecko/20100101 Firefox/40.1"
www.nspw.org:80 177.156.23.23 - - [07/May/2018:06:30:50 -0400] "GET / HTTP/1.1" 302 528 "-" "Mozilla/5.0 (Windows NT 6.1; WOW64; rv:40.0) Gecko/20100101 Firefox/40.1"
www.nspw.org:80 203.133.169.137 - - [07/May/2018:06:31:05 -0400] "GET /papers/2012/docs/p15.pdf HTTP/1.1" 302 540 "-" "Mozilla/5.0 (compatible; Daum/4.1; +http://cs.daum.net/faq/15/4118.html?faqId=28966)"
www.nspw.org:80 203.133.169.137 - - [07/May/2018:06:31:28 -0400] "GET /papers/2013/nspw2013-crane.pdf HTTP/1.1" 302 552 "-" "Mozilla/5.0 (compatible; Daum/4.1; +http://cs.daum.net/faq/15/4118.html?faqId=28966)"
www.nspw.org:80 203.133.169.137 - - [07/May/2018:06:31:38 -0400] "GET /papers/2013/nspw2013-peisert.pdf HTTP/1.1" 302 556 "-" "Mozilla/5.0 (compatible; Daum/4.1; +http://cs.daum.net/faq/15/4118.html?faqId=28966)"
www.nspw.org:80 203.133.169.137 - - [07/May/2018:06:32:16 -0400] "GET /papers/2014-pre/almeshekah-nspw2014pre.pdf HTTP/1.1" 302 576 "-" "Mozilla/5.0 (compatible; Daum/4.1; +http://cs.daum.net/faq/15/4118.html?faqId=28966)"
www.nspw.org:80 110.159.95.212 - - [07/May/2018:06:32:24 -0400] "GET /wp-login.php HTTP/1.1" 302 553 "-" "Mozilla/5.0 (Windows NT 6.1; WOW64; rv:40.0) Gecko/20100101 Firefox/40.1"
www.nspw.org:80 110.159.95.212 - - [07/May/2018:06:32:28 -0400] "GET / HTTP/1.1" 302 528 "-" "Mozilla/5.0 (Windows NT 6.1; WOW64; rv:40.0) Gecko/20100101 Firefox/40.1"
www.nspw.org:80 203.133.169.137 - - [07/May/2018:06:32:38 -0400] "GET /papers/2014-pre/cappos-nspw2014pre.pdf HTTP/1.1" 302 568 "-" "Mozilla/5.0 (compatible; Daum/4.1; +http://cs.daum.net/faq/15/4118.html?faqId=28966)"
www.nspw.org:80 203.133.169.137 - - [07/May/2018:06:32:59 -0400] "GET /papers/2014-pre/dunphy-nspw2014pre.pdf HTTP/1.1" 302 568 "-" "Mozilla/5.0 (compatible; Daum/4.1; +http://cs.daum.net/faq/15/4118.html?faqId=28966)"
www.nspw.org:80 212.232.73.198 - - [07/May/2018:06:33:12 -0400] "GET /papers/2011/nspw2011-bishop.pdf HTTP/1.1" 302 591 "https://www.google.com/" "Mozilla/5.0 (Windows NT 10.0; Win64; x64; rv:59.0) Gecko/20100101 Firefox/59.0"
www.nspw.org:80 203.133.169.137 - - [07/May/2018:06:33:20 -0400] "GET /papers/2014-pre/edwards-nspw2014pre.pdf HTTP/1.1" 302 570 "-" "Mozilla/5.0 (compatible; Daum/4.1; +http://cs.daum.net/faq/15/4118.html?faqId=28966)"
www.nspw.org:80 212.156.173.217 - - [07/May/2018:06:33:32 -0400] "GET /wp-login.php HTTP/1.1" 302 553 "-" "Mozilla/5.0 (Windows NT 6.1; WOW64; rv:40.0) Gecko/20100101 Firefox/40.1"
www.nspw.org:80 212.156.173.217 - - [07/May/2018:06:33:33 -0400] "GET / HTTP/1.1" 302 528 "-" "Mozilla/5.0 (Windows NT 6.1; WOW64; rv:40.0) Gecko/20100101 Firefox/40.1"
www.nspw.org:80 203.133.169.137 - - [07/May/2018:06:33:42 -0400] "GET /papers/2014-pre/gates-nspw2014pre.pdf HTTP/1.1" 302 566 "-" "Mozilla/5.0 (compatible; Daum/4.1; +http://cs.daum.net/faq/15/4118.html?faqId=28966)"
www.nspw.org:80 203.133.169.137 - - [07/May/2018:06:34:04 -0400] "GET /papers/2014-pre/husted-nspw2014pre.pdf HTTP/1.1" 302 568 "-" "Mozilla/5.0 (compatible; Daum/4.1; +http://cs.daum.net/faq/15/4118.html?faqId=28966)"
www.nspw.org:80 69.162.124.227 - - [07/May/2018:06:34:16 -0400] "HEAD / HTTP/1.1" 302 188 "http://nspw.org/" "Mozilla/5.0+(compatible; UptimeRobot/2.0; http://www.uptimerobot.com/)"
www.nspw.org:80 203.133.169.137 - - [07/May/2018:06:34:25 -0400] "GET /papers/2014-pre/kuehn-nspw2014pre.pdf HTTP/1.1" 302 566 "-" "Mozilla/5.0 (compatible; Daum/4.1; +http://cs.daum.net/faq/15/4118.html?faqId=28966)"
www.nspw.org:80 203.133.169.137 - - [07/May/2018:06:34:46 -0400] "GET /papers/2014-pre/pieczul-nspw2014pre.pdf HTTP/1.1" 302 570 "-" "Mozilla/5.0 (compatible; Daum/4.1; +http://cs.daum.net/faq/15/4118.html?faqId=28966)"
www.nspw.org:80 203.133.169.137 - - [07/May/2018:06:35:09 -0400] "GET /papers/2014-pre/pieters-nspw2014pre.pdf HTTP/1.1" 302 570 "-" "Mozilla/5.0 (compatible; Daum/4.1; +http://cs.daum.net/faq/15/4118.html?faqId=28966)"
www.nspw.org:80 216.244.66.247 - - [07/May/2018:06:35:18 -0400] "GET /robots.txt HTTP/1.1" 302 493 "-" "Mozilla/5.0 (compatible; DotBot/1.1; http://www.opensiteexplorer.org/dotbot, help@moz.com)"
www.nspw.org:80 203.133.169.137 - - [07/May/2018:06:35:30 -0400] "GET /papers/2014-pre/poller-nspw2014pre.pdf HTTP/1.1" 302 568 "-" "Mozilla/5.0 (compatible; Daum/4.1; +http://cs.daum.net/faq/15/4118.html?faqId=28966)"
www.nspw.org:80 203.133.169.137 - - [07/May/2018:06:35:51 -0400] "GET /papers/2014-pre/stobert-nspw2014pre.pdf HTTP/1.1" 302 570 "-" "Mozilla/5.0 (compatible; Daum/4.1; +http://cs.daum.net/faq/15/4118.html?faqId=28966)"
www.nspw.org:80 203.133.169.137 - - [07/May/2018:06:36:16 -0400] "GET /papers/2014-pre/white-nspw2014pre.pdf HTTP/1.1" 302 566 "-" "Mozilla/5.0 (compatible; Daum/4.1; +http://cs.daum.net/faq/15/4118.html?faqId=28966)"
www.nspw.org:80 203.133.169.137 - - [07/May/2018:06:36:38 -0400] "GET /proceedings/2007/ HTTP/1.1" 302 526 "-" "Mozilla/5.0 (compatible; Daum/4.1; +http://cs.daum.net/faq/15/4118.html?faqId=28966)"
www.nspw.org:80 203.133.169.137 - - [07/May/2018:06:36:48 -0400] "GET /proceedings/2008 HTTP/1.1" 302 524 "-" "Mozilla/5.0 (compatible; Daum/4.1; +http://cs.daum.net/faq/15/4118.html?faqId=28966)"
www.nspw.org:80 94.15.201.105 - - [07/May/2018:06:38:18 -0400] "GET /papers/2009/nspw2009-herley.pdf HTTP/1.1" 302 591 "https://www.google.com/" "Mozilla/5.0 (Macintosh; Intel Mac OS X 10_13_2) AppleWebKit/604.4.7 (KHTML, like Gecko) Version/11.0.2 Safari/604.4.7"
www.nspw.org:80 199.16.157.183 - - [07/May/2018:06:38:47 -0400] "GET /robots.txt HTTP/1.1" 302 489 "-" "Twitterbot/1.0"
www.nspw.org:80 199.16.157.183 - - [07/May/2018:06:38:47 -0400] "GET /2018/organizers HTTP/1.1" 302 499 "-" "Twitterbot/1.0"
www.nspw.org:80 69.162.124.227 - - [07/May/2018:06:39:15 -0400] "HEAD / HTTP/1.1" 302 188 "http://nspw.org/" "Mozilla/5.0+(compatible; UptimeRobot/2.0; http://www.uptimerobot.com/)"
www.nspw.org:80 86.122.197.246 - - [07/May/2018:06:39:16 -0400] "GET /wp-login.php HTTP/1.1" 302 553 "-" "Mozilla/5.0 (Windows NT 6.1; WOW64; rv:40.0) Gecko/20100101 Firefox/40.1"
www.nspw.org:80 86.122.197.246 - - [07/May/2018:06:39:18 -0400] "GET / HTTP/1.1" 302 528 "-" "Mozilla/5.0 (Windows NT 6.1; WOW64; rv:40.0) Gecko/20100101 Firefox/40.1"
www.nspw.org:80 216.244.66.247 - - [07/May/2018:06:44:06 -0400] "GET /2012 HTTP/1.1" 302 481 "-" "Mozilla/5.0 (compatible; DotBot/1.1; http://www.opensiteexplorer.org/dotbot, help@moz.com)"
www.nspw.org:80 69.162.124.227 - - [07/May/2018:06:44:15 -0400] "HEAD / HTTP/1.1" 302 188 "http://nspw.org/" "Mozilla/5.0+(compatible; UptimeRobot/2.0; http://www.uptimerobot.com/)"
www.nspw.org:80 39.41.103.117 - - [07/May/2018:06:46:56 -0400] "GET /wp-login.php HTTP/1.1" 302 553 "-" "Mozilla/5.0 (Windows NT 6.1; WOW64; rv:40.0) Gecko/20100101 Firefox/40.1"
www.nspw.org:80 39.41.103.117 - - [07/May/2018:06:47:00 -0400] "GET / HTTP/1.1" 302 528 "-" "Mozilla/5.0 (Windows NT 6.1; WOW64; rv:40.0) Gecko/20100101 Firefox/40.1"
www.nspw.org:80 147.188.254.158 - - [07/May/2018:06:48:04 -0400] "GET /current/ HTTP/1.1" 302 545 "http://faculty.cs.tamu.edu/guofei/sec_conf_stat.htm" "Mozilla/5.0 (X11; Linux x86_64) AppleWebKit/537.36 (KHTML, like Gecko) Chrome/66.0.3359.26 Safari/537.36"
www.nspw.org:80 ::1 - - [07/May/2018:06:48:13 -0400] "OPTIONS * HTTP/1.0" 200 126 "-" "Apache/2.4.29 (Ubuntu) OpenSSL/1.1.0g (internal dummy connection)"
www.nspw.org:80 ::1 - - [07/May/2018:06:48:14 -0400] "OPTIONS * HTTP/1.0" 200 126 "-" "Apache/2.4.29 (Ubuntu) OpenSSL/1.1.0g (internal dummy connection)"
www.nspw.org:80 ::1 - - [07/May/2018:06:48:15 -0400] "OPTIONS * HTTP/1.0" 200 126 "-" "Apache/2.4.29 (Ubuntu) OpenSSL/1.1.0g (internal dummy connection)"
www.nspw.org:80 69.162.124.227 - - [07/May/2018:06:49:15 -0400] "HEAD / HTTP/1.1" 302 188 "http://nspw.org/" "Mozilla/5.0+(compatible; UptimeRobot/2.0; http://www.uptimerobot.com/)"
www.nspw.org:80 41.230.88.113 - - [07/May/2018:06:49:53 -0400] "GET /wp-login.php HTTP/1.1" 302 553 "-" "Mozilla/5.0 (Windows NT 6.1; WOW64; rv:40.0) Gecko/20100101 Firefox/40.1"
www.nspw.org:80 41.230.88.113 - - [07/May/2018:06:49:56 -0400] "GET / HTTP/1.1" 302 528 "-" "Mozilla/5.0 (Windows NT 6.1; WOW64; rv:40.0) Gecko/20100101 Firefox/40.1"
www.nspw.org:80 213.57.48.76 - - [07/May/2018:06:50:38 -0400] "GET /wp-login.php HTTP/1.1" 302 553 "-" "Mozilla/5.0 (Windows NT 6.1; WOW64; rv:40.0) Gecko/20100101 Firefox/40.1"
www.nspw.org:80 213.57.48.76 - - [07/May/2018:06:50:39 -0400] "GET / HTTP/1.1" 302 528 "-" "Mozilla/5.0 (Windows NT 6.1; WOW64; rv:40.0) Gecko/20100101 Firefox/40.1"
www.nspw.org:80 ::1 - - [07/May/2018:06:50:48 -0400] "OPTIONS * HTTP/1.0" 200 126 "-" "Apache/2.4.29 (Ubuntu) OpenSSL/1.1.0g (internal dummy connection)"
www.nspw.org:80 ::1 - - [07/May/2018:06:50:49 -0400] "OPTIONS * HTTP/1.0" 200 126 "-" "Apache/2.4.29 (Ubuntu) OpenSSL/1.1.0g (internal dummy connection)"
www.nspw.org:80 115.98.121.72 - - [07/May/2018:06:52:48 -0400] "GET /wp-login.php HTTP/1.1" 302 553 "-" "Mozilla/5.0 (Windows NT 6.1; WOW64; rv:40.0) Gecko/20100101 Firefox/40.1"
www.nspw.org:80 115.98.121.72 - - [07/May/2018:06:52:49 -0400] "GET / HTTP/1.1" 302 528 "-" "Mozilla/5.0 (Windows NT 6.1; WOW64; rv:40.0) Gecko/20100101 Firefox/40.1"
www.nspw.org:80 5.188.211.21 - - [07/May/2018:06:52:56 -0400] "GET / HTTP/1.1" 302 503 "-" "Mozilla/4.0 (compatible; MSIE 6.0; Windows NT 5.1; SV1)"
www.nspw.org:80 27.32.19.233 - - [07/May/2018:06:53:21 -0400] "GET /wp-login.php HTTP/1.1" 302 553 "-" "Mozilla/5.0 (Windows NT 6.1; WOW64; rv:40.0) Gecko/20100101 Firefox/40.1"
www.nspw.org:80 27.32.19.233 - - [07/May/2018:06:53:25 -0400] "GET / HTTP/1.1" 302 528 "-" "Mozilla/5.0 (Windows NT 6.1; WOW64; rv:40.0) Gecko/20100101 Firefox/40.1"
www.nspw.org:80 45.221.5.43 - - [07/May/2018:06:53:56 -0400] "GET /wp-login.php HTTP/1.1" 302 553 "-" "Mozilla/5.0 (Windows NT 6.1; WOW64; rv:40.0) Gecko/20100101 Firefox/40.1"
www.nspw.org:80 45.221.5.43 - - [07/May/2018:06:53:58 -0400] "GET / HTTP/1.1" 302 528 "-" "Mozilla/5.0 (Windows NT 6.1; WOW64; rv:40.0) Gecko/20100101 Firefox/40.1"
www.nspw.org:80 69.162.124.227 - - [07/May/2018:06:54:15 -0400] "HEAD / HTTP/1.1" 302 188 "http://nspw.org/" "Mozilla/5.0+(compatible; UptimeRobot/2.0; http://www.uptimerobot.com/)"
www.nspw.org:80 27.32.24.125 - - [07/May/2018:06:55:54 -0400] "GET /papers/2007/nspw2007-vidyaraman.pdf HTTP/1.1" 302 599 "-" "Mozilla/5.0 (iPhone; CPU iPhone OS 11_3 like Mac OS X) AppleWebKit/605.1.15 (KHTML, like Gecko) Version/11.0 Mobile/15E148 Safari/604.1"
www.nspw.org:80 77.111.175.75 - - [07/May/2018:06:56:34 -0400] "GET / HTTP/1.1" 302 469 "-" "Mozilla/5.0 (Macintosh; Intel Mac OS X 10.12; rv:46.0) Gecko/20100101 Firefox/46.0"
www.nspw.org:80 180.76.15.5 - - [07/May/2018:06:59:13 -0400] "GET /2009/proceedings/1998/ HTTP/1.1" 302 536 "-" "Mozilla/5.0 (compatible; Baiduspider/2.0; +http://www.baidu.com/search/spider.html)"
www.nspw.org:80 180.76.15.141 - - [07/May/2018:06:59:14 -0400] "GET /robots.txt HTTP/1.1" 302 512 "-" "Mozilla/5.0 (Windows NT 5.1; rv:6.0.2) Gecko/20100101 Firefox/6.0.2"
www.nspw.org:80 69.162.124.227 - - [07/May/2018:06:59:14 -0400] "HEAD / HTTP/1.1" 302 188 "http://nspw.org/" "Mozilla/5.0+(compatible; UptimeRobot/2.0; http://www.uptimerobot.com/)"
www.nspw.org:80 59.96.167.7 - - [07/May/2018:06:59:33 -0400] "GET /wp-login.php HTTP/1.1" 302 553 "-" "Mozilla/5.0 (Windows NT 6.1; WOW64; rv:40.0) Gecko/20100101 Firefox/40.1"
www.nspw.org:80 59.96.167.7 - - [07/May/2018:06:59:37 -0400] "GET / HTTP/1.1" 302 528 "-" "Mozilla/5.0 (Windows NT 6.1; WOW64; rv:40.0) Gecko/20100101 Firefox/40.1"
www.nspw.org:80 103.252.200.46 - - [07/May/2018:07:01:08 -0400] "GET /wp-login.php HTTP/1.1" 302 553 "-" "Mozilla/5.0 (Windows NT 6.1; WOW64; rv:40.0) Gecko/20100101 Firefox/40.1"
www.nspw.org:80 103.252.200.46 - - [07/May/2018:07:01:10 -0400] "GET / HTTP/1.1" 302 528 "-" "Mozilla/5.0 (Windows NT 6.1; WOW64; rv:40.0) Gecko/20100101 Firefox/40.1"
www.nspw.org:80 69.162.124.227 - - [07/May/2018:07:04:14 -0400] "HEAD / HTTP/1.1" 302 188 "http://nspw.org/" "Mozilla/5.0+(compatible; UptimeRobot/2.0; http://www.uptimerobot.com/)"
www.nspw.org:80 93.176.148.16 - - [07/May/2018:07:04:30 -0400] "GET /wp-login.php HTTP/1.1" 302 553 "-" "Mozilla/5.0 (Windows NT 6.1; WOW64; rv:40.0) Gecko/20100101 Firefox/40.1"
www.nspw.org:80 93.176.148.16 - - [07/May/2018:07:04:31 -0400] "GET / HTTP/1.1" 302 528 "-" "Mozilla/5.0 (Windows NT 6.1; WOW64; rv:40.0) Gecko/20100101 Firefox/40.1"
www.nspw.org:80 197.254.204.101 - - [07/May/2018:07:06:34 -0400] "GET /wp-login.php HTTP/1.1" 302 553 "-" "Mozilla/5.0 (Windows NT 6.1; WOW64; rv:40.0) Gecko/20100101 Firefox/40.1"
www.nspw.org:80 197.254.204.101 - - [07/May/2018:07:06:36 -0400] "GET / HTTP/1.1" 302 528 "-" "Mozilla/5.0 (Windows NT 6.1; WOW64; rv:40.0) Gecko/20100101 Firefox/40.1"
www.nspw.org:80 77.88.47.40 - - [07/May/2018:07:07:15 -0400] "GET /robots.txt HTTP/1.1" 302 549 "-" "Mozilla/5.0 (compatible; YandexBot/3.0; +http://yandex.com/bots)"
www.nspw.org:80 77.88.47.40 - - [07/May/2018:07:07:19 -0400] "GET /2006/tmp/?C=M;O=A HTTP/1.1" 302 562 "-" "Mozilla/5.0 (compatible; YandexBot/3.0; +http://yandex.com/bots)"
www.nspw.org:80 69.162.124.227 - - [07/May/2018:07:09:14 -0400] "HEAD / HTTP/1.1" 302 188 "http://nspw.org/" "Mozilla/5.0+(compatible; UptimeRobot/2.0; http://www.uptimerobot.com/)"
www.nspw.org:80 93.147.189.98 - - [07/May/2018:07:11:09 -0400] "GET /papers/2009/nspw2009-herley.pdf HTTP/1.1" 302 591 "https://www.google.com/" "Mozilla/5.0 (Windows NT 6.3; Win64; x64; rv:59.0) Gecko/20100101 Firefox/59.0"
www.nspw.org:80 69.162.124.227 - - [07/May/2018:07:14:14 -0400] "HEAD / HTTP/1.1" 302 188 "http://nspw.org/" "Mozilla/5.0+(compatible; UptimeRobot/2.0; http://www.uptimerobot.com/)"
www.nspw.org:80 14.189.89.187 - - [07/May/2018:07:14:36 -0400] "GET /wp-login.php HTTP/1.1" 302 553 "-" "Mozilla/5.0 (Windows NT 6.1; WOW64; rv:40.0) Gecko/20100101 Firefox/40.1"
www.nspw.org:80 14.189.89.187 - - [07/May/2018:07:14:39 -0400] "GET / HTTP/1.1" 302 528 "-" "Mozilla/5.0 (Windows NT 6.1; WOW64; rv:40.0) Gecko/20100101 Firefox/40.1"
www.nspw.org:80 103.197.42.153 - - [07/May/2018:07:14:50 -0400] "GET /wp-login.php HTTP/1.1" 302 553 "-" "Mozilla/5.0 (Windows NT 6.1; WOW64; rv:40.0) Gecko/20100101 Firefox/40.1"
www.nspw.org:80 103.197.42.153 - - [07/May/2018:07:14:59 -0400] "GET / HTTP/1.1" 302 529 "-" "Mozilla/5.0 (Windows NT 6.1; WOW64; rv:40.0) Gecko/20100101 Firefox/40.1"
www.nspw.org:80 103.248.175.149 - - [07/May/2018:07:16:15 -0400] "GET /wp-login.php HTTP/1.1" 302 553 "-" "Mozilla/5.0 (Windows NT 6.1; WOW64; rv:40.0) Gecko/20100101 Firefox/40.1"
www.nspw.org:80 103.248.175.149 - - [07/May/2018:07:16:24 -0400] "GET / HTTP/1.1" 302 529 "-" "Mozilla/5.0 (Windows NT 6.1; WOW64; rv:40.0) Gecko/20100101 Firefox/40.1"
www.nspw.org:80 189.211.179.22 - - [07/May/2018:07:16:30 -0400] "GET /wp-login.php HTTP/1.1" 302 553 "-" "Mozilla/5.0 (Windows NT 6.1; WOW64; rv:40.0) Gecko/20100101 Firefox/40.1"
www.nspw.org:80 189.211.179.22 - - [07/May/2018:07:16:30 -0400] "GET / HTTP/1.1" 302 528 "-" "Mozilla/5.0 (Windows NT 6.1; WOW64; rv:40.0) Gecko/20100101 Firefox/40.1"
www.nspw.org:80 54.36.149.62 - - [07/May/2018:07:18:46 -0400] "GET /papers/2012/forms/contents.htm HTTP/1.1" 302 533 "-" "Mozilla/5.0 (compatible; AhrefsBot/5.2; +http://ahrefs.com/robot/)"
www.nspw.org:80 69.162.124.227 - - [07/May/2018:07:19:14 -0400] "HEAD / HTTP/1.1" 302 188 "http://nspw.org/" "Mozilla/5.0+(compatible; UptimeRobot/2.0; http://www.uptimerobot.com/)"
www.nspw.org:80 185.212.171.186 - - [07/May/2018:07:19:44 -0400] "GET /user/login HTTP/1.1" 302 489 "http://nspw.org/user/login" "Mozilla/5.0 (Windows NT 10.0; WOW64) AppleWebKit/537.36 (KHTML, like Gecko) Chrome/62.0.3198.0 Safari/537.36 OPR/49.0.2711.0"
www.nspw.org:80 185.212.171.186 - - [07/May/2018:07:19:44 -0400] "GET /user/login HTTP/1.1" 302 489 "http://nspw.org/user/login" "Mozilla/5.0 (Windows NT 10.0; WOW64) AppleWebKit/537.36 (KHTML, like Gecko) Chrome/62.0.3198.0 Safari/537.36 OPR/49.0.2711.0"
www.nspw.org:80 185.212.171.186 - - [07/May/2018:07:19:44 -0400] "GET /user/login HTTP/1.1" 302 489 "http://nspw.org/user/login" "Mozilla/5.0 (Windows NT 10.0; WOW64) AppleWebKit/537.36 (KHTML, like Gecko) Chrome/62.0.3198.0 Safari/537.36 OPR/49.0.2711.0"
www.nspw.org:80 216.244.66.247 - - [07/May/2018:07:20:19 -0400] "GET /2002/local.content HTTP/1.1" 302 509 "-" "Mozilla/5.0 (compatible; DotBot/1.1; http://www.opensiteexplorer.org/dotbot, help@moz.com)"
www.nspw.org:80 199.16.157.182 - - [07/May/2018:07:21:03 -0400] "GET /robots.txt HTTP/1.1" 302 489 "-" "Twitterbot/1.0"
www.nspw.org:80 199.16.157.180 - - [07/May/2018:07:21:03 -0400] "GET /robots.txt HTTP/1.1" 302 489 "-" "Twitterbot/1.0"
www.nspw.org:80 199.16.157.182 - - [07/May/2018:07:21:04 -0400] "GET /2018/cfp HTTP/1.1" 302 485 "-" "Twitterbot/1.0"
www.nspw.org:80 199.16.157.180 - - [07/May/2018:07:21:04 -0400] "GET /2018/organizers HTTP/1.1" 302 499 "-" "Twitterbot/1.0"
www.nspw.org:80 80.109.16.26 - - [07/May/2018:07:21:26 -0400] "GET /wp-login.php HTTP/1.1" 302 553 "-" "Mozilla/5.0 (Windows NT 6.1; WOW64; rv:40.0) Gecko/20100101 Firefox/40.1"
www.nspw.org:80 80.109.16.26 - - [07/May/2018:07:21:27 -0400] "GET / HTTP/1.1" 302 528 "-" "Mozilla/5.0 (Windows NT 6.1; WOW64; rv:40.0) Gecko/20100101 Firefox/40.1"
www.nspw.org:80 216.244.66.247 - - [07/May/2018:07:22:49 -0400] "GET /2004/nspw-header.shtml HTTP/1.1" 302 517 "-" "Mozilla/5.0 (compatible; DotBot/1.1; http://www.opensiteexplorer.org/dotbot, help@moz.com)"
www.nspw.org:80 69.162.124.227 - - [07/May/2018:07:24:14 -0400] "HEAD / HTTP/1.1" 302 188 "http://nspw.org/" "Mozilla/5.0+(compatible; UptimeRobot/2.0; http://www.uptimerobot.com/)"
www.nspw.org:80 91.140.88.254 - - [07/May/2018:07:24:49 -0400] "GET /wp-login.php HTTP/1.1" 302 553 "-" "Mozilla/5.0 (Windows NT 6.1; WOW64; rv:40.0) Gecko/20100101 Firefox/40.1"
www.nspw.org:80 91.140.88.254 - - [07/May/2018:07:24:52 -0400] "GET / HTTP/1.1" 302 528 "-" "Mozilla/5.0 (Windows NT 6.1; WOW64; rv:40.0) Gecko/20100101 Firefox/40.1"
www.nspw.org:80 216.244.66.247 - - [07/May/2018:07:28:30 -0400] "GET /2001/program.html HTTP/1.1" 302 507 "-" "Mozilla/5.0 (compatible; DotBot/1.1; http://www.opensiteexplorer.org/dotbot, help@moz.com)"
www.nspw.org:80 69.162.124.227 - - [07/May/2018:07:29:14 -0400] "HEAD / HTTP/1.1" 302 188 "http://nspw.org/" "Mozilla/5.0+(compatible; UptimeRobot/2.0; http://www.uptimerobot.com/)"
www.nspw.org:80 104.236.127.161 - - [07/May/2018:07:30:11 -0400] "GET / HTTP/1.1" 302 529 "http://www.nspw.org" "Mozilla/5.0 (X11; Datanyze; Linux x86_64) AppleWebKit/537.36 (KHTML, like Gecko) Chrome/65.0.3325.181 Safari/537.36"
www.nspw.org:80 78.96.35.5 - - [07/May/2018:07:32:29 -0400] "GET /wp-login.php HTTP/1.1" 302 553 "-" "Mozilla/5.0 (Windows NT 6.1; WOW64; rv:40.0) Gecko/20100101 Firefox/40.1"
www.nspw.org:80 78.96.35.5 - - [07/May/2018:07:32:30 -0400] "GET / HTTP/1.1" 302 528 "-" "Mozilla/5.0 (Windows NT 6.1; WOW64; rv:40.0) Gecko/20100101 Firefox/40.1"
www.nspw.org:80 180.76.15.20 - - [07/May/2018:07:32:33 -0400] "GET /registration HTTP/1.1" 302 512 "-" "Mozilla/5.0 (compatible; Baiduspider/2.0; +http://www.baidu.com/search/spider.html)"
www.nspw.org:80 69.162.124.227 - - [07/May/2018:07:34:14 -0400] "HEAD / HTTP/1.1" 302 188 "http://nspw.org/" "Mozilla/5.0+(compatible; UptimeRobot/2.0; http://www.uptimerobot.com/)"
www.nspw.org:80 27.32.24.125 - - [07/May/2018:07:35:01 -0400] "GET /papers/2007/nspw2007-vidyaraman.pdf HTTP/1.1" 302 599 "-" "Mozilla/5.0 (iPhone; CPU iPhone OS 11_3 like Mac OS X) AppleWebKit/605.1.15 (KHTML, like Gecko) Version/11.0 Mobile/15E148 Safari/604.1"
www.nspw.org:80 216.244.66.247 - - [07/May/2018:07:38:19 -0400] "GET /2007/proceedings.content HTTP/1.1" 302 521 "-" "Mozilla/5.0 (compatible; DotBot/1.1; http://www.opensiteexplorer.org/dotbot, help@moz.com)"
www.nspw.org:80 83.26.74.251 - - [07/May/2018:07:38:49 -0400] "GET /wp-login.php HTTP/1.1" 302 553 "-" "Mozilla/5.0 (Windows NT 6.1; WOW64; rv:40.0) Gecko/20100101 Firefox/40.1"
www.nspw.org:80 83.26.74.251 - - [07/May/2018:07:38:52 -0400] "GET / HTTP/1.1" 302 528 "-" "Mozilla/5.0 (Windows NT 6.1; WOW64; rv:40.0) Gecko/20100101 Firefox/40.1"
www.nspw.org:80 69.162.124.227 - - [07/May/2018:07:39:14 -0400] "HEAD / HTTP/1.1" 302 188 "http://nspw.org/" "Mozilla/5.0+(compatible; UptimeRobot/2.0; http://www.uptimerobot.com/)"
www.nspw.org:80 92.241.135.234 - - [07/May/2018:07:40:35 -0400] "GET /wp-login.php HTTP/1.1" 302 553 "-" "Mozilla/5.0 (Windows NT 6.1; WOW64; rv:40.0) Gecko/20100101 Firefox/40.1"
www.nspw.org:80 92.241.135.234 - - [07/May/2018:07:40:36 -0400] "GET / HTTP/1.1" 302 528 "-" "Mozilla/5.0 (Windows NT 6.1; WOW64; rv:40.0) Gecko/20100101 Firefox/40.1"
www.nspw.org:80 216.244.66.247 - - [07/May/2018:07:41:29 -0400] "GET /1999/local.html HTTP/1.1" 302 503 "-" "Mozilla/5.0 (compatible; DotBot/1.1; http://www.opensiteexplorer.org/dotbot, help@moz.com)"
www.nspw.org:80 54.85.162.238 - - [07/May/2018:07:42:15 -0400] "GET / HTTP/1.1" 302 525 "-" "Apache-HttpClient/4.5.3 (Java/1.8.0_161)"
www.nspw.org:80 34.235.171.48 - - [07/May/2018:07:42:19 -0400] "GET /robots.txt HTTP/1.1" 302 545 "-" "Apache-HttpClient/4.5.3 (Java/1.8.0_161)"
www.nspw.org:80 216.244.66.247 - - [07/May/2018:07:43:29 -0400] "GET /papers/ HTTP/1.1" 302 487 "-" "Mozilla/5.0 (compatible; DotBot/1.1; http://www.opensiteexplorer.org/dotbot, help@moz.com)"
www.nspw.org:80 69.162.124.227 - - [07/May/2018:07:44:14 -0400] "HEAD / HTTP/1.1" 302 188 "http://nspw.org/" "Mozilla/5.0+(compatible; UptimeRobot/2.0; http://www.uptimerobot.com/)"
www.nspw.org:80 191.251.47.115 - - [07/May/2018:07:46:01 -0400] "GET /wp-login.php HTTP/1.1" 302 553 "-" "Mozilla/5.0 (Windows NT 6.1; WOW64; rv:40.0) Gecko/20100101 Firefox/40.1"
www.nspw.org:80 191.251.47.115 - - [07/May/2018:07:46:04 -0400] "GET / HTTP/1.1" 302 528 "-" "Mozilla/5.0 (Windows NT 6.1; WOW64; rv:40.0) Gecko/20100101 Firefox/40.1"
www.nspw.org:80 216.244.66.200 - - [07/May/2018:07:47:53 -0400] "GET /robots.txt HTTP/1.1" 302 493 "-" "Mozilla/5.0 (compatible; DotBot/1.1; http://www.opensiteexplorer.org/dotbot, help@moz.com)"
www.nspw.org:80 173.243.42.3 - - [07/May/2018:07:48:05 -0400] "GET /wp-login.php HTTP/1.1" 302 553 "-" "Mozilla/5.0 (Windows NT 6.1; WOW64; rv:40.0) Gecko/20100101 Firefox/40.1"
www.nspw.org:80 173.243.42.3 - - [07/May/2018:07:48:06 -0400] "GET / HTTP/1.1" 302 528 "-" "Mozilla/5.0 (Windows NT 6.1; WOW64; rv:40.0) Gecko/20100101 Firefox/40.1"
www.nspw.org:80 185.45.53.196 - - [07/May/2018:07:48:35 -0400] "GET /papers/2011/nspw2011-bishop.pdf HTTP/1.1" 302 591 "http://www.google.com/url?sa=t&rct=j&q=&esrc=s&source=web&cd=2&ved=0ahUKEwjnoK77w_PaAhXByaQKHa0HAboQFggzMAE&url=http%3A%2F%2Fwww.nspw.org%2Fpapers%2F2011%2Fnspw2011-bishop.pdf&usg=AOvVaw3It4DMJ4Sd1foiMH19rQdM" "Mozilla/5.0 (Windows NT 6.1; WOW64; Trident/7.0; rv:11.0) like Gecko"
www.nspw.org:80 69.162.124.227 - - [07/May/2018:07:49:14 -0400] "HEAD / HTTP/1.1" 302 188 "http://nspw.org/" "Mozilla/5.0+(compatible; UptimeRobot/2.0; http://www.uptimerobot.com/)"
www.nspw.org:80 204.79.180.5 - - [07/May/2018:07:49:15 -0400] "GET /2017 HTTP/1.1" 302 537 "-" "Mozilla/5.0 (compatible; MSIE 9.0; Windows NT 6.1; Trident/5.0;  Trident/5.0)"
www.nspw.org:80 84.25.142.204 - - [07/May/2018:07:50:38 -0400] "GET /wp-login.php HTTP/1.1" 302 553 "-" "Mozilla/5.0 (Windows NT 6.1; WOW64; rv:40.0) Gecko/20100101 Firefox/40.1"
www.nspw.org:80 84.25.142.204 - - [07/May/2018:07:50:39 -0400] "GET / HTTP/1.1" 302 528 "-" "Mozilla/5.0 (Windows NT 6.1; WOW64; rv:40.0) Gecko/20100101 Firefox/40.1"
www.nspw.org:80 39.42.75.202 - - [07/May/2018:07:50:47 -0400] "GET /wp-login.php HTTP/1.1" 302 553 "-" "Mozilla/5.0 (Windows NT 6.1; WOW64; rv:40.0) Gecko/20100101 Firefox/40.1"
www.nspw.org:80 39.42.75.202 - - [07/May/2018:07:50:49 -0400] "GET / HTTP/1.1" 302 528 "-" "Mozilla/5.0 (Windows NT 6.1; WOW64; rv:40.0) Gecko/20100101 Firefox/40.1"
www.nspw.org:80 216.244.66.200 - - [07/May/2018:07:50:53 -0400] "GET /robots.txt HTTP/1.1" 302 493 "-" "Mozilla/5.0 (compatible; DotBot/1.1; http://www.opensiteexplorer.org/dotbot, help@moz.com)"
www.nspw.org:80 187.189.102.225 - - [07/May/2018:07:52:45 -0400] "GET /wp-login.php HTTP/1.1" 302 553 "-" "Mozilla/5.0 (Windows NT 6.1; WOW64; rv:40.0) Gecko/20100101 Firefox/40.1"
www.nspw.org:80 187.189.102.225 - - [07/May/2018:07:52:46 -0400] "GET / HTTP/1.1" 302 528 "-" "Mozilla/5.0 (Windows NT 6.1; WOW64; rv:40.0) Gecko/20100101 Firefox/40.1"
www.nspw.org:80 69.162.124.227 - - [07/May/2018:07:54:14 -0400] "HEAD / HTTP/1.1" 302 188 "http://nspw.org/" "Mozilla/5.0+(compatible; UptimeRobot/2.0; http://www.uptimerobot.com/)"
www.nspw.org:80 86.89.120.229 - - [07/May/2018:07:56:20 -0400] "GET /papers/2009/nspw2009-herley.pdf HTTP/1.1" 302 591 "https://www.google.nl/" "Mozilla/5.0 (Macintosh; Intel Mac OS X 10_13_4) AppleWebKit/537.36 (KHTML, like Gecko) Chrome/66.0.3359.139 Safari/537.36"
www.nspw.org:80 86.89.120.229 - - [07/May/2018:07:57:11 -0400] "-" 408 0 "-" "-"
www.nspw.org:80 86.89.120.229 - - [07/May/2018:07:57:11 -0400] "-" 408 0 "-" "-"
www.nspw.org:80 216.244.66.200 - - [07/May/2018:07:58:41 -0400] "GET /2003/ HTTP/1.1" 302 483 "-" "Mozilla/5.0 (compatible; DotBot/1.1; http://www.opensiteexplorer.org/dotbot, help@moz.com)"
www.nspw.org:80 69.162.124.227 - - [07/May/2018:07:59:14 -0400] "HEAD / HTTP/1.1" 302 188 "http://nspw.org/" "Mozilla/5.0+(compatible; UptimeRobot/2.0; http://www.uptimerobot.com/)"
www.nspw.org:80 27.32.24.125 - - [07/May/2018:07:59:37 -0400] "GET /papers/2007/nspw2007-vidyaraman.pdf HTTP/1.1" 302 599 "-" "Mozilla/5.0 (iPhone; CPU iPhone OS 11_3 like Mac OS X) AppleWebKit/605.1.15 (KHTML, like Gecko) Version/11.0 Mobile/15E148 Safari/604.1"
www.nspw.org:80 77.75.77.72 - - [07/May/2018:07:59:41 -0400] "GET /robots.txt HTTP/1.1" 302 549 "-" "Mozilla/5.0 (compatible; SeznamBot/3.2; +http://napoveda.seznam.cz/en/seznambot-intro/)"
www.nspw.org:80 77.75.77.72 - - [07/May/2018:07:59:41 -0400] "GET /2000/dates.html HTTP/1.1" 302 558 "-" "Mozilla/5.0 (compatible; SeznamBot/3.2; +http://napoveda.seznam.cz/en/seznambot-intro/)"
www.nspw.org:80 77.75.77.72 - - [07/May/2018:07:59:42 -0400] "GET /2018/cfp HTTP/1.1" 302 544 "-" "Mozilla/5.0 (compatible; SeznamBot/3.2; +http://napoveda.seznam.cz/en/seznambot-intro/)"
www.nspw.org:80 77.75.77.72 - - [07/May/2018:07:59:42 -0400] "GET /2015/cfp HTTP/1.1" 302 544 "-" "Mozilla/5.0 (compatible; SeznamBot/3.2; +http://napoveda.seznam.cz/en/seznambot-intro/)"
www.nspw.org:80 77.75.77.72 - - [07/May/2018:07:59:42 -0400] "GET /2014/cfp HTTP/1.1" 302 544 "-" "Mozilla/5.0 (compatible; SeznamBot/3.2; +http://napoveda.seznam.cz/en/seznambot-intro/)"
www.nspw.org:80 213.81.199.8 - - [07/May/2018:08:02:13 -0400] "GET /wp-login.php HTTP/1.1" 302 553 "-" "Mozilla/5.0 (Windows NT 6.1; WOW64; rv:40.0) Gecko/20100101 Firefox/40.1"
www.nspw.org:80 213.81.199.8 - - [07/May/2018:08:02:14 -0400] "GET / HTTP/1.1" 302 528 "-" "Mozilla/5.0 (Windows NT 6.1; WOW64; rv:40.0) Gecko/20100101 Firefox/40.1"
www.nspw.org:80 109.235.108.150 - - [07/May/2018:08:03:38 -0400] "GET /wp-login.php HTTP/1.1" 302 553 "-" "Mozilla/5.0 (Windows NT 6.1; WOW64; rv:40.0) Gecko/20100101 Firefox/40.1"
www.nspw.org:80 109.235.108.150 - - [07/May/2018:08:03:40 -0400] "GET / HTTP/1.1" 302 528 "-" "Mozilla/5.0 (Windows NT 6.1; WOW64; rv:40.0) Gecko/20100101 Firefox/40.1"
www.nspw.org:80 69.162.124.227 - - [07/May/2018:08:04:14 -0400] "HEAD / HTTP/1.1" 302 188 "http://nspw.org/" "Mozilla/5.0+(compatible; UptimeRobot/2.0; http://www.uptimerobot.com/)"
www.nspw.org:80 180.76.15.10 - - [07/May/2018:08:05:53 -0400] "GET /papers/2005/?C=D;O=A HTTP/1.1" 302 532 "-" "Mozilla/5.0 (compatible; Baiduspider/2.0; +http://www.baidu.com/search/spider.html)"
www.nspw.org:80 27.32.24.125 - - [07/May/2018:08:07:38 -0400] "GET /papers/2007/nspw2007-vidyaraman.pdf HTTP/1.1" 302 599 "-" "Mozilla/5.0 (iPhone; CPU iPhone OS 11_3 like Mac OS X) AppleWebKit/605.1.15 (KHTML, like Gecko) Version/11.0 Mobile/15E148 Safari/604.1"
www.nspw.org:80 199.16.157.183 - - [07/May/2018:08:08:30 -0400] "GET /robots.txt HTTP/1.1" 302 489 "-" "Twitterbot/1.0"
www.nspw.org:80 199.16.157.181 - - [07/May/2018:08:08:30 -0400] "GET /robots.txt HTTP/1.1" 302 489 "-" "Twitterbot/1.0"
www.nspw.org:80 199.16.157.183 - - [07/May/2018:08:08:31 -0400] "GET /2018/cfp HTTP/1.1" 302 485 "-" "Twitterbot/1.0"
www.nspw.org:80 199.16.157.181 - - [07/May/2018:08:08:31 -0400] "GET /2018/organizers HTTP/1.1" 302 499 "-" "Twitterbot/1.0"
www.nspw.org:80 216.244.66.247 - - [07/May/2018:08:08:34 -0400] "GET /2007/pc.shtml HTTP/1.1" 302 499 "-" "Mozilla/5.0 (compatible; DotBot/1.1; http://www.opensiteexplorer.org/dotbot, help@moz.com)"
www.nspw.org:80 69.162.124.227 - - [07/May/2018:08:09:14 -0400] "HEAD / HTTP/1.1" 302 188 "http://nspw.org/" "Mozilla/5.0+(compatible; UptimeRobot/2.0; http://www.uptimerobot.com/)"
www.nspw.org:80 69.162.124.227 - - [07/May/2018:08:14:14 -0400] "HEAD / HTTP/1.1" 302 188 "http://nspw.org/" "Mozilla/5.0+(compatible; UptimeRobot/2.0; http://www.uptimerobot.com/)"
www.nspw.org:80 216.244.66.247 - - [07/May/2018:08:14:34 -0400] "GET /2009/nspw-footer-old.html HTTP/1.1" 302 523 "-" "Mozilla/5.0 (compatible; DotBot/1.1; http://www.opensiteexplorer.org/dotbot, help@moz.com)"
www.nspw.org:80 54.36.148.80 - - [07/May/2018:08:15:04 -0400] "GET /2009/proceedings/2013/?C=S;O=D HTTP/1.1" 302 533 "-" "Mozilla/5.0 (compatible; AhrefsBot/5.2; +http://ahrefs.com/robot/)"
www.nspw.org:80 216.244.66.247 - - [07/May/2018:08:15:52 -0400] "GET /papers/1993/?C=D;O=D HTTP/1.1" 302 513 "-" "Mozilla/5.0 (compatible; DotBot/1.1; http://www.opensiteexplorer.org/dotbot, help@moz.com)"
www.nspw.org:80 216.244.66.247 - - [07/May/2018:08:18:15 -0400] "GET /papers/1997/ HTTP/1.1" 302 497 "-" "Mozilla/5.0 (compatible; DotBot/1.1; http://www.opensiteexplorer.org/dotbot, help@moz.com)"
www.nspw.org:80 179.197.68.46 - - [07/May/2018:08:18:54 -0400] "GET /wp-login.php HTTP/1.1" 302 553 "-" "Mozilla/5.0 (Windows NT 6.1; WOW64; rv:40.0) Gecko/20100101 Firefox/40.1"
www.nspw.org:80 179.197.68.46 - - [07/May/2018:08:18:56 -0400] "GET / HTTP/1.1" 302 528 "-" "Mozilla/5.0 (Windows NT 6.1; WOW64; rv:40.0) Gecko/20100101 Firefox/40.1"
www.nspw.org:80 69.162.124.227 - - [07/May/2018:08:19:14 -0400] "HEAD / HTTP/1.1" 302 188 "http://nspw.org/" "Mozilla/5.0+(compatible; UptimeRobot/2.0; http://www.uptimerobot.com/)"
www.nspw.org:80 177.99.130.139 - - [07/May/2018:08:21:13 -0400] "GET /wp-login.php HTTP/1.1" 302 553 "-" "Mozilla/5.0 (Windows NT 6.1; WOW64; rv:40.0) Gecko/20100101 Firefox/40.1"
www.nspw.org:80 177.99.130.139 - - [07/May/2018:08:21:15 -0400] "GET / HTTP/1.1" 302 528 "-" "Mozilla/5.0 (Windows NT 6.1; WOW64; rv:40.0) Gecko/20100101 Firefox/40.1"
www.nspw.org:80 69.162.124.227 - - [07/May/2018:08:24:14 -0400] "HEAD / HTTP/1.1" 302 188 "http://nspw.org/" "Mozilla/5.0+(compatible; UptimeRobot/2.0; http://www.uptimerobot.com/)"
www.nspw.org:80 94.23.45.37 - - [07/May/2018:08:24:23 -0400] "GET / HTTP/1.1" 302 492 "https://www.facebook.com/OmSakerhetIDigitalaEkosystem/" "Mozilla/5.0 (Windows NT 10.0; WOW64) AppleWebKit/537.36 (KHTML, like Gecko) Chrome/50.0.2661.102 Safari/537.36"
www.nspw.org:80 94.23.45.37 - - [07/May/2018:08:24:23 -0400] "GET /2014 HTTP/1.1" 302 500 "https://www.facebook.com/christopheryuan/" "Mozilla/5.0 (Windows NT 10.0; WOW64) AppleWebKit/537.36 (KHTML, like Gecko) Chrome/50.0.2661.102 Safari/537.36"
www.nspw.org:80 216.244.66.200 - - [07/May/2018:08:24:37 -0400] "GET /2004/?C=M;O=A HTTP/1.1" 302 499 "-" "Mozilla/5.0 (compatible; DotBot/1.1; http://www.opensiteexplorer.org/dotbot, help@moz.com)"
www.nspw.org:80 93.160.60.22 - - [07/May/2018:08:26:55 -0400] "GET /papers/2011/nspw2011%E2%80%90feigenbaum.pdf HTTP/1.1" 302 615 "-" "Mozilla/5.0 (compatible; MSIE 10.0; Windows NT 6.1; Trident/6.0) LinkCheck by Siteimprove.com"
www.nspw.org:80 54.83.159.192 - - [07/May/2018:08:27:46 -0400] "GET / HTTP/1.1" 302 525 "-" "Mozilla/5.0 (compatible; linkdexbot/2.0; +http://www.linkdex.com/bots/)"
www.nspw.org:80 43.239.223.189 - - [07/May/2018:08:28:56 -0400] "GET / HTTP/1.1" 302 525 "http://nspw.org" "Mozilla/5.0 (Macintosh; Intel Mac OS X 10.13; rv:57.0) Gecko/20100101 Firefox/57.0"
www.nspw.org:80 92.98.62.116 - - [07/May/2018:08:29:04 -0400] "GET /papers/2010/nspw2010-franz.pdf HTTP/1.1" 302 589 "http://scholar.google.co.in/" "Mozilla/5.0 (Windows NT 10.0; Win64; x64; rv:59.0) Gecko/20100101 Firefox/59.0"
www.nspw.org:80 69.162.124.227 - - [07/May/2018:08:29:14 -0400] "HEAD / HTTP/1.1" 302 188 "http://nspw.org/" "Mozilla/5.0+(compatible; UptimeRobot/2.0; http://www.uptimerobot.com/)"
www.nspw.org:80 171.13.14.28 - - [07/May/2018:08:29:45 -0400] "CONNECT 133.130.126.119:43 HTTP/1.1" 302 476 "-" "RPS/HTTP PROXY"
www.nspw.org:80 183.82.16.36 - - [07/May/2018:08:30:05 -0400] "GET /wp-login.php HTTP/1.1" 302 553 "-" "Mozilla/5.0 (Windows NT 6.1; WOW64; rv:40.0) Gecko/20100101 Firefox/40.1"
www.nspw.org:80 183.82.16.36 - - [07/May/2018:08:30:07 -0400] "GET / HTTP/1.1" 302 528 "-" "Mozilla/5.0 (Windows NT 6.1; WOW64; rv:40.0) Gecko/20100101 Firefox/40.1"
www.nspw.org:80 216.244.66.236 - - [07/May/2018:08:30:39 -0400] "GET /robots.txt HTTP/1.1" 302 493 "-" "Mozilla/5.0 (compatible; DotBot/1.1; http://www.opensiteexplorer.org/dotbot, help@moz.com)"
www.nspw.org:80 216.244.66.200 - - [07/May/2018:08:30:44 -0400] "GET /2001/dates.html HTTP/1.1" 302 503 "-" "Mozilla/5.0 (compatible; DotBot/1.1; http://www.opensiteexplorer.org/dotbot, help@moz.com)"
www.nspw.org:80 86.121.46.91 - - [07/May/2018:08:31:06 -0400] "GET /wp-login.php HTTP/1.1" 302 553 "-" "Mozilla/5.0 (Windows NT 6.1; WOW64; rv:40.0) Gecko/20100101 Firefox/40.1"
www.nspw.org:80 86.121.46.91 - - [07/May/2018:08:31:08 -0400] "GET / HTTP/1.1" 302 528 "-" "Mozilla/5.0 (Windows NT 6.1; WOW64; rv:40.0) Gecko/20100101 Firefox/40.1"
www.nspw.org:80 54.36.148.39 - - [07/May/2018:08:31:23 -0400] "GET /papers/2001/?C=S;O=D HTTP/1.1" 302 513 "-" "Mozilla/5.0 (compatible; AhrefsBot/5.2; +http://ahrefs.com/robot/)"
www.nspw.org:80 180.76.15.10 - - [07/May/2018:08:32:21 -0400] "GET /2009/proceedings/2010/?C=D;O=A HTTP/1.1" 302 552 "-" "Mozilla/5.0 (compatible; Baiduspider/2.0; +http://www.baidu.com/search/spider.html)"
www.nspw.org:80 180.76.15.31 - - [07/May/2018:08:33:21 -0400] "GET /papers/2008/nspw2008-zhao.pdf HTTP/1.1" 302 550 "-" "Mozilla/5.0 (compatible; Baiduspider/2.0; +http://www.baidu.com/search/spider.html)"
www.nspw.org:80 69.162.124.227 - - [07/May/2018:08:34:14 -0400] "HEAD / HTTP/1.1" 302 188 "http://nspw.org/" "Mozilla/5.0+(compatible; UptimeRobot/2.0; http://www.uptimerobot.com/)"
www.nspw.org:80 180.76.15.15 - - [07/May/2018:08:34:21 -0400] "GET /papers/2000/?C=M;O=D HTTP/1.1" 302 532 "-" "Mozilla/5.0 (compatible; Baiduspider/2.0; +http://www.baidu.com/search/spider.html)"
www.nspw.org:80 54.36.148.134 - - [07/May/2018:08:35:07 -0400] "GET /2003/hold/papers.shtml HTTP/1.1" 302 517 "-" "Mozilla/5.0 (compatible; AhrefsBot/5.2; +http://ahrefs.com/robot/)"
www.nspw.org:80 190.151.10.226 - - [07/May/2018:08:35:09 -0400] "GET /?q=user/register HTTP/1.1" 302 501 "http://nspw.org" "Mozilla/5.0 (Macintosh; Intel Mac OS X 10.13; rv:57.0) Gecko/20100101 Firefox/57.0"
www.nspw.org:80 180.76.15.152 - - [07/May/2018:08:35:21 -0400] "GET /papers/2000/nspw2000-marceau.pdf HTTP/1.1" 302 556 "-" "Mozilla/5.0 (compatible; Baiduspider/2.0; +http://www.baidu.com/search/spider.html)"
www.nspw.org:80 180.76.15.5 - - [07/May/2018:08:36:21 -0400] "GET /2009/proceedings/2010/nspw2010-bishop.pdf HTTP/1.1" 302 574 "-" "Mozilla/5.0 (compatible; Baiduspider/2.0; +http://www.baidu.com/search/spider.html)"
www.nspw.org:80 180.76.15.16 - - [07/May/2018:08:37:21 -0400] "GET /2009/proceedings/2007/nspw2007-kursawe.pdf HTTP/1.1" 302 576 "-" "Mozilla/5.0 (compatible; Baiduspider/2.0; +http://www.baidu.com/search/spider.html)"
www.nspw.org:80 180.76.15.143 - - [07/May/2018:08:38:21 -0400] "GET /2010/2010/dates HTTP/1.1" 302 522 "-" "Mozilla/5.0 (compatible; Baiduspider/2.0; +http://www.baidu.com/search/spider.html)"
www.nspw.org:80 180.76.15.140 - - [07/May/2018:08:39:13 -0400] "GET /2012/submissions HTTP/1.1" 302 524 "-" "Mozilla/5.0 (compatible; Baiduspider/2.0; +http://www.baidu.com/search/spider.html)"
www.nspw.org:80 69.162.124.227 - - [07/May/2018:08:39:14 -0400] "HEAD / HTTP/1.1" 302 188 "http://nspw.org/" "Mozilla/5.0+(compatible; UptimeRobot/2.0; http://www.uptimerobot.com/)"
www.nspw.org:80 180.76.15.32 - - [07/May/2018:08:39:23 -0400] "GET /node/2018/dates HTTP/1.1" 302 522 "-" "Mozilla/5.0 (compatible; Baiduspider/2.0; +http://www.baidu.com/search/spider.html)"
www.nspw.org:80 94.23.45.37 - - [07/May/2018:08:39:59 -0400] "GET /past HTTP/1.1" 302 500 "http://microformats.org/wiki/hatom" "Mozilla/5.0 (Windows NT 10.0; WOW64) AppleWebKit/537.36 (KHTML, like Gecko) Chrome/50.0.2661.102 Safari/537.36"
www.nspw.org:80 94.23.45.37 - - [07/May/2018:08:39:59 -0400] "GET /login HTTP/1.1" 302 502 "http://www.ene.unb.br/" "Mozilla/5.0 (Windows NT 10.0; WOW64) AppleWebKit/537.36 (KHTML, like Gecko) Chrome/50.0.2661.102 Safari/537.36"
www.nspw.org:80 94.23.45.37 - - [07/May/2018:08:39:59 -0400] "GET /proceedings HTTP/1.1" 302 514 "http://feeds.nature.com/nature/rss/current" "Mozilla/5.0 (Windows NT 10.0; WOW64) AppleWebKit/537.36 (KHTML, like Gecko) Chrome/50.0.2661.102 Safari/537.36"
www.nspw.org:80 94.23.45.37 - - [07/May/2018:08:39:59 -0400] "GET /2018 HTTP/1.1" 302 500 "http://pubads.g.doubleclick.net/gampad/jump?iu=/285/nature.com/homepage&amp;sz=2x2&amp;c=-321632501&amp;t=pos%3Dnative%26artid%3D/nature" "Mozilla/5.0 (Windows NT 10.0; WOW64) AppleWebKit/537.36 (KHTML, like Gecko) Chrome/50.0.2661.102 Safari/537.36"
www.nspw.org:80 94.23.45.37 - - [07/May/2018:08:39:59 -0400] "GET /2018/dates HTTP/1.1" 302 512 "https://www.google.com/maps/contrib/115795055307277665978/" "Mozilla/5.0 (Windows NT 10.0; WOW64) AppleWebKit/537.36 (KHTML, like Gecko) Chrome/50.0.2661.102 Safari/537.36"
www.nspw.org:80 94.23.45.37 - - [07/May/2018:08:39:59 -0400] "GET /2018/organizers HTTP/1.1" 302 522 "https://www.google.com/maps/preview/place/Bridgeway+Church,+2490+Middlefield+Rd,+Palo+Alto,+CA+94301,+%C3%89tats-Unis/@37.4349855,-122.1323767,3168a,13.1y/data//u003d!4m2!3m1!1s0x808fbafedb36cd89:0xb674d1fba621a975/" "Mozilla/5.0 (Windows NT 10.0; WOW64) AppleWebKit/537.36 (KHTML, like Gecko) Chrome/50.0.2661.102 Safari/537.36"
www.nspw.org:80 94.23.45.37 - - [07/May/2018:08:39:59 -0400] "GET /2014/cfp HTTP/1.1" 302 508 "https://www.google.com/maps/contrib/115795055307277665978/reviews?hl%5C%5Cu003dfr-FR%5C" "Mozilla/5.0 (Windows NT 10.0; WOW64) AppleWebKit/537.36 (KHTML, like Gecko) Chrome/50.0.2661.102 Safari/537.36"
www.nspw.org:80 94.23.45.37 - - [07/May/2018:08:39:59 -0400] "GET /2017 HTTP/1.1" 302 500 "https://bugzilla.mozilla.org/github.cgi" "Mozilla/5.0 (Windows NT 10.0; WOW64) AppleWebKit/537.36 (KHTML, like Gecko) Chrome/50.0.2661.102 Safari/537.36"
www.nspw.org:80 94.23.45.37 - - [07/May/2018:08:40:00 -0400] "GET /2014/organizers HTTP/1.1" 302 522 "http://themeisle.com/plugins/feedzy-rss-feeds/" "Mozilla/5.0 (Windows NT 10.0; WOW64) AppleWebKit/537.36 (KHTML, like Gecko) Chrome/50.0.2661.102 Safari/537.36"
www.nspw.org:80 94.23.45.37 - - [07/May/2018:08:40:00 -0400] "GET /2014/dates HTTP/1.1" 302 512 "http://pubads.g.doubleclick.net/gampad/jump?iu=/285/nature.com/homepage&amp;sz=970x250&amp;c=136890447&amp;t=pos%3Dbillboard%26artid%3D/nature" "Mozilla/5.0 (Windows NT 10.0; WOW64) AppleWebKit/537.36 (KHTML, like Gecko) Chrome/50.0.2661.102 Safari/537.36"
www.nspw.org:80 94.23.45.37 - - [07/May/2018:08:40:00 -0400] "GET /2018/cfp HTTP/1.1" 302 508 "https://obamawhitehouse.archives.gov/issues" "Mozilla/5.0 (Windows NT 10.0; WOW64) AppleWebKit/537.36 (KHTML, like Gecko) Chrome/50.0.2661.102 Safari/537.36"
www.nspw.org:80 94.23.45.37 - - [07/May/2018:08:40:00 -0400] "GET /node/70 HTTP/1.1" 302 506 "http://media.springernature.com/lw630/nature-cms/uploads/cms/pages/2913/top_item_image/blastocysts-4bdc386ccb6125a59bf3136ba5b1f95b.png" "Mozilla/5.0 (Windows NT 10.0; WOW64) AppleWebKit/537.36 (KHTML, like Gecko) Chrome/50.0.2661.102 Safari/537.36"
www.nspw.org:80 94.23.45.37 - - [07/May/2018:08:40:00 -0400] "GET /2014/local HTTP/1.1" 302 512 "https://www.google.com/maps/contrib/114442901590501449511/reviews?hl%5C%5Cu003dfr-FR%5C" "Mozilla/5.0 (Windows NT 10.0; WOW64) AppleWebKit/537.36 (KHTML, like Gecko) Chrome/50.0.2661.102 Safari/537.36"
www.nspw.org:80 94.23.45.37 - - [07/May/2018:08:40:00 -0400] "GET /2015 HTTP/1.1" 302 500 "https://obamawhitehouse.archives.gov/performances" "Mozilla/5.0 (Windows NT 10.0; WOW64) AppleWebKit/537.36 (KHTML, like Gecko) Chrome/50.0.2661.102 Safari/537.36"
www.nspw.org:80 94.23.45.37 - - [07/May/2018:08:40:02 -0400] "GET /2014/program HTTP/1.1" 302 516 "https://obamawhitehouse.archives.gov/administration/eop/rural-council" "Mozilla/5.0 (Windows NT 10.0; WOW64) AppleWebKit/537.36 (KHTML, like Gecko) Chrome/50.0.2661.102 Safari/537.36"
www.nspw.org:80 94.23.45.37 - - [07/May/2018:08:40:02 -0400] "GET /2016 HTTP/1.1" 302 500 "https://www.gstatic.com/maps/res/CompactLegend-NavigationLowLight-BeckWithoutDots-526ca11bb5cd2141c097456c52ce9273" "Mozilla/5.0 (Windows NT 10.0; WOW64) AppleWebKit/537.36 (KHTML, like Gecko) Chrome/50.0.2661.102 Safari/537.36"
www.nspw.org:80 94.23.45.37 - - [07/May/2018:08:40:02 -0400] "GET /2012 HTTP/1.1" 302 500 "https://obamawhitehouse.archives.gov/the-record/health-care" "Mozilla/5.0 (Windows NT 10.0; WOW64) AppleWebKit/537.36 (KHTML, like Gecko) Chrome/50.0.2661.102 Safari/537.36"
www.nspw.org:80 94.23.45.37 - - [07/May/2018:08:40:02 -0400] "GET /2014/sponsors HTTP/1.1" 302 518 "https://www.youtube.com/?gl%5Cu003dFR%5C" "Mozilla/5.0 (Windows NT 10.0; WOW64) AppleWebKit/537.36 (KHTML, like Gecko) Chrome/50.0.2661.102 Safari/537.36"
www.nspw.org:80 94.23.45.37 - - [07/May/2018:08:40:02 -0400] "GET /2011 HTTP/1.1" 302 500 "https://www.google.com/maps/contrib/116819455970549944056/reviews?hl%5C%5Cu003dfr-FR%5C" "Mozilla/5.0 (Windows NT 10.0; WOW64) AppleWebKit/537.36 (KHTML, like Gecko) Chrome/50.0.2661.102 Safari/537.36"
www.nspw.org:80 94.23.45.37 - - [07/May/2018:08:40:02 -0400] "GET /2010 HTTP/1.1" 302 500 "https://obamawhitehouse.archives.gov/briefing-room" "Mozilla/5.0 (Windows NT 10.0; WOW64) AppleWebKit/537.36 (KHTML, like Gecko) Chrome/50.0.2661.102 Safari/537.36"
www.nspw.org:80 94.23.45.37 - - [07/May/2018:08:40:02 -0400] "GET /2013 HTTP/1.1" 302 500 "https://www.youtube.com/luxuni" "Mozilla/5.0 (Windows NT 10.0; WOW64) AppleWebKit/537.36 (KHTML, like Gecko) Chrome/50.0.2661.102 Safari/537.36"
www.nspw.org:80 ::1 - - [07/May/2018:08:40:05 -0400] "OPTIONS * HTTP/1.0" 200 126 "-" "Apache/2.4.29 (Ubuntu) OpenSSL/1.1.0g (internal dummy connection)"
www.nspw.org:80 ::1 - - [07/May/2018:08:40:06 -0400] "OPTIONS * HTTP/1.0" 200 126 "-" "Apache/2.4.29 (Ubuntu) OpenSSL/1.1.0g (internal dummy connection)"
www.nspw.org:80 ::1 - - [07/May/2018:08:40:07 -0400] "OPTIONS * HTTP/1.0" 200 126 "-" "Apache/2.4.29 (Ubuntu) OpenSSL/1.1.0g (internal dummy connection)"
www.nspw.org:80 ::1 - - [07/May/2018:08:40:08 -0400] "OPTIONS * HTTP/1.0" 200 126 "-" "Apache/2.4.29 (Ubuntu) OpenSSL/1.1.0g (internal dummy connection)"
www.nspw.org:80 ::1 - - [07/May/2018:08:40:09 -0400] "OPTIONS * HTTP/1.0" 200 126 "-" "Apache/2.4.29 (Ubuntu) OpenSSL/1.1.0g (internal dummy connection)"
www.nspw.org:80 ::1 - - [07/May/2018:08:40:10 -0400] "OPTIONS * HTTP/1.0" 200 126 "-" "Apache/2.4.29 (Ubuntu) OpenSSL/1.1.0g (internal dummy connection)"
www.nspw.org:80 ::1 - - [07/May/2018:08:40:11 -0400] "OPTIONS * HTTP/1.0" 200 126 "-" "Apache/2.4.29 (Ubuntu) OpenSSL/1.1.0g (internal dummy connection)"
www.nspw.org:80 ::1 - - [07/May/2018:08:40:12 -0400] "OPTIONS * HTTP/1.0" 200 126 "-" "Apache/2.4.29 (Ubuntu) OpenSSL/1.1.0g (internal dummy connection)"
www.nspw.org:80 ::1 - - [07/May/2018:08:40:13 -0400] "OPTIONS * HTTP/1.0" 200 126 "-" "Apache/2.4.29 (Ubuntu) OpenSSL/1.1.0g (internal dummy connection)"
www.nspw.org:80 ::1 - - [07/May/2018:08:40:14 -0400] "OPTIONS * HTTP/1.0" 200 126 "-" "Apache/2.4.29 (Ubuntu) OpenSSL/1.1.0g (internal dummy connection)"
www.nspw.org:80 ::1 - - [07/May/2018:08:40:15 -0400] "OPTIONS * HTTP/1.0" 200 126 "-" "Apache/2.4.29 (Ubuntu) OpenSSL/1.1.0g (internal dummy connection)"
www.nspw.org:80 ::1 - - [07/May/2018:08:40:16 -0400] "OPTIONS * HTTP/1.0" 200 126 "-" "Apache/2.4.29 (Ubuntu) OpenSSL/1.1.0g (internal dummy connection)"
www.nspw.org:80 ::1 - - [07/May/2018:08:40:17 -0400] "OPTIONS * HTTP/1.0" 200 126 "-" "Apache/2.4.29 (Ubuntu) OpenSSL/1.1.0g (internal dummy connection)"
www.nspw.org:80 ::1 - - [07/May/2018:08:40:18 -0400] "OPTIONS * HTTP/1.0" 200 126 "-" "Apache/2.4.29 (Ubuntu) OpenSSL/1.1.0g (internal dummy connection)"
www.nspw.org:80 ::1 - - [07/May/2018:08:40:19 -0400] "OPTIONS * HTTP/1.0" 200 126 "-" "Apache/2.4.29 (Ubuntu) OpenSSL/1.1.0g (internal dummy connection)"
www.nspw.org:80 ::1 - - [07/May/2018:08:40:20 -0400] "OPTIONS * HTTP/1.0" 200 126 "-" "Apache/2.4.29 (Ubuntu) OpenSSL/1.1.0g (internal dummy connection)"
www.nspw.org:80 ::1 - - [07/May/2018:08:40:21 -0400] "OPTIONS * HTTP/1.0" 200 126 "-" "Apache/2.4.29 (Ubuntu) OpenSSL/1.1.0g (internal dummy connection)"
www.nspw.org:80 180.76.15.32 - - [07/May/2018:08:40:21 -0400] "GET /2006/cfp/cfpExtension.text HTTP/1.1" 302 544 "-" "Mozilla/5.0 (compatible; Baiduspider/2.0; +http://www.baidu.com/search/spider.html)"
www.nspw.org:80 ::1 - - [07/May/2018:08:40:22 -0400] "OPTIONS * HTTP/1.0" 200 126 "-" "Apache/2.4.29 (Ubuntu) OpenSSL/1.1.0g (internal dummy connection)"
www.nspw.org:80 ::1 - - [07/May/2018:08:40:23 -0400] "OPTIONS * HTTP/1.0" 200 126 "-" "Apache/2.4.29 (Ubuntu) OpenSSL/1.1.0g (internal dummy connection)"
www.nspw.org:80 ::1 - - [07/May/2018:08:40:24 -0400] "OPTIONS * HTTP/1.0" 200 126 "-" "Apache/2.4.29 (Ubuntu) OpenSSL/1.1.0g (internal dummy connection)"
www.nspw.org:80 ::1 - - [07/May/2018:08:40:25 -0400] "OPTIONS * HTTP/1.0" 200 126 "-" "Apache/2.4.29 (Ubuntu) OpenSSL/1.1.0g (internal dummy connection)"
www.nspw.org:80 ::1 - - [07/May/2018:08:40:26 -0400] "OPTIONS * HTTP/1.0" 200 126 "-" "Apache/2.4.29 (Ubuntu) OpenSSL/1.1.0g (internal dummy connection)"
www.nspw.org:80 ::1 - - [07/May/2018:08:40:27 -0400] "OPTIONS * HTTP/1.0" 200 126 "-" "Apache/2.4.29 (Ubuntu) OpenSSL/1.1.0g (internal dummy connection)"
