www.nspw.org:80 66.249.73.78 - - [26/Apr/2018:19:47:10 -0400] "GET /papers/2005/nspw2005-taylor-panel.pdf HTTP/1.1" 302 603 "-" "Mozilla/5.0 (compatible; Googlebot/2.1; +http://www.google.com/bot.html)"
www.nspw.org:80 52.11.227.206 - - [26/Apr/2018:19:47:33 -0400] "HEAD /papers/2009/nspw2009-tuerpe.pdf HTTP/1.1" 302 219 "-" "Mozilla/5.0 (Windows NT 10.0; WOW64) AppleWebKit/537.36 (KHTML, like Gecko) coc_coc_browser/55.2.116 Chrome/49.2.2623.116 Safari/537.36"
www.nspw.org:80 52.11.227.206 - - [26/Apr/2018:19:47:33 -0400] "GET /papers/2009/nspw2009-tuerpe.pdf HTTP/1.1" 302 554 "-" "Mozilla/5.0 (Macintosh; Intel Mac OS X 10_8_5) AppleWebKit/600.8.9 (KHTML, like Gecko) Version/6.2.8 Safari/537.85.17"
www.nspw.org:80 66.249.73.78 - - [26/Apr/2018:19:47:58 -0400] "GET /papers/2013/nspw2013-rowe.pdf HTTP/1.1" 302 587 "-" "Mozilla/5.0 (compatible; Googlebot/2.1; +http://www.google.com/bot.html)"
www.nspw.org:80 199.16.157.181 - - [26/Apr/2018:19:49:06 -0400] "GET /robots.txt HTTP/1.1" 302 493 "-" "Twitterbot/1.0"
www.nspw.org:80 199.16.157.181 - - [26/Apr/2018:19:49:06 -0400] "GET /2017/cfp HTTP/1.1" 302 489 "-" "Twitterbot/1.0"
www.nspw.org:80 66.249.73.78 - - [26/Apr/2018:19:49:42 -0400] "GET /papers/1993/nspw1993-meadows.pdf HTTP/1.1" 302 593 "-" "Mozilla/5.0 (compatible; Googlebot/2.1; +http://www.google.com/bot.html)"
www.nspw.org:80 69.162.124.227 - - [26/Apr/2018:19:49:43 -0400] "HEAD / HTTP/1.1" 302 188 "http://nspw.org/" "Mozilla/5.0+(compatible; UptimeRobot/2.0; http://www.uptimerobot.com/)"
www.nspw.org:80 77.75.251.205 - - [26/Apr/2018:19:50:29 -0400] "GET /wordpress/wp-admin/ HTTP/1.1" 302 526 "-" "-"
www.nspw.org:80 66.249.73.78 - - [26/Apr/2018:19:50:33 -0400] "GET /papers/2010/nspw2010-coles.pdf HTTP/1.1" 302 589 "-" "Mozilla/5.0 (compatible; Googlebot/2.1; +http://www.google.com/bot.html)"
www.nspw.org:80 66.249.73.78 - - [26/Apr/2018:19:51:25 -0400] "GET /papers/2006/nspw2006-gutmann.pdf HTTP/1.1" 302 593 "-" "Mozilla/5.0 (compatible; Googlebot/2.1; +http://www.google.com/bot.html)"
www.nspw.org:80 216.244.66.236 - - [26/Apr/2018:19:52:49 -0400] "GET /robots.txt HTTP/1.1" 302 489 "-" "Mozilla/5.0 (compatible; DotBot/1.1; http://www.opensiteexplorer.org/dotbot, help@moz.com)"
www.nspw.org:80 66.249.73.80 - - [26/Apr/2018:19:53:09 -0400] "GET /papers/2002/nspw2002-inoue.pdf HTTP/1.1" 302 589 "-" "Mozilla/5.0 (compatible; Googlebot/2.1; +http://www.google.com/bot.html)"
www.nspw.org:80 103.250.134.183 - - [26/Apr/2018:19:53:31 -0400] "GET /wp-login.php HTTP/1.1" 302 553 "-" "Mozilla/5.0 (Windows NT 6.1; WOW64; rv:40.0) Gecko/20100101 Firefox/40.1"
www.nspw.org:80 103.250.134.183 - - [26/Apr/2018:19:53:33 -0400] "GET / HTTP/1.1" 302 528 "-" "Mozilla/5.0 (Windows NT 6.1; WOW64; rv:40.0) Gecko/20100101 Firefox/40.1"
www.nspw.org:80 69.94.92.9 - - [26/Apr/2018:19:53:58 -0400] "GET /wp-login.php HTTP/1.1" 302 553 "-" "Mozilla/5.0 (Windows NT 6.1; WOW64; rv:40.0) Gecko/20100101 Firefox/40.1"
www.nspw.org:80 66.249.73.80 - - [26/Apr/2018:19:54:01 -0400] "GET /papers/2006/nspw2006-greenwald.pdf HTTP/1.1" 302 597 "-" "Mozilla/5.0 (compatible; Googlebot/2.1; +http://www.google.com/bot.html)"
www.nspw.org:80 123.176.14.107 - - [26/Apr/2018:19:54:12 -0400] "GET / HTTP/1.1" 302 529 "-" "Mozilla/5.0 (Windows NT 6.1; WOW64; rv:40.0) Gecko/20100101 Firefox/40.1"
www.nspw.org:80 24.135.71.247 - - [26/Apr/2018:19:54:17 -0400] "GET /wp-login.php HTTP/1.1" 302 553 "-" "Mozilla/5.0 (Windows NT 6.1; WOW64; rv:40.0) Gecko/20100101 Firefox/40.1"
www.nspw.org:80 24.135.71.247 - - [26/Apr/2018:19:54:18 -0400] "GET / HTTP/1.1" 302 528 "-" "Mozilla/5.0 (Windows NT 6.1; WOW64; rv:40.0) Gecko/20100101 Firefox/40.1"
www.nspw.org:80 69.162.124.227 - - [26/Apr/2018:19:54:43 -0400] "HEAD / HTTP/1.1" 302 188 "http://nspw.org/" "Mozilla/5.0+(compatible; UptimeRobot/2.0; http://www.uptimerobot.com/)"
www.nspw.org:80 216.244.66.200 - - [26/Apr/2018:19:55:21 -0400] "GET /robots.txt HTTP/1.1" 302 493 "-" "Mozilla/5.0 (compatible; DotBot/1.1; http://www.opensiteexplorer.org/dotbot, help@moz.com)"
www.nspw.org:80 199.16.157.181 - - [26/Apr/2018:19:56:04 -0400] "GET /2017/cfp HTTP/1.1" 302 489 "-" "Twitterbot/1.0"
www.nspw.org:80 54.36.148.209 - - [26/Apr/2018:19:56:26 -0400] "GET /2007/qq.old HTTP/1.1" 302 495 "-" "Mozilla/5.0 (compatible; AhrefsBot/5.2; +http://ahrefs.com/robot/)"
www.nspw.org:80 66.249.73.82 - - [26/Apr/2018:19:57:28 -0400] "GET /papers/1993/nspw1993-denning.pdf HTTP/1.1" 302 593 "-" "Mozilla/5.0 (compatible; Googlebot/2.1; +http://www.google.com/bot.html)"
www.nspw.org:80 66.249.73.78 - - [26/Apr/2018:19:59:12 -0400] "GET /papers/1997/nspw1997-riechmann.pdf HTTP/1.1" 302 597 "-" "Mozilla/5.0 (compatible; Googlebot/2.1; +http://www.google.com/bot.html)"
www.nspw.org:80 200.187.64.73 - - [26/Apr/2018:19:59:42 -0400] "GET /blog/wp-admin/ HTTP/1.1" 302 516 "-" "-"
www.nspw.org:80 69.162.124.227 - - [26/Apr/2018:19:59:43 -0400] "HEAD / HTTP/1.1" 302 188 "http://nspw.org/" "Mozilla/5.0+(compatible; UptimeRobot/2.0; http://www.uptimerobot.com/)"
www.nspw.org:80 66.249.73.80 - - [26/Apr/2018:20:00:03 -0400] "GET /papers/2010/nspw2010-bratus.pdf HTTP/1.1" 302 591 "-" "Mozilla/5.0 (compatible; Googlebot/2.1; +http://www.google.com/bot.html)"
www.nspw.org:80 176.233.206.246 - - [26/Apr/2018:20:00:27 -0400] "GET /wp-login.php HTTP/1.1" 302 553 "-" "Mozilla/5.0 (Windows NT 6.1; WOW64; rv:40.0) Gecko/20100101 Firefox/40.1"
www.nspw.org:80 176.233.206.246 - - [26/Apr/2018:20:00:29 -0400] "GET / HTTP/1.1" 302 528 "-" "Mozilla/5.0 (Windows NT 6.1; WOW64; rv:40.0) Gecko/20100101 Firefox/40.1"
www.nspw.org:80 157.55.39.132 - - [26/Apr/2018:20:00:41 -0400] "GET /papers/2011/nspw2011-du.pdf HTTP/1.1" 302 579 "-" "Mozilla/5.0 (iPhone; CPU iPhone OS 7_0 like Mac OS X) AppleWebKit/537.51.1 (KHTML, like Gecko) Version/7.0 Mobile/11A465 Safari/9537.53 (compatible; bingbot/2.0; +http://www.bing.com/bingbot.htm)"
www.nspw.org:80 66.249.73.78 - - [26/Apr/2018:20:01:47 -0400] "GET /papers/2005/nspw2005-mcdermott.pdf HTTP/1.1" 302 597 "-" "Mozilla/5.0 (compatible; Googlebot/2.1; +http://www.google.com/bot.html)"
www.nspw.org:80 66.249.73.78 - - [26/Apr/2018:20:02:39 -0400] "GET /2007/tba.content HTTP/1.1" 302 561 "-" "Mozilla/5.0 (compatible; Googlebot/2.1; +http://www.google.com/bot.html)"
www.nspw.org:80 66.249.73.82 - - [26/Apr/2018:20:03:30 -0400] "GET /2009/submission.shtml HTTP/1.1" 302 571 "-" "Mozilla/5.0 (Linux; Android 6.0.1; Nexus 5X Build/MMB29P) AppleWebKit/537.36 (KHTML, like Gecko) Chrome/41.0.2272.96 Mobile Safari/537.36 (compatible; Googlebot/2.1; +http://www.google.com/bot.html)"
www.nspw.org:80 69.162.124.227 - - [26/Apr/2018:20:04:43 -0400] "HEAD / HTTP/1.1" 302 188 "http://nspw.org/" "Mozilla/5.0+(compatible; UptimeRobot/2.0; http://www.uptimerobot.com/)"
www.nspw.org:80 66.249.73.82 - - [26/Apr/2018:20:05:14 -0400] "GET /papers/2010/nspw2010-raskin.pdf HTTP/1.1" 302 591 "-" "Mozilla/5.0 (compatible; Googlebot/2.1; +http://www.google.com/bot.html)"
www.nspw.org:80 66.249.73.80 - - [26/Apr/2018:20:06:06 -0400] "GET /papers/1993/nspw1993-slack.pdf HTTP/1.1" 302 589 "-" "Mozilla/5.0 (compatible; Googlebot/2.1; +http://www.google.com/bot.html)"
www.nspw.org:80 66.249.73.82 - - [26/Apr/2018:20:07:01 -0400] "GET /papers/2006/nspw2006-crawford.pdf HTTP/1.1" 302 595 "-" "Mozilla/5.0 (compatible; Googlebot/2.1; +http://www.google.com/bot.html)"
www.nspw.org:80 36.73.14.118 - - [26/Apr/2018:20:07:33 -0400] "GET /wp-login.php HTTP/1.1" 302 553 "-" "Mozilla/5.0 (Windows NT 6.1; WOW64; rv:40.0) Gecko/20100101 Firefox/40.1"
www.nspw.org:80 54.36.148.120 - - [26/Apr/2018:20:07:35 -0400] "GET /2008/pc.content.2008 HTTP/1.1" 302 513 "-" "Mozilla/5.0 (compatible; AhrefsBot/5.2; +http://ahrefs.com/robot/)"
www.nspw.org:80 36.73.14.118 - - [26/Apr/2018:20:07:37 -0400] "GET / HTTP/1.1" 302 529 "-" "Mozilla/5.0 (Windows NT 6.1; WOW64; rv:40.0) Gecko/20100101 Firefox/40.1"
www.nspw.org:80 66.249.73.78 - - [26/Apr/2018:20:07:49 -0400] "GET /2009/proceedings/1993/nspw1993-lin.pdf HTTP/1.1" 302 605 "-" "Mozilla/5.0 (compatible; Googlebot/2.1; +http://www.google.com/bot.html)"
www.nspw.org:80 108.179.231.35 - - [26/Apr/2018:20:07:56 -0400] "GET /wp/wp-admin/ HTTP/1.1" 302 512 "-" "-"
www.nspw.org:80 66.249.73.78 - - [26/Apr/2018:20:09:29 -0400] "GET /2009/proceedings.shtml HTTP/1.1" 302 573 "-" "Mozilla/5.0 (compatible; Googlebot/2.1; +http://www.google.com/bot.html)"
www.nspw.org:80 66.249.73.80 - - [26/Apr/2018:20:09:33 -0400] "GET /papers/2013/nspw2013-bishop.pdf HTTP/1.1" 302 591 "-" "Mozilla/5.0 (compatible; Googlebot/2.1; +http://www.google.com/bot.html)"
www.nspw.org:80 69.162.124.227 - - [26/Apr/2018:20:09:43 -0400] "HEAD / HTTP/1.1" 302 188 "http://nspw.org/" "Mozilla/5.0+(compatible; UptimeRobot/2.0; http://www.uptimerobot.com/)"
www.nspw.org:80 71.90.216.192 - - [26/Apr/2018:20:11:38 -0400] "GET /wp-login.php HTTP/1.1" 302 553 "-" "Mozilla/5.0 (Windows NT 6.1; WOW64; rv:40.0) Gecko/20100101 Firefox/40.1"
www.nspw.org:80 71.90.216.192 - - [26/Apr/2018:20:11:39 -0400] "GET / HTTP/1.1" 302 528 "-" "Mozilla/5.0 (Windows NT 6.1; WOW64; rv:40.0) Gecko/20100101 Firefox/40.1"
www.nspw.org:80 66.249.73.80 - - [26/Apr/2018:20:12:08 -0400] "GET /papers/2010/nspw2010-parkin.pdf HTTP/1.1" 302 591 "-" "Mozilla/5.0 (compatible; Googlebot/2.1; +http://www.google.com/bot.html)"
www.nspw.org:80 66.249.73.80 - - [26/Apr/2018:20:13:00 -0400] "GET /papers/1999/nspw1999-jonsson.pdf HTTP/1.1" 302 593 "-" "Mozilla/5.0 (compatible; Googlebot/2.1; +http://www.google.com/bot.html)"
www.nspw.org:80 66.249.73.78 - - [26/Apr/2018:20:13:52 -0400] "GET /papers/2005/nspw2005-van_oorschot.pdf HTTP/1.1" 302 603 "-" "Mozilla/5.0 (compatible; Googlebot/2.1; +http://www.google.com/bot.html)"
www.nspw.org:80 69.162.124.227 - - [26/Apr/2018:20:14:43 -0400] "HEAD / HTTP/1.1" 302 188 "http://nspw.org/" "Mozilla/5.0+(compatible; UptimeRobot/2.0; http://www.uptimerobot.com/)"
www.nspw.org:80 66.249.73.80 - - [26/Apr/2018:20:15:36 -0400] "GET /papers/1997/nspw1997-mambo.pdf HTTP/1.1" 302 589 "-" "Mozilla/5.0 (compatible; Googlebot/2.1; +http://www.google.com/bot.html)"
www.nspw.org:80 64.71.32.65 - - [26/Apr/2018:20:16:20 -0400] "GET /old/wp-admin/ HTTP/1.1" 302 514 "-" "-"
www.nspw.org:80 66.249.73.80 - - [26/Apr/2018:20:17:19 -0400] "GET /papers/1997/nspw1997-timmerman.pdf HTTP/1.1" 302 597 "-" "Mozilla/5.0 (compatible; Googlebot/2.1; +http://www.google.com/bot.html)"
www.nspw.org:80 54.36.149.88 - - [26/Apr/2018:20:17:45 -0400] "GET /2009/proceedings/2013/?C=S;O=A HTTP/1.1" 302 533 "-" "Mozilla/5.0 (compatible; AhrefsBot/5.2; +http://ahrefs.com/robot/)"
www.nspw.org:80 216.244.66.200 - - [26/Apr/2018:20:17:55 -0400] "GET /2006/panel.html HTTP/1.1" 302 503 "-" "Mozilla/5.0 (compatible; DotBot/1.1; http://www.opensiteexplorer.org/dotbot, help@moz.com)"
www.nspw.org:80 157.55.39.35 - - [26/Apr/2018:20:18:01 -0400] "GET /papers/1998/nspw1998-mcdermott.pdf HTTP/1.1" 302 597 "-" "Mozilla/5.0 (iPhone; CPU iPhone OS 7_0 like Mac OS X) AppleWebKit/537.51.1 (KHTML, like Gecko) Version/7.0 Mobile/11A465 Safari/9537.53 (compatible; bingbot/2.0; +http://www.bing.com/bingbot.htm)"
www.nspw.org:80 66.249.73.82 - - [26/Apr/2018:20:18:11 -0400] "GET /2005/cfp/latex/toplas.pdf HTTP/1.1" 302 579 "-" "Mozilla/5.0 (compatible; Googlebot/2.1; +http://www.google.com/bot.html)"
www.nspw.org:80 69.162.124.227 - - [26/Apr/2018:20:19:43 -0400] "HEAD / HTTP/1.1" 302 188 "http://nspw.org/" "Mozilla/5.0+(compatible; UptimeRobot/2.0; http://www.uptimerobot.com/)"
www.nspw.org:80 66.249.73.80 - - [26/Apr/2018:20:20:47 -0400] "GET /papers/1997/nspw1997-somayaji-scanned.pdf HTTP/1.1" 302 611 "-" "Mozilla/5.0 (compatible; Googlebot/2.1; +http://www.google.com/bot.html)"
www.nspw.org:80 66.249.73.82 - - [26/Apr/2018:20:21:38 -0400] "GET /papers/2011/nspw2011-feigenbaum.pdf HTTP/1.1" 302 599 "-" "Mozilla/5.0 (compatible; Googlebot/2.1; +http://www.google.com/bot.html)"
www.nspw.org:80 66.249.73.78 - - [26/Apr/2018:20:23:22 -0400] "GET /papers/1994/nspw1994-bell.pdf HTTP/1.1" 302 587 "-" "Mozilla/5.0 (compatible; Googlebot/2.1; +http://www.google.com/bot.html)"
www.nspw.org:80 54.80.103.120 - - [26/Apr/2018:20:23:25 -0400] "GET /robots.txt HTTP/1.0" 302 512 "-" "CCBot/2.0 (http://commoncrawl.org/faq/)"
www.nspw.org:80 54.80.103.120 - - [26/Apr/2018:20:23:26 -0400] "GET /2010/ HTTP/1.0" 302 502 "-" "CCBot/2.0 (http://commoncrawl.org/faq/)"
www.nspw.org:80 66.160.140.183 - - [26/Apr/2018:20:23:26 -0400] "GET /robots.txt HTTP/1.1" 302 549 "-" "The Knowledge AI"
www.nspw.org:80 66.160.140.183 - - [26/Apr/2018:20:23:48 -0400] "GET /2009/ HTTP/1.1" 302 539 "-" "The Knowledge AI"
www.nspw.org:80 ::1 - - [26/Apr/2018:20:23:53 -0400] "OPTIONS * HTTP/1.0" 200 126 "-" "Apache/2.4.29 (Ubuntu) OpenSSL/1.1.0g (internal dummy connection)"
www.nspw.org:80 ::1 - - [26/Apr/2018:20:23:57 -0400] "OPTIONS * HTTP/1.0" 200 126 "-" "Apache/2.4.29 (Ubuntu) OpenSSL/1.1.0g (internal dummy connection)"
www.nspw.org:80 ::1 - - [26/Apr/2018:20:24:07 -0400] "OPTIONS * HTTP/1.0" 200 126 "-" "Apache/2.4.29 (Ubuntu) OpenSSL/1.1.0g (internal dummy connection)"
www.nspw.org:80 ::1 - - [26/Apr/2018:20:24:11 -0400] "OPTIONS * HTTP/1.0" 200 126 "-" "Apache/2.4.29 (Ubuntu) OpenSSL/1.1.0g (internal dummy connection)"
www.nspw.org:80 66.160.140.183 - - [26/Apr/2018:20:24:11 -0400] "GET /2006/ HTTP/1.1" 302 539 "-" "The Knowledge AI"
www.nspw.org:80 ::1 - - [26/Apr/2018:20:24:22 -0400] "OPTIONS * HTTP/1.0" 200 126 "-" "Apache/2.4.29 (Ubuntu) OpenSSL/1.1.0g (internal dummy connection)"
www.nspw.org:80 ::1 - - [26/Apr/2018:20:24:30 -0400] "OPTIONS * HTTP/1.0" 200 126 "-" "Apache/2.4.29 (Ubuntu) OpenSSL/1.1.0g (internal dummy connection)"
www.nspw.org:80 43.241.58.23 - - [26/Apr/2018:20:24:36 -0400] "GET /2014/organizers HTTP/1.0" 302 522 "-" "Mozilla/5.0 (compatible; AhrefsBot/5.2; +http://ahrefs.com/robot/)"
www.nspw.org:80 69.162.124.227 - - [26/Apr/2018:20:24:43 -0400] "HEAD / HTTP/1.1" 302 188 "http://nspw.org/" "Mozilla/5.0+(compatible; UptimeRobot/2.0; http://www.uptimerobot.com/)"
www.nspw.org:80 ::1 - - [26/Apr/2018:20:24:49 -0400] "OPTIONS * HTTP/1.0" 200 126 "-" "Apache/2.4.29 (Ubuntu) OpenSSL/1.1.0g (internal dummy connection)"
www.nspw.org:80 ::1 - - [26/Apr/2018:20:24:57 -0400] "OPTIONS * HTTP/1.0" 200 126 "-" "Apache/2.4.29 (Ubuntu) OpenSSL/1.1.0g (internal dummy connection)"
www.nspw.org:80 ::1 - - [26/Apr/2018:20:25:04 -0400] "OPTIONS * HTTP/1.0" 200 126 "-" "Apache/2.4.29 (Ubuntu) OpenSSL/1.1.0g (internal dummy connection)"
www.nspw.org:80 66.249.73.82 - - [26/Apr/2018:20:25:05 -0400] "GET /papers/2005/nspw2005-maxion.pdf HTTP/1.1" 302 591 "-" "Mozilla/5.0 (compatible; Googlebot/2.1; +http://www.google.com/bot.html)"
www.nspw.org:80 60.99.192.226 - - [26/Apr/2018:20:25:07 -0400] "GET /wp-login.php HTTP/1.1" 302 553 "-" "Mozilla/5.0 (Windows NT 6.1; WOW64; rv:40.0) Gecko/20100101 Firefox/40.1"
www.nspw.org:80 60.99.192.226 - - [26/Apr/2018:20:25:09 -0400] "GET / HTTP/1.1" 302 528 "-" "Mozilla/5.0 (Windows NT 6.1; WOW64; rv:40.0) Gecko/20100101 Firefox/40.1"
www.nspw.org:80 54.80.103.120 - - [26/Apr/2018:20:25:26 -0400] "GET /proceedings/1999 HTTP/1.0" 302 524 "-" "CCBot/2.0 (http://commoncrawl.org/faq/)"
www.nspw.org:80 66.249.73.80 - - [26/Apr/2018:20:25:57 -0400] "GET /papers/2004/nspw2004-gates.pdf HTTP/1.1" 302 589 "-" "Mozilla/5.0 (compatible; Googlebot/2.1; +http://www.google.com/bot.html)"
www.nspw.org:80 ::1 - - [26/Apr/2018:20:26:11 -0400] "OPTIONS * HTTP/1.0" 200 126 "-" "Apache/2.4.29 (Ubuntu) OpenSSL/1.1.0g (internal dummy connection)"
www.nspw.org:80 54.80.103.120 - - [26/Apr/2018:20:26:14 -0400] "GET /proceedings/1994 HTTP/1.0" 302 524 "-" "CCBot/2.0 (http://commoncrawl.org/faq/)"
www.nspw.org:80 ::1 - - [26/Apr/2018:20:26:16 -0400] "OPTIONS * HTTP/1.0" 200 126 "-" "Apache/2.4.29 (Ubuntu) OpenSSL/1.1.0g (internal dummy connection)"
www.nspw.org:80 66.249.73.80 - - [26/Apr/2018:20:26:49 -0400] "GET /papers/2006/nspw2006-porras.pdf HTTP/1.1" 302 591 "-" "Mozilla/5.0 (compatible; Googlebot/2.1; +http://www.google.com/bot.html)"
www.nspw.org:80 54.80.103.120 - - [26/Apr/2018:20:26:53 -0400] "GET /proceedings/1997 HTTP/1.0" 302 524 "-" "CCBot/2.0 (http://commoncrawl.org/faq/)"
www.nspw.org:80 40.77.167.4 - - [26/Apr/2018:20:27:13 -0400] "GET /papers/2011/nspw2011-locasto.pdf HTTP/1.1" 302 589 "-" "Mozilla/5.0 (iPhone; CPU iPhone OS 7_0 like Mac OS X) AppleWebKit/537.51.1 (KHTML, like Gecko) Version/7.0 Mobile/11A465 Safari/9537.53 (compatible; bingbot/2.0; +http://www.bing.com/bingbot.htm)"
www.nspw.org:80 54.80.103.120 - - [26/Apr/2018:20:27:28 -0400] "GET /proceedings/1996 HTTP/1.0" 302 524 "-" "CCBot/2.0 (http://commoncrawl.org/faq/)"
www.nspw.org:80 54.80.103.120 - - [26/Apr/2018:20:28:00 -0400] "GET /2015 HTTP/1.0" 302 500 "-" "CCBot/2.0 (http://commoncrawl.org/faq/)"
www.nspw.org:80 54.80.103.120 - - [26/Apr/2018:20:28:27 -0400] "GET /proceedings/2001 HTTP/1.0" 302 524 "-" "CCBot/2.0 (http://commoncrawl.org/faq/)"
www.nspw.org:80 66.249.73.82 - - [26/Apr/2018:20:28:33 -0400] "GET /2009/dates.content HTTP/1.1" 302 565 "-" "Mozilla/5.0 (Linux; Android 6.0.1; Nexus 5X Build/MMB29P) AppleWebKit/537.36 (KHTML, like Gecko) Chrome/41.0.2272.96 Mobile Safari/537.36 (compatible; Googlebot/2.1; +http://www.google.com/bot.html)"
www.nspw.org:80 54.80.103.120 - - [26/Apr/2018:20:28:48 -0400] "GET /proceedings/2010 HTTP/1.0" 302 524 "-" "CCBot/2.0 (http://commoncrawl.org/faq/)"
www.nspw.org:80 54.36.148.151 - - [26/Apr/2018:20:29:14 -0400] "GET /proceedings/2011 HTTP/1.1" 302 505 "-" "Mozilla/5.0 (compatible; AhrefsBot/5.2; +http://ahrefs.com/robot/)"
www.nspw.org:80 54.80.103.120 - - [26/Apr/2018:20:29:15 -0400] "GET /proceedings/2009 HTTP/1.0" 302 524 "-" "CCBot/2.0 (http://commoncrawl.org/faq/)"
www.nspw.org:80 54.80.103.120 - - [26/Apr/2018:20:29:37 -0400] "GET /proceedings/1995 HTTP/1.0" 302 524 "-" "CCBot/2.0 (http://commoncrawl.org/faq/)"
www.nspw.org:80 69.162.124.227 - - [26/Apr/2018:20:29:43 -0400] "HEAD / HTTP/1.1" 302 188 "http://nspw.org/" "Mozilla/5.0+(compatible; UptimeRobot/2.0; http://www.uptimerobot.com/)"
www.nspw.org:80 54.80.103.120 - - [26/Apr/2018:20:30:02 -0400] "GET /proceedings/1993 HTTP/1.0" 302 524 "-" "CCBot/2.0 (http://commoncrawl.org/faq/)"
www.nspw.org:80 54.80.103.120 - - [26/Apr/2018:20:30:24 -0400] "GET /proceedings/2007 HTTP/1.0" 302 524 "-" "CCBot/2.0 (http://commoncrawl.org/faq/)"
www.nspw.org:80 54.80.103.120 - - [26/Apr/2018:20:30:47 -0400] "GET /proceedings/2002 HTTP/1.0" 302 524 "-" "CCBot/2.0 (http://commoncrawl.org/faq/)"
www.nspw.org:80 54.80.103.120 - - [26/Apr/2018:20:31:05 -0400] "GET /proceedings/2003 HTTP/1.0" 302 524 "-" "CCBot/2.0 (http://commoncrawl.org/faq/)"
www.nspw.org:80 ::1 - - [26/Apr/2018:20:31:15 -0400] "OPTIONS * HTTP/1.0" 200 126 "-" "Apache/2.4.29 (Ubuntu) OpenSSL/1.1.0g (internal dummy connection)"
www.nspw.org:80 54.80.103.120 - - [26/Apr/2018:20:31:28 -0400] "GET /proceedings/2005 HTTP/1.0" 302 524 "-" "CCBot/2.0 (http://commoncrawl.org/faq/)"
www.nspw.org:80 ::1 - - [26/Apr/2018:20:31:31 -0400] "OPTIONS * HTTP/1.0" 200 126 "-" "Apache/2.4.29 (Ubuntu) OpenSSL/1.1.0g (internal dummy connection)"
www.nspw.org:80 54.80.103.120 - - [26/Apr/2018:20:31:45 -0400] "GET /proceedings/2006 HTTP/1.0" 302 524 "-" "CCBot/2.0 (http://commoncrawl.org/faq/)"
www.nspw.org:80 66.249.73.80 - - [26/Apr/2018:20:32:00 -0400] "GET /papers/1999/nspw1999-henning.pdf HTTP/1.1" 302 593 "-" "Mozilla/5.0 (compatible; Googlebot/2.1; +http://www.google.com/bot.html)"
www.nspw.org:80 54.80.103.120 - - [26/Apr/2018:20:32:06 -0400] "GET /proceedings/2011 HTTP/1.0" 302 524 "-" "CCBot/2.0 (http://commoncrawl.org/faq/)"
www.nspw.org:80 ::1 - - [26/Apr/2018:20:32:08 -0400] "OPTIONS * HTTP/1.0" 200 126 "-" "Apache/2.4.29 (Ubuntu) OpenSSL/1.1.0g (internal dummy connection)"
www.nspw.org:80 ::1 - - [26/Apr/2018:20:32:12 -0400] "OPTIONS * HTTP/1.0" 200 126 "-" "Apache/2.4.29 (Ubuntu) OpenSSL/1.1.0g (internal dummy connection)"
www.nspw.org:80 ::1 - - [26/Apr/2018:20:32:16 -0400] "OPTIONS * HTTP/1.0" 200 126 "-" "Apache/2.4.29 (Ubuntu) OpenSSL/1.1.0g (internal dummy connection)"
www.nspw.org:80 ::1 - - [26/Apr/2018:20:32:21 -0400] "OPTIONS * HTTP/1.0" 200 126 "-" "Apache/2.4.29 (Ubuntu) OpenSSL/1.1.0g (internal dummy connection)"
www.nspw.org:80 54.80.103.120 - - [26/Apr/2018:20:32:24 -0400] "GET /proceedings/2013 HTTP/1.0" 302 524 "-" "CCBot/2.0 (http://commoncrawl.org/faq/)"
www.nspw.org:80 ::1 - - [26/Apr/2018:20:32:29 -0400] "OPTIONS * HTTP/1.0" 200 126 "-" "Apache/2.4.29 (Ubuntu) OpenSSL/1.1.0g (internal dummy connection)"
www.nspw.org:80 54.80.103.120 - - [26/Apr/2018:20:32:44 -0400] "GET /proceedings/2000 HTTP/1.0" 302 524 "-" "CCBot/2.0 (http://commoncrawl.org/faq/)"
www.nspw.org:80 ::1 - - [26/Apr/2018:20:32:51 -0400] "OPTIONS * HTTP/1.0" 200 126 "-" "Apache/2.4.29 (Ubuntu) OpenSSL/1.1.0g (internal dummy connection)"
www.nspw.org:80 ::1 - - [26/Apr/2018:20:33:00 -0400] "OPTIONS * HTTP/1.0" 200 126 "-" "Apache/2.4.29 (Ubuntu) OpenSSL/1.1.0g (internal dummy connection)"
www.nspw.org:80 54.80.103.120 - - [26/Apr/2018:20:33:03 -0400] "GET /proceedings/2004 HTTP/1.0" 302 524 "-" "CCBot/2.0 (http://commoncrawl.org/faq/)"
www.nspw.org:80 ::1 - - [26/Apr/2018:20:33:05 -0400] "OPTIONS * HTTP/1.0" 200 126 "-" "Apache/2.4.29 (Ubuntu) OpenSSL/1.1.0g (internal dummy connection)"
www.nspw.org:80 ::1 - - [26/Apr/2018:20:33:13 -0400] "OPTIONS * HTTP/1.0" 200 126 "-" "Apache/2.4.29 (Ubuntu) OpenSSL/1.1.0g (internal dummy connection)"
www.nspw.org:80 ::1 - - [26/Apr/2018:20:33:16 -0400] "OPTIONS * HTTP/1.0" 200 126 "-" "Apache/2.4.29 (Ubuntu) OpenSSL/1.1.0g (internal dummy connection)"
www.nspw.org:80 ::1 - - [26/Apr/2018:20:33:18 -0400] "OPTIONS * HTTP/1.0" 200 126 "-" "Apache/2.4.29 (Ubuntu) OpenSSL/1.1.0g (internal dummy connection)"
www.nspw.org:80 54.80.103.120 - - [26/Apr/2018:20:33:26 -0400] "GET /proceedings/1998 HTTP/1.0" 302 524 "-" "CCBot/2.0 (http://commoncrawl.org/faq/)"
www.nspw.org:80 ::1 - - [26/Apr/2018:20:33:27 -0400] "OPTIONS * HTTP/1.0" 200 126 "-" "Apache/2.4.29 (Ubuntu) OpenSSL/1.1.0g (internal dummy connection)"
www.nspw.org:80 ::1 - - [26/Apr/2018:20:33:32 -0400] "OPTIONS * HTTP/1.0" 200 126 "-" "Apache/2.4.29 (Ubuntu) OpenSSL/1.1.0g (internal dummy connection)"
www.nspw.org:80 66.249.73.80 - - [26/Apr/2018:20:33:43 -0400] "GET /papers/1996/nspw1996-wulf.pdf HTTP/1.1" 302 587 "-" "Mozilla/5.0 (compatible; Googlebot/2.1; +http://www.google.com/bot.html)"
www.nspw.org:80 54.80.103.120 - - [26/Apr/2018:20:33:46 -0400] "GET /2017/ HTTP/1.0" 302 502 "-" "CCBot/2.0 (http://commoncrawl.org/faq/)"
www.nspw.org:80 ::1 - - [26/Apr/2018:20:34:05 -0400] "OPTIONS * HTTP/1.0" 200 126 "-" "Apache/2.4.29 (Ubuntu) OpenSSL/1.1.0g (internal dummy connection)"
www.nspw.org:80 54.80.103.120 - - [26/Apr/2018:20:34:09 -0400] "GET / HTTP/1.0" 302 492 "-" "CCBot/2.0 (http://commoncrawl.org/faq/)"
www.nspw.org:80 ::1 - - [26/Apr/2018:20:34:21 -0400] "OPTIONS * HTTP/1.0" 200 126 "-" "Apache/2.4.29 (Ubuntu) OpenSSL/1.1.0g (internal dummy connection)"
www.nspw.org:80 ::1 - - [26/Apr/2018:20:34:24 -0400] "OPTIONS * HTTP/1.0" 200 126 "-" "Apache/2.4.29 (Ubuntu) OpenSSL/1.1.0g (internal dummy connection)"
www.nspw.org:80 ::1 - - [26/Apr/2018:20:34:25 -0400] "OPTIONS * HTTP/1.0" 200 126 "-" "Apache/2.4.29 (Ubuntu) OpenSSL/1.1.0g (internal dummy connection)"
www.nspw.org:80 54.80.103.120 - - [26/Apr/2018:20:34:27 -0400] "GET /2011 HTTP/1.0" 302 500 "-" "CCBot/2.0 (http://commoncrawl.org/faq/)"
www.nspw.org:80 66.249.73.78 - - [26/Apr/2018:20:34:35 -0400] "GET /papers/2001/nspw2001-blakley.pdf HTTP/1.1" 302 593 "-" "Mozilla/5.0 (compatible; Googlebot/2.1; +http://www.google.com/bot.html)"
www.nspw.org:80 ::1 - - [26/Apr/2018:20:34:42 -0400] "OPTIONS * HTTP/1.0" 200 126 "-" "Apache/2.4.29 (Ubuntu) OpenSSL/1.1.0g (internal dummy connection)"
www.nspw.org:80 69.162.124.227 - - [26/Apr/2018:20:34:42 -0400] "HEAD / HTTP/1.1" 302 188 "http://nspw.org/" "Mozilla/5.0+(compatible; UptimeRobot/2.0; http://www.uptimerobot.com/)"
www.nspw.org:80 54.80.103.120 - - [26/Apr/2018:20:34:47 -0400] "GET /2010 HTTP/1.0" 302 500 "-" "CCBot/2.0 (http://commoncrawl.org/faq/)"
www.nspw.org:80 ::1 - - [26/Apr/2018:20:35:02 -0400] "OPTIONS * HTTP/1.0" 200 126 "-" "Apache/2.4.29 (Ubuntu) OpenSSL/1.1.0g (internal dummy connection)"
www.nspw.org:80 54.80.103.120 - - [26/Apr/2018:20:35:04 -0400] "GET /papers/2001/nspw2001-blakley.pdf HTTP/1.0" 302 556 "-" "CCBot/2.0 (http://commoncrawl.org/faq/)"
www.nspw.org:80 54.80.103.120 - - [26/Apr/2018:20:35:24 -0400] "GET /papers/2010/?C=N;O=D HTTP/1.0" 302 532 "-" "CCBot/2.0 (http://commoncrawl.org/faq/)"
www.nspw.org:80 66.249.73.80 - - [26/Apr/2018:20:35:27 -0400] "GET /papers/2003/nspw2003-flechais.pdf HTTP/1.1" 302 595 "-" "Mozilla/5.0 (compatible; Googlebot/2.1; +http://www.google.com/bot.html)"
www.nspw.org:80 ::1 - - [26/Apr/2018:20:35:37 -0400] "OPTIONS * HTTP/1.0" 200 126 "-" "Apache/2.4.29 (Ubuntu) OpenSSL/1.1.0g (internal dummy connection)"
www.nspw.org:80 ::1 - - [26/Apr/2018:20:35:40 -0400] "OPTIONS * HTTP/1.0" 200 126 "-" "Apache/2.4.29 (Ubuntu) OpenSSL/1.1.0g (internal dummy connection)"
www.nspw.org:80 54.80.103.120 - - [26/Apr/2018:20:35:40 -0400] "GET /papers/2013/?C=S;O=D HTTP/1.0" 302 532 "-" "CCBot/2.0 (http://commoncrawl.org/faq/)"
www.nspw.org:80 ::1 - - [26/Apr/2018:20:35:57 -0400] "OPTIONS * HTTP/1.0" 200 126 "-" "Apache/2.4.29 (Ubuntu) OpenSSL/1.1.0g (internal dummy connection)"
www.nspw.org:80 54.80.103.120 - - [26/Apr/2018:20:35:58 -0400] "GET /papers/1995/?C=D;O=D HTTP/1.0" 302 532 "-" "CCBot/2.0 (http://commoncrawl.org/faq/)"
www.nspw.org:80 ::1 - - [26/Apr/2018:20:36:00 -0400] "OPTIONS * HTTP/1.0" 200 126 "-" "Apache/2.4.29 (Ubuntu) OpenSSL/1.1.0g (internal dummy connection)"
www.nspw.org:80 54.80.103.120 - - [26/Apr/2018:20:36:14 -0400] "GET /papers/2008/?C=S;O=D HTTP/1.0" 302 532 "-" "CCBot/2.0 (http://commoncrawl.org/faq/)"
www.nspw.org:80 66.249.73.82 - - [26/Apr/2018:20:36:19 -0400] "GET /papers/2006/nspw2006-gates.pdf HTTP/1.1" 302 589 "-" "Mozilla/5.0 (compatible; Googlebot/2.1; +http://www.google.com/bot.html)"
www.nspw.org:80 54.80.103.120 - - [26/Apr/2018:20:36:31 -0400] "GET /papers/2008/ HTTP/1.0" 302 516 "-" "CCBot/2.0 (http://commoncrawl.org/faq/)"
www.nspw.org:80 ::1 - - [26/Apr/2018:20:36:32 -0400] "OPTIONS * HTTP/1.0" 200 126 "-" "Apache/2.4.29 (Ubuntu) OpenSSL/1.1.0g (internal dummy connection)"
www.nspw.org:80 ::1 - - [26/Apr/2018:20:36:36 -0400] "OPTIONS * HTTP/1.0" 200 126 "-" "Apache/2.4.29 (Ubuntu) OpenSSL/1.1.0g (internal dummy connection)"
www.nspw.org:80 54.80.103.120 - - [26/Apr/2018:20:36:46 -0400] "GET /papers/2007/?C=M;O=D HTTP/1.0" 302 532 "-" "CCBot/2.0 (http://commoncrawl.org/faq/)"
www.nspw.org:80 ::1 - - [26/Apr/2018:20:36:55 -0400] "OPTIONS * HTTP/1.0" 200 126 "-" "Apache/2.4.29 (Ubuntu) OpenSSL/1.1.0g (internal dummy connection)"
www.nspw.org:80 158.69.133.31 - - [26/Apr/2018:20:37:17 -0400] "POST /loikfd.php HTTP/1.1" 302 495 "-" "curl/7.47.0"
www.nspw.org:80 158.69.133.31 - - [26/Apr/2018:20:37:17 -0400] "POST /loikfd.php HTTP/1.1" 302 495 "-" "curl/7.47.0"
www.nspw.org:80 158.69.133.31 - - [26/Apr/2018:20:37:17 -0400] "POST /loikfd.php HTTP/1.1" 302 495 "-" "curl/7.47.0"
www.nspw.org:80 158.69.133.31 - - [26/Apr/2018:20:37:17 -0400] "POST /loikfd.php HTTP/1.1" 302 495 "-" "curl/7.47.0"
www.nspw.org:80 158.69.133.31 - - [26/Apr/2018:20:37:19 -0400] "POST /loikfd.php HTTP/1.1" 302 495 "-" "curl/7.47.0"
www.nspw.org:80 158.69.133.31 - - [26/Apr/2018:20:37:19 -0400] "POST /loikfd.php HTTP/1.1" 302 495 "-" "curl/7.47.0"
www.nspw.org:80 158.69.133.31 - - [26/Apr/2018:20:37:19 -0400] "POST /loikfd.php HTTP/1.1" 302 495 "-" "curl/7.47.0"
www.nspw.org:80 158.69.133.31 - - [26/Apr/2018:20:37:19 -0400] "POST /loikfd.php HTTP/1.1" 302 495 "-" "curl/7.47.0"
www.nspw.org:80 124.240.203.107 - - [26/Apr/2018:20:37:22 -0400] "GET /papers/1999/nspw1999-henning.pdf HTTP/1.1" 302 593 "https://www.bing.com/" "Mozilla/5.0 (Windows NT 10.0; Win64; x64) AppleWebKit/537.36 (KHTML, like Gecko) Chrome/52.0.2743.116 Safari/537.36 Edge/15.15063"
www.nspw.org:80 158.69.133.31 - - [26/Apr/2018:20:37:52 -0400] "POST /loikfd.php HTTP/1.1" 302 495 "-" "curl/7.47.0"
www.nspw.org:80 158.69.133.31 - - [26/Apr/2018:20:37:52 -0400] "POST /loikfd.php HTTP/1.1" 302 495 "-" "curl/7.47.0"
www.nspw.org:80 158.69.133.31 - - [26/Apr/2018:20:37:52 -0400] "POST /loikfd.php HTTP/1.1" 302 495 "-" "curl/7.47.0"
www.nspw.org:80 158.69.133.31 - - [26/Apr/2018:20:37:52 -0400] "POST /loikfd.php HTTP/1.1" 302 495 "-" "curl/7.47.0"
www.nspw.org:80 66.249.73.78 - - [26/Apr/2018:20:38:02 -0400] "GET /papers/2003/nspw2003-alkassar.pdf HTTP/1.1" 302 595 "-" "Mozilla/5.0 (compatible; Googlebot/2.1; +http://www.google.com/bot.html)"
www.nspw.org:80 158.69.133.31 - - [26/Apr/2018:20:38:20 -0400] "POST /loikfd.php HTTP/1.1" 302 495 "-" "curl/7.47.0"
www.nspw.org:80 158.69.133.31 - - [26/Apr/2018:20:38:20 -0400] "POST /loikfd.php HTTP/1.1" 302 495 "-" "curl/7.47.0"
www.nspw.org:80 158.69.133.31 - - [26/Apr/2018:20:38:20 -0400] "POST /loikfd.php HTTP/1.1" 302 495 "-" "curl/7.47.0"
www.nspw.org:80 158.69.133.31 - - [26/Apr/2018:20:38:20 -0400] "POST /loikfd.php HTTP/1.1" 302 495 "-" "curl/7.47.0"
www.nspw.org:80 66.249.73.78 - - [26/Apr/2018:20:38:54 -0400] "GET /papers/2001/nspw2001-brostoff.pdf HTTP/1.1" 302 595 "-" "Mozilla/5.0 (compatible; Googlebot/2.1; +http://www.google.com/bot.html)"
www.nspw.org:80 54.36.148.185 - - [26/Apr/2018:20:39:25 -0400] "GET /2007/tmp/ HTTP/1.1" 302 491 "-" "Mozilla/5.0 (compatible; AhrefsBot/5.2; +http://ahrefs.com/robot/)"
www.nspw.org:80 69.162.124.227 - - [26/Apr/2018:20:39:42 -0400] "HEAD / HTTP/1.1" 302 188 "http://nspw.org/" "Mozilla/5.0+(compatible; UptimeRobot/2.0; http://www.uptimerobot.com/)"
www.nspw.org:80 40.77.167.182 - - [26/Apr/2018:20:40:28 -0400] "GET /papers/2008/nspw2008-laurie.pdf HTTP/1.1" 302 591 "-" "Mozilla/5.0 (compatible; bingbot/2.0; +http://www.bing.com/bingbot.htm)"
www.nspw.org:80 66.249.73.82 - - [26/Apr/2018:20:40:39 -0400] "GET /2006/papers.contentQQ HTTP/1.1" 302 571 "-" "Mozilla/5.0 (compatible; Googlebot/2.1; +http://www.google.com/bot.html)"
www.nspw.org:80 66.249.73.78 - - [26/Apr/2018:20:41:14 -0400] "GET /2009/cfp/ HTTP/1.1" 302 547 "-" "Mozilla/5.0 (compatible; Googlebot/2.1; +http://www.google.com/bot.html)"
www.nspw.org:80 119.93.153.153 - - [26/Apr/2018:20:41:35 -0400] "GET /wp-login.php HTTP/1.1" 302 553 "-" "Mozilla/5.0 (Windows NT 6.1; WOW64; rv:40.0) Gecko/20100101 Firefox/40.1"
www.nspw.org:80 ::1 - - [26/Apr/2018:20:42:06 -0400] "OPTIONS * HTTP/1.0" 200 126 "-" "Apache/2.4.29 (Ubuntu) OpenSSL/1.1.0g (internal dummy connection)"
www.nspw.org:80 119.93.153.153 - - [26/Apr/2018:20:42:11 -0400] "GET /wp-login.php HTTP/1.1" 302 553 "-" "Mozilla/5.0 (Windows NT 6.1; WOW64; rv:40.0) Gecko/20100101 Firefox/40.1"
www.nspw.org:80 119.93.153.153 - - [26/Apr/2018:20:42:12 -0400] "GET / HTTP/1.1" 302 528 "-" "Mozilla/5.0 (Windows NT 6.1; WOW64; rv:40.0) Gecko/20100101 Firefox/40.1"
www.nspw.org:80 ::1 - - [26/Apr/2018:20:42:17 -0400] "OPTIONS * HTTP/1.0" 200 126 "-" "Apache/2.4.29 (Ubuntu) OpenSSL/1.1.0g (internal dummy connection)"
www.nspw.org:80 66.249.73.82 - - [26/Apr/2018:20:42:21 -0400] "GET /papers/2005/nspw2005-bishop-pos.pdf HTTP/1.1" 302 599 "-" "Mozilla/5.0 (compatible; Googlebot/2.1; +http://www.google.com/bot.html)"
www.nspw.org:80 ::1 - - [26/Apr/2018:20:42:27 -0400] "OPTIONS * HTTP/1.0" 200 126 "-" "Apache/2.4.29 (Ubuntu) OpenSSL/1.1.0g (internal dummy connection)"
www.nspw.org:80 ::1 - - [26/Apr/2018:20:42:43 -0400] "OPTIONS * HTTP/1.0" 200 126 "-" "Apache/2.4.29 (Ubuntu) OpenSSL/1.1.0g (internal dummy connection)"
www.nspw.org:80 ::1 - - [26/Apr/2018:20:43:06 -0400] "OPTIONS * HTTP/1.0" 200 126 "-" "Apache/2.4.29 (Ubuntu) OpenSSL/1.1.0g (internal dummy connection)"
www.nspw.org:80 ::1 - - [26/Apr/2018:20:43:12 -0400] "OPTIONS * HTTP/1.0" 200 126 "-" "Apache/2.4.29 (Ubuntu) OpenSSL/1.1.0g (internal dummy connection)"
www.nspw.org:80 66.249.73.78 - - [26/Apr/2018:20:43:13 -0400] "GET /papers/2010/nspw2010-moore.pdf HTTP/1.1" 302 589 "-" "Mozilla/5.0 (compatible; Googlebot/2.1; +http://www.google.com/bot.html)"
www.nspw.org:80 ::1 - - [26/Apr/2018:20:43:18 -0400] "OPTIONS * HTTP/1.0" 200 126 "-" "Apache/2.4.29 (Ubuntu) OpenSSL/1.1.0g (internal dummy connection)"
www.nspw.org:80 ::1 - - [26/Apr/2018:20:43:24 -0400] "OPTIONS * HTTP/1.0" 200 126 "-" "Apache/2.4.29 (Ubuntu) OpenSSL/1.1.0g (internal dummy connection)"
www.nspw.org:80 ::1 - - [26/Apr/2018:20:44:04 -0400] "OPTIONS * HTTP/1.0" 200 126 "-" "Apache/2.4.29 (Ubuntu) OpenSSL/1.1.0g (internal dummy connection)"
www.nspw.org:80 66.249.73.82 - - [26/Apr/2018:20:44:05 -0400] "GET /papers/2006/nspw2006-naegoe.pdf HTTP/1.1" 302 591 "-" "Mozilla/5.0 (compatible; Googlebot/2.1; +http://www.google.com/bot.html)"
www.nspw.org:80 ::1 - - [26/Apr/2018:20:44:23 -0400] "OPTIONS * HTTP/1.0" 200 126 "-" "Apache/2.4.29 (Ubuntu) OpenSSL/1.1.0g (internal dummy connection)"
www.nspw.org:80 ::1 - - [26/Apr/2018:20:44:27 -0400] "OPTIONS * HTTP/1.0" 200 126 "-" "Apache/2.4.29 (Ubuntu) OpenSSL/1.1.0g (internal dummy connection)"
www.nspw.org:80 69.162.124.227 - - [26/Apr/2018:20:44:42 -0400] "HEAD / HTTP/1.1" 302 188 "http://nspw.org/" "Mozilla/5.0+(compatible; UptimeRobot/2.0; http://www.uptimerobot.com/)"
www.nspw.org:80 66.249.73.80 - - [26/Apr/2018:20:44:57 -0400] "GET /papers/2009/nspw2009-church.pdf HTTP/1.1" 302 591 "-" "Mozilla/5.0 (compatible; Googlebot/2.1; +http://www.google.com/bot.html)"
www.nspw.org:80 ::1 - - [26/Apr/2018:20:45:04 -0400] "OPTIONS * HTTP/1.0" 200 126 "-" "Apache/2.4.29 (Ubuntu) OpenSSL/1.1.0g (internal dummy connection)"
www.nspw.org:80 40.77.167.182 - - [26/Apr/2018:20:45:48 -0400] "GET /papers/2014-pre/almeshekah-nspw2014pre.pdf HTTP/1.1" 302 613 "-" "Mozilla/5.0 (iPhone; CPU iPhone OS 7_0 like Mac OS X) AppleWebKit/537.51.1 (KHTML, like Gecko) Version/7.0 Mobile/11A465 Safari/9537.53 (compatible; bingbot/2.0; +http://www.bing.com/bingbot.htm)"
www.nspw.org:80 66.249.73.80 - - [26/Apr/2018:20:45:49 -0400] "GET /papers/2010/nspw2010-lilien.pdf HTTP/1.1" 302 591 "-" "Mozilla/5.0 (compatible; Googlebot/2.1; +http://www.google.com/bot.html)"
www.nspw.org:80 66.249.73.82 - - [26/Apr/2018:20:46:40 -0400] "GET /papers/1993/nspw1993-rooker-2.pdf HTTP/1.1" 302 595 "-" "Mozilla/5.0 (compatible; Googlebot/2.1; +http://www.google.com/bot.html)"
www.nspw.org:80 66.249.73.78 - - [26/Apr/2018:20:47:32 -0400] "GET /2005/cfp/latex/macros.sty HTTP/1.1" 302 579 "-" "Mozilla/5.0 (compatible; Googlebot/2.1; +http://www.google.com/bot.html)"
www.nspw.org:80 66.249.73.82 - - [26/Apr/2018:20:48:24 -0400] "GET /papers/2011/nspw2011-wash.pdf HTTP/1.1" 302 587 "-" "Mozilla/5.0 (compatible; Googlebot/2.1; +http://www.google.com/bot.html)"
www.nspw.org:80 66.249.73.80 - - [26/Apr/2018:20:48:38 -0400] "GET /2009/cfp/ HTTP/1.1" 302 547 "-" "Mozilla/5.0 (Linux; Android 6.0.1; Nexus 5X Build/MMB29P) AppleWebKit/537.36 (KHTML, like Gecko) Chrome/41.0.2272.96 Mobile Safari/537.36 (compatible; Googlebot/2.1; +http://www.google.com/bot.html)"
www.nspw.org:80 66.249.73.78 - - [26/Apr/2018:20:49:16 -0400] "GET /papers/2008/nspw2008-greenwald.pdf HTTP/1.1" 302 597 "-" "Mozilla/5.0 (compatible; Googlebot/2.1; +http://www.google.com/bot.html)"
www.nspw.org:80 69.162.124.227 - - [26/Apr/2018:20:49:42 -0400] "HEAD / HTTP/1.1" 302 188 "http://nspw.org/" "Mozilla/5.0+(compatible; UptimeRobot/2.0; http://www.uptimerobot.com/)"
www.nspw.org:80 66.249.73.82 - - [26/Apr/2018:20:50:08 -0400] "GET /papers/2010/nspw2010-sun.pdf HTTP/1.1" 302 585 "-" "Mozilla/5.0 (compatible; Googlebot/2.1; +http://www.google.com/bot.html)"
www.nspw.org:80 54.210.190.43 - - [26/Apr/2018:20:50:24 -0400] "GET /2018 HTTP/1.1" 302 481 "-" "Mozilla/5.0 (Macintosh; Intel Mac OS X 10.11; rv:49.0) Gecko/20100101 Firefox/49.0 (FlipboardProxy/1.2; +http://flipboard.com/browserproxy)"
www.nspw.org:80 66.249.73.82 - - [26/Apr/2018:20:50:59 -0400] "GET /papers/2003/nspw2003-mchugh.pdf HTTP/1.1" 302 591 "-" "Mozilla/5.0 (compatible; Googlebot/2.1; +http://www.google.com/bot.html)"
www.nspw.org:80 66.249.73.78 - - [26/Apr/2018:20:51:51 -0400] "GET /papers/1999/nspw1999-lipson.pdf HTTP/1.1" 302 591 "-" "Mozilla/5.0 (compatible; Googlebot/2.1; +http://www.google.com/bot.html)"
www.nspw.org:80 66.249.73.80 - - [26/Apr/2018:20:52:43 -0400] "GET /papers/2002/nspw2002-connelly.pdf HTTP/1.1" 302 595 "-" "Mozilla/5.0 (compatible; Googlebot/2.1; +http://www.google.com/bot.html)"
www.nspw.org:80 69.162.124.227 - - [26/Apr/2018:20:54:42 -0400] "HEAD / HTTP/1.1" 302 188 "http://nspw.org/" "Mozilla/5.0+(compatible; UptimeRobot/2.0; http://www.uptimerobot.com/)"
www.nspw.org:80 14.215.176.5 - - [26/Apr/2018:20:55:01 -0400] "GET / HTTP/1.1" 302 529 "http://www.baidu.com/s?wd=GY7" "Mozilla/5.0 (Windows NT 6.1; WOW64; rv:43.0) Gecko/20100101 Firefox/43.0"
www.nspw.org:80 ::1 - - [26/Apr/2018:20:55:07 -0400] "OPTIONS * HTTP/1.0" 200 126 "-" "Apache/2.4.29 (Ubuntu) OpenSSL/1.1.0g (internal dummy connection)"
www.nspw.org:80 ::1 - - [26/Apr/2018:20:55:08 -0400] "OPTIONS * HTTP/1.0" 200 126 "-" "Apache/2.4.29 (Ubuntu) OpenSSL/1.1.0g (internal dummy connection)"
www.nspw.org:80 66.249.73.82 - - [26/Apr/2018:20:55:18 -0400] "GET /papers/2005/nspw2005-ford.pdf HTTP/1.1" 302 587 "-" "Mozilla/5.0 (compatible; Googlebot/2.1; +http://www.google.com/bot.html)"
www.nspw.org:80 66.249.73.80 - - [26/Apr/2018:20:56:10 -0400] "GET /papers/2007/nspw2007-edwards.pdf HTTP/1.1" 302 593 "-" "Mozilla/5.0 (compatible; Googlebot/2.1; +http://www.google.com/bot.html)"
www.nspw.org:80 66.249.73.78 - - [26/Apr/2018:20:57:12 -0400] "GET /papers/2009/nspw2009-misra.pdf HTTP/1.1" 302 589 "-" "Mozilla/5.0 (compatible; Googlebot/2.1; +http://www.google.com/bot.html)"
www.nspw.org:80 66.249.73.78 - - [26/Apr/2018:20:57:54 -0400] "GET /papers/2013/nspw2013-ard.pdf HTTP/1.1" 302 585 "-" "Mozilla/5.0 (compatible; Googlebot/2.1; +http://www.google.com/bot.html)"
www.nspw.org:80 69.162.124.227 - - [26/Apr/2018:20:59:42 -0400] "HEAD / HTTP/1.1" 302 188 "http://nspw.org/" "Mozilla/5.0+(compatible; UptimeRobot/2.0; http://www.uptimerobot.com/)"
www.nspw.org:80 66.249.73.82 - - [26/Apr/2018:21:00:29 -0400] "GET /2009/past.shtml HTTP/1.1" 302 559 "-" "Mozilla/5.0 (Linux; Android 6.0.1; Nexus 5X Build/MMB29P) AppleWebKit/537.36 (KHTML, like Gecko) Chrome/41.0.2272.96 Mobile Safari/537.36 (compatible; Googlebot/2.1; +http://www.google.com/bot.html)"
www.nspw.org:80 66.249.73.82 - - [26/Apr/2018:21:01:21 -0400] "GET /2007/invite-old/ HTTP/1.1" 302 561 "-" "Mozilla/5.0 (compatible; Googlebot/2.1; +http://www.google.com/bot.html)"
www.nspw.org:80 66.249.73.78 - - [26/Apr/2018:21:03:05 -0400] "GET /papers/2008/nspw2008-beautement.pdf HTTP/1.1" 302 599 "-" "Mozilla/5.0 (compatible; Googlebot/2.1; +http://www.google.com/bot.html)"
www.nspw.org:80 216.244.66.236 - - [26/Apr/2018:21:03:17 -0400] "GET /robots.txt HTTP/1.1" 302 493 "-" "Mozilla/5.0 (compatible; DotBot/1.1; http://www.opensiteexplorer.org/dotbot, help@moz.com)"
www.nspw.org:80 69.162.124.227 - - [26/Apr/2018:21:04:42 -0400] "HEAD / HTTP/1.1" 302 188 "http://nspw.org/" "Mozilla/5.0+(compatible; UptimeRobot/2.0; http://www.uptimerobot.com/)"
www.nspw.org:80 40.77.167.4 - - [26/Apr/2018:21:04:44 -0400] "GET /2010/ HTTP/1.1" 302 539 "-" "Mozilla/5.0 (compatible; bingbot/2.0; +http://www.bing.com/bingbot.htm)"
www.nspw.org:80 ::1 - - [26/Apr/2018:21:04:45 -0400] "OPTIONS * HTTP/1.0" 200 126 "-" "Apache/2.4.29 (Ubuntu) OpenSSL/1.1.0g (internal dummy connection)"
www.nspw.org:80 ::1 - - [26/Apr/2018:21:04:47 -0400] "OPTIONS * HTTP/1.0" 200 126 "-" "Apache/2.4.29 (Ubuntu) OpenSSL/1.1.0g (internal dummy connection)"
www.nspw.org:80 66.249.73.82 - - [26/Apr/2018:21:04:48 -0400] "GET /papers/1996/nspw1996-olawsky.pdf HTTP/1.1" 302 593 "-" "Mozilla/5.0 (compatible; Googlebot/2.1; +http://www.google.com/bot.html)"
www.nspw.org:80 ::1 - - [26/Apr/2018:21:04:53 -0400] "OPTIONS * HTTP/1.0" 200 126 "-" "Apache/2.4.29 (Ubuntu) OpenSSL/1.1.0g (internal dummy connection)"
www.nspw.org:80 ::1 - - [26/Apr/2018:21:04:55 -0400] "OPTIONS * HTTP/1.0" 200 126 "-" "Apache/2.4.29 (Ubuntu) OpenSSL/1.1.0g (internal dummy connection)"
www.nspw.org:80 216.244.66.200 - - [26/Apr/2018:21:05:21 -0400] "GET /2007/cfp/?C=N;O=A HTTP/1.1" 302 507 "-" "Mozilla/5.0 (compatible; DotBot/1.1; http://www.opensiteexplorer.org/dotbot, help@moz.com)"
www.nspw.org:80 ::1 - - [26/Apr/2018:21:05:48 -0400] "OPTIONS * HTTP/1.0" 200 126 "-" "Apache/2.4.29 (Ubuntu) OpenSSL/1.1.0g (internal dummy connection)"
www.nspw.org:80 ::1 - - [26/Apr/2018:21:05:49 -0400] "OPTIONS * HTTP/1.0" 200 126 "-" "Apache/2.4.29 (Ubuntu) OpenSSL/1.1.0g (internal dummy connection)"
www.nspw.org:80 ::1 - - [26/Apr/2018:21:05:57 -0400] "OPTIONS * HTTP/1.0" 200 126 "-" "Apache/2.4.29 (Ubuntu) OpenSSL/1.1.0g (internal dummy connection)"
www.nspw.org:80 66.249.73.78 - - [26/Apr/2018:21:06:32 -0400] "GET /papers/2006/nspw2006-wang.pdf HTTP/1.1" 302 587 "-" "Mozilla/5.0 (compatible; Googlebot/2.1; +http://www.google.com/bot.html)"
www.nspw.org:80 66.249.73.80 - - [26/Apr/2018:21:07:24 -0400] "GET /papers/2001/nspw2001-raskin.pdf HTTP/1.1" 302 591 "-" "Mozilla/5.0 (compatible; Googlebot/2.1; +http://www.google.com/bot.html)"
www.nspw.org:80 39.51.223.227 - - [26/Apr/2018:21:08:04 -0400] "GET /wp-login.php HTTP/1.1" 302 553 "-" "Mozilla/5.0 (Windows NT 6.1; WOW64; rv:40.0) Gecko/20100101 Firefox/40.1"
www.nspw.org:80 39.51.223.227 - - [26/Apr/2018:21:08:08 -0400] "GET / HTTP/1.1" 302 528 "-" "Mozilla/5.0 (Windows NT 6.1; WOW64; rv:40.0) Gecko/20100101 Firefox/40.1"
www.nspw.org:80 66.249.73.78 - - [26/Apr/2018:21:08:15 -0400] "GET /papers/1999/nspw1999-schneider.pdf HTTP/1.1" 302 597 "-" "Mozilla/5.0 (compatible; Googlebot/2.1; +http://www.google.com/bot.html)"
www.nspw.org:80 195.201.137.83 - - [26/Apr/2018:21:08:50 -0400] "GET /sponsors-2010 HTTP/1.0" 302 518 "-" "Mozilla/5.0 (Windows; U; Windows NT 5.1; en-US; rv:1.8.1.6) Gecko/20070725 Firefox/2.0.0.6"
www.nspw.org:80 66.249.73.80 - - [26/Apr/2018:21:09:07 -0400] "GET /papers/1994/nspw1994-castano.pdf HTTP/1.1" 302 593 "-" "Mozilla/5.0 (compatible; Googlebot/2.1; +http://www.google.com/bot.html)"
www.nspw.org:80 69.162.124.227 - - [26/Apr/2018:21:09:42 -0400] "HEAD / HTTP/1.1" 302 188 "http://nspw.org/" "Mozilla/5.0+(compatible; UptimeRobot/2.0; http://www.uptimerobot.com/)"
www.nspw.org:80 66.249.73.80 - - [26/Apr/2018:21:09:59 -0400] "GET /papers/1999/nspw1999-povey.pdf HTTP/1.1" 302 589 "-" "Mozilla/5.0 (compatible; Googlebot/2.1; +http://www.google.com/bot.html)"
www.nspw.org:80 35.226.23.240 - - [26/Apr/2018:21:10:21 -0400] "GET /robots.txt HTTP/1.1" 302 512 "-" "ltx71 - (http://ltx71.com/)"
www.nspw.org:80 41.252.246.135 - - [26/Apr/2018:21:10:40 -0400] "GET /wp-login.php HTTP/1.1" 302 553 "-" "Mozilla/5.0 (Windows NT 6.1; WOW64; rv:40.0) Gecko/20100101 Firefox/40.1"
www.nspw.org:80 41.252.246.135 - - [26/Apr/2018:21:10:43 -0400] "GET / HTTP/1.1" 302 528 "-" "Mozilla/5.0 (Windows NT 6.1; WOW64; rv:40.0) Gecko/20100101 Firefox/40.1"
www.nspw.org:80 66.249.73.80 - - [26/Apr/2018:21:11:43 -0400] "GET /papers/2004/nspw2004-allwein.pdf HTTP/1.1" 302 593 "-" "Mozilla/5.0 (compatible; Googlebot/2.1; +http://www.google.com/bot.html)"
www.nspw.org:80 216.244.66.200 - - [26/Apr/2018:21:12:23 -0400] "GET /2003/hold/papers.shtml HTTP/1.1" 302 517 "-" "Mozilla/5.0 (compatible; DotBot/1.1; http://www.opensiteexplorer.org/dotbot, help@moz.com)"
www.nspw.org:80 66.249.73.80 - - [26/Apr/2018:21:12:34 -0400] "GET /papers/2010/nspw2010-bishop.pdf HTTP/1.1" 302 591 "-" "Mozilla/5.0 (compatible; Googlebot/2.1; +http://www.google.com/bot.html)"
www.nspw.org:80 185.232.20.242 - - [26/Apr/2018:21:12:35 -0400] "GET /user/login HTTP/1.1" 302 489 "http://nspw.org/user/login" "Mozilla/5.0 (Windows NT 10.0; WOW64) AppleWebKit/537.36 (KHTML, like Gecko) Chrome/62.0.3198.0 Safari/537.36 OPR/49.0.2711.0"
www.nspw.org:80 185.232.20.242 - - [26/Apr/2018:21:12:35 -0400] "GET /user/login HTTP/1.1" 302 489 "http://nspw.org/user/login" "Mozilla/5.0 (Windows NT 10.0; WOW64) AppleWebKit/537.36 (KHTML, like Gecko) Chrome/62.0.3198.0 Safari/537.36 OPR/49.0.2711.0"
www.nspw.org:80 185.232.20.242 - - [26/Apr/2018:21:12:35 -0400] "GET /user/login HTTP/1.1" 302 489 "http://nspw.org/user/login" "Mozilla/5.0 (Windows NT 10.0; WOW64) AppleWebKit/537.36 (KHTML, like Gecko) Chrome/62.0.3198.0 Safari/537.36 OPR/49.0.2711.0"
www.nspw.org:80 220.181.51.86 - - [26/Apr/2018:21:14:03 -0400] "GET / HTTP/1.1" 302 492 "-" "Mozilla/5.0 (Windows NT 10.0; WOW64) AppleWebKit/537.36 (KHTML, like Gecko) Chrome/45.0.2454.93 Safari/537.36"
www.nspw.org:80 69.162.124.227 - - [26/Apr/2018:21:14:42 -0400] "HEAD / HTTP/1.1" 302 188 "http://nspw.org/" "Mozilla/5.0+(compatible; UptimeRobot/2.0; http://www.uptimerobot.com/)"
www.nspw.org:80 180.76.15.31 - - [26/Apr/2018:21:15:32 -0400] "GET /2015/location HTTP/1.1" 302 529 "-" "Mozilla/5.0 (compatible; Baiduspider/2.0; +http://www.baidu.com/search/spider.html)"
www.nspw.org:80 66.249.73.80 - - [26/Apr/2018:21:16:02 -0400] "GET /papers/2011/nspw2011-hamacher.pdf HTTP/1.1" 302 595 "-" "Mozilla/5.0 (compatible; Googlebot/2.1; +http://www.google.com/bot.html)"
www.nspw.org:80 66.249.73.78 - - [26/Apr/2018:21:16:53 -0400] "GET /papers/1996/nspw1996-josang.pdf HTTP/1.1" 302 591 "-" "Mozilla/5.0 (compatible; Googlebot/2.1; +http://www.google.com/bot.html)"
www.nspw.org:80 216.244.66.200 - - [26/Apr/2018:21:17:27 -0400] "GET /2005/program.shtml HTTP/1.1" 302 509 "-" "Mozilla/5.0 (compatible; DotBot/1.1; http://www.opensiteexplorer.org/dotbot, help@moz.com)"
www.nspw.org:80 66.249.73.80 - - [26/Apr/2018:21:18:37 -0400] "GET /papers/2000/nspw2000-marceau.pdf HTTP/1.1" 302 593 "-" "Mozilla/5.0 (compatible; Googlebot/2.1; +http://www.google.com/bot.html)"
www.nspw.org:80 66.249.73.80 - - [26/Apr/2018:21:19:29 -0400] "GET /papers/2013/nspw2013-mathur.pdf HTTP/1.1" 302 591 "-" "Mozilla/5.0 (compatible; Googlebot/2.1; +http://www.google.com/bot.html)"
www.nspw.org:80 69.162.124.227 - - [26/Apr/2018:21:19:42 -0400] "HEAD / HTTP/1.1" 302 188 "http://nspw.org/" "Mozilla/5.0+(compatible; UptimeRobot/2.0; http://www.uptimerobot.com/)"
www.nspw.org:80 66.249.73.80 - - [26/Apr/2018:21:20:21 -0400] "GET /papers/2001/nspw2001-weirich.pdf HTTP/1.1" 302 593 "-" "Mozilla/5.0 (compatible; Googlebot/2.1; +http://www.google.com/bot.html)"
www.nspw.org:80 216.244.66.200 - - [26/Apr/2018:21:20:57 -0400] "GET /2017/dates HTTP/1.1" 302 493 "-" "Mozilla/5.0 (compatible; DotBot/1.1; http://www.opensiteexplorer.org/dotbot, help@moz.com)"
www.nspw.org:80 69.162.124.227 - - [26/Apr/2018:21:24:42 -0400] "HEAD / HTTP/1.1" 302 188 "http://nspw.org/" "Mozilla/5.0+(compatible; UptimeRobot/2.0; http://www.uptimerobot.com/)"
www.nspw.org:80 66.249.73.82 - - [26/Apr/2018:21:25:31 -0400] "GET /2009/proceedings.shtml HTTP/1.1" 302 573 "-" "Mozilla/5.0 (Linux; Android 6.0.1; Nexus 5X Build/MMB29P) AppleWebKit/537.36 (KHTML, like Gecko) Chrome/41.0.2272.96 Mobile Safari/537.36 (compatible; Googlebot/2.1; +http://www.google.com/bot.html)"
www.nspw.org:80 111.204.219.196 - - [26/Apr/2018:21:25:53 -0400] "GET /current/ HTTP/1.1" 302 545 "https://www.baidu.com/link?url=F-FeQMytFuPNvdwDeOA3gOW5XWe1RtYxHqZge5OV4ZxUSAmB7tHFSv6v9ZIcLIf3&wd=&eqid=a545eec00002727d000000025ae27c16" "Mozilla/5.0 (Macintosh; Intel Mac OS X 10_13_2) AppleWebKit/604.4.7 (KHTML, like Gecko) Version/11.0.2 Safari/604.4.7"
www.nspw.org:80 ::1 - - [26/Apr/2018:21:26:03 -0400] "OPTIONS * HTTP/1.0" 200 126 "-" "Apache/2.4.29 (Ubuntu) OpenSSL/1.1.0g (internal dummy connection)"
www.nspw.org:80 ::1 - - [26/Apr/2018:21:26:04 -0400] "OPTIONS * HTTP/1.0" 200 126 "-" "Apache/2.4.29 (Ubuntu) OpenSSL/1.1.0g (internal dummy connection)"
www.nspw.org:80 ::1 - - [26/Apr/2018:21:26:05 -0400] "OPTIONS * HTTP/1.0" 200 126 "-" "Apache/2.4.29 (Ubuntu) OpenSSL/1.1.0g (internal dummy connection)"
www.nspw.org:80 ::1 - - [26/Apr/2018:21:26:06 -0400] "OPTIONS * HTTP/1.0" 200 126 "-" "Apache/2.4.29 (Ubuntu) OpenSSL/1.1.0g (internal dummy connection)"
www.nspw.org:80 ::1 - - [26/Apr/2018:21:26:07 -0400] "OPTIONS * HTTP/1.0" 200 126 "-" "Apache/2.4.29 (Ubuntu) OpenSSL/1.1.0g (internal dummy connection)"
www.nspw.org:80 66.249.73.82 - - [26/Apr/2018:21:26:23 -0400] "GET /2009/past.content HTTP/1.1" 302 563 "-" "Mozilla/5.0 (Linux; Android 6.0.1; Nexus 5X Build/MMB29P) AppleWebKit/537.36 (KHTML, like Gecko) Chrome/41.0.2272.96 Mobile Safari/537.36 (compatible; Googlebot/2.1; +http://www.google.com/bot.html)"
www.nspw.org:80 216.244.66.200 - - [26/Apr/2018:21:26:29 -0400] "GET /robots.txt HTTP/1.1" 302 493 "-" "Mozilla/5.0 (compatible; DotBot/1.1; http://www.opensiteexplorer.org/dotbot, help@moz.com)"
www.nspw.org:80 54.70.40.11 - - [26/Apr/2018:21:26:55 -0400] "GET /robots.txt HTTP/1.1" 302 493 "-" "Mozilla/5.0 (compatible) SemanticScholarBot (+https://www.semanticscholar.org/crawler)"
www.nspw.org:80 66.249.73.78 - - [26/Apr/2018:21:27:15 -0400] "GET /2009/cfp.shtml HTTP/1.1" 302 557 "-" "Mozilla/5.0 (Linux; Android 6.0.1; Nexus 5X Build/MMB29P) AppleWebKit/537.36 (KHTML, like Gecko) Chrome/41.0.2272.96 Mobile Safari/537.36 (compatible; Googlebot/2.1; +http://www.google.com/bot.html)"
www.nspw.org:80 54.70.40.11 - - [26/Apr/2018:21:27:24 -0400] "GET /2018/ HTTP/1.1" 302 483 "-" "Mozilla/5.0 (compatible) SemanticScholarBot (+https://www.semanticscholar.org/crawler)"
www.nspw.org:80 66.249.73.80 - - [26/Apr/2018:21:28:07 -0400] "GET /papers/2006/nspw2006-crawford.pdf HTTP/1.1" 302 595 "-" "Mozilla/5.0 (compatible; Googlebot/2.1; +http://www.google.com/bot.html)"
www.nspw.org:80 54.70.40.11 - - [26/Apr/2018:21:28:33 -0400] "GET /2016/ HTTP/1.1" 302 483 "-" "Mozilla/5.0 (compatible) SemanticScholarBot (+https://www.semanticscholar.org/crawler)"
www.nspw.org:80 66.249.73.78 - - [26/Apr/2018:21:28:59 -0400] "GET /2009/proceedings/1993/nspw1993-lin.pdf HTTP/1.1" 302 605 "-" "Mozilla/5.0 (compatible; Googlebot/2.1; +http://www.google.com/bot.html)"
