www.nspw.org:80 66.249.73.80 - - [26/Apr/2018:01:14:06 -0400] "GET /2015/accepted HTTP/1.1" 302 555 "-" "Mozilla/5.0 (compatible; Googlebot/2.1; +http://www.google.com/bot.html)"
www.nspw.org:80 180.76.15.138 - - [26/Apr/2018:01:14:50 -0400] "GET /papers/2014-pre/white-nspw2014pre.pdf HTTP/1.1" 302 566 "-" "Mozilla/5.0 (compatible; Baiduspider/2.0; +http://www.baidu.com/search/spider.html)"
www.nspw.org:80 69.162.124.227 - - [26/Apr/2018:01:15:03 -0400] "HEAD / HTTP/1.1" 302 188 "http://nspw.org/" "Mozilla/5.0+(compatible; UptimeRobot/2.0; http://www.uptimerobot.com/)"
www.nspw.org:80 69.162.124.227 - - [26/Apr/2018:01:15:03 -0400] "HEAD / HTTP/1.1" 302 188 "http://nspw.org/" "Mozilla/5.0+(compatible; UptimeRobot/2.0; http://www.uptimerobot.com/)"
www.nspw.org:80 69.162.124.227 - - [26/Apr/2018:01:15:03 -0400] "HEAD / HTTP/1.1" 302 188 "http://nspw.org/" "Mozilla/5.0+(compatible; UptimeRobot/2.0; http://www.uptimerobot.com/)"
www.nspw.org:80 69.162.124.227 - - [26/Apr/2018:01:15:23 -0400] "GET / HTTP/1.1" 302 488 "http://nspw.org/" "Mozilla/5.0+(compatible; UptimeRobot/2.0; http://www.uptimerobot.com/)"
www.nspw.org:80 180.76.15.154 - - [26/Apr/2018:01:15:50 -0400] "GET /papers/2014-pre/almeshekah-nspw2014pre.pdf HTTP/1.1" 302 576 "-" "Mozilla/5.0 (compatible; Baiduspider/2.0; +http://www.baidu.com/search/spider.html)"
www.nspw.org:80 144.76.30.241 - - [26/Apr/2018:01:16:15 -0400] "GET /robots.txt HTTP/1.1" 302 545 "-" "Mozilla/5.0 (compatible; MJ12bot/v1.4.8; http://mj12bot.com/)"
www.nspw.org:80 144.76.30.241 - - [26/Apr/2018:01:16:27 -0400] "GET /login HTTP/1.1" 302 479 "-" "Mozilla/5.0 (compatible; MJ12bot/v1.4.8; http://mj12bot.com/)"
www.nspw.org:80 180.76.15.136 - - [26/Apr/2018:01:16:50 -0400] "GET /2009/proceedings/1998/nspw1998-kahn.pdf HTTP/1.1" 302 570 "-" "Mozilla/5.0 (compatible; Baiduspider/2.0; +http://www.baidu.com/search/spider.html)"
www.nspw.org:80 180.76.15.12 - - [26/Apr/2018:01:17:50 -0400] "GET /papers/2006/?C=D;O=D HTTP/1.1" 302 532 "-" "Mozilla/5.0 (compatible; Baiduspider/2.0; +http://www.baidu.com/search/spider.html)"
www.nspw.org:80 216.244.66.200 - - [26/Apr/2018:01:18:14 -0400] "GET /2002/?C=D;O=D HTTP/1.1" 302 499 "-" "Mozilla/5.0 (compatible; DotBot/1.1; http://www.opensiteexplorer.org/dotbot, help@moz.com)"
www.nspw.org:80 180.76.15.149 - - [26/Apr/2018:01:18:50 -0400] "GET /2006/local.shtml HTTP/1.1" 302 524 "-" "Mozilla/5.0 (compatible; Baiduspider/2.0; +http://www.baidu.com/search/spider.html)"
www.nspw.org:80 66.249.73.80 - - [26/Apr/2018:01:19:02 -0400] "GET /2016 HTTP/1.1" 302 537 "-" "Mozilla/5.0 (compatible; Googlebot/2.1; +http://www.google.com/bot.html)"
www.nspw.org:80 66.249.73.80 - - [26/Apr/2018:01:19:04 -0400] "GET /current/dates.shtml HTTP/1.1" 302 566 "-" "Mozilla/5.0 (compatible; Googlebot/2.1; +http://www.google.com/bot.html)"
www.nspw.org:80 220.181.108.187 - - [26/Apr/2018:01:19:39 -0400] "GET /2008/ HTTP/1.1" 302 483 "-" "Mozilla/5.0 (iPhone; CPU iPhone OS 8_0 like Mac OS X) AppleWebKit/600.1.3 (KHTML, like Gecko) Version/8.0 Mobile/12A4345d Safari/600.1.4"
www.nspw.org:80 220.181.108.86 - - [26/Apr/2018:01:19:41 -0400] "GET /2008/ HTTP/1.1" 302 483 "-" "Mozilla/5.0 (iPhone; CPU iPhone OS 8_0 like Mac OS X) AppleWebKit/600.1.3 (KHTML, like Gecko) Version/8.0 Mobile/12A4345d Safari/600.1.4"
www.nspw.org:80 220.181.108.90 - - [26/Apr/2018:01:19:43 -0400] "GET /2008/ HTTP/1.1" 302 483 "-" "Mozilla/5.0 (iPhone; CPU iPhone OS 8_0 like Mac OS X) AppleWebKit/600.1.3 (KHTML, like Gecko) Version/8.0 Mobile/12A4345d Safari/600.1.4"
www.nspw.org:80 180.76.15.26 - - [26/Apr/2018:01:19:50 -0400] "GET /papers/ HTTP/1.1" 302 506 "-" "Mozilla/5.0 (compatible; Baiduspider/2.0; +http://www.baidu.com/search/spider.html)"
www.nspw.org:80 69.162.124.227 - - [26/Apr/2018:01:20:23 -0400] "HEAD / HTTP/1.1" 302 188 "http://nspw.org/" "Mozilla/5.0+(compatible; UptimeRobot/2.0; http://www.uptimerobot.com/)"
www.nspw.org:80 180.76.15.26 - - [26/Apr/2018:01:20:50 -0400] "GET /papers/2004/?C=S;O=D HTTP/1.1" 302 532 "-" "Mozilla/5.0 (compatible; Baiduspider/2.0; +http://www.baidu.com/search/spider.html)"
www.nspw.org:80 180.76.15.14 - - [26/Apr/2018:01:21:50 -0400] "GET /papers/2001/ HTTP/1.1" 302 516 "-" "Mozilla/5.0 (compatible; Baiduspider/2.0; +http://www.baidu.com/search/spider.html)"
www.nspw.org:80 180.76.15.7 - - [26/Apr/2018:01:22:50 -0400] "GET /2009/proceedings/1997/ HTTP/1.1" 302 536 "-" "Mozilla/5.0 (compatible; Baiduspider/2.0; +http://www.baidu.com/search/spider.html)"
www.nspw.org:80 50.112.194.65 - - [26/Apr/2018:01:23:11 -0400] "GET /papers/2010/nspw2010-maxion.pdf HTTP/1.1" 302 535 "-" "Mozilla/4.0 (compatible; MSIE 8.0; Windows NT 5.1; Trident/4.0)"
www.nspw.org:80 52.27.2.86 - - [26/Apr/2018:01:23:12 -0400] "GET /papers/2010/nspw2010-maxion.pdf HTTP/1.1" 302 535 "-" "Mozilla/4.0 (compatible; MSIE 8.0; Windows NT 5.1; Trident/4.0)"
www.nspw.org:80 180.76.15.29 - - [26/Apr/2018:01:23:50 -0400] "GET /2006/ieee.cls HTTP/1.1" 302 518 "-" "Mozilla/5.0 (compatible; Baiduspider/2.0; +http://www.baidu.com/search/spider.html)"
www.nspw.org:80 66.249.73.82 - - [26/Apr/2018:01:23:58 -0400] "GET /2008/invite/workshopformat.html HTTP/1.1" 302 591 "-" "Mozilla/5.0 (compatible; Googlebot/2.1; +http://www.google.com/bot.html)"
www.nspw.org:80 180.76.15.12 - - [26/Apr/2018:01:24:50 -0400] "GET /papers/2007/?C=N;O=D HTTP/1.1" 302 532 "-" "Mozilla/5.0 (compatible; Baiduspider/2.0; +http://www.baidu.com/search/spider.html)"
www.nspw.org:80 69.162.124.227 - - [26/Apr/2018:01:25:23 -0400] "HEAD / HTTP/1.1" 302 188 "http://nspw.org/" "Mozilla/5.0+(compatible; UptimeRobot/2.0; http://www.uptimerobot.com/)"
www.nspw.org:80 180.76.15.19 - - [26/Apr/2018:01:26:50 -0400] "GET /papers/1998/?C=M;O=A HTTP/1.1" 302 532 "-" "Mozilla/5.0 (compatible; Baiduspider/2.0; +http://www.baidu.com/search/spider.html)"
www.nspw.org:80 220.181.108.103 - - [26/Apr/2018:01:27:47 -0400] "GET /papers/2010/nspw2010-parkin.pdf HTTP/1.1" 302 535 "-" "Mozilla/5.0 (iPhone; CPU iPhone OS 8_0 like Mac OS X) AppleWebKit/600.1.3 (KHTML, like Gecko) Version/8.0 Mobile/12A4345d Safari/600.1.4"
www.nspw.org:80 220.181.108.157 - - [26/Apr/2018:01:27:48 -0400] "GET /papers/2010/nspw2010-parkin.pdf HTTP/1.1" 302 535 "-" "Mozilla/5.0 (iPhone; CPU iPhone OS 8_0 like Mac OS X) AppleWebKit/600.1.3 (KHTML, like Gecko) Version/8.0 Mobile/12A4345d Safari/600.1.4"
www.nspw.org:80 220.181.108.115 - - [26/Apr/2018:01:27:51 -0400] "GET /papers/2010/nspw2010-parkin.pdf HTTP/1.1" 302 535 "-" "Mozilla/5.0 (iPhone; CPU iPhone OS 8_0 like Mac OS X) AppleWebKit/600.1.3 (KHTML, like Gecko) Version/8.0 Mobile/12A4345d Safari/600.1.4"
www.nspw.org:80 66.249.73.80 - - [26/Apr/2018:01:28:54 -0400] "GET /2008/invite/ HTTP/1.1" 302 553 "-" "Mozilla/5.0 (compatible; Googlebot/2.1; +http://www.google.com/bot.html)"
www.nspw.org:80 66.249.73.78 - - [26/Apr/2018:01:30:04 -0400] "GET /papers/1996/nspw1996-nelson.pdf HTTP/1.1" 302 591 "-" "Googlebot/2.1 (+http://www.google.com/bot.html)"
www.nspw.org:80 202.189.234.236 - - [26/Apr/2018:01:30:09 -0400] "GET /wp-login.php HTTP/1.1" 302 553 "-" "Mozilla/5.0 (Windows NT 6.1; WOW64; rv:40.0) Gecko/20100101 Firefox/40.1"
www.nspw.org:80 202.189.234.236 - - [26/Apr/2018:01:30:11 -0400] "GET / HTTP/1.1" 302 528 "-" "Mozilla/5.0 (Windows NT 6.1; WOW64; rv:40.0) Gecko/20100101 Firefox/40.1"
www.nspw.org:80 69.162.124.227 - - [26/Apr/2018:01:30:23 -0400] "HEAD / HTTP/1.1" 302 188 "http://nspw.org/" "Mozilla/5.0+(compatible; UptimeRobot/2.0; http://www.uptimerobot.com/)"
www.nspw.org:80 49.206.119.93 - - [26/Apr/2018:01:32:27 -0400] "GET /wp-login.php HTTP/1.1" 302 553 "-" "Mozilla/5.0 (Windows NT 6.1; WOW64; rv:40.0) Gecko/20100101 Firefox/40.1"
www.nspw.org:80 49.206.119.93 - - [26/Apr/2018:01:32:28 -0400] "GET / HTTP/1.1" 302 528 "-" "Mozilla/5.0 (Windows NT 6.1; WOW64; rv:40.0) Gecko/20100101 Firefox/40.1"
www.nspw.org:80 59.183.175.7 - - [26/Apr/2018:01:32:36 -0400] "GET /wp-login.php HTTP/1.1" 302 553 "-" "Mozilla/5.0 (Windows NT 6.1; WOW64; rv:40.0) Gecko/20100101 Firefox/40.1"
www.nspw.org:80 62.121.118.209 - - [26/Apr/2018:01:32:51 -0400] "GET /wp-login.php HTTP/1.1" 302 553 "-" "Mozilla/5.0 (Windows NT 6.1; WOW64; rv:40.0) Gecko/20100101 Firefox/40.1"
www.nspw.org:80 62.121.118.209 - - [26/Apr/2018:01:32:52 -0400] "GET / HTTP/1.1" 302 528 "-" "Mozilla/5.0 (Windows NT 6.1; WOW64; rv:40.0) Gecko/20100101 Firefox/40.1"
www.nspw.org:80 66.249.73.78 - - [26/Apr/2018:01:33:21 -0400] "GET /2009/proceedings/2004/nspw2004-haldar.pdf HTTP/1.1" 302 611 "-" "Googlebot/2.1 (+http://www.google.com/bot.html)"
www.nspw.org:80 101.176.112.111 - - [26/Apr/2018:01:33:22 -0400] "GET /wp-login.php HTTP/1.1" 302 553 "-" "Mozilla/5.0 (Windows NT 6.1; WOW64; rv:40.0) Gecko/20100101 Firefox/40.1"
www.nspw.org:80 101.176.112.111 - - [26/Apr/2018:01:33:24 -0400] "GET / HTTP/1.1" 302 528 "-" "Mozilla/5.0 (Windows NT 6.1; WOW64; rv:40.0) Gecko/20100101 Firefox/40.1"
www.nspw.org:80 66.249.73.78 - - [26/Apr/2018:01:33:49 -0400] "GET /2005/ HTTP/1.1" 302 539 "-" "Mozilla/5.0 (compatible; Googlebot/2.1; +http://www.google.com/bot.html)"
www.nspw.org:80 69.162.124.227 - - [26/Apr/2018:01:35:23 -0400] "HEAD / HTTP/1.1" 302 188 "http://nspw.org/" "Mozilla/5.0+(compatible; UptimeRobot/2.0; http://www.uptimerobot.com/)"
www.nspw.org:80 216.244.66.236 - - [26/Apr/2018:01:36:15 -0400] "GET /robots.txt HTTP/1.1" 302 493 "-" "Mozilla/5.0 (compatible; DotBot/1.1; http://www.opensiteexplorer.org/dotbot, help@moz.com)"
www.nspw.org:80 24.225.166.175 - - [26/Apr/2018:01:38:00 -0400] "GET /wp-login.php HTTP/1.1" 302 553 "-" "Mozilla/5.0 (Windows NT 6.1; WOW64; rv:40.0) Gecko/20100101 Firefox/40.1"
www.nspw.org:80 24.225.166.175 - - [26/Apr/2018:01:38:00 -0400] "GET / HTTP/1.1" 302 528 "-" "Mozilla/5.0 (Windows NT 6.1; WOW64; rv:40.0) Gecko/20100101 Firefox/40.1"
www.nspw.org:80 66.249.73.78 - - [26/Apr/2018:01:38:45 -0400] "GET /2015/location HTTP/1.1" 302 555 "-" "Mozilla/5.0 (compatible; Googlebot/2.1; +http://www.google.com/bot.html)"
www.nspw.org:80 207.46.13.24 - - [26/Apr/2018:01:39:01 -0400] "GET /2009/proceedings/1993/nspw1993-thuraisingham.pdf HTTP/1.1" 302 625 "-" "Mozilla/5.0 (compatible; bingbot/2.0; +http://www.bing.com/bingbot.htm)"
www.nspw.org:80 69.162.124.227 - - [26/Apr/2018:01:40:23 -0400] "HEAD / HTTP/1.1" 302 188 "http://nspw.org/" "Mozilla/5.0+(compatible; UptimeRobot/2.0; http://www.uptimerobot.com/)"
www.nspw.org:80 213.233.96.157 - - [26/Apr/2018:01:41:29 -0400] "GET /wp-login.php HTTP/1.1" 302 553 "-" "Mozilla/5.0 (Windows NT 6.1; WOW64; rv:40.0) Gecko/20100101 Firefox/40.1"
www.nspw.org:80 213.233.96.157 - - [26/Apr/2018:01:41:30 -0400] "GET / HTTP/1.1" 302 528 "-" "Mozilla/5.0 (Windows NT 6.1; WOW64; rv:40.0) Gecko/20100101 Firefox/40.1"
www.nspw.org:80 207.46.13.79 - - [26/Apr/2018:01:42:48 -0400] "GET /papers/2012/docs/p27.pdf HTTP/1.1" 302 577 "-" "Mozilla/5.0 (compatible; bingbot/2.0; +http://www.bing.com/bingbot.htm)"
www.nspw.org:80 66.249.73.78 - - [26/Apr/2018:01:43:41 -0400] "GET /2009/proceedings/2002/ HTTP/1.1" 302 573 "-" "Mozilla/5.0 (compatible; Googlebot/2.1; +http://www.google.com/bot.html)"
www.nspw.org:80 216.244.66.200 - - [26/Apr/2018:01:44:50 -0400] "GET /2003/submission.content HTTP/1.1" 302 519 "-" "Mozilla/5.0 (compatible; DotBot/1.1; http://www.opensiteexplorer.org/dotbot, help@moz.com)"
www.nspw.org:80 69.162.124.227 - - [26/Apr/2018:01:45:22 -0400] "HEAD / HTTP/1.1" 302 188 "http://nspw.org/" "Mozilla/5.0+(compatible; UptimeRobot/2.0; http://www.uptimerobot.com/)"
www.nspw.org:80 216.244.66.200 - - [26/Apr/2018:01:47:48 -0400] "GET /papers/2008/?C=M;O=A HTTP/1.1" 302 513 "-" "Mozilla/5.0 (compatible; DotBot/1.1; http://www.opensiteexplorer.org/dotbot, help@moz.com)"
www.nspw.org:80 66.249.73.78 - - [26/Apr/2018:01:48:19 -0400] "GET /2005/cfp/latex/talk.pdf HTTP/1.1" 302 575 "-" "Googlebot/2.1 (+http://www.google.com/bot.html)"
www.nspw.org:80 66.249.73.78 - - [26/Apr/2018:01:48:37 -0400] "GET /papers/2007/nspw2007-solworth.pdf HTTP/1.1" 302 595 "-" "Mozilla/5.0 (compatible; Googlebot/2.1; +http://www.google.com/bot.html)"
www.nspw.org:80 86.247.215.160 - - [26/Apr/2018:01:50:16 -0400] "GET /wp-login.php HTTP/1.1" 302 553 "-" "Mozilla/5.0 (Windows NT 6.1; WOW64; rv:40.0) Gecko/20100101 Firefox/40.1"
www.nspw.org:80 86.247.215.160 - - [26/Apr/2018:01:50:17 -0400] "GET / HTTP/1.1" 302 528 "-" "Mozilla/5.0 (Windows NT 6.1; WOW64; rv:40.0) Gecko/20100101 Firefox/40.1"
www.nspw.org:80 69.162.124.227 - - [26/Apr/2018:01:50:22 -0400] "HEAD / HTTP/1.1" 302 188 "http://nspw.org/" "Mozilla/5.0+(compatible; UptimeRobot/2.0; http://www.uptimerobot.com/)"
www.nspw.org:80 213.60.32.76 - - [26/Apr/2018:01:52:47 -0400] "GET /wp-login.php HTTP/1.1" 302 553 "-" "Mozilla/5.0 (Windows NT 6.1; WOW64; rv:40.0) Gecko/20100101 Firefox/40.1"
www.nspw.org:80 213.60.32.76 - - [26/Apr/2018:01:52:48 -0400] "GET / HTTP/1.1" 302 528 "-" "Mozilla/5.0 (Windows NT 6.1; WOW64; rv:40.0) Gecko/20100101 Firefox/40.1"
www.nspw.org:80 216.244.66.200 - - [26/Apr/2018:01:53:27 -0400] "GET /2005/cfp/?C=N;O=A HTTP/1.1" 302 507 "-" "Mozilla/5.0 (compatible; DotBot/1.1; http://www.opensiteexplorer.org/dotbot, help@moz.com)"
www.nspw.org:80 66.249.73.80 - - [26/Apr/2018:01:53:33 -0400] "GET /papers/2006/nspw2006-wang.pdf HTTP/1.1" 302 587 "-" "Mozilla/5.0 (compatible; Googlebot/2.1; +http://www.google.com/bot.html)"
www.nspw.org:80 216.244.66.200 - - [26/Apr/2018:01:53:38 -0400] "GET /2005/cfp/?C=D;O=D HTTP/1.1" 302 507 "-" "Mozilla/5.0 (compatible; DotBot/1.1; http://www.opensiteexplorer.org/dotbot, help@moz.com)"
www.nspw.org:80 66.249.73.78 - - [26/Apr/2018:01:53:59 -0400] "GET /papers/2004/nspw2004-allwein.pdf HTTP/1.1" 302 593 "-" "Mozilla/5.0 (compatible; Googlebot/2.1; +http://www.google.com/bot.html)"
www.nspw.org:80 66.176.135.130 - - [26/Apr/2018:01:54:17 -0400] "GET /papers/2006/nspw2006-gutmann.pdf HTTP/1.1" 302 593 "https://www.google.com/" "Mozilla/5.0 (Macintosh; Intel Mac OS X 10_12_6) AppleWebKit/605.1.15 (KHTML, like Gecko) Version/11.1 Safari/605.1.15"
www.nspw.org:80 216.244.66.200 - - [26/Apr/2018:01:54:24 -0400] "GET /robots.txt HTTP/1.1" 302 493 "-" "Mozilla/5.0 (compatible; DotBot/1.1; http://www.opensiteexplorer.org/dotbot, help@moz.com)"
www.nspw.org:80 66.249.73.78 - - [26/Apr/2018:01:54:25 -0400] "GET /2003/local.shtml HTTP/1.1" 302 561 "-" "Mozilla/5.0 (compatible; Googlebot/2.1; +http://www.google.com/bot.html)"
www.nspw.org:80 66.249.73.78 - - [26/Apr/2018:01:54:51 -0400] "GET /2003/nspw-footer.html HTTP/1.1" 302 571 "-" "Mozilla/5.0 (compatible; Googlebot/2.1; +http://www.google.com/bot.html)"
www.nspw.org:80 66.249.73.78 - - [26/Apr/2018:01:55:17 -0400] "GET /papers/2006/nspw2006-gutmann.pdf HTTP/1.1" 302 593 "-" "Mozilla/5.0 (compatible; Googlebot/2.1; +http://www.google.com/bot.html)"
www.nspw.org:80 69.162.124.227 - - [26/Apr/2018:01:55:22 -0400] "HEAD / HTTP/1.1" 302 188 "http://nspw.org/" "Mozilla/5.0+(compatible; UptimeRobot/2.0; http://www.uptimerobot.com/)"
www.nspw.org:80 66.249.73.80 - - [26/Apr/2018:01:55:43 -0400] "GET /papers/2006/nspw2006-greenwald.pdf HTTP/1.1" 302 597 "-" "Mozilla/5.0 (compatible; Googlebot/2.1; +http://www.google.com/bot.html)"
www.nspw.org:80 216.244.66.200 - - [26/Apr/2018:01:55:56 -0400] "GET /2009/oc.shtml HTTP/1.1" 302 499 "-" "Mozilla/5.0 (compatible; DotBot/1.1; http://www.opensiteexplorer.org/dotbot, help@moz.com)"
www.nspw.org:80 66.249.73.82 - - [26/Apr/2018:01:56:08 -0400] "GET /papers/1997/nspw1997-riechmann.pdf HTTP/1.1" 302 597 "-" "Mozilla/5.0 (compatible; Googlebot/2.1; +http://www.google.com/bot.html)"
www.nspw.org:80 216.244.66.200 - - [26/Apr/2018:01:56:23 -0400] "GET /2005/?C=N;O=D HTTP/1.1" 302 499 "-" "Mozilla/5.0 (compatible; DotBot/1.1; http://www.opensiteexplorer.org/dotbot, help@moz.com)"
www.nspw.org:80 216.244.66.200 - - [26/Apr/2018:01:56:35 -0400] "GET /2005/?C=D;O=A HTTP/1.1" 302 499 "-" "Mozilla/5.0 (compatible; DotBot/1.1; http://www.opensiteexplorer.org/dotbot, help@moz.com)"
www.nspw.org:80 211.145.40.71 - - [26/Apr/2018:01:56:49 -0400] "GET /favicon.ico HTTP/1.1" 302 551 "-" "Mozilla/5.0 (Windows NT 6.1; WOW64) AppleWebKit/537.36 (KHTML, like Gecko) Chrome/49.0.2623.75 Safari/537.36 LBBROWSER"
www.nspw.org:80 211.145.40.71 - - [26/Apr/2018:01:56:51 -0400] "GET /favicon.ico HTTP/1.1" 302 550 "-" "Mozilla/5.0 (Windows NT 6.1; WOW64) AppleWebKit/537.36 (KHTML, like Gecko) Chrome/49.0.2623.75 Safari/537.36 LBBROWSER"
www.nspw.org:80 66.249.73.82 - - [26/Apr/2018:01:57:06 -0400] "GET /2007/proceedings.shtml HTTP/1.1" 302 573 "-" "Mozilla/5.0 (compatible; Googlebot/2.1; +http://www.google.com/bot.html)"
www.nspw.org:80 66.249.73.78 - - [26/Apr/2018:01:57:23 -0400] "GET /2009/proceedings/1998/nspw1998-greenwald.pdf HTTP/1.1" 302 617 "-" "Googlebot/2.1 (+http://www.google.com/bot.html)"
www.nspw.org:80 66.249.73.78 - - [26/Apr/2018:01:57:52 -0400] "GET /2008/cfp HTTP/1.1" 302 545 "-" "Mozilla/5.0 (compatible; Googlebot/2.1; +http://www.google.com/bot.html)"
www.nspw.org:80 108.162.160.116 - - [26/Apr/2018:01:58:35 -0400] "GET /wp-login.php HTTP/1.1" 302 553 "-" "Mozilla/5.0 (Windows NT 6.1; WOW64; rv:40.0) Gecko/20100101 Firefox/40.1"
www.nspw.org:80 108.162.160.116 - - [26/Apr/2018:01:58:36 -0400] "GET / HTTP/1.1" 302 528 "-" "Mozilla/5.0 (Windows NT 6.1; WOW64; rv:40.0) Gecko/20100101 Firefox/40.1"
www.nspw.org:80 216.244.66.200 - - [26/Apr/2018:01:59:35 -0400] "GET /papers/1996/?C=D;O=A HTTP/1.1" 302 513 "-" "Mozilla/5.0 (compatible; DotBot/1.1; http://www.opensiteexplorer.org/dotbot, help@moz.com)"
www.nspw.org:80 66.249.73.82 - - [26/Apr/2018:01:59:36 -0400] "GET /2015/organizers HTTP/1.1" 302 559 "-" "Mozilla/5.0 (compatible; Googlebot/2.1; +http://www.google.com/bot.html)"
www.nspw.org:80 69.162.124.227 - - [26/Apr/2018:02:00:22 -0400] "HEAD / HTTP/1.1" 302 188 "http://nspw.org/" "Mozilla/5.0+(compatible; UptimeRobot/2.0; http://www.uptimerobot.com/)"
www.nspw.org:80 66.249.73.80 - - [26/Apr/2018:02:00:27 -0400] "GET /papers/2008/nspw2008-greenwald.pdf HTTP/1.1" 302 597 "-" "Mozilla/5.0 (compatible; Googlebot/2.1; +http://www.google.com/bot.html)"
www.nspw.org:80 66.249.73.80 - - [26/Apr/2018:02:01:19 -0400] "GET /papers/2012/docs/p43.pdf HTTP/1.1" 302 577 "-" "Mozilla/5.0 (compatible; Googlebot/2.1; +http://www.google.com/bot.html)"
www.nspw.org:80 66.249.73.80 - - [26/Apr/2018:02:02:11 -0400] "GET /papers/1993/nspw1993-lapadula.pdf HTTP/1.1" 302 595 "-" "Mozilla/5.0 (compatible; Googlebot/2.1; +http://www.google.com/bot.html)"
www.nspw.org:80 66.249.73.78 - - [26/Apr/2018:02:03:03 -0400] "GET /2006/cfp/cfpExtension.text HTTP/1.1" 302 581 "-" "Mozilla/5.0 (compatible; Googlebot/2.1; +http://www.google.com/bot.html)"
www.nspw.org:80 66.249.73.78 - - [26/Apr/2018:02:03:55 -0400] "GET /2018/cfp HTTP/1.1" 302 545 "-" "Mozilla/5.0 (compatible; Googlebot/2.1; +http://www.google.com/bot.html)"
www.nspw.org:80 66.249.73.78 - - [26/Apr/2018:02:04:41 -0400] "GET /2009/proceedings/2009/nspw2009-jakobsson.pdf HTTP/1.1" 302 617 "-" "Googlebot/2.1 (+http://www.google.com/bot.html)"
www.nspw.org:80 66.249.73.78 - - [26/Apr/2018:02:04:46 -0400] "GET /2012/dates HTTP/1.1" 302 549 "-" "Mozilla/5.0 (compatible; Googlebot/2.1; +http://www.google.com/bot.html)"
www.nspw.org:80 69.162.124.227 - - [26/Apr/2018:02:05:22 -0400] "HEAD / HTTP/1.1" 302 188 "http://nspw.org/" "Mozilla/5.0+(compatible; UptimeRobot/2.0; http://www.uptimerobot.com/)"
www.nspw.org:80 115.249.82.169 - - [26/Apr/2018:02:05:29 -0400] "GET /wp-login.php HTTP/1.1" 302 553 "-" "Mozilla/5.0 (Windows NT 6.1; WOW64; rv:40.0) Gecko/20100101 Firefox/40.1"
www.nspw.org:80 115.249.82.169 - - [26/Apr/2018:02:05:32 -0400] "GET / HTTP/1.1" 302 528 "-" "Mozilla/5.0 (Windows NT 6.1; WOW64; rv:40.0) Gecko/20100101 Firefox/40.1"
www.nspw.org:80 66.249.73.78 - - [26/Apr/2018:02:06:34 -0400] "GET /2009/proceedings/1993/nspw1993-lin-2.pdf HTTP/1.1" 302 609 "-" "Googlebot/2.1 (+http://www.google.com/bot.html)"
www.nspw.org:80 91.74.59.18 - - [26/Apr/2018:02:07:19 -0400] "GET /wp-login.php HTTP/1.1" 302 553 "-" "Mozilla/5.0 (Windows NT 6.1; WOW64; rv:40.0) Gecko/20100101 Firefox/40.1"
www.nspw.org:80 91.74.59.18 - - [26/Apr/2018:02:07:22 -0400] "GET / HTTP/1.1" 302 528 "-" "Mozilla/5.0 (Windows NT 6.1; WOW64; rv:40.0) Gecko/20100101 Firefox/40.1"
www.nspw.org:80 203.116.229.201 - - [26/Apr/2018:02:08:39 -0400] "GET /papers/1999/nspw1999-henning.pdf HTTP/1.1" 302 593 "https://www.bing.com/" "Mozilla/5.0 (Windows NT 10.0; Win64; x64) AppleWebKit/537.36 (KHTML, like Gecko) Chrome/51.0.2704.79 Safari/537.36 Edge/14.14393"
www.nspw.org:80 69.162.124.227 - - [26/Apr/2018:02:10:22 -0400] "HEAD / HTTP/1.1" 302 188 "http://nspw.org/" "Mozilla/5.0+(compatible; UptimeRobot/2.0; http://www.uptimerobot.com/)"
www.nspw.org:80 66.249.73.78 - - [26/Apr/2018:02:10:35 -0400] "GET /2005/cfp/latex/talk4.ps HTTP/1.1" 302 575 "-" "Mozilla/5.0 (compatible; Googlebot/2.1; +http://www.google.com/bot.html)"
www.nspw.org:80 129.16.30.173 - - [26/Apr/2018:02:11:25 -0400] "GET /2018 HTTP/1.1" 302 533 "https://duckduckgo.com/" "Mozilla/5.0 (X11; Linux x86_64) AppleWebKit/537.36 (KHTML, like Gecko) Ubuntu Chromium/65.0.3325.181 Chrome/65.0.3325.181 Safari/537.36"
www.nspw.org:80 ::1 - - [26/Apr/2018:02:11:35 -0400] "OPTIONS * HTTP/1.0" 200 126 "-" "Apache/2.4.29 (Ubuntu) OpenSSL/1.1.0g (internal dummy connection)"
www.nspw.org:80 ::1 - - [26/Apr/2018:02:11:36 -0400] "OPTIONS * HTTP/1.0" 200 126 "-" "Apache/2.4.29 (Ubuntu) OpenSSL/1.1.0g (internal dummy connection)"
www.nspw.org:80 ::1 - - [26/Apr/2018:02:11:37 -0400] "OPTIONS * HTTP/1.0" 200 126 "-" "Apache/2.4.29 (Ubuntu) OpenSSL/1.1.0g (internal dummy connection)"
www.nspw.org:80 207.46.13.79 - - [26/Apr/2018:02:12:39 -0400] "GET /2005/cfp/latex/Makefile HTTP/1.1" 302 571 "-" "Mozilla/5.0 (compatible; bingbot/2.0; +http://www.bing.com/bingbot.htm)"
www.nspw.org:80 66.249.65.117 - - [26/Apr/2018:02:12:42 -0400] "GET /papers/2005/nspw2005-thorpe.pdf HTTP/1.1" 302 587 "-" "Googlebot/2.1 (+http://www.google.com/bot.html)"
www.nspw.org:80 207.46.13.79 - - [26/Apr/2018:02:12:45 -0400] "GET /papers/2013/nspw2013-rowe.pdf HTTP/1.1" 302 587 "-" "Mozilla/5.0 (iPhone; CPU iPhone OS 7_0 like Mac OS X) AppleWebKit/537.51.1 (KHTML, like Gecko) Version/7.0 Mobile/11A465 Safari/9537.53 (compatible; bingbot/2.0; +http://www.bing.com/bingbot.htm)"
www.nspw.org:80 107.181.78.133 - - [26/Apr/2018:02:13:10 -0400] "GET /user/login HTTP/1.1" 302 489 "http://nspw.org/user/login" "Mozilla/5.0 (Windows NT 10.0; WOW64) AppleWebKit/537.36 (KHTML, like Gecko) Chrome/62.0.3198.0 Safari/537.36 OPR/49.0.2711.0"
www.nspw.org:80 107.181.78.133 - - [26/Apr/2018:02:13:10 -0400] "GET /user/login HTTP/1.1" 302 489 "http://nspw.org/user/login" "Mozilla/5.0 (Windows NT 10.0; WOW64) AppleWebKit/537.36 (KHTML, like Gecko) Chrome/62.0.3198.0 Safari/537.36 OPR/49.0.2711.0"
www.nspw.org:80 107.181.78.133 - - [26/Apr/2018:02:13:10 -0400] "GET /user/login HTTP/1.1" 302 489 "http://nspw.org/user/login" "Mozilla/5.0 (Windows NT 10.0; WOW64) AppleWebKit/537.36 (KHTML, like Gecko) Chrome/62.0.3198.0 Safari/537.36 OPR/49.0.2711.0"
www.nspw.org:80 207.46.13.45 - - [26/Apr/2018:02:14:08 -0400] "GET /robots.txt HTTP/1.1" 302 549 "-" "Mozilla/5.0 (compatible; bingbot/2.0; +http://www.bing.com/bingbot.htm)"
www.nspw.org:80 66.249.73.82 - - [26/Apr/2018:02:14:38 -0400] "GET /2009/proceedings/2003/nspw2003-beres.pdf HTTP/1.1" 302 609 "-" "Googlebot/2.1 (+http://www.google.com/bot.html)"
www.nspw.org:80 69.162.124.227 - - [26/Apr/2018:02:15:22 -0400] "HEAD / HTTP/1.1" 302 188 "http://nspw.org/" "Mozilla/5.0+(compatible; UptimeRobot/2.0; http://www.uptimerobot.com/)"
www.nspw.org:80 66.249.73.82 - - [26/Apr/2018:02:15:34 -0400] "GET /papers/1993/nspw1993-schaefer.pdf HTTP/1.1" 302 595 "-" "Mozilla/5.0 (compatible; Googlebot/2.1; +http://www.google.com/bot.html)"
www.nspw.org:80 216.244.66.200 - - [26/Apr/2018:02:19:17 -0400] "GET /2008/past.shtml HTTP/1.1" 302 503 "-" "Mozilla/5.0 (compatible; DotBot/1.1; http://www.opensiteexplorer.org/dotbot, help@moz.com)"
www.nspw.org:80 180.76.15.157 - - [26/Apr/2018:02:19:27 -0400] "GET /modules/system/system.messages.css?nhfa6e HTTP/1.1" 302 570 "-" "Mozilla/5.0 (compatible; Baiduspider/2.0; +http://www.baidu.com/search/spider.html)"
www.nspw.org:80 69.162.124.227 - - [26/Apr/2018:02:20:22 -0400] "HEAD / HTTP/1.1" 302 188 "http://nspw.org/" "Mozilla/5.0+(compatible; UptimeRobot/2.0; http://www.uptimerobot.com/)"
www.nspw.org:80 85.203.22.166 - - [26/Apr/2018:02:20:44 -0400] "POST /?q=user/password&name%5B%23post_render%5D%5B%5D=passthru&name%5B%23type%5D=markup&name%5B%23markup%5D=echo+%22SIMPLE+CACHE+FILE%22+%3E+CACHE.txt HTTP/1.1" 302 825 "-" "Mozilla/5.0 (Windows NT 6.1; WOW64; rv:54.0) Gecko/20100101 Firefox/54.0"
www.nspw.org:80 85.203.22.166 - - [26/Apr/2018:02:20:47 -0400] "POST /?q=file/ajax/name/%23value/form-9Wb8a52CjRk7wSMnfMsfW-2SjzqlmZrlv9psSI3LjWw HTTP/1.1" 302 675 "-" "Mozilla/5.0 (Windows NT 6.1; WOW64; rv:54.0) Gecko/20100101 Firefox/54.0"
www.nspw.org:80 85.203.22.166 - - [26/Apr/2018:02:20:51 -0400] "GET /CACHE.txt HTTP/1.1" 302 543 "-" "Mozilla/5.0 (Windows NT 6.1; WOW64; rv:54.0) Gecko/20100101 Firefox/54.0"
www.nspw.org:80 66.249.93.78 - - [26/Apr/2018:02:21:41 -0400] "GET /2018/cfp HTTP/1.1" 302 545 "-" "Mozilla/5.0 (X11; Linux x86_64) AppleWebKit/537.36 (KHTML, like Gecko) Chrome/49.0.2623.75 Safari/537.36 Google Favicon"
www.nspw.org:80 207.46.13.24 - - [26/Apr/2018:02:21:53 -0400] "GET /papers/2000/nspw2000-marceau.pdf HTTP/1.1" 302 593 "-" "Mozilla/5.0 (compatible; bingbot/2.0; +http://www.bing.com/bingbot.htm)"
www.nspw.org:80 163.158.172.59 - - [26/Apr/2018:02:23:00 -0400] "GET /wp-login.php HTTP/1.1" 302 553 "-" "Mozilla/5.0 (Windows NT 6.1; WOW64; rv:40.0) Gecko/20100101 Firefox/40.1"
www.nspw.org:80 163.158.172.59 - - [26/Apr/2018:02:23:01 -0400] "GET / HTTP/1.1" 302 528 "-" "Mozilla/5.0 (Windows NT 6.1; WOW64; rv:40.0) Gecko/20100101 Firefox/40.1"
www.nspw.org:80 66.249.73.80 - - [26/Apr/2018:02:23:19 -0400] "GET /2009/proceedings/2000/nspw2000-marceau.pdf HTTP/1.1" 302 613 "-" "Googlebot/2.1 (+http://www.google.com/bot.html)"
www.nspw.org:80 66.249.73.78 - - [26/Apr/2018:02:23:39 -0400] "GET /papers/1998/nspw1998-abrams.pdf HTTP/1.1" 302 591 "-" "Mozilla/5.0 (compatible; Googlebot/2.1; +http://www.google.com/bot.html)"
www.nspw.org:80 216.244.66.236 - - [26/Apr/2018:02:23:58 -0400] "GET /robots.txt HTTP/1.1" 302 493 "-" "Mozilla/5.0 (compatible; DotBot/1.1; http://www.opensiteexplorer.org/dotbot, help@moz.com)"
www.nspw.org:80 197.38.169.133 - - [26/Apr/2018:02:25:00 -0400] "GET /wp-login.php HTTP/1.1" 302 553 "-" "Mozilla/5.0 (Windows NT 6.1; WOW64; rv:40.0) Gecko/20100101 Firefox/40.1"
www.nspw.org:80 197.38.169.133 - - [26/Apr/2018:02:25:04 -0400] "GET / HTTP/1.1" 302 528 "-" "Mozilla/5.0 (Windows NT 6.1; WOW64; rv:40.0) Gecko/20100101 Firefox/40.1"
www.nspw.org:80 69.162.124.227 - - [26/Apr/2018:02:25:22 -0400] "HEAD / HTTP/1.1" 302 188 "http://nspw.org/" "Mozilla/5.0+(compatible; UptimeRobot/2.0; http://www.uptimerobot.com/)"
www.nspw.org:80 66.249.65.119 - - [26/Apr/2018:02:26:03 -0400] "GET /2018/cfp HTTP/1.1" 302 541 "-" "Mozilla/5.0 (compatible; Googlebot/2.1; +http://www.google.com/bot.html)"
www.nspw.org:80 217.78.0.74 - - [26/Apr/2018:02:26:16 -0400] "POST /?q=user%2Fpassword&name%5B%23post_render%5D%5B%5D=passthru&name%5B%23markup%5D=whoami&name%5B%23type%5D=markup HTTP/1.1" 302 763 "-" "python-requests/2.18.4"
www.nspw.org:80 217.78.0.74 - - [26/Apr/2018:02:26:17 -0400] "POST /?q=file%2Fajax%2Fname%2F%23value%2Fform-lxyetk_ciN6dezmnc9GfxGP7HJg2akTZ5HeETK_vAVk HTTP/1.1" 302 697 "-" "python-requests/2.18.4"
www.nspw.org:80 66.249.73.78 - - [26/Apr/2018:02:26:40 -0400] "GET /papers/1998/nspw1998-abrams.pdf HTTP/1.1" 302 591 "-" "Mozilla/5.0 (compatible; Googlebot/2.1; +http://www.google.com/bot.html)"
www.nspw.org:80 66.249.73.82 - - [26/Apr/2018:02:27:06 -0400] "GET /2005/cfp/?C=D;O=A HTTP/1.1" 302 563 "-" "Mozilla/5.0 (compatible; Googlebot/2.1; +http://www.google.com/bot.html)"
www.nspw.org:80 220.181.125.142 - - [26/Apr/2018:02:27:25 -0400] "GET /2009/proceedings/2003/nspw2003-alkassar.pdf HTTP/1.1" 302 578 "-" "Sogou web spider/4.0(+http://www.sogou.com/docs/help/webmasters.htm#07)"
www.nspw.org:80 220.181.125.142 - - [26/Apr/2018:02:27:36 -0400] "GET /papers/2007/nspw2007-chow.pdf HTTP/1.1" 302 550 "-" "Sogou web spider/4.0(+http://www.sogou.com/docs/help/webmasters.htm#07)"
www.nspw.org:80 66.249.73.78 - - [26/Apr/2018:02:27:41 -0400] "GET /2005/program.content HTTP/1.1" 302 569 "-" "Mozilla/5.0 (compatible; Googlebot/2.1; +http://www.google.com/bot.html)"
www.nspw.org:80 66.249.73.78 - - [26/Apr/2018:02:27:48 -0400] "GET /papers/2010/nspw2010-maxion.pdf HTTP/1.1" 302 591 "-" "Googlebot/2.1 (+http://www.google.com/bot.html)"
www.nspw.org:80 61.14.49.253 - - [26/Apr/2018:02:27:54 -0400] "GET /wp-login.php HTTP/1.1" 302 553 "-" "Mozilla/5.0 (Windows NT 6.1; WOW64; rv:40.0) Gecko/20100101 Firefox/40.1"
www.nspw.org:80 88.98.217.109 - - [26/Apr/2018:02:28:12 -0400] "GET /2013/cfp HTTP/1.1" 302 545 "-" "Mozilla/5.0 (iPhone; CPU iPhone OS 11_2_6 like Mac OS X) AppleWebKit/604.5.6 (KHTML, like Gecko) Version/11.0 Mobile/15D100 Safari/604.1"
www.nspw.org:80 61.14.49.253 - - [26/Apr/2018:02:28:17 -0400] "GET / HTTP/1.1" 302 529 "-" "Mozilla/5.0 (Windows NT 6.1; WOW64; rv:40.0) Gecko/20100101 Firefox/40.1"
www.nspw.org:80 66.249.73.78 - - [26/Apr/2018:02:28:33 -0400] "GET /2009/proceedings/1998/ HTTP/1.1" 302 573 "-" "Mozilla/5.0 (compatible; Googlebot/2.1; +http://www.google.com/bot.html)"
www.nspw.org:80 66.249.73.80 - - [26/Apr/2018:02:29:24 -0400] "GET /papers/2007/nspw2007-kursawe.pdf HTTP/1.1" 302 593 "-" "Mozilla/5.0 (compatible; Googlebot/2.1; +http://www.google.com/bot.html)"
www.nspw.org:80 216.244.66.200 - - [26/Apr/2018:02:29:43 -0400] "GET /2008/cfp.shtml HTTP/1.1" 302 501 "-" "Mozilla/5.0 (compatible; DotBot/1.1; http://www.opensiteexplorer.org/dotbot, help@moz.com)"
www.nspw.org:80 66.249.65.117 - - [26/Apr/2018:02:30:16 -0400] "GET /2018/cfp HTTP/1.1" 302 541 "-" "Mozilla/5.0 (compatible; Googlebot/2.1; +http://www.google.com/bot.html)"
www.nspw.org:80 69.162.124.227 - - [26/Apr/2018:02:30:22 -0400] "HEAD / HTTP/1.1" 302 188 "http://nspw.org/" "Mozilla/5.0+(compatible; UptimeRobot/2.0; http://www.uptimerobot.com/)"
www.nspw.org:80 216.244.66.200 - - [26/Apr/2018:02:31:07 -0400] "GET /2010 HTTP/1.1" 302 481 "-" "Mozilla/5.0 (compatible; DotBot/1.1; http://www.opensiteexplorer.org/dotbot, help@moz.com)"
www.nspw.org:80 66.249.73.80 - - [26/Apr/2018:02:31:08 -0400] "GET /papers/2005/nspw2005-thorpe.pdf HTTP/1.1" 302 591 "-" "Mozilla/5.0 (compatible; Googlebot/2.1; +http://www.google.com/bot.html)"
www.nspw.org:80 66.249.73.80 - - [26/Apr/2018:02:31:53 -0400] "GET /2009/proceedings/2001/nspw2001-zhang.pdf HTTP/1.1" 302 609 "-" "Googlebot/2.1 (+http://www.google.com/bot.html)"
www.nspw.org:80 66.249.73.82 - - [26/Apr/2018:02:31:55 -0400] "GET /2009/proceedings/2003/nspw2003-mcdermott.pdf HTTP/1.1" 302 617 "-" "Googlebot/2.1 (+http://www.google.com/bot.html)"
www.nspw.org:80 66.249.73.82 - - [26/Apr/2018:02:32:00 -0400] "GET /papers/1998/nspw1998-slater.pdf HTTP/1.1" 302 591 "-" "Mozilla/5.0 (compatible; Googlebot/2.1; +http://www.google.com/bot.html)"
www.nspw.org:80 66.249.73.78 - - [26/Apr/2018:02:32:27 -0400] "GET /2009/proceedings/2008/nspw2008-shirley.pdf HTTP/1.1" 302 613 "-" "Googlebot/2.1 (+http://www.google.com/bot.html)"
www.nspw.org:80 66.249.73.78 - - [26/Apr/2018:02:32:52 -0400] "GET /papers/1999/nspw1999-jonsson.pdf HTTP/1.1" 302 593 "-" "Mozilla/5.0 (compatible; Googlebot/2.1; +http://www.google.com/bot.html)"
www.nspw.org:80 66.249.65.115 - - [26/Apr/2018:02:33:14 -0400] "GET /papers/2002/nspw2002-ahamad.pdf HTTP/1.1" 302 587 "-" "Googlebot/2.1 (+http://www.google.com/bot.html)"
www.nspw.org:80 66.249.73.80 - - [26/Apr/2018:02:33:43 -0400] "GET /2005/papers.content HTTP/1.1" 302 567 "-" "Mozilla/5.0 (compatible; Googlebot/2.1; +http://www.google.com/bot.html)"
www.nspw.org:80 66.249.73.78 - - [26/Apr/2018:02:34:35 -0400] "GET /2000/program_print.html HTTP/1.1" 302 575 "-" "Mozilla/5.0 (compatible; Googlebot/2.1; +http://www.google.com/bot.html)"
www.nspw.org:80 69.162.124.227 - - [26/Apr/2018:02:35:22 -0400] "HEAD / HTTP/1.1" 302 188 "http://nspw.org/" "Mozilla/5.0+(compatible; UptimeRobot/2.0; http://www.uptimerobot.com/)"
www.nspw.org:80 66.249.73.80 - - [26/Apr/2018:02:35:27 -0400] "GET /papers/1993/nspw1993-smith.pdf HTTP/1.1" 302 589 "-" "Mozilla/5.0 (compatible; Googlebot/2.1; +http://www.google.com/bot.html)"
www.nspw.org:80 66.249.73.78 - - [26/Apr/2018:02:36:19 -0400] "GET /2008/cfp/?C=N;O=A HTTP/1.1" 302 563 "-" "Mozilla/5.0 (compatible; Googlebot/2.1; +http://www.google.com/bot.html)"
www.nspw.org:80 66.249.73.80 - - [26/Apr/2018:02:36:40 -0400] "GET /2009/proceedings/2009/nspw2009-tuerpe.pdf HTTP/1.1" 302 611 "-" "Googlebot/2.1 (+http://www.google.com/bot.html)"
www.nspw.org:80 66.249.73.78 - - [26/Apr/2018:02:36:46 -0400] "GET /2008/nspw-footer.html HTTP/1.1" 302 571 "-" "Mozilla/5.0 (compatible; Googlebot/2.1; +http://www.google.com/bot.html)"
www.nspw.org:80 66.249.73.80 - - [26/Apr/2018:02:38:02 -0400] "GET /papers/1999/nspw1999-henning.pdf HTTP/1.1" 302 593 "-" "Mozilla/5.0 (compatible; Googlebot/2.1; +http://www.google.com/bot.html)"
www.nspw.org:80 66.249.73.80 - - [26/Apr/2018:02:38:54 -0400] "GET /2018/dates HTTP/1.1" 302 549 "-" "Mozilla/5.0 (compatible; Googlebot/2.1; +http://www.google.com/bot.html)"
www.nspw.org:80 207.46.13.24 - - [26/Apr/2018:02:39:44 -0400] "GET / HTTP/1.1" 302 525 "-" "Mozilla/5.0 (compatible; bingbot/2.0; +http://www.bing.com/bingbot.htm)"
www.nspw.org:80 66.249.73.80 - - [26/Apr/2018:02:39:46 -0400] "GET /papers/2000/nspw2000-daniels.pdf HTTP/1.1" 302 593 "-" "Mozilla/5.0 (compatible; Googlebot/2.1; +http://www.google.com/bot.html)"
www.nspw.org:80 69.162.124.227 - - [26/Apr/2018:02:40:22 -0400] "HEAD / HTTP/1.1" 302 188 "http://nspw.org/" "Mozilla/5.0+(compatible; UptimeRobot/2.0; http://www.uptimerobot.com/)"
www.nspw.org:80 103.88.217.49 - - [26/Apr/2018:02:40:34 -0400] "GET /wp-login.php HTTP/1.1" 302 553 "-" "Mozilla/5.0 (Windows NT 6.1; WOW64; rv:40.0) Gecko/20100101 Firefox/40.1"
www.nspw.org:80 66.249.73.80 - - [26/Apr/2018:02:40:38 -0400] "GET /2009/proceedings/1997/ HTTP/1.1" 302 573 "-" "Mozilla/5.0 (compatible; Googlebot/2.1; +http://www.google.com/bot.html)"
www.nspw.org:80 103.88.217.49 - - [26/Apr/2018:02:40:42 -0400] "GET / HTTP/1.1" 302 529 "-" "Mozilla/5.0 (Windows NT 6.1; WOW64; rv:40.0) Gecko/20100101 Firefox/40.1"
www.nspw.org:80 66.249.73.80 - - [26/Apr/2018:02:41:30 -0400] "GET /2009/proceedings/2003/ HTTP/1.1" 302 573 "-" "Mozilla/5.0 (compatible; Googlebot/2.1; +http://www.google.com/bot.html)"
www.nspw.org:80 66.249.73.80 - - [26/Apr/2018:02:42:11 -0400] "GET /2003/ HTTP/1.1" 302 539 "-" "Mozilla/5.0 (compatible; Googlebot/2.1; +http://www.google.com/bot.html)"
www.nspw.org:80 66.249.73.78 - - [26/Apr/2018:02:42:21 -0400] "GET /2008/nspw-footer.html HTTP/1.1" 302 571 "-" "Mozilla/5.0 (compatible; Googlebot/2.1; +http://www.google.com/bot.html)"
www.nspw.org:80 66.249.73.80 - - [26/Apr/2018:02:42:34 -0400] "GET /2009/proceedings/2007/nspw2007-mannan.pdf HTTP/1.1" 302 611 "-" "Googlebot/2.1 (+http://www.google.com/bot.html)"
www.nspw.org:80 66.249.73.78 - - [26/Apr/2018:02:43:13 -0400] "GET /2007/submission.content HTTP/1.1" 302 575 "-" "Mozilla/5.0 (compatible; Googlebot/2.1; +http://www.google.com/bot.html)"
www.nspw.org:80 66.249.73.80 - - [26/Apr/2018:02:44:03 -0400] "GET /current/local.shtml HTTP/1.1" 302 567 "-" "Mozilla/5.0 (compatible; Googlebot/2.1; +http://www.google.com/bot.html)"
www.nspw.org:80 66.249.73.82 - - [26/Apr/2018:02:44:05 -0400] "GET /2009/proceedings/2007/ HTTP/1.1" 302 573 "-" "Mozilla/5.0 (compatible; Googlebot/2.1; +http://www.google.com/bot.html)"
www.nspw.org:80 157.51.134.58 - - [26/Apr/2018:02:44:07 -0400] "GET /wp-login.php HTTP/1.1" 302 553 "-" "Mozilla/5.0 (Windows NT 6.1; WOW64; rv:40.0) Gecko/20100101 Firefox/40.1"
www.nspw.org:80 157.51.134.58 - - [26/Apr/2018:02:44:11 -0400] "GET / HTTP/1.1" 302 528 "-" "Mozilla/5.0 (Windows NT 6.1; WOW64; rv:40.0) Gecko/20100101 Firefox/40.1"
www.nspw.org:80 66.249.73.78 - - [26/Apr/2018:02:44:26 -0400] "GET /2009/proceedings/2006/nspw2006-conti.pdf HTTP/1.1" 302 609 "-" "Googlebot/2.1 (+http://www.google.com/bot.html)"
www.nspw.org:80 66.249.73.78 - - [26/Apr/2018:02:44:57 -0400] "GET /2009/proceedings/2013/ HTTP/1.1" 302 573 "-" "Mozilla/5.0 (compatible; Googlebot/2.1; +http://www.google.com/bot.html)"
www.nspw.org:80 69.162.124.227 - - [26/Apr/2018:02:45:22 -0400] "HEAD / HTTP/1.1" 302 188 "http://nspw.org/" "Mozilla/5.0+(compatible; UptimeRobot/2.0; http://www.uptimerobot.com/)"
www.nspw.org:80 66.249.73.78 - - [26/Apr/2018:02:45:49 -0400] "GET /1999/cfp.html HTTP/1.1" 302 555 "-" "Mozilla/5.0 (compatible; Googlebot/2.1; +http://www.google.com/bot.html)"
www.nspw.org:80 66.249.73.78 - - [26/Apr/2018:02:46:40 -0400] "GET /2004/dates.content HTTP/1.1" 302 565 "-" "Mozilla/5.0 (compatible; Googlebot/2.1; +http://www.google.com/bot.html)"
www.nspw.org:80 66.249.73.78 - - [26/Apr/2018:02:47:32 -0400] "GET /2007/nspw-header.html HTTP/1.1" 302 571 "-" "Mozilla/5.0 (compatible; Googlebot/2.1; +http://www.google.com/bot.html)"
www.nspw.org:80 216.244.66.236 - - [26/Apr/2018:02:47:40 -0400] "GET /robots.txt HTTP/1.1" 302 493 "-" "Mozilla/5.0 (compatible; DotBot/1.1; http://www.opensiteexplorer.org/dotbot, help@moz.com)"
www.nspw.org:80 66.249.73.78 - - [26/Apr/2018:02:48:24 -0400] "GET /1999/cfp.html HTTP/1.1" 302 555 "-" "Mozilla/5.0 (compatible; Googlebot/2.1; +http://www.google.com/bot.html)"
www.nspw.org:80 66.249.73.78 - - [26/Apr/2018:02:49:16 -0400] "GET /proceedings/1996 HTTP/1.1" 302 561 "-" "Mozilla/5.0 (compatible; Googlebot/2.1; +http://www.google.com/bot.html)"
www.nspw.org:80 66.249.73.78 - - [26/Apr/2018:02:49:31 -0400] "GET /2005/cfp/?C=N;O=A HTTP/1.1" 302 563 "-" "Mozilla/5.0 (compatible; Googlebot/2.1; +http://www.google.com/bot.html)"
www.nspw.org:80 77.88.47.40 - - [26/Apr/2018:02:49:35 -0400] "GET /robots.txt HTTP/1.1" 302 549 "-" "Mozilla/5.0 (compatible; YandexBot/3.0; +http://yandex.com/bots)"
www.nspw.org:80 77.88.47.40 - - [26/Apr/2018:02:49:39 -0400] "GET /2009/proceedings/2001/?C=N;O=D HTTP/1.1" 302 588 "-" "Mozilla/5.0 (compatible; YandexBot/3.0; +http://yandex.com/bots)"
www.nspw.org:80 66.249.73.80 - - [26/Apr/2018:02:50:08 -0400] "GET /papers/2001/nspw2001-blakley.pdf HTTP/1.1" 302 593 "-" "Mozilla/5.0 (compatible; Googlebot/2.1; +http://www.google.com/bot.html)"
www.nspw.org:80 69.162.124.227 - - [26/Apr/2018:02:50:22 -0400] "HEAD / HTTP/1.1" 302 188 "http://nspw.org/" "Mozilla/5.0+(compatible; UptimeRobot/2.0; http://www.uptimerobot.com/)"
www.nspw.org:80 66.249.73.78 - - [26/Apr/2018:02:50:59 -0400] "GET /papers/2009/nspw2009-herley.pdf HTTP/1.1" 302 591 "-" "Mozilla/5.0 (compatible; Googlebot/2.1; +http://www.google.com/bot.html)"
www.nspw.org:80 54.70.40.11 - - [26/Apr/2018:02:51:00 -0400] "GET /papers/2012/docs/p15.pdf HTTP/1.1" 302 521 "-" "Mozilla/5.0 (compatible) SemanticScholarBot (+https://www.semanticscholar.org/crawler)"
www.nspw.org:80 112.134.72.180 - - [26/Apr/2018:02:51:33 -0400] "GET /wp-login.php HTTP/1.1" 302 553 "-" "Mozilla/5.0 (Windows NT 6.1; WOW64; rv:40.0) Gecko/20100101 Firefox/40.1"
www.nspw.org:80 112.134.72.180 - - [26/Apr/2018:02:51:36 -0400] "GET / HTTP/1.1" 302 528 "-" "Mozilla/5.0 (Windows NT 6.1; WOW64; rv:40.0) Gecko/20100101 Firefox/40.1"
www.nspw.org:80 54.70.40.11 - - [26/Apr/2018:02:52:09 -0400] "GET /2018 HTTP/1.1" 302 481 "-" "Mozilla/5.0 (compatible) SemanticScholarBot (+https://www.semanticscholar.org/crawler)"
www.nspw.org:80 180.76.15.145 - - [26/Apr/2018:02:52:47 -0400] "GET /modules/user/user.css?nhfa6e HTTP/1.1" 302 544 "-" "Mozilla/5.0 (compatible; Baiduspider/2.0; +http://www.baidu.com/search/spider.html)"
www.nspw.org:80 54.70.40.11 - - [26/Apr/2018:02:52:53 -0400] "GET /2017/ HTTP/1.1" 302 483 "-" "Mozilla/5.0 (compatible) SemanticScholarBot (+https://www.semanticscholar.org/crawler)"
www.nspw.org:80 54.36.149.54 - - [26/Apr/2018:02:53:24 -0400] "GET /2004/dates.html HTTP/1.1" 302 503 "-" "Mozilla/5.0 (compatible; AhrefsBot/5.2; +http://ahrefs.com/robot/)"
www.nspw.org:80 66.249.73.82 - - [26/Apr/2018:02:53:35 -0400] "GET /papers/2005/nspw2005-locasto.pdf HTTP/1.1" 302 593 "-" "Mozilla/5.0 (compatible; Googlebot/2.1; +http://www.google.com/bot.html)"
www.nspw.org:80 216.244.66.200 - - [26/Apr/2018:02:53:40 -0400] "GET /2016/location HTTP/1.1" 302 499 "-" "Mozilla/5.0 (compatible; DotBot/1.1; http://www.opensiteexplorer.org/dotbot, help@moz.com)"
www.nspw.org:80 54.70.40.11 - - [26/Apr/2018:02:53:54 -0400] "GET /2013/ HTTP/1.1" 302 483 "-" "Mozilla/5.0 (compatible) SemanticScholarBot (+https://www.semanticscholar.org/crawler)"
www.nspw.org:80 66.249.73.78 - - [26/Apr/2018:02:54:27 -0400] "GET /papers/2005/nspw2005-peisert.pdf HTTP/1.1" 302 593 "-" "Mozilla/5.0 (compatible; Googlebot/2.1; +http://www.google.com/bot.html)"
www.nspw.org:80 54.70.40.11 - - [26/Apr/2018:02:54:49 -0400] "GET /2012/ HTTP/1.1" 302 483 "-" "Mozilla/5.0 (compatible) SemanticScholarBot (+https://www.semanticscholar.org/crawler)"
www.nspw.org:80 212.83.179.153 - - [26/Apr/2018:02:54:55 -0400] "GET /asu.php HTTP/1.1" 302 539 "-" "Mozilla/5.0 (X11; Linux x86_64) AppleWebKit/537.36 (KHTML, like Gecko) Chrome/47.0.2526.35 Safari/537.36"
www.nspw.org:80 212.83.179.153 - - [26/Apr/2018:02:54:55 -0400] "GET /content-post.php HTTP/1.1" 302 556 "-" "Mozilla/5.0 (X11; Linux x86_64) AppleWebKit/537.36 (KHTML, like Gecko) Chrome/47.0.2526.35 Safari/537.36"
www.nspw.org:80 66.249.73.80 - - [26/Apr/2018:02:55:18 -0400] "GET /2017/organizers HTTP/1.1" 302 559 "-" "Mozilla/5.0 (compatible; Googlebot/2.1; +http://www.google.com/bot.html)"
www.nspw.org:80 69.162.124.227 - - [26/Apr/2018:02:55:22 -0400] "HEAD / HTTP/1.1" 302 188 "http://nspw.org/" "Mozilla/5.0+(compatible; UptimeRobot/2.0; http://www.uptimerobot.com/)"
www.nspw.org:80 54.70.40.11 - - [26/Apr/2018:02:56:00 -0400] "GET /2010/ HTTP/1.1" 302 483 "-" "Mozilla/5.0 (compatible) SemanticScholarBot (+https://www.semanticscholar.org/crawler)"
www.nspw.org:80 66.249.73.82 - - [26/Apr/2018:02:56:10 -0400] "GET /2016/cfp HTTP/1.1" 302 545 "-" "Mozilla/5.0 (compatible; Googlebot/2.1; +http://www.google.com/bot.html)"
www.nspw.org:80 216.244.66.200 - - [26/Apr/2018:02:56:48 -0400] "GET /proceedings/2010 HTTP/1.1" 302 505 "-" "Mozilla/5.0 (compatible; DotBot/1.1; http://www.opensiteexplorer.org/dotbot, help@moz.com)"
www.nspw.org:80 66.249.65.117 - - [26/Apr/2018:02:57:08 -0400] "GET /modules/system/system.menus.css?nhfa6e HTTP/1.1" 302 601 "http://nspw.org/2016/cfp" "Mozilla/5.0 (compatible; Googlebot/2.1; +http://www.google.com/bot.html)"
www.nspw.org:80 66.249.65.117 - - [26/Apr/2018:02:57:08 -0400] "GET /modules/comment/comment.css?nhfa6e HTTP/1.1" 302 592 "http://nspw.org/2016/cfp" "Mozilla/5.0 (compatible; Googlebot/2.1; +http://www.google.com/bot.html)"
www.nspw.org:80 66.249.73.80 - - [26/Apr/2018:02:57:09 -0400] "GET /papers/2013/nspw2013-castro.pdf HTTP/1.1" 302 591 "-" "Mozilla/5.0 (compatible; Googlebot/2.1; +http://www.google.com/bot.html)"
www.nspw.org:80 66.249.65.117 - - [26/Apr/2018:02:57:10 -0400] "GET /themes/garland/print.css?nhfa6e HTTP/1.1" 302 586 "http://nspw.org/2016/cfp" "Mozilla/5.0 (compatible; Googlebot/2.1; +http://www.google.com/bot.html)"
www.nspw.org:80 66.249.65.119 - - [26/Apr/2018:02:57:10 -0400] "GET /misc/drupal.js?nhfa6e HTTP/1.1" 302 567 "http://nspw.org/2016/cfp" "Mozilla/5.0 (compatible; Googlebot/2.1; +http://www.google.com/bot.html)"
www.nspw.org:80 66.249.65.119 - - [26/Apr/2018:02:57:10 -0400] "GET /modules/system/system.messages.css?nhfa6e HTTP/1.1" 302 606 "http://nspw.org/2016/cfp" "Mozilla/5.0 (compatible; Googlebot/2.1; +http://www.google.com/bot.html)"
www.nspw.org:80 66.249.65.115 - - [26/Apr/2018:02:57:11 -0400] "GET /themes/garland/style.css?nhfa6e HTTP/1.1" 302 587 "http://nspw.org/2016/cfp" "Mozilla/5.0 (compatible; Googlebot/2.1; +http://www.google.com/bot.html)"
www.nspw.org:80 66.249.65.115 - - [26/Apr/2018:02:57:11 -0400] "GET /modules/user/user.css?nhfa6e HTTP/1.1" 302 580 "http://nspw.org/2016/cfp" "Mozilla/5.0 (compatible; Googlebot/2.1; +http://www.google.com/bot.html)"
www.nspw.org:80 66.249.65.115 - - [26/Apr/2018:02:57:12 -0400] "GET /modules/system/system.base.css?nhfa6e HTTP/1.1" 302 598 "http://nspw.org/2016/cfp" "Mozilla/5.0 (compatible; Googlebot/2.1; +http://www.google.com/bot.html)"
www.nspw.org:80 66.249.65.115 - - [26/Apr/2018:02:57:12 -0400] "GET /modules/system/system.theme.css?nhfa6e HTTP/1.1" 302 600 "http://nspw.org/2016/cfp" "Mozilla/5.0 (compatible; Googlebot/2.1; +http://www.google.com/bot.html)"
www.nspw.org:80 66.249.65.117 - - [26/Apr/2018:02:57:13 -0400] "GET /misc/jquery.once.js?v=1.2 HTTP/1.1" 302 574 "http://nspw.org/2016/cfp" "Mozilla/5.0 (compatible; Googlebot/2.1; +http://www.google.com/bot.html)"
www.nspw.org:80 66.249.65.117 - - [26/Apr/2018:02:57:13 -0400] "GET /modules/field/theme/field.css?nhfa6e HTTP/1.1" 302 596 "http://nspw.org/2016/cfp" "Mozilla/5.0 (compatible; Googlebot/2.1; +http://www.google.com/bot.html)"
www.nspw.org:80 66.249.65.117 - - [26/Apr/2018:02:57:14 -0400] "GET /misc/jquery.js?v=1.4.4 HTTP/1.1" 302 568 "http://nspw.org/2016/cfp" "Mozilla/5.0 (compatible; Googlebot/2.1; +http://www.google.com/bot.html)"
www.nspw.org:80 66.249.65.115 - - [26/Apr/2018:02:57:18 -0400] "GET /modules/node/node.css?nhfa6e HTTP/1.1" 302 581 "http://nspw.org/2016/cfp" "Mozilla/5.0 (compatible; Googlebot/2.1; +http://www.google.com/bot.html)"
www.nspw.org:80 66.249.73.78 - - [26/Apr/2018:02:57:54 -0400] "GET /2005/cfp/latex/?C=N;O=A HTTP/1.1" 302 575 "-" "Mozilla/5.0 (compatible; Googlebot/2.1; +http://www.google.com/bot.html)"
www.nspw.org:80 212.83.187.106 - - [26/Apr/2018:02:58:24 -0400] "GET /silow.php HTTP/1.1" 302 543 "-" "Mozilla/5.0 (X11; Linux x86_64) AppleWebKit/537.36 (KHTML, like Gecko) Chrome/47.0.2526.35 Safari/537.36"
www.nspw.org:80 212.83.187.106 - - [26/Apr/2018:02:58:24 -0400] "GET /low.php HTTP/1.1" 302 538 "-" "Mozilla/5.0 (X11; Linux x86_64) AppleWebKit/537.36 (KHTML, like Gecko) Chrome/47.0.2526.35 Safari/537.36"
www.nspw.org:80 66.249.73.82 - - [26/Apr/2018:02:58:46 -0400] "GET /papers/1996/nspw1996-josang.pdf HTTP/1.1" 302 591 "-" "Mozilla/5.0 (compatible; Googlebot/2.1; +http://www.google.com/bot.html)"
www.nspw.org:80 66.249.73.80 - - [26/Apr/2018:02:59:16 -0400] "GET /papers/2008/nspw2008-mannan.pdf HTTP/1.1" 302 591 "-" "Googlebot/2.1 (+http://www.google.com/bot.html)"
www.nspw.org:80 66.249.73.78 - - [26/Apr/2018:02:59:37 -0400] "GET /2009/proceedings/1998/nspw1998-chang.pdf HTTP/1.1" 302 609 "-" "Mozilla/5.0 (compatible; Googlebot/2.1; +http://www.google.com/bot.html)"
www.nspw.org:80 54.36.148.219 - - [26/Apr/2018:02:59:44 -0400] "GET /2006/oc.shtml HTTP/1.1" 302 499 "-" "Mozilla/5.0 (compatible; AhrefsBot/5.2; +http://ahrefs.com/robot/)"
www.nspw.org:80 182.68.99.226 - - [26/Apr/2018:02:59:49 -0400] "GET /wp-login.php HTTP/1.1" 302 553 "-" "Mozilla/5.0 (Windows NT 6.1; WOW64; rv:40.0) Gecko/20100101 Firefox/40.1"
www.nspw.org:80 182.68.99.226 - - [26/Apr/2018:02:59:52 -0400] "GET / HTTP/1.1" 302 528 "-" "Mozilla/5.0 (Windows NT 6.1; WOW64; rv:40.0) Gecko/20100101 Firefox/40.1"
www.nspw.org:80 69.162.124.227 - - [26/Apr/2018:03:00:22 -0400] "HEAD / HTTP/1.1" 302 188 "http://nspw.org/" "Mozilla/5.0+(compatible; UptimeRobot/2.0; http://www.uptimerobot.com/)"
www.nspw.org:80 66.249.73.78 - - [26/Apr/2018:03:00:29 -0400] "GET /papers/2004/nspw2004-hollebeek.pdf HTTP/1.1" 302 597 "-" "Mozilla/5.0 (compatible; Googlebot/2.1; +http://www.google.com/bot.html)"
www.nspw.org:80 66.249.73.80 - - [26/Apr/2018:03:01:21 -0400] "GET /papers/2009/nspw2009-verendel.pdf HTTP/1.1" 302 595 "-" "Mozilla/5.0 (compatible; Googlebot/2.1; +http://www.google.com/bot.html)"
www.nspw.org:80 190.115.177.48 - - [26/Apr/2018:03:01:25 -0400] "GET /wp-login.php HTTP/1.1" 302 553 "-" "Mozilla/5.0 (Windows NT 6.1; WOW64; rv:40.0) Gecko/20100101 Firefox/40.1"
www.nspw.org:80 190.115.177.48 - - [26/Apr/2018:03:01:26 -0400] "GET / HTTP/1.1" 302 528 "-" "Mozilla/5.0 (Windows NT 6.1; WOW64; rv:40.0) Gecko/20100101 Firefox/40.1"
www.nspw.org:80 66.249.73.80 - - [26/Apr/2018:03:02:13 -0400] "GET /2008/ HTTP/1.1" 302 539 "-" "Mozilla/5.0 (compatible; Googlebot/2.1; +http://www.google.com/bot.html)"
www.nspw.org:80 66.249.73.80 - - [26/Apr/2018:03:02:19 -0400] "GET /papers/2002/nspw2002-dourish.pdf HTTP/1.1" 302 593 "-" "Googlebot/2.1 (+http://www.google.com/bot.html)"
www.nspw.org:80 141.212.122.81 - - [26/Apr/2018:03:02:32 -0400] "GET / HTTP/1.1" 302 469 "-" "Mozilla/5.0 zgrab/0.x"
www.nspw.org:80 66.249.73.78 - - [26/Apr/2018:03:02:57 -0400] "GET /2009/proceedings/2006/nspw2006-greenwald.pdf HTTP/1.1" 302 617 "-" "Googlebot/2.1 (+http://www.google.com/bot.html)"
www.nspw.org:80 66.249.73.82 - - [26/Apr/2018:03:03:05 -0400] "GET /papers/2000/nspw2000-mcdermott.pdf HTTP/1.1" 302 597 "-" "Mozilla/5.0 (compatible; Googlebot/2.1; +http://www.google.com/bot.html)"
www.nspw.org:80 51.9.219.110 - - [26/Apr/2018:03:03:46 -0400] "GET /wp-login.php HTTP/1.1" 302 553 "-" "Mozilla/5.0 (Windows NT 6.1; WOW64; rv:40.0) Gecko/20100101 Firefox/40.1"
www.nspw.org:80 51.9.219.110 - - [26/Apr/2018:03:03:48 -0400] "GET / HTTP/1.1" 302 528 "-" "Mozilla/5.0 (Windows NT 6.1; WOW64; rv:40.0) Gecko/20100101 Firefox/40.1"
www.nspw.org:80 66.249.73.78 - - [26/Apr/2018:03:03:56 -0400] "GET /papers/2005/nspw2005-bishop-pos.pdf HTTP/1.1" 302 599 "-" "Mozilla/5.0 (compatible; Googlebot/2.1; +http://www.google.com/bot.html)"
www.nspw.org:80 46.1.123.101 - - [26/Apr/2018:03:04:26 -0400] "GET /wp-login.php HTTP/1.1" 302 553 "-" "Mozilla/5.0 (Windows NT 6.1; WOW64; rv:40.0) Gecko/20100101 Firefox/40.1"
www.nspw.org:80 46.1.123.101 - - [26/Apr/2018:03:04:29 -0400] "GET / HTTP/1.1" 302 528 "-" "Mozilla/5.0 (Windows NT 6.1; WOW64; rv:40.0) Gecko/20100101 Firefox/40.1"
