www.nspw.org:80 211.159.182.74 - - [07/May/2018:21:54:54 -0400] "GET /PMA/index.php HTTP/1.1" 302 556 "-" "Mozilla/5.0"
www.nspw.org:80 211.159.182.74 - - [07/May/2018:21:54:54 -0400] "GET /PMA2/index.php HTTP/1.1" 302 558 "-" "Mozilla/5.0"
www.nspw.org:80 211.159.182.74 - - [07/May/2018:21:54:54 -0400] "GET /index.php HTTP/1.1" 302 549 "-" "Mozilla/5.0"
www.nspw.org:80 211.159.182.74 - - [07/May/2018:21:54:55 -0400] "GET /pmamy/index.php HTTP/1.1" 302 560 "-" "Mozilla/5.0"
www.nspw.org:80 211.159.182.74 - - [07/May/2018:21:54:55 -0400] "GET /phpmyadmin/index.php HTTP/1.1" 302 570 "-" "Mozilla/5.0"
www.nspw.org:80 211.159.182.74 - - [07/May/2018:21:54:56 -0400] "GET /pmamy2/index.php HTTP/1.1" 302 562 "-" "Mozilla/5.0"
www.nspw.org:80 211.159.182.74 - - [07/May/2018:21:54:56 -0400] "GET /phpMyAdmin/index.php HTTP/1.1" 302 570 "-" "Mozilla/5.0"
www.nspw.org:80 185.216.35.131 - - [07/May/2018:21:54:56 -0400] "GET /wp-login.php HTTP/1.1" 302 553 "-" "Mozilla/5.0 (Windows NT 6.1; WOW64; rv:40.0) Gecko/20100101 Firefox/40.1"
www.nspw.org:80 211.159.182.74 - - [07/May/2018:21:54:58 -0400] "GET /mysql/index.php HTTP/1.1" 302 560 "-" "Mozilla/5.0"
www.nspw.org:80 211.159.182.74 - - [07/May/2018:21:54:58 -0400] "GET /pmd/index.php HTTP/1.1" 302 556 "-" "Mozilla/5.0"
www.nspw.org:80 211.159.182.74 - - [07/May/2018:21:54:58 -0400] "GET /admin/index.php HTTP/1.1" 302 560 "-" "Mozilla/5.0"
www.nspw.org:80 185.216.35.131 - - [07/May/2018:21:54:58 -0400] "GET / HTTP/1.1" 302 528 "-" "Mozilla/5.0 (Windows NT 6.1; WOW64; rv:40.0) Gecko/20100101 Firefox/40.1"
www.nspw.org:80 211.159.182.74 - - [07/May/2018:21:54:58 -0400] "GET /pma/index.php HTTP/1.1" 302 556 "-" "Mozilla/5.0"
www.nspw.org:80 211.159.182.74 - - [07/May/2018:21:54:58 -0400] "GET /db/index.php HTTP/1.1" 302 554 "-" "Mozilla/5.0"
www.nspw.org:80 211.159.182.74 - - [07/May/2018:21:54:58 -0400] "GET /PMA/index.php HTTP/1.1" 302 556 "-" "Mozilla/5.0"
www.nspw.org:80 211.159.182.74 - - [07/May/2018:21:54:59 -0400] "GET /dbadmin/index.php HTTP/1.1" 302 564 "-" "Mozilla/5.0"
www.nspw.org:80 211.159.182.74 - - [07/May/2018:21:55:00 -0400] "GET /PMA2/index.php HTTP/1.1" 302 558 "-" "Mozilla/5.0"
www.nspw.org:80 211.159.182.74 - - [07/May/2018:21:55:02 -0400] "GET /web/phpMyAdmin/index.php HTTP/1.1" 302 578 "-" "Mozilla/5.0"
www.nspw.org:80 211.159.182.74 - - [07/May/2018:21:55:02 -0400] "GET /pmamy/index.php HTTP/1.1" 302 560 "-" "Mozilla/5.0"
www.nspw.org:80 211.159.182.74 - - [07/May/2018:21:55:02 -0400] "GET /admin/pma/index.php HTTP/1.1" 302 568 "-" "Mozilla/5.0"
www.nspw.org:80 211.159.182.74 - - [07/May/2018:21:55:02 -0400] "GET /pmamy2/index.php HTTP/1.1" 302 562 "-" "Mozilla/5.0"
www.nspw.org:80 211.159.182.74 - - [07/May/2018:21:55:02 -0400] "GET /admin/PMA/index.php HTTP/1.1" 302 568 "-" "Mozilla/5.0"
www.nspw.org:80 211.159.182.74 - - [07/May/2018:21:55:03 -0400] "GET /admin/mysql/index.php HTTP/1.1" 302 572 "-" "Mozilla/5.0"
www.nspw.org:80 211.159.182.74 - - [07/May/2018:21:55:03 -0400] "GET /mysql/index.php HTTP/1.1" 302 560 "-" "Mozilla/5.0"
www.nspw.org:80 211.159.182.74 - - [07/May/2018:21:55:04 -0400] "GET /admin/mysql2/index.php HTTP/1.1" 302 574 "-" "Mozilla/5.0"
www.nspw.org:80 211.159.182.74 - - [07/May/2018:21:55:05 -0400] "GET /admin/phpmyadmin/index.php HTTP/1.1" 302 582 "-" "Mozilla/5.0"
www.nspw.org:80 211.159.182.74 - - [07/May/2018:21:55:05 -0400] "GET /admin/index.php HTTP/1.1" 302 560 "-" "Mozilla/5.0"
www.nspw.org:80 211.159.182.74 - - [07/May/2018:21:55:06 -0400] "GET /admin/phpMyAdmin/index.php HTTP/1.1" 302 582 "-" "Mozilla/5.0"
www.nspw.org:80 211.159.182.74 - - [07/May/2018:21:55:06 -0400] "GET /admin/phpmyadmin2/index.php HTTP/1.1" 302 584 "-" "Mozilla/5.0"
www.nspw.org:80 211.159.182.74 - - [07/May/2018:21:55:06 -0400] "GET /mysqladmin/index.php HTTP/1.1" 302 570 "-" "Mozilla/5.0"
www.nspw.org:80 211.159.182.74 - - [07/May/2018:21:55:07 -0400] "GET /mysql-admin/index.php HTTP/1.1" 302 572 "-" "Mozilla/5.0"
www.nspw.org:80 211.159.182.74 - - [07/May/2018:21:55:08 -0400] "GET /phpadmin/index.php HTTP/1.1" 302 566 "-" "Mozilla/5.0"
www.nspw.org:80 211.159.182.74 - - [07/May/2018:21:55:10 -0400] "GET /phpmyadmin0/index.php HTTP/1.1" 302 572 "-" "Mozilla/5.0"
www.nspw.org:80 211.159.182.74 - - [07/May/2018:21:55:10 -0400] "GET /phpmyadmin1/index.php HTTP/1.1" 302 572 "-" "Mozilla/5.0"
www.nspw.org:80 211.159.182.74 - - [07/May/2018:21:55:10 -0400] "GET /phpmyadmin2/index.php HTTP/1.1" 302 572 "-" "Mozilla/5.0"
www.nspw.org:80 211.159.182.74 - - [07/May/2018:21:55:12 -0400] "GET /myadmin/index.php HTTP/1.1" 302 564 "-" "Mozilla/5.0"
www.nspw.org:80 211.159.182.74 - - [07/May/2018:21:55:14 -0400] "GET /myadmin2/index.php HTTP/1.1" 302 566 "-" "Mozilla/5.0"
www.nspw.org:80 211.159.182.74 - - [07/May/2018:21:55:14 -0400] "GET /xampp/phpmyadmin/index.php HTTP/1.1" 302 582 "-" "Mozilla/5.0"
www.nspw.org:80 211.159.182.74 - - [07/May/2018:21:55:14 -0400] "GET /dbadmin/index.php HTTP/1.1" 302 565 "-" "Mozilla/5.0"
www.nspw.org:80 211.159.182.74 - - [07/May/2018:21:55:14 -0400] "GET /phpMyadmin_bak/index.php HTTP/1.1" 302 578 "-" "Mozilla/5.0"
www.nspw.org:80 211.159.182.74 - - [07/May/2018:21:55:14 -0400] "GET /web/phpMyAdmin/index.php HTTP/1.1" 302 578 "-" "Mozilla/5.0"
www.nspw.org:80 211.159.182.74 - - [07/May/2018:21:55:14 -0400] "GET /www/phpMyAdmin/index.php HTTP/1.1" 302 578 "-" "Mozilla/5.0"
www.nspw.org:80 211.159.182.74 - - [07/May/2018:21:55:15 -0400] "GET /tools/phpMyAdmin/index.php HTTP/1.1" 302 582 "-" "Mozilla/5.0"
www.nspw.org:80 211.159.182.74 - - [07/May/2018:21:55:16 -0400] "GET /admin/pma/index.php HTTP/1.1" 302 568 "-" "Mozilla/5.0"
www.nspw.org:80 211.159.182.74 - - [07/May/2018:21:55:16 -0400] "GET /phpmyadmin-old/index.php HTTP/1.1" 302 578 "-" "Mozilla/5.0"
www.nspw.org:80 211.159.182.74 - - [07/May/2018:21:55:16 -0400] "GET /admin/PMA/index.php HTTP/1.1" 302 568 "-" "Mozilla/5.0"
www.nspw.org:80 211.159.182.74 - - [07/May/2018:21:55:18 -0400] "GET /admin/mysql/index.php HTTP/1.1" 302 572 "-" "Mozilla/5.0"
www.nspw.org:80 211.159.182.74 - - [07/May/2018:21:55:18 -0400] "GET /phpMyAdminold/index.php HTTP/1.1" 302 576 "-" "Mozilla/5.0"
www.nspw.org:80 211.159.182.74 - - [07/May/2018:21:55:18 -0400] "GET /admin/mysql2/index.php HTTP/1.1" 302 574 "-" "Mozilla/5.0"
www.nspw.org:80 211.159.182.74 - - [07/May/2018:21:55:18 -0400] "GET /pma-old/index.php HTTP/1.1" 302 564 "-" "Mozilla/5.0"
www.nspw.org:80 211.159.182.74 - - [07/May/2018:21:55:18 -0400] "GET /admin/phpmyadmin/index.php HTTP/1.1" 302 582 "-" "Mozilla/5.0"
www.nspw.org:80 211.159.182.74 - - [07/May/2018:21:55:18 -0400] "GET /claroline/phpMyAdmin/index.php HTTP/1.1" 302 590 "-" "Mozilla/5.0"
www.nspw.org:80 211.159.182.74 - - [07/May/2018:21:55:19 -0400] "GET /typo3/phpmyadmin/index.php HTTP/1.1" 302 582 "-" "Mozilla/5.0"
www.nspw.org:80 211.159.182.74 - - [07/May/2018:21:55:19 -0400] "GET /admin/phpMyAdmin/index.php HTTP/1.1" 302 582 "-" "Mozilla/5.0"
www.nspw.org:80 211.159.182.74 - - [07/May/2018:21:55:21 -0400] "GET /admin/phpmyadmin2/index.php HTTP/1.1" 302 584 "-" "Mozilla/5.0"
www.nspw.org:80 211.159.182.74 - - [07/May/2018:21:55:21 -0400] "GET /phpma/index.php HTTP/1.1" 302 560 "-" "Mozilla/5.0"
www.nspw.org:80 211.159.182.74 - - [07/May/2018:21:55:22 -0400] "GET /mysqladmin/index.php HTTP/1.1" 302 570 "-" "Mozilla/5.0"
www.nspw.org:80 211.159.182.74 - - [07/May/2018:21:55:22 -0400] "GET /phpmyadmin/phpmyadmin/index.php HTTP/1.1" 302 592 "-" "Mozilla/5.0"
www.nspw.org:80 211.159.182.74 - - [07/May/2018:21:55:22 -0400] "GET /mysql-admin/index.php HTTP/1.1" 302 572 "-" "Mozilla/5.0"
www.nspw.org:80 211.159.182.74 - - [07/May/2018:21:55:22 -0400] "GET /phpMyAdmin/phpMyAdmin/index.php HTTP/1.1" 302 592 "-" "Mozilla/5.0"
www.nspw.org:80 211.159.182.74 - - [07/May/2018:21:55:22 -0400] "GET /phpadmin/index.php HTTP/1.1" 302 566 "-" "Mozilla/5.0"
www.nspw.org:80 211.159.182.74 - - [07/May/2018:21:55:23 -0400] "GET /phpmyadmin0/index.php HTTP/1.1" 302 572 "-" "Mozilla/5.0"
www.nspw.org:80 211.159.182.74 - - [07/May/2018:21:55:26 -0400] "GET /phpmyadmin1/index.php HTTP/1.1" 302 572 "-" "Mozilla/5.0"
www.nspw.org:80 211.159.182.74 - - [07/May/2018:21:55:26 -0400] "GET /phpmyadmin2/index.php HTTP/1.1" 302 572 "-" "Mozilla/5.0"
www.nspw.org:80 211.159.182.74 - - [07/May/2018:21:55:26 -0400] "GET /myadmin/index.php HTTP/1.1" 302 564 "-" "Mozilla/5.0"
www.nspw.org:80 211.159.182.74 - - [07/May/2018:21:55:26 -0400] "GET /myadmin2/index.php HTTP/1.1" 302 566 "-" "Mozilla/5.0"
www.nspw.org:80 211.159.182.74 - - [07/May/2018:21:55:29 -0400] "GET /xampp/phpmyadmin/index.php HTTP/1.1" 302 582 "-" "Mozilla/5.0"
www.nspw.org:80 211.159.182.74 - - [07/May/2018:21:55:30 -0400] "GET /phpMyadmin_bak/index.php HTTP/1.1" 302 578 "-" "Mozilla/5.0"
www.nspw.org:80 211.159.182.74 - - [07/May/2018:21:55:30 -0400] "GET /www/phpMyAdmin/index.php HTTP/1.1" 302 578 "-" "Mozilla/5.0"
www.nspw.org:80 211.159.182.74 - - [07/May/2018:21:55:30 -0400] "GET /tools/phpMyAdmin/index.php HTTP/1.1" 302 582 "-" "Mozilla/5.0"
www.nspw.org:80 211.159.182.74 - - [07/May/2018:21:55:32 -0400] "GET /phpmyadmin-old/index.php HTTP/1.1" 302 578 "-" "Mozilla/5.0"
www.nspw.org:80 211.159.182.74 - - [07/May/2018:21:55:33 -0400] "GET /phpMyAdminold/index.php HTTP/1.1" 302 576 "-" "Mozilla/5.0"
www.nspw.org:80 211.159.182.74 - - [07/May/2018:21:55:34 -0400] "GET /pma-old/index.php HTTP/1.1" 302 564 "-" "Mozilla/5.0"
www.nspw.org:80 211.159.182.74 - - [07/May/2018:21:55:34 -0400] "GET /claroline/phpMyAdmin/index.php HTTP/1.1" 302 590 "-" "Mozilla/5.0"
www.nspw.org:80 211.159.182.74 - - [07/May/2018:21:55:34 -0400] "GET /typo3/phpmyadmin/index.php HTTP/1.1" 302 582 "-" "Mozilla/5.0"
www.nspw.org:80 211.159.182.74 - - [07/May/2018:21:55:34 -0400] "GET /phpma/index.php HTTP/1.1" 302 560 "-" "Mozilla/5.0"
www.nspw.org:80 211.159.182.74 - - [07/May/2018:21:55:35 -0400] "GET /phpmyadmin/phpmyadmin/index.php HTTP/1.1" 302 592 "-" "Mozilla/5.0"
www.nspw.org:80 211.159.182.74 - - [07/May/2018:21:55:38 -0400] "GET /phpMyAdmin/phpMyAdmin/index.php HTTP/1.1" 302 592 "-" "Mozilla/5.0"
www.nspw.org:80 54.36.148.174 - - [07/May/2018:21:56:02 -0400] "GET /2000/ HTTP/1.1" 302 483 "-" "Mozilla/5.0 (compatible; AhrefsBot/5.2; +http://ahrefs.com/robot/)"
www.nspw.org:80 69.162.124.227 - - [07/May/2018:21:59:10 -0400] "HEAD / HTTP/1.1" 302 188 "http://nspw.org/" "Mozilla/5.0+(compatible; UptimeRobot/2.0; http://www.uptimerobot.com/)"
www.nspw.org:80 69.162.124.227 - - [07/May/2018:22:04:10 -0400] "HEAD / HTTP/1.1" 302 188 "http://nspw.org/" "Mozilla/5.0+(compatible; UptimeRobot/2.0; http://www.uptimerobot.com/)"
www.nspw.org:80 157.55.39.35 - - [07/May/2018:22:05:58 -0400] "GET /2003/ HTTP/1.1" 302 539 "-" "Mozilla/5.0 (iPhone; CPU iPhone OS 7_0 like Mac OS X) AppleWebKit/537.51.1 (KHTML, like Gecko) Version/7.0 Mobile/11A465 Safari/9537.53 (compatible; bingbot/2.0; +http://www.bing.com/bingbot.htm)"
www.nspw.org:80 69.162.124.227 - - [07/May/2018:22:09:10 -0400] "HEAD / HTTP/1.1" 302 188 "http://nspw.org/" "Mozilla/5.0+(compatible; UptimeRobot/2.0; http://www.uptimerobot.com/)"
www.nspw.org:80 180.76.15.156 - - [07/May/2018:22:09:31 -0400] "GET /node/cfp/flyer_NSPW_2014.pdf HTTP/1.1" 302 548 "-" "Mozilla/5.0 (compatible; Baiduspider/2.0; +http://www.baidu.com/search/spider.html)"
www.nspw.org:80 207.46.13.162 - - [07/May/2018:22:09:52 -0400] "GET /2009/proceedings/2009/nspw2009-herley.pdf HTTP/1.1" 302 611 "-" "Mozilla/5.0 (iPhone; CPU iPhone OS 7_0 like Mac OS X) AppleWebKit/537.51.1 (KHTML, like Gecko) Version/7.0 Mobile/11A465 Safari/9537.53 (compatible; bingbot/2.0; +http://www.bing.com/bingbot.htm)"
www.nspw.org:80 66.249.64.210 - - [07/May/2018:22:10:02 -0400] "GET /papers/2008/nspw2008-beautement.pdf HTTP/1.1" 302 599 "-" "Mozilla/5.0 (compatible; Googlebot/2.1; +http://www.google.com/bot.html)"
www.nspw.org:80 58.8.85.20 - - [07/May/2018:22:10:21 -0400] "GET / HTTP/1.0" 302 494 "-" "-"
www.nspw.org:80 82.208.211.252 - - [07/May/2018:22:13:00 -0400] "GET /wp-login.php HTTP/1.1" 302 553 "-" "Mozilla/5.0 (Windows NT 6.1; WOW64; rv:40.0) Gecko/20100101 Firefox/40.1"
www.nspw.org:80 82.208.211.252 - - [07/May/2018:22:13:02 -0400] "GET / HTTP/1.1" 302 528 "-" "Mozilla/5.0 (Windows NT 6.1; WOW64; rv:40.0) Gecko/20100101 Firefox/40.1"
www.nspw.org:80 106.120.161.66 - - [07/May/2018:22:13:46 -0400] "GET / HTTP/1.1" 302 492 "http://www.nspw.org/" "Mozilla/4.0 (compatible; MSIE 8.0; Windows NT 6.1; Trident/4.0; SLCC2; .NET CLR 2.0.50727; .NET CLR 3.5.30729; .NET CLR 3.0.30729; Media Center PC 6.0; Tablet PC 2.0)"
www.nspw.org:80 69.162.124.227 - - [07/May/2018:22:14:10 -0400] "HEAD / HTTP/1.1" 302 188 "http://nspw.org/" "Mozilla/5.0+(compatible; UptimeRobot/2.0; http://www.uptimerobot.com/)"
www.nspw.org:80 101.199.108.57 - - [07/May/2018:22:14:19 -0400] "GET / HTTP/1.1" 302 529 "-" "Mozilla/5.0 (Linux; U; Android 5.0.2; zh-CN; Redmi Note 3 Build/LRX22G) AppleWebKit/537.36 (KHTML, like Gecko) Version/4.0 OPR/11.2.3.102637 Mobile Safari/537.36"
www.nspw.org:80 ::1 - - [07/May/2018:22:14:21 -0400] "OPTIONS * HTTP/1.0" 200 126 "-" "Apache/2.4.29 (Ubuntu) OpenSSL/1.1.0g (internal dummy connection)"
www.nspw.org:80 40.77.167.0 - - [07/May/2018:22:16:12 -0400] "GET /papers/2013/nspw2013-durmuth.pdf HTTP/1.1" 302 593 "-" "Mozilla/5.0 (iPhone; CPU iPhone OS 7_0 like Mac OS X) AppleWebKit/537.51.1 (KHTML, like Gecko) Version/7.0 Mobile/11A465 Safari/9537.53 (compatible; bingbot/2.0; +http://www.bing.com/bingbot.htm)"
www.nspw.org:80 189.217.75.253 - - [07/May/2018:22:17:10 -0400] "GET /wp-login.php HTTP/1.1" 302 553 "-" "Mozilla/5.0 (Windows NT 6.1; WOW64; rv:40.0) Gecko/20100101 Firefox/40.1"
www.nspw.org:80 189.217.75.253 - - [07/May/2018:22:17:11 -0400] "GET / HTTP/1.1" 302 528 "-" "Mozilla/5.0 (Windows NT 6.1; WOW64; rv:40.0) Gecko/20100101 Firefox/40.1"
www.nspw.org:80 207.46.13.162 - - [07/May/2018:22:18:09 -0400] "GET / HTTP/1.1" 302 525 "-" "Mozilla/5.0 (compatible; bingbot/2.0; +http://www.bing.com/bingbot.htm)"
www.nspw.org:80 207.46.13.162 - - [07/May/2018:22:18:18 -0400] "GET / HTTP/1.1" 302 529 "-" "Mozilla/5.0 (compatible; bingbot/2.0; +http://www.bing.com/bingbot.htm)"
www.nspw.org:80 69.162.124.227 - - [07/May/2018:22:19:10 -0400] "HEAD / HTTP/1.1" 302 188 "http://nspw.org/" "Mozilla/5.0+(compatible; UptimeRobot/2.0; http://www.uptimerobot.com/)"
www.nspw.org:80 66.249.64.206 - - [07/May/2018:22:20:18 -0400] "GET /papers/1994/nspw1994-dobson.pdf HTTP/1.1" 302 591 "-" "Mozilla/5.0 (compatible; Googlebot/2.1; +http://www.google.com/bot.html)"
www.nspw.org:80 69.162.124.227 - - [07/May/2018:22:24:10 -0400] "HEAD / HTTP/1.1" 302 188 "http://nspw.org/" "Mozilla/5.0+(compatible; UptimeRobot/2.0; http://www.uptimerobot.com/)"
www.nspw.org:80 66.249.64.208 - - [07/May/2018:22:25:29 -0400] "GET /papers/1996/nspw1996-orman.pdf HTTP/1.1" 302 589 "-" "Mozilla/5.0 (compatible; Googlebot/2.1; +http://www.google.com/bot.html)"
www.nspw.org:80 69.162.124.227 - - [07/May/2018:22:29:10 -0400] "HEAD / HTTP/1.1" 302 188 "http://nspw.org/" "Mozilla/5.0+(compatible; UptimeRobot/2.0; http://www.uptimerobot.com/)"
www.nspw.org:80 185.222.210.29 - - [07/May/2018:22:29:17 -0400] "PROPFIND / HTTP/1.1" 302 470 "-" "-"
www.nspw.org:80 204.79.180.9 - - [07/May/2018:22:29:56 -0400] "GET /papers/1996/nspw1996-zurko.pdf HTTP/1.1" 302 589 "-" "Mozilla/5.0 (compatible; MSIE 9.0; Windows NT 6.1; Trident/5.0;  Trident/5.0)"
www.nspw.org:80 83.171.16.235 - - [07/May/2018:22:30:19 -0400] "GET /wp-login.php HTTP/1.1" 302 553 "-" "Mozilla/5.0 (Windows NT 6.1; WOW64; rv:40.0) Gecko/20100101 Firefox/40.1"
www.nspw.org:80 83.171.16.235 - - [07/May/2018:22:30:20 -0400] "GET / HTTP/1.1" 302 528 "-" "Mozilla/5.0 (Windows NT 6.1; WOW64; rv:40.0) Gecko/20100101 Firefox/40.1"
www.nspw.org:80 66.249.64.210 - - [07/May/2018:22:31:33 -0400] "GET /papers/2003/nspw2003-eustice.pdf HTTP/1.1" 302 593 "-" "Mozilla/5.0 (compatible; Googlebot/2.1; +http://www.google.com/bot.html)"
www.nspw.org:80 157.55.39.35 - - [07/May/2018:22:31:41 -0400] "GET /2008/ HTTP/1.1" 302 539 "-" "Mozilla/5.0 (compatible; bingbot/2.0; +http://www.bing.com/bingbot.htm)"
www.nspw.org:80 93.176.145.253 - - [07/May/2018:22:33:41 -0400] "GET /wp-login.php HTTP/1.1" 302 553 "-" "Mozilla/5.0 (Windows NT 6.1; WOW64; rv:40.0) Gecko/20100101 Firefox/40.1"
www.nspw.org:80 93.176.145.253 - - [07/May/2018:22:33:41 -0400] "GET / HTTP/1.1" 302 528 "-" "Mozilla/5.0 (Windows NT 6.1; WOW64; rv:40.0) Gecko/20100101 Firefox/40.1"
www.nspw.org:80 69.162.124.227 - - [07/May/2018:22:34:10 -0400] "HEAD / HTTP/1.1" 302 188 "http://nspw.org/" "Mozilla/5.0+(compatible; UptimeRobot/2.0; http://www.uptimerobot.com/)"
www.nspw.org:80 66.249.64.210 - - [07/May/2018:22:36:05 -0400] "GET /papers/2006/nspw2006-greenwald.pdf HTTP/1.1" 302 597 "-" "Mozilla/5.0 (compatible; Googlebot/2.1; +http://www.google.com/bot.html)"
www.nspw.org:80 40.77.167.0 - - [07/May/2018:22:37:10 -0400] "GET /papers/2002/nspw2002-capkun.pdf HTTP/1.1" 302 591 "-" "Mozilla/5.0 (compatible; bingbot/2.0; +http://www.bing.com/bingbot.htm)"
www.nspw.org:80 69.162.124.227 - - [07/May/2018:22:39:10 -0400] "HEAD / HTTP/1.1" 302 188 "http://nspw.org/" "Mozilla/5.0+(compatible; UptimeRobot/2.0; http://www.uptimerobot.com/)"
www.nspw.org:80 66.249.89.208 - - [07/May/2018:22:41:16 -0400] "GET /papers/2013/nspw2013-rowe.pdf&amp HTTP/1.1" 302 599 "-" "Mozilla/5.0 (Macintosh; Intel Mac OS X 10_8_4) AppleWebKit/537.36 (KHTML, like Gecko) Chrome/28.0.1500.71 Safari/537.36"
www.nspw.org:80 69.162.124.227 - - [07/May/2018:22:44:10 -0400] "HEAD / HTTP/1.1" 302 188 "http://nspw.org/" "Mozilla/5.0+(compatible; UptimeRobot/2.0; http://www.uptimerobot.com/)"
www.nspw.org:80 119.167.114.202 - - [07/May/2018:22:45:46 -0400] "GET /2018 HTTP/1.1" 302 537 "https://www.sogou.com/link?url=DSOYnZeCC_oZNasjoNAktUTy5jxv2uIxreaVHN88tHY." "Mozilla/5.0 (Windows NT 6.1; WOW64) AppleWebKit/537.36 (KHTML, like Gecko) Chrome/49.0.2623.221 Safari/537.36 SE 2.X MetaSr 1.0"
www.nspw.org:80 ::1 - - [07/May/2018:22:45:56 -0400] "OPTIONS * HTTP/1.0" 200 126 "-" "Apache/2.4.29 (Ubuntu) OpenSSL/1.1.0g (internal dummy connection)"
www.nspw.org:80 ::1 - - [07/May/2018:22:45:57 -0400] "OPTIONS * HTTP/1.0" 200 126 "-" "Apache/2.4.29 (Ubuntu) OpenSSL/1.1.0g (internal dummy connection)"
www.nspw.org:80 ::1 - - [07/May/2018:22:45:58 -0400] "OPTIONS * HTTP/1.0" 200 126 "-" "Apache/2.4.29 (Ubuntu) OpenSSL/1.1.0g (internal dummy connection)"
www.nspw.org:80 66.249.64.210 - - [07/May/2018:22:46:00 -0400] "GET /papers/2004/nspw2004-gates.pdf HTTP/1.1" 302 589 "-" "Mozilla/5.0 (compatible; Googlebot/2.1; +http://www.google.com/bot.html)"
www.nspw.org:80 207.46.13.162 - - [07/May/2018:22:46:14 -0400] "GET /papers/1993/nspw1993-lapadula-2.pdf HTTP/1.1" 302 599 "-" "Mozilla/5.0 (compatible; bingbot/2.0; +http://www.bing.com/bingbot.htm)"
www.nspw.org:80 61.151.226.76 - - [07/May/2018:22:46:44 -0400] "GET /2018 HTTP/1.1" 302 537 "77BD8B86DD6075625A218.58.59.66" "Mozilla/5.0 (Macintosh; Intel Mac OS X 10_12_4) AppleWebKit/537.36 (KHTML, like Gecko) \t\t\tChrome/55.0.2883.95 Safari/537.36"
www.nspw.org:80 199.16.157.180 - - [07/May/2018:22:48:12 -0400] "GET /robots.txt HTTP/1.1" 302 489 "-" "Twitterbot/1.0"
www.nspw.org:80 199.16.157.183 - - [07/May/2018:22:48:12 -0400] "GET /robots.txt HTTP/1.1" 302 489 "-" "Twitterbot/1.0"
www.nspw.org:80 199.16.157.180 - - [07/May/2018:22:48:12 -0400] "GET /2018/organizers HTTP/1.1" 302 499 "-" "Twitterbot/1.0"
www.nspw.org:80 199.16.157.183 - - [07/May/2018:22:48:12 -0400] "GET /2018/cfp HTTP/1.1" 302 485 "-" "Twitterbot/1.0"
www.nspw.org:80 69.162.124.227 - - [07/May/2018:22:49:10 -0400] "HEAD / HTTP/1.1" 302 188 "http://nspw.org/" "Mozilla/5.0+(compatible; UptimeRobot/2.0; http://www.uptimerobot.com/)"
www.nspw.org:80 73.83.183.187 - - [07/May/2018:22:49:55 -0400] "GET /wp-login.php HTTP/1.1" 302 553 "-" "Mozilla/5.0 (Windows NT 6.1; WOW64; rv:40.0) Gecko/20100101 Firefox/40.1"
www.nspw.org:80 73.83.183.187 - - [07/May/2018:22:49:55 -0400] "GET / HTTP/1.1" 302 528 "-" "Mozilla/5.0 (Windows NT 6.1; WOW64; rv:40.0) Gecko/20100101 Firefox/40.1"
www.nspw.org:80 66.249.64.210 - - [07/May/2018:22:51:01 -0400] "GET /papers/2013/nspw2013-castro.pdf HTTP/1.1" 302 591 "-" "Mozilla/5.0 (compatible; Googlebot/2.1; +http://www.google.com/bot.html)"
www.nspw.org:80 36.67.150.45 - - [07/May/2018:22:53:37 -0400] "GET / HTTP/1.1" 302 529 "-" "Mozilla/5.0 (Windows NT 6.1; WOW64; rv:40.0) Gecko/20100101 Firefox/40.1"
www.nspw.org:80 54.36.148.222 - - [07/May/2018:22:54:01 -0400] "GET /2008/invite-old/papers.html HTTP/1.1" 302 527 "-" "Mozilla/5.0 (compatible; AhrefsBot/5.2; +http://ahrefs.com/robot/)"
www.nspw.org:80 69.162.124.227 - - [07/May/2018:22:54:10 -0400] "HEAD / HTTP/1.1" 302 188 "http://nspw.org/" "Mozilla/5.0+(compatible; UptimeRobot/2.0; http://www.uptimerobot.com/)"
www.nspw.org:80 66.249.64.206 - - [07/May/2018:22:56:01 -0400] "GET /papers/1994/nspw1994-schneier.pdf HTTP/1.1" 302 595 "-" "Mozilla/5.0 (compatible; Googlebot/2.1; +http://www.google.com/bot.html)"
www.nspw.org:80 35.226.23.240 - - [07/May/2018:22:56:11 -0400] "GET /robots.txt HTTP/1.1" 302 512 "-" "ltx71 - (http://ltx71.com/)"
www.nspw.org:80 137.255.8.117 - - [07/May/2018:22:56:58 -0400] "GET /wp-login.php HTTP/1.1" 302 553 "-" "Mozilla/5.0 (Windows NT 6.1; WOW64; rv:40.0) Gecko/20100101 Firefox/40.1"
www.nspw.org:80 137.255.8.117 - - [07/May/2018:22:56:59 -0400] "GET / HTTP/1.1" 302 528 "-" "Mozilla/5.0 (Windows NT 6.1; WOW64; rv:40.0) Gecko/20100101 Firefox/40.1"
www.nspw.org:80 223.181.216.139 - - [07/May/2018:22:58:14 -0400] "GET /wp-login.php HTTP/1.1" 302 553 "-" "Mozilla/5.0 (Windows NT 6.1; WOW64; rv:40.0) Gecko/20100101 Firefox/40.1"
www.nspw.org:80 223.181.216.139 - - [07/May/2018:22:58:16 -0400] "GET / HTTP/1.1" 302 528 "-" "Mozilla/5.0 (Windows NT 6.1; WOW64; rv:40.0) Gecko/20100101 Firefox/40.1"
www.nspw.org:80 180.76.15.8 - - [07/May/2018:22:59:01 -0400] "GET /2016/organizers HTTP/1.1" 302 518 "-" "Mozilla/5.0 (compatible; Baiduspider/2.0; +http://www.baidu.com/search/spider.html)"
www.nspw.org:80 69.162.124.227 - - [07/May/2018:22:59:10 -0400] "HEAD / HTTP/1.1" 302 188 "http://nspw.org/" "Mozilla/5.0+(compatible; UptimeRobot/2.0; http://www.uptimerobot.com/)"
www.nspw.org:80 34.214.122.140 - - [07/May/2018:22:59:15 -0400] "GET /papers/2007/nspw2007-hunker.pdf HTTP/1.1" 302 591 "-" "python-requests/2.18.4"
www.nspw.org:80 66.249.64.206 - - [07/May/2018:23:01:00 -0400] "GET /papers/2002/nspw2002-haldar.pdf HTTP/1.1" 302 591 "-" "Mozilla/5.0 (compatible; Googlebot/2.1; +http://www.google.com/bot.html)"
www.nspw.org:80 157.55.39.215 - - [07/May/2018:23:02:25 -0400] "GET /papers/2012/docs/p53.pdf HTTP/1.1" 302 577 "-" "Mozilla/5.0 (iPhone; CPU iPhone OS 7_0 like Mac OS X) AppleWebKit/537.51.1 (KHTML, like Gecko) Version/7.0 Mobile/11A465 Safari/9537.53 (compatible; bingbot/2.0; +http://www.bing.com/bingbot.htm)"
www.nspw.org:80 112.134.123.93 - - [07/May/2018:23:02:58 -0400] "GET /wp-login.php HTTP/1.1" 302 553 "-" "Mozilla/5.0 (Windows NT 6.1; WOW64; rv:40.0) Gecko/20100101 Firefox/40.1"
www.nspw.org:80 112.134.123.93 - - [07/May/2018:23:03:05 -0400] "GET / HTTP/1.1" 302 529 "-" "Mozilla/5.0 (Windows NT 6.1; WOW64; rv:40.0) Gecko/20100101 Firefox/40.1"
www.nspw.org:80 69.162.124.227 - - [07/May/2018:23:04:10 -0400] "HEAD / HTTP/1.1" 302 188 "http://nspw.org/" "Mozilla/5.0+(compatible; UptimeRobot/2.0; http://www.uptimerobot.com/)"
www.nspw.org:80 66.249.64.208 - - [07/May/2018:23:06:11 -0400] "GET /papers/2011/nspw2011-hamacher.pdf HTTP/1.1" 302 595 "-" "Mozilla/5.0 (compatible; Googlebot/2.1; +http://www.google.com/bot.html)"
www.nspw.org:80 69.162.124.227 - - [07/May/2018:23:09:10 -0400] "HEAD / HTTP/1.1" 302 188 "http://nspw.org/" "Mozilla/5.0+(compatible; UptimeRobot/2.0; http://www.uptimerobot.com/)"
www.nspw.org:80 54.154.165.46 - - [07/May/2018:23:09:31 -0400] "GET /sites/default/files/qrhtjnpi.php HTTP/1.0" 302 552 "http://nspw.org/sites/default/files/qrhtjnpi.php" "Mozilla/5.0 (Windows NT 10.0; WOW64; Trident/7.0; rv:11.0) like Gecko"
www.nspw.org:80 198.71.239.48 - - [07/May/2018:23:09:32 -0400] "GET /sites/default/files/qrhtjnpi.php HTTP/1.0" 302 552 "http://nspw.org/sites/default/files/qrhtjnpi.php" "Mozilla/5.0 (iPhone; CPU iPhone OS 10_3_2 like Mac OS X) AppleWebKit/603.2.4 (KHTML, like Gecko) Version/10.0 Mobile/14F89 Safari/602.1"
www.nspw.org:80 66.249.64.208 - - [07/May/2018:23:11:20 -0400] "GET /papers/2013/nspw2013-rowe.pdf HTTP/1.1" 302 587 "-" "Mozilla/5.0 (compatible; Googlebot/2.1; +http://www.google.com/bot.html)"
www.nspw.org:80 64.62.252.173 - - [07/May/2018:23:13:16 -0400] "GET /robots.txt HTTP/1.1" 302 549 "-" "The Knowledge AI"
www.nspw.org:80 64.62.252.173 - - [07/May/2018:23:13:32 -0400] "GET / HTTP/1.1" 302 529 "-" "The Knowledge AI"
www.nspw.org:80 69.162.124.227 - - [07/May/2018:23:14:10 -0400] "HEAD / HTTP/1.1" 302 188 "http://nspw.org/" "Mozilla/5.0+(compatible; UptimeRobot/2.0; http://www.uptimerobot.com/)"
www.nspw.org:80 66.249.64.208 - - [07/May/2018:23:16:30 -0400] "GET /papers/2006/nspw2006-wang.pdf HTTP/1.1" 302 587 "-" "Mozilla/5.0 (compatible; Googlebot/2.1; +http://www.google.com/bot.html)"
www.nspw.org:80 42.106.45.180 - - [07/May/2018:23:18:12 -0400] "GET /wp-login.php HTTP/1.1" 302 553 "-" "Mozilla/5.0 (Windows NT 6.1; WOW64; rv:40.0) Gecko/20100101 Firefox/40.1"
www.nspw.org:80 42.106.45.180 - - [07/May/2018:23:18:16 -0400] "GET / HTTP/1.1" 302 528 "-" "Mozilla/5.0 (Windows NT 6.1; WOW64; rv:40.0) Gecko/20100101 Firefox/40.1"
www.nspw.org:80 69.162.124.227 - - [07/May/2018:23:19:10 -0400] "HEAD / HTTP/1.1" 302 188 "http://nspw.org/" "Mozilla/5.0+(compatible; UptimeRobot/2.0; http://www.uptimerobot.com/)"
www.nspw.org:80 66.249.64.208 - - [07/May/2018:23:21:32 -0400] "GET /papers/2011/nspw2011-bicakci.pdf HTTP/1.1" 302 593 "-" "Mozilla/5.0 (compatible; Googlebot/2.1; +http://www.google.com/bot.html)"
www.nspw.org:80 69.162.124.227 - - [07/May/2018:23:24:10 -0400] "HEAD / HTTP/1.1" 302 188 "http://nspw.org/" "Mozilla/5.0+(compatible; UptimeRobot/2.0; http://www.uptimerobot.com/)"
www.nspw.org:80 188.194.180.97 - - [07/May/2018:23:24:39 -0400] "GET /2009/proceedings/2009/nspw2009-herley.pdf HTTP/1.1" 302 611 "https://scholar.google.de/scholar?cites=15177159768164670700&as_sdt=2005&sciodt=0,5&hl=en" "Mozilla/5.0 (iPhone; CPU iPhone OS 11_3 like Mac OS X) AppleWebKit/605.1.15 (KHTML, like Gecko) Version/11.0 Mobile/15E148 Safari/604.1"
www.nspw.org:80 54.90.51.11 - - [07/May/2018:23:24:43 -0400] "GET /papers/2007/nspw2007-chow.pdf HTTP/1.1" 302 587 "-" "python-requests/2.18.4"
www.nspw.org:80 199.59.150.181 - - [07/May/2018:23:26:06 -0400] "GET /2018/cfp HTTP/1.1" 302 485 "-" "Twitterbot/1.0"
www.nspw.org:80 199.16.157.181 - - [07/May/2018:23:26:06 -0400] "GET /robots.txt HTTP/1.1" 302 489 "-" "Twitterbot/1.0"
www.nspw.org:80 199.16.157.181 - - [07/May/2018:23:26:07 -0400] "GET /2018/cfp HTTP/1.1" 302 485 "-" "Twitterbot/1.0"
www.nspw.org:80 66.249.64.210 - - [07/May/2018:23:26:31 -0400] "GET /papers/2009/nspw2009-johnson.pdf HTTP/1.1" 302 593 "-" "Mozilla/5.0 (compatible; Googlebot/2.1; +http://www.google.com/bot.html)"
www.nspw.org:80 162.210.196.129 - - [07/May/2018:23:26:35 -0400] "GET /robots.txt HTTP/1.1" 302 549 "-" "Mozilla/5.0 (compatible; MJ12bot/v1.4.8; http://mj12bot.com/)"
www.nspw.org:80 40.77.167.0 - - [07/May/2018:23:26:38 -0400] "GET /papers/2006/nspw2006-gutmann.pdf HTTP/1.1" 302 593 "-" "Mozilla/5.0 (iPhone; CPU iPhone OS 7_0 like Mac OS X) AppleWebKit/537.51.1 (KHTML, like Gecko) Version/7.0 Mobile/11A465 Safari/9537.53 (compatible; bingbot/2.0; +http://www.bing.com/bingbot.htm)"
www.nspw.org:80 162.210.196.129 - - [07/May/2018:23:26:47 -0400] "GET / HTTP/1.1" 302 473 "-" "Mozilla/5.0 (compatible; MJ12bot/v1.4.8; http://mj12bot.com/)"
www.nspw.org:80 210.1.69.2 - - [07/May/2018:23:26:53 -0400] "GET /wp-login.php HTTP/1.1" 302 553 "-" "Mozilla/5.0 (Windows NT 6.1; WOW64; rv:40.0) Gecko/20100101 Firefox/40.1"
www.nspw.org:80 210.1.69.2 - - [07/May/2018:23:26:58 -0400] "GET / HTTP/1.1" 302 528 "-" "Mozilla/5.0 (Windows NT 6.1; WOW64; rv:40.0) Gecko/20100101 Firefox/40.1"
www.nspw.org:80 73.223.109.6 - - [07/May/2018:23:27:43 -0400] "GET /current/ HTTP/1.1" 302 545 "-" "Mozilla/5.0 (iPad; CPU OS 11_3 like Mac OS X) AppleWebKit/605.1.15 (KHTML, like Gecko) Version/11.0 Mobile/15E148 Safari/604.1"
www.nspw.org:80 185.212.171.186 - - [07/May/2018:23:28:14 -0400] "GET /user/login HTTP/1.1" 302 489 "http://nspw.org/user/login" "Mozilla/5.0 (Windows NT 10.0; WOW64) AppleWebKit/537.36 (KHTML, like Gecko) Chrome/62.0.3198.0 Safari/537.36 OPR/49.0.2711.0"
www.nspw.org:80 185.212.171.186 - - [07/May/2018:23:28:14 -0400] "GET /user/login HTTP/1.1" 302 489 "http://nspw.org/user/login" "Mozilla/5.0 (Windows NT 10.0; WOW64) AppleWebKit/537.36 (KHTML, like Gecko) Chrome/62.0.3198.0 Safari/537.36 OPR/49.0.2711.0"
www.nspw.org:80 185.212.171.186 - - [07/May/2018:23:28:15 -0400] "GET /user/login HTTP/1.1" 302 489 "http://nspw.org/user/login" "Mozilla/5.0 (Windows NT 10.0; WOW64) AppleWebKit/537.36 (KHTML, like Gecko) Chrome/62.0.3198.0 Safari/537.36 OPR/49.0.2711.0"
www.nspw.org:80 157.55.39.35 - - [07/May/2018:23:28:33 -0400] "GET /papers/2000/nspw2000-foley.pdf HTTP/1.1" 302 589 "-" "Mozilla/5.0 (iPhone; CPU iPhone OS 7_0 like Mac OS X) AppleWebKit/537.51.1 (KHTML, like Gecko) Version/7.0 Mobile/11A465 Safari/9537.53 (compatible; bingbot/2.0; +http://www.bing.com/bingbot.htm)"
www.nspw.org:80 69.162.124.227 - - [07/May/2018:23:29:10 -0400] "HEAD / HTTP/1.1" 302 188 "http://nspw.org/" "Mozilla/5.0+(compatible; UptimeRobot/2.0; http://www.uptimerobot.com/)"
www.nspw.org:80 189.60.158.152 - - [07/May/2018:23:30:30 -0400] "GET /cgi/common.cgi HTTP/1.1" 302 503 "-" "Wget(linux)"
www.nspw.org:80 177.82.239.176 - - [07/May/2018:23:30:30 -0400] "GET /cgi/common.cgi HTTP/1.1" 302 503 "-" "Wget(linux)"
www.nspw.org:80 189.60.158.152 - - [07/May/2018:23:30:33 -0400] "GET /stssys.htm HTTP/1.1" 302 495 "-" "Wget(linux)"
www.nspw.org:80 177.82.239.176 - - [07/May/2018:23:30:33 -0400] "GET /stssys.htm HTTP/1.1" 302 495 "-" "Wget(linux)"
www.nspw.org:80 189.60.158.152 - - [07/May/2018:23:30:36 -0400] "GET / HTTP/1.1" 302 475 "-" "Wget(linux)"
www.nspw.org:80 177.82.239.176 - - [07/May/2018:23:30:36 -0400] "GET / HTTP/1.1" 302 475 "-" "Wget(linux)"
www.nspw.org:80 189.60.158.152 - - [07/May/2018:23:30:39 -0400] "POST /command.php HTTP/1.1" 302 497 "-" "Wget(linux)"
www.nspw.org:80 177.82.239.176 - - [07/May/2018:23:30:39 -0400] "POST /command.php HTTP/1.1" 302 497 "-" "Wget(linux)"
www.nspw.org:80 180.76.15.156 - - [07/May/2018:23:30:57 -0400] "GET /2009/proceedings/?C=M;O=A HTTP/1.1" 302 542 "-" "Mozilla/5.0 (compatible; Baiduspider/2.0; +http://www.baidu.com/search/spider.html)"
www.nspw.org:80 201.141.36.0 - - [07/May/2018:23:31:40 -0400] "GET /wp-login.php HTTP/1.1" 302 553 "-" "Mozilla/5.0 (Windows NT 6.1; WOW64; rv:40.0) Gecko/20100101 Firefox/40.1"
www.nspw.org:80 201.141.36.0 - - [07/May/2018:23:31:41 -0400] "GET / HTTP/1.1" 302 528 "-" "Mozilla/5.0 (Windows NT 6.1; WOW64; rv:40.0) Gecko/20100101 Firefox/40.1"
www.nspw.org:80 66.249.64.210 - - [07/May/2018:23:31:43 -0400] "GET /papers/2009/nspw2009-misra.pdf HTTP/1.1" 302 589 "-" "Mozilla/5.0 (compatible; Googlebot/2.1; +http://www.google.com/bot.html)"
www.nspw.org:80 180.76.15.5 - - [07/May/2018:23:31:57 -0400] "GET /2009/pc.shtml HTTP/1.1" 302 518 "-" "Mozilla/5.0 (compatible; Baiduspider/2.0; +http://www.baidu.com/search/spider.html)"
www.nspw.org:80 180.76.15.154 - - [07/May/2018:23:33:57 -0400] "GET /2009/dates.shtml HTTP/1.1" 302 524 "-" "Mozilla/5.0 (compatible; Baiduspider/2.0; +http://www.baidu.com/search/spider.html)"
www.nspw.org:80 69.162.124.227 - - [07/May/2018:23:34:10 -0400] "HEAD / HTTP/1.1" 302 188 "http://nspw.org/" "Mozilla/5.0+(compatible; UptimeRobot/2.0; http://www.uptimerobot.com/)"
www.nspw.org:80 157.55.39.35 - - [07/May/2018:23:36:50 -0400] "GET /papers/1993/nspw1993-denning.pdf HTTP/1.1" 302 593 "-" "Mozilla/5.0 (iPhone; CPU iPhone OS 7_0 like Mac OS X) AppleWebKit/537.51.1 (KHTML, like Gecko) Version/7.0 Mobile/11A465 Safari/9537.53 (compatible; bingbot/2.0; +http://www.bing.com/bingbot.htm)"
www.nspw.org:80 66.249.64.206 - - [07/May/2018:23:36:51 -0400] "GET /papers/2013/nspw2013-ard.pdf HTTP/1.1" 302 585 "-" "Mozilla/5.0 (compatible; Googlebot/2.1; +http://www.google.com/bot.html)"
www.nspw.org:80 157.55.39.35 - - [07/May/2018:23:36:52 -0400] "GET /2009/proceedings/2006/nspw2006-greenwald.pdf HTTP/1.1" 302 617 "-" "Mozilla/5.0 (iPhone; CPU iPhone OS 7_0 like Mac OS X) AppleWebKit/537.51.1 (KHTML, like Gecko) Version/7.0 Mobile/11A465 Safari/9537.53 (compatible; bingbot/2.0; +http://www.bing.com/bingbot.htm)"
www.nspw.org:80 157.55.39.35 - - [07/May/2018:23:38:41 -0400] "GET /2017/cfp HTTP/1.1" 302 541 "-" "Mozilla/5.0 (iPhone; CPU iPhone OS 7_0 like Mac OS X) AppleWebKit/537.51.1 (KHTML, like Gecko) Version/7.0 Mobile/11A465 Safari/9537.53 (compatible; bingbot/2.0; +http://www.bing.com/bingbot.htm)"
www.nspw.org:80 69.162.124.227 - - [07/May/2018:23:39:10 -0400] "HEAD / HTTP/1.1" 302 188 "http://nspw.org/" "Mozilla/5.0+(compatible; UptimeRobot/2.0; http://www.uptimerobot.com/)"
www.nspw.org:80 47.15.20.217 - - [07/May/2018:23:41:41 -0400] "GET /wp-login.php HTTP/1.1" 302 553 "-" "Mozilla/5.0 (Windows NT 6.1; WOW64; rv:40.0) Gecko/20100101 Firefox/40.1"
www.nspw.org:80 47.15.20.217 - - [07/May/2018:23:41:44 -0400] "GET / HTTP/1.1" 302 528 "-" "Mozilla/5.0 (Windows NT 6.1; WOW64; rv:40.0) Gecko/20100101 Firefox/40.1"
www.nspw.org:80 66.249.64.17 - - [07/May/2018:23:42:02 -0400] "GET /robots.txt HTTP/1.1" 302 545 "-" "Mozilla/5.0 (compatible; Googlebot/2.1; +http://www.google.com/bot.html)"
www.nspw.org:80 66.249.64.15 - - [07/May/2018:23:42:02 -0400] "GET / HTTP/1.1" 302 525 "-" "Mozilla/5.0 (compatible; Googlebot/2.1; +http://www.google.com/bot.html)"
www.nspw.org:80 66.249.64.208 - - [07/May/2018:23:42:39 -0400] "GET /modules/comment/comment.css?nhfa6e HTTP/1.1" 302 597 "http://www.nspw.org/2016/sponsors" "Mozilla/5.0 (compatible; Googlebot/2.1; +http://www.google.com/bot.html)"
www.nspw.org:80 67.167.53.199 - - [07/May/2018:23:43:24 -0400] "GET /wp-login.php HTTP/1.1" 302 553 "-" "Mozilla/5.0 (Windows NT 6.1; WOW64; rv:40.0) Gecko/20100101 Firefox/40.1"
www.nspw.org:80 67.167.53.199 - - [07/May/2018:23:43:25 -0400] "GET / HTTP/1.1" 302 528 "-" "Mozilla/5.0 (Windows NT 6.1; WOW64; rv:40.0) Gecko/20100101 Firefox/40.1"
www.nspw.org:80 69.162.124.227 - - [07/May/2018:23:44:10 -0400] "HEAD / HTTP/1.1" 302 188 "http://nspw.org/" "Mozilla/5.0+(compatible; UptimeRobot/2.0; http://www.uptimerobot.com/)"
www.nspw.org:80 66.249.64.208 - - [07/May/2018:23:47:10 -0400] "GET /cfp/nspw2010-cfp.pdf HTTP/1.1" 302 569 "-" "Mozilla/5.0 (compatible; Googlebot/2.1; +http://www.google.com/bot.html)"
www.nspw.org:80 66.249.64.16 - - [07/May/2018:23:47:42 -0400] "GET /2016/program HTTP/1.1" 302 549 "-" "Mozilla/5.0 (compatible; Googlebot/2.1; +http://www.google.com/bot.html)"
www.nspw.org:80 218.45.244.213 - - [07/May/2018:23:48:45 -0400] "GET / HTTP/1.1" 302 525 "-" "Mozilla/5.0 (Macintosh; Intel Mac OS X 10_13_4) AppleWebKit/537.36 (KHTML, like Gecko) Chrome/66.0.3359.139 Safari/537.36"
www.nspw.org:80 69.162.124.227 - - [07/May/2018:23:49:10 -0400] "HEAD / HTTP/1.1" 302 188 "http://nspw.org/" "Mozilla/5.0+(compatible; UptimeRobot/2.0; http://www.uptimerobot.com/)"
www.nspw.org:80 111.164.67.245 - - [07/May/2018:23:49:14 -0400] "GET / HTTP/1.1" 302 529 "http://www.nspw.org" "Mozilla/5.0 (Macintosh; Intel Mac OS X 10.13; rv:57.0) Gecko/20100101 Firefox/57.0"
www.nspw.org:80 218.45.244.213 - - [07/May/2018:23:49:37 -0400] "-" 408 0 "-" "-"
www.nspw.org:80 107.77.241.9 - - [07/May/2018:23:49:59 -0400] "GET /wp-login.php HTTP/1.1" 302 497 "-" "Mozilla/5.0 (Windows NT 6.1; WOW64; rv:40.0) Gecko/20100101 Firefox/40.1"
www.nspw.org:80 107.77.241.9 - - [07/May/2018:23:50:00 -0400] "GET / HTTP/1.1" 302 473 "-" "Mozilla/5.0 (Windows NT 6.1; WOW64; rv:40.0) Gecko/20100101 Firefox/40.1"
www.nspw.org:80 54.202.163.228 - - [07/May/2018:23:51:16 -0400] "GET /papers/1993/nspw1993-hosmer-2.pdf HTTP/1.1" 302 595 "-" "python-requests/2.18.4"
www.nspw.org:80 66.249.64.208 - - [07/May/2018:23:52:10 -0400] "GET /papers/2009/nspw2009-gates.pdf HTTP/1.1" 302 589 "-" "Mozilla/5.0 (compatible; Googlebot/2.1; +http://www.google.com/bot.html)"
www.nspw.org:80 66.249.64.210 - - [07/May/2018:23:53:45 -0400] "GET /modules/system/system.base.css?nhfa6e HTTP/1.1" 302 603 "http://www.nspw.org/2016?__hstc=46067131.f2fbb229c8576d19af28b4027afc7c55.1474502400065.1474502400067.1474502400068.2&__hssc=46067131.1.1474502400068&__hsfp=1773666937" "Mozilla/5.0 (compatible; Googlebot/2.1; +http://www.google.com/bot.html)"
www.nspw.org:80 69.162.124.227 - - [07/May/2018:23:54:10 -0400] "HEAD / HTTP/1.1" 302 188 "http://nspw.org/" "Mozilla/5.0+(compatible; UptimeRobot/2.0; http://www.uptimerobot.com/)"
www.nspw.org:80 207.46.13.162 - - [07/May/2018:23:54:26 -0400] "GET /2009/proceedings/2008/nspw2008-beautement.pdf HTTP/1.1" 302 619 "-" "Mozilla/5.0 (iPhone; CPU iPhone OS 7_0 like Mac OS X) AppleWebKit/537.51.1 (KHTML, like Gecko) Version/7.0 Mobile/11A465 Safari/9537.53 (compatible; bingbot/2.0; +http://www.bing.com/bingbot.htm)"
www.nspw.org:80 80.189.56.62 - - [07/May/2018:23:54:57 -0400] "GET /wp-login.php HTTP/1.1" 302 553 "-" "Mozilla/5.0 (Windows NT 6.1; WOW64; rv:40.0) Gecko/20100101 Firefox/40.1"
www.nspw.org:80 80.189.56.62 - - [07/May/2018:23:54:59 -0400] "GET / HTTP/1.1" 302 528 "-" "Mozilla/5.0 (Windows NT 6.1; WOW64; rv:40.0) Gecko/20100101 Firefox/40.1"
www.nspw.org:80 103.7.29.7 - - [07/May/2018:23:55:35 -0400] "GET /papers/2003/nspw2003-mirkovic.pdf HTTP/1.1" 302 595 "http://scholar.google.com/" "Mozilla/5.0 (Windows NT 10.0; Win64; x64) AppleWebKit/537.36 (KHTML, like Gecko) Chrome/65.0.3325.181 Safari/537.36"
www.nspw.org:80 54.36.149.94 - - [07/May/2018:23:57:20 -0400] "GET /1999/12.jpg HTTP/1.1" 302 495 "-" "Mozilla/5.0 (compatible; AhrefsBot/5.2; +http://ahrefs.com/robot/)"
www.nspw.org:80 66.249.64.206 - - [07/May/2018:23:57:26 -0400] "GET /papers/2013/nspw2013-sundaramurthy.pdf HTTP/1.1" 302 605 "-" "Mozilla/5.0 (compatible; Googlebot/2.1; +http://www.google.com/bot.html)"
www.nspw.org:80 77.75.78.161 - - [07/May/2018:23:57:36 -0400] "GET /robots.txt HTTP/1.1" 302 549 "-" "Mozilla/5.0 (compatible; SeznamBot/3.2; +http://napoveda.seznam.cz/en/seznambot-intro/)"
www.nspw.org:80 77.75.78.161 - - [07/May/2018:23:57:38 -0400] "GET /cfp/nspw2010-cfp.pdf HTTP/1.1" 302 569 "-" "Mozilla/5.0 (compatible; SeznamBot/3.2; +http://napoveda.seznam.cz/en/seznambot-intro/)"
www.nspw.org:80 77.75.78.161 - - [07/May/2018:23:57:39 -0400] "GET /proceedings/2005 HTTP/1.1" 302 560 "-" "Mozilla/5.0 (compatible; SeznamBot/3.2; +http://napoveda.seznam.cz/en/seznambot-intro/)"
www.nspw.org:80 77.75.78.161 - - [07/May/2018:23:57:39 -0400] "GET /proceedings/2003 HTTP/1.1" 302 560 "-" "Mozilla/5.0 (compatible; SeznamBot/3.2; +http://napoveda.seznam.cz/en/seznambot-intro/)"
www.nspw.org:80 77.75.78.161 - - [07/May/2018:23:57:40 -0400] "GET /proceedings/2009 HTTP/1.1" 302 560 "-" "Mozilla/5.0 (compatible; SeznamBot/3.2; +http://napoveda.seznam.cz/en/seznambot-intro/)"
www.nspw.org:80 207.46.13.162 - - [07/May/2018:23:58:37 -0400] "GET /2009/proceedings/2002/nspw2002-bhattacharyya.pdf HTTP/1.1" 302 625 "-" "Mozilla/5.0 (iPhone; CPU iPhone OS 7_0 like Mac OS X) AppleWebKit/537.51.1 (KHTML, like Gecko) Version/7.0 Mobile/11A465 Safari/9537.53 (compatible; bingbot/2.0; +http://www.bing.com/bingbot.htm)"
www.nspw.org:80 69.162.124.227 - - [07/May/2018:23:59:10 -0400] "HEAD / HTTP/1.1" 302 188 "http://nspw.org/" "Mozilla/5.0+(compatible; UptimeRobot/2.0; http://www.uptimerobot.com/)"
www.nspw.org:80 116.87.137.238 - - [08/May/2018:00:00:04 -0400] "GET /wp-login.php HTTP/1.1" 302 553 "-" "Mozilla/5.0 (Windows NT 6.1; WOW64; rv:40.0) Gecko/20100101 Firefox/40.1"
www.nspw.org:80 116.87.137.238 - - [08/May/2018:00:00:05 -0400] "GET / HTTP/1.1" 302 528 "-" "Mozilla/5.0 (Windows NT 6.1; WOW64; rv:40.0) Gecko/20100101 Firefox/40.1"
www.nspw.org:80 180.76.15.157 - - [08/May/2018:00:03:10 -0400] "GET /2009/proceedings/1998/ HTTP/1.1" 302 536 "-" "Mozilla/5.0 (compatible; Baiduspider/2.0; +http://www.baidu.com/search/spider.html)"
www.nspw.org:80 69.162.124.227 - - [08/May/2018:00:04:10 -0400] "HEAD / HTTP/1.1" 302 188 "http://nspw.org/" "Mozilla/5.0+(compatible; UptimeRobot/2.0; http://www.uptimerobot.com/)"
www.nspw.org:80 180.76.15.151 - - [08/May/2018:00:04:10 -0400] "GET /2009/proceedings/2006/ HTTP/1.1" 302 536 "-" "Mozilla/5.0 (compatible; Baiduspider/2.0; +http://www.baidu.com/search/spider.html)"
www.nspw.org:80 199.16.157.181 - - [08/May/2018:00:04:34 -0400] "GET /robots.txt HTTP/1.1" 302 489 "-" "Twitterbot/1.0"
www.nspw.org:80 199.16.157.180 - - [08/May/2018:00:04:34 -0400] "GET /robots.txt HTTP/1.1" 302 489 "-" "Twitterbot/1.0"
www.nspw.org:80 199.16.157.183 - - [08/May/2018:00:04:34 -0400] "GET /robots.txt HTTP/1.1" 302 489 "-" "Twitterbot/1.0"
www.nspw.org:80 199.16.157.181 - - [08/May/2018:00:04:34 -0400] "GET /2018/organizers HTTP/1.1" 302 499 "-" "Twitterbot/1.0"
www.nspw.org:80 199.16.157.180 - - [08/May/2018:00:04:34 -0400] "GET /2018/cfp HTTP/1.1" 302 485 "-" "Twitterbot/1.0"
www.nspw.org:80 199.16.157.183 - - [08/May/2018:00:04:34 -0400] "GET /2018/cfp HTTP/1.1" 302 485 "-" "Twitterbot/1.0"
www.nspw.org:80 ::1 - - [08/May/2018:00:04:40 -0400] "OPTIONS * HTTP/1.0" 200 126 "-" "Apache/2.4.29 (Ubuntu) OpenSSL/1.1.0g (internal dummy connection)"
www.nspw.org:80 66.249.64.206 - - [08/May/2018:00:07:33 -0400] "GET /papers/2009/nspw2009-probst.pdf HTTP/1.1" 302 591 "-" "Mozilla/5.0 (compatible; Googlebot/2.1; +http://www.google.com/bot.html)"
www.nspw.org:80 69.162.124.227 - - [08/May/2018:00:09:10 -0400] "HEAD / HTTP/1.1" 302 188 "http://nspw.org/" "Mozilla/5.0+(compatible; UptimeRobot/2.0; http://www.uptimerobot.com/)"
www.nspw.org:80 182.180.88.90 - - [08/May/2018:00:10:12 -0400] "GET /wp-login.php HTTP/1.1" 302 553 "-" "Mozilla/5.0 (Windows NT 6.1; WOW64; rv:40.0) Gecko/20100101 Firefox/40.1"
www.nspw.org:80 182.180.88.90 - - [08/May/2018:00:10:19 -0400] "GET / HTTP/1.1" 302 529 "-" "Mozilla/5.0 (Windows NT 6.1; WOW64; rv:40.0) Gecko/20100101 Firefox/40.1"
www.nspw.org:80 54.36.148.114 - - [08/May/2018:00:12:23 -0400] "GET /2004/program.content HTTP/1.1" 302 513 "-" "Mozilla/5.0 (compatible; AhrefsBot/5.2; +http://ahrefs.com/robot/)"
www.nspw.org:80 66.249.64.208 - - [08/May/2018:00:13:07 -0400] "GET /current/submission.shtml HTTP/1.1" 302 577 "-" "Mozilla/5.0 (compatible; Googlebot/2.1; +http://www.google.com/bot.html)"
www.nspw.org:80 165.117.232.82 - - [08/May/2018:00:13:13 -0400] "GET /papers/2007/nspw2007-mannan.pdf HTTP/1.1" 302 591 "-" "Mozilla/5.0 (Windows NT 6.1; WOW64) AppleWebKit/537.36 (KHTML, like Gecko) Chrome/33.0.1750.149 Safari/537.36"
www.nspw.org:80 69.162.124.227 - - [08/May/2018:00:14:10 -0400] "HEAD / HTTP/1.1" 302 188 "http://nspw.org/" "Mozilla/5.0+(compatible; UptimeRobot/2.0; http://www.uptimerobot.com/)"
www.nspw.org:80 98.156.87.165 - - [08/May/2018:00:16:32 -0400] "GET /wp-login.php HTTP/1.1" 302 553 "-" "Mozilla/5.0 (Windows NT 6.1; WOW64; rv:40.0) Gecko/20100101 Firefox/40.1"
www.nspw.org:80 98.156.87.165 - - [08/May/2018:00:16:33 -0400] "GET / HTTP/1.1" 302 528 "-" "Mozilla/5.0 (Windows NT 6.1; WOW64; rv:40.0) Gecko/20100101 Firefox/40.1"
www.nspw.org:80 66.160.140.183 - - [08/May/2018:00:17:31 -0400] "GET /robots.txt HTTP/1.1" 302 549 "-" "The Knowledge AI"
www.nspw.org:80 66.160.140.183 - - [08/May/2018:00:17:44 -0400] "GET /current/cfp.shtml HTTP/1.1" 302 563 "-" "The Knowledge AI"
www.nspw.org:80 69.162.124.227 - - [08/May/2018:00:19:09 -0400] "HEAD / HTTP/1.1" 302 188 "http://nspw.org/" "Mozilla/5.0+(compatible; UptimeRobot/2.0; http://www.uptimerobot.com/)"
www.nspw.org:80 106.120.173.121 - - [08/May/2018:00:20:34 -0400] "GET /robots.txt HTTP/1.1" 302 512 "-" "Sogou web spider/4.0(+http://www.sogou.com/docs/help/webmasters.htm#07)"
www.nspw.org:80 106.120.173.121 - - [08/May/2018:00:20:34 -0400] "GET /2018 HTTP/1.1" 302 500 "-" "Sogou web spider/4.0(+http://www.sogou.com/docs/help/webmasters.htm#07)"
www.nspw.org:80 54.36.148.62 - - [08/May/2018:00:22:19 -0400] "GET /2016/ HTTP/1.1" 302 479 "-" "Mozilla/5.0 (compatible; AhrefsBot/5.2; +http://ahrefs.com/robot/)"
www.nspw.org:80 69.162.124.227 - - [08/May/2018:00:24:09 -0400] "HEAD / HTTP/1.1" 302 188 "http://nspw.org/" "Mozilla/5.0+(compatible; UptimeRobot/2.0; http://www.uptimerobot.com/)"
www.nspw.org:80 ::1 - - [08/May/2018:00:26:06 -0400] "OPTIONS * HTTP/1.0" 200 126 "-" "Apache/2.4.29 (Ubuntu) OpenSSL/1.1.0g (internal dummy connection)"
www.nspw.org:80 69.162.124.227 - - [08/May/2018:00:29:08 -0400] "HEAD / HTTP/1.1" 302 188 "http://nspw.org/" "Mozilla/5.0+(compatible; UptimeRobot/2.0; http://www.uptimerobot.com/)"
www.nspw.org:80 40.77.167.0 - - [08/May/2018:00:32:09 -0400] "GET /2009/proceedings/2000/nspw2000-moskowitz.pdf HTTP/1.1" 302 617 "-" "Mozilla/5.0 (iPhone; CPU iPhone OS 7_0 like Mac OS X) AppleWebKit/537.51.1 (KHTML, like Gecko) Version/7.0 Mobile/11A465 Safari/9537.53 (compatible; bingbot/2.0; +http://www.bing.com/bingbot.htm)"
www.nspw.org:80 40.77.167.82 - - [08/May/2018:00:32:35 -0400] "GET /papers/2012/docs/p105.pdf HTTP/1.1" 302 579 "-" "Mozilla/5.0 (iPhone; CPU iPhone OS 7_0 like Mac OS X) AppleWebKit/537.51.1 (KHTML, like Gecko) Version/7.0 Mobile/11A465 Safari/9537.53 (compatible; bingbot/2.0; +http://www.bing.com/bingbot.htm)"
www.nspw.org:80 66.249.64.17 - - [08/May/2018:00:32:44 -0400] "GET /2016/location HTTP/1.1" 302 551 "-" "Mozilla/5.0 (compatible; Googlebot/2.1; +http://www.google.com/bot.html)"
www.nspw.org:80 216.244.66.236 - - [08/May/2018:00:33:17 -0400] "GET /robots.txt HTTP/1.1" 302 493 "-" "Mozilla/5.0 (compatible; DotBot/1.1; http://www.opensiteexplorer.org/dotbot, help@moz.com)"
www.nspw.org:80 69.162.124.227 - - [08/May/2018:00:34:08 -0400] "HEAD / HTTP/1.1" 302 188 "http://nspw.org/" "Mozilla/5.0+(compatible; UptimeRobot/2.0; http://www.uptimerobot.com/)"
www.nspw.org:80 ::1 - - [08/May/2018:00:38:08 -0400] "OPTIONS * HTTP/1.0" 200 126 "-" "Apache/2.4.29 (Ubuntu) OpenSSL/1.1.0g (internal dummy connection)"
www.nspw.org:80 69.162.124.227 - - [08/May/2018:00:39:08 -0400] "HEAD / HTTP/1.1" 302 188 "http://nspw.org/" "Mozilla/5.0+(compatible; UptimeRobot/2.0; http://www.uptimerobot.com/)"
www.nspw.org:80 207.46.13.162 - - [08/May/2018:00:41:47 -0400] "GET /papers/2011/nspw2011-feigenbaum.pdf HTTP/1.1" 302 595 "-" "Mozilla/5.0 (iPhone; CPU iPhone OS 7_0 like Mac OS X) AppleWebKit/537.51.1 (KHTML, like Gecko) Version/7.0 Mobile/11A465 Safari/9537.53 (compatible; bingbot/2.0; +http://www.bing.com/bingbot.htm)"
www.nspw.org:80 1.186.37.72 - - [08/May/2018:00:41:48 -0400] "GET /wp-login.php HTTP/1.1" 302 553 "-" "Mozilla/5.0 (Windows NT 6.1; WOW64; rv:40.0) Gecko/20100101 Firefox/40.1"
www.nspw.org:80 1.186.37.72 - - [08/May/2018:00:41:51 -0400] "GET / HTTP/1.1" 302 528 "-" "Mozilla/5.0 (Windows NT 6.1; WOW64; rv:40.0) Gecko/20100101 Firefox/40.1"
www.nspw.org:80 66.249.64.208 - - [08/May/2018:00:43:22 -0400] "GET /papers/2011/nspw2011-friedland.pdf HTTP/1.1" 302 597 "-" "Mozilla/5.0 (compatible; Googlebot/2.1; +http://www.google.com/bot.html)"
www.nspw.org:80 123.125.71.34 - - [08/May/2018:00:43:31 -0400] "GET /2009/proceedings/1996/nspw1996-wulf.pdf HTTP/1.1" 302 551 "-" "Mozilla/5.0 (iPhone; CPU iPhone OS 8_0 like Mac OS X) AppleWebKit/600.1.3 (KHTML, like Gecko) Version/8.0 Mobile/12A4345d Safari/600.1.4"
www.nspw.org:80 220.181.108.171 - - [08/May/2018:00:43:33 -0400] "GET /2009/proceedings/1996/nspw1996-wulf.pdf HTTP/1.1" 302 551 "-" "Mozilla/5.0 (iPhone; CPU iPhone OS 8_0 like Mac OS X) AppleWebKit/600.1.3 (KHTML, like Gecko) Version/8.0 Mobile/12A4345d Safari/600.1.4"
www.nspw.org:80 220.181.108.109 - - [08/May/2018:00:43:36 -0400] "GET /2009/proceedings/1996/nspw1996-wulf.pdf HTTP/1.1" 302 551 "-" "Mozilla/5.0 (iPhone; CPU iPhone OS 8_0 like Mac OS X) AppleWebKit/600.1.3 (KHTML, like Gecko) Version/8.0 Mobile/12A4345d Safari/600.1.4"
www.nspw.org:80 69.162.124.227 - - [08/May/2018:00:44:08 -0400] "HEAD / HTTP/1.1" 302 188 "http://nspw.org/" "Mozilla/5.0+(compatible; UptimeRobot/2.0; http://www.uptimerobot.com/)"
www.nspw.org:80 189.230.224.64 - - [08/May/2018:00:45:12 -0400] "GET /wp-login.php HTTP/1.1" 302 553 "-" "Mozilla/5.0 (Windows NT 6.1; WOW64; rv:40.0) Gecko/20100101 Firefox/40.1"
www.nspw.org:80 189.230.224.64 - - [08/May/2018:00:45:13 -0400] "GET / HTTP/1.1" 302 528 "-" "Mozilla/5.0 (Windows NT 6.1; WOW64; rv:40.0) Gecko/20100101 Firefox/40.1"
www.nspw.org:80 112.211.161.145 - - [08/May/2018:00:45:28 -0400] "GET /wp-login.php HTTP/1.1" 302 553 "-" "Mozilla/5.0 (Windows NT 6.1; WOW64; rv:40.0) Gecko/20100101 Firefox/40.1"
www.nspw.org:80 112.211.161.145 - - [08/May/2018:00:45:30 -0400] "GET / HTTP/1.1" 302 528 "-" "Mozilla/5.0 (Windows NT 6.1; WOW64; rv:40.0) Gecko/20100101 Firefox/40.1"
www.nspw.org:80 40.77.167.82 - - [08/May/2018:00:46:57 -0400] "GET /2009/proceedings/1993/nspw1993-rooker-2.pdf HTTP/1.1" 302 615 "-" "Mozilla/5.0 (iPhone; CPU iPhone OS 7_0 like Mac OS X) AppleWebKit/537.51.1 (KHTML, like Gecko) Version/7.0 Mobile/11A465 Safari/9537.53 (compatible; bingbot/2.0; +http://www.bing.com/bingbot.htm)"
www.nspw.org:80 66.249.64.208 - - [08/May/2018:00:48:32 -0400] "GET /papers/1994/nspw1994-schneier.pdf HTTP/1.1" 302 595 "-" "Googlebot/2.1 (+http://www.google.com/bot.html)"
www.nspw.org:80 40.77.167.0 - - [08/May/2018:00:48:33 -0400] "GET /2012/ HTTP/1.1" 302 539 "-" "Mozilla/5.0 (iPhone; CPU iPhone OS 7_0 like Mac OS X) AppleWebKit/537.51.1 (KHTML, like Gecko) Version/7.0 Mobile/11A465 Safari/9537.53 (compatible; bingbot/2.0; +http://www.bing.com/bingbot.htm)"
www.nspw.org:80 66.249.64.208 - - [08/May/2018:00:48:34 -0400] "GET /papers/2006/nspw2006-gutmann.pdf HTTP/1.1" 302 592 "-" "Mozilla/5.0 (compatible; Googlebot/2.1; +http://www.google.com/bot.html)"
