www.nspw.org:80 66.249.73.82 - - [29/Apr/2018:22:47:11 -0400] "GET /papers/2006/nspw2006-naegoe.pdf HTTP/1.1" 302 591 "-" "Mozilla/5.0 (compatible; Googlebot/2.1; +http://www.google.com/bot.html)"
www.nspw.org:80 72.180.209.23 - - [29/Apr/2018:22:48:36 -0400] "GET /wp-login.php HTTP/1.1" 302 553 "-" "Mozilla/5.0 (Windows NT 6.1; WOW64; rv:40.0) Gecko/20100101 Firefox/40.1"
www.nspw.org:80 72.180.209.23 - - [29/Apr/2018:22:48:36 -0400] "GET / HTTP/1.1" 302 528 "-" "Mozilla/5.0 (Windows NT 6.1; WOW64; rv:40.0) Gecko/20100101 Firefox/40.1"
www.nspw.org:80 202.78.239.73 - - [29/Apr/2018:22:50:00 -0400] "GET /wp-login.php HTTP/1.1" 302 553 "-" "Mozilla/5.0 (Windows NT 6.1; WOW64; rv:40.0) Gecko/20100101 Firefox/40.1"
www.nspw.org:80 202.78.239.73 - - [29/Apr/2018:22:50:02 -0400] "GET / HTTP/1.1" 302 528 "-" "Mozilla/5.0 (Windows NT 6.1; WOW64; rv:40.0) Gecko/20100101 Firefox/40.1"
www.nspw.org:80 199.16.157.181 - - [29/Apr/2018:22:50:04 -0400] "GET /robots.txt HTTP/1.1" 302 489 "-" "Twitterbot/1.0"
www.nspw.org:80 199.16.157.181 - - [29/Apr/2018:22:50:05 -0400] "GET /2018/cfp HTTP/1.1" 302 485 "-" "Twitterbot/1.0"
www.nspw.org:80 120.28.132.135 - - [29/Apr/2018:22:50:23 -0400] "GET /wp-login.php HTTP/1.1" 302 553 "-" "Mozilla/5.0 (Windows NT 6.1; WOW64; rv:40.0) Gecko/20100101 Firefox/40.1"
www.nspw.org:80 120.28.132.135 - - [29/Apr/2018:22:50:27 -0400] "GET / HTTP/1.1" 302 528 "-" "Mozilla/5.0 (Windows NT 6.1; WOW64; rv:40.0) Gecko/20100101 Firefox/40.1"
www.nspw.org:80 66.249.73.78 - - [29/Apr/2018:22:50:38 -0400] "GET /papers/1993/nspw1993-slack.pdf HTTP/1.1" 302 589 "-" "Mozilla/5.0 (compatible; Googlebot/2.1; +http://www.google.com/bot.html)"
www.nspw.org:80 69.162.124.227 - - [29/Apr/2018:22:51:17 -0400] "HEAD / HTTP/1.1" 302 188 "http://nspw.org/" "Mozilla/5.0+(compatible; UptimeRobot/2.0; http://www.uptimerobot.com/)"
www.nspw.org:80 66.249.73.80 - - [29/Apr/2018:22:54:04 -0400] "GET /papers/2003/nspw2003-alkassar.pdf HTTP/1.1" 302 595 "-" "Mozilla/5.0 (compatible; Googlebot/2.1; +http://www.google.com/bot.html)"
www.nspw.org:80 66.249.73.78 - - [29/Apr/2018:22:55:48 -0400] "GET /2009/proceedings/2001/nspw2001-brostoff.pdf HTTP/1.1" 302 615 "-" "Mozilla/5.0 (compatible; Googlebot/2.1; +http://www.google.com/bot.html)"
www.nspw.org:80 69.162.124.227 - - [29/Apr/2018:22:56:17 -0400] "HEAD / HTTP/1.1" 302 188 "http://nspw.org/" "Mozilla/5.0+(compatible; UptimeRobot/2.0; http://www.uptimerobot.com/)"
www.nspw.org:80 163.53.254.31 - - [29/Apr/2018:22:56:34 -0400] "GET /wp-login.php HTTP/1.1" 302 553 "-" "Mozilla/5.0 (Windows NT 6.1; WOW64; rv:40.0) Gecko/20100101 Firefox/40.1"
www.nspw.org:80 163.53.254.31 - - [29/Apr/2018:22:56:42 -0400] "GET / HTTP/1.1" 302 529 "-" "Mozilla/5.0 (Windows NT 6.1; WOW64; rv:40.0) Gecko/20100101 Firefox/40.1"
www.nspw.org:80 162.210.196.130 - - [29/Apr/2018:22:56:51 -0400] "GET /robots.txt HTTP/1.1" 302 545 "-" "Mozilla/5.0 (compatible; MJ12bot/v1.4.8; http://mj12bot.com/)"
www.nspw.org:80 162.210.196.130 - - [29/Apr/2018:22:57:02 -0400] "GET / HTTP/1.1" 302 469 "-" "Mozilla/5.0 (compatible; MJ12bot/v1.4.8; http://mj12bot.com/)"
www.nspw.org:80 66.249.73.78 - - [29/Apr/2018:22:57:31 -0400] "GET /papers/2010/nspw2010-raskin.pdf HTTP/1.1" 302 591 "-" "Mozilla/5.0 (compatible; Googlebot/2.1; +http://www.google.com/bot.html)"
www.nspw.org:80 66.249.73.80 - - [29/Apr/2018:22:59:15 -0400] "GET /papers/2005/nspw2005-flechais.pdf HTTP/1.1" 302 595 "-" "Mozilla/5.0 (compatible; Googlebot/2.1; +http://www.google.com/bot.html)"
www.nspw.org:80 54.36.148.15 - - [29/Apr/2018:23:00:52 -0400] "GET /2011/2011/program HTTP/1.1" 302 507 "-" "Mozilla/5.0 (compatible; AhrefsBot/5.2; +http://ahrefs.com/robot/)"
www.nspw.org:80 69.162.124.227 - - [29/Apr/2018:23:01:17 -0400] "HEAD / HTTP/1.1" 302 188 "http://nspw.org/" "Mozilla/5.0+(compatible; UptimeRobot/2.0; http://www.uptimerobot.com/)"
www.nspw.org:80 216.244.66.200 - - [29/Apr/2018:23:02:05 -0400] "GET /robots.txt HTTP/1.1" 302 493 "-" "Mozilla/5.0 (compatible; DotBot/1.1; http://www.opensiteexplorer.org/dotbot, help@moz.com)"
www.nspw.org:80 185.232.20.242 - - [29/Apr/2018:23:04:03 -0400] "GET /user/login HTTP/1.1" 302 489 "http://nspw.org/user/login" "Mozilla/5.0 (Windows NT 10.0; WOW64) AppleWebKit/537.36 (KHTML, like Gecko) Chrome/62.0.3198.0 Safari/537.36 OPR/49.0.2711.0"
www.nspw.org:80 185.232.20.242 - - [29/Apr/2018:23:04:03 -0400] "GET /user/login HTTP/1.1" 302 489 "http://nspw.org/user/login" "Mozilla/5.0 (Windows NT 10.0; WOW64) AppleWebKit/537.36 (KHTML, like Gecko) Chrome/62.0.3198.0 Safari/537.36 OPR/49.0.2711.0"
www.nspw.org:80 185.232.20.242 - - [29/Apr/2018:23:04:04 -0400] "GET /user/login HTTP/1.1" 302 489 "http://nspw.org/user/login" "Mozilla/5.0 (Windows NT 10.0; WOW64) AppleWebKit/537.36 (KHTML, like Gecko) Chrome/62.0.3198.0 Safari/537.36 OPR/49.0.2711.0"
www.nspw.org:80 216.244.66.236 - - [29/Apr/2018:23:05:02 -0400] "GET /robots.txt HTTP/1.1" 302 493 "-" "Mozilla/5.0 (compatible; DotBot/1.1; http://www.opensiteexplorer.org/dotbot, help@moz.com)"
www.nspw.org:80 69.162.124.227 - - [29/Apr/2018:23:06:17 -0400] "HEAD / HTTP/1.1" 302 188 "http://nspw.org/" "Mozilla/5.0+(compatible; UptimeRobot/2.0; http://www.uptimerobot.com/)"
www.nspw.org:80 66.249.73.82 - - [29/Apr/2018:23:07:03 -0400] "GET / HTTP/1.1" 302 529 "-" "Mozilla/5.0 (Linux; Android 6.0.1; Nexus 5X Build/MMB29P) AppleWebKit/537.36 (KHTML, like Gecko) Chrome/41.0.2272.96 Mobile Safari/537.36 (compatible; Googlebot/2.1; +http://www.google.com/bot.html)"
www.nspw.org:80 111.206.59.133 - - [29/Apr/2018:23:07:17 -0400] "GET / HTTP/1.1" 302 473 "http://www.so.com" "Mozilla/5.0 (Windows NT 6.2; rv:30.0) Gecko/20150101 Firefox/32.0 360Spider 360Spider"
www.nspw.org:80 66.249.73.78 - - [29/Apr/2018:23:07:51 -0400] "GET /papers/2013/nspw2013-rowe.pdf HTTP/1.1" 302 587 "-" "Mozilla/5.0 (compatible; Googlebot/2.1; +http://www.google.com/bot.html)"
www.nspw.org:80 181.44.137.111 - - [29/Apr/2018:23:09:19 -0400] "GET /wp-login.php HTTP/1.1" 302 553 "-" "Mozilla/5.0 (Windows NT 6.1; WOW64; rv:40.0) Gecko/20100101 Firefox/40.1"
www.nspw.org:80 181.44.137.111 - - [29/Apr/2018:23:09:22 -0400] "GET / HTTP/1.1" 302 528 "-" "Mozilla/5.0 (Windows NT 6.1; WOW64; rv:40.0) Gecko/20100101 Firefox/40.1"
www.nspw.org:80 69.162.124.227 - - [29/Apr/2018:23:11:17 -0400] "HEAD / HTTP/1.1" 302 188 "http://nspw.org/" "Mozilla/5.0+(compatible; UptimeRobot/2.0; http://www.uptimerobot.com/)"
www.nspw.org:80 66.249.73.78 - - [29/Apr/2018:23:11:18 -0400] "GET /papers/2003/nspw2003-gates.pdf HTTP/1.1" 302 589 "-" "Mozilla/5.0 (Linux; Android 6.0.1; Nexus 5X Build/MMB29P) AppleWebKit/537.36 (KHTML, like Gecko) Chrome/41.0.2272.96 Mobile Safari/537.36 (compatible; Googlebot/2.1; +http://www.google.com/bot.html)"
www.nspw.org:80 175.111.131.137 - - [29/Apr/2018:23:12:06 -0400] "GET /wp-login.php HTTP/1.1" 302 553 "-" "Mozilla/5.0 (Windows NT 6.1; WOW64; rv:40.0) Gecko/20100101 Firefox/40.1"
www.nspw.org:80 175.111.131.137 - - [29/Apr/2018:23:12:10 -0400] "GET / HTTP/1.1" 302 528 "-" "Mozilla/5.0 (Windows NT 6.1; WOW64; rv:40.0) Gecko/20100101 Firefox/40.1"
www.nspw.org:80 180.76.15.154 - - [29/Apr/2018:23:13:18 -0400] "GET /papers/1993/nspw1993-hosmer.pdf HTTP/1.1" 302 554 "-" "Mozilla/5.0 (compatible; Baiduspider/2.0; +http://www.baidu.com/search/spider.html)"
www.nspw.org:80 180.76.15.30 - - [29/Apr/2018:23:14:18 -0400] "GET /2015/ HTTP/1.1" 302 502 "-" "Mozilla/5.0 (compatible; Baiduspider/2.0; +http://www.baidu.com/search/spider.html)"
www.nspw.org:80 77.88.47.40 - - [29/Apr/2018:23:14:20 -0400] "GET /robots.txt HTTP/1.1" 302 545 "-" "Mozilla/5.0 (compatible; YandexBot/3.0; +http://yandex.com/bots)"
www.nspw.org:80 77.88.47.40 - - [29/Apr/2018:23:14:24 -0400] "GET /sites/default/files/sponsors/acsa.gif HTTP/1.1" 302 598 "-" "Mozilla/5.0 (compatible; YandexImages/3.0; +http://yandex.com/bots)"
www.nspw.org:80 180.76.15.31 - - [29/Apr/2018:23:15:18 -0400] "GET /node/97 HTTP/1.1" 302 506 "-" "Mozilla/5.0 (compatible; Baiduspider/2.0; +http://www.baidu.com/search/spider.html)"
www.nspw.org:80 69.162.124.227 - - [29/Apr/2018:23:16:17 -0400] "HEAD / HTTP/1.1" 302 188 "http://nspw.org/" "Mozilla/5.0+(compatible; UptimeRobot/2.0; http://www.uptimerobot.com/)"
www.nspw.org:80 180.76.15.157 - - [29/Apr/2018:23:16:18 -0400] "GET /current HTTP/1.1" 302 506 "-" "Mozilla/5.0 (compatible; Baiduspider/2.0; +http://www.baidu.com/search/spider.html)"
www.nspw.org:80 54.36.148.236 - - [29/Apr/2018:23:16:28 -0400] "GET /2005/program.shtml HTTP/1.1" 302 509 "-" "Mozilla/5.0 (compatible; AhrefsBot/5.2; +http://ahrefs.com/robot/)"
www.nspw.org:80 207.241.232.47 - - [29/Apr/2018:23:16:47 -0400] "GET /misc/drupal.js?nhfa6e HTTP/1.0" 302 530 "http://nspw.org/" "Mozilla/5.0 (compatible; archive.org_bot +http://www.archive.org/details/archive.org_bot)"
www.nspw.org:80 158.69.133.31 - - [29/Apr/2018:23:17:16 -0400] "POST /ps.php HTTP/1.1" 302 481 "-" "curl/7.47.0"
www.nspw.org:80 180.76.15.21 - - [29/Apr/2018:23:17:18 -0400] "GET /2006/invite/preproc.html HTTP/1.1" 302 540 "-" "Mozilla/5.0 (compatible; Baiduspider/2.0; +http://www.baidu.com/search/spider.html)"
www.nspw.org:80 158.69.133.31 - - [29/Apr/2018:23:17:22 -0400] "POST /loikfd.php HTTP/1.1" 302 489 "-" "curl/7.47.0"
www.nspw.org:80 158.69.133.31 - - [29/Apr/2018:23:17:22 -0400] "POST /loikfd.php HTTP/1.1" 302 489 "-" "curl/7.47.0"
www.nspw.org:80 180.76.15.135 - - [29/Apr/2018:23:18:18 -0400] "GET /2000/pc.html HTTP/1.1" 302 516 "-" "Mozilla/5.0 (compatible; Baiduspider/2.0; +http://www.baidu.com/search/spider.html)"
www.nspw.org:80 210.186.158.81 - - [29/Apr/2018:23:19:07 -0400] "GET /wp-login.php HTTP/1.1" 302 553 "-" "Mozilla/5.0 (Windows NT 6.1; WOW64; rv:40.0) Gecko/20100101 Firefox/40.1"
www.nspw.org:80 210.186.158.81 - - [29/Apr/2018:23:19:12 -0400] "GET / HTTP/1.1" 302 528 "-" "Mozilla/5.0 (Windows NT 6.1; WOW64; rv:40.0) Gecko/20100101 Firefox/40.1"
www.nspw.org:80 208.54.40.209 - - [29/Apr/2018:23:19:22 -0400] "GET /papers/2007/nspw2007-mannan.pdf HTTP/1.1" 302 591 "-" "Mozilla/5.0 (iPhone; CPU iPhone OS 11_2_5 like Mac OS X) AppleWebKit/604.5.6 (KHTML, like Gecko) Version/11.0 Mobile/15D60 Safari/604.1"
www.nspw.org:80 180.76.15.162 - - [29/Apr/2018:23:20:18 -0400] "GET /proceedings/2007/ HTTP/1.1" 302 526 "-" "Mozilla/5.0 (compatible; Baiduspider/2.0; +http://www.baidu.com/search/spider.html)"
www.nspw.org:80 113.197.184.35 - - [29/Apr/2018:23:20:32 -0400] "GET /wp-login.php HTTP/1.1" 302 553 "-" "Mozilla/5.0 (Windows NT 6.1; WOW64; rv:40.0) Gecko/20100101 Firefox/40.1"
www.nspw.org:80 113.197.184.35 - - [29/Apr/2018:23:20:35 -0400] "GET / HTTP/1.1" 302 528 "-" "Mozilla/5.0 (Windows NT 6.1; WOW64; rv:40.0) Gecko/20100101 Firefox/40.1"
www.nspw.org:80 69.162.124.227 - - [29/Apr/2018:23:21:17 -0400] "HEAD / HTTP/1.1" 302 188 "http://nspw.org/" "Mozilla/5.0+(compatible; UptimeRobot/2.0; http://www.uptimerobot.com/)"
www.nspw.org:80 199.16.157.182 - - [29/Apr/2018:23:24:31 -0400] "GET /robots.txt HTTP/1.1" 302 489 "-" "Twitterbot/1.0"
www.nspw.org:80 199.16.157.182 - - [29/Apr/2018:23:24:31 -0400] "GET /2018/cfp HTTP/1.1" 302 485 "-" "Twitterbot/1.0"
www.nspw.org:80 69.162.124.227 - - [29/Apr/2018:23:26:17 -0400] "HEAD / HTTP/1.1" 302 188 "http://nspw.org/" "Mozilla/5.0+(compatible; UptimeRobot/2.0; http://www.uptimerobot.com/)"
www.nspw.org:80 181.95.227.79 - - [29/Apr/2018:23:26:21 -0400] "GET /wp-login.php HTTP/1.1" 302 553 "-" "Mozilla/5.0 (Windows NT 6.1; WOW64; rv:40.0) Gecko/20100101 Firefox/40.1"
www.nspw.org:80 181.95.227.79 - - [29/Apr/2018:23:26:25 -0400] "GET / HTTP/1.1" 302 528 "-" "Mozilla/5.0 (Windows NT 6.1; WOW64; rv:40.0) Gecko/20100101 Firefox/40.1"
www.nspw.org:80 208.54.40.209 - - [29/Apr/2018:23:29:26 -0400] "GET /papers/2007/nspw2007-mannan.pdf HTTP/1.1" 302 591 "-" "Mozilla/5.0 (iPhone; CPU iPhone OS 11_2_5 like Mac OS X) AppleWebKit/604.5.6 (KHTML, like Gecko) Version/11.0 Mobile/15D60 Safari/604.1"
www.nspw.org:80 69.162.124.227 - - [29/Apr/2018:23:31:17 -0400] "HEAD / HTTP/1.1" 302 188 "http://nspw.org/" "Mozilla/5.0+(compatible; UptimeRobot/2.0; http://www.uptimerobot.com/)"
www.nspw.org:80 66.249.73.78 - - [29/Apr/2018:23:31:58 -0400] "GET /2009/proceedings/2010/nspw2010-franz.pdf HTTP/1.1" 302 609 "-" "Mozilla/5.0 (Linux; Android 6.0.1; Nexus 5X Build/MMB29P) AppleWebKit/537.36 (KHTML, like Gecko) Chrome/41.0.2272.96 Mobile Safari/537.36 (compatible; Googlebot/2.1; +http://www.google.com/bot.html)"
www.nspw.org:80 54.36.148.102 - - [29/Apr/2018:23:34:22 -0400] "GET /2009/program.content HTTP/1.1" 302 513 "-" "Mozilla/5.0 (compatible; AhrefsBot/5.2; +http://ahrefs.com/robot/)"
www.nspw.org:80 137.74.114.163 - - [29/Apr/2018:23:34:59 -0400] "GET / HTTP/1.1" 302 473 "-" "Mozilla/5.0 (Windows NT 10.0; WOW64; rv:50.0) Gecko/20100101 Firefox/50.0"
www.nspw.org:80 69.162.124.227 - - [29/Apr/2018:23:36:17 -0400] "HEAD / HTTP/1.1" 302 188 "http://nspw.org/" "Mozilla/5.0+(compatible; UptimeRobot/2.0; http://www.uptimerobot.com/)"
www.nspw.org:80 73.220.41.170 - - [29/Apr/2018:23:37:07 -0400] "GET / HTTP/1.1" 302 525 "-" "Mozilla/5.0 (Macintosh; Intel Mac OS X 10.13; rv:59.0) Gecko/20100101 Firefox/59.0"
www.nspw.org:80 ::1 - - [29/Apr/2018:23:37:15 -0400] "OPTIONS * HTTP/1.0" 200 126 "-" "Apache/2.4.29 (Ubuntu) OpenSSL/1.1.0g (internal dummy connection)"
www.nspw.org:80 ::1 - - [29/Apr/2018:23:37:16 -0400] "OPTIONS * HTTP/1.0" 200 126 "-" "Apache/2.4.29 (Ubuntu) OpenSSL/1.1.0g (internal dummy connection)"
www.nspw.org:80 ::1 - - [29/Apr/2018:23:37:17 -0400] "OPTIONS * HTTP/1.0" 200 126 "-" "Apache/2.4.29 (Ubuntu) OpenSSL/1.1.0g (internal dummy connection)"
www.nspw.org:80 36.110.211.108 - - [29/Apr/2018:23:38:03 -0400] "GET / HTTP/1.1" 302 473 "http://www.so.com" "Mozilla/5.0 (Windows NT 6.2; rv:30.0) Gecko/20150101 Firefox/32.0 360Spider 360Spider"
www.nspw.org:80 66.249.73.82 - - [29/Apr/2018:23:38:52 -0400] "GET / HTTP/1.1" 302 529 "-" "Mozilla/5.0 (compatible; Googlebot/2.1; +http://www.google.com/bot.html)"
www.nspw.org:80 69.162.124.227 - - [29/Apr/2018:23:41:17 -0400] "HEAD / HTTP/1.1" 302 188 "http://nspw.org/" "Mozilla/5.0+(compatible; UptimeRobot/2.0; http://www.uptimerobot.com/)"
www.nspw.org:80 191.177.185.159 - - [29/Apr/2018:23:41:17 -0400] "GET /wp-login.php HTTP/1.1" 302 553 "-" "Mozilla/5.0 (Windows NT 6.1; WOW64; rv:40.0) Gecko/20100101 Firefox/40.1"
www.nspw.org:80 191.177.185.159 - - [29/Apr/2018:23:41:18 -0400] "GET / HTTP/1.1" 302 528 "-" "Mozilla/5.0 (Windows NT 6.1; WOW64; rv:40.0) Gecko/20100101 Firefox/40.1"
www.nspw.org:80 66.102.9.30 - - [29/Apr/2018:23:43:33 -0400] "GET /2018/cfp HTTP/1.1" 302 545 "-" "Mozilla/5.0 (X11; Linux x86_64) AppleWebKit/537.36 (KHTML, like Gecko) Chrome/49.0.2623.75 Safari/537.36 Google Favicon"
www.nspw.org:80 66.249.73.80 - - [29/Apr/2018:23:44:02 -0400] "GET /papers/2011/nspw2011-bicakci.pdf HTTP/1.1" 302 593 "-" "Mozilla/5.0 (compatible; Googlebot/2.1; +http://www.google.com/bot.html)"
www.nspw.org:80 216.244.66.200 - - [29/Apr/2018:23:46:15 -0400] "GET /2004/?C=D;O=D HTTP/1.1" 302 499 "-" "Mozilla/5.0 (compatible; DotBot/1.1; http://www.opensiteexplorer.org/dotbot, help@moz.com)"
www.nspw.org:80 69.162.124.227 - - [29/Apr/2018:23:46:17 -0400] "HEAD / HTTP/1.1" 302 188 "http://nspw.org/" "Mozilla/5.0+(compatible; UptimeRobot/2.0; http://www.uptimerobot.com/)"
www.nspw.org:80 216.15.18.240 - - [29/Apr/2018:23:46:49 -0400] "GET /papers/2009/nspw2009-gates.pdf HTTP/1.1" 302 589 "https://www.google.com/" "Mozilla/5.0 (Macintosh; Intel Mac OS X 10_13_1) AppleWebKit/537.36 (KHTML, like Gecko) Chrome/65.0.3325.181 Safari/537.36"
www.nspw.org:80 66.249.73.80 - - [29/Apr/2018:23:47:28 -0400] "GET /papers/2011/nspw2011-bishop.pdf HTTP/1.1" 302 591 "-" "Mozilla/5.0 (compatible; Googlebot/2.1; +http://www.google.com/bot.html)"
www.nspw.org:80 66.249.73.82 - - [29/Apr/2018:23:49:12 -0400] "GET /papers/2009/nspw2009-verendel.pdf HTTP/1.1" 302 595 "-" "Mozilla/5.0 (compatible; Googlebot/2.1; +http://www.google.com/bot.html)"
www.nspw.org:80 216.15.18.240 - - [29/Apr/2018:23:49:57 -0400] "GET /papers/2009/nspw2009-gates.pdf HTTP/1.1" 302 589 "https://www.google.com/" "Mozilla/5.0 (Macintosh; Intel Mac OS X 10_13_1) AppleWebKit/537.36 (KHTML, like Gecko) Chrome/65.0.3325.181 Safari/537.36"
www.nspw.org:80 ::1 - - [29/Apr/2018:23:50:08 -0400] "OPTIONS * HTTP/1.0" 200 126 "-" "Apache/2.4.29 (Ubuntu) OpenSSL/1.1.0g (internal dummy connection)"
www.nspw.org:80 ::1 - - [29/Apr/2018:23:50:09 -0400] "OPTIONS * HTTP/1.0" 200 126 "-" "Apache/2.4.29 (Ubuntu) OpenSSL/1.1.0g (internal dummy connection)"
www.nspw.org:80 ::1 - - [29/Apr/2018:23:50:10 -0400] "OPTIONS * HTTP/1.0" 200 126 "-" "Apache/2.4.29 (Ubuntu) OpenSSL/1.1.0g (internal dummy connection)"
www.nspw.org:80 ::1 - - [29/Apr/2018:23:50:11 -0400] "OPTIONS * HTTP/1.0" 200 126 "-" "Apache/2.4.29 (Ubuntu) OpenSSL/1.1.0g (internal dummy connection)"
www.nspw.org:80 ::1 - - [29/Apr/2018:23:50:12 -0400] "OPTIONS * HTTP/1.0" 200 126 "-" "Apache/2.4.29 (Ubuntu) OpenSSL/1.1.0g (internal dummy connection)"
www.nspw.org:80 69.162.124.227 - - [29/Apr/2018:23:51:16 -0400] "HEAD / HTTP/1.1" 302 188 "http://nspw.org/" "Mozilla/5.0+(compatible; UptimeRobot/2.0; http://www.uptimerobot.com/)"
www.nspw.org:80 178.152.214.201 - - [29/Apr/2018:23:51:47 -0400] "GET /wp-login.php HTTP/1.1" 302 553 "-" "Mozilla/5.0 (Windows NT 6.1; WOW64; rv:40.0) Gecko/20100101 Firefox/40.1"
www.nspw.org:80 178.152.214.201 - - [29/Apr/2018:23:51:49 -0400] "GET / HTTP/1.1" 302 528 "-" "Mozilla/5.0 (Windows NT 6.1; WOW64; rv:40.0) Gecko/20100101 Firefox/40.1"
www.nspw.org:80 216.244.66.236 - - [29/Apr/2018:23:52:27 -0400] "GET /robots.txt HTTP/1.1" 302 493 "-" "Mozilla/5.0 (compatible; DotBot/1.1; http://www.opensiteexplorer.org/dotbot, help@moz.com)"
www.nspw.org:80 195.22.127.231 - - [29/Apr/2018:23:52:34 -0400] "GET /MSD/sql.php HTTP/1.1" 302 553 "-" "Mozilla/5.0 (Windows NT 6.3; Win64; x64) AppleWebKit/537.36 (KHTML, like Gecko) Chrome/62.0.3202.94 Safari/537.36"
www.nspw.org:80 195.22.127.231 - - [29/Apr/2018:23:52:36 -0400] "GET /Msd/sql.php HTTP/1.1" 302 552 "-" "Mozilla/5.0 (Windows NT 6.3; Win64; x64) AppleWebKit/537.36 (KHTML, like Gecko) Chrome/62.0.3202.94 Safari/537.36"
www.nspw.org:80 195.22.127.231 - - [29/Apr/2018:23:52:36 -0400] "GET /MySQLDumper1.24.4/msd1.24.4/sql.php HTTP/1.1" 302 600 "-" "Mozilla/5.0 (Windows NT 6.3; Win64; x64) AppleWebKit/537.36 (KHTML, like Gecko) Chrome/62.0.3202.94 Safari/537.36"
www.nspw.org:80 195.22.127.231 - - [29/Apr/2018:23:52:37 -0400] "GET /MySQLDumper1.24.4/sql.php HTTP/1.1" 302 580 "-" "Mozilla/5.0 (Windows NT 6.3; Win64; x64) AppleWebKit/537.36 (KHTML, like Gecko) Chrome/62.0.3202.94 Safari/537.36"
www.nspw.org:80 195.22.127.231 - - [29/Apr/2018:23:52:38 -0400] "GET /MySQLDumper1.24.4stable/sql.php HTTP/1.1" 302 592 "-" "Mozilla/5.0 (Windows NT 6.3; Win64; x64) AppleWebKit/537.36 (KHTML, like Gecko) Chrome/62.0.3202.94 Safari/537.36"
www.nspw.org:80 195.22.127.231 - - [29/Apr/2018:23:52:39 -0400] "GET /MySqlDumper/sql.php HTTP/1.1" 302 568 "-" "Mozilla/5.0 (Windows NT 6.3; Win64; x64) AppleWebKit/537.36 (KHTML, like Gecko) Chrome/62.0.3202.94 Safari/537.36"
www.nspw.org:80 195.22.127.231 - - [29/Apr/2018:23:52:39 -0400] "GET /Mysqldumper/sql.php HTTP/1.1" 302 568 "-" "Mozilla/5.0 (Windows NT 6.3; Win64; x64) AppleWebKit/537.36 (KHTML, like Gecko) Chrome/62.0.3202.94 Safari/537.36"
www.nspw.org:80 195.22.127.231 - - [29/Apr/2018:23:52:40 -0400] "GET /admin/sql.php HTTP/1.1" 302 556 "-" "Mozilla/5.0 (Windows NT 6.3; Win64; x64) AppleWebKit/537.36 (KHTML, like Gecko) Chrome/62.0.3202.94 Safari/537.36"
www.nspw.org:80 195.22.127.231 - - [29/Apr/2018:23:52:41 -0400] "GET /admin/sql/sql.php HTTP/1.1" 302 564 "-" "Mozilla/5.0 (Windows NT 6.3; Win64; x64) AppleWebKit/537.36 (KHTML, like Gecko) Chrome/62.0.3202.94 Safari/537.36"
www.nspw.org:80 195.22.127.231 - - [29/Apr/2018:23:52:42 -0400] "GET /backup/sql.php HTTP/1.1" 302 558 "-" "Mozilla/5.0 (Windows NT 6.3; Win64; x64) AppleWebKit/537.36 (KHTML, like Gecko) Chrome/62.0.3202.94 Safari/537.36"
www.nspw.org:80 195.22.127.231 - - [29/Apr/2018:23:52:42 -0400] "GET /backups/sql.php HTTP/1.1" 302 560 "-" "Mozilla/5.0 (Windows NT 6.3; Win64; x64) AppleWebKit/537.36 (KHTML, like Gecko) Chrome/62.0.3202.94 Safari/537.36"
www.nspw.org:80 195.22.127.231 - - [29/Apr/2018:23:52:43 -0400] "GET /database/sql.php HTTP/1.1" 302 562 "-" "Mozilla/5.0 (Windows NT 6.3; Win64; x64) AppleWebKit/537.36 (KHTML, like Gecko) Chrome/62.0.3202.94 Safari/537.36"
www.nspw.org:80 195.22.127.231 - - [29/Apr/2018:23:52:44 -0400] "GET /datenbank/sql.php HTTP/1.1" 302 564 "-" "Mozilla/5.0 (Windows NT 6.3; Win64; x64) AppleWebKit/537.36 (KHTML, like Gecko) Chrome/62.0.3202.94 Safari/537.36"
www.nspw.org:80 195.22.127.231 - - [29/Apr/2018:23:52:45 -0400] "GET /dump/sql.php HTTP/1.1" 302 554 "-" "Mozilla/5.0 (Windows NT 6.3; Win64; x64) AppleWebKit/537.36 (KHTML, like Gecko) Chrome/62.0.3202.94 Safari/537.36"
www.nspw.org:80 195.22.127.231 - - [29/Apr/2018:23:52:45 -0400] "GET /dumper/sql.php HTTP/1.1" 302 558 "-" "Mozilla/5.0 (Windows NT 6.3; Win64; x64) AppleWebKit/537.36 (KHTML, like Gecko) Chrome/62.0.3202.94 Safari/537.36"
www.nspw.org:80 195.22.127.231 - - [29/Apr/2018:23:52:46 -0400] "GET /msd/sql.php HTTP/1.1" 302 552 "-" "Mozilla/5.0 (Windows NT 6.3; Win64; x64) AppleWebKit/537.36 (KHTML, like Gecko) Chrome/62.0.3202.94 Safari/537.36"
www.nspw.org:80 195.22.127.231 - - [29/Apr/2018:23:52:47 -0400] "GET /msd1.24.2/sql.php HTTP/1.1" 302 564 "-" "Mozilla/5.0 (Windows NT 6.3; Win64; x64) AppleWebKit/537.36 (KHTML, like Gecko) Chrome/62.0.3202.94 Safari/537.36"
www.nspw.org:80 195.22.127.231 - - [29/Apr/2018:23:52:48 -0400] "GET /msd1.24.3/sql.php HTTP/1.1" 302 564 "-" "Mozilla/5.0 (Windows NT 6.3; Win64; x64) AppleWebKit/537.36 (KHTML, like Gecko) Chrome/62.0.3202.94 Safari/537.36"
www.nspw.org:80 195.22.127.231 - - [29/Apr/2018:23:52:48 -0400] "GET /msd1.24.4/sql.php HTTP/1.1" 302 564 "-" "Mozilla/5.0 (Windows NT 6.3; Win64; x64) AppleWebKit/537.36 (KHTML, like Gecko) Chrome/62.0.3202.94 Safari/537.36"
www.nspw.org:80 195.22.127.231 - - [29/Apr/2018:23:52:49 -0400] "GET /msd1.24stable/sql.php HTTP/1.1" 302 572 "-" "Mozilla/5.0 (Windows NT 6.3; Win64; x64) AppleWebKit/537.36 (KHTML, like Gecko) Chrome/62.0.3202.94 Safari/537.36"
www.nspw.org:80 195.22.127.231 - - [29/Apr/2018:23:52:50 -0400] "GET /myadmin/sql.php HTTP/1.1" 302 560 "-" "Mozilla/5.0 (Windows NT 6.3; Win64; x64) AppleWebKit/537.36 (KHTML, like Gecko) Chrome/62.0.3202.94 Safari/537.36"
www.nspw.org:80 195.22.127.231 - - [29/Apr/2018:23:52:51 -0400] "GET /mysql/sql.php HTTP/1.1" 302 556 "-" "Mozilla/5.0 (Windows NT 6.3; Win64; x64) AppleWebKit/537.36 (KHTML, like Gecko) Chrome/62.0.3202.94 Safari/537.36"
www.nspw.org:80 195.22.127.231 - - [29/Apr/2018:23:52:51 -0400] "GET /mysqldumper/sql.php HTTP/1.1" 302 568 "-" "Mozilla/5.0 (Windows NT 6.3; Win64; x64) AppleWebKit/537.36 (KHTML, like Gecko) Chrome/62.0.3202.94 Safari/537.36"
www.nspw.org:80 195.22.127.231 - - [29/Apr/2018:23:52:52 -0400] "GET /sql/sql.php HTTP/1.1" 302 552 "-" "Mozilla/5.0 (Windows NT 6.3; Win64; x64) AppleWebKit/537.36 (KHTML, like Gecko) Chrome/62.0.3202.94 Safari/537.36"
www.nspw.org:80 ::1 - - [29/Apr/2018:23:53:49 -0400] "OPTIONS * HTTP/1.0" 200 126 "-" "Apache/2.4.29 (Ubuntu) OpenSSL/1.1.0g (internal dummy connection)"
www.nspw.org:80 ::1 - - [29/Apr/2018:23:53:50 -0400] "OPTIONS * HTTP/1.0" 200 126 "-" "Apache/2.4.29 (Ubuntu) OpenSSL/1.1.0g (internal dummy connection)"
www.nspw.org:80 66.249.73.80 - - [29/Apr/2018:23:54:22 -0400] "GET /papers/1999/nspw1999-henning.pdf HTTP/1.1" 302 593 "-" "Mozilla/5.0 (compatible; Googlebot/2.1; +http://www.google.com/bot.html)"
www.nspw.org:80 69.162.124.227 - - [29/Apr/2018:23:56:16 -0400] "HEAD / HTTP/1.1" 302 188 "http://nspw.org/" "Mozilla/5.0+(compatible; UptimeRobot/2.0; http://www.uptimerobot.com/)"
www.nspw.org:80 88.241.89.196 - - [29/Apr/2018:23:56:35 -0400] "GET /wp-login.php HTTP/1.1" 302 553 "-" "Mozilla/5.0 (Windows NT 6.1; WOW64; rv:40.0) Gecko/20100101 Firefox/40.1"
www.nspw.org:80 73.139.210.148 - - [29/Apr/2018:23:56:37 -0400] "GET /wp-login.php HTTP/1.1" 302 553 "-" "Mozilla/5.0 (Windows NT 6.1; WOW64; rv:40.0) Gecko/20100101 Firefox/40.1"
www.nspw.org:80 73.139.210.148 - - [29/Apr/2018:23:56:38 -0400] "GET / HTTP/1.1" 302 528 "-" "Mozilla/5.0 (Windows NT 6.1; WOW64; rv:40.0) Gecko/20100101 Firefox/40.1"
www.nspw.org:80 88.241.89.196 - - [29/Apr/2018:23:56:38 -0400] "GET / HTTP/1.1" 302 528 "-" "Mozilla/5.0 (Windows NT 6.1; WOW64; rv:40.0) Gecko/20100101 Firefox/40.1"
www.nspw.org:80 66.249.73.80 - - [29/Apr/2018:23:57:48 -0400] "GET /2009/proceedings/2010/nspw2010-molnar.pdf HTTP/1.1" 302 611 "-" "Mozilla/5.0 (compatible; Googlebot/2.1; +http://www.google.com/bot.html)"
www.nspw.org:80 54.36.148.140 - - [30/Apr/2018:00:00:25 -0400] "GET /2007/cfp.html HTTP/1.1" 302 499 "-" "Mozilla/5.0 (compatible; AhrefsBot/5.2; +http://ahrefs.com/robot/)"
www.nspw.org:80 69.162.124.227 - - [30/Apr/2018:00:01:16 -0400] "HEAD / HTTP/1.1" 302 188 "http://nspw.org/" "Mozilla/5.0+(compatible; UptimeRobot/2.0; http://www.uptimerobot.com/)"
www.nspw.org:80 66.249.73.82 - - [30/Apr/2018:00:02:59 -0400] "GET /papers/2009/nspw2009-gates.pdf HTTP/1.1" 302 589 "-" "Mozilla/5.0 (compatible; Googlebot/2.1; +http://www.google.com/bot.html)"
www.nspw.org:80 216.244.66.200 - - [30/Apr/2018:00:05:24 -0400] "GET /2003/index.shtml HTTP/1.1" 302 505 "-" "Mozilla/5.0 (compatible; DotBot/1.1; http://www.opensiteexplorer.org/dotbot, help@moz.com)"
www.nspw.org:80 69.162.124.227 - - [30/Apr/2018:00:06:17 -0400] "HEAD / HTTP/1.1" 302 188 "http://nspw.org/" "Mozilla/5.0+(compatible; UptimeRobot/2.0; http://www.uptimerobot.com/)"
www.nspw.org:80 112.134.47.243 - - [30/Apr/2018:00:06:34 -0400] "GET /wp-login.php HTTP/1.1" 302 553 "-" "Mozilla/5.0 (Windows NT 6.1; WOW64; rv:40.0) Gecko/20100101 Firefox/40.1"
www.nspw.org:80 36.110.211.41 - - [30/Apr/2018:00:07:12 -0400] "GET / HTTP/1.1" 302 529 "http://www.so.com/" "Mozilla/5.0 (Windows NT 6.2; rv:30.0) Gecko/20150101 Firefox/32.0 360Spider 360Spider"
www.nspw.org:80 ::1 - - [30/Apr/2018:00:07:23 -0400] "OPTIONS * HTTP/1.0" 200 126 "-" "Apache/2.4.29 (Ubuntu) OpenSSL/1.1.0g (internal dummy connection)"
www.nspw.org:80 103.88.217.194 - - [30/Apr/2018:00:08:25 -0400] "GET /wp-login.php HTTP/1.1" 302 553 "-" "Mozilla/5.0 (Windows NT 6.1; WOW64; rv:40.0) Gecko/20100101 Firefox/40.1"
www.nspw.org:80 103.88.217.194 - - [30/Apr/2018:00:08:27 -0400] "GET / HTTP/1.1" 302 528 "-" "Mozilla/5.0 (Windows NT 6.1; WOW64; rv:40.0) Gecko/20100101 Firefox/40.1"
www.nspw.org:80 216.244.66.200 - - [30/Apr/2018:00:09:43 -0400] "GET /2003/hold/index.shtml HTTP/1.1" 302 515 "-" "Mozilla/5.0 (compatible; DotBot/1.1; http://www.opensiteexplorer.org/dotbot, help@moz.com)"
www.nspw.org:80 69.162.124.227 - - [30/Apr/2018:00:11:17 -0400] "HEAD / HTTP/1.1" 302 188 "http://nspw.org/" "Mozilla/5.0+(compatible; UptimeRobot/2.0; http://www.uptimerobot.com/)"
www.nspw.org:80 153.120.13.147 - - [30/Apr/2018:00:11:53 -0400] "HEAD /current/ HTTP/1.1" 302 233 "-" "Hatena Antenna/0.5 (http://a.hatena.ne.jp/help)"
www.nspw.org:80 153.120.13.149 - - [30/Apr/2018:00:12:03 -0400] "GET /current/ HTTP/1.1" 302 545 "-" "Hatena Antenna/0.5 (http://a.hatena.ne.jp/help)"
www.nspw.org:80 66.249.73.80 - - [30/Apr/2018:00:13:03 -0400] "GET /current/submission.shtml HTTP/1.1" 302 577 "-" "Mozilla/5.0 (compatible; Googlebot/2.1; +http://www.google.com/bot.html)"
www.nspw.org:80 66.249.73.80 - - [30/Apr/2018:00:13:19 -0400] "GET /papers/1999/nspw1999-schneider.pdf HTTP/1.1" 302 597 "-" "Mozilla/5.0 (compatible; Googlebot/2.1; +http://www.google.com/bot.html)"
www.nspw.org:80 216.244.66.200 - - [30/Apr/2018:00:13:48 -0400] "GET /2005/pc.shtml HTTP/1.1" 302 499 "-" "Mozilla/5.0 (compatible; DotBot/1.1; http://www.opensiteexplorer.org/dotbot, help@moz.com)"
www.nspw.org:80 199.16.157.183 - - [30/Apr/2018:00:14:03 -0400] "GET /robots.txt HTTP/1.1" 302 489 "-" "Twitterbot/1.0"
www.nspw.org:80 199.16.157.183 - - [30/Apr/2018:00:14:04 -0400] "GET /2018/cfp HTTP/1.1" 302 485 "-" "Twitterbot/1.0"
www.nspw.org:80 54.36.148.107 - - [30/Apr/2018:00:14:07 -0400] "GET /2009/stats.txt HTTP/1.1" 302 501 "-" "Mozilla/5.0 (compatible; AhrefsBot/5.2; +http://ahrefs.com/robot/)"
www.nspw.org:80 66.249.73.78 - - [30/Apr/2018:00:15:02 -0400] "GET /papers/2006/nspw2006-gates.pdf HTTP/1.1" 302 589 "-" "Mozilla/5.0 (compatible; Googlebot/2.1; +http://www.google.com/bot.html)"
www.nspw.org:80 87.229.51.48 - - [30/Apr/2018:00:15:12 -0400] "POST /sites/default/files/rcwbinyt.php HTTP/1.0" 302 552 "http://nspw.org/sites/default/files/rcwbinyt.php" "Mozilla/5.0 (compatible; MSIE 10.0; Windows NT 6.1; Trident/6.0)"
www.nspw.org:80 178.210.90.90 - - [30/Apr/2018:00:15:16 -0400] "POST /sites/default/files/nifatcvj.php HTTP/1.0" 302 552 "http://nspw.org/sites/default/files/nifatcvj.php" "Mozilla/5.0 (iPhone; CPU iPhone OS 10_2_1 like Mac OS X) AppleWebKit/602.4.6 (KHTML, like Gecko) Version/10.0 Mobile/14D27 Safari/602.1"
www.nspw.org:80 45.33.61.22 - - [30/Apr/2018:00:15:20 -0400] "POST /sites/default/files/qrhtjnpi.php HTTP/1.0" 302 552 "http://nspw.org/sites/default/files/qrhtjnpi.php" "Mozilla/5.0 (Windows NT 6.3; Win64; x64) AppleWebKit/537.36 (KHTML, like Gecko) Chrome/59.0.3071.115 Safari/537.36"
www.nspw.org:80 66.198.252.209 - - [30/Apr/2018:00:15:22 -0400] "POST /sites/default/files/right.php HTTP/1.0" 302 546 "http://nspw.org/sites/default/files/right.php" "Mozilla/5.0 (iPhone; CPU iPhone OS 10_2_1 like Mac OS X) AppleWebKit/602.4.6 (KHTML, like Gecko) Version/10.0 Mobile/14D27 Safari/602.1"
www.nspw.org:80 216.244.66.236 - - [30/Apr/2018:00:16:03 -0400] "GET /robots.txt HTTP/1.1" 302 493 "-" "Mozilla/5.0 (compatible; DotBot/1.1; http://www.opensiteexplorer.org/dotbot, help@moz.com)"
www.nspw.org:80 69.162.124.227 - - [30/Apr/2018:00:16:17 -0400] "HEAD / HTTP/1.1" 302 188 "http://nspw.org/" "Mozilla/5.0+(compatible; UptimeRobot/2.0; http://www.uptimerobot.com/)"
www.nspw.org:80 66.249.73.82 - - [30/Apr/2018:00:16:45 -0400] "GET /papers/2013/nspw2013-peisert.pdf HTTP/1.1" 302 593 "-" "Mozilla/5.0 (compatible; Googlebot/2.1; +http://www.google.com/bot.html)"
www.nspw.org:80 66.249.73.80 - - [30/Apr/2018:00:18:29 -0400] "GET /papers/2006/nspw2006-wang.pdf HTTP/1.1" 302 587 "-" "Mozilla/5.0 (compatible; Googlebot/2.1; +http://www.google.com/bot.html)"
www.nspw.org:80 69.162.124.227 - - [30/Apr/2018:00:21:16 -0400] "HEAD / HTTP/1.1" 302 188 "http://nspw.org/" "Mozilla/5.0+(compatible; UptimeRobot/2.0; http://www.uptimerobot.com/)"
www.nspw.org:80 115.113.230.10 - - [30/Apr/2018:00:25:22 -0400] "GET /wp-login.php HTTP/1.1" 302 553 "-" "Mozilla/5.0 (Windows NT 6.1; WOW64; rv:40.0) Gecko/20100101 Firefox/40.1"
www.nspw.org:80 115.113.230.10 - - [30/Apr/2018:00:25:23 -0400] "GET / HTTP/1.1" 302 528 "-" "Mozilla/5.0 (Windows NT 6.1; WOW64; rv:40.0) Gecko/20100101 Firefox/40.1"
www.nspw.org:80 69.162.124.227 - - [30/Apr/2018:00:26:17 -0400] "HEAD / HTTP/1.1" 302 188 "http://nspw.org/" "Mozilla/5.0+(compatible; UptimeRobot/2.0; http://www.uptimerobot.com/)"
www.nspw.org:80 35.226.23.240 - - [30/Apr/2018:00:27:11 -0400] "GET /robots.txt HTTP/1.1" 302 512 "-" "ltx71 - (http://ltx71.com/)"
www.nspw.org:80 216.244.66.200 - - [30/Apr/2018:00:27:50 -0400] "GET /robots.txt HTTP/1.1" 302 493 "-" "Mozilla/5.0 (compatible; DotBot/1.1; http://www.opensiteexplorer.org/dotbot, help@moz.com)"
www.nspw.org:80 34.231.5.82 - - [30/Apr/2018:00:29:39 -0400] "HEAD /papers/1999/nspw1999-timmerman.pdf HTTP/1.1" 302 222 "-" "Blackboard Safeassign"
www.nspw.org:80 34.231.5.82 - - [30/Apr/2018:00:29:41 -0400] "GET /papers/1999/nspw1999-timmerman.pdf HTTP/1.1" 302 560 "-" "Blackboard Safeassign"
www.nspw.org:80 69.162.124.227 - - [30/Apr/2018:00:31:16 -0400] "HEAD / HTTP/1.1" 302 188 "http://nspw.org/" "Mozilla/5.0+(compatible; UptimeRobot/2.0; http://www.uptimerobot.com/)"
www.nspw.org:80 208.54.40.209 - - [30/Apr/2018:00:33:36 -0400] "GET /papers/2007/nspw2007-mannan.pdf HTTP/1.1" 302 591 "-" "Mozilla/5.0 (iPhone; CPU iPhone OS 11_2_5 like Mac OS X) AppleWebKit/604.5.6 (KHTML, like Gecko) Version/11.0 Mobile/15D60 Safari/604.1"
www.nspw.org:80 69.162.124.227 - - [30/Apr/2018:00:36:16 -0400] "HEAD / HTTP/1.1" 302 188 "http://nspw.org/" "Mozilla/5.0+(compatible; UptimeRobot/2.0; http://www.uptimerobot.com/)"
www.nspw.org:80 80.229.232.214 - - [30/Apr/2018:00:36:33 -0400] "GET /wp-login.php HTTP/1.1" 302 553 "-" "Mozilla/5.0 (Windows NT 6.1; WOW64; rv:40.0) Gecko/20100101 Firefox/40.1"
www.nspw.org:80 80.229.232.214 - - [30/Apr/2018:00:36:35 -0400] "GET / HTTP/1.1" 302 528 "-" "Mozilla/5.0 (Windows NT 6.1; WOW64; rv:40.0) Gecko/20100101 Firefox/40.1"
www.nspw.org:80 2.49.116.95 - - [30/Apr/2018:00:37:03 -0400] "GET /wp-login.php HTTP/1.1" 302 553 "-" "Mozilla/5.0 (Windows NT 6.1; WOW64; rv:40.0) Gecko/20100101 Firefox/40.1"
www.nspw.org:80 2.49.116.95 - - [30/Apr/2018:00:37:06 -0400] "GET / HTTP/1.1" 302 528 "-" "Mozilla/5.0 (Windows NT 6.1; WOW64; rv:40.0) Gecko/20100101 Firefox/40.1"
www.nspw.org:80 111.206.52.66 - - [30/Apr/2018:00:37:46 -0400] "GET / HTTP/1.1" 302 473 "http://www.so.com" "Mozilla/5.0 (Windows NT 6.2; rv:30.0) Gecko/20150101 Firefox/32.0 360Spider 360Spider"
www.nspw.org:80 106.206.8.5 - - [30/Apr/2018:00:39:22 -0400] "GET /wp-login.php HTTP/1.1" 302 553 "-" "Mozilla/5.0 (Windows NT 6.1; WOW64; rv:40.0) Gecko/20100101 Firefox/40.1"
www.nspw.org:80 106.206.8.5 - - [30/Apr/2018:00:39:25 -0400] "GET / HTTP/1.1" 302 528 "-" "Mozilla/5.0 (Windows NT 6.1; WOW64; rv:40.0) Gecko/20100101 Firefox/40.1"
www.nspw.org:80 216.244.66.236 - - [30/Apr/2018:00:39:39 -0400] "GET /robots.txt HTTP/1.1" 302 493 "-" "Mozilla/5.0 (compatible; DotBot/1.1; http://www.opensiteexplorer.org/dotbot, help@moz.com)"
www.nspw.org:80 178.153.66.223 - - [30/Apr/2018:00:39:43 -0400] "GET /wp-login.php HTTP/1.1" 302 553 "-" "Mozilla/5.0 (Windows NT 6.1; WOW64; rv:40.0) Gecko/20100101 Firefox/40.1"
www.nspw.org:80 178.153.66.223 - - [30/Apr/2018:00:39:46 -0400] "GET / HTTP/1.1" 302 528 "-" "Mozilla/5.0 (Windows NT 6.1; WOW64; rv:40.0) Gecko/20100101 Firefox/40.1"
www.nspw.org:80 180.191.87.186 - - [30/Apr/2018:00:39:52 -0400] "GET /wp-login.php HTTP/1.1" 302 553 "-" "Mozilla/5.0 (Windows NT 6.1; WOW64; rv:40.0) Gecko/20100101 Firefox/40.1"
www.nspw.org:80 180.191.87.186 - - [30/Apr/2018:00:39:57 -0400] "GET / HTTP/1.1" 302 528 "-" "Mozilla/5.0 (Windows NT 6.1; WOW64; rv:40.0) Gecko/20100101 Firefox/40.1"
www.nspw.org:80 66.249.73.80 - - [30/Apr/2018:00:40:52 -0400] "GET /papers/2010/nspw2010-lilien.pdf HTTP/1.1" 302 591 "-" "Mozilla/5.0 (compatible; Googlebot/2.1; +http://www.google.com/bot.html)"
www.nspw.org:80 69.162.124.227 - - [30/Apr/2018:00:41:16 -0400] "HEAD / HTTP/1.1" 302 188 "http://nspw.org/" "Mozilla/5.0+(compatible; UptimeRobot/2.0; http://www.uptimerobot.com/)"
www.nspw.org:80 64.62.252.169 - - [30/Apr/2018:00:41:49 -0400] "GET /robots.txt HTTP/1.1" 302 549 "-" "The Knowledge AI"
www.nspw.org:80 64.62.252.169 - - [30/Apr/2018:00:42:08 -0400] "GET /current/ HTTP/1.1" 302 545 "-" "The Knowledge AI"
www.nspw.org:80 66.249.73.82 - - [30/Apr/2018:00:42:35 -0400] "GET /2009/proceedings/2001/nspw2001-brostoff.pdf HTTP/1.1" 302 615 "-" "Mozilla/5.0 (compatible; Googlebot/2.1; +http://www.google.com/bot.html)"
www.nspw.org:80 157.55.39.182 - - [30/Apr/2018:00:42:54 -0400] "GET /papers/1999/nspw1999-henning.pdf HTTP/1.1" 302 589 "-" "Mozilla/5.0 (iPhone; CPU iPhone OS 7_0 like Mac OS X) AppleWebKit/537.51.1 (KHTML, like Gecko) Version/7.0 Mobile/11A465 Safari/9537.53 (compatible; bingbot/2.0; +http://www.bing.com/bingbot.htm)"
www.nspw.org:80 66.249.73.80 - - [30/Apr/2018:00:44:19 -0400] "GET /papers/1993/nspw1993-rooker-2.pdf HTTP/1.1" 302 595 "-" "Mozilla/5.0 (compatible; Googlebot/2.1; +http://www.google.com/bot.html)"
www.nspw.org:80 180.76.15.141 - - [30/Apr/2018:00:44:56 -0400] "GET /node/65 HTTP/1.1" 302 506 "-" "Mozilla/5.0 (compatible; Baiduspider/2.0; +http://www.baidu.com/search/spider.html)"
www.nspw.org:80 180.76.15.24 - - [30/Apr/2018:00:45:56 -0400] "GET /papers/2013/nspw2013-ard.pdf HTTP/1.1" 302 548 "-" "Mozilla/5.0 (compatible; Baiduspider/2.0; +http://www.baidu.com/search/spider.html)"
www.nspw.org:80 66.249.73.78 - - [30/Apr/2018:00:46:02 -0400] "GET /papers/2006/nspw2006-naegoe.pdf HTTP/1.1" 302 591 "-" "Mozilla/5.0 (compatible; Googlebot/2.1; +http://www.google.com/bot.html)"
www.nspw.org:80 69.162.124.227 - - [30/Apr/2018:00:46:16 -0400] "HEAD / HTTP/1.1" 302 188 "http://nspw.org/" "Mozilla/5.0+(compatible; UptimeRobot/2.0; http://www.uptimerobot.com/)"
www.nspw.org:80 35.226.23.240 - - [30/Apr/2018:00:46:19 -0400] "GET /robots.txt HTTP/1.1" 302 512 "-" "ltx71 - (http://ltx71.com/)"
www.nspw.org:80 180.76.15.5 - - [30/Apr/2018:00:46:56 -0400] "GET /papers/2004/nspw2004-popescu.pdf HTTP/1.1" 302 556 "-" "Mozilla/5.0 (compatible; Baiduspider/2.0; +http://www.baidu.com/search/spider.html)"
www.nspw.org:80 66.249.73.78 - - [30/Apr/2018:00:47:46 -0400] "GET /papers/2010/nspw2010-raskin.pdf HTTP/1.1" 302 591 "-" "Mozilla/5.0 (compatible; Googlebot/2.1; +http://www.google.com/bot.html)"
www.nspw.org:80 180.76.15.14 - - [30/Apr/2018:00:47:56 -0400] "GET /2009/invite-old/papers.html HTTP/1.1" 302 546 "-" "Mozilla/5.0 (compatible; Baiduspider/2.0; +http://www.baidu.com/search/spider.html)"
www.nspw.org:80 35.226.23.240 - - [30/Apr/2018:00:49:42 -0400] "GET /papers/1994/?C=S;O=A HTTP/1.1" 302 532 "-" "ltx71 - (http://ltx71.com/)"
www.nspw.org:80 66.249.73.80 - - [30/Apr/2018:00:51:12 -0400] "GET /papers/2003/nspw2003-flechais.pdf HTTP/1.1" 302 595 "-" "Mozilla/5.0 (compatible; Googlebot/2.1; +http://www.google.com/bot.html)"
www.nspw.org:80 69.162.124.227 - - [30/Apr/2018:00:51:16 -0400] "HEAD / HTTP/1.1" 302 188 "http://nspw.org/" "Mozilla/5.0+(compatible; UptimeRobot/2.0; http://www.uptimerobot.com/)"
www.nspw.org:80 14.215.176.4 - - [30/Apr/2018:00:52:25 -0400] "GET / HTTP/1.1" 302 525 "http://www.baidu.com/s?wd=KMF" "Mozilla/5.0 (Windows NT 6.1; WOW64; rv:43.0) Gecko/20100101 Firefox/43.0"
www.nspw.org:80 ::1 - - [30/Apr/2018:00:52:35 -0400] "OPTIONS * HTTP/1.0" 200 126 "-" "Apache/2.4.29 (Ubuntu) OpenSSL/1.1.0g (internal dummy connection)"
www.nspw.org:80 66.249.73.78 - - [30/Apr/2018:00:52:56 -0400] "GET /papers/2006/nspw2006-crawford.pdf HTTP/1.1" 302 595 "-" "Mozilla/5.0 (compatible; Googlebot/2.1; +http://www.google.com/bot.html)"
www.nspw.org:80 207.241.232.46 - - [30/Apr/2018:00:54:15 -0400] "GET /robots.txt HTTP/1.0" 302 508 "-" "Mozilla/5.0 (compatible; archive.org_bot +http://www.archive.org/details/archive.org_bot)"
www.nspw.org:80 207.241.232.46 - - [30/Apr/2018:00:54:18 -0400] "GET /modules/system/system.menus.css?nhfa6e HTTP/1.0" 302 564 "http://nspw.org/" "Mozilla/5.0 (compatible; archive.org_bot +http://www.archive.org/details/archive.org_bot)"
www.nspw.org:80 69.162.124.227 - - [30/Apr/2018:00:56:16 -0400] "HEAD / HTTP/1.1" 302 188 "http://nspw.org/" "Mozilla/5.0+(compatible; UptimeRobot/2.0; http://www.uptimerobot.com/)"
www.nspw.org:80 66.249.73.80 - - [30/Apr/2018:00:56:22 -0400] "GET /2009/proceedings/1993/nspw1993-lin.pdf HTTP/1.1" 302 605 "-" "Mozilla/5.0 (compatible; Googlebot/2.1; +http://www.google.com/bot.html)"
www.nspw.org:80 14.215.176.7 - - [30/Apr/2018:00:56:38 -0400] "GET / HTTP/1.1" 302 529 "http://www.baidu.com/s?wd=Z3L" "Mozilla/5.0 (Windows NT 6.1; WOW64; rv:43.0) Gecko/20100101 Firefox/43.0"
www.nspw.org:80 ::1 - - [30/Apr/2018:00:56:46 -0400] "OPTIONS * HTTP/1.0" 200 126 "-" "Apache/2.4.29 (Ubuntu) OpenSSL/1.1.0g (internal dummy connection)"
www.nspw.org:80 73.135.218.72 - - [30/Apr/2018:00:56:47 -0400] "GET /2009/proceedings/2009/nspw2009-herley.pdf HTTP/1.1" 302 611 "-" "Mozilla/5.0 (Macintosh; Intel Mac OS X 10_12_6) AppleWebKit/537.36 (KHTML, like Gecko) Chrome/65.0.3325.181 Safari/537.36"
www.nspw.org:80 ::1 - - [30/Apr/2018:00:56:54 -0400] "OPTIONS * HTTP/1.0" 200 126 "-" "Apache/2.4.29 (Ubuntu) OpenSSL/1.1.0g (internal dummy connection)"
www.nspw.org:80 ::1 - - [30/Apr/2018:00:57:04 -0400] "OPTIONS * HTTP/1.0" 200 126 "-" "Apache/2.4.29 (Ubuntu) OpenSSL/1.1.0g (internal dummy connection)"
www.nspw.org:80 191.6.95.178 - - [30/Apr/2018:00:57:09 -0400] "GET /wp-login.php HTTP/1.1" 302 553 "-" "Mozilla/5.0 (Windows NT 6.1; WOW64; rv:40.0) Gecko/20100101 Firefox/40.1"
www.nspw.org:80 191.6.95.178 - - [30/Apr/2018:00:57:12 -0400] "GET / HTTP/1.1" 302 528 "-" "Mozilla/5.0 (Windows NT 6.1; WOW64; rv:40.0) Gecko/20100101 Firefox/40.1"
www.nspw.org:80 66.249.73.80 - - [30/Apr/2018:00:58:06 -0400] "GET /papers/2005/nspw2005-flechais.pdf HTTP/1.1" 302 595 "-" "Mozilla/5.0 (compatible; Googlebot/2.1; +http://www.google.com/bot.html)"
www.nspw.org:80 43.231.209.53 - - [30/Apr/2018:00:58:51 -0400] "GET /wp-login.php HTTP/1.1" 302 553 "-" "Mozilla/5.0 (Windows NT 6.1; WOW64; rv:40.0) Gecko/20100101 Firefox/40.1"
www.nspw.org:80 43.231.209.53 - - [30/Apr/2018:00:58:55 -0400] "GET / HTTP/1.1" 302 528 "-" "Mozilla/5.0 (Windows NT 6.1; WOW64; rv:40.0) Gecko/20100101 Firefox/40.1"
www.nspw.org:80 69.162.124.227 - - [30/Apr/2018:01:01:16 -0400] "HEAD / HTTP/1.1" 302 188 "http://nspw.org/" "Mozilla/5.0+(compatible; UptimeRobot/2.0; http://www.uptimerobot.com/)"
www.nspw.org:80 66.249.73.80 - - [30/Apr/2018:01:01:32 -0400] "GET /papers/1996/nspw1996-zurko.pdf HTTP/1.1" 302 589 "-" "Mozilla/5.0 (compatible; Googlebot/2.1; +http://www.google.com/bot.html)"
www.nspw.org:80 185.234.217.11 - - [30/Apr/2018:01:02:57 -0400] "POST /?q=user/password&name[%23post_render][]=passthru&name[%23type]=markup&name[%23markup]=uname+-a HTTP/1.1" 302 669 "-" "curl/7.35.0"
www.nspw.org:80 216.244.66.236 - - [30/Apr/2018:01:03:00 -0400] "GET /robots.txt HTTP/1.1" 302 493 "-" "Mozilla/5.0 (compatible; DotBot/1.1; http://www.opensiteexplorer.org/dotbot, help@moz.com)"
www.nspw.org:80 216.244.66.200 - - [30/Apr/2018:01:03:14 -0400] "GET /2002/cfp.content HTTP/1.1" 302 505 "-" "Mozilla/5.0 (compatible; DotBot/1.1; http://www.opensiteexplorer.org/dotbot, help@moz.com)"
www.nspw.org:80 66.249.73.80 - - [30/Apr/2018:01:03:16 -0400] "GET /papers/1993/nspw1993-slack.pdf HTTP/1.1" 302 589 "-" "Mozilla/5.0 (compatible; Googlebot/2.1; +http://www.google.com/bot.html)"
www.nspw.org:80 47.106.150.96 - - [30/Apr/2018:01:04:45 -0400] "PROPFIND / HTTP/1.1" 302 489 "-" "-"
www.nspw.org:80 47.106.150.96 - - [30/Apr/2018:01:04:45 -0400] "PROPFIND / HTTP/1.1" 302 489 "-" "-"
www.nspw.org:80 47.106.150.96 - - [30/Apr/2018:01:04:45 -0400] "POST /wls-wsat/CoordinatorPortType HTTP/1.1" 302 550 "-" "Mozilla/5.0 (Windows NT 6.1; rv:5.0) Gecko/20100101 Firefox/5.0"
www.nspw.org:80 47.106.150.96 - - [30/Apr/2018:01:04:45 -0400] "POST /wls-wsat/CoordinatorPortType HTTP/1.1" 302 550 "-" "Mozilla/5.0 (Windows NT 6.1; rv:5.0) Gecko/20100101 Firefox/5.0"
www.nspw.org:80 47.106.150.96 - - [30/Apr/2018:01:05:00 -0400] "GET /index.php HTTP/1.1" 302 549 "-" "Mozilla/5.0"
www.nspw.org:80 47.106.150.96 - - [30/Apr/2018:01:05:01 -0400] "GET /phpmyadmin/index.php HTTP/1.1" 302 570 "-" "Mozilla/5.0"
www.nspw.org:80 47.106.150.96 - - [30/Apr/2018:01:05:01 -0400] "GET /index.php HTTP/1.1" 302 549 "-" "Mozilla/5.0"
www.nspw.org:80 47.106.150.96 - - [30/Apr/2018:01:05:01 -0400] "GET /phpMyAdmin/index.php HTTP/1.1" 302 570 "-" "Mozilla/5.0"
www.nspw.org:80 47.106.150.96 - - [30/Apr/2018:01:05:01 -0400] "GET /phpmyadmin/index.php HTTP/1.1" 302 570 "-" "Mozilla/5.0"
www.nspw.org:80 47.106.150.96 - - [30/Apr/2018:01:05:01 -0400] "GET /pmd/index.php HTTP/1.1" 302 556 "-" "Mozilla/5.0"
www.nspw.org:80 47.106.150.96 - - [30/Apr/2018:01:05:01 -0400] "GET /phpMyAdmin/index.php HTTP/1.1" 302 570 "-" "Mozilla/5.0"
www.nspw.org:80 47.106.150.96 - - [30/Apr/2018:01:05:01 -0400] "GET /pma/index.php HTTP/1.1" 302 556 "-" "Mozilla/5.0"
www.nspw.org:80 47.106.150.96 - - [30/Apr/2018:01:05:02 -0400] "GET /pmd/index.php HTTP/1.1" 302 556 "-" "Mozilla/5.0"
www.nspw.org:80 47.106.150.96 - - [30/Apr/2018:01:05:02 -0400] "GET /PMA/index.php HTTP/1.1" 302 556 "-" "Mozilla/5.0"
www.nspw.org:80 47.106.150.96 - - [30/Apr/2018:01:05:02 -0400] "GET /PMA2/index.php HTTP/1.1" 302 558 "-" "Mozilla/5.0"
www.nspw.org:80 47.106.150.96 - - [30/Apr/2018:01:05:02 -0400] "GET /pma/index.php HTTP/1.1" 302 556 "-" "Mozilla/5.0"
www.nspw.org:80 47.106.150.96 - - [30/Apr/2018:01:05:02 -0400] "GET /pmamy/index.php HTTP/1.1" 302 560 "-" "Mozilla/5.0"
www.nspw.org:80 47.106.150.96 - - [30/Apr/2018:01:05:02 -0400] "GET /PMA/index.php HTTP/1.1" 302 556 "-" "Mozilla/5.0"
www.nspw.org:80 47.106.150.96 - - [30/Apr/2018:01:05:02 -0400] "GET /pmamy2/index.php HTTP/1.1" 302 562 "-" "Mozilla/5.0"
www.nspw.org:80 47.106.150.96 - - [30/Apr/2018:01:05:03 -0400] "GET /mysql/index.php HTTP/1.1" 302 560 "-" "Mozilla/5.0"
www.nspw.org:80 47.106.150.96 - - [30/Apr/2018:01:05:03 -0400] "GET /PMA2/index.php HTTP/1.1" 302 558 "-" "Mozilla/5.0"
www.nspw.org:80 47.106.150.96 - - [30/Apr/2018:01:05:03 -0400] "GET /admin/index.php HTTP/1.1" 302 560 "-" "Mozilla/5.0"
www.nspw.org:80 47.106.150.96 - - [30/Apr/2018:01:05:03 -0400] "GET /pmamy/index.php HTTP/1.1" 302 560 "-" "Mozilla/5.0"
www.nspw.org:80 47.106.150.96 - - [30/Apr/2018:01:05:03 -0400] "GET /db/index.php HTTP/1.1" 302 554 "-" "Mozilla/5.0"
www.nspw.org:80 47.106.150.96 - - [30/Apr/2018:01:05:03 -0400] "GET /dbadmin/index.php HTTP/1.1" 302 564 "-" "Mozilla/5.0"
www.nspw.org:80 47.106.150.96 - - [30/Apr/2018:01:05:04 -0400] "GET /web/phpMyAdmin/index.php HTTP/1.1" 302 578 "-" "Mozilla/5.0"
www.nspw.org:80 47.106.150.96 - - [30/Apr/2018:01:05:04 -0400] "GET /admin/pma/index.php HTTP/1.1" 302 568 "-" "Mozilla/5.0"
www.nspw.org:80 47.106.150.96 - - [30/Apr/2018:01:05:04 -0400] "GET /pmamy2/index.php HTTP/1.1" 302 562 "-" "Mozilla/5.0"
www.nspw.org:80 47.106.150.96 - - [30/Apr/2018:01:05:04 -0400] "GET /admin/PMA/index.php HTTP/1.1" 302 568 "-" "Mozilla/5.0"
www.nspw.org:80 47.106.150.96 - - [30/Apr/2018:01:05:04 -0400] "GET /mysql/index.php HTTP/1.1" 302 560 "-" "Mozilla/5.0"
www.nspw.org:80 47.106.150.96 - - [30/Apr/2018:01:05:04 -0400] "GET /admin/mysql/index.php HTTP/1.1" 302 572 "-" "Mozilla/5.0"
www.nspw.org:80 47.106.150.96 - - [30/Apr/2018:01:05:05 -0400] "GET /admin/mysql2/index.php HTTP/1.1" 302 574 "-" "Mozilla/5.0"
www.nspw.org:80 47.106.150.96 - - [30/Apr/2018:01:05:05 -0400] "GET /admin/index.php HTTP/1.1" 302 560 "-" "Mozilla/5.0"
www.nspw.org:80 47.106.150.96 - - [30/Apr/2018:01:05:05 -0400] "GET /admin/phpmyadmin/index.php HTTP/1.1" 302 582 "-" "Mozilla/5.0"
www.nspw.org:80 47.106.150.96 - - [30/Apr/2018:01:05:05 -0400] "GET /db/index.php HTTP/1.1" 302 554 "-" "Mozilla/5.0"
www.nspw.org:80 47.106.150.96 - - [30/Apr/2018:01:05:05 -0400] "GET /admin/phpMyAdmin/index.php HTTP/1.1" 302 582 "-" "Mozilla/5.0"
www.nspw.org:80 47.106.150.96 - - [30/Apr/2018:01:05:05 -0400] "GET /dbadmin/index.php HTTP/1.1" 302 564 "-" "Mozilla/5.0"
www.nspw.org:80 47.106.150.96 - - [30/Apr/2018:01:05:05 -0400] "GET /admin/phpmyadmin2/index.php HTTP/1.1" 302 584 "-" "Mozilla/5.0"
www.nspw.org:80 47.106.150.96 - - [30/Apr/2018:01:05:06 -0400] "GET /mysqladmin/index.php HTTP/1.1" 302 570 "-" "Mozilla/5.0"
www.nspw.org:80 47.106.150.96 - - [30/Apr/2018:01:05:06 -0400] "GET /web/phpMyAdmin/index.php HTTP/1.1" 302 578 "-" "Mozilla/5.0"
www.nspw.org:80 47.106.150.96 - - [30/Apr/2018:01:05:06 -0400] "GET /mysql-admin/index.php HTTP/1.1" 302 572 "-" "Mozilla/5.0"
www.nspw.org:80 47.106.150.96 - - [30/Apr/2018:01:05:06 -0400] "GET /admin/pma/index.php HTTP/1.1" 302 568 "-" "Mozilla/5.0"
www.nspw.org:80 47.106.150.96 - - [30/Apr/2018:01:05:06 -0400] "GET /phpadmin/index.php HTTP/1.1" 302 566 "-" "Mozilla/5.0"
www.nspw.org:80 47.106.150.96 - - [30/Apr/2018:01:05:06 -0400] "GET /admin/PMA/index.php HTTP/1.1" 302 568 "-" "Mozilla/5.0"
www.nspw.org:80 47.106.150.96 - - [30/Apr/2018:01:05:06 -0400] "GET /phpmyadmin0/index.php HTTP/1.1" 302 572 "-" "Mozilla/5.0"
www.nspw.org:80 47.106.150.96 - - [30/Apr/2018:01:05:07 -0400] "GET /phpmyadmin1/index.php HTTP/1.1" 302 572 "-" "Mozilla/5.0"
www.nspw.org:80 47.106.150.96 - - [30/Apr/2018:01:05:07 -0400] "GET /phpmyadmin2/index.php HTTP/1.1" 302 572 "-" "Mozilla/5.0"
www.nspw.org:80 47.106.150.96 - - [30/Apr/2018:01:05:07 -0400] "GET /myadmin/index.php HTTP/1.1" 302 564 "-" "Mozilla/5.0"
www.nspw.org:80 47.106.150.96 - - [30/Apr/2018:01:05:07 -0400] "GET /admin/mysql/index.php HTTP/1.1" 302 572 "-" "Mozilla/5.0"
www.nspw.org:80 47.106.150.96 - - [30/Apr/2018:01:05:07 -0400] "GET /myadmin2/index.php HTTP/1.1" 302 566 "-" "Mozilla/5.0"
www.nspw.org:80 47.106.150.96 - - [30/Apr/2018:01:05:08 -0400] "GET /admin/mysql2/index.php HTTP/1.1" 302 574 "-" "Mozilla/5.0"
www.nspw.org:80 47.106.150.96 - - [30/Apr/2018:01:05:08 -0400] "GET /xampp/phpmyadmin/index.php HTTP/1.1" 302 582 "-" "Mozilla/5.0"
www.nspw.org:80 47.106.150.96 - - [30/Apr/2018:01:05:08 -0400] "GET /phpMyadmin_bak/index.php HTTP/1.1" 302 578 "-" "Mozilla/5.0"
www.nspw.org:80 47.106.150.96 - - [30/Apr/2018:01:05:08 -0400] "GET /admin/phpmyadmin/index.php HTTP/1.1" 302 582 "-" "Mozilla/5.0"
www.nspw.org:80 47.106.150.96 - - [30/Apr/2018:01:05:08 -0400] "GET /www/phpMyAdmin/index.php HTTP/1.1" 302 578 "-" "Mozilla/5.0"
www.nspw.org:80 47.106.150.96 - - [30/Apr/2018:01:05:08 -0400] "GET /admin/phpMyAdmin/index.php HTTP/1.1" 302 582 "-" "Mozilla/5.0"
www.nspw.org:80 47.106.150.96 - - [30/Apr/2018:01:05:08 -0400] "GET /tools/phpMyAdmin/index.php HTTP/1.1" 302 582 "-" "Mozilla/5.0"
www.nspw.org:80 47.106.150.96 - - [30/Apr/2018:01:05:09 -0400] "GET /admin/phpmyadmin2/index.php HTTP/1.1" 302 584 "-" "Mozilla/5.0"
www.nspw.org:80 47.106.150.96 - - [30/Apr/2018:01:05:09 -0400] "GET /phpmyadmin-old/index.php HTTP/1.1" 302 578 "-" "Mozilla/5.0"
www.nspw.org:80 47.106.150.96 - - [30/Apr/2018:01:05:09 -0400] "GET /phpMyAdminold/index.php HTTP/1.1" 302 576 "-" "Mozilla/5.0"
www.nspw.org:80 47.106.150.96 - - [30/Apr/2018:01:05:09 -0400] "GET /mysqladmin/index.php HTTP/1.1" 302 570 "-" "Mozilla/5.0"
www.nspw.org:80 47.106.150.96 - - [30/Apr/2018:01:05:09 -0400] "GET /pma-old/index.php HTTP/1.1" 302 564 "-" "Mozilla/5.0"
