www.nspw.org:80 180.76.15.10 - - [08/May/2018:00:48:36 -0400] "GET / HTTP/1.1" 302 488 "-" "Mozilla/5.0 (compatible; Baiduspider/2.0; +http://www.baidu.com/search/spider.html)"
www.nspw.org:80 157.55.39.215 - - [08/May/2018:00:49:04 -0400] "GET /papers/2014-pre/stobert-nspw2014pre.pdf HTTP/1.1" 302 607 "-" "Mozilla/5.0 (iPhone; CPU iPhone OS 7_0 like Mac OS X) AppleWebKit/537.51.1 (KHTML, like Gecko) Version/7.0 Mobile/11A465 Safari/9537.53 (compatible; bingbot/2.0; +http://www.bing.com/bingbot.htm)"
www.nspw.org:80 69.162.124.227 - - [08/May/2018:00:49:08 -0400] "HEAD / HTTP/1.1" 302 188 "http://nspw.org/" "Mozilla/5.0+(compatible; UptimeRobot/2.0; http://www.uptimerobot.com/)"
www.nspw.org:80 66.249.84.14 - - [08/May/2018:00:50:39 -0400] "GET /sites/default/files/nspw-logo-smaller.jpg HTTP/1.1" 302 611 "-" "Mozilla/5.0 (Windows NT 5.1; rv:11.0) Gecko Firefox/11.0 (via ggpht.com GoogleImageProxy)"
www.nspw.org:80 66.249.64.206 - - [08/May/2018:00:53:23 -0400] "GET /cfp/nspw2011-cfp.pdf HTTP/1.1" 302 569 "-" "Mozilla/5.0 (compatible; Googlebot/2.1; +http://www.google.com/bot.html)"
www.nspw.org:80 105.186.101.92 - - [08/May/2018:00:54:01 -0400] "GET /wp-login.php HTTP/1.1" 302 553 "-" "Mozilla/5.0 (Windows NT 6.1; WOW64; rv:40.0) Gecko/20100101 Firefox/40.1"
www.nspw.org:80 105.186.101.92 - - [08/May/2018:00:54:05 -0400] "GET / HTTP/1.1" 302 528 "-" "Mozilla/5.0 (Windows NT 6.1; WOW64; rv:40.0) Gecko/20100101 Firefox/40.1"
www.nspw.org:80 69.162.124.227 - - [08/May/2018:00:54:08 -0400] "HEAD / HTTP/1.1" 302 188 "http://nspw.org/" "Mozilla/5.0+(compatible; UptimeRobot/2.0; http://www.uptimerobot.com/)"
www.nspw.org:80 216.244.66.236 - - [08/May/2018:00:56:39 -0400] "GET /robots.txt HTTP/1.1" 302 493 "-" "Mozilla/5.0 (compatible; DotBot/1.1; http://www.opensiteexplorer.org/dotbot, help@moz.com)"
www.nspw.org:80 199.16.157.182 - - [08/May/2018:00:57:29 -0400] "GET /robots.txt HTTP/1.1" 302 489 "-" "Twitterbot/1.0"
www.nspw.org:80 199.16.157.182 - - [08/May/2018:00:57:30 -0400] "GET /2018/cfp HTTP/1.1" 302 485 "-" "Twitterbot/1.0"
www.nspw.org:80 137.112.228.195 - - [08/May/2018:00:57:42 -0400] "GET /papers/2007/nspw2007-mannan.pdf HTTP/1.1" 302 591 "-" "Mozilla/5.0 (iPhone; CPU iPhone OS 11_2_5 like Mac OS X) AppleWebKit/604.5.6 (KHTML, like Gecko) Version/11.0 Mobile/15D60 Safari/604.1"
www.nspw.org:80 66.249.64.210 - - [08/May/2018:00:57:58 -0400] "GET /2005/PC/richard%20ford.pdf HTTP/1.1" 302 581 "-" "Googlebot/2.1 (+http://www.google.com/bot.html)"
www.nspw.org:80 40.77.167.0 - - [08/May/2018:00:58:35 -0400] "GET /papers/2010/nspw2010-franz.pdf HTTP/1.1" 302 585 "-" "Mozilla/5.0 (iPhone; CPU iPhone OS 7_0 like Mac OS X) AppleWebKit/537.51.1 (KHTML, like Gecko) Version/7.0 Mobile/11A465 Safari/9537.53 (compatible; bingbot/2.0; +http://www.bing.com/bingbot.htm)"
www.nspw.org:80 66.249.64.208 - - [08/May/2018:00:58:43 -0400] "GET /papers/1994/nspw1994-limoges.pdf HTTP/1.1" 302 593 "-" "Mozilla/5.0 (compatible; Googlebot/2.1; +http://www.google.com/bot.html)"
www.nspw.org:80 69.162.124.227 - - [08/May/2018:00:59:08 -0400] "HEAD / HTTP/1.1" 302 188 "http://nspw.org/" "Mozilla/5.0+(compatible; UptimeRobot/2.0; http://www.uptimerobot.com/)"
www.nspw.org:80 54.36.149.68 - - [08/May/2018:01:01:31 -0400] "GET /2008/nspw-footer-old.html HTTP/1.1" 302 523 "-" "Mozilla/5.0 (compatible; AhrefsBot/5.2; +http://ahrefs.com/robot/)"
www.nspw.org:80 40.77.167.82 - - [08/May/2018:01:03:08 -0400] "GET /papers/2014-pre/gates-nspw2014pre.pdf HTTP/1.1" 302 603 "-" "Mozilla/5.0 (iPhone; CPU iPhone OS 7_0 like Mac OS X) AppleWebKit/537.51.1 (KHTML, like Gecko) Version/7.0 Mobile/11A465 Safari/9537.53 (compatible; bingbot/2.0; +http://www.bing.com/bingbot.htm)"
www.nspw.org:80 66.249.64.208 - - [08/May/2018:01:03:17 -0400] "GET /papers/2000/nspw2000-irvine.pdf HTTP/1.1" 302 591 "-" "Googlebot/2.1 (+http://www.google.com/bot.html)"
www.nspw.org:80 69.162.124.227 - - [08/May/2018:01:04:08 -0400] "HEAD / HTTP/1.1" 302 188 "http://nspw.org/" "Mozilla/5.0+(compatible; UptimeRobot/2.0; http://www.uptimerobot.com/)"
www.nspw.org:80 199.58.86.211 - - [08/May/2018:01:04:50 -0400] "GET /robots.txt HTTP/1.1" 302 545 "-" "Mozilla/5.0 (compatible; MJ12bot/v1.4.8; http://mj12bot.com/)"
www.nspw.org:80 199.58.86.211 - - [08/May/2018:01:05:02 -0400] "GET / HTTP/1.1" 302 469 "-" "Mozilla/5.0 (compatible; MJ12bot/v1.4.8; http://mj12bot.com/)"
www.nspw.org:80 107.21.1.8 - - [08/May/2018:01:08:14 -0400] "GET / HTTP/1.1" 302 529 "http://www.nspw.org/" "Mozilla/5.0 (compatible; DuckDuckGo-Favicons-Bot/1.0; +http://duckduckgo.com)"
www.nspw.org:80 107.21.1.8 - - [08/May/2018:01:08:14 -0400] "GET /favicon.ico HTTP/1.1" 302 550 "http://www.nspw.org/favicon.ico" "Mozilla/5.0 (compatible; DuckDuckGo-Favicons-Bot/1.0; +http://duckduckgo.com)"
www.nspw.org:80 66.249.64.210 - - [08/May/2018:01:08:40 -0400] "GET /2005/cfp/latex/macros.sty HTTP/1.1" 302 579 "-" "Mozilla/5.0 (compatible; Googlebot/2.1; +http://www.google.com/bot.html)"
www.nspw.org:80 69.162.124.227 - - [08/May/2018:01:09:08 -0400] "HEAD / HTTP/1.1" 302 188 "http://nspw.org/" "Mozilla/5.0+(compatible; UptimeRobot/2.0; http://www.uptimerobot.com/)"
www.nspw.org:80 49.206.124.49 - - [08/May/2018:01:11:48 -0400] "GET /wp-login.php HTTP/1.1" 302 553 "-" "Mozilla/5.0 (Windows NT 6.1; WOW64; rv:40.0) Gecko/20100101 Firefox/40.1"
www.nspw.org:80 49.206.124.49 - - [08/May/2018:01:11:50 -0400] "GET / HTTP/1.1" 302 528 "-" "Mozilla/5.0 (Windows NT 6.1; WOW64; rv:40.0) Gecko/20100101 Firefox/40.1"
www.nspw.org:80 40.77.167.0 - - [08/May/2018:01:12:20 -0400] "GET /papers/2008/nspw2008-laurie.pdf HTTP/1.1" 302 591 "-" "Mozilla/5.0 (iPhone; CPU iPhone OS 7_0 like Mac OS X) AppleWebKit/537.51.1 (KHTML, like Gecko) Version/7.0 Mobile/11A465 Safari/9537.53 (compatible; bingbot/2.0; +http://www.bing.com/bingbot.htm)"
www.nspw.org:80 106.11.156.208 - - [08/May/2018:01:13:15 -0400] "GET /2016 HTTP/1.1" 302 537 "-" "YisouSpider"
www.nspw.org:80 106.11.157.113 - - [08/May/2018:01:13:15 -0400] "GET /robots.txt HTTP/1.1" 302 549 "-" "YisouSpider"
www.nspw.org:80 66.249.64.208 - - [08/May/2018:01:13:50 -0400] "GET /papers/1996/nspw1996-hosmer.pdf HTTP/1.1" 302 591 "-" "Mozilla/5.0 (compatible; Googlebot/2.1; +http://www.google.com/bot.html)"
www.nspw.org:80 69.162.124.227 - - [08/May/2018:01:14:08 -0400] "HEAD / HTTP/1.1" 302 188 "http://nspw.org/" "Mozilla/5.0+(compatible; UptimeRobot/2.0; http://www.uptimerobot.com/)"
www.nspw.org:80 66.249.64.208 - - [08/May/2018:01:15:10 -0400] "GET /papers/1999/nspw1999-li.pdf HTTP/1.1" 302 583 "-" "Googlebot/2.1 (+http://www.google.com/bot.html)"
www.nspw.org:80 66.249.64.16 - - [08/May/2018:01:17:26 -0400] "GET /2016/accepted HTTP/1.1" 302 551 "-" "Mozilla/5.0 (compatible; Googlebot/2.1; +http://www.google.com/bot.html)"
www.nspw.org:80 66.249.64.210 - - [08/May/2018:01:18:08 -0400] "GET /2018/?utm_source=infosec-conferences-com&utm_medium=directory&utm_campaign=free-listing HTTP/1.1" 302 711 "-" "Mozilla/5.0 (compatible; Googlebot/2.1; +http://www.google.com/bot.html)"
www.nspw.org:80 66.249.64.208 - - [08/May/2018:01:19:00 -0400] "GET /papers/1996/nspw1996-williams.pdf HTTP/1.1" 302 595 "-" "Mozilla/5.0 (compatible; Googlebot/2.1; +http://www.google.com/bot.html)"
www.nspw.org:80 66.249.64.208 - - [08/May/2018:01:19:05 -0400] "GET /current/dates.shtml HTTP/1.1" 302 567 "-" "Mozilla/5.0 (compatible; Googlebot/2.1; +http://www.google.com/bot.html)"
www.nspw.org:80 69.162.124.227 - - [08/May/2018:01:19:08 -0400] "HEAD / HTTP/1.1" 302 188 "http://nspw.org/" "Mozilla/5.0+(compatible; UptimeRobot/2.0; http://www.uptimerobot.com/)"
www.nspw.org:80 220.181.51.119 - - [08/May/2018:01:19:25 -0400] "GET / HTTP/1.1" 302 492 "-" "Mozilla/5.0 (Windows NT 10.0; WOW64) AppleWebKit/537.36 (KHTML, like Gecko) Chrome/45.0.2454.93 Safari/537.36"
www.nspw.org:80 216.244.66.236 - - [08/May/2018:01:19:51 -0400] "GET /robots.txt HTTP/1.1" 302 493 "-" "Mozilla/5.0 (compatible; DotBot/1.1; http://www.opensiteexplorer.org/dotbot, help@moz.com)"
www.nspw.org:80 111.125.103.85 - - [08/May/2018:01:20:46 -0400] "GET /wp-login.php HTTP/1.1" 302 553 "-" "Mozilla/5.0 (Windows NT 6.1; WOW64; rv:40.0) Gecko/20100101 Firefox/40.1"
www.nspw.org:80 111.125.103.85 - - [08/May/2018:01:20:48 -0400] "GET / HTTP/1.1" 302 528 "-" "Mozilla/5.0 (Windows NT 6.1; WOW64; rv:40.0) Gecko/20100101 Firefox/40.1"
www.nspw.org:80 86.137.104.111 - - [08/May/2018:01:22:38 -0400] "GET /papers/2013/nspw2013-ard.pdf HTTP/1.1" 302 585 "-" "Mozilla/5.0 (iPhone; CPU iPhone OS 11_3 like Mac OS X) AppleWebKit/605.1.15 (KHTML, like Gecko) Version/11.0 Mobile/15E148 Safari/604.1"
www.nspw.org:80 69.162.124.227 - - [08/May/2018:01:24:08 -0400] "HEAD / HTTP/1.1" 302 188 "http://nspw.org/" "Mozilla/5.0+(compatible; UptimeRobot/2.0; http://www.uptimerobot.com/)"
www.nspw.org:80 185.222.210.29 - - [08/May/2018:01:24:59 -0400] "PROPFIND / HTTP/1.1" 302 470 "-" "-"
www.nspw.org:80 61.219.164.214 - - [08/May/2018:01:28:50 -0400] "POST /sites/default/files/power.php HTTP/1.0" 302 546 "http://nspw.org/sites/default/files/power.php" "Mozilla/5.0 (Windows NT 10.0; Win64; x64) AppleWebKit/537.36 (KHTML, like Gecko) Chrome/52.0.2743.116 Safari/537.36 Edge/15.15063"
www.nspw.org:80 69.162.124.227 - - [08/May/2018:01:29:08 -0400] "HEAD / HTTP/1.1" 302 188 "http://nspw.org/" "Mozilla/5.0+(compatible; UptimeRobot/2.0; http://www.uptimerobot.com/)"
www.nspw.org:80 66.249.64.206 - - [08/May/2018:01:29:11 -0400] "GET /papers/2011/nspw2011-locasto.pdf HTTP/1.1" 302 593 "-" "Mozilla/5.0 (compatible; Googlebot/2.1; +http://www.google.com/bot.html)"
www.nspw.org:80 69.162.124.227 - - [08/May/2018:01:34:08 -0400] "HEAD / HTTP/1.1" 302 188 "http://nspw.org/" "Mozilla/5.0+(compatible; UptimeRobot/2.0; http://www.uptimerobot.com/)"
www.nspw.org:80 103.49.54.135 - - [08/May/2018:01:36:49 -0400] "GET /wp-login.php HTTP/1.1" 302 553 "-" "Mozilla/5.0 (Windows NT 6.1; WOW64; rv:40.0) Gecko/20100101 Firefox/40.1"
www.nspw.org:80 103.49.54.135 - - [08/May/2018:01:36:51 -0400] "GET / HTTP/1.1" 302 528 "-" "Mozilla/5.0 (Windows NT 6.1; WOW64; rv:40.0) Gecko/20100101 Firefox/40.1"
www.nspw.org:80 40.77.167.82 - - [08/May/2018:01:38:28 -0400] "GET /2014 HTTP/1.1" 302 537 "-" "Mozilla/5.0 (iPhone; CPU iPhone OS 7_0 like Mac OS X) AppleWebKit/537.51.1 (KHTML, like Gecko) Version/7.0 Mobile/11A465 Safari/9537.53 (compatible; bingbot/2.0; +http://www.bing.com/bingbot.htm)"
www.nspw.org:80 69.162.124.227 - - [08/May/2018:01:39:08 -0400] "HEAD / HTTP/1.1" 302 188 "http://nspw.org/" "Mozilla/5.0+(compatible; UptimeRobot/2.0; http://www.uptimerobot.com/)"
www.nspw.org:80 185.212.171.186 - - [08/May/2018:01:39:56 -0400] "GET /user/login HTTP/1.1" 302 489 "http://nspw.org/user/login" "Mozilla/5.0 (Windows NT 10.0; WOW64) AppleWebKit/537.36 (KHTML, like Gecko) Chrome/62.0.3198.0 Safari/537.36 OPR/49.0.2711.0"
www.nspw.org:80 185.212.171.186 - - [08/May/2018:01:39:56 -0400] "GET /user/login HTTP/1.1" 302 489 "http://nspw.org/user/login" "Mozilla/5.0 (Windows NT 10.0; WOW64) AppleWebKit/537.36 (KHTML, like Gecko) Chrome/62.0.3198.0 Safari/537.36 OPR/49.0.2711.0"
www.nspw.org:80 185.212.171.186 - - [08/May/2018:01:39:57 -0400] "GET /user/login HTTP/1.1" 302 489 "http://nspw.org/user/login" "Mozilla/5.0 (Windows NT 10.0; WOW64) AppleWebKit/537.36 (KHTML, like Gecko) Chrome/62.0.3198.0 Safari/537.36 OPR/49.0.2711.0"
www.nspw.org:80 122.174.225.128 - - [08/May/2018:01:40:16 -0400] "GET /wp-login.php HTTP/1.1" 302 553 "-" "Mozilla/5.0 (Windows NT 6.1; WOW64; rv:40.0) Gecko/20100101 Firefox/40.1"
www.nspw.org:80 122.174.225.128 - - [08/May/2018:01:40:23 -0400] "GET / HTTP/1.1" 302 529 "-" "Mozilla/5.0 (Windows NT 6.1; WOW64; rv:40.0) Gecko/20100101 Firefox/40.1"
www.nspw.org:80 41.79.138.19 - - [08/May/2018:01:42:04 -0400] "GET /wp-login.php HTTP/1.1" 302 553 "-" "Mozilla/5.0 (Windows NT 6.1; WOW64; rv:40.0) Gecko/20100101 Firefox/40.1"
www.nspw.org:80 41.79.138.19 - - [08/May/2018:01:42:09 -0400] "GET / HTTP/1.1" 302 528 "-" "Mozilla/5.0 (Windows NT 6.1; WOW64; rv:40.0) Gecko/20100101 Firefox/40.1"
www.nspw.org:80 69.162.124.227 - - [08/May/2018:01:44:08 -0400] "HEAD / HTTP/1.1" 302 188 "http://nspw.org/" "Mozilla/5.0+(compatible; UptimeRobot/2.0; http://www.uptimerobot.com/)"
www.nspw.org:80 111.92.77.91 - - [08/May/2018:01:47:22 -0400] "GET /wp-login.php HTTP/1.1" 302 553 "-" "Mozilla/5.0 (Windows NT 6.1; WOW64; rv:40.0) Gecko/20100101 Firefox/40.1"
www.nspw.org:80 111.92.77.91 - - [08/May/2018:01:47:23 -0400] "GET / HTTP/1.1" 302 528 "-" "Mozilla/5.0 (Windows NT 6.1; WOW64; rv:40.0) Gecko/20100101 Firefox/40.1"
www.nspw.org:80 66.249.64.206 - - [08/May/2018:01:48:55 -0400] "GET /papers/2000/nspw2000-rannenberg.pdf HTTP/1.1" 302 599 "-" "Googlebot/2.1 (+http://www.google.com/bot.html)"
www.nspw.org:80 69.162.124.227 - - [08/May/2018:01:49:08 -0400] "HEAD / HTTP/1.1" 302 188 "http://nspw.org/" "Mozilla/5.0+(compatible; UptimeRobot/2.0; http://www.uptimerobot.com/)"
www.nspw.org:80 66.249.64.206 - - [08/May/2018:01:49:45 -0400] "GET /cfp/nspw2012-cfp.pdf HTTP/1.1" 302 569 "-" "Mozilla/5.0 (compatible; Googlebot/2.1; +http://www.google.com/bot.html)"
www.nspw.org:80 211.23.154.138 - - [08/May/2018:01:52:05 -0400] "GET / HTTP/1.1" 302 475 "-" "Mozilla/5.0"
www.nspw.org:80 158.69.133.31 - - [08/May/2018:01:53:19 -0400] "POST /loikfd.php HTTP/1.1" 302 493 "-" "curl/7.47.0"
www.nspw.org:80 158.69.133.31 - - [08/May/2018:01:53:23 -0400] "POST /ps.php HTTP/1.1" 302 485 "-" "curl/7.47.0"
www.nspw.org:80 69.162.124.227 - - [08/May/2018:01:54:08 -0400] "HEAD / HTTP/1.1" 302 188 "http://nspw.org/" "Mozilla/5.0+(compatible; UptimeRobot/2.0; http://www.uptimerobot.com/)"
www.nspw.org:80 66.249.64.208 - - [08/May/2018:01:54:42 -0400] "GET /papers/2011/nspw2011-du.pdf HTTP/1.1" 302 583 "-" "Mozilla/5.0 (compatible; Googlebot/2.1; +http://www.google.com/bot.html)"
www.nspw.org:80 92.0.184.7 - - [08/May/2018:01:55:16 -0400] "GET /2018/dates HTTP/1.1" 302 549 "-" "Mozilla/5.0 (Macintosh; Intel Mac OS X 10.11; rv:59.0) Gecko/20100101 Firefox/59.0"
www.nspw.org:80 180.76.15.147 - - [08/May/2018:01:55:16 -0400] "GET /2009/proceedings/2013/?C=M;O=A HTTP/1.1" 302 552 "-" "Mozilla/5.0 (compatible; Baiduspider/2.0; +http://www.baidu.com/search/spider.html)"
www.nspw.org:80 ::1 - - [08/May/2018:01:55:25 -0400] "OPTIONS * HTTP/1.0" 200 126 "-" "Apache/2.4.29 (Ubuntu) OpenSSL/1.1.0g (internal dummy connection)"
www.nspw.org:80 ::1 - - [08/May/2018:01:55:26 -0400] "OPTIONS * HTTP/1.0" 200 126 "-" "Apache/2.4.29 (Ubuntu) OpenSSL/1.1.0g (internal dummy connection)"
www.nspw.org:80 ::1 - - [08/May/2018:01:55:27 -0400] "OPTIONS * HTTP/1.0" 200 126 "-" "Apache/2.4.29 (Ubuntu) OpenSSL/1.1.0g (internal dummy connection)"
www.nspw.org:80 186.216.240.6 - - [08/May/2018:01:55:43 -0400] "GET /wp-login.php HTTP/1.1" 302 553 "-" "Mozilla/5.0 (Windows NT 6.1; WOW64; rv:40.0) Gecko/20100101 Firefox/40.1"
www.nspw.org:80 186.216.240.6 - - [08/May/2018:01:55:55 -0400] "GET / HTTP/1.1" 302 529 "-" "Mozilla/5.0 (Windows NT 6.1; WOW64; rv:40.0) Gecko/20100101 Firefox/40.1"
www.nspw.org:80 59.96.55.132 - - [08/May/2018:01:56:01 -0400] "GET /wp-login.php HTTP/1.1" 302 553 "-" "Mozilla/5.0 (Windows NT 6.1; WOW64; rv:40.0) Gecko/20100101 Firefox/40.1"
www.nspw.org:80 59.96.55.132 - - [08/May/2018:01:56:07 -0400] "GET / HTTP/1.1" 302 529 "-" "Mozilla/5.0 (Windows NT 6.1; WOW64; rv:40.0) Gecko/20100101 Firefox/40.1"
www.nspw.org:80 180.76.15.156 - - [08/May/2018:01:57:15 -0400] "GET /2009/proceedings/1993/nspw1993-shockley.pdf HTTP/1.1" 302 578 "-" "Mozilla/5.0 (compatible; Baiduspider/2.0; +http://www.baidu.com/search/spider.html)"
www.nspw.org:80 180.76.15.137 - - [08/May/2018:01:58:15 -0400] "GET /2005/jmu_infosec_logo.gif HTTP/1.1" 302 542 "-" "Mozilla/5.0 (compatible; Baiduspider/2.0; +http://www.baidu.com/search/spider.html)"
www.nspw.org:80 69.162.124.227 - - [08/May/2018:01:59:07 -0400] "HEAD / HTTP/1.1" 302 188 "http://nspw.org/" "Mozilla/5.0+(compatible; UptimeRobot/2.0; http://www.uptimerobot.com/)"
www.nspw.org:80 66.249.64.16 - - [08/May/2018:01:59:14 -0400] "GET /2016/sponsors HTTP/1.1" 302 551 "-" "Mozilla/5.0 (compatible; Googlebot/2.1; +http://www.google.com/bot.html)"
www.nspw.org:80 180.76.15.136 - - [08/May/2018:01:59:15 -0400] "GET /2009/proceedings/2003/?C=D;O=D HTTP/1.1" 302 552 "-" "Mozilla/5.0 (compatible; Baiduspider/2.0; +http://www.baidu.com/search/spider.html)"
www.nspw.org:80 180.76.15.15 - - [08/May/2018:02:00:15 -0400] "GET /papers/1994/?C=N;O=D HTTP/1.1" 302 532 "-" "Mozilla/5.0 (compatible; Baiduspider/2.0; +http://www.baidu.com/search/spider.html)"
www.nspw.org:80 180.76.15.31 - - [08/May/2018:02:01:15 -0400] "GET /2009/proceedings/1994/?C=S;O=D HTTP/1.1" 302 552 "-" "Mozilla/5.0 (compatible; Baiduspider/2.0; +http://www.baidu.com/search/spider.html)"
www.nspw.org:80 157.55.39.215 - - [08/May/2018:02:01:38 -0400] "GET /2009/proceedings/2010/nspw2010-bishop.pdf HTTP/1.1" 302 611 "-" "Mozilla/5.0 (iPhone; CPU iPhone OS 7_0 like Mac OS X) AppleWebKit/537.51.1 (KHTML, like Gecko) Version/7.0 Mobile/11A465 Safari/9537.53 (compatible; bingbot/2.0; +http://www.bing.com/bingbot.htm)"
www.nspw.org:80 180.76.15.20 - - [08/May/2018:02:02:15 -0400] "GET /2004/cfp.content HTTP/1.1" 302 524 "-" "Mozilla/5.0 (compatible; Baiduspider/2.0; +http://www.baidu.com/search/spider.html)"
www.nspw.org:80 87.116.176.84 - - [08/May/2018:02:02:21 -0400] "GET /wp-login.php HTTP/1.1" 302 553 "-" "Mozilla/5.0 (Windows NT 6.1; WOW64; rv:40.0) Gecko/20100101 Firefox/40.1"
www.nspw.org:80 87.116.176.84 - - [08/May/2018:02:02:21 -0400] "GET / HTTP/1.1" 302 528 "-" "Mozilla/5.0 (Windows NT 6.1; WOW64; rv:40.0) Gecko/20100101 Firefox/40.1"
www.nspw.org:80 180.76.15.144 - - [08/May/2018:02:03:15 -0400] "GET /proceedings/1993 HTTP/1.1" 302 524 "-" "Mozilla/5.0 (compatible; Baiduspider/2.0; +http://www.baidu.com/search/spider.html)"
www.nspw.org:80 175.141.241.178 - - [08/May/2018:02:03:39 -0400] "GET /wp-login.php HTTP/1.1" 302 553 "-" "Mozilla/5.0 (Windows NT 6.1; WOW64; rv:40.0) Gecko/20100101 Firefox/40.1"
www.nspw.org:80 175.141.241.178 - - [08/May/2018:02:03:42 -0400] "GET / HTTP/1.1" 302 528 "-" "Mozilla/5.0 (Windows NT 6.1; WOW64; rv:40.0) Gecko/20100101 Firefox/40.1"
www.nspw.org:80 69.162.124.227 - - [08/May/2018:02:04:07 -0400] "HEAD / HTTP/1.1" 302 188 "http://nspw.org/" "Mozilla/5.0+(compatible; UptimeRobot/2.0; http://www.uptimerobot.com/)"
www.nspw.org:80 180.76.15.152 - - [08/May/2018:02:04:15 -0400] "GET /papers/1996/ HTTP/1.1" 302 516 "-" "Mozilla/5.0 (compatible; Baiduspider/2.0; +http://www.baidu.com/search/spider.html)"
www.nspw.org:80 211.23.154.138 - - [08/May/2018:02:04:58 -0400] "GET / HTTP/1.1" 302 475 "-" "Mozilla/5.0"
www.nspw.org:80 66.249.64.208 - - [08/May/2018:02:05:01 -0400] "GET /papers/2011/nspw2011-pieters.pdf HTTP/1.1" 302 593 "-" "Mozilla/5.0 (compatible; Googlebot/2.1; +http://www.google.com/bot.html)"
www.nspw.org:80 40.77.167.82 - - [08/May/2018:02:05:02 -0400] "GET /papers/2012/docs/p67.pdf HTTP/1.1" 302 577 "-" "Mozilla/5.0 (iPhone; CPU iPhone OS 7_0 like Mac OS X) AppleWebKit/537.51.1 (KHTML, like Gecko) Version/7.0 Mobile/11A465 Safari/9537.53 (compatible; bingbot/2.0; +http://www.bing.com/bingbot.htm)"
www.nspw.org:80 46.229.168.69 - - [08/May/2018:02:05:28 -0400] "GET /2016 HTTP/1.1" 302 496 "-" "Mozilla/5.0 (compatible; SemrushBot/1.2~bl; +http://www.semrush.com/bot.html)"
www.nspw.org:80 46.229.168.77 - - [08/May/2018:02:05:45 -0400] "GET /2003/oc.shtml.bak HTTP/1.1" 302 526 "-" "Mozilla/5.0 (compatible; SemrushBot/1.2~bl; +http://www.semrush.com/bot.html)"
www.nspw.org:80 46.229.168.65 - - [08/May/2018:02:06:07 -0400] "GET /2006/cfp/cfpExtension.text HTTP/1.1" 302 544 "-" "Mozilla/5.0 (compatible; SemrushBot/1.2~bl; +http://www.semrush.com/bot.html)"
www.nspw.org:80 46.229.168.66 - - [08/May/2018:02:06:57 -0400] "GET /papers/1996?C=S%3BO%3DA HTTP/1.1" 302 538 "-" "Mozilla/5.0 (compatible; SemrushBot/1.2~bl; +http://www.semrush.com/bot.html)"
www.nspw.org:80 46.229.168.77 - - [08/May/2018:02:07:05 -0400] "GET /2015/organizers HTTP/1.1" 302 522 "-" "Mozilla/5.0 (compatible; SemrushBot/1.2~bl; +http://www.semrush.com/bot.html)"
www.nspw.org:80 46.229.168.65 - - [08/May/2018:02:07:29 -0400] "GET /papers/1997/?C=N%3BO%3DD HTTP/1.1" 302 540 "-" "Mozilla/5.0 (compatible; SemrushBot/1.2~bl; +http://www.semrush.com/bot.html)"
www.nspw.org:80 46.229.168.76 - - [08/May/2018:02:07:36 -0400] "GET /2003/hold/local.shtml HTTP/1.1" 302 534 "-" "Mozilla/5.0 (compatible; SemrushBot/1.2~bl; +http://www.semrush.com/bot.html)"
www.nspw.org:80 46.229.168.80 - - [08/May/2018:02:08:05 -0400] "GET /2009/ieee.clo HTTP/1.1" 302 518 "-" "Mozilla/5.0 (compatible; SemrushBot/1.2~bl; +http://www.semrush.com/bot.html)"
www.nspw.org:80 46.229.168.75 - - [08/May/2018:02:08:11 -0400] "GET /2006/proceedings.content HTTP/1.1" 302 540 "-" "Mozilla/5.0 (compatible; SemrushBot/1.2~bl; +http://www.semrush.com/bot.html)"
www.nspw.org:80 46.229.168.71 - - [08/May/2018:02:08:37 -0400] "GET /2013/organizers HTTP/1.1" 302 522 "-" "Mozilla/5.0 (compatible; SemrushBot/1.2~bl; +http://www.semrush.com/bot.html)"
www.nspw.org:80 46.229.168.66 - - [08/May/2018:02:08:54 -0400] "GET /papers/2012/forms/authors.htm HTTP/1.1" 302 550 "-" "Mozilla/5.0 (compatible; SemrushBot/1.2~bl; +http://www.semrush.com/bot.html)"
www.nspw.org:80 69.162.124.227 - - [08/May/2018:02:09:07 -0400] "HEAD / HTTP/1.1" 302 188 "http://nspw.org/" "Mozilla/5.0+(compatible; UptimeRobot/2.0; http://www.uptimerobot.com/)"
www.nspw.org:80 112.225.1.16 - - [08/May/2018:02:09:24 -0400] "GET /wp-login.php HTTP/1.1" 302 553 "-" "Mozilla/5.0 (Windows NT 6.1; WOW64; rv:40.0) Gecko/20100101 Firefox/40.1"
www.nspw.org:80 112.225.1.16 - - [08/May/2018:02:09:26 -0400] "GET / HTTP/1.1" 302 528 "-" "Mozilla/5.0 (Windows NT 6.1; WOW64; rv:40.0) Gecko/20100101 Firefox/40.1"
www.nspw.org:80 46.229.168.66 - - [08/May/2018:02:09:30 -0400] "GET /2009/proceedings/2003/?C=S%3BO%3DA HTTP/1.1" 302 560 "-" "Mozilla/5.0 (compatible; SemrushBot/1.2~bl; +http://www.semrush.com/bot.html)"
www.nspw.org:80 46.229.168.77 - - [08/May/2018:02:09:32 -0400] "GET /papers/1995/?C=D%3BO%3DA HTTP/1.1" 302 540 "-" "Mozilla/5.0 (compatible; SemrushBot/1.2~bl; +http://www.semrush.com/bot.html)"
www.nspw.org:80 46.229.168.77 - - [08/May/2018:02:09:37 -0400] "GET /papers/1995/?C=D%3BO%3DA HTTP/1.1" 302 540 "-" "Mozilla/5.0 (compatible; SemrushBot/1.2~bl; +http://www.semrush.com/bot.html)"
www.nspw.org:80 66.249.64.210 - - [08/May/2018:02:10:00 -0400] "GET /papers/1994/nspw1994-ovchinnikov.pdf HTTP/1.1" 302 601 "-" "Mozilla/5.0 (compatible; Googlebot/2.1; +http://www.google.com/bot.html)"
www.nspw.org:80 46.229.168.73 - - [08/May/2018:02:10:02 -0400] "GET /2006/cfp.content HTTP/1.1" 302 524 "-" "Mozilla/5.0 (compatible; SemrushBot/1.2~bl; +http://www.semrush.com/bot.html)"
www.nspw.org:80 46.229.168.68 - - [08/May/2018:02:10:18 -0400] "GET /2009/index.content HTTP/1.1" 302 528 "-" "Mozilla/5.0 (compatible; SemrushBot/1.2~bl; +http://www.semrush.com/bot.html)"
www.nspw.org:80 46.229.168.66 - - [08/May/2018:02:10:52 -0400] "GET /2006/local.content HTTP/1.1" 302 528 "-" "Mozilla/5.0 (compatible; SemrushBot/1.2~bl; +http://www.semrush.com/bot.html)"
www.nspw.org:80 54.36.148.51 - - [08/May/2018:02:10:58 -0400] "GET /2016 HTTP/1.1" 302 481 "-" "Mozilla/5.0 (compatible; AhrefsBot/5.2; +http://ahrefs.com/robot/)"
www.nspw.org:80 46.229.168.71 - - [08/May/2018:02:11:03 -0400] "GET /2006/?C=M%3BO%3DA HTTP/1.1" 302 526 "-" "Mozilla/5.0 (compatible; SemrushBot/1.2~bl; +http://www.semrush.com/bot.html)"
www.nspw.org:80 54.36.148.236 - - [08/May/2018:02:11:07 -0400] "GET /2008/gini_logo.gif HTTP/1.1" 302 509 "-" "Mozilla/5.0 (compatible; AhrefsBot/5.2; +http://ahrefs.com/robot/)"
www.nspw.org:80 46.229.168.75 - - [08/May/2018:02:11:26 -0400] "GET /2010/ HTTP/1.1" 302 502 "-" "Mozilla/5.0 (compatible; SemrushBot/1.2~bl; +http://www.semrush.com/bot.html)"
www.nspw.org:80 46.229.168.75 - - [08/May/2018:02:11:50 -0400] "GET /papers/1995/?C=M%3BO%3DA HTTP/1.1" 302 540 "-" "Mozilla/5.0 (compatible; SemrushBot/1.2~bl; +http://www.semrush.com/bot.html)"
www.nspw.org:80 46.229.168.72 - - [08/May/2018:02:12:18 -0400] "GET /2012/papers HTTP/1.1" 302 514 "-" "Mozilla/5.0 (compatible; SemrushBot/1.2~bl; +http://www.semrush.com/bot.html)"
www.nspw.org:80 46.229.168.74 - - [08/May/2018:02:12:30 -0400] "GET /2004/nspw-header.shtml HTTP/1.1" 302 536 "-" "Mozilla/5.0 (compatible; SemrushBot/1.2~bl; +http://www.semrush.com/bot.html)"
www.nspw.org:80 46.229.168.73 - - [08/May/2018:02:12:48 -0400] "GET /2009/nspw-footer-old.html HTTP/1.1" 302 542 "-" "Mozilla/5.0 (compatible; SemrushBot/1.2~bl; +http://www.semrush.com/bot.html)"
www.nspw.org:80 123.125.71.115 - - [08/May/2018:02:12:57 -0400] "GET / HTTP/1.1" 302 492 "-" "Mozilla/5.0 (compatible; Baiduspider/2.0; +http://www.baidu.com/search/spider.html)"
www.nspw.org:80 40.77.167.0 - - [08/May/2018:02:12:58 -0400] "GET /papers/1993/nspw1993-bailey.pdf HTTP/1.1" 302 591 "-" "Mozilla/5.0 (iPhone; CPU iPhone OS 7_0 like Mac OS X) AppleWebKit/537.51.1 (KHTML, like Gecko) Version/7.0 Mobile/11A465 Safari/9537.53 (compatible; bingbot/2.0; +http://www.bing.com/bingbot.htm)"
www.nspw.org:80 46.229.168.74 - - [08/May/2018:02:13:14 -0400] "GET /2010/organizers HTTP/1.1" 302 522 "-" "Mozilla/5.0 (compatible; SemrushBot/1.2~bl; +http://www.semrush.com/bot.html)"
www.nspw.org:80 46.229.168.77 - - [08/May/2018:02:13:29 -0400] "GET /2009/proceedings/2013/ HTTP/1.1" 302 536 "-" "Mozilla/5.0 (compatible; SemrushBot/1.2~bl; +http://www.semrush.com/bot.html)"
www.nspw.org:80 46.229.168.71 - - [08/May/2018:02:14:04 -0400] "GET /2004/index.shtml HTTP/1.1" 302 524 "-" "Mozilla/5.0 (compatible; SemrushBot/1.2~bl; +http://www.semrush.com/bot.html)"
www.nspw.org:80 69.162.124.227 - - [08/May/2018:02:14:07 -0400] "HEAD / HTTP/1.1" 302 188 "http://nspw.org/" "Mozilla/5.0+(compatible; UptimeRobot/2.0; http://www.uptimerobot.com/)"
www.nspw.org:80 46.229.168.65 - - [08/May/2018:02:14:18 -0400] "GET /2009/panel.html HTTP/1.1" 302 522 "-" "Mozilla/5.0 (compatible; SemrushBot/1.2~bl; +http://www.semrush.com/bot.html)"
www.nspw.org:80 46.229.168.79 - - [08/May/2018:02:14:41 -0400] "GET /2006/cfp/?C=N%3BO%3DD HTTP/1.1" 302 534 "-" "Mozilla/5.0 (compatible; SemrushBot/1.2~bl; +http://www.semrush.com/bot.html)"
www.nspw.org:80 54.36.149.95 - - [08/May/2018:02:14:44 -0400] "GET /2008/pc.content HTTP/1.1" 302 503 "-" "Mozilla/5.0 (compatible; AhrefsBot/5.2; +http://ahrefs.com/robot/)"
www.nspw.org:80 46.229.168.66 - - [08/May/2018:02:15:19 -0400] "GET /papers/1994/ HTTP/1.1" 302 516 "-" "Mozilla/5.0 (compatible; SemrushBot/1.2~bl; +http://www.semrush.com/bot.html)"
www.nspw.org:80 46.229.168.80 - - [08/May/2018:02:15:44 -0400] "GET /2005/?C=S%3BO%3DA HTTP/1.1" 302 526 "-" "Mozilla/5.0 (compatible; SemrushBot/1.2~bl; +http://www.semrush.com/bot.html)"
www.nspw.org:80 46.229.168.80 - - [08/May/2018:02:15:51 -0400] "GET /2017/organizers HTTP/1.1" 302 522 "-" "Mozilla/5.0 (compatible; SemrushBot/1.2~bl; +http://www.semrush.com/bot.html)"
www.nspw.org:80 46.229.168.71 - - [08/May/2018:02:16:13 -0400] "GET /2005/cfp/Makefile HTTP/1.1" 302 526 "-" "Mozilla/5.0 (compatible; SemrushBot/1.2~bl; +http://www.semrush.com/bot.html)"
www.nspw.org:80 46.229.168.65 - - [08/May/2018:02:16:43 -0400] "GET /2006/index.content HTTP/1.1" 302 528 "-" "Mozilla/5.0 (compatible; SemrushBot/1.2~bl; +http://www.semrush.com/bot.html)"
www.nspw.org:80 46.229.168.73 - - [08/May/2018:02:17:01 -0400] "GET /2005/cfp/latex/all.bib HTTP/1.1" 302 536 "-" "Mozilla/5.0 (compatible; SemrushBot/1.2~bl; +http://www.semrush.com/bot.html)"
www.nspw.org:80 46.229.168.67 - - [08/May/2018:02:17:25 -0400] "GET /2004/?C=D%3BO%3DA HTTP/1.1" 302 526 "-" "Mozilla/5.0 (compatible; SemrushBot/1.2~bl; +http://www.semrush.com/bot.html)"
www.nspw.org:80 46.229.168.70 - - [08/May/2018:02:18:04 -0400] "GET /2003/submission.content HTTP/1.1" 302 538 "-" "Mozilla/5.0 (compatible; SemrushBot/1.2~bl; +http://www.semrush.com/bot.html)"
www.nspw.org:80 46.229.168.70 - - [08/May/2018:02:18:04 -0400] "GET /2003/submission.content HTTP/1.1" 302 538 "-" "Mozilla/5.0 (compatible; SemrushBot/1.2~bl; +http://www.semrush.com/bot.html)"
www.nspw.org:80 46.229.168.65 - - [08/May/2018:02:18:15 -0400] "GET /2011 HTTP/1.1" 302 500 "-" "Mozilla/5.0 (compatible; SemrushBot/1.2~bl; +http://www.semrush.com/bot.html)"
www.nspw.org:80 46.229.168.65 - - [08/May/2018:02:18:39 -0400] "GET /2009/proceedings/1999/?C=N%3BO%3DD HTTP/1.1" 302 560 "-" "Mozilla/5.0 (compatible; SemrushBot/1.2~bl; +http://www.semrush.com/bot.html)"
www.nspw.org:80 69.162.124.227 - - [08/May/2018:02:19:07 -0400] "HEAD / HTTP/1.1" 302 188 "http://nspw.org/" "Mozilla/5.0+(compatible; UptimeRobot/2.0; http://www.uptimerobot.com/)"
www.nspw.org:80 46.229.168.71 - - [08/May/2018:02:19:09 -0400] "GET /2002/cfp.content HTTP/1.1" 302 524 "-" "Mozilla/5.0 (compatible; SemrushBot/1.2~bl; +http://www.semrush.com/bot.html)"
www.nspw.org:80 46.229.168.67 - - [08/May/2018:02:19:22 -0400] "GET /2009/proceedings/?C=S%3BO%3DA HTTP/1.1" 302 550 "-" "Mozilla/5.0 (compatible; SemrushBot/1.2~bl; +http://www.semrush.com/bot.html)"
www.nspw.org:80 46.229.168.78 - - [08/May/2018:02:19:58 -0400] "GET /papers/2009/?C=N%3BO%3DD HTTP/1.1" 302 540 "-" "Mozilla/5.0 (compatible; SemrushBot/1.2~bl; +http://www.semrush.com/bot.html)"
www.nspw.org:80 46.229.168.73 - - [08/May/2018:02:20:24 -0400] "GET /papers/2002/?C=N%3BO%3DD HTTP/1.1" 302 540 "-" "Mozilla/5.0 (compatible; SemrushBot/1.2~bl; +http://www.semrush.com/bot.html)"
www.nspw.org:80 46.229.168.72 - - [08/May/2018:02:20:38 -0400] "GET /2016/location HTTP/1.1" 302 518 "-" "Mozilla/5.0 (compatible; SemrushBot/1.2~bl; +http://www.semrush.com/bot.html)"
www.nspw.org:80 46.229.168.73 - - [08/May/2018:02:20:59 -0400] "GET /2009/proceedings/2003/?C=N%3BO%3DD HTTP/1.1" 302 560 "-" "Mozilla/5.0 (compatible; SemrushBot/1.2~bl; +http://www.semrush.com/bot.html)"
www.nspw.org:80 46.229.168.73 - - [08/May/2018:02:21:25 -0400] "GET /proceedings/2008 HTTP/1.1" 302 524 "-" "Mozilla/5.0 (compatible; SemrushBot/1.2~bl; +http://www.semrush.com/bot.html)"
www.nspw.org:80 79.125.124.233 - - [08/May/2018:02:21:25 -0400] "GET /manager/html HTTP/1.1" 302 555 "-" "Mozilla/5.0 Gecko/20100101"
www.nspw.org:80 79.125.124.233 - - [08/May/2018:02:21:25 -0400] "GET /manager/html HTTP/1.1" 302 555 "-" "Mozilla/5.0 Gecko/20100101"
www.nspw.org:80 46.229.168.80 - - [08/May/2018:02:22:02 -0400] "GET /papers/1994/?C=N%3BO%3DD HTTP/1.1" 302 540 "-" "Mozilla/5.0 (compatible; SemrushBot/1.2~bl; +http://www.semrush.com/bot.html)"
www.nspw.org:80 46.229.168.67 - - [08/May/2018:02:22:13 -0400] "GET /registration/payment HTTP/1.1" 302 532 "-" "Mozilla/5.0 (compatible; SemrushBot/1.2~bl; +http://www.semrush.com/bot.html)"
www.nspw.org:80 46.229.168.80 - - [08/May/2018:02:22:55 -0400] "GET /2018/dates HTTP/1.1" 302 512 "-" "Mozilla/5.0 (compatible; SemrushBot/1.2~bl; +http://www.semrush.com/bot.html)"
www.nspw.org:80 46.229.168.80 - - [08/May/2018:02:23:10 -0400] "GET /2004/proceedings.shtml HTTP/1.1" 302 536 "-" "Mozilla/5.0 (compatible; SemrushBot/1.2~bl; +http://www.semrush.com/bot.html)"
www.nspw.org:80 40.77.167.0 - - [08/May/2018:02:23:18 -0400] "GET /2009/proceedings/1993/nspw1993-lapadula-2.pdf HTTP/1.1" 302 619 "-" "Mozilla/5.0 (iPhone; CPU iPhone OS 7_0 like Mac OS X) AppleWebKit/537.51.1 (KHTML, like Gecko) Version/7.0 Mobile/11A465 Safari/9537.53 (compatible; bingbot/2.0; +http://www.bing.com/bingbot.htm)"
www.nspw.org:80 46.229.168.66 - - [08/May/2018:02:23:35 -0400] "GET /2008/?C=D%3BO%3DA HTTP/1.1" 302 526 "-" "Mozilla/5.0 (compatible; SemrushBot/1.2~bl; +http://www.semrush.com/bot.html)"
www.nspw.org:80 46.229.168.73 - - [08/May/2018:02:23:54 -0400] "GET /2005/cfp/CFP.tex.hold HTTP/1.1" 302 534 "-" "Mozilla/5.0 (compatible; SemrushBot/1.2~bl; +http://www.semrush.com/bot.html)"
www.nspw.org:80 69.162.124.227 - - [08/May/2018:02:24:07 -0400] "HEAD / HTTP/1.1" 302 188 "http://nspw.org/" "Mozilla/5.0+(compatible; UptimeRobot/2.0; http://www.uptimerobot.com/)"
www.nspw.org:80 46.229.168.73 - - [08/May/2018:02:24:21 -0400] "GET /2009/cfp/cfpExtension.text HTTP/1.1" 302 544 "-" "Mozilla/5.0 (compatible; SemrushBot/1.2~bl; +http://www.semrush.com/bot.html)"
www.nspw.org:80 46.229.168.72 - - [08/May/2018:02:24:50 -0400] "GET /2009/proceedings/2009/?C=S%3BO%3DA HTTP/1.1" 302 560 "-" "Mozilla/5.0 (compatible; SemrushBot/1.2~bl; +http://www.semrush.com/bot.html)"
www.nspw.org:80 66.249.64.206 - - [08/May/2018:02:25:04 -0400] "GET /2009/pc-gen.pl HTTP/1.1" 302 557 "-" "Mozilla/5.0 (compatible; Googlebot/2.1; +http://www.google.com/bot.html)"
www.nspw.org:80 46.229.168.71 - - [08/May/2018:02:25:20 -0400] "GET /2008/cfp/ HTTP/1.1" 302 510 "-" "Mozilla/5.0 (compatible; SemrushBot/1.2~bl; +http://www.semrush.com/bot.html)"
www.nspw.org:80 66.249.64.208 - - [08/May/2018:02:25:26 -0400] "GET /2005/PC/peter%20housel.pdf HTTP/1.1" 302 581 "-" "Googlebot/2.1 (+http://www.google.com/bot.html)"
www.nspw.org:80 46.229.168.76 - - [08/May/2018:02:25:33 -0400] "GET /2014/organizers HTTP/1.1" 302 522 "-" "Mozilla/5.0 (compatible; SemrushBot/1.2~bl; +http://www.semrush.com/bot.html)"
www.nspw.org:80 46.229.168.65 - - [08/May/2018:02:25:56 -0400] "GET /2009/past.content HTTP/1.1" 302 526 "-" "Mozilla/5.0 (compatible; SemrushBot/1.2~bl; +http://www.semrush.com/bot.html)"
www.nspw.org:80 46.229.168.65 - - [08/May/2018:02:26:27 -0400] "GET /papers/2005/?C=D%3BO%3DA HTTP/1.1" 302 540 "-" "Mozilla/5.0 (compatible; SemrushBot/1.2~bl; +http://www.semrush.com/bot.html)"
www.nspw.org:80 ::1 - - [08/May/2018:02:26:41 -0400] "OPTIONS * HTTP/1.0" 200 126 "-" "Apache/2.4.29 (Ubuntu) OpenSSL/1.1.0g (internal dummy connection)"
www.nspw.org:80 46.229.168.65 - - [08/May/2018:02:26:53 -0400] "GET /2015/sponsors HTTP/1.1" 302 518 "-" "Mozilla/5.0 (compatible; SemrushBot/1.2~bl; +http://www.semrush.com/bot.html)"
www.nspw.org:80 46.229.168.65 - - [08/May/2018:02:27:20 -0400] "GET /user/password HTTP/1.1" 302 518 "-" "Mozilla/5.0 (compatible; SemrushBot/1.2~bl; +http://www.semrush.com/bot.html)"
www.nspw.org:80 ::1 - - [08/May/2018:02:27:22 -0400] "OPTIONS * HTTP/1.0" 200 126 "-" "Apache/2.4.29 (Ubuntu) OpenSSL/1.1.0g (internal dummy connection)"
www.nspw.org:80 ::1 - - [08/May/2018:02:27:25 -0400] "OPTIONS * HTTP/1.0" 200 126 "-" "Apache/2.4.29 (Ubuntu) OpenSSL/1.1.0g (internal dummy connection)"
www.nspw.org:80 ::1 - - [08/May/2018:02:27:40 -0400] "OPTIONS * HTTP/1.0" 200 126 "-" "Apache/2.4.29 (Ubuntu) OpenSSL/1.1.0g (internal dummy connection)"
www.nspw.org:80 37.25.120.29 - - [08/May/2018:02:27:45 -0400] "GET /wp-login.php HTTP/1.1" 302 553 "-" "Mozilla/5.0 (Windows NT 6.1; WOW64; rv:40.0) Gecko/20100101 Firefox/40.1"
www.nspw.org:80 180.76.15.18 - - [08/May/2018:02:27:46 -0400] "GET /2012/ HTTP/1.1" 302 502 "-" "Mozilla/5.0 (compatible; Baiduspider/2.0; +http://www.baidu.com/search/spider.html)"
www.nspw.org:80 37.25.120.29 - - [08/May/2018:02:27:47 -0400] "GET / HTTP/1.1" 302 528 "-" "Mozilla/5.0 (Windows NT 6.1; WOW64; rv:40.0) Gecko/20100101 Firefox/40.1"
www.nspw.org:80 46.229.168.80 - - [08/May/2018:02:27:53 -0400] "GET /2009/pc.shtml HTTP/1.1" 302 518 "-" "Mozilla/5.0 (compatible; SemrushBot/1.2~bl; +http://www.semrush.com/bot.html)"
www.nspw.org:80 ::1 - - [08/May/2018:02:28:02 -0400] "OPTIONS * HTTP/1.0" 200 126 "-" "Apache/2.4.29 (Ubuntu) OpenSSL/1.1.0g (internal dummy connection)"
www.nspw.org:80 46.229.168.68 - - [08/May/2018:02:28:06 -0400] "GET /papers/2012/ HTTP/1.1" 302 516 "-" "Mozilla/5.0 (compatible; SemrushBot/1.2~bl; +http://www.semrush.com/bot.html)"
www.nspw.org:80 31.18.251.23 - - [08/May/2018:02:28:17 -0400] "GET /papers/2011/nspw2011-friedland.pdf HTTP/1.1" 302 597 "https://www.google.de/" "Mozilla/5.0 (Windows NT 6.1; WOW64) AppleWebKit/537.36 (KHTML, like Gecko) Chrome/50.0.2661.94 Safari/537.36"
www.nspw.org:80 46.229.168.73 - - [08/May/2018:02:28:39 -0400] "GET /2000/index.html HTTP/1.1" 302 522 "-" "Mozilla/5.0 (compatible; SemrushBot/1.2~bl; +http://www.semrush.com/bot.html)"
www.nspw.org:80 199.16.157.180 - - [08/May/2018:02:28:49 -0400] "GET /robots.txt HTTP/1.1" 302 489 "-" "Twitterbot/1.0"
www.nspw.org:80 199.16.157.180 - - [08/May/2018:02:28:50 -0400] "GET /2018/cfp HTTP/1.1" 302 485 "-" "Twitterbot/1.0"
www.nspw.org:80 46.229.168.73 - - [08/May/2018:02:28:50 -0400] "GET /2005/pc-gen.pl HTTP/1.1" 302 520 "-" "Mozilla/5.0 (compatible; SemrushBot/1.2~bl; +http://www.semrush.com/bot.html)"
www.nspw.org:80 69.162.124.227 - - [08/May/2018:02:29:07 -0400] "HEAD / HTTP/1.1" 302 188 "http://nspw.org/" "Mozilla/5.0+(compatible; UptimeRobot/2.0; http://www.uptimerobot.com/)"
www.nspw.org:80 ::1 - - [08/May/2018:02:29:10 -0400] "OPTIONS * HTTP/1.0" 200 126 "-" "Apache/2.4.29 (Ubuntu) OpenSSL/1.1.0g (internal dummy connection)"
www.nspw.org:80 54.36.149.86 - - [08/May/2018:02:29:40 -0400] "GET /2007/local.html HTTP/1.1" 302 503 "-" "Mozilla/5.0 (compatible; AhrefsBot/5.2; +http://ahrefs.com/robot/)"
www.nspw.org:80 46.229.168.72 - - [08/May/2018:02:29:58 -0400] "GET /2009/proceedings/2007/ HTTP/1.1" 302 536 "-" "Mozilla/5.0 (compatible; SemrushBot/1.2~bl; +http://www.semrush.com/bot.html)"
www.nspw.org:80 66.249.64.206 - - [08/May/2018:02:30:00 -0400] "GET /papers/2002/nspw2002-marceau.pdf HTTP/1.1" 302 593 "-" "Mozilla/5.0 (compatible; Googlebot/2.1; +http://www.google.com/bot.html)"
www.nspw.org:80 46.229.168.80 - - [08/May/2018:02:30:06 -0400] "GET /2017/cfp HTTP/1.1" 302 508 "-" "Mozilla/5.0 (compatible; SemrushBot/1.2~bl; +http://www.semrush.com/bot.html)"
www.nspw.org:80 46.229.168.67 - - [08/May/2018:02:30:14 -0400] "GET /2002/oldindex.html HTTP/1.1" 302 528 "-" "Mozilla/5.0 (compatible; SemrushBot/1.2~bl; +http://www.semrush.com/bot.html)"
www.nspw.org:80 201.189.89.107 - - [08/May/2018:02:30:19 -0400] "GET /wp-login.php HTTP/1.1" 302 553 "-" "Mozilla/5.0 (Windows NT 6.1; WOW64; rv:40.0) Gecko/20100101 Firefox/40.1"
www.nspw.org:80 201.189.89.107 - - [08/May/2018:02:30:21 -0400] "GET / HTTP/1.1" 302 528 "-" "Mozilla/5.0 (Windows NT 6.1; WOW64; rv:40.0) Gecko/20100101 Firefox/40.1"
www.nspw.org:80 46.229.168.68 - - [08/May/2018:02:30:38 -0400] "GET /papers/2012/forms/authors.htm HTTP/1.1" 302 550 "-" "Mozilla/5.0 (compatible; SemrushBot/1.2~bl; +http://www.semrush.com/bot.html)"
www.nspw.org:80 46.229.168.72 - - [08/May/2018:02:30:56 -0400] "GET /2006/invite/workshopformat.html HTTP/1.1" 302 554 "-" "Mozilla/5.0 (compatible; SemrushBot/1.2~bl; +http://www.semrush.com/bot.html)"
www.nspw.org:80 46.229.168.73 - - [08/May/2018:02:31:31 -0400] "GET /2006/submission.content HTTP/1.1" 302 538 "-" "Mozilla/5.0 (compatible; SemrushBot/1.2~bl; +http://www.semrush.com/bot.html)"
www.nspw.org:80 46.229.168.75 - - [08/May/2018:02:31:47 -0400] "GET /2009/proceedings/2012/forms/authors.htm HTTP/1.1" 302 570 "-" "Mozilla/5.0 (compatible; SemrushBot/1.2~bl; +http://www.semrush.com/bot.html)"
www.nspw.org:80 46.229.168.66 - - [08/May/2018:02:32:35 -0400] "GET /2008/past.shtml HTTP/1.1" 302 522 "-" "Mozilla/5.0 (compatible; SemrushBot/1.2~bl; +http://www.semrush.com/bot.html)"
www.nspw.org:80 172.58.141.30 - - [08/May/2018:02:32:52 -0400] "GET /papers/2007/nspw2007-mannan.pdf HTTP/1.1" 302 591 "-" "Mozilla/5.0 (iPhone; CPU iPhone OS 11_2_5 like Mac OS X) AppleWebKit/604.5.6 (KHTML, like Gecko) Version/11.0 Mobile/15D60 Safari/604.1"
www.nspw.org:80 46.229.168.71 - - [08/May/2018:02:32:55 -0400] "GET /2009/proceedings/2000/?C=D%3BO%3DA HTTP/1.1" 302 560 "-" "Mozilla/5.0 (compatible; SemrushBot/1.2~bl; +http://www.semrush.com/bot.html)"
www.nspw.org:80 46.229.168.70 - - [08/May/2018:02:33:02 -0400] "GET /2005/ HTTP/1.1" 302 502 "-" "Mozilla/5.0 (compatible; SemrushBot/1.2~bl; +http://www.semrush.com/bot.html)"
www.nspw.org:80 172.58.141.30 - - [08/May/2018:02:33:17 -0400] "GET /papers/2007/nspw2007-mannan.pdf HTTP/1.1" 302 591 "-" "Mozilla/5.0 (iPhone; CPU iPhone OS 11_2_5 like Mac OS X) AppleWebKit/604.5.6 (KHTML, like Gecko) Version/11.0 Mobile/15D60 Safari/604.1"
www.nspw.org:80 46.229.168.74 - - [08/May/2018:02:33:22 -0400] "GET /2008/local.content HTTP/1.1" 302 528 "-" "Mozilla/5.0 (compatible; SemrushBot/1.2~bl; +http://www.semrush.com/bot.html)"
www.nspw.org:80 46.229.168.66 - - [08/May/2018:02:33:52 -0400] "GET /2004/proceedings.content HTTP/1.1" 302 540 "-" "Mozilla/5.0 (compatible; SemrushBot/1.2~bl; +http://www.semrush.com/bot.html)"
www.nspw.org:80 46.229.168.71 - - [08/May/2018:02:34:00 -0400] "GET /2015 HTTP/1.1" 302 500 "-" "Mozilla/5.0 (compatible; SemrushBot/1.2~bl; +http://www.semrush.com/bot.html)"
www.nspw.org:80 69.162.124.227 - - [08/May/2018:02:34:07 -0400] "HEAD / HTTP/1.1" 302 188 "http://nspw.org/" "Mozilla/5.0+(compatible; UptimeRobot/2.0; http://www.uptimerobot.com/)"
www.nspw.org:80 46.229.168.74 - - [08/May/2018:02:34:30 -0400] "GET /2008/dates.content HTTP/1.1" 302 528 "-" "Mozilla/5.0 (compatible; SemrushBot/1.2~bl; +http://www.semrush.com/bot.html)"
www.nspw.org:80 46.229.168.66 - - [08/May/2018:02:35:00 -0400] "GET /2009/proceedings/2002/?C=S%3BO%3DA HTTP/1.1" 302 560 "-" "Mozilla/5.0 (compatible; SemrushBot/1.2~bl; +http://www.semrush.com/bot.html)"
www.nspw.org:80 66.249.64.210 - - [08/May/2018:02:35:10 -0400] "GET /2004/cfp2004.txt HTTP/1.1" 302 561 "-" "Mozilla/5.0 (compatible; Googlebot/2.1; +http://www.google.com/bot.html)"
www.nspw.org:80 61.6.74.202 - - [08/May/2018:02:35:10 -0400] "GET /wp-login.php HTTP/1.1" 302 553 "-" "Mozilla/5.0 (Windows NT 6.1; WOW64; rv:40.0) Gecko/20100101 Firefox/40.1"
www.nspw.org:80 61.6.74.202 - - [08/May/2018:02:35:14 -0400] "GET / HTTP/1.1" 302 528 "-" "Mozilla/5.0 (Windows NT 6.1; WOW64; rv:40.0) Gecko/20100101 Firefox/40.1"
www.nspw.org:80 46.229.168.67 - - [08/May/2018:02:35:19 -0400] "GET /papers/1996/ HTTP/1.1" 302 516 "-" "Mozilla/5.0 (compatible; SemrushBot/1.2~bl; +http://www.semrush.com/bot.html)"
www.nspw.org:80 46.229.168.76 - - [08/May/2018:02:35:32 -0400] "GET /sponsors-2010 HTTP/1.1" 302 518 "-" "Mozilla/5.0 (compatible; SemrushBot/1.2~bl; +http://www.semrush.com/bot.html)"
www.nspw.org:80 81.214.240.252 - - [08/May/2018:02:35:56 -0400] "GET /wp-login.php HTTP/1.1" 302 553 "-" "Mozilla/5.0 (Windows NT 6.1; WOW64; rv:40.0) Gecko/20100101 Firefox/40.1"
www.nspw.org:80 81.214.240.252 - - [08/May/2018:02:35:57 -0400] "GET / HTTP/1.1" 302 528 "-" "Mozilla/5.0 (Windows NT 6.1; WOW64; rv:40.0) Gecko/20100101 Firefox/40.1"
www.nspw.org:80 46.229.168.75 - - [08/May/2018:02:35:59 -0400] "GET /2003/nspw-footer.html HTTP/1.1" 302 534 "-" "Mozilla/5.0 (compatible; SemrushBot/1.2~bl; +http://www.semrush.com/bot.html)"
www.nspw.org:80 46.229.168.79 - - [08/May/2018:02:36:38 -0400] "GET /2003/hold/?C=S%3BO%3DA HTTP/1.1" 302 536 "-" "Mozilla/5.0 (compatible; SemrushBot/1.2~bl; +http://www.semrush.com/bot.html)"
www.nspw.org:80 46.229.168.77 - - [08/May/2018:02:36:47 -0400] "GET /2002/local.content HTTP/1.1" 302 528 "-" "Mozilla/5.0 (compatible; SemrushBot/1.2~bl; +http://www.semrush.com/bot.html)"
www.nspw.org:80 46.229.168.77 - - [08/May/2018:02:37:02 -0400] "GET /papers/2000/?C=N%3BO%3DD HTTP/1.1" 302 540 "-" "Mozilla/5.0 (compatible; SemrushBot/1.2~bl; +http://www.semrush.com/bot.html)"
www.nspw.org:80 46.229.168.78 - - [08/May/2018:02:37:24 -0400] "GET /2009/proceedings/2005/ HTTP/1.1" 302 536 "-" "Mozilla/5.0 (compatible; SemrushBot/1.2~bl; +http://www.semrush.com/bot.html)"
www.nspw.org:80 46.229.168.66 - - [08/May/2018:02:38:06 -0400] "GET /2004/submission.shtml HTTP/1.1" 302 534 "-" "Mozilla/5.0 (compatible; SemrushBot/1.2~bl; +http://www.semrush.com/bot.html)"
www.nspw.org:80 124.123.8.27 - - [08/May/2018:02:38:38 -0400] "GET /wp-login.php HTTP/1.1" 302 553 "-" "Mozilla/5.0 (Windows NT 6.1; WOW64; rv:40.0) Gecko/20100101 Firefox/40.1"
www.nspw.org:80 124.123.8.27 - - [08/May/2018:02:38:41 -0400] "GET / HTTP/1.1" 302 528 "-" "Mozilla/5.0 (Windows NT 6.1; WOW64; rv:40.0) Gecko/20100101 Firefox/40.1"
www.nspw.org:80 46.229.168.76 - - [08/May/2018:02:38:41 -0400] "GET /2011/cfp HTTP/1.1" 302 508 "-" "Mozilla/5.0 (compatible; SemrushBot/1.2~bl; +http://www.semrush.com/bot.html)"
www.nspw.org:80 46.229.168.66 - - [08/May/2018:02:38:51 -0400] "GET /papers/1999?C=S%3BO%3DA HTTP/1.1" 302 538 "-" "Mozilla/5.0 (compatible; SemrushBot/1.2~bl; +http://www.semrush.com/bot.html)"
www.nspw.org:80 69.162.124.227 - - [08/May/2018:02:39:06 -0400] "HEAD / HTTP/1.1" 302 188 "http://nspw.org/" "Mozilla/5.0+(compatible; UptimeRobot/2.0; http://www.uptimerobot.com/)"
www.nspw.org:80 66.249.64.210 - - [08/May/2018:02:39:12 -0400] "GET /2005/PC/carrie%20gates.pdf HTTP/1.1" 302 581 "-" "Googlebot/2.1 (+http://www.google.com/bot.html)"
www.nspw.org:80 46.229.168.66 - - [08/May/2018:02:39:18 -0400] "GET /2009/proceedings/2009/?C=M%3BO%3DA HTTP/1.1" 302 560 "-" "Mozilla/5.0 (compatible; SemrushBot/1.2~bl; +http://www.semrush.com/bot.html)"
www.nspw.org:80 46.229.168.75 - - [08/May/2018:02:39:19 -0400] "GET /2009/proceedings/1998/?C=M%3BO%3DA HTTP/1.1" 302 560 "-" "Mozilla/5.0 (compatible; SemrushBot/1.2~bl; +http://www.semrush.com/bot.html)"
www.nspw.org:80 46.229.168.74 - - [08/May/2018:02:39:41 -0400] "GET /2009/ieee.cls HTTP/1.1" 302 518 "-" "Mozilla/5.0 (compatible; SemrushBot/1.2~bl; +http://www.semrush.com/bot.html)"
www.nspw.org:80 46.229.168.65 - - [08/May/2018:02:40:06 -0400] "GET /2015/location HTTP/1.1" 302 518 "-" "Mozilla/5.0 (compatible; SemrushBot/1.2~bl; +http://www.semrush.com/bot.html)"
www.nspw.org:80 46.229.168.65 - - [08/May/2018:02:40:28 -0400] "GET /2000/dates.html HTTP/1.1" 302 522 "-" "Mozilla/5.0 (compatible; SemrushBot/1.2~bl; +http://www.semrush.com/bot.html)"
www.nspw.org:80 66.249.64.210 - - [08/May/2018:02:40:45 -0400] "GET /2012/local HTTP/1.1" 302 549 "-" "Mozilla/5.0 (compatible; Googlebot/2.1; +http://www.google.com/bot.html)"
www.nspw.org:80 46.229.168.74 - - [08/May/2018:02:40:46 -0400] "GET /2006/?C=N%3BO%3DD HTTP/1.1" 302 526 "-" "Mozilla/5.0 (compatible; SemrushBot/1.2~bl; +http://www.semrush.com/bot.html)"
www.nspw.org:80 46.229.168.68 - - [08/May/2018:02:41:12 -0400] "GET /2009/proceedings/1997/?C=N%3BO%3DD HTTP/1.1" 302 560 "-" "Mozilla/5.0 (compatible; SemrushBot/1.2~bl; +http://www.semrush.com/bot.html)"
www.nspw.org:80 14.215.176.8 - - [08/May/2018:02:41:20 -0400] "GET /2009/proceedings/2009/nspw2009-probst.pdf HTTP/1.1" 302 607 "http://www.baidu.com/s?wd=ZGY" "Mozilla/5.0 (Windows NT 6.1; WOW64; rv:43.0) Gecko/20100101 Firefox/43.0"
www.nspw.org:80 46.229.168.78 - - [08/May/2018:02:41:26 -0400] "GET /user/password HTTP/1.1" 302 518 "-" "Mozilla/5.0 (compatible; SemrushBot/1.2~bl; +http://www.semrush.com/bot.html)"
www.nspw.org:80 103.243.66.212 - - [08/May/2018:02:41:59 -0400] "GET /wp-login.php HTTP/1.1" 302 553 "-" "Mozilla/5.0 (Windows NT 6.1; WOW64; rv:40.0) Gecko/20100101 Firefox/40.1"
www.nspw.org:80 46.229.168.69 - - [08/May/2018:02:42:04 -0400] "GET /papers/?C=N%3BO%3DD HTTP/1.1" 302 530 "-" "Mozilla/5.0 (compatible; SemrushBot/1.2~bl; +http://www.semrush.com/bot.html)"
www.nspw.org:80 106.11.153.197 - - [08/May/2018:02:42:16 -0400] "GET /2015/sponsors HTTP/1.1" 302 555 "-" "YisouSpider"
www.nspw.org:80 46.229.168.71 - - [08/May/2018:02:42:25 -0400] "GET /2009/proceedings/2001/?C=D%3BO%3DA HTTP/1.1" 302 560 "-" "Mozilla/5.0 (compatible; SemrushBot/1.2~bl; +http://www.semrush.com/bot.html)"
www.nspw.org:80 46.229.168.72 - - [08/May/2018:02:42:38 -0400] "GET /2005/?C=M%3BO%3DA HTTP/1.1" 302 526 "-" "Mozilla/5.0 (compatible; SemrushBot/1.2~bl; +http://www.semrush.com/bot.html)"
www.nspw.org:80 46.229.168.75 - - [08/May/2018:02:43:01 -0400] "GET /papers/1994?C=D%3BO%3DA HTTP/1.1" 302 538 "-" "Mozilla/5.0 (compatible; SemrushBot/1.2~bl; +http://www.semrush.com/bot.html)"
www.nspw.org:80 66.249.64.210 - - [08/May/2018:02:43:06 -0400] "GET /current/local.shtml HTTP/1.1" 302 567 "-" "Mozilla/5.0 (compatible; Googlebot/2.1; +http://www.google.com/bot.html)"
www.nspw.org:80 111.206.36.143 - - [08/May/2018:02:43:21 -0400] "GET /2009/proceedings/2009/nspw2009-probst.pdf HTTP/1.1" 302 611 "http://www.baidu.com/s?wd=WEG" "Mozilla/5.0 (Windows NT 6.1; WOW64; rv:43.0) Gecko/20100101 Firefox/43.0"
www.nspw.org:80 66.249.64.208 - - [08/May/2018:02:43:31 -0400] "GET /2005/pre-proceedings/carla_marceau.pdf HTTP/1.1" 302 605 "-" "Googlebot/2.1 (+http://www.google.com/bot.html)"
www.nspw.org:80 46.229.168.65 - - [08/May/2018:02:43:31 -0400] "GET /2004/pc.shtml HTTP/1.1" 302 518 "-" "Mozilla/5.0 (compatible; SemrushBot/1.2~bl; +http://www.semrush.com/bot.html)"
www.nspw.org:80 66.249.64.206 - - [08/May/2018:02:43:35 -0400] "GET /2004/pre-proceedings/zhoufoley.pdf HTTP/1.1" 302 597 "-" "Googlebot/2.1 (+http://www.google.com/bot.html)"
www.nspw.org:80 46.229.168.71 - - [08/May/2018:02:43:51 -0400] "GET /2008/submission.content HTTP/1.1" 302 538 "-" "Mozilla/5.0 (compatible; SemrushBot/1.2~bl; +http://www.semrush.com/bot.html)"
www.nspw.org:80 46.229.168.68 - - [08/May/2018:02:44:05 -0400] "GET /2015/accepted HTTP/1.1" 302 518 "-" "Mozilla/5.0 (compatible; SemrushBot/1.2~bl; +http://www.semrush.com/bot.html)"
www.nspw.org:80 69.162.124.227 - - [08/May/2018:02:44:07 -0400] "HEAD / HTTP/1.1" 302 188 "http://nspw.org/" "Mozilla/5.0+(compatible; UptimeRobot/2.0; http://www.uptimerobot.com/)"
www.nspw.org:80 46.229.168.69 - - [08/May/2018:02:44:40 -0400] "GET /2009/proceedings/2001/?C=N%3BO%3DD HTTP/1.1" 302 560 "-" "Mozilla/5.0 (compatible; SemrushBot/1.2~bl; +http://www.semrush.com/bot.html)"
www.nspw.org:80 46.229.168.71 - - [08/May/2018:02:44:47 -0400] "GET /2011/sponsors HTTP/1.1" 302 518 "-" "Mozilla/5.0 (compatible; SemrushBot/1.2~bl; +http://www.semrush.com/bot.html)"
www.nspw.org:80 66.249.64.210 - - [08/May/2018:02:45:11 -0400] "GET /2009/stats.txt HTTP/1.1" 302 557 "-" "Mozilla/5.0 (compatible; Googlebot/2.1; +http://www.google.com/bot.html)"
www.nspw.org:80 46.229.168.72 - - [08/May/2018:02:45:11 -0400] "GET /login HTTP/1.1" 302 502 "-" "Mozilla/5.0 (compatible; SemrushBot/1.2~bl; +http://www.semrush.com/bot.html)"
