www.nspw.org:80 202.239.4.143 - - [27/Apr/2018:17:35:35 -0400] "GET /robots.txt HTTP/1.1" 302 549 "-" "Y!J-ASR/1.0 crawler (http://www.yahoo-help.jp/app/answers/detail/p/595/a_id/42716/)"
www.nspw.org:80 202.239.4.143 - - [27/Apr/2018:17:35:35 -0400] "GET /current/ HTTP/1.1" 302 544 "-" "Y!J-ASR/1.0 crawler (http://www.yahoo-help.jp/app/answers/detail/p/595/a_id/42716/)"
www.nspw.org:80 66.249.73.78 - - [27/Apr/2018:17:35:46 -0400] "GET /papers/1993/nspw1993-lapadula-2.pdf HTTP/1.1" 302 599 "-" "Mozilla/5.0 (compatible; Googlebot/2.1; +http://www.google.com/bot.html)"
www.nspw.org:80 202.239.4.143 - - [27/Apr/2018:17:35:48 -0400] "GET /robots.txt HTTP/1.1" 302 549 "-" "Y!J-ASR/1.0 crawler (http://www.yahoo-help.jp/app/answers/detail/p/595/a_id/42716/)"
www.nspw.org:80 202.239.4.143 - - [27/Apr/2018:17:35:48 -0400] "GET /2008/ HTTP/1.1" 302 538 "-" "Y!J-ASR/1.0 crawler (http://www.yahoo-help.jp/app/answers/detail/p/595/a_id/42716/)"
www.nspw.org:80 202.239.4.143 - - [27/Apr/2018:17:36:04 -0400] "GET /robots.txt HTTP/1.1" 302 549 "-" "Y!J-ASR/1.0 crawler (http://www.yahoo-help.jp/app/answers/detail/p/595/a_id/42716/)"
www.nspw.org:80 202.239.4.143 - - [27/Apr/2018:17:36:05 -0400] "GET /2010/ HTTP/1.1" 302 538 "-" "Y!J-ASR/1.0 crawler (http://www.yahoo-help.jp/app/answers/detail/p/595/a_id/42716/)"
www.nspw.org:80 202.239.4.143 - - [27/Apr/2018:17:36:17 -0400] "GET /robots.txt HTTP/1.1" 302 549 "-" "Y!J-ASR/1.0 crawler (http://www.yahoo-help.jp/app/answers/detail/p/595/a_id/42716/)"
www.nspw.org:80 202.239.4.143 - - [27/Apr/2018:17:36:18 -0400] "GET /2003/ HTTP/1.1" 302 538 "-" "Y!J-ASR/1.0 crawler (http://www.yahoo-help.jp/app/answers/detail/p/595/a_id/42716/)"
www.nspw.org:80 202.239.4.143 - - [27/Apr/2018:17:36:32 -0400] "GET /robots.txt HTTP/1.1" 302 549 "-" "Y!J-ASR/1.0 crawler (http://www.yahoo-help.jp/app/answers/detail/p/595/a_id/42716/)"
www.nspw.org:80 202.239.4.143 - - [27/Apr/2018:17:36:32 -0400] "GET /2018 HTTP/1.1" 302 536 "-" "Y!J-ASR/1.0 crawler (http://www.yahoo-help.jp/app/answers/detail/p/595/a_id/42716/)"
www.nspw.org:80 202.239.4.143 - - [27/Apr/2018:17:36:43 -0400] "GET /robots.txt HTTP/1.1" 302 549 "-" "Y!J-ASR/1.0 crawler (http://www.yahoo-help.jp/app/answers/detail/p/595/a_id/42716/)"
www.nspw.org:80 202.239.4.143 - - [27/Apr/2018:17:36:44 -0400] "GET /2017/ HTTP/1.1" 302 538 "-" "Y!J-ASR/1.0 crawler (http://www.yahoo-help.jp/app/answers/detail/p/595/a_id/42716/)"
www.nspw.org:80 202.239.4.143 - - [27/Apr/2018:17:36:56 -0400] "GET /robots.txt HTTP/1.1" 302 549 "-" "Y!J-ASR/1.0 crawler (http://www.yahoo-help.jp/app/answers/detail/p/595/a_id/42716/)"
www.nspw.org:80 202.239.4.143 - - [27/Apr/2018:17:36:57 -0400] "GET /2009/ HTTP/1.1" 302 538 "-" "Y!J-ASR/1.0 crawler (http://www.yahoo-help.jp/app/answers/detail/p/595/a_id/42716/)"
www.nspw.org:80 202.239.4.143 - - [27/Apr/2018:17:37:10 -0400] "GET /robots.txt HTTP/1.1" 302 549 "-" "Y!J-ASR/1.0 crawler (http://www.yahoo-help.jp/app/answers/detail/p/595/a_id/42716/)"
www.nspw.org:80 202.239.4.143 - - [27/Apr/2018:17:37:11 -0400] "GET /2005/ HTTP/1.1" 302 538 "-" "Y!J-ASR/1.0 crawler (http://www.yahoo-help.jp/app/answers/detail/p/595/a_id/42716/)"
www.nspw.org:80 202.239.4.143 - - [27/Apr/2018:17:37:21 -0400] "GET /robots.txt HTTP/1.1" 302 549 "-" "Y!J-ASR/1.0 crawler (http://www.yahoo-help.jp/app/answers/detail/p/595/a_id/42716/)"
www.nspw.org:80 202.239.4.143 - - [27/Apr/2018:17:37:22 -0400] "GET /2013/ HTTP/1.1" 302 538 "-" "Y!J-ASR/1.0 crawler (http://www.yahoo-help.jp/app/answers/detail/p/595/a_id/42716/)"
www.nspw.org:80 202.239.4.143 - - [27/Apr/2018:17:37:35 -0400] "GET /robots.txt HTTP/1.1" 302 549 "-" "Y!J-ASR/1.0 crawler (http://www.yahoo-help.jp/app/answers/detail/p/595/a_id/42716/)"
www.nspw.org:80 202.239.4.143 - - [27/Apr/2018:17:37:35 -0400] "GET /2012/ HTTP/1.1" 302 538 "-" "Y!J-ASR/1.0 crawler (http://www.yahoo-help.jp/app/answers/detail/p/595/a_id/42716/)"
www.nspw.org:80 202.239.4.143 - - [27/Apr/2018:17:37:46 -0400] "GET /robots.txt HTTP/1.1" 302 549 "-" "Y!J-ASR/1.0 crawler (http://www.yahoo-help.jp/app/answers/detail/p/595/a_id/42716/)"
www.nspw.org:80 202.239.4.143 - - [27/Apr/2018:17:37:46 -0400] "GET /2012 HTTP/1.1" 302 536 "-" "Y!J-ASR/1.0 crawler (http://www.yahoo-help.jp/app/answers/detail/p/595/a_id/42716/)"
www.nspw.org:80 202.239.4.143 - - [27/Apr/2018:17:37:57 -0400] "GET /robots.txt HTTP/1.1" 302 549 "-" "Y!J-ASR/1.0 crawler (http://www.yahoo-help.jp/app/answers/detail/p/595/a_id/42716/)"
www.nspw.org:80 202.239.4.143 - - [27/Apr/2018:17:37:57 -0400] "GET /2013 HTTP/1.1" 302 536 "-" "Y!J-ASR/1.0 crawler (http://www.yahoo-help.jp/app/answers/detail/p/595/a_id/42716/)"
www.nspw.org:80 202.239.4.143 - - [27/Apr/2018:17:38:08 -0400] "GET /robots.txt HTTP/1.1" 302 549 "-" "Y!J-ASR/1.0 crawler (http://www.yahoo-help.jp/app/answers/detail/p/595/a_id/42716/)"
www.nspw.org:80 202.239.4.143 - - [27/Apr/2018:17:38:09 -0400] "GET /current/cfp.shtml HTTP/1.1" 302 562 "-" "Y!J-ASR/1.0 crawler (http://www.yahoo-help.jp/app/answers/detail/p/595/a_id/42716/)"
www.nspw.org:80 66.249.73.78 - - [27/Apr/2018:17:38:56 -0400] "GET /cfp/nspw2010-cfp.pdf HTTP/1.1" 302 569 "-" "Mozilla/5.0 (compatible; Googlebot/2.1; +http://www.google.com/bot.html)"
www.nspw.org:80 69.162.124.227 - - [27/Apr/2018:17:40:19 -0400] "HEAD / HTTP/1.1" 302 188 "http://nspw.org/" "Mozilla/5.0+(compatible; UptimeRobot/2.0; http://www.uptimerobot.com/)"
www.nspw.org:80 66.249.73.78 - - [27/Apr/2018:17:40:32 -0400] "GET /papers/1998/nspw1998-kahn.pdf HTTP/1.1" 302 587 "-" "Mozilla/5.0 (compatible; Googlebot/2.1; +http://www.google.com/bot.html)"
www.nspw.org:80 66.249.73.78 - - [27/Apr/2018:17:43:52 -0400] "GET /papers/2012/forms/index_files/factemplate.css HTTP/1.1" 302 619 "http://www.nspw.org/papers/2012/forms/index.htm" "Mozilla/5.0 (compatible; Googlebot/2.1; +http://www.google.com/bot.html)"
www.nspw.org:80 138.59.140.222 - - [27/Apr/2018:17:45:10 -0400] "GET /wp-login.php HTTP/1.1" 302 553 "-" "Mozilla/5.0 (Windows NT 6.1; WOW64; rv:40.0) Gecko/20100101 Firefox/40.1"
www.nspw.org:80 69.162.124.227 - - [27/Apr/2018:17:45:19 -0400] "HEAD / HTTP/1.1" 302 188 "http://nspw.org/" "Mozilla/5.0+(compatible; UptimeRobot/2.0; http://www.uptimerobot.com/)"
www.nspw.org:80 138.59.140.222 - - [27/Apr/2018:17:45:43 -0400] "GET / HTTP/1.1" 302 529 "-" "Mozilla/5.0 (Windows NT 6.1; WOW64; rv:40.0) Gecko/20100101 Firefox/40.1"
www.nspw.org:80 66.249.73.82 - - [27/Apr/2018:17:46:52 -0400] "GET /papers/1993/nspw1993-baker.pdf HTTP/1.1" 302 589 "-" "Mozilla/5.0 (compatible; Googlebot/2.1; +http://www.google.com/bot.html)"
www.nspw.org:80 185.214.164.22 - - [27/Apr/2018:17:47:36 -0400] "GET / HTTP/1.1" 302 492 "https://www.acsac.org" "Mozilla/5.0 (X11; Linux x86_64) AppleWebKit/537.36 (KHTML, like Gecko) Chrome/46.0.2490.80 Safari/537.36"
www.nspw.org:80 69.162.124.227 - - [27/Apr/2018:17:50:19 -0400] "HEAD / HTTP/1.1" 302 188 "http://nspw.org/" "Mozilla/5.0+(compatible; UptimeRobot/2.0; http://www.uptimerobot.com/)"
www.nspw.org:80 183.83.91.87 - - [27/Apr/2018:17:53:22 -0400] "GET /wp-login.php HTTP/1.1" 302 553 "-" "Mozilla/5.0 (Windows NT 6.1; WOW64; rv:40.0) Gecko/20100101 Firefox/40.1"
www.nspw.org:80 183.83.91.87 - - [27/Apr/2018:17:53:24 -0400] "GET / HTTP/1.1" 302 528 "-" "Mozilla/5.0 (Windows NT 6.1; WOW64; rv:40.0) Gecko/20100101 Firefox/40.1"
www.nspw.org:80 220.181.125.142 - - [27/Apr/2018:17:53:29 -0400] "GET /papers/2004/nspw2004-sadeghi.pdf HTTP/1.1" 302 556 "-" "Sogou web spider/4.0(+http://www.sogou.com/docs/help/webmasters.htm#07)"
www.nspw.org:80 220.181.125.142 - - [27/Apr/2018:17:53:39 -0400] "GET /papers/1998/ HTTP/1.1" 302 516 "-" "Sogou web spider/4.0(+http://www.sogou.com/docs/help/webmasters.htm#07)"
www.nspw.org:80 220.181.125.142 - - [27/Apr/2018:17:53:49 -0400] "GET /papers/1998/nspw1998-phillips.pdf HTTP/1.1" 302 558 "-" "Sogou web spider/4.0(+http://www.sogou.com/docs/help/webmasters.htm#07)"
www.nspw.org:80 220.181.125.142 - - [27/Apr/2018:17:53:59 -0400] "GET /papers/1993/nspw1993-yazdanian.pdf HTTP/1.1" 302 560 "-" "Sogou web spider/4.0(+http://www.sogou.com/docs/help/webmasters.htm#07)"
www.nspw.org:80 220.181.125.142 - - [27/Apr/2018:17:54:09 -0400] "GET /2006/program.shtml HTTP/1.1" 302 528 "-" "Sogou web spider/4.0(+http://www.sogou.com/docs/help/webmasters.htm#07)"
www.nspw.org:80 220.181.125.142 - - [27/Apr/2018:17:54:19 -0400] "GET /papers/2006/nspw2006-locasto.pdf HTTP/1.1" 302 556 "-" "Sogou web spider/4.0(+http://www.sogou.com/docs/help/webmasters.htm#07)"
www.nspw.org:80 220.181.125.142 - - [27/Apr/2018:17:54:29 -0400] "GET /2009/local.shtml HTTP/1.1" 302 524 "-" "Sogou web spider/4.0(+http://www.sogou.com/docs/help/webmasters.htm#07)"
www.nspw.org:80 220.181.125.142 - - [27/Apr/2018:17:54:41 -0400] "GET /papers/2005/nspw2005-locasto.pdf HTTP/1.1" 302 556 "-" "Sogou web spider/4.0(+http://www.sogou.com/docs/help/webmasters.htm#07)"
www.nspw.org:80 66.249.73.82 - - [27/Apr/2018:17:54:48 -0400] "GET /papers/2008/nspw2008-beautement.pdf HTTP/1.1" 302 599 "-" "Mozilla/5.0 (compatible; Googlebot/2.1; +http://www.google.com/bot.html)"
www.nspw.org:80 220.181.125.142 - - [27/Apr/2018:17:54:51 -0400] "GET /papers/2001/nspw2001-greenwald.pdf HTTP/1.1" 302 560 "-" "Sogou web spider/4.0(+http://www.sogou.com/docs/help/webmasters.htm#07)"
www.nspw.org:80 220.181.125.142 - - [27/Apr/2018:17:55:01 -0400] "GET /papers/1993/nspw1993-desmedt.pdf HTTP/1.1" 302 556 "-" "Sogou web spider/4.0(+http://www.sogou.com/docs/help/webmasters.htm#07)"
www.nspw.org:80 220.181.125.142 - - [27/Apr/2018:17:55:11 -0400] "GET /papers/2005/nspw2005-taylor-pos.pdf HTTP/1.1" 302 562 "-" "Sogou web spider/4.0(+http://www.sogou.com/docs/help/webmasters.htm#07)"
www.nspw.org:80 69.162.124.227 - - [27/Apr/2018:17:55:19 -0400] "HEAD / HTTP/1.1" 302 188 "http://nspw.org/" "Mozilla/5.0+(compatible; UptimeRobot/2.0; http://www.uptimerobot.com/)"
www.nspw.org:80 220.181.125.142 - - [27/Apr/2018:17:55:21 -0400] "GET /papers/2001/nspw2001-pal.pdf HTTP/1.1" 302 548 "-" "Sogou web spider/4.0(+http://www.sogou.com/docs/help/webmasters.htm#07)"
www.nspw.org:80 138.201.60.47 - - [27/Apr/2018:17:55:40 -0400] "GET / HTTP/1.1" 302 469 "-" "Mozilla/5.0 (Windows; U; Windows NT 5.1; ru; rv:1.9.0.1) Gecko/2008070208"
www.nspw.org:80 40.77.167.149 - - [27/Apr/2018:17:56:10 -0400] "GET /papers/2006/nspw2006-naegoe.pdf HTTP/1.1" 302 591 "-" "Mozilla/5.0 (compatible; bingbot/2.0; +http://www.bing.com/bingbot.htm)"
www.nspw.org:80 41.109.74.93 - - [27/Apr/2018:17:56:54 -0400] "GET /wp-login.php HTTP/1.1" 302 553 "-" "Mozilla/5.0 (Windows NT 6.1; WOW64; rv:40.0) Gecko/20100101 Firefox/40.1"
www.nspw.org:80 41.109.74.93 - - [27/Apr/2018:17:56:56 -0400] "GET / HTTP/1.1" 302 528 "-" "Mozilla/5.0 (Windows NT 6.1; WOW64; rv:40.0) Gecko/20100101 Firefox/40.1"
www.nspw.org:80 216.244.66.200 - - [27/Apr/2018:17:57:14 -0400] "GET /robots.txt HTTP/1.1" 302 493 "-" "Mozilla/5.0 (compatible; DotBot/1.1; http://www.opensiteexplorer.org/dotbot, help@moz.com)"
www.nspw.org:80 40.77.167.149 - - [27/Apr/2018:17:57:48 -0400] "GET /2009/proceedings/2009/nspw2009-herley.pdf HTTP/1.1" 302 611 "-" "Mozilla/5.0 (compatible; bingbot/2.0; +http://www.bing.com/bingbot.htm)"
www.nspw.org:80 66.249.73.80 - - [27/Apr/2018:17:57:58 -0400] "GET /papers/2013/nspw2013-peisert.pdf HTTP/1.1" 302 593 "-" "Mozilla/5.0 (compatible; Googlebot/2.1; +http://www.google.com/bot.html)"
www.nspw.org:80 153.120.13.149 - - [27/Apr/2018:17:59:01 -0400] "HEAD /current/ HTTP/1.1" 302 233 "-" "Hatena Antenna/0.5 (http://a.hatena.ne.jp/help)"
www.nspw.org:80 153.120.13.148 - - [27/Apr/2018:17:59:12 -0400] "GET /current/ HTTP/1.1" 302 545 "-" "Hatena Antenna/0.5 (http://a.hatena.ne.jp/help)"
www.nspw.org:80 69.162.124.227 - - [27/Apr/2018:18:00:19 -0400] "HEAD / HTTP/1.1" 302 188 "http://nspw.org/" "Mozilla/5.0+(compatible; UptimeRobot/2.0; http://www.uptimerobot.com/)"
www.nspw.org:80 66.249.73.78 - - [27/Apr/2018:18:01:09 -0400] "GET /papers/1993/nspw1993-hosmer.pdf HTTP/1.1" 302 591 "-" "Mozilla/5.0 (compatible; Googlebot/2.1; +http://www.google.com/bot.html)"
www.nspw.org:80 140.192.37.4 - - [27/Apr/2018:18:01:53 -0400] "GET / HTTP/1.1" 302 529 "-" "Mozilla/5.0 (Macintosh; Intel Mac OS X 10_13_4) AppleWebKit/605.1.15 (KHTML, like Gecko) Version/11.1 Safari/605.1.15"
www.nspw.org:80 ::1 - - [27/Apr/2018:18:01:59 -0400] "OPTIONS * HTTP/1.0" 200 126 "-" "Apache/2.4.29 (Ubuntu) OpenSSL/1.1.0g (internal dummy connection)"
www.nspw.org:80 ::1 - - [27/Apr/2018:18:02:00 -0400] "OPTIONS * HTTP/1.0" 200 126 "-" "Apache/2.4.29 (Ubuntu) OpenSSL/1.1.0g (internal dummy connection)"
www.nspw.org:80 ::1 - - [27/Apr/2018:18:02:01 -0400] "OPTIONS * HTTP/1.0" 200 126 "-" "Apache/2.4.29 (Ubuntu) OpenSSL/1.1.0g (internal dummy connection)"
www.nspw.org:80 66.249.73.80 - - [27/Apr/2018:18:02:44 -0400] "GET /papers/1999/nspw1999-povey.pdf HTTP/1.1" 302 589 "-" "Mozilla/5.0 (compatible; Googlebot/2.1; +http://www.google.com/bot.html)"
www.nspw.org:80 66.249.73.78 - - [27/Apr/2018:18:04:19 -0400] "GET /papers/2006/nspw2006-wang.pdf HTTP/1.1" 302 587 "-" "Mozilla/5.0 (compatible; Googlebot/2.1; +http://www.google.com/bot.html)"
www.nspw.org:80 84.238.108.90 - - [27/Apr/2018:18:05:07 -0400] "GET /wp-login.php HTTP/1.1" 302 553 "-" "Mozilla/5.0 (Windows NT 6.1; WOW64; rv:40.0) Gecko/20100101 Firefox/40.1"
www.nspw.org:80 84.238.108.90 - - [27/Apr/2018:18:05:07 -0400] "GET / HTTP/1.1" 302 528 "-" "Mozilla/5.0 (Windows NT 6.1; WOW64; rv:40.0) Gecko/20100101 Firefox/40.1"
www.nspw.org:80 69.162.124.227 - - [27/Apr/2018:18:05:19 -0400] "HEAD / HTTP/1.1" 302 188 "http://nspw.org/" "Mozilla/5.0+(compatible; UptimeRobot/2.0; http://www.uptimerobot.com/)"
www.nspw.org:80 66.249.73.78 - - [27/Apr/2018:18:05:54 -0400] "GET /papers/1999/nspw1999-schneider.pdf HTTP/1.1" 302 597 "-" "Mozilla/5.0 (compatible; Googlebot/2.1; +http://www.google.com/bot.html)"
www.nspw.org:80 185.232.20.242 - - [27/Apr/2018:18:07:29 -0400] "GET /user/login HTTP/1.1" 302 489 "http://nspw.org/user/login" "Mozilla/5.0 (Windows NT 10.0; WOW64) AppleWebKit/537.36 (KHTML, like Gecko) Chrome/62.0.3198.0 Safari/537.36 OPR/49.0.2711.0"
www.nspw.org:80 185.232.20.242 - - [27/Apr/2018:18:07:29 -0400] "GET /user/login HTTP/1.1" 302 489 "http://nspw.org/user/login" "Mozilla/5.0 (Windows NT 10.0; WOW64) AppleWebKit/537.36 (KHTML, like Gecko) Chrome/62.0.3198.0 Safari/537.36 OPR/49.0.2711.0"
www.nspw.org:80 185.232.20.242 - - [27/Apr/2018:18:07:29 -0400] "GET /user/login HTTP/1.1" 302 489 "http://nspw.org/user/login" "Mozilla/5.0 (Windows NT 10.0; WOW64) AppleWebKit/537.36 (KHTML, like Gecko) Chrome/62.0.3198.0 Safari/537.36 OPR/49.0.2711.0"
www.nspw.org:80 216.244.66.236 - - [27/Apr/2018:18:07:39 -0400] "GET /robots.txt HTTP/1.1" 302 493 "-" "Mozilla/5.0 (compatible; DotBot/1.1; http://www.opensiteexplorer.org/dotbot, help@moz.com)"
www.nspw.org:80 207.46.13.49 - - [27/Apr/2018:18:08:27 -0400] "GET /2009/proceedings/2001/nspw2001-pal.pdf HTTP/1.1" 302 605 "-" "Mozilla/5.0 (compatible; bingbot/2.0; +http://www.bing.com/bingbot.htm)"
www.nspw.org:80 196.70.45.106 - - [27/Apr/2018:18:08:43 -0400] "GET /wp-login.php HTTP/1.1" 302 553 "-" "Mozilla/5.0 (Windows NT 6.1; WOW64; rv:40.0) Gecko/20100101 Firefox/40.1"
www.nspw.org:80 196.70.45.106 - - [27/Apr/2018:18:08:45 -0400] "GET / HTTP/1.1" 302 528 "-" "Mozilla/5.0 (Windows NT 6.1; WOW64; rv:40.0) Gecko/20100101 Firefox/40.1"
www.nspw.org:80 66.249.73.80 - - [27/Apr/2018:18:09:04 -0400] "GET /papers/2004/nspw2004-allwein.pdf HTTP/1.1" 302 593 "-" "Mozilla/5.0 (compatible; Googlebot/2.1; +http://www.google.com/bot.html)"
www.nspw.org:80 69.162.124.227 - - [27/Apr/2018:18:10:19 -0400] "HEAD / HTTP/1.1" 302 188 "http://nspw.org/" "Mozilla/5.0+(compatible; UptimeRobot/2.0; http://www.uptimerobot.com/)"
www.nspw.org:80 95.123.208.252 - - [27/Apr/2018:18:13:05 -0400] "GET /wp-login.php HTTP/1.1" 302 553 "-" "Mozilla/5.0 (Windows NT 6.1; WOW64; rv:40.0) Gecko/20100101 Firefox/40.1"
www.nspw.org:80 95.123.208.252 - - [27/Apr/2018:18:13:07 -0400] "GET / HTTP/1.1" 302 528 "-" "Mozilla/5.0 (Windows NT 6.1; WOW64; rv:40.0) Gecko/20100101 Firefox/40.1"
www.nspw.org:80 196.194.106.208 - - [27/Apr/2018:18:13:53 -0400] "GET /wp-login.php HTTP/1.1" 302 553 "-" "Mozilla/5.0 (Windows NT 6.1; WOW64; rv:40.0) Gecko/20100101 Firefox/40.1"
www.nspw.org:80 196.194.106.208 - - [27/Apr/2018:18:14:02 -0400] "GET / HTTP/1.1" 302 529 "-" "Mozilla/5.0 (Windows NT 6.1; WOW64; rv:40.0) Gecko/20100101 Firefox/40.1"
www.nspw.org:80 196.194.106.208 - - [27/Apr/2018:18:14:05 -0400] "GET /wp-login.php HTTP/1.1" 302 552 "-" "Mozilla/5.0 (Windows NT 6.1; WOW64; rv:40.0) Gecko/20100101 Firefox/40.1"
www.nspw.org:80 196.194.106.208 - - [27/Apr/2018:18:14:08 -0400] "GET / HTTP/1.1" 302 528 "-" "Mozilla/5.0 (Windows NT 6.1; WOW64; rv:40.0) Gecko/20100101 Firefox/40.1"
www.nspw.org:80 69.162.124.227 - - [27/Apr/2018:18:15:19 -0400] "HEAD / HTTP/1.1" 302 188 "http://nspw.org/" "Mozilla/5.0+(compatible; UptimeRobot/2.0; http://www.uptimerobot.com/)"
www.nspw.org:80 216.244.66.200 - - [27/Apr/2018:18:15:23 -0400] "GET /2011 HTTP/1.1" 302 481 "-" "Mozilla/5.0 (compatible; DotBot/1.1; http://www.opensiteexplorer.org/dotbot, help@moz.com)"
www.nspw.org:80 66.249.73.80 - - [27/Apr/2018:18:15:25 -0400] "GET /papers/1999/nspw1999-jonsson.pdf HTTP/1.1" 302 593 "-" "Mozilla/5.0 (compatible; Googlebot/2.1; +http://www.google.com/bot.html)"
www.nspw.org:80 54.36.149.20 - - [27/Apr/2018:18:16:39 -0400] "GET /proceedings/1997 HTTP/1.1" 302 505 "-" "Mozilla/5.0 (compatible; AhrefsBot/5.2; +http://ahrefs.com/robot/)"
www.nspw.org:80 35.226.23.240 - - [27/Apr/2018:18:16:58 -0400] "GET /robots.txt HTTP/1.1" 302 512 "-" "ltx71 - (http://ltx71.com/)"
www.nspw.org:80 66.249.73.80 - - [27/Apr/2018:18:17:08 -0400] "GET /papers/2011/nspw2011-locasto.pdf HTTP/1.1" 302 593 "-" "Mozilla/5.0 (compatible; Googlebot/2.1; +http://www.google.com/bot.html)"
www.nspw.org:80 66.249.73.78 - - [27/Apr/2018:18:18:35 -0400] "GET /papers/2013/nspw2013-durmuth.pdf HTTP/1.1" 302 593 "-" "Mozilla/5.0 (compatible; Googlebot/2.1; +http://www.google.com/bot.html)"
www.nspw.org:80 69.162.124.227 - - [27/Apr/2018:18:20:19 -0400] "HEAD / HTTP/1.1" 302 188 "http://nspw.org/" "Mozilla/5.0+(compatible; UptimeRobot/2.0; http://www.uptimerobot.com/)"
www.nspw.org:80 216.244.66.200 - - [27/Apr/2018:18:21:37 -0400] "GET /2006/program.content HTTP/1.1" 302 513 "-" "Mozilla/5.0 (compatible; DotBot/1.1; http://www.opensiteexplorer.org/dotbot, help@moz.com)"
www.nspw.org:80 66.249.73.78 - - [27/Apr/2018:18:21:46 -0400] "GET /papers/1997/nspw1997-mambo.pdf HTTP/1.1" 302 589 "-" "Mozilla/5.0 (compatible; Googlebot/2.1; +http://www.google.com/bot.html)"
www.nspw.org:80 216.244.66.200 - - [27/Apr/2018:18:22:53 -0400] "GET /robots.txt HTTP/1.1" 302 493 "-" "Mozilla/5.0 (compatible; DotBot/1.1; http://www.opensiteexplorer.org/dotbot, help@moz.com)"
www.nspw.org:80 66.249.73.78 - - [27/Apr/2018:18:23:21 -0400] "GET /papers/1993/nspw1993-schaefer.pdf HTTP/1.1" 302 595 "-" "Mozilla/5.0 (compatible; Googlebot/2.1; +http://www.google.com/bot.html)"
www.nspw.org:80 66.249.73.78 - - [27/Apr/2018:18:24:56 -0400] "GET /papers/2011/nspw2011-friedland.pdf HTTP/1.1" 302 597 "-" "Mozilla/5.0 (compatible; Googlebot/2.1; +http://www.google.com/bot.html)"
www.nspw.org:80 69.162.124.227 - - [27/Apr/2018:18:25:19 -0400] "HEAD / HTTP/1.1" 302 188 "http://nspw.org/" "Mozilla/5.0+(compatible; UptimeRobot/2.0; http://www.uptimerobot.com/)"
www.nspw.org:80 66.249.73.80 - - [27/Apr/2018:18:26:31 -0400] "GET /2008/tmp/ HTTP/1.1" 302 547 "-" "Mozilla/5.0 (compatible; Googlebot/2.1; +http://www.google.com/bot.html)"
www.nspw.org:80 216.244.66.200 - - [27/Apr/2018:18:26:50 -0400] "GET /2002/dates.shtml HTTP/1.1" 302 505 "-" "Mozilla/5.0 (compatible; DotBot/1.1; http://www.opensiteexplorer.org/dotbot, help@moz.com)"
www.nspw.org:80 66.249.73.80 - - [27/Apr/2018:18:28:06 -0400] "GET /2007/tmp/ HTTP/1.1" 302 547 "-" "Mozilla/5.0 (compatible; Googlebot/2.1; +http://www.google.com/bot.html)"
www.nspw.org:80 69.162.124.227 - - [27/Apr/2018:18:30:19 -0400] "HEAD / HTTP/1.1" 302 188 "http://nspw.org/" "Mozilla/5.0+(compatible; UptimeRobot/2.0; http://www.uptimerobot.com/)"
www.nspw.org:80 54.185.137.12 - - [27/Apr/2018:18:31:48 -0400] "GET / HTTP/1.1" 302 529 "http:// www.nspw.org" "Mozilla/5.0 (Windows NT 10.0; WOW64) AppleWebKit/537.36 (KHTML, like Gecko) DownloaderChrome/62.0.3202.75 Safari/537.36"
www.nspw.org:80 82.22.66.9 - - [27/Apr/2018:18:33:52 -0400] "GET /wp-login.php HTTP/1.1" 302 553 "-" "Mozilla/5.0 (Windows NT 6.1; WOW64; rv:40.0) Gecko/20100101 Firefox/40.1"
www.nspw.org:80 82.22.66.9 - - [27/Apr/2018:18:33:53 -0400] "GET / HTTP/1.1" 302 528 "-" "Mozilla/5.0 (Windows NT 6.1; WOW64; rv:40.0) Gecko/20100101 Firefox/40.1"
www.nspw.org:80 69.162.124.227 - - [27/Apr/2018:18:35:19 -0400] "HEAD / HTTP/1.1" 302 188 "http://nspw.org/" "Mozilla/5.0+(compatible; UptimeRobot/2.0; http://www.uptimerobot.com/)"
www.nspw.org:80 66.249.73.78 - - [27/Apr/2018:18:36:02 -0400] "GET /cfp/nspw2011-cfp.pdf HTTP/1.1" 302 569 "-" "Mozilla/5.0 (compatible; Googlebot/2.1; +http://www.google.com/bot.html)"
www.nspw.org:80 66.249.73.80 - - [27/Apr/2018:18:37:37 -0400] "GET /papers/2001/nspw2001-raskin.pdf HTTP/1.1" 302 591 "-" "Mozilla/5.0 (compatible; Googlebot/2.1; +http://www.google.com/bot.html)"
www.nspw.org:80 66.249.73.78 - - [27/Apr/2018:18:39:12 -0400] "GET /papers/1993/nspw1993-denning.pdf HTTP/1.1" 302 593 "-" "Mozilla/5.0 (compatible; Googlebot/2.1; +http://www.google.com/bot.html)"
www.nspw.org:80 208.76.93.244 - - [27/Apr/2018:18:39:19 -0400] "GET /wp-login.php HTTP/1.1" 302 553 "-" "Mozilla/5.0 (Windows NT 6.1; WOW64; rv:40.0) Gecko/20100101 Firefox/40.1"
www.nspw.org:80 208.76.93.244 - - [27/Apr/2018:18:39:20 -0400] "GET / HTTP/1.1" 302 528 "-" "Mozilla/5.0 (Windows NT 6.1; WOW64; rv:40.0) Gecko/20100101 Firefox/40.1"
www.nspw.org:80 69.162.124.227 - - [27/Apr/2018:18:40:19 -0400] "HEAD / HTTP/1.1" 302 188 "http://nspw.org/" "Mozilla/5.0+(compatible; UptimeRobot/2.0; http://www.uptimerobot.com/)"
www.nspw.org:80 66.249.73.78 - - [27/Apr/2018:18:40:47 -0400] "GET /papers/2003/nspw2003-mchugh.pdf HTTP/1.1" 302 591 "-" "Mozilla/5.0 (compatible; Googlebot/2.1; +http://www.google.com/bot.html)"
www.nspw.org:80 54.36.149.49 - - [27/Apr/2018:18:41:41 -0400] "GET /2006/index.shtml HTTP/1.1" 302 505 "-" "Mozilla/5.0 (compatible; AhrefsBot/5.2; +http://ahrefs.com/robot/)"
www.nspw.org:80 66.249.73.80 - - [27/Apr/2018:18:43:58 -0400] "GET /papers/2013/nspw2013-ard.pdf HTTP/1.1" 302 585 "-" "Mozilla/5.0 (compatible; Googlebot/2.1; +http://www.google.com/bot.html)"
www.nspw.org:80 54.36.148.21 - - [27/Apr/2018:18:44:21 -0400] "GET /2009/proceedings/1993/?C=N;O=D HTTP/1.1" 302 533 "-" "Mozilla/5.0 (compatible; AhrefsBot/5.2; +http://ahrefs.com/robot/)"
www.nspw.org:80 69.162.124.227 - - [27/Apr/2018:18:45:19 -0400] "HEAD / HTTP/1.1" 302 188 "http://nspw.org/" "Mozilla/5.0+(compatible; UptimeRobot/2.0; http://www.uptimerobot.com/)"
www.nspw.org:80 66.249.73.82 - - [27/Apr/2018:18:45:33 -0400] "GET /papers/2009/nspw2009-misra.pdf HTTP/1.1" 302 589 "-" "Mozilla/5.0 (compatible; Googlebot/2.1; +http://www.google.com/bot.html)"
www.nspw.org:80 66.249.73.82 - - [27/Apr/2018:18:47:12 -0400] "GET /papers/2005/nspw2005-mcdermott.pdf HTTP/1.1" 302 597 "-" "Mozilla/5.0 (compatible; Googlebot/2.1; +http://www.google.com/bot.html)"
www.nspw.org:80 213.143.87.67 - - [27/Apr/2018:18:48:26 -0400] "GET /wp-login.php HTTP/1.1" 302 553 "-" "Mozilla/5.0 (Windows NT 6.1; WOW64; rv:40.0) Gecko/20100101 Firefox/40.1"
www.nspw.org:80 213.143.87.67 - - [27/Apr/2018:18:48:26 -0400] "GET / HTTP/1.1" 302 528 "-" "Mozilla/5.0 (Windows NT 6.1; WOW64; rv:40.0) Gecko/20100101 Firefox/40.1"
www.nspw.org:80 66.249.73.78 - - [27/Apr/2018:18:48:43 -0400] "GET /papers/2013/nspw2013-castro.pdf HTTP/1.1" 302 591 "-" "Mozilla/5.0 (compatible; Googlebot/2.1; +http://www.google.com/bot.html)"
www.nspw.org:80 5.9.94.207 - - [27/Apr/2018:18:49:28 -0400] "GET /2015/organizers HTTP/1.1" 302 559 "-" "Mozilla/5.0 (Macintosh; Intel Mac OS X 10_13_3) AppleWebKit/604.5.6 (KHTML, like Gecko) Version/11.0.3 Safari/604.5.6"
www.nspw.org:80 66.249.73.82 - - [27/Apr/2018:18:50:18 -0400] "GET /papers/1998/nspw1998-foley.pdf HTTP/1.1" 302 589 "-" "Mozilla/5.0 (compatible; Googlebot/2.1; +http://www.google.com/bot.html)"
www.nspw.org:80 69.162.124.227 - - [27/Apr/2018:18:50:19 -0400] "HEAD / HTTP/1.1" 302 188 "http://nspw.org/" "Mozilla/5.0+(compatible; UptimeRobot/2.0; http://www.uptimerobot.com/)"
www.nspw.org:80 80.214.219.185 - - [27/Apr/2018:18:55:00 -0400] "GET /wp-login.php HTTP/1.1" 302 553 "-" "Mozilla/5.0 (Windows NT 6.1; WOW64; rv:40.0) Gecko/20100101 Firefox/40.1"
www.nspw.org:80 80.214.219.185 - - [27/Apr/2018:18:55:01 -0400] "GET / HTTP/1.1" 302 528 "-" "Mozilla/5.0 (Windows NT 6.1; WOW64; rv:40.0) Gecko/20100101 Firefox/40.1"
www.nspw.org:80 115.239.214.232 - - [27/Apr/2018:18:55:02 -0400] "GET /2009/proceedings/2002/nspw2002-du.pdf HTTP/1.1" 302 566 "-" "Mozilla/5.0 (Macintosh; Intel Mac OS X 10_13_1) AppleWebKit/537.36 (K HTML, like Gecko) Chrome/61.0.3163.100 Safari/537.36"
www.nspw.org:80 66.249.73.82 - - [27/Apr/2018:18:55:04 -0400] "GET /papers/1993/nspw1993-yazdanian.pdf HTTP/1.1" 302 597 "-" "Mozilla/5.0 (compatible; Googlebot/2.1; +http://www.google.com/bot.html)"
www.nspw.org:80 69.162.124.227 - - [27/Apr/2018:18:55:19 -0400] "HEAD / HTTP/1.1" 302 188 "http://nspw.org/" "Mozilla/5.0+(compatible; UptimeRobot/2.0; http://www.uptimerobot.com/)"
www.nspw.org:80 66.249.73.80 - - [27/Apr/2018:18:58:14 -0400] "GET /papers/1999/nspw1999-michael.pdf HTTP/1.1" 302 593 "-" "Mozilla/5.0 (compatible; Googlebot/2.1; +http://www.google.com/bot.html)"
www.nspw.org:80 180.76.15.137 - - [27/Apr/2018:18:59:11 -0400] "GET /papers/1993/nspw1993-hosmer.pdf HTTP/1.1" 302 554 "-" "Mozilla/5.0 (compatible; Baiduspider/2.0; +http://www.baidu.com/search/spider.html)"
www.nspw.org:80 66.249.73.78 - - [27/Apr/2018:18:59:49 -0400] "GET /papers/2005/nspw2005-locasto.pdf HTTP/1.1" 302 593 "-" "Mozilla/5.0 (compatible; Googlebot/2.1; +http://www.google.com/bot.html)"
www.nspw.org:80 180.76.15.163 - - [27/Apr/2018:19:00:11 -0400] "GET /2010/ HTTP/1.1" 302 502 "-" "Mozilla/5.0 (compatible; Baiduspider/2.0; +http://www.baidu.com/search/spider.html)"
www.nspw.org:80 69.162.124.227 - - [27/Apr/2018:19:00:19 -0400] "HEAD / HTTP/1.1" 302 188 "http://nspw.org/" "Mozilla/5.0+(compatible; UptimeRobot/2.0; http://www.uptimerobot.com/)"
www.nspw.org:80 180.76.15.25 - - [27/Apr/2018:19:01:11 -0400] "GET /2012/organizers HTTP/1.1" 302 522 "-" "Mozilla/5.0 (compatible; Baiduspider/2.0; +http://www.baidu.com/search/spider.html)"
www.nspw.org:80 216.244.66.200 - - [27/Apr/2018:19:01:44 -0400] "GET /proceedings/2011 HTTP/1.1" 302 505 "-" "Mozilla/5.0 (compatible; DotBot/1.1; http://www.opensiteexplorer.org/dotbot, help@moz.com)"
www.nspw.org:80 180.76.15.162 - - [27/Apr/2018:19:02:11 -0400] "GET /papers/2007/nspw2007-chow.pdf HTTP/1.1" 302 550 "-" "Mozilla/5.0 (compatible; Baiduspider/2.0; +http://www.baidu.com/search/spider.html)"
www.nspw.org:80 66.249.73.82 - - [27/Apr/2018:19:03:00 -0400] "GET /papers/2000/nspw2000-mcdermott.pdf HTTP/1.1" 302 597 "-" "Mozilla/5.0 (compatible; Googlebot/2.1; +http://www.google.com/bot.html)"
www.nspw.org:80 180.76.15.155 - - [27/Apr/2018:19:03:11 -0400] "GET /current/cfp/nspw2018-cfp.pdf HTTP/1.1" 302 548 "-" "Mozilla/5.0 (compatible; Baiduspider/2.0; +http://www.baidu.com/search/spider.html)"
www.nspw.org:80 115.239.214.155 - - [27/Apr/2018:19:03:19 -0400] "GET /2009/proceedings/2002/nspw2002-du.pdf HTTP/1.1" 302 566 "-" "Mozilla/5.0 (Macintosh; Intel Mac OS X 10_13_1) AppleWebKit/537.36 (KHTML, like Gecko) Chrome/61.0.3163.100 Safari/537.36"
www.nspw.org:80 180.76.15.148 - - [27/Apr/2018:19:04:11 -0400] "GET /papers/1999/?C=N;O=A HTTP/1.1" 302 532 "-" "Mozilla/5.0 (compatible; Baiduspider/2.0; +http://www.baidu.com/search/spider.html)"
www.nspw.org:80 66.249.73.80 - - [27/Apr/2018:19:04:35 -0400] "GET /papers/1993/nspw1993-slack.pdf HTTP/1.1" 302 589 "-" "Mozilla/5.0 (compatible; Googlebot/2.1; +http://www.google.com/bot.html)"
www.nspw.org:80 180.76.15.10 - - [27/Apr/2018:19:05:11 -0400] "GET /2002/ HTTP/1.1" 302 502 "-" "Mozilla/5.0 (compatible; Baiduspider/2.0; +http://www.baidu.com/search/spider.html)"
www.nspw.org:80 69.162.124.227 - - [27/Apr/2018:19:05:19 -0400] "HEAD / HTTP/1.1" 302 188 "http://nspw.org/" "Mozilla/5.0+(compatible; UptimeRobot/2.0; http://www.uptimerobot.com/)"
www.nspw.org:80 66.249.73.82 - - [27/Apr/2018:19:06:10 -0400] "GET /papers/2010/nspw2010-raskin.pdf HTTP/1.1" 302 591 "-" "Mozilla/5.0 (compatible; Googlebot/2.1; +http://www.google.com/bot.html)"
www.nspw.org:80 180.76.15.146 - - [27/Apr/2018:19:06:11 -0400] "GET /2005/nspw-small.jpg HTTP/1.1" 302 530 "-" "Mozilla/5.0 (compatible; Baiduspider/2.0; +http://www.baidu.com/search/spider.html)"
www.nspw.org:80 77.88.47.40 - - [27/Apr/2018:19:06:35 -0400] "GET /robots.txt HTTP/1.1" 302 549 "-" "Mozilla/5.0 (compatible; YandexBot/3.0; +http://yandex.com/bots)"
www.nspw.org:80 77.88.47.40 - - [27/Apr/2018:19:06:38 -0400] "GET /2005/cfp/Makefile HTTP/1.1" 302 562 "-" "Mozilla/5.0 (compatible; YandexBot/3.0; +http://yandex.com/bots)"
www.nspw.org:80 180.76.15.7 - - [27/Apr/2018:19:07:11 -0400] "GET /papers/1998/ HTTP/1.1" 302 516 "-" "Mozilla/5.0 (compatible; Baiduspider/2.0; +http://www.baidu.com/search/spider.html)"
www.nspw.org:80 66.249.73.80 - - [27/Apr/2018:19:07:45 -0400] "GET /papers/2009/nspw2009-church.pdf HTTP/1.1" 302 591 "-" "Mozilla/5.0 (compatible; Googlebot/2.1; +http://www.google.com/bot.html)"
www.nspw.org:80 5.255.250.67 - - [27/Apr/2018:19:08:01 -0400] "GET /2009/oc.shtml HTTP/1.1" 302 555 "-" "Mozilla/5.0 (compatible; YandexBot/3.0; +http://yandex.com/bots)"
www.nspw.org:80 180.76.15.22 - - [27/Apr/2018:19:08:11 -0400] "GET /papers/2009/nspw2009-probst.pdf HTTP/1.1" 302 554 "-" "Mozilla/5.0 (compatible; Baiduspider/2.0; +http://www.baidu.com/search/spider.html)"
www.nspw.org:80 180.76.15.153 - - [27/Apr/2018:19:10:11 -0400] "GET /papers/2013/nspw2013-mathur.pdf HTTP/1.1" 302 554 "-" "Mozilla/5.0 (compatible; Baiduspider/2.0; +http://www.baidu.com/search/spider.html)"
www.nspw.org:80 69.162.124.227 - - [27/Apr/2018:19:10:19 -0400] "HEAD / HTTP/1.1" 302 188 "http://nspw.org/" "Mozilla/5.0+(compatible; UptimeRobot/2.0; http://www.uptimerobot.com/)"
www.nspw.org:80 66.249.73.80 - - [27/Apr/2018:19:10:55 -0400] "GET /2005/cfp/latex/macros.sty HTTP/1.1" 302 579 "-" "Mozilla/5.0 (compatible; Googlebot/2.1; +http://www.google.com/bot.html)"
www.nspw.org:80 180.76.15.18 - - [27/Apr/2018:19:11:11 -0400] "GET /2009/proceedings/2013/nspw2013-zhao.pdf HTTP/1.1" 302 570 "-" "Mozilla/5.0 (compatible; Baiduspider/2.0; +http://www.baidu.com/search/spider.html)"
www.nspw.org:80 95.181.179.64 - - [27/Apr/2018:19:11:33 -0400] "GET / HTTP/1.1" 302 469 "-" "Mozilla/5.0 (X11; U; Linux i686; en-US) AppleWebKit/534.16 (KHTML, like Gecko) Chrome/10.0.648.134 Safari/534.16"
www.nspw.org:80 ::1 - - [27/Apr/2018:19:12:03 -0400] "OPTIONS * HTTP/1.0" 200 126 "-" "Apache/2.4.29 (Ubuntu) OpenSSL/1.1.0g (internal dummy connection)"
www.nspw.org:80 180.76.15.149 - - [27/Apr/2018:19:12:11 -0400] "GET /2018/organizers HTTP/1.1" 302 522 "-" "Mozilla/5.0 (compatible; Baiduspider/2.0; +http://www.baidu.com/search/spider.html)"
www.nspw.org:80 ::1 - - [27/Apr/2018:19:12:13 -0400] "OPTIONS * HTTP/1.0" 200 126 "-" "Apache/2.4.29 (Ubuntu) OpenSSL/1.1.0g (internal dummy connection)"
www.nspw.org:80 54.36.148.43 - - [27/Apr/2018:19:12:15 -0400] "GET /2009/proceedings/2007/?C=S;O=D HTTP/1.1" 302 533 "-" "Mozilla/5.0 (compatible; AhrefsBot/5.2; +http://ahrefs.com/robot/)"
www.nspw.org:80 66.249.73.80 - - [27/Apr/2018:19:12:30 -0400] "GET /papers/1996/nspw1996-josang.pdf HTTP/1.1" 302 591 "-" "Mozilla/5.0 (compatible; Googlebot/2.1; +http://www.google.com/bot.html)"
www.nspw.org:80 ::1 - - [27/Apr/2018:19:12:43 -0400] "OPTIONS * HTTP/1.0" 200 126 "-" "Apache/2.4.29 (Ubuntu) OpenSSL/1.1.0g (internal dummy connection)"
www.nspw.org:80 ::1 - - [27/Apr/2018:19:13:05 -0400] "OPTIONS * HTTP/1.0" 200 126 "-" "Apache/2.4.29 (Ubuntu) OpenSSL/1.1.0g (internal dummy connection)"
www.nspw.org:80 180.76.15.148 - - [27/Apr/2018:19:13:11 -0400] "GET /2003/local.shtml.bak HTTP/1.1" 302 532 "-" "Mozilla/5.0 (compatible; Baiduspider/2.0; +http://www.baidu.com/search/spider.html)"
www.nspw.org:80 ::1 - - [27/Apr/2018:19:13:48 -0400] "OPTIONS * HTTP/1.0" 200 126 "-" "Apache/2.4.29 (Ubuntu) OpenSSL/1.1.0g (internal dummy connection)"
www.nspw.org:80 ::1 - - [27/Apr/2018:19:14:06 -0400] "OPTIONS * HTTP/1.0" 200 126 "-" "Apache/2.4.29 (Ubuntu) OpenSSL/1.1.0g (internal dummy connection)"
www.nspw.org:80 ::1 - - [27/Apr/2018:19:14:10 -0400] "OPTIONS * HTTP/1.0" 200 126 "-" "Apache/2.4.29 (Ubuntu) OpenSSL/1.1.0g (internal dummy connection)"
www.nspw.org:80 180.76.15.9 - - [27/Apr/2018:19:14:11 -0400] "GET /2005/cfp/?C=S;O=A HTTP/1.1" 302 526 "-" "Mozilla/5.0 (compatible; Baiduspider/2.0; +http://www.baidu.com/search/spider.html)"
www.nspw.org:80 114.125.52.71 - - [27/Apr/2018:19:14:43 -0400] "GET /wp-login.php HTTP/1.1" 302 553 "-" "Mozilla/5.0 (Windows NT 6.1; WOW64; rv:40.0) Gecko/20100101 Firefox/40.1"
www.nspw.org:80 114.125.52.71 - - [27/Apr/2018:19:14:44 -0400] "GET / HTTP/1.1" 302 528 "-" "Mozilla/5.0 (Windows NT 6.1; WOW64; rv:40.0) Gecko/20100101 Firefox/40.1"
www.nspw.org:80 176.195.89.215 - - [27/Apr/2018:19:15:01 -0400] "GET /wp-login.php HTTP/1.1" 302 553 "-" "Mozilla/5.0 (Windows NT 6.1; WOW64; rv:40.0) Gecko/20100101 Firefox/40.1"
www.nspw.org:80 176.195.89.215 - - [27/Apr/2018:19:15:02 -0400] "GET / HTTP/1.1" 302 528 "-" "Mozilla/5.0 (Windows NT 6.1; WOW64; rv:40.0) Gecko/20100101 Firefox/40.1"
www.nspw.org:80 69.162.124.227 - - [27/Apr/2018:19:15:19 -0400] "HEAD / HTTP/1.1" 302 188 "http://nspw.org/" "Mozilla/5.0+(compatible; UptimeRobot/2.0; http://www.uptimerobot.com/)"
www.nspw.org:80 54.36.148.249 - - [27/Apr/2018:19:16:34 -0400] "GET /2007/nspw-header.shtml HTTP/1.1" 302 517 "-" "Mozilla/5.0 (compatible; AhrefsBot/5.2; +http://ahrefs.com/robot/)"
www.nspw.org:80 66.249.73.82 - - [27/Apr/2018:19:17:16 -0400] "GET /papers/2010/nspw2010-faily.pdf HTTP/1.1" 302 589 "-" "Mozilla/5.0 (compatible; Googlebot/2.1; +http://www.google.com/bot.html)"
www.nspw.org:80 216.244.66.200 - - [27/Apr/2018:19:18:49 -0400] "GET /papers/1993/?C=N;O=A HTTP/1.1" 302 513 "-" "Mozilla/5.0 (compatible; DotBot/1.1; http://www.opensiteexplorer.org/dotbot, help@moz.com)"
www.nspw.org:80 216.244.66.200 - - [27/Apr/2018:19:19:04 -0400] "GET /2009/proceedings/2008/?C=M;O=D HTTP/1.1" 302 533 "-" "Mozilla/5.0 (compatible; DotBot/1.1; http://www.opensiteexplorer.org/dotbot, help@moz.com)"
www.nspw.org:80 172.58.143.174 - - [27/Apr/2018:19:19:11 -0400] "GET /papers/2007/nspw2007-mannan.pdf HTTP/1.1" 302 591 "-" "Mozilla/5.0 (iPhone; CPU iPhone OS 11_2_5 like Mac OS X) AppleWebKit/604.5.6 (KHTML, like Gecko) Version/11.0 Mobile/15D60 Safari/604.1"
www.nspw.org:80 69.162.124.227 - - [27/Apr/2018:19:20:19 -0400] "HEAD / HTTP/1.1" 302 188 "http://nspw.org/" "Mozilla/5.0+(compatible; UptimeRobot/2.0; http://www.uptimerobot.com/)"
www.nspw.org:80 216.244.66.200 - - [27/Apr/2018:19:20:25 -0400] "GET /2009/proceedings/?C=D;O=A HTTP/1.1" 302 523 "-" "Mozilla/5.0 (compatible; DotBot/1.1; http://www.opensiteexplorer.org/dotbot, help@moz.com)"
www.nspw.org:80 5.0.184.106 - - [27/Apr/2018:19:22:50 -0400] "GET /wp-login.php HTTP/1.1" 302 497 "-" "Mozilla/5.0 (Windows NT 6.1; WOW64; rv:40.0) Gecko/20100101 Firefox/40.1"
www.nspw.org:80 5.0.184.106 - - [27/Apr/2018:19:22:51 -0400] "GET / HTTP/1.1" 302 473 "-" "Mozilla/5.0 (Windows NT 6.1; WOW64; rv:40.0) Gecko/20100101 Firefox/40.1"
www.nspw.org:80 116.68.105.75 - - [27/Apr/2018:19:23:49 -0400] "GET /wp-login.php HTTP/1.1" 302 553 "-" "Mozilla/5.0 (Windows NT 6.1; WOW64; rv:40.0) Gecko/20100101 Firefox/40.1"
www.nspw.org:80 116.68.105.75 - - [27/Apr/2018:19:23:51 -0400] "GET / HTTP/1.1" 302 528 "-" "Mozilla/5.0 (Windows NT 6.1; WOW64; rv:40.0) Gecko/20100101 Firefox/40.1"
www.nspw.org:80 66.249.73.82 - - [27/Apr/2018:19:24:05 -0400] "GET /current/cfp.shtml HTTP/1.1" 302 563 "-" "Mozilla/5.0 (compatible; Googlebot/2.1; +http://www.google.com/bot.html)"
www.nspw.org:80 46.107.34.197 - - [27/Apr/2018:19:24:16 -0400] "GET /wp-login.php HTTP/1.1" 302 553 "-" "Mozilla/5.0 (Windows NT 6.1; WOW64; rv:40.0) Gecko/20100101 Firefox/40.1"
www.nspw.org:80 46.107.34.197 - - [27/Apr/2018:19:24:17 -0400] "GET / HTTP/1.1" 302 528 "-" "Mozilla/5.0 (Windows NT 6.1; WOW64; rv:40.0) Gecko/20100101 Firefox/40.1"
www.nspw.org:80 ::1 - - [27/Apr/2018:19:24:37 -0400] "OPTIONS * HTTP/1.0" 200 126 "-" "Apache/2.4.29 (Ubuntu) OpenSSL/1.1.0g (internal dummy connection)"
www.nspw.org:80 ::1 - - [27/Apr/2018:19:24:39 -0400] "OPTIONS * HTTP/1.0" 200 126 "-" "Apache/2.4.29 (Ubuntu) OpenSSL/1.1.0g (internal dummy connection)"
www.nspw.org:80 ::1 - - [27/Apr/2018:19:24:46 -0400] "OPTIONS * HTTP/1.0" 200 126 "-" "Apache/2.4.29 (Ubuntu) OpenSSL/1.1.0g (internal dummy connection)"
www.nspw.org:80 69.162.124.227 - - [27/Apr/2018:19:25:19 -0400] "HEAD / HTTP/1.1" 302 188 "http://nspw.org/" "Mozilla/5.0+(compatible; UptimeRobot/2.0; http://www.uptimerobot.com/)"
www.nspw.org:80 54.36.149.85 - - [27/Apr/2018:19:26:24 -0400] "GET /2009/proceedings/2000/?C=N;O=D HTTP/1.1" 302 533 "-" "Mozilla/5.0 (compatible; AhrefsBot/5.2; +http://ahrefs.com/robot/)"
www.nspw.org:80 69.162.124.227 - - [27/Apr/2018:19:30:19 -0400] "HEAD / HTTP/1.1" 302 188 "http://nspw.org/" "Mozilla/5.0+(compatible; UptimeRobot/2.0; http://www.uptimerobot.com/)"
www.nspw.org:80 178.32.238.117 - - [27/Apr/2018:19:31:06 -0400] "POST /sites/default/files/right.php HTTP/1.0" 302 546 "http://nspw.org/sites/default/files/right.php" "Mozilla/5.0 (Windows NT 6.1; Trident/7.0; rv:11.0) like Gecko"
www.nspw.org:80 103.232.120.79 - - [27/Apr/2018:19:31:14 -0400] "POST /sites/default/files/nifatcvj.php HTTP/1.0" 302 552 "http://nspw.org/sites/default/files/nifatcvj.php" "Mozilla/5.0 (Windows NT 6.1; WOW64; rv:54.0) Gecko/20100101 Firefox/54.0"
www.nspw.org:80 188.121.57.8 - - [27/Apr/2018:19:31:23 -0400] "POST /sites/default/files/qrhtjnpi.php HTTP/1.0" 302 552 "http://nspw.org/sites/default/files/qrhtjnpi.php" "Mozilla/5.0 (iPhone; CPU iPhone OS 10_3_1 like Mac OS X) AppleWebKit/603.1.30 (KHTML, like Gecko) Version/10.0 Mobile/14E304 Safari/602.1"
www.nspw.org:80 104.140.223.98 - - [27/Apr/2018:19:31:30 -0400] "POST /sites/default/files/rcwbinyt.php HTTP/1.0" 302 552 "http://nspw.org/sites/default/files/rcwbinyt.php" "Mozilla/5.0 (iPad; CPU OS 10_3_3 like Mac OS X) AppleWebKit/603.3.8 (KHTML, like Gecko) Version/10.0 Mobile/14G60 Safari/602.1"
www.nspw.org:80 66.249.73.80 - - [27/Apr/2018:19:31:32 -0400] "GET /papers/2009/nspw2009-probst.pdf HTTP/1.1" 302 591 "-" "Mozilla/5.0 (compatible; Googlebot/2.1; +http://www.google.com/bot.html)"
www.nspw.org:80 185.232.20.242 - - [27/Apr/2018:19:32:18 -0400] "GET /user/login HTTP/1.1" 302 489 "http://nspw.org/user/login" "Mozilla/5.0 (Windows NT 10.0; WOW64) AppleWebKit/537.36 (KHTML, like Gecko) Chrome/62.0.3198.0 Safari/537.36 OPR/49.0.2711.0"
www.nspw.org:80 185.232.20.242 - - [27/Apr/2018:19:32:18 -0400] "GET /user/login HTTP/1.1" 302 489 "http://nspw.org/user/login" "Mozilla/5.0 (Windows NT 10.0; WOW64) AppleWebKit/537.36 (KHTML, like Gecko) Chrome/62.0.3198.0 Safari/537.36 OPR/49.0.2711.0"
www.nspw.org:80 185.232.20.242 - - [27/Apr/2018:19:32:18 -0400] "GET /user/login HTTP/1.1" 302 489 "http://nspw.org/user/login" "Mozilla/5.0 (Windows NT 10.0; WOW64) AppleWebKit/537.36 (KHTML, like Gecko) Chrome/62.0.3198.0 Safari/537.36 OPR/49.0.2711.0"
www.nspw.org:80 47.88.252.43 - - [27/Apr/2018:19:32:51 -0400] "GET /server.js HTTP/1.1" 400 0 "-" "-"
www.nspw.org:80 47.88.246.86 - - [27/Apr/2018:19:32:52 -0400] "GET /server.js HTTP/1.1" 400 0 "-" "-"
www.nspw.org:80 66.249.73.78 - - [27/Apr/2018:19:34:43 -0400] "GET /papers/2013/nspw2013-mathur.pdf HTTP/1.1" 302 591 "-" "Mozilla/5.0 (compatible; Googlebot/2.1; +http://www.google.com/bot.html)"
www.nspw.org:80 69.162.124.227 - - [27/Apr/2018:19:35:19 -0400] "HEAD / HTTP/1.1" 302 188 "http://nspw.org/" "Mozilla/5.0+(compatible; UptimeRobot/2.0; http://www.uptimerobot.com/)"
www.nspw.org:80 81.193.70.178 - - [27/Apr/2018:19:35:55 -0400] "GET /wp-login.php HTTP/1.1" 302 553 "-" "Mozilla/5.0 (Windows NT 6.1; WOW64; rv:40.0) Gecko/20100101 Firefox/40.1"
www.nspw.org:80 81.193.70.178 - - [27/Apr/2018:19:35:56 -0400] "GET / HTTP/1.1" 302 528 "-" "Mozilla/5.0 (Windows NT 6.1; WOW64; rv:40.0) Gecko/20100101 Firefox/40.1"
www.nspw.org:80 54.36.148.208 - - [27/Apr/2018:19:36:22 -0400] "GET /proceedings/1999 HTTP/1.1" 302 505 "-" "Mozilla/5.0 (compatible; AhrefsBot/5.2; +http://ahrefs.com/robot/)"
www.nspw.org:80 216.244.66.200 - - [27/Apr/2018:19:37:53 -0400] "GET /2008/?C=S;O=A HTTP/1.1" 302 499 "-" "Mozilla/5.0 (compatible; DotBot/1.1; http://www.opensiteexplorer.org/dotbot, help@moz.com)"
www.nspw.org:80 66.249.73.82 - - [27/Apr/2018:19:39:28 -0400] "GET /papers/2005/nspw2005-thorpe.pdf HTTP/1.1" 302 591 "-" "Mozilla/5.0 (compatible; Googlebot/2.1; +http://www.google.com/bot.html)"
www.nspw.org:80 69.162.124.227 - - [27/Apr/2018:19:40:19 -0400] "HEAD / HTTP/1.1" 302 188 "http://nspw.org/" "Mozilla/5.0+(compatible; UptimeRobot/2.0; http://www.uptimerobot.com/)"
www.nspw.org:80 180.76.15.33 - - [27/Apr/2018:19:41:18 -0400] "GET /2012/dates HTTP/1.1" 302 512 "-" "Mozilla/5.0 (compatible; Baiduspider/2.0; +http://www.baidu.com/search/spider.html)"
www.nspw.org:80 216.244.66.200 - - [27/Apr/2018:19:41:23 -0400] "GET /2005/cfp/latex/?C=N;O=D HTTP/1.1" 302 519 "-" "Mozilla/5.0 (compatible; DotBot/1.1; http://www.opensiteexplorer.org/dotbot, help@moz.com)"
www.nspw.org:80 180.76.15.147 - - [27/Apr/2018:19:42:18 -0400] "GET /papers/2009/?C=S;O=A HTTP/1.1" 302 532 "-" "Mozilla/5.0 (compatible; Baiduspider/2.0; +http://www.baidu.com/search/spider.html)"
www.nspw.org:80 66.249.73.78 - - [27/Apr/2018:19:42:38 -0400] "GET /papers/1999/nspw1999-lipson.pdf HTTP/1.1" 302 591 "-" "Mozilla/5.0 (compatible; Googlebot/2.1; +http://www.google.com/bot.html)"
www.nspw.org:80 54.36.149.80 - - [27/Apr/2018:19:43:00 -0400] "GET /2009/proceedings/2000/?C=M;O=A HTTP/1.1" 302 533 "-" "Mozilla/5.0 (compatible; AhrefsBot/5.2; +http://ahrefs.com/robot/)"
www.nspw.org:80 180.76.15.144 - - [27/Apr/2018:19:43:18 -0400] "GET /1999/local.html HTTP/1.1" 302 522 "-" "Mozilla/5.0 (compatible; Baiduspider/2.0; +http://www.baidu.com/search/spider.html)"
www.nspw.org:80 35.226.23.240 - - [27/Apr/2018:19:43:35 -0400] "GET /robots.txt HTTP/1.1" 302 512 "-" "ltx71 - (http://ltx71.com/)"
www.nspw.org:80 216.244.66.236 - - [27/Apr/2018:19:43:55 -0400] "GET /robots.txt HTTP/1.1" 302 493 "-" "Mozilla/5.0 (compatible; DotBot/1.1; http://www.opensiteexplorer.org/dotbot, help@moz.com)"
www.nspw.org:80 66.249.73.78 - - [27/Apr/2018:19:44:14 -0400] "GET /papers/2001/nspw2001-weirich.pdf HTTP/1.1" 302 593 "-" "Mozilla/5.0 (compatible; Googlebot/2.1; +http://www.google.com/bot.html)"
www.nspw.org:80 100.43.91.123 - - [27/Apr/2018:19:44:56 -0400] "GET /2002/cfp.shtml HTTP/1.1" 302 557 "-" "Mozilla/5.0 (compatible; YandexBot/3.0; +http://yandex.com/bots)"
www.nspw.org:80 69.162.124.227 - - [27/Apr/2018:19:45:19 -0400] "HEAD / HTTP/1.1" 302 188 "http://nspw.org/" "Mozilla/5.0+(compatible; UptimeRobot/2.0; http://www.uptimerobot.com/)"
www.nspw.org:80 216.244.66.200 - - [27/Apr/2018:19:45:37 -0400] "GET /2012/cfp HTTP/1.1" 302 489 "-" "Mozilla/5.0 (compatible; DotBot/1.1; http://www.opensiteexplorer.org/dotbot, help@moz.com)"
www.nspw.org:80 180.23.174.51 - - [27/Apr/2018:19:46:32 -0400] "GET /2018 HTTP/1.1" 302 500 "-" "LWP::Simple/6.29 libwww-perl/6.29"
www.nspw.org:80 180.76.15.162 - - [27/Apr/2018:19:47:11 -0400] "GET /1999 HTTP/1.1" 302 496 "-" "Mozilla/5.0 (compatible; Baiduspider/2.0; +http://www.baidu.com/search/spider.html)"
www.nspw.org:80 207.46.13.49 - - [27/Apr/2018:19:48:12 -0400] "GET /papers/2011/nspw2011-hamacher.pdf HTTP/1.1" 302 591 "-" "Mozilla/5.0 (compatible; bingbot/2.0; +http://www.bing.com/bingbot.htm)"
www.nspw.org:80 69.162.124.227 - - [27/Apr/2018:19:50:19 -0400] "HEAD / HTTP/1.1" 302 188 "http://nspw.org/" "Mozilla/5.0+(compatible; UptimeRobot/2.0; http://www.uptimerobot.com/)"
www.nspw.org:80 66.249.73.78 - - [27/Apr/2018:19:50:34 -0400] "GET /2009/proceedings/1993/nspw1993-dobson.pdf HTTP/1.1" 302 611 "-" "Mozilla/5.0 (compatible; Googlebot/2.1; +http://www.google.com/bot.html)"
www.nspw.org:80 175.158.225.248 - - [27/Apr/2018:19:51:53 -0400] "GET /wp-login.php HTTP/1.1" 302 553 "-" "Mozilla/5.0 (Windows NT 6.1; WOW64; rv:40.0) Gecko/20100101 Firefox/40.1"
www.nspw.org:80 103.16.178.246 - - [27/Apr/2018:19:52:02 -0400] "GET /wp-login.php HTTP/1.1" 302 553 "-" "Mozilla/5.0 (Windows NT 6.1; WOW64; rv:40.0) Gecko/20100101 Firefox/40.1"
www.nspw.org:80 175.158.225.248 - - [27/Apr/2018:19:52:02 -0400] "GET / HTTP/1.1" 302 529 "-" "Mozilla/5.0 (Windows NT 6.1; WOW64; rv:40.0) Gecko/20100101 Firefox/40.1"
www.nspw.org:80 66.249.73.80 - - [27/Apr/2018:19:52:09 -0400] "GET /papers/2010/nspw2010-vancleeff.pdf HTTP/1.1" 302 597 "-" "Mozilla/5.0 (compatible; Googlebot/2.1; +http://www.google.com/bot.html)"
www.nspw.org:80 103.16.178.246 - - [27/Apr/2018:19:52:15 -0400] "GET / HTTP/1.1" 302 529 "-" "Mozilla/5.0 (Windows NT 6.1; WOW64; rv:40.0) Gecko/20100101 Firefox/40.1"
www.nspw.org:80 66.249.73.78 - - [27/Apr/2018:19:53:45 -0400] "GET /papers/2007/nspw2007-nali.pdf HTTP/1.1" 302 587 "-" "Mozilla/5.0 (compatible; Googlebot/2.1; +http://www.google.com/bot.html)"
www.nspw.org:80 77.88.47.3 - - [27/Apr/2018:19:54:56 -0400] "GET /2007/program.shtml HTTP/1.1" 302 565 "-" "Mozilla/5.0 (compatible; YandexBot/3.0; +http://yandex.com/bots)"
www.nspw.org:80 69.162.124.227 - - [27/Apr/2018:19:55:19 -0400] "HEAD / HTTP/1.1" 302 188 "http://nspw.org/" "Mozilla/5.0+(compatible; UptimeRobot/2.0; http://www.uptimerobot.com/)"
www.nspw.org:80 179.60.26.16 - - [27/Apr/2018:19:55:38 -0400] "GET /wp-login.php HTTP/1.1" 302 553 "-" "Mozilla/5.0 (Windows NT 6.1; WOW64; rv:40.0) Gecko/20100101 Firefox/40.1"
www.nspw.org:80 179.60.26.16 - - [27/Apr/2018:19:55:42 -0400] "GET / HTTP/1.1" 302 528 "-" "Mozilla/5.0 (Windows NT 6.1; WOW64; rv:40.0) Gecko/20100101 Firefox/40.1"
www.nspw.org:80 187.245.87.67 - - [27/Apr/2018:19:55:51 -0400] "GET /wp-login.php HTTP/1.1" 302 553 "-" "Mozilla/5.0 (Windows NT 6.1; WOW64; rv:40.0) Gecko/20100101 Firefox/40.1"
www.nspw.org:80 187.245.87.67 - - [27/Apr/2018:19:55:52 -0400] "GET / HTTP/1.1" 302 528 "-" "Mozilla/5.0 (Windows NT 6.1; WOW64; rv:40.0) Gecko/20100101 Firefox/40.1"
www.nspw.org:80 40.77.167.115 - - [27/Apr/2018:19:56:09 -0400] "GET /2009/proceedings/2006/nspw2006-greenwald.pdf HTTP/1.1" 302 617 "-" "Mozilla/5.0 (compatible; bingbot/2.0; +http://www.bing.com/bingbot.htm)"
www.nspw.org:80 40.77.167.194 - - [27/Apr/2018:19:57:40 -0400] "GET /papers/2007/nspw2007-hunker.pdf HTTP/1.1" 302 591 "-" "Mozilla/5.0 (compatible; bingbot/2.0; +http://www.bing.com/bingbot.htm)"
www.nspw.org:80 66.249.73.78 - - [27/Apr/2018:20:00:05 -0400] "GET /papers/2007/nspw2007-solworth.pdf HTTP/1.1" 302 595 "-" "Mozilla/5.0 (compatible; Googlebot/2.1; +http://www.google.com/bot.html)"
www.nspw.org:80 69.162.124.227 - - [27/Apr/2018:20:00:19 -0400] "HEAD / HTTP/1.1" 302 188 "http://nspw.org/" "Mozilla/5.0+(compatible; UptimeRobot/2.0; http://www.uptimerobot.com/)"
www.nspw.org:80 123.125.71.70 - - [27/Apr/2018:20:00:39 -0400] "GET /2004/ HTTP/1.1" 302 502 "-" "Mozilla/5.0 (compatible; Baiduspider/2.0; +http://www.baidu.com/search/spider.html)"
www.nspw.org:80 177.137.198.8 - - [27/Apr/2018:20:01:12 -0400] "GET /wp-login.php HTTP/1.1" 302 553 "-" "Mozilla/5.0 (Windows NT 6.1; WOW64; rv:40.0) Gecko/20100101 Firefox/40.1"
www.nspw.org:80 177.137.198.8 - - [27/Apr/2018:20:01:14 -0400] "GET / HTTP/1.1" 302 528 "-" "Mozilla/5.0 (Windows NT 6.1; WOW64; rv:40.0) Gecko/20100101 Firefox/40.1"
www.nspw.org:80 105.227.94.175 - - [27/Apr/2018:20:01:17 -0400] "GET /wp-login.php HTTP/1.1" 302 553 "-" "Mozilla/5.0 (Windows NT 6.1; WOW64; rv:40.0) Gecko/20100101 Firefox/40.1"
www.nspw.org:80 105.227.94.175 - - [27/Apr/2018:20:01:22 -0400] "GET / HTTP/1.1" 302 528 "-" "Mozilla/5.0 (Windows NT 6.1; WOW64; rv:40.0) Gecko/20100101 Firefox/40.1"
www.nspw.org:80 66.249.73.80 - - [27/Apr/2018:20:03:15 -0400] "GET /papers/1993/nspw1993-rooker-2.pdf HTTP/1.1" 302 595 "-" "Mozilla/5.0 (compatible; Googlebot/2.1; +http://www.google.com/bot.html)"
www.nspw.org:80 66.249.73.82 - - [27/Apr/2018:20:04:51 -0400] "GET /papers/1997/nspw1997-somayaji-scanned.pdf HTTP/1.1" 302 611 "-" "Mozilla/5.0 (compatible; Googlebot/2.1; +http://www.google.com/bot.html)"
www.nspw.org:80 148.251.75.46 - - [27/Apr/2018:20:04:52 -0400] "GET /2015/accepted HTTP/1.1" 302 555 "-" "Mozilla/5.0 (Windows NT 10.0; Win64; x64) AppleWebKit/537.36 (KHTML, like Gecko) Chrome/63.0.3239.132 Safari/537.36"
www.nspw.org:80 69.162.124.227 - - [27/Apr/2018:20:05:19 -0400] "HEAD / HTTP/1.1" 302 188 "http://nspw.org/" "Mozilla/5.0+(compatible; UptimeRobot/2.0; http://www.uptimerobot.com/)"
www.nspw.org:80 66.249.73.80 - - [27/Apr/2018:20:08:01 -0400] "GET /papers/2006/nspw2006-porras.pdf HTTP/1.1" 302 591 "-" "Mozilla/5.0 (compatible; Googlebot/2.1; +http://www.google.com/bot.html)"
www.nspw.org:80 216.244.66.236 - - [27/Apr/2018:20:08:06 -0400] "GET /robots.txt HTTP/1.1" 302 493 "-" "Mozilla/5.0 (compatible; DotBot/1.1; http://www.opensiteexplorer.org/dotbot, help@moz.com)"
www.nspw.org:80 69.162.124.227 - - [27/Apr/2018:20:10:19 -0400] "HEAD / HTTP/1.1" 302 188 "http://nspw.org/" "Mozilla/5.0+(compatible; UptimeRobot/2.0; http://www.uptimerobot.com/)"
www.nspw.org:80 66.249.73.78 - - [27/Apr/2018:20:11:11 -0400] "GET /papers/1994/nspw1994-bell.pdf HTTP/1.1" 302 587 "-" "Mozilla/5.0 (compatible; Googlebot/2.1; +http://www.google.com/bot.html)"
www.nspw.org:80 35.226.23.240 - - [27/Apr/2018:20:11:28 -0400] "GET /robots.txt HTTP/1.1" 302 512 "-" "ltx71 - (http://ltx71.com/)"
