www.nspw.org:80 180.76.15.149 - - [05/May/2018:23:17:54 -0400] "GET /submission.shtml HTTP/1.1" 302 524 "-" "Mozilla/5.0 (compatible; Baiduspider/2.0; +http://www.baidu.com/search/spider.html)"
www.nspw.org:80 180.76.15.8 - - [05/May/2018:23:18:00 -0400] "GET /2001/program.html HTTP/1.1" 302 526 "-" "Mozilla/5.0 (compatible; Baiduspider/2.0; +http://www.baidu.com/search/spider.html)"
www.nspw.org:80 168.197.12.98 - - [05/May/2018:23:18:01 -0400] "GET /wp-login.php HTTP/1.1" 302 553 "-" "Mozilla/5.0 (Windows NT 6.1; WOW64; rv:40.0) Gecko/20100101 Firefox/40.1"
www.nspw.org:80 168.197.12.98 - - [05/May/2018:23:18:05 -0400] "GET / HTTP/1.1" 302 528 "-" "Mozilla/5.0 (Windows NT 6.1; WOW64; rv:40.0) Gecko/20100101 Firefox/40.1"
www.nspw.org:80 216.244.66.247 - - [05/May/2018:23:18:54 -0400] "GET /2006/tmp/?C=M;O=D HTTP/1.1" 302 507 "-" "Mozilla/5.0 (compatible; DotBot/1.1; http://www.opensiteexplorer.org/dotbot, help@moz.com)"
www.nspw.org:80 69.162.124.227 - - [05/May/2018:23:20:06 -0400] "HEAD / HTTP/1.1" 302 188 "http://nspw.org/" "Mozilla/5.0+(compatible; UptimeRobot/2.0; http://www.uptimerobot.com/)"
www.nspw.org:80 42.61.147.225 - - [05/May/2018:23:21:34 -0400] "GET /wp-login.php HTTP/1.1" 302 553 "-" "Mozilla/5.0 (Windows NT 6.1; WOW64; rv:40.0) Gecko/20100101 Firefox/40.1"
www.nspw.org:80 42.61.147.225 - - [05/May/2018:23:21:35 -0400] "GET / HTTP/1.1" 302 528 "-" "Mozilla/5.0 (Windows NT 6.1; WOW64; rv:40.0) Gecko/20100101 Firefox/40.1"
www.nspw.org:80 177.84.254.186 - - [05/May/2018:23:21:57 -0400] "GET /wp-login.php HTTP/1.1" 302 553 "-" "Mozilla/5.0 (Windows NT 6.1; WOW64; rv:40.0) Gecko/20100101 Firefox/40.1"
www.nspw.org:80 177.84.254.186 - - [05/May/2018:23:21:59 -0400] "GET / HTTP/1.1" 302 528 "-" "Mozilla/5.0 (Windows NT 6.1; WOW64; rv:40.0) Gecko/20100101 Firefox/40.1"
www.nspw.org:80 95.249.17.246 - - [05/May/2018:23:22:27 -0400] "GET /wp-login.php HTTP/1.1" 302 553 "-" "Mozilla/5.0 (Windows NT 6.1; WOW64; rv:40.0) Gecko/20100101 Firefox/40.1"
www.nspw.org:80 95.249.17.246 - - [05/May/2018:23:22:29 -0400] "GET / HTTP/1.1" 302 528 "-" "Mozilla/5.0 (Windows NT 6.1; WOW64; rv:40.0) Gecko/20100101 Firefox/40.1"
www.nspw.org:80 43.250.240.96 - - [05/May/2018:23:23:44 -0400] "GET /wp-login.php HTTP/1.1" 302 553 "-" "Mozilla/5.0 (Windows NT 6.1; WOW64; rv:40.0) Gecko/20100101 Firefox/40.1"
www.nspw.org:80 43.250.240.96 - - [05/May/2018:23:23:46 -0400] "GET / HTTP/1.1" 302 528 "-" "Mozilla/5.0 (Windows NT 6.1; WOW64; rv:40.0) Gecko/20100101 Firefox/40.1"
www.nspw.org:80 69.162.124.227 - - [05/May/2018:23:25:06 -0400] "HEAD / HTTP/1.1" 302 188 "http://nspw.org/" "Mozilla/5.0+(compatible; UptimeRobot/2.0; http://www.uptimerobot.com/)"
www.nspw.org:80 67.225.71.111 - - [05/May/2018:23:25:17 -0400] "GET /wp-login.php HTTP/1.1" 302 553 "-" "Mozilla/5.0 (Windows NT 6.1; WOW64; rv:40.0) Gecko/20100101 Firefox/40.1"
www.nspw.org:80 67.225.71.111 - - [05/May/2018:23:25:17 -0400] "GET / HTTP/1.1" 302 528 "-" "Mozilla/5.0 (Windows NT 6.1; WOW64; rv:40.0) Gecko/20100101 Firefox/40.1"
www.nspw.org:80 66.249.64.210 - - [05/May/2018:23:26:01 -0400] "GET /papers/2013/nspw2013-peisert.pdf HTTP/1.1" 302 593 "-" "Mozilla/5.0 (compatible; Googlebot/2.1; +http://www.google.com/bot.html)"
www.nspw.org:80 190.188.54.141 - - [05/May/2018:23:26:04 -0400] "GET /wp-login.php HTTP/1.1" 302 553 "-" "Mozilla/5.0 (Windows NT 6.1; WOW64; rv:40.0) Gecko/20100101 Firefox/40.1"
www.nspw.org:80 190.188.54.141 - - [05/May/2018:23:26:05 -0400] "GET / HTTP/1.1" 302 528 "-" "Mozilla/5.0 (Windows NT 6.1; WOW64; rv:40.0) Gecko/20100101 Firefox/40.1"
www.nspw.org:80 216.244.66.247 - - [05/May/2018:23:28:57 -0400] "GET /papers/2013/?C=D;O=A HTTP/1.1" 302 513 "-" "Mozilla/5.0 (compatible; DotBot/1.1; http://www.opensiteexplorer.org/dotbot, help@moz.com)"
www.nspw.org:80 69.162.124.227 - - [05/May/2018:23:30:06 -0400] "HEAD / HTTP/1.1" 302 188 "http://nspw.org/" "Mozilla/5.0+(compatible; UptimeRobot/2.0; http://www.uptimerobot.com/)"
www.nspw.org:80 216.244.66.247 - - [05/May/2018:23:32:36 -0400] "GET /2009/proceedings/2006/?C=M;O=A HTTP/1.1" 302 533 "-" "Mozilla/5.0 (compatible; DotBot/1.1; http://www.opensiteexplorer.org/dotbot, help@moz.com)"
www.nspw.org:80 216.244.66.247 - - [05/May/2018:23:32:46 -0400] "GET /2005/tmp/?C=M;O=D HTTP/1.1" 302 507 "-" "Mozilla/5.0 (compatible; DotBot/1.1; http://www.opensiteexplorer.org/dotbot, help@moz.com)"
www.nspw.org:80 216.244.66.247 - - [05/May/2018:23:33:27 -0400] "GET /papers/1994/ HTTP/1.1" 302 497 "-" "Mozilla/5.0 (compatible; DotBot/1.1; http://www.opensiteexplorer.org/dotbot, help@moz.com)"
www.nspw.org:80 216.244.66.247 - - [05/May/2018:23:34:07 -0400] "GET /2012/submissions HTTP/1.1" 302 501 "-" "Mozilla/5.0 (compatible; DotBot/1.1; http://www.opensiteexplorer.org/dotbot, help@moz.com)"
www.nspw.org:80 196.205.108.1 - - [05/May/2018:23:34:24 -0400] "GET /wp-login.php HTTP/1.1" 302 553 "-" "Mozilla/5.0 (Windows NT 6.1; WOW64; rv:40.0) Gecko/20100101 Firefox/40.1"
www.nspw.org:80 196.205.108.1 - - [05/May/2018:23:34:25 -0400] "GET / HTTP/1.1" 302 528 "-" "Mozilla/5.0 (Windows NT 6.1; WOW64; rv:40.0) Gecko/20100101 Firefox/40.1"
www.nspw.org:80 216.244.66.247 - - [05/May/2018:23:34:26 -0400] "GET /2013/papers HTTP/1.1" 302 495 "-" "Mozilla/5.0 (compatible; DotBot/1.1; http://www.opensiteexplorer.org/dotbot, help@moz.com)"
www.nspw.org:80 69.162.124.227 - - [05/May/2018:23:35:06 -0400] "HEAD / HTTP/1.1" 302 188 "http://nspw.org/" "Mozilla/5.0+(compatible; UptimeRobot/2.0; http://www.uptimerobot.com/)"
www.nspw.org:80 115.164.183.92 - - [05/May/2018:23:35:11 -0400] "GET /wp-login.php HTTP/1.1" 302 553 "-" "Mozilla/5.0 (Windows NT 6.1; WOW64; rv:40.0) Gecko/20100101 Firefox/40.1"
www.nspw.org:80 115.164.183.92 - - [05/May/2018:23:35:12 -0400] "GET / HTTP/1.1" 302 528 "-" "Mozilla/5.0 (Windows NT 6.1; WOW64; rv:40.0) Gecko/20100101 Firefox/40.1"
www.nspw.org:80 216.244.66.247 - - [05/May/2018:23:35:23 -0400] "GET /papers/2009/?C=M;O=D HTTP/1.1" 302 513 "-" "Mozilla/5.0 (compatible; DotBot/1.1; http://www.opensiteexplorer.org/dotbot, help@moz.com)"
www.nspw.org:80 35.226.23.240 - - [05/May/2018:23:36:22 -0400] "GET /robots.txt HTTP/1.1" 302 512 "-" "ltx71 - (http://ltx71.com/)"
www.nspw.org:80 54.36.148.155 - - [05/May/2018:23:38:18 -0400] "GET /2016/2016/location HTTP/1.1" 302 505 "-" "Mozilla/5.0 (compatible; AhrefsBot/5.2; +http://ahrefs.com/robot/)"
www.nspw.org:80 69.162.124.227 - - [05/May/2018:23:40:06 -0400] "HEAD / HTTP/1.1" 302 188 "http://nspw.org/" "Mozilla/5.0+(compatible; UptimeRobot/2.0; http://www.uptimerobot.com/)"
www.nspw.org:80 216.244.66.200 - - [05/May/2018:23:41:11 -0400] "GET /robots.txt HTTP/1.1" 302 493 "-" "Mozilla/5.0 (compatible; DotBot/1.1; http://www.opensiteexplorer.org/dotbot, help@moz.com)"
www.nspw.org:80 105.185.235.111 - - [05/May/2018:23:41:18 -0400] "GET /wp-login.php HTTP/1.1" 302 553 "-" "Mozilla/5.0 (Windows NT 6.1; WOW64; rv:40.0) Gecko/20100101 Firefox/40.1"
www.nspw.org:80 105.185.235.111 - - [05/May/2018:23:41:22 -0400] "GET / HTTP/1.1" 302 528 "-" "Mozilla/5.0 (Windows NT 6.1; WOW64; rv:40.0) Gecko/20100101 Firefox/40.1"
www.nspw.org:80 182.150.27.152 - - [05/May/2018:23:41:40 -0400] "GET /2006/cfp.shtml HTTP/1.1" 302 557 "-" "Mozilla/5.0 (Windows NT 6.1; WOW64) AppleWebKit/537.36 (KHTML, like Gecko) Chrome/56.0.2924.87 Safari/537.36"
www.nspw.org:80 182.150.27.152 - - [05/May/2018:23:41:42 -0400] "GET /2006/cfp.shtml HTTP/1.1" 302 557 "-" "Mozilla/5.0 (Linux; Android 4.4.4; HTC D820u Build/KTU84P) AppleWebKit/537.36 (KHTML, like Gecko) Chrome/40.0.2214.89 Mobile Safari/537.36"
www.nspw.org:80 182.150.27.152 - - [05/May/2018:23:41:45 -0400] "GET /2006/cfp2006.pdf HTTP/1.1" 302 561 "-" "Mozilla/5.0 (Windows NT 6.1; WOW64) AppleWebKit/537.36 (KHTML, like Gecko) Chrome/56.0.2924.87 Safari/537.36"
www.nspw.org:80 182.150.27.152 - - [05/May/2018:23:41:48 -0400] "GET /2006/cfp2006.pdf HTTP/1.1" 302 561 "-" "Mozilla/5.0 (Linux; Android 4.4.4; HTC D820u Build/KTU84P) AppleWebKit/537.36 (KHTML, like Gecko) Chrome/40.0.2214.89 Mobile Safari/537.36"
www.nspw.org:80 182.150.27.152 - - [05/May/2018:23:41:51 -0400] "GET /2006/submission.shtml HTTP/1.1" 302 571 "-" "Mozilla/5.0 (Windows NT 6.1; WOW64) AppleWebKit/537.36 (KHTML, like Gecko) Chrome/56.0.2924.87 Safari/537.36"
www.nspw.org:80 182.150.27.152 - - [05/May/2018:23:41:56 -0400] "GET /2006/submission.shtml HTTP/1.1" 302 571 "-" "Mozilla/5.0 (Linux; Android 4.4.4; HTC D820u Build/KTU84P) AppleWebKit/537.36 (KHTML, like Gecko) Chrome/40.0.2214.89 Mobile Safari/537.36"
www.nspw.org:80 182.150.27.152 - - [05/May/2018:23:41:58 -0400] "GET /2006/program.shtml HTTP/1.1" 302 565 "-" "Mozilla/5.0 (Windows NT 6.1; WOW64) AppleWebKit/537.36 (KHTML, like Gecko) Chrome/56.0.2924.87 Safari/537.36"
www.nspw.org:80 182.150.27.152 - - [05/May/2018:23:42:00 -0400] "GET /2006/program.shtml HTTP/1.1" 302 565 "-" "Mozilla/5.0 (Linux; Android 4.4.4; HTC D820u Build/KTU84P) AppleWebKit/537.36 (KHTML, like Gecko) Chrome/40.0.2214.89 Mobile Safari/537.36"
www.nspw.org:80 182.150.27.152 - - [05/May/2018:23:42:03 -0400] "GET /2006/papers.shtml HTTP/1.1" 302 563 "-" "Mozilla/5.0 (Windows NT 6.1; WOW64) AppleWebKit/537.36 (KHTML, like Gecko) Chrome/56.0.2924.87 Safari/537.36"
www.nspw.org:80 182.150.27.152 - - [05/May/2018:23:42:12 -0400] "GET /2006/papers.shtml HTTP/1.1" 302 563 "-" "Mozilla/5.0 (Linux; Android 4.4.4; HTC D820u Build/KTU84P) AppleWebKit/537.36 (KHTML, like Gecko) Chrome/40.0.2214.89 Mobile Safari/537.36"
www.nspw.org:80 194.187.170.113 - - [05/May/2018:23:44:01 -0400] "GET /robots.txt HTTP/1.1" 302 512 "-" "Mozilla/5.0 (compatible; Qwantify/2.4w; +https://www.qwant.com/)/2.4w"
www.nspw.org:80 194.187.170.113 - - [05/May/2018:23:44:03 -0400] "GET /2008/?C=N;O=D HTTP/1.1" 302 518 "-" "Mozilla/5.0 (compatible; Qwantify/2.4w; +https://www.qwant.com/)/2.4w"
www.nspw.org:80 69.162.124.227 - - [05/May/2018:23:45:06 -0400] "HEAD / HTTP/1.1" 302 188 "http://nspw.org/" "Mozilla/5.0+(compatible; UptimeRobot/2.0; http://www.uptimerobot.com/)"
www.nspw.org:80 83.211.36.19 - - [05/May/2018:23:49:46 -0400] "GET /CHANGELOG.txt HTTP/1.1" 302 520 "-" "drupalgeddon2"
www.nspw.org:80 83.211.36.19 - - [05/May/2018:23:49:47 -0400] "GET /core/CHANGELOG.txt HTTP/1.1" 302 530 "-" "drupalgeddon2"
www.nspw.org:80 83.211.36.19 - - [05/May/2018:23:49:47 -0400] "GET /includes/bootstrap.inc HTTP/1.1" 302 538 "-" "drupalgeddon2"
www.nspw.org:80 83.211.36.19 - - [05/May/2018:23:49:47 -0400] "GET /core/includes/bootstrap.inc HTTP/1.1" 302 548 "-" "drupalgeddon2"
www.nspw.org:80 83.211.36.19 - - [05/May/2018:23:49:47 -0400] "GET /includes/database.inc HTTP/1.1" 302 536 "-" "drupalgeddon2"
www.nspw.org:80 69.162.124.227 - - [05/May/2018:23:50:06 -0400] "HEAD / HTTP/1.1" 302 188 "http://nspw.org/" "Mozilla/5.0+(compatible; UptimeRobot/2.0; http://www.uptimerobot.com/)"
www.nspw.org:80 83.211.36.19 - - [05/May/2018:23:51:58 -0400] "GET /CHANGELOG.txt HTTP/1.1" 302 520 "-" "drupalgeddon2"
www.nspw.org:80 83.211.36.19 - - [05/May/2018:23:51:58 -0400] "GET /core/CHANGELOG.txt HTTP/1.1" 302 530 "-" "drupalgeddon2"
www.nspw.org:80 83.211.36.19 - - [05/May/2018:23:51:59 -0400] "GET /includes/bootstrap.inc HTTP/1.1" 302 538 "-" "drupalgeddon2"
www.nspw.org:80 83.211.36.19 - - [05/May/2018:23:51:59 -0400] "GET /core/includes/bootstrap.inc HTTP/1.1" 302 548 "-" "drupalgeddon2"
www.nspw.org:80 83.211.36.19 - - [05/May/2018:23:51:59 -0400] "GET /includes/database.inc HTTP/1.1" 302 536 "-" "drupalgeddon2"
www.nspw.org:80 216.244.66.247 - - [05/May/2018:23:53:52 -0400] "GET /robots.txt HTTP/1.1" 302 489 "-" "Mozilla/5.0 (compatible; DotBot/1.1; http://www.opensiteexplorer.org/dotbot, help@moz.com)"
www.nspw.org:80 216.244.66.247 - - [05/May/2018:23:53:53 -0400] "GET /robots.txt HTTP/1.1" 302 493 "-" "Mozilla/5.0 (compatible; DotBot/1.1; http://www.opensiteexplorer.org/dotbot, help@moz.com)"
www.nspw.org:80 41.109.89.144 - - [05/May/2018:23:54:31 -0400] "GET /wp-login.php HTTP/1.1" 302 553 "-" "Mozilla/5.0 (Windows NT 6.1; WOW64; rv:40.0) Gecko/20100101 Firefox/40.1"
www.nspw.org:80 54.36.149.46 - - [05/May/2018:23:54:32 -0400] "GET /2015/location HTTP/1.1" 302 499 "-" "Mozilla/5.0 (compatible; AhrefsBot/5.2; +http://ahrefs.com/robot/)"
www.nspw.org:80 41.109.89.144 - - [05/May/2018:23:54:33 -0400] "GET / HTTP/1.1" 302 528 "-" "Mozilla/5.0 (Windows NT 6.1; WOW64; rv:40.0) Gecko/20100101 Firefox/40.1"
www.nspw.org:80 80.180.42.31 - - [05/May/2018:23:54:38 -0400] "GET /wp-login.php HTTP/1.1" 302 553 "-" "Mozilla/5.0 (Windows NT 6.1; WOW64; rv:40.0) Gecko/20100101 Firefox/40.1"
www.nspw.org:80 80.180.42.31 - - [05/May/2018:23:54:41 -0400] "GET / HTTP/1.1" 302 528 "-" "Mozilla/5.0 (Windows NT 6.1; WOW64; rv:40.0) Gecko/20100101 Firefox/40.1"
www.nspw.org:80 69.162.124.227 - - [05/May/2018:23:55:06 -0400] "HEAD / HTTP/1.1" 302 188 "http://nspw.org/" "Mozilla/5.0+(compatible; UptimeRobot/2.0; http://www.uptimerobot.com/)"
www.nspw.org:80 163.172.71.23 - - [05/May/2018:23:56:39 -0400] "GET /proceedings/2013 HTTP/1.1" 302 561 "-" "Mozilla/5.0 ((Windows; U; Windows NT 6.1; fr; rv:1.9.2) Gecko/20100115 Firefox/3.6)"
www.nspw.org:80 194.187.170.113 - - [05/May/2018:23:58:02 -0400] "GET /robots.txt HTTP/1.1" 302 512 "-" "Mozilla/5.0 (compatible; Qwantify/2.4w; +https://www.qwant.com/)/2.4w"
www.nspw.org:80 194.187.170.113 - - [05/May/2018:23:58:03 -0400] "GET /2017/organizers HTTP/1.1" 302 522 "-" "Mozilla/5.0 (compatible; Qwantify/2.4w; +https://www.qwant.com/)/2.4w"
www.nspw.org:80 69.162.124.227 - - [06/May/2018:00:00:06 -0400] "HEAD / HTTP/1.1" 302 188 "http://nspw.org/" "Mozilla/5.0+(compatible; UptimeRobot/2.0; http://www.uptimerobot.com/)"
www.nspw.org:80 216.244.66.236 - - [06/May/2018:00:01:01 -0400] "GET /robots.txt HTTP/1.1" 302 493 "-" "Mozilla/5.0 (compatible; DotBot/1.1; http://www.opensiteexplorer.org/dotbot, help@moz.com)"
www.nspw.org:80 69.162.124.227 - - [06/May/2018:00:05:06 -0400] "HEAD / HTTP/1.1" 302 188 "http://nspw.org/" "Mozilla/5.0+(compatible; UptimeRobot/2.0; http://www.uptimerobot.com/)"
www.nspw.org:80 43.241.58.23 - - [06/May/2018:00:06:35 -0400] "GET /user HTTP/1.0" 302 500 "-" "Mozilla/5.0 (compatible; AhrefsBot/5.2; +http://ahrefs.com/robot/)"
www.nspw.org:80 183.82.194.35 - - [06/May/2018:00:08:56 -0400] "GET /wp-login.php HTTP/1.1" 302 553 "-" "Mozilla/5.0 (Windows NT 6.1; WOW64; rv:40.0) Gecko/20100101 Firefox/40.1"
www.nspw.org:80 183.82.194.35 - - [06/May/2018:00:08:57 -0400] "GET / HTTP/1.1" 302 528 "-" "Mozilla/5.0 (Windows NT 6.1; WOW64; rv:40.0) Gecko/20100101 Firefox/40.1"
www.nspw.org:80 69.162.124.227 - - [06/May/2018:00:10:06 -0400] "HEAD / HTTP/1.1" 302 188 "http://nspw.org/" "Mozilla/5.0+(compatible; UptimeRobot/2.0; http://www.uptimerobot.com/)"
www.nspw.org:80 87.120.2.127 - - [06/May/2018:00:10:18 -0400] "GET /wp-login.php HTTP/1.1" 302 553 "-" "Mozilla/5.0 (Windows NT 6.1; WOW64; rv:40.0) Gecko/20100101 Firefox/40.1"
www.nspw.org:80 87.120.2.127 - - [06/May/2018:00:10:21 -0400] "GET / HTTP/1.1" 302 528 "-" "Mozilla/5.0 (Windows NT 6.1; WOW64; rv:40.0) Gecko/20100101 Firefox/40.1"
www.nspw.org:80 64.62.252.169 - - [06/May/2018:00:12:11 -0400] "GET /robots.txt HTTP/1.1" 302 549 "-" "The Knowledge AI"
www.nspw.org:80 64.62.252.169 - - [06/May/2018:00:12:24 -0400] "GET /2006/ HTTP/1.1" 302 539 "-" "The Knowledge AI"
www.nspw.org:80 66.249.64.206 - - [06/May/2018:00:13:05 -0400] "GET /current/submission.shtml HTTP/1.1" 302 577 "-" "Mozilla/5.0 (compatible; Googlebot/2.1; +http://www.google.com/bot.html)"
www.nspw.org:80 69.162.124.227 - - [06/May/2018:00:15:06 -0400] "HEAD / HTTP/1.1" 302 188 "http://nspw.org/" "Mozilla/5.0+(compatible; UptimeRobot/2.0; http://www.uptimerobot.com/)"
www.nspw.org:80 207.46.13.82 - - [06/May/2018:00:16:13 -0400] "GET /2016/program HTTP/1.1" 302 549 "-" "Mozilla/5.0 (iPhone; CPU iPhone OS 7_0 like Mac OS X) AppleWebKit/537.51.1 (KHTML, like Gecko) Version/7.0 Mobile/11A465 Safari/9537.53 (compatible; bingbot/2.0; +http://www.bing.com/bingbot.htm)"
www.nspw.org:80 182.57.180.209 - - [06/May/2018:00:17:31 -0400] "GET /wp-login.php HTTP/1.1" 302 553 "-" "Mozilla/5.0 (Windows NT 6.1; WOW64; rv:40.0) Gecko/20100101 Firefox/40.1"
www.nspw.org:80 182.57.180.209 - - [06/May/2018:00:17:35 -0400] "GET / HTTP/1.1" 302 528 "-" "Mozilla/5.0 (Windows NT 6.1; WOW64; rv:40.0) Gecko/20100101 Firefox/40.1"
www.nspw.org:80 194.187.170.113 - - [06/May/2018:00:18:40 -0400] "GET /2012/organizers HTTP/1.1" 302 522 "-" "Mozilla/5.0 (compatible; Qwantify/2.4w; +https://www.qwant.com/)/2.4w"
www.nspw.org:80 216.244.66.200 - - [06/May/2018:00:18:57 -0400] "GET /1999/ HTTP/1.1" 302 483 "-" "Mozilla/5.0 (compatible; DotBot/1.1; http://www.opensiteexplorer.org/dotbot, help@moz.com)"
www.nspw.org:80 194.187.170.113 - - [06/May/2018:00:19:29 -0400] "GET /2017/cfp HTTP/1.1" 302 508 "-" "Mozilla/5.0 (compatible; Qwantify/2.4w; +https://www.qwant.com/)/2.4w"
www.nspw.org:80 69.162.124.227 - - [06/May/2018:00:20:06 -0400] "HEAD / HTTP/1.1" 302 188 "http://nspw.org/" "Mozilla/5.0+(compatible; UptimeRobot/2.0; http://www.uptimerobot.com/)"
www.nspw.org:80 66.249.64.206 - - [06/May/2018:00:21:17 -0400] "GET /2005/PC/deepak%20chandra.pdf HTTP/1.1" 302 585 "-" "Googlebot/2.1 (+http://www.google.com/bot.html)"
www.nspw.org:80 194.187.170.113 - - [06/May/2018:00:21:32 -0400] "GET /papers/2010/?C=N;O=A HTTP/1.1" 302 532 "-" "Mozilla/5.0 (compatible; Qwantify/2.4w; +https://www.qwant.com/)/2.4w"
www.nspw.org:80 194.187.170.113 - - [06/May/2018:00:22:48 -0400] "GET /2012/submissions HTTP/1.1" 302 524 "-" "Mozilla/5.0 (compatible; Qwantify/2.4w; +https://www.qwant.com/)/2.4w"
www.nspw.org:80 66.249.64.206 - - [06/May/2018:00:25:01 -0400] "GET /papers/2009/nspw2009-peisert.pdf HTTP/1.1" 302 593 "-" "Googlebot/2.1 (+http://www.google.com/bot.html)"
www.nspw.org:80 69.162.124.227 - - [06/May/2018:00:25:06 -0400] "HEAD / HTTP/1.1" 302 188 "http://nspw.org/" "Mozilla/5.0+(compatible; UptimeRobot/2.0; http://www.uptimerobot.com/)"
www.nspw.org:80 185.212.171.186 - - [06/May/2018:00:25:16 -0400] "GET /user/login HTTP/1.1" 302 489 "http://nspw.org/user/login" "Mozilla/5.0 (Windows NT 10.0; WOW64) AppleWebKit/537.36 (KHTML, like Gecko) Chrome/62.0.3198.0 Safari/537.36 OPR/49.0.2711.0"
www.nspw.org:80 185.212.171.186 - - [06/May/2018:00:25:16 -0400] "GET /user/login HTTP/1.1" 302 489 "http://nspw.org/user/login" "Mozilla/5.0 (Windows NT 10.0; WOW64) AppleWebKit/537.36 (KHTML, like Gecko) Chrome/62.0.3198.0 Safari/537.36 OPR/49.0.2711.0"
www.nspw.org:80 185.212.171.186 - - [06/May/2018:00:25:16 -0400] "GET /user/login HTTP/1.1" 302 489 "http://nspw.org/user/login" "Mozilla/5.0 (Windows NT 10.0; WOW64) AppleWebKit/537.36 (KHTML, like Gecko) Chrome/62.0.3198.0 Safari/537.36 OPR/49.0.2711.0"
www.nspw.org:80 66.249.64.15 - - [06/May/2018:00:25:48 -0400] "GET /modules/system/system.base.css?nhfa6e HTTP/1.1" 302 599 "http://nspw.org/2015/location" "Mozilla/5.0 (compatible; Googlebot/2.1; +http://www.google.com/bot.html)"
www.nspw.org:80 66.249.64.16 - - [06/May/2018:00:25:48 -0400] "GET /modules/comment/comment.css?nhfa6e HTTP/1.1" 302 593 "http://nspw.org/2015/location" "Mozilla/5.0 (compatible; Googlebot/2.1; +http://www.google.com/bot.html)"
www.nspw.org:80 14.207.165.31 - - [06/May/2018:00:26:50 -0400] "GET /wp-login.php HTTP/1.1" 302 553 "-" "Mozilla/5.0 (Windows NT 6.1; WOW64; rv:40.0) Gecko/20100101 Firefox/40.1"
www.nspw.org:80 66.249.64.206 - - [06/May/2018:00:28:33 -0400] "GET /2009/proceedings/1993/nspw1993-lapadula-2.pdf HTTP/1.1" 302 619 "-" "Googlebot/2.1 (+http://www.google.com/bot.html)"
www.nspw.org:80 69.162.124.227 - - [06/May/2018:00:30:05 -0400] "HEAD / HTTP/1.1" 302 188 "http://nspw.org/" "Mozilla/5.0+(compatible; UptimeRobot/2.0; http://www.uptimerobot.com/)"
www.nspw.org:80 54.208.102.37 - - [06/May/2018:00:30:13 -0400] "GET / HTTP/1.1" 302 529 "http://www.nspw.org/" "Mozilla/5.0 (compatible; DuckDuckGo-Favicons-Bot/1.0; +http://duckduckgo.com)"
www.nspw.org:80 54.208.102.37 - - [06/May/2018:00:30:13 -0400] "GET /favicon.ico HTTP/1.1" 302 550 "http://www.nspw.org/favicon.ico" "Mozilla/5.0 (compatible; DuckDuckGo-Favicons-Bot/1.0; +http://duckduckgo.com)"
www.nspw.org:80 54.36.148.92 - - [06/May/2018:00:30:28 -0400] "GET /1999/19.jpg HTTP/1.1" 302 495 "-" "Mozilla/5.0 (compatible; AhrefsBot/5.2; +http://ahrefs.com/robot/)"
www.nspw.org:80 216.244.66.247 - - [06/May/2018:00:34:22 -0400] "GET /2006/pc.contentQQ HTTP/1.1" 302 507 "-" "Mozilla/5.0 (compatible; DotBot/1.1; http://www.opensiteexplorer.org/dotbot, help@moz.com)"
www.nspw.org:80 142.112.242.98 - - [06/May/2018:00:34:44 -0400] "GET /wp-login.php HTTP/1.1" 302 553 "-" "Mozilla/5.0 (Windows NT 6.1; WOW64; rv:40.0) Gecko/20100101 Firefox/40.1"
www.nspw.org:80 142.112.242.98 - - [06/May/2018:00:34:45 -0400] "GET / HTTP/1.1" 302 528 "-" "Mozilla/5.0 (Windows NT 6.1; WOW64; rv:40.0) Gecko/20100101 Firefox/40.1"
www.nspw.org:80 69.162.124.227 - - [06/May/2018:00:35:05 -0400] "HEAD / HTTP/1.1" 302 188 "http://nspw.org/" "Mozilla/5.0+(compatible; UptimeRobot/2.0; http://www.uptimerobot.com/)"
www.nspw.org:80 216.244.66.200 - - [06/May/2018:00:36:32 -0400] "GET /2002/?C=D;O=D HTTP/1.1" 302 499 "-" "Mozilla/5.0 (compatible; DotBot/1.1; http://www.opensiteexplorer.org/dotbot, help@moz.com)"
www.nspw.org:80 54.36.148.12 - - [06/May/2018:00:37:27 -0400] "GET /2005/index.content HTTP/1.1" 302 509 "-" "Mozilla/5.0 (compatible; AhrefsBot/5.2; +http://ahrefs.com/robot/)"
www.nspw.org:80 194.187.170.113 - - [06/May/2018:00:38:03 -0400] "GET /2017/accepted HTTP/1.1" 302 518 "-" "Mozilla/5.0 (compatible; Qwantify/2.4w; +https://www.qwant.com/)/2.4w"
www.nspw.org:80 157.55.39.195 - - [06/May/2018:00:39:26 -0400] "GET /papers/2006/nspw2006-ford.pdf HTTP/1.1" 302 583 "-" "Mozilla/5.0 (iPhone; CPU iPhone OS 7_0 like Mac OS X) AppleWebKit/537.51.1 (KHTML, like Gecko) Version/7.0 Mobile/11A465 Safari/9537.53 (compatible; bingbot/2.0; +http://www.bing.com/bingbot.htm)"
www.nspw.org:80 69.162.124.227 - - [06/May/2018:00:40:05 -0400] "HEAD / HTTP/1.1" 302 188 "http://nspw.org/" "Mozilla/5.0+(compatible; UptimeRobot/2.0; http://www.uptimerobot.com/)"
www.nspw.org:80 167.62.88.151 - - [06/May/2018:00:42:33 -0400] "GET /wp-login.php HTTP/1.1" 302 553 "-" "Mozilla/5.0 (Windows NT 6.1; WOW64; rv:40.0) Gecko/20100101 Firefox/40.1"
www.nspw.org:80 167.62.88.151 - - [06/May/2018:00:42:37 -0400] "GET / HTTP/1.1" 302 528 "-" "Mozilla/5.0 (Windows NT 6.1; WOW64; rv:40.0) Gecko/20100101 Firefox/40.1"
www.nspw.org:80 194.187.170.113 - - [06/May/2018:00:44:33 -0400] "GET /2003/?C=D;O=D HTTP/1.1" 302 518 "-" "Mozilla/5.0 (compatible; Qwantify/2.4w; +https://www.qwant.com/)/2.4w"
www.nspw.org:80 69.162.124.227 - - [06/May/2018:00:45:05 -0400] "HEAD / HTTP/1.1" 302 188 "http://nspw.org/" "Mozilla/5.0+(compatible; UptimeRobot/2.0; http://www.uptimerobot.com/)"
www.nspw.org:80 88.172.35.163 - - [06/May/2018:00:45:57 -0400] "GET /wp-login.php HTTP/1.1" 302 553 "-" "Mozilla/5.0 (Windows NT 6.1; WOW64; rv:40.0) Gecko/20100101 Firefox/40.1"
www.nspw.org:80 88.172.35.163 - - [06/May/2018:00:45:58 -0400] "GET / HTTP/1.1" 302 528 "-" "Mozilla/5.0 (Windows NT 6.1; WOW64; rv:40.0) Gecko/20100101 Firefox/40.1"
www.nspw.org:80 207.46.13.82 - - [06/May/2018:00:47:19 -0400] "GET /papers/2001/nspw2001-sekar.pdf HTTP/1.1" 302 589 "-" "Mozilla/5.0 (iPhone; CPU iPhone OS 7_0 like Mac OS X) AppleWebKit/537.51.1 (KHTML, like Gecko) Version/7.0 Mobile/11A465 Safari/9537.53 (compatible; bingbot/2.0; +http://www.bing.com/bingbot.htm)"
www.nspw.org:80 103.47.66.250 - - [06/May/2018:00:47:37 -0400] "GET /wp-login.php HTTP/1.1" 302 553 "-" "Mozilla/5.0 (Windows NT 6.1; WOW64; rv:40.0) Gecko/20100101 Firefox/40.1"
www.nspw.org:80 103.47.66.250 - - [06/May/2018:00:47:45 -0400] "GET / HTTP/1.1" 302 529 "-" "Mozilla/5.0 (Windows NT 6.1; WOW64; rv:40.0) Gecko/20100101 Firefox/40.1"
www.nspw.org:80 194.187.170.113 - - [06/May/2018:00:48:27 -0400] "GET /2003/?C=M;O=D HTTP/1.1" 302 518 "-" "Mozilla/5.0 (compatible; Qwantify/2.4w; +https://www.qwant.com/)/2.4w"
www.nspw.org:80 216.244.66.247 - - [06/May/2018:00:49:05 -0400] "GET /robots.txt HTTP/1.1" 302 493 "-" "Mozilla/5.0 (compatible; DotBot/1.1; http://www.opensiteexplorer.org/dotbot, help@moz.com)"
www.nspw.org:80 69.162.124.227 - - [06/May/2018:00:50:05 -0400] "HEAD / HTTP/1.1" 302 188 "http://nspw.org/" "Mozilla/5.0+(compatible; UptimeRobot/2.0; http://www.uptimerobot.com/)"
www.nspw.org:80 180.76.15.25 - - [06/May/2018:00:50:42 -0400] "GET /cfp/flyer_NSPW_2014.pdf HTTP/1.1" 302 549 "-" "Mozilla/5.0 (compatible; Baiduspider/2.0; +http://www.baidu.com/search/spider.html)"
www.nspw.org:80 194.187.170.113 - - [06/May/2018:00:51:30 -0400] "GET /2017/location HTTP/1.1" 302 518 "-" "Mozilla/5.0 (compatible; Qwantify/2.4w; +https://www.qwant.com/)/2.4w"
www.nspw.org:80 14.215.176.5 - - [06/May/2018:00:51:58 -0400] "GET / HTTP/1.1" 302 525 "http://www.baidu.com/s?wd=EFX" "Mozilla/5.0 (Windows NT 6.1; WOW64; rv:43.0) Gecko/20100101 Firefox/43.0"
www.nspw.org:80 174.255.7.163 - - [06/May/2018:00:52:01 -0400] "GET /wp-login.php HTTP/1.1" 302 553 "-" "Mozilla/5.0 (Windows NT 6.1; WOW64; rv:40.0) Gecko/20100101 Firefox/40.1"
www.nspw.org:80 174.255.7.163 - - [06/May/2018:00:52:02 -0400] "GET / HTTP/1.1" 302 528 "-" "Mozilla/5.0 (Windows NT 6.1; WOW64; rv:40.0) Gecko/20100101 Firefox/40.1"
www.nspw.org:80 216.244.66.200 - - [06/May/2018:00:52:06 -0400] "GET /robots.txt HTTP/1.1" 302 493 "-" "Mozilla/5.0 (compatible; DotBot/1.1; http://www.opensiteexplorer.org/dotbot, help@moz.com)"
www.nspw.org:80 ::1 - - [06/May/2018:00:52:09 -0400] "OPTIONS * HTTP/1.0" 200 126 "-" "Apache/2.4.29 (Ubuntu) OpenSSL/1.1.0g (internal dummy connection)"
www.nspw.org:80 ::1 - - [06/May/2018:00:52:10 -0400] "OPTIONS * HTTP/1.0" 200 126 "-" "Apache/2.4.29 (Ubuntu) OpenSSL/1.1.0g (internal dummy connection)"
www.nspw.org:80 ::1 - - [06/May/2018:00:52:11 -0400] "OPTIONS * HTTP/1.0" 200 126 "-" "Apache/2.4.29 (Ubuntu) OpenSSL/1.1.0g (internal dummy connection)"
www.nspw.org:80 ::1 - - [06/May/2018:00:52:12 -0400] "OPTIONS * HTTP/1.0" 200 126 "-" "Apache/2.4.29 (Ubuntu) OpenSSL/1.1.0g (internal dummy connection)"
www.nspw.org:80 66.249.64.210 - - [06/May/2018:00:52:20 -0400] "GET /papers/2010/nspw2010-alsaleh.pdf HTTP/1.1" 302 593 "-" "Googlebot/2.1 (+http://www.google.com/bot.html)"
www.nspw.org:80 69.162.124.227 - - [06/May/2018:00:55:05 -0400] "HEAD / HTTP/1.1" 302 188 "http://nspw.org/" "Mozilla/5.0+(compatible; UptimeRobot/2.0; http://www.uptimerobot.com/)"
www.nspw.org:80 199.16.157.180 - - [06/May/2018:00:57:43 -0400] "GET /robots.txt HTTP/1.1" 302 489 "-" "Twitterbot/1.0"
www.nspw.org:80 199.16.157.180 - - [06/May/2018:00:57:43 -0400] "GET /2018/cfp HTTP/1.1" 302 485 "-" "Twitterbot/1.0"
www.nspw.org:80 107.170.195.96 - - [06/May/2018:00:58:02 -0400] "GET / HTTP/1.1" 302 475 "-" "Mozilla/5.0 zgrab/0.x"
www.nspw.org:80 45.119.59.90 - - [06/May/2018:00:59:15 -0400] "GET /wp-login.php HTTP/1.1" 302 553 "-" "Mozilla/5.0 (Windows NT 6.1; WOW64; rv:40.0) Gecko/20100101 Firefox/40.1"
www.nspw.org:80 45.119.59.90 - - [06/May/2018:00:59:21 -0400] "GET / HTTP/1.1" 302 529 "-" "Mozilla/5.0 (Windows NT 6.1; WOW64; rv:40.0) Gecko/20100101 Firefox/40.1"
www.nspw.org:80 69.162.124.227 - - [06/May/2018:01:00:05 -0400] "HEAD / HTTP/1.1" 302 188 "http://nspw.org/" "Mozilla/5.0+(compatible; UptimeRobot/2.0; http://www.uptimerobot.com/)"
www.nspw.org:80 24.151.198.54 - - [06/May/2018:01:00:32 -0400] "GET /wp-login.php HTTP/1.1" 302 553 "-" "Mozilla/5.0 (Windows NT 6.1; WOW64; rv:40.0) Gecko/20100101 Firefox/40.1"
www.nspw.org:80 24.151.198.54 - - [06/May/2018:01:00:33 -0400] "GET / HTTP/1.1" 302 528 "-" "Mozilla/5.0 (Windows NT 6.1; WOW64; rv:40.0) Gecko/20100101 Firefox/40.1"
www.nspw.org:80 216.244.66.200 - - [06/May/2018:01:02:48 -0400] "GET /2003/submission.content HTTP/1.1" 302 519 "-" "Mozilla/5.0 (compatible; DotBot/1.1; http://www.opensiteexplorer.org/dotbot, help@moz.com)"
www.nspw.org:80 40.77.167.64 - - [06/May/2018:01:03:15 -0400] "GET /papers/2009/nspw2009-misra.pdf HTTP/1.1" 302 589 "-" "Mozilla/5.0 (iPhone; CPU iPhone OS 7_0 like Mac OS X) AppleWebKit/537.51.1 (KHTML, like Gecko) Version/7.0 Mobile/11A465 Safari/9537.53 (compatible; bingbot/2.0; +http://www.bing.com/bingbot.htm)"
www.nspw.org:80 66.249.64.210 - - [06/May/2018:01:04:31 -0400] "GET /papers/1993/nspw1993-hosmer-2.pdf HTTP/1.1" 302 595 "-" "Googlebot/2.1 (+http://www.google.com/bot.html)"
www.nspw.org:80 69.162.124.227 - - [06/May/2018:01:05:05 -0400] "HEAD / HTTP/1.1" 302 188 "http://nspw.org/" "Mozilla/5.0+(compatible; UptimeRobot/2.0; http://www.uptimerobot.com/)"
www.nspw.org:80 216.244.66.200 - - [06/May/2018:01:05:50 -0400] "GET /papers/2008/?C=M;O=A HTTP/1.1" 302 513 "-" "Mozilla/5.0 (compatible; DotBot/1.1; http://www.opensiteexplorer.org/dotbot, help@moz.com)"
www.nspw.org:80 207.46.13.136 - - [06/May/2018:01:08:03 -0400] "GET /papers/2010/nspw2010-franz.pdf HTTP/1.1" 302 589 "-" "Mozilla/5.0 (iPhone; CPU iPhone OS 7_0 like Mac OS X) AppleWebKit/537.51.1 (KHTML, like Gecko) Version/7.0 Mobile/11A465 Safari/9537.53 (compatible; bingbot/2.0; +http://www.bing.com/bingbot.htm)"
www.nspw.org:80 219.159.249.233 - - [06/May/2018:01:08:10 -0400] "GET / HTTP/1.1" 302 492 "-" "Mozilla/5.0 (Windows NT 6.1; Win64; x64; rv:2.0b13pre) Gecko/20110307 Firefox/4.0b13pre"
www.nspw.org:80 138.36.57.5 - - [06/May/2018:01:08:59 -0400] "GET /wp-login.php HTTP/1.1" 302 553 "-" "Mozilla/5.0 (Windows NT 6.1; WOW64; rv:40.0) Gecko/20100101 Firefox/40.1"
www.nspw.org:80 138.36.57.5 - - [06/May/2018:01:09:02 -0400] "GET / HTTP/1.1" 302 528 "-" "Mozilla/5.0 (Windows NT 6.1; WOW64; rv:40.0) Gecko/20100101 Firefox/40.1"
www.nspw.org:80 69.162.124.227 - - [06/May/2018:01:10:04 -0400] "HEAD / HTTP/1.1" 302 188 "http://nspw.org/" "Mozilla/5.0+(compatible; UptimeRobot/2.0; http://www.uptimerobot.com/)"
www.nspw.org:80 128.114.228.114 - - [06/May/2018:01:10:20 -0400] "GET /current/ HTTP/1.1" 302 545 "-" "Mozilla/5.0 (iPad; CPU OS 11_3 like Mac OS X) AppleWebKit/605.1.15 (KHTML, like Gecko) Version/11.0 Mobile/15E148 Safari/604.1"
www.nspw.org:80 35.226.23.240 - - [06/May/2018:01:10:36 -0400] "GET /robots.txt HTTP/1.1" 302 512 "-" "ltx71 - (http://ltx71.com/)"
www.nspw.org:80 176.33.237.89 - - [06/May/2018:01:11:33 -0400] "GET /wp-login.php HTTP/1.1" 302 553 "-" "Mozilla/5.0 (Windows NT 6.1; WOW64; rv:40.0) Gecko/20100101 Firefox/40.1"
www.nspw.org:80 176.33.237.89 - - [06/May/2018:01:11:35 -0400] "GET / HTTP/1.1" 302 529 "-" "Mozilla/5.0 (Windows NT 6.1; WOW64; rv:40.0) Gecko/20100101 Firefox/40.1"
www.nspw.org:80 216.244.66.200 - - [06/May/2018:01:12:04 -0400] "GET /2005/cfp/?C=N;O=A HTTP/1.1" 302 507 "-" "Mozilla/5.0 (compatible; DotBot/1.1; http://www.opensiteexplorer.org/dotbot, help@moz.com)"
www.nspw.org:80 216.244.66.200 - - [06/May/2018:01:12:14 -0400] "GET /2005/cfp/?C=D;O=D HTTP/1.1" 302 507 "-" "Mozilla/5.0 (compatible; DotBot/1.1; http://www.opensiteexplorer.org/dotbot, help@moz.com)"
www.nspw.org:80 216.244.66.200 - - [06/May/2018:01:14:31 -0400] "GET /2009/oc.shtml HTTP/1.1" 302 499 "-" "Mozilla/5.0 (compatible; DotBot/1.1; http://www.opensiteexplorer.org/dotbot, help@moz.com)"
www.nspw.org:80 66.249.64.208 - - [06/May/2018:01:14:35 -0400] "GET /papers/2013/nspw2013-peisert.pdf HTTP/1.1" 302 593 "-" "Mozilla/5.0 (compatible; Googlebot/2.1; +http://www.google.com/bot.html)"
www.nspw.org:80 216.244.66.200 - - [06/May/2018:01:14:55 -0400] "GET /2005/?C=N;O=D HTTP/1.1" 302 499 "-" "Mozilla/5.0 (compatible; DotBot/1.1; http://www.opensiteexplorer.org/dotbot, help@moz.com)"
www.nspw.org:80 69.162.124.227 - - [06/May/2018:01:15:04 -0400] "HEAD / HTTP/1.1" 302 188 "http://nspw.org/" "Mozilla/5.0+(compatible; UptimeRobot/2.0; http://www.uptimerobot.com/)"
www.nspw.org:80 216.244.66.200 - - [06/May/2018:01:15:05 -0400] "GET /2005/?C=D;O=A HTTP/1.1" 302 499 "-" "Mozilla/5.0 (compatible; DotBot/1.1; http://www.opensiteexplorer.org/dotbot, help@moz.com)"
www.nspw.org:80 207.46.13.82 - - [06/May/2018:01:15:38 -0400] "GET /2009/proceedings/1998/nspw1998-lin.pdf HTTP/1.1" 302 605 "-" "Mozilla/5.0 (compatible; bingbot/2.0; +http://www.bing.com/bingbot.htm)"
www.nspw.org:80 60.248.2.163 - - [06/May/2018:01:15:40 -0400] "GET /manager/html HTTP/1.1" 302 555 "-" "Mozilla/5.0 (Windows NT 5.1; rv:5.0) Gecko/20100101 Firefox/5.0"
www.nspw.org:80 60.248.2.163 - - [06/May/2018:01:15:40 -0400] "GET /manager/html HTTP/1.1" 302 555 "-" "Mozilla/5.0 (Windows NT 5.1; rv:5.0) Gecko/20100101 Firefox/5.0"
www.nspw.org:80 66.249.64.210 - - [06/May/2018:01:15:49 -0400] "GET /2009/proceedings/1999/nspw1999-michael.pdf HTTP/1.1" 302 613 "-" "Googlebot/2.1 (+http://www.google.com/bot.html)"
www.nspw.org:80 194.187.170.113 - - [06/May/2018:01:15:58 -0400] "GET /cfp/flyer_NSPW_2013.pdf HTTP/1.1" 302 538 "-" "Mozilla/5.0 (compatible; Qwantify/2.4w; +https://www.qwant.com/)/2.4w"
www.nspw.org:80 216.244.66.200 - - [06/May/2018:01:17:55 -0400] "GET /papers/1996/?C=D;O=A HTTP/1.1" 302 513 "-" "Mozilla/5.0 (compatible; DotBot/1.1; http://www.opensiteexplorer.org/dotbot, help@moz.com)"
www.nspw.org:80 216.244.66.200 - - [06/May/2018:01:17:58 -0400] "GET /2010 HTTP/1.1" 302 481 "-" "Mozilla/5.0 (compatible; DotBot/1.1; http://www.opensiteexplorer.org/dotbot, help@moz.com)"
www.nspw.org:80 42.236.49.16 - - [06/May/2018:01:18:15 -0400] "GET /papers/2008/nspw2008-beautement.pdf HTTP/1.1" 302 595 "http://nspw.org/papers/2008/nspw2008-beautement.pdf" "Mozilla/5.0 (Windows NT 6.1; WOW64) AppleWebKit/537.36 (KHTML, like Gecko) Chrome/50.0.2661.102 Safari/537.36; 360Spider"
www.nspw.org:80 42.236.101.214 - - [06/May/2018:01:18:16 -0400] "GET /robots.txt HTTP/1.1" 302 549 "http://www.nspw.org/robots.txt" "Mozilla/5.0 (Windows NT 6.1; WOW64) AppleWebKit/537.36 (KHTML, like Gecko) Chrome/50.0.2661.102 Safari/537.36; 360Spider"
www.nspw.org:80 42.236.10.81 - - [06/May/2018:01:18:16 -0400] "GET / HTTP/1.1" 302 525 "http://nspw.org/" "Mozilla/5.0 (Windows NT 6.1; WOW64) AppleWebKit/537.36 (KHTML, like Gecko) Chrome/50.4.2661.102 Safari/537.36; 360Spider"
www.nspw.org:80 54.36.148.43 - - [06/May/2018:01:18:59 -0400] "GET /2014/dates HTTP/1.1" 302 493 "-" "Mozilla/5.0 (compatible; AhrefsBot/5.2; +http://ahrefs.com/robot/)"
www.nspw.org:80 66.249.64.208 - - [06/May/2018:01:19:05 -0400] "GET /current/dates.shtml HTTP/1.1" 302 567 "-" "Mozilla/5.0 (compatible; Googlebot/2.1; +http://www.google.com/bot.html)"
www.nspw.org:80 112.206.73.29 - - [06/May/2018:01:19:34 -0400] "GET /wp-login.php HTTP/1.1" 302 553 "-" "Mozilla/5.0 (Windows NT 6.1; WOW64; rv:40.0) Gecko/20100101 Firefox/40.1"
www.nspw.org:80 112.206.73.29 - - [06/May/2018:01:19:36 -0400] "GET / HTTP/1.1" 302 528 "-" "Mozilla/5.0 (Windows NT 6.1; WOW64; rv:40.0) Gecko/20100101 Firefox/40.1"
www.nspw.org:80 69.162.124.227 - - [06/May/2018:01:20:04 -0400] "HEAD / HTTP/1.1" 302 188 "http://nspw.org/" "Mozilla/5.0+(compatible; UptimeRobot/2.0; http://www.uptimerobot.com/)"
www.nspw.org:80 158.69.241.227 - - [06/May/2018:01:20:44 -0400] "GET / HTTP/1.1" 302 525 "-" "Mozilla/5.0 (Windows NT 6.1) AppleWebKit/537.36 (KHTML, like Gecko) Chrome/41.0.2228.0 Safari/537.36"
www.nspw.org:80 158.69.241.227 - - [06/May/2018:01:20:51 -0400] "GET /papers/1994/ HTTP/1.1" 302 553 "-" "crawler4j (https://github.com/yasserg/crawler4j/)"
www.nspw.org:80 158.69.241.227 - - [06/May/2018:01:20:54 -0400] "GET /papers/2004/ HTTP/1.1" 302 552 "-" "crawler4j (https://github.com/yasserg/crawler4j/)"
www.nspw.org:80 158.69.241.227 - - [06/May/2018:01:20:54 -0400] "GET /papers/1995/ HTTP/1.1" 302 552 "-" "crawler4j (https://github.com/yasserg/crawler4j/)"
www.nspw.org:80 158.69.241.227 - - [06/May/2018:01:20:58 -0400] "GET /papers/1997/ HTTP/1.1" 302 552 "-" "crawler4j (https://github.com/yasserg/crawler4j/)"
www.nspw.org:80 158.69.241.227 - - [06/May/2018:01:20:59 -0400] "GET /papers/1998/ HTTP/1.1" 302 552 "-" "crawler4j (https://github.com/yasserg/crawler4j/)"
www.nspw.org:80 158.69.241.227 - - [06/May/2018:01:20:59 -0400] "GET /papers/2012/ HTTP/1.1" 302 552 "-" "crawler4j (https://github.com/yasserg/crawler4j/)"
www.nspw.org:80 158.69.241.227 - - [06/May/2018:01:21:00 -0400] "GET /papers/2003/ HTTP/1.1" 302 552 "-" "crawler4j (https://github.com/yasserg/crawler4j/)"
www.nspw.org:80 158.69.241.227 - - [06/May/2018:01:21:02 -0400] "GET /papers/1993/ HTTP/1.1" 302 552 "-" "crawler4j (https://github.com/yasserg/crawler4j/)"
www.nspw.org:80 158.69.241.227 - - [06/May/2018:01:21:03 -0400] "GET /papers/1996/ HTTP/1.1" 302 552 "-" "crawler4j (https://github.com/yasserg/crawler4j/)"
www.nspw.org:80 158.69.241.227 - - [06/May/2018:01:21:06 -0400] "GET /papers/1999/ HTTP/1.1" 302 552 "-" "crawler4j (https://github.com/yasserg/crawler4j/)"
www.nspw.org:80 158.69.241.227 - - [06/May/2018:01:21:09 -0400] "GET /papers/2000/ HTTP/1.1" 302 552 "-" "crawler4j (https://github.com/yasserg/crawler4j/)"
www.nspw.org:80 158.69.241.227 - - [06/May/2018:01:21:10 -0400] "GET /papers/2002/ HTTP/1.1" 302 552 "-" "crawler4j (https://github.com/yasserg/crawler4j/)"
www.nspw.org:80 158.69.241.227 - - [06/May/2018:01:21:17 -0400] "GET / HTTP/1.1" 302 529 "-" "crawler4j (https://github.com/yasserg/crawler4j/)"
www.nspw.org:80 158.69.241.227 - - [06/May/2018:01:21:24 -0400] "GET /papers/2001/ HTTP/1.1" 302 553 "-" "crawler4j (https://github.com/yasserg/crawler4j/)"
www.nspw.org:80 35.195.148.65 - - [06/May/2018:01:21:25 -0400] "GET /robots.txt HTTP/1.1" 302 512 "-" "Mozilla/5.0 (compatible; eright/1.0; +bot@eright.com)"
www.nspw.org:80 158.69.241.227 - - [06/May/2018:01:21:26 -0400] "GET /robots.txt HTTP/1.1" 302 545 "-" "crawler4j (https://github.com/yasserg/crawler4j/)"
www.nspw.org:80 158.69.241.227 - - [06/May/2018:01:21:28 -0400] "GET / HTTP/1.1" 302 524 "-" "crawler4j (https://github.com/yasserg/crawler4j/)"
www.nspw.org:80 158.69.241.227 - - [06/May/2018:01:21:34 -0400] "GET / HTTP/1.1" 302 529 "-" "crawler4j (https://github.com/yasserg/crawler4j/)"
www.nspw.org:80 35.195.148.65 - - [06/May/2018:01:21:34 -0400] "GET / HTTP/1.1" 302 529 "-" "Mozilla/5.0 (compatible; eright/1.0; +bot@eright.com)"
www.nspw.org:80 58.78.184.83 - - [06/May/2018:01:23:09 -0400] "GET /wp-login.php HTTP/1.1" 302 553 "-" "Mozilla/5.0 (Windows NT 6.1; WOW64; rv:40.0) Gecko/20100101 Firefox/40.1"
www.nspw.org:80 58.78.184.83 - - [06/May/2018:01:23:11 -0400] "GET / HTTP/1.1" 302 528 "-" "Mozilla/5.0 (Windows NT 6.1; WOW64; rv:40.0) Gecko/20100101 Firefox/40.1"
www.nspw.org:80 54.36.148.139 - - [06/May/2018:01:24:00 -0400] "GET /2009/proceedings/1993/?C=M;O=A HTTP/1.1" 302 533 "-" "Mozilla/5.0 (compatible; AhrefsBot/5.2; +http://ahrefs.com/robot/)"
www.nspw.org:80 69.162.124.227 - - [06/May/2018:01:25:04 -0400] "HEAD / HTTP/1.1" 302 188 "http://nspw.org/" "Mozilla/5.0+(compatible; UptimeRobot/2.0; http://www.uptimerobot.com/)"
www.nspw.org:80 216.244.66.200 - - [06/May/2018:01:25:40 -0400] "GET /2008/cfp.shtml HTTP/1.1" 302 501 "-" "Mozilla/5.0 (compatible; DotBot/1.1; http://www.opensiteexplorer.org/dotbot, help@moz.com)"
www.nspw.org:80 103.69.21.164 - - [06/May/2018:01:25:58 -0400] "GET /wp-login.php HTTP/1.1" 302 553 "-" "Mozilla/5.0 (Windows NT 6.1; WOW64; rv:40.0) Gecko/20100101 Firefox/40.1"
www.nspw.org:80 103.69.21.164 - - [06/May/2018:01:26:01 -0400] "GET / HTTP/1.1" 302 528 "-" "Mozilla/5.0 (Windows NT 6.1; WOW64; rv:40.0) Gecko/20100101 Firefox/40.1"
www.nspw.org:80 216.244.66.247 - - [06/May/2018:01:26:39 -0400] "GET /papers/2012 HTTP/1.1" 302 491 "-" "Mozilla/5.0 (compatible; DotBot/1.1; http://www.opensiteexplorer.org/dotbot, help@moz.com)"
www.nspw.org:80 216.244.66.200 - - [06/May/2018:01:27:21 -0400] "GET /2008/past.shtml HTTP/1.1" 302 503 "-" "Mozilla/5.0 (compatible; DotBot/1.1; http://www.opensiteexplorer.org/dotbot, help@moz.com)"
www.nspw.org:80 54.36.148.66 - - [06/May/2018:01:27:26 -0400] "GET /2017/accepted HTTP/1.1" 302 499 "-" "Mozilla/5.0 (compatible; AhrefsBot/5.2; +http://ahrefs.com/robot/)"
www.nspw.org:80 66.249.64.210 - - [06/May/2018:01:27:55 -0400] "GET /2016/accepted HTTP/1.1" 302 555 "-" "Mozilla/5.0 (Linux; Android 6.0.1; Nexus 5X Build/MMB29P) AppleWebKit/537.36 (KHTML, like Gecko) Chrome/41.0.2272.96 Mobile Safari/537.36 (compatible; Googlebot/2.1; +http://www.google.com/bot.html)"
www.nspw.org:80 54.36.149.52 - - [06/May/2018:01:28:42 -0400] "GET /2011/papers HTTP/1.1" 302 495 "-" "Mozilla/5.0 (compatible; AhrefsBot/5.2; +http://ahrefs.com/robot/)"
www.nspw.org:80 69.162.124.227 - - [06/May/2018:01:30:04 -0400] "HEAD / HTTP/1.1" 302 188 "http://nspw.org/" "Mozilla/5.0+(compatible; UptimeRobot/2.0; http://www.uptimerobot.com/)"
www.nspw.org:80 66.249.64.206 - - [06/May/2018:01:31:00 -0400] "GET /2009/proceedings/2002/nspw2002-blakley.pdf HTTP/1.1" 302 613 "-" "Googlebot/2.1 (+http://www.google.com/bot.html)"
www.nspw.org:80 54.36.148.192 - - [06/May/2018:01:31:20 -0400] "GET /2009/proceedings/1996/ HTTP/1.1" 302 517 "-" "Mozilla/5.0 (compatible; AhrefsBot/5.2; +http://ahrefs.com/robot/)"
www.nspw.org:80 35.226.23.240 - - [06/May/2018:01:33:14 -0400] "GET /robots.txt HTTP/1.1" 302 512 "-" "ltx71 - (http://ltx71.com/)"
www.nspw.org:80 54.36.148.45 - - [06/May/2018:01:34:03 -0400] "GET /papers/1996/ HTTP/1.1" 302 497 "-" "Mozilla/5.0 (compatible; AhrefsBot/5.2; +http://ahrefs.com/robot/)"
www.nspw.org:80 112.207.104.209 - - [06/May/2018:01:34:11 -0400] "GET /wp-login.php HTTP/1.1" 302 553 "-" "Mozilla/5.0 (Windows NT 6.1; WOW64; rv:40.0) Gecko/20100101 Firefox/40.1"
www.nspw.org:80 112.207.104.209 - - [06/May/2018:01:34:12 -0400] "GET / HTTP/1.1" 302 528 "-" "Mozilla/5.0 (Windows NT 6.1; WOW64; rv:40.0) Gecko/20100101 Firefox/40.1"
www.nspw.org:80 69.162.124.227 - - [06/May/2018:01:35:04 -0400] "HEAD / HTTP/1.1" 302 188 "http://nspw.org/" "Mozilla/5.0+(compatible; UptimeRobot/2.0; http://www.uptimerobot.com/)"
www.nspw.org:80 216.244.66.236 - - [06/May/2018:01:35:43 -0400] "GET /robots.txt HTTP/1.1" 302 493 "-" "Mozilla/5.0 (compatible; DotBot/1.1; http://www.opensiteexplorer.org/dotbot, help@moz.com)"
www.nspw.org:80 193.201.224.210 - - [06/May/2018:01:36:55 -0400] "GET /plugins/jquery-file-upload/server/php/ HTTP/1.1" 302 579 "http://pinter.ccsl.carleton.ca/plugins/jquery-file-upload/server/php/" "Mozilla/5.0 (Windows NT 6.1; WOW64) AppleWebKit/537.36 (KHTML, like Gecko) Chrome/42.0.2311.152 Safari/537.36"
www.nspw.org:80 77.75.77.11 - - [06/May/2018:01:39:23 -0400] "GET /robots.txt HTTP/1.1" 302 549 "-" "Mozilla/5.0 (compatible; SeznamBot/3.2; +http://napoveda.seznam.cz/en/seznambot-intro/)"
www.nspw.org:80 77.75.77.11 - - [06/May/2018:01:39:24 -0400] "GET /papers/2011/nspw2011-bishop.pdf HTTP/1.1" 302 590 "-" "Mozilla/5.0 (compatible; SeznamBot/3.2; +http://napoveda.seznam.cz/en/seznambot-intro/)"
www.nspw.org:80 77.75.77.11 - - [06/May/2018:01:39:25 -0400] "GET /2000/oc.html HTTP/1.1" 302 552 "-" "Mozilla/5.0 (compatible; SeznamBot/3.2; +http://napoveda.seznam.cz/en/seznambot-intro/)"
www.nspw.org:80 77.75.77.11 - - [06/May/2018:01:39:25 -0400] "GET /2011/papers HTTP/1.1" 302 550 "-" "Mozilla/5.0 (compatible; SeznamBot/3.2; +http://napoveda.seznam.cz/en/seznambot-intro/)"
www.nspw.org:80 77.75.77.11 - - [06/May/2018:01:39:25 -0400] "GET /node/70 HTTP/1.1" 302 542 "-" "Mozilla/5.0 (compatible; SeznamBot/3.2; +http://napoveda.seznam.cz/en/seznambot-intro/)"
www.nspw.org:80 69.162.124.227 - - [06/May/2018:01:40:04 -0400] "HEAD / HTTP/1.1" 302 188 "http://nspw.org/" "Mozilla/5.0+(compatible; UptimeRobot/2.0; http://www.uptimerobot.com/)"
www.nspw.org:80 54.36.148.32 - - [06/May/2018:01:43:48 -0400] "GET /papers/2009/?C=N;O=D HTTP/1.1" 302 513 "-" "Mozilla/5.0 (compatible; AhrefsBot/5.2; +http://ahrefs.com/robot/)"
www.nspw.org:80 69.162.124.227 - - [06/May/2018:01:45:04 -0400] "HEAD / HTTP/1.1" 302 188 "http://nspw.org/" "Mozilla/5.0+(compatible; UptimeRobot/2.0; http://www.uptimerobot.com/)"
www.nspw.org:80 194.187.170.113 - - [06/May/2018:01:46:27 -0400] "GET /2012/dates HTTP/1.1" 302 512 "-" "Mozilla/5.0 (compatible; Qwantify/2.4w; +https://www.qwant.com/)/2.4w"
www.nspw.org:80 5.188.211.22 - - [06/May/2018:01:47:49 -0400] "GET /2014 HTTP/1.1" 302 500 "-" "Mozilla/4.0 (compatible; MSIE 6.0; Windows NT 5.1; SV1)"
www.nspw.org:80 66.249.64.206 - - [06/May/2018:01:48:58 -0400] "GET /proceedings/2006/nspw2006-locasto.pdf HTTP/1.1" 302 603 "-" "Googlebot/2.1 (+http://www.google.com/bot.html)"
www.nspw.org:80 66.249.64.208 - - [06/May/2018:01:49:47 -0400] "GET /2006/pre-proceedings/ford.pdf HTTP/1.1" 302 587 "-" "Googlebot/2.1 (+http://www.google.com/bot.html)"
www.nspw.org:80 69.162.124.227 - - [06/May/2018:01:50:04 -0400] "HEAD / HTTP/1.1" 302 188 "http://nspw.org/" "Mozilla/5.0+(compatible; UptimeRobot/2.0; http://www.uptimerobot.com/)"
www.nspw.org:80 157.55.39.195 - - [06/May/2018:01:50:05 -0400] "GET /2017 HTTP/1.1" 302 533 "-" "Mozilla/5.0 (iPhone; CPU iPhone OS 7_0 like Mac OS X) AppleWebKit/537.51.1 (KHTML, like Gecko) Version/7.0 Mobile/11A465 Safari/9537.53 (compatible; bingbot/2.0; +http://www.bing.com/bingbot.htm)"
www.nspw.org:80 69.162.124.227 - - [06/May/2018:01:50:15 -0400] "HEAD / HTTP/1.1" 302 188 "http://nspw.org/" "Mozilla/5.0+(compatible; UptimeRobot/2.0; http://www.uptimerobot.com/)"
www.nspw.org:80 69.162.124.227 - - [06/May/2018:01:55:15 -0400] "HEAD / HTTP/1.1" 302 188 "http://nspw.org/" "Mozilla/5.0+(compatible; UptimeRobot/2.0; http://www.uptimerobot.com/)"
www.nspw.org:80 194.187.170.113 - - [06/May/2018:01:56:20 -0400] "GET /papers/2013/?C=N;O=A HTTP/1.1" 302 532 "-" "Mozilla/5.0 (compatible; Qwantify/2.4w; +https://www.qwant.com/)/2.4w"
www.nspw.org:80 77.44.210.26 - - [06/May/2018:01:57:16 -0400] "GET /wp-login.php HTTP/1.1" 302 497 "-" "Mozilla/5.0 (Windows NT 6.1; WOW64; rv:40.0) Gecko/20100101 Firefox/40.1"
www.nspw.org:80 77.44.210.26 - - [06/May/2018:01:57:18 -0400] "GET / HTTP/1.1" 302 473 "-" "Mozilla/5.0 (Windows NT 6.1; WOW64; rv:40.0) Gecko/20100101 Firefox/40.1"
www.nspw.org:80 54.70.40.11 - - [06/May/2018:01:57:58 -0400] "GET /2012 HTTP/1.1" 302 481 "-" "Mozilla/5.0 (compatible) SemanticScholarBot (+https://www.semanticscholar.org/crawler)"
www.nspw.org:80 216.244.66.236 - - [06/May/2018:01:58:43 -0400] "GET /robots.txt HTTP/1.1" 302 493 "-" "Mozilla/5.0 (compatible; DotBot/1.1; http://www.opensiteexplorer.org/dotbot, help@moz.com)"
www.nspw.org:80 216.244.66.200 - - [06/May/2018:01:59:59 -0400] "GET /2016/location HTTP/1.1" 302 499 "-" "Mozilla/5.0 (compatible; DotBot/1.1; http://www.opensiteexplorer.org/dotbot, help@moz.com)"
www.nspw.org:80 69.162.124.227 - - [06/May/2018:02:00:15 -0400] "HEAD / HTTP/1.1" 302 188 "http://nspw.org/" "Mozilla/5.0+(compatible; UptimeRobot/2.0; http://www.uptimerobot.com/)"
www.nspw.org:80 54.36.148.80 - - [06/May/2018:02:02:54 -0400] "GET /2004/submission.shtml HTTP/1.1" 302 515 "-" "Mozilla/5.0 (compatible; AhrefsBot/5.2; +http://ahrefs.com/robot/)"
www.nspw.org:80 216.244.66.200 - - [06/May/2018:02:03:06 -0400] "GET /proceedings/2010 HTTP/1.1" 302 505 "-" "Mozilla/5.0 (compatible; DotBot/1.1; http://www.opensiteexplorer.org/dotbot, help@moz.com)"
www.nspw.org:80 54.36.148.104 - - [06/May/2018:02:04:09 -0400] "GET /papers/2007/?C=N;O=D HTTP/1.1" 302 513 "-" "Mozilla/5.0 (compatible; AhrefsBot/5.2; +http://ahrefs.com/robot/)"
www.nspw.org:80 156.223.65.105 - - [06/May/2018:02:04:17 -0400] "GET /wp-login.php HTTP/1.1" 302 553 "-" "Mozilla/5.0 (Windows NT 6.1; WOW64; rv:40.0) Gecko/20100101 Firefox/40.1"
www.nspw.org:80 156.223.65.105 - - [06/May/2018:02:04:19 -0400] "GET / HTTP/1.1" 302 528 "-" "Mozilla/5.0 (Windows NT 6.1; WOW64; rv:40.0) Gecko/20100101 Firefox/40.1"
www.nspw.org:80 194.187.170.113 - - [06/May/2018:02:04:44 -0400] "GET /2012/papers HTTP/1.1" 302 514 "-" "Mozilla/5.0 (compatible; Qwantify/2.4w; +https://www.qwant.com/)/2.4w"
www.nspw.org:80 42.112.89.120 - - [06/May/2018:02:05:01 -0400] "GET /wp-login.php HTTP/1.1" 302 553 "-" "Mozilla/5.0 (Windows NT 6.1; WOW64; rv:40.0) Gecko/20100101 Firefox/40.1"
www.nspw.org:80 42.112.89.120 - - [06/May/2018:02:05:06 -0400] "GET / HTTP/1.1" 302 528 "-" "Mozilla/5.0 (Windows NT 6.1; WOW64; rv:40.0) Gecko/20100101 Firefox/40.1"
www.nspw.org:80 194.187.170.113 - - [06/May/2018:02:05:54 -0400] "GET /2008/oldindex.html HTTP/1.1" 302 528 "-" "Mozilla/5.0 (compatible; Qwantify/2.4w; +https://www.qwant.com/)/2.4w"
www.nspw.org:80 77.75.76.164 - - [06/May/2018:02:06:01 -0400] "GET /robots.txt HTTP/1.1" 302 549 "-" "Mozilla/5.0 (compatible; SeznamBot/3.2; +http://napoveda.seznam.cz/en/seznambot-intro/)"
www.nspw.org:80 77.75.76.164 - - [06/May/2018:02:06:03 -0400] "GET /proceedings/1993 HTTP/1.1" 302 560 "-" "Mozilla/5.0 (compatible; SeznamBot/3.2; +http://napoveda.seznam.cz/en/seznambot-intro/)"
www.nspw.org:80 77.75.76.164 - - [06/May/2018:02:06:04 -0400] "GET /2003/oc.content HTTP/1.1" 302 558 "-" "Mozilla/5.0 (compatible; SeznamBot/3.2; +http://napoveda.seznam.cz/en/seznambot-intro/)"
www.nspw.org:80 77.75.76.164 - - [06/May/2018:02:06:04 -0400] "GET /2008/oc.shtml HTTP/1.1" 302 554 "-" "Mozilla/5.0 (compatible; SeznamBot/3.2; +http://napoveda.seznam.cz/en/seznambot-intro/)"
www.nspw.org:80 77.75.76.164 - - [06/May/2018:02:06:05 -0400] "GET /papers/2011/ HTTP/1.1" 302 552 "-" "Mozilla/5.0 (compatible; SeznamBot/3.2; +http://napoveda.seznam.cz/en/seznambot-intro/)"
www.nspw.org:80 150.242.207.216 - - [06/May/2018:02:06:09 -0400] "GET /wp-login.php HTTP/1.1" 302 553 "-" "Mozilla/5.0 (Windows NT 6.1; WOW64; rv:40.0) Gecko/20100101 Firefox/40.1"
www.nspw.org:80 150.242.207.216 - - [06/May/2018:02:06:12 -0400] "GET / HTTP/1.1" 302 528 "-" "Mozilla/5.0 (Windows NT 6.1; WOW64; rv:40.0) Gecko/20100101 Firefox/40.1"
www.nspw.org:80 121.85.88.113 - - [06/May/2018:02:06:47 -0400] "GET /wp-login.php HTTP/1.1" 302 553 "-" "Mozilla/5.0 (Windows NT 6.1; WOW64; rv:40.0) Gecko/20100101 Firefox/40.1"
www.nspw.org:80 121.85.88.113 - - [06/May/2018:02:06:50 -0400] "GET / HTTP/1.1" 302 528 "-" "Mozilla/5.0 (Windows NT 6.1; WOW64; rv:40.0) Gecko/20100101 Firefox/40.1"
www.nspw.org:80 69.162.124.227 - - [06/May/2018:02:08:27 -0400] "HEAD / HTTP/1.1" 302 188 "http://nspw.org/" "Mozilla/5.0+(compatible; UptimeRobot/2.0; http://www.uptimerobot.com/)"
