www.nspw.org:80 95.216.19.59 - - [25/Apr/2018:12:28:58 -0400] "GET /2009/invite-old/preproc.html HTTP/1.1" 302 529 "-" "Mozilla/5.0 (compatible; MJ12bot/v1.4.8; http://mj12bot.com/)"
www.nspw.org:80 95.216.19.59 - - [25/Apr/2018:12:29:20 -0400] "GET /2009/invite-old/reg.html HTTP/1.1" 302 521 "-" "Mozilla/5.0 (compatible; MJ12bot/v1.4.8; http://mj12bot.com/)"
www.nspw.org:80 69.162.124.227 - - [25/Apr/2018:12:29:40 -0400] "HEAD / HTTP/1.1" 302 188 "http://nspw.org/" "Mozilla/5.0+(compatible; UptimeRobot/2.0; http://www.uptimerobot.com/)"
www.nspw.org:80 95.216.19.59 - - [25/Apr/2018:12:29:42 -0400] "GET /2009/invite/reg.html HTTP/1.1" 302 513 "-" "Mozilla/5.0 (compatible; MJ12bot/v1.4.8; http://mj12bot.com/)"
www.nspw.org:80 66.249.73.78 - - [25/Apr/2018:12:29:43 -0400] "GET /2007/pc.shtml HTTP/1.1" 302 555 "-" "Mozilla/5.0 (compatible; Googlebot/2.1; +http://www.google.com/bot.html)"
www.nspw.org:80 95.216.19.59 - - [25/Apr/2018:12:30:03 -0400] "GET /2009/local.content HTTP/1.1" 302 509 "-" "Mozilla/5.0 (compatible; MJ12bot/v1.4.8; http://mj12bot.com/)"
www.nspw.org:80 216.244.66.200 - - [25/Apr/2018:12:30:20 -0400] "GET /2009/proceedings/2000/?C=M;O=D HTTP/1.1" 302 533 "-" "Mozilla/5.0 (compatible; DotBot/1.1; http://www.opensiteexplorer.org/dotbot, help@moz.com)"
www.nspw.org:80 54.36.149.83 - - [25/Apr/2018:12:30:25 -0400] "GET /papers/1993/ HTTP/1.1" 302 497 "-" "Mozilla/5.0 (compatible; AhrefsBot/5.2; +http://ahrefs.com/robot/)"
www.nspw.org:80 95.216.19.59 - - [25/Apr/2018:12:30:25 -0400] "GET /2009/nspw-footer-old.html HTTP/1.1" 302 523 "-" "Mozilla/5.0 (compatible; MJ12bot/v1.4.8; http://mj12bot.com/)"
www.nspw.org:80 95.216.19.59 - - [25/Apr/2018:12:30:47 -0400] "GET /2009/nspw-footer.html HTTP/1.1" 302 515 "-" "Mozilla/5.0 (compatible; MJ12bot/v1.4.8; http://mj12bot.com/)"
www.nspw.org:80 95.216.19.59 - - [25/Apr/2018:12:31:09 -0400] "GET /2009/nspw-header.html HTTP/1.1" 302 515 "-" "Mozilla/5.0 (compatible; MJ12bot/v1.4.8; http://mj12bot.com/)"
www.nspw.org:80 213.180.203.46 - - [25/Apr/2018:12:31:27 -0400] "GET /papers/2008/nspw2008-herley.pdf HTTP/1.1" 302 591 "-" "Mozilla/5.0 (iPhone; CPU iPhone OS 8_1 like Mac OS X) AppleWebKit/600.1.4 (KHTML, like Gecko) Version/8.0 Mobile/12B411 Safari/600.1.4 (compatible; YandexMobileBot/3.0; +http://yandex.com/bots)"
www.nspw.org:80 95.216.19.59 - - [25/Apr/2018:12:31:30 -0400] "GET /2009/oldindex.html HTTP/1.1" 302 509 "-" "Mozilla/5.0 (compatible; MJ12bot/v1.4.8; http://mj12bot.com/)"
www.nspw.org:80 95.216.19.59 - - [25/Apr/2018:12:31:52 -0400] "GET /2009/past.content HTTP/1.1" 302 507 "-" "Mozilla/5.0 (compatible; MJ12bot/v1.4.8; http://mj12bot.com/)"
www.nspw.org:80 95.216.19.59 - - [25/Apr/2018:12:32:14 -0400] "GET /2009/proceedings/2012/ HTTP/1.1" 302 517 "-" "Mozilla/5.0 (compatible; MJ12bot/v1.4.8; http://mj12bot.com/)"
www.nspw.org:80 216.244.66.200 - - [25/Apr/2018:12:32:22 -0400] "GET /2012/organizers HTTP/1.1" 302 503 "-" "Mozilla/5.0 (compatible; DotBot/1.1; http://www.opensiteexplorer.org/dotbot, help@moz.com)"
www.nspw.org:80 95.216.19.59 - - [25/Apr/2018:12:32:35 -0400] "GET /2009/proceedings/2012/forms/index.htm HTTP/1.1" 302 547 "-" "Mozilla/5.0 (compatible; MJ12bot/v1.4.8; http://mj12bot.com/)"
www.nspw.org:80 95.216.19.59 - - [25/Apr/2018:12:32:57 -0400] "GET /2009/submission.content HTTP/1.1" 302 519 "-" "Mozilla/5.0 (compatible; MJ12bot/v1.4.8; http://mj12bot.com/)"
www.nspw.org:80 95.216.19.59 - - [25/Apr/2018:12:33:19 -0400] "GET /2010/ HTTP/1.1" 302 483 "-" "Mozilla/5.0 (compatible; MJ12bot/v1.4.8; http://mj12bot.com/)"
www.nspw.org:80 95.216.19.59 - - [25/Apr/2018:12:33:41 -0400] "GET /2010/cfp HTTP/1.1" 302 489 "-" "Mozilla/5.0 (compatible; MJ12bot/v1.4.8; http://mj12bot.com/)"
www.nspw.org:80 95.216.19.59 - - [25/Apr/2018:12:34:03 -0400] "GET /2010/dates HTTP/1.1" 302 493 "-" "Mozilla/5.0 (compatible; MJ12bot/v1.4.8; http://mj12bot.com/)"
www.nspw.org:80 95.216.19.59 - - [25/Apr/2018:12:34:25 -0400] "GET /2010/local HTTP/1.1" 302 493 "-" "Mozilla/5.0 (compatible; MJ12bot/v1.4.8; http://mj12bot.com/)"
www.nspw.org:80 66.249.73.82 - - [25/Apr/2018:12:34:39 -0400] "GET /2005/cfp/latex/?C=D;O=A HTTP/1.1" 302 575 "-" "Mozilla/5.0 (compatible; Googlebot/2.1; +http://www.google.com/bot.html)"
www.nspw.org:80 69.162.124.227 - - [25/Apr/2018:12:34:40 -0400] "HEAD / HTTP/1.1" 302 188 "http://nspw.org/" "Mozilla/5.0+(compatible; UptimeRobot/2.0; http://www.uptimerobot.com/)"
www.nspw.org:80 95.216.19.59 - - [25/Apr/2018:12:34:47 -0400] "GET /2010/submissions HTTP/1.1" 302 505 "-" "Mozilla/5.0 (compatible; MJ12bot/v1.4.8; http://mj12bot.com/)"
www.nspw.org:80 95.216.19.59 - - [25/Apr/2018:12:35:09 -0400] "GET /2011/dates HTTP/1.1" 302 493 "-" "Mozilla/5.0 (compatible; MJ12bot/v1.4.8; http://mj12bot.com/)"
www.nspw.org:80 95.216.19.59 - - [25/Apr/2018:12:35:31 -0400] "GET /2011/local HTTP/1.1" 302 493 "-" "Mozilla/5.0 (compatible; MJ12bot/v1.4.8; http://mj12bot.com/)"
www.nspw.org:80 95.216.19.59 - - [25/Apr/2018:12:35:52 -0400] "GET /2011/sponsors HTTP/1.1" 302 499 "-" "Mozilla/5.0 (compatible; MJ12bot/v1.4.8; http://mj12bot.com/)"
www.nspw.org:80 221.196.23.188 - - [25/Apr/2018:12:35:56 -0400] "GET / HTTP/1.1" 302 529 "http://www.nspw.org" "Mozilla/5.0 (Windows NT 6.1; Win64; x64) AppleWebKit/537.36 (KHTML, like Gecko) Chrome/63.0.3239.132 Safari/537.36"
www.nspw.org:80 95.216.19.59 - - [25/Apr/2018:12:36:14 -0400] "GET /2012/cfp HTTP/1.1" 302 489 "-" "Mozilla/5.0 (compatible; MJ12bot/v1.4.8; http://mj12bot.com/)"
www.nspw.org:80 95.216.19.59 - - [25/Apr/2018:12:36:36 -0400] "GET /2012/dates HTTP/1.1" 302 493 "-" "Mozilla/5.0 (compatible; MJ12bot/v1.4.8; http://mj12bot.com/)"
www.nspw.org:80 49.205.221.42 - - [25/Apr/2018:12:36:41 -0400] "GET /wp-login.php HTTP/1.1" 302 553 "-" "Mozilla/5.0 (Windows NT 6.1; WOW64; rv:40.0) Gecko/20100101 Firefox/40.1"
www.nspw.org:80 49.205.221.42 - - [25/Apr/2018:12:36:42 -0400] "GET / HTTP/1.1" 302 528 "-" "Mozilla/5.0 (Windows NT 6.1; WOW64; rv:40.0) Gecko/20100101 Firefox/40.1"
www.nspw.org:80 39.32.1.27 - - [25/Apr/2018:12:36:48 -0400] "GET /wp-login.php HTTP/1.1" 302 553 "-" "Mozilla/5.0 (Windows NT 6.1; WOW64; rv:40.0) Gecko/20100101 Firefox/40.1"
www.nspw.org:80 39.32.1.27 - - [25/Apr/2018:12:36:50 -0400] "GET / HTTP/1.1" 302 528 "-" "Mozilla/5.0 (Windows NT 6.1; WOW64; rv:40.0) Gecko/20100101 Firefox/40.1"
www.nspw.org:80 95.216.19.59 - - [25/Apr/2018:12:36:58 -0400] "GET /2012/local HTTP/1.1" 302 493 "-" "Mozilla/5.0 (compatible; MJ12bot/v1.4.8; http://mj12bot.com/)"
www.nspw.org:80 95.216.19.59 - - [25/Apr/2018:12:37:20 -0400] "GET /2013/dates HTTP/1.1" 302 493 "-" "Mozilla/5.0 (compatible; MJ12bot/v1.4.8; http://mj12bot.com/)"
www.nspw.org:80 113.43.182.138 - - [25/Apr/2018:12:37:30 -0400] "GET / HTTP/1.1" 302 529 "-" "Mozilla/5.0 (Windows NT 6.3; WOW64; Trident/7.0; rv:11.0) like Gecko"
www.nspw.org:80 95.216.19.59 - - [25/Apr/2018:12:37:42 -0400] "GET /2013/local HTTP/1.1" 302 493 "-" "Mozilla/5.0 (compatible; MJ12bot/v1.4.8; http://mj12bot.com/)"
www.nspw.org:80 95.216.19.59 - - [25/Apr/2018:12:38:03 -0400] "GET /2014/ HTTP/1.1" 302 483 "-" "Mozilla/5.0 (compatible; MJ12bot/v1.4.8; http://mj12bot.com/)"
www.nspw.org:80 95.216.19.59 - - [25/Apr/2018:12:38:25 -0400] "GET /2014/cfp HTTP/1.1" 302 489 "-" "Mozilla/5.0 (compatible; MJ12bot/v1.4.8; http://mj12bot.com/)"
www.nspw.org:80 95.216.19.59 - - [25/Apr/2018:12:38:47 -0400] "GET /2014/dates HTTP/1.1" 302 493 "-" "Mozilla/5.0 (compatible; MJ12bot/v1.4.8; http://mj12bot.com/)"
www.nspw.org:80 31.184.193.154 - - [25/Apr/2018:12:39:02 -0400] "GET / HTTP/1.0" 302 492 "-" "Mozilla/5.0 (Windows NT 6.1; Win64; x64) AppleWebKit/537.36 (KHTML, like Gecko) Chrome/65.0.3325.181 Safari/537.36"
www.nspw.org:80 95.216.19.59 - - [25/Apr/2018:12:39:08 -0400] "GET /2014/local HTTP/1.1" 302 493 "-" "Mozilla/5.0 (compatible; MJ12bot/v1.4.8; http://mj12bot.com/)"
www.nspw.org:80 178.220.160.240 - - [25/Apr/2018:12:39:16 -0400] "GET /wp-login.php HTTP/1.1" 302 553 "-" "Mozilla/5.0 (Windows NT 6.1; WOW64; rv:40.0) Gecko/20100101 Firefox/40.1"
www.nspw.org:80 178.220.160.240 - - [25/Apr/2018:12:39:18 -0400] "GET / HTTP/1.1" 302 528 "-" "Mozilla/5.0 (Windows NT 6.1; WOW64; rv:40.0) Gecko/20100101 Firefox/40.1"
www.nspw.org:80 95.216.19.59 - - [25/Apr/2018:12:39:30 -0400] "GET /2014/program HTTP/1.1" 302 497 "-" "Mozilla/5.0 (compatible; MJ12bot/v1.4.8; http://mj12bot.com/)"
www.nspw.org:80 66.249.73.78 - - [25/Apr/2018:12:39:35 -0400] "GET /2009/cfp2009.pdf HTTP/1.1" 302 561 "-" "Mozilla/5.0 (compatible; Googlebot/2.1; +http://www.google.com/bot.html)"
www.nspw.org:80 69.162.124.227 - - [25/Apr/2018:12:39:40 -0400] "HEAD / HTTP/1.1" 302 188 "http://nspw.org/" "Mozilla/5.0+(compatible; UptimeRobot/2.0; http://www.uptimerobot.com/)"
www.nspw.org:80 95.216.19.59 - - [25/Apr/2018:12:39:52 -0400] "GET /2014/sponsors HTTP/1.1" 302 499 "-" "Mozilla/5.0 (compatible; MJ12bot/v1.4.8; http://mj12bot.com/)"
www.nspw.org:80 190.251.242.230 - - [25/Apr/2018:12:39:59 -0400] "GET /wp-login.php HTTP/1.1" 302 553 "-" "Mozilla/5.0 (Windows NT 6.1; WOW64; rv:40.0) Gecko/20100101 Firefox/40.1"
www.nspw.org:80 190.251.242.230 - - [25/Apr/2018:12:40:00 -0400] "GET / HTTP/1.1" 302 528 "-" "Mozilla/5.0 (Windows NT 6.1; WOW64; rv:40.0) Gecko/20100101 Firefox/40.1"
www.nspw.org:80 31.184.193.154 - - [25/Apr/2018:12:40:12 -0400] "GET / HTTP/1.0" 302 492 "-" "Mozilla/5.0 (Windows NT 6.1; Win64; x64) AppleWebKit/537.36 (KHTML, like Gecko) Chrome/65.0.3325.181 Safari/537.36"
www.nspw.org:80 95.216.19.59 - - [25/Apr/2018:12:40:14 -0400] "GET /2015/dates HTTP/1.1" 302 493 "-" "Mozilla/5.0 (compatible; MJ12bot/v1.4.8; http://mj12bot.com/)"
www.nspw.org:80 95.216.19.59 - - [25/Apr/2018:12:40:35 -0400] "GET /2015/location HTTP/1.1" 302 499 "-" "Mozilla/5.0 (compatible; MJ12bot/v1.4.8; http://mj12bot.com/)"
www.nspw.org:80 95.216.19.59 - - [25/Apr/2018:12:40:57 -0400] "GET /2015/sponsors HTTP/1.1" 302 499 "-" "Mozilla/5.0 (compatible; MJ12bot/v1.4.8; http://mj12bot.com/)"
www.nspw.org:80 95.216.19.59 - - [25/Apr/2018:12:41:19 -0400] "GET /2016/ HTTP/1.1" 302 483 "-" "Mozilla/5.0 (compatible; MJ12bot/v1.4.8; http://mj12bot.com/)"
www.nspw.org:80 187.75.221.59 - - [25/Apr/2018:12:41:36 -0400] "GET /papers/1999/nspw1999-henning.pdf HTTP/1.1" 302 593 "https://www.google.com.br/" "Mozilla/5.0 (Windows NT 10.0; Win64; x64) AppleWebKit/537.36 (KHTML, like Gecko) Chrome/65.0.3325.181 Safari/537.36"
www.nspw.org:80 95.216.19.59 - - [25/Apr/2018:12:41:41 -0400] "GET /2016/cfp HTTP/1.1" 302 489 "-" "Mozilla/5.0 (compatible; MJ12bot/v1.4.8; http://mj12bot.com/)"
www.nspw.org:80 95.216.19.59 - - [25/Apr/2018:12:42:02 -0400] "GET /2016/dates HTTP/1.1" 302 493 "-" "Mozilla/5.0 (compatible; MJ12bot/v1.4.8; http://mj12bot.com/)"
www.nspw.org:80 95.216.19.59 - - [25/Apr/2018:12:42:24 -0400] "GET /2016/location HTTP/1.1" 302 499 "-" "Mozilla/5.0 (compatible; MJ12bot/v1.4.8; http://mj12bot.com/)"
www.nspw.org:80 95.216.19.59 - - [25/Apr/2018:12:42:46 -0400] "GET /2016/sponsors HTTP/1.1" 302 499 "-" "Mozilla/5.0 (compatible; MJ12bot/v1.4.8; http://mj12bot.com/)"
www.nspw.org:80 95.216.19.59 - - [25/Apr/2018:12:43:08 -0400] "GET /2017/ HTTP/1.1" 302 483 "-" "Mozilla/5.0 (compatible; MJ12bot/v1.4.8; http://mj12bot.com/)"
www.nspw.org:80 95.216.19.59 - - [25/Apr/2018:12:43:30 -0400] "GET /2017/dates HTTP/1.1" 302 493 "-" "Mozilla/5.0 (compatible; MJ12bot/v1.4.8; http://mj12bot.com/)"
www.nspw.org:80 37.211.27.150 - - [25/Apr/2018:12:43:41 -0400] "GET /wp-login.php HTTP/1.1" 302 553 "-" "Mozilla/5.0 (Windows NT 6.1; WOW64; rv:40.0) Gecko/20100101 Firefox/40.1"
www.nspw.org:80 37.211.27.150 - - [25/Apr/2018:12:43:42 -0400] "GET / HTTP/1.1" 302 528 "-" "Mozilla/5.0 (Windows NT 6.1; WOW64; rv:40.0) Gecko/20100101 Firefox/40.1"
www.nspw.org:80 95.216.19.59 - - [25/Apr/2018:12:43:51 -0400] "GET /2017/location HTTP/1.1" 302 499 "-" "Mozilla/5.0 (compatible; MJ12bot/v1.4.8; http://mj12bot.com/)"
www.nspw.org:80 209.232.147.221 - - [25/Apr/2018:12:43:55 -0400] "GET /wp-login.php HTTP/1.1" 302 553 "-" "Mozilla/5.0 (Windows NT 6.1; WOW64; rv:40.0) Gecko/20100101 Firefox/40.1"
www.nspw.org:80 209.232.147.221 - - [25/Apr/2018:12:43:55 -0400] "GET / HTTP/1.1" 302 528 "-" "Mozilla/5.0 (Windows NT 6.1; WOW64; rv:40.0) Gecko/20100101 Firefox/40.1"
www.nspw.org:80 95.216.19.59 - - [25/Apr/2018:12:44:13 -0400] "GET /2018 HTTP/1.1" 302 481 "-" "Mozilla/5.0 (compatible; MJ12bot/v1.4.8; http://mj12bot.com/)"
www.nspw.org:80 66.249.73.80 - - [25/Apr/2018:12:44:31 -0400] "GET /2011 HTTP/1.1" 302 537 "-" "Mozilla/5.0 (compatible; Googlebot/2.1; +http://www.google.com/bot.html)"
www.nspw.org:80 217.209.150.94 - - [25/Apr/2018:12:44:35 -0400] "GET /wp-login.php HTTP/1.1" 302 553 "-" "Mozilla/5.0 (Windows NT 6.1; WOW64; rv:40.0) Gecko/20100101 Firefox/40.1"
www.nspw.org:80 95.216.19.59 - - [25/Apr/2018:12:44:35 -0400] "GET /2018/cfp HTTP/1.1" 302 489 "-" "Mozilla/5.0 (compatible; MJ12bot/v1.4.8; http://mj12bot.com/)"
www.nspw.org:80 217.209.150.94 - - [25/Apr/2018:12:44:36 -0400] "GET / HTTP/1.1" 302 528 "-" "Mozilla/5.0 (Windows NT 6.1; WOW64; rv:40.0) Gecko/20100101 Firefox/40.1"
www.nspw.org:80 207.46.13.239 - - [25/Apr/2018:12:44:39 -0400] "GET /2009/proceedings/1993/nspw1993-lin.pdf HTTP/1.1" 302 605 "-" "Mozilla/5.0 (compatible; bingbot/2.0; +http://www.bing.com/bingbot.htm)"
www.nspw.org:80 69.162.124.227 - - [25/Apr/2018:12:44:40 -0400] "HEAD / HTTP/1.1" 302 188 "http://nspw.org/" "Mozilla/5.0+(compatible; UptimeRobot/2.0; http://www.uptimerobot.com/)"
www.nspw.org:80 ::1 - - [25/Apr/2018:12:44:43 -0400] "OPTIONS * HTTP/1.0" 200 126 "-" "Apache/2.4.29 (Ubuntu) OpenSSL/1.1.0g (internal dummy connection)"
www.nspw.org:80 95.216.19.59 - - [25/Apr/2018:12:44:56 -0400] "GET /2018/dates HTTP/1.1" 302 493 "-" "Mozilla/5.0 (compatible; MJ12bot/v1.4.8; http://mj12bot.com/)"
www.nspw.org:80 78.168.87.28 - - [25/Apr/2018:12:45:06 -0400] "GET /wp-login.php HTTP/1.1" 302 553 "-" "Mozilla/5.0 (Windows NT 6.1; WOW64; rv:40.0) Gecko/20100101 Firefox/40.1"
www.nspw.org:80 78.168.87.28 - - [25/Apr/2018:12:45:10 -0400] "GET / HTTP/1.1" 302 528 "-" "Mozilla/5.0 (Windows NT 6.1; WOW64; rv:40.0) Gecko/20100101 Firefox/40.1"
www.nspw.org:80 ::1 - - [25/Apr/2018:12:45:17 -0400] "OPTIONS * HTTP/1.0" 200 126 "-" "Apache/2.4.29 (Ubuntu) OpenSSL/1.1.0g (internal dummy connection)"
www.nspw.org:80 95.216.19.59 - - [25/Apr/2018:12:45:18 -0400] "GET /?-ezp-4.html/ HTTP/1.1" 302 499 "-" "Mozilla/5.0 (compatible; MJ12bot/v1.4.8; http://mj12bot.com/)"
www.nspw.org:80 95.216.19.59 - - [25/Apr/2018:12:45:40 -0400] "GET /introduction HTTP/1.1" 302 497 "-" "Mozilla/5.0 (compatible; MJ12bot/v1.4.8; http://mj12bot.com/)"
www.nspw.org:80 95.216.19.59 - - [25/Apr/2018:12:46:02 -0400] "GET /node/5 HTTP/1.1" 302 485 "-" "Mozilla/5.0 (compatible; MJ12bot/v1.4.8; http://mj12bot.com/)"
www.nspw.org:80 95.216.19.59 - - [25/Apr/2018:12:46:23 -0400] "GET /papers/2012/ HTTP/1.1" 302 497 "-" "Mozilla/5.0 (compatible; MJ12bot/v1.4.8; http://mj12bot.com/)"
www.nspw.org:80 216.244.66.236 - - [25/Apr/2018:12:46:32 -0400] "GET /robots.txt HTTP/1.1" 302 493 "-" "Mozilla/5.0 (compatible; DotBot/1.1; http://www.opensiteexplorer.org/dotbot, help@moz.com)"
www.nspw.org:80 95.216.19.59 - - [25/Apr/2018:12:46:45 -0400] "GET /papers/2012/forms/index.htm HTTP/1.1" 302 527 "-" "Mozilla/5.0 (compatible; MJ12bot/v1.4.8; http://mj12bot.com/)"
www.nspw.org:80 95.216.19.59 - - [25/Apr/2018:12:47:07 -0400] "GET /past HTTP/1.1" 302 481 "-" "Mozilla/5.0 (compatible; MJ12bot/v1.4.8; http://mj12bot.com/)"
www.nspw.org:80 95.216.19.59 - - [25/Apr/2018:12:47:29 -0400] "GET /proceedings HTTP/1.1" 302 495 "-" "Mozilla/5.0 (compatible; MJ12bot/v1.4.8; http://mj12bot.com/)"
www.nspw.org:80 158.69.133.31 - - [25/Apr/2018:12:47:41 -0400] "POST /CHANGELOG.txt HTTP/1.1" 302 518 "-" "drupalgeddon2"
www.nspw.org:80 158.69.133.31 - - [25/Apr/2018:12:47:41 -0400] "POST /core/CHANGELOG.txt HTTP/1.1" 302 528 "-" "drupalgeddon2"
www.nspw.org:80 158.69.133.31 - - [25/Apr/2018:12:47:41 -0400] "POST /includes/bootstrap.inc HTTP/1.1" 302 536 "-" "drupalgeddon2"
www.nspw.org:80 158.69.133.31 - - [25/Apr/2018:12:47:41 -0400] "POST /core/includes/bootstrap.inc HTTP/1.1" 302 546 "-" "drupalgeddon2"
www.nspw.org:80 95.216.19.59 - - [25/Apr/2018:12:47:51 -0400] "GET /registration HTTP/1.1" 302 497 "-" "Mozilla/5.0 (compatible; MJ12bot/v1.4.8; http://mj12bot.com/)"
www.nspw.org:80 158.69.133.31 - - [25/Apr/2018:12:47:42 -0400] "POST /user/register?element_parents=account/mail/%23value&ajax_form=1&_wrapper_format=drupal_ajax HTTP/1.1" 302 682 "-" "drupalgeddon2"
www.nspw.org:80 95.216.19.59 - - [25/Apr/2018:12:48:12 -0400] "GET /sponsors-2010 HTTP/1.1" 302 499 "-" "Mozilla/5.0 (compatible; MJ12bot/v1.4.8; http://mj12bot.com/)"
www.nspw.org:80 207.46.13.239 - - [25/Apr/2018:12:48:30 -0400] "GET /2016/program HTTP/1.1" 302 553 "-" "Mozilla/5.0 (iPhone; CPU iPhone OS 7_0 like Mac OS X) AppleWebKit/537.51.1 (KHTML, like Gecko) Version/7.0 Mobile/11A465 Safari/9537.53 (compatible; bingbot/2.0; +http://www.bing.com/bingbot.htm)"
www.nspw.org:80 188.146.106.154 - - [25/Apr/2018:12:48:51 -0400] "GET /wp-login.php HTTP/1.1" 302 553 "-" "Mozilla/5.0 (Windows NT 6.1; WOW64; rv:40.0) Gecko/20100101 Firefox/40.1"
www.nspw.org:80 188.146.106.154 - - [25/Apr/2018:12:48:57 -0400] "GET / HTTP/1.1" 302 529 "-" "Mozilla/5.0 (Windows NT 6.1; WOW64; rv:40.0) Gecko/20100101 Firefox/40.1"
www.nspw.org:80 204.102.225.251 - - [25/Apr/2018:12:48:59 -0400] "GET / HTTP/1.1" 302 529 "https://www.google.com/" "Mozilla/5.0 (Macintosh; Intel Mac OS X 10_13_3) AppleWebKit/537.36 (KHTML, like Gecko) Chrome/65.0.3325.181 Safari/537.36"
www.nspw.org:80 ::1 - - [25/Apr/2018:12:49:11 -0400] "OPTIONS * HTTP/1.0" 200 126 "-" "Apache/2.4.29 (Ubuntu) OpenSSL/1.1.0g (internal dummy connection)"
www.nspw.org:80 ::1 - - [25/Apr/2018:12:49:12 -0400] "OPTIONS * HTTP/1.0" 200 126 "-" "Apache/2.4.29 (Ubuntu) OpenSSL/1.1.0g (internal dummy connection)"
www.nspw.org:80 ::1 - - [25/Apr/2018:12:49:13 -0400] "OPTIONS * HTTP/1.0" 200 126 "-" "Apache/2.4.29 (Ubuntu) OpenSSL/1.1.0g (internal dummy connection)"
www.nspw.org:80 ::1 - - [25/Apr/2018:12:49:17 -0400] "OPTIONS * HTTP/1.0" 200 126 "-" "Apache/2.4.29 (Ubuntu) OpenSSL/1.1.0g (internal dummy connection)"
www.nspw.org:80 69.162.124.227 - - [25/Apr/2018:12:49:40 -0400] "HEAD / HTTP/1.1" 302 188 "http://nspw.org/" "Mozilla/5.0+(compatible; UptimeRobot/2.0; http://www.uptimerobot.com/)"
www.nspw.org:80 204.102.225.251 - - [25/Apr/2018:12:49:50 -0400] "-" 408 0 "-" "-"
www.nspw.org:80 204.102.225.251 - - [25/Apr/2018:12:49:50 -0400] "-" 408 0 "-" "-"
www.nspw.org:80 41.251.82.122 - - [25/Apr/2018:12:50:08 -0400] "GET /wp-login.php HTTP/1.1" 302 553 "-" "Mozilla/5.0 (Windows NT 6.1; WOW64; rv:40.0) Gecko/20100101 Firefox/40.1"
www.nspw.org:80 41.251.82.122 - - [25/Apr/2018:12:50:09 -0400] "GET / HTTP/1.1" 302 528 "-" "Mozilla/5.0 (Windows NT 6.1; WOW64; rv:40.0) Gecko/20100101 Firefox/40.1"
www.nspw.org:80 216.244.66.200 - - [25/Apr/2018:12:52:02 -0400] "GET /2002/program.shtml HTTP/1.1" 302 509 "-" "Mozilla/5.0 (compatible; DotBot/1.1; http://www.opensiteexplorer.org/dotbot, help@moz.com)"
www.nspw.org:80 14.215.176.19 - - [25/Apr/2018:12:52:23 -0400] "GET / HTTP/1.1" 302 525 "http://www.baidu.com/s?wd=VSP" "Mozilla/5.0 (Windows NT 6.1; WOW64; rv:43.0) Gecko/20100101 Firefox/43.0"
www.nspw.org:80 109.163.228.35 - - [25/Apr/2018:12:52:30 -0400] "GET / HTTP/1.1" 302 488 "-" "Mozilla/5.0 (Windows NT 6.1; Win64; x64; rv:25.0) Gecko/20100101 Firefox/25.0"
www.nspw.org:80 ::1 - - [25/Apr/2018:12:52:30 -0400] "OPTIONS * HTTP/1.0" 200 126 "-" "Apache/2.4.29 (Ubuntu) OpenSSL/1.1.0g (internal dummy connection)"
www.nspw.org:80 ::1 - - [25/Apr/2018:12:52:31 -0400] "OPTIONS * HTTP/1.0" 200 126 "-" "Apache/2.4.29 (Ubuntu) OpenSSL/1.1.0g (internal dummy connection)"
www.nspw.org:80 ::1 - - [25/Apr/2018:12:52:32 -0400] "OPTIONS * HTTP/1.0" 200 126 "-" "Apache/2.4.29 (Ubuntu) OpenSSL/1.1.0g (internal dummy connection)"
www.nspw.org:80 88.98.217.109 - - [25/Apr/2018:12:53:09 -0400] "GET /2013/cfp HTTP/1.1" 302 545 "-" "Mozilla/5.0 (iPhone; CPU iPhone OS 11_2_6 like Mac OS X) AppleWebKit/604.5.6 (KHTML, like Gecko) Version/11.0 Mobile/15D100 Safari/604.1"
www.nspw.org:80 66.249.73.80 - - [25/Apr/2018:12:53:29 -0400] "GET /papers/2013/nspw2013-zhao.pdf HTTP/1.1" 302 587 "-" "Googlebot/2.1 (+http://www.google.com/bot.html)"
www.nspw.org:80 66.249.73.78 - - [25/Apr/2018:12:54:22 -0400] "GET /2001/past.html HTTP/1.1" 302 557 "-" "Mozilla/5.0 (compatible; Googlebot/2.1; +http://www.google.com/bot.html)"
www.nspw.org:80 69.162.124.227 - - [25/Apr/2018:12:54:40 -0400] "HEAD / HTTP/1.1" 302 188 "http://nspw.org/" "Mozilla/5.0+(compatible; UptimeRobot/2.0; http://www.uptimerobot.com/)"
www.nspw.org:80 177.221.165.104 - - [25/Apr/2018:12:55:05 -0400] "GET /wp-login.php HTTP/1.1" 302 553 "-" "Mozilla/5.0 (Windows NT 6.1; WOW64; rv:40.0) Gecko/20100101 Firefox/40.1"
www.nspw.org:80 177.221.165.104 - - [25/Apr/2018:12:55:08 -0400] "GET / HTTP/1.1" 302 528 "-" "Mozilla/5.0 (Windows NT 6.1; WOW64; rv:40.0) Gecko/20100101 Firefox/40.1"
www.nspw.org:80 137.112.228.196 - - [25/Apr/2018:12:55:15 -0400] "GET /papers/2007/nspw2007-mannan.pdf HTTP/1.1" 302 591 "-" "Mozilla/5.0 (iPhone; CPU iPhone OS 11_2_5 like Mac OS X) AppleWebKit/604.5.6 (KHTML, like Gecko) Version/11.0 Mobile/15D60 Safari/604.1"
www.nspw.org:80 5.102.173.71 - - [25/Apr/2018:12:55:55 -0400] "GET /robots.txt HTTP/1.1" 302 493 "-" "Mozilla/5.0 (compatible; MojeekBot/0.6; +https://www.mojeek.com/bot.html)"
www.nspw.org:80 5.102.173.71 - - [25/Apr/2018:12:55:55 -0400] "GET /2010/papers HTTP/1.1" 302 495 "-" "Mozilla/5.0 (compatible; MojeekBot/0.6; +https://www.mojeek.com/bot.html)"
www.nspw.org:80 14.215.176.14 - - [25/Apr/2018:12:56:32 -0400] "GET / HTTP/1.1" 302 529 "http://www.baidu.com/s?wd=6BH" "Mozilla/5.0 (Windows NT 6.1; WOW64; rv:43.0) Gecko/20100101 Firefox/43.0"
www.nspw.org:80 ::1 - - [25/Apr/2018:12:56:38 -0400] "OPTIONS * HTTP/1.0" 200 126 "-" "Apache/2.4.29 (Ubuntu) OpenSSL/1.1.0g (internal dummy connection)"
www.nspw.org:80 177.201.68.118 - - [25/Apr/2018:12:56:39 -0400] "GET /wp-login.php HTTP/1.1" 302 553 "-" "Mozilla/5.0 (Windows NT 6.1; WOW64; rv:40.0) Gecko/20100101 Firefox/40.1"
www.nspw.org:80 ::1 - - [25/Apr/2018:12:56:47 -0400] "OPTIONS * HTTP/1.0" 200 126 "-" "Apache/2.4.29 (Ubuntu) OpenSSL/1.1.0g (internal dummy connection)"
www.nspw.org:80 78.66.128.159 - - [25/Apr/2018:12:57:22 -0400] "GET /wp-login.php HTTP/1.1" 302 553 "-" "Mozilla/5.0 (Windows NT 6.1; WOW64; rv:40.0) Gecko/20100101 Firefox/40.1"
www.nspw.org:80 78.66.128.159 - - [25/Apr/2018:12:57:23 -0400] "GET / HTTP/1.1" 302 528 "-" "Mozilla/5.0 (Windows NT 6.1; WOW64; rv:40.0) Gecko/20100101 Firefox/40.1"
www.nspw.org:80 194.187.170.156 - - [25/Apr/2018:12:57:47 -0400] "GET /robots.txt HTTP/1.1" 302 512 "-" "Mozilla/5.0 (compatible; Qwantify/2.4w; +https://www.qwant.com/)/2.4w"
www.nspw.org:80 194.187.170.156 - - [25/Apr/2018:12:57:48 -0400] "GET /2018 HTTP/1.1" 302 500 "-" "Mozilla/5.0 (compatible; Qwantify/2.4w; +https://www.qwant.com/)/2.4w"
www.nspw.org:80 194.187.170.156 - - [25/Apr/2018:12:57:58 -0400] "GET /2015/ HTTP/1.1" 302 502 "-" "Mozilla/5.0 (compatible; Qwantify/2.4w; +https://www.qwant.com/)/2.4w"
www.nspw.org:80 194.187.170.156 - - [25/Apr/2018:12:58:09 -0400] "GET /2017/ HTTP/1.1" 302 502 "-" "Mozilla/5.0 (compatible; Qwantify/2.4w; +https://www.qwant.com/)/2.4w"
www.nspw.org:80 219.159.249.233 - - [25/Apr/2018:12:58:17 -0400] "GET / HTTP/1.1" 302 492 "-" "Mozilla/5.0 (Windows NT 6.1; WOW64) AppleWebKit/537.11 (KHTML, like Gecko) Chrome/23.0.1271.64 Safari/537.11"
www.nspw.org:80 194.187.170.156 - - [25/Apr/2018:12:58:33 -0400] "GET / HTTP/1.1" 302 492 "-" "Mozilla/5.0 (compatible; Qwantify/2.4w; +https://www.qwant.com/)/2.4w"
www.nspw.org:80 80.61.89.189 - - [25/Apr/2018:12:58:43 -0400] "GET /2018/cfp HTTP/1.1" 302 541 "https://www.linkedin.com/" "Mozilla/5.0 (iPhone; CPU iPhone OS 11_3 like Mac OS X) AppleWebKit/605.1.15 (KHTML, like Gecko) Mobile/15E216"
www.nspw.org:80 66.249.73.78 - - [25/Apr/2018:12:59:18 -0400] "GET /2005/program.content.old HTTP/1.1" 302 577 "-" "Mozilla/5.0 (compatible; Googlebot/2.1; +http://www.google.com/bot.html)"
www.nspw.org:80 69.162.124.227 - - [25/Apr/2018:12:59:40 -0400] "HEAD / HTTP/1.1" 302 188 "http://nspw.org/" "Mozilla/5.0+(compatible; UptimeRobot/2.0; http://www.uptimerobot.com/)"
www.nspw.org:80 66.249.73.80 - - [25/Apr/2018:13:01:40 -0400] "GET /2009/proceedings/2009/nspw2009-misra.pdf HTTP/1.1" 302 609 "-" "Googlebot/2.1 (+http://www.google.com/bot.html)"
www.nspw.org:80 54.36.149.53 - - [25/Apr/2018:13:01:53 -0400] "GET /2003/ HTTP/1.1" 302 483 "-" "Mozilla/5.0 (compatible; AhrefsBot/5.2; +http://ahrefs.com/robot/)"
www.nspw.org:80 103.255.7.61 - - [25/Apr/2018:13:02:38 -0400] "GET /wp-login.php HTTP/1.1" 302 553 "-" "Mozilla/5.0 (Windows NT 6.1; WOW64; rv:40.0) Gecko/20100101 Firefox/40.1"
www.nspw.org:80 103.255.7.61 - - [25/Apr/2018:13:02:40 -0400] "GET / HTTP/1.1" 302 528 "-" "Mozilla/5.0 (Windows NT 6.1; WOW64; rv:40.0) Gecko/20100101 Firefox/40.1"
www.nspw.org:80 207.46.13.140 - - [25/Apr/2018:13:03:05 -0400] "GET /papers/1996/nspw1996-josang.pdf HTTP/1.1" 302 591 "-" "Mozilla/5.0 (compatible; bingbot/2.0; +http://www.bing.com/bingbot.htm)"
www.nspw.org:80 207.46.13.239 - - [25/Apr/2018:13:03:11 -0400] "GET /2009/proceedings/2006/nspw2006-locasto.pdf HTTP/1.1" 302 613 "-" "Mozilla/5.0 (compatible; bingbot/2.0; +http://www.bing.com/bingbot.htm)"
www.nspw.org:80 207.46.13.239 - - [25/Apr/2018:13:03:31 -0400] "GET /papers/1998/nspw1998-beaver.pdf HTTP/1.1" 302 591 "-" "Mozilla/5.0 (compatible; bingbot/2.0; +http://www.bing.com/bingbot.htm)"
www.nspw.org:80 54.36.148.82 - - [25/Apr/2018:13:03:42 -0400] "GET /2007/dates.html HTTP/1.1" 302 503 "-" "Mozilla/5.0 (compatible; AhrefsBot/5.2; +http://ahrefs.com/robot/)"
www.nspw.org:80 66.249.73.78 - - [25/Apr/2018:13:04:14 -0400] "GET /papers/2007/nspw2007-chow.pdf HTTP/1.1" 302 587 "-" "Mozilla/5.0 (compatible; Googlebot/2.1; +http://www.google.com/bot.html)"
www.nspw.org:80 54.36.149.23 - - [25/Apr/2018:13:04:34 -0400] "GET /2008/tmp/ HTTP/1.1" 302 491 "-" "Mozilla/5.0 (compatible; AhrefsBot/5.2; +http://ahrefs.com/robot/)"
www.nspw.org:80 69.162.124.227 - - [25/Apr/2018:13:04:40 -0400] "HEAD / HTTP/1.1" 302 188 "http://nspw.org/" "Mozilla/5.0+(compatible; UptimeRobot/2.0; http://www.uptimerobot.com/)"
www.nspw.org:80 194.187.170.156 - - [25/Apr/2018:13:04:44 -0400] "GET /2010/ HTTP/1.1" 302 502 "-" "Mozilla/5.0 (compatible; Qwantify/2.4w; +https://www.qwant.com/)/2.4w"
www.nspw.org:80 177.41.157.155 - - [25/Apr/2018:13:06:38 -0400] "GET /wp-login.php HTTP/1.1" 302 553 "-" "Mozilla/5.0 (Windows NT 6.1; WOW64; rv:40.0) Gecko/20100101 Firefox/40.1"
www.nspw.org:80 177.41.157.155 - - [25/Apr/2018:13:06:41 -0400] "GET / HTTP/1.1" 302 528 "-" "Mozilla/5.0 (Windows NT 6.1; WOW64; rv:40.0) Gecko/20100101 Firefox/40.1"
www.nspw.org:80 149.43.80.25 - - [25/Apr/2018:13:08:45 -0400] "GET / HTTP/1.1" 302 488 "-" "Mozilla/5.0 (Windows NT 10.0) AppleWebKit/537.36 (KHTML, like Gecko) Chrome/42..2311.135 Safari/537.36 Edge/12.10136"
www.nspw.org:80 103.51.208.61 - - [25/Apr/2018:13:09:06 -0400] "GET /wp-login.php HTTP/1.1" 302 553 "-" "Mozilla/5.0 (Windows NT 6.1; WOW64; rv:40.0) Gecko/20100101 Firefox/40.1"
www.nspw.org:80 103.51.208.61 - - [25/Apr/2018:13:09:10 -0400] "GET / HTTP/1.1" 302 528 "-" "Mozilla/5.0 (Windows NT 6.1; WOW64; rv:40.0) Gecko/20100101 Firefox/40.1"
www.nspw.org:80 66.249.73.80 - - [25/Apr/2018:13:09:10 -0400] "GET /2005/past.shtml HTTP/1.1" 302 559 "-" "Mozilla/5.0 (compatible; Googlebot/2.1; +http://www.google.com/bot.html)"
www.nspw.org:80 69.162.124.227 - - [25/Apr/2018:13:09:40 -0400] "HEAD / HTTP/1.1" 302 188 "http://nspw.org/" "Mozilla/5.0+(compatible; UptimeRobot/2.0; http://www.uptimerobot.com/)"
www.nspw.org:80 80.102.119.216 - - [25/Apr/2018:13:10:32 -0400] "GET /papers/2010/nspw2010-coles.pdf HTTP/1.1" 302 589 "https://www.google.es/" "Mozilla/5.0 (Windows NT 10.0; Win64; x64) AppleWebKit/537.36 (KHTML, like Gecko) Chrome/66.0.3359.117 Safari/537.36"
www.nspw.org:80 80.102.119.216 - - [25/Apr/2018:13:11:23 -0400] "-" 408 0 "-" "-"
www.nspw.org:80 216.244.66.236 - - [25/Apr/2018:13:11:45 -0400] "GET /robots.txt HTTP/1.1" 302 493 "-" "Mozilla/5.0 (compatible; DotBot/1.1; http://www.opensiteexplorer.org/dotbot, help@moz.com)"
www.nspw.org:80 66.249.73.78 - - [25/Apr/2018:13:14:06 -0400] "GET /proceedings/2004 HTTP/1.1" 302 561 "-" "Mozilla/5.0 (compatible; Googlebot/2.1; +http://www.google.com/bot.html)"
www.nspw.org:80 69.162.124.227 - - [25/Apr/2018:13:14:40 -0400] "HEAD / HTTP/1.1" 302 188 "http://nspw.org/" "Mozilla/5.0+(compatible; UptimeRobot/2.0; http://www.uptimerobot.com/)"
www.nspw.org:80 207.46.13.114 - - [25/Apr/2018:13:16:00 -0400] "GET /2009/proceedings/2008/nspw2008-crandall.pdf HTTP/1.1" 302 615 "-" "Mozilla/5.0 (compatible; bingbot/2.0; +http://www.bing.com/bingbot.htm)"
www.nspw.org:80 77.88.47.40 - - [25/Apr/2018:13:17:57 -0400] "GET /robots.txt HTTP/1.1" 302 549 "-" "Mozilla/5.0 (compatible; YandexBot/3.0; +http://yandex.com/bots)"
www.nspw.org:80 77.88.47.40 - - [25/Apr/2018:13:18:01 -0400] "GET /2009/proceedings/2006/?C=D;O=A HTTP/1.1" 302 588 "-" "Mozilla/5.0 (compatible; YandexBot/3.0; +http://yandex.com/bots)"
www.nspw.org:80 216.244.66.200 - - [25/Apr/2018:13:18:46 -0400] "GET /2007/tmp/?C=D;O=D HTTP/1.1" 302 507 "-" "Mozilla/5.0 (compatible; DotBot/1.1; http://www.opensiteexplorer.org/dotbot, help@moz.com)"
www.nspw.org:80 35.226.23.240 - - [25/Apr/2018:13:18:53 -0400] "GET /robots.txt HTTP/1.1" 302 512 "-" "ltx71 - (http://ltx71.com/)"
www.nspw.org:80 66.249.73.82 - - [25/Apr/2018:13:19:02 -0400] "GET /2002/ HTTP/1.1" 302 539 "-" "Mozilla/5.0 (compatible; Googlebot/2.1; +http://www.google.com/bot.html)"
www.nspw.org:80 69.162.124.227 - - [25/Apr/2018:13:19:40 -0400] "HEAD / HTTP/1.1" 302 188 "http://nspw.org/" "Mozilla/5.0+(compatible; UptimeRobot/2.0; http://www.uptimerobot.com/)"
www.nspw.org:80 104.131.147.112 - - [25/Apr/2018:13:20:53 -0400] "GET / HTTP/1.1" 302 529 "-" "Mozilla/5.0 (compatible; Gluten Free Crawler/1.0; +http://glutenfreepleasure.com/)"
www.nspw.org:80 216.244.66.200 - - [25/Apr/2018:13:21:58 -0400] "GET /2006/past.shtml HTTP/1.1" 302 503 "-" "Mozilla/5.0 (compatible; DotBot/1.1; http://www.opensiteexplorer.org/dotbot, help@moz.com)"
www.nspw.org:80 103.42.192.48 - - [25/Apr/2018:13:22:41 -0400] "GET /wp-login.php HTTP/1.1" 302 553 "-" "Mozilla/5.0 (Windows NT 6.1; WOW64; rv:40.0) Gecko/20100101 Firefox/40.1"
www.nspw.org:80 103.42.192.48 - - [25/Apr/2018:13:22:43 -0400] "GET / HTTP/1.1" 302 528 "-" "Mozilla/5.0 (Windows NT 6.1; WOW64; rv:40.0) Gecko/20100101 Firefox/40.1"
www.nspw.org:80 123.231.125.63 - - [25/Apr/2018:13:23:12 -0400] "GET /wp-login.php HTTP/1.1" 302 553 "-" "Mozilla/5.0 (Windows NT 6.1; WOW64; rv:40.0) Gecko/20100101 Firefox/40.1"
www.nspw.org:80 123.231.125.63 - - [25/Apr/2018:13:23:13 -0400] "GET / HTTP/1.1" 302 528 "-" "Mozilla/5.0 (Windows NT 6.1; WOW64; rv:40.0) Gecko/20100101 Firefox/40.1"
www.nspw.org:80 66.249.73.82 - - [25/Apr/2018:13:23:58 -0400] "GET /papers/2002/nspw2002-haldar.pdf HTTP/1.1" 302 591 "-" "Mozilla/5.0 (compatible; Googlebot/2.1; +http://www.google.com/bot.html)"
www.nspw.org:80 69.162.124.227 - - [25/Apr/2018:13:24:40 -0400] "HEAD / HTTP/1.1" 302 188 "http://nspw.org/" "Mozilla/5.0+(compatible; UptimeRobot/2.0; http://www.uptimerobot.com/)"
www.nspw.org:80 66.249.73.78 - - [25/Apr/2018:13:25:04 -0400] "GET /current/past.shtml HTTP/1.1" 302 565 "-" "Mozilla/5.0 (compatible; Googlebot/2.1; +http://www.google.com/bot.html)"
www.nspw.org:80 27.34.16.115 - - [25/Apr/2018:13:25:20 -0400] "GET /wp-login.php HTTP/1.1" 302 553 "-" "Mozilla/5.0 (Windows NT 6.1; WOW64; rv:40.0) Gecko/20100101 Firefox/40.1"
www.nspw.org:80 27.34.16.115 - - [25/Apr/2018:13:25:26 -0400] "GET / HTTP/1.1" 302 529 "-" "Mozilla/5.0 (Windows NT 6.1; WOW64; rv:40.0) Gecko/20100101 Firefox/40.1"
www.nspw.org:80 109.101.204.61 - - [25/Apr/2018:13:26:45 -0400] "GET /wp-login.php HTTP/1.1" 302 553 "-" "Mozilla/5.0 (Windows NT 6.1; WOW64; rv:40.0) Gecko/20100101 Firefox/40.1"
www.nspw.org:80 109.101.204.61 - - [25/Apr/2018:13:26:46 -0400] "GET / HTTP/1.1" 302 528 "-" "Mozilla/5.0 (Windows NT 6.1; WOW64; rv:40.0) Gecko/20100101 Firefox/40.1"
www.nspw.org:80 121.116.107.85 - - [25/Apr/2018:13:27:15 -0400] "GET /wp-login.php HTTP/1.1" 302 553 "-" "Mozilla/5.0 (Windows NT 6.1; WOW64; rv:40.0) Gecko/20100101 Firefox/40.1"
www.nspw.org:80 121.116.107.85 - - [25/Apr/2018:13:27:18 -0400] "GET / HTTP/1.1" 302 528 "-" "Mozilla/5.0 (Windows NT 6.1; WOW64; rv:40.0) Gecko/20100101 Firefox/40.1"
www.nspw.org:80 62.193.61.190 - - [25/Apr/2018:13:27:32 -0400] "GET /wp-login.php HTTP/1.1" 302 553 "-" "Mozilla/5.0 (Windows NT 6.1; WOW64; rv:40.0) Gecko/20100101 Firefox/40.1"
www.nspw.org:80 62.193.61.190 - - [25/Apr/2018:13:27:34 -0400] "GET / HTTP/1.1" 302 528 "-" "Mozilla/5.0 (Windows NT 6.1; WOW64; rv:40.0) Gecko/20100101 Firefox/40.1"
www.nspw.org:80 66.249.73.82 - - [25/Apr/2018:13:28:54 -0400] "GET /2009/ HTTP/1.1" 302 539 "-" "Mozilla/5.0 (compatible; Googlebot/2.1; +http://www.google.com/bot.html)"
www.nspw.org:80 69.162.124.227 - - [25/Apr/2018:13:29:40 -0400] "HEAD / HTTP/1.1" 302 188 "http://nspw.org/" "Mozilla/5.0+(compatible; UptimeRobot/2.0; http://www.uptimerobot.com/)"
www.nspw.org:80 100.43.91.123 - - [25/Apr/2018:13:30:00 -0400] "GET /current/papers.shtml HTTP/1.1" 302 569 "-" "Mozilla/5.0 (compatible; YandexBot/3.0; +http://yandex.com/bots)"
www.nspw.org:80 207.46.13.239 - - [25/Apr/2018:13:30:30 -0400] "GET /papers/2009/nspw2009-jakobsson.pdf HTTP/1.1" 302 593 "-" "Mozilla/5.0 (compatible; bingbot/2.0; +http://www.bing.com/bingbot.htm)"
www.nspw.org:80 216.244.66.200 - - [25/Apr/2018:13:32:35 -0400] "GET /2007/?C=D;O=A HTTP/1.1" 302 499 "-" "Mozilla/5.0 (compatible; DotBot/1.1; http://www.opensiteexplorer.org/dotbot, help@moz.com)"
www.nspw.org:80 157.55.39.17 - - [25/Apr/2018:13:32:55 -0400] "GET /2004/panel.html HTTP/1.1" 302 559 "-" "Mozilla/5.0 (compatible; bingbot/2.0; +http://www.bing.com/bingbot.htm)"
www.nspw.org:80 66.249.73.80 - - [25/Apr/2018:13:33:50 -0400] "GET /2011/papers HTTP/1.1" 302 551 "-" "Mozilla/5.0 (compatible; Googlebot/2.1; +http://www.google.com/bot.html)"
www.nspw.org:80 69.162.124.227 - - [25/Apr/2018:13:34:40 -0400] "HEAD / HTTP/1.1" 302 188 "http://nspw.org/" "Mozilla/5.0+(compatible; UptimeRobot/2.0; http://www.uptimerobot.com/)"
www.nspw.org:80 73.10.24.45 - - [25/Apr/2018:13:35:44 -0400] "GET /wp-login.php HTTP/1.1" 302 553 "-" "Mozilla/5.0 (Windows NT 6.1; WOW64; rv:40.0) Gecko/20100101 Firefox/40.1"
www.nspw.org:80 73.10.24.45 - - [25/Apr/2018:13:35:45 -0400] "GET / HTTP/1.1" 302 528 "-" "Mozilla/5.0 (Windows NT 6.1; WOW64; rv:40.0) Gecko/20100101 Firefox/40.1"
www.nspw.org:80 216.244.66.236 - - [25/Apr/2018:13:35:48 -0400] "GET /robots.txt HTTP/1.1" 302 493 "-" "Mozilla/5.0 (compatible; DotBot/1.1; http://www.opensiteexplorer.org/dotbot, help@moz.com)"
www.nspw.org:80 66.249.73.78 - - [25/Apr/2018:13:37:27 -0400] "GET /2009/proceedings/1993/nspw1993-meadows.pdf HTTP/1.1" 302 613 "-" "Googlebot/2.1 (+http://www.google.com/bot.html)"
www.nspw.org:80 136.0.99.110 - - [25/Apr/2018:13:38:00 -0400] "GET /wp-login.php HTTP/1.1" 302 553 "-" "Mozilla/5.0 (Windows NT 6.1; WOW64; rv:40.0) Gecko/20100101 Firefox/40.1"
www.nspw.org:80 136.0.99.110 - - [25/Apr/2018:13:38:01 -0400] "GET / HTTP/1.1" 302 528 "-" "Mozilla/5.0 (Windows NT 6.1; WOW64; rv:40.0) Gecko/20100101 Firefox/40.1"
www.nspw.org:80 216.244.66.200 - - [25/Apr/2018:13:38:04 -0400] "GET /2008/tmp/?C=S;O=D HTTP/1.1" 302 507 "-" "Mozilla/5.0 (compatible; DotBot/1.1; http://www.opensiteexplorer.org/dotbot, help@moz.com)"
www.nspw.org:80 66.249.73.80 - - [25/Apr/2018:13:38:45 -0400] "GET /papers/2011/nspw2011-pieters.pdf HTTP/1.1" 302 593 "-" "Mozilla/5.0 (compatible; Googlebot/2.1; +http://www.google.com/bot.html)"
www.nspw.org:80 199.52.13.132 - - [25/Apr/2018:13:39:09 -0400] "GET /papers/1994/nspw1994-bell.pdf HTTP/1.1" 302 587 "https://www.google.com/" "Mozilla/5.0 (Windows NT 10.0; Win64; x64) AppleWebKit/537.36 (KHTML, like Gecko) Chrome/65.0.3325.181 Safari/537.36"
www.nspw.org:80 69.162.124.227 - - [25/Apr/2018:13:39:40 -0400] "HEAD / HTTP/1.1" 302 188 "http://nspw.org/" "Mozilla/5.0+(compatible; UptimeRobot/2.0; http://www.uptimerobot.com/)"
www.nspw.org:80 78.215.137.103 - - [25/Apr/2018:13:41:50 -0400] "GET /wp-login.php HTTP/1.1" 302 553 "-" "Mozilla/5.0 (Windows NT 6.1; WOW64; rv:40.0) Gecko/20100101 Firefox/40.1"
www.nspw.org:80 78.215.137.103 - - [25/Apr/2018:13:41:51 -0400] "GET / HTTP/1.1" 302 528 "-" "Mozilla/5.0 (Windows NT 6.1; WOW64; rv:40.0) Gecko/20100101 Firefox/40.1"
www.nspw.org:80 42.60.244.170 - - [25/Apr/2018:13:41:57 -0400] "GET /wp-login.php HTTP/1.1" 302 553 "-" "Mozilla/5.0 (Windows NT 6.1; WOW64; rv:40.0) Gecko/20100101 Firefox/40.1"
www.nspw.org:80 42.60.244.170 - - [25/Apr/2018:13:41:59 -0400] "GET / HTTP/1.1" 302 528 "-" "Mozilla/5.0 (Windows NT 6.1; WOW64; rv:40.0) Gecko/20100101 Firefox/40.1"
www.nspw.org:80 63.249.66.212 - - [25/Apr/2018:13:42:36 -0400] "GET /robots.txt HTTP/1.1" 302 549 "-" "Mozilla/5.0 (compatible; changedetection/7.0; +http://www.changedetection.com/bot.html)"
www.nspw.org:80 63.249.66.212 - - [25/Apr/2018:13:42:36 -0400] "GET / HTTP/1.1" 302 528 "-" "Mozilla/5.0 (compatible; changedetection/7.0; +http://www.changedetection.com/bot.html)"
www.nspw.org:80 107.21.1.8 - - [25/Apr/2018:13:43:12 -0400] "GET / HTTP/1.1" 302 529 "http://www.nspw.org/" "Mozilla/5.0 (compatible; DuckDuckGo-Favicons-Bot/1.0; +http://duckduckgo.com)"
www.nspw.org:80 107.21.1.8 - - [25/Apr/2018:13:43:13 -0400] "GET /favicon.ico HTTP/1.1" 302 550 "http://www.nspw.org/favicon.ico" "Mozilla/5.0 (compatible; DuckDuckGo-Favicons-Bot/1.0; +http://duckduckgo.com)"
www.nspw.org:80 66.249.73.82 - - [25/Apr/2018:13:43:41 -0400] "GET /2005/dates.content HTTP/1.1" 302 565 "-" "Mozilla/5.0 (compatible; Googlebot/2.1; +http://www.google.com/bot.html)"
www.nspw.org:80 69.162.124.227 - - [25/Apr/2018:13:44:40 -0400] "HEAD / HTTP/1.1" 302 188 "http://nspw.org/" "Mozilla/5.0+(compatible; UptimeRobot/2.0; http://www.uptimerobot.com/)"
www.nspw.org:80 ::1 - - [25/Apr/2018:13:44:47 -0400] "OPTIONS * HTTP/1.0" 200 126 "-" "Apache/2.4.29 (Ubuntu) OpenSSL/1.1.0g (internal dummy connection)"
www.nspw.org:80 38.99.62.93 - - [25/Apr/2018:13:45:08 -0400] "GET / HTTP/1.1" 302 473 "-" "Mozilla/5.0 (compatible; evc-batch/2.0)"
www.nspw.org:80 216.244.66.200 - - [25/Apr/2018:13:46:51 -0400] "GET /2009/proceedings/1999/ HTTP/1.1" 302 517 "-" "Mozilla/5.0 (compatible; DotBot/1.1; http://www.opensiteexplorer.org/dotbot, help@moz.com)"
www.nspw.org:80 109.102.111.71 - - [25/Apr/2018:13:47:13 -0400] "GET / HTTP/1.1" 302 525 "-" "Java/1.6.0_04"
www.nspw.org:80 109.102.111.71 - - [25/Apr/2018:13:47:13 -0400] "GET /https://www.nspw.org HTTP/1.1" 302 564 "-" "Java/1.6.0_04"
www.nspw.org:80 109.102.111.71 - - [25/Apr/2018:13:47:13 -0400] "GET /https://https://www.nspw.org/https://www.nspw.org HTTP/1.1" 302 622 "-" "Java/1.6.0_04"
www.nspw.org:80 109.102.111.71 - - [25/Apr/2018:13:47:13 -0400] "GET /https://https://www.nspw.org/https://https://www.nspw.org/https://https://www.nspw.org/https://www.nspw.org HTTP/1.1" 302 738 "-" "Java/1.6.0_04"
www.nspw.org:80 109.102.111.71 - - [25/Apr/2018:13:47:13 -0400] "GET /https://https://www.nspw.org/https://https://www.nspw.org/https://https://www.nspw.org/https://https://www.nspw.org/https://https://www.nspw.org/https://https://www.nspw.org/https://https://www.nspw.org/https://www.nspw.org HTTP/1.1" 302 970 "-" "Java/1.6.0_04"
www.nspw.org:80 216.244.66.200 - - [25/Apr/2018:13:47:35 -0400] "GET /papers/2001/?C=D;O=D HTTP/1.1" 302 513 "-" "Mozilla/5.0 (compatible; DotBot/1.1; http://www.opensiteexplorer.org/dotbot, help@moz.com)"
www.nspw.org:80 66.249.73.78 - - [25/Apr/2018:13:48:37 -0400] "GET /cfp/nspw2017-cfp.pdf HTTP/1.1" 302 569 "-" "Mozilla/5.0 (compatible; Googlebot/2.1; +http://www.google.com/bot.html)"
www.nspw.org:80 69.162.124.227 - - [25/Apr/2018:13:49:40 -0400] "HEAD / HTTP/1.1" 302 188 "http://nspw.org/" "Mozilla/5.0+(compatible; UptimeRobot/2.0; http://www.uptimerobot.com/)"
www.nspw.org:80 77.88.47.3 - - [25/Apr/2018:13:51:26 -0400] "GET /2007/oldindex.html HTTP/1.1" 302 565 "-" "Mozilla/5.0 (compatible; YandexBot/3.0; +http://yandex.com/bots)"
www.nspw.org:80 66.249.73.80 - - [25/Apr/2018:13:53:33 -0400] "GET /2005/local.shtml HTTP/1.1" 302 561 "-" "Mozilla/5.0 (compatible; Googlebot/2.1; +http://www.google.com/bot.html)"
www.nspw.org:80 69.162.124.227 - - [25/Apr/2018:13:54:40 -0400] "HEAD / HTTP/1.1" 302 188 "http://nspw.org/" "Mozilla/5.0+(compatible; UptimeRobot/2.0; http://www.uptimerobot.com/)"
www.nspw.org:80 107.181.78.133 - - [25/Apr/2018:13:55:21 -0400] "GET /user/login HTTP/1.1" 302 489 "http://nspw.org/user/login" "Mozilla/5.0 (Windows NT 10.0; WOW64) AppleWebKit/537.36 (KHTML, like Gecko) Chrome/62.0.3198.0 Safari/537.36 OPR/49.0.2711.0"
www.nspw.org:80 107.181.78.133 - - [25/Apr/2018:13:55:21 -0400] "GET /user/login HTTP/1.1" 302 489 "http://nspw.org/user/login" "Mozilla/5.0 (Windows NT 10.0; WOW64) AppleWebKit/537.36 (KHTML, like Gecko) Chrome/62.0.3198.0 Safari/537.36 OPR/49.0.2711.0"
www.nspw.org:80 107.181.78.133 - - [25/Apr/2018:13:55:21 -0400] "GET /user/login HTTP/1.1" 302 489 "http://nspw.org/user/login" "Mozilla/5.0 (Windows NT 10.0; WOW64) AppleWebKit/537.36 (KHTML, like Gecko) Chrome/62.0.3198.0 Safari/537.36 OPR/49.0.2711.0"
www.nspw.org:80 168.205.69.168 - - [25/Apr/2018:13:56:03 -0400] "GET /wp-login.php HTTP/1.1" 302 553 "-" "Mozilla/5.0 (Windows NT 6.1; WOW64; rv:40.0) Gecko/20100101 Firefox/40.1"
www.nspw.org:80 168.205.69.168 - - [25/Apr/2018:13:56:10 -0400] "GET / HTTP/1.1" 302 529 "-" "Mozilla/5.0 (Windows NT 6.1; WOW64; rv:40.0) Gecko/20100101 Firefox/40.1"
www.nspw.org:80 5.9.94.207 - - [25/Apr/2018:13:56:17 -0400] "GET /papers/2000/nspw2000-rannenberg.pdf HTTP/1.1" 302 599 "-" "Mozilla/5.0 (Macintosh; Intel Mac OS X 10_6_8) AppleWebKit/534.58.2 (KHTML, like Gecko) Version/5.1.8 Safari/534.58.2"
www.nspw.org:80 207.46.13.114 - - [25/Apr/2018:13:57:44 -0400] "GET /papers/1996/nspw1996-chuang.pdf HTTP/1.1" 302 591 "-" "Mozilla/5.0 (iPhone; CPU iPhone OS 7_0 like Mac OS X) AppleWebKit/537.51.1 (KHTML, like Gecko) Version/7.0 Mobile/11A465 Safari/9537.53 (compatible; bingbot/2.0; +http://www.bing.com/bingbot.htm)"
www.nspw.org:80 66.249.73.82 - - [25/Apr/2018:13:58:29 -0400] "GET /papers/1993/nspw1993-lapadula-2.pdf HTTP/1.1" 302 599 "-" "Mozilla/5.0 (compatible; Googlebot/2.1; +http://www.google.com/bot.html)"
www.nspw.org:80 37.14.70.154 - - [25/Apr/2018:13:59:34 -0400] "GET /wp-login.php HTTP/1.1" 302 553 "-" "Mozilla/5.0 (Windows NT 6.1; WOW64; rv:40.0) Gecko/20100101 Firefox/40.1"
www.nspw.org:80 37.14.70.154 - - [25/Apr/2018:13:59:36 -0400] "GET / HTTP/1.1" 302 528 "-" "Mozilla/5.0 (Windows NT 6.1; WOW64; rv:40.0) Gecko/20100101 Firefox/40.1"
www.nspw.org:80 69.162.124.227 - - [25/Apr/2018:13:59:40 -0400] "HEAD / HTTP/1.1" 302 188 "http://nspw.org/" "Mozilla/5.0+(compatible; UptimeRobot/2.0; http://www.uptimerobot.com/)"
www.nspw.org:80 194.135.152.165 - - [25/Apr/2018:14:01:02 -0400] "GET /wp-login.php HTTP/1.1" 302 553 "-" "Mozilla/5.0 (Windows NT 6.1; WOW64; rv:40.0) Gecko/20100101 Firefox/40.1"
www.nspw.org:80 194.135.152.165 - - [25/Apr/2018:14:01:05 -0400] "GET / HTTP/1.1" 302 528 "-" "Mozilla/5.0 (Windows NT 6.1; WOW64; rv:40.0) Gecko/20100101 Firefox/40.1"
www.nspw.org:80 150.109.48.76 - - [25/Apr/2018:14:01:10 -0400] "GET /CHANGELOG.txt HTTP/1.1" 302 557 "-" "python-requests/2.9.1"
www.nspw.org:80 52.200.221.20 - - [25/Apr/2018:14:01:19 -0400] "GET /wp-login.php HTTP/1.1" 302 497 "-" "Mozilla/5.0 (Windows NT 6.1) AppleWebKit/537.2 (KHTML, like Gecko) Chrome/22.0.1216.0 Safari/537.2"
www.nspw.org:80 66.249.73.78 - - [25/Apr/2018:14:03:25 -0400] "GET /papers/1993/nspw1993-bailey.pdf HTTP/1.1" 302 591 "-" "Mozilla/5.0 (compatible; Googlebot/2.1; +http://www.google.com/bot.html)"
www.nspw.org:80 54.36.148.100 - - [25/Apr/2018:14:04:00 -0400] "GET /2014/ HTTP/1.1" 302 483 "-" "Mozilla/5.0 (compatible; AhrefsBot/5.2; +http://ahrefs.com/robot/)"
www.nspw.org:80 69.162.124.227 - - [25/Apr/2018:14:04:40 -0400] "HEAD / HTTP/1.1" 302 188 "http://nspw.org/" "Mozilla/5.0+(compatible; UptimeRobot/2.0; http://www.uptimerobot.com/)"
www.nspw.org:80 112.135.10.93 - - [25/Apr/2018:14:07:37 -0400] "GET /wp-login.php HTTP/1.1" 302 553 "-" "Mozilla/5.0 (Windows NT 6.1; WOW64; rv:40.0) Gecko/20100101 Firefox/40.1"
www.nspw.org:80 112.135.10.93 - - [25/Apr/2018:14:08:13 -0400] "GET /wp-login.php HTTP/1.1" 302 553 "-" "Mozilla/5.0 (Windows NT 6.1; WOW64; rv:40.0) Gecko/20100101 Firefox/40.1"
www.nspw.org:80 112.135.10.93 - - [25/Apr/2018:14:08:17 -0400] "GET / HTTP/1.1" 302 528 "-" "Mozilla/5.0 (Windows NT 6.1; WOW64; rv:40.0) Gecko/20100101 Firefox/40.1"
www.nspw.org:80 66.249.73.78 - - [25/Apr/2018:14:08:21 -0400] "GET /2009/cfp/?C=N;O=D HTTP/1.1" 302 563 "-" "Mozilla/5.0 (compatible; Googlebot/2.1; +http://www.google.com/bot.html)"
www.nspw.org:80 78.45.226.115 - - [25/Apr/2018:14:09:17 -0400] "GET /wp-login.php HTTP/1.1" 302 553 "-" "Mozilla/5.0 (Windows NT 6.1; WOW64; rv:40.0) Gecko/20100101 Firefox/40.1"
www.nspw.org:80 78.45.226.115 - - [25/Apr/2018:14:09:18 -0400] "GET / HTTP/1.1" 302 528 "-" "Mozilla/5.0 (Windows NT 6.1; WOW64; rv:40.0) Gecko/20100101 Firefox/40.1"
www.nspw.org:80 69.162.124.227 - - [25/Apr/2018:14:09:40 -0400] "HEAD / HTTP/1.1" 302 188 "http://nspw.org/" "Mozilla/5.0+(compatible; UptimeRobot/2.0; http://www.uptimerobot.com/)"
www.nspw.org:80 216.244.66.200 - - [25/Apr/2018:14:10:15 -0400] "GET /robots.txt HTTP/1.1" 302 493 "-" "Mozilla/5.0 (compatible; DotBot/1.1; http://www.opensiteexplorer.org/dotbot, help@moz.com)"
www.nspw.org:80 66.249.73.78 - - [25/Apr/2018:14:10:26 -0400] "GET /2009/proceedings/2009/nspw2009-kline.pdf HTTP/1.1" 302 609 "-" "Googlebot/2.1 (+http://www.google.com/bot.html)"
www.nspw.org:80 66.249.73.80 - - [25/Apr/2018:14:12:05 -0400] "GET /2009/proceedings/1997/nspw1997-meadows.pdf HTTP/1.1" 302 613 "-" "Googlebot/2.1 (+http://www.google.com/bot.html)"
www.nspw.org:80 66.249.73.82 - - [25/Apr/2018:14:13:17 -0400] "GET /papers/2010/nspw2010-vancleeff.pdf HTTP/1.1" 302 597 "-" "Mozilla/5.0 (compatible; Googlebot/2.1; +http://www.google.com/bot.html)"
www.nspw.org:80 207.46.13.239 - - [25/Apr/2018:14:14:39 -0400] "GET /papers/1996/nspw1996-wulf.pdf HTTP/1.1" 302 583 "-" "Mozilla/5.0 (iPhone; CPU iPhone OS 7_0 like Mac OS X) AppleWebKit/537.51.1 (KHTML, like Gecko) Version/7.0 Mobile/11A465 Safari/9537.53 (compatible; bingbot/2.0; +http://www.bing.com/bingbot.htm)"
www.nspw.org:80 69.162.124.227 - - [25/Apr/2018:14:14:39 -0400] "HEAD / HTTP/1.1" 302 188 "http://nspw.org/" "Mozilla/5.0+(compatible; UptimeRobot/2.0; http://www.uptimerobot.com/)"
www.nspw.org:80 157.55.39.17 - - [25/Apr/2018:14:14:40 -0400] "GET /papers/1996/nspw1996-olawsky.pdf HTTP/1.1" 302 593 "-" "Mozilla/5.0 (compatible; bingbot/2.0; +http://www.bing.com/bingbot.htm)"
www.nspw.org:80 66.249.73.78 - - [25/Apr/2018:14:18:13 -0400] "GET /papers/2008/nspw2008-crandall.pdf HTTP/1.1" 302 595 "-" "Mozilla/5.0 (compatible; Googlebot/2.1; +http://www.google.com/bot.html)"
www.nspw.org:80 83.180.215.28 - - [25/Apr/2018:14:19:37 -0400] "GET /2009/proceedings/1997/nspw1997-hinton.pdf HTTP/1.1" 302 611 "https://www.google.it/" "Mozilla/5.0 (Macintosh; Intel Mac OS X 10_11_6) AppleWebKit/602.1.50 (KHTML, like Gecko) Version/10.0 Safari/602.1.50"
www.nspw.org:80 69.162.124.227 - - [25/Apr/2018:14:19:39 -0400] "HEAD / HTTP/1.1" 302 188 "http://nspw.org/" "Mozilla/5.0+(compatible; UptimeRobot/2.0; http://www.uptimerobot.com/)"
www.nspw.org:80 90.95.90.43 - - [25/Apr/2018:14:20:17 -0400] "GET /wp-login.php HTTP/1.1" 302 553 "-" "Mozilla/5.0 (Windows NT 6.1; WOW64; rv:40.0) Gecko/20100101 Firefox/40.1"
www.nspw.org:80 90.95.90.43 - - [25/Apr/2018:14:20:18 -0400] "GET / HTTP/1.1" 302 528 "-" "Mozilla/5.0 (Windows NT 6.1; WOW64; rv:40.0) Gecko/20100101 Firefox/40.1"
www.nspw.org:80 216.244.66.200 - - [25/Apr/2018:14:22:04 -0400] "GET /2009/ HTTP/1.1" 302 483 "-" "Mozilla/5.0 (compatible; DotBot/1.1; http://www.opensiteexplorer.org/dotbot, help@moz.com)"
www.nspw.org:80 176.223.168.216 - - [25/Apr/2018:14:22:40 -0400] "GET /wp-login.php HTTP/1.1" 302 553 "-" "Mozilla/5.0 (Windows NT 6.1; WOW64; rv:40.0) Gecko/20100101 Firefox/40.1"
www.nspw.org:80 176.223.168.216 - - [25/Apr/2018:14:22:40 -0400] "GET / HTTP/1.1" 302 528 "-" "Mozilla/5.0 (Windows NT 6.1; WOW64; rv:40.0) Gecko/20100101 Firefox/40.1"
www.nspw.org:80 91.195.173.53 - - [25/Apr/2018:14:23:03 -0400] "GET /wp-login.php HTTP/1.1" 302 553 "-" "Mozilla/5.0 (Windows NT 6.1; WOW64; rv:40.0) Gecko/20100101 Firefox/40.1"
www.nspw.org:80 91.195.173.53 - - [25/Apr/2018:14:23:06 -0400] "GET / HTTP/1.1" 302 528 "-" "Mozilla/5.0 (Windows NT 6.1; WOW64; rv:40.0) Gecko/20100101 Firefox/40.1"
www.nspw.org:80 66.249.73.82 - - [25/Apr/2018:14:23:08 -0400] "GET /papers/1996/nspw1996-hosmer.pdf HTTP/1.1" 302 591 "-" "Mozilla/5.0 (compatible; Googlebot/2.1; +http://www.google.com/bot.html)"
www.nspw.org:80 216.244.66.236 - - [25/Apr/2018:14:23:08 -0400] "GET /robots.txt HTTP/1.1" 302 493 "-" "Mozilla/5.0 (compatible; DotBot/1.1; http://www.opensiteexplorer.org/dotbot, help@moz.com)"
www.nspw.org:80 69.162.124.227 - - [25/Apr/2018:14:24:39 -0400] "HEAD / HTTP/1.1" 302 188 "http://nspw.org/" "Mozilla/5.0+(compatible; UptimeRobot/2.0; http://www.uptimerobot.com/)"
www.nspw.org:80 41.109.145.100 - - [25/Apr/2018:14:26:24 -0400] "GET /wp-login.php HTTP/1.1" 302 553 "-" "Mozilla/5.0 (Windows NT 6.1; WOW64; rv:40.0) Gecko/20100101 Firefox/40.1"
www.nspw.org:80 41.109.145.100 - - [25/Apr/2018:14:26:29 -0400] "GET / HTTP/1.1" 302 528 "-" "Mozilla/5.0 (Windows NT 6.1; WOW64; rv:40.0) Gecko/20100101 Firefox/40.1"
