www.nspw.org:80 69.162.124.227 - - [28/Apr/2018:23:16:27 -0400] "HEAD / HTTP/1.1" 302 188 "http://nspw.org/" "Mozilla/5.0+(compatible; UptimeRobot/2.0; http://www.uptimerobot.com/)"
www.nspw.org:80 66.249.73.80 - - [28/Apr/2018:23:16:30 -0400] "GET /papers/2003/nspw2003-backes.pdf HTTP/1.1" 302 591 "-" "Mozilla/5.0 (compatible; Googlebot/2.1; +http://www.google.com/bot.html)"
www.nspw.org:80 66.249.73.80 - - [28/Apr/2018:23:17:41 -0400] "GET /papers/1993/nspw1993-lin-2.pdf HTTP/1.1" 302 589 "-" "Mozilla/5.0 (compatible; Googlebot/2.1; +http://www.google.com/bot.html)"
www.nspw.org:80 66.249.73.80 - - [28/Apr/2018:23:18:53 -0400] "GET /2017/dates HTTP/1.1" 302 549 "-" "Mozilla/5.0 (compatible; Googlebot/2.1; +http://www.google.com/bot.html)"
www.nspw.org:80 66.249.73.80 - - [28/Apr/2018:23:20:04 -0400] "GET /2005/cfp/latex/tr.tex HTTP/1.1" 302 571 "-" "Mozilla/5.0 (compatible; Googlebot/2.1; +http://www.google.com/bot.html)"
www.nspw.org:80 66.249.73.80 - - [28/Apr/2018:23:21:15 -0400] "GET /2005/pc-gen.pl HTTP/1.1" 302 557 "-" "Mozilla/5.0 (compatible; Googlebot/2.1; +http://www.google.com/bot.html)"
www.nspw.org:80 69.162.124.227 - - [28/Apr/2018:23:21:27 -0400] "HEAD / HTTP/1.1" 302 188 "http://nspw.org/" "Mozilla/5.0+(compatible; UptimeRobot/2.0; http://www.uptimerobot.com/)"
www.nspw.org:80 185.232.20.242 - - [28/Apr/2018:23:21:54 -0400] "GET /user/login HTTP/1.1" 302 489 "http://nspw.org/user/login" "Mozilla/5.0 (Windows NT 10.0; WOW64) AppleWebKit/537.36 (KHTML, like Gecko) Chrome/62.0.3198.0 Safari/537.36 OPR/49.0.2711.0"
www.nspw.org:80 185.232.20.242 - - [28/Apr/2018:23:21:54 -0400] "GET /user/login HTTP/1.1" 302 489 "http://nspw.org/user/login" "Mozilla/5.0 (Windows NT 10.0; WOW64) AppleWebKit/537.36 (KHTML, like Gecko) Chrome/62.0.3198.0 Safari/537.36 OPR/49.0.2711.0"
www.nspw.org:80 185.232.20.242 - - [28/Apr/2018:23:21:54 -0400] "GET /user/login HTTP/1.1" 302 489 "http://nspw.org/user/login" "Mozilla/5.0 (Windows NT 10.0; WOW64) AppleWebKit/537.36 (KHTML, like Gecko) Chrome/62.0.3198.0 Safari/537.36 OPR/49.0.2711.0"
www.nspw.org:80 162.210.196.129 - - [28/Apr/2018:23:22:17 -0400] "GET /robots.txt HTTP/1.1" 302 545 "-" "Mozilla/5.0 (compatible; MJ12bot/v1.4.8; http://mj12bot.com/)"
www.nspw.org:80 66.249.73.78 - - [28/Apr/2018:23:22:27 -0400] "GET /2008/cfp2008-old.pdf HTTP/1.1" 302 569 "-" "Mozilla/5.0 (compatible; Googlebot/2.1; +http://www.google.com/bot.html)"
www.nspw.org:80 162.210.196.129 - - [28/Apr/2018:23:22:33 -0400] "GET / HTTP/1.1" 302 469 "-" "Mozilla/5.0 (compatible; MJ12bot/v1.4.8; http://mj12bot.com/)"
www.nspw.org:80 66.249.73.82 - - [28/Apr/2018:23:23:38 -0400] "GET /2005/pc.tex HTTP/1.1" 302 551 "-" "Mozilla/5.0 (compatible; Googlebot/2.1; +http://www.google.com/bot.html)"
www.nspw.org:80 66.249.73.78 - - [28/Apr/2018:23:24:49 -0400] "GET /papers/1993/nspw1993-williams.pdf HTTP/1.1" 302 595 "-" "Mozilla/5.0 (compatible; Googlebot/2.1; +http://www.google.com/bot.html)"
www.nspw.org:80 54.208.102.37 - - [28/Apr/2018:23:24:51 -0400] "GET / HTTP/1.1" 302 525 "http://nspw.org/" "Mozilla/5.0 (compatible; DuckDuckGo-Favicons-Bot/1.0; +http://duckduckgo.com)"
www.nspw.org:80 54.208.102.37 - - [28/Apr/2018:23:24:51 -0400] "GET /favicon.ico HTTP/1.1" 302 546 "http://nspw.org/favicon.ico" "Mozilla/5.0 (compatible; DuckDuckGo-Favicons-Bot/1.0; +http://duckduckgo.com)"
www.nspw.org:80 66.249.73.80 - - [28/Apr/2018:23:25:37 -0400] "GET /papers/1998/ HTTP/1.1" 302 553 "-" "Mozilla/5.0 (compatible; Googlebot/2.1; +http://www.google.com/bot.html)"
www.nspw.org:80 66.249.73.80 - - [28/Apr/2018:23:26:00 -0400] "GET /papers/1993/nspw1993-gomez.pdf HTTP/1.1" 302 589 "-" "Mozilla/5.0 (compatible; Googlebot/2.1; +http://www.google.com/bot.html)"
www.nspw.org:80 69.162.124.227 - - [28/Apr/2018:23:26:27 -0400] "HEAD / HTTP/1.1" 302 188 "http://nspw.org/" "Mozilla/5.0+(compatible; UptimeRobot/2.0; http://www.uptimerobot.com/)"
www.nspw.org:80 66.249.73.82 - - [28/Apr/2018:23:30:46 -0400] "GET /papers/2002/nspw2002-blakley.pdf HTTP/1.1" 302 593 "-" "Mozilla/5.0 (compatible; Googlebot/2.1; +http://www.google.com/bot.html)"
www.nspw.org:80 69.162.124.227 - - [28/Apr/2018:23:31:27 -0400] "HEAD / HTTP/1.1" 302 188 "http://nspw.org/" "Mozilla/5.0+(compatible; UptimeRobot/2.0; http://www.uptimerobot.com/)"
www.nspw.org:80 201.202.252.124 - - [28/Apr/2018:23:31:47 -0400] "GET /wp-login.php HTTP/1.1" 302 553 "-" "Mozilla/5.0 (Windows NT 6.1; WOW64; rv:40.0) Gecko/20100101 Firefox/40.1"
www.nspw.org:80 201.202.252.124 - - [28/Apr/2018:23:31:49 -0400] "GET / HTTP/1.1" 302 528 "-" "Mozilla/5.0 (Windows NT 6.1; WOW64; rv:40.0) Gecko/20100101 Firefox/40.1"
www.nspw.org:80 66.249.73.82 - - [28/Apr/2018:23:31:57 -0400] "GET /papers/1996/nspw1996-hosmer.pdf HTTP/1.1" 302 591 "-" "Mozilla/5.0 (compatible; Googlebot/2.1; +http://www.google.com/bot.html)"
www.nspw.org:80 68.106.241.133 - - [28/Apr/2018:23:33:07 -0400] "GET /wp-login.php HTTP/1.1" 302 553 "-" "Mozilla/5.0 (Windows NT 6.1; WOW64; rv:40.0) Gecko/20100101 Firefox/40.1"
www.nspw.org:80 68.106.241.133 - - [28/Apr/2018:23:33:07 -0400] "GET / HTTP/1.1" 302 528 "-" "Mozilla/5.0 (Windows NT 6.1; WOW64; rv:40.0) Gecko/20100101 Firefox/40.1"
www.nspw.org:80 66.249.73.82 - - [28/Apr/2018:23:33:08 -0400] "GET /papers/2005/nspw2005-backmatter.pdf HTTP/1.1" 302 599 "-" "Mozilla/5.0 (compatible; Googlebot/2.1; +http://www.google.com/bot.html)"
www.nspw.org:80 40.77.167.202 - - [28/Apr/2018:23:33:49 -0400] "GET /papers/2013/nspw2013-crane.pdf HTTP/1.1" 302 585 "-" "Mozilla/5.0 (iPhone; CPU iPhone OS 7_0 like Mac OS X) AppleWebKit/537.51.1 (KHTML, like Gecko) Version/7.0 Mobile/11A465 Safari/9537.53 (compatible; bingbot/2.0; +http://www.bing.com/bingbot.htm)"
www.nspw.org:80 66.249.73.78 - - [28/Apr/2018:23:34:19 -0400] "GET /papers/1996/nspw1996-orman.pdf HTTP/1.1" 302 589 "-" "Mozilla/5.0 (compatible; Googlebot/2.1; +http://www.google.com/bot.html)"
www.nspw.org:80 122.177.167.216 - - [28/Apr/2018:23:35:50 -0400] "GET / HTTP/1.1" 302 529 "-" "Mozilla/5.0 (iPhone; CPU iPhone OS 10_3_3 like Mac OS X) AppleWebKit/603.3.8 (KHTML, like Gecko) Version/10.0 Mobile/14G60 Safari/602.1"
www.nspw.org:80 69.162.124.227 - - [28/Apr/2018:23:36:26 -0400] "HEAD / HTTP/1.1" 302 188 "http://nspw.org/" "Mozilla/5.0+(compatible; UptimeRobot/2.0; http://www.uptimerobot.com/)"
www.nspw.org:80 54.36.148.169 - - [28/Apr/2018:23:36:35 -0400] "GET /2006/pc.shtml HTTP/1.1" 302 499 "-" "Mozilla/5.0 (compatible; AhrefsBot/5.2; +http://ahrefs.com/robot/)"
www.nspw.org:80 66.249.73.78 - - [28/Apr/2018:23:36:42 -0400] "GET /2009/proceedings/1993/nspw1993-lin.pdf HTTP/1.1" 302 605 "-" "Mozilla/5.0 (compatible; Googlebot/2.1; +http://www.google.com/bot.html)"
www.nspw.org:80 36.110.211.41 - - [28/Apr/2018:23:37:25 -0400] "GET / HTTP/1.1" 302 529 "http://www.so.com/" "Mozilla/5.0 (Windows NT 6.2; rv:30.0) Gecko/20150101 Firefox/32.0 360Spider 360Spider"
www.nspw.org:80 ::1 - - [28/Apr/2018:23:37:34 -0400] "OPTIONS * HTTP/1.0" 200 126 "-" "Apache/2.4.29 (Ubuntu) OpenSSL/1.1.0g (internal dummy connection)"
www.nspw.org:80 ::1 - - [28/Apr/2018:23:37:35 -0400] "OPTIONS * HTTP/1.0" 200 126 "-" "Apache/2.4.29 (Ubuntu) OpenSSL/1.1.0g (internal dummy connection)"
www.nspw.org:80 ::1 - - [28/Apr/2018:23:37:40 -0400] "OPTIONS * HTTP/1.0" 200 126 "-" "Apache/2.4.29 (Ubuntu) OpenSSL/1.1.0g (internal dummy connection)"
www.nspw.org:80 216.244.66.200 - - [28/Apr/2018:23:39:42 -0400] "GET /robots.txt HTTP/1.1" 302 493 "-" "Mozilla/5.0 (compatible; DotBot/1.1; http://www.opensiteexplorer.org/dotbot, help@moz.com)"
www.nspw.org:80 207.46.13.60 - - [28/Apr/2018:23:40:00 -0400] "GET /papers/1993/nspw1993-lin.pdf HTTP/1.1" 302 585 "-" "Mozilla/5.0 (compatible; bingbot/2.0; +http://www.bing.com/bingbot.htm)"
www.nspw.org:80 66.249.73.82 - - [28/Apr/2018:23:40:16 -0400] "GET /2005/cfp/latex/macros.sty HTTP/1.1" 302 579 "-" "Mozilla/5.0 (compatible; Googlebot/2.1; +http://www.google.com/bot.html)"
www.nspw.org:80 85.230.7.130 - - [28/Apr/2018:23:40:27 -0400] "GET /wp-login.php HTTP/1.1" 302 553 "-" "Mozilla/5.0 (Windows NT 6.1; WOW64; rv:40.0) Gecko/20100101 Firefox/40.1"
www.nspw.org:80 85.230.7.130 - - [28/Apr/2018:23:40:27 -0400] "GET / HTTP/1.1" 302 528 "-" "Mozilla/5.0 (Windows NT 6.1; WOW64; rv:40.0) Gecko/20100101 Firefox/40.1"
www.nspw.org:80 183.82.20.68 - - [28/Apr/2018:23:40:52 -0400] "GET /wp-login.php HTTP/1.1" 302 553 "-" "Mozilla/5.0 (Windows NT 6.1; WOW64; rv:40.0) Gecko/20100101 Firefox/40.1"
www.nspw.org:80 183.82.20.68 - - [28/Apr/2018:23:40:54 -0400] "GET / HTTP/1.1" 302 528 "-" "Mozilla/5.0 (Windows NT 6.1; WOW64; rv:40.0) Gecko/20100101 Firefox/40.1"
www.nspw.org:80 69.162.124.227 - - [28/Apr/2018:23:41:26 -0400] "HEAD / HTTP/1.1" 302 188 "http://nspw.org/" "Mozilla/5.0+(compatible; UptimeRobot/2.0; http://www.uptimerobot.com/)"
www.nspw.org:80 66.249.73.82 - - [28/Apr/2018:23:41:27 -0400] "GET /papers/1993/nspw1993-rooker-2.pdf HTTP/1.1" 302 595 "-" "Mozilla/5.0 (compatible; Googlebot/2.1; +http://www.google.com/bot.html)"
www.nspw.org:80 66.249.73.82 - - [28/Apr/2018:23:42:38 -0400] "GET /papers/1999/nspw1999-schneider.pdf HTTP/1.1" 302 597 "-" "Mozilla/5.0 (compatible; Googlebot/2.1; +http://www.google.com/bot.html)"
www.nspw.org:80 40.77.167.202 - - [28/Apr/2018:23:44:47 -0400] "GET /papers/2004/nspw2004-allwein.pdf HTTP/1.1" 302 593 "-" "Mozilla/5.0 (iPhone; CPU iPhone OS 7_0 like Mac OS X) AppleWebKit/537.51.1 (KHTML, like Gecko) Version/7.0 Mobile/11A465 Safari/9537.53 (compatible; bingbot/2.0; +http://www.bing.com/bingbot.htm)"
www.nspw.org:80 66.249.73.82 - - [28/Apr/2018:23:45:01 -0400] "GET /papers/2005/nspw2005-taylor-pos.pdf HTTP/1.1" 302 599 "-" "Mozilla/5.0 (compatible; Googlebot/2.1; +http://www.google.com/bot.html)"
www.nspw.org:80 66.249.73.82 - - [28/Apr/2018:23:46:12 -0400] "GET /papers/2003/nspw2003-mchugh.pdf HTTP/1.1" 302 591 "-" "Mozilla/5.0 (compatible; Googlebot/2.1; +http://www.google.com/bot.html)"
www.nspw.org:80 196.118.163.205 - - [28/Apr/2018:23:46:17 -0400] "GET /wp-login.php HTTP/1.1" 302 553 "-" "Mozilla/5.0 (Windows NT 6.1; WOW64; rv:40.0) Gecko/20100101 Firefox/40.1"
www.nspw.org:80 196.118.163.205 - - [28/Apr/2018:23:46:18 -0400] "GET / HTTP/1.1" 302 528 "-" "Mozilla/5.0 (Windows NT 6.1; WOW64; rv:40.0) Gecko/20100101 Firefox/40.1"
www.nspw.org:80 170.150.95.17 - - [28/Apr/2018:23:46:23 -0400] "GET /wp-login.php HTTP/1.1" 302 553 "-" "Mozilla/5.0 (Windows NT 6.1; WOW64; rv:40.0) Gecko/20100101 Firefox/40.1"
www.nspw.org:80 69.162.124.227 - - [28/Apr/2018:23:46:26 -0400] "HEAD / HTTP/1.1" 302 188 "http://nspw.org/" "Mozilla/5.0+(compatible; UptimeRobot/2.0; http://www.uptimerobot.com/)"
www.nspw.org:80 170.150.95.17 - - [28/Apr/2018:23:46:26 -0400] "GET / HTTP/1.1" 302 528 "-" "Mozilla/5.0 (Windows NT 6.1; WOW64; rv:40.0) Gecko/20100101 Firefox/40.1"
www.nspw.org:80 173.254.254.30 - - [28/Apr/2018:23:46:54 -0400] "GET /wp-login.php HTTP/1.1" 302 553 "-" "Mozilla/5.0 (Windows NT 6.1; WOW64; rv:40.0) Gecko/20100101 Firefox/40.1"
www.nspw.org:80 173.254.254.30 - - [28/Apr/2018:23:46:54 -0400] "GET / HTTP/1.1" 302 528 "-" "Mozilla/5.0 (Windows NT 6.1; WOW64; rv:40.0) Gecko/20100101 Firefox/40.1"
www.nspw.org:80 66.249.73.80 - - [28/Apr/2018:23:47:24 -0400] "GET /papers/2011/nspw2011-locasto.pdf HTTP/1.1" 302 593 "-" "Mozilla/5.0 (compatible; Googlebot/2.1; +http://www.google.com/bot.html)"
www.nspw.org:80 66.249.73.82 - - [28/Apr/2018:23:50:57 -0400] "GET /papers/1996/nspw1996-chuang.pdf HTTP/1.1" 302 591 "-" "Mozilla/5.0 (compatible; Googlebot/2.1; +http://www.google.com/bot.html)"
www.nspw.org:80 189.40.75.189 - - [28/Apr/2018:23:51:20 -0400] "GET /wp-login.php HTTP/1.1" 302 553 "-" "Mozilla/5.0 (Windows NT 6.1; WOW64; rv:40.0) Gecko/20100101 Firefox/40.1"
www.nspw.org:80 189.40.75.189 - - [28/Apr/2018:23:51:21 -0400] "GET / HTTP/1.1" 302 528 "-" "Mozilla/5.0 (Windows NT 6.1; WOW64; rv:40.0) Gecko/20100101 Firefox/40.1"
www.nspw.org:80 69.162.124.227 - - [28/Apr/2018:23:51:26 -0400] "HEAD / HTTP/1.1" 302 188 "http://nspw.org/" "Mozilla/5.0+(compatible; UptimeRobot/2.0; http://www.uptimerobot.com/)"
www.nspw.org:80 66.249.73.82 - - [28/Apr/2018:23:52:09 -0400] "GET /papers/2001/nspw2001-schaefer.pdf HTTP/1.1" 302 595 "-" "Mozilla/5.0 (compatible; Googlebot/2.1; +http://www.google.com/bot.html)"
www.nspw.org:80 66.249.65.105 - - [28/Apr/2018:23:52:20 -0400] "GET /themes/garland/style.css?nhfa6e HTTP/1.1" 302 602 "http://pinter.ccsl.carleton.ca/sponsors-2010" "Mozilla/5.0 (compatible; Googlebot/2.1; +http://www.google.com/bot.html)"
www.nspw.org:80 66.249.73.82 - - [28/Apr/2018:23:53:20 -0400] "GET /papers/1999/nspw1999-erlingsson.pdf HTTP/1.1" 302 599 "-" "Mozilla/5.0 (compatible; Googlebot/2.1; +http://www.google.com/bot.html)"
www.nspw.org:80 136.243.35.38 - - [28/Apr/2018:23:54:14 -0400] "HEAD / HTTP/1.1" 302 169 "-" "Mozilla/5.0 (Windows NT 6.1) AppleWebKit/537.36 (KHTML, like Gecko) Chrome/41.0.2228.0 Safari/537.36Mozilla/5.0 (Macintosh; Intel Mac OS X 10.8; rv:24.0) Gecko/20100101 Firefox/24.0"
www.nspw.org:80 136.243.35.38 - - [28/Apr/2018:23:54:14 -0400] "HEAD / HTTP/1.1" 302 169 "-" "Mozilla/5.0 (Windows NT 6.1) AppleWebKit/537.36 (KHTML, like Gecko) Chrome/41.0.2228.0 Safari/537.36Mozilla/5.0 (Macintosh; Intel Mac OS X 10.8; rv:24.0) Gecko/20100101 Firefox/24.0"
www.nspw.org:80 66.249.73.78 - - [28/Apr/2018:23:54:31 -0400] "GET /2005/cfp/cfp.txt HTTP/1.1" 302 561 "-" "Mozilla/5.0 (compatible; Googlebot/2.1; +http://www.google.com/bot.html)"
www.nspw.org:80 117.1.169.249 - - [28/Apr/2018:23:55:05 -0400] "GET / HTTP/1.1" 302 525 "-" "Mozilla/5.0 (Windows; U; Windows NT 5.1; en-US; rv:x.x.x) Gecko/20041107 Firefox/x.x"
www.nspw.org:80 66.249.73.78 - - [28/Apr/2018:23:55:43 -0400] "GET /2009/proceedings/1999/nspw1999-olthoff-2.pdf HTTP/1.1" 302 617 "-" "Mozilla/5.0 (compatible; Googlebot/2.1; +http://www.google.com/bot.html)"
www.nspw.org:80 69.162.124.227 - - [28/Apr/2018:23:56:26 -0400] "HEAD / HTTP/1.1" 302 188 "http://nspw.org/" "Mozilla/5.0+(compatible; UptimeRobot/2.0; http://www.uptimerobot.com/)"
www.nspw.org:80 66.249.73.78 - - [28/Apr/2018:23:56:54 -0400] "GET /2005/program.content.old HTTP/1.1" 302 577 "-" "Mozilla/5.0 (compatible; Googlebot/2.1; +http://www.google.com/bot.html)"
www.nspw.org:80 61.5.102.34 - - [28/Apr/2018:23:57:59 -0400] "GET /wp-login.php HTTP/1.1" 302 553 "-" "Mozilla/5.0 (Windows NT 6.1; WOW64; rv:40.0) Gecko/20100101 Firefox/40.1"
www.nspw.org:80 61.5.102.34 - - [28/Apr/2018:23:58:02 -0400] "GET / HTTP/1.1" 302 528 "-" "Mozilla/5.0 (Windows NT 6.1; WOW64; rv:40.0) Gecko/20100101 Firefox/40.1"
www.nspw.org:80 66.249.73.82 - - [28/Apr/2018:23:58:05 -0400] "GET /cfp/nspw2012-cfp.pdf HTTP/1.1" 302 569 "-" "Mozilla/5.0 (compatible; Googlebot/2.1; +http://www.google.com/bot.html)"
www.nspw.org:80 66.249.73.80 - - [29/Apr/2018:00:00:28 -0400] "GET /2005/cfp/latex/talk.tin HTTP/1.1" 302 575 "-" "Mozilla/5.0 (compatible; Googlebot/2.1; +http://www.google.com/bot.html)"
www.nspw.org:80 69.162.124.227 - - [29/Apr/2018:00:01:26 -0400] "HEAD / HTTP/1.1" 302 188 "http://nspw.org/" "Mozilla/5.0+(compatible; UptimeRobot/2.0; http://www.uptimerobot.com/)"
www.nspw.org:80 66.249.73.80 - - [29/Apr/2018:00:02:50 -0400] "GET /papers/2007/nspw2007-backmatter.pdf HTTP/1.1" 302 599 "-" "Mozilla/5.0 (compatible; Googlebot/2.1; +http://www.google.com/bot.html)"
www.nspw.org:80 164.52.24.140 - - [29/Apr/2018:00:04:51 -0400] "\x16\x03\x01\x01\"\x01" 400 0 "-" "-"
www.nspw.org:80 164.52.24.140 - - [29/Apr/2018:00:04:57 -0400] "USER test +iw test :Test Wuz Here" 400 0 "-" "-"
www.nspw.org:80 164.52.24.140 - - [29/Apr/2018:00:04:58 -0400] "GET / HTTP/1.1" 302 475 "-" "Mozilla/5.0 (Windows NT 6.1; WOW64; rv:52.0) Gecko/20100101 Firefox/52.0"
www.nspw.org:80 54.36.149.99 - - [29/Apr/2018:00:05:18 -0400] "GET /2008/broken_past.content HTTP/1.1" 302 521 "-" "Mozilla/5.0 (compatible; AhrefsBot/5.2; +http://ahrefs.com/robot/)"
www.nspw.org:80 69.162.124.227 - - [29/Apr/2018:00:06:26 -0400] "HEAD / HTTP/1.1" 302 188 "http://nspw.org/" "Mozilla/5.0+(compatible; UptimeRobot/2.0; http://www.uptimerobot.com/)"
www.nspw.org:80 94.53.126.79 - - [29/Apr/2018:00:06:45 -0400] "GET /wp-login.php HTTP/1.1" 302 553 "-" "Mozilla/5.0 (Windows NT 6.1; WOW64; rv:40.0) Gecko/20100101 Firefox/40.1"
www.nspw.org:80 94.53.126.79 - - [29/Apr/2018:00:06:46 -0400] "GET / HTTP/1.1" 302 528 "-" "Mozilla/5.0 (Windows NT 6.1; WOW64; rv:40.0) Gecko/20100101 Firefox/40.1"
www.nspw.org:80 66.249.65.119 - - [29/Apr/2018:00:06:47 -0400] "GET /sites/default/files/nspw-logo-smaller.jpg HTTP/1.1" 302 607 "-" "Googlebot-Image/1.0"
www.nspw.org:80 66.249.65.115 - - [29/Apr/2018:00:06:48 -0400] "GET /sites/default/files/nspw-logo-smaller.jpg HTTP/1.1" 302 607 "-" "Googlebot-Image/1.0"
www.nspw.org:80 36.110.211.41 - - [29/Apr/2018:00:07:31 -0400] "GET / HTTP/1.1" 302 529 "http://www.so.com/" "Mozilla/5.0 (Windows NT 6.2; rv:30.0) Gecko/20150101 Firefox/32.0 360Spider 360Spider"
www.nspw.org:80 66.249.73.78 - - [29/Apr/2018:00:07:35 -0400] "GET /2005/cfp/latex/talk.pdf HTTP/1.1" 302 575 "-" "Mozilla/5.0 (compatible; Googlebot/2.1; +http://www.google.com/bot.html)"
www.nspw.org:80 ::1 - - [29/Apr/2018:00:07:45 -0400] "OPTIONS * HTTP/1.0" 200 126 "-" "Apache/2.4.29 (Ubuntu) OpenSSL/1.1.0g (internal dummy connection)"
www.nspw.org:80 ::1 - - [29/Apr/2018:00:07:46 -0400] "OPTIONS * HTTP/1.0" 200 126 "-" "Apache/2.4.29 (Ubuntu) OpenSSL/1.1.0g (internal dummy connection)"
www.nspw.org:80 ::1 - - [29/Apr/2018:00:07:47 -0400] "OPTIONS * HTTP/1.0" 200 126 "-" "Apache/2.4.29 (Ubuntu) OpenSSL/1.1.0g (internal dummy connection)"
www.nspw.org:80 36.110.211.41 - - [29/Apr/2018:00:08:16 -0400] "GET / HTTP/1.1" 302 473 "http://www.so.com" "Mozilla/5.0 (Windows NT 6.2; rv:30.0) Gecko/20150101 Firefox/32.0 360Spider 360Spider"
www.nspw.org:80 35.226.23.240 - - [29/Apr/2018:00:08:32 -0400] "GET /robots.txt HTTP/1.1" 302 512 "-" "ltx71 - (http://ltx71.com/)"
www.nspw.org:80 66.249.73.82 - - [29/Apr/2018:00:08:47 -0400] "GET /papers/2004/nspw2004-hollebeek.pdf HTTP/1.1" 302 597 "-" "Mozilla/5.0 (compatible; Googlebot/2.1; +http://www.google.com/bot.html)"
www.nspw.org:80 203.90.98.211 - - [29/Apr/2018:00:09:08 -0400] "GET /wp-login.php HTTP/1.1" 302 553 "-" "Mozilla/5.0 (Windows NT 6.1; WOW64; rv:40.0) Gecko/20100101 Firefox/40.1"
www.nspw.org:80 203.90.98.211 - - [29/Apr/2018:00:09:09 -0400] "GET / HTTP/1.1" 302 528 "-" "Mozilla/5.0 (Windows NT 6.1; WOW64; rv:40.0) Gecko/20100101 Firefox/40.1"
www.nspw.org:80 66.249.73.82 - - [29/Apr/2018:00:09:58 -0400] "GET /papers/2008/nspw2008-zhao.pdf HTTP/1.1" 302 587 "-" "Mozilla/5.0 (compatible; Googlebot/2.1; +http://www.google.com/bot.html)"
www.nspw.org:80 54.36.148.116 - - [29/Apr/2018:00:10:13 -0400] "GET /2004/NSPWtrans.gif HTTP/1.1" 302 509 "-" "Mozilla/5.0 (compatible; AhrefsBot/5.2; +http://ahrefs.com/robot/)"
www.nspw.org:80 66.249.73.78 - - [29/Apr/2018:00:11:09 -0400] "GET /papers/2013/nspw2013-ard.pdf HTTP/1.1" 302 585 "-" "Mozilla/5.0 (compatible; Googlebot/2.1; +http://www.google.com/bot.html)"
www.nspw.org:80 69.162.124.227 - - [29/Apr/2018:00:11:26 -0400] "HEAD / HTTP/1.1" 302 188 "http://nspw.org/" "Mozilla/5.0+(compatible; UptimeRobot/2.0; http://www.uptimerobot.com/)"
www.nspw.org:80 153.149.168.209 - - [29/Apr/2018:00:11:48 -0400] "GET / HTTP/1.1" 302 525 "http://nspw.org/" "Mozilla/5.0 (Windows NT 10.0; Win64; x64) AppleWebKit/537.36 (KHTML, like Gecko) Chrome/62.0.3202.62 Safari/537.36"
www.nspw.org:80 66.249.73.80 - - [29/Apr/2018:00:12:21 -0400] "GET /papers/2010/nspw2010-bratus.pdf HTTP/1.1" 302 591 "-" "Mozilla/5.0 (compatible; Googlebot/2.1; +http://www.google.com/bot.html)"
www.nspw.org:80 66.249.73.78 - - [29/Apr/2018:00:13:03 -0400] "GET /current/submission.shtml HTTP/1.1" 302 577 "-" "Mozilla/5.0 (compatible; Googlebot/2.1; +http://www.google.com/bot.html)"
www.nspw.org:80 199.87.254.216 - - [29/Apr/2018:00:13:06 -0400] "GET /robots.txt HTTP/1.1" 302 512 "-" "Mozilla/5.0 (compatible; ScoutJet; +http://www.scoutjet.com/)"
www.nspw.org:80 199.87.254.216 - - [29/Apr/2018:00:13:12 -0400] "GET / HTTP/1.1" 302 492 "-" "Mozilla/5.0 (compatible; ScoutJet; +http://www.scoutjet.com/)"
www.nspw.org:80 66.249.73.80 - - [29/Apr/2018:00:14:43 -0400] "GET /papers/2004/nspw2004-gates.pdf HTTP/1.1" 302 589 "-" "Mozilla/5.0 (compatible; Googlebot/2.1; +http://www.google.com/bot.html)"
www.nspw.org:80 66.249.73.82 - - [29/Apr/2018:00:15:54 -0400] "GET /papers/1993/nspw1993-schaefer.pdf HTTP/1.1" 302 595 "-" "Mozilla/5.0 (compatible; Googlebot/2.1; +http://www.google.com/bot.html)"
www.nspw.org:80 122.177.167.216 - - [29/Apr/2018:00:16:01 -0400] "GET / HTTP/1.1" 302 529 "-" "Mozilla/5.0 (iPhone; CPU iPhone OS 10_3_3 like Mac OS X) AppleWebKit/603.3.8 (KHTML, like Gecko) Version/10.0 Mobile/14G60 Safari/602.1"
www.nspw.org:80 69.162.124.227 - - [29/Apr/2018:00:16:26 -0400] "HEAD / HTTP/1.1" 302 188 "http://nspw.org/" "Mozilla/5.0+(compatible; UptimeRobot/2.0; http://www.uptimerobot.com/)"
www.nspw.org:80 66.249.73.82 - - [29/Apr/2018:00:17:09 -0400] "GET /papers/1998/nspw1998-foley.pdf HTTP/1.1" 302 589 "-" "Mozilla/5.0 (compatible; Googlebot/2.1; +http://www.google.com/bot.html)"
www.nspw.org:80 66.249.73.82 - - [29/Apr/2018:00:18:17 -0400] "GET /papers/2005/nspw2005-locasto.pdf HTTP/1.1" 302 593 "-" "Mozilla/5.0 (compatible; Googlebot/2.1; +http://www.google.com/bot.html)"
www.nspw.org:80 66.249.73.80 - - [29/Apr/2018:00:19:28 -0400] "GET /papers/2013/nspw2013-castro.pdf HTTP/1.1" 302 591 "-" "Mozilla/5.0 (compatible; Googlebot/2.1; +http://www.google.com/bot.html)"
www.nspw.org:80 186.116.247.156 - - [29/Apr/2018:00:19:53 -0400] "GET /wp-login.php HTTP/1.1" 302 553 "-" "Mozilla/5.0 (Windows NT 6.1; WOW64; rv:40.0) Gecko/20100101 Firefox/40.1"
www.nspw.org:80 186.116.247.156 - - [29/Apr/2018:00:19:54 -0400] "GET / HTTP/1.1" 302 528 "-" "Mozilla/5.0 (Windows NT 6.1; WOW64; rv:40.0) Gecko/20100101 Firefox/40.1"
www.nspw.org:80 69.162.124.227 - - [29/Apr/2018:00:21:26 -0400] "HEAD / HTTP/1.1" 302 188 "http://nspw.org/" "Mozilla/5.0+(compatible; UptimeRobot/2.0; http://www.uptimerobot.com/)"
www.nspw.org:80 66.249.73.82 - - [29/Apr/2018:00:21:51 -0400] "GET /papers/2005/nspw2005-mcdermott.pdf HTTP/1.1" 302 597 "-" "Mozilla/5.0 (compatible; Googlebot/2.1; +http://www.google.com/bot.html)"
www.nspw.org:80 66.249.73.78 - - [29/Apr/2018:00:23:02 -0400] "GET /papers/2010/nspw2010-vancleeff.pdf HTTP/1.1" 302 597 "-" "Mozilla/5.0 (compatible; Googlebot/2.1; +http://www.google.com/bot.html)"
www.nspw.org:80 216.244.66.200 - - [29/Apr/2018:00:23:28 -0400] "GET /2007/tmp/?C=D;O=A HTTP/1.1" 302 507 "-" "Mozilla/5.0 (compatible; DotBot/1.1; http://www.opensiteexplorer.org/dotbot, help@moz.com)"
www.nspw.org:80 209.90.225.242 - - [29/Apr/2018:00:24:13 -0400] "GET /administrator/components/com_simplephotogallery/lib/uploadFile.php HTTP/1.1" 302 624 "http://www.nspw.org/administrator/components/com_simplephotogallery/lib/uploadFile.php" "Mozilla/5.0 (Windows NT 6.1; WOW64) AppleWebKit/537.36 (KHTML, like Gecko) Chrome/42.0.2311.152 Safari/537.36"
www.nspw.org:80 66.249.73.82 - - [29/Apr/2018:00:25:25 -0400] "GET /papers/1999/nspw1999-michael.pdf HTTP/1.1" 302 593 "-" "Mozilla/5.0 (compatible; Googlebot/2.1; +http://www.google.com/bot.html)"
www.nspw.org:80 69.162.124.227 - - [29/Apr/2018:00:26:26 -0400] "HEAD / HTTP/1.1" 302 188 "http://nspw.org/" "Mozilla/5.0+(compatible; UptimeRobot/2.0; http://www.uptimerobot.com/)"
www.nspw.org:80 66.249.73.78 - - [29/Apr/2018:00:26:36 -0400] "GET /papers/2011/nspw2011-friedland.pdf HTTP/1.1" 302 597 "-" "Mozilla/5.0 (compatible; Googlebot/2.1; +http://www.google.com/bot.html)"
www.nspw.org:80 66.249.73.80 - - [29/Apr/2018:00:27:47 -0400] "GET /papers/2013/nspw2013-peisert.pdf HTTP/1.1" 302 593 "-" "Mozilla/5.0 (compatible; Googlebot/2.1; +http://www.google.com/bot.html)"
www.nspw.org:80 197.245.42.117 - - [29/Apr/2018:00:27:51 -0400] "GET /wp-login.php HTTP/1.1" 302 553 "-" "Mozilla/5.0 (Windows NT 6.1; WOW64; rv:40.0) Gecko/20100101 Firefox/40.1"
www.nspw.org:80 197.245.42.117 - - [29/Apr/2018:00:27:55 -0400] "GET / HTTP/1.1" 302 528 "-" "Mozilla/5.0 (Windows NT 6.1; WOW64; rv:40.0) Gecko/20100101 Firefox/40.1"
www.nspw.org:80 69.162.124.227 - - [29/Apr/2018:00:31:26 -0400] "HEAD / HTTP/1.1" 302 188 "http://nspw.org/" "Mozilla/5.0+(compatible; UptimeRobot/2.0; http://www.uptimerobot.com/)"
www.nspw.org:80 ::1 - - [29/Apr/2018:00:32:00 -0400] "OPTIONS * HTTP/1.0" 200 126 "-" "Apache/2.4.29 (Ubuntu) OpenSSL/1.1.0g (internal dummy connection)"
www.nspw.org:80 65.96.226.217 - - [29/Apr/2018:00:32:04 -0400] "GET /papers/2013/nspw2013-mathur.pdf HTTP/1.1" 302 591 "-" "Mozilla/5.0 (Macintosh; Intel Mac OS X 10_11_6) AppleWebKit/537.36 (KHTML, like Gecko) Chrome/66.0.3359.117 Safari/537.36"
www.nspw.org:80 ::1 - - [29/Apr/2018:00:32:27 -0400] "OPTIONS * HTTP/1.0" 200 126 "-" "Apache/2.4.29 (Ubuntu) OpenSSL/1.1.0g (internal dummy connection)"
www.nspw.org:80 ::1 - - [29/Apr/2018:00:32:28 -0400] "OPTIONS * HTTP/1.0" 200 126 "-" "Apache/2.4.29 (Ubuntu) OpenSSL/1.1.0g (internal dummy connection)"
www.nspw.org:80 ::1 - - [29/Apr/2018:00:32:29 -0400] "OPTIONS * HTTP/1.0" 200 126 "-" "Apache/2.4.29 (Ubuntu) OpenSSL/1.1.0g (internal dummy connection)"
www.nspw.org:80 66.249.73.78 - - [29/Apr/2018:00:32:32 -0400] "GET /cfp/nspw2010-cfp.pdf HTTP/1.1" 302 569 "-" "Mozilla/5.0 (compatible; Googlebot/2.1; +http://www.google.com/bot.html)"
www.nspw.org:80 66.249.73.78 - - [29/Apr/2018:00:33:44 -0400] "GET /papers/1993/nspw1993-lapadula-2.pdf HTTP/1.1" 302 599 "-" "Mozilla/5.0 (compatible; Googlebot/2.1; +http://www.google.com/bot.html)"
www.nspw.org:80 202.51.91.173 - - [29/Apr/2018:00:34:10 -0400] "GET /wp-login.php HTTP/1.1" 302 553 "-" "Mozilla/5.0 (Windows NT 6.1; WOW64; rv:40.0) Gecko/20100101 Firefox/40.1"
www.nspw.org:80 54.36.148.221 - - [29/Apr/2018:00:34:29 -0400] "GET /papers/1997/?C=S;O=D HTTP/1.1" 302 513 "-" "Mozilla/5.0 (compatible; AhrefsBot/5.2; +http://ahrefs.com/robot/)"
www.nspw.org:80 171.76.97.15 - - [29/Apr/2018:00:34:54 -0400] "GET /wp-login.php HTTP/1.1" 302 553 "-" "Mozilla/5.0 (Windows NT 6.1; WOW64; rv:40.0) Gecko/20100101 Firefox/40.1"
www.nspw.org:80 171.76.97.15 - - [29/Apr/2018:00:34:58 -0400] "GET / HTTP/1.1" 302 528 "-" "Mozilla/5.0 (Windows NT 6.1; WOW64; rv:40.0) Gecko/20100101 Firefox/40.1"
www.nspw.org:80 40.77.167.99 - - [29/Apr/2018:00:36:04 -0400] "GET /papers/2003/nspw2003-perrin.pdf HTTP/1.1" 302 591 "-" "Mozilla/5.0 (iPhone; CPU iPhone OS 7_0 like Mac OS X) AppleWebKit/537.51.1 (KHTML, like Gecko) Version/7.0 Mobile/11A465 Safari/9537.53 (compatible; bingbot/2.0; +http://www.bing.com/bingbot.htm)"
www.nspw.org:80 66.249.73.80 - - [29/Apr/2018:00:36:06 -0400] "GET /papers/2010/nspw2010-moore.pdf HTTP/1.1" 302 589 "-" "Mozilla/5.0 (compatible; Googlebot/2.1; +http://www.google.com/bot.html)"
www.nspw.org:80 69.162.124.227 - - [29/Apr/2018:00:36:26 -0400] "HEAD / HTTP/1.1" 302 188 "http://nspw.org/" "Mozilla/5.0+(compatible; UptimeRobot/2.0; http://www.uptimerobot.com/)"
www.nspw.org:80 66.249.73.80 - - [29/Apr/2018:00:37:18 -0400] "GET /papers/2007/nspw2007-kursawe.pdf HTTP/1.1" 302 593 "-" "Mozilla/5.0 (compatible; Googlebot/2.1; +http://www.google.com/bot.html)"
www.nspw.org:80 36.110.211.108 - - [29/Apr/2018:00:37:41 -0400] "GET / HTTP/1.1" 302 473 "http://www.so.com" "Mozilla/5.0 (Windows NT 6.2; rv:30.0) Gecko/20150101 Firefox/32.0 360Spider 360Spider"
www.nspw.org:80 151.42.213.125 - - [29/Apr/2018:00:37:43 -0400] "GET /wp-login.php HTTP/1.1" 302 553 "-" "Mozilla/5.0 (Windows NT 6.1; WOW64; rv:40.0) Gecko/20100101 Firefox/40.1"
www.nspw.org:80 151.42.213.125 - - [29/Apr/2018:00:37:45 -0400] "GET / HTTP/1.1" 302 528 "-" "Mozilla/5.0 (Windows NT 6.1; WOW64; rv:40.0) Gecko/20100101 Firefox/40.1"
www.nspw.org:80 66.249.73.80 - - [29/Apr/2018:00:38:29 -0400] "GET /papers/2011/nspw2011-bicakci.pdf HTTP/1.1" 302 593 "-" "Mozilla/5.0 (compatible; Googlebot/2.1; +http://www.google.com/bot.html)"
www.nspw.org:80 216.244.66.200 - - [29/Apr/2018:00:38:42 -0400] "GET /2007/?C=N;O=A HTTP/1.1" 302 499 "-" "Mozilla/5.0 (compatible; DotBot/1.1; http://www.opensiteexplorer.org/dotbot, help@moz.com)"
www.nspw.org:80 66.249.73.82 - - [29/Apr/2018:00:39:40 -0400] "GET /papers/2013/nspw2013-rowe.pdf HTTP/1.1" 302 587 "-" "Mozilla/5.0 (compatible; Googlebot/2.1; +http://www.google.com/bot.html)"
www.nspw.org:80 199.16.157.183 - - [29/Apr/2018:00:40:39 -0400] "GET /robots.txt HTTP/1.1" 302 489 "-" "Twitterbot/1.0"
www.nspw.org:80 199.16.157.183 - - [29/Apr/2018:00:40:40 -0400] "GET /2018/cfp HTTP/1.1" 302 485 "-" "Twitterbot/1.0"
www.nspw.org:80 66.249.73.80 - - [29/Apr/2018:00:40:52 -0400] "GET /papers/2005/nspw2005-taylor-panel.pdf HTTP/1.1" 302 603 "-" "Mozilla/5.0 (compatible; Googlebot/2.1; +http://www.google.com/bot.html)"
www.nspw.org:80 69.162.124.227 - - [29/Apr/2018:00:41:26 -0400] "HEAD / HTTP/1.1" 302 188 "http://nspw.org/" "Mozilla/5.0+(compatible; UptimeRobot/2.0; http://www.uptimerobot.com/)"
www.nspw.org:80 66.249.73.80 - - [29/Apr/2018:00:42:03 -0400] "GET /papers/2010/nspw2010-lilien.pdf HTTP/1.1" 302 591 "-" "Mozilla/5.0 (compatible; Googlebot/2.1; +http://www.google.com/bot.html)"
www.nspw.org:80 66.41.124.61 - - [29/Apr/2018:00:42:16 -0400] "GET /papers/2010/nspw2010-franz.pdf HTTP/1.1" 302 589 "-" "Mozilla/5.0 (Windows NT 10.0; Win64; x64) AppleWebKit/537.36 (KHTML, like Gecko) Chrome/66.0.3359.139 Safari/537.36"
www.nspw.org:80 66.41.124.61 - - [29/Apr/2018:00:43:08 -0400] "-" 408 0 "-" "-"
www.nspw.org:80 66.249.73.78 - - [29/Apr/2018:00:43:14 -0400] "GET /papers/2011/nspw2011-hamacher.pdf HTTP/1.1" 302 595 "-" "Mozilla/5.0 (compatible; Googlebot/2.1; +http://www.google.com/bot.html)"
www.nspw.org:80 66.249.73.80 - - [29/Apr/2018:00:44:25 -0400] "GET /papers/1993/nspw1993-meadows.pdf HTTP/1.1" 302 593 "-" "Mozilla/5.0 (compatible; Googlebot/2.1; +http://www.google.com/bot.html)"
www.nspw.org:80 66.249.73.82 - - [29/Apr/2018:00:45:37 -0400] "GET /papers/1993/nspw1993-thuraisingham.pdf HTTP/1.1" 302 605 "-" "Mozilla/5.0 (compatible; Googlebot/2.1; +http://www.google.com/bot.html)"
www.nspw.org:80 216.244.66.200 - - [29/Apr/2018:00:45:45 -0400] "GET /2008/tmp/?C=S;O=A HTTP/1.1" 302 507 "-" "Mozilla/5.0 (compatible; DotBot/1.1; http://www.opensiteexplorer.org/dotbot, help@moz.com)"
www.nspw.org:80 69.162.124.227 - - [29/Apr/2018:00:46:26 -0400] "HEAD / HTTP/1.1" 302 188 "http://nspw.org/" "Mozilla/5.0+(compatible; UptimeRobot/2.0; http://www.uptimerobot.com/)"
www.nspw.org:80 5.255.250.133 - - [29/Apr/2018:00:46:32 -0400] "GET /2003/cfp.shtml HTTP/1.1" 302 557 "-" "Mozilla/5.0 (compatible; YandexBot/3.0; +http://yandex.com/bots)"
www.nspw.org:80 66.249.73.82 - - [29/Apr/2018:00:46:48 -0400] "GET /papers/2010/nspw2010-alsaleh.pdf HTTP/1.1" 302 593 "-" "Mozilla/5.0 (compatible; Googlebot/2.1; +http://www.google.com/bot.html)"
www.nspw.org:80 199.16.157.183 - - [29/Apr/2018:00:47:18 -0400] "GET /2018/cfp HTTP/1.1" 302 485 "-" "Twitterbot/1.0"
www.nspw.org:80 66.249.73.82 - - [29/Apr/2018:00:47:59 -0400] "GET /papers/2006/nspw2006-gutmann.pdf HTTP/1.1" 302 593 "-" "Mozilla/5.0 (compatible; Googlebot/2.1; +http://www.google.com/bot.html)"
www.nspw.org:80 66.249.73.82 - - [29/Apr/2018:00:49:10 -0400] "GET /papers/2011/nspw2011-du.pdf HTTP/1.1" 302 583 "-" "Mozilla/5.0 (compatible; Googlebot/2.1; +http://www.google.com/bot.html)"
www.nspw.org:80 40.77.167.99 - - [29/Apr/2018:00:50:01 -0400] "GET /papers/2002/nspw2002-smetters.pdf HTTP/1.1" 302 595 "-" "Mozilla/5.0 (iPhone; CPU iPhone OS 7_0 like Mac OS X) AppleWebKit/537.51.1 (KHTML, like Gecko) Version/7.0 Mobile/11A465 Safari/9537.53 (compatible; bingbot/2.0; +http://www.bing.com/bingbot.htm)"
www.nspw.org:80 66.249.73.82 - - [29/Apr/2018:00:50:22 -0400] "GET /papers/2005/nspw2005-ford.pdf HTTP/1.1" 302 587 "-" "Mozilla/5.0 (compatible; Googlebot/2.1; +http://www.google.com/bot.html)"
www.nspw.org:80 69.162.124.227 - - [29/Apr/2018:00:51:25 -0400] "HEAD / HTTP/1.1" 302 188 "http://nspw.org/" "Mozilla/5.0+(compatible; UptimeRobot/2.0; http://www.uptimerobot.com/)"
www.nspw.org:80 66.249.73.80 - - [29/Apr/2018:00:51:33 -0400] "GET /papers/2005/nspw2005-maxion.pdf HTTP/1.1" 302 591 "-" "Mozilla/5.0 (compatible; Googlebot/2.1; +http://www.google.com/bot.html)"
www.nspw.org:80 59.99.124.34 - - [29/Apr/2018:00:51:38 -0400] "GET /wp-login.php HTTP/1.1" 302 553 "-" "Mozilla/5.0 (Windows NT 6.1; WOW64; rv:40.0) Gecko/20100101 Firefox/40.1"
www.nspw.org:80 59.99.124.34 - - [29/Apr/2018:00:51:42 -0400] "GET / HTTP/1.1" 302 528 "-" "Mozilla/5.0 (Windows NT 6.1; WOW64; rv:40.0) Gecko/20100101 Firefox/40.1"
www.nspw.org:80 216.244.66.236 - - [29/Apr/2018:00:52:23 -0400] "GET /robots.txt HTTP/1.1" 302 493 "-" "Mozilla/5.0 (compatible; DotBot/1.1; http://www.opensiteexplorer.org/dotbot, help@moz.com)"
www.nspw.org:80 66.249.73.80 - - [29/Apr/2018:00:52:44 -0400] "GET /papers/2004/nspw2004-hollebeek.pdf HTTP/1.1" 302 597 "-" "Mozilla/5.0 (Linux; Android 6.0.1; Nexus 5X Build/MMB29P) AppleWebKit/537.36 (KHTML, like Gecko) Chrome/41.0.2272.96 Mobile Safari/537.36 (compatible; Googlebot/2.1; +http://www.google.com/bot.html)"
www.nspw.org:80 111.206.36.132 - - [29/Apr/2018:00:52:53 -0400] "GET / HTTP/1.1" 302 525 "http://www.baidu.com/s?wd=62P" "Mozilla/5.0 (Windows NT 6.1; WOW64; rv:43.0) Gecko/20100101 Firefox/43.0"
www.nspw.org:80 ::1 - - [29/Apr/2018:00:53:00 -0400] "OPTIONS * HTTP/1.0" 200 126 "-" "Apache/2.4.29 (Ubuntu) OpenSSL/1.1.0g (internal dummy connection)"
www.nspw.org:80 ::1 - - [29/Apr/2018:00:53:01 -0400] "OPTIONS * HTTP/1.0" 200 126 "-" "Apache/2.4.29 (Ubuntu) OpenSSL/1.1.0g (internal dummy connection)"
www.nspw.org:80 ::1 - - [29/Apr/2018:00:53:02 -0400] "OPTIONS * HTTP/1.0" 200 126 "-" "Apache/2.4.29 (Ubuntu) OpenSSL/1.1.0g (internal dummy connection)"
www.nspw.org:80 123.125.67.157 - - [29/Apr/2018:00:53:05 -0400] "GET / HTTP/1.1" 302 492 "-" "Mozilla/5.0 (Windows NT 10.0; WOW64) AppleWebKit/537.36 (KHTML, like Gecko) Chrome/45.0.2454.93 Safari/537.36"
www.nspw.org:80 66.249.73.82 - - [29/Apr/2018:00:53:56 -0400] "GET /papers/2010/nspw2010-faily.pdf HTTP/1.1" 302 589 "-" "Mozilla/5.0 (compatible; Googlebot/2.1; +http://www.google.com/bot.html)"
www.nspw.org:80 216.244.66.200 - - [29/Apr/2018:00:54:18 -0400] "GET /papers/?C=M;O=A HTTP/1.1" 302 503 "-" "Mozilla/5.0 (compatible; DotBot/1.1; http://www.opensiteexplorer.org/dotbot, help@moz.com)"
www.nspw.org:80 216.244.66.200 - - [29/Apr/2018:00:54:34 -0400] "GET /papers/2001/?C=D;O=A HTTP/1.1" 302 513 "-" "Mozilla/5.0 (compatible; DotBot/1.1; http://www.opensiteexplorer.org/dotbot, help@moz.com)"
www.nspw.org:80 216.244.66.200 - - [29/Apr/2018:00:55:38 -0400] "GET /robots.txt HTTP/1.1" 302 493 "-" "Mozilla/5.0 (compatible; DotBot/1.1; http://www.opensiteexplorer.org/dotbot, help@moz.com)"
www.nspw.org:80 66.249.73.78 - - [29/Apr/2018:00:56:18 -0400] "GET /papers/2005/nspw2005-frontmatter.pdf HTTP/1.1" 302 601 "-" "Mozilla/5.0 (compatible; Googlebot/2.1; +http://www.google.com/bot.html)"
www.nspw.org:80 69.162.124.227 - - [29/Apr/2018:00:56:24 -0400] "HEAD / HTTP/1.1" 302 188 "http://nspw.org/" "Mozilla/5.0+(compatible; UptimeRobot/2.0; http://www.uptimerobot.com/)"
www.nspw.org:80 180.97.35.21 - - [29/Apr/2018:00:56:41 -0400] "GET / HTTP/1.1" 302 529 "http://www.baidu.com/s?wd=FZ9" "Mozilla/5.0 (Windows NT 6.1; WOW64; rv:43.0) Gecko/20100101 Firefox/43.0"
www.nspw.org:80 ::1 - - [29/Apr/2018:00:56:48 -0400] "OPTIONS * HTTP/1.0" 200 126 "-" "Apache/2.4.29 (Ubuntu) OpenSSL/1.1.0g (internal dummy connection)"
www.nspw.org:80 ::1 - - [29/Apr/2018:00:56:49 -0400] "OPTIONS * HTTP/1.0" 200 126 "-" "Apache/2.4.29 (Ubuntu) OpenSSL/1.1.0g (internal dummy connection)"
www.nspw.org:80 ::1 - - [29/Apr/2018:00:56:51 -0400] "OPTIONS * HTTP/1.0" 200 126 "-" "Apache/2.4.29 (Ubuntu) OpenSSL/1.1.0g (internal dummy connection)"
www.nspw.org:80 66.249.73.80 - - [29/Apr/2018:00:57:32 -0400] "GET /papers/2008/nspw2008-crandall.pdf HTTP/1.1" 302 595 "-" "Mozilla/5.0 (compatible; Googlebot/2.1; +http://www.google.com/bot.html)"
www.nspw.org:80 66.249.73.82 - - [29/Apr/2018:00:58:41 -0400] "GET /papers/2007/nspw2007-nali.pdf HTTP/1.1" 302 587 "-" "Mozilla/5.0 (compatible; Googlebot/2.1; +http://www.google.com/bot.html)"
www.nspw.org:80 66.249.73.80 - - [29/Apr/2018:00:59:52 -0400] "GET /papers/2007/nspw2007-solworth.pdf HTTP/1.1" 302 595 "-" "Mozilla/5.0 (compatible; Googlebot/2.1; +http://www.google.com/bot.html)"
www.nspw.org:80 66.249.73.78 - - [29/Apr/2018:01:01:03 -0400] "GET /2009/pc-gen.pl HTTP/1.1" 302 557 "-" "Mozilla/5.0 (compatible; Googlebot/2.1; +http://www.google.com/bot.html)"
www.nspw.org:80 69.162.124.227 - - [29/Apr/2018:01:01:24 -0400] "HEAD / HTTP/1.1" 302 188 "http://nspw.org/" "Mozilla/5.0+(compatible; UptimeRobot/2.0; http://www.uptimerobot.com/)"
www.nspw.org:80 66.249.73.80 - - [29/Apr/2018:01:02:15 -0400] "GET /cfp/nspw2011-cfp.pdf HTTP/1.1" 302 569 "-" "Mozilla/5.0 (compatible; Googlebot/2.1; +http://www.google.com/bot.html)"
www.nspw.org:80 157.55.39.117 - - [29/Apr/2018:01:02:15 -0400] "GET /papers/2003/nspw2003-backes.pdf HTTP/1.1" 302 591 "-" "Mozilla/5.0 (compatible; bingbot/2.0; +http://www.bing.com/bingbot.htm)"
www.nspw.org:80 41.83.38.63 - - [29/Apr/2018:01:02:28 -0400] "GET / HTTP/1.1" 302 492 "-" "Mozilla/4.0 (compatible; MSIE 5.0; Windows NT; DigExt; DTS Agent"
www.nspw.org:80 66.249.73.82 - - [29/Apr/2018:01:04:37 -0400] "GET /2009/proceedings/2001/nspw2001-brostoff.pdf HTTP/1.1" 302 615 "-" "Mozilla/5.0 (compatible; Googlebot/2.1; +http://www.google.com/bot.html)"
www.nspw.org:80 43.239.223.189 - - [29/Apr/2018:01:04:49 -0400] "GET / HTTP/1.1" 302 525 "http://nspw.org" "Mozilla/5.0 (Windows NT 6.1; Trident/7.0; rv:11.0) like Gecko"
www.nspw.org:80 66.249.73.78 - - [29/Apr/2018:01:05:49 -0400] "GET /papers/2009/nspw2009-johnson.pdf HTTP/1.1" 302 593 "-" "Mozilla/5.0 (compatible; Googlebot/2.1; +http://www.google.com/bot.html)"
www.nspw.org:80 69.162.124.227 - - [29/Apr/2018:01:06:24 -0400] "HEAD / HTTP/1.1" 302 188 "http://nspw.org/" "Mozilla/5.0+(compatible; UptimeRobot/2.0; http://www.uptimerobot.com/)"
www.nspw.org:80 97.122.209.45 - - [29/Apr/2018:01:06:28 -0400] "GET /2009/proceedings/2001/nspw2001-raskin.pdf HTTP/1.1" 302 611 "-" "Mozilla/5.0 (iPhone; CPU iPhone OS 11_2_6 like Mac OS X) AppleWebKit/604.5.6 (KHTML, like Gecko) Version/11.0 Mobile/15D100 Safari/604.1"
www.nspw.org:80 97.122.209.45 - - [29/Apr/2018:01:06:29 -0400] "GET /2009/proceedings/2001/nspw2001-raskin.pdf HTTP/1.1" 302 611 "-" "Mozilla/5.0 (Macintosh; Intel Mac OS X 10_11_1) AppleWebKit/601.2.4 (KHTML, like Gecko) Version/9.0.1 Safari/601.2.4 facebookexternalhit/1.1 Facebot Twitterbot/1.0"
www.nspw.org:80 66.249.73.80 - - [29/Apr/2018:01:07:00 -0400] "GET /papers/2006/nspw2006-greenwald.pdf HTTP/1.1" 302 597 "-" "Mozilla/5.0 (compatible; Googlebot/2.1; +http://www.google.com/bot.html)"
www.nspw.org:80 36.110.211.107 - - [29/Apr/2018:01:07:36 -0400] "GET / HTTP/1.1" 302 473 "http://www.so.com" "Mozilla/5.0 (Windows NT 6.2; rv:30.0) Gecko/20150101 Firefox/32.0 360Spider 360Spider"
www.nspw.org:80 66.249.73.82 - - [29/Apr/2018:01:08:11 -0400] "GET /2005/cfp/latex/talk4.ps HTTP/1.1" 302 575 "-" "Mozilla/5.0 (compatible; Googlebot/2.1; +http://www.google.com/bot.html)"
www.nspw.org:80 66.249.73.80 - - [29/Apr/2018:01:09:22 -0400] "GET /papers/2005/nspw2005-van_oorschot.pdf HTTP/1.1" 302 603 "-" "Mozilla/5.0 (compatible; Googlebot/2.1; +http://www.google.com/bot.html)"
www.nspw.org:80 123.125.71.96 - - [29/Apr/2018:01:09:43 -0400] "GET / HTTP/1.1" 302 492 "-" "Mozilla/5.0 (compatible; Baiduspider/2.0; +http://www.baidu.com/search/spider.html)"
www.nspw.org:80 188.68.48.243 - - [29/Apr/2018:01:10:05 -0400] "GET / HTTP/1.1" 302 525 "-" "Mozilla/5.0 (Windows NT 10.0; Win64; x64) AppleWebKit/537.36 (KHTML, like Gecko) Chrome/58.0.3029.110 Safari/537.36"
www.nspw.org:80 66.249.73.80 - - [29/Apr/2018:01:10:34 -0400] "GET /papers/2000/nspw2000-daniels.pdf HTTP/1.1" 302 593 "-" "Mozilla/5.0 (compatible; Googlebot/2.1; +http://www.google.com/bot.html)"
www.nspw.org:80 66.249.73.80 - - [29/Apr/2018:01:10:59 -0400] "GET /2009/proceedings/2014-pre/gates-nspw2014pre.pdf HTTP/1.1" 302 623 "-" "Googlebot/2.1 (+http://www.google.com/bot.html)"
www.nspw.org:80 153.120.13.149 - - [29/Apr/2018:01:11:20 -0400] "HEAD /current/ HTTP/1.1" 302 233 "-" "Hatena Antenna/0.5 (http://a.hatena.ne.jp/help)"
www.nspw.org:80 153.120.13.149 - - [29/Apr/2018:01:11:22 -0400] "GET /current/ HTTP/1.1" 302 545 "-" "Hatena Antenna/0.5 (http://a.hatena.ne.jp/help)"
www.nspw.org:80 69.162.124.227 - - [29/Apr/2018:01:11:24 -0400] "HEAD / HTTP/1.1" 302 188 "http://nspw.org/" "Mozilla/5.0+(compatible; UptimeRobot/2.0; http://www.uptimerobot.com/)"
www.nspw.org:80 66.249.73.78 - - [29/Apr/2018:01:11:45 -0400] "GET /papers/1993/nspw1993-michael.pdf HTTP/1.1" 302 593 "-" "Mozilla/5.0 (compatible; Googlebot/2.1; +http://www.google.com/bot.html)"
www.nspw.org:80 ::1 - - [29/Apr/2018:01:12:25 -0400] "OPTIONS * HTTP/1.0" 200 126 "-" "Apache/2.4.29 (Ubuntu) OpenSSL/1.1.0g (internal dummy connection)"
www.nspw.org:80 66.249.73.82 - - [29/Apr/2018:01:12:56 -0400] "GET /papers/2003/nspw2003-eustice.pdf HTTP/1.1" 302 593 "-" "Mozilla/5.0 (compatible; Googlebot/2.1; +http://www.google.com/bot.html)"
www.nspw.org:80 66.249.73.82 - - [29/Apr/2018:01:13:16 -0400] "GET /2009/proceedings/2005/nspw2005-peisert.pdf HTTP/1.1" 302 613 "-" "Googlebot/2.1 (+http://www.google.com/bot.html)"
www.nspw.org:80 66.249.73.78 - - [29/Apr/2018:01:14:08 -0400] "GET /papers/2004/nspw2004-haldar.pdf HTTP/1.1" 302 591 "-" "Mozilla/5.0 (compatible; Googlebot/2.1; +http://www.google.com/bot.html)"
www.nspw.org:80 192.140.155.206 - - [29/Apr/2018:01:14:24 -0400] "GET /wp-login.php HTTP/1.1" 302 553 "-" "Mozilla/5.0 (Windows NT 6.1; WOW64; rv:40.0) Gecko/20100101 Firefox/40.1"
www.nspw.org:80 192.140.155.206 - - [29/Apr/2018:01:14:28 -0400] "GET / HTTP/1.1" 302 528 "-" "Mozilla/5.0 (Windows NT 6.1; WOW64; rv:40.0) Gecko/20100101 Firefox/40.1"
www.nspw.org:80 ::1 - - [29/Apr/2018:01:14:54 -0400] "OPTIONS * HTTP/1.0" 200 126 "-" "Apache/2.4.29 (Ubuntu) OpenSSL/1.1.0g (internal dummy connection)"
www.nspw.org:80 51.15.225.217 - - [29/Apr/2018:01:15:57 -0400] "GET /robots.txt HTTP/1.1" 302 489 "-" "Mozilla/5.0 (X11; Linux x86_64) AppleWebKit/537.36 (KHTML, like Gecko) Chrome/65.0.3325.181 Safari/537.36"
www.nspw.org:80 69.162.124.227 - - [29/Apr/2018:01:16:24 -0400] "HEAD / HTTP/1.1" 302 188 "http://nspw.org/" "Mozilla/5.0+(compatible; UptimeRobot/2.0; http://www.uptimerobot.com/)"
www.nspw.org:80 66.249.73.80 - - [29/Apr/2018:01:16:30 -0400] "GET /papers/1994/nspw1994-ovchinnikov.pdf HTTP/1.1" 302 601 "-" "Mozilla/5.0 (compatible; Googlebot/2.1; +http://www.google.com/bot.html)"
www.nspw.org:80 66.249.73.82 - - [29/Apr/2018:01:17:08 -0400] "GET /2009/proceedings/2004/nspw2004-flinn.pdf HTTP/1.1" 302 609 "-" "Googlebot/2.1 (+http://www.google.com/bot.html)"
www.nspw.org:80 ::1 - - [29/Apr/2018:01:17:24 -0400] "OPTIONS * HTTP/1.0" 200 126 "-" "Apache/2.4.29 (Ubuntu) OpenSSL/1.1.0g (internal dummy connection)"
www.nspw.org:80 66.249.73.78 - - [29/Apr/2018:01:17:41 -0400] "GET /papers/2005/nspw2005-littlewood.pdf HTTP/1.1" 302 599 "-" "Mozilla/5.0 (compatible; Googlebot/2.1; +http://www.google.com/bot.html)"
www.nspw.org:80 95.140.127.186 - - [29/Apr/2018:01:18:57 -0400] "GET /wp-login.php HTTP/1.1" 302 553 "-" "Mozilla/5.0 (Windows NT 6.1; WOW64; rv:40.0) Gecko/20100101 Firefox/40.1"
www.nspw.org:80 95.140.127.186 - - [29/Apr/2018:01:18:58 -0400] "GET / HTTP/1.1" 302 528 "-" "Mozilla/5.0 (Windows NT 6.1; WOW64; rv:40.0) Gecko/20100101 Firefox/40.1"
www.nspw.org:80 66.249.73.82 - - [29/Apr/2018:01:19:03 -0400] "GET /current/dates.shtml HTTP/1.1" 302 567 "-" "Mozilla/5.0 (compatible; Googlebot/2.1; +http://www.google.com/bot.html)"
www.nspw.org:80 66.249.73.80 - - [29/Apr/2018:01:21:15 -0400] "GET /papers/2013/nspw2013-sundaramurthy.pdf HTTP/1.1" 302 605 "-" "Mozilla/5.0 (compatible; Googlebot/2.1; +http://www.google.com/bot.html)"
www.nspw.org:80 69.162.124.227 - - [29/Apr/2018:01:21:24 -0400] "HEAD / HTTP/1.1" 302 188 "http://nspw.org/" "Mozilla/5.0+(compatible; UptimeRobot/2.0; http://www.uptimerobot.com/)"
www.nspw.org:80 220.181.108.186 - - [29/Apr/2018:01:22:26 -0400] "GET /2006/ HTTP/1.1" 302 483 "-" "Mozilla/5.0 (iPhone; CPU iPhone OS 8_0 like Mac OS X) AppleWebKit/600.1.3 (KHTML, like Gecko) Version/8.0 Mobile/12A4345d Safari/600.1.4"
www.nspw.org:80 66.249.73.78 - - [29/Apr/2018:01:22:27 -0400] "GET /papers/2008/nspw2008-mannan.pdf HTTP/1.1" 302 591 "-" "Mozilla/5.0 (compatible; Googlebot/2.1; +http://www.google.com/bot.html)"
www.nspw.org:80 220.181.108.157 - - [29/Apr/2018:01:22:28 -0400] "GET /2006/ HTTP/1.1" 302 483 "-" "Mozilla/5.0 (iPhone; CPU iPhone OS 8_0 like Mac OS X) AppleWebKit/600.1.3 (KHTML, like Gecko) Version/8.0 Mobile/12A4345d Safari/600.1.4"
www.nspw.org:80 123.125.71.70 - - [29/Apr/2018:01:22:31 -0400] "GET /2006/ HTTP/1.1" 302 483 "-" "Mozilla/5.0 (iPhone; CPU iPhone OS 8_0 like Mac OS X) AppleWebKit/600.1.3 (KHTML, like Gecko) Version/8.0 Mobile/12A4345d Safari/600.1.4"
www.nspw.org:80 66.249.73.82 - - [29/Apr/2018:01:24:49 -0400] "GET /papers/2009/nspw2009-probst.pdf HTTP/1.1" 302 591 "-" "Mozilla/5.0 (compatible; Googlebot/2.1; +http://www.google.com/bot.html)"
www.nspw.org:80 40.77.167.100 - - [29/Apr/2018:01:25:50 -0400] "GET /papers/2007/nspw2007-nali.pdf HTTP/1.1" 302 587 "-" "Mozilla/5.0 (iPhone; CPU iPhone OS 7_0 like Mac OS X) AppleWebKit/537.51.1 (KHTML, like Gecko) Version/7.0 Mobile/11A465 Safari/9537.53 (compatible; bingbot/2.0; +http://www.bing.com/bingbot.htm)"
www.nspw.org:80 46.109.20.103 - - [29/Apr/2018:01:25:54 -0400] "GET / HTTP/1.1" 302 469 "-" "Mozilla/5.0 (Windows NT 6.1; WOW64; rv:50.0) Gecko/20100101 Firefox/50.0"
www.nspw.org:80 66.249.73.78 - - [29/Apr/2018:01:26:00 -0400] "GET /papers/2005/nspw2005-beznosov.pdf HTTP/1.1" 302 595 "-" "Mozilla/5.0 (compatible; Googlebot/2.1; +http://www.google.com/bot.html)"
www.nspw.org:80 69.162.124.227 - - [29/Apr/2018:01:26:24 -0400] "HEAD / HTTP/1.1" 302 188 "http://nspw.org/" "Mozilla/5.0+(compatible; UptimeRobot/2.0; http://www.uptimerobot.com/)"
www.nspw.org:80 207.46.13.185 - - [29/Apr/2018:01:27:00 -0400] "GET /papers/2009/nspw2009-verendel.pdf HTTP/1.1" 302 595 "-" "Mozilla/5.0 (compatible; bingbot/2.0; +http://www.bing.com/bingbot.htm)"
www.nspw.org:80 66.249.73.82 - - [29/Apr/2018:01:27:12 -0400] "GET /papers/1999/nspw1999-henning.pdf HTTP/1.1" 302 593 "-" "Mozilla/5.0 (compatible; Googlebot/2.1; +http://www.google.com/bot.html)"
www.nspw.org:80 66.249.73.80 - - [29/Apr/2018:01:28:23 -0400] "GET /papers/2008/nspw2008-shirley.pdf HTTP/1.1" 302 593 "-" "Mozilla/5.0 (compatible; Googlebot/2.1; +http://www.google.com/bot.html)"
www.nspw.org:80 66.249.73.80 - - [29/Apr/2018:01:29:28 -0400] "GET /2004/pre-proceedings/Allwein.pdf HTTP/1.1" 302 593 "-" "Googlebot/2.1 (+http://www.google.com/bot.html)"
www.nspw.org:80 66.249.73.78 - - [29/Apr/2018:01:29:34 -0400] "GET /papers/2005/nspw2005-schwarting.pdf HTTP/1.1" 302 599 "-" "Mozilla/5.0 (compatible; Googlebot/2.1; +http://www.google.com/bot.html)"
www.nspw.org:80 66.249.73.82 - - [29/Apr/2018:01:30:46 -0400] "GET /papers/2009/nspw2009-verendel.pdf HTTP/1.1" 302 595 "-" "Mozilla/5.0 (compatible; Googlebot/2.1; +http://www.google.com/bot.html)"
www.nspw.org:80 69.162.124.227 - - [29/Apr/2018:01:31:24 -0400] "HEAD / HTTP/1.1" 302 188 "http://nspw.org/" "Mozilla/5.0+(compatible; UptimeRobot/2.0; http://www.uptimerobot.com/)"
www.nspw.org:80 216.244.66.200 - - [29/Apr/2018:01:31:29 -0400] "GET /2004/?C=D;O=A HTTP/1.1" 302 499 "-" "Mozilla/5.0 (compatible; DotBot/1.1; http://www.opensiteexplorer.org/dotbot, help@moz.com)"
www.nspw.org:80 66.249.73.80 - - [29/Apr/2018:01:31:57 -0400] "GET /papers/1999/nspw1999-olthoff-3.pdf HTTP/1.1" 302 597 "-" "Mozilla/5.0 (compatible; Googlebot/2.1; +http://www.google.com/bot.html)"
www.nspw.org:80 109.98.166.226 - - [29/Apr/2018:01:32:09 -0400] "GET /wp-login.php HTTP/1.1" 302 553 "-" "Mozilla/5.0 (Windows NT 6.1; WOW64; rv:40.0) Gecko/20100101 Firefox/40.1"
www.nspw.org:80 109.98.166.226 - - [29/Apr/2018:01:32:11 -0400] "GET / HTTP/1.1" 302 528 "-" "Mozilla/5.0 (Windows NT 6.1; WOW64; rv:40.0) Gecko/20100101 Firefox/40.1"
www.nspw.org:80 79.180.229.220 - - [29/Apr/2018:01:32:36 -0400] "GET /wp-login.php HTTP/1.1" 302 553 "-" "Mozilla/5.0 (Windows NT 6.1; WOW64; rv:40.0) Gecko/20100101 Firefox/40.1"
www.nspw.org:80 79.180.229.220 - - [29/Apr/2018:01:32:37 -0400] "GET / HTTP/1.1" 302 528 "-" "Mozilla/5.0 (Windows NT 6.1; WOW64; rv:40.0) Gecko/20100101 Firefox/40.1"
www.nspw.org:80 46.214.142.51 - - [29/Apr/2018:01:35:07 -0400] "GET /wp-login.php HTTP/1.1" 302 553 "-" "Mozilla/5.0 (Windows NT 6.1; WOW64; rv:40.0) Gecko/20100101 Firefox/40.1"
www.nspw.org:80 46.214.142.51 - - [29/Apr/2018:01:35:09 -0400] "GET / HTTP/1.1" 302 528 "-" "Mozilla/5.0 (Windows NT 6.1; WOW64; rv:40.0) Gecko/20100101 Firefox/40.1"
www.nspw.org:80 66.249.73.82 - - [29/Apr/2018:01:35:31 -0400] "GET /papers/2011/nspw2011-hamacher.pdf HTTP/1.1" 302 595 "-" "Mozilla/5.0 (Linux; Android 6.0.1; Nexus 5X Build/MMB29P) AppleWebKit/537.36 (KHTML, like Gecko) Chrome/41.0.2272.96 Mobile Safari/537.36 (compatible; Googlebot/2.1; +http://www.google.com/bot.html)"
www.nspw.org:80 69.162.124.227 - - [29/Apr/2018:01:36:24 -0400] "HEAD / HTTP/1.1" 302 188 "http://nspw.org/" "Mozilla/5.0+(compatible; UptimeRobot/2.0; http://www.uptimerobot.com/)"
www.nspw.org:80 66.249.73.82 - - [29/Apr/2018:01:36:42 -0400] "GET /papers/1993/nspw1993-lapadula.pdf HTTP/1.1" 302 595 "-" "Mozilla/5.0 (compatible; Googlebot/2.1; +http://www.google.com/bot.html)"
www.nspw.org:80 66.249.73.78 - - [29/Apr/2018:01:37:53 -0400] "GET /papers/1994/nspw1994-schneier.pdf HTTP/1.1" 302 595 "-" "Mozilla/5.0 (compatible; Googlebot/2.1; +http://www.google.com/bot.html)"
www.nspw.org:80 111.206.52.66 - - [29/Apr/2018:01:37:56 -0400] "GET / HTTP/1.1" 302 473 "http://www.so.com" "Mozilla/5.0 (Windows NT 6.2; rv:30.0) Gecko/20150101 Firefox/32.0 360Spider 360Spider"
