www.nspw.org:80 216.38.149.58 - - [25/Apr/2018:14:27:08 -0400] "GET /papers/2009/nspw2009-herley.pdf HTTP/1.1" 302 591 "https://www.google.com/" "Mozilla/5.0 (Macintosh; Intel Mac OS X 10_13_4) AppleWebKit/537.36 (KHTML, like Gecko) Chrome/66.0.3359.117 Safari/537.36"
www.nspw.org:80 66.249.73.80 - - [25/Apr/2018:14:27:32 -0400] "GET /2005/cfp/latex/tr.pdf HTTP/1.1" 302 571 "-" "Googlebot/2.1 (+http://www.google.com/bot.html)"
www.nspw.org:80 66.249.73.78 - - [25/Apr/2018:14:28:04 -0400] "GET /2009/submission.content HTTP/1.1" 302 575 "-" "Mozilla/5.0 (compatible; Googlebot/2.1; +http://www.google.com/bot.html)"
www.nspw.org:80 153.181.83.93 - - [25/Apr/2018:14:28:37 -0400] "GET /wp-login.php HTTP/1.1" 302 553 "-" "Mozilla/5.0 (Windows NT 6.1; WOW64; rv:40.0) Gecko/20100101 Firefox/40.1"
www.nspw.org:80 153.181.83.93 - - [25/Apr/2018:14:28:40 -0400] "GET / HTTP/1.1" 302 528 "-" "Mozilla/5.0 (Windows NT 6.1; WOW64; rv:40.0) Gecko/20100101 Firefox/40.1"
www.nspw.org:80 54.36.148.47 - - [25/Apr/2018:14:32:34 -0400] "GET /user HTTP/1.1" 302 481 "-" "Mozilla/5.0 (compatible; AhrefsBot/5.2; +http://ahrefs.com/robot/)"
www.nspw.org:80 66.249.73.82 - - [25/Apr/2018:14:33:00 -0400] "GET /2014/dates HTTP/1.1" 302 549 "-" "Mozilla/5.0 (compatible; Googlebot/2.1; +http://www.google.com/bot.html)"
www.nspw.org:80 54.70.40.11 - - [25/Apr/2018:14:33:56 -0400] "GET /robots.txt HTTP/1.1" 302 489 "-" "Mozilla/5.0 (compatible) SemanticScholarBot (+https://www.semanticscholar.org/crawler)"
www.nspw.org:80 54.70.40.11 - - [25/Apr/2018:14:34:52 -0400] "GET /2018/cfp HTTP/1.1" 302 485 "-" "Mozilla/5.0 (compatible) SemanticScholarBot (+https://www.semanticscholar.org/crawler)"
www.nspw.org:80 35.226.23.240 - - [25/Apr/2018:14:37:26 -0400] "GET /robots.txt HTTP/1.1" 302 512 "-" "ltx71 - (http://ltx71.com/)"
www.nspw.org:80 77.101.91.89 - - [25/Apr/2018:14:37:56 -0400] "GET /wp-login.php HTTP/1.1" 302 553 "-" "Mozilla/5.0 (Windows NT 6.1; WOW64; rv:40.0) Gecko/20100101 Firefox/40.1"
www.nspw.org:80 66.249.73.80 - - [25/Apr/2018:14:37:56 -0400] "GET /papers/2005/nspw2005-mcdermott.pdf HTTP/1.1" 302 597 "-" "Mozilla/5.0 (compatible; Googlebot/2.1; +http://www.google.com/bot.html)"
www.nspw.org:80 77.101.91.89 - - [25/Apr/2018:14:37:57 -0400] "GET / HTTP/1.1" 302 528 "-" "Mozilla/5.0 (Windows NT 6.1; WOW64; rv:40.0) Gecko/20100101 Firefox/40.1"
www.nspw.org:80 182.182.12.186 - - [25/Apr/2018:14:42:19 -0400] "GET /wp-login.php HTTP/1.1" 302 553 "-" "Mozilla/5.0 (Windows NT 6.1; WOW64; rv:40.0) Gecko/20100101 Firefox/40.1"
www.nspw.org:80 182.182.12.186 - - [25/Apr/2018:14:42:20 -0400] "GET / HTTP/1.1" 302 528 "-" "Mozilla/5.0 (Windows NT 6.1; WOW64; rv:40.0) Gecko/20100101 Firefox/40.1"
www.nspw.org:80 66.249.73.78 - - [25/Apr/2018:14:42:56 -0400] "GET /papers/2000/nspw2000-perrine.pdf HTTP/1.1" 302 593 "-" "Mozilla/5.0 (compatible; Googlebot/2.1; +http://www.google.com/bot.html)"
www.nspw.org:80 90.103.106.105 - - [25/Apr/2018:14:46:16 -0400] "GET /wp-login.php HTTP/1.1" 302 553 "-" "Mozilla/5.0 (Windows NT 6.1; WOW64; rv:40.0) Gecko/20100101 Firefox/40.1"
www.nspw.org:80 90.103.106.105 - - [25/Apr/2018:14:46:17 -0400] "GET / HTTP/1.1" 302 528 "-" "Mozilla/5.0 (Windows NT 6.1; WOW64; rv:40.0) Gecko/20100101 Firefox/40.1"
www.nspw.org:80 66.160.140.183 - - [25/Apr/2018:14:46:35 -0400] "GET /robots.txt HTTP/1.1" 302 549 "-" "The Knowledge AI"
www.nspw.org:80 66.160.140.183 - - [25/Apr/2018:14:46:48 -0400] "GET /2007/local.content HTTP/1.1" 302 565 "-" "The Knowledge AI"
www.nspw.org:80 123.125.67.228 - - [25/Apr/2018:14:47:24 -0400] "GET /robots.txt HTTP/1.1" 302 508 "-" "Mozilla/5.0 (Macintosh; Intel Mac OS X 10_13_1) AppleWebKit/537.36 (KHTML, like Gecko) Chrome/61.0.3163.100 Safari/537.36"
www.nspw.org:80 2.137.136.176 - - [25/Apr/2018:14:47:25 -0400] "GET /wp-login.php HTTP/1.1" 302 553 "-" "Mozilla/5.0 (Windows NT 6.1; WOW64; rv:40.0) Gecko/20100101 Firefox/40.1"
www.nspw.org:80 2.137.136.176 - - [25/Apr/2018:14:47:26 -0400] "GET / HTTP/1.1" 302 528 "-" "Mozilla/5.0 (Windows NT 6.1; WOW64; rv:40.0) Gecko/20100101 Firefox/40.1"
www.nspw.org:80 54.36.149.94 - - [25/Apr/2018:14:47:39 -0400] "GET /2002 HTTP/1.1" 302 477 "-" "Mozilla/5.0 (compatible; AhrefsBot/5.2; +http://ahrefs.com/robot/)"
www.nspw.org:80 66.249.73.78 - - [25/Apr/2018:14:47:48 -0400] "GET /papers/2012/forms/authors.htm HTTP/1.1" 302 587 "-" "Mozilla/5.0 (compatible; Googlebot/2.1; +http://www.google.com/bot.html)"
www.nspw.org:80 46.251.69.221 - - [25/Apr/2018:14:49:01 -0400] "GET /papers/1999/nspw1999-henning.pdf HTTP/1.1" 302 556 "http://yandex.ru/clck/jsredir?from=yandex.ru%3Bsearch%3Bweb%3B%3B&text=&etext=1769.UR-Fw3ZWFDHZnc55ClM7PSOFU4kl_eqfbr-BTVyAXpTyaGeDxjAscTDjEugXGck9.4a792de637a2dfa41b0e9e9a23b360e6da1d84e6&uuid=&state=_BLhILn4SxNIvvL0W45KSic66uCIg23qh8iRG98qeIXmeppkgUc0YGHEttDsYq_w3pSJtejupWg&data=UlNrNmk5WktYejR0eWJFYk1LdmtxbmR5dGQ2d1RBcTAyMTlFcGZHWE1CMjFfaG1mM0s3cUVlUVJXOThYRWptMkR5NU02cDVrRXd0SnphU2lFblNrcXY5LW5hcjN3QWlPQnpNUEVlZldFaVRPbXNvNGlka0ZYNVpXRzNFSWVDTmtjYl9DTi1xT2hNS0xhQjhPYkJIZ0NB&b64e=2&sign=6df8f41e9b7ee176dba620497bc77aac&keyno=0&cst=AiuY0DBWFJ7IXge4WdYJQYP93Xfrtkbal5Ogg7cNPJbZ-w7_cDGMDaUB4lqE_EO-oH56d2c687w9jhKp29FK9vNT9dGzhb1UyFJPG734v18JMDJeQPCoUXmRg46k0JIk4m5YBJZ0cVp_9IHPluyyvUquLH3W-0cz&ref=orjY4mGPRjk5boDnW0uvlrrd71vZw9kp5uQozpMtKCXboeqr305aIKU7ks_YR9-dlnmsgGNRKxuCLMxL7ALkJDGY9urT0b2RtrHIec3cwWf5p3_Bt_RoTw&l10n=ru&cts=1524679021269&mc=6.68649936621" "Mozilla/4.0 (compatible; MSIE 8.0; Windows NT 6.1; Trident/4.0; SLCC2; .NET CLR 2.0.50727; .NET CLR 3.5.30729; .NET CLR 3.0.30729; Media Center PC 6.0; .NET4.0C; .NET4.0E)"
www.nspw.org:80 46.251.69.221 - - [25/Apr/2018:14:49:11 -0400] "GET /papers/1999/nspw1999-henning.pdf HTTP/1.1" 302 556 "http://yandex.ru/clck/jsredir?from=yandex.ru%3Bsearch%3Bweb%3B%3B&text=&etext=1769.UR-Fw3ZWFDHZnc55ClM7PSOFU4kl_eqfbr-BTVyAXpTyaGeDxjAscTDjEugXGck9.4a792de637a2dfa41b0e9e9a23b360e6da1d84e6&uuid=&state=_BLhILn4SxNIvvL0W45KSic66uCIg23qh8iRG98qeIXmeppkgUc0YGHEttDsYq_w3pSJtejupWg&data=UlNrNmk5WktYejR0eWJFYk1LdmtxbmR5dGQ2d1RBcTAyMTlFcGZHWE1CMjFfaG1mM0s3cUVlUVJXOThYRWptMkR5NU02cDVrRXd0SnphU2lFblNrcXY5LW5hcjN3QWlPQnpNUEVlZldFaVRPbXNvNGlka0ZYNVpXRzNFSWVDTmtjYl9DTi1xT2hNS0xhQjhPYkJIZ0NB&b64e=2&sign=6df8f41e9b7ee176dba620497bc77aac&keyno=0&cst=AiuY0DBWFJ7IXge4WdYJQYP93Xfrtkbal5Ogg7cNPJbZ-w7_cDGMDaUB4lqE_EO-oH56d2c687w9jhKp29FK9vNT9dGzhb1UyFJPG734v18JMDJeQPCoUXmRg46k0JIk4m5YBJZ0cVp_9IHPluyyvUquLH3W-0cz&ref=orjY4mGPRjk5boDnW0uvlrrd71vZw9kp5uQozpMtKCXboeqr305aIKU7ks_YR9-dlnmsgGNRKxuCLMxL7ALkJDGY9urT0b2RtrHIec3cwWf5p3_Bt_RoTw&l10n=ru&cts=1524679021269&mc=6.68649936621" "Mozilla/4.0 (compatible; MSIE 8.0; Windows NT 6.1; Trident/4.0; SLCC2; .NET CLR 2.0.50727; .NET CLR 3.5.30729; .NET CLR 3.0.30729; Media Center PC 6.0; .NET4.0C; .NET4.0E)"
www.nspw.org:80 66.249.73.80 - - [25/Apr/2018:14:49:37 -0400] "GET /papers/1998/nspw1998-phillips.pdf HTTP/1.1" 302 595 "-" "Googlebot/2.1 (+http://www.google.com/bot.html)"
www.nspw.org:80 134.117.27.177 - - [25/Apr/2018:14:50:41 -0400] "GET / HTTP/1.1" 302 529 "-" "Mozilla/5.0 (X11; Ubuntu; Linux x86_64; rv:59.0) Gecko/20100101 Firefox/59.0"
www.nspw.org:80 ::1 - - [25/Apr/2018:14:50:51 -0400] "OPTIONS * HTTP/1.0" 200 126 "-" "Apache/2.4.29 (Ubuntu) OpenSSL/1.1.0g (internal dummy connection)"
www.nspw.org:80 ::1 - - [25/Apr/2018:14:50:52 -0400] "OPTIONS * HTTP/1.0" 200 126 "-" "Apache/2.4.29 (Ubuntu) OpenSSL/1.1.0g (internal dummy connection)"
www.nspw.org:80 ::1 - - [25/Apr/2018:14:50:53 -0400] "OPTIONS * HTTP/1.0" 200 126 "-" "Apache/2.4.29 (Ubuntu) OpenSSL/1.1.0g (internal dummy connection)"
www.nspw.org:80 66.249.73.78 - - [25/Apr/2018:14:52:44 -0400] "GET /2005/pc.tex HTTP/1.1" 302 551 "-" "Mozilla/5.0 (compatible; Googlebot/2.1; +http://www.google.com/bot.html)"
www.nspw.org:80 160.202.146.236 - - [25/Apr/2018:14:54:30 -0400] "GET /wp-login.php HTTP/1.1" 302 553 "-" "Mozilla/5.0 (Windows NT 6.1; WOW64; rv:40.0) Gecko/20100101 Firefox/40.1"
www.nspw.org:80 160.202.146.236 - - [25/Apr/2018:14:54:34 -0400] "GET / HTTP/1.1" 302 528 "-" "Mozilla/5.0 (Windows NT 6.1; WOW64; rv:40.0) Gecko/20100101 Firefox/40.1"
www.nspw.org:80 66.249.73.78 - - [25/Apr/2018:14:57:40 -0400] "GET /papers/2004/ HTTP/1.1" 302 553 "-" "Mozilla/5.0 (compatible; Googlebot/2.1; +http://www.google.com/bot.html)"
www.nspw.org:80 66.249.73.82 - - [25/Apr/2018:14:58:26 -0400] "GET /2009/proceedings/2001/nspw2001-du.pdf HTTP/1.1" 302 603 "-" "Googlebot/2.1 (+http://www.google.com/bot.html)"
www.nspw.org:80 66.249.73.78 - - [25/Apr/2018:15:02:35 -0400] "GET /papers/2013/nspw2013-durmuth.pdf HTTP/1.1" 302 593 "-" "Mozilla/5.0 (compatible; Googlebot/2.1; +http://www.google.com/bot.html)"
www.nspw.org:80 100.43.85.179 - - [25/Apr/2018:15:04:19 -0400] "GET /papers/1994/ HTTP/1.1" 302 553 "-" "Mozilla/5.0 (compatible; YandexBot/3.0; +http://yandex.com/bots)"
www.nspw.org:80 66.249.73.78 - - [25/Apr/2018:15:07:31 -0400] "GET /papers/1999/nspw1999-michael.pdf HTTP/1.1" 302 593 "-" "Mozilla/5.0 (compatible; Googlebot/2.1; +http://www.google.com/bot.html)"
www.nspw.org:80 118.93.32.138 - - [25/Apr/2018:15:08:36 -0400] "GET / HTTP/1.1" 302 525 "-" "Mozilla/5.0 (Macintosh; Intel Mac OS X 10_13_4) AppleWebKit/605.1.15 (KHTML, like Gecko) Version/11.1 Safari/605.1.15"
www.nspw.org:80 ::1 - - [25/Apr/2018:15:08:45 -0400] "OPTIONS * HTTP/1.0" 200 126 "-" "Apache/2.4.29 (Ubuntu) OpenSSL/1.1.0g (internal dummy connection)"
www.nspw.org:80 ::1 - - [25/Apr/2018:15:08:46 -0400] "OPTIONS * HTTP/1.0" 200 126 "-" "Apache/2.4.29 (Ubuntu) OpenSSL/1.1.0g (internal dummy connection)"
www.nspw.org:80 ::1 - - [25/Apr/2018:15:08:47 -0400] "OPTIONS * HTTP/1.0" 200 126 "-" "Apache/2.4.29 (Ubuntu) OpenSSL/1.1.0g (internal dummy connection)"
www.nspw.org:80 27.4.5.148 - - [25/Apr/2018:15:10:03 -0400] "GET /wp-login.php HTTP/1.1" 302 553 "-" "Mozilla/5.0 (Windows NT 6.1; WOW64; rv:40.0) Gecko/20100101 Firefox/40.1"
www.nspw.org:80 27.4.5.148 - - [25/Apr/2018:15:10:05 -0400] "GET / HTTP/1.1" 302 528 "-" "Mozilla/5.0 (Windows NT 6.1; WOW64; rv:40.0) Gecko/20100101 Firefox/40.1"
www.nspw.org:80 216.244.66.236 - - [25/Apr/2018:15:10:49 -0400] "GET /robots.txt HTTP/1.1" 302 493 "-" "Mozilla/5.0 (compatible; DotBot/1.1; http://www.opensiteexplorer.org/dotbot, help@moz.com)"
www.nspw.org:80 ::1 - - [25/Apr/2018:15:11:39 -0400] "OPTIONS * HTTP/1.0" 200 126 "-" "Apache/2.4.29 (Ubuntu) OpenSSL/1.1.0g (internal dummy connection)"
www.nspw.org:80 ::1 - - [25/Apr/2018:15:11:48 -0400] "OPTIONS * HTTP/1.0" 200 126 "-" "Apache/2.4.29 (Ubuntu) OpenSSL/1.1.0g (internal dummy connection)"
www.nspw.org:80 134.117.27.177 - - [25/Apr/2018:15:11:54 -0400] "GET / HTTP/1.1" 302 529 "-" "Mozilla/5.0 (X11; Ubuntu; Linux x86_64; rv:59.0) Gecko/20100101 Firefox/59.0"
www.nspw.org:80 ::1 - - [25/Apr/2018:15:12:00 -0400] "OPTIONS * HTTP/1.0" 200 126 "-" "Apache/2.4.29 (Ubuntu) OpenSSL/1.1.0g (internal dummy connection)"
www.nspw.org:80 62.201.107.192 - - [25/Apr/2018:15:12:00 -0400] "GET /wp-login.php HTTP/1.1" 302 553 "-" "Mozilla/5.0 (Windows NT 6.1; WOW64; rv:40.0) Gecko/20100101 Firefox/40.1"
www.nspw.org:80 62.201.107.192 - - [25/Apr/2018:15:12:01 -0400] "GET / HTTP/1.1" 302 528 "-" "Mozilla/5.0 (Windows NT 6.1; WOW64; rv:40.0) Gecko/20100101 Firefox/40.1"
www.nspw.org:80 ::1 - - [25/Apr/2018:15:12:01 -0400] "OPTIONS * HTTP/1.0" 200 126 "-" "Apache/2.4.29 (Ubuntu) OpenSSL/1.1.0g (internal dummy connection)"
www.nspw.org:80 ::1 - - [25/Apr/2018:15:12:06 -0400] "OPTIONS * HTTP/1.0" 200 126 "-" "Apache/2.4.29 (Ubuntu) OpenSSL/1.1.0g (internal dummy connection)"
www.nspw.org:80 66.249.73.82 - - [25/Apr/2018:15:12:27 -0400] "GET /papers/2002/nspw2002-greenwald.pdf HTTP/1.1" 302 597 "-" "Mozilla/5.0 (compatible; Googlebot/2.1; +http://www.google.com/bot.html)"
www.nspw.org:80 ::1 - - [25/Apr/2018:15:13:34 -0400] "OPTIONS * HTTP/1.0" 200 126 "-" "Apache/2.4.29 (Ubuntu) OpenSSL/1.1.0g (internal dummy connection)"
www.nspw.org:80 173.53.13.4 - - [25/Apr/2018:15:13:42 -0400] "GET /papers/1999/nspw1999-henning.pdf HTTP/1.1" 302 593 "https://www.google.com/" "Mozilla/5.0 (Windows NT 10.0; Win64; x64) AppleWebKit/537.36 (KHTML, like Gecko) Chrome/65.0.3325.181 Safari/537.36"
www.nspw.org:80 216.244.66.200 - - [25/Apr/2018:15:16:16 -0400] "GET /papers/?C=D;O=D HTTP/1.1" 302 503 "-" "Mozilla/5.0 (compatible; DotBot/1.1; http://www.opensiteexplorer.org/dotbot, help@moz.com)"
www.nspw.org:80 66.249.73.78 - - [25/Apr/2018:15:17:23 -0400] "GET /papers/1996/nspw1996-serban.pdf HTTP/1.1" 302 591 "-" "Mozilla/5.0 (compatible; Googlebot/2.1; +http://www.google.com/bot.html)"
www.nspw.org:80 66.102.6.212 - - [25/Apr/2018:15:17:44 -0400] "GET / HTTP/1.1" 302 529 "-" "Mozilla/5.0 (X11; Linux x86_64) AppleWebKit/537.36 (KHTML, like Gecko) Chrome/49.0.2623.75 Safari/537.36 Google Favicon"
www.nspw.org:80 106.11.154.135 - - [25/Apr/2018:15:18:36 -0400] "GET /login HTTP/1.1" 302 539 "-" "YisouSpider"
www.nspw.org:80 106.11.157.113 - - [25/Apr/2018:15:18:36 -0400] "GET /robots.txt HTTP/1.1" 302 549 "-" "YisouSpider"
www.nspw.org:80 216.244.66.200 - - [25/Apr/2018:15:18:44 -0400] "GET /2009/pc.content HTTP/1.1" 302 503 "-" "Mozilla/5.0 (compatible; DotBot/1.1; http://www.opensiteexplorer.org/dotbot, help@moz.com)"
www.nspw.org:80 216.244.66.200 - - [25/Apr/2018:15:18:54 -0400] "GET /2009/proceedings/1993/?C=N;O=A HTTP/1.1" 302 533 "-" "Mozilla/5.0 (compatible; DotBot/1.1; http://www.opensiteexplorer.org/dotbot, help@moz.com)"
www.nspw.org:80 ::1 - - [25/Apr/2018:15:19:15 -0400] "OPTIONS * HTTP/1.0" 200 126 "-" "Apache/2.4.29 (Ubuntu) OpenSSL/1.1.0g (internal dummy connection)"
www.nspw.org:80 ::1 - - [25/Apr/2018:15:19:22 -0400] "OPTIONS * HTTP/1.0" 200 126 "-" "Apache/2.4.29 (Ubuntu) OpenSSL/1.1.0g (internal dummy connection)"
www.nspw.org:80 34.207.92.179 - - [25/Apr/2018:15:19:46 -0400] "GET /2014/local HTTP/1.1" 302 545 "-" "Mozilla/5.0 (compatible; linkdexbot/2.0; +http://www.linkdex.com/bots/)"
www.nspw.org:80 216.244.66.200 - - [25/Apr/2018:15:20:07 -0400] "GET /papers/2001/?C=M;O=A HTTP/1.1" 302 513 "-" "Mozilla/5.0 (compatible; DotBot/1.1; http://www.opensiteexplorer.org/dotbot, help@moz.com)"
www.nspw.org:80 ::1 - - [25/Apr/2018:15:21:14 -0400] "OPTIONS * HTTP/1.0" 200 126 "-" "Apache/2.4.29 (Ubuntu) OpenSSL/1.1.0g (internal dummy connection)"
www.nspw.org:80 66.249.73.82 - - [25/Apr/2018:15:21:28 -0400] "GET /papers/2009/nspw2009-church.pdf HTTP/1.1" 302 591 "-" "Mozilla/5.0 (compatible; Googlebot/2.1; +http://www.google.com/bot.html)"
www.nspw.org:80 177.10.0.194 - - [25/Apr/2018:15:21:36 -0400] "GET /wp-login.php HTTP/1.1" 302 553 "-" "Mozilla/5.0 (Windows NT 6.1; WOW64; rv:40.0) Gecko/20100101 Firefox/40.1"
www.nspw.org:80 177.10.0.194 - - [25/Apr/2018:15:21:38 -0400] "GET / HTTP/1.1" 302 528 "-" "Mozilla/5.0 (Windows NT 6.1; WOW64; rv:40.0) Gecko/20100101 Firefox/40.1"
www.nspw.org:80 69.162.124.227 - - [25/Apr/2018:15:22:11 -0400] "HEAD / HTTP/1.1" 302 188 "http://nspw.org/" "Mozilla/5.0+(compatible; UptimeRobot/2.0; http://www.uptimerobot.com/)"
www.nspw.org:80 66.249.73.82 - - [25/Apr/2018:15:22:19 -0400] "GET /2014/cfp HTTP/1.1" 302 545 "-" "Mozilla/5.0 (compatible; Googlebot/2.1; +http://www.google.com/bot.html)"
www.nspw.org:80 103.5.133.97 - - [25/Apr/2018:15:22:31 -0400] "GET /wp-login.php HTTP/1.1" 302 553 "-" "Mozilla/5.0 (Windows NT 6.1; WOW64; rv:40.0) Gecko/20100101 Firefox/40.1"
www.nspw.org:80 103.5.133.97 - - [25/Apr/2018:15:22:33 -0400] "GET / HTTP/1.1" 302 528 "-" "Mozilla/5.0 (Windows NT 6.1; WOW64; rv:40.0) Gecko/20100101 Firefox/40.1"
www.nspw.org:80 207.46.13.140 - - [25/Apr/2018:15:22:34 -0400] "GET /papers/2002/nspw2002-capkun.pdf HTTP/1.1" 302 587 "-" "Mozilla/5.0 (iPhone; CPU iPhone OS 7_0 like Mac OS X) AppleWebKit/537.51.1 (KHTML, like Gecko) Version/7.0 Mobile/11A465 Safari/9537.53 (compatible; bingbot/2.0; +http://www.bing.com/bingbot.htm)"
www.nspw.org:80 54.36.148.105 - - [25/Apr/2018:15:23:00 -0400] "GET /papers/2002/?C=S;O=D HTTP/1.1" 302 513 "-" "Mozilla/5.0 (compatible; AhrefsBot/5.2; +http://ahrefs.com/robot/)"
www.nspw.org:80 69.162.124.227 - - [25/Apr/2018:15:23:15 -0400] "GET / HTTP/1.1" 302 488 "http://nspw.org/" "Mozilla/5.0+(compatible; UptimeRobot/2.0; http://www.uptimerobot.com/)"
www.nspw.org:80 216.244.66.200 - - [25/Apr/2018:15:23:15 -0400] "GET /papers/2002/?C=N;O=D HTTP/1.1" 302 513 "-" "Mozilla/5.0 (compatible; DotBot/1.1; http://www.opensiteexplorer.org/dotbot, help@moz.com)"
www.nspw.org:80 ::1 - - [25/Apr/2018:15:23:21 -0400] "OPTIONS * HTTP/1.0" 200 126 "-" "Apache/2.4.29 (Ubuntu) OpenSSL/1.1.0g (internal dummy connection)"
www.nspw.org:80 ::1 - - [25/Apr/2018:15:23:28 -0400] "OPTIONS * HTTP/1.0" 200 126 "-" "Apache/2.4.29 (Ubuntu) OpenSSL/1.1.0g (internal dummy connection)"
www.nspw.org:80 ::1 - - [25/Apr/2018:15:23:50 -0400] "OPTIONS * HTTP/1.0" 200 126 "-" "Apache/2.4.29 (Ubuntu) OpenSSL/1.1.0g (internal dummy connection)"
www.nspw.org:80 69.162.124.227 - - [25/Apr/2018:15:23:50 -0400] "GET / HTTP/1.1" 302 488 "http://nspw.org/" "Mozilla/5.0+(compatible; UptimeRobot/2.0; http://www.uptimerobot.com/)"
www.nspw.org:80 95.84.67.131 - - [25/Apr/2018:15:23:56 -0400] "GET /wp-login.php HTTP/1.1" 302 553 "-" "Mozilla/5.0 (Windows NT 6.1; WOW64; rv:40.0) Gecko/20100101 Firefox/40.1"
www.nspw.org:80 95.84.67.131 - - [25/Apr/2018:15:23:57 -0400] "GET / HTTP/1.1" 302 528 "-" "Mozilla/5.0 (Windows NT 6.1; WOW64; rv:40.0) Gecko/20100101 Firefox/40.1"
www.nspw.org:80 ::1 - - [25/Apr/2018:15:23:58 -0400] "OPTIONS * HTTP/1.0" 200 126 "-" "Apache/2.4.29 (Ubuntu) OpenSSL/1.1.0g (internal dummy connection)"
www.nspw.org:80 ::1 - - [25/Apr/2018:15:24:04 -0400] "OPTIONS * HTTP/1.0" 200 126 "-" "Apache/2.4.29 (Ubuntu) OpenSSL/1.1.0g (internal dummy connection)"
www.nspw.org:80 ::1 - - [25/Apr/2018:15:24:05 -0400] "OPTIONS * HTTP/1.0" 200 126 "-" "Apache/2.4.29 (Ubuntu) OpenSSL/1.1.0g (internal dummy connection)"
www.nspw.org:80 158.69.229.134 - - [25/Apr/2018:15:24:06 -0400] "GET / HTTP/1.1" 302 525 "-" "Mozilla/5.0 (Windows NT 10.0; Win64; x64; Trident/7.0; Touch; tb-gmx/2.6.8; MASEJS; rv:11.0) like Gecko"
www.nspw.org:80 45.117.66.7 - - [25/Apr/2018:15:26:29 -0400] "GET /papers/1994/nspw1994-castano.pdf HTTP/1.1" 302 593 "https://www.google.com/" "Mozilla/5.0 (Windows NT 6.1; WOW64) AppleWebKit/537.36 (KHTML, like Gecko) Chrome/65.0.3325.181 Safari/537.36"
www.nspw.org:80 ::1 - - [25/Apr/2018:15:27:01 -0400] "OPTIONS * HTTP/1.0" 200 126 "-" "Apache/2.4.29 (Ubuntu) OpenSSL/1.1.0g (internal dummy connection)"
www.nspw.org:80 ::1 - - [25/Apr/2018:15:27:07 -0400] "OPTIONS * HTTP/1.0" 200 126 "-" "Apache/2.4.29 (Ubuntu) OpenSSL/1.1.0g (internal dummy connection)"
www.nspw.org:80 134.117.27.177 - - [25/Apr/2018:15:27:07 -0400] "GET /papers/1999/ HTTP/1.1" 302 553 "-" "Mozilla/5.0 (X11; Ubuntu; Linux x86_64; rv:59.0) Gecko/20100101 Firefox/59.0"
www.nspw.org:80 ::1 - - [25/Apr/2018:15:27:13 -0400] "OPTIONS * HTTP/1.0" 200 126 "-" "Apache/2.4.29 (Ubuntu) OpenSSL/1.1.0g (internal dummy connection)"
www.nspw.org:80 66.249.73.82 - - [25/Apr/2018:15:27:15 -0400] "GET /papers/2012/docs/sponsors.pdf HTTP/1.1" 302 587 "-" "Mozilla/5.0 (compatible; Googlebot/2.1; +http://www.google.com/bot.html)"
www.nspw.org:80 131.243.222.197 - - [25/Apr/2018:15:27:39 -0400] "GET /papers/2013/nspw2013-peisert.pdf HTTP/1.1" 302 593 "http://web.cs.ucdavis.edu/~peisert/papers.html" "Mozilla/5.0 (Macintosh; Intel Mac OS X 10_13_4) AppleWebKit/605.1.15 (KHTML, like Gecko) Version/11.1 Safari/605.1.15"
www.nspw.org:80 104.194.24.113 - - [25/Apr/2018:15:28:42 -0400] "GET /wp-login.php HTTP/1.1" 302 553 "-" "Mozilla/5.0 (Windows NT 6.1; WOW64; rv:40.0) Gecko/20100101 Firefox/40.1"
www.nspw.org:80 104.194.24.113 - - [25/Apr/2018:15:28:44 -0400] "GET / HTTP/1.1" 302 528 "-" "Mozilla/5.0 (Windows NT 6.1; WOW64; rv:40.0) Gecko/20100101 Firefox/40.1"
www.nspw.org:80 88.156.84.60 - - [25/Apr/2018:15:29:56 -0400] "GET /wp-login.php HTTP/1.1" 302 553 "-" "Mozilla/5.0 (Windows NT 6.1; WOW64; rv:40.0) Gecko/20100101 Firefox/40.1"
www.nspw.org:80 88.156.84.60 - - [25/Apr/2018:15:29:57 -0400] "GET / HTTP/1.1" 302 528 "-" "Mozilla/5.0 (Windows NT 6.1; WOW64; rv:40.0) Gecko/20100101 Firefox/40.1"
www.nspw.org:80 208.180.92.82 - - [25/Apr/2018:15:30:31 -0400] "GET /2017 HTTP/1.1" 302 537 "-" "Mozilla/5.0 (Windows NT 10.0; Win64; x64) AppleWebKit/537.36 (KHTML, like Gecko) Chrome/66.0.3359.117 Safari/537.36"
www.nspw.org:80 ::1 - - [25/Apr/2018:15:30:40 -0400] "OPTIONS * HTTP/1.0" 200 126 "-" "Apache/2.4.29 (Ubuntu) OpenSSL/1.1.0g (internal dummy connection)"
www.nspw.org:80 ::1 - - [25/Apr/2018:15:30:46 -0400] "OPTIONS * HTTP/1.0" 200 126 "-" "Apache/2.4.29 (Ubuntu) OpenSSL/1.1.0g (internal dummy connection)"
www.nspw.org:80 ::1 - - [25/Apr/2018:15:31:00 -0400] "OPTIONS * HTTP/1.0" 200 126 "-" "Apache/2.4.29 (Ubuntu) OpenSSL/1.1.0g (internal dummy connection)"
www.nspw.org:80 134.117.27.177 - - [25/Apr/2018:15:31:05 -0400] "GET /papers/1995/ HTTP/1.1" 302 553 "-" "Mozilla/5.0 (X11; Ubuntu; Linux x86_64; rv:59.0) Gecko/20100101 Firefox/59.0"
www.nspw.org:80 134.117.27.177 - - [25/Apr/2018:15:31:12 -0400] "GET /papers/1994/ HTTP/1.1" 302 553 "-" "Mozilla/5.0 (X11; Ubuntu; Linux x86_64; rv:59.0) Gecko/20100101 Firefox/59.0"
www.nspw.org:80 187.155.151.8 - - [25/Apr/2018:15:31:15 -0400] "GET /wp-login.php HTTP/1.1" 302 553 "-" "Mozilla/5.0 (Windows NT 6.1; WOW64; rv:40.0) Gecko/20100101 Firefox/40.1"
www.nspw.org:80 187.155.151.8 - - [25/Apr/2018:15:31:17 -0400] "GET / HTTP/1.1" 302 528 "-" "Mozilla/5.0 (Windows NT 6.1; WOW64; rv:40.0) Gecko/20100101 Firefox/40.1"
www.nspw.org:80 ::1 - - [25/Apr/2018:15:31:21 -0400] "OPTIONS * HTTP/1.0" 200 126 "-" "Apache/2.4.29 (Ubuntu) OpenSSL/1.1.0g (internal dummy connection)"
www.nspw.org:80 ::1 - - [25/Apr/2018:15:31:22 -0400] "OPTIONS * HTTP/1.0" 200 126 "-" "Apache/2.4.29 (Ubuntu) OpenSSL/1.1.0g (internal dummy connection)"
www.nspw.org:80 208.180.92.82 - - [25/Apr/2018:15:31:23 -0400] "-" 408 0 "-" "-"
www.nspw.org:80 208.180.92.82 - - [25/Apr/2018:15:31:23 -0400] "-" 408 0 "-" "-"
www.nspw.org:80 ::1 - - [25/Apr/2018:15:31:23 -0400] "OPTIONS * HTTP/1.0" 200 126 "-" "Apache/2.4.29 (Ubuntu) OpenSSL/1.1.0g (internal dummy connection)"
www.nspw.org:80 ::1 - - [25/Apr/2018:15:31:24 -0400] "OPTIONS * HTTP/1.0" 200 126 "-" "Apache/2.4.29 (Ubuntu) OpenSSL/1.1.0g (internal dummy connection)"
www.nspw.org:80 ::1 - - [25/Apr/2018:15:31:25 -0400] "OPTIONS * HTTP/1.0" 200 126 "-" "Apache/2.4.29 (Ubuntu) OpenSSL/1.1.0g (internal dummy connection)"
www.nspw.org:80 ::1 - - [25/Apr/2018:15:31:26 -0400] "OPTIONS * HTTP/1.0" 200 126 "-" "Apache/2.4.29 (Ubuntu) OpenSSL/1.1.0g (internal dummy connection)"
www.nspw.org:80 ::1 - - [25/Apr/2018:15:31:27 -0400] "OPTIONS * HTTP/1.0" 200 126 "-" "Apache/2.4.29 (Ubuntu) OpenSSL/1.1.0g (internal dummy connection)"
www.nspw.org:80 66.249.73.80 - - [25/Apr/2018:15:32:05 -0400] "GET /current/oc.shtml HTTP/1.1" 302 561 "-" "Mozilla/5.0 (compatible; Googlebot/2.1; +http://www.google.com/bot.html)"
www.nspw.org:80 66.249.73.78 - - [25/Apr/2018:15:32:11 -0400] "GET /2005/nspw-footer.html HTTP/1.1" 302 571 "-" "Mozilla/5.0 (compatible; Googlebot/2.1; +http://www.google.com/bot.html)"
www.nspw.org:80 54.36.148.216 - - [25/Apr/2018:15:33:10 -0400] "GET /papers/1994/?C=M;O=A HTTP/1.1" 302 513 "-" "Mozilla/5.0 (compatible; AhrefsBot/5.2; +http://ahrefs.com/robot/)"
www.nspw.org:80 69.162.124.227 - - [25/Apr/2018:15:33:20 -0400] "HEAD / HTTP/1.1" 302 188 "http://nspw.org/" "Mozilla/5.0+(compatible; UptimeRobot/2.0; http://www.uptimerobot.com/)"
www.nspw.org:80 216.244.66.236 - - [25/Apr/2018:15:34:39 -0400] "GET /robots.txt HTTP/1.1" 302 493 "-" "Mozilla/5.0 (compatible; DotBot/1.1; http://www.opensiteexplorer.org/dotbot, help@moz.com)"
www.nspw.org:80 207.46.13.140 - - [25/Apr/2018:15:36:04 -0400] "GET /papers/1993/nspw1993-lapadula.pdf HTTP/1.1" 302 595 "-" "Mozilla/5.0 (iPhone; CPU iPhone OS 7_0 like Mac OS X) AppleWebKit/537.51.1 (KHTML, like Gecko) Version/7.0 Mobile/11A465 Safari/9537.53 (compatible; bingbot/2.0; +http://www.bing.com/bingbot.htm)"
www.nspw.org:80 66.249.73.80 - - [25/Apr/2018:15:36:12 -0400] "GET /papers/1993/nspw1993-bailey.pdf HTTP/1.1" 302 591 "-" "Googlebot/2.1 (+http://www.google.com/bot.html)"
www.nspw.org:80 207.46.13.114 - - [25/Apr/2018:15:36:44 -0400] "GET /papers/2006/nspw2006-ford.pdf HTTP/1.1" 302 583 "-" "Mozilla/5.0 (iPhone; CPU iPhone OS 7_0 like Mac OS X) AppleWebKit/537.51.1 (KHTML, like Gecko) Version/7.0 Mobile/11A465 Safari/9537.53 (compatible; bingbot/2.0; +http://www.bing.com/bingbot.htm)"
www.nspw.org:80 66.249.73.78 - - [25/Apr/2018:15:37:09 -0400] "GET /2011/organizers HTTP/1.1" 302 559 "-" "Mozilla/5.0 (compatible; Googlebot/2.1; +http://www.google.com/bot.html)"
www.nspw.org:80 89.146.104.50 - - [25/Apr/2018:15:38:03 -0400] "GET /wp-login.php HTTP/1.1" 302 553 "-" "Mozilla/5.0 (Windows NT 6.1; WOW64; rv:40.0) Gecko/20100101 Firefox/40.1"
www.nspw.org:80 89.146.104.50 - - [25/Apr/2018:15:38:06 -0400] "GET / HTTP/1.1" 302 528 "-" "Mozilla/5.0 (Windows NT 6.1; WOW64; rv:40.0) Gecko/20100101 Firefox/40.1"
www.nspw.org:80 69.162.124.227 - - [25/Apr/2018:15:38:20 -0400] "HEAD / HTTP/1.1" 302 188 "http://nspw.org/" "Mozilla/5.0+(compatible; UptimeRobot/2.0; http://www.uptimerobot.com/)"
www.nspw.org:80 66.249.73.82 - - [25/Apr/2018:15:40:02 -0400] "GET /2009/proceedings/1993/nspw1993-slack.pdf HTTP/1.1" 302 609 "-" "Googlebot/2.1 (+http://www.google.com/bot.html)"
www.nspw.org:80 66.249.73.78 - - [25/Apr/2018:15:41:05 -0400] "GET /current/pc.shtml HTTP/1.1" 302 561 "-" "Mozilla/5.0 (compatible; Googlebot/2.1; +http://www.google.com/bot.html)"
www.nspw.org:80 66.249.73.80 - - [25/Apr/2018:15:42:03 -0400] "GET /2005/cfp.shtml HTTP/1.1" 302 557 "-" "Mozilla/5.0 (compatible; Googlebot/2.1; +http://www.google.com/bot.html)"
www.nspw.org:80 178.255.215.92 - - [25/Apr/2018:15:43:14 -0400] "GET /robots.txt HTTP/1.1" 302 512 "-" "Mozilla/5.0 (compatible; Exabot/3.0; +http://www.exabot.com/go/robot)"
www.nspw.org:80 178.255.215.92 - - [25/Apr/2018:15:43:14 -0400] "GET /2012/cfp HTTP/1.1" 302 508 "-" "Mozilla/5.0 (compatible; Exabot/3.0; +http://www.exabot.com/go/robot)"
www.nspw.org:80 69.162.124.227 - - [25/Apr/2018:15:43:20 -0400] "HEAD / HTTP/1.1" 302 188 "http://nspw.org/" "Mozilla/5.0+(compatible; UptimeRobot/2.0; http://www.uptimerobot.com/)"
www.nspw.org:80 91.231.205.86 - - [25/Apr/2018:15:43:25 -0400] "GET /wp-login.php HTTP/1.1" 302 553 "-" "Mozilla/5.0 (Windows NT 6.1; WOW64; rv:40.0) Gecko/20100101 Firefox/40.1"
www.nspw.org:80 91.231.205.86 - - [25/Apr/2018:15:43:26 -0400] "GET / HTTP/1.1" 302 528 "-" "Mozilla/5.0 (Windows NT 6.1; WOW64; rv:40.0) Gecko/20100101 Firefox/40.1"
www.nspw.org:80 ::1 - - [25/Apr/2018:15:46:36 -0400] "OPTIONS * HTTP/1.0" 200 126 "-" "Apache/2.4.29 (Ubuntu) OpenSSL/1.1.0g (internal dummy connection)"
www.nspw.org:80 212.243.10.250 - - [25/Apr/2018:15:47:11 -0400] "GET /papers/2009/nspw2009-herley.pdf HTTP/1.1" 302 591 "https://www.google.ch/" "Mozilla/5.0 (Macintosh; Intel Mac OS X 10_13_4) AppleWebKit/537.36 (KHTML, like Gecko) Chrome/65.0.3325.181 Safari/537.36"
www.nspw.org:80 200.108.134.126 - - [25/Apr/2018:15:47:23 -0400] "GET /wp-login.php HTTP/1.1" 302 553 "-" "Mozilla/5.0 (Windows NT 6.1; WOW64; rv:40.0) Gecko/20100101 Firefox/40.1"
www.nspw.org:80 200.108.134.126 - - [25/Apr/2018:15:47:24 -0400] "GET / HTTP/1.1" 302 528 "-" "Mozilla/5.0 (Windows NT 6.1; WOW64; rv:40.0) Gecko/20100101 Firefox/40.1"
www.nspw.org:80 66.249.73.82 - - [25/Apr/2018:15:47:50 -0400] "GET /2005/cfp/latex/toplas.ps HTTP/1.1" 302 577 "-" "Mozilla/5.0 (compatible; Googlebot/2.1; +http://www.google.com/bot.html)"
www.nspw.org:80 66.249.73.78 - - [25/Apr/2018:15:47:55 -0400] "GET /2015/program HTTP/1.1" 302 553 "-" "Mozilla/5.0 (compatible; Googlebot/2.1; +http://www.google.com/bot.html)"
www.nspw.org:80 212.243.10.250 - - [25/Apr/2018:15:48:03 -0400] "-" 408 0 "-" "-"
www.nspw.org:80 212.243.10.250 - - [25/Apr/2018:15:48:03 -0400] "-" 408 0 "-" "-"
www.nspw.org:80 69.162.124.227 - - [25/Apr/2018:15:48:20 -0400] "HEAD / HTTP/1.1" 302 188 "http://nspw.org/" "Mozilla/5.0+(compatible; UptimeRobot/2.0; http://www.uptimerobot.com/)"
www.nspw.org:80 54.152.184.46 - - [25/Apr/2018:15:49:30 -0400] "GET /2014/local HTTP/1.1" 302 549 "-" "Mozilla/5.0 (compatible; linkdexbot/2.0; +http://www.linkdex.com/bots/)"
www.nspw.org:80 66.249.73.78 - - [25/Apr/2018:15:50:11 -0400] "GET /2009/proceedings/1993/nspw1993-denning.pdf HTTP/1.1" 302 613 "-" "Googlebot/2.1 (+http://www.google.com/bot.html)"
www.nspw.org:80 66.249.73.80 - - [25/Apr/2018:15:50:29 -0400] "GET /papers/2012/docs/p115.pdf HTTP/1.1" 302 579 "-" "Googlebot/2.1 (+http://www.google.com/bot.html)"
www.nspw.org:80 35.226.23.240 - - [25/Apr/2018:15:50:48 -0400] "GET /robots.txt HTTP/1.1" 302 512 "-" "ltx71 - (http://ltx71.com/)"
www.nspw.org:80 66.249.73.78 - - [25/Apr/2018:15:51:54 -0400] "GET /proceedings/2005 HTTP/1.1" 302 561 "-" "Mozilla/5.0 (compatible; Googlebot/2.1; +http://www.google.com/bot.html)"
www.nspw.org:80 112.34.110.29 - - [25/Apr/2018:15:52:04 -0400] "GET / HTTP/1.1" 302 525 "http://www.baidu.com/s?wd=O8Y" "Mozilla/5.0 (Windows NT 6.1; WOW64; rv:43.0) Gecko/20100101 Firefox/43.0"
www.nspw.org:80 ::1 - - [25/Apr/2018:15:52:12 -0400] "OPTIONS * HTTP/1.0" 200 126 "-" "Apache/2.4.29 (Ubuntu) OpenSSL/1.1.0g (internal dummy connection)"
www.nspw.org:80 ::1 - - [25/Apr/2018:15:52:13 -0400] "OPTIONS * HTTP/1.0" 200 126 "-" "Apache/2.4.29 (Ubuntu) OpenSSL/1.1.0g (internal dummy connection)"
www.nspw.org:80 ::1 - - [25/Apr/2018:15:52:14 -0400] "OPTIONS * HTTP/1.0" 200 126 "-" "Apache/2.4.29 (Ubuntu) OpenSSL/1.1.0g (internal dummy connection)"
www.nspw.org:80 74.208.182.118 - - [25/Apr/2018:15:53:01 -0400] "GET / HTTP/1.1" 302 525 "-" "Java/1.8.0_171"
www.nspw.org:80 74.208.182.118 - - [25/Apr/2018:15:53:01 -0400] "GET /https://www.nspw.org HTTP/1.1" 302 564 "-" "Java/1.8.0_171"
www.nspw.org:80 66.249.73.78 - - [25/Apr/2018:15:53:17 -0400] "GET /2009/proceedings/1999/nspw1999-timmerman.pdf HTTP/1.1" 302 617 "-" "Googlebot/2.1 (+http://www.google.com/bot.html)"
www.nspw.org:80 69.162.124.227 - - [25/Apr/2018:15:53:20 -0400] "HEAD / HTTP/1.1" 302 188 "http://nspw.org/" "Mozilla/5.0+(compatible; UptimeRobot/2.0; http://www.uptimerobot.com/)"
www.nspw.org:80 207.46.13.239 - - [25/Apr/2018:15:54:21 -0400] "GET /2009/proceedings/2006/nspw2006-bond.pdf HTTP/1.1" 302 607 "-" "Mozilla/5.0 (compatible; bingbot/2.0; +http://www.bing.com/bingbot.htm)"
www.nspw.org:80 47.20.213.77 - - [25/Apr/2018:15:54:51 -0400] "GET /wp-login.php HTTP/1.1" 302 553 "-" "Mozilla/5.0 (Windows NT 6.1; WOW64; rv:40.0) Gecko/20100101 Firefox/40.1"
www.nspw.org:80 47.20.213.77 - - [25/Apr/2018:15:54:52 -0400] "GET / HTTP/1.1" 302 528 "-" "Mozilla/5.0 (Windows NT 6.1; WOW64; rv:40.0) Gecko/20100101 Firefox/40.1"
www.nspw.org:80 60.53.19.241 - - [25/Apr/2018:15:55:33 -0400] "GET /wp-login.php HTTP/1.1" 302 553 "-" "Mozilla/5.0 (Windows NT 6.1; WOW64; rv:40.0) Gecko/20100101 Firefox/40.1"
www.nspw.org:80 60.53.19.241 - - [25/Apr/2018:15:55:34 -0400] "GET / HTTP/1.1" 302 528 "-" "Mozilla/5.0 (Windows NT 6.1; WOW64; rv:40.0) Gecko/20100101 Firefox/40.1"
www.nspw.org:80 66.249.73.82 - - [25/Apr/2018:15:55:36 -0400] "GET /2009/proceedings/2007/nspw2007-edwards.pdf HTTP/1.1" 302 613 "-" "Googlebot/2.1 (+http://www.google.com/bot.html)"
www.nspw.org:80 66.249.93.82 - - [25/Apr/2018:15:55:48 -0400] "GET /papers/2000/nspw2000-mcdermott.pdf HTTP/1.1" 302 597 "https://www.google.com/" "Mozilla/5.0 (Linux; Android 6.0; itel S11 Build/MRA58K) AppleWebKit/537.36 (KHTML, like Gecko) Chrome/56.0.2924.87 Mobile Safari/537.36"
www.nspw.org:80 14.215.176.7 - - [25/Apr/2018:15:55:51 -0400] "GET / HTTP/1.1" 302 529 "http://www.baidu.com/s?wd=HKZ" "Mozilla/5.0 (Windows NT 6.1; WOW64; rv:43.0) Gecko/20100101 Firefox/43.0"
www.nspw.org:80 ::1 - - [25/Apr/2018:15:56:00 -0400] "OPTIONS * HTTP/1.0" 200 126 "-" "Apache/2.4.29 (Ubuntu) OpenSSL/1.1.0g (internal dummy connection)"
www.nspw.org:80 ::1 - - [25/Apr/2018:15:56:05 -0400] "OPTIONS * HTTP/1.0" 200 126 "-" "Apache/2.4.29 (Ubuntu) OpenSSL/1.1.0g (internal dummy connection)"
www.nspw.org:80 ::1 - - [25/Apr/2018:15:56:10 -0400] "OPTIONS * HTTP/1.0" 200 126 "-" "Apache/2.4.29 (Ubuntu) OpenSSL/1.1.0g (internal dummy connection)"
www.nspw.org:80 41.236.44.161 - - [25/Apr/2018:15:56:47 -0400] "GET /wp-login.php HTTP/1.1" 302 553 "-" "Mozilla/5.0 (Windows NT 6.1; WOW64; rv:40.0) Gecko/20100101 Firefox/40.1"
www.nspw.org:80 66.249.73.80 - - [25/Apr/2018:15:56:50 -0400] "GET /proceedings/1994 HTTP/1.1" 302 561 "-" "Mozilla/5.0 (compatible; Googlebot/2.1; +http://www.google.com/bot.html)"
www.nspw.org:80 41.236.44.161 - - [25/Apr/2018:15:56:51 -0400] "GET / HTTP/1.1" 302 528 "-" "Mozilla/5.0 (Windows NT 6.1; WOW64; rv:40.0) Gecko/20100101 Firefox/40.1"
www.nspw.org:80 35.226.23.240 - - [25/Apr/2018:15:57:38 -0400] "GET /robots.txt HTTP/1.1" 302 512 "-" "ltx71 - (http://ltx71.com/)"
www.nspw.org:80 66.249.73.80 - - [25/Apr/2018:15:57:40 -0400] "GET /papers/2001/nspw2001-pal.pdf HTTP/1.1" 302 585 "-" "Googlebot/2.1 (+http://www.google.com/bot.html)"
www.nspw.org:80 69.162.124.227 - - [25/Apr/2018:15:58:20 -0400] "HEAD / HTTP/1.1" 302 188 "http://nspw.org/" "Mozilla/5.0+(compatible; UptimeRobot/2.0; http://www.uptimerobot.com/)"
www.nspw.org:80 69.162.124.227 - - [25/Apr/2018:15:58:21 -0400] "HEAD / HTTP/1.1" 302 188 "http://nspw.org/" "Mozilla/5.0+(compatible; UptimeRobot/2.0; http://www.uptimerobot.com/)"
www.nspw.org:80 69.162.124.227 - - [25/Apr/2018:15:58:21 -0400] "HEAD / HTTP/1.1" 302 188 "http://nspw.org/" "Mozilla/5.0+(compatible; UptimeRobot/2.0; http://www.uptimerobot.com/)"
www.nspw.org:80 69.162.124.227 - - [25/Apr/2018:15:58:41 -0400] "GET / HTTP/1.1" 302 488 "http://nspw.org/" "Mozilla/5.0+(compatible; UptimeRobot/2.0; http://www.uptimerobot.com/)"
www.nspw.org:80 216.244.66.200 - - [25/Apr/2018:15:59:31 -0400] "GET /robots.txt HTTP/1.1" 302 493 "-" "Mozilla/5.0 (compatible; DotBot/1.1; http://www.opensiteexplorer.org/dotbot, help@moz.com)"
www.nspw.org:80 207.46.13.114 - - [25/Apr/2018:15:59:44 -0400] "GET /2009/proceedings/1993/nspw1993-gomez.pdf HTTP/1.1" 302 609 "-" "Mozilla/5.0 (compatible; bingbot/2.0; +http://www.bing.com/bingbot.htm)"
www.nspw.org:80 182.86.142.31 - - [25/Apr/2018:16:01:08 -0400] "GET http://dx.doi.org/ HTTP/1.1" 302 471 "-" ""
www.nspw.org:80 66.249.73.80 - - [25/Apr/2018:16:01:46 -0400] "GET /node/53 HTTP/1.1" 302 543 "-" "Mozilla/5.0 (compatible; Googlebot/2.1; +http://www.google.com/bot.html)"
www.nspw.org:80 69.162.124.227 - - [25/Apr/2018:16:03:41 -0400] "HEAD / HTTP/1.1" 302 188 "http://nspw.org/" "Mozilla/5.0+(compatible; UptimeRobot/2.0; http://www.uptimerobot.com/)"
www.nspw.org:80 123.125.71.33 - - [25/Apr/2018:16:04:22 -0400] "GET /papers/2005/nspw2005-taylor-panel.pdf?origin=publication_detail HTTP/1.1" 302 599 "-" "Mozilla/5.0 (iPhone; CPU iPhone OS 8_0 like Mac OS X) AppleWebKit/600.1.3 (KHTML, like Gecko) Version/8.0 Mobile/12A4345d Safari/600.1.4"
www.nspw.org:80 220.181.108.99 - - [25/Apr/2018:16:04:24 -0400] "GET /papers/2005/nspw2005-taylor-panel.pdf?origin=publication_detail HTTP/1.1" 302 599 "-" "Mozilla/5.0 (iPhone; CPU iPhone OS 8_0 like Mac OS X) AppleWebKit/600.1.3 (KHTML, like Gecko) Version/8.0 Mobile/12A4345d Safari/600.1.4"
www.nspw.org:80 220.181.108.150 - - [25/Apr/2018:16:04:26 -0400] "GET /papers/2005/nspw2005-taylor-panel.pdf?origin=publication_detail HTTP/1.1" 302 599 "-" "Mozilla/5.0 (iPhone; CPU iPhone OS 8_0 like Mac OS X) AppleWebKit/600.1.3 (KHTML, like Gecko) Version/8.0 Mobile/12A4345d Safari/600.1.4"
www.nspw.org:80 61.181.142.71 - - [25/Apr/2018:16:06:22 -0400] "GET / HTTP/1.1" 302 529 "-" "Mozilla/5.0 (Windows NT 6.1; Trident/7.0; rv:11.0) like Gecko"
www.nspw.org:80 61.181.142.71 - - [25/Apr/2018:16:06:24 -0400] "POST /trackback/ HTTP/1.1" 302 512 "http://www.nspw.org" "Mozilla/5.0 (Windows NT 6.1; Trident/7.0; rv:11.0) like Gecko"
www.nspw.org:80 197.254.247.77 - - [25/Apr/2018:16:06:34 -0400] "GET /wp-login.php HTTP/1.1" 302 553 "-" "Mozilla/5.0 (Windows NT 6.1; WOW64; rv:40.0) Gecko/20100101 Firefox/40.1"
www.nspw.org:80 197.254.247.77 - - [25/Apr/2018:16:06:38 -0400] "GET / HTTP/1.1" 302 528 "-" "Mozilla/5.0 (Windows NT 6.1; WOW64; rv:40.0) Gecko/20100101 Firefox/40.1"
www.nspw.org:80 66.249.73.80 - - [25/Apr/2018:16:06:42 -0400] "GET /2005/?C=S;O=A HTTP/1.1" 302 555 "-" "Mozilla/5.0 (compatible; Googlebot/2.1; +http://www.google.com/bot.html)"
www.nspw.org:80 66.249.73.78 - - [25/Apr/2018:16:07:06 -0400] "GET /2009/proceedings/2002/nspw2002-connelly.pdf HTTP/1.1" 302 615 "-" "Googlebot/2.1 (+http://www.google.com/bot.html)"
www.nspw.org:80 66.249.73.82 - - [25/Apr/2018:16:07:09 -0400] "GET /papers/1996/nspw1996-millen.pdf HTTP/1.1" 302 591 "-" "Googlebot/2.1 (+http://www.google.com/bot.html)"
www.nspw.org:80 69.162.124.227 - - [25/Apr/2018:16:08:40 -0400] "HEAD / HTTP/1.1" 302 188 "http://nspw.org/" "Mozilla/5.0+(compatible; UptimeRobot/2.0; http://www.uptimerobot.com/)"
www.nspw.org:80 220.181.125.142 - - [25/Apr/2018:16:09:09 -0400] "GET /papers/2000/nspw2000-schudel.pdf HTTP/1.1" 302 556 "-" "Sogou web spider/4.0(+http://www.sogou.com/docs/help/webmasters.htm#07)"
www.nspw.org:80 220.181.125.142 - - [25/Apr/2018:16:09:19 -0400] "GET /proceedings/1995 HTTP/1.1" 302 524 "-" "Sogou web spider/4.0(+http://www.sogou.com/docs/help/webmasters.htm#07)"
www.nspw.org:80 220.181.125.142 - - [25/Apr/2018:16:09:29 -0400] "GET /2012/cfp HTTP/1.1" 302 508 "-" "Sogou web spider/4.0(+http://www.sogou.com/docs/help/webmasters.htm#07)"
www.nspw.org:80 220.181.125.142 - - [25/Apr/2018:16:09:39 -0400] "GET /proceedings/1996 HTTP/1.1" 302 524 "-" "Sogou web spider/4.0(+http://www.sogou.com/docs/help/webmasters.htm#07)"
www.nspw.org:80 220.181.125.142 - - [25/Apr/2018:16:09:49 -0400] "GET /sponsors-2010 HTTP/1.1" 302 518 "-" "Sogou web spider/4.0(+http://www.sogou.com/docs/help/webmasters.htm#07)"
www.nspw.org:80 137.112.228.196 - - [25/Apr/2018:16:10:12 -0400] "GET /papers/2007/nspw2007-mannan.pdf HTTP/1.1" 302 591 "-" "Mozilla/5.0 (iPhone; CPU iPhone OS 11_2_5 like Mac OS X) AppleWebKit/604.5.6 (KHTML, like Gecko) Version/11.0 Mobile/15D60 Safari/604.1"
www.nspw.org:80 64.62.252.164 - - [25/Apr/2018:16:10:13 -0400] "GET /robots.txt HTTP/1.1" 302 549 "-" "The Knowledge AI"
www.nspw.org:80 220.181.125.142 - - [25/Apr/2018:16:10:21 -0400] "GET / HTTP/1.1" 302 488 "-" "Sogou web spider/4.0(+http://www.sogou.com/docs/help/webmasters.htm#07)"
www.nspw.org:80 220.181.125.142 - - [25/Apr/2018:16:10:22 -0400] "GET /robots.txt HTTP/1.1" 302 508 "-" "Sogou web spider/4.0(+http://www.sogou.com/docs/help/webmasters.htm#07)"
www.nspw.org:80 64.62.252.164 - - [25/Apr/2018:16:10:27 -0400] "GET /2006/ HTTP/1.1" 302 539 "-" "The Knowledge AI"
www.nspw.org:80 66.249.73.78 - - [25/Apr/2018:16:10:54 -0400] "GET /2009/proceedings/1993/nspw1993-thuraisingham.pdf HTTP/1.1" 302 625 "-" "Googlebot/2.1 (+http://www.google.com/bot.html)"
www.nspw.org:80 66.249.73.78 - - [25/Apr/2018:16:11:38 -0400] "GET /2006/invite/workshopformat.html HTTP/1.1" 302 591 "-" "Mozilla/5.0 (compatible; Googlebot/2.1; +http://www.google.com/bot.html)"
www.nspw.org:80 69.162.124.227 - - [25/Apr/2018:16:13:40 -0400] "HEAD / HTTP/1.1" 302 188 "http://nspw.org/" "Mozilla/5.0+(compatible; UptimeRobot/2.0; http://www.uptimerobot.com/)"
www.nspw.org:80 66.249.73.80 - - [25/Apr/2018:16:16:34 -0400] "GET /2011/submissions HTTP/1.1" 302 561 "-" "Mozilla/5.0 (compatible; Googlebot/2.1; +http://www.google.com/bot.html)"
www.nspw.org:80 54.36.148.174 - - [25/Apr/2018:16:17:03 -0400] "GET /2006/invite/reg.html HTTP/1.1" 302 513 "-" "Mozilla/5.0 (compatible; AhrefsBot/5.2; +http://ahrefs.com/robot/)"
www.nspw.org:80 69.162.124.227 - - [25/Apr/2018:16:18:40 -0400] "HEAD / HTTP/1.1" 302 188 "http://nspw.org/" "Mozilla/5.0+(compatible; UptimeRobot/2.0; http://www.uptimerobot.com/)"
www.nspw.org:80 50.126.231.174 - - [25/Apr/2018:16:19:00 -0400] "GET /wp-login.php HTTP/1.1" 302 553 "-" "Mozilla/5.0 (Windows NT 6.1; WOW64; rv:40.0) Gecko/20100101 Firefox/40.1"
www.nspw.org:80 50.126.231.174 - - [25/Apr/2018:16:19:01 -0400] "GET / HTTP/1.1" 302 528 "-" "Mozilla/5.0 (Windows NT 6.1; WOW64; rv:40.0) Gecko/20100101 Firefox/40.1"
www.nspw.org:80 180.76.15.29 - - [25/Apr/2018:16:21:29 -0400] "GET /2015/location HTTP/1.1" 302 529 "-" "Mozilla/5.0 (compatible; Baiduspider/2.0; +http://www.baidu.com/search/spider.html)"
www.nspw.org:80 66.249.73.80 - - [25/Apr/2018:16:21:30 -0400] "GET /2009/pc.shtml HTTP/1.1" 302 555 "-" "Mozilla/5.0 (compatible; Googlebot/2.1; +http://www.google.com/bot.html)"
www.nspw.org:80 186.178.98.235 - - [25/Apr/2018:16:21:31 -0400] "GET /wp-login.php HTTP/1.1" 302 553 "-" "Mozilla/5.0 (Windows NT 6.1; WOW64; rv:40.0) Gecko/20100101 Firefox/40.1"
www.nspw.org:80 186.178.98.235 - - [25/Apr/2018:16:21:34 -0400] "GET / HTTP/1.1" 302 528 "-" "Mozilla/5.0 (Windows NT 6.1; WOW64; rv:40.0) Gecko/20100101 Firefox/40.1"
www.nspw.org:80 107.181.78.133 - - [25/Apr/2018:16:22:03 -0400] "GET /user/login HTTP/1.1" 302 489 "http://nspw.org/user/login" "Mozilla/5.0 (Windows NT 10.0; WOW64) AppleWebKit/537.36 (KHTML, like Gecko) Chrome/62.0.3198.0 Safari/537.36 OPR/49.0.2711.0"
www.nspw.org:80 107.181.78.133 - - [25/Apr/2018:16:22:03 -0400] "GET /user/login HTTP/1.1" 302 489 "http://nspw.org/user/login" "Mozilla/5.0 (Windows NT 10.0; WOW64) AppleWebKit/537.36 (KHTML, like Gecko) Chrome/62.0.3198.0 Safari/537.36 OPR/49.0.2711.0"
www.nspw.org:80 107.181.78.133 - - [25/Apr/2018:16:22:03 -0400] "GET /user/login HTTP/1.1" 302 489 "http://nspw.org/user/login" "Mozilla/5.0 (Windows NT 10.0; WOW64) AppleWebKit/537.36 (KHTML, like Gecko) Chrome/62.0.3198.0 Safari/537.36 OPR/49.0.2711.0"
www.nspw.org:80 66.249.73.80 - - [25/Apr/2018:16:22:05 -0400] "GET /current/ HTTP/1.1" 302 545 "-" "Mozilla/5.0 (compatible; Googlebot/2.1; +http://www.google.com/bot.html)"
www.nspw.org:80 216.244.66.236 - - [25/Apr/2018:16:22:57 -0400] "GET /robots.txt HTTP/1.1" 302 493 "-" "Mozilla/5.0 (compatible; DotBot/1.1; http://www.opensiteexplorer.org/dotbot, help@moz.com)"
www.nspw.org:80 69.162.124.227 - - [25/Apr/2018:16:23:40 -0400] "HEAD / HTTP/1.1" 302 188 "http://nspw.org/" "Mozilla/5.0+(compatible; UptimeRobot/2.0; http://www.uptimerobot.com/)"
www.nspw.org:80 66.249.73.82 - - [25/Apr/2018:16:23:46 -0400] "GET /papers/2006/nspw2006-gutmann.pdf HTTP/1.1" 302 593 "-" "Googlebot/2.1 (+http://www.google.com/bot.html)"
www.nspw.org:80 176.88.35.6 - - [25/Apr/2018:16:25:45 -0400] "GET /wp-login.php HTTP/1.1" 302 553 "-" "Mozilla/5.0 (Windows NT 6.1; WOW64; rv:40.0) Gecko/20100101 Firefox/40.1"
www.nspw.org:80 176.88.35.6 - - [25/Apr/2018:16:25:47 -0400] "GET / HTTP/1.1" 302 528 "-" "Mozilla/5.0 (Windows NT 6.1; WOW64; rv:40.0) Gecko/20100101 Firefox/40.1"
www.nspw.org:80 66.249.73.82 - - [25/Apr/2018:16:26:26 -0400] "GET /2009/submission.shtml HTTP/1.1" 302 571 "-" "Mozilla/5.0 (compatible; Googlebot/2.1; +http://www.google.com/bot.html)"
www.nspw.org:80 66.249.73.78 - - [25/Apr/2018:16:27:12 -0400] "GET /papers/1999/nspw1999-olthoff-3.pdf HTTP/1.1" 302 597 "-" "Googlebot/2.1 (+http://www.google.com/bot.html)"
www.nspw.org:80 151.49.213.33 - - [25/Apr/2018:16:27:41 -0400] "GET /wp-login.php HTTP/1.1" 302 553 "-" "Mozilla/5.0 (Windows NT 6.1; WOW64; rv:40.0) Gecko/20100101 Firefox/40.1"
www.nspw.org:80 151.49.213.33 - - [25/Apr/2018:16:27:44 -0400] "GET / HTTP/1.1" 302 528 "-" "Mozilla/5.0 (Windows NT 6.1; WOW64; rv:40.0) Gecko/20100101 Firefox/40.1"
www.nspw.org:80 207.46.13.140 - - [25/Apr/2018:16:28:31 -0400] "GET /2009/proceedings/1999/nspw1999-henning.pdf HTTP/1.1" 302 613 "-" "Mozilla/5.0 (iPhone; CPU iPhone OS 7_0 like Mac OS X) AppleWebKit/537.51.1 (KHTML, like Gecko) Version/7.0 Mobile/11A465 Safari/9537.53 (compatible; bingbot/2.0; +http://www.bing.com/bingbot.htm)"
www.nspw.org:80 155.92.198.240 - - [25/Apr/2018:16:28:34 -0400] "GET /wp-login.php HTTP/1.1" 302 553 "-" "Mozilla/5.0 (Windows NT 6.1; WOW64; rv:40.0) Gecko/20100101 Firefox/40.1"
www.nspw.org:80 155.92.198.240 - - [25/Apr/2018:16:28:34 -0400] "GET / HTTP/1.1" 302 528 "-" "Mozilla/5.0 (Windows NT 6.1; WOW64; rv:40.0) Gecko/20100101 Firefox/40.1"
www.nspw.org:80 66.249.73.82 - - [25/Apr/2018:16:28:36 -0400] "GET /2009/proceedings/2007/nspw2007-kursawe.pdf HTTP/1.1" 302 613 "-" "Googlebot/2.1 (+http://www.google.com/bot.html)"
www.nspw.org:80 69.162.124.227 - - [25/Apr/2018:16:28:40 -0400] "HEAD / HTTP/1.1" 302 188 "http://nspw.org/" "Mozilla/5.0+(compatible; UptimeRobot/2.0; http://www.uptimerobot.com/)"
www.nspw.org:80 66.249.73.78 - - [25/Apr/2018:16:28:56 -0400] "GET /2009/proceedings/2010/nspw2010-coles.pdf HTTP/1.1" 302 609 "-" "Googlebot/2.1 (+http://www.google.com/bot.html)"
www.nspw.org:80 40.77.167.81 - - [25/Apr/2018:16:29:01 -0400] "GET /papers/1997/nspw1997-rahman.pdf HTTP/1.1" 302 591 "-" "Mozilla/5.0 (iPhone; CPU iPhone OS 7_0 like Mac OS X) AppleWebKit/537.51.1 (KHTML, like Gecko) Version/7.0 Mobile/11A465 Safari/9537.53 (compatible; bingbot/2.0; +http://www.bing.com/bingbot.htm)"
www.nspw.org:80 66.249.73.82 - - [25/Apr/2018:16:31:22 -0400] "GET /2006/index.shtml HTTP/1.1" 302 561 "-" "Mozilla/5.0 (compatible; Googlebot/2.1; +http://www.google.com/bot.html)"
www.nspw.org:80 216.244.66.200 - - [25/Apr/2018:16:32:35 -0400] "GET /2006/ HTTP/1.1" 302 483 "-" "Mozilla/5.0 (compatible; DotBot/1.1; http://www.opensiteexplorer.org/dotbot, help@moz.com)"
www.nspw.org:80 213.180.203.46 - - [25/Apr/2018:16:32:41 -0400] "GET /papers/2008/nspw2008-beautement.pdf HTTP/1.1" 302 599 "-" "Mozilla/5.0 (iPhone; CPU iPhone OS 8_1 like Mac OS X) AppleWebKit/600.1.4 (KHTML, like Gecko) Version/8.0 Mobile/12B411 Safari/600.1.4 (compatible; YandexMobileBot/3.0; +http://yandex.com/bots)"
www.nspw.org:80 77.88.5.5 - - [25/Apr/2018:16:32:54 -0400] "GET /2007/cfp/?C=M;O=A HTTP/1.1" 302 563 "-" "Mozilla/5.0 (compatible; YandexBot/3.0; +http://yandex.com/bots)"
www.nspw.org:80 69.162.124.227 - - [25/Apr/2018:16:33:40 -0400] "HEAD / HTTP/1.1" 302 188 "http://nspw.org/" "Mozilla/5.0+(compatible; UptimeRobot/2.0; http://www.uptimerobot.com/)"
www.nspw.org:80 120.148.226.107 - - [25/Apr/2018:16:35:52 -0400] "GET /wp-login.php HTTP/1.1" 302 553 "-" "Mozilla/5.0 (Windows NT 6.1; WOW64; rv:40.0) Gecko/20100101 Firefox/40.1"
www.nspw.org:80 120.148.226.107 - - [25/Apr/2018:16:35:53 -0400] "GET / HTTP/1.1" 302 528 "-" "Mozilla/5.0 (Windows NT 6.1; WOW64; rv:40.0) Gecko/20100101 Firefox/40.1"
www.nspw.org:80 66.249.73.82 - - [25/Apr/2018:16:36:17 -0400] "GET /papers/2005/nspw2005-marceau.pdf HTTP/1.1" 302 593 "-" "Mozilla/5.0 (compatible; Googlebot/2.1; +http://www.google.com/bot.html)"
www.nspw.org:80 69.162.124.227 - - [25/Apr/2018:16:38:40 -0400] "HEAD / HTTP/1.1" 302 188 "http://nspw.org/" "Mozilla/5.0+(compatible; UptimeRobot/2.0; http://www.uptimerobot.com/)"
www.nspw.org:80 66.249.73.78 - - [25/Apr/2018:16:41:13 -0400] "GET /2009/proceedings/2013/nspw2013-durmuth.pdf HTTP/1.1" 302 613 "-" "Mozilla/5.0 (compatible; Googlebot/2.1; +http://www.google.com/bot.html)"
www.nspw.org:80 40.77.167.43 - - [25/Apr/2018:16:41:20 -0400] "GET /papers/1996/nspw1996-de_capitani_di_vimercati.pdf HTTP/1.1" 302 627 "-" "Mozilla/5.0 (compatible; bingbot/2.0; +http://www.bing.com/bingbot.htm)"
www.nspw.org:80 212.253.191.145 - - [25/Apr/2018:16:43:15 -0400] "GET /wp-login.php HTTP/1.1" 302 553 "-" "Mozilla/5.0 (Windows NT 6.1; WOW64; rv:40.0) Gecko/20100101 Firefox/40.1"
www.nspw.org:80 212.253.191.145 - - [25/Apr/2018:16:43:18 -0400] "GET / HTTP/1.1" 302 528 "-" "Mozilla/5.0 (Windows NT 6.1; WOW64; rv:40.0) Gecko/20100101 Firefox/40.1"
www.nspw.org:80 69.162.124.227 - - [25/Apr/2018:16:43:40 -0400] "HEAD / HTTP/1.1" 302 188 "http://nspw.org/" "Mozilla/5.0+(compatible; UptimeRobot/2.0; http://www.uptimerobot.com/)"
www.nspw.org:80 66.249.73.78 - - [25/Apr/2018:16:46:03 -0400] "GET /current/program.shtml HTTP/1.1" 302 571 "-" "Mozilla/5.0 (compatible; Googlebot/2.1; +http://www.google.com/bot.html)"
www.nspw.org:80 66.249.73.80 - - [25/Apr/2018:16:46:09 -0400] "GET /2008/oc.content.2007 HTTP/1.1" 302 569 "-" "Mozilla/5.0 (compatible; Googlebot/2.1; +http://www.google.com/bot.html)"
www.nspw.org:80 157.55.39.156 - - [25/Apr/2018:16:46:24 -0400] "GET /2009/proceedings/2013/nspw2013-sundaramurthy.pdf HTTP/1.1" 302 625 "-" "Mozilla/5.0 (compatible; bingbot/2.0; +http://www.bing.com/bingbot.htm)"
www.nspw.org:80 216.244.66.200 - - [25/Apr/2018:16:46:41 -0400] "GET /2004/cfp.content HTTP/1.1" 302 505 "-" "Mozilla/5.0 (compatible; DotBot/1.1; http://www.opensiteexplorer.org/dotbot, help@moz.com)"
www.nspw.org:80 66.249.73.78 - - [25/Apr/2018:16:47:06 -0400] "GET /papers/1994/nspw1994-dobson.pdf HTTP/1.1" 302 591 "-" "Googlebot/2.1 (+http://www.google.com/bot.html)"
www.nspw.org:80 66.249.73.80 - - [25/Apr/2018:16:48:02 -0400] "GET /2009/proceedings/2002/nspw2002-capkun.pdf HTTP/1.1" 302 611 "-" "Googlebot/2.1 (+http://www.google.com/bot.html)"
www.nspw.org:80 69.162.124.227 - - [25/Apr/2018:16:48:40 -0400] "HEAD / HTTP/1.1" 302 188 "http://nspw.org/" "Mozilla/5.0+(compatible; UptimeRobot/2.0; http://www.uptimerobot.com/)"
www.nspw.org:80 105.101.137.77 - - [25/Apr/2018:16:48:55 -0400] "GET /wp-login.php HTTP/1.1" 302 553 "-" "Mozilla/5.0 (Windows NT 6.1; WOW64; rv:40.0) Gecko/20100101 Firefox/40.1"
www.nspw.org:80 105.101.137.77 - - [25/Apr/2018:16:48:57 -0400] "GET / HTTP/1.1" 302 528 "-" "Mozilla/5.0 (Windows NT 6.1; WOW64; rv:40.0) Gecko/20100101 Firefox/40.1"
www.nspw.org:80 83.79.202.243 - - [25/Apr/2018:16:49:59 -0400] "GET /wp-login.php HTTP/1.1" 302 553 "-" "Mozilla/5.0 (Windows NT 6.1; WOW64; rv:40.0) Gecko/20100101 Firefox/40.1"
www.nspw.org:80 83.79.202.243 - - [25/Apr/2018:16:50:00 -0400] "GET / HTTP/1.1" 302 528 "-" "Mozilla/5.0 (Windows NT 6.1; WOW64; rv:40.0) Gecko/20100101 Firefox/40.1"
