www.nspw.org:80 77.88.47.2 - - [04/May/2018:13:37:26 -0400] "GET /papers/2008/nspw2008-molloy.pdf HTTP/1.1" 302 591 "-" "Mozilla/5.0 (compatible; YandexBot/3.0; +http://yandex.com/bots)"
www.nspw.org:80 159.65.249.43 - - [04/May/2018:13:37:33 -0400] "GET /papers/2002/ HTTP/1.1" 302 497 "https://www.nspw.org/proceedings/2002" "Mozilla/5.0 (compatible; spbot/5.0.3; +http://OpenLinkProfiler.org/bot )"
www.nspw.org:80 69.162.124.227 - - [04/May/2018:13:37:40 -0400] "HEAD / HTTP/1.1" 302 188 "http://nspw.org/" "Mozilla/5.0+(compatible; UptimeRobot/2.0; http://www.uptimerobot.com/)"
www.nspw.org:80 159.65.249.43 - - [04/May/2018:13:38:23 -0400] "GET /papers/1998/ HTTP/1.1" 302 497 "https://www.nspw.org/proceedings/1998" "Mozilla/5.0 (compatible; spbot/5.0.3; +http://OpenLinkProfiler.org/bot )"
www.nspw.org:80 159.65.249.43 - - [04/May/2018:13:38:53 -0400] "GET /papers/1994/ HTTP/1.1" 302 497 "https://www.nspw.org/proceedings/1994" "Mozilla/5.0 (compatible; spbot/5.0.3; +http://OpenLinkProfiler.org/bot )"
www.nspw.org:80 159.65.249.43 - - [04/May/2018:13:39:33 -0400] "GET /papers/1995/ HTTP/1.1" 302 497 "https://www.nspw.org/proceedings/1995" "Mozilla/5.0 (compatible; spbot/5.0.3; +http://OpenLinkProfiler.org/bot )"
www.nspw.org:80 159.65.249.43 - - [04/May/2018:13:40:23 -0400] "GET /papers/2003/ HTTP/1.1" 302 497 "https://www.nspw.org/proceedings/2003" "Mozilla/5.0 (compatible; spbot/5.0.3; +http://OpenLinkProfiler.org/bot )"
www.nspw.org:80 216.244.66.200 - - [04/May/2018:13:40:57 -0400] "GET /2005/cfp/latex/?C=D;O=D HTTP/1.1" 302 519 "-" "Mozilla/5.0 (compatible; DotBot/1.1; http://www.opensiteexplorer.org/dotbot, help@moz.com)"
www.nspw.org:80 159.65.249.43 - - [04/May/2018:13:41:03 -0400] "GET /papers/1999/ HTTP/1.1" 302 497 "https://www.nspw.org/proceedings/1999" "Mozilla/5.0 (compatible; spbot/5.0.3; +http://OpenLinkProfiler.org/bot )"
www.nspw.org:80 159.65.249.43 - - [04/May/2018:13:41:53 -0400] "GET /papers/2001/ HTTP/1.1" 302 497 "https://www.nspw.org/proceedings/2001" "Mozilla/5.0 (compatible; spbot/5.0.3; +http://OpenLinkProfiler.org/bot )"
www.nspw.org:80 69.162.124.227 - - [04/May/2018:13:42:40 -0400] "HEAD / HTTP/1.1" 302 188 "http://nspw.org/" "Mozilla/5.0+(compatible; UptimeRobot/2.0; http://www.uptimerobot.com/)"
www.nspw.org:80 178.255.215.92 - - [04/May/2018:13:43:51 -0400] "GET /2012 HTTP/1.1" 302 496 "-" "Mozilla/5.0 (compatible; Exabot/3.0; +http://www.exabot.com/go/robot)"
www.nspw.org:80 5.255.250.22 - - [04/May/2018:13:44:06 -0400] "GET /2009/proceedings/1999/nspw1999-welch.pdf HTTP/1.1" 302 609 "-" "Mozilla/5.0 (compatible; YandexBot/3.0; +http://yandex.com/bots)"
www.nspw.org:80 216.244.66.200 - - [04/May/2018:13:46:07 -0400] "GET /robots.txt HTTP/1.1" 302 493 "-" "Mozilla/5.0 (compatible; DotBot/1.1; http://www.opensiteexplorer.org/dotbot, help@moz.com)"
www.nspw.org:80 69.162.124.227 - - [04/May/2018:13:47:41 -0400] "HEAD / HTTP/1.1" 302 188 "http://nspw.org/" "Mozilla/5.0+(compatible; UptimeRobot/2.0; http://www.uptimerobot.com/)"
www.nspw.org:80 66.249.64.210 - - [04/May/2018:13:48:52 -0400] "GET /2009/proceedings/2014-pre/edwards-nspw2014pre.pdf HTTP/1.1" 302 627 "-" "Googlebot/2.1 (+http://www.google.com/bot.html)"
www.nspw.org:80 66.249.64.208 - - [04/May/2018:13:50:47 -0400] "GET /papers/2007/nspw2007-locasto.pdf HTTP/1.1" 302 593 "-" "Googlebot/2.1 (+http://www.google.com/bot.html)"
www.nspw.org:80 93.214.207.185 - - [04/May/2018:13:51:12 -0400] "GET /wp-login.php HTTP/1.1" 302 553 "-" "Mozilla/5.0 (Windows NT 6.1; WOW64; rv:40.0) Gecko/20100101 Firefox/40.1"
www.nspw.org:80 93.214.207.185 - - [04/May/2018:13:51:14 -0400] "GET / HTTP/1.1" 302 528 "-" "Mozilla/5.0 (Windows NT 6.1; WOW64; rv:40.0) Gecko/20100101 Firefox/40.1"
www.nspw.org:80 158.69.127.133 - - [04/May/2018:13:51:24 -0400] "GET / HTTP/1.1" 302 492 "-" "Mozilla/5.0 (compatible; Dataprovider.com;)"
www.nspw.org:80 180.76.15.145 - - [04/May/2018:13:51:30 -0400] "GET /2013/program HTTP/1.1" 302 512 "-" "Mozilla/5.0 (compatible; Baiduspider/2.0; +http://www.baidu.com/search/spider.html)"
www.nspw.org:80 69.162.124.227 - - [04/May/2018:13:52:40 -0400] "HEAD / HTTP/1.1" 302 188 "http://nspw.org/" "Mozilla/5.0+(compatible; UptimeRobot/2.0; http://www.uptimerobot.com/)"
www.nspw.org:80 78.190.198.116 - - [04/May/2018:13:53:06 -0400] "GET /wp-login.php HTTP/1.1" 302 553 "-" "Mozilla/5.0 (Windows NT 6.1; WOW64; rv:40.0) Gecko/20100101 Firefox/40.1"
www.nspw.org:80 78.190.198.116 - - [04/May/2018:13:53:09 -0400] "GET / HTTP/1.1" 302 528 "-" "Mozilla/5.0 (Windows NT 6.1; WOW64; rv:40.0) Gecko/20100101 Firefox/40.1"
www.nspw.org:80 103.2.134.36 - - [04/May/2018:13:53:38 -0400] "GET /wp-login.php HTTP/1.1" 302 553 "-" "Mozilla/5.0 (Windows NT 6.1; WOW64; rv:40.0) Gecko/20100101 Firefox/40.1"
www.nspw.org:80 103.2.134.36 - - [04/May/2018:13:53:40 -0400] "GET / HTTP/1.1" 302 528 "-" "Mozilla/5.0 (Windows NT 6.1; WOW64; rv:40.0) Gecko/20100101 Firefox/40.1"
www.nspw.org:80 90.60.69.130 - - [04/May/2018:13:55:50 -0400] "GET /wp-login.php HTTP/1.1" 302 553 "-" "Mozilla/5.0 (Windows NT 6.1; WOW64; rv:40.0) Gecko/20100101 Firefox/40.1"
www.nspw.org:80 90.60.69.130 - - [04/May/2018:13:55:52 -0400] "GET / HTTP/1.1" 302 528 "-" "Mozilla/5.0 (Windows NT 6.1; WOW64; rv:40.0) Gecko/20100101 Firefox/40.1"
www.nspw.org:80 216.244.66.247 - - [04/May/2018:13:57:03 -0400] "GET /papers/1998/?C=D;O=A HTTP/1.1" 302 513 "-" "Mozilla/5.0 (compatible; DotBot/1.1; http://www.opensiteexplorer.org/dotbot, help@moz.com)"
www.nspw.org:80 69.162.124.227 - - [04/May/2018:13:57:40 -0400] "HEAD / HTTP/1.1" 302 188 "http://nspw.org/" "Mozilla/5.0+(compatible; UptimeRobot/2.0; http://www.uptimerobot.com/)"
www.nspw.org:80 207.46.13.59 - - [04/May/2018:13:58:11 -0400] "GET /papers/1997/nspw1997-rahman.pdf HTTP/1.1" 302 587 "-" "Mozilla/5.0 (iPhone; CPU iPhone OS 7_0 like Mac OS X) AppleWebKit/537.51.1 (KHTML, like Gecko) Version/7.0 Mobile/11A465 Safari/9537.53 (compatible; bingbot/2.0; +http://www.bing.com/bingbot.htm)"
www.nspw.org:80 216.244.66.247 - - [04/May/2018:13:58:17 -0400] "GET /2009/proceedings/2000/?C=M;O=A HTTP/1.1" 302 533 "-" "Mozilla/5.0 (compatible; DotBot/1.1; http://www.opensiteexplorer.org/dotbot, help@moz.com)"
www.nspw.org:80 216.244.66.247 - - [04/May/2018:13:58:36 -0400] "GET /2009/proceedings/2005/?C=D;O=D HTTP/1.1" 302 533 "-" "Mozilla/5.0 (compatible; DotBot/1.1; http://www.opensiteexplorer.org/dotbot, help@moz.com)"
www.nspw.org:80 216.244.66.247 - - [04/May/2018:13:58:50 -0400] "GET /papers/2009/ HTTP/1.1" 302 497 "-" "Mozilla/5.0 (compatible; DotBot/1.1; http://www.opensiteexplorer.org/dotbot, help@moz.com)"
www.nspw.org:80 188.216.19.61 - - [04/May/2018:13:59:20 -0400] "GET /wp-login.php HTTP/1.1" 302 553 "-" "Mozilla/5.0 (Windows NT 6.1; WOW64; rv:40.0) Gecko/20100101 Firefox/40.1"
www.nspw.org:80 188.216.19.61 - - [04/May/2018:13:59:21 -0400] "GET / HTTP/1.1" 302 528 "-" "Mozilla/5.0 (Windows NT 6.1; WOW64; rv:40.0) Gecko/20100101 Firefox/40.1"
www.nspw.org:80 66.249.64.208 - - [04/May/2018:14:00:44 -0400] "GET /papers/2013-pre/booby-trap.pdf HTTP/1.1" 302 589 "-" "Googlebot/2.1 (+http://www.google.com/bot.html)"
www.nspw.org:80 69.162.124.227 - - [04/May/2018:14:02:41 -0400] "HEAD / HTTP/1.1" 302 188 "http://nspw.org/" "Mozilla/5.0+(compatible; UptimeRobot/2.0; http://www.uptimerobot.com/)"
www.nspw.org:80 216.244.66.200 - - [04/May/2018:14:04:08 -0400] "GET /2016/ HTTP/1.1" 302 483 "-" "Mozilla/5.0 (compatible; DotBot/1.1; http://www.opensiteexplorer.org/dotbot, help@moz.com)"
www.nspw.org:80 66.249.64.208 - - [04/May/2018:14:05:04 -0400] "GET /papers/2011/nspw2011-bishop.pdf HTTP/1.1" 302 591 "-" "Mozilla/5.0 (compatible; Googlebot/2.1; +http://www.google.com/bot.html)"
www.nspw.org:80 69.162.124.227 - - [04/May/2018:14:07:40 -0400] "HEAD / HTTP/1.1" 302 188 "http://nspw.org/" "Mozilla/5.0+(compatible; UptimeRobot/2.0; http://www.uptimerobot.com/)"
www.nspw.org:80 77.75.78.162 - - [04/May/2018:14:10:41 -0400] "GET /robots.txt HTTP/1.1" 302 549 "-" "Mozilla/5.0 (compatible; SeznamBot/3.2; +http://napoveda.seznam.cz/en/seznambot-intro/)"
www.nspw.org:80 77.75.78.162 - - [04/May/2018:14:10:43 -0400] "GET /2005/NSPWtrans.gif HTTP/1.1" 302 565 "-" "Mozilla/5.0 (compatible; SeznamBot/3.2; +http://napoveda.seznam.cz/en/seznambot-intro/)"
www.nspw.org:80 77.75.78.162 - - [04/May/2018:14:10:44 -0400] "GET /proceedings/1997 HTTP/1.1" 302 560 "-" "Mozilla/5.0 (compatible; SeznamBot/3.2; +http://napoveda.seznam.cz/en/seznambot-intro/)"
www.nspw.org:80 77.75.78.162 - - [04/May/2018:14:10:44 -0400] "GET /2003/nspw.jpg HTTP/1.1" 302 554 "-" "Mozilla/5.0 (compatible; SeznamBot/3.2; +http://napoveda.seznam.cz/en/seznambot-intro/)"
www.nspw.org:80 77.75.78.162 - - [04/May/2018:14:10:45 -0400] "GET /2005/oc.shtml HTTP/1.1" 302 554 "-" "Mozilla/5.0 (compatible; SeznamBot/3.2; +http://napoveda.seznam.cz/en/seznambot-intro/)"
www.nspw.org:80 77.75.78.162 - - [04/May/2018:14:10:45 -0400] "GET /2016/dates HTTP/1.1" 302 548 "-" "Mozilla/5.0 (compatible; SeznamBot/3.2; +http://napoveda.seznam.cz/en/seznambot-intro/)"
www.nspw.org:80 77.75.78.162 - - [04/May/2018:14:10:45 -0400] "GET /2010/cfp HTTP/1.1" 302 544 "-" "Mozilla/5.0 (compatible; SeznamBot/3.2; +http://napoveda.seznam.cz/en/seznambot-intro/)"
www.nspw.org:80 77.88.47.40 - - [04/May/2018:14:11:23 -0400] "GET /robots.txt HTTP/1.1" 302 549 "-" "Mozilla/5.0 (compatible; YandexBot/3.0; +http://yandex.com/bots)"
www.nspw.org:80 77.88.47.40 - - [04/May/2018:14:11:26 -0400] "GET /2009/proceedings/1999/nspw1999-jonsson.pdf HTTP/1.1" 302 612 "-" "Mozilla/5.0 (compatible; YandexBot/3.0; +http://yandex.com/bots)"
www.nspw.org:80 73.220.20.157 - - [04/May/2018:14:11:46 -0400] "GET /papers/2011/nspw2011-bicakci.pdf HTTP/1.1" 302 593 "http://www.nspw.org/" "Mozilla/5.0 (Windows NT 6.1; WOW64) AppleWebKit/537.36 (KHTML, like Gecko) Chrome/63.0.3239.132 Safari/537.36"
www.nspw.org:80 66.249.64.208 - - [04/May/2018:14:12:13 -0400] "GET /2009/proceedings/2013/nspw2013-peisert.pdf HTTP/1.1" 302 613 "-" "Googlebot/2.1 (+http://www.google.com/bot.html)"
www.nspw.org:80 145.129.87.62 - - [04/May/2018:14:12:32 -0400] "GET /wp-login.php HTTP/1.1" 302 553 "-" "Mozilla/5.0 (Windows NT 6.1; WOW64; rv:40.0) Gecko/20100101 Firefox/40.1"
www.nspw.org:80 145.129.87.62 - - [04/May/2018:14:12:33 -0400] "GET / HTTP/1.1" 302 528 "-" "Mozilla/5.0 (Windows NT 6.1; WOW64; rv:40.0) Gecko/20100101 Firefox/40.1"
www.nspw.org:80 69.162.124.227 - - [04/May/2018:14:12:41 -0400] "HEAD / HTTP/1.1" 302 188 "http://nspw.org/" "Mozilla/5.0+(compatible; UptimeRobot/2.0; http://www.uptimerobot.com/)"
www.nspw.org:80 112.135.35.220 - - [04/May/2018:14:15:00 -0400] "GET /wp-login.php HTTP/1.1" 302 553 "-" "Mozilla/5.0 (Windows NT 6.1; WOW64; rv:40.0) Gecko/20100101 Firefox/40.1"
www.nspw.org:80 66.249.64.210 - - [04/May/2018:14:16:26 -0400] "GET /papers/1993/nspw1993-smith.pdf HTTP/1.1" 302 589 "-" "Googlebot/2.1 (+http://www.google.com/bot.html)"
www.nspw.org:80 69.162.124.227 - - [04/May/2018:14:17:40 -0400] "HEAD / HTTP/1.1" 302 188 "http://nspw.org/" "Mozilla/5.0+(compatible; UptimeRobot/2.0; http://www.uptimerobot.com/)"
www.nspw.org:80 216.244.66.236 - - [04/May/2018:14:17:50 -0400] "GET /robots.txt HTTP/1.1" 302 493 "-" "Mozilla/5.0 (compatible; DotBot/1.1; http://www.opensiteexplorer.org/dotbot, help@moz.com)"
www.nspw.org:80 216.244.66.200 - - [04/May/2018:14:19:05 -0400] "GET /2011/dates HTTP/1.1" 302 493 "-" "Mozilla/5.0 (compatible; DotBot/1.1; http://www.opensiteexplorer.org/dotbot, help@moz.com)"
www.nspw.org:80 94.54.234.167 - - [04/May/2018:14:21:06 -0400] "GET /wp-login.php HTTP/1.1" 302 553 "-" "Mozilla/5.0 (Windows NT 6.1; WOW64; rv:40.0) Gecko/20100101 Firefox/40.1"
www.nspw.org:80 94.54.234.167 - - [04/May/2018:14:21:07 -0400] "GET / HTTP/1.1" 302 528 "-" "Mozilla/5.0 (Windows NT 6.1; WOW64; rv:40.0) Gecko/20100101 Firefox/40.1"
www.nspw.org:80 66.249.64.206 - - [04/May/2018:14:21:27 -0400] "GET /2009/proceedings/2000/nspw2000-templeton.pdf HTTP/1.1" 302 617 "-" "Googlebot/2.1 (+http://www.google.com/bot.html)"
www.nspw.org:80 199.16.157.180 - - [04/May/2018:14:21:41 -0400] "GET /robots.txt HTTP/1.1" 302 489 "-" "Twitterbot/1.0"
www.nspw.org:80 199.16.157.180 - - [04/May/2018:14:21:41 -0400] "GET /2018/cfp HTTP/1.1" 302 485 "-" "Twitterbot/1.0"
www.nspw.org:80 69.162.124.227 - - [04/May/2018:14:22:40 -0400] "HEAD / HTTP/1.1" 302 188 "http://nspw.org/" "Mozilla/5.0+(compatible; UptimeRobot/2.0; http://www.uptimerobot.com/)"
www.nspw.org:80 123.231.120.143 - - [04/May/2018:14:24:11 -0400] "GET /wp-login.php HTTP/1.1" 302 553 "-" "Mozilla/5.0 (Windows NT 6.1; WOW64; rv:40.0) Gecko/20100101 Firefox/40.1"
www.nspw.org:80 123.231.120.143 - - [04/May/2018:14:24:12 -0400] "GET / HTTP/1.1" 302 528 "-" "Mozilla/5.0 (Windows NT 6.1; WOW64; rv:40.0) Gecko/20100101 Firefox/40.1"
www.nspw.org:80 180.76.15.156 - - [04/May/2018:14:24:50 -0400] "GET /2005/cfp/latex/main.ps HTTP/1.1" 302 536 "-" "Mozilla/5.0 (compatible; Baiduspider/2.0; +http://www.baidu.com/search/spider.html)"
www.nspw.org:80 180.76.15.14 - - [04/May/2018:14:24:53 -0400] "GET /2005/cfp/latex/ HTTP/1.1" 302 522 "-" "Mozilla/5.0 (compatible; Baiduspider/2.0; +http://www.baidu.com/search/spider.html)"
www.nspw.org:80 66.249.64.206 - - [04/May/2018:14:25:08 -0400] "GET /papers/2009/nspw2009-church.pdf HTTP/1.1" 302 591 "-" "Mozilla/5.0 (compatible; Googlebot/2.1; +http://www.google.com/bot.html)"
www.nspw.org:80 62.46.164.229 - - [04/May/2018:14:25:40 -0400] "GET /wp-login.php HTTP/1.1" 302 553 "-" "Mozilla/5.0 (Windows NT 6.1; WOW64; rv:40.0) Gecko/20100101 Firefox/40.1"
www.nspw.org:80 62.46.164.229 - - [04/May/2018:14:25:41 -0400] "GET / HTTP/1.1" 302 528 "-" "Mozilla/5.0 (Windows NT 6.1; WOW64; rv:40.0) Gecko/20100101 Firefox/40.1"
www.nspw.org:80 168.228.218.237 - - [04/May/2018:14:26:25 -0400] "GET /wp-login.php HTTP/1.1" 302 553 "-" "Mozilla/5.0 (Windows NT 6.1; WOW64; rv:40.0) Gecko/20100101 Firefox/40.1"
www.nspw.org:80 168.228.218.237 - - [04/May/2018:14:26:27 -0400] "GET / HTTP/1.1" 302 528 "-" "Mozilla/5.0 (Windows NT 6.1; WOW64; rv:40.0) Gecko/20100101 Firefox/40.1"
www.nspw.org:80 69.162.124.227 - - [04/May/2018:14:27:40 -0400] "HEAD / HTTP/1.1" 302 188 "http://nspw.org/" "Mozilla/5.0+(compatible; UptimeRobot/2.0; http://www.uptimerobot.com/)"
www.nspw.org:80 201.224.26.187 - - [04/May/2018:14:28:56 -0400] "GET /wp-login.php HTTP/1.1" 302 553 "-" "Mozilla/5.0 (Windows NT 6.1; WOW64; rv:40.0) Gecko/20100101 Firefox/40.1"
www.nspw.org:80 201.224.26.187 - - [04/May/2018:14:28:57 -0400] "GET / HTTP/1.1" 302 528 "-" "Mozilla/5.0 (Windows NT 6.1; WOW64; rv:40.0) Gecko/20100101 Firefox/40.1"
www.nspw.org:80 216.244.66.247 - - [04/May/2018:14:29:19 -0400] "GET /2000/program_print.html HTTP/1.1" 302 519 "-" "Mozilla/5.0 (compatible; DotBot/1.1; http://www.opensiteexplorer.org/dotbot, help@moz.com)"
www.nspw.org:80 94.64.34.160 - - [04/May/2018:14:31:04 -0400] "GET /wp-login.php HTTP/1.1" 302 553 "-" "Mozilla/5.0 (Windows NT 6.1; WOW64; rv:40.0) Gecko/20100101 Firefox/40.1"
www.nspw.org:80 94.64.34.160 - - [04/May/2018:14:31:05 -0400] "GET / HTTP/1.1" 302 528 "-" "Mozilla/5.0 (Windows NT 6.1; WOW64; rv:40.0) Gecko/20100101 Firefox/40.1"
www.nspw.org:80 69.162.124.227 - - [04/May/2018:14:32:40 -0400] "HEAD / HTTP/1.1" 302 188 "http://nspw.org/" "Mozilla/5.0+(compatible; UptimeRobot/2.0; http://www.uptimerobot.com/)"
www.nspw.org:80 186.90.79.216 - - [04/May/2018:14:34:41 -0400] "GET /wp-login.php HTTP/1.1" 302 553 "-" "Mozilla/5.0 (Windows NT 6.1; WOW64; rv:40.0) Gecko/20100101 Firefox/40.1"
www.nspw.org:80 186.90.79.216 - - [04/May/2018:14:34:43 -0400] "GET / HTTP/1.1" 302 528 "-" "Mozilla/5.0 (Windows NT 6.1; WOW64; rv:40.0) Gecko/20100101 Firefox/40.1"
www.nspw.org:80 79.157.145.131 - - [04/May/2018:14:35:15 -0400] "GET /wp-login.php HTTP/1.1" 302 553 "-" "Mozilla/5.0 (Windows NT 6.1; WOW64; rv:40.0) Gecko/20100101 Firefox/40.1"
www.nspw.org:80 79.157.145.131 - - [04/May/2018:14:35:16 -0400] "GET / HTTP/1.1" 302 528 "-" "Mozilla/5.0 (Windows NT 6.1; WOW64; rv:40.0) Gecko/20100101 Firefox/40.1"
www.nspw.org:80 93.117.139.248 - - [04/May/2018:14:35:27 -0400] "GET /wp-login.php HTTP/1.1" 302 553 "-" "Mozilla/5.0 (Windows NT 6.1; WOW64; rv:40.0) Gecko/20100101 Firefox/40.1"
www.nspw.org:80 93.117.139.248 - - [04/May/2018:14:35:28 -0400] "GET / HTTP/1.1" 302 528 "-" "Mozilla/5.0 (Windows NT 6.1; WOW64; rv:40.0) Gecko/20100101 Firefox/40.1"
www.nspw.org:80 109.122.84.208 - - [04/May/2018:14:35:30 -0400] "GET /wp-login.php HTTP/1.1" 302 553 "-" "Mozilla/5.0 (Windows NT 6.1; WOW64; rv:40.0) Gecko/20100101 Firefox/40.1"
www.nspw.org:80 109.122.84.208 - - [04/May/2018:14:35:31 -0400] "GET / HTTP/1.1" 302 528 "-" "Mozilla/5.0 (Windows NT 6.1; WOW64; rv:40.0) Gecko/20100101 Firefox/40.1"
www.nspw.org:80 66.249.64.210 - - [04/May/2018:14:35:35 -0400] "GET /papers/1996/nspw1996-de_capitani_di_vimercati.pdf HTTP/1.1" 302 627 "-" "Googlebot/2.1 (+http://www.google.com/bot.html)"
www.nspw.org:80 207.46.13.59 - - [04/May/2018:14:35:41 -0400] "GET /papers/2003/nspw2003-flechais.pdf HTTP/1.1" 302 591 "-" "Mozilla/5.0 (iPhone; CPU iPhone OS 7_0 like Mac OS X) AppleWebKit/537.51.1 (KHTML, like Gecko) Version/7.0 Mobile/11A465 Safari/9537.53 (compatible; bingbot/2.0; +http://www.bing.com/bingbot.htm)"
www.nspw.org:80 66.249.64.206 - - [04/May/2018:14:35:46 -0400] "GET /2009/proceedings/1998/nspw1998-abrams.pdf HTTP/1.1" 302 611 "-" "Googlebot/2.1 (+http://www.google.com/bot.html)"
www.nspw.org:80 190.149.48.117 - - [04/May/2018:14:36:43 -0400] "GET /wp-login.php HTTP/1.1" 302 553 "-" "Mozilla/5.0 (Windows NT 6.1; WOW64; rv:40.0) Gecko/20100101 Firefox/40.1"
www.nspw.org:80 190.149.48.117 - - [04/May/2018:14:36:46 -0400] "GET / HTTP/1.1" 302 528 "-" "Mozilla/5.0 (Windows NT 6.1; WOW64; rv:40.0) Gecko/20100101 Firefox/40.1"
www.nspw.org:80 66.249.64.206 - - [04/May/2018:14:37:22 -0400] "GET /2009/proceedings/1996/nspw1996-chuang.pdf HTTP/1.1" 302 611 "-" "Googlebot/2.1 (+http://www.google.com/bot.html)"
www.nspw.org:80 69.162.124.227 - - [04/May/2018:14:37:40 -0400] "HEAD / HTTP/1.1" 302 188 "http://nspw.org/" "Mozilla/5.0+(compatible; UptimeRobot/2.0; http://www.uptimerobot.com/)"
www.nspw.org:80 185.212.171.186 - - [04/May/2018:14:38:00 -0400] "GET /user/login HTTP/1.1" 302 489 "http://nspw.org/user/login" "Mozilla/5.0 (Windows NT 10.0; WOW64) AppleWebKit/537.36 (KHTML, like Gecko) Chrome/62.0.3198.0 Safari/537.36 OPR/49.0.2711.0"
www.nspw.org:80 185.212.171.186 - - [04/May/2018:14:38:00 -0400] "GET /user/login HTTP/1.1" 302 489 "http://nspw.org/user/login" "Mozilla/5.0 (Windows NT 10.0; WOW64) AppleWebKit/537.36 (KHTML, like Gecko) Chrome/62.0.3198.0 Safari/537.36 OPR/49.0.2711.0"
www.nspw.org:80 185.212.171.186 - - [04/May/2018:14:38:00 -0400] "GET /user/login HTTP/1.1" 302 489 "http://nspw.org/user/login" "Mozilla/5.0 (Windows NT 10.0; WOW64) AppleWebKit/537.36 (KHTML, like Gecko) Chrome/62.0.3198.0 Safari/537.36 OPR/49.0.2711.0"
www.nspw.org:80 66.249.64.208 - - [04/May/2018:14:40:05 -0400] "GET /2009/proceedings/2013-pre/forgive.pdf HTTP/1.1" 302 603 "-" "Googlebot/2.1 (+http://www.google.com/bot.html)"
www.nspw.org:80 66.249.64.206 - - [04/May/2018:14:40:40 -0400] "GET /papers/2013-pre/go-flow.pdf HTTP/1.1" 302 583 "-" "Googlebot/2.1 (+http://www.google.com/bot.html)"
www.nspw.org:80 66.249.64.206 - - [04/May/2018:14:40:55 -0400] "GET /2009/proceedings/2015pre/hill-nspw2015pre.pdf HTTP/1.1" 302 619 "-" "Googlebot/2.1 (+http://www.google.com/bot.html)"
www.nspw.org:80 216.244.66.236 - - [04/May/2018:14:41:06 -0400] "GET /robots.txt HTTP/1.1" 302 493 "-" "Mozilla/5.0 (compatible; DotBot/1.1; http://www.opensiteexplorer.org/dotbot, help@moz.com)"
www.nspw.org:80 185.165.169.146 - - [04/May/2018:14:41:48 -0400] "GET / HTTP/1.1" 302 475 "-" "Mozilla/5.0 (Macintosh; U; Intel Mac OS X 10.5; en-US; rv:1.9.0.6) Gecko/2009011912 Firefox/3.0.6"
www.nspw.org:80 185.165.169.146 - - [04/May/2018:14:41:48 -0400] "GET / HTTP/1.1" 302 475 "-" "Mozilla/5.0 (Macintosh; U; Intel Mac OS X 10.5; en-US; rv:1.9.0.6) Gecko/2009011912 Firefox/3.0.6"
www.nspw.org:80 185.165.169.146 - - [04/May/2018:14:41:48 -0400] "GET /CHANGELOG.txt HTTP/1.1" 302 501 "-" "Mozilla/5.0 (Macintosh; U; Intel Mac OS X 10.5; en-US; rv:1.9.0.6) Gecko/2009011912 Firefox/3.0.6"
www.nspw.org:80 185.165.169.146 - - [04/May/2018:14:41:48 -0400] "GET /core/CHANGELOG.txt HTTP/1.1" 302 511 "-" "Mozilla/5.0 (Macintosh; U; Intel Mac OS X 10.5; en-US; rv:1.9.0.6) Gecko/2009011912 Firefox/3.0.6"
www.nspw.org:80 185.165.169.146 - - [04/May/2018:14:41:48 -0400] "GET /includes/bootstrap.inc HTTP/1.1" 302 519 "-" "Mozilla/5.0 (Macintosh; U; Intel Mac OS X 10.5; en-US; rv:1.9.0.6) Gecko/2009011912 Firefox/3.0.6"
www.nspw.org:80 185.165.169.146 - - [04/May/2018:14:41:49 -0400] "GET /core/includes/bootstrap.inc HTTP/1.1" 302 529 "-" "Mozilla/5.0 (Macintosh; U; Intel Mac OS X 10.5; en-US; rv:1.9.0.6) Gecko/2009011912 Firefox/3.0.6"
www.nspw.org:80 185.165.169.146 - - [04/May/2018:14:41:49 -0400] "GET /CHANGELOG.txt HTTP/1.1" 302 501 "-" "Mozilla/5.0 (Macintosh; U; Intel Mac OS X 10.5; en-US; rv:1.9.0.6) Gecko/2009011912 Firefox/3.0.6"
www.nspw.org:80 185.165.169.146 - - [04/May/2018:14:41:49 -0400] "GET /core/CHANGELOG.txt HTTP/1.1" 302 511 "-" "Mozilla/5.0 (Macintosh; U; Intel Mac OS X 10.5; en-US; rv:1.9.0.6) Gecko/2009011912 Firefox/3.0.6"
www.nspw.org:80 185.165.169.146 - - [04/May/2018:14:41:49 -0400] "GET /includes/bootstrap.inc HTTP/1.1" 302 519 "-" "Mozilla/5.0 (Macintosh; U; Intel Mac OS X 10.5; en-US; rv:1.9.0.6) Gecko/2009011912 Firefox/3.0.6"
www.nspw.org:80 185.165.169.146 - - [04/May/2018:14:41:50 -0400] "GET /core/includes/bootstrap.inc HTTP/1.1" 302 529 "-" "Mozilla/5.0 (Macintosh; U; Intel Mac OS X 10.5; en-US; rv:1.9.0.6) Gecko/2009011912 Firefox/3.0.6"
www.nspw.org:80 185.165.169.146 - - [04/May/2018:14:41:50 -0400] "GET / HTTP/1.1" 302 475 "-" "Mozilla/5.0 (Macintosh; U; Intel Mac OS X 10.5; en-US; rv:1.9.0.6) Gecko/2009011912 Firefox/3.0.6"
www.nspw.org:80 185.165.169.146 - - [04/May/2018:14:41:50 -0400] "GET / HTTP/1.1" 302 475 "-" "Mozilla/5.0 (Macintosh; U; Intel Mac OS X 10.5; en-US; rv:1.9.0.6) Gecko/2009011912 Firefox/3.0.6"
www.nspw.org:80 69.162.124.227 - - [04/May/2018:14:42:41 -0400] "HEAD / HTTP/1.1" 302 188 "http://nspw.org/" "Mozilla/5.0+(compatible; UptimeRobot/2.0; http://www.uptimerobot.com/)"
www.nspw.org:80 157.55.39.195 - - [04/May/2018:14:42:41 -0400] "GET /papers/1996/nspw1996-chuang.pdf HTTP/1.1" 302 591 "-" "Mozilla/5.0 (iPhone; CPU iPhone OS 7_0 like Mac OS X) AppleWebKit/537.51.1 (KHTML, like Gecko) Version/7.0 Mobile/11A465 Safari/9537.53 (compatible; bingbot/2.0; +http://www.bing.com/bingbot.htm)"
www.nspw.org:80 190.7.197.106 - - [04/May/2018:14:47:30 -0400] "GET /wp-login.php HTTP/1.1" 302 553 "-" "Mozilla/5.0 (Windows NT 6.1; WOW64; rv:40.0) Gecko/20100101 Firefox/40.1"
www.nspw.org:80 190.7.197.106 - - [04/May/2018:14:47:31 -0400] "GET / HTTP/1.1" 302 528 "-" "Mozilla/5.0 (Windows NT 6.1; WOW64; rv:40.0) Gecko/20100101 Firefox/40.1"
www.nspw.org:80 69.162.124.227 - - [04/May/2018:14:47:40 -0400] "HEAD / HTTP/1.1" 302 188 "http://nspw.org/" "Mozilla/5.0+(compatible; UptimeRobot/2.0; http://www.uptimerobot.com/)"
www.nspw.org:80 216.244.66.200 - - [04/May/2018:14:48:25 -0400] "GET /2009/pc-gen.pl HTTP/1.1" 302 501 "-" "Mozilla/5.0 (compatible; DotBot/1.1; http://www.opensiteexplorer.org/dotbot, help@moz.com)"
www.nspw.org:80 216.244.66.200 - - [04/May/2018:14:48:35 -0400] "GET /2009/dates.shtml HTTP/1.1" 302 505 "-" "Mozilla/5.0 (compatible; DotBot/1.1; http://www.opensiteexplorer.org/dotbot, help@moz.com)"
www.nspw.org:80 66.249.64.208 - - [04/May/2018:14:49:48 -0400] "GET /2005/PC/vivek%20haldar.pdf HTTP/1.1" 302 581 "-" "Googlebot/2.1 (+http://www.google.com/bot.html)"
www.nspw.org:80 84.114.91.142 - - [04/May/2018:14:49:50 -0400] "GET /wp-login.php HTTP/1.1" 302 553 "-" "Mozilla/5.0 (Windows NT 6.1; WOW64; rv:40.0) Gecko/20100101 Firefox/40.1"
www.nspw.org:80 84.114.91.142 - - [04/May/2018:14:49:51 -0400] "GET / HTTP/1.1" 302 528 "-" "Mozilla/5.0 (Windows NT 6.1; WOW64; rv:40.0) Gecko/20100101 Firefox/40.1"
www.nspw.org:80 101.10.49.85 - - [04/May/2018:14:50:50 -0400] "GET /wp-login.php HTTP/1.1" 302 553 "-" "Mozilla/5.0 (Windows NT 6.1; WOW64; rv:40.0) Gecko/20100101 Firefox/40.1"
www.nspw.org:80 101.10.49.85 - - [04/May/2018:14:50:51 -0400] "GET / HTTP/1.1" 302 528 "-" "Mozilla/5.0 (Windows NT 6.1; WOW64; rv:40.0) Gecko/20100101 Firefox/40.1"
www.nspw.org:80 216.244.66.247 - - [04/May/2018:14:51:07 -0400] "GET /2007/oc.shtml HTTP/1.1" 302 499 "-" "Mozilla/5.0 (compatible; DotBot/1.1; http://www.opensiteexplorer.org/dotbot, help@moz.com)"
www.nspw.org:80 204.79.180.20 - - [04/May/2018:14:51:26 -0400] "GET /2017/cfp HTTP/1.1" 302 541 "http://www.bing.com/search?q=EasyChair+PROCEEDINGS+AUTHOR+ROLE+for+ICAER+2017&form=MSNH14&sc=8-4&sp=-1&qs=n&sk=" "Mozilla/5.0 (compatible; MSIE 9.0; Windows NT 6.1; Trident/5.0;  Trident/5.0)"
www.nspw.org:80 66.249.64.208 - - [04/May/2018:14:51:29 -0400] "GET /papers/2013/nspw2013-bishop.pdf HTTP/1.1" 302 591 "-" "Googlebot/2.1 (+http://www.google.com/bot.html)"
www.nspw.org:80 66.102.6.210 - - [04/May/2018:14:52:18 -0400] "GET / HTTP/1.1" 302 529 "-" "Mozilla/5.0 (X11; Linux x86_64) AppleWebKit/537.36 (KHTML, like Gecko) Chrome/49.0.2623.75 Safari/537.36 Google Favicon"
www.nspw.org:80 69.162.124.227 - - [04/May/2018:14:52:40 -0400] "HEAD / HTTP/1.1" 302 188 "http://nspw.org/" "Mozilla/5.0+(compatible; UptimeRobot/2.0; http://www.uptimerobot.com/)"
www.nspw.org:80 216.244.66.247 - - [04/May/2018:14:53:17 -0400] "GET /2007/cfp/?C=M;O=D HTTP/1.1" 302 507 "-" "Mozilla/5.0 (compatible; DotBot/1.1; http://www.opensiteexplorer.org/dotbot, help@moz.com)"
www.nspw.org:80 178.153.97.121 - - [04/May/2018:14:54:20 -0400] "GET /wp-login.php HTTP/1.1" 302 553 "-" "Mozilla/5.0 (Windows NT 6.1; WOW64; rv:40.0) Gecko/20100101 Firefox/40.1"
www.nspw.org:80 178.153.97.121 - - [04/May/2018:14:54:21 -0400] "GET / HTTP/1.1" 302 528 "-" "Mozilla/5.0 (Windows NT 6.1; WOW64; rv:40.0) Gecko/20100101 Firefox/40.1"
www.nspw.org:80 27.34.104.149 - - [04/May/2018:14:55:00 -0400] "GET /wp-login.php HTTP/1.1" 302 553 "-" "Mozilla/5.0 (Windows NT 6.1; WOW64; rv:40.0) Gecko/20100101 Firefox/40.1"
www.nspw.org:80 27.34.104.149 - - [04/May/2018:14:55:05 -0400] "GET / HTTP/1.1" 302 528 "-" "Mozilla/5.0 (Windows NT 6.1; WOW64; rv:40.0) Gecko/20100101 Firefox/40.1"
www.nspw.org:80 149.0.145.1 - - [04/May/2018:14:55:21 -0400] "GET /wp-login.php HTTP/1.1" 302 553 "-" "Mozilla/5.0 (Windows NT 6.1; WOW64; rv:40.0) Gecko/20100101 Firefox/40.1"
www.nspw.org:80 149.0.145.1 - - [04/May/2018:14:55:23 -0400] "GET / HTTP/1.1" 302 528 "-" "Mozilla/5.0 (Windows NT 6.1; WOW64; rv:40.0) Gecko/20100101 Firefox/40.1"
www.nspw.org:80 5.255.250.67 - - [04/May/2018:14:56:05 -0400] "GET /2008/NSPWtrans.gif HTTP/1.1" 302 565 "-" "Mozilla/5.0 (compatible; YandexImages/3.0; +http://yandex.com/bots)"
www.nspw.org:80 216.244.66.247 - - [04/May/2018:14:57:05 -0400] "GET /2008/nspw2008-cfp.html HTTP/1.1" 302 517 "-" "Mozilla/5.0 (compatible; DotBot/1.1; http://www.opensiteexplorer.org/dotbot, help@moz.com)"
www.nspw.org:80 69.162.124.227 - - [04/May/2018:14:57:40 -0400] "HEAD / HTTP/1.1" 302 188 "http://nspw.org/" "Mozilla/5.0+(compatible; UptimeRobot/2.0; http://www.uptimerobot.com/)"
www.nspw.org:80 216.244.66.247 - - [04/May/2018:14:57:43 -0400] "GET /papers/1995/?C=N;O=A HTTP/1.1" 302 513 "-" "Mozilla/5.0 (compatible; DotBot/1.1; http://www.opensiteexplorer.org/dotbot, help@moz.com)"
www.nspw.org:80 66.249.64.206 - - [04/May/2018:14:58:14 -0400] "GET /2005/cfp/latex/toplas.ps HTTP/1.1" 302 577 "-" "Googlebot/2.1 (+http://www.google.com/bot.html)"
www.nspw.org:80 66.249.64.206 - - [04/May/2018:14:58:29 -0400] "GET /2008/papers.shtml HTTP/1.1" 302 563 "-" "Googlebot/2.1 (+http://www.google.com/bot.html)"
www.nspw.org:80 66.249.64.206 - - [04/May/2018:14:58:33 -0400] "GET /2009/proceedings/2003/nspw2003-duvarney.pdf HTTP/1.1" 302 614 "-" "Googlebot/2.1 (+http://www.google.com/bot.html)"
www.nspw.org:80 66.249.64.208 - - [04/May/2018:14:59:26 -0400] "GET /papers/1994/nspw1994-dobson.pdf HTTP/1.1" 302 591 "-" "Googlebot/2.1 (+http://www.google.com/bot.html)"
www.nspw.org:80 66.249.64.210 - - [04/May/2018:14:59:27 -0400] "GET /2009/proceedings/2013-pre/nsphd-anthro.pdf HTTP/1.1" 302 613 "-" "Googlebot/2.1 (+http://www.google.com/bot.html)"
www.nspw.org:80 66.249.64.208 - - [04/May/2018:14:59:46 -0400] "GET /papers/2008/nspw2008-julisch.pdf HTTP/1.1" 302 593 "-" "Googlebot/2.1 (+http://www.google.com/bot.html)"
www.nspw.org:80 216.244.66.247 - - [04/May/2018:15:00:15 -0400] "GET /papers/2007/?C=N;O=D HTTP/1.1" 302 513 "-" "Mozilla/5.0 (compatible; DotBot/1.1; http://www.opensiteexplorer.org/dotbot, help@moz.com)"
www.nspw.org:80 216.244.66.247 - - [04/May/2018:15:00:40 -0400] "GET /papers/2004/?C=N;O=D HTTP/1.1" 302 513 "-" "Mozilla/5.0 (compatible; DotBot/1.1; http://www.opensiteexplorer.org/dotbot, help@moz.com)"
www.nspw.org:80 66.249.64.206 - - [04/May/2018:15:00:55 -0400] "GET /papers/2003/nspw2003-mchugh.pdf HTTP/1.1" 302 591 "-" "Googlebot/2.1 (+http://www.google.com/bot.html)"
www.nspw.org:80 66.249.64.208 - - [04/May/2018:15:01:27 -0400] "GET /2005/PC/Hoon%20Wei.pdf HTTP/1.1" 302 573 "-" "Googlebot/2.1 (+http://www.google.com/bot.html)"
www.nspw.org:80 216.244.66.247 - - [04/May/2018:15:01:58 -0400] "GET /2005/cfp/latex/?C=M;O=A HTTP/1.1" 302 519 "-" "Mozilla/5.0 (compatible; DotBot/1.1; http://www.opensiteexplorer.org/dotbot, help@moz.com)"
www.nspw.org:80 207.46.13.141 - - [04/May/2018:15:02:15 -0400] "GET /2018/cfp HTTP/1.1" 302 541 "-" "Mozilla/5.0 (compatible; bingbot/2.0; +http://www.bing.com/bingbot.htm)"
www.nspw.org:80 ::1 - - [04/May/2018:15:02:31 -0400] "OPTIONS * HTTP/1.0" 200 126 "-" "Apache/2.4.29 (Ubuntu) OpenSSL/1.1.0g (internal dummy connection)"
www.nspw.org:80 69.162.124.227 - - [04/May/2018:15:02:40 -0400] "HEAD / HTTP/1.1" 302 188 "http://nspw.org/" "Mozilla/5.0+(compatible; UptimeRobot/2.0; http://www.uptimerobot.com/)"
www.nspw.org:80 216.244.66.247 - - [04/May/2018:15:03:01 -0400] "GET /2009/proceedings/2000/?C=N;O=A HTTP/1.1" 302 533 "-" "Mozilla/5.0 (compatible; DotBot/1.1; http://www.opensiteexplorer.org/dotbot, help@moz.com)"
www.nspw.org:80 66.249.64.208 - - [04/May/2018:15:03:09 -0400] "GET /2009/proceedings/2014-pre/dunphy-nspw2014pre.pdf HTTP/1.1" 302 625 "-" "Googlebot/2.1 (+http://www.google.com/bot.html)"
www.nspw.org:80 66.249.64.206 - - [04/May/2018:15:03:15 -0400] "GET /2005/PC/alex%20iliev.pdf HTTP/1.1" 302 577 "-" "Googlebot/2.1 (+http://www.google.com/bot.html)"
www.nspw.org:80 66.249.64.206 - - [04/May/2018:15:04:03 -0400] "GET /papers/2013-pre/forgive.pdf HTTP/1.1" 302 583 "-" "Googlebot/2.1 (+http://www.google.com/bot.html)"
www.nspw.org:80 194.187.170.141 - - [04/May/2018:15:04:05 -0400] "GET /robots.txt HTTP/1.1" 302 512 "-" "Mozilla/5.0 (compatible; Qwantify/2.4w; +https://www.qwant.com/)/2.4w"
www.nspw.org:80 194.187.170.141 - - [04/May/2018:15:04:06 -0400] "GET /2008/oc.content.2008 HTTP/1.1" 302 532 "-" "Mozilla/5.0 (compatible; Qwantify/2.4w; +https://www.qwant.com/)/2.4w"
www.nspw.org:80 194.187.170.141 - - [04/May/2018:15:04:18 -0400] "GET /robots.txt HTTP/1.1" 302 512 "-" "Mozilla/5.0 (compatible; Qwantify/2.4w; +https://www.qwant.com/)/2.4w"
www.nspw.org:80 194.187.170.141 - - [04/May/2018:15:04:19 -0400] "GET /2017 HTTP/1.1" 302 500 "-" "Mozilla/5.0 (compatible; Qwantify/2.4w; +https://www.qwant.com/)/2.4w"
www.nspw.org:80 194.187.170.141 - - [04/May/2018:15:04:20 -0400] "GET /cfp/nspw2015-cfp.pdf HTTP/1.1" 302 532 "-" "Mozilla/5.0 (compatible; Qwantify/2.4w; +https://www.qwant.com/)/2.4w"
www.nspw.org:80 216.244.66.236 - - [04/May/2018:15:04:53 -0400] "GET /robots.txt HTTP/1.1" 302 493 "-" "Mozilla/5.0 (compatible; DotBot/1.1; http://www.opensiteexplorer.org/dotbot, help@moz.com)"
www.nspw.org:80 194.187.170.141 - - [04/May/2018:15:04:57 -0400] "GET /2008/papers.content HTTP/1.1" 302 530 "-" "Mozilla/5.0 (compatible; Qwantify/2.4w; +https://www.qwant.com/)/2.4w"
www.nspw.org:80 37.131.138.99 - - [04/May/2018:15:05:51 -0400] "GET /wp-login.php HTTP/1.1" 302 553 "-" "Mozilla/5.0 (Windows NT 6.1; WOW64; rv:40.0) Gecko/20100101 Firefox/40.1"
www.nspw.org:80 37.131.138.99 - - [04/May/2018:15:05:52 -0400] "GET / HTTP/1.1" 302 528 "-" "Mozilla/5.0 (Windows NT 6.1; WOW64; rv:40.0) Gecko/20100101 Firefox/40.1"
www.nspw.org:80 66.249.64.208 - - [04/May/2018:15:06:51 -0400] "GET /papers/2013/nspw2013-ashenden.pdf HTTP/1.1" 302 595 "-" "Googlebot/2.1 (+http://www.google.com/bot.html)"
www.nspw.org:80 194.187.170.141 - - [04/May/2018:15:07:28 -0400] "GET /papers/2006/?C=N;O=D HTTP/1.1" 302 532 "-" "Mozilla/5.0 (compatible; Qwantify/2.4w; +https://www.qwant.com/)/2.4w"
www.nspw.org:80 69.162.124.227 - - [04/May/2018:15:07:40 -0400] "HEAD / HTTP/1.1" 302 188 "http://nspw.org/" "Mozilla/5.0+(compatible; UptimeRobot/2.0; http://www.uptimerobot.com/)"
www.nspw.org:80 143.137.160.122 - - [04/May/2018:15:08:18 -0400] "GET /wp-login.php HTTP/1.1" 302 553 "-" "Mozilla/5.0 (Windows NT 6.1; WOW64; rv:40.0) Gecko/20100101 Firefox/40.1"
www.nspw.org:80 143.137.160.122 - - [04/May/2018:15:08:21 -0400] "GET / HTTP/1.1" 302 528 "-" "Mozilla/5.0 (Windows NT 6.1; WOW64; rv:40.0) Gecko/20100101 Firefox/40.1"
www.nspw.org:80 177.40.230.243 - - [04/May/2018:15:09:44 -0400] "GET /wp-login.php HTTP/1.1" 302 553 "-" "Mozilla/5.0 (Windows NT 6.1; WOW64; rv:40.0) Gecko/20100101 Firefox/40.1"
www.nspw.org:80 177.40.230.243 - - [04/May/2018:15:09:46 -0400] "GET / HTTP/1.1" 302 528 "-" "Mozilla/5.0 (Windows NT 6.1; WOW64; rv:40.0) Gecko/20100101 Firefox/40.1"
www.nspw.org:80 66.249.70.7 - - [04/May/2018:15:09:52 -0400] "GET /papers/2012/docs/p1.pdf HTTP/1.1" 302 586 "-" "Googlebot/2.1 (+http://www.google.com/bot.html)"
www.nspw.org:80 5.36.179.114 - - [04/May/2018:15:10:06 -0400] "GET /wp-login.php HTTP/1.1" 302 553 "-" "Mozilla/5.0 (Windows NT 6.1; WOW64; rv:40.0) Gecko/20100101 Firefox/40.1"
www.nspw.org:80 5.36.179.114 - - [04/May/2018:15:10:10 -0400] "GET / HTTP/1.1" 302 528 "-" "Mozilla/5.0 (Windows NT 6.1; WOW64; rv:40.0) Gecko/20100101 Firefox/40.1"
www.nspw.org:80 66.249.64.206 - - [04/May/2018:15:10:27 -0400] "GET /papers/2013-pre/nsphd-anthro.pdf HTTP/1.1" 302 593 "-" "Googlebot/2.1 (+http://www.google.com/bot.html)"
www.nspw.org:80 66.249.64.15 - - [04/May/2018:15:11:47 -0400] "GET /robots.txt HTTP/1.1" 302 545 "-" "Mozilla/5.0 (compatible; Googlebot/2.1; +http://www.google.com/bot.html)"
www.nspw.org:80 66.249.64.17 - - [04/May/2018:15:11:47 -0400] "GET /papers/2002/nspw2002-ahamad.pdf HTTP/1.1" 302 587 "-" "Googlebot/2.1 (+http://www.google.com/bot.html)"
www.nspw.org:80 66.249.64.208 - - [04/May/2018:15:12:37 -0400] "GET /papers/1997/nspw1997-somayaji.pdf HTTP/1.1" 302 595 "-" "Googlebot/2.1 (+http://www.google.com/bot.html)"
www.nspw.org:80 69.162.124.227 - - [04/May/2018:15:12:40 -0400] "HEAD / HTTP/1.1" 302 188 "http://nspw.org/" "Mozilla/5.0+(compatible; UptimeRobot/2.0; http://www.uptimerobot.com/)"
www.nspw.org:80 194.187.170.141 - - [04/May/2018:15:13:45 -0400] "GET /2008/index.content HTTP/1.1" 302 528 "-" "Mozilla/5.0 (compatible; Qwantify/2.4w; +https://www.qwant.com/)/2.4w"
www.nspw.org:80 216.244.66.247 - - [04/May/2018:15:15:25 -0400] "GET /robots.txt HTTP/1.1" 302 493 "-" "Mozilla/5.0 (compatible; DotBot/1.1; http://www.opensiteexplorer.org/dotbot, help@moz.com)"
www.nspw.org:80 216.244.66.200 - - [04/May/2018:15:15:49 -0400] "GET /2007/invite/reg.html HTTP/1.1" 302 513 "-" "Mozilla/5.0 (compatible; DotBot/1.1; http://www.opensiteexplorer.org/dotbot, help@moz.com)"
www.nspw.org:80 173.66.81.56 - - [04/May/2018:15:15:58 -0400] "GET / HTTP/1.1" 302 529 "-" "Mozilla/5.0 (Android 4.4.4; Mobile; rv:59.0) Gecko/59.0 Firefox/59.0"
www.nspw.org:80 ::1 - - [04/May/2018:15:16:24 -0400] "OPTIONS * HTTP/1.0" 200 126 "-" "Apache/2.4.29 (Ubuntu) OpenSSL/1.1.0g (internal dummy connection)"
www.nspw.org:80 ::1 - - [04/May/2018:15:16:26 -0400] "OPTIONS * HTTP/1.0" 200 126 "-" "Apache/2.4.29 (Ubuntu) OpenSSL/1.1.0g (internal dummy connection)"
www.nspw.org:80 ::1 - - [04/May/2018:15:16:27 -0400] "OPTIONS * HTTP/1.0" 200 126 "-" "Apache/2.4.29 (Ubuntu) OpenSSL/1.1.0g (internal dummy connection)"
www.nspw.org:80 149.3.125.59 - - [04/May/2018:15:17:33 -0400] "GET /wp-login.php HTTP/1.1" 302 553 "-" "Mozilla/5.0 (Windows NT 6.1; WOW64; rv:40.0) Gecko/20100101 Firefox/40.1"
www.nspw.org:80 149.3.125.59 - - [04/May/2018:15:17:34 -0400] "GET / HTTP/1.1" 302 528 "-" "Mozilla/5.0 (Windows NT 6.1; WOW64; rv:40.0) Gecko/20100101 Firefox/40.1"
www.nspw.org:80 69.162.124.227 - - [04/May/2018:15:17:40 -0400] "HEAD / HTTP/1.1" 302 188 "http://nspw.org/" "Mozilla/5.0+(compatible; UptimeRobot/2.0; http://www.uptimerobot.com/)"
www.nspw.org:80 39.51.212.44 - - [04/May/2018:15:18:21 -0400] "GET /wp-login.php HTTP/1.1" 302 553 "-" "Mozilla/5.0 (Windows NT 6.1; WOW64; rv:40.0) Gecko/20100101 Firefox/40.1"
www.nspw.org:80 159.89.174.40 - - [04/May/2018:15:18:53 -0400] "GET / HTTP/1.1" 302 469 "-" "Mozilla/5.0 (X11; Linux x86_64) AppleWebKit/537.36 (KHTML, like Gecko) Chrome/63.0.3239.108 Safari/537.36"
www.nspw.org:80 190.163.93.14 - - [04/May/2018:15:18:59 -0400] "GET /wp-login.php HTTP/1.1" 302 553 "-" "Mozilla/5.0 (Windows NT 6.1; WOW64; rv:40.0) Gecko/20100101 Firefox/40.1"
www.nspw.org:80 190.163.93.14 - - [04/May/2018:15:19:00 -0400] "GET / HTTP/1.1" 302 528 "-" "Mozilla/5.0 (Windows NT 6.1; WOW64; rv:40.0) Gecko/20100101 Firefox/40.1"
www.nspw.org:80 194.187.170.141 - - [04/May/2018:15:19:18 -0400] "GET /papers/2008/?C=N;O=D HTTP/1.1" 302 532 "-" "Mozilla/5.0 (compatible; Qwantify/2.4w; +https://www.qwant.com/)/2.4w"
www.nspw.org:80 100.43.91.123 - - [04/May/2018:15:20:57 -0400] "GET /papers/2009/nspw2009-johnson.pdf HTTP/1.1" 302 593 "-" "Mozilla/5.0 (compatible; YandexBot/3.0; +http://yandex.com/bots)"
www.nspw.org:80 69.162.124.227 - - [04/May/2018:15:22:40 -0400] "HEAD / HTTP/1.1" 302 188 "http://nspw.org/" "Mozilla/5.0+(compatible; UptimeRobot/2.0; http://www.uptimerobot.com/)"
www.nspw.org:80 69.162.124.227 - - [04/May/2018:15:27:40 -0400] "HEAD / HTTP/1.1" 302 188 "http://nspw.org/" "Mozilla/5.0+(compatible; UptimeRobot/2.0; http://www.uptimerobot.com/)"
www.nspw.org:80 40.77.167.202 - - [04/May/2018:15:28:11 -0400] "GET /papers/2010/nspw2010-bishop.pdf HTTP/1.1" 302 591 "-" "Mozilla/5.0 (compatible; bingbot/2.0; +http://www.bing.com/bingbot.htm)"
www.nspw.org:80 194.187.170.141 - - [04/May/2018:15:30:01 -0400] "GET /2008/nspw2008-cfpTwk.html HTTP/1.1" 302 542 "-" "Mozilla/5.0 (compatible; Qwantify/2.4w; +https://www.qwant.com/)/2.4w"
www.nspw.org:80 79.45.174.246 - - [04/May/2018:15:31:21 -0400] "GET /wp-login.php HTTP/1.1" 302 553 "-" "Mozilla/5.0 (Windows NT 6.1; WOW64; rv:40.0) Gecko/20100101 Firefox/40.1"
www.nspw.org:80 79.45.174.246 - - [04/May/2018:15:31:23 -0400] "GET / HTTP/1.1" 302 528 "-" "Mozilla/5.0 (Windows NT 6.1; WOW64; rv:40.0) Gecko/20100101 Firefox/40.1"
www.nspw.org:80 66.249.64.210 - - [04/May/2018:15:32:07 -0400] "GET /current/oc.shtml HTTP/1.1" 302 561 "-" "Mozilla/5.0 (compatible; Googlebot/2.1; +http://www.google.com/bot.html)"
www.nspw.org:80 69.162.124.227 - - [04/May/2018:15:32:40 -0400] "HEAD / HTTP/1.1" 302 188 "http://nspw.org/" "Mozilla/5.0+(compatible; UptimeRobot/2.0; http://www.uptimerobot.com/)"
www.nspw.org:80 220.181.125.142 - - [04/May/2018:15:33:29 -0400] "GET /robots.txt HTTP/1.1" 302 512 "-" "Sogou web spider/4.0(+http://www.sogou.com/docs/help/webmasters.htm#07)"
www.nspw.org:80 220.181.125.142 - - [04/May/2018:15:33:30 -0400] "GET /papers/2011/nspw2011-bishop.pdf HTTP/1.1" 302 554 "-" "Sogou web spider/4.0(+http://www.sogou.com/docs/help/webmasters.htm#07)"
www.nspw.org:80 220.181.125.142 - - [04/May/2018:15:33:40 -0400] "GET / HTTP/1.1" 302 492 "-" "Sogou web spider/4.0(+http://www.sogou.com/docs/help/webmasters.htm#07)"
www.nspw.org:80 194.187.170.141 - - [04/May/2018:15:35:19 -0400] "GET /2008/oc.tba HTTP/1.1" 302 514 "-" "Mozilla/5.0 (compatible; Qwantify/2.4w; +https://www.qwant.com/)/2.4w"
www.nspw.org:80 216.244.66.200 - - [04/May/2018:15:36:02 -0400] "GET /robots.txt HTTP/1.1" 302 493 "-" "Mozilla/5.0 (compatible; DotBot/1.1; http://www.opensiteexplorer.org/dotbot, help@moz.com)"
www.nspw.org:80 69.162.124.227 - - [04/May/2018:15:37:40 -0400] "HEAD / HTTP/1.1" 302 188 "http://nspw.org/" "Mozilla/5.0+(compatible; UptimeRobot/2.0; http://www.uptimerobot.com/)"
www.nspw.org:80 93.158.161.149 - - [04/May/2018:15:39:01 -0400] "GET /2009/proceedings/1999/nspw1999-erlingsson.pdf HTTP/1.1" 302 619 "-" "Mozilla/5.0 (compatible; YandexBot/3.0; +http://yandex.com/bots)"
www.nspw.org:80 194.187.170.141 - - [04/May/2018:15:39:44 -0400] "GET /2008/pc.content.2008 HTTP/1.1" 302 532 "-" "Mozilla/5.0 (compatible; Qwantify/2.4w; +https://www.qwant.com/)/2.4w"
www.nspw.org:80 66.249.64.210 - - [04/May/2018:15:40:07 -0400] "GET /current/pc.shtml HTTP/1.1" 302 561 "-" "Mozilla/5.0 (compatible; Googlebot/2.1; +http://www.google.com/bot.html)"
www.nspw.org:80 167.99.109.48 - - [04/May/2018:15:40:15 -0400] "GET / HTTP/1.1" 302 473 "-" "Mozilla/5.0 (X11; Ubuntu; Linux x86_64; rv:55.0) Gecko/20100101 Firefox/55.0"
www.nspw.org:80 69.162.124.227 - - [04/May/2018:15:42:40 -0400] "HEAD / HTTP/1.1" 302 188 "http://nspw.org/" "Mozilla/5.0+(compatible; UptimeRobot/2.0; http://www.uptimerobot.com/)"
www.nspw.org:80 89.79.88.55 - - [04/May/2018:15:45:57 -0400] "GET /wp-login.php HTTP/1.1" 302 553 "-" "Mozilla/5.0 (Windows NT 6.1; WOW64; rv:40.0) Gecko/20100101 Firefox/40.1"
www.nspw.org:80 89.79.88.55 - - [04/May/2018:15:45:58 -0400] "GET / HTTP/1.1" 302 528 "-" "Mozilla/5.0 (Windows NT 6.1; WOW64; rv:40.0) Gecko/20100101 Firefox/40.1"
www.nspw.org:80 69.162.124.227 - - [04/May/2018:15:47:40 -0400] "HEAD / HTTP/1.1" 302 188 "http://nspw.org/" "Mozilla/5.0+(compatible; UptimeRobot/2.0; http://www.uptimerobot.com/)"
www.nspw.org:80 86.41.112.85 - - [04/May/2018:15:47:49 -0400] "GET /wp-login.php HTTP/1.1" 302 553 "-" "Mozilla/5.0 (Windows NT 6.1; WOW64; rv:40.0) Gecko/20100101 Firefox/40.1"
www.nspw.org:80 86.41.112.85 - - [04/May/2018:15:47:49 -0400] "GET / HTTP/1.1" 302 528 "-" "Mozilla/5.0 (Windows NT 6.1; WOW64; rv:40.0) Gecko/20100101 Firefox/40.1"
www.nspw.org:80 ::1 - - [04/May/2018:15:49:32 -0400] "OPTIONS * HTTP/1.0" 200 126 "-" "Apache/2.4.29 (Ubuntu) OpenSSL/1.1.0g (internal dummy connection)"
www.nspw.org:80 ::1 - - [04/May/2018:15:50:07 -0400] "OPTIONS * HTTP/1.0" 200 126 "-" "Apache/2.4.29 (Ubuntu) OpenSSL/1.1.0g (internal dummy connection)"
www.nspw.org:80 ::1 - - [04/May/2018:15:50:08 -0400] "OPTIONS * HTTP/1.0" 200 126 "-" "Apache/2.4.29 (Ubuntu) OpenSSL/1.1.0g (internal dummy connection)"
www.nspw.org:80 14.215.176.11 - - [04/May/2018:15:50:55 -0400] "GET / HTTP/1.1" 302 525 "http://www.baidu.com/s?wd=NJ4" "Mozilla/5.0 (Windows NT 6.1; WOW64; rv:43.0) Gecko/20100101 Firefox/43.0"
www.nspw.org:80 180.76.15.6 - - [04/May/2018:15:51:02 -0400] "GET / HTTP/1.1" 302 492 "-" "Mozilla/5.0 (compatible; Baiduspider/2.0; +http://www.baidu.com/search/spider.html)"
www.nspw.org:80 ::1 - - [04/May/2018:15:51:03 -0400] "OPTIONS * HTTP/1.0" 200 126 "-" "Apache/2.4.29 (Ubuntu) OpenSSL/1.1.0g (internal dummy connection)"
www.nspw.org:80 ::1 - - [04/May/2018:15:51:04 -0400] "OPTIONS * HTTP/1.0" 200 126 "-" "Apache/2.4.29 (Ubuntu) OpenSSL/1.1.0g (internal dummy connection)"
www.nspw.org:80 180.76.15.24 - - [04/May/2018:15:52:02 -0400] "GET /papers/1998/nspw1998-phillips.pdf HTTP/1.1" 302 558 "-" "Mozilla/5.0 (compatible; Baiduspider/2.0; +http://www.baidu.com/search/spider.html)"
www.nspw.org:80 84.201.133.45 - - [04/May/2018:15:52:11 -0400] "GET /papers/2003/nspw2003-jones.pdf HTTP/1.1" 302 589 "-" "Mozilla/5.0 (compatible; YandexBot/3.0; +http://yandex.com/bots)"
www.nspw.org:80 177.106.120.171 - - [04/May/2018:15:52:36 -0400] "GET /wp-login.php HTTP/1.1" 302 553 "-" "Mozilla/5.0 (Windows NT 6.1; WOW64; rv:40.0) Gecko/20100101 Firefox/40.1"
www.nspw.org:80 177.106.120.171 - - [04/May/2018:15:52:38 -0400] "GET / HTTP/1.1" 302 528 "-" "Mozilla/5.0 (Windows NT 6.1; WOW64; rv:40.0) Gecko/20100101 Firefox/40.1"
www.nspw.org:80 69.162.124.227 - - [04/May/2018:15:52:40 -0400] "HEAD / HTTP/1.1" 302 188 "http://nspw.org/" "Mozilla/5.0+(compatible; UptimeRobot/2.0; http://www.uptimerobot.com/)"
www.nspw.org:80 180.76.15.158 - - [04/May/2018:15:53:02 -0400] "GET /2005/?C=N;O=D HTTP/1.1" 302 518 "-" "Mozilla/5.0 (compatible; Baiduspider/2.0; +http://www.baidu.com/search/spider.html)"
www.nspw.org:80 180.76.15.27 - - [04/May/2018:15:54:02 -0400] "GET /2015/cfp HTTP/1.1" 302 508 "-" "Mozilla/5.0 (compatible; Baiduspider/2.0; +http://www.baidu.com/search/spider.html)"
www.nspw.org:80 194.187.170.141 - - [04/May/2018:15:54:03 -0400] "GET /2008/cfp2008.pdf HTTP/1.1" 302 524 "-" "Mozilla/5.0 (compatible; Qwantify/2.4w; +https://www.qwant.com/)/2.4w"
www.nspw.org:80 77.75.78.170 - - [04/May/2018:15:54:06 -0400] "GET /robots.txt HTTP/1.1" 302 549 "-" "Mozilla/5.0 (compatible; SeznamBot/3.2; +http://napoveda.seznam.cz/en/seznambot-intro/)"
www.nspw.org:80 77.75.78.170 - - [04/May/2018:15:54:09 -0400] "GET /2006/submission.content HTTP/1.1" 302 575 "-" "Mozilla/5.0 (compatible; SeznamBot/3.2; +http://napoveda.seznam.cz/en/seznambot-intro/)"
www.nspw.org:80 77.75.78.170 - - [04/May/2018:15:54:10 -0400] "GET /2003/submission.shtml HTTP/1.1" 302 570 "-" "Mozilla/5.0 (compatible; SeznamBot/3.2; +http://napoveda.seznam.cz/en/seznambot-intro/)"
www.nspw.org:80 77.75.78.170 - - [04/May/2018:15:54:11 -0400] "GET /proceedings/2001 HTTP/1.1" 302 560 "-" "Mozilla/5.0 (compatible; SeznamBot/3.2; +http://napoveda.seznam.cz/en/seznambot-intro/)"
www.nspw.org:80 77.75.78.170 - - [04/May/2018:15:54:11 -0400] "GET /2009/queens.jpg HTTP/1.1" 302 558 "-" "Mozilla/5.0 (compatible; SeznamBot/3.2; +http://napoveda.seznam.cz/en/seznambot-intro/)"
www.nspw.org:80 77.75.78.170 - - [04/May/2018:15:54:11 -0400] "GET /2003/oc.shtml HTTP/1.1" 302 554 "-" "Mozilla/5.0 (compatible; SeznamBot/3.2; +http://napoveda.seznam.cz/en/seznambot-intro/)"
www.nspw.org:80 77.75.78.170 - - [04/May/2018:15:54:12 -0400] "GET /2000/pc.html HTTP/1.1" 302 552 "-" "Mozilla/5.0 (compatible; SeznamBot/3.2; +http://napoveda.seznam.cz/en/seznambot-intro/)"
www.nspw.org:80 14.215.176.8 - - [04/May/2018:15:54:27 -0400] "GET / HTTP/1.1" 302 529 "http://www.baidu.com/s?wd=Z65" "Mozilla/5.0 (Windows NT 6.1; WOW64; rv:43.0) Gecko/20100101 Firefox/43.0"
www.nspw.org:80 ::1 - - [04/May/2018:15:54:37 -0400] "OPTIONS * HTTP/1.0" 200 126 "-" "Apache/2.4.29 (Ubuntu) OpenSSL/1.1.0g (internal dummy connection)"
www.nspw.org:80 194.187.170.141 - - [04/May/2018:15:54:38 -0400] "GET /2008/?C=D;O=A HTTP/1.1" 302 518 "-" "Mozilla/5.0 (compatible; Qwantify/2.4w; +https://www.qwant.com/)/2.4w"
www.nspw.org:80 169.233.213.43 - - [04/May/2018:15:54:45 -0400] "GET /current/ HTTP/1.1" 302 545 "-" "Mozilla/5.0 (Macintosh; Intel Mac OS X 10_13_4) AppleWebKit/605.1.15 (KHTML, like Gecko)"
www.nspw.org:80 169.233.213.43 - - [04/May/2018:15:54:46 -0400] "GET /current/ HTTP/1.1" 302 544 "-" "\"Mozilla/5.0 (iPhone; CPU iPhone OS 11_0 like Mac OS X) AppleWebKit/604.1.38 (KHTML, like Gecko) Version/11.0 Mobile/15A372 Safari/604.1\""
www.nspw.org:80 180.76.15.145 - - [04/May/2018:15:55:02 -0400] "GET /cfp/nspw2018-cfp.pdf HTTP/1.1" 302 532 "-" "Mozilla/5.0 (compatible; Baiduspider/2.0; +http://www.baidu.com/search/spider.html)"
www.nspw.org:80 ::1 - - [04/May/2018:15:55:56 -0400] "OPTIONS * HTTP/1.0" 200 126 "-" "Apache/2.4.29 (Ubuntu) OpenSSL/1.1.0g (internal dummy connection)"
www.nspw.org:80 180.76.15.142 - - [04/May/2018:15:56:02 -0400] "GET /2004/nspw2004program.pdf HTTP/1.1" 302 540 "-" "Mozilla/5.0 (compatible; Baiduspider/2.0; +http://www.baidu.com/search/spider.html)"
www.nspw.org:80 110.54.244.224 - - [04/May/2018:15:56:18 -0400] "GET /wp-login.php HTTP/1.1" 302 553 "-" "Mozilla/5.0 (Windows NT 6.1; WOW64; rv:40.0) Gecko/20100101 Firefox/40.1"
www.nspw.org:80 110.54.244.224 - - [04/May/2018:15:56:27 -0400] "GET / HTTP/1.1" 302 529 "-" "Mozilla/5.0 (Windows NT 6.1; WOW64; rv:40.0) Gecko/20100101 Firefox/40.1"
www.nspw.org:80 194.187.170.141 - - [04/May/2018:15:56:48 -0400] "GET /2008/invite-old/ HTTP/1.1" 302 524 "-" "Mozilla/5.0 (compatible; Qwantify/2.4w; +https://www.qwant.com/)/2.4w"
www.nspw.org:80 180.76.15.142 - - [04/May/2018:15:57:02 -0400] "GET /papers/2008/nspw2008-beautement.pdf HTTP/1.1" 302 562 "-" "Mozilla/5.0 (compatible; Baiduspider/2.0; +http://www.baidu.com/search/spider.html)"
www.nspw.org:80 69.162.124.227 - - [04/May/2018:15:57:40 -0400] "HEAD / HTTP/1.1" 302 188 "http://nspw.org/" "Mozilla/5.0+(compatible; UptimeRobot/2.0; http://www.uptimerobot.com/)"
www.nspw.org:80 146.120.56.182 - - [04/May/2018:15:57:54 -0400] "GET /wp-login.php HTTP/1.1" 302 553 "-" "Mozilla/5.0 (Windows NT 6.1; WOW64; rv:40.0) Gecko/20100101 Firefox/40.1"
www.nspw.org:80 146.120.56.182 - - [04/May/2018:15:57:55 -0400] "GET / HTTP/1.1" 302 528 "-" "Mozilla/5.0 (Windows NT 6.1; WOW64; rv:40.0) Gecko/20100101 Firefox/40.1"
www.nspw.org:80 180.76.15.33 - - [04/May/2018:15:58:02 -0400] "GET /papers/2005/nspw2005-backmatter.pdf HTTP/1.1" 302 562 "-" "Mozilla/5.0 (compatible; Baiduspider/2.0; +http://www.baidu.com/search/spider.html)"
www.nspw.org:80 183.82.215.30 - - [04/May/2018:15:58:20 -0400] "GET /wp-login.php HTTP/1.1" 302 553 "-" "Mozilla/5.0 (Windows NT 6.1; WOW64; rv:40.0) Gecko/20100101 Firefox/40.1"
www.nspw.org:80 183.82.215.30 - - [04/May/2018:15:58:22 -0400] "GET / HTTP/1.1" 302 528 "-" "Mozilla/5.0 (Windows NT 6.1; WOW64; rv:40.0) Gecko/20100101 Firefox/40.1"
www.nspw.org:80 159.146.45.124 - - [04/May/2018:15:58:53 -0400] "GET /wp-login.php HTTP/1.1" 302 553 "-" "Mozilla/5.0 (Windows NT 6.1; WOW64; rv:40.0) Gecko/20100101 Firefox/40.1"
www.nspw.org:80 159.146.45.124 - - [04/May/2018:15:58:55 -0400] "GET / HTTP/1.1" 302 528 "-" "Mozilla/5.0 (Windows NT 6.1; WOW64; rv:40.0) Gecko/20100101 Firefox/40.1"
