www.nspw.org:80 69.162.124.227 - - [28/Apr/2018:06:25:15 -0400] "HEAD / HTTP/1.1" 302 188 "http://nspw.org/" "Mozilla/5.0+(compatible; UptimeRobot/2.0; http://www.uptimerobot.com/)"
www.nspw.org:80 185.232.20.242 - - [28/Apr/2018:06:25:45 -0400] "GET /user/login HTTP/1.1" 302 489 "http://nspw.org/user/login" "Mozilla/5.0 (Windows NT 10.0; WOW64) AppleWebKit/537.36 (KHTML, like Gecko) Chrome/62.0.3198.0 Safari/537.36 OPR/49.0.2711.0"
www.nspw.org:80 185.232.20.242 - - [28/Apr/2018:06:25:45 -0400] "GET /user/login HTTP/1.1" 302 489 "http://nspw.org/user/login" "Mozilla/5.0 (Windows NT 10.0; WOW64) AppleWebKit/537.36 (KHTML, like Gecko) Chrome/62.0.3198.0 Safari/537.36 OPR/49.0.2711.0"
www.nspw.org:80 185.232.20.242 - - [28/Apr/2018:06:25:46 -0400] "GET /user/login HTTP/1.1" 302 489 "http://nspw.org/user/login" "Mozilla/5.0 (Windows NT 10.0; WOW64) AppleWebKit/537.36 (KHTML, like Gecko) Chrome/62.0.3198.0 Safari/537.36 OPR/49.0.2711.0"
www.nspw.org:80 40.77.167.194 - - [28/Apr/2018:06:26:15 -0400] "GET /papers/2000/nspw2000-schudel.pdf HTTP/1.1" 302 593 "-" "Mozilla/5.0 (compatible; bingbot/2.0; +http://www.bing.com/bingbot.htm)"
www.nspw.org:80 89.200.9.208 - - [28/Apr/2018:06:26:18 -0400] "GET / HTTP/1.1" 302 529 "-" "Mozilla/5.0 (iPhone; CPU iPhone OS 11_3 like Mac OS X) AppleWebKit/605.1.15 (KHTML, like Gecko) Version/11.0 Mobile/15E148 Safari/604.1"
www.nspw.org:80 69.162.124.227 - - [28/Apr/2018:06:30:15 -0400] "HEAD / HTTP/1.1" 302 188 "http://nspw.org/" "Mozilla/5.0+(compatible; UptimeRobot/2.0; http://www.uptimerobot.com/)"
www.nspw.org:80 203.192.239.148 - - [28/Apr/2018:06:30:22 -0400] "GET /wp-login.php HTTP/1.1" 302 553 "-" "Mozilla/5.0 (Windows NT 6.1; WOW64; rv:40.0) Gecko/20100101 Firefox/40.1"
www.nspw.org:80 203.192.239.148 - - [28/Apr/2018:06:30:26 -0400] "GET / HTTP/1.1" 302 528 "-" "Mozilla/5.0 (Windows NT 6.1; WOW64; rv:40.0) Gecko/20100101 Firefox/40.1"
www.nspw.org:80 157.55.39.100 - - [28/Apr/2018:06:31:39 -0400] "GET /2005/cfp/latex/tr.pdf HTTP/1.1" 302 571 "-" "Mozilla/5.0 (compatible; bingbot/2.0; +http://www.bing.com/bingbot.htm)"
www.nspw.org:80 66.160.140.180 - - [28/Apr/2018:06:31:53 -0400] "GET /robots.txt HTTP/1.1" 302 549 "-" "The Knowledge AI"
www.nspw.org:80 66.160.140.180 - - [28/Apr/2018:06:32:12 -0400] "GET /current/ HTTP/1.1" 302 545 "-" "The Knowledge AI"
www.nspw.org:80 66.249.73.82 - - [28/Apr/2018:06:34:27 -0400] "GET /papers/2001/nspw2001-hosmer.pdf HTTP/1.1" 302 591 "-" "Mozilla/5.0 (compatible; Googlebot/2.1; +http://www.google.com/bot.html)"
www.nspw.org:80 178.255.215.92 - - [28/Apr/2018:06:34:37 -0400] "GET /robots.txt HTTP/1.1" 302 512 "-" "Mozilla/5.0 (compatible; Exabot/3.0; +http://www.exabot.com/go/robot)"
www.nspw.org:80 178.255.215.92 - - [28/Apr/2018:06:34:37 -0400] "GET /papers/2007/nspw2007-somayaji.pdf HTTP/1.1" 302 558 "-" "Mozilla/5.0 (compatible; Exabot/3.0; +http://www.exabot.com/go/robot)"
www.nspw.org:80 69.162.124.227 - - [28/Apr/2018:06:35:15 -0400] "HEAD / HTTP/1.1" 302 188 "http://nspw.org/" "Mozilla/5.0+(compatible; UptimeRobot/2.0; http://www.uptimerobot.com/)"
www.nspw.org:80 40.77.167.194 - - [28/Apr/2018:06:36:02 -0400] "GET /papers/2002/nspw2002-inoue.pdf HTTP/1.1" 302 589 "-" "Mozilla/5.0 (iPhone; CPU iPhone OS 7_0 like Mac OS X) AppleWebKit/537.51.1 (KHTML, like Gecko) Version/7.0 Mobile/11A465 Safari/9537.53 (compatible; bingbot/2.0; +http://www.bing.com/bingbot.htm)"
www.nspw.org:80 180.76.15.141 - - [28/Apr/2018:06:37:28 -0400] "GET /proceedings/2006 HTTP/1.1" 302 535 "-" "Mozilla/5.0 (compatible; Baiduspider/2.0; +http://www.baidu.com/search/spider.html)"
www.nspw.org:80 66.249.73.80 - - [28/Apr/2018:06:37:37 -0400] "GET /papers/2001/nspw2001-blakley.pdf HTTP/1.1" 302 593 "-" "Mozilla/5.0 (compatible; Googlebot/2.1; +http://www.google.com/bot.html)"
www.nspw.org:80 36.110.211.41 - - [28/Apr/2018:06:37:41 -0400] "GET / HTTP/1.1" 302 529 "http://www.so.com/" "Mozilla/5.0 (Windows NT 6.2; rv:30.0) Gecko/20150101 Firefox/32.0 360Spider 360Spider"
www.nspw.org:80 ::1 - - [28/Apr/2018:06:37:49 -0400] "OPTIONS * HTTP/1.0" 200 126 "-" "Apache/2.4.29 (Ubuntu) OpenSSL/1.1.0g (internal dummy connection)"
www.nspw.org:80 ::1 - - [28/Apr/2018:06:37:50 -0400] "OPTIONS * HTTP/1.0" 200 126 "-" "Apache/2.4.29 (Ubuntu) OpenSSL/1.1.0g (internal dummy connection)"
www.nspw.org:80 66.249.73.80 - - [28/Apr/2018:06:39:12 -0400] "GET /papers/2011/nspw2011-bishop.pdf HTTP/1.1" 302 591 "-" "Mozilla/5.0 (compatible; Googlebot/2.1; +http://www.google.com/bot.html)"
www.nspw.org:80 157.55.39.100 - - [28/Apr/2018:06:39:53 -0400] "GET /papers/2009/nspw2009-jakobsson.pdf HTTP/1.1" 302 597 "-" "Mozilla/5.0 (iPhone; CPU iPhone OS 7_0 like Mac OS X) AppleWebKit/537.51.1 (KHTML, like Gecko) Version/7.0 Mobile/11A465 Safari/9537.53 (compatible; bingbot/2.0; +http://www.bing.com/bingbot.htm)"
www.nspw.org:80 207.46.13.52 - - [28/Apr/2018:06:40:08 -0400] "GET /papers/2005/nspw2005-mcdermott.pdf HTTP/1.1" 302 597 "-" "Mozilla/5.0 (iPhone; CPU iPhone OS 7_0 like Mac OS X) AppleWebKit/537.51.1 (KHTML, like Gecko) Version/7.0 Mobile/11A465 Safari/9537.53 (compatible; bingbot/2.0; +http://www.bing.com/bingbot.htm)"
www.nspw.org:80 69.162.124.227 - - [28/Apr/2018:06:40:15 -0400] "HEAD / HTTP/1.1" 302 188 "http://nspw.org/" "Mozilla/5.0+(compatible; UptimeRobot/2.0; http://www.uptimerobot.com/)"
www.nspw.org:80 66.249.73.78 - - [28/Apr/2018:06:42:23 -0400] "GET /papers/2006/nspw2006-crawford.pdf HTTP/1.1" 302 595 "-" "Mozilla/5.0 (compatible; Googlebot/2.1; +http://www.google.com/bot.html)"
www.nspw.org:80 66.249.73.80 - - [28/Apr/2018:06:43:58 -0400] "GET /papers/2005/nspw2005-peisert.pdf HTTP/1.1" 302 593 "-" "Mozilla/5.0 (compatible; Googlebot/2.1; +http://www.google.com/bot.html)"
www.nspw.org:80 112.207.186.46 - - [28/Apr/2018:06:45:00 -0400] "GET /wp-login.php HTTP/1.1" 302 553 "-" "Mozilla/5.0 (Windows NT 6.1; WOW64; rv:40.0) Gecko/20100101 Firefox/40.1"
www.nspw.org:80 112.207.186.46 - - [28/Apr/2018:06:45:02 -0400] "GET / HTTP/1.1" 302 528 "-" "Mozilla/5.0 (Windows NT 6.1; WOW64; rv:40.0) Gecko/20100101 Firefox/40.1"
www.nspw.org:80 69.162.124.227 - - [28/Apr/2018:06:45:15 -0400] "HEAD / HTTP/1.1" 302 188 "http://nspw.org/" "Mozilla/5.0+(compatible; UptimeRobot/2.0; http://www.uptimerobot.com/)"
www.nspw.org:80 66.249.73.80 - - [28/Apr/2018:06:45:33 -0400] "GET /papers/2005/nspw2005-ford.pdf HTTP/1.1" 302 587 "-" "Mozilla/5.0 (compatible; Googlebot/2.1; +http://www.google.com/bot.html)"
www.nspw.org:80 40.77.167.167 - - [28/Apr/2018:06:45:52 -0400] "GET /papers/1993/nspw1993-schaefer.pdf HTTP/1.1" 302 595 "-" "Mozilla/5.0 (compatible; bingbot/2.0; +http://www.bing.com/bingbot.htm)"
www.nspw.org:80 88.172.218.96 - - [28/Apr/2018:06:48:24 -0400] "GET /wp-login.php HTTP/1.1" 302 553 "-" "Mozilla/5.0 (Windows NT 6.1; WOW64; rv:40.0) Gecko/20100101 Firefox/40.1"
www.nspw.org:80 88.172.218.96 - - [28/Apr/2018:06:48:25 -0400] "GET / HTTP/1.1" 302 528 "-" "Mozilla/5.0 (Windows NT 6.1; WOW64; rv:40.0) Gecko/20100101 Firefox/40.1"
www.nspw.org:80 158.69.133.31 - - [28/Apr/2018:06:49:07 -0400] "POST /ps.php HTTP/1.1" 302 481 "-" "curl/7.47.0"
www.nspw.org:80 70.42.131.170 - - [28/Apr/2018:06:49:07 -0400] "GET / HTTP/1.1" 302 525 "-" "Mozilla/4.0 (compatible; MSIE 8.0; Windows NT 6.1; WOW64; Trident/4.0; SLCC2; .NET CLR 2.0.50727; .NET CLR 3.5.30729; .NET CLR 3.0.30729; Media Center PC 6.0; .NET4.0C; .NET4.0E; InfoPath.2)"
www.nspw.org:80 ::1 - - [28/Apr/2018:06:49:17 -0400] "OPTIONS * HTTP/1.0" 200 126 "-" "Apache/2.4.29 (Ubuntu) OpenSSL/1.1.0g (internal dummy connection)"
www.nspw.org:80 ::1 - - [28/Apr/2018:06:49:18 -0400] "OPTIONS * HTTP/1.0" 200 126 "-" "Apache/2.4.29 (Ubuntu) OpenSSL/1.1.0g (internal dummy connection)"
www.nspw.org:80 145.129.195.140 - - [28/Apr/2018:06:49:41 -0400] "GET /wp-login.php HTTP/1.1" 302 553 "-" "Mozilla/5.0 (Windows NT 6.1; WOW64; rv:40.0) Gecko/20100101 Firefox/40.1"
www.nspw.org:80 145.129.195.140 - - [28/Apr/2018:06:49:41 -0400] "GET / HTTP/1.1" 302 528 "-" "Mozilla/5.0 (Windows NT 6.1; WOW64; rv:40.0) Gecko/20100101 Firefox/40.1"
www.nspw.org:80 69.162.124.227 - - [28/Apr/2018:06:50:15 -0400] "HEAD / HTTP/1.1" 302 188 "http://nspw.org/" "Mozilla/5.0+(compatible; UptimeRobot/2.0; http://www.uptimerobot.com/)"
www.nspw.org:80 158.69.133.31 - - [28/Apr/2018:06:50:25 -0400] "POST /ps.php HTTP/1.1" 302 481 "-" "curl/7.47.0"
www.nspw.org:80 121.185.68.80 - - [28/Apr/2018:06:52:35 -0400] "GET /wp-login.php HTTP/1.1" 302 553 "-" "Mozilla/5.0 (Windows NT 6.1; WOW64; rv:40.0) Gecko/20100101 Firefox/40.1"
www.nspw.org:80 121.185.68.80 - - [28/Apr/2018:06:52:36 -0400] "GET / HTTP/1.1" 302 528 "-" "Mozilla/5.0 (Windows NT 6.1; WOW64; rv:40.0) Gecko/20100101 Firefox/40.1"
www.nspw.org:80 54.165.59.7 - - [28/Apr/2018:06:54:25 -0400] "GET /robots.txt HTTP/1.0" 302 512 "-" "ia_archiver"
www.nspw.org:80 54.165.59.7 - - [28/Apr/2018:06:54:25 -0400] "GET /proceedings HTTP/1.0" 302 514 "-" "ia_archiver"
www.nspw.org:80 66.249.73.80 - - [28/Apr/2018:06:55:04 -0400] "GET /papers/1999/nspw1999-olthoff-3.pdf HTTP/1.1" 302 597 "-" "Mozilla/5.0 (compatible; Googlebot/2.1; +http://www.google.com/bot.html)"
www.nspw.org:80 69.162.124.227 - - [28/Apr/2018:06:55:15 -0400] "HEAD / HTTP/1.1" 302 188 "http://nspw.org/" "Mozilla/5.0+(compatible; UptimeRobot/2.0; http://www.uptimerobot.com/)"
www.nspw.org:80 196.52.43.106 - - [28/Apr/2018:06:58:47 -0400] "GET / HTTP/1.1" 400 0 "-" "-"
www.nspw.org:80 157.55.39.100 - - [28/Apr/2018:06:58:53 -0400] "GET /papers/2001/nspw2001-yan.pdf HTTP/1.1" 302 585 "-" "Mozilla/5.0 (iPhone; CPU iPhone OS 7_0 like Mac OS X) AppleWebKit/537.51.1 (KHTML, like Gecko) Version/7.0 Mobile/11A465 Safari/9537.53 (compatible; bingbot/2.0; +http://www.bing.com/bingbot.htm)"
www.nspw.org:80 69.162.124.227 - - [28/Apr/2018:07:00:16 -0400] "HEAD / HTTP/1.1" 302 188 "http://nspw.org/" "Mozilla/5.0+(compatible; UptimeRobot/2.0; http://www.uptimerobot.com/)"
www.nspw.org:80 51.15.251.229 - - [28/Apr/2018:07:00:17 -0400] "GET /index.php/?q=user HTTP/1.1" 302 503 "-" "Mozilla/5.0 (X11; Ubuntu; Linux i686 on x86_64) AppleWebKit/537.36 (KHTML, like Gecko) Chrome/54.0.2877.57 Safari/537.36"
www.nspw.org:80 66.249.73.78 - - [28/Apr/2018:07:00:47 -0400] "GET /2005/PC/paul%20van%20oorschot.pdf HTTP/1.1" 302 595 "-" "Googlebot/2.1 (+http://www.google.com/bot.html)"
www.nspw.org:80 88.98.217.109 - - [28/Apr/2018:07:01:08 -0400] "GET /2013/cfp HTTP/1.1" 302 545 "-" "Mozilla/5.0 (iPhone; CPU iPhone OS 11_2_6 like Mac OS X) AppleWebKit/604.5.6 (KHTML, like Gecko) Version/11.0 Mobile/15D100 Safari/604.1"
www.nspw.org:80 180.76.15.163 - - [28/Apr/2018:07:04:32 -0400] "GET /modules/system/system.messages.css?p7kfx6 HTTP/1.1" 302 570 "-" "Mozilla/5.0 (compatible; Baiduspider/2.0; +http://www.baidu.com/search/spider.html)"
www.nspw.org:80 69.162.124.227 - - [28/Apr/2018:07:05:15 -0400] "HEAD / HTTP/1.1" 302 188 "http://nspw.org/" "Mozilla/5.0+(compatible; UptimeRobot/2.0; http://www.uptimerobot.com/)"
www.nspw.org:80 178.209.24.157 - - [28/Apr/2018:07:05:56 -0400] "GET /wp-login.php HTTP/1.1" 302 553 "-" "Mozilla/5.0 (Windows NT 6.1; WOW64; rv:40.0) Gecko/20100101 Firefox/40.1"
www.nspw.org:80 178.209.24.157 - - [28/Apr/2018:07:05:58 -0400] "GET / HTTP/1.1" 302 528 "-" "Mozilla/5.0 (Windows NT 6.1; WOW64; rv:40.0) Gecko/20100101 Firefox/40.1"
www.nspw.org:80 66.249.73.80 - - [28/Apr/2018:07:06:10 -0400] "GET /papers/1997/nspw1997-meadows.pdf HTTP/1.1" 302 593 "-" "Mozilla/5.0 (compatible; Googlebot/2.1; +http://www.google.com/bot.html)"
www.nspw.org:80 66.249.65.103 - - [28/Apr/2018:07:07:11 -0400] "GET /robots.txt HTTP/1.1" 302 560 "-" "Mozilla/5.0 (compatible; Googlebot/2.1; +http://www.google.com/bot.html)"
www.nspw.org:80 66.249.65.107 - - [28/Apr/2018:07:07:11 -0400] "GET /misc/drupal.js?nhfa6e HTTP/1.1" 302 582 "http://pinter.ccsl.carleton.ca/registration/payment" "Mozilla/5.0 (compatible; Googlebot/2.1; +http://www.google.com/bot.html)"
www.nspw.org:80 66.249.65.103 - - [28/Apr/2018:07:07:12 -0400] "GET /misc/jquery.once.js?v=1.2 HTTP/1.1" 302 589 "http://pinter.ccsl.carleton.ca/registration/payment" "Mozilla/5.0 (compatible; Googlebot/2.1; +http://www.google.com/bot.html)"
www.nspw.org:80 66.249.65.107 - - [28/Apr/2018:07:07:12 -0400] "GET /modules/node/node.css?nhfa6e HTTP/1.1" 302 595 "http://pinter.ccsl.carleton.ca/registration/payment" "Mozilla/5.0 (compatible; Googlebot/2.1; +http://www.google.com/bot.html)"
www.nspw.org:80 66.249.65.103 - - [28/Apr/2018:07:07:13 -0400] "GET /modules/system/system.theme.css?nhfa6e HTTP/1.1" 302 615 "http://pinter.ccsl.carleton.ca/registration/payment" "Mozilla/5.0 (compatible; Googlebot/2.1; +http://www.google.com/bot.html)"
www.nspw.org:80 66.249.65.107 - - [28/Apr/2018:07:07:13 -0400] "GET /modules/user/user.css?nhfa6e HTTP/1.1" 302 595 "http://pinter.ccsl.carleton.ca/registration/payment" "Mozilla/5.0 (compatible; Googlebot/2.1; +http://www.google.com/bot.html)"
www.nspw.org:80 66.249.65.107 - - [28/Apr/2018:07:07:14 -0400] "GET /modules/system/system.base.css?nhfa6e HTTP/1.1" 302 613 "http://pinter.ccsl.carleton.ca/registration/payment" "Mozilla/5.0 (compatible; Googlebot/2.1; +http://www.google.com/bot.html)"
www.nspw.org:80 66.249.65.103 - - [28/Apr/2018:07:07:14 -0400] "GET /modules/system/system.messages.css?nhfa6e HTTP/1.1" 302 621 "http://pinter.ccsl.carleton.ca/registration/payment" "Mozilla/5.0 (compatible; Googlebot/2.1; +http://www.google.com/bot.html)"
www.nspw.org:80 66.249.65.103 - - [28/Apr/2018:07:07:15 -0400] "GET /misc/jquery.js?v=1.4.4 HTTP/1.1" 302 583 "http://pinter.ccsl.carleton.ca/registration/payment" "Mozilla/5.0 (compatible; Googlebot/2.1; +http://www.google.com/bot.html)"
www.nspw.org:80 66.249.65.105 - - [28/Apr/2018:07:07:15 -0400] "GET /modules/field/theme/field.css?nhfa6e HTTP/1.1" 302 612 "http://pinter.ccsl.carleton.ca/registration/payment" "Mozilla/5.0 (compatible; Googlebot/2.1; +http://www.google.com/bot.html)"
www.nspw.org:80 66.249.65.105 - - [28/Apr/2018:07:07:16 -0400] "GET /modules/comment/comment.css?nhfa6e HTTP/1.1" 302 607 "http://pinter.ccsl.carleton.ca/registration/payment" "Mozilla/5.0 (compatible; Googlebot/2.1; +http://www.google.com/bot.html)"
www.nspw.org:80 66.249.65.103 - - [28/Apr/2018:07:07:16 -0400] "GET /modules/system/system.menus.css?nhfa6e HTTP/1.1" 302 615 "http://pinter.ccsl.carleton.ca/registration/payment" "Mozilla/5.0 (compatible; Googlebot/2.1; +http://www.google.com/bot.html)"
www.nspw.org:80 66.249.65.105 - - [28/Apr/2018:07:07:17 -0400] "GET /themes/garland/print.css?nhfa6e HTTP/1.1" 302 601 "http://pinter.ccsl.carleton.ca/registration/payment" "Mozilla/5.0 (compatible; Googlebot/2.1; +http://www.google.com/bot.html)"
www.nspw.org:80 ::1 - - [28/Apr/2018:07:07:22 -0400] "OPTIONS * HTTP/1.0" 200 126 "-" "Apache/2.4.29 (Ubuntu) OpenSSL/1.1.0g (internal dummy connection)"
www.nspw.org:80 183.83.247.79 - - [28/Apr/2018:07:07:26 -0400] "GET /wp-login.php HTTP/1.1" 302 553 "-" "Mozilla/5.0 (Windows NT 6.1; WOW64; rv:40.0) Gecko/20100101 Firefox/40.1"
www.nspw.org:80 183.83.247.79 - - [28/Apr/2018:07:07:28 -0400] "GET / HTTP/1.1" 302 528 "-" "Mozilla/5.0 (Windows NT 6.1; WOW64; rv:40.0) Gecko/20100101 Firefox/40.1"
www.nspw.org:80 117.203.75.26 - - [28/Apr/2018:07:07:38 -0400] "GET /wp-login.php HTTP/1.1" 302 553 "-" "Mozilla/5.0 (Windows NT 6.1; WOW64; rv:40.0) Gecko/20100101 Firefox/40.1"
www.nspw.org:80 117.203.75.26 - - [28/Apr/2018:07:07:43 -0400] "GET / HTTP/1.1" 302 528 "-" "Mozilla/5.0 (Windows NT 6.1; WOW64; rv:40.0) Gecko/20100101 Firefox/40.1"
www.nspw.org:80 106.120.160.75 - - [28/Apr/2018:07:07:56 -0400] "GET / HTTP/1.1" 302 473 "http://www.so.com" "Mozilla/5.0 (Windows NT 6.2; rv:30.0) Gecko/20150101 Firefox/32.0 360Spider 360Spider"
www.nspw.org:80 69.162.124.227 - - [28/Apr/2018:07:10:15 -0400] "HEAD / HTTP/1.1" 302 188 "http://nspw.org/" "Mozilla/5.0+(compatible; UptimeRobot/2.0; http://www.uptimerobot.com/)"
www.nspw.org:80 66.249.73.78 - - [28/Apr/2018:07:12:30 -0400] "GET /papers/1996/nspw1996-olawsky.pdf HTTP/1.1" 302 593 "-" "Mozilla/5.0 (compatible; Googlebot/2.1; +http://www.google.com/bot.html)"
www.nspw.org:80 110.151.115.186 - - [28/Apr/2018:07:13:10 -0400] "GET /wp-login.php HTTP/1.1" 302 553 "-" "Mozilla/5.0 (Windows NT 6.1; WOW64; rv:40.0) Gecko/20100101 Firefox/40.1"
www.nspw.org:80 110.151.115.186 - - [28/Apr/2018:07:13:11 -0400] "GET / HTTP/1.1" 302 528 "-" "Mozilla/5.0 (Windows NT 6.1; WOW64; rv:40.0) Gecko/20100101 Firefox/40.1"
www.nspw.org:80 154.72.161.90 - - [28/Apr/2018:07:13:35 -0400] "GET /wp-login.php HTTP/1.1" 302 553 "-" "Mozilla/5.0 (Windows NT 6.1; WOW64; rv:40.0) Gecko/20100101 Firefox/40.1"
www.nspw.org:80 154.72.161.90 - - [28/Apr/2018:07:13:39 -0400] "GET / HTTP/1.1" 302 528 "-" "Mozilla/5.0 (Windows NT 6.1; WOW64; rv:40.0) Gecko/20100101 Firefox/40.1"
www.nspw.org:80 69.162.124.227 - - [28/Apr/2018:07:15:15 -0400] "HEAD / HTTP/1.1" 302 188 "http://nspw.org/" "Mozilla/5.0+(compatible; UptimeRobot/2.0; http://www.uptimerobot.com/)"
www.nspw.org:80 172.56.11.202 - - [28/Apr/2018:07:15:20 -0400] "GET /papers/2007/nspw2007-mannan.pdf HTTP/1.1" 302 591 "-" "Mozilla/5.0 (iPhone; CPU iPhone OS 11_2_5 like Mac OS X) AppleWebKit/604.5.6 (KHTML, like Gecko) Version/11.0 Mobile/15D60 Safari/604.1"
www.nspw.org:80 103.90.75.200 - - [28/Apr/2018:07:16:15 -0400] "GET /wp-login.php HTTP/1.1" 302 553 "-" "Mozilla/5.0 (Windows NT 6.1; WOW64; rv:40.0) Gecko/20100101 Firefox/40.1"
www.nspw.org:80 103.90.75.200 - - [28/Apr/2018:07:16:19 -0400] "GET / HTTP/1.1" 302 528 "-" "Mozilla/5.0 (Windows NT 6.1; WOW64; rv:40.0) Gecko/20100101 Firefox/40.1"
www.nspw.org:80 66.249.73.78 - - [28/Apr/2018:07:17:16 -0400] "GET /papers/1996/nspw1996-millen.pdf HTTP/1.1" 302 591 "-" "Mozilla/5.0 (compatible; Googlebot/2.1; +http://www.google.com/bot.html)"
www.nspw.org:80 43.239.81.148 - - [28/Apr/2018:07:18:00 -0400] "GET /wp-login.php HTTP/1.1" 302 553 "-" "Mozilla/5.0 (Windows NT 6.1; WOW64; rv:40.0) Gecko/20100101 Firefox/40.1"
www.nspw.org:80 43.239.81.148 - - [28/Apr/2018:07:18:02 -0400] "GET / HTTP/1.1" 302 528 "-" "Mozilla/5.0 (Windows NT 6.1; WOW64; rv:40.0) Gecko/20100101 Firefox/40.1"
www.nspw.org:80 216.244.66.200 - - [28/Apr/2018:07:19:22 -0400] "GET /papers/2013/?C=M;O=A HTTP/1.1" 302 513 "-" "Mozilla/5.0 (compatible; DotBot/1.1; http://www.opensiteexplorer.org/dotbot, help@moz.com)"
www.nspw.org:80 69.162.124.227 - - [28/Apr/2018:07:20:15 -0400] "HEAD / HTTP/1.1" 302 188 "http://nspw.org/" "Mozilla/5.0+(compatible; UptimeRobot/2.0; http://www.uptimerobot.com/)"
www.nspw.org:80 66.249.73.78 - - [28/Apr/2018:07:20:26 -0400] "GET /papers/2005/nspw2005-frontmatter.pdf HTTP/1.1" 302 601 "-" "Mozilla/5.0 (compatible; Googlebot/2.1; +http://www.google.com/bot.html)"
www.nspw.org:80 207.46.13.52 - - [28/Apr/2018:07:20:47 -0400] "GET /papers/2002/nspw2002-williams.pdf HTTP/1.1" 302 595 "-" "Mozilla/5.0 (iPhone; CPU iPhone OS 7_0 like Mac OS X) AppleWebKit/537.51.1 (KHTML, like Gecko) Version/7.0 Mobile/11A465 Safari/9537.53 (compatible; bingbot/2.0; +http://www.bing.com/bingbot.htm)"
www.nspw.org:80 207.46.13.52 - - [28/Apr/2018:07:22:16 -0400] "GET /papers/2007/nspw2007-mannan.pdf HTTP/1.1" 302 591 "-" "Mozilla/5.0 (iPhone; CPU iPhone OS 7_0 like Mac OS X) AppleWebKit/537.51.1 (KHTML, like Gecko) Version/7.0 Mobile/11A465 Safari/9537.53 (compatible; bingbot/2.0; +http://www.bing.com/bingbot.htm)"
www.nspw.org:80 117.201.180.21 - - [28/Apr/2018:07:23:26 -0400] "GET /wp-login.php HTTP/1.1" 302 553 "-" "Mozilla/5.0 (Windows NT 6.1; WOW64; rv:40.0) Gecko/20100101 Firefox/40.1"
www.nspw.org:80 117.201.180.21 - - [28/Apr/2018:07:23:35 -0400] "GET / HTTP/1.1" 302 529 "-" "Mozilla/5.0 (Windows NT 6.1; WOW64; rv:40.0) Gecko/20100101 Firefox/40.1"
www.nspw.org:80 ::1 - - [28/Apr/2018:07:24:35 -0400] "OPTIONS * HTTP/1.0" 200 126 "-" "Apache/2.4.29 (Ubuntu) OpenSSL/1.1.0g (internal dummy connection)"
www.nspw.org:80 ::1 - - [28/Apr/2018:07:24:42 -0400] "OPTIONS * HTTP/1.0" 200 126 "-" "Apache/2.4.29 (Ubuntu) OpenSSL/1.1.0g (internal dummy connection)"
www.nspw.org:80 54.36.148.144 - - [28/Apr/2018:07:25:04 -0400] "GET /2004/papers.content HTTP/1.1" 302 511 "-" "Mozilla/5.0 (compatible; AhrefsBot/5.2; +http://ahrefs.com/robot/)"
www.nspw.org:80 66.249.73.82 - - [28/Apr/2018:07:25:12 -0400] "GET /papers/2013/nspw2013-sundaramurthy.pdf HTTP/1.1" 302 605 "-" "Mozilla/5.0 (compatible; Googlebot/2.1; +http://www.google.com/bot.html)"
www.nspw.org:80 69.162.124.227 - - [28/Apr/2018:07:25:15 -0400] "HEAD / HTTP/1.1" 302 188 "http://nspw.org/" "Mozilla/5.0+(compatible; UptimeRobot/2.0; http://www.uptimerobot.com/)"
www.nspw.org:80 ::1 - - [28/Apr/2018:07:25:43 -0400] "OPTIONS * HTTP/1.0" 200 126 "-" "Apache/2.4.29 (Ubuntu) OpenSSL/1.1.0g (internal dummy connection)"
www.nspw.org:80 66.249.73.82 - - [28/Apr/2018:07:28:22 -0400] "GET /papers/2005/nspw2005-beznosov.pdf HTTP/1.1" 302 595 "-" "Mozilla/5.0 (compatible; Googlebot/2.1; +http://www.google.com/bot.html)"
www.nspw.org:80 138.204.141.144 - - [28/Apr/2018:07:28:25 -0400] "GET /wp-login.php HTTP/1.1" 302 553 "-" "Mozilla/5.0 (Windows NT 6.1; WOW64; rv:40.0) Gecko/20100101 Firefox/40.1"
www.nspw.org:80 138.204.141.144 - - [28/Apr/2018:07:28:27 -0400] "GET / HTTP/1.1" 302 528 "-" "Mozilla/5.0 (Windows NT 6.1; WOW64; rv:40.0) Gecko/20100101 Firefox/40.1"
www.nspw.org:80 66.249.73.82 - - [28/Apr/2018:07:29:57 -0400] "GET /papers/2005/nspw2005-schwarting.pdf HTTP/1.1" 302 599 "-" "Mozilla/5.0 (compatible; Googlebot/2.1; +http://www.google.com/bot.html)"
www.nspw.org:80 ::1 - - [28/Apr/2018:07:30:06 -0400] "OPTIONS * HTTP/1.0" 200 126 "-" "Apache/2.4.29 (Ubuntu) OpenSSL/1.1.0g (internal dummy connection)"
www.nspw.org:80 69.162.124.227 - - [28/Apr/2018:07:30:15 -0400] "HEAD / HTTP/1.1" 302 188 "http://nspw.org/" "Mozilla/5.0+(compatible; UptimeRobot/2.0; http://www.uptimerobot.com/)"
www.nspw.org:80 ::1 - - [28/Apr/2018:07:30:33 -0400] "OPTIONS * HTTP/1.0" 200 126 "-" "Apache/2.4.29 (Ubuntu) OpenSSL/1.1.0g (internal dummy connection)"
www.nspw.org:80 117.197.20.24 - - [28/Apr/2018:07:30:35 -0400] "GET /wp-login.php HTTP/1.1" 302 553 "-" "Mozilla/5.0 (Windows NT 6.1; WOW64; rv:40.0) Gecko/20100101 Firefox/40.1"
www.nspw.org:80 ::1 - - [28/Apr/2018:07:30:45 -0400] "OPTIONS * HTTP/1.0" 200 126 "-" "Apache/2.4.29 (Ubuntu) OpenSSL/1.1.0g (internal dummy connection)"
www.nspw.org:80 ::1 - - [28/Apr/2018:07:30:51 -0400] "OPTIONS * HTTP/1.0" 200 126 "-" "Apache/2.4.29 (Ubuntu) OpenSSL/1.1.0g (internal dummy connection)"
www.nspw.org:80 ::1 - - [28/Apr/2018:07:31:04 -0400] "OPTIONS * HTTP/1.0" 200 126 "-" "Apache/2.4.29 (Ubuntu) OpenSSL/1.1.0g (internal dummy connection)"
www.nspw.org:80 ::1 - - [28/Apr/2018:07:31:17 -0400] "OPTIONS * HTTP/1.0" 200 126 "-" "Apache/2.4.29 (Ubuntu) OpenSSL/1.1.0g (internal dummy connection)"
www.nspw.org:80 ::1 - - [28/Apr/2018:07:31:25 -0400] "OPTIONS * HTTP/1.0" 200 126 "-" "Apache/2.4.29 (Ubuntu) OpenSSL/1.1.0g (internal dummy connection)"
www.nspw.org:80 ::1 - - [28/Apr/2018:07:31:38 -0400] "OPTIONS * HTTP/1.0" 200 126 "-" "Apache/2.4.29 (Ubuntu) OpenSSL/1.1.0g (internal dummy connection)"
www.nspw.org:80 ::1 - - [28/Apr/2018:07:32:16 -0400] "OPTIONS * HTTP/1.0" 200 126 "-" "Apache/2.4.29 (Ubuntu) OpenSSL/1.1.0g (internal dummy connection)"
www.nspw.org:80 ::1 - - [28/Apr/2018:07:32:25 -0400] "OPTIONS * HTTP/1.0" 200 126 "-" "Apache/2.4.29 (Ubuntu) OpenSSL/1.1.0g (internal dummy connection)"
www.nspw.org:80 86.98.33.205 - - [28/Apr/2018:07:32:29 -0400] "GET /wp-login.php HTTP/1.1" 302 553 "-" "Mozilla/5.0 (Windows NT 6.1; WOW64; rv:40.0) Gecko/20100101 Firefox/40.1"
www.nspw.org:80 86.98.33.205 - - [28/Apr/2018:07:32:33 -0400] "GET / HTTP/1.1" 302 528 "-" "Mozilla/5.0 (Windows NT 6.1; WOW64; rv:40.0) Gecko/20100101 Firefox/40.1"
www.nspw.org:80 ::1 - - [28/Apr/2018:07:32:39 -0400] "OPTIONS * HTTP/1.0" 200 126 "-" "Apache/2.4.29 (Ubuntu) OpenSSL/1.1.0g (internal dummy connection)"
www.nspw.org:80 43.241.58.23 - - [28/Apr/2018:07:33:04 -0400] "GET /papers/2012/ HTTP/1.0" 302 516 "-" "Mozilla/5.0 (compatible; AhrefsBot/5.2; +http://ahrefs.com/robot/)"
www.nspw.org:80 ::1 - - [28/Apr/2018:07:33:13 -0400] "OPTIONS * HTTP/1.0" 200 126 "-" "Apache/2.4.29 (Ubuntu) OpenSSL/1.1.0g (internal dummy connection)"
www.nspw.org:80 ::1 - - [28/Apr/2018:07:34:07 -0400] "OPTIONS * HTTP/1.0" 200 126 "-" "Apache/2.4.29 (Ubuntu) OpenSSL/1.1.0g (internal dummy connection)"
www.nspw.org:80 40.77.167.167 - - [28/Apr/2018:07:34:17 -0400] "GET /papers/2009/nspw2009-johnson.pdf HTTP/1.1" 302 589 "-" "Mozilla/5.0 (iPhone; CPU iPhone OS 7_0 like Mac OS X) AppleWebKit/537.51.1 (KHTML, like Gecko) Version/7.0 Mobile/11A465 Safari/9537.53 (compatible; bingbot/2.0; +http://www.bing.com/bingbot.htm)"
www.nspw.org:80 66.249.73.82 - - [28/Apr/2018:07:34:43 -0400] "GET /papers/2008/nspw2008-julisch.pdf HTTP/1.1" 302 593 "-" "Mozilla/5.0 (compatible; Googlebot/2.1; +http://www.google.com/bot.html)"
www.nspw.org:80 216.244.66.200 - - [28/Apr/2018:07:35:14 -0400] "GET /robots.txt HTTP/1.1" 302 493 "-" "Mozilla/5.0 (compatible; DotBot/1.1; http://www.opensiteexplorer.org/dotbot, help@moz.com)"
www.nspw.org:80 69.162.124.227 - - [28/Apr/2018:07:35:15 -0400] "HEAD / HTTP/1.1" 302 188 "http://nspw.org/" "Mozilla/5.0+(compatible; UptimeRobot/2.0; http://www.uptimerobot.com/)"
www.nspw.org:80 103.43.112.97 - - [28/Apr/2018:07:35:35 -0400] "GET /robots.txt HTTP/1.1" 302 549 "-" "Mozilla/5.0 (Windows NT 10.0; Win64; x64) AppleWebKit/537.36 (KHTML, like Gecko) Chrome/60.0.3112.113 Safari/537.36"
www.nspw.org:80 66.249.73.78 - - [28/Apr/2018:07:36:18 -0400] "GET /papers/2006/nspw2006-gates.pdf HTTP/1.1" 302 589 "-" "Mozilla/5.0 (compatible; Googlebot/2.1; +http://www.google.com/bot.html)"
www.nspw.org:80 124.104.251.56 - - [28/Apr/2018:07:36:22 -0400] "GET /wp-login.php HTTP/1.1" 302 553 "-" "Mozilla/5.0 (Windows NT 6.1; WOW64; rv:40.0) Gecko/20100101 Firefox/40.1"
www.nspw.org:80 124.104.251.56 - - [28/Apr/2018:07:36:24 -0400] "GET / HTTP/1.1" 302 528 "-" "Mozilla/5.0 (Windows NT 6.1; WOW64; rv:40.0) Gecko/20100101 Firefox/40.1"
www.nspw.org:80 119.160.96.52 - - [28/Apr/2018:07:36:28 -0400] "GET /wp-login.php HTTP/1.1" 302 553 "-" "Mozilla/5.0 (Windows NT 6.1; WOW64; rv:40.0) Gecko/20100101 Firefox/40.1"
www.nspw.org:80 119.160.96.52 - - [28/Apr/2018:07:36:29 -0400] "GET / HTTP/1.1" 302 528 "-" "Mozilla/5.0 (Windows NT 6.1; WOW64; rv:40.0) Gecko/20100101 Firefox/40.1"
www.nspw.org:80 66.249.73.82 - - [28/Apr/2018:07:37:53 -0400] "GET /papers/2003/nspw2003-flechais.pdf HTTP/1.1" 302 595 "-" "Mozilla/5.0 (compatible; Googlebot/2.1; +http://www.google.com/bot.html)"
www.nspw.org:80 37.111.130.77 - - [28/Apr/2018:07:38:03 -0400] "GET /wp-login.php HTTP/1.1" 302 553 "-" "Mozilla/5.0 (Windows NT 6.1; WOW64; rv:40.0) Gecko/20100101 Firefox/40.1"
www.nspw.org:80 37.111.130.77 - - [28/Apr/2018:07:38:05 -0400] "GET / HTTP/1.1" 302 528 "-" "Mozilla/5.0 (Windows NT 6.1; WOW64; rv:40.0) Gecko/20100101 Firefox/40.1"
www.nspw.org:80 66.249.73.78 - - [28/Apr/2018:07:39:28 -0400] "GET /papers/2005/nspw2005-flechais.pdf HTTP/1.1" 302 595 "-" "Mozilla/5.0 (compatible; Googlebot/2.1; +http://www.google.com/bot.html)"
www.nspw.org:80 66.249.73.82 - - [28/Apr/2018:07:40:05 -0400] "GET /papers/1994/nspw1994-dobson.pdf HTTP/1.1" 302 591 "-" "Mozilla/5.0 (compatible; Googlebot/2.1; +http://www.google.com/bot.html)"
www.nspw.org:80 69.162.124.227 - - [28/Apr/2018:07:40:15 -0400] "HEAD / HTTP/1.1" 302 188 "http://nspw.org/" "Mozilla/5.0+(compatible; UptimeRobot/2.0; http://www.uptimerobot.com/)"
www.nspw.org:80 106.120.160.75 - - [28/Apr/2018:07:41:06 -0400] "GET / HTTP/1.1" 302 473 "http://www.so.com" "Mozilla/5.0 (Windows NT 6.2; rv:30.0) Gecko/20150101 Firefox/32.0 360Spider 360Spider"
www.nspw.org:80 66.249.73.82 - - [28/Apr/2018:07:42:38 -0400] "GET /papers/2006/nspw2006-naegoe.pdf HTTP/1.1" 302 591 "-" "Mozilla/5.0 (compatible; Googlebot/2.1; +http://www.google.com/bot.html)"
www.nspw.org:80 64.212.74.238 - - [28/Apr/2018:07:43:36 -0400] "GET /wp-login.php HTTP/1.1" 302 553 "-" "Mozilla/5.0 (Windows NT 6.1; WOW64; rv:40.0) Gecko/20100101 Firefox/40.1"
www.nspw.org:80 64.212.74.238 - - [28/Apr/2018:07:43:37 -0400] "GET / HTTP/1.1" 302 528 "-" "Mozilla/5.0 (Windows NT 6.1; WOW64; rv:40.0) Gecko/20100101 Firefox/40.1"
www.nspw.org:80 66.249.73.80 - - [28/Apr/2018:07:44:14 -0400] "GET /papers/2003/nspw2003-alkassar.pdf HTTP/1.1" 302 595 "-" "Mozilla/5.0 (compatible; Googlebot/2.1; +http://www.google.com/bot.html)"
www.nspw.org:80 69.162.124.227 - - [28/Apr/2018:07:45:15 -0400] "HEAD / HTTP/1.1" 302 188 "http://nspw.org/" "Mozilla/5.0+(compatible; UptimeRobot/2.0; http://www.uptimerobot.com/)"
www.nspw.org:80 66.249.73.82 - - [28/Apr/2018:07:45:49 -0400] "GET /papers/2010/nspw2010-moore.pdf HTTP/1.1" 302 589 "-" "Mozilla/5.0 (compatible; Googlebot/2.1; +http://www.google.com/bot.html)"
www.nspw.org:80 188.241.235.80 - - [28/Apr/2018:07:46:15 -0400] "GET /wp-login.php HTTP/1.1" 302 553 "-" "Mozilla/5.0 (Windows NT 6.1; WOW64; rv:40.0) Gecko/20100101 Firefox/40.1"
www.nspw.org:80 188.241.235.80 - - [28/Apr/2018:07:46:17 -0400] "GET / HTTP/1.1" 302 528 "-" "Mozilla/5.0 (Windows NT 6.1; WOW64; rv:40.0) Gecko/20100101 Firefox/40.1"
www.nspw.org:80 66.249.73.78 - - [28/Apr/2018:07:47:24 -0400] "GET /papers/2005/nspw2005-bishop-pos.pdf HTTP/1.1" 302 599 "-" "Mozilla/5.0 (compatible; Googlebot/2.1; +http://www.google.com/bot.html)"
www.nspw.org:80 66.249.73.82 - - [28/Apr/2018:07:48:59 -0400] "GET /papers/2010/nspw2010-lilien.pdf HTTP/1.1" 302 591 "-" "Mozilla/5.0 (compatible; Googlebot/2.1; +http://www.google.com/bot.html)"
www.nspw.org:80 69.162.124.227 - - [28/Apr/2018:07:50:15 -0400] "HEAD / HTTP/1.1" 302 188 "http://nspw.org/" "Mozilla/5.0+(compatible; UptimeRobot/2.0; http://www.uptimerobot.com/)"
www.nspw.org:80 66.249.73.78 - - [28/Apr/2018:07:50:34 -0400] "GET /papers/1997/nspw1997-moskowitz.pdf HTTP/1.1" 302 597 "-" "Mozilla/5.0 (compatible; Googlebot/2.1; +http://www.google.com/bot.html)"
www.nspw.org:80 66.249.73.78 - - [28/Apr/2018:07:52:09 -0400] "GET /papers/2011/nspw2011-bicakci.pdf HTTP/1.1" 302 593 "-" "Mozilla/5.0 (compatible; Googlebot/2.1; +http://www.google.com/bot.html)"
www.nspw.org:80 ::1 - - [28/Apr/2018:07:53:01 -0400] "OPTIONS * HTTP/1.0" 200 126 "-" "Apache/2.4.29 (Ubuntu) OpenSSL/1.1.0g (internal dummy connection)"
www.nspw.org:80 ::1 - - [28/Apr/2018:07:53:35 -0400] "OPTIONS * HTTP/1.0" 200 126 "-" "Apache/2.4.29 (Ubuntu) OpenSSL/1.1.0g (internal dummy connection)"
www.nspw.org:80 ::1 - - [28/Apr/2018:07:53:40 -0400] "OPTIONS * HTTP/1.0" 200 126 "-" "Apache/2.4.29 (Ubuntu) OpenSSL/1.1.0g (internal dummy connection)"
www.nspw.org:80 ::1 - - [28/Apr/2018:07:53:44 -0400] "OPTIONS * HTTP/1.0" 200 126 "-" "Apache/2.4.29 (Ubuntu) OpenSSL/1.1.0g (internal dummy connection)"
www.nspw.org:80 106.193.229.228 - - [28/Apr/2018:07:53:48 -0400] "GET /wp-login.php HTTP/1.1" 302 553 "-" "Mozilla/5.0 (Windows NT 6.1; WOW64; rv:40.0) Gecko/20100101 Firefox/40.1"
www.nspw.org:80 106.193.229.228 - - [28/Apr/2018:07:53:50 -0400] "GET / HTTP/1.1" 302 528 "-" "Mozilla/5.0 (Windows NT 6.1; WOW64; rv:40.0) Gecko/20100101 Firefox/40.1"
www.nspw.org:80 ::1 - - [28/Apr/2018:07:54:02 -0400] "OPTIONS * HTTP/1.0" 200 126 "-" "Apache/2.4.29 (Ubuntu) OpenSSL/1.1.0g (internal dummy connection)"
www.nspw.org:80 ::1 - - [28/Apr/2018:07:54:26 -0400] "OPTIONS * HTTP/1.0" 200 126 "-" "Apache/2.4.29 (Ubuntu) OpenSSL/1.1.0g (internal dummy connection)"
www.nspw.org:80 2.4.241.212 - - [28/Apr/2018:07:54:54 -0400] "GET /wp-login.php HTTP/1.1" 302 549 "-" "Mozilla/5.0 (Windows NT 6.1; WOW64; rv:40.0) Gecko/20100101 Firefox/40.1"
www.nspw.org:80 2.4.241.212 - - [28/Apr/2018:07:54:58 -0400] "GET / HTTP/1.1" 302 524 "-" "Mozilla/5.0 (Windows NT 6.1; WOW64; rv:40.0) Gecko/20100101 Firefox/40.1"
www.nspw.org:80 ::1 - - [28/Apr/2018:07:55:04 -0400] "OPTIONS * HTTP/1.0" 200 126 "-" "Apache/2.4.29 (Ubuntu) OpenSSL/1.1.0g (internal dummy connection)"
www.nspw.org:80 69.162.124.227 - - [28/Apr/2018:07:55:15 -0400] "HEAD / HTTP/1.1" 302 188 "http://nspw.org/" "Mozilla/5.0+(compatible; UptimeRobot/2.0; http://www.uptimerobot.com/)"
www.nspw.org:80 ::1 - - [28/Apr/2018:07:55:26 -0400] "OPTIONS * HTTP/1.0" 200 126 "-" "Apache/2.4.29 (Ubuntu) OpenSSL/1.1.0g (internal dummy connection)"
www.nspw.org:80 ::1 - - [28/Apr/2018:07:55:57 -0400] "OPTIONS * HTTP/1.0" 200 126 "-" "Apache/2.4.29 (Ubuntu) OpenSSL/1.1.0g (internal dummy connection)"
www.nspw.org:80 40.77.167.194 - - [28/Apr/2018:07:56:31 -0400] "GET /papers/1996/nspw1996-chuang.pdf HTTP/1.1" 302 587 "-" "Mozilla/5.0 (iPhone; CPU iPhone OS 7_0 like Mac OS X) AppleWebKit/537.51.1 (KHTML, like Gecko) Version/7.0 Mobile/11A465 Safari/9537.53 (compatible; bingbot/2.0; +http://www.bing.com/bingbot.htm)"
www.nspw.org:80 107.193.242.108 - - [28/Apr/2018:07:57:05 -0400] "GET /wp-login.php HTTP/1.1" 302 553 "-" "Mozilla/5.0 (Windows NT 6.1; WOW64; rv:40.0) Gecko/20100101 Firefox/40.1"
www.nspw.org:80 107.193.242.108 - - [28/Apr/2018:07:57:06 -0400] "GET / HTTP/1.1" 302 528 "-" "Mozilla/5.0 (Windows NT 6.1; WOW64; rv:40.0) Gecko/20100101 Firefox/40.1"
www.nspw.org:80 40.77.167.167 - - [28/Apr/2018:07:57:45 -0400] "GET /papers/2008/nspw2008-molloy.pdf HTTP/1.1" 302 591 "-" "Mozilla/5.0 (iPhone; CPU iPhone OS 7_0 like Mac OS X) AppleWebKit/537.51.1 (KHTML, like Gecko) Version/7.0 Mobile/11A465 Safari/9537.53 (compatible; bingbot/2.0; +http://www.bing.com/bingbot.htm)"
www.nspw.org:80 62.73.125.125 - - [28/Apr/2018:07:57:54 -0400] "GET /wp-login.php HTTP/1.1" 302 553 "-" "Mozilla/5.0 (Windows NT 6.1; WOW64; rv:40.0) Gecko/20100101 Firefox/40.1"
www.nspw.org:80 62.73.125.125 - - [28/Apr/2018:07:57:57 -0400] "GET / HTTP/1.1" 302 528 "-" "Mozilla/5.0 (Windows NT 6.1; WOW64; rv:40.0) Gecko/20100101 Firefox/40.1"
www.nspw.org:80 52.36.204.2 - - [28/Apr/2018:07:58:48 -0400] "HEAD /papers/2009/nspw2009-jakobsson.pdf HTTP/1.1" 302 222 "-" "Mozilla/5.0 (X11; CrOS armv7l 8743.85.0) AppleWebKit/537.36 (KHTML, like Gecko) Chrome/54.0.2840.101 Safari/537.36"
www.nspw.org:80 52.36.204.2 - - [28/Apr/2018:07:58:49 -0400] "GET /papers/2009/nspw2009-jakobsson.pdf HTTP/1.1" 302 556 "-" "Mozilla/5.0 (Macintosh; Intel Mac OS X 10_10_4) AppleWebKit/600.7.12 (KHTML, like Gecko) Version/8.0.7 Safari/600.7.12"
www.nspw.org:80 69.162.124.227 - - [28/Apr/2018:08:00:15 -0400] "HEAD / HTTP/1.1" 302 188 "http://nspw.org/" "Mozilla/5.0+(compatible; UptimeRobot/2.0; http://www.uptimerobot.com/)"
www.nspw.org:80 66.249.73.80 - - [28/Apr/2018:08:00:24 -0400] "GET /papers/1994/nspw1994-spalka.pdf HTTP/1.1" 302 591 "-" "Mozilla/5.0 (compatible; Googlebot/2.1; +http://www.google.com/bot.html)"
www.nspw.org:80 157.55.39.100 - - [28/Apr/2018:08:02:53 -0400] "GET /papers/2001/nspw2001-bruschi.pdf HTTP/1.1" 302 593 "-" "Mozilla/5.0 (iPhone; CPU iPhone OS 7_0 like Mac OS X) AppleWebKit/537.51.1 (KHTML, like Gecko) Version/7.0 Mobile/11A465 Safari/9537.53 (compatible; bingbot/2.0; +http://www.bing.com/bingbot.htm)"
www.nspw.org:80 66.249.73.82 - - [28/Apr/2018:08:04:51 -0400] "GET /papers/1996/nspw1996-baker.pdf HTTP/1.1" 302 589 "-" "Mozilla/5.0 (compatible; Googlebot/2.1; +http://www.google.com/bot.html)"
www.nspw.org:80 69.162.124.227 - - [28/Apr/2018:08:05:15 -0400] "HEAD / HTTP/1.1" 302 188 "http://nspw.org/" "Mozilla/5.0+(compatible; UptimeRobot/2.0; http://www.uptimerobot.com/)"
www.nspw.org:80 157.44.127.94 - - [28/Apr/2018:08:05:47 -0400] "GET /wp-login.php HTTP/1.1" 302 553 "-" "Mozilla/5.0 (Windows NT 6.1; WOW64; rv:40.0) Gecko/20100101 Firefox/40.1"
www.nspw.org:80 157.44.127.94 - - [28/Apr/2018:08:05:49 -0400] "GET / HTTP/1.1" 302 529 "-" "Mozilla/5.0 (Windows NT 6.1; WOW64; rv:40.0) Gecko/20100101 Firefox/40.1"
www.nspw.org:80 54.36.149.35 - - [28/Apr/2018:08:06:57 -0400] "GET /papers/1994/nspw1994-ovchinnikov.pdf?sa=U&ved=0ahUKEwjn44a7mZvUAhXG24MKHRcCAYUQFghBMAk&usg=AFQjCNEF-_N2I-7_6AnLji1kaX7al82Cgw HTTP/1.1" 302 731 "-" "Mozilla/5.0 (compatible; AhrefsBot/5.2; +http://ahrefs.com/robot/)"
www.nspw.org:80 66.249.73.78 - - [28/Apr/2018:08:08:01 -0400] "GET /papers/1993/nspw1993-meadows.pdf HTTP/1.1" 302 593 "-" "Mozilla/5.0 (compatible; Googlebot/2.1; +http://www.google.com/bot.html)"
www.nspw.org:80 220.181.108.81 - - [28/Apr/2018:08:08:10 -0400] "GET /modules/field/theme/field.css?nhfa6e HTTP/1.1" 302 564 "-" "Mozilla/5.0 (compatible; Baiduspider/2.0; +http://www.baidu.com/search/spider.html)"
www.nspw.org:80 216.244.66.236 - - [28/Apr/2018:08:08:24 -0400] "GET /robots.txt HTTP/1.1" 302 493 "-" "Mozilla/5.0 (compatible; DotBot/1.1; http://www.opensiteexplorer.org/dotbot, help@moz.com)"
www.nspw.org:80 66.249.73.80 - - [28/Apr/2018:08:09:36 -0400] "GET /papers/2008/nspw2008-herley.pdf HTTP/1.1" 302 591 "-" "Mozilla/5.0 (compatible; Googlebot/2.1; +http://www.google.com/bot.html)"
www.nspw.org:80 69.162.124.227 - - [28/Apr/2018:08:10:15 -0400] "HEAD / HTTP/1.1" 302 188 "http://nspw.org/" "Mozilla/5.0+(compatible; UptimeRobot/2.0; http://www.uptimerobot.com/)"
www.nspw.org:80 89.216.151.162 - - [28/Apr/2018:08:10:33 -0400] "GET /wp-login.php HTTP/1.1" 302 553 "-" "Mozilla/5.0 (Windows NT 6.1; WOW64; rv:40.0) Gecko/20100101 Firefox/40.1"
www.nspw.org:80 89.216.151.162 - - [28/Apr/2018:08:10:34 -0400] "GET / HTTP/1.1" 302 528 "-" "Mozilla/5.0 (Windows NT 6.1; WOW64; rv:40.0) Gecko/20100101 Firefox/40.1"
www.nspw.org:80 185.232.20.242 - - [28/Apr/2018:08:11:09 -0400] "GET /user/login HTTP/1.1" 302 489 "http://nspw.org/user/login" "Mozilla/5.0 (Windows NT 10.0; WOW64) AppleWebKit/537.36 (KHTML, like Gecko) Chrome/62.0.3198.0 Safari/537.36 OPR/49.0.2711.0"
www.nspw.org:80 185.232.20.242 - - [28/Apr/2018:08:11:09 -0400] "GET /user/login HTTP/1.1" 302 489 "http://nspw.org/user/login" "Mozilla/5.0 (Windows NT 10.0; WOW64) AppleWebKit/537.36 (KHTML, like Gecko) Chrome/62.0.3198.0 Safari/537.36 OPR/49.0.2711.0"
www.nspw.org:80 185.232.20.242 - - [28/Apr/2018:08:11:10 -0400] "GET /user/login HTTP/1.1" 302 489 "http://nspw.org/user/login" "Mozilla/5.0 (Windows NT 10.0; WOW64) AppleWebKit/537.36 (KHTML, like Gecko) Chrome/62.0.3198.0 Safari/537.36 OPR/49.0.2711.0"
www.nspw.org:80 66.249.73.82 - - [28/Apr/2018:08:11:11 -0400] "GET /papers/2006/nspw2006-greenwald.pdf HTTP/1.1" 302 597 "-" "Mozilla/5.0 (compatible; Googlebot/2.1; +http://www.google.com/bot.html)"
www.nspw.org:80 216.244.66.200 - - [28/Apr/2018:08:11:57 -0400] "GET /2006/proceedings.shtml HTTP/1.1" 302 517 "-" "Mozilla/5.0 (compatible; DotBot/1.1; http://www.opensiteexplorer.org/dotbot, help@moz.com)"
www.nspw.org:80 66.249.73.80 - - [28/Apr/2018:08:12:46 -0400] "GET /papers/2005/nspw2005-van_oorschot.pdf HTTP/1.1" 302 603 "-" "Mozilla/5.0 (compatible; Googlebot/2.1; +http://www.google.com/bot.html)"
www.nspw.org:80 35.226.23.240 - - [28/Apr/2018:08:13:58 -0400] "GET /robots.txt HTTP/1.1" 302 512 "-" "ltx71 - (http://ltx71.com/)"
www.nspw.org:80 89.200.42.153 - - [28/Apr/2018:08:13:59 -0400] "GET / HTTP/1.1" 302 529 "-" "Mozilla/5.0 (iPhone; CPU iPhone OS 11_3 like Mac OS X) AppleWebKit/605.1.15 (KHTML, like Gecko) Version/11.0 Mobile/15E148 Safari/604.1"
www.nspw.org:80 66.249.73.82 - - [28/Apr/2018:08:14:21 -0400] "GET /papers/1997/nspw1997-timmerman.pdf HTTP/1.1" 302 597 "-" "Mozilla/5.0 (compatible; Googlebot/2.1; +http://www.google.com/bot.html)"
www.nspw.org:80 69.162.124.227 - - [28/Apr/2018:08:15:15 -0400] "HEAD / HTTP/1.1" 302 188 "http://nspw.org/" "Mozilla/5.0+(compatible; UptimeRobot/2.0; http://www.uptimerobot.com/)"
www.nspw.org:80 40.77.167.167 - - [28/Apr/2018:08:15:44 -0400] "GET /papers/2003/nspw2003-duvarney.pdf HTTP/1.1" 302 595 "-" "Mozilla/5.0 (iPhone; CPU iPhone OS 7_0 like Mac OS X) AppleWebKit/537.51.1 (KHTML, like Gecko) Version/7.0 Mobile/11A465 Safari/9537.53 (compatible; bingbot/2.0; +http://www.bing.com/bingbot.htm)"
www.nspw.org:80 157.55.39.100 - - [28/Apr/2018:08:15:46 -0400] "GET /2009/proceedings/2003/nspw2003-duvarney.pdf HTTP/1.1" 302 615 "-" "Mozilla/5.0 (compatible; bingbot/2.0; +http://www.bing.com/bingbot.htm)"
www.nspw.org:80 66.249.73.78 - - [28/Apr/2018:08:15:57 -0400] "GET /papers/2007/nspw2007-edwards.pdf HTTP/1.1" 302 593 "-" "Mozilla/5.0 (compatible; Googlebot/2.1; +http://www.google.com/bot.html)"
www.nspw.org:80 66.249.73.78 - - [28/Apr/2018:08:17:32 -0400] "GET /papers/2011/nspw2011-feigenbaum.pdf HTTP/1.1" 302 599 "-" "Mozilla/5.0 (compatible; Googlebot/2.1; +http://www.google.com/bot.html)"
www.nspw.org:80 54.36.148.36 - - [28/Apr/2018:08:18:19 -0400] "GET /2009/proceedings/2004/?C=N;O=D HTTP/1.1" 302 533 "-" "Mozilla/5.0 (compatible; AhrefsBot/5.2; +http://ahrefs.com/robot/)"
www.nspw.org:80 2.49.213.58 - - [28/Apr/2018:08:19:24 -0400] "GET /papers/2007/nspw2007-mannan.pdf HTTP/1.1" 302 591 "https://scholar.google.ae/" "Mozilla/5.0 (Windows NT 10.0; Win64; x64) AppleWebKit/537.36 (KHTML, like Gecko) Chrome/65.0.3325.181 Safari/537.36"
www.nspw.org:80 89.34.213.155 - - [28/Apr/2018:08:20:05 -0400] "GET /wp-login.php HTTP/1.1" 302 553 "-" "Mozilla/5.0 (Windows NT 6.1; WOW64; rv:40.0) Gecko/20100101 Firefox/40.1"
www.nspw.org:80 89.34.213.155 - - [28/Apr/2018:08:20:08 -0400] "GET / HTTP/1.1" 302 528 "-" "Mozilla/5.0 (Windows NT 6.1; WOW64; rv:40.0) Gecko/20100101 Firefox/40.1"
www.nspw.org:80 69.162.124.227 - - [28/Apr/2018:08:20:15 -0400] "HEAD / HTTP/1.1" 302 188 "http://nspw.org/" "Mozilla/5.0+(compatible; UptimeRobot/2.0; http://www.uptimerobot.com/)"
www.nspw.org:80 2.49.213.58 - - [28/Apr/2018:08:20:16 -0400] "-" 408 0 "-" "-"
www.nspw.org:80 2.49.213.58 - - [28/Apr/2018:08:20:16 -0400] "-" 408 0 "-" "-"
www.nspw.org:80 ::1 - - [28/Apr/2018:08:20:54 -0400] "OPTIONS * HTTP/1.0" 200 126 "-" "Apache/2.4.29 (Ubuntu) OpenSSL/1.1.0g (internal dummy connection)"
www.nspw.org:80 216.244.66.200 - - [28/Apr/2018:08:22:33 -0400] "GET /2007/?C=N;O=D HTTP/1.1" 302 499 "-" "Mozilla/5.0 (compatible; DotBot/1.1; http://www.opensiteexplorer.org/dotbot, help@moz.com)"
www.nspw.org:80 46.186.69.236 - - [28/Apr/2018:08:22:51 -0400] "GET /wp-login.php HTTP/1.1" 302 553 "-" "Mozilla/5.0 (Windows NT 6.1; WOW64; rv:40.0) Gecko/20100101 Firefox/40.1"
www.nspw.org:80 46.186.69.236 - - [28/Apr/2018:08:22:53 -0400] "GET / HTTP/1.1" 302 528 "-" "Mozilla/5.0 (Windows NT 6.1; WOW64; rv:40.0) Gecko/20100101 Firefox/40.1"
www.nspw.org:80 216.244.66.200 - - [28/Apr/2018:08:24:51 -0400] "GET /2003/?C=S;O=D HTTP/1.1" 302 499 "-" "Mozilla/5.0 (compatible; DotBot/1.1; http://www.opensiteexplorer.org/dotbot, help@moz.com)"
www.nspw.org:80 69.162.124.227 - - [28/Apr/2018:08:25:15 -0400] "HEAD / HTTP/1.1" 302 188 "http://nspw.org/" "Mozilla/5.0+(compatible; UptimeRobot/2.0; http://www.uptimerobot.com/)"
www.nspw.org:80 66.249.73.80 - - [28/Apr/2018:08:25:28 -0400] "GET /papers/1994/nspw1994-schneier.pdf HTTP/1.1" 302 595 "-" "Mozilla/5.0 (compatible; Googlebot/2.1; +http://www.google.com/bot.html)"
www.nspw.org:80 216.244.66.200 - - [28/Apr/2018:08:25:41 -0400] "GET /2003/program.content HTTP/1.1" 302 513 "-" "Mozilla/5.0 (compatible; DotBot/1.1; http://www.opensiteexplorer.org/dotbot, help@moz.com)"
www.nspw.org:80 122.46.111.9 - - [28/Apr/2018:08:26:49 -0400] "GET /wp-login.php HTTP/1.1" 302 553 "-" "Mozilla/5.0 (Windows NT 6.1; WOW64; rv:40.0) Gecko/20100101 Firefox/40.1"
www.nspw.org:80 122.46.111.9 - - [28/Apr/2018:08:26:50 -0400] "GET / HTTP/1.1" 302 528 "-" "Mozilla/5.0 (Windows NT 6.1; WOW64; rv:40.0) Gecko/20100101 Firefox/40.1"
www.nspw.org:80 66.249.73.80 - - [28/Apr/2018:08:28:38 -0400] "GET /papers/2003/nspw2003-duvarney.pdf HTTP/1.1" 302 595 "-" "Mozilla/5.0 (compatible; Googlebot/2.1; +http://www.google.com/bot.html)"
www.nspw.org:80 159.205.90.173 - - [28/Apr/2018:08:29:00 -0400] "GET /wp-login.php HTTP/1.1" 302 549 "-" "Mozilla/5.0 (Windows NT 6.1; WOW64; rv:40.0) Gecko/20100101 Firefox/40.1"
www.nspw.org:80 207.46.13.52 - - [28/Apr/2018:08:29:04 -0400] "GET /2017/organizers HTTP/1.1" 302 555 "-" "Mozilla/5.0 (compatible; bingbot/2.0; +http://www.bing.com/bingbot.htm)"
www.nspw.org:80 207.46.13.52 - - [28/Apr/2018:08:29:04 -0400] "GET /2016/ HTTP/1.1" 302 534 "-" "Mozilla/5.0 (compatible; bingbot/2.0; +http://www.bing.com/bingbot.htm)"
www.nspw.org:80 159.205.90.173 - - [28/Apr/2018:08:29:04 -0400] "GET / HTTP/1.1" 302 524 "-" "Mozilla/5.0 (Windows NT 6.1; WOW64; rv:40.0) Gecko/20100101 Firefox/40.1"
www.nspw.org:80 207.46.13.52 - - [28/Apr/2018:08:29:04 -0400] "GET /2009/proceedings/1995/?C=N;O=A HTTP/1.1" 302 584 "-" "Mozilla/5.0 (compatible; bingbot/2.0; +http://www.bing.com/bingbot.htm)"
www.nspw.org:80 207.46.13.52 - - [28/Apr/2018:08:29:04 -0400] "GET /papers/1995/?C=M;O=A HTTP/1.1" 302 564 "-" "Mozilla/5.0 (compatible; bingbot/2.0; +http://www.bing.com/bingbot.htm)"
www.nspw.org:80 157.55.39.100 - - [28/Apr/2018:08:29:06 -0400] "GET /2017/cfp HTTP/1.1" 302 541 "-" "Mozilla/5.0 (compatible; bingbot/2.0; +http://www.bing.com/bingbot.htm)"
www.nspw.org:80 157.55.39.100 - - [28/Apr/2018:08:29:06 -0400] "GET /papers/1995/?C=S;O=A HTTP/1.1" 302 564 "-" "Mozilla/5.0 (compatible; bingbot/2.0; +http://www.bing.com/bingbot.htm)"
www.nspw.org:80 54.36.149.14 - - [28/Apr/2018:08:29:06 -0400] "GET /proceedings/2011 HTTP/1.1" 302 505 "-" "Mozilla/5.0 (compatible; AhrefsBot/5.2; +http://ahrefs.com/robot/)"
www.nspw.org:80 40.77.167.167 - - [28/Apr/2018:08:29:08 -0400] "GET /2017/location HTTP/1.1" 302 551 "-" "Mozilla/5.0 (compatible; bingbot/2.0; +http://www.bing.com/bingbot.htm)"
www.nspw.org:80 40.77.167.167 - - [28/Apr/2018:08:29:08 -0400] "GET /2018/cfp HTTP/1.1" 302 540 "-" "Mozilla/5.0 (compatible; bingbot/2.0; +http://www.bing.com/bingbot.htm)"
www.nspw.org:80 40.77.167.194 - - [28/Apr/2018:08:29:16 -0400] "GET /2017/accepted HTTP/1.1" 302 551 "-" "Mozilla/5.0 (compatible; bingbot/2.0; +http://www.bing.com/bingbot.htm)"
www.nspw.org:80 40.77.167.194 - - [28/Apr/2018:08:29:16 -0400] "GET /2017/dates HTTP/1.1" 302 544 "-" "Mozilla/5.0 (compatible; bingbot/2.0; +http://www.bing.com/bingbot.htm)"
www.nspw.org:80 40.77.167.194 - - [28/Apr/2018:08:29:16 -0400] "GET /papers/1995/?C=D;O=A HTTP/1.1" 302 564 "-" "Mozilla/5.0 (compatible; bingbot/2.0; +http://www.bing.com/bingbot.htm)"
www.nspw.org:80 40.77.167.194 - - [28/Apr/2018:08:29:16 -0400] "GET / HTTP/1.1" 302 524 "-" "Mozilla/5.0 (compatible; bingbot/2.0; +http://www.bing.com/bingbot.htm)"
www.nspw.org:80 66.249.73.78 - - [28/Apr/2018:08:30:13 -0400] "GET /2009/stats.txt HTTP/1.1" 302 557 "-" "Mozilla/5.0 (compatible; Googlebot/2.1; +http://www.google.com/bot.html)"
www.nspw.org:80 69.162.124.227 - - [28/Apr/2018:08:30:15 -0400] "HEAD / HTTP/1.1" 302 188 "http://nspw.org/" "Mozilla/5.0+(compatible; UptimeRobot/2.0; http://www.uptimerobot.com/)"
www.nspw.org:80 207.46.13.52 - - [28/Apr/2018:08:30:30 -0400] "GET /papers/2004/nspw2004-sadeghi.pdf HTTP/1.1" 302 593 "-" "Mozilla/5.0 (compatible; bingbot/2.0; +http://www.bing.com/bingbot.htm)"
www.nspw.org:80 216.244.66.236 - - [28/Apr/2018:08:32:20 -0400] "GET /robots.txt HTTP/1.1" 302 493 "-" "Mozilla/5.0 (compatible; DotBot/1.1; http://www.opensiteexplorer.org/dotbot, help@moz.com)"
www.nspw.org:80 216.244.66.200 - - [28/Apr/2018:08:32:32 -0400] "GET /2003/hold/?C=S;O=D HTTP/1.1" 302 509 "-" "Mozilla/5.0 (compatible; DotBot/1.1; http://www.opensiteexplorer.org/dotbot, help@moz.com)"
www.nspw.org:80 187.199.93.30 - - [28/Apr/2018:08:32:53 -0400] "GET /wp-login.php HTTP/1.1" 302 553 "-" "Mozilla/5.0 (Windows NT 6.1; WOW64; rv:40.0) Gecko/20100101 Firefox/40.1"
www.nspw.org:80 187.199.93.30 - - [28/Apr/2018:08:32:54 -0400] "GET / HTTP/1.1" 302 528 "-" "Mozilla/5.0 (Windows NT 6.1; WOW64; rv:40.0) Gecko/20100101 Firefox/40.1"
www.nspw.org:80 179.191.215.199 - - [28/Apr/2018:08:33:06 -0400] "GET /wp-login.php HTTP/1.1" 302 553 "-" "Mozilla/5.0 (Windows NT 6.1; WOW64; rv:40.0) Gecko/20100101 Firefox/40.1"
www.nspw.org:80 179.191.215.199 - - [28/Apr/2018:08:33:08 -0400] "GET / HTTP/1.1" 302 528 "-" "Mozilla/5.0 (Windows NT 6.1; WOW64; rv:40.0) Gecko/20100101 Firefox/40.1"
www.nspw.org:80 66.249.73.80 - - [28/Apr/2018:08:33:23 -0400] "GET /papers/2005/nspw2005-backmatter.pdf HTTP/1.1" 302 599 "-" "Mozilla/5.0 (compatible; Googlebot/2.1; +http://www.google.com/bot.html)"
www.nspw.org:80 207.46.13.52 - - [28/Apr/2018:08:34:42 -0400] "GET /papers/1999/nspw1999-povey.pdf HTTP/1.1" 302 589 "-" "Mozilla/5.0 (iPhone; CPU iPhone OS 7_0 like Mac OS X) AppleWebKit/537.51.1 (KHTML, like Gecko) Version/7.0 Mobile/11A465 Safari/9537.53 (compatible; bingbot/2.0; +http://www.bing.com/bingbot.htm)"
www.nspw.org:80 107.21.1.8 - - [28/Apr/2018:08:34:52 -0400] "GET / HTTP/1.1" 302 529 "http://www.nspw.org/" "Mozilla/5.0 (compatible; DuckDuckGo-Favicons-Bot/1.0; +http://duckduckgo.com)"
www.nspw.org:80 107.21.1.8 - - [28/Apr/2018:08:34:52 -0400] "GET /favicon.ico HTTP/1.1" 302 550 "http://www.nspw.org/favicon.ico" "Mozilla/5.0 (compatible; DuckDuckGo-Favicons-Bot/1.0; +http://duckduckgo.com)"
www.nspw.org:80 69.162.124.227 - - [28/Apr/2018:08:35:15 -0400] "HEAD / HTTP/1.1" 302 188 "http://nspw.org/" "Mozilla/5.0+(compatible; UptimeRobot/2.0; http://www.uptimerobot.com/)"
www.nspw.org:80 43.241.58.23 - - [28/Apr/2018:08:35:38 -0400] "GET /past HTTP/1.0" 302 500 "-" "Mozilla/5.0 (compatible; AhrefsBot/5.2; +http://ahrefs.com/robot/)"
www.nspw.org:80 66.249.73.78 - - [28/Apr/2018:08:36:34 -0400] "GET /2009/proceedings/2001/nspw2001-brostoff.pdf HTTP/1.1" 302 615 "-" "Mozilla/5.0 (compatible; Googlebot/2.1; +http://www.google.com/bot.html)"
www.nspw.org:80 36.110.211.109 - - [28/Apr/2018:08:37:59 -0400] "GET / HTTP/1.1" 302 529 "http://www.so.com/" "Mozilla/5.0 (Windows NT 6.2; rv:30.0) Gecko/20150101 Firefox/32.0 360Spider 360Spider"
www.nspw.org:80 66.249.73.78 - - [28/Apr/2018:08:38:09 -0400] "GET /2005/cfp/latex/talk4.ps HTTP/1.1" 302 575 "-" "Mozilla/5.0 (compatible; Googlebot/2.1; +http://www.google.com/bot.html)"
www.nspw.org:80 ::1 - - [28/Apr/2018:08:38:13 -0400] "OPTIONS * HTTP/1.0" 200 126 "-" "Apache/2.4.29 (Ubuntu) OpenSSL/1.1.0g (internal dummy connection)"
www.nspw.org:80 ::1 - - [28/Apr/2018:08:38:14 -0400] "OPTIONS * HTTP/1.0" 200 126 "-" "Apache/2.4.29 (Ubuntu) OpenSSL/1.1.0g (internal dummy connection)"
