www.nspw.org:80 5.196.87.138 - - [07/May/2018:03:10:22 -0400] "GET /robots.txt HTTP/1.1" 302 493 "-" "Mozilla/5.0 (compatible; AhrefsBot/5.2; +http://ahrefs.com/robot/)"
www.nspw.org:80 40.77.167.26 - - [07/May/2018:03:10:32 -0400] "GET /papers/1994/nspw1994-castano.pdf HTTP/1.1" 302 593 "-" "Mozilla/5.0 (iPhone; CPU iPhone OS 7_0 like Mac OS X) AppleWebKit/537.51.1 (KHTML, like Gecko) Version/7.0 Mobile/11A465 Safari/9537.53 (compatible; bingbot/2.0; +http://www.bing.com/bingbot.htm)"
www.nspw.org:80 157.55.39.63 - - [07/May/2018:03:12:28 -0400] "GET /papers/1994/nspw1994-ovchinnikov.pdf HTTP/1.1" 302 601 "-" "Mozilla/5.0 (iPhone; CPU iPhone OS 7_0 like Mac OS X) AppleWebKit/537.51.1 (KHTML, like Gecko) Version/7.0 Mobile/11A465 Safari/9537.53 (compatible; bingbot/2.0; +http://www.bing.com/bingbot.htm)"
www.nspw.org:80 69.162.124.227 - - [07/May/2018:03:13:58 -0400] "HEAD / HTTP/1.1" 302 188 "http://nspw.org/" "Mozilla/5.0+(compatible; UptimeRobot/2.0; http://www.uptimerobot.com/)"
www.nspw.org:80 ::1 - - [07/May/2018:03:14:59 -0400] "OPTIONS * HTTP/1.0" 200 126 "-" "Apache/2.4.29 (Ubuntu) OpenSSL/1.1.0g (internal dummy connection)"
www.nspw.org:80 194.30.66.12 - - [07/May/2018:03:15:33 -0400] "GET /wp-login.php HTTP/1.1" 302 553 "-" "Mozilla/5.0 (Windows NT 6.1; WOW64; rv:40.0) Gecko/20100101 Firefox/40.1"
www.nspw.org:80 117.222.208.144 - - [07/May/2018:03:15:33 -0400] "GET /wp-login.php HTTP/1.1" 302 553 "-" "Mozilla/5.0 (Windows NT 6.1; WOW64; rv:40.0) Gecko/20100101 Firefox/40.1"
www.nspw.org:80 194.30.66.12 - - [07/May/2018:03:15:34 -0400] "GET / HTTP/1.1" 302 528 "-" "Mozilla/5.0 (Windows NT 6.1; WOW64; rv:40.0) Gecko/20100101 Firefox/40.1"
www.nspw.org:80 216.244.66.200 - - [07/May/2018:03:15:36 -0400] "GET /2009/proceedings/1993/?C=D;O=A HTTP/1.1" 302 533 "-" "Mozilla/5.0 (compatible; DotBot/1.1; http://www.opensiteexplorer.org/dotbot, help@moz.com)"
www.nspw.org:80 117.222.208.144 - - [07/May/2018:03:15:42 -0400] "GET / HTTP/1.1" 302 529 "-" "Mozilla/5.0 (Windows NT 6.1; WOW64; rv:40.0) Gecko/20100101 Firefox/40.1"
www.nspw.org:80 216.244.66.200 - - [07/May/2018:03:15:42 -0400] "GET /2009/proceedings/1994/?C=D;O=D HTTP/1.1" 302 533 "-" "Mozilla/5.0 (compatible; DotBot/1.1; http://www.opensiteexplorer.org/dotbot, help@moz.com)"
www.nspw.org:80 216.244.66.200 - - [07/May/2018:03:15:55 -0400] "GET /papers/2003/?C=S;O=D HTTP/1.1" 302 513 "-" "Mozilla/5.0 (compatible; DotBot/1.1; http://www.opensiteexplorer.org/dotbot, help@moz.com)"
www.nspw.org:80 216.244.66.200 - - [07/May/2018:03:16:06 -0400] "GET /2009/proceedings/2005/?C=N;O=A HTTP/1.1" 302 533 "-" "Mozilla/5.0 (compatible; DotBot/1.1; http://www.opensiteexplorer.org/dotbot, help@moz.com)"
www.nspw.org:80 47.206.51.67 - - [07/May/2018:03:16:37 -0400] "GET / HTTP/1.0" 302 529 "http://www.nspw.org/" "Mozilla/5.0 (Macintosh; Intel Mac OS X 10_10_5) AppleWebKit/537.36 (KHTML, like Gecko) Chrome/63.0.3239.132 Safari/537.36"
www.nspw.org:80 47.206.51.67 - - [07/May/2018:03:16:38 -0400] "GET / HTTP/1.0" 302 529 "-" "Mozilla/5.0 (Macintosh; Intel Mac OS X 10_10_5) AppleWebKit/537.36 (KHTML, like Gecko) Chrome/63.0.3239.132 Safari/537.36"
www.nspw.org:80 58.8.169.40 - - [07/May/2018:03:17:01 -0400] "GET /wp-login.php HTTP/1.1" 302 553 "-" "Mozilla/5.0 (Windows NT 6.1; WOW64; rv:40.0) Gecko/20100101 Firefox/40.1"
www.nspw.org:80 58.8.169.40 - - [07/May/2018:03:17:02 -0400] "GET / HTTP/1.1" 302 528 "-" "Mozilla/5.0 (Windows NT 6.1; WOW64; rv:40.0) Gecko/20100101 Firefox/40.1"
www.nspw.org:80 216.244.66.200 - - [07/May/2018:03:17:46 -0400] "GET /2013/organizers HTTP/1.1" 302 503 "-" "Mozilla/5.0 (compatible; DotBot/1.1; http://www.opensiteexplorer.org/dotbot, help@moz.com)"
www.nspw.org:80 ::1 - - [07/May/2018:03:18:27 -0400] "OPTIONS * HTTP/1.0" 200 126 "-" "Apache/2.4.29 (Ubuntu) OpenSSL/1.1.0g (internal dummy connection)"
www.nspw.org:80 207.46.13.162 - - [07/May/2018:03:18:52 -0400] "GET /papers/1998/nspw1998-abrams.pdf HTTP/1.1" 302 591 "-" "Mozilla/5.0 (iPhone; CPU iPhone OS 7_0 like Mac OS X) AppleWebKit/537.51.1 (KHTML, like Gecko) Version/7.0 Mobile/11A465 Safari/9537.53 (compatible; bingbot/2.0; +http://www.bing.com/bingbot.htm)"
www.nspw.org:80 69.162.124.227 - - [07/May/2018:03:18:58 -0400] "HEAD / HTTP/1.1" 302 188 "http://nspw.org/" "Mozilla/5.0+(compatible; UptimeRobot/2.0; http://www.uptimerobot.com/)"
www.nspw.org:80 216.244.66.200 - - [07/May/2018:03:22:35 -0400] "GET /2007/invite/reg.html HTTP/1.1" 302 513 "-" "Mozilla/5.0 (compatible; DotBot/1.1; http://www.opensiteexplorer.org/dotbot, help@moz.com)"
www.nspw.org:80 137.112.228.195 - - [07/May/2018:03:22:38 -0400] "GET /papers/2007/nspw2007-mannan.pdf HTTP/1.1" 302 591 "-" "Mozilla/5.0 (iPhone; CPU iPhone OS 11_2_5 like Mac OS X) AppleWebKit/604.5.6 (KHTML, like Gecko) Version/11.0 Mobile/15D60 Safari/604.1"
www.nspw.org:80 69.162.124.227 - - [07/May/2018:03:23:58 -0400] "HEAD / HTTP/1.1" 302 188 "http://nspw.org/" "Mozilla/5.0+(compatible; UptimeRobot/2.0; http://www.uptimerobot.com/)"
www.nspw.org:80 66.249.64.208 - - [07/May/2018:03:24:15 -0400] "GET / HTTP/1.1" 302 529 "-" "Mozilla/5.0 (compatible; Googlebot/2.1; +http://www.google.com/bot.html)"
www.nspw.org:80 216.244.66.247 - - [07/May/2018:03:26:57 -0400] "GET /robots.txt HTTP/1.1" 302 493 "-" "Mozilla/5.0 (compatible; DotBot/1.1; http://www.opensiteexplorer.org/dotbot, help@moz.com)"
www.nspw.org:80 54.36.148.56 - - [07/May/2018:03:28:54 -0400] "GET /2009/proceedings/1993/?C=M;O=D HTTP/1.1" 302 533 "-" "Mozilla/5.0 (compatible; AhrefsBot/5.2; +http://ahrefs.com/robot/)"
www.nspw.org:80 101.186.120.190 - - [07/May/2018:03:28:55 -0400] "GET /papers/2013/nspw2013-peisert.pdf HTTP/1.1" 302 593 "https://www.google.com.au/" "Mozilla/5.0 (Windows NT 10.0; Win64; x64) AppleWebKit/537.36 (KHTML, like Gecko) Chrome/66.0.3359.139 Safari/537.36"
www.nspw.org:80 69.162.124.227 - - [07/May/2018:03:28:58 -0400] "HEAD / HTTP/1.1" 302 188 "http://nspw.org/" "Mozilla/5.0+(compatible; UptimeRobot/2.0; http://www.uptimerobot.com/)"
www.nspw.org:80 216.244.66.236 - - [07/May/2018:03:30:08 -0400] "GET /robots.txt HTTP/1.1" 302 493 "-" "Mozilla/5.0 (compatible; DotBot/1.1; http://www.opensiteexplorer.org/dotbot, help@moz.com)"
www.nspw.org:80 212.56.210.189 - - [07/May/2018:03:30:14 -0400] "GET /wp-login.php HTTP/1.1" 302 553 "-" "Mozilla/5.0 (Windows NT 6.1; WOW64; rv:40.0) Gecko/20100101 Firefox/40.1"
www.nspw.org:80 212.56.210.189 - - [07/May/2018:03:30:15 -0400] "GET / HTTP/1.1" 302 528 "-" "Mozilla/5.0 (Windows NT 6.1; WOW64; rv:40.0) Gecko/20100101 Firefox/40.1"
www.nspw.org:80 51.223.119.85 - - [07/May/2018:03:32:48 -0400] "GET /wp-login.php HTTP/1.1" 302 553 "-" "Mozilla/5.0 (Windows NT 6.1; WOW64; rv:40.0) Gecko/20100101 Firefox/40.1"
www.nspw.org:80 51.223.119.85 - - [07/May/2018:03:32:51 -0400] "GET / HTTP/1.1" 302 528 "-" "Mozilla/5.0 (Windows NT 6.1; WOW64; rv:40.0) Gecko/20100101 Firefox/40.1"
www.nspw.org:80 69.162.124.227 - - [07/May/2018:03:33:58 -0400] "HEAD / HTTP/1.1" 302 188 "http://nspw.org/" "Mozilla/5.0+(compatible; UptimeRobot/2.0; http://www.uptimerobot.com/)"
www.nspw.org:80 188.152.231.119 - - [07/May/2018:03:35:58 -0400] "GET /wp-login.php HTTP/1.1" 302 553 "-" "Mozilla/5.0 (Windows NT 6.1; WOW64; rv:40.0) Gecko/20100101 Firefox/40.1"
www.nspw.org:80 188.152.231.119 - - [07/May/2018:03:35:58 -0400] "GET / HTTP/1.1" 302 528 "-" "Mozilla/5.0 (Windows NT 6.1; WOW64; rv:40.0) Gecko/20100101 Firefox/40.1"
www.nspw.org:80 69.162.124.227 - - [07/May/2018:03:38:57 -0400] "HEAD / HTTP/1.1" 302 188 "http://nspw.org/" "Mozilla/5.0+(compatible; UptimeRobot/2.0; http://www.uptimerobot.com/)"
www.nspw.org:80 180.76.15.145 - - [07/May/2018:03:39:13 -0400] "GET /papers/2005/nspw2005-locasto.pdf HTTP/1.1" 302 556 "-" "Mozilla/5.0 (compatible; Baiduspider/2.0; +http://www.baidu.com/search/spider.html)"
www.nspw.org:80 27.32.24.125 - - [07/May/2018:03:39:19 -0400] "GET /papers/2007/nspw2007-vidyaraman.pdf HTTP/1.1" 302 599 "-" "Mozilla/5.0 (iPhone; CPU iPhone OS 11_3 like Mac OS X) AppleWebKit/605.1.15 (KHTML, like Gecko) Version/11.0 Mobile/15E148 Safari/604.1"
www.nspw.org:80 178.209.132.216 - - [07/May/2018:03:39:25 -0400] "GET /wp-login.php HTTP/1.1" 302 553 "-" "Mozilla/5.0 (Windows NT 6.1; WOW64; rv:40.0) Gecko/20100101 Firefox/40.1"
www.nspw.org:80 178.209.132.216 - - [07/May/2018:03:39:26 -0400] "GET / HTTP/1.1" 302 528 "-" "Mozilla/5.0 (Windows NT 6.1; WOW64; rv:40.0) Gecko/20100101 Firefox/40.1"
www.nspw.org:80 69.162.124.227 - - [07/May/2018:03:43:58 -0400] "HEAD / HTTP/1.1" 302 188 "http://nspw.org/" "Mozilla/5.0+(compatible; UptimeRobot/2.0; http://www.uptimerobot.com/)"
www.nspw.org:80 208.94.232.6 - - [07/May/2018:03:44:45 -0400] "HEAD /papers/2010/nspw2010-franz.pdf HTTP/1.1" 302 218 "-" "Mozilla/5.0 (Windows NT 10.0; Win64; x64; rv:58.0) Gecko/20100101 Firefox/58.0"
www.nspw.org:80 40.77.167.26 - - [07/May/2018:03:45:01 -0400] "GET /2014 HTTP/1.1" 302 537 "-" "Mozilla/5.0 (iPhone; CPU iPhone OS 7_0 like Mac OS X) AppleWebKit/537.51.1 (KHTML, like Gecko) Version/7.0 Mobile/11A465 Safari/9537.53 (compatible; bingbot/2.0; +http://www.bing.com/bingbot.htm)"
www.nspw.org:80 41.109.235.248 - - [07/May/2018:03:45:24 -0400] "GET /wp-login.php HTTP/1.1" 302 553 "-" "Mozilla/5.0 (Windows NT 6.1; WOW64; rv:40.0) Gecko/20100101 Firefox/40.1"
www.nspw.org:80 41.109.235.248 - - [07/May/2018:03:45:33 -0400] "GET / HTTP/1.1" 302 529 "-" "Mozilla/5.0 (Windows NT 6.1; WOW64; rv:40.0) Gecko/20100101 Firefox/40.1"
www.nspw.org:80 180.23.174.51 - - [07/May/2018:03:46:40 -0400] "GET /2018 HTTP/1.1" 302 500 "-" "LWP::Simple/6.29 libwww-perl/6.29"
www.nspw.org:80 66.160.140.182 - - [07/May/2018:03:48:06 -0400] "GET /robots.txt HTTP/1.1" 302 549 "-" "The Knowledge AI"
www.nspw.org:80 66.160.140.182 - - [07/May/2018:03:48:24 -0400] "GET /1999/ HTTP/1.1" 302 539 "-" "The Knowledge AI"
www.nspw.org:80 216.244.66.247 - - [07/May/2018:03:48:35 -0400] "GET /robots.txt HTTP/1.1" 302 493 "-" "Mozilla/5.0 (compatible; DotBot/1.1; http://www.opensiteexplorer.org/dotbot, help@moz.com)"
www.nspw.org:80 66.160.140.182 - - [07/May/2018:03:48:42 -0400] "GET /2000/ HTTP/1.1" 302 539 "-" "The Knowledge AI"
www.nspw.org:80 66.160.140.182 - - [07/May/2018:03:48:43 -0400] "GET /2001/ HTTP/1.1" 302 538 "-" "The Knowledge AI"
www.nspw.org:80 69.162.124.227 - - [07/May/2018:03:48:58 -0400] "HEAD / HTTP/1.1" 302 188 "http://nspw.org/" "Mozilla/5.0+(compatible; UptimeRobot/2.0; http://www.uptimerobot.com/)"
www.nspw.org:80 66.160.140.182 - - [07/May/2018:03:49:00 -0400] "GET /2002/ HTTP/1.1" 302 539 "-" "The Knowledge AI"
www.nspw.org:80 157.55.39.63 - - [07/May/2018:03:49:04 -0400] "GET /papers/2003/nspw2003-alkassar.pdf HTTP/1.1" 302 591 "-" "Mozilla/5.0 (iPhone; CPU iPhone OS 7_0 like Mac OS X) AppleWebKit/537.51.1 (KHTML, like Gecko) Version/7.0 Mobile/11A465 Safari/9537.53 (compatible; bingbot/2.0; +http://www.bing.com/bingbot.htm)"
www.nspw.org:80 66.160.140.182 - - [07/May/2018:03:49:18 -0400] "GET /2003/ HTTP/1.1" 302 539 "-" "The Knowledge AI"
www.nspw.org:80 66.160.140.182 - - [07/May/2018:03:49:18 -0400] "GET /2004/ HTTP/1.1" 302 538 "-" "The Knowledge AI"
www.nspw.org:80 41.100.9.198 - - [07/May/2018:03:49:26 -0400] "GET /wp-login.php HTTP/1.1" 302 553 "-" "Mozilla/5.0 (Windows NT 6.1; WOW64; rv:40.0) Gecko/20100101 Firefox/40.1"
www.nspw.org:80 41.100.9.198 - - [07/May/2018:03:49:29 -0400] "GET / HTTP/1.1" 302 528 "-" "Mozilla/5.0 (Windows NT 6.1; WOW64; rv:40.0) Gecko/20100101 Firefox/40.1"
www.nspw.org:80 66.102.9.26 - - [07/May/2018:03:49:33 -0400] "GET / HTTP/1.1" 302 529 "-" "Mozilla/5.0 (X11; Linux x86_64) AppleWebKit/537.36 (KHTML, like Gecko) Chrome/49.0.2623.75 Safari/537.36 Google Favicon"
www.nspw.org:80 66.160.140.182 - - [07/May/2018:03:49:38 -0400] "GET /2005/ HTTP/1.1" 302 539 "-" "The Knowledge AI"
www.nspw.org:80 157.55.39.63 - - [07/May/2018:03:50:59 -0400] "GET /2009/proceedings/1998/nspw1998-abrams.pdf HTTP/1.1" 302 611 "-" "Mozilla/5.0 (compatible; bingbot/2.0; +http://www.bing.com/bingbot.htm)"
www.nspw.org:80 112.201.168.51 - - [07/May/2018:03:51:16 -0400] "GET /wp-login.php HTTP/1.1" 302 553 "-" "Mozilla/5.0 (Windows NT 6.1; WOW64; rv:40.0) Gecko/20100101 Firefox/40.1"
www.nspw.org:80 112.201.168.51 - - [07/May/2018:03:51:19 -0400] "GET / HTTP/1.1" 302 528 "-" "Mozilla/5.0 (Windows NT 6.1; WOW64; rv:40.0) Gecko/20100101 Firefox/40.1"
www.nspw.org:80 54.36.148.203 - - [07/May/2018:03:51:33 -0400] "GET /2010/submissions HTTP/1.1" 302 505 "-" "Mozilla/5.0 (compatible; AhrefsBot/5.2; +http://ahrefs.com/robot/)"
www.nspw.org:80 14.215.176.6 - - [07/May/2018:03:52:17 -0400] "GET / HTTP/1.1" 302 525 "http://www.baidu.com/s?wd=QU7" "Mozilla/5.0 (Windows NT 6.1; WOW64; rv:43.0) Gecko/20100101 Firefox/43.0"
www.nspw.org:80 ::1 - - [07/May/2018:03:52:23 -0400] "OPTIONS * HTTP/1.0" 200 126 "-" "Apache/2.4.29 (Ubuntu) OpenSSL/1.1.0g (internal dummy connection)"
www.nspw.org:80 ::1 - - [07/May/2018:03:52:24 -0400] "OPTIONS * HTTP/1.0" 200 126 "-" "Apache/2.4.29 (Ubuntu) OpenSSL/1.1.0g (internal dummy connection)"
www.nspw.org:80 ::1 - - [07/May/2018:03:52:25 -0400] "OPTIONS * HTTP/1.0" 200 126 "-" "Apache/2.4.29 (Ubuntu) OpenSSL/1.1.0g (internal dummy connection)"
www.nspw.org:80 103.192.60.91 - - [07/May/2018:03:52:33 -0400] "GET /wp-login.php HTTP/1.1" 302 553 "-" "Mozilla/5.0 (Windows NT 6.1; WOW64; rv:40.0) Gecko/20100101 Firefox/40.1"
www.nspw.org:80 103.192.60.91 - - [07/May/2018:03:52:35 -0400] "GET / HTTP/1.1" 302 528 "-" "Mozilla/5.0 (Windows NT 6.1; WOW64; rv:40.0) Gecko/20100101 Firefox/40.1"
www.nspw.org:80 216.244.66.236 - - [07/May/2018:03:53:42 -0400] "GET /robots.txt HTTP/1.1" 302 493 "-" "Mozilla/5.0 (compatible; DotBot/1.1; http://www.opensiteexplorer.org/dotbot, help@moz.com)"
www.nspw.org:80 69.162.124.227 - - [07/May/2018:03:53:58 -0400] "HEAD / HTTP/1.1" 302 188 "http://nspw.org/" "Mozilla/5.0+(compatible; UptimeRobot/2.0; http://www.uptimerobot.com/)"
www.nspw.org:80 39.47.117.166 - - [07/May/2018:03:56:14 -0400] "GET /wp-login.php HTTP/1.1" 302 553 "-" "Mozilla/5.0 (Windows NT 6.1; WOW64; rv:40.0) Gecko/20100101 Firefox/40.1"
www.nspw.org:80 39.47.117.166 - - [07/May/2018:03:56:18 -0400] "GET / HTTP/1.1" 302 528 "-" "Mozilla/5.0 (Windows NT 6.1; WOW64; rv:40.0) Gecko/20100101 Firefox/40.1"
www.nspw.org:80 183.82.225.9 - - [07/May/2018:03:56:20 -0400] "GET /wp-login.php HTTP/1.1" 302 553 "-" "Mozilla/5.0 (Windows NT 6.1; WOW64; rv:40.0) Gecko/20100101 Firefox/40.1"
www.nspw.org:80 183.82.225.9 - - [07/May/2018:03:56:22 -0400] "GET / HTTP/1.1" 302 528 "-" "Mozilla/5.0 (Windows NT 6.1; WOW64; rv:40.0) Gecko/20100101 Firefox/40.1"
www.nspw.org:80 216.244.66.247 - - [07/May/2018:03:56:47 -0400] "GET /2016 HTTP/1.1" 302 481 "-" "Mozilla/5.0 (compatible; DotBot/1.1; http://www.opensiteexplorer.org/dotbot, help@moz.com)"
www.nspw.org:80 157.55.39.63 - - [07/May/2018:03:57:54 -0400] "GET /papers/2008/nspw2008-molloy.pdf HTTP/1.1" 302 591 "-" "Mozilla/5.0 (iPhone; CPU iPhone OS 7_0 like Mac OS X) AppleWebKit/537.51.1 (KHTML, like Gecko) Version/7.0 Mobile/11A465 Safari/9537.53 (compatible; bingbot/2.0; +http://www.bing.com/bingbot.htm)"
www.nspw.org:80 69.162.124.227 - - [07/May/2018:03:58:58 -0400] "HEAD / HTTP/1.1" 302 188 "http://nspw.org/" "Mozilla/5.0+(compatible; UptimeRobot/2.0; http://www.uptimerobot.com/)"
www.nspw.org:80 66.249.64.208 - - [07/May/2018:04:00:13 -0400] "GET /papers/2013/nspw2013-peisert.pdf HTTP/1.1" 302 593 "-" "Mozilla/5.0 (compatible; Googlebot/2.1; +http://www.google.com/bot.html)"
www.nspw.org:80 86.120.228.111 - - [07/May/2018:04:00:30 -0400] "GET /wp-login.php HTTP/1.1" 302 553 "-" "Mozilla/5.0 (Windows NT 6.1; WOW64; rv:40.0) Gecko/20100101 Firefox/40.1"
www.nspw.org:80 86.120.228.111 - - [07/May/2018:04:00:32 -0400] "GET / HTTP/1.1" 302 528 "-" "Mozilla/5.0 (Windows NT 6.1; WOW64; rv:40.0) Gecko/20100101 Firefox/40.1"
www.nspw.org:80 211.18.250.121 - - [07/May/2018:04:00:36 -0400] "GET /wp-login.php HTTP/1.1" 302 553 "-" "Mozilla/5.0 (Windows NT 6.1; WOW64; rv:40.0) Gecko/20100101 Firefox/40.1"
www.nspw.org:80 211.18.250.121 - - [07/May/2018:04:00:37 -0400] "GET / HTTP/1.1" 302 528 "-" "Mozilla/5.0 (Windows NT 6.1; WOW64; rv:40.0) Gecko/20100101 Firefox/40.1"
www.nspw.org:80 119.28.52.143 - - [07/May/2018:04:03:38 -0400] "PROPFIND / HTTP/1.1" 302 489 "-" "-"
www.nspw.org:80 119.28.52.143 - - [07/May/2018:04:03:38 -0400] "PROPFIND / HTTP/1.1" 302 489 "-" "-"
www.nspw.org:80 119.28.52.143 - - [07/May/2018:04:03:39 -0400] "POST /wls-wsat/CoordinatorPortType HTTP/1.1" 302 550 "-" "Mozilla/5.0 (Windows NT 6.1; rv:5.0) Gecko/20100101 Firefox/5.0"
www.nspw.org:80 119.28.52.143 - - [07/May/2018:04:03:39 -0400] "POST /wls-wsat/CoordinatorPortType HTTP/1.1" 302 550 "-" "Mozilla/5.0 (Windows NT 6.1; rv:5.0) Gecko/20100101 Firefox/5.0"
www.nspw.org:80 119.28.52.143 - - [07/May/2018:04:03:54 -0400] "GET /index.php HTTP/1.1" 302 549 "-" "Mozilla/5.0"
www.nspw.org:80 119.28.52.143 - - [07/May/2018:04:03:54 -0400] "GET /index.php HTTP/1.1" 302 549 "-" "Mozilla/5.0"
www.nspw.org:80 119.28.52.143 - - [07/May/2018:04:03:54 -0400] "GET /phpmyadmin/index.php HTTP/1.1" 302 570 "-" "Mozilla/5.0"
www.nspw.org:80 119.28.52.143 - - [07/May/2018:04:03:54 -0400] "GET /phpmyadmin/index.php HTTP/1.1" 302 570 "-" "Mozilla/5.0"
www.nspw.org:80 119.28.52.143 - - [07/May/2018:04:03:55 -0400] "GET /phpMyAdmin/index.php HTTP/1.1" 302 570 "-" "Mozilla/5.0"
www.nspw.org:80 119.28.52.143 - - [07/May/2018:04:03:55 -0400] "GET /phpMyAdmin/index.php HTTP/1.1" 302 570 "-" "Mozilla/5.0"
www.nspw.org:80 119.28.52.143 - - [07/May/2018:04:03:56 -0400] "GET /pmd/index.php HTTP/1.1" 302 556 "-" "Mozilla/5.0"
www.nspw.org:80 119.28.52.143 - - [07/May/2018:04:03:56 -0400] "GET /pmd/index.php HTTP/1.1" 302 556 "-" "Mozilla/5.0"
www.nspw.org:80 119.28.52.143 - - [07/May/2018:04:03:56 -0400] "GET /pma/index.php HTTP/1.1" 302 556 "-" "Mozilla/5.0"
www.nspw.org:80 119.28.52.143 - - [07/May/2018:04:03:56 -0400] "GET /pma/index.php HTTP/1.1" 302 556 "-" "Mozilla/5.0"
www.nspw.org:80 119.28.52.143 - - [07/May/2018:04:03:56 -0400] "GET /PMA/index.php HTTP/1.1" 302 556 "-" "Mozilla/5.0"
www.nspw.org:80 119.28.52.143 - - [07/May/2018:04:03:56 -0400] "GET /PMA/index.php HTTP/1.1" 302 556 "-" "Mozilla/5.0"
www.nspw.org:80 119.28.52.143 - - [07/May/2018:04:03:57 -0400] "GET /PMA2/index.php HTTP/1.1" 302 558 "-" "Mozilla/5.0"
www.nspw.org:80 119.28.52.143 - - [07/May/2018:04:03:57 -0400] "GET /PMA2/index.php HTTP/1.1" 302 558 "-" "Mozilla/5.0"
www.nspw.org:80 119.28.52.143 - - [07/May/2018:04:03:57 -0400] "GET /pmamy/index.php HTTP/1.1" 302 560 "-" "Mozilla/5.0"
www.nspw.org:80 119.28.52.143 - - [07/May/2018:04:03:57 -0400] "GET /pmamy/index.php HTTP/1.1" 302 560 "-" "Mozilla/5.0"
www.nspw.org:80 119.28.52.143 - - [07/May/2018:04:03:57 -0400] "GET /pmamy2/index.php HTTP/1.1" 302 562 "-" "Mozilla/5.0"
www.nspw.org:80 119.28.52.143 - - [07/May/2018:04:03:57 -0400] "GET /pmamy2/index.php HTTP/1.1" 302 562 "-" "Mozilla/5.0"
www.nspw.org:80 119.28.52.143 - - [07/May/2018:04:03:57 -0400] "GET /mysql/index.php HTTP/1.1" 302 560 "-" "Mozilla/5.0"
www.nspw.org:80 119.28.52.143 - - [07/May/2018:04:03:57 -0400] "GET /mysql/index.php HTTP/1.1" 302 560 "-" "Mozilla/5.0"
www.nspw.org:80 119.28.52.143 - - [07/May/2018:04:03:57 -0400] "GET /admin/index.php HTTP/1.1" 302 560 "-" "Mozilla/5.0"
www.nspw.org:80 119.28.52.143 - - [07/May/2018:04:03:57 -0400] "GET /admin/index.php HTTP/1.1" 302 560 "-" "Mozilla/5.0"
www.nspw.org:80 69.162.124.227 - - [07/May/2018:04:03:58 -0400] "HEAD / HTTP/1.1" 302 188 "http://nspw.org/" "Mozilla/5.0+(compatible; UptimeRobot/2.0; http://www.uptimerobot.com/)"
www.nspw.org:80 119.28.52.143 - - [07/May/2018:04:03:58 -0400] "GET /db/index.php HTTP/1.1" 302 554 "-" "Mozilla/5.0"
www.nspw.org:80 119.28.52.143 - - [07/May/2018:04:03:58 -0400] "GET /db/index.php HTTP/1.1" 302 554 "-" "Mozilla/5.0"
www.nspw.org:80 119.28.52.143 - - [07/May/2018:04:03:58 -0400] "GET /dbadmin/index.php HTTP/1.1" 302 564 "-" "Mozilla/5.0"
www.nspw.org:80 119.28.52.143 - - [07/May/2018:04:03:58 -0400] "GET /dbadmin/index.php HTTP/1.1" 302 564 "-" "Mozilla/5.0"
www.nspw.org:80 119.28.52.143 - - [07/May/2018:04:03:58 -0400] "GET /web/phpMyAdmin/index.php HTTP/1.1" 302 578 "-" "Mozilla/5.0"
www.nspw.org:80 119.28.52.143 - - [07/May/2018:04:03:58 -0400] "GET /web/phpMyAdmin/index.php HTTP/1.1" 302 578 "-" "Mozilla/5.0"
www.nspw.org:80 119.28.52.143 - - [07/May/2018:04:03:58 -0400] "GET /admin/pma/index.php HTTP/1.1" 302 568 "-" "Mozilla/5.0"
www.nspw.org:80 119.28.52.143 - - [07/May/2018:04:03:58 -0400] "GET /admin/pma/index.php HTTP/1.1" 302 568 "-" "Mozilla/5.0"
www.nspw.org:80 119.28.52.143 - - [07/May/2018:04:03:58 -0400] "GET /admin/PMA/index.php HTTP/1.1" 302 568 "-" "Mozilla/5.0"
www.nspw.org:80 119.28.52.143 - - [07/May/2018:04:03:59 -0400] "GET /admin/PMA/index.php HTTP/1.1" 302 568 "-" "Mozilla/5.0"
www.nspw.org:80 119.28.52.143 - - [07/May/2018:04:03:59 -0400] "GET /admin/mysql/index.php HTTP/1.1" 302 572 "-" "Mozilla/5.0"
www.nspw.org:80 119.28.52.143 - - [07/May/2018:04:03:59 -0400] "GET /admin/mysql2/index.php HTTP/1.1" 302 574 "-" "Mozilla/5.0"
www.nspw.org:80 119.28.52.143 - - [07/May/2018:04:03:59 -0400] "GET /admin/mysql/index.php HTTP/1.1" 302 572 "-" "Mozilla/5.0"
www.nspw.org:80 119.28.52.143 - - [07/May/2018:04:03:59 -0400] "GET /admin/phpmyadmin/index.php HTTP/1.1" 302 582 "-" "Mozilla/5.0"
www.nspw.org:80 119.28.52.143 - - [07/May/2018:04:04:00 -0400] "GET /admin/mysql2/index.php HTTP/1.1" 302 574 "-" "Mozilla/5.0"
www.nspw.org:80 119.28.52.143 - - [07/May/2018:04:04:00 -0400] "GET /admin/phpMyAdmin/index.php HTTP/1.1" 302 582 "-" "Mozilla/5.0"
www.nspw.org:80 119.28.52.143 - - [07/May/2018:04:04:00 -0400] "GET /admin/phpmyadmin2/index.php HTTP/1.1" 302 584 "-" "Mozilla/5.0"
www.nspw.org:80 119.28.52.143 - - [07/May/2018:04:04:00 -0400] "GET /admin/phpmyadmin/index.php HTTP/1.1" 302 582 "-" "Mozilla/5.0"
www.nspw.org:80 119.28.52.143 - - [07/May/2018:04:04:00 -0400] "GET /mysqladmin/index.php HTTP/1.1" 302 570 "-" "Mozilla/5.0"
www.nspw.org:80 119.28.52.143 - - [07/May/2018:04:04:00 -0400] "GET /admin/phpMyAdmin/index.php HTTP/1.1" 302 582 "-" "Mozilla/5.0"
www.nspw.org:80 119.28.52.143 - - [07/May/2018:04:04:01 -0400] "GET /mysql-admin/index.php HTTP/1.1" 302 572 "-" "Mozilla/5.0"
www.nspw.org:80 119.28.52.143 - - [07/May/2018:04:04:01 -0400] "GET /admin/phpmyadmin2/index.php HTTP/1.1" 302 584 "-" "Mozilla/5.0"
www.nspw.org:80 119.28.52.143 - - [07/May/2018:04:04:01 -0400] "GET /phpadmin/index.php HTTP/1.1" 302 566 "-" "Mozilla/5.0"
www.nspw.org:80 119.28.52.143 - - [07/May/2018:04:04:01 -0400] "GET /mysqladmin/index.php HTTP/1.1" 302 570 "-" "Mozilla/5.0"
www.nspw.org:80 119.28.52.143 - - [07/May/2018:04:04:01 -0400] "GET /phpmyadmin0/index.php HTTP/1.1" 302 572 "-" "Mozilla/5.0"
www.nspw.org:80 119.28.52.143 - - [07/May/2018:04:04:01 -0400] "GET /mysql-admin/index.php HTTP/1.1" 302 572 "-" "Mozilla/5.0"
www.nspw.org:80 119.28.52.143 - - [07/May/2018:04:04:01 -0400] "GET /phpmyadmin1/index.php HTTP/1.1" 302 572 "-" "Mozilla/5.0"
www.nspw.org:80 119.28.52.143 - - [07/May/2018:04:04:01 -0400] "GET /phpmyadmin2/index.php HTTP/1.1" 302 572 "-" "Mozilla/5.0"
www.nspw.org:80 119.28.52.143 - - [07/May/2018:04:04:02 -0400] "GET /myadmin/index.php HTTP/1.1" 302 564 "-" "Mozilla/5.0"
www.nspw.org:80 119.28.52.143 - - [07/May/2018:04:04:02 -0400] "GET /phpadmin/index.php HTTP/1.1" 302 566 "-" "Mozilla/5.0"
www.nspw.org:80 119.28.52.143 - - [07/May/2018:04:04:02 -0400] "GET /myadmin2/index.php HTTP/1.1" 302 566 "-" "Mozilla/5.0"
www.nspw.org:80 119.28.52.143 - - [07/May/2018:04:04:02 -0400] "GET /phpmyadmin0/index.php HTTP/1.1" 302 572 "-" "Mozilla/5.0"
www.nspw.org:80 119.28.52.143 - - [07/May/2018:04:04:02 -0400] "GET /xampp/phpmyadmin/index.php HTTP/1.1" 302 582 "-" "Mozilla/5.0"
www.nspw.org:80 119.28.52.143 - - [07/May/2018:04:04:02 -0400] "GET /phpmyadmin1/index.php HTTP/1.1" 302 572 "-" "Mozilla/5.0"
www.nspw.org:80 119.28.52.143 - - [07/May/2018:04:04:02 -0400] "GET /phpMyadmin_bak/index.php HTTP/1.1" 302 578 "-" "Mozilla/5.0"
www.nspw.org:80 119.28.52.143 - - [07/May/2018:04:04:02 -0400] "GET /phpmyadmin2/index.php HTTP/1.1" 302 572 "-" "Mozilla/5.0"
www.nspw.org:80 119.28.52.143 - - [07/May/2018:04:04:02 -0400] "GET /www/phpMyAdmin/index.php HTTP/1.1" 302 578 "-" "Mozilla/5.0"
www.nspw.org:80 119.28.52.143 - - [07/May/2018:04:04:03 -0400] "GET /myadmin/index.php HTTP/1.1" 302 564 "-" "Mozilla/5.0"
www.nspw.org:80 119.28.52.143 - - [07/May/2018:04:04:03 -0400] "GET /tools/phpMyAdmin/index.php HTTP/1.1" 302 582 "-" "Mozilla/5.0"
www.nspw.org:80 119.28.52.143 - - [07/May/2018:04:04:03 -0400] "GET /myadmin2/index.php HTTP/1.1" 302 566 "-" "Mozilla/5.0"
www.nspw.org:80 119.28.52.143 - - [07/May/2018:04:04:03 -0400] "GET /phpmyadmin-old/index.php HTTP/1.1" 302 578 "-" "Mozilla/5.0"
www.nspw.org:80 119.28.52.143 - - [07/May/2018:04:04:03 -0400] "GET /xampp/phpmyadmin/index.php HTTP/1.1" 302 582 "-" "Mozilla/5.0"
www.nspw.org:80 119.28.52.143 - - [07/May/2018:04:04:03 -0400] "GET /phpMyAdminold/index.php HTTP/1.1" 302 576 "-" "Mozilla/5.0"
www.nspw.org:80 119.28.52.143 - - [07/May/2018:04:04:03 -0400] "GET /phpMyadmin_bak/index.php HTTP/1.1" 302 578 "-" "Mozilla/5.0"
www.nspw.org:80 119.28.52.143 - - [07/May/2018:04:04:03 -0400] "GET /pma-old/index.php HTTP/1.1" 302 564 "-" "Mozilla/5.0"
www.nspw.org:80 119.28.52.143 - - [07/May/2018:04:04:03 -0400] "GET /www/phpMyAdmin/index.php HTTP/1.1" 302 578 "-" "Mozilla/5.0"
www.nspw.org:80 119.28.52.143 - - [07/May/2018:04:04:04 -0400] "GET /claroline/phpMyAdmin/index.php HTTP/1.1" 302 590 "-" "Mozilla/5.0"
www.nspw.org:80 119.28.52.143 - - [07/May/2018:04:04:04 -0400] "GET /tools/phpMyAdmin/index.php HTTP/1.1" 302 582 "-" "Mozilla/5.0"
www.nspw.org:80 119.28.52.143 - - [07/May/2018:04:04:04 -0400] "GET /typo3/phpmyadmin/index.php HTTP/1.1" 302 582 "-" "Mozilla/5.0"
www.nspw.org:80 119.28.52.143 - - [07/May/2018:04:04:04 -0400] "GET /phpmyadmin-old/index.php HTTP/1.1" 302 578 "-" "Mozilla/5.0"
www.nspw.org:80 119.28.52.143 - - [07/May/2018:04:04:04 -0400] "GET /phpma/index.php HTTP/1.1" 302 560 "-" "Mozilla/5.0"
www.nspw.org:80 119.28.52.143 - - [07/May/2018:04:04:04 -0400] "GET /phpMyAdminold/index.php HTTP/1.1" 302 576 "-" "Mozilla/5.0"
www.nspw.org:80 119.28.52.143 - - [07/May/2018:04:04:04 -0400] "GET /phpmyadmin/phpmyadmin/index.php HTTP/1.1" 302 592 "-" "Mozilla/5.0"
www.nspw.org:80 119.28.52.143 - - [07/May/2018:04:04:04 -0400] "GET /pma-old/index.php HTTP/1.1" 302 564 "-" "Mozilla/5.0"
www.nspw.org:80 119.28.52.143 - - [07/May/2018:04:04:05 -0400] "GET /phpMyAdmin/phpMyAdmin/index.php HTTP/1.1" 302 592 "-" "Mozilla/5.0"
www.nspw.org:80 119.28.52.143 - - [07/May/2018:04:04:05 -0400] "GET /claroline/phpMyAdmin/index.php HTTP/1.1" 302 590 "-" "Mozilla/5.0"
www.nspw.org:80 119.28.52.143 - - [07/May/2018:04:04:05 -0400] "GET /typo3/phpmyadmin/index.php HTTP/1.1" 302 582 "-" "Mozilla/5.0"
www.nspw.org:80 119.28.52.143 - - [07/May/2018:04:04:05 -0400] "GET /phpma/index.php HTTP/1.1" 302 560 "-" "Mozilla/5.0"
www.nspw.org:80 119.28.52.143 - - [07/May/2018:04:04:05 -0400] "GET /phpmyadmin/phpmyadmin/index.php HTTP/1.1" 302 592 "-" "Mozilla/5.0"
www.nspw.org:80 119.28.52.143 - - [07/May/2018:04:04:06 -0400] "GET /phpMyAdmin/phpMyAdmin/index.php HTTP/1.1" 302 592 "-" "Mozilla/5.0"
www.nspw.org:80 90.162.144.96 - - [07/May/2018:04:04:29 -0400] "GET /wp-login.php HTTP/1.1" 302 553 "-" "Mozilla/5.0 (Windows NT 6.1; WOW64; rv:40.0) Gecko/20100101 Firefox/40.1"
www.nspw.org:80 90.162.144.96 - - [07/May/2018:04:04:31 -0400] "GET / HTTP/1.1" 302 528 "-" "Mozilla/5.0 (Windows NT 6.1; WOW64; rv:40.0) Gecko/20100101 Firefox/40.1"
www.nspw.org:80 216.244.66.247 - - [07/May/2018:04:06:18 -0400] "GET /2017/cfp HTTP/1.1" 302 489 "-" "Mozilla/5.0 (compatible; DotBot/1.1; http://www.opensiteexplorer.org/dotbot, help@moz.com)"
www.nspw.org:80 49.144.235.233 - - [07/May/2018:04:07:22 -0400] "GET /wp-login.php HTTP/1.1" 302 553 "-" "Mozilla/5.0 (Windows NT 6.1; WOW64; rv:40.0) Gecko/20100101 Firefox/40.1"
www.nspw.org:80 49.144.235.233 - - [07/May/2018:04:07:24 -0400] "GET / HTTP/1.1" 302 528 "-" "Mozilla/5.0 (Windows NT 6.1; WOW64; rv:40.0) Gecko/20100101 Firefox/40.1"
www.nspw.org:80 69.162.124.227 - - [07/May/2018:04:08:58 -0400] "HEAD / HTTP/1.1" 302 188 "http://nspw.org/" "Mozilla/5.0+(compatible; UptimeRobot/2.0; http://www.uptimerobot.com/)"
www.nspw.org:80 122.173.3.240 - - [07/May/2018:04:10:17 -0400] "GET /wp-login.php HTTP/1.1" 302 553 "-" "Mozilla/5.0 (Windows NT 6.1; WOW64; rv:40.0) Gecko/20100101 Firefox/40.1"
www.nspw.org:80 122.173.3.240 - - [07/May/2018:04:10:21 -0400] "GET / HTTP/1.1" 302 528 "-" "Mozilla/5.0 (Windows NT 6.1; WOW64; rv:40.0) Gecko/20100101 Firefox/40.1"
www.nspw.org:80 39.46.183.189 - - [07/May/2018:04:11:44 -0400] "GET /wp-login.php HTTP/1.1" 302 553 "-" "Mozilla/5.0 (Windows NT 6.1; WOW64; rv:40.0) Gecko/20100101 Firefox/40.1"
www.nspw.org:80 39.46.183.189 - - [07/May/2018:04:11:48 -0400] "GET / HTTP/1.1" 302 529 "-" "Mozilla/5.0 (Windows NT 6.1; WOW64; rv:40.0) Gecko/20100101 Firefox/40.1"
www.nspw.org:80 180.76.15.17 - - [07/May/2018:04:12:33 -0400] "GET /papers/1999/nspw1999-michael.pdf HTTP/1.1" 302 552 "-" "Mozilla/5.0 (compatible; Baiduspider/2.0; +http://www.baidu.com/search/spider.html)"
www.nspw.org:80 199.16.157.181 - - [07/May/2018:04:12:59 -0400] "GET /robots.txt HTTP/1.1" 302 489 "-" "Twitterbot/1.0"
www.nspw.org:80 199.16.157.181 - - [07/May/2018:04:12:59 -0400] "GET /2018/cfp HTTP/1.1" 302 485 "-" "Twitterbot/1.0"
www.nspw.org:80 117.221.35.111 - - [07/May/2018:04:13:26 -0400] "GET /wp-login.php HTTP/1.1" 302 553 "-" "Mozilla/5.0 (Windows NT 6.1; WOW64; rv:40.0) Gecko/20100101 Firefox/40.1"
www.nspw.org:80 117.221.35.111 - - [07/May/2018:04:13:34 -0400] "GET / HTTP/1.1" 302 529 "-" "Mozilla/5.0 (Windows NT 6.1; WOW64; rv:40.0) Gecko/20100101 Firefox/40.1"
www.nspw.org:80 69.162.124.227 - - [07/May/2018:04:13:58 -0400] "HEAD / HTTP/1.1" 302 188 "http://nspw.org/" "Mozilla/5.0+(compatible; UptimeRobot/2.0; http://www.uptimerobot.com/)"
www.nspw.org:80 183.98.217.75 - - [07/May/2018:04:14:48 -0400] "GET /wp-login.php HTTP/1.1" 302 553 "-" "Mozilla/5.0 (Windows NT 6.1; WOW64; rv:40.0) Gecko/20100101 Firefox/40.1"
www.nspw.org:80 183.98.217.75 - - [07/May/2018:04:14:49 -0400] "GET / HTTP/1.1" 302 528 "-" "Mozilla/5.0 (Windows NT 6.1; WOW64; rv:40.0) Gecko/20100101 Firefox/40.1"
www.nspw.org:80 216.244.66.236 - - [07/May/2018:04:16:46 -0400] "GET /robots.txt HTTP/1.1" 302 493 "-" "Mozilla/5.0 (compatible; DotBot/1.1; http://www.opensiteexplorer.org/dotbot, help@moz.com)"
www.nspw.org:80 157.55.39.109 - - [07/May/2018:04:17:22 -0400] "GET /papers/2009/nspw2009-peisert.pdf HTTP/1.1" 302 593 "-" "Mozilla/5.0 (iPhone; CPU iPhone OS 7_0 like Mac OS X) AppleWebKit/537.51.1 (KHTML, like Gecko) Version/7.0 Mobile/11A465 Safari/9537.53 (compatible; bingbot/2.0; +http://www.bing.com/bingbot.htm)"
www.nspw.org:80 202.80.214.82 - - [07/May/2018:04:18:45 -0400] "GET /wp-login.php HTTP/1.1" 302 553 "-" "Mozilla/5.0 (Windows NT 6.1; WOW64; rv:40.0) Gecko/20100101 Firefox/40.1"
www.nspw.org:80 202.80.214.82 - - [07/May/2018:04:18:54 -0400] "GET / HTTP/1.1" 302 529 "-" "Mozilla/5.0 (Windows NT 6.1; WOW64; rv:40.0) Gecko/20100101 Firefox/40.1"
www.nspw.org:80 69.162.124.227 - - [07/May/2018:04:18:58 -0400] "HEAD / HTTP/1.1" 302 188 "http://nspw.org/" "Mozilla/5.0+(compatible; UptimeRobot/2.0; http://www.uptimerobot.com/)"
www.nspw.org:80 197.224.163.69 - - [07/May/2018:04:19:01 -0400] "GET /wp-login.php HTTP/1.1" 302 553 "-" "Mozilla/5.0 (Windows NT 6.1; WOW64; rv:40.0) Gecko/20100101 Firefox/40.1"
www.nspw.org:80 197.224.163.69 - - [07/May/2018:04:19:05 -0400] "GET / HTTP/1.1" 302 528 "-" "Mozilla/5.0 (Windows NT 6.1; WOW64; rv:40.0) Gecko/20100101 Firefox/40.1"
www.nspw.org:80 54.36.149.0 - - [07/May/2018:04:21:55 -0400] "GET /2007/pc-gen.pl HTTP/1.1" 302 501 "-" "Mozilla/5.0 (compatible; AhrefsBot/5.2; +http://ahrefs.com/robot/)"
www.nspw.org:80 121.7.190.46 - - [07/May/2018:04:23:42 -0400] "GET /wp-login.php HTTP/1.1" 302 553 "-" "Mozilla/5.0 (Windows NT 6.1; WOW64; rv:40.0) Gecko/20100101 Firefox/40.1"
www.nspw.org:80 121.7.190.46 - - [07/May/2018:04:23:43 -0400] "GET / HTTP/1.1" 302 528 "-" "Mozilla/5.0 (Windows NT 6.1; WOW64; rv:40.0) Gecko/20100101 Firefox/40.1"
www.nspw.org:80 69.162.124.227 - - [07/May/2018:04:23:58 -0400] "HEAD / HTTP/1.1" 302 188 "http://nspw.org/" "Mozilla/5.0+(compatible; UptimeRobot/2.0; http://www.uptimerobot.com/)"
www.nspw.org:80 40.77.167.137 - - [07/May/2018:04:24:40 -0400] "GET /papers/2005/nspw2005-mcdermott.pdf HTTP/1.1" 302 597 "-" "Mozilla/5.0 (iPhone; CPU iPhone OS 7_0 like Mac OS X) AppleWebKit/537.51.1 (KHTML, like Gecko) Version/7.0 Mobile/11A465 Safari/9537.53 (compatible; bingbot/2.0; +http://www.bing.com/bingbot.htm)"
www.nspw.org:80 185.212.171.186 - - [07/May/2018:04:27:05 -0400] "GET /user/login HTTP/1.1" 302 489 "http://nspw.org/user/login" "Mozilla/5.0 (Windows NT 10.0; WOW64) AppleWebKit/537.36 (KHTML, like Gecko) Chrome/62.0.3198.0 Safari/537.36 OPR/49.0.2711.0"
www.nspw.org:80 185.212.171.186 - - [07/May/2018:04:27:05 -0400] "GET /user/login HTTP/1.1" 302 489 "http://nspw.org/user/login" "Mozilla/5.0 (Windows NT 10.0; WOW64) AppleWebKit/537.36 (KHTML, like Gecko) Chrome/62.0.3198.0 Safari/537.36 OPR/49.0.2711.0"
www.nspw.org:80 185.212.171.186 - - [07/May/2018:04:27:05 -0400] "GET /user/login HTTP/1.1" 302 489 "http://nspw.org/user/login" "Mozilla/5.0 (Windows NT 10.0; WOW64) AppleWebKit/537.36 (KHTML, like Gecko) Chrome/62.0.3198.0 Safari/537.36 OPR/49.0.2711.0"
www.nspw.org:80 54.152.58.154 - - [07/May/2018:04:28:29 -0400] "GET /2018 HTTP/1.1" 302 481 "-" "Mozilla/5.0 (Macintosh; Intel Mac OS X 10.11; rv:49.0) Gecko/20100101 Firefox/49.0 (FlipboardProxy/1.2; +http://flipboard.com/browserproxy)"
www.nspw.org:80 216.244.66.247 - - [07/May/2018:04:28:40 -0400] "GET /2002/oc.content HTTP/1.1" 302 503 "-" "Mozilla/5.0 (compatible; DotBot/1.1; http://www.opensiteexplorer.org/dotbot, help@moz.com)"
www.nspw.org:80 122.7.243.132 - - [07/May/2018:04:28:45 -0400] "GET /papers/2000/nspw2000-rannenberg.pdf HTTP/1.1" 302 543 "-" "Mozilla/5.0 (Windows NT 10.0; Win64; x64) AppleWebKit/537.36 (KHTML, like Gecko) Chrome/51.0.2704.106 Safari/537.36"
www.nspw.org:80 69.162.124.227 - - [07/May/2018:04:28:58 -0400] "HEAD / HTTP/1.1" 302 188 "http://nspw.org/" "Mozilla/5.0+(compatible; UptimeRobot/2.0; http://www.uptimerobot.com/)"
www.nspw.org:80 90.153.202.60 - - [07/May/2018:04:30:44 -0400] "GET /wp-login.php HTTP/1.1" 302 553 "-" "Mozilla/5.0 (Windows NT 6.1; WOW64; rv:40.0) Gecko/20100101 Firefox/40.1"
www.nspw.org:80 90.153.202.60 - - [07/May/2018:04:30:47 -0400] "GET / HTTP/1.1" 302 528 "-" "Mozilla/5.0 (Windows NT 6.1; WOW64; rv:40.0) Gecko/20100101 Firefox/40.1"
www.nspw.org:80 206.163.239.106 - - [07/May/2018:04:31:07 -0400] "GET /wp-login.php HTTP/1.1" 302 553 "-" "Mozilla/5.0 (Windows NT 6.1; WOW64; rv:40.0) Gecko/20100101 Firefox/40.1"
www.nspw.org:80 206.163.239.106 - - [07/May/2018:04:31:07 -0400] "GET / HTTP/1.1" 302 528 "-" "Mozilla/5.0 (Windows NT 6.1; WOW64; rv:40.0) Gecko/20100101 Firefox/40.1"
www.nspw.org:80 216.244.66.247 - - [07/May/2018:04:31:28 -0400] "GET /2004/?C=M;O=D HTTP/1.1" 302 499 "-" "Mozilla/5.0 (compatible; DotBot/1.1; http://www.opensiteexplorer.org/dotbot, help@moz.com)"
www.nspw.org:80 54.36.148.194 - - [07/May/2018:04:32:32 -0400] "GET /2015/cfp HTTP/1.1" 302 489 "-" "Mozilla/5.0 (compatible; AhrefsBot/5.2; +http://ahrefs.com/robot/)"
www.nspw.org:80 46.233.112.162 - - [07/May/2018:04:32:56 -0400] "GET /2009/proceedings/2008/nspw2008-beautement.pdf HTTP/1.1" 302 619 "-" "Mozilla/5.0 (Macintosh; Intel Mac OS X 10_13_2) AppleWebKit/604.4.7 (KHTML, like Gecko) Version/11.0.2 Safari/604.4.7"
www.nspw.org:80 69.162.124.227 - - [07/May/2018:04:33:58 -0400] "HEAD / HTTP/1.1" 302 188 "http://nspw.org/" "Mozilla/5.0+(compatible; UptimeRobot/2.0; http://www.uptimerobot.com/)"
www.nspw.org:80 40.77.167.137 - - [07/May/2018:04:34:33 -0400] "GET /papers/1999/nspw1999-povey.pdf HTTP/1.1" 302 589 "-" "Mozilla/5.0 (iPhone; CPU iPhone OS 7_0 like Mac OS X) AppleWebKit/537.51.1 (KHTML, like Gecko) Version/7.0 Mobile/11A465 Safari/9537.53 (compatible; bingbot/2.0; +http://www.bing.com/bingbot.htm)"
www.nspw.org:80 39.42.66.156 - - [07/May/2018:04:36:05 -0400] "GET /wp-login.php HTTP/1.1" 302 553 "-" "Mozilla/5.0 (Windows NT 6.1; WOW64; rv:40.0) Gecko/20100101 Firefox/40.1"
www.nspw.org:80 39.42.66.156 - - [07/May/2018:04:36:07 -0400] "GET / HTTP/1.1" 302 528 "-" "Mozilla/5.0 (Windows NT 6.1; WOW64; rv:40.0) Gecko/20100101 Firefox/40.1"
www.nspw.org:80 69.162.124.227 - - [07/May/2018:04:38:58 -0400] "HEAD / HTTP/1.1" 302 188 "http://nspw.org/" "Mozilla/5.0+(compatible; UptimeRobot/2.0; http://www.uptimerobot.com/)"
www.nspw.org:80 216.244.66.236 - - [07/May/2018:04:39:51 -0400] "GET /robots.txt HTTP/1.1" 302 493 "-" "Mozilla/5.0 (compatible; DotBot/1.1; http://www.opensiteexplorer.org/dotbot, help@moz.com)"
www.nspw.org:80 69.162.124.227 - - [07/May/2018:04:43:58 -0400] "HEAD / HTTP/1.1" 302 188 "http://nspw.org/" "Mozilla/5.0+(compatible; UptimeRobot/2.0; http://www.uptimerobot.com/)"
www.nspw.org:80 180.76.15.18 - - [07/May/2018:04:45:53 -0400] "GET /2009/proceedings/2005/nspw2005-locasto.pdf HTTP/1.1" 302 576 "-" "Mozilla/5.0 (compatible; Baiduspider/2.0; +http://www.baidu.com/search/spider.html)"
www.nspw.org:80 197.48.210.100 - - [07/May/2018:04:47:04 -0400] "GET /wp-login.php HTTP/1.1" 302 553 "-" "Mozilla/5.0 (Windows NT 6.1; WOW64; rv:40.0) Gecko/20100101 Firefox/40.1"
www.nspw.org:80 197.48.210.100 - - [07/May/2018:04:47:06 -0400] "GET / HTTP/1.1" 302 528 "-" "Mozilla/5.0 (Windows NT 6.1; WOW64; rv:40.0) Gecko/20100101 Firefox/40.1"
www.nspw.org:80 54.36.148.237 - - [07/May/2018:04:48:01 -0400] "GET /node/53 HTTP/1.1" 302 487 "-" "Mozilla/5.0 (compatible; AhrefsBot/5.2; +http://ahrefs.com/robot/)"
www.nspw.org:80 69.162.124.227 - - [07/May/2018:04:48:58 -0400] "HEAD / HTTP/1.1" 302 188 "http://nspw.org/" "Mozilla/5.0+(compatible; UptimeRobot/2.0; http://www.uptimerobot.com/)"
www.nspw.org:80 40.77.167.26 - - [07/May/2018:04:49:12 -0400] "GET /2005/cfp/latex/tr.tex HTTP/1.1" 302 571 "-" "Mozilla/5.0 (compatible; bingbot/2.0; +http://www.bing.com/bingbot.htm)"
www.nspw.org:80 180.76.15.142 - - [07/May/2018:04:51:11 -0400] "GET /2008/cfp2008.pdf HTTP/1.1" 302 524 "-" "Mozilla/5.0 (compatible; Baiduspider/2.0; +http://www.baidu.com/search/spider.html)"
www.nspw.org:80 180.76.15.160 - - [07/May/2018:04:52:11 -0400] "GET /papers/2013/nspw2013-sundaramurthy.pdf HTTP/1.1" 302 568 "-" "Mozilla/5.0 (compatible; Baiduspider/2.0; +http://www.baidu.com/search/spider.html)"
www.nspw.org:80 180.76.15.160 - - [07/May/2018:04:53:11 -0400] "GET /2006/?C=N;O=A HTTP/1.1" 302 518 "-" "Mozilla/5.0 (compatible; Baiduspider/2.0; +http://www.baidu.com/search/spider.html)"
www.nspw.org:80 216.244.66.200 - - [07/May/2018:04:53:24 -0400] "GET /robots.txt HTTP/1.1" 302 493 "-" "Mozilla/5.0 (compatible; DotBot/1.1; http://www.opensiteexplorer.org/dotbot, help@moz.com)"
www.nspw.org:80 69.162.124.227 - - [07/May/2018:04:53:58 -0400] "HEAD / HTTP/1.1" 302 188 "http://nspw.org/" "Mozilla/5.0+(compatible; UptimeRobot/2.0; http://www.uptimerobot.com/)"
www.nspw.org:80 180.76.15.25 - - [07/May/2018:04:54:11 -0400] "GET /papers/2013/?C=M;O=D HTTP/1.1" 302 532 "-" "Mozilla/5.0 (compatible; Baiduspider/2.0; +http://www.baidu.com/search/spider.html)"
www.nspw.org:80 27.32.24.125 - - [07/May/2018:04:54:25 -0400] "GET /papers/2007/nspw2007-vidyaraman.pdf HTTP/1.1" 302 599 "-" "Mozilla/5.0 (iPhone; CPU iPhone OS 11_3 like Mac OS X) AppleWebKit/605.1.15 (KHTML, like Gecko) Version/11.0 Mobile/15E148 Safari/604.1"
www.nspw.org:80 180.76.15.146 - - [07/May/2018:04:55:11 -0400] "GET /2003/program.content HTTP/1.1" 302 532 "-" "Mozilla/5.0 (compatible; Baiduspider/2.0; +http://www.baidu.com/search/spider.html)"
www.nspw.org:80 77.75.76.162 - - [07/May/2018:04:56:06 -0400] "GET /robots.txt HTTP/1.1" 302 549 "-" "Mozilla/5.0 (compatible; SeznamBot/3.2; +http://napoveda.seznam.cz/en/seznambot-intro/)"
www.nspw.org:80 77.75.76.162 - - [07/May/2018:04:56:07 -0400] "GET /2003/cfp.content HTTP/1.1" 302 560 "-" "Mozilla/5.0 (compatible; SeznamBot/3.2; +http://napoveda.seznam.cz/en/seznambot-intro/)"
www.nspw.org:80 77.75.76.162 - - [07/May/2018:04:56:07 -0400] "GET /2003/program.pdf HTTP/1.1" 302 560 "-" "Mozilla/5.0 (compatible; SeznamBot/3.2; +http://napoveda.seznam.cz/en/seznambot-intro/)"
www.nspw.org:80 77.75.76.162 - - [07/May/2018:04:56:08 -0400] "GET /2005/past.shtml HTTP/1.1" 302 558 "-" "Mozilla/5.0 (compatible; SeznamBot/3.2; +http://napoveda.seznam.cz/en/seznambot-intro/)"
www.nspw.org:80 77.75.76.162 - - [07/May/2018:04:56:08 -0400] "GET /2003/oc.shtml HTTP/1.1" 302 554 "-" "Mozilla/5.0 (compatible; SeznamBot/3.2; +http://napoveda.seznam.cz/en/seznambot-intro/)"
www.nspw.org:80 180.76.15.16 - - [07/May/2018:04:56:11 -0400] "GET /node/11 HTTP/1.1" 302 506 "-" "Mozilla/5.0 (compatible; Baiduspider/2.0; +http://www.baidu.com/search/spider.html)"
www.nspw.org:80 146.255.250.218 - - [07/May/2018:04:57:03 -0400] "GET /wp-login.php HTTP/1.1" 302 553 "-" "Mozilla/5.0 (Windows NT 6.1; WOW64; rv:40.0) Gecko/20100101 Firefox/40.1"
www.nspw.org:80 146.255.250.218 - - [07/May/2018:04:57:05 -0400] "GET / HTTP/1.1" 302 528 "-" "Mozilla/5.0 (Windows NT 6.1; WOW64; rv:40.0) Gecko/20100101 Firefox/40.1"
www.nspw.org:80 180.76.15.159 - - [07/May/2018:04:57:11 -0400] "GET /papers/2012/docs/ HTTP/1.1" 302 526 "-" "Mozilla/5.0 (compatible; Baiduspider/2.0; +http://www.baidu.com/search/spider.html)"
www.nspw.org:80 180.76.15.152 - - [07/May/2018:04:58:11 -0400] "GET /2003/?C=N;O=D HTTP/1.1" 302 518 "-" "Mozilla/5.0 (compatible; Baiduspider/2.0; +http://www.baidu.com/search/spider.html)"
www.nspw.org:80 69.162.124.227 - - [07/May/2018:04:58:58 -0400] "HEAD / HTTP/1.1" 302 188 "http://nspw.org/" "Mozilla/5.0+(compatible; UptimeRobot/2.0; http://www.uptimerobot.com/)"
www.nspw.org:80 180.76.15.19 - - [07/May/2018:04:59:11 -0400] "GET /2003/?C=N;O=A HTTP/1.1" 302 518 "-" "Mozilla/5.0 (compatible; Baiduspider/2.0; +http://www.baidu.com/search/spider.html)"
www.nspw.org:80 180.76.15.163 - - [07/May/2018:05:00:11 -0400] "GET /papers/?C=N;O=A HTTP/1.1" 302 522 "-" "Mozilla/5.0 (compatible; Baiduspider/2.0; +http://www.baidu.com/search/spider.html)"
www.nspw.org:80 216.244.66.200 - - [07/May/2018:05:00:13 -0400] "GET /robots.txt HTTP/1.1" 302 493 "-" "Mozilla/5.0 (compatible; DotBot/1.1; http://www.opensiteexplorer.org/dotbot, help@moz.com)"
www.nspw.org:80 180.76.15.136 - - [07/May/2018:05:01:11 -0400] "GET /2009/proceedings/1994/?C=S;O=D HTTP/1.1" 302 552 "-" "Mozilla/5.0 (compatible; Baiduspider/2.0; +http://www.baidu.com/search/spider.html)"
www.nspw.org:80 216.244.66.247 - - [07/May/2018:05:01:54 -0400] "GET /papers/2004/?C=D;O=A HTTP/1.1" 302 513 "-" "Mozilla/5.0 (compatible; DotBot/1.1; http://www.opensiteexplorer.org/dotbot, help@moz.com)"
www.nspw.org:80 180.76.15.25 - - [07/May/2018:05:02:11 -0400] "GET /papers/1998/?C=S;O=D HTTP/1.1" 302 532 "-" "Mozilla/5.0 (compatible; Baiduspider/2.0; +http://www.baidu.com/search/spider.html)"
www.nspw.org:80 41.190.95.46 - - [07/May/2018:05:03:00 -0400] "GET /wp-login.php HTTP/1.1" 302 553 "-" "Mozilla/5.0 (Windows NT 6.1; WOW64; rv:40.0) Gecko/20100101 Firefox/40.1"
www.nspw.org:80 41.190.95.46 - - [07/May/2018:05:03:07 -0400] "GET / HTTP/1.1" 302 529 "-" "Mozilla/5.0 (Windows NT 6.1; WOW64; rv:40.0) Gecko/20100101 Firefox/40.1"
www.nspw.org:80 180.76.15.144 - - [07/May/2018:05:03:11 -0400] "GET /papers/2007/?C=S;O=A HTTP/1.1" 302 532 "-" "Mozilla/5.0 (compatible; Baiduspider/2.0; +http://www.baidu.com/search/spider.html)"
www.nspw.org:80 216.244.66.247 - - [07/May/2018:05:03:55 -0400] "GET /2002/pc.content HTTP/1.1" 302 503 "-" "Mozilla/5.0 (compatible; DotBot/1.1; http://www.opensiteexplorer.org/dotbot, help@moz.com)"
www.nspw.org:80 216.244.66.247 - - [07/May/2018:05:03:55 -0400] "GET /2009/proceedings/2007/?C=D;O=A HTTP/1.1" 302 533 "-" "Mozilla/5.0 (compatible; DotBot/1.1; http://www.opensiteexplorer.org/dotbot, help@moz.com)"
www.nspw.org:80 69.162.124.227 - - [07/May/2018:05:03:58 -0400] "HEAD / HTTP/1.1" 302 188 "http://nspw.org/" "Mozilla/5.0+(compatible; UptimeRobot/2.0; http://www.uptimerobot.com/)"
www.nspw.org:80 180.241.184.60 - - [07/May/2018:05:04:00 -0400] "GET /papers/1999/nspw1999-henning.pdf HTTP/1.1" 302 593 "https://www.bing.com/" "Mozilla/5.0 (Windows NT 10.0; Win64; x64; rv:59.0) Gecko/20100101 Firefox/59.0"
www.nspw.org:80 216.244.66.247 - - [07/May/2018:05:04:06 -0400] "GET /2009/proceedings/2007/?C=N;O=D HTTP/1.1" 302 533 "-" "Mozilla/5.0 (compatible; DotBot/1.1; http://www.opensiteexplorer.org/dotbot, help@moz.com)"
www.nspw.org:80 180.76.15.29 - - [07/May/2018:05:04:11 -0400] "GET /2006/?C=D;O=A HTTP/1.1" 302 518 "-" "Mozilla/5.0 (compatible; Baiduspider/2.0; +http://www.baidu.com/search/spider.html)"
www.nspw.org:80 216.244.66.247 - - [07/May/2018:05:05:09 -0400] "GET /2009/proceedings/2000/?C=D;O=D HTTP/1.1" 302 533 "-" "Mozilla/5.0 (compatible; DotBot/1.1; http://www.opensiteexplorer.org/dotbot, help@moz.com)"
www.nspw.org:80 180.76.15.159 - - [07/May/2018:05:05:11 -0400] "GET /2008/registration.content.2007 HTTP/1.1" 302 552 "-" "Mozilla/5.0 (compatible; Baiduspider/2.0; +http://www.baidu.com/search/spider.html)"
www.nspw.org:80 180.76.15.27 - - [07/May/2018:05:06:11 -0400] "GET /2009/proceedings/1997/?C=N;O=D HTTP/1.1" 302 552 "-" "Mozilla/5.0 (compatible; Baiduspider/2.0; +http://www.baidu.com/search/spider.html)"
www.nspw.org:80 180.76.15.158 - - [07/May/2018:05:07:11 -0400] "GET /1999/index.html HTTP/1.1" 302 522 "-" "Mozilla/5.0 (compatible; Baiduspider/2.0; +http://www.baidu.com/search/spider.html)"
www.nspw.org:80 180.76.15.19 - - [07/May/2018:05:07:12 -0400] "GET /1999/ HTTP/1.1" 302 502 "-" "Mozilla/5.0 (compatible; Baiduspider/2.0; +http://www.baidu.com/search/spider.html)"
www.nspw.org:80 123.231.109.136 - - [07/May/2018:05:07:29 -0400] "GET /wp-login.php HTTP/1.1" 302 553 "-" "Mozilla/5.0 (Windows NT 6.1; WOW64; rv:40.0) Gecko/20100101 Firefox/40.1"
www.nspw.org:80 123.231.109.136 - - [07/May/2018:05:07:31 -0400] "GET / HTTP/1.1" 302 528 "-" "Mozilla/5.0 (Windows NT 6.1; WOW64; rv:40.0) Gecko/20100101 Firefox/40.1"
www.nspw.org:80 212.237.124.203 - - [07/May/2018:05:08:09 -0400] "GET /wp-login.php HTTP/1.1" 302 497 "-" "Mozilla/5.0 (Windows NT 6.1; WOW64; rv:40.0) Gecko/20100101 Firefox/40.1"
www.nspw.org:80 180.76.15.9 - - [07/May/2018:05:08:11 -0400] "GET /2009/proceedings/1998/?C=M;O=A HTTP/1.1" 302 552 "-" "Mozilla/5.0 (compatible; Baiduspider/2.0; +http://www.baidu.com/search/spider.html)"
www.nspw.org:80 212.237.124.203 - - [07/May/2018:05:08:12 -0400] "GET / HTTP/1.1" 302 473 "-" "Mozilla/5.0 (Windows NT 6.1; WOW64; rv:40.0) Gecko/20100101 Firefox/40.1"
www.nspw.org:80 113.161.81.240 - - [07/May/2018:05:09:23 -0400] "GET /wp-login.php HTTP/1.1" 302 553 "-" "Mozilla/5.0 (Windows NT 6.1; WOW64; rv:40.0) Gecko/20100101 Firefox/40.1"
www.nspw.org:80 113.161.81.240 - - [07/May/2018:05:09:26 -0400] "GET / HTTP/1.1" 302 528 "-" "Mozilla/5.0 (Windows NT 6.1; WOW64; rv:40.0) Gecko/20100101 Firefox/40.1"
www.nspw.org:80 195.66.180.79 - - [07/May/2018:05:09:47 -0400] "GET /wp-login.php HTTP/1.1" 302 553 "-" "Mozilla/5.0 (Windows NT 6.1; WOW64; rv:40.0) Gecko/20100101 Firefox/40.1"
www.nspw.org:80 195.66.180.79 - - [07/May/2018:05:09:48 -0400] "GET / HTTP/1.1" 302 528 "-" "Mozilla/5.0 (Windows NT 6.1; WOW64; rv:40.0) Gecko/20100101 Firefox/40.1"
www.nspw.org:80 49.206.121.176 - - [07/May/2018:05:12:49 -0400] "GET /wp-login.php HTTP/1.1" 302 553 "-" "Mozilla/5.0 (Windows NT 6.1; WOW64; rv:40.0) Gecko/20100101 Firefox/40.1"
www.nspw.org:80 49.206.121.176 - - [07/May/2018:05:12:50 -0400] "GET / HTTP/1.1" 302 528 "-" "Mozilla/5.0 (Windows NT 6.1; WOW64; rv:40.0) Gecko/20100101 Firefox/40.1"
www.nspw.org:80 95.2.14.81 - - [07/May/2018:05:13:26 -0400] "GET /wp-login.php HTTP/1.1" 302 553 "-" "Mozilla/5.0 (Windows NT 6.1; WOW64; rv:40.0) Gecko/20100101 Firefox/40.1"
www.nspw.org:80 95.2.14.81 - - [07/May/2018:05:13:27 -0400] "GET / HTTP/1.1" 302 528 "-" "Mozilla/5.0 (Windows NT 6.1; WOW64; rv:40.0) Gecko/20100101 Firefox/40.1"
www.nspw.org:80 64.62.252.173 - - [07/May/2018:05:13:43 -0400] "GET /robots.txt HTTP/1.1" 302 549 "-" "The Knowledge AI"
www.nspw.org:80 64.62.252.173 - - [07/May/2018:05:13:59 -0400] "GET /2006/ HTTP/1.1" 302 539 "-" "The Knowledge AI"
www.nspw.org:80 69.162.124.227 - - [07/May/2018:05:14:17 -0400] "HEAD / HTTP/1.1" 302 188 "http://nspw.org/" "Mozilla/5.0+(compatible; UptimeRobot/2.0; http://www.uptimerobot.com/)"
www.nspw.org:80 216.244.66.200 - - [07/May/2018:05:14:34 -0400] "GET /2000/past.html HTTP/1.1" 302 501 "-" "Mozilla/5.0 (compatible; DotBot/1.1; http://www.opensiteexplorer.org/dotbot, help@moz.com)"
www.nspw.org:80 94.123.232.116 - - [07/May/2018:05:15:29 -0400] "GET /wp-login.php HTTP/1.1" 302 553 "-" "Mozilla/5.0 (Windows NT 6.1; WOW64; rv:40.0) Gecko/20100101 Firefox/40.1"
www.nspw.org:80 94.123.232.116 - - [07/May/2018:05:15:31 -0400] "GET / HTTP/1.1" 302 528 "-" "Mozilla/5.0 (Windows NT 6.1; WOW64; rv:40.0) Gecko/20100101 Firefox/40.1"
www.nspw.org:80 216.244.66.200 - - [07/May/2018:05:17:16 -0400] "GET /2010/cfp HTTP/1.1" 302 489 "-" "Mozilla/5.0 (compatible; DotBot/1.1; http://www.opensiteexplorer.org/dotbot, help@moz.com)"
www.nspw.org:80 86.247.157.141 - - [07/May/2018:05:17:20 -0400] "GET /wp-login.php HTTP/1.1" 302 553 "-" "Mozilla/5.0 (Windows NT 6.1; WOW64; rv:40.0) Gecko/20100101 Firefox/40.1"
www.nspw.org:80 86.247.157.141 - - [07/May/2018:05:17:20 -0400] "GET / HTTP/1.1" 302 528 "-" "Mozilla/5.0 (Windows NT 6.1; WOW64; rv:40.0) Gecko/20100101 Firefox/40.1"
www.nspw.org:80 216.244.66.200 - - [07/May/2018:05:17:43 -0400] "GET /2002/ HTTP/1.1" 302 483 "-" "Mozilla/5.0 (compatible; DotBot/1.1; http://www.opensiteexplorer.org/dotbot, help@moz.com)"
