www.nspw.org:80 31.4.159.3 - - [04/May/2018:17:58:29 -0400] "GET / HTTP/1.1" 302 528 "-" "Mozilla/5.0 (Windows NT 6.1; WOW64; rv:40.0) Gecko/20100101 Firefox/40.1"
www.nspw.org:80 194.187.170.141 - - [04/May/2018:17:58:56 -0400] "GET /2008/dates.content HTTP/1.1" 302 528 "-" "Mozilla/5.0 (compatible; Qwantify/2.4w; +https://www.qwant.com/)/2.4w"
www.nspw.org:80 105.111.92.47 - - [04/May/2018:17:59:12 -0400] "GET /wp-login.php HTTP/1.1" 302 553 "-" "Mozilla/5.0 (Windows NT 6.1; WOW64; rv:40.0) Gecko/20100101 Firefox/40.1"
www.nspw.org:80 105.111.92.47 - - [04/May/2018:17:59:28 -0400] "GET / HTTP/1.1" 302 529 "-" "Mozilla/5.0 (Windows NT 6.1; WOW64; rv:40.0) Gecko/20100101 Firefox/40.1"
www.nspw.org:80 69.162.124.227 - - [04/May/2018:18:02:39 -0400] "HEAD / HTTP/1.1" 302 188 "http://nspw.org/" "Mozilla/5.0+(compatible; UptimeRobot/2.0; http://www.uptimerobot.com/)"
www.nspw.org:80 103.108.46.138 - - [04/May/2018:18:06:14 -0400] "GET /wp-login.php HTTP/1.1" 302 553 "-" "Mozilla/5.0 (Windows NT 6.1; WOW64; rv:40.0) Gecko/20100101 Firefox/40.1"
www.nspw.org:80 103.108.46.138 - - [04/May/2018:18:06:22 -0400] "GET / HTTP/1.1" 302 529 "-" "Mozilla/5.0 (Windows NT 6.1; WOW64; rv:40.0) Gecko/20100101 Firefox/40.1"
www.nspw.org:80 69.162.124.227 - - [04/May/2018:18:07:39 -0400] "HEAD / HTTP/1.1" 302 188 "http://nspw.org/" "Mozilla/5.0+(compatible; UptimeRobot/2.0; http://www.uptimerobot.com/)"
www.nspw.org:80 216.244.66.247 - - [04/May/2018:18:07:58 -0400] "GET /robots.txt HTTP/1.1" 302 493 "-" "Mozilla/5.0 (compatible; DotBot/1.1; http://www.opensiteexplorer.org/dotbot, help@moz.com)"
www.nspw.org:80 141.255.113.81 - - [04/May/2018:18:09:03 -0400] "GET /wp-login.php HTTP/1.1" 302 553 "-" "Mozilla/5.0 (Windows NT 6.1; WOW64; rv:40.0) Gecko/20100101 Firefox/40.1"
www.nspw.org:80 141.255.113.81 - - [04/May/2018:18:09:04 -0400] "GET / HTTP/1.1" 302 528 "-" "Mozilla/5.0 (Windows NT 6.1; WOW64; rv:40.0) Gecko/20100101 Firefox/40.1"
www.nspw.org:80 98.145.8.191 - - [04/May/2018:18:09:54 -0400] "GET /wp-login.php HTTP/1.1" 302 553 "-" "Mozilla/5.0 (Windows NT 6.1; WOW64; rv:40.0) Gecko/20100101 Firefox/40.1"
www.nspw.org:80 98.145.8.191 - - [04/May/2018:18:09:55 -0400] "GET / HTTP/1.1" 302 528 "-" "Mozilla/5.0 (Windows NT 6.1; WOW64; rv:40.0) Gecko/20100101 Firefox/40.1"
www.nspw.org:80 190.74.162.134 - - [04/May/2018:18:12:06 -0400] "GET /wp-login.php HTTP/1.1" 302 553 "-" "Mozilla/5.0 (Windows NT 6.1; WOW64; rv:40.0) Gecko/20100101 Firefox/40.1"
www.nspw.org:80 190.74.162.134 - - [04/May/2018:18:12:09 -0400] "GET / HTTP/1.1" 302 528 "-" "Mozilla/5.0 (Windows NT 6.1; WOW64; rv:40.0) Gecko/20100101 Firefox/40.1"
www.nspw.org:80 223.129.49.228 - - [04/May/2018:18:12:16 -0400] "GET /wp-login.php HTTP/1.1" 302 553 "-" "Mozilla/5.0 (Windows NT 6.1; WOW64; rv:40.0) Gecko/20100101 Firefox/40.1"
www.nspw.org:80 223.129.49.228 - - [04/May/2018:18:12:18 -0400] "GET / HTTP/1.1" 302 528 "-" "Mozilla/5.0 (Windows NT 6.1; WOW64; rv:40.0) Gecko/20100101 Firefox/40.1"
www.nspw.org:80 69.162.124.227 - - [04/May/2018:18:12:39 -0400] "HEAD / HTTP/1.1" 302 188 "http://nspw.org/" "Mozilla/5.0+(compatible; UptimeRobot/2.0; http://www.uptimerobot.com/)"
www.nspw.org:80 69.162.124.227 - - [04/May/2018:18:17:39 -0400] "HEAD / HTTP/1.1" 302 188 "http://nspw.org/" "Mozilla/5.0+(compatible; UptimeRobot/2.0; http://www.uptimerobot.com/)"
www.nspw.org:80 180.76.15.149 - - [04/May/2018:18:18:23 -0400] "GET /papers/2009/nspw2009-johnson.pdf HTTP/1.1" 302 556 "-" "Mozilla/5.0 (compatible; Baiduspider/2.0; +http://www.baidu.com/search/spider.html)"
www.nspw.org:80 46.211.123.111 - - [04/May/2018:18:19:19 -0400] "GET /wp-login.php HTTP/1.1" 302 553 "-" "Mozilla/5.0 (Windows NT 6.1; WOW64; rv:40.0) Gecko/20100101 Firefox/40.1"
www.nspw.org:80 46.211.123.111 - - [04/May/2018:18:19:20 -0400] "GET / HTTP/1.1" 302 528 "-" "Mozilla/5.0 (Windows NT 6.1; WOW64; rv:40.0) Gecko/20100101 Firefox/40.1"
www.nspw.org:80 105.67.135.5 - - [04/May/2018:18:19:26 -0400] "GET /wp-login.php HTTP/1.1" 302 553 "-" "Mozilla/5.0 (Windows NT 6.1; WOW64; rv:40.0) Gecko/20100101 Firefox/40.1"
www.nspw.org:80 105.67.135.5 - - [04/May/2018:18:19:27 -0400] "GET / HTTP/1.1" 302 528 "-" "Mozilla/5.0 (Windows NT 6.1; WOW64; rv:40.0) Gecko/20100101 Firefox/40.1"
www.nspw.org:80 216.244.66.236 - - [04/May/2018:18:21:28 -0400] "GET /robots.txt HTTP/1.1" 302 493 "-" "Mozilla/5.0 (compatible; DotBot/1.1; http://www.opensiteexplorer.org/dotbot, help@moz.com)"
www.nspw.org:80 141.136.91.112 - - [04/May/2018:18:21:46 -0400] "GET /wp-login.php HTTP/1.1" 302 553 "-" "Mozilla/5.0 (Windows NT 6.1; WOW64; rv:40.0) Gecko/20100101 Firefox/40.1"
www.nspw.org:80 141.136.91.112 - - [04/May/2018:18:21:47 -0400] "GET / HTTP/1.1" 302 528 "-" "Mozilla/5.0 (Windows NT 6.1; WOW64; rv:40.0) Gecko/20100101 Firefox/40.1"
www.nspw.org:80 69.162.124.227 - - [04/May/2018:18:22:39 -0400] "HEAD / HTTP/1.1" 302 188 "http://nspw.org/" "Mozilla/5.0+(compatible; UptimeRobot/2.0; http://www.uptimerobot.com/)"
www.nspw.org:80 87.116.182.127 - - [04/May/2018:18:23:26 -0400] "GET /wp-login.php HTTP/1.1" 302 553 "-" "Mozilla/5.0 (Windows NT 6.1; WOW64; rv:40.0) Gecko/20100101 Firefox/40.1"
www.nspw.org:80 87.116.182.127 - - [04/May/2018:18:23:27 -0400] "GET / HTTP/1.1" 302 528 "-" "Mozilla/5.0 (Windows NT 6.1; WOW64; rv:40.0) Gecko/20100101 Firefox/40.1"
www.nspw.org:80 51.38.12.21 - - [04/May/2018:18:24:38 -0400] "GET / HTTP/1.1" 302 494 "-" "Mozilla/5.0 (Windows NT 6.1) AppleWebKit/537.36 (KHTML, like Gecko) Chrome/41.0.2228.0 Safari/537.36"
www.nspw.org:80 191.35.194.27 - - [04/May/2018:18:25:35 -0400] "GET /wp-login.php HTTP/1.1" 302 553 "-" "Mozilla/5.0 (Windows NT 6.1; WOW64; rv:40.0) Gecko/20100101 Firefox/40.1"
www.nspw.org:80 191.35.194.27 - - [04/May/2018:18:25:39 -0400] "GET / HTTP/1.1" 302 528 "-" "Mozilla/5.0 (Windows NT 6.1; WOW64; rv:40.0) Gecko/20100101 Firefox/40.1"
www.nspw.org:80 175.158.216.241 - - [04/May/2018:18:25:44 -0400] "GET /wp-login.php HTTP/1.1" 302 553 "-" "Mozilla/5.0 (Windows NT 6.1; WOW64; rv:40.0) Gecko/20100101 Firefox/40.1"
www.nspw.org:80 175.158.216.241 - - [04/May/2018:18:25:46 -0400] "GET / HTTP/1.1" 302 528 "-" "Mozilla/5.0 (Windows NT 6.1; WOW64; rv:40.0) Gecko/20100101 Firefox/40.1"
www.nspw.org:80 207.46.13.59 - - [04/May/2018:18:26:13 -0400] "GET /papers/2009/nspw2009-probst.pdf HTTP/1.1" 302 591 "-" "Mozilla/5.0 (compatible; bingbot/2.0; +http://www.bing.com/bingbot.htm)"
www.nspw.org:80 216.244.66.200 - - [04/May/2018:18:26:44 -0400] "GET /robots.txt HTTP/1.1" 302 493 "-" "Mozilla/5.0 (compatible; DotBot/1.1; http://www.opensiteexplorer.org/dotbot, help@moz.com)"
www.nspw.org:80 69.162.124.227 - - [04/May/2018:18:27:39 -0400] "HEAD / HTTP/1.1" 302 188 "http://nspw.org/" "Mozilla/5.0+(compatible; UptimeRobot/2.0; http://www.uptimerobot.com/)"
www.nspw.org:80 194.228.76.240 - - [04/May/2018:18:31:15 -0400] "GET /wp-login.php HTTP/1.1" 302 553 "-" "Mozilla/5.0 (Windows NT 6.1; WOW64; rv:40.0) Gecko/20100101 Firefox/40.1"
www.nspw.org:80 194.228.76.240 - - [04/May/2018:18:31:17 -0400] "GET / HTTP/1.1" 302 528 "-" "Mozilla/5.0 (Windows NT 6.1; WOW64; rv:40.0) Gecko/20100101 Firefox/40.1"
www.nspw.org:80 54.36.148.107 - - [04/May/2018:18:31:17 -0400] "GET /2015 HTTP/1.1" 302 481 "-" "Mozilla/5.0 (compatible; AhrefsBot/5.2; +http://ahrefs.com/robot/)"
www.nspw.org:80 66.249.64.210 - - [04/May/2018:18:31:44 -0400] "GET /papers/1993/nspw1993-slack.pdf HTTP/1.1" 302 589 "-" "Mozilla/5.0 (compatible; Googlebot/2.1; +http://www.google.com/bot.html)"
www.nspw.org:80 69.162.124.227 - - [04/May/2018:18:32:39 -0400] "HEAD / HTTP/1.1" 302 188 "http://nspw.org/" "Mozilla/5.0+(compatible; UptimeRobot/2.0; http://www.uptimerobot.com/)"
www.nspw.org:80 128.114.229.204 - - [04/May/2018:18:34:03 -0400] "GET /current/ HTTP/1.1" 302 545 "-" "Mozilla/5.0 (Macintosh; Intel Mac OS X 10_13_4) AppleWebKit/605.1.15 (KHTML, like Gecko)"
www.nspw.org:80 128.114.229.204 - - [04/May/2018:18:34:06 -0400] "GET /current/ HTTP/1.1" 302 544 "-" "\"Mozilla/5.0 (iPhone; CPU iPhone OS 11_0 like Mac OS X) AppleWebKit/604.1.38 (KHTML, like Gecko) Version/11.0 Mobile/15A372 Safari/604.1\""
www.nspw.org:80 66.249.64.206 - - [04/May/2018:18:36:57 -0400] "GET /papers/2006/nspw2006-naegoe.pdf HTTP/1.1" 302 591 "-" "Mozilla/5.0 (compatible; Googlebot/2.1; +http://www.google.com/bot.html)"
www.nspw.org:80 69.162.124.227 - - [04/May/2018:18:37:39 -0400] "HEAD / HTTP/1.1" 302 188 "http://nspw.org/" "Mozilla/5.0+(compatible; UptimeRobot/2.0; http://www.uptimerobot.com/)"
www.nspw.org:80 66.249.64.206 - - [04/May/2018:18:38:24 -0400] "GET /papers/2003/nspw2003-flechais.pdf HTTP/1.1" 302 595 "-" "Mozilla/5.0 (compatible; Googlebot/2.1; +http://www.google.com/bot.html)"
www.nspw.org:80 216.244.66.200 - - [04/May/2018:18:41:33 -0400] "GET /2000/past.html HTTP/1.1" 302 501 "-" "Mozilla/5.0 (compatible; DotBot/1.1; http://www.opensiteexplorer.org/dotbot, help@moz.com)"
www.nspw.org:80 69.162.124.227 - - [04/May/2018:18:42:39 -0400] "HEAD / HTTP/1.1" 302 188 "http://nspw.org/" "Mozilla/5.0+(compatible; UptimeRobot/2.0; http://www.uptimerobot.com/)"
www.nspw.org:80 216.244.66.236 - - [04/May/2018:18:45:05 -0400] "GET /robots.txt HTTP/1.1" 302 493 "-" "Mozilla/5.0 (compatible; DotBot/1.1; http://www.opensiteexplorer.org/dotbot, help@moz.com)"
www.nspw.org:80 41.249.135.213 - - [04/May/2018:18:45:26 -0400] "GET /wp-login.php HTTP/1.1" 302 553 "-" "Mozilla/5.0 (Windows NT 6.1; WOW64; rv:40.0) Gecko/20100101 Firefox/40.1"
www.nspw.org:80 41.249.135.213 - - [04/May/2018:18:45:27 -0400] "GET / HTTP/1.1" 302 528 "-" "Mozilla/5.0 (Windows NT 6.1; WOW64; rv:40.0) Gecko/20100101 Firefox/40.1"
www.nspw.org:80 69.162.124.227 - - [04/May/2018:18:47:39 -0400] "HEAD / HTTP/1.1" 302 188 "http://nspw.org/" "Mozilla/5.0+(compatible; UptimeRobot/2.0; http://www.uptimerobot.com/)"
www.nspw.org:80 ::1 - - [04/May/2018:18:48:46 -0400] "OPTIONS * HTTP/1.0" 200 126 "-" "Apache/2.4.29 (Ubuntu) OpenSSL/1.1.0g (internal dummy connection)"
www.nspw.org:80 5.102.173.71 - - [04/May/2018:18:49:01 -0400] "GET /robots.txt HTTP/1.1" 302 493 "-" "Mozilla/5.0 (compatible; MojeekBot/0.6; +https://www.mojeek.com/bot.html)"
www.nspw.org:80 5.102.173.71 - - [04/May/2018:18:49:01 -0400] "GET /2008/ HTTP/1.1" 302 483 "-" "Mozilla/5.0 (compatible; MojeekBot/0.6; +https://www.mojeek.com/bot.html)"
www.nspw.org:80 105.186.163.120 - - [04/May/2018:18:49:40 -0400] "GET /wp-login.php HTTP/1.1" 302 553 "-" "Mozilla/5.0 (Windows NT 6.1; WOW64; rv:40.0) Gecko/20100101 Firefox/40.1"
www.nspw.org:80 105.186.163.120 - - [04/May/2018:18:49:47 -0400] "GET / HTTP/1.1" 302 529 "-" "Mozilla/5.0 (Windows NT 6.1; WOW64; rv:40.0) Gecko/20100101 Firefox/40.1"
www.nspw.org:80 66.160.140.183 - - [04/May/2018:18:49:48 -0400] "GET /robots.txt HTTP/1.1" 302 549 "-" "The Knowledge AI"
www.nspw.org:80 14.139.241.203 - - [04/May/2018:18:49:54 -0400] "GET /wp-login.php HTTP/1.1" 302 553 "-" "Mozilla/5.0 (Windows NT 6.1; WOW64; rv:40.0) Gecko/20100101 Firefox/40.1"
www.nspw.org:80 14.139.241.203 - - [04/May/2018:18:49:56 -0400] "GET / HTTP/1.1" 302 528 "-" "Mozilla/5.0 (Windows NT 6.1; WOW64; rv:40.0) Gecko/20100101 Firefox/40.1"
www.nspw.org:80 66.160.140.183 - - [04/May/2018:18:49:59 -0400] "GET /2006/ HTTP/1.1" 302 539 "-" "The Knowledge AI"
www.nspw.org:80 180.76.15.24 - - [04/May/2018:18:51:43 -0400] "GET /2015/ HTTP/1.1" 302 502 "-" "Mozilla/5.0 (compatible; Baiduspider/2.0; +http://www.baidu.com/search/spider.html)"
www.nspw.org:80 69.162.124.227 - - [04/May/2018:18:52:39 -0400] "HEAD / HTTP/1.1" 302 188 "http://nspw.org/" "Mozilla/5.0+(compatible; UptimeRobot/2.0; http://www.uptimerobot.com/)"
www.nspw.org:80 216.244.66.200 - - [04/May/2018:18:54:19 -0400] "GET /2002/dates.content HTTP/1.1" 302 509 "-" "Mozilla/5.0 (compatible; DotBot/1.1; http://www.opensiteexplorer.org/dotbot, help@moz.com)"
www.nspw.org:80 216.244.66.200 - - [04/May/2018:18:54:29 -0400] "GET /2002/nspw-header.html HTTP/1.1" 302 515 "-" "Mozilla/5.0 (compatible; DotBot/1.1; http://www.opensiteexplorer.org/dotbot, help@moz.com)"
www.nspw.org:80 93.158.161.149 - - [04/May/2018:18:55:27 -0400] "GET / HTTP/1.1" 302 529 "-" "Mozilla/5.0 (compatible; YandexBot/3.0; +http://yandex.com/bots)"
www.nspw.org:80 5.255.250.67 - - [04/May/2018:18:55:27 -0400] "GET /robots.txt HTTP/1.1" 302 545 "-" "Mozilla/5.0 (compatible; YandexBot/3.0; +http://yandex.com/bots)"
www.nspw.org:80 77.88.47.40 - - [04/May/2018:18:55:31 -0400] "GET / HTTP/1.1" 302 525 "-" "Mozilla/5.0 (compatible; YandexBot/3.0; +http://yandex.com/bots)"
www.nspw.org:80 69.162.124.227 - - [04/May/2018:18:57:39 -0400] "HEAD / HTTP/1.1" 302 188 "http://nspw.org/" "Mozilla/5.0+(compatible; UptimeRobot/2.0; http://www.uptimerobot.com/)"
www.nspw.org:80 43.241.58.23 - - [04/May/2018:18:59:08 -0400] "GET /2016/sponsors HTTP/1.0" 302 518 "-" "Mozilla/5.0 (compatible; AhrefsBot/5.2; +http://ahrefs.com/robot/)"
www.nspw.org:80 47.44.179.146 - - [04/May/2018:19:00:24 -0400] "GET /papers/2005/nspw2005-bishop-pos.pdf HTTP/1.1" 302 599 "https://www.google.com/" "Mozilla/5.0 (Windows NT 10.0; Win64; x64) AppleWebKit/537.36 (KHTML, like Gecko) Chrome/66.0.3359.139 Safari/537.36"
www.nspw.org:80 47.44.179.146 - - [04/May/2018:19:01:15 -0400] "-" 408 0 "-" "-"
www.nspw.org:80 47.44.179.146 - - [04/May/2018:19:01:16 -0400] "-" 408 0 "-" "-"
www.nspw.org:80 69.162.124.227 - - [04/May/2018:19:02:39 -0400] "HEAD / HTTP/1.1" 302 188 "http://nspw.org/" "Mozilla/5.0+(compatible; UptimeRobot/2.0; http://www.uptimerobot.com/)"
www.nspw.org:80 66.160.140.183 - - [04/May/2018:19:03:05 -0400] "GET /2009/ HTTP/1.1" 302 539 "-" "The Knowledge AI"
www.nspw.org:80 109.49.200.149 - - [04/May/2018:19:03:26 -0400] "GET /wp-login.php HTTP/1.1" 302 553 "-" "Mozilla/5.0 (Windows NT 6.1; WOW64; rv:40.0) Gecko/20100101 Firefox/40.1"
www.nspw.org:80 109.49.200.149 - - [04/May/2018:19:03:27 -0400] "GET / HTTP/1.1" 302 528 "-" "Mozilla/5.0 (Windows NT 6.1; WOW64; rv:40.0) Gecko/20100101 Firefox/40.1"
www.nspw.org:80 216.244.66.247 - - [04/May/2018:19:03:53 -0400] "GET /robots.txt HTTP/1.1" 302 493 "-" "Mozilla/5.0 (compatible; DotBot/1.1; http://www.opensiteexplorer.org/dotbot, help@moz.com)"
www.nspw.org:80 69.162.124.227 - - [04/May/2018:19:07:39 -0400] "HEAD / HTTP/1.1" 302 188 "http://nspw.org/" "Mozilla/5.0+(compatible; UptimeRobot/2.0; http://www.uptimerobot.com/)"
www.nspw.org:80 199.59.150.180 - - [04/May/2018:19:09:41 -0400] "GET /robots.txt HTTP/1.1" 302 489 "-" "Twitterbot/1.0"
www.nspw.org:80 199.59.150.180 - - [04/May/2018:19:09:41 -0400] "GET /2018/cfp HTTP/1.1" 302 485 "-" "Twitterbot/1.0"
www.nspw.org:80 216.244.66.247 - - [04/May/2018:19:09:55 -0400] "GET /1999/local.html HTTP/1.1" 302 503 "-" "Mozilla/5.0 (compatible; DotBot/1.1; http://www.opensiteexplorer.org/dotbot, help@moz.com)"
www.nspw.org:80 66.249.64.206 - - [04/May/2018:19:10:42 -0400] "GET /2005/ HTTP/1.1" 302 539 "-" "Mozilla/5.0 (compatible; Googlebot/2.1; +http://www.google.com/bot.html)"
www.nspw.org:80 37.57.114.206 - - [04/May/2018:19:10:50 -0400] "GET /sites/default/files/rcwbinyt.php HTTP/1.0" 302 552 "http://nspw.org/sites/default/files/rcwbinyt.php" "Mozilla/5.0 (iPhone; CPU iPhone OS 10_3_1 like Mac OS X) AppleWebKit/603.1.30 (KHTML, like Gecko) Version/10.0 Mobile/14E304 Safari/602.1"
www.nspw.org:80 171.244.34.167 - - [04/May/2018:19:10:52 -0400] "GET /sites/default/files/rcwbinyt.php HTTP/1.0" 302 552 "http://nspw.org/sites/default/files/rcwbinyt.php" "Mozilla/5.0 (Windows NT 6.1) AppleWebKit/537.36 (KHTML, like Gecko) Chrome/59.0.3071.115 Safari/537.36"
www.nspw.org:80 207.46.13.59 - - [04/May/2018:19:12:17 -0400] "GET /papers/2011/nspw2011-du.pdf HTTP/1.1" 302 579 "-" "Mozilla/5.0 (iPhone; CPU iPhone OS 7_0 like Mac OS X) AppleWebKit/537.51.1 (KHTML, like Gecko) Version/7.0 Mobile/11A465 Safari/9537.53 (compatible; bingbot/2.0; +http://www.bing.com/bingbot.htm)"
www.nspw.org:80 66.249.64.206 - - [04/May/2018:19:12:18 -0400] "GET /papers/2003/nspw2003-alkassar.pdf HTTP/1.1" 302 595 "-" "Mozilla/5.0 (compatible; Googlebot/2.1; +http://www.google.com/bot.html)"
www.nspw.org:80 69.162.124.227 - - [04/May/2018:19:12:39 -0400] "HEAD / HTTP/1.1" 302 188 "http://nspw.org/" "Mozilla/5.0+(compatible; UptimeRobot/2.0; http://www.uptimerobot.com/)"
www.nspw.org:80 156.222.51.89 - - [04/May/2018:19:13:01 -0400] "GET /wp-login.php HTTP/1.1" 302 553 "-" "Mozilla/5.0 (Windows NT 6.1; WOW64; rv:40.0) Gecko/20100101 Firefox/40.1"
www.nspw.org:80 156.222.51.89 - - [04/May/2018:19:13:05 -0400] "GET / HTTP/1.1" 302 528 "-" "Mozilla/5.0 (Windows NT 6.1; WOW64; rv:40.0) Gecko/20100101 Firefox/40.1"
www.nspw.org:80 216.244.66.200 - - [04/May/2018:19:15:29 -0400] "GET /2007/ieee.clo HTTP/1.1" 302 499 "-" "Mozilla/5.0 (compatible; DotBot/1.1; http://www.opensiteexplorer.org/dotbot, help@moz.com)"
www.nspw.org:80 69.162.124.227 - - [04/May/2018:19:17:39 -0400] "HEAD / HTTP/1.1" 302 188 "http://nspw.org/" "Mozilla/5.0+(compatible; UptimeRobot/2.0; http://www.uptimerobot.com/)"
www.nspw.org:80 66.160.140.183 - - [04/May/2018:19:18:46 -0400] "GET / HTTP/1.1" 302 529 "-" "The Knowledge AI"
www.nspw.org:80 178.255.215.92 - - [04/May/2018:19:20:01 -0400] "GET /robots.txt HTTP/1.1" 302 512 "-" "Mozilla/5.0 (compatible; Exabot/3.0; +http://www.exabot.com/go/robot)"
www.nspw.org:80 178.255.215.92 - - [04/May/2018:19:20:01 -0400] "GET /papers/2008/nspw2008-beautement.pdf HTTP/1.1" 302 562 "-" "Mozilla/5.0 (compatible; Exabot/3.0; +http://www.exabot.com/go/robot)"
www.nspw.org:80 185.212.171.186 - - [04/May/2018:19:20:22 -0400] "GET /user/login HTTP/1.1" 302 489 "http://nspw.org/user/login" "Mozilla/5.0 (Windows NT 10.0; WOW64) AppleWebKit/537.36 (KHTML, like Gecko) Chrome/62.0.3198.0 Safari/537.36 OPR/49.0.2711.0"
www.nspw.org:80 185.212.171.186 - - [04/May/2018:19:20:22 -0400] "GET /user/login HTTP/1.1" 302 489 "http://nspw.org/user/login" "Mozilla/5.0 (Windows NT 10.0; WOW64) AppleWebKit/537.36 (KHTML, like Gecko) Chrome/62.0.3198.0 Safari/537.36 OPR/49.0.2711.0"
www.nspw.org:80 185.212.171.186 - - [04/May/2018:19:20:22 -0400] "GET /user/login HTTP/1.1" 302 489 "http://nspw.org/user/login" "Mozilla/5.0 (Windows NT 10.0; WOW64) AppleWebKit/537.36 (KHTML, like Gecko) Chrome/62.0.3198.0 Safari/537.36 OPR/49.0.2711.0"
www.nspw.org:80 77.138.52.130 - - [04/May/2018:19:21:25 -0400] "GET /wp-login.php HTTP/1.1" 302 553 "-" "Mozilla/5.0 (Windows NT 6.1; WOW64; rv:40.0) Gecko/20100101 Firefox/40.1"
www.nspw.org:80 77.138.52.130 - - [04/May/2018:19:21:26 -0400] "GET / HTTP/1.1" 302 528 "-" "Mozilla/5.0 (Windows NT 6.1; WOW64; rv:40.0) Gecko/20100101 Firefox/40.1"
www.nspw.org:80 35.226.23.240 - - [04/May/2018:19:21:54 -0400] "GET /robots.txt HTTP/1.1" 302 512 "-" "ltx71 - (http://ltx71.com/)"
www.nspw.org:80 41.136.233.27 - - [04/May/2018:19:21:58 -0400] "GET /wp-login.php HTTP/1.1" 302 553 "-" "Mozilla/5.0 (Windows NT 6.1; WOW64; rv:40.0) Gecko/20100101 Firefox/40.1"
www.nspw.org:80 41.136.233.27 - - [04/May/2018:19:22:02 -0400] "GET / HTTP/1.1" 302 528 "-" "Mozilla/5.0 (Windows NT 6.1; WOW64; rv:40.0) Gecko/20100101 Firefox/40.1"
www.nspw.org:80 69.162.124.227 - - [04/May/2018:19:22:39 -0400] "HEAD / HTTP/1.1" 302 188 "http://nspw.org/" "Mozilla/5.0+(compatible; UptimeRobot/2.0; http://www.uptimerobot.com/)"
www.nspw.org:80 148.251.232.83 - - [04/May/2018:19:24:00 -0400] "GET /papers/2003/nspw2003-mirkovic.pdf HTTP/1.1" 302 539 "http://www.nspw.org/papers/2003/nspw2003-mirkovic.pdf" "Mozilla/5.0 (Windows NT 10.0; Win64; x64) AppleWebKit/537.36 (KHTML, like Gecko) Chrome/60.0.3112.113 Safari/537.36"
www.nspw.org:80 66.249.64.210 - - [04/May/2018:19:24:06 -0400] "GET /current/cfp.shtml HTTP/1.1" 302 563 "-" "Mozilla/5.0 (compatible; Googlebot/2.1; +http://www.google.com/bot.html)"
www.nspw.org:80 88.152.156.188 - - [04/May/2018:19:27:37 -0400] "GET /wp-login.php HTTP/1.1" 302 553 "-" "Mozilla/5.0 (Windows NT 6.1; WOW64; rv:40.0) Gecko/20100101 Firefox/40.1"
www.nspw.org:80 88.152.156.188 - - [04/May/2018:19:27:38 -0400] "GET / HTTP/1.1" 302 528 "-" "Mozilla/5.0 (Windows NT 6.1; WOW64; rv:40.0) Gecko/20100101 Firefox/40.1"
www.nspw.org:80 69.162.124.227 - - [04/May/2018:19:27:39 -0400] "HEAD / HTTP/1.1" 302 188 "http://nspw.org/" "Mozilla/5.0+(compatible; UptimeRobot/2.0; http://www.uptimerobot.com/)"
www.nspw.org:80 216.244.66.200 - - [04/May/2018:19:30:30 -0400] "GET /2005/?C=S;O=D HTTP/1.1" 302 499 "-" "Mozilla/5.0 (compatible; DotBot/1.1; http://www.opensiteexplorer.org/dotbot, help@moz.com)"
www.nspw.org:80 216.244.66.200 - - [04/May/2018:19:30:40 -0400] "GET /2005/local.shtml HTTP/1.1" 302 505 "-" "Mozilla/5.0 (compatible; DotBot/1.1; http://www.opensiteexplorer.org/dotbot, help@moz.com)"
www.nspw.org:80 202.142.75.143 - - [04/May/2018:19:31:37 -0400] "GET /wp-login.php HTTP/1.1" 302 553 "-" "Mozilla/5.0 (Windows NT 6.1; WOW64; rv:40.0) Gecko/20100101 Firefox/40.1"
www.nspw.org:80 202.142.75.143 - - [04/May/2018:19:31:39 -0400] "GET / HTTP/1.1" 302 528 "-" "Mozilla/5.0 (Windows NT 6.1; WOW64; rv:40.0) Gecko/20100101 Firefox/40.1"
www.nspw.org:80 69.162.124.227 - - [04/May/2018:19:32:39 -0400] "HEAD / HTTP/1.1" 302 188 "http://nspw.org/" "Mozilla/5.0+(compatible; UptimeRobot/2.0; http://www.uptimerobot.com/)"
www.nspw.org:80 84.24.148.65 - - [04/May/2018:19:34:44 -0400] "GET /wp-login.php HTTP/1.1" 302 553 "-" "Mozilla/5.0 (Windows NT 6.1; WOW64; rv:40.0) Gecko/20100101 Firefox/40.1"
www.nspw.org:80 84.24.148.65 - - [04/May/2018:19:34:45 -0400] "GET / HTTP/1.1" 302 528 "-" "Mozilla/5.0 (Windows NT 6.1; WOW64; rv:40.0) Gecko/20100101 Firefox/40.1"
www.nspw.org:80 216.244.66.200 - - [04/May/2018:19:36:38 -0400] "GET /robots.txt HTTP/1.1" 302 493 "-" "Mozilla/5.0 (compatible; DotBot/1.1; http://www.opensiteexplorer.org/dotbot, help@moz.com)"
www.nspw.org:80 216.244.66.247 - - [04/May/2018:19:36:47 -0400] "GET /2007/pc.shtml HTTP/1.1" 302 499 "-" "Mozilla/5.0 (compatible; DotBot/1.1; http://www.opensiteexplorer.org/dotbot, help@moz.com)"
www.nspw.org:80 69.162.124.227 - - [04/May/2018:19:37:39 -0400] "HEAD / HTTP/1.1" 302 188 "http://nspw.org/" "Mozilla/5.0+(compatible; UptimeRobot/2.0; http://www.uptimerobot.com/)"
www.nspw.org:80 185.42.15.152 - - [04/May/2018:19:39:11 -0400] "GET /sites/default/files/nifatcvj.php HTTP/1.0" 302 552 "http://nspw.org/sites/default/files/nifatcvj.php" "Mozilla/5.0 (Linux; Android 7.0; SAMSUNG SM-G935F Build/NRD90M) AppleWebKit/537.36 (KHTML, like Gecko) SamsungBrowser/5.4 Chrome/51.0.2704.106 Mobile Safari/537.36"
www.nspw.org:80 182.50.130.163 - - [04/May/2018:19:39:14 -0400] "GET /sites/default/files/nifatcvj.php HTTP/1.0" 302 552 "http://nspw.org/sites/default/files/nifatcvj.php" "Mozilla/5.0 (Windows NT 6.1; WOW64) AppleWebKit/537.36 (KHTML, like Gecko) Chrome/44.0.2403.155 Safari/537.36"
www.nspw.org:80 207.46.13.141 - - [04/May/2018:19:40:51 -0400] "GET /papers/2010/nspw2010-lilien.pdf HTTP/1.1" 302 591 "-" "Mozilla/5.0 (compatible; bingbot/2.0; +http://www.bing.com/bingbot.htm)"
www.nspw.org:80 101.191.123.157 - - [04/May/2018:19:41:58 -0400] "GET /wp-login.php HTTP/1.1" 302 553 "-" "Mozilla/5.0 (Windows NT 6.1; WOW64; rv:40.0) Gecko/20100101 Firefox/40.1"
www.nspw.org:80 101.191.123.157 - - [04/May/2018:19:42:00 -0400] "GET / HTTP/1.1" 302 528 "-" "Mozilla/5.0 (Windows NT 6.1; WOW64; rv:40.0) Gecko/20100101 Firefox/40.1"
www.nspw.org:80 69.162.124.227 - - [04/May/2018:19:42:39 -0400] "HEAD / HTTP/1.1" 302 188 "http://nspw.org/" "Mozilla/5.0+(compatible; UptimeRobot/2.0; http://www.uptimerobot.com/)"
www.nspw.org:80 216.244.66.247 - - [04/May/2018:19:42:46 -0400] "GET /2009/nspw-footer-old.html HTTP/1.1" 302 523 "-" "Mozilla/5.0 (compatible; DotBot/1.1; http://www.opensiteexplorer.org/dotbot, help@moz.com)"
www.nspw.org:80 158.69.133.31 - - [04/May/2018:19:43:13 -0400] "GET /CHANGELOG.txt HTTP/1.1" 302 520 "-" "drupalgeddon2"
www.nspw.org:80 158.69.133.31 - - [04/May/2018:19:43:13 -0400] "GET /core/CHANGELOG.txt HTTP/1.1" 302 530 "-" "drupalgeddon2"
www.nspw.org:80 158.69.133.31 - - [04/May/2018:19:43:13 -0400] "GET /includes/bootstrap.inc HTTP/1.1" 302 538 "-" "drupalgeddon2"
www.nspw.org:80 158.69.133.31 - - [04/May/2018:19:43:13 -0400] "GET /core/includes/bootstrap.inc HTTP/1.1" 302 548 "-" "drupalgeddon2"
www.nspw.org:80 158.69.133.31 - - [04/May/2018:19:43:13 -0400] "GET /includes/database.inc HTTP/1.1" 302 536 "-" "drupalgeddon2"
www.nspw.org:80 158.69.133.31 - - [04/May/2018:19:43:13 -0400] "GET /CHANGELOG.txt HTTP/1.1" 302 520 "-" "drupalgeddon2"
www.nspw.org:80 158.69.133.31 - - [04/May/2018:19:43:13 -0400] "GET /core/CHANGELOG.txt HTTP/1.1" 302 530 "-" "drupalgeddon2"
www.nspw.org:80 158.69.133.31 - - [04/May/2018:19:43:13 -0400] "GET /includes/bootstrap.inc HTTP/1.1" 302 538 "-" "drupalgeddon2"
www.nspw.org:80 158.69.133.31 - - [04/May/2018:19:43:14 -0400] "GET /core/includes/bootstrap.inc HTTP/1.1" 302 548 "-" "drupalgeddon2"
www.nspw.org:80 158.69.133.31 - - [04/May/2018:19:43:14 -0400] "GET /includes/database.inc HTTP/1.1" 302 536 "-" "drupalgeddon2"
www.nspw.org:80 158.69.133.31 - - [04/May/2018:19:43:14 -0400] "GET /CHANGELOG.txt HTTP/1.1" 302 520 "-" "drupalgeddon2"
www.nspw.org:80 158.69.133.31 - - [04/May/2018:19:43:14 -0400] "GET /core/CHANGELOG.txt HTTP/1.1" 302 530 "-" "drupalgeddon2"
www.nspw.org:80 158.69.133.31 - - [04/May/2018:19:43:14 -0400] "GET /includes/bootstrap.inc HTTP/1.1" 302 538 "-" "drupalgeddon2"
www.nspw.org:80 158.69.133.31 - - [04/May/2018:19:43:14 -0400] "GET /core/includes/bootstrap.inc HTTP/1.1" 302 548 "-" "drupalgeddon2"
www.nspw.org:80 158.69.133.31 - - [04/May/2018:19:43:14 -0400] "GET /includes/database.inc HTTP/1.1" 302 536 "-" "drupalgeddon2"
www.nspw.org:80 158.69.133.31 - - [04/May/2018:19:43:14 -0400] "GET /CHANGELOG.txt HTTP/1.1" 302 520 "-" "drupalgeddon2"
www.nspw.org:80 158.69.133.31 - - [04/May/2018:19:43:14 -0400] "GET /core/CHANGELOG.txt HTTP/1.1" 302 530 "-" "drupalgeddon2"
www.nspw.org:80 158.69.133.31 - - [04/May/2018:19:43:14 -0400] "GET /includes/bootstrap.inc HTTP/1.1" 302 538 "-" "drupalgeddon2"
www.nspw.org:80 158.69.133.31 - - [04/May/2018:19:43:15 -0400] "GET /core/includes/bootstrap.inc HTTP/1.1" 302 548 "-" "drupalgeddon2"
www.nspw.org:80 158.69.133.31 - - [04/May/2018:19:43:15 -0400] "GET /includes/database.inc HTTP/1.1" 302 536 "-" "drupalgeddon2"
www.nspw.org:80 216.244.66.247 - - [04/May/2018:19:44:06 -0400] "GET /papers/1993/?C=D;O=D HTTP/1.1" 302 513 "-" "Mozilla/5.0 (compatible; DotBot/1.1; http://www.opensiteexplorer.org/dotbot, help@moz.com)"
www.nspw.org:80 216.244.66.247 - - [04/May/2018:19:46:27 -0400] "GET /papers/1997/ HTTP/1.1" 302 497 "-" "Mozilla/5.0 (compatible; DotBot/1.1; http://www.opensiteexplorer.org/dotbot, help@moz.com)"
www.nspw.org:80 180.23.174.51 - - [04/May/2018:19:46:37 -0400] "GET /2018 HTTP/1.1" 302 500 "-" "LWP::Simple/6.29 libwww-perl/6.29"
www.nspw.org:80 69.162.124.227 - - [04/May/2018:19:47:39 -0400] "HEAD / HTTP/1.1" 302 188 "http://nspw.org/" "Mozilla/5.0+(compatible; UptimeRobot/2.0; http://www.uptimerobot.com/)"
www.nspw.org:80 66.249.64.206 - - [04/May/2018:19:51:44 -0400] "GET /papers/2011/nspw2011-bishop.pdf HTTP/1.1" 302 591 "-" "Mozilla/5.0 (compatible; Googlebot/2.1; +http://www.google.com/bot.html)"
www.nspw.org:80 34.207.219.235 - - [04/May/2018:19:52:01 -0400] "GET /2018 HTTP/1.1" 302 481 "-" "Mozilla/5.0 (Macintosh; Intel Mac OS X 10.11; rv:49.0) Gecko/20100101 Firefox/49.0 (FlipboardProxy/1.2; +http://flipboard.com/browserproxy)"
www.nspw.org:80 69.162.124.227 - - [04/May/2018:19:52:39 -0400] "HEAD / HTTP/1.1" 302 188 "http://nspw.org/" "Mozilla/5.0+(compatible; UptimeRobot/2.0; http://www.uptimerobot.com/)"
www.nspw.org:80 158.69.133.31 - - [04/May/2018:19:53:32 -0400] "POST /CHANGELOG.txt HTTP/1.1" 302 520 "-" "drupalgeddon2"
www.nspw.org:80 158.69.133.31 - - [04/May/2018:19:53:32 -0400] "POST /core/CHANGELOG.txt HTTP/1.1" 302 530 "-" "drupalgeddon2"
www.nspw.org:80 158.69.133.31 - - [04/May/2018:19:53:32 -0400] "POST /includes/bootstrap.inc HTTP/1.1" 302 538 "-" "drupalgeddon2"
www.nspw.org:80 158.69.133.31 - - [04/May/2018:19:53:32 -0400] "POST /core/includes/bootstrap.inc HTTP/1.1" 302 548 "-" "drupalgeddon2"
www.nspw.org:80 158.69.133.31 - - [04/May/2018:19:53:35 -0400] "POST /CHANGELOG.txt HTTP/1.1" 302 520 "-" "drupalgeddon2"
www.nspw.org:80 158.69.133.31 - - [04/May/2018:19:53:35 -0400] "POST /core/CHANGELOG.txt HTTP/1.1" 302 530 "-" "drupalgeddon2"
www.nspw.org:80 158.69.133.31 - - [04/May/2018:19:53:35 -0400] "POST /includes/bootstrap.inc HTTP/1.1" 302 538 "-" "drupalgeddon2"
www.nspw.org:80 158.69.133.31 - - [04/May/2018:19:53:35 -0400] "POST /core/includes/bootstrap.inc HTTP/1.1" 302 548 "-" "drupalgeddon2"
www.nspw.org:80 158.69.133.31 - - [04/May/2018:19:53:38 -0400] "POST /CHANGELOG.txt HTTP/1.1" 302 520 "-" "drupalgeddon2"
www.nspw.org:80 158.69.133.31 - - [04/May/2018:19:53:38 -0400] "POST /core/CHANGELOG.txt HTTP/1.1" 302 530 "-" "drupalgeddon2"
www.nspw.org:80 158.69.133.31 - - [04/May/2018:19:53:38 -0400] "POST /includes/bootstrap.inc HTTP/1.1" 302 538 "-" "drupalgeddon2"
www.nspw.org:80 158.69.133.31 - - [04/May/2018:19:53:38 -0400] "POST /core/includes/bootstrap.inc HTTP/1.1" 302 548 "-" "drupalgeddon2"
www.nspw.org:80 158.69.133.31 - - [04/May/2018:19:53:41 -0400] "POST /CHANGELOG.txt HTTP/1.1" 302 520 "-" "drupalgeddon2"
www.nspw.org:80 158.69.133.31 - - [04/May/2018:19:53:41 -0400] "POST /core/CHANGELOG.txt HTTP/1.1" 302 530 "-" "drupalgeddon2"
www.nspw.org:80 158.69.133.31 - - [04/May/2018:19:53:41 -0400] "POST /includes/bootstrap.inc HTTP/1.1" 302 538 "-" "drupalgeddon2"
www.nspw.org:80 158.69.133.31 - - [04/May/2018:19:53:41 -0400] "POST /core/includes/bootstrap.inc HTTP/1.1" 302 548 "-" "drupalgeddon2"
www.nspw.org:80 158.69.133.31 - - [04/May/2018:19:53:32 -0400] "POST /user/register?element_parents=account/mail/%23value&ajax_form=1&_wrapper_format=drupal_ajax HTTP/1.1" 302 684 "-" "drupalgeddon2"
www.nspw.org:80 158.69.133.31 - - [04/May/2018:19:53:35 -0400] "POST /user/register?element_parents=account/mail/%23value&ajax_form=1&_wrapper_format=drupal_ajax HTTP/1.1" 302 684 "-" "drupalgeddon2"
www.nspw.org:80 216.244.66.247 - - [04/May/2018:19:53:48 -0400] "GET /2008/index.shtml HTTP/1.1" 302 505 "-" "Mozilla/5.0 (compatible; DotBot/1.1; http://www.opensiteexplorer.org/dotbot, help@moz.com)"
www.nspw.org:80 158.69.133.31 - - [04/May/2018:19:53:38 -0400] "POST /user/register?element_parents=account/mail/%23value&ajax_form=1&_wrapper_format=drupal_ajax HTTP/1.1" 302 684 "-" "drupalgeddon2"
www.nspw.org:80 158.69.133.31 - - [04/May/2018:19:53:41 -0400] "POST /user/register?element_parents=account/mail/%23value&ajax_form=1&_wrapper_format=drupal_ajax HTTP/1.1" 302 684 "-" "drupalgeddon2"
www.nspw.org:80 200.125.81.34 - - [04/May/2018:19:55:26 -0400] "GET /wp-login.php HTTP/1.1" 302 553 "-" "Mozilla/5.0 (Windows NT 6.1; WOW64; rv:40.0) Gecko/20100101 Firefox/40.1"
www.nspw.org:80 200.125.81.34 - - [04/May/2018:19:55:28 -0400] "GET / HTTP/1.1" 302 528 "-" "Mozilla/5.0 (Windows NT 6.1; WOW64; rv:40.0) Gecko/20100101 Firefox/40.1"
www.nspw.org:80 69.162.124.227 - - [04/May/2018:19:57:39 -0400] "HEAD / HTTP/1.1" 302 188 "http://nspw.org/" "Mozilla/5.0+(compatible; UptimeRobot/2.0; http://www.uptimerobot.com/)"
www.nspw.org:80 180.76.15.145 - - [04/May/2018:19:58:24 -0400] "GET /papers/1993/nspw1993-desmedt.pdf HTTP/1.1" 302 552 "-" "Mozilla/5.0 (compatible; Baiduspider/2.0; +http://www.baidu.com/search/spider.html)"
www.nspw.org:80 66.249.64.210 - - [04/May/2018:19:58:24 -0400] "GET /papers/2009/nspw2009-gates.pdf HTTP/1.1" 302 589 "-" "Mozilla/5.0 (compatible; Googlebot/2.1; +http://www.google.com/bot.html)"
www.nspw.org:80 158.69.133.31 - - [04/May/2018:20:02:04 -0400] "POST /ps.php HTTP/1.1" 302 481 "-" "curl/7.47.0"
www.nspw.org:80 158.69.133.31 - - [04/May/2018:20:02:04 -0400] "POST /loikfd.php HTTP/1.1" 302 489 "-" "curl/7.47.0"
www.nspw.org:80 158.69.133.31 - - [04/May/2018:20:02:12 -0400] "POST /loikfd.php HTTP/1.1" 302 489 "-" "curl/7.47.0"
www.nspw.org:80 69.162.124.227 - - [04/May/2018:20:02:39 -0400] "HEAD / HTTP/1.1" 302 188 "http://nspw.org/" "Mozilla/5.0+(compatible; UptimeRobot/2.0; http://www.uptimerobot.com/)"
www.nspw.org:80 69.162.124.227 - - [04/May/2018:20:07:39 -0400] "HEAD / HTTP/1.1" 302 188 "http://nspw.org/" "Mozilla/5.0+(compatible; UptimeRobot/2.0; http://www.uptimerobot.com/)"
www.nspw.org:80 180.76.15.149 - - [04/May/2018:20:08:57 -0400] "GET /2016/location HTTP/1.1" 302 529 "-" "Mozilla/5.0 (compatible; Baiduspider/2.0; +http://www.baidu.com/search/spider.html)"
www.nspw.org:80 66.249.64.210 - - [04/May/2018:20:11:44 -0400] "GET /papers/2006/nspw2006-gates.pdf HTTP/1.1" 302 589 "-" "Mozilla/5.0 (compatible; Googlebot/2.1; +http://www.google.com/bot.html)"
www.nspw.org:80 69.162.124.227 - - [04/May/2018:20:12:39 -0400] "HEAD / HTTP/1.1" 302 188 "http://nspw.org/" "Mozilla/5.0+(compatible; UptimeRobot/2.0; http://www.uptimerobot.com/)"
www.nspw.org:80 199.16.157.181 - - [04/May/2018:20:14:32 -0400] "GET /robots.txt HTTP/1.1" 302 489 "-" "Twitterbot/1.0"
www.nspw.org:80 199.16.157.181 - - [04/May/2018:20:14:33 -0400] "GET /2018/cfp HTTP/1.1" 302 485 "-" "Twitterbot/1.0"
www.nspw.org:80 185.143.222.2 - - [04/May/2018:20:16:25 -0400] "GET /user/login HTTP/1.1" 302 489 "http://NSPW.ORG/user/login" "Mozilla/5.0 (Windows NT 10.0; WOW64) AppleWebKit/537.36 (KHTML, like Gecko) Chrome/62.0.3198.0 Safari/537.36 OPR/49.0.2711.0"
www.nspw.org:80 185.143.222.2 - - [04/May/2018:20:16:25 -0400] "GET /user/login HTTP/1.1" 302 489 "http://NSPW.ORG/user/login" "Mozilla/5.0 (Windows NT 10.0; WOW64) AppleWebKit/537.36 (KHTML, like Gecko) Chrome/62.0.3198.0 Safari/537.36 OPR/49.0.2711.0"
www.nspw.org:80 185.143.222.2 - - [04/May/2018:20:16:26 -0400] "GET /user/login HTTP/1.1" 302 489 "http://NSPW.ORG/user/login" "Mozilla/5.0 (Windows NT 10.0; WOW64) AppleWebKit/537.36 (KHTML, like Gecko) Chrome/62.0.3198.0 Safari/537.36 OPR/49.0.2711.0"
www.nspw.org:80 69.162.124.227 - - [04/May/2018:20:17:39 -0400] "HEAD / HTTP/1.1" 302 188 "http://nspw.org/" "Mozilla/5.0+(compatible; UptimeRobot/2.0; http://www.uptimerobot.com/)"
www.nspw.org:80 191.251.206.170 - - [04/May/2018:20:19:09 -0400] "GET /wp-login.php HTTP/1.1" 302 553 "-" "Mozilla/5.0 (Windows NT 6.1; WOW64; rv:40.0) Gecko/20100101 Firefox/40.1"
www.nspw.org:80 191.251.206.170 - - [04/May/2018:20:19:12 -0400] "GET / HTTP/1.1" 302 528 "-" "Mozilla/5.0 (Windows NT 6.1; WOW64; rv:40.0) Gecko/20100101 Firefox/40.1"
www.nspw.org:80 69.162.124.227 - - [04/May/2018:20:22:39 -0400] "HEAD / HTTP/1.1" 302 188 "http://nspw.org/" "Mozilla/5.0+(compatible; UptimeRobot/2.0; http://www.uptimerobot.com/)"
www.nspw.org:80 66.160.140.182 - - [04/May/2018:20:23:25 -0400] "GET /robots.txt HTTP/1.1" 302 549 "-" "The Knowledge AI"
www.nspw.org:80 66.160.140.182 - - [04/May/2018:20:23:43 -0400] "GET /current/cfp.shtml HTTP/1.1" 302 563 "-" "The Knowledge AI"
www.nspw.org:80 163.172.4.153 - - [04/May/2018:20:26:18 -0400] "GET / HTTP/1.1" 302 469 "http://nspw.org/" "Mozilla/5.0 (Macintosh; Intel Mac OS X 10_11_6) AppleWebKit/537.36 (KHTML, like Gecko) Chrome/58.0.3029.96 Safari/537.36"
www.nspw.org:80 69.162.124.227 - - [04/May/2018:20:27:39 -0400] "HEAD / HTTP/1.1" 302 188 "http://nspw.org/" "Mozilla/5.0+(compatible; UptimeRobot/2.0; http://www.uptimerobot.com/)"
www.nspw.org:80 108.254.255.64 - - [04/May/2018:20:28:07 -0400] "GET /wp-login.php HTTP/1.1" 302 553 "-" "Mozilla/5.0 (Windows NT 6.1; WOW64; rv:40.0) Gecko/20100101 Firefox/40.1"
www.nspw.org:80 108.254.255.64 - - [04/May/2018:20:28:10 -0400] "GET / HTTP/1.1" 302 528 "-" "Mozilla/5.0 (Windows NT 6.1; WOW64; rv:40.0) Gecko/20100101 Firefox/40.1"
www.nspw.org:80 66.249.64.208 - - [04/May/2018:20:29:04 -0400] "GET / HTTP/1.1" 302 529 "-" "Mozilla/5.0 (compatible; Googlebot/2.1; +http://www.google.com/bot.html)"
www.nspw.org:80 27.32.24.125 - - [04/May/2018:20:29:47 -0400] "GET /papers/2007/nspw2007-vidyaraman.pdf HTTP/1.1" 302 599 "-" "Mozilla/5.0 (iPhone; CPU iPhone OS 11_3 like Mac OS X) AppleWebKit/605.1.15 (KHTML, like Gecko) Version/11.0 Mobile/15E148 Safari/604.1"
www.nspw.org:80 64.62.252.164 - - [04/May/2018:20:31:32 -0400] "GET /robots.txt HTTP/1.1" 302 549 "-" "The Knowledge AI"
www.nspw.org:80 64.62.252.164 - - [04/May/2018:20:31:46 -0400] "GET /2015 HTTP/1.1" 302 537 "-" "The Knowledge AI"
www.nspw.org:80 64.62.252.164 - - [04/May/2018:20:32:00 -0400] "GET /2016 HTTP/1.1" 302 537 "-" "The Knowledge AI"
www.nspw.org:80 69.162.124.227 - - [04/May/2018:20:32:39 -0400] "HEAD / HTTP/1.1" 302 188 "http://nspw.org/" "Mozilla/5.0+(compatible; UptimeRobot/2.0; http://www.uptimerobot.com/)"
www.nspw.org:80 211.159.162.127 - - [04/May/2018:20:33:38 -0400] "PROPFIND / HTTP/1.1" 302 489 "-" "-"
www.nspw.org:80 211.159.162.127 - - [04/May/2018:20:33:41 -0400] "POST /wls-wsat/CoordinatorPortType HTTP/1.1" 302 550 "-" "Mozilla/5.0 (Windows NT 6.1; rv:5.0) Gecko/20100101 Firefox/5.0"
www.nspw.org:80 211.159.162.127 - - [04/May/2018:20:33:44 -0400] "POST /wls-wsat/CoordinatorPortType HTTP/1.1" 302 550 "-" "Mozilla/5.0 (Windows NT 6.1; rv:5.0) Gecko/20100101 Firefox/5.0"
www.nspw.org:80 211.159.162.127 - - [04/May/2018:20:34:01 -0400] "GET /phpmyadmin/index.php HTTP/1.1" 302 571 "-" "Mozilla/5.0"
www.nspw.org:80 211.159.162.127 - - [04/May/2018:20:34:02 -0400] "GET /phpMyAdmin/index.php HTTP/1.1" 302 570 "-" "Mozilla/5.0"
www.nspw.org:80 211.159.162.127 - - [04/May/2018:20:34:05 -0400] "GET /pmd/index.php HTTP/1.1" 302 556 "-" "Mozilla/5.0"
www.nspw.org:80 211.159.162.127 - - [04/May/2018:20:34:05 -0400] "GET /pma/index.php HTTP/1.1" 302 556 "-" "Mozilla/5.0"
www.nspw.org:80 211.159.162.127 - - [04/May/2018:20:34:05 -0400] "GET /phpmyadmin/index.php HTTP/1.1" 302 571 "-" "Mozilla/5.0"
www.nspw.org:80 211.159.162.127 - - [04/May/2018:20:34:06 -0400] "GET /phpMyAdmin/index.php HTTP/1.1" 302 570 "-" "Mozilla/5.0"
www.nspw.org:80 211.159.162.127 - - [04/May/2018:20:34:06 -0400] "GET /PMA/index.php HTTP/1.1" 302 556 "-" "Mozilla/5.0"
www.nspw.org:80 211.159.162.127 - - [04/May/2018:20:34:08 -0400] "GET /pmd/index.php HTTP/1.1" 302 556 "-" "Mozilla/5.0"
www.nspw.org:80 211.159.162.127 - - [04/May/2018:20:34:09 -0400] "GET /pma/index.php HTTP/1.1" 302 556 "-" "Mozilla/5.0"
www.nspw.org:80 211.159.162.127 - - [04/May/2018:20:34:09 -0400] "GET /PMA2/index.php HTTP/1.1" 302 558 "-" "Mozilla/5.0"
www.nspw.org:80 211.159.162.127 - - [04/May/2018:20:34:09 -0400] "GET /PMA/index.php HTTP/1.1" 302 556 "-" "Mozilla/5.0"
www.nspw.org:80 211.159.162.127 - - [04/May/2018:20:34:09 -0400] "GET /pmamy/index.php HTTP/1.1" 302 560 "-" "Mozilla/5.0"
www.nspw.org:80 211.159.162.127 - - [04/May/2018:20:34:10 -0400] "GET /pmamy2/index.php HTTP/1.1" 302 562 "-" "Mozilla/5.0"
www.nspw.org:80 211.159.162.127 - - [04/May/2018:20:34:11 -0400] "GET /mysql/index.php HTTP/1.1" 302 560 "-" "Mozilla/5.0"
www.nspw.org:80 211.159.162.127 - - [04/May/2018:20:34:12 -0400] "GET /admin/index.php HTTP/1.1" 302 560 "-" "Mozilla/5.0"
www.nspw.org:80 211.159.162.127 - - [04/May/2018:20:34:13 -0400] "GET /db/index.php HTTP/1.1" 302 554 "-" "Mozilla/5.0"
www.nspw.org:80 211.159.162.127 - - [04/May/2018:20:34:13 -0400] "GET /dbadmin/index.php HTTP/1.1" 302 564 "-" "Mozilla/5.0"
www.nspw.org:80 211.159.162.127 - - [04/May/2018:20:34:14 -0400] "GET /web/phpMyAdmin/index.php HTTP/1.1" 302 578 "-" "Mozilla/5.0"
www.nspw.org:80 211.159.162.127 - - [04/May/2018:20:34:17 -0400] "GET /admin/pma/index.php HTTP/1.1" 302 568 "-" "Mozilla/5.0"
www.nspw.org:80 211.159.162.127 - - [04/May/2018:20:34:17 -0400] "GET /admin/PMA/index.php HTTP/1.1" 302 568 "-" "Mozilla/5.0"
www.nspw.org:80 211.159.162.127 - - [04/May/2018:20:34:17 -0400] "GET /admin/mysql/index.php HTTP/1.1" 302 572 "-" "Mozilla/5.0"
www.nspw.org:80 211.159.162.127 - - [04/May/2018:20:34:18 -0400] "GET /PMA2/index.php HTTP/1.1" 302 559 "-" "Mozilla/5.0"
www.nspw.org:80 211.159.162.127 - - [04/May/2018:20:34:18 -0400] "GET /admin/mysql2/index.php HTTP/1.1" 302 574 "-" "Mozilla/5.0"
www.nspw.org:80 211.159.162.127 - - [04/May/2018:20:34:19 -0400] "GET /admin/phpmyadmin/index.php HTTP/1.1" 302 582 "-" "Mozilla/5.0"
www.nspw.org:80 211.159.162.127 - - [04/May/2018:20:34:21 -0400] "GET /pmamy/index.php HTTP/1.1" 302 560 "-" "Mozilla/5.0"
www.nspw.org:80 211.159.162.127 - - [04/May/2018:20:34:21 -0400] "GET /admin/phpMyAdmin/index.php HTTP/1.1" 302 582 "-" "Mozilla/5.0"
www.nspw.org:80 211.159.162.127 - - [04/May/2018:20:34:21 -0400] "GET /admin/phpmyadmin2/index.php HTTP/1.1" 302 584 "-" "Mozilla/5.0"
www.nspw.org:80 211.159.162.127 - - [04/May/2018:20:34:22 -0400] "GET /mysqladmin/index.php HTTP/1.1" 302 570 "-" "Mozilla/5.0"
www.nspw.org:80 211.159.162.127 - - [04/May/2018:20:34:22 -0400] "GET /mysql-admin/index.php HTTP/1.1" 302 572 "-" "Mozilla/5.0"
www.nspw.org:80 211.159.162.127 - - [04/May/2018:20:34:23 -0400] "GET /phpadmin/index.php HTTP/1.1" 302 566 "-" "Mozilla/5.0"
www.nspw.org:80 211.159.162.127 - - [04/May/2018:20:34:25 -0400] "GET /phpmyadmin0/index.php HTTP/1.1" 302 572 "-" "Mozilla/5.0"
www.nspw.org:80 211.159.162.127 - - [04/May/2018:20:34:25 -0400] "GET /pmamy2/index.php HTTP/1.1" 302 562 "-" "Mozilla/5.0"
www.nspw.org:80 211.159.162.127 - - [04/May/2018:20:34:25 -0400] "GET /phpmyadmin1/index.php HTTP/1.1" 302 572 "-" "Mozilla/5.0"
www.nspw.org:80 211.159.162.127 - - [04/May/2018:20:34:25 -0400] "GET /mysql/index.php HTTP/1.1" 302 560 "-" "Mozilla/5.0"
www.nspw.org:80 211.159.162.127 - - [04/May/2018:20:34:25 -0400] "GET /phpmyadmin2/index.php HTTP/1.1" 302 572 "-" "Mozilla/5.0"
www.nspw.org:80 211.159.162.127 - - [04/May/2018:20:34:26 -0400] "GET /admin/index.php HTTP/1.1" 302 560 "-" "Mozilla/5.0"
www.nspw.org:80 211.159.162.127 - - [04/May/2018:20:34:26 -0400] "GET /myadmin/index.php HTTP/1.1" 302 564 "-" "Mozilla/5.0"
www.nspw.org:80 211.159.162.127 - - [04/May/2018:20:34:26 -0400] "GET /myadmin2/index.php HTTP/1.1" 302 566 "-" "Mozilla/5.0"
www.nspw.org:80 211.159.162.127 - - [04/May/2018:20:34:26 -0400] "GET /db/index.php HTTP/1.1" 302 554 "-" "Mozilla/5.0"
www.nspw.org:80 211.159.162.127 - - [04/May/2018:20:34:26 -0400] "GET /xampp/phpmyadmin/index.php HTTP/1.1" 302 582 "-" "Mozilla/5.0"
www.nspw.org:80 211.159.162.127 - - [04/May/2018:20:34:27 -0400] "GET /phpMyadmin_bak/index.php HTTP/1.1" 302 578 "-" "Mozilla/5.0"
www.nspw.org:80 211.159.162.127 - - [04/May/2018:20:34:28 -0400] "GET /www/phpMyAdmin/index.php HTTP/1.1" 302 578 "-" "Mozilla/5.0"
www.nspw.org:80 211.159.162.127 - - [04/May/2018:20:34:29 -0400] "GET /dbadmin/index.php HTTP/1.1" 302 564 "-" "Mozilla/5.0"
www.nspw.org:80 211.159.162.127 - - [04/May/2018:20:34:29 -0400] "GET /tools/phpMyAdmin/index.php HTTP/1.1" 302 582 "-" "Mozilla/5.0"
www.nspw.org:80 211.159.162.127 - - [04/May/2018:20:34:29 -0400] "GET /phpmyadmin-old/index.php HTTP/1.1" 302 578 "-" "Mozilla/5.0"
www.nspw.org:80 211.159.162.127 - - [04/May/2018:20:34:29 -0400] "GET /web/phpMyAdmin/index.php HTTP/1.1" 302 578 "-" "Mozilla/5.0"
www.nspw.org:80 211.159.162.127 - - [04/May/2018:20:34:29 -0400] "GET /phpMyAdminold/index.php HTTP/1.1" 302 576 "-" "Mozilla/5.0"
www.nspw.org:80 211.159.162.127 - - [04/May/2018:20:34:30 -0400] "GET /admin/pma/index.php HTTP/1.1" 302 568 "-" "Mozilla/5.0"
www.nspw.org:80 211.159.162.127 - - [04/May/2018:20:34:30 -0400] "GET /pma-old/index.php HTTP/1.1" 302 564 "-" "Mozilla/5.0"
www.nspw.org:80 211.159.162.127 - - [04/May/2018:20:34:30 -0400] "GET /claroline/phpMyAdmin/index.php HTTP/1.1" 302 590 "-" "Mozilla/5.0"
www.nspw.org:80 211.159.162.127 - - [04/May/2018:20:34:31 -0400] "GET /admin/PMA/index.php HTTP/1.1" 302 568 "-" "Mozilla/5.0"
www.nspw.org:80 211.159.162.127 - - [04/May/2018:20:34:31 -0400] "GET /typo3/phpmyadmin/index.php HTTP/1.1" 302 582 "-" "Mozilla/5.0"
www.nspw.org:80 211.159.162.127 - - [04/May/2018:20:34:31 -0400] "GET /admin/mysql/index.php HTTP/1.1" 302 572 "-" "Mozilla/5.0"
www.nspw.org:80 211.159.162.127 - - [04/May/2018:20:34:33 -0400] "GET /phpma/index.php HTTP/1.1" 302 560 "-" "Mozilla/5.0"
www.nspw.org:80 211.159.162.127 - - [04/May/2018:20:34:33 -0400] "GET /phpmyadmin/phpmyadmin/index.php HTTP/1.1" 302 592 "-" "Mozilla/5.0"
www.nspw.org:80 211.159.162.127 - - [04/May/2018:20:34:33 -0400] "GET /admin/mysql2/index.php HTTP/1.1" 302 574 "-" "Mozilla/5.0"
www.nspw.org:80 211.159.162.127 - - [04/May/2018:20:34:33 -0400] "GET /phpMyAdmin/phpMyAdmin/index.php HTTP/1.1" 302 592 "-" "Mozilla/5.0"
www.nspw.org:80 211.159.162.127 - - [04/May/2018:20:34:33 -0400] "GET /admin/phpmyadmin/index.php HTTP/1.1" 302 582 "-" "Mozilla/5.0"
www.nspw.org:80 211.159.162.127 - - [04/May/2018:20:34:34 -0400] "GET /admin/phpMyAdmin/index.php HTTP/1.1" 302 582 "-" "Mozilla/5.0"
www.nspw.org:80 211.159.162.127 - - [04/May/2018:20:34:34 -0400] "GET /admin/phpmyadmin2/index.php HTTP/1.1" 302 584 "-" "Mozilla/5.0"
www.nspw.org:80 211.159.162.127 - - [04/May/2018:20:34:35 -0400] "GET /mysqladmin/index.php HTTP/1.1" 302 570 "-" "Mozilla/5.0"
www.nspw.org:80 211.159.162.127 - - [04/May/2018:20:34:35 -0400] "GET /mysql-admin/index.php HTTP/1.1" 302 572 "-" "Mozilla/5.0"
www.nspw.org:80 211.159.162.127 - - [04/May/2018:20:34:37 -0400] "GET /phpadmin/index.php HTTP/1.1" 302 566 "-" "Mozilla/5.0"
www.nspw.org:80 211.159.162.127 - - [04/May/2018:20:34:38 -0400] "GET /phpmyadmin0/index.php HTTP/1.1" 302 572 "-" "Mozilla/5.0"
www.nspw.org:80 211.159.162.127 - - [04/May/2018:20:34:39 -0400] "GET /phpmyadmin1/index.php HTTP/1.1" 302 572 "-" "Mozilla/5.0"
www.nspw.org:80 211.159.162.127 - - [04/May/2018:20:34:41 -0400] "GET /phpmyadmin2/index.php HTTP/1.1" 302 572 "-" "Mozilla/5.0"
www.nspw.org:80 211.159.162.127 - - [04/May/2018:20:34:41 -0400] "GET /myadmin/index.php HTTP/1.1" 302 564 "-" "Mozilla/5.0"
www.nspw.org:80 211.159.162.127 - - [04/May/2018:20:34:42 -0400] "GET /myadmin2/index.php HTTP/1.1" 302 566 "-" "Mozilla/5.0"
www.nspw.org:80 211.159.162.127 - - [04/May/2018:20:34:45 -0400] "GET /xampp/phpmyadmin/index.php HTTP/1.1" 302 582 "-" "Mozilla/5.0"
www.nspw.org:80 211.159.162.127 - - [04/May/2018:20:34:47 -0400] "GET /phpMyadmin_bak/index.php HTTP/1.1" 302 578 "-" "Mozilla/5.0"
www.nspw.org:80 103.104.105.224 - - [04/May/2018:20:34:48 -0400] "PROPFIND / HTTP/1.1" 302 489 "-" "-"
www.nspw.org:80 103.104.105.224 - - [04/May/2018:20:34:49 -0400] "PROPFIND / HTTP/1.1" 302 489 "-" "-"
www.nspw.org:80 211.159.162.127 - - [04/May/2018:20:34:49 -0400] "GET /www/phpMyAdmin/index.php HTTP/1.1" 302 578 "-" "Mozilla/5.0"
www.nspw.org:80 211.159.162.127 - - [04/May/2018:20:34:53 -0400] "GET /tools/phpMyAdmin/index.php HTTP/1.1" 302 582 "-" "Mozilla/5.0"
www.nspw.org:80 211.159.162.127 - - [04/May/2018:20:34:54 -0400] "GET /phpmyadmin-old/index.php HTTP/1.1" 302 578 "-" "Mozilla/5.0"
www.nspw.org:80 211.159.162.127 - - [04/May/2018:20:34:54 -0400] "GET /phpMyAdminold/index.php HTTP/1.1" 302 576 "-" "Mozilla/5.0"
www.nspw.org:80 211.159.162.127 - - [04/May/2018:20:34:55 -0400] "GET /pma-old/index.php HTTP/1.1" 302 564 "-" "Mozilla/5.0"
www.nspw.org:80 211.159.162.127 - - [04/May/2018:20:34:56 -0400] "GET /claroline/phpMyAdmin/index.php HTTP/1.1" 302 590 "-" "Mozilla/5.0"
www.nspw.org:80 211.159.162.127 - - [04/May/2018:20:34:57 -0400] "GET /typo3/phpmyadmin/index.php HTTP/1.1" 302 582 "-" "Mozilla/5.0"
www.nspw.org:80 211.159.162.127 - - [04/May/2018:20:34:57 -0400] "GET /phpma/index.php HTTP/1.1" 302 560 "-" "Mozilla/5.0"
www.nspw.org:80 103.104.105.224 - - [04/May/2018:20:34:49 -0400] "POST /wls-wsat/CoordinatorPortType HTTP/1.1" 302 550 "-" "Mozilla/5.0 (Windows NT 6.1; rv:5.0) Gecko/20100101 Firefox/5.0"
www.nspw.org:80 103.104.105.224 - - [04/May/2018:20:34:49 -0400] "POST /wls-wsat/CoordinatorPortType HTTP/1.1" 302 550 "-" "Mozilla/5.0 (Windows NT 6.1; rv:5.0) Gecko/20100101 Firefox/5.0"
www.nspw.org:80 211.159.162.127 - - [04/May/2018:20:34:59 -0400] "GET /phpmyadmin/phpmyadmin/index.php HTTP/1.1" 302 592 "-" "Mozilla/5.0"
www.nspw.org:80 211.159.162.127 - - [04/May/2018:20:35:00 -0400] "GET /phpMyAdmin/phpMyAdmin/index.php HTTP/1.1" 302 592 "-" "Mozilla/5.0"
www.nspw.org:80 103.104.105.224 - - [04/May/2018:20:35:04 -0400] "GET /index.php HTTP/1.1" 302 549 "-" "Mozilla/5.0"
www.nspw.org:80 103.104.105.224 - - [04/May/2018:20:35:04 -0400] "GET /index.php HTTP/1.1" 302 549 "-" "Mozilla/5.0"
www.nspw.org:80 103.104.105.224 - - [04/May/2018:20:35:04 -0400] "GET /phpmyadmin/index.php HTTP/1.1" 302 570 "-" "Mozilla/5.0"
www.nspw.org:80 103.104.105.224 - - [04/May/2018:20:35:05 -0400] "GET /phpmyadmin/index.php HTTP/1.1" 302 570 "-" "Mozilla/5.0"
www.nspw.org:80 103.104.105.224 - - [04/May/2018:20:35:05 -0400] "GET /phpMyAdmin/index.php HTTP/1.1" 302 570 "-" "Mozilla/5.0"
www.nspw.org:80 103.104.105.224 - - [04/May/2018:20:35:05 -0400] "GET /phpMyAdmin/index.php HTTP/1.1" 302 570 "-" "Mozilla/5.0"
www.nspw.org:80 103.104.105.224 - - [04/May/2018:20:35:05 -0400] "GET /pmd/index.php HTTP/1.1" 302 556 "-" "Mozilla/5.0"
www.nspw.org:80 103.104.105.224 - - [04/May/2018:20:35:05 -0400] "GET /pmd/index.php HTTP/1.1" 302 556 "-" "Mozilla/5.0"
www.nspw.org:80 103.104.105.224 - - [04/May/2018:20:35:05 -0400] "GET /pma/index.php HTTP/1.1" 302 556 "-" "Mozilla/5.0"
www.nspw.org:80 103.104.105.224 - - [04/May/2018:20:35:05 -0400] "GET /pma/index.php HTTP/1.1" 302 556 "-" "Mozilla/5.0"
www.nspw.org:80 103.104.105.224 - - [04/May/2018:20:35:05 -0400] "GET /PMA/index.php HTTP/1.1" 302 556 "-" "Mozilla/5.0"
www.nspw.org:80 103.104.105.224 - - [04/May/2018:20:35:05 -0400] "GET /PMA/index.php HTTP/1.1" 302 556 "-" "Mozilla/5.0"
www.nspw.org:80 103.104.105.224 - - [04/May/2018:20:35:06 -0400] "GET /PMA2/index.php HTTP/1.1" 302 558 "-" "Mozilla/5.0"
www.nspw.org:80 103.104.105.224 - - [04/May/2018:20:35:06 -0400] "GET /PMA2/index.php HTTP/1.1" 302 558 "-" "Mozilla/5.0"
www.nspw.org:80 103.104.105.224 - - [04/May/2018:20:35:06 -0400] "GET /pmamy/index.php HTTP/1.1" 302 560 "-" "Mozilla/5.0"
www.nspw.org:80 103.104.105.224 - - [04/May/2018:20:35:06 -0400] "GET /pmamy/index.php HTTP/1.1" 302 560 "-" "Mozilla/5.0"
www.nspw.org:80 103.104.105.224 - - [04/May/2018:20:35:06 -0400] "GET /pmamy2/index.php HTTP/1.1" 302 562 "-" "Mozilla/5.0"
