www.nspw.org:80 196.217.32.83 - - [03/May/2018:14:46:56 -0400] "GET /wp-login.php HTTP/1.1" 302 553 "-" "Mozilla/5.0 (Windows NT 6.1; WOW64; rv:40.0) Gecko/20100101 Firefox/40.1"
www.nspw.org:80 196.217.32.83 - - [03/May/2018:14:46:58 -0400] "GET / HTTP/1.1" 302 528 "-" "Mozilla/5.0 (Windows NT 6.1; WOW64; rv:40.0) Gecko/20100101 Firefox/40.1"
www.nspw.org:80 40.77.167.134 - - [03/May/2018:14:47:02 -0400] "GET /papers/1996/nspw1996-rasmusson.pdf HTTP/1.1" 302 597 "-" "Mozilla/5.0 (iPhone; CPU iPhone OS 7_0 like Mac OS X) AppleWebKit/537.51.1 (KHTML, like Gecko) Version/7.0 Mobile/11A465 Safari/9537.53 (compatible; bingbot/2.0; +http://www.bing.com/bingbot.htm)"
www.nspw.org:80 69.162.124.227 - - [03/May/2018:14:47:45 -0400] "HEAD / HTTP/1.1" 302 188 "http://nspw.org/" "Mozilla/5.0+(compatible; UptimeRobot/2.0; http://www.uptimerobot.com/)"
www.nspw.org:80 66.249.66.94 - - [03/May/2018:14:48:15 -0400] "GET /papers/1998/nspw1998-jonsson.pdf HTTP/1.1" 302 593 "-" "Googlebot/2.1 (+http://www.google.com/bot.html)"
www.nspw.org:80 66.249.66.94 - - [03/May/2018:14:48:31 -0400] "GET /2009/proceedings/2005/nspw2005-van_oorschot.pdf HTTP/1.1" 302 623 "-" "Googlebot/2.1 (+http://www.google.com/bot.html)"
www.nspw.org:80 207.46.13.59 - - [03/May/2018:14:50:26 -0400] "GET /robots.txt HTTP/1.1" 302 545 "-" "Mozilla/5.0 (compatible; bingbot/2.0; +http://www.bing.com/bingbot.htm)"
www.nspw.org:80 185.212.171.186 - - [03/May/2018:14:52:18 -0400] "GET /user/login HTTP/1.1" 302 489 "http://nspw.org/user/login" "Mozilla/5.0 (Windows NT 10.0; WOW64) AppleWebKit/537.36 (KHTML, like Gecko) Chrome/62.0.3198.0 Safari/537.36 OPR/49.0.2711.0"
www.nspw.org:80 185.212.171.186 - - [03/May/2018:14:52:18 -0400] "GET /user/login HTTP/1.1" 302 489 "http://nspw.org/user/login" "Mozilla/5.0 (Windows NT 10.0; WOW64) AppleWebKit/537.36 (KHTML, like Gecko) Chrome/62.0.3198.0 Safari/537.36 OPR/49.0.2711.0"
www.nspw.org:80 185.212.171.186 - - [03/May/2018:14:52:18 -0400] "GET /user/login HTTP/1.1" 302 489 "http://nspw.org/user/login" "Mozilla/5.0 (Windows NT 10.0; WOW64) AppleWebKit/537.36 (KHTML, like Gecko) Chrome/62.0.3198.0 Safari/537.36 OPR/49.0.2711.0"
www.nspw.org:80 69.162.124.227 - - [03/May/2018:14:52:45 -0400] "HEAD / HTTP/1.1" 302 188 "http://nspw.org/" "Mozilla/5.0+(compatible; UptimeRobot/2.0; http://www.uptimerobot.com/)"
www.nspw.org:80 37.47.6.196 - - [03/May/2018:14:53:29 -0400] "GET /wp-login.php HTTP/1.1" 302 553 "-" "Mozilla/5.0 (Windows NT 6.1; WOW64; rv:40.0) Gecko/20100101 Firefox/40.1"
www.nspw.org:80 37.47.6.196 - - [03/May/2018:14:53:30 -0400] "GET / HTTP/1.1" 302 528 "-" "Mozilla/5.0 (Windows NT 6.1; WOW64; rv:40.0) Gecko/20100101 Firefox/40.1"
www.nspw.org:80 66.249.66.93 - - [03/May/2018:14:55:02 -0400] "GET /papers/2001/nspw2001-pal.pdf HTTP/1.1" 302 585 "-" "Googlebot/2.1 (+http://www.google.com/bot.html)"
www.nspw.org:80 2.50.252.28 - - [03/May/2018:14:56:05 -0400] "GET /wp-login.php HTTP/1.1" 302 553 "-" "Mozilla/5.0 (Windows NT 6.1; WOW64; rv:40.0) Gecko/20100101 Firefox/40.1"
www.nspw.org:80 2.50.252.28 - - [03/May/2018:14:56:09 -0400] "GET / HTTP/1.1" 302 528 "-" "Mozilla/5.0 (Windows NT 6.1; WOW64; rv:40.0) Gecko/20100101 Firefox/40.1"
www.nspw.org:80 66.249.66.93 - - [03/May/2018:14:56:24 -0400] "GET /papers/2001/nspw2001-du.pdf HTTP/1.1" 302 583 "-" "Googlebot/2.1 (+http://www.google.com/bot.html)"
www.nspw.org:80 43.243.83.15 - - [03/May/2018:14:56:37 -0400] "GET /wp-login.php HTTP/1.1" 302 553 "-" "Mozilla/5.0 (Windows NT 6.1; WOW64; rv:40.0) Gecko/20100101 Firefox/40.1"
www.nspw.org:80 43.243.83.15 - - [03/May/2018:14:56:40 -0400] "GET / HTTP/1.1" 302 528 "-" "Mozilla/5.0 (Windows NT 6.1; WOW64; rv:40.0) Gecko/20100101 Firefox/40.1"
www.nspw.org:80 66.249.66.93 - - [03/May/2018:14:56:43 -0400] "GET /2009/proceedings/1993/nspw1993-meadows.pdf HTTP/1.1" 302 613 "-" "Googlebot/2.1 (+http://www.google.com/bot.html)"
www.nspw.org:80 ::1 - - [03/May/2018:14:57:04 -0400] "OPTIONS * HTTP/1.0" 200 126 "-" "Apache/2.4.29 (Ubuntu) OpenSSL/1.1.0g (internal dummy connection)"
www.nspw.org:80 ::1 - - [03/May/2018:14:57:08 -0400] "OPTIONS * HTTP/1.0" 200 126 "-" "Apache/2.4.29 (Ubuntu) OpenSSL/1.1.0g (internal dummy connection)"
www.nspw.org:80 ::1 - - [03/May/2018:14:57:13 -0400] "OPTIONS * HTTP/1.0" 200 126 "-" "Apache/2.4.29 (Ubuntu) OpenSSL/1.1.0g (internal dummy connection)"
www.nspw.org:80 66.249.66.95 - - [03/May/2018:14:57:20 -0400] "GET /papers/1993/nspw1993-bailey.pdf HTTP/1.1" 302 591 "-" "Googlebot/2.1 (+http://www.google.com/bot.html)"
www.nspw.org:80 69.162.124.227 - - [03/May/2018:14:57:44 -0400] "HEAD / HTTP/1.1" 302 188 "http://nspw.org/" "Mozilla/5.0+(compatible; UptimeRobot/2.0; http://www.uptimerobot.com/)"
www.nspw.org:80 66.249.66.93 - - [03/May/2018:14:57:55 -0400] "GET /papers/1999/nspw1999-olthoff-3.pdf HTTP/1.1" 302 597 "-" "Googlebot/2.1 (+http://www.google.com/bot.html)"
www.nspw.org:80 180.76.15.18 - - [03/May/2018:14:58:50 -0400] "GET /papers/2006/nspw2006-crawford.pdf HTTP/1.1" 302 558 "-" "Mozilla/5.0 (compatible; Baiduspider/2.0; +http://www.baidu.com/search/spider.html)"
www.nspw.org:80 206.189.120.96 - - [03/May/2018:14:59:08 -0400] "GET / HTTP/1.1" 302 473 "-" "Mozilla/5.0 (X11; Linux x86_64) AppleWebKit/537.36 (KHTML, like Gecko) Chrome/63.0.3239.108 Safari/537.36"
www.nspw.org:80 66.249.66.93 - - [03/May/2018:14:59:11 -0400] "GET /papers/2004/nspw2004-gates.pdf HTTP/1.1" 302 589 "-" "Googlebot/2.1 (+http://www.google.com/bot.html)"
www.nspw.org:80 180.76.15.8 - - [03/May/2018:14:59:50 -0400] "GET /2015/ HTTP/1.1" 302 502 "-" "Mozilla/5.0 (compatible; Baiduspider/2.0; +http://www.baidu.com/search/spider.html)"
www.nspw.org:80 66.249.66.93 - - [03/May/2018:14:59:56 -0400] "GET /papers/2005/nspw2005-ford.pdf HTTP/1.1" 302 587 "-" "Googlebot/2.1 (+http://www.google.com/bot.html)"
www.nspw.org:80 112.135.4.37 - - [03/May/2018:15:00:04 -0400] "GET /wp-login.php HTTP/1.1" 302 553 "-" "Mozilla/5.0 (Windows NT 6.1; WOW64; rv:40.0) Gecko/20100101 Firefox/40.1"
www.nspw.org:80 112.135.4.37 - - [03/May/2018:15:00:06 -0400] "GET / HTTP/1.1" 302 528 "-" "Mozilla/5.0 (Windows NT 6.1; WOW64; rv:40.0) Gecko/20100101 Firefox/40.1"
www.nspw.org:80 216.244.66.200 - - [03/May/2018:15:00:20 -0400] "GET /robots.txt HTTP/1.1" 302 493 "-" "Mozilla/5.0 (compatible; DotBot/1.1; http://www.opensiteexplorer.org/dotbot, help@moz.com)"
www.nspw.org:80 180.76.15.147 - - [03/May/2018:15:00:50 -0400] "GET /2005/jmu_infosec_logo.gif HTTP/1.1" 302 542 "-" "Mozilla/5.0 (compatible; Baiduspider/2.0; +http://www.baidu.com/search/spider.html)"
www.nspw.org:80 186.225.149.146 - - [03/May/2018:15:00:53 -0400] "GET /wp-login.php HTTP/1.0" 302 553 "-" "Mozilla/5.0 (Windows NT 6.1; WOW64; rv:40.0) Gecko/20100101 Firefox/40.1"
www.nspw.org:80 186.225.149.146 - - [03/May/2018:15:00:54 -0400] "GET / HTTP/1.0" 302 528 "-" "Mozilla/5.0 (Windows NT 6.1; WOW64; rv:40.0) Gecko/20100101 Firefox/40.1"
www.nspw.org:80 66.249.66.93 - - [03/May/2018:15:01:15 -0400] "GET /2009/proceedings/2007/nspw2007-chow.pdf HTTP/1.1" 302 607 "-" "Googlebot/2.1 (+http://www.google.com/bot.html)"
www.nspw.org:80 187.110.163.156 - - [03/May/2018:15:01:40 -0400] "GET /wp-login.php HTTP/1.1" 302 553 "-" "Mozilla/5.0 (Windows NT 6.1; WOW64; rv:40.0) Gecko/20100101 Firefox/40.1"
www.nspw.org:80 187.110.163.156 - - [03/May/2018:15:01:43 -0400] "GET / HTTP/1.1" 302 528 "-" "Mozilla/5.0 (Windows NT 6.1; WOW64; rv:40.0) Gecko/20100101 Firefox/40.1"
www.nspw.org:80 180.76.15.11 - - [03/May/2018:15:01:50 -0400] "GET /papers/?C=D;O=A HTTP/1.1" 302 522 "-" "Mozilla/5.0 (compatible; Baiduspider/2.0; +http://www.baidu.com/search/spider.html)"
www.nspw.org:80 69.162.124.227 - - [03/May/2018:15:02:45 -0400] "HEAD / HTTP/1.1" 302 188 "http://nspw.org/" "Mozilla/5.0+(compatible; UptimeRobot/2.0; http://www.uptimerobot.com/)"
www.nspw.org:80 180.76.15.20 - - [03/May/2018:15:02:50 -0400] "GET /papers/2013/nspw2013-ashenden.pdf HTTP/1.1" 302 558 "-" "Mozilla/5.0 (compatible; Baiduspider/2.0; +http://www.baidu.com/search/spider.html)"
www.nspw.org:80 66.249.66.95 - - [03/May/2018:15:03:03 -0400] "GET /2009/proceedings/2002/nspw2002-du.pdf HTTP/1.1" 302 603 "-" "Googlebot/2.1 (+http://www.google.com/bot.html)"
www.nspw.org:80 35.200.49.174 - - [03/May/2018:15:03:16 -0400] "GET /robots.txt HTTP/1.1" 302 549 "-" "Woyager/0.1.0 (+https://github.com/murakmii/woyager)"
www.nspw.org:80 35.200.49.174 - - [03/May/2018:15:03:17 -0400] "GET / HTTP/1.1" 302 473 "-" "Woyager/0.1.0 (+https://github.com/murakmii/woyager)"
www.nspw.org:80 180.76.15.136 - - [03/May/2018:15:03:50 -0400] "GET /2010/pc HTTP/1.1" 302 506 "-" "Mozilla/5.0 (compatible; Baiduspider/2.0; +http://www.baidu.com/search/spider.html)"
www.nspw.org:80 216.244.66.236 - - [03/May/2018:15:03:57 -0400] "GET /robots.txt HTTP/1.1" 302 493 "-" "Mozilla/5.0 (compatible; DotBot/1.1; http://www.opensiteexplorer.org/dotbot, help@moz.com)"
www.nspw.org:80 180.76.15.30 - - [03/May/2018:15:04:50 -0400] "GET /papers/2013/nspw2013-mathur.pdf HTTP/1.1" 302 554 "-" "Mozilla/5.0 (compatible; Baiduspider/2.0; +http://www.baidu.com/search/spider.html)"
www.nspw.org:80 66.249.66.94 - - [03/May/2018:15:04:50 -0400] "GET /papers/2009/nspw2009-gibson.pdf HTTP/1.1" 302 591 "-" "Googlebot/2.1 (+http://www.google.com/bot.html)"
www.nspw.org:80 66.249.66.95 - - [03/May/2018:15:05:33 -0400] "GET /2005/cfp/latex/talk4.ps HTTP/1.1" 302 575 "-" "Googlebot/2.1 (+http://www.google.com/bot.html)"
www.nspw.org:80 180.76.15.14 - - [03/May/2018:15:05:50 -0400] "GET /proceedings/proceedings/2009 HTTP/1.1" 302 548 "-" "Mozilla/5.0 (compatible; Baiduspider/2.0; +http://www.baidu.com/search/spider.html)"
www.nspw.org:80 5.95.13.7 - - [03/May/2018:15:06:34 -0400] "GET /wp-login.php HTTP/1.1" 302 553 "-" "Mozilla/5.0 (Windows NT 6.1; WOW64; rv:40.0) Gecko/20100101 Firefox/40.1"
www.nspw.org:80 5.95.13.7 - - [03/May/2018:15:06:43 -0400] "GET / HTTP/1.1" 302 529 "-" "Mozilla/5.0 (Windows NT 6.1; WOW64; rv:40.0) Gecko/20100101 Firefox/40.1"
www.nspw.org:80 66.249.66.93 - - [03/May/2018:15:06:47 -0400] "GET /2009/proceedings/2002/nspw2002-taylor.pdf HTTP/1.1" 302 611 "-" "Googlebot/2.1 (+http://www.google.com/bot.html)"
www.nspw.org:80 54.36.148.178 - - [03/May/2018:15:07:12 -0400] "GET /2011 HTTP/1.1" 302 481 "-" "Mozilla/5.0 (compatible; AhrefsBot/5.2; +http://ahrefs.com/robot/)"
www.nspw.org:80 207.46.13.59 - - [03/May/2018:15:07:25 -0400] "GET /papers/1997/nspw1997-rahman.pdf HTTP/1.1" 302 591 "-" "Mozilla/5.0 (iPhone; CPU iPhone OS 7_0 like Mac OS X) AppleWebKit/537.51.1 (KHTML, like Gecko) Version/7.0 Mobile/11A465 Safari/9537.53 (compatible; bingbot/2.0; +http://www.bing.com/bingbot.htm)"
www.nspw.org:80 69.162.124.227 - - [03/May/2018:15:07:45 -0400] "HEAD / HTTP/1.1" 302 188 "http://nspw.org/" "Mozilla/5.0+(compatible; UptimeRobot/2.0; http://www.uptimerobot.com/)"
www.nspw.org:80 180.76.15.141 - - [03/May/2018:15:07:50 -0400] "GET /2009/proceedings/1996/?C=D;O=A HTTP/1.1" 302 552 "-" "Mozilla/5.0 (compatible; Baiduspider/2.0; +http://www.baidu.com/search/spider.html)"
www.nspw.org:80 66.249.66.94 - - [03/May/2018:15:08:07 -0400] "GET /papers/1996/nspw1996-millen.pdf HTTP/1.1" 302 591 "-" "Googlebot/2.1 (+http://www.google.com/bot.html)"
www.nspw.org:80 180.76.15.136 - - [03/May/2018:15:08:50 -0400] "GET /2009/proceedings/2002/ HTTP/1.1" 302 536 "-" "Mozilla/5.0 (compatible; Baiduspider/2.0; +http://www.baidu.com/search/spider.html)"
www.nspw.org:80 66.249.66.94 - - [03/May/2018:15:09:45 -0400] "GET /2009/proceedings/2002/nspw2002-capkun.pdf HTTP/1.1" 302 611 "-" "Googlebot/2.1 (+http://www.google.com/bot.html)"
www.nspw.org:80 66.249.66.94 - - [03/May/2018:15:10:17 -0400] "GET /2009/proceedings/2010/nspw2010-lilien.pdf HTTP/1.1" 302 611 "-" "Googlebot/2.1 (+http://www.google.com/bot.html)"
www.nspw.org:80 66.249.66.93 - - [03/May/2018:15:10:45 -0400] "GET /2009/proceedings/1999/nspw1999-markham.pdf HTTP/1.1" 302 613 "-" "Googlebot/2.1 (+http://www.google.com/bot.html)"
www.nspw.org:80 185.95.237.63 - - [03/May/2018:15:11:03 -0400] "GET /wp-login.php HTTP/1.1" 302 553 "-" "Mozilla/5.0 (Windows NT 6.1; WOW64; rv:40.0) Gecko/20100101 Firefox/40.1"
www.nspw.org:80 185.95.237.63 - - [03/May/2018:15:11:05 -0400] "GET / HTTP/1.1" 302 528 "-" "Mozilla/5.0 (Windows NT 6.1; WOW64; rv:40.0) Gecko/20100101 Firefox/40.1"
www.nspw.org:80 66.249.66.93 - - [03/May/2018:15:11:05 -0400] "GET /2009/proceedings/1999/nspw1999-olthoff-3.pdf HTTP/1.1" 302 617 "-" "Googlebot/2.1 (+http://www.google.com/bot.html)"
www.nspw.org:80 66.249.66.94 - - [03/May/2018:15:11:08 -0400] "GET /2009/proceedings/2007/nspw2007-edwards.pdf HTTP/1.1" 302 613 "-" "Googlebot/2.1 (+http://www.google.com/bot.html)"
www.nspw.org:80 66.249.66.93 - - [03/May/2018:15:11:11 -0400] "GET /2009/proceedings/2000/nspw2000-foley.pdf HTTP/1.1" 302 609 "-" "Googlebot/2.1 (+http://www.google.com/bot.html)"
www.nspw.org:80 66.249.66.93 - - [03/May/2018:15:11:22 -0400] "GET /papers/1998/nspw1998-riechmann.pdf HTTP/1.1" 302 597 "-" "Googlebot/2.1 (+http://www.google.com/bot.html)"
www.nspw.org:80 66.249.66.94 - - [03/May/2018:15:11:36 -0400] "GET /2009/proceedings/2005/nspw2005-bishop-panel.pdf HTTP/1.1" 302 623 "-" "Googlebot/2.1 (+http://www.google.com/bot.html)"
www.nspw.org:80 66.249.66.93 - - [03/May/2018:15:12:08 -0400] "GET /papers/1993/nspw1993-denning.pdf HTTP/1.1" 302 593 "-" "Googlebot/2.1 (+http://www.google.com/bot.html)"
www.nspw.org:80 66.249.66.94 - - [03/May/2018:15:12:18 -0400] "GET /2009/proceedings/2005/nspw2005-mchugh.pdf HTTP/1.1" 302 611 "-" "Googlebot/2.1 (+http://www.google.com/bot.html)"
www.nspw.org:80 66.249.66.156 - - [03/May/2018:15:12:27 -0400] "GET /papers/2004/nspw2004-hollebeek.pdf HTTP/1.1" 302 593 "-" "Googlebot/2.1 (+http://www.google.com/bot.html)"
www.nspw.org:80 69.162.124.227 - - [03/May/2018:15:12:44 -0400] "HEAD / HTTP/1.1" 302 188 "http://nspw.org/" "Mozilla/5.0+(compatible; UptimeRobot/2.0; http://www.uptimerobot.com/)"
www.nspw.org:80 66.249.66.95 - - [03/May/2018:15:14:32 -0400] "GET /2009/proceedings/1993/nspw1993-thuraisingham.pdf HTTP/1.1" 302 625 "-" "Googlebot/2.1 (+http://www.google.com/bot.html)"
www.nspw.org:80 31.184.193.154 - - [03/May/2018:15:16:12 -0400] "GET / HTTP/1.0" 302 492 "-" "Mozilla/5.0 (Windows NT 6.1; Win64; x64) AppleWebKit/537.36 (KHTML, like Gecko) Chrome/65.0.3325.181 Safari/537.36"
www.nspw.org:80 69.162.124.227 - - [03/May/2018:15:17:44 -0400] "HEAD / HTTP/1.1" 302 188 "http://nspw.org/" "Mozilla/5.0+(compatible; UptimeRobot/2.0; http://www.uptimerobot.com/)"
www.nspw.org:80 66.249.66.93 - - [03/May/2018:15:18:08 -0400] "GET /2009/proceedings/1996/nspw1996-de_capitani_di_vimercati.pdf HTTP/1.1" 302 647 "-" "Googlebot/2.1 (+http://www.google.com/bot.html)"
www.nspw.org:80 66.249.66.93 - - [03/May/2018:15:18:25 -0400] "GET /2009/proceedings/2009/nspw2009-kline.pdf HTTP/1.1" 302 609 "-" "Googlebot/2.1 (+http://www.google.com/bot.html)"
www.nspw.org:80 66.249.66.94 - - [03/May/2018:15:19:31 -0400] "GET /papers/2013/nspw2013-mathur.pdf HTTP/1.1" 302 591 "-" "Googlebot/2.1 (+http://www.google.com/bot.html)"
www.nspw.org:80 66.249.66.94 - - [03/May/2018:15:22:35 -0400] "GET /2009/proceedings/2005/nspw2005-ford.pdf HTTP/1.1" 302 607 "-" "Googlebot/2.1 (+http://www.google.com/bot.html)"
www.nspw.org:80 69.162.124.227 - - [03/May/2018:15:22:44 -0400] "HEAD / HTTP/1.1" 302 188 "http://nspw.org/" "Mozilla/5.0+(compatible; UptimeRobot/2.0; http://www.uptimerobot.com/)"
www.nspw.org:80 157.55.39.141 - - [03/May/2018:15:23:20 -0400] "GET /papers/2009/nspw2009-verendel.pdf HTTP/1.1" 302 591 "-" "Mozilla/5.0 (iPhone; CPU iPhone OS 7_0 like Mac OS X) AppleWebKit/537.51.1 (KHTML, like Gecko) Version/7.0 Mobile/11A465 Safari/9537.53 (compatible; bingbot/2.0; +http://www.bing.com/bingbot.htm)"
www.nspw.org:80 66.249.66.93 - - [03/May/2018:15:23:31 -0400] "GET /2009/proceedings/2009/nspw2009-church.pdf HTTP/1.1" 302 611 "-" "Googlebot/2.1 (+http://www.google.com/bot.html)"
www.nspw.org:80 66.249.66.94 - - [03/May/2018:15:23:44 -0400] "GET /papers/1997/nspw1997-riechmann.pdf HTTP/1.1" 302 597 "-" "Googlebot/2.1 (+http://www.google.com/bot.html)"
www.nspw.org:80 66.249.66.93 - - [03/May/2018:15:23:50 -0400] "GET /2009/proceedings/2013/nspw2013-sundaramurthy.pdf HTTP/1.1" 302 625 "-" "Googlebot/2.1 (+http://www.google.com/bot.html)"
www.nspw.org:80 66.249.66.94 - - [03/May/2018:15:24:10 -0400] "GET /papers/2005/nspw2005-taylor-pos.pdf HTTP/1.1" 302 599 "-" "Googlebot/2.1 (+http://www.google.com/bot.html)"
www.nspw.org:80 199.16.157.181 - - [03/May/2018:15:25:09 -0400] "GET /robots.txt HTTP/1.1" 302 489 "-" "Twitterbot/1.0"
www.nspw.org:80 199.16.157.181 - - [03/May/2018:15:25:09 -0400] "GET /2018/cfp HTTP/1.1" 302 485 "-" "Twitterbot/1.0"
www.nspw.org:80 66.249.66.93 - - [03/May/2018:15:25:19 -0400] "GET /2009/proceedings/2001/nspw2001-du.pdf HTTP/1.1" 302 603 "-" "Googlebot/2.1 (+http://www.google.com/bot.html)"
www.nspw.org:80 194.187.170.105 - - [03/May/2018:15:25:55 -0400] "GET /robots.txt HTTP/1.1" 302 512 "-" "Mozilla/5.0 (compatible; Qwantify/2.4w; +https://www.qwant.com/)/2.4w"
www.nspw.org:80 194.187.170.105 - - [03/May/2018:15:25:57 -0400] "GET /2008/dates.shtml HTTP/1.1" 302 524 "-" "Mozilla/5.0 (compatible; Qwantify/2.4w; +https://www.qwant.com/)/2.4w"
www.nspw.org:80 173.239.219.16 - - [03/May/2018:15:27:00 -0400] "GET /wp-login.php HTTP/1.1" 302 553 "-" "Mozilla/5.0 (Windows NT 6.1; WOW64; rv:40.0) Gecko/20100101 Firefox/40.1"
www.nspw.org:80 173.239.219.16 - - [03/May/2018:15:27:01 -0400] "GET / HTTP/1.1" 302 528 "-" "Mozilla/5.0 (Windows NT 6.1; WOW64; rv:40.0) Gecko/20100101 Firefox/40.1"
www.nspw.org:80 66.249.66.95 - - [03/May/2018:15:27:07 -0400] "GET /papers/1994/nspw1994-lin.pdf HTTP/1.1" 302 585 "-" "Googlebot/2.1 (+http://www.google.com/bot.html)"
www.nspw.org:80 216.244.66.236 - - [03/May/2018:15:27:26 -0400] "GET /robots.txt HTTP/1.1" 302 493 "-" "Mozilla/5.0 (compatible; DotBot/1.1; http://www.opensiteexplorer.org/dotbot, help@moz.com)"
www.nspw.org:80 66.249.79.7 - - [03/May/2018:15:27:39 -0400] "GET /papers/2012/docs/p15.pdf HTTP/1.1" 302 588 "-" "Googlebot/2.1 (+http://www.google.com/bot.html)"
www.nspw.org:80 69.162.124.227 - - [03/May/2018:15:27:44 -0400] "HEAD / HTTP/1.1" 302 188 "http://nspw.org/" "Mozilla/5.0+(compatible; UptimeRobot/2.0; http://www.uptimerobot.com/)"
www.nspw.org:80 66.249.66.93 - - [03/May/2018:15:29:41 -0400] "GET /2009/proceedings/1993/nspw1993-rooker.pdf HTTP/1.1" 302 611 "-" "Googlebot/2.1 (+http://www.google.com/bot.html)"
www.nspw.org:80 201.217.247.125 - - [03/May/2018:15:30:13 -0400] "GET /wp-login.php HTTP/1.1" 302 553 "-" "Mozilla/5.0 (Windows NT 6.1; WOW64; rv:40.0) Gecko/20100101 Firefox/40.1"
www.nspw.org:80 201.217.247.125 - - [03/May/2018:15:30:16 -0400] "GET / HTTP/1.1" 302 528 "-" "Mozilla/5.0 (Windows NT 6.1; WOW64; rv:40.0) Gecko/20100101 Firefox/40.1"
www.nspw.org:80 193.106.30.99 - - [03/May/2018:15:31:00 -0400] "POST /phpinfoer.php HTTP/1.1" 302 551 "-" "Mozilla/5.0 (Windows NT 6.1; rv:34.0) Gecko/20100101 Firefox/34.0"
www.nspw.org:80 66.249.66.94 - - [03/May/2018:15:31:46 -0400] "GET /current/oc.shtml HTTP/1.1" 302 561 "-" "Mozilla/5.0 (compatible; Googlebot/2.1; +http://www.google.com/bot.html)"
www.nspw.org:80 69.162.124.227 - - [03/May/2018:15:32:45 -0400] "HEAD / HTTP/1.1" 302 188 "http://nspw.org/" "Mozilla/5.0+(compatible; UptimeRobot/2.0; http://www.uptimerobot.com/)"
www.nspw.org:80 220.181.125.142 - - [03/May/2018:15:33:10 -0400] "GET /papers/2001/nspw2001-yan.pdf HTTP/1.1" 302 548 "-" "Sogou web spider/4.0(+http://www.sogou.com/docs/help/webmasters.htm#07)"
www.nspw.org:80 220.181.125.142 - - [03/May/2018:15:33:20 -0400] "GET /papers/1997/nspw1997-hinton.pdf HTTP/1.1" 302 554 "-" "Sogou web spider/4.0(+http://www.sogou.com/docs/help/webmasters.htm#07)"
www.nspw.org:80 220.181.125.142 - - [03/May/2018:15:33:30 -0400] "GET /proceedings HTTP/1.1" 302 514 "-" "Sogou web spider/4.0(+http://www.sogou.com/docs/help/webmasters.htm#07)"
www.nspw.org:80 220.181.125.142 - - [03/May/2018:15:33:40 -0400] "GET /2009/ HTTP/1.1" 302 502 "-" "Sogou web spider/4.0(+http://www.sogou.com/docs/help/webmasters.htm#07)"
www.nspw.org:80 220.181.125.142 - - [03/May/2018:15:33:50 -0400] "GET /papers/2006/nspw2006-gutmann.pdf HTTP/1.1" 302 556 "-" "Sogou web spider/4.0(+http://www.sogou.com/docs/help/webmasters.htm#07)"
www.nspw.org:80 216.244.66.247 - - [03/May/2018:15:34:39 -0400] "GET /2018/dates HTTP/1.1" 302 493 "-" "Mozilla/5.0 (compatible; DotBot/1.1; http://www.opensiteexplorer.org/dotbot, help@moz.com)"
www.nspw.org:80 82.243.167.65 - - [03/May/2018:15:35:07 -0400] "GET /papers/2011/nspw2011-feigenbaum.pdf HTTP/1.1" 302 599 "-" "Mozilla/5.0 (Macintosh; Intel Mac OS X 10.12; rv:59.0) Gecko/20100101 Firefox/59.0"
www.nspw.org:80 92.24.131.205 - - [03/May/2018:15:36:03 -0400] "GET /wp-login.php HTTP/1.1" 302 553 "-" "Mozilla/5.0 (Windows NT 6.1; WOW64; rv:40.0) Gecko/20100101 Firefox/40.1"
www.nspw.org:80 92.24.131.205 - - [03/May/2018:15:36:04 -0400] "GET / HTTP/1.1" 302 528 "-" "Mozilla/5.0 (Windows NT 6.1; WOW64; rv:40.0) Gecko/20100101 Firefox/40.1"
www.nspw.org:80 69.162.124.227 - - [03/May/2018:15:37:45 -0400] "HEAD / HTTP/1.1" 302 188 "http://nspw.org/" "Mozilla/5.0+(compatible; UptimeRobot/2.0; http://www.uptimerobot.com/)"
www.nspw.org:80 66.249.66.94 - - [03/May/2018:15:40:11 -0400] "GET /current/pc.shtml HTTP/1.1" 302 561 "-" "Mozilla/5.0 (compatible; Googlebot/2.1; +http://www.google.com/bot.html)"
www.nspw.org:80 82.185.206.156 - - [03/May/2018:15:40:47 -0400] "GET /wp-login.php HTTP/1.1" 302 553 "-" "Mozilla/5.0 (Windows NT 6.1; WOW64; rv:40.0) Gecko/20100101 Firefox/40.1"
www.nspw.org:80 82.185.206.156 - - [03/May/2018:15:40:48 -0400] "GET / HTTP/1.1" 302 528 "-" "Mozilla/5.0 (Windows NT 6.1; WOW64; rv:40.0) Gecko/20100101 Firefox/40.1"
www.nspw.org:80 207.46.13.59 - - [03/May/2018:15:42:36 -0400] "GET /papers/1996/nspw1996-hosmer.pdf HTTP/1.1" 302 591 "-" "Mozilla/5.0 (iPhone; CPU iPhone OS 7_0 like Mac OS X) AppleWebKit/537.51.1 (KHTML, like Gecko) Version/7.0 Mobile/11A465 Safari/9537.53 (compatible; bingbot/2.0; +http://www.bing.com/bingbot.htm)"
www.nspw.org:80 69.162.124.227 - - [03/May/2018:15:42:44 -0400] "HEAD / HTTP/1.1" 302 188 "http://nspw.org/" "Mozilla/5.0+(compatible; UptimeRobot/2.0; http://www.uptimerobot.com/)"
www.nspw.org:80 154.72.163.247 - - [03/May/2018:15:42:57 -0400] "GET /wp-login.php HTTP/1.1" 302 553 "-" "Mozilla/5.0 (Windows NT 6.1; WOW64; rv:40.0) Gecko/20100101 Firefox/40.1"
www.nspw.org:80 154.72.163.247 - - [03/May/2018:15:42:58 -0400] "GET / HTTP/1.1" 302 528 "-" "Mozilla/5.0 (Windows NT 6.1; WOW64; rv:40.0) Gecko/20100101 Firefox/40.1"
www.nspw.org:80 216.244.66.247 - - [03/May/2018:15:44:58 -0400] "GET /2004/?C=N;O=D HTTP/1.1" 302 499 "-" "Mozilla/5.0 (compatible; DotBot/1.1; http://www.opensiteexplorer.org/dotbot, help@moz.com)"
www.nspw.org:80 1.186.41.103 - - [03/May/2018:15:47:26 -0400] "GET /wp-login.php HTTP/1.1" 302 553 "-" "Mozilla/5.0 (Windows NT 6.1; WOW64; rv:40.0) Gecko/20100101 Firefox/40.1"
www.nspw.org:80 66.249.92.158 - - [03/May/2018:15:47:27 -0400] "GET /2009/proceedings/2009/nspw2009-herley.pdf&amp HTTP/1.1" 302 623 "-" "Mozilla/5.0 (Macintosh; Intel Mac OS X 10_8_4) AppleWebKit/537.36 (KHTML, like Gecko) Chrome/28.0.1500.71 Safari/537.36"
www.nspw.org:80 66.249.92.158 - - [03/May/2018:15:47:28 -0400] "GET /2009/proceedings/2009/nspw2009-herley.pdf HTTP/1.1" 302 610 "-" "Mozilla/5.0 (Macintosh; Intel Mac OS X 10_8_4) AppleWebKit/537.36 (KHTML, like Gecko) Chrome/28.0.1500.71 Safari/537.36"
www.nspw.org:80 1.186.41.103 - - [03/May/2018:15:47:28 -0400] "GET / HTTP/1.1" 302 528 "-" "Mozilla/5.0 (Windows NT 6.1; WOW64; rv:40.0) Gecko/20100101 Firefox/40.1"
www.nspw.org:80 69.162.124.227 - - [03/May/2018:15:47:44 -0400] "HEAD / HTTP/1.1" 302 188 "http://nspw.org/" "Mozilla/5.0+(compatible; UptimeRobot/2.0; http://www.uptimerobot.com/)"
www.nspw.org:80 95.212.188.10 - - [03/May/2018:15:48:50 -0400] "GET /wp-login.php HTTP/1.1" 302 553 "-" "Mozilla/5.0 (Windows NT 6.1; WOW64; rv:40.0) Gecko/20100101 Firefox/40.1"
www.nspw.org:80 95.212.188.10 - - [03/May/2018:15:49:08 -0400] "GET / HTTP/1.1" 302 529 "-" "Mozilla/5.0 (Windows NT 6.1; WOW64; rv:40.0) Gecko/20100101 Firefox/40.1"
www.nspw.org:80 216.244.66.200 - - [03/May/2018:15:50:51 -0400] "GET /robots.txt HTTP/1.1" 302 493 "-" "Mozilla/5.0 (compatible; DotBot/1.1; http://www.opensiteexplorer.org/dotbot, help@moz.com)"
www.nspw.org:80 180.76.15.147 - - [03/May/2018:15:50:53 -0400] "GET /modules/node/node.css?p7kfx6 HTTP/1.1" 302 544 "-" "Mozilla/5.0 (compatible; Baiduspider/2.0; +http://www.baidu.com/search/spider.html)"
www.nspw.org:80 111.206.36.10 - - [03/May/2018:15:52:02 -0400] "GET / HTTP/1.1" 302 525 "http://www.baidu.com/s?wd=7HQ" "Mozilla/5.0 (Windows NT 6.1; WOW64; rv:43.0) Gecko/20100101 Firefox/43.0"
www.nspw.org:80 ::1 - - [03/May/2018:15:52:09 -0400] "OPTIONS * HTTP/1.0" 200 126 "-" "Apache/2.4.29 (Ubuntu) OpenSSL/1.1.0g (internal dummy connection)"
www.nspw.org:80 ::1 - - [03/May/2018:15:52:10 -0400] "OPTIONS * HTTP/1.0" 200 126 "-" "Apache/2.4.29 (Ubuntu) OpenSSL/1.1.0g (internal dummy connection)"
www.nspw.org:80 ::1 - - [03/May/2018:15:52:11 -0400] "OPTIONS * HTTP/1.0" 200 126 "-" "Apache/2.4.29 (Ubuntu) OpenSSL/1.1.0g (internal dummy connection)"
www.nspw.org:80 137.112.228.195 - - [03/May/2018:15:52:13 -0400] "GET /papers/2007/nspw2007-mannan.pdf HTTP/1.1" 302 591 "-" "Mozilla/5.0 (iPhone; CPU iPhone OS 11_2_5 like Mac OS X) AppleWebKit/604.5.6 (KHTML, like Gecko) Version/11.0 Mobile/15D60 Safari/604.1"
www.nspw.org:80 69.162.124.227 - - [03/May/2018:15:52:44 -0400] "HEAD / HTTP/1.1" 302 188 "http://nspw.org/" "Mozilla/5.0+(compatible; UptimeRobot/2.0; http://www.uptimerobot.com/)"
www.nspw.org:80 216.244.66.200 - - [03/May/2018:15:54:13 -0400] "GET /2004/past.shtml HTTP/1.1" 302 503 "-" "Mozilla/5.0 (compatible; DotBot/1.1; http://www.opensiteexplorer.org/dotbot, help@moz.com)"
www.nspw.org:80 111.206.36.12 - - [03/May/2018:15:55:25 -0400] "GET / HTTP/1.1" 302 529 "http://www.baidu.com/s?wd=X2P" "Mozilla/5.0 (Windows NT 6.1; WOW64; rv:43.0) Gecko/20100101 Firefox/43.0"
www.nspw.org:80 ::1 - - [03/May/2018:15:55:31 -0400] "OPTIONS * HTTP/1.0" 200 126 "-" "Apache/2.4.29 (Ubuntu) OpenSSL/1.1.0g (internal dummy connection)"
www.nspw.org:80 ::1 - - [03/May/2018:15:55:32 -0400] "OPTIONS * HTTP/1.0" 200 126 "-" "Apache/2.4.29 (Ubuntu) OpenSSL/1.1.0g (internal dummy connection)"
www.nspw.org:80 ::1 - - [03/May/2018:15:55:33 -0400] "OPTIONS * HTTP/1.0" 200 126 "-" "Apache/2.4.29 (Ubuntu) OpenSSL/1.1.0g (internal dummy connection)"
www.nspw.org:80 216.244.66.200 - - [03/May/2018:15:57:16 -0400] "GET /2007/tmp/?C=N;O=D HTTP/1.1" 302 507 "-" "Mozilla/5.0 (compatible; DotBot/1.1; http://www.opensiteexplorer.org/dotbot, help@moz.com)"
www.nspw.org:80 69.162.124.227 - - [03/May/2018:15:57:44 -0400] "HEAD / HTTP/1.1" 302 188 "http://nspw.org/" "Mozilla/5.0+(compatible; UptimeRobot/2.0; http://www.uptimerobot.com/)"
www.nspw.org:80 216.244.66.247 - - [03/May/2018:16:00:19 -0400] "GET /robots.txt HTTP/1.1" 302 493 "-" "Mozilla/5.0 (compatible; DotBot/1.1; http://www.opensiteexplorer.org/dotbot, help@moz.com)"
www.nspw.org:80 69.162.124.227 - - [03/May/2018:16:02:44 -0400] "HEAD / HTTP/1.1" 302 188 "http://nspw.org/" "Mozilla/5.0+(compatible; UptimeRobot/2.0; http://www.uptimerobot.com/)"
www.nspw.org:80 216.244.66.247 - - [03/May/2018:16:03:10 -0400] "GET /2008/tmp/?C=N;O=D HTTP/1.1" 302 507 "-" "Mozilla/5.0 (compatible; DotBot/1.1; http://www.opensiteexplorer.org/dotbot, help@moz.com)"
www.nspw.org:80 216.244.66.247 - - [03/May/2018:16:03:53 -0400] "GET /2008/submission.content HTTP/1.1" 302 519 "-" "Mozilla/5.0 (compatible; DotBot/1.1; http://www.opensiteexplorer.org/dotbot, help@moz.com)"
www.nspw.org:80 77.75.79.72 - - [03/May/2018:16:03:56 -0400] "GET /robots.txt HTTP/1.1" 302 549 "-" "Mozilla/5.0 (compatible; SeznamBot/3.2; +http://napoveda.seznam.cz/en/seznambot-intro/)"
www.nspw.org:80 77.75.79.72 - - [03/May/2018:16:03:58 -0400] "GET /papers/2011/nspw2011-bishop.pdf HTTP/1.1" 302 591 "-" "Mozilla/5.0 (compatible; SeznamBot/3.2; +http://napoveda.seznam.cz/en/seznambot-intro/)"
www.nspw.org:80 77.75.79.72 - - [03/May/2018:16:03:58 -0400] "GET /2005/cfp.content HTTP/1.1" 302 560 "-" "Mozilla/5.0 (compatible; SeznamBot/3.2; +http://napoveda.seznam.cz/en/seznambot-intro/)"
www.nspw.org:80 77.75.79.72 - - [03/May/2018:16:03:59 -0400] "GET /2009/oc.content HTTP/1.1" 302 558 "-" "Mozilla/5.0 (compatible; SeznamBot/3.2; +http://napoveda.seznam.cz/en/seznambot-intro/)"
www.nspw.org:80 77.75.79.72 - - [03/May/2018:16:03:59 -0400] "GET /sponsors-2010 HTTP/1.1" 302 554 "-" "Mozilla/5.0 (compatible; SeznamBot/3.2; +http://napoveda.seznam.cz/en/seznambot-intro/)"
www.nspw.org:80 77.75.79.72 - - [03/May/2018:16:03:59 -0400] "GET /2015/accepted HTTP/1.1" 302 554 "-" "Mozilla/5.0 (compatible; SeznamBot/3.2; +http://napoveda.seznam.cz/en/seznambot-intro/)"
www.nspw.org:80 77.75.79.72 - - [03/May/2018:16:04:00 -0400] "GET /2013/dates HTTP/1.1" 302 548 "-" "Mozilla/5.0 (compatible; SeznamBot/3.2; +http://napoveda.seznam.cz/en/seznambot-intro/)"
www.nspw.org:80 216.244.66.247 - - [03/May/2018:16:04:09 -0400] "GET /2009/tmp/?C=S;O=A HTTP/1.1" 302 507 "-" "Mozilla/5.0 (compatible; DotBot/1.1; http://www.opensiteexplorer.org/dotbot, help@moz.com)"
www.nspw.org:80 85.216.246.119 - - [03/May/2018:16:05:35 -0400] "GET /wp-login.php HTTP/1.1" 302 553 "-" "Mozilla/5.0 (Windows NT 6.1; WOW64; rv:40.0) Gecko/20100101 Firefox/40.1"
www.nspw.org:80 85.216.246.119 - - [03/May/2018:16:05:36 -0400] "GET / HTTP/1.1" 302 528 "-" "Mozilla/5.0 (Windows NT 6.1; WOW64; rv:40.0) Gecko/20100101 Firefox/40.1"
www.nspw.org:80 69.162.124.227 - - [03/May/2018:16:07:44 -0400] "HEAD / HTTP/1.1" 302 188 "http://nspw.org/" "Mozilla/5.0+(compatible; UptimeRobot/2.0; http://www.uptimerobot.com/)"
www.nspw.org:80 216.244.66.247 - - [03/May/2018:16:07:58 -0400] "GET /2009/finaid.content HTTP/1.1" 302 511 "-" "Mozilla/5.0 (compatible; DotBot/1.1; http://www.opensiteexplorer.org/dotbot, help@moz.com)"
www.nspw.org:80 194.187.170.105 - - [03/May/2018:16:08:17 -0400] "GET /2008/past.shtml HTTP/1.1" 302 522 "-" "Mozilla/5.0 (compatible; Qwantify/2.4w; +https://www.qwant.com/)/2.4w"
www.nspw.org:80 121.105.38.12 - - [03/May/2018:16:08:57 -0400] "GET /wp-login.php HTTP/1.1" 302 553 "-" "Mozilla/5.0 (Windows NT 6.1; WOW64; rv:40.0) Gecko/20100101 Firefox/40.1"
www.nspw.org:80 121.105.38.12 - - [03/May/2018:16:08:59 -0400] "GET / HTTP/1.1" 302 528 "-" "Mozilla/5.0 (Windows NT 6.1; WOW64; rv:40.0) Gecko/20100101 Firefox/40.1"
www.nspw.org:80 216.244.66.247 - - [03/May/2018:16:09:03 -0400] "GET /2012/papers HTTP/1.1" 302 495 "-" "Mozilla/5.0 (compatible; DotBot/1.1; http://www.opensiteexplorer.org/dotbot, help@moz.com)"
www.nspw.org:80 171.76.107.229 - - [03/May/2018:16:09:40 -0400] "GET /wp-login.php HTTP/1.1" 302 553 "-" "Mozilla/5.0 (Windows NT 6.1; WOW64; rv:40.0) Gecko/20100101 Firefox/40.1"
www.nspw.org:80 171.76.107.229 - - [03/May/2018:16:09:45 -0400] "GET / HTTP/1.1" 302 528 "-" "Mozilla/5.0 (Windows NT 6.1; WOW64; rv:40.0) Gecko/20100101 Firefox/40.1"
www.nspw.org:80 157.55.39.141 - - [03/May/2018:16:10:04 -0400] "GET /papers/1993/nspw1993-slack.pdf HTTP/1.1" 302 589 "-" "Mozilla/5.0 (iPhone; CPU iPhone OS 7_0 like Mac OS X) AppleWebKit/537.51.1 (KHTML, like Gecko) Version/7.0 Mobile/11A465 Safari/9537.53 (compatible; bingbot/2.0; +http://www.bing.com/bingbot.htm)"
www.nspw.org:80 69.162.124.227 - - [03/May/2018:16:12:44 -0400] "HEAD / HTTP/1.1" 302 188 "http://nspw.org/" "Mozilla/5.0+(compatible; UptimeRobot/2.0; http://www.uptimerobot.com/)"
www.nspw.org:80 194.66.175.89 - - [03/May/2018:16:13:01 -0400] "GET /2009/proceedings/2000/nspw2000-mcdermott.pdf HTTP/1.1" 302 617 "https://scholar.google.co.uk/" "Mozilla/5.0 (Windows NT 10.0; WOW64) AppleWebKit/537.36 (KHTML, like Gecko) Chrome/66.0.3359.139 Safari/537.36"
www.nspw.org:80 194.187.170.105 - - [03/May/2018:16:13:13 -0400] "GET /2006/?C=D;O=A HTTP/1.1" 302 518 "-" "Mozilla/5.0 (compatible; Qwantify/2.4w; +https://www.qwant.com/)/2.4w"
www.nspw.org:80 157.55.39.141 - - [03/May/2018:16:13:53 -0400] "GET /papers/1996/nspw1996-josang.pdf HTTP/1.1" 302 591 "-" "Mozilla/5.0 (iPhone; CPU iPhone OS 7_0 like Mac OS X) AppleWebKit/537.51.1 (KHTML, like Gecko) Version/7.0 Mobile/11A465 Safari/9537.53 (compatible; bingbot/2.0; +http://www.bing.com/bingbot.htm)"
www.nspw.org:80 185.212.171.186 - - [03/May/2018:16:15:52 -0400] "GET /user/login HTTP/1.1" 302 489 "http://nspw.org/user/login" "Mozilla/5.0 (Windows NT 10.0; WOW64) AppleWebKit/537.36 (KHTML, like Gecko) Chrome/62.0.3198.0 Safari/537.36 OPR/49.0.2711.0"
www.nspw.org:80 185.212.171.186 - - [03/May/2018:16:15:52 -0400] "GET /user/login HTTP/1.1" 302 489 "http://nspw.org/user/login" "Mozilla/5.0 (Windows NT 10.0; WOW64) AppleWebKit/537.36 (KHTML, like Gecko) Chrome/62.0.3198.0 Safari/537.36 OPR/49.0.2711.0"
www.nspw.org:80 185.212.171.186 - - [03/May/2018:16:15:52 -0400] "GET /user/login HTTP/1.1" 302 489 "http://nspw.org/user/login" "Mozilla/5.0 (Windows NT 10.0; WOW64) AppleWebKit/537.36 (KHTML, like Gecko) Chrome/62.0.3198.0 Safari/537.36 OPR/49.0.2711.0"
www.nspw.org:80 69.162.124.227 - - [03/May/2018:16:17:44 -0400] "HEAD / HTTP/1.1" 302 188 "http://nspw.org/" "Mozilla/5.0+(compatible; UptimeRobot/2.0; http://www.uptimerobot.com/)"
www.nspw.org:80 194.187.170.105 - - [03/May/2018:16:18:08 -0400] "GET /2006/?C=M;O=A HTTP/1.1" 302 518 "-" "Mozilla/5.0 (compatible; Qwantify/2.4w; +https://www.qwant.com/)/2.4w"
www.nspw.org:80 157.55.39.141 - - [03/May/2018:16:18:53 -0400] "GET /papers/1994/nspw1994-hamilton.pdf HTTP/1.1" 302 595 "-" "Mozilla/5.0 (iPhone; CPU iPhone OS 7_0 like Mac OS X) AppleWebKit/537.51.1 (KHTML, like Gecko) Version/7.0 Mobile/11A465 Safari/9537.53 (compatible; bingbot/2.0; +http://www.bing.com/bingbot.htm)"
www.nspw.org:80 106.223.74.220 - - [03/May/2018:16:20:19 -0400] "GET /wp-login.php HTTP/1.1" 302 553 "-" "Mozilla/5.0 (Windows NT 6.1; WOW64; rv:40.0) Gecko/20100101 Firefox/40.1"
www.nspw.org:80 106.223.74.220 - - [03/May/2018:16:20:21 -0400] "GET / HTTP/1.1" 302 528 "-" "Mozilla/5.0 (Windows NT 6.1; WOW64; rv:40.0) Gecko/20100101 Firefox/40.1"
www.nspw.org:80 194.187.170.105 - - [03/May/2018:16:21:04 -0400] "GET /2014/organizers HTTP/1.1" 302 522 "-" "Mozilla/5.0 (compatible; Qwantify/2.4w; +https://www.qwant.com/)/2.4w"
www.nspw.org:80 66.249.64.210 - - [03/May/2018:16:21:09 -0400] "GET /current/ HTTP/1.1" 302 545 "-" "Mozilla/5.0 (compatible; Googlebot/2.1; +http://www.google.com/bot.html)"
www.nspw.org:80 194.187.170.105 - - [03/May/2018:16:21:22 -0400] "GET /2006/?C=S;O=A HTTP/1.1" 302 518 "-" "Mozilla/5.0 (compatible; Qwantify/2.4w; +https://www.qwant.com/)/2.4w"
www.nspw.org:80 123.125.71.89 - - [03/May/2018:16:21:56 -0400] "GET /cfp/nspw2017-cfp.pdf HTTP/1.1" 302 532 "-" "Mozilla/5.0 (compatible; Baiduspider/2.0; +http://www.baidu.com/search/spider.html)"
www.nspw.org:80 216.244.66.200 - - [03/May/2018:16:22:37 -0400] "GET /2009/proceedings/2008/?C=M;O=A HTTP/1.1" 302 533 "-" "Mozilla/5.0 (compatible; DotBot/1.1; http://www.opensiteexplorer.org/dotbot, help@moz.com)"
www.nspw.org:80 194.187.170.105 - - [03/May/2018:16:22:44 -0400] "GET /2008/cfp.shtml HTTP/1.1" 302 520 "-" "Mozilla/5.0 (compatible; Qwantify/2.4w; +https://www.qwant.com/)/2.4w"
www.nspw.org:80 69.162.124.227 - - [03/May/2018:16:22:45 -0400] "HEAD / HTTP/1.1" 302 188 "http://nspw.org/" "Mozilla/5.0+(compatible; UptimeRobot/2.0; http://www.uptimerobot.com/)"
www.nspw.org:80 157.55.39.141 - - [03/May/2018:16:23:34 -0400] "GET /papers/1993/nspw1993-slack.pdf HTTP/1.1" 302 589 "-" "Mozilla/5.0 (iPhone; CPU iPhone OS 7_0 like Mac OS X) AppleWebKit/537.51.1 (KHTML, like Gecko) Version/7.0 Mobile/11A465 Safari/9537.53 (compatible; bingbot/2.0; +http://www.bing.com/bingbot.htm)"
www.nspw.org:80 180.76.15.162 - - [03/May/2018:16:24:13 -0400] "GET /papers/2002/?C=D;O=D HTTP/1.1" 302 532 "-" "Mozilla/5.0 (compatible; Baiduspider/2.0; +http://www.baidu.com/search/spider.html)"
www.nspw.org:80 216.244.66.200 - - [03/May/2018:16:24:45 -0400] "GET /1999/program.html HTTP/1.1" 302 507 "-" "Mozilla/5.0 (compatible; DotBot/1.1; http://www.opensiteexplorer.org/dotbot, help@moz.com)"
www.nspw.org:80 65.49.2.177 - - [03/May/2018:16:25:10 -0400] "GET /2007/ HTTP/1.1" 302 483 "-" "Mozilla/5.0 (compatible; Go-http-client/1.1; +centurybot9@gmail.com)"
www.nspw.org:80 216.244.66.200 - - [03/May/2018:16:25:10 -0400] "GET /2005/nspw-footer.html HTTP/1.1" 302 515 "-" "Mozilla/5.0 (compatible; DotBot/1.1; http://www.opensiteexplorer.org/dotbot, help@moz.com)"
www.nspw.org:80 69.162.124.227 - - [03/May/2018:16:27:44 -0400] "HEAD / HTTP/1.1" 302 188 "http://nspw.org/" "Mozilla/5.0+(compatible; UptimeRobot/2.0; http://www.uptimerobot.com/)"
www.nspw.org:80 69.162.124.227 - - [03/May/2018:16:32:44 -0400] "HEAD / HTTP/1.1" 302 188 "http://nspw.org/" "Mozilla/5.0+(compatible; UptimeRobot/2.0; http://www.uptimerobot.com/)"
www.nspw.org:80 69.162.124.227 - - [03/May/2018:16:37:44 -0400] "HEAD / HTTP/1.1" 302 188 "http://nspw.org/" "Mozilla/5.0+(compatible; UptimeRobot/2.0; http://www.uptimerobot.com/)"
www.nspw.org:80 183.87.39.193 - - [03/May/2018:16:38:47 -0400] "GET /wp-login.php HTTP/1.1" 302 553 "-" "Mozilla/5.0 (Windows NT 6.1; WOW64; rv:40.0) Gecko/20100101 Firefox/40.1"
www.nspw.org:80 216.244.66.236 - - [03/May/2018:16:38:51 -0400] "GET /robots.txt HTTP/1.1" 302 493 "-" "Mozilla/5.0 (compatible; DotBot/1.1; http://www.opensiteexplorer.org/dotbot, help@moz.com)"
www.nspw.org:80 183.87.39.193 - - [03/May/2018:16:38:52 -0400] "GET / HTTP/1.1" 302 528 "-" "Mozilla/5.0 (Windows NT 6.1; WOW64; rv:40.0) Gecko/20100101 Firefox/40.1"
www.nspw.org:80 69.162.124.227 - - [03/May/2018:16:42:44 -0400] "HEAD / HTTP/1.1" 302 188 "http://nspw.org/" "Mozilla/5.0+(compatible; UptimeRobot/2.0; http://www.uptimerobot.com/)"
www.nspw.org:80 77.75.79.119 - - [03/May/2018:16:43:05 -0400] "GET /robots.txt HTTP/1.1" 302 549 "-" "Mozilla/5.0 (compatible; SeznamBot/3.2; +http://napoveda.seznam.cz/en/seznambot-intro/)"
www.nspw.org:80 77.75.79.119 - - [03/May/2018:16:43:07 -0400] "GET /2006/papers.shtml HTTP/1.1" 302 563 "-" "Mozilla/5.0 (compatible; SeznamBot/3.2; +http://napoveda.seznam.cz/en/seznambot-intro/)"
www.nspw.org:80 77.75.79.119 - - [03/May/2018:16:43:08 -0400] "GET /proceedings/1995 HTTP/1.1" 302 560 "-" "Mozilla/5.0 (compatible; SeznamBot/3.2; +http://napoveda.seznam.cz/en/seznambot-intro/)"
www.nspw.org:80 77.75.79.119 - - [03/May/2018:16:43:08 -0400] "GET /proceedings/2013 HTTP/1.1" 302 560 "-" "Mozilla/5.0 (compatible; SeznamBot/3.2; +http://napoveda.seznam.cz/en/seznambot-intro/)"
www.nspw.org:80 77.75.79.119 - - [03/May/2018:16:43:09 -0400] "GET /2006/pc.content HTTP/1.1" 302 558 "-" "Mozilla/5.0 (compatible; SeznamBot/3.2; +http://napoveda.seznam.cz/en/seznambot-intro/)"
www.nspw.org:80 77.75.79.119 - - [03/May/2018:16:43:09 -0400] "GET /2011/organizers HTTP/1.1" 302 558 "-" "Mozilla/5.0 (compatible; SeznamBot/3.2; +http://napoveda.seznam.cz/en/seznambot-intro/)"
www.nspw.org:80 77.75.79.119 - - [03/May/2018:16:43:09 -0400] "GET /2010/program HTTP/1.1" 302 552 "-" "Mozilla/5.0 (compatible; SeznamBot/3.2; +http://napoveda.seznam.cz/en/seznambot-intro/)"
www.nspw.org:80 157.55.39.195 - - [03/May/2018:16:43:39 -0400] "GET /papers/1994/nspw1994-nelson.pdf HTTP/1.1" 302 591 "-" "Mozilla/5.0 (iPhone; CPU iPhone OS 7_0 like Mac OS X) AppleWebKit/537.51.1 (KHTML, like Gecko) Version/7.0 Mobile/11A465 Safari/9537.53 (compatible; bingbot/2.0; +http://www.bing.com/bingbot.htm)"
www.nspw.org:80 194.187.170.105 - - [03/May/2018:16:44:35 -0400] "GET /user/password HTTP/1.1" 302 518 "-" "Mozilla/5.0 (compatible; Qwantify/2.4w; +https://www.qwant.com/)/2.4w"
www.nspw.org:80 66.249.64.210 - - [03/May/2018:16:45:13 -0400] "GET /current/program.shtml HTTP/1.1" 302 571 "-" "Mozilla/5.0 (compatible; Googlebot/2.1; +http://www.google.com/bot.html)"
www.nspw.org:80 157.55.39.141 - - [03/May/2018:16:45:48 -0400] "GET /papers/1994/nspw1994-hamilton.pdf HTTP/1.1" 302 595 "-" "Mozilla/5.0 (iPhone; CPU iPhone OS 7_0 like Mac OS X) AppleWebKit/537.51.1 (KHTML, like Gecko) Version/7.0 Mobile/11A465 Safari/9537.53 (compatible; bingbot/2.0; +http://www.bing.com/bingbot.htm)"
www.nspw.org:80 182.38.45.210 - - [03/May/2018:16:47:15 -0400] "GET /papers/2000/nspw2000-rannenberg.pdf HTTP/1.1" 302 543 "-" "Mozilla/5.0 (Windows NT 10.0; Win64; x64) AppleWebKit/537.36 (KHTML, like Gecko) Chrome/51.0.2704.106 Safari/537.36"
www.nspw.org:80 69.162.124.227 - - [03/May/2018:16:47:44 -0400] "HEAD / HTTP/1.1" 302 188 "http://nspw.org/" "Mozilla/5.0+(compatible; UptimeRobot/2.0; http://www.uptimerobot.com/)"
www.nspw.org:80 54.36.148.187 - - [03/May/2018:16:52:29 -0400] "GET /2008/?C=M;O=D HTTP/1.1" 302 499 "-" "Mozilla/5.0 (compatible; AhrefsBot/5.2; +http://ahrefs.com/robot/)"
www.nspw.org:80 69.162.124.227 - - [03/May/2018:16:52:44 -0400] "HEAD / HTTP/1.1" 302 188 "http://nspw.org/" "Mozilla/5.0+(compatible; UptimeRobot/2.0; http://www.uptimerobot.com/)"
www.nspw.org:80 157.55.39.141 - - [03/May/2018:16:54:25 -0400] "GET /papers/1993/nspw1993-rooker-2.pdf HTTP/1.1" 302 595 "-" "Mozilla/5.0 (iPhone; CPU iPhone OS 7_0 like Mac OS X) AppleWebKit/537.51.1 (KHTML, like Gecko) Version/7.0 Mobile/11A465 Safari/9537.53 (compatible; bingbot/2.0; +http://www.bing.com/bingbot.htm)"
www.nspw.org:80 69.162.124.227 - - [03/May/2018:16:57:44 -0400] "HEAD / HTTP/1.1" 302 188 "http://nspw.org/" "Mozilla/5.0+(compatible; UptimeRobot/2.0; http://www.uptimerobot.com/)"
www.nspw.org:80 83.216.88.202 - - [03/May/2018:16:58:53 -0400] "GET /2009/proceedings/2008/nspw2008-beautement.pdf HTTP/1.1" 302 619 "-" "Mozilla/5.0 (Macintosh; Intel Mac OS X 10.13; rv:59.0) Gecko/20100101 Firefox/59.0"
www.nspw.org:80 ::1 - - [03/May/2018:16:59:01 -0400] "OPTIONS * HTTP/1.0" 200 126 "-" "Apache/2.4.29 (Ubuntu) OpenSSL/1.1.0g (internal dummy connection)"
www.nspw.org:80 ::1 - - [03/May/2018:16:59:59 -0400] "OPTIONS * HTTP/1.0" 200 126 "-" "Apache/2.4.29 (Ubuntu) OpenSSL/1.1.0g (internal dummy connection)"
www.nspw.org:80 216.244.66.236 - - [03/May/2018:17:02:20 -0400] "GET /robots.txt HTTP/1.1" 302 493 "-" "Mozilla/5.0 (compatible; DotBot/1.1; http://www.opensiteexplorer.org/dotbot, help@moz.com)"
www.nspw.org:80 ::1 - - [03/May/2018:17:02:29 -0400] "OPTIONS * HTTP/1.0" 200 126 "-" "Apache/2.4.29 (Ubuntu) OpenSSL/1.1.0g (internal dummy connection)"
www.nspw.org:80 69.162.124.227 - - [03/May/2018:17:02:44 -0400] "HEAD / HTTP/1.1" 302 188 "http://nspw.org/" "Mozilla/5.0+(compatible; UptimeRobot/2.0; http://www.uptimerobot.com/)"
www.nspw.org:80 194.187.170.105 - - [03/May/2018:17:03:27 -0400] "GET /papers/1995/?C=S;O=D HTTP/1.1" 302 532 "-" "Mozilla/5.0 (compatible; Qwantify/2.4w; +https://www.qwant.com/)/2.4w"
www.nspw.org:80 216.244.66.200 - - [03/May/2018:17:03:42 -0400] "GET /2008/proceedings.shtml HTTP/1.1" 302 517 "-" "Mozilla/5.0 (compatible; DotBot/1.1; http://www.opensiteexplorer.org/dotbot, help@moz.com)"
www.nspw.org:80 169.233.236.124 - - [03/May/2018:17:06:49 -0400] "GET /current/ HTTP/1.1" 302 545 "-" "Mozilla/5.0 (iPad; CPU OS 11_3 like Mac OS X) AppleWebKit/605.1.15 (KHTML, like Gecko) Version/11.0 Mobile/15E148 Safari/604.1"
www.nspw.org:80 112.134.48.184 - - [03/May/2018:17:06:50 -0400] "GET /wp-login.php HTTP/1.1" 302 553 "-" "Mozilla/5.0 (Windows NT 6.1; WOW64; rv:40.0) Gecko/20100101 Firefox/40.1"
www.nspw.org:80 112.134.48.184 - - [03/May/2018:17:06:54 -0400] "GET / HTTP/1.1" 302 528 "-" "Mozilla/5.0 (Windows NT 6.1; WOW64; rv:40.0) Gecko/20100101 Firefox/40.1"
www.nspw.org:80 69.162.124.227 - - [03/May/2018:17:07:45 -0400] "HEAD / HTTP/1.1" 302 188 "http://nspw.org/" "Mozilla/5.0+(compatible; UptimeRobot/2.0; http://www.uptimerobot.com/)"
www.nspw.org:80 194.187.170.105 - - [03/May/2018:17:08:44 -0400] "GET /cfp/nspw2016-cfp.pdf HTTP/1.1" 302 532 "-" "Mozilla/5.0 (compatible; Qwantify/2.4w; +https://www.qwant.com/)/2.4w"
www.nspw.org:80 199.59.150.181 - - [03/May/2018:17:09:51 -0400] "GET /robots.txt HTTP/1.1" 302 489 "-" "Twitterbot/1.0"
www.nspw.org:80 199.16.157.181 - - [03/May/2018:17:09:51 -0400] "GET /robots.txt HTTP/1.1" 302 489 "-" "Twitterbot/1.0"
www.nspw.org:80 199.59.150.181 - - [03/May/2018:17:09:51 -0400] "GET /2018/cfp HTTP/1.1" 302 485 "-" "Twitterbot/1.0"
www.nspw.org:80 199.16.157.181 - - [03/May/2018:17:09:52 -0400] "GET /2018/cfp HTTP/1.1" 302 485 "-" "Twitterbot/1.0"
www.nspw.org:80 216.244.66.200 - - [03/May/2018:17:11:27 -0400] "GET /papers/2006/ HTTP/1.1" 302 497 "-" "Mozilla/5.0 (compatible; DotBot/1.1; http://www.opensiteexplorer.org/dotbot, help@moz.com)"
www.nspw.org:80 54.36.148.173 - - [03/May/2018:17:12:38 -0400] "GET /2009/registration.html HTTP/1.1" 302 517 "-" "Mozilla/5.0 (compatible; AhrefsBot/5.2; +http://ahrefs.com/robot/)"
www.nspw.org:80 69.162.124.227 - - [03/May/2018:17:12:44 -0400] "HEAD / HTTP/1.1" 302 188 "http://nspw.org/" "Mozilla/5.0+(compatible; UptimeRobot/2.0; http://www.uptimerobot.com/)"
www.nspw.org:80 41.248.131.190 - - [03/May/2018:17:15:09 -0400] "GET /wp-login.php HTTP/1.1" 302 553 "-" "Mozilla/5.0 (Windows NT 6.1; WOW64; rv:40.0) Gecko/20100101 Firefox/40.1"
www.nspw.org:80 41.248.131.190 - - [03/May/2018:17:15:09 -0400] "GET / HTTP/1.1" 302 528 "-" "Mozilla/5.0 (Windows NT 6.1; WOW64; rv:40.0) Gecko/20100101 Firefox/40.1"
www.nspw.org:80 207.46.13.59 - - [03/May/2018:17:17:30 -0400] "GET /papers/1994/nspw1994-bell.pdf HTTP/1.1" 302 587 "-" "Mozilla/5.0 (iPhone; CPU iPhone OS 7_0 like Mac OS X) AppleWebKit/537.51.1 (KHTML, like Gecko) Version/7.0 Mobile/11A465 Safari/9537.53 (compatible; bingbot/2.0; +http://www.bing.com/bingbot.htm)"
www.nspw.org:80 69.162.124.227 - - [03/May/2018:17:17:43 -0400] "HEAD / HTTP/1.1" 302 188 "http://nspw.org/" "Mozilla/5.0+(compatible; UptimeRobot/2.0; http://www.uptimerobot.com/)"
www.nspw.org:80 69.162.124.227 - - [03/May/2018:17:22:43 -0400] "HEAD / HTTP/1.1" 302 188 "http://nspw.org/" "Mozilla/5.0+(compatible; UptimeRobot/2.0; http://www.uptimerobot.com/)"
www.nspw.org:80 54.36.148.184 - - [03/May/2018:17:24:17 -0400] "GET /2005/panel.html HTTP/1.1" 302 503 "-" "Mozilla/5.0 (compatible; AhrefsBot/5.2; +http://ahrefs.com/robot/)"
www.nspw.org:80 35.232.100.166 - - [03/May/2018:17:24:23 -0400] "GET /robots.txt HTTP/1.1" 302 512 "-" "ltx71 - (http://ltx71.com/)"
www.nspw.org:80 201.43.234.115 - - [03/May/2018:17:25:17 -0400] "GET /wp-login.php HTTP/1.1" 302 553 "-" "Mozilla/5.0 (Windows NT 6.1; WOW64; rv:40.0) Gecko/20100101 Firefox/40.1"
www.nspw.org:80 201.43.234.115 - - [03/May/2018:17:25:19 -0400] "GET / HTTP/1.1" 302 528 "-" "Mozilla/5.0 (Windows NT 6.1; WOW64; rv:40.0) Gecko/20100101 Firefox/40.1"
www.nspw.org:80 69.162.124.227 - - [03/May/2018:17:27:43 -0400] "HEAD / HTTP/1.1" 302 188 "http://nspw.org/" "Mozilla/5.0+(compatible; UptimeRobot/2.0; http://www.uptimerobot.com/)"
www.nspw.org:80 216.244.66.247 - - [03/May/2018:17:28:02 -0400] "GET /2008/panel.htmlQQ HTTP/1.1" 302 507 "-" "Mozilla/5.0 (compatible; DotBot/1.1; http://www.opensiteexplorer.org/dotbot, help@moz.com)"
www.nspw.org:80 216.244.66.247 - - [03/May/2018:17:30:50 -0400] "GET /2009/proceedings/1998/?C=M;O=A HTTP/1.1" 302 533 "-" "Mozilla/5.0 (compatible; DotBot/1.1; http://www.opensiteexplorer.org/dotbot, help@moz.com)"
www.nspw.org:80 78.108.46.136 - - [03/May/2018:17:30:56 -0400] "GET /admin/index.php HTTP/1.1" 302 499 "http://nspw.org/admin/index.php" "Mozilla/5.0 (Windows NT 10.0; WOW64) AppleWebKit/537.36 (KHTML, like Gecko) Chrome/62.0.3198.0 Safari/537.36 OPR/49.0.2711.0"
www.nspw.org:80 78.108.46.136 - - [03/May/2018:17:30:57 -0400] "GET /admin/index.php HTTP/1.1" 302 499 "http://nspw.org/admin/index.php" "Mozilla/5.0 (Windows NT 10.0; WOW64) AppleWebKit/537.36 (KHTML, like Gecko) Chrome/62.0.3198.0 Safari/537.36 OPR/49.0.2711.0"
www.nspw.org:80 216.244.66.247 - - [03/May/2018:17:31:32 -0400] "GET /papers/2003/ HTTP/1.1" 302 497 "-" "Mozilla/5.0 (compatible; DotBot/1.1; http://www.opensiteexplorer.org/dotbot, help@moz.com)"
www.nspw.org:80 92.50.50.204 - - [03/May/2018:17:31:48 -0400] "GET /2009/proceedings/2000/nspw2000-mcdermott.pdf HTTP/1.1" 302 561 "https://scholar.google.com/" "Mozilla/5.0 (Windows NT 10.0; Win64; x64) AppleWebKit/537.36 (KHTML, like Gecko) Chrome/66.0.3359.139 Safari/537.36"
www.nspw.org:80 216.244.66.247 - - [03/May/2018:17:31:53 -0400] "GET /papers/1998/?C=N;O=A HTTP/1.1" 302 513 "-" "Mozilla/5.0 (compatible; DotBot/1.1; http://www.opensiteexplorer.org/dotbot, help@moz.com)"
www.nspw.org:80 188.251.62.198 - - [03/May/2018:17:31:55 -0400] "GET /wp-login.php HTTP/1.1" 302 553 "-" "Mozilla/5.0 (Windows NT 6.1; WOW64; rv:40.0) Gecko/20100101 Firefox/40.1"
www.nspw.org:80 188.251.62.198 - - [03/May/2018:17:31:55 -0400] "GET / HTTP/1.1" 302 528 "-" "Mozilla/5.0 (Windows NT 6.1; WOW64; rv:40.0) Gecko/20100101 Firefox/40.1"
www.nspw.org:80 ::1 - - [03/May/2018:17:32:02 -0400] "OPTIONS * HTTP/1.0" 200 126 "-" "Apache/2.4.29 (Ubuntu) OpenSSL/1.1.0g (internal dummy connection)"
www.nspw.org:80 ::1 - - [03/May/2018:17:32:03 -0400] "OPTIONS * HTTP/1.0" 200 126 "-" "Apache/2.4.29 (Ubuntu) OpenSSL/1.1.0g (internal dummy connection)"
www.nspw.org:80 ::1 - - [03/May/2018:17:32:04 -0400] "OPTIONS * HTTP/1.0" 200 126 "-" "Apache/2.4.29 (Ubuntu) OpenSSL/1.1.0g (internal dummy connection)"
www.nspw.org:80 ::1 - - [03/May/2018:17:32:05 -0400] "OPTIONS * HTTP/1.0" 200 126 "-" "Apache/2.4.29 (Ubuntu) OpenSSL/1.1.0g (internal dummy connection)"
www.nspw.org:80 ::1 - - [03/May/2018:17:32:06 -0400] "OPTIONS * HTTP/1.0" 200 126 "-" "Apache/2.4.29 (Ubuntu) OpenSSL/1.1.0g (internal dummy connection)"
www.nspw.org:80 ::1 - - [03/May/2018:17:32:07 -0400] "OPTIONS * HTTP/1.0" 200 126 "-" "Apache/2.4.29 (Ubuntu) OpenSSL/1.1.0g (internal dummy connection)"
www.nspw.org:80 ::1 - - [03/May/2018:17:32:08 -0400] "OPTIONS * HTTP/1.0" 200 126 "-" "Apache/2.4.29 (Ubuntu) OpenSSL/1.1.0g (internal dummy connection)"
